test backend integration tests
go test  -count=1 -run "^TestIntegration" -covermode=atomic -coverprofile=integration.cov -timeout=5m ./pkg/infra/filestorage/ ./pkg/infra/kvstore/ ./pkg/infra/remotecache/ ./pkg/infra/serverlock/ ./pkg/server/ ./pkg/services/accesscontrol/database/ ./pkg/services/accesscontrol/migrator/ ./pkg/services/accesscontrol/resourcepermissions/ ./pkg/services/annotations/accesscontrol/ ./pkg/services/annotations/annotationsimpl/ ./pkg/services/annotations/annotationsimpl/loki/ ./pkg/services/anonymous/anonimpl/ ./pkg/services/anonymous/anonimpl/anonstore/ ./pkg/services/apikey/apikeyimpl/ ./pkg/services/auth/authimpl/ ./pkg/services/authz/zanzana/server/ ./pkg/services/dashboards/database/ ./pkg/services/dashboardsnapshots/database/ ./pkg/services/dashboards/service/ ./pkg/services/dashboardversion/dashverimpl/ ./pkg/services/datasources/service/ ./pkg/services/folder/folderimpl/ ./pkg/services/live/database/tests/ ./pkg/services/live/managedstream/ ./pkg/services/loginattempt/loginattemptimpl/ ./pkg/services/login/authinfoimpl/ ./pkg/services/ngalert/models/ ./pkg/services/ngalert/remote/ ./pkg/services/ngalert/sender/ ./pkg/services/ngalert/store/ ./pkg/services/oauthtoken/ ./pkg/services/org/orgimpl/ ./pkg/services/playlist/playlistimpl/ ./pkg/services/pluginsintegration/ ./pkg/services/pluginsintegration/pluginsettings/service/ ./pkg/services/preference/prefimpl/ ./pkg/services/publicdashboards/api/ ./pkg/services/publicdashboards/database/ ./pkg/services/queryhistory/ ./pkg/services/quota/quotaimpl/ ./pkg/services/searchV2/ ./pkg/services/secrets/manager/ ./pkg/services/serviceaccounts/database/ ./pkg/services/signingkeys/signingkeystore/ ./pkg/services/sqlstore/ ./pkg/services/sqlstore/migrations/ ./pkg/services/sqlstore/migrations/usermig/test/ ./pkg/services/sqlstore/permissions/ ./pkg/services/ssosettings/database/ ./pkg/services/star/starimpl/ ./pkg/services/stats/statsimpl/ ./pkg/services/store/ ./pkg/services/tag/tagimpl/ ./pkg/services/team/teamimpl/ ./pkg/services/temp_user/tempuserimpl/ ./pkg/services/user/userimpl/ ./pkg/storage/unified/sql/test/ ./pkg/tests/api/alerting/ ./pkg/tests/api/azuremonitor/ ./pkg/tests/api/correlations/ ./pkg/tests/api/dashboards/ ./pkg/tests/api/elasticsearch/ ./pkg/tests/api/folders/ ./pkg/tests/api/graphite/ ./pkg/tests/api/influxdb/ ./pkg/tests/api/loki/ ./pkg/tests/api/opentdsb/ ./pkg/tests/api/plugins/ ./pkg/tests/api/plugins/backendplugin/ ./pkg/tests/api/prometheus/ ./pkg/tests/apis/ ./pkg/tests/apis/alerting/notifications/receivers/ ./pkg/tests/apis/alerting/notifications/routingtree/ ./pkg/tests/apis/alerting/notifications/templategroup/ ./pkg/tests/apis/alerting/notifications/timeinterval/ ./pkg/tests/apis/dashboard/ ./pkg/tests/apis/dashboardsnapshot/ ./pkg/tests/apis/datasource/ ./pkg/tests/apis/folder/ ./pkg/tests/apis/iam/ ./pkg/tests/apis/playlist/ ./pkg/tests/apis/provisioning/ ./pkg/tests/apis/query/ ./pkg/tests/api/stats/ ./pkg/tests/web/ ./pkg/tsdb/grafana-postgresql-datasource/ ./pkg/tsdb/mysql/
ok  	github.com/grafana/grafana/pkg/infra/filestorage	0.444s	coverage: 0.0% of statements
ok  	github.com/grafana/grafana/pkg/infra/kvstore	0.860s	coverage: 47.4% of statements
ok  	github.com/grafana/grafana/pkg/infra/remotecache	0.399s	coverage: 0.0% of statements
ok  	github.com/grafana/grafana/pkg/infra/serverlock	1.058s	coverage: 72.5% of statements
ok  	github.com/grafana/grafana/pkg/server	0.575s	coverage: 0.0% of statements
ok  	github.com/grafana/grafana/pkg/services/accesscontrol/database	6.299s	coverage: 15.6% of statements
ok  	github.com/grafana/grafana/pkg/services/accesscontrol/migrator	0.948s	coverage: 76.8% of statements
ok  	github.com/grafana/grafana/pkg/services/accesscontrol/resourcepermissions	6.614s	coverage: 38.4% of statements
ok  	github.com/grafana/grafana/pkg/services/annotations/accesscontrol	1.040s	coverage: 62.1% of statements
ok  	github.com/grafana/grafana/pkg/services/annotations/annotationsimpl	10.903s	coverage: 76.4% of statements
ok  	github.com/grafana/grafana/pkg/services/annotations/annotationsimpl/loki	0.915s	coverage: 67.3% of statements
ok  	github.com/grafana/grafana/pkg/services/anonymous/anonimpl	3.893s	coverage: 37.6% of statements
ok  	github.com/grafana/grafana/pkg/services/anonymous/anonimpl/anonstore	1.813s	coverage: 51.6% of statements
ok  	github.com/grafana/grafana/pkg/services/apikey/apikeyimpl	2.597s	coverage: 43.7% of statements
ok  	github.com/grafana/grafana/pkg/services/auth/authimpl	7.767s	coverage: 73.7% of statements
ok  	github.com/grafana/grafana/pkg/services/authz/zanzana/server	1.549s	coverage: 52.6% of statements
--- FAIL: TestIntegrationDashboardFolderDataAccess (1.21s)
    --- FAIL: TestIntegrationDashboardFolderDataAccess/Testing_DB (1.21s)
        --- FAIL: TestIntegrationDashboardFolderDataAccess/Testing_DB/Given_two_dashboard_folders_with_one_dashboard_each_and_one_dashboard_in_the_root_folder (0.81s)
            --- FAIL: TestIntegrationDashboardFolderDataAccess/Testing_DB/Given_two_dashboard_folders_with_one_dashboard_each_and_one_dashboard_in_the_root_folder/and_one_folder_is_expanded,_the_other_collapsed (0.00s)
                --- FAIL: TestIntegrationDashboardFolderDataAccess/Testing_DB/Given_two_dashboard_folders_with_one_dashboard_each_and_one_dashboard_in_the_root_folder/and_one_folder_is_expanded,_the_other_collapsed/should_return_dashboards_in_root_and_expanded_folder (0.00s)
                    database_folder_test.go:180: 
                        	Error Trace:	/home/mariell/work/oss/grafana/pkg/services/dashboards/database/database_folder_test.go:180
                        	Error:      	Not equal: 
                        	            	expected: 6
                        	            	actual  : 4
                        	Test:       	TestIntegrationDashboardFolderDataAccess/Testing_DB/Given_two_dashboard_folders_with_one_dashboard_each_and_one_dashboard_in_the_root_folder/and_one_folder_is_expanded,_the_other_collapsed/should_return_dashboards_in_root_and_expanded_folder
            --- FAIL: TestIntegrationDashboardFolderDataAccess/Testing_DB/Given_two_dashboard_folders_with_one_dashboard_each_and_one_dashboard_in_the_root_folder/and_acl_is_set_for_one_dashboard_folder (0.40s)
                --- FAIL: TestIntegrationDashboardFolderDataAccess/Testing_DB/Given_two_dashboard_folders_with_one_dashboard_each_and_one_dashboard_in_the_root_folder/and_acl_is_set_for_one_dashboard_folder/and_a_dashboard_is_moved_from_folder_without_acl_to_the_folder_with_an_acl (0.00s)
                    --- FAIL: TestIntegrationDashboardFolderDataAccess/Testing_DB/Given_two_dashboard_folders_with_one_dashboard_each_and_one_dashboard_in_the_root_folder/and_acl_is_set_for_one_dashboard_folder/and_a_dashboard_is_moved_from_folder_without_acl_to_the_folder_with_an_acl/should_not_return_folder_with_acl_or_its_children (0.00s)
                        database_folder_test.go:203: 
                            	Error Trace:	/home/mariell/work/oss/grafana/pkg/services/dashboards/database/database_folder_test.go:203
                            	Error:      	Not equal: 
                            	            	expected: 0
                            	            	actual  : 1
                            	Test:       	TestIntegrationDashboardFolderDataAccess/Testing_DB/Given_two_dashboard_folders_with_one_dashboard_each_and_one_dashboard_in_the_root_folder/and_acl_is_set_for_one_dashboard_folder/and_a_dashboard_is_moved_from_folder_without_acl_to_the_folder_with_an_acl/should_not_return_folder_with_acl_or_its_children
                --- FAIL: TestIntegrationDashboardFolderDataAccess/Testing_DB/Given_two_dashboard_folders_with_one_dashboard_each_and_one_dashboard_in_the_root_folder/and_acl_is_set_for_one_dashboard_folder/and_a_dashboard_is_moved_from_folder_with_acl_to_the_folder_without_an_acl (0.40s)
                    --- FAIL: TestIntegrationDashboardFolderDataAccess/Testing_DB/Given_two_dashboard_folders_with_one_dashboard_each_and_one_dashboard_in_the_root_folder/and_acl_is_set_for_one_dashboard_folder/and_a_dashboard_is_moved_from_folder_with_acl_to_the_folder_without_an_acl/should_return_folder_without_acl_and_its_children (0.00s)
                        database_folder_test.go:221: 
                            	Error Trace:	/home/mariell/work/oss/grafana/pkg/services/dashboards/database/database_folder_test.go:221
                            	Error:      	Not equal: 
                            	            	expected: 0
                            	            	actual  : 4
                            	Test:       	TestIntegrationDashboardFolderDataAccess/Testing_DB/Given_two_dashboard_folders_with_one_dashboard_each_and_one_dashboard_in_the_root_folder/and_acl_is_set_for_one_dashboard_folder/and_a_dashboard_is_moved_from_folder_with_acl_to_the_folder_without_an_acl/should_return_folder_without_acl_and_its_children
panic: runtime error: index out of range [0] with length 0 [recovered]
	panic: runtime error: index out of range [0] with length 0

goroutine 2936 [running]:
testing.tRunner.func1.2({0x432c3a0, 0xc001c32318})
	/usr/lib/go/src/testing/testing.go:1734 +0x21c
testing.tRunner.func1()
	/usr/lib/go/src/testing/testing.go:1737 +0x35e
panic({0x432c3a0?, 0xc001c32318?})
	/usr/lib/go/src/runtime/panic.go:787 +0x132
github.com/grafana/grafana/pkg/services/dashboards/database.TestIntegrationDashboardFolderDataAccess.func1.3.3.2.1(0xc00146e700)
	/home/mariell/work/oss/grafana/pkg/services/dashboards/database/database_folder_test.go:222 +0x385
testing.tRunner(0xc00146e700, 0xc001d1fc40)
	/usr/lib/go/src/testing/testing.go:1792 +0xf4
created by testing.(*T).Run in goroutine 1994
	/usr/lib/go/src/testing/testing.go:1851 +0x413
FAIL	github.com/grafana/grafana/pkg/services/dashboards/database	1.763s
ok  	github.com/grafana/grafana/pkg/services/dashboardsnapshots/database	1.400s	coverage: 79.4% of statements
ok  	github.com/grafana/grafana/pkg/services/dashboards/service	14.769s	coverage: 15.9% of statements
ok  	github.com/grafana/grafana/pkg/services/dashboardversion/dashverimpl	0.975s	coverage: 16.7% of statements
ok  	github.com/grafana/grafana/pkg/services/datasources/service	12.976s	coverage: 16.7% of statements
--- FAIL: TestIntegrationDashboardFolderStore (1.57s)
    --- FAIL: TestIntegrationDashboardFolderStore/Given_dashboard_and_folder_with_the_same_title (0.90s)
        --- FAIL: TestIntegrationDashboardFolderStore/Given_dashboard_and_folder_with_the_same_title/GetFolderByTitle_should_find_the_folder (0.00s)
            dashboard_folder_store_test.go:49: 
                	Error Trace:	/home/mariell/work/oss/grafana/pkg/services/folder/folderimpl/dashboard_folder_store_test.go:49
                	Error:      	Received unexpected error:
                	            	folder not found
                	Test:       	TestIntegrationDashboardFolderStore/Given_dashboard_and_folder_with_the_same_title/GetFolderByTitle_should_find_the_folder
        --- FAIL: TestIntegrationDashboardFolderStore/Given_dashboard_and_folder_with_the_same_title/GetFolderByTitle_should_find_the_folder_by_folderUID (0.00s)
            dashboard_folder_store_test.go:56: 
                	Error Trace:	/home/mariell/work/oss/grafana/pkg/services/folder/folderimpl/dashboard_folder_store_test.go:56
                	Error:      	Received unexpected error:
                	            	folder not found
                	Test:       	TestIntegrationDashboardFolderStore/Given_dashboard_and_folder_with_the_same_title/GetFolderByTitle_should_find_the_folder_by_folderUID
    --- FAIL: TestIntegrationDashboardFolderStore/GetFolderByUID (0.67s)
        --- FAIL: TestIntegrationDashboardFolderStore/GetFolderByUID/should_return_folder_by_UID (0.00s)
panic: runtime error: invalid memory address or nil pointer dereference [recovered]
	panic: runtime error: invalid memory address or nil pointer dereference
[signal SIGSEGV: segmentation violation code=0x1 addr=0x18 pc=0x39fa631]

goroutine 3725 [running]:
testing.tRunner.func1.2({0x3feb860, 0x7a58430})
	/usr/lib/go/src/testing/testing.go:1734 +0x21c
testing.tRunner.func1()
	/usr/lib/go/src/testing/testing.go:1737 +0x35e
panic({0x3feb860?, 0x7a58430?})
	/usr/lib/go/src/runtime/panic.go:787 +0x132
github.com/grafana/grafana/pkg/services/folder/folderimpl.TestIntegrationDashboardFolderStore.func3.1(0xc0015768c0)
	/home/mariell/work/oss/grafana/pkg/services/folder/folderimpl/dashboard_folder_store_test.go:71 +0x71
testing.tRunner(0xc0015768c0, 0xc000e28a60)
	/usr/lib/go/src/testing/testing.go:1792 +0xf4
created by testing.(*T).Run in goroutine 1951
	/usr/lib/go/src/testing/testing.go:1851 +0x413
FAIL	github.com/grafana/grafana/pkg/services/folder/folderimpl	2.184s
ok  	github.com/grafana/grafana/pkg/services/live/database/tests	1.102s	coverage: 100.0% of statements
ok  	github.com/grafana/grafana/pkg/services/live/managedstream	0.029s	coverage: 0.0% of statements
ok  	github.com/grafana/grafana/pkg/services/loginattempt/loginattemptimpl	3.784s	coverage: 28.4% of statements
ok  	github.com/grafana/grafana/pkg/services/login/authinfoimpl	0.985s	coverage: 37.0% of statements
ok  	github.com/grafana/grafana/pkg/services/ngalert/models	0.665s	coverage: 14.7% of statements
ok  	github.com/grafana/grafana/pkg/services/ngalert/remote	0.527s	coverage: 0.0% of statements
ok  	github.com/grafana/grafana/pkg/services/ngalert/sender	21.732s	coverage: 72.2% of statements
ok  	github.com/grafana/grafana/pkg/services/ngalert/store	10.611s	coverage: 55.5% of statements
ok  	github.com/grafana/grafana/pkg/services/oauthtoken	11.415s	coverage: 58.2% of statements
--- FAIL: TestIntegrationOrgDataAccess (1.10s)
    --- FAIL: TestIntegrationOrgDataAccess/Given_we_have_organizations,_we_can_limit_and_paginate_search (0.42s)
        --- FAIL: TestIntegrationOrgDataAccess/Given_we_have_organizations,_we_can_limit_and_paginate_search/Should_be_able_to_search_with_defaults (0.00s)
            store_test.go:190: 
                	Error Trace:	/home/mariell/work/oss/grafana/pkg/services/org/orgimpl/store_test.go:190
                	Error:      	Not equal: 
                	            	expected: 3
                	            	actual  : 9
                	Test:       	TestIntegrationOrgDataAccess/Given_we_have_organizations,_we_can_limit_and_paginate_search/Should_be_able_to_search_with_defaults
        --- FAIL: TestIntegrationOrgDataAccess/Given_we_have_organizations,_we_can_limit_and_paginate_search/Should_be_able_to_limit_and_paginate_search (0.00s)
            store_test.go:206: 
                	Error Trace:	/home/mariell/work/oss/grafana/pkg/services/org/orgimpl/store_test.go:206
                	Error:      	Not equal: 
                	            	expected: 1
                	            	actual  : 2
                	Test:       	TestIntegrationOrgDataAccess/Given_we_have_organizations,_we_can_limit_and_paginate_search/Should_be_able_to_limit_and_paginate_search
        --- FAIL: TestIntegrationOrgDataAccess/Given_we_have_organizations,_we_can_limit_and_paginate_search/Get_org_by_ID (0.00s)
            store_test.go:214: 
                	Error Trace:	/home/mariell/work/oss/grafana/pkg/services/org/orgimpl/store_test.go:214
                	Error:      	Not equal: 
                	            	expected: "Orga #1"
                	            	actual  : "test1"
                	            	
                	            	Diff:
                	            	--- Expected
                	            	+++ Actual
                	            	@@ -1 +1 @@
                	            	-Orga #1
                	            	+test1
                	Test:       	TestIntegrationOrgDataAccess/Given_we_have_organizations,_we_can_limit_and_paginate_search/Get_org_by_ID
        --- FAIL: TestIntegrationOrgDataAccess/Given_we_have_organizations,_we_can_limit_and_paginate_search/Get_org_by_handler_name (0.00s)
            store_test.go:222: 
                	Error Trace:	/home/mariell/work/oss/grafana/pkg/services/org/orgimpl/store_test.go:222
                	Error:      	Not equal: 
                	            	expected: 1
                	            	actual  : 59
                	Test:       	TestIntegrationOrgDataAccess/Given_we_have_organizations,_we_can_limit_and_paginate_search/Get_org_by_handler_name
--- FAIL: TestIntegrationOrgUserDataAccess (1.05s)
    --- FAIL: TestIntegrationOrgUserDataAccess/GetOrgUsers_and_UpdateOrgUsers (0.36s)
        store_test.go:371: 
            	Error Trace:	/home/mariell/work/oss/grafana/pkg/services/org/orgimpl/store_test.go:371
            	Error:      	Received unexpected error:
            	            	user not found
            	Test:       	TestIntegrationOrgUserDataAccess/GetOrgUsers_and_UpdateOrgUsers
    --- FAIL: TestIntegrationOrgUserDataAccess/Given_single_org_and_2_users_inserted (0.36s)
        --- FAIL: TestIntegrationOrgUserDataAccess/Given_single_org_and_2_users_inserted/Can_get_organization_users_paginated_with_query (0.00s)
            store_test.go:538: 
                	Error Trace:	/home/mariell/work/oss/grafana/pkg/services/org/orgimpl/store_test.go:538
                	Error:      	Not equal: 
                	            	expected: 2
                	            	actual  : 0
                	Test:       	TestIntegrationOrgUserDataAccess/Given_single_org_and_2_users_inserted/Can_get_organization_users_paginated_with_query
        --- FAIL: TestIntegrationOrgUserDataAccess/Given_single_org_and_2_users_inserted/Can_get_organization_users_paginated_and_limited (0.00s)
            store_test.go:550: 
                	Error Trace:	/home/mariell/work/oss/grafana/pkg/services/org/orgimpl/store_test.go:550
                	Error:      	Not equal: 
                	            	expected: 1
                	            	actual  : 0
                	Test:       	TestIntegrationOrgUserDataAccess/Given_single_org_and_2_users_inserted/Can_get_organization_users_paginated_and_limited
FAIL
coverage: 52.5% of statements
FAIL	github.com/grafana/grafana/pkg/services/org/orgimpl	4.403s
ok  	github.com/grafana/grafana/pkg/services/playlist/playlistimpl	1.049s	coverage: 66.7% of statements
ok  	github.com/grafana/grafana/pkg/services/pluginsintegration	0.934s	coverage: 45.8% of statements
ok  	github.com/grafana/grafana/pkg/services/pluginsintegration/pluginsettings/service	1.028s	coverage: 86.7% of statements
ok  	github.com/grafana/grafana/pkg/services/preference/prefimpl	1.255s	coverage: 26.3% of statements
ok  	github.com/grafana/grafana/pkg/services/publicdashboards/api	0.610s	coverage: 20.7% of statements
ok  	github.com/grafana/grafana/pkg/services/publicdashboards/database	7.137s	coverage: 74.8% of statements
ok  	github.com/grafana/grafana/pkg/services/queryhistory	13.552s	coverage: 84.9% of statements
ok  	github.com/grafana/grafana/pkg/services/quota/quotaimpl	3.315s	coverage: 58.4% of statements
ok  	github.com/grafana/grafana/pkg/services/searchV2	0.878s	coverage: 31.7% of statements
ok  	github.com/grafana/grafana/pkg/services/secrets/manager	2.958s	coverage: 52.9% of statements
ok  	github.com/grafana/grafana/pkg/services/serviceaccounts/database	6.026s	coverage: 75.9% of statements
ok  	github.com/grafana/grafana/pkg/services/signingkeys/signingkeystore	0.855s	coverage: 54.8% of statements
ok  	github.com/grafana/grafana/pkg/services/sqlstore	2.066s	coverage: 42.7% of statements
ok  	github.com/grafana/grafana/pkg/services/sqlstore/migrations	0.514s	coverage: 0.0% of statements
ok  	github.com/grafana/grafana/pkg/services/sqlstore/migrations/usermig/test	1.146s	coverage: [no statements]
ok  	github.com/grafana/grafana/pkg/services/sqlstore/permissions	23.653s	coverage: 79.3% of statements
ok  	github.com/grafana/grafana/pkg/services/ssosettings/database	5.210s	coverage: 90.6% of statements
ok  	github.com/grafana/grafana/pkg/services/star/starimpl	0.727s	coverage: 69.6% of statements
ok  	github.com/grafana/grafana/pkg/services/stats/statsimpl	0.668s	coverage: 86.5% of statements
ok  	github.com/grafana/grafana/pkg/services/store	4.083s	coverage: 4.7% of statements
ok  	github.com/grafana/grafana/pkg/services/tag/tagimpl	0.797s	coverage: 58.3% of statements
--- FAIL: TestIntegrationTeamCommandsAndQueries (0.73s)
    --- FAIL: TestIntegrationTeamCommandsAndQueries/Testing_Team_commands_and_queries (0.73s)
        --- FAIL: TestIntegrationTeamCommandsAndQueries/Testing_Team_commands_and_queries/Given_saved_users_and_two_teams (0.44s)
            store_test.go:75: 
                	Error Trace:	/home/mariell/work/oss/grafana/pkg/services/team/teamimpl/store_test.go:75
                	            				/home/mariell/work/oss/grafana/pkg/services/team/teamimpl/store_test.go:151
                	Error:      	Received unexpected error:
                	            	organization name is taken
                	Test:       	TestIntegrationTeamCommandsAndQueries/Testing_Team_commands_and_queries/Given_saved_users_and_two_teams
            --- FAIL: TestIntegrationTeamCommandsAndQueries/Testing_Team_commands_and_queries/Given_saved_users_and_two_teams/Should_return_latest_auth_module_for_users_when_getting_team_members (0.43s)
                testing.go:1679: test executed panic(nil) or runtime.Goexit: subtest may have called FailNow on a parent test
FAIL
coverage: 47.5% of statements
FAIL	github.com/grafana/grafana/pkg/services/team/teamimpl	1.705s
ok  	github.com/grafana/grafana/pkg/services/temp_user/tempuserimpl	3.320s	coverage: 56.7% of statements
--- FAIL: TestIntegrationUserDataAccess (3.60s)
    --- FAIL: TestIntegrationUserDataAccess/Testing_DB_-_creates_and_loads_user (0.25s)
        store_test.go:138: 
            	Error Trace:	/home/mariell/work/oss/grafana/pkg/services/user/userimpl/store_test.go:138
            	Error:      	Not equal: 
            	            	expected: "test@email.com"
            	            	actual  : "usertest@test.com"
            	            	
            	            	Diff:
            	            	--- Expected
            	            	+++ Actual
            	            	@@ -1 +1 @@
            	            	-test@email.com
            	            	+usertest@test.com
            	Test:       	TestIntegrationUserDataAccess/Testing_DB_-_creates_and_loads_user
    --- FAIL: TestIntegrationUserDataAccess/get_signed_in_user (0.20s)
        store_test.go:389: 
            	Error Trace:	/home/mariell/work/oss/grafana/pkg/services/user/userimpl/store_test.go:389
            	Error:      	Not equal: 
            	            	expected: "next-test@email.com"
            	            	actual  : "user1@test.com"
            	            	
            	            	Diff:
            	            	--- Expected
            	            	+++ Actual
            	            	@@ -1 +1 @@
            	            	-next-test@email.com
            	            	+user1@test.com
            	Test:       	TestIntegrationUserDataAccess/get_signed_in_user
    --- FAIL: TestIntegrationUserDataAccess/Testing_DB_-_grafana_admin_users (0.23s)
        store_test.go:421: 
            	Error Trace:	/home/mariell/work/oss/grafana/pkg/services/user/userimpl/store_test.go:421
            	Error:      	Should be true
            	Test:       	TestIntegrationUserDataAccess/Testing_DB_-_grafana_admin_users
    --- FAIL: TestIntegrationUserDataAccess/Testing_DB_-_return_list_users_based_on_their_is_disabled_flag (0.82s)
        store_test.go:553: 
            	Error Trace:	/home/mariell/work/oss/grafana/pkg/services/user/userimpl/store_test.go:553
            	Error:      	Expected nil, but got: &errors.errorString{s:"user not found"}
            	Test:       	TestIntegrationUserDataAccess/Testing_DB_-_return_list_users_based_on_their_is_disabled_flag
    --- FAIL: TestIntegrationUserDataAccess/Testing_DB_-_enable_all_users (0.00s)
        store_test.go:629: 
            	Error Trace:	/home/mariell/work/oss/grafana/pkg/services/user/userimpl/store_test.go:629
            	Error:      	Not equal: 
            	            	expected: int64(13)
            	            	actual  : int(5)
            	Test:       	TestIntegrationUserDataAccess/Testing_DB_-_enable_all_users
    --- FAIL: TestIntegrationUserDataAccess/Can_search_users (0.28s)
        store_test.go:655: 
            	Error Trace:	/home/mariell/work/oss/grafana/pkg/services/user/userimpl/store_test.go:655
            	Error:      	"[0xc000b692c0 0xc000b69380 0xc000b69440 0xc000b69500 0xc000b695c0 0xc000b69680 0xc000b69740 0xc000b69800 0xc000b698c0 0xc000b69980 0xc000b69a40 0xc000b69b00 0xc000b69bc0 0xc000b69c80 0xc000b69d40 0xc000b69e00 0xc000b69ec0]" should have 2 item(s), but has 17
            	Test:       	TestIntegrationUserDataAccess/Can_search_users
    --- FAIL: TestIntegrationUserDataAccess/Testing_DB_-_disable_only_specific_users (0.00s)
        store_test.go:663: 
            	Error Trace:	/home/mariell/work/oss/grafana/pkg/services/user/userimpl/store_test.go:915
            	            				/home/mariell/work/oss/grafana/pkg/services/user/userimpl/store_test.go:663
            	Error:      	Expected nil, but got: &errors.errorString{s:"organization name is taken"}
            	Test:       	TestIntegrationUserDataAccess/Testing_DB_-_disable_only_specific_users
    --- FAIL: TestIntegrationUserDataAccess/Testing_DB_-_search_users (0.00s)
        store_test.go:710: 
            	Error Trace:	/home/mariell/work/oss/grafana/pkg/services/user/userimpl/store_test.go:915
            	            				/home/mariell/work/oss/grafana/pkg/services/user/userimpl/store_test.go:710
            	Error:      	Expected nil, but got: &errors.errorString{s:"organization name is taken"}
            	Test:       	TestIntegrationUserDataAccess/Testing_DB_-_search_users
    --- FAIL: TestIntegrationUserDataAccess/Testing_DB_-_multiple_users (0.33s)
        store_test.go:742: 
            	Error Trace:	/home/mariell/work/oss/grafana/pkg/services/user/userimpl/store_test.go:915
            	            				/home/mariell/work/oss/grafana/pkg/services/user/userimpl/store_test.go:742
            	Error:      	Expected nil, but got: &errors.errorString{s:"organization name is taken"}
            	Test:       	TestIntegrationUserDataAccess/Testing_DB_-_multiple_users
    --- FAIL: TestIntegrationUserDataAccess/Can_get_logged_in_user_projection (0.00s)
        store_test.go:843: 
            	Error Trace:	/home/mariell/work/oss/grafana/pkg/services/user/userimpl/store_test.go:843
            	Error:      	Not equal: 
            	            	expected: "next-test@email.com"
            	            	actual  : "user1@test.com"
            	            	
            	            	Diff:
            	            	--- Expected
            	            	+++ Actual
            	            	@@ -1 +1 @@
            	            	-next-test@email.com
            	            	+user1@test.com
            	Test:       	TestIntegrationUserDataAccess/Can_get_logged_in_user_projection
        store_test.go:844: 
            	Error Trace:	/home/mariell/work/oss/grafana/pkg/services/user/userimpl/store_test.go:844
            	Error:      	Not equal: 
            	            	expected: int64(-1)
            	            	actual  : int(2)
            	Test:       	TestIntegrationUserDataAccess/Can_get_logged_in_user_projection
        store_test.go:845: 
            	Error Trace:	/home/mariell/work/oss/grafana/pkg/services/user/userimpl/store_test.go:845
            	Error:      	Not equal: 
            	            	expected: "next-test1"
            	            	actual  : "user1"
            	            	
            	            	Diff:
            	            	--- Expected
            	            	+++ Actual
            	            	@@ -1 +1 @@
            	            	-next-test1
            	            	+user1
            	Test:       	TestIntegrationUserDataAccess/Can_get_logged_in_user_projection
        store_test.go:846: 
            	Error Trace:	/home/mariell/work/oss/grafana/pkg/services/user/userimpl/store_test.go:846
            	Error:      	Not equal: 
            	            	expected: "next-test1"
            	            	actual  : "loginuser1"
            	            	
            	            	Diff:
            	            	--- Expected
            	            	+++ Actual
            	            	@@ -1 +1 @@
            	            	-next-test1
            	            	+loginuser1
            	Test:       	TestIntegrationUserDataAccess/Can_get_logged_in_user_projection
        store_test.go:847: 
            	Error Trace:	/home/mariell/work/oss/grafana/pkg/services/user/userimpl/store_test.go:847
            	Error:      	Not equal: 
            	            	expected: identity.RoleType("")
            	            	actual  : string("Admin")
            	Test:       	TestIntegrationUserDataAccess/Can_get_logged_in_user_projection
        store_test.go:848: 
            	Error Trace:	/home/mariell/work/oss/grafana/pkg/services/user/userimpl/store_test.go:848
            	Error:      	Not equal: 
            	            	expected: "Org missing"
            	            	actual  : "user1@test.com"
            	            	
            	            	Diff:
            	            	--- Expected
            	            	+++ Actual
            	            	@@ -1 +1 @@
            	            	-Org missing
            	            	+user1@test.com
            	Test:       	TestIntegrationUserDataAccess/Can_get_logged_in_user_projection
FAIL
coverage: 45.4% of statements
FAIL	github.com/grafana/grafana/pkg/services/user/userimpl	4.349s
ok  	github.com/grafana/grafana/pkg/storage/unified/sql/test	5.558s	coverage: 0.0% of statements
--- FAIL: TestIntegrationAdminConfiguration_SendingToExternalAlertmanagers (1.51s)
    api_admin_configuration_test.go:44: Grafana is listening on 127.0.0.1:44731
    api_admin_configuration_test.go:50: 
        	Error Trace:	/home/mariell/work/oss/grafana/pkg/tests/api/alerting/testing.go:1268
        	            				/home/mariell/work/oss/grafana/pkg/tests/api/alerting/api_admin_configuration_test.go:50
        	Error:      	Received unexpected error:
        	            	[org.notFound] failed to get organization with ID: 1
        	Test:       	TestIntegrationAdminConfiguration_SendingToExternalAlertmanagers
--- FAIL: TestIntegrationAdminConfiguration_CannotCreateInhibitionRules (2.18s)
    api_admin_configuration_test.go:365: Grafana is listening on 127.0.0.1:33475
    api_admin_configuration_test.go:366: 
        	Error Trace:	/home/mariell/work/oss/grafana/pkg/tests/api/alerting/testing.go:1268
        	            				/home/mariell/work/oss/grafana/pkg/tests/api/alerting/api_admin_configuration_test.go:366
        	Error:      	Received unexpected error:
        	            	[org.notFound] failed to get organization with ID: 1
        	Test:       	TestIntegrationAdminConfiguration_CannotCreateInhibitionRules
--- FAIL: TestIntegrationSilenceAuth (0.85s)
    api_alertmanager_silence_test.go:38: Grafana is listening on 127.0.0.1:37983
    api_alertmanager_silence_test.go:40: 
        	Error Trace:	/home/mariell/work/oss/grafana/pkg/tests/api/alerting/testing.go:1268
        	            				/home/mariell/work/oss/grafana/pkg/tests/api/alerting/api_alertmanager_silence_test.go:40
        	Error:      	Received unexpected error:
        	            	[org.notFound] failed to get organization with ID: 1
        	Test:       	TestIntegrationSilenceAuth
    testinfra.go:122: Server exited uncleanly error context canceled
--- FAIL: TestIntegrationConvertPrometheusEndpoints (3.42s)
    --- FAIL: TestIntegrationConvertPrometheusEndpoints/with_the_mimirtool_paths (1.83s)
        api_convert_prometheus_test.go:114: Grafana is listening on 127.0.0.1:45161
        api_convert_prometheus_test.go:117: 
            	Error Trace:	/home/mariell/work/oss/grafana/pkg/tests/api/alerting/testing.go:1268
            	            				/home/mariell/work/oss/grafana/pkg/tests/api/alerting/api_convert_prometheus_test.go:117
            	            				/home/mariell/work/oss/grafana/pkg/tests/api/alerting/api_convert_prometheus_test.go:208
            	Error:      	Received unexpected error:
            	            	[org.notFound] failed to get organization with ID: 1
            	Test:       	TestIntegrationConvertPrometheusEndpoints/with_the_mimirtool_paths
    --- FAIL: TestIntegrationConvertPrometheusEndpoints/with_the_cortextool_Loki_paths (1.59s)
        api_convert_prometheus_test.go:114: Grafana is listening on 127.0.0.1:34393
        api_convert_prometheus_test.go:117: 
            	Error Trace:	/home/mariell/work/oss/grafana/pkg/tests/api/alerting/testing.go:1268
            	            				/home/mariell/work/oss/grafana/pkg/tests/api/alerting/api_convert_prometheus_test.go:117
            	            				/home/mariell/work/oss/grafana/pkg/tests/api/alerting/api_convert_prometheus_test.go:212
            	Error:      	Received unexpected error:
            	            	[org.notFound] failed to get organization with ID: 1
            	Test:       	TestIntegrationConvertPrometheusEndpoints/with_the_cortextool_Loki_paths
--- FAIL: TestIntegrationConvertPrometheusEndpoints_UpdateRule (3.39s)
    --- FAIL: TestIntegrationConvertPrometheusEndpoints_UpdateRule/with_the_mimirtool_paths (1.72s)
        api_convert_prometheus_test.go:229: Grafana is listening on 127.0.0.1:39173
        api_convert_prometheus_test.go:232: 
            	Error Trace:	/home/mariell/work/oss/grafana/pkg/tests/api/alerting/testing.go:1268
            	            				/home/mariell/work/oss/grafana/pkg/tests/api/alerting/api_convert_prometheus_test.go:232
            	            				/home/mariell/work/oss/grafana/pkg/tests/api/alerting/api_convert_prometheus_test.go:296
            	Error:      	Received unexpected error:
            	            	[org.notFound] failed to get organization with ID: 1
            	Test:       	TestIntegrationConvertPrometheusEndpoints_UpdateRule/with_the_mimirtool_paths
    --- FAIL: TestIntegrationConvertPrometheusEndpoints_UpdateRule/with_the_cortextool_Loki_paths (1.67s)
        api_convert_prometheus_test.go:229: Grafana is listening on 127.0.0.1:45559
        api_convert_prometheus_test.go:232: 
            	Error Trace:	/home/mariell/work/oss/grafana/pkg/tests/api/alerting/testing.go:1268
            	            				/home/mariell/work/oss/grafana/pkg/tests/api/alerting/api_convert_prometheus_test.go:232
            	            				/home/mariell/work/oss/grafana/pkg/tests/api/alerting/api_convert_prometheus_test.go:300
            	Error:      	Received unexpected error:
            	            	[org.notFound] failed to get organization with ID: 1
            	Test:       	TestIntegrationConvertPrometheusEndpoints_UpdateRule/with_the_cortextool_Loki_paths
--- FAIL: TestIntegrationConvertPrometheusEndpoints_Conflict (2.59s)
    --- FAIL: TestIntegrationConvertPrometheusEndpoints_Conflict/with_the_mimirtool_paths (1.59s)
        api_convert_prometheus_test.go:317: Grafana is listening on 127.0.0.1:38829
        api_convert_prometheus_test.go:320: 
            	Error Trace:	/home/mariell/work/oss/grafana/pkg/tests/api/alerting/testing.go:1268
            	            				/home/mariell/work/oss/grafana/pkg/tests/api/alerting/api_convert_prometheus_test.go:320
            	            				/home/mariell/work/oss/grafana/pkg/tests/api/alerting/api_convert_prometheus_test.go:383
            	Error:      	Received unexpected error:
            	            	[org.notFound] failed to get organization with ID: 1
            	Test:       	TestIntegrationConvertPrometheusEndpoints_Conflict/with_the_mimirtool_paths
    --- FAIL: TestIntegrationConvertPrometheusEndpoints_Conflict/with_the_cortextool_Loki_paths (1.00s)
        api_convert_prometheus_test.go:317: Grafana is listening on 127.0.0.1:44325
        api_convert_prometheus_test.go:320: 
            	Error Trace:	/home/mariell/work/oss/grafana/pkg/tests/api/alerting/testing.go:1268
            	            				/home/mariell/work/oss/grafana/pkg/tests/api/alerting/api_convert_prometheus_test.go:320
            	            				/home/mariell/work/oss/grafana/pkg/tests/api/alerting/api_convert_prometheus_test.go:387
            	Error:      	Received unexpected error:
            	            	[org.notFound] failed to get organization with ID: 1
            	Test:       	TestIntegrationConvertPrometheusEndpoints_Conflict/with_the_cortextool_Loki_paths
        testinfra.go:122: Server exited uncleanly error context canceled
--- FAIL: TestIntegrationConvertPrometheusEndpoints_CreatePausedRules (3.90s)
    --- FAIL: TestIntegrationConvertPrometheusEndpoints_CreatePausedRules/with_the_mimirtool_paths (1.92s)
        api_convert_prometheus_test.go:404: Grafana is listening on 127.0.0.1:46669
        api_convert_prometheus_test.go:407: 
            	Error Trace:	/home/mariell/work/oss/grafana/pkg/tests/api/alerting/testing.go:1268
            	            				/home/mariell/work/oss/grafana/pkg/tests/api/alerting/api_convert_prometheus_test.go:407
            	            				/home/mariell/work/oss/grafana/pkg/tests/api/alerting/api_convert_prometheus_test.go:495
            	Error:      	Received unexpected error:
            	            	[org.notFound] failed to get organization with ID: 1
            	Test:       	TestIntegrationConvertPrometheusEndpoints_CreatePausedRules/with_the_mimirtool_paths
    --- FAIL: TestIntegrationConvertPrometheusEndpoints_CreatePausedRules/with_the_cortextool_Loki_paths (1.98s)
        api_convert_prometheus_test.go:404: Grafana is listening on 127.0.0.1:41639
        api_convert_prometheus_test.go:407: 
            	Error Trace:	/home/mariell/work/oss/grafana/pkg/tests/api/alerting/testing.go:1268
            	            				/home/mariell/work/oss/grafana/pkg/tests/api/alerting/api_convert_prometheus_test.go:407
            	            				/home/mariell/work/oss/grafana/pkg/tests/api/alerting/api_convert_prometheus_test.go:499
            	Error:      	Received unexpected error:
            	            	[org.notFound] failed to get organization with ID: 1
            	Test:       	TestIntegrationConvertPrometheusEndpoints_CreatePausedRules/with_the_cortextool_Loki_paths
        testinfra.go:122: Server exited uncleanly error context canceled
--- FAIL: TestIntegrationTestReceiversAlertCustomization (7.19s)
    --- FAIL: TestIntegrationTestReceiversAlertCustomization/assert_custom_annotations_and_labels_are_sent (2.10s)
        api_notification_channel_test.go:641: Grafana is listening on 127.0.0.1:39739
        api_notification_channel_test.go:643: 
            	Error Trace:	/home/mariell/work/oss/grafana/pkg/tests/api/alerting/testing.go:1268
            	            				/home/mariell/work/oss/grafana/pkg/tests/api/alerting/api_notification_channel_test.go:643
            	Error:      	Received unexpected error:
            	            	[org.notFound] failed to get organization with ID: 1
            	Test:       	TestIntegrationTestReceiversAlertCustomization/assert_custom_annotations_and_labels_are_sent
    --- FAIL: TestIntegrationTestReceiversAlertCustomization/assert_custom_annotations_can_replace_default_annotations (3.09s)
        api_notification_channel_test.go:734: Grafana is listening on 127.0.0.1:35087
        api_notification_channel_test.go:736: 
            	Error Trace:	/home/mariell/work/oss/grafana/pkg/tests/api/alerting/testing.go:1268
            	            				/home/mariell/work/oss/grafana/pkg/tests/api/alerting/api_notification_channel_test.go:736
            	Error:      	Received unexpected error:
            	            	[org.notFound] failed to get organization with ID: 1
            	Test:       	TestIntegrationTestReceiversAlertCustomization/assert_custom_annotations_can_replace_default_annotations
    --- FAIL: TestIntegrationTestReceiversAlertCustomization/assert_custom_labels_can_replace_default_label (2.00s)
        api_notification_channel_test.go:822: Grafana is listening on 127.0.0.1:37973
        api_notification_channel_test.go:824: 
            	Error Trace:	/home/mariell/work/oss/grafana/pkg/tests/api/alerting/testing.go:1268
            	            				/home/mariell/work/oss/grafana/pkg/tests/api/alerting/api_notification_channel_test.go:824
            	Error:      	Received unexpected error:
            	            	[org.notFound] failed to get organization with ID: 1
            	Test:       	TestIntegrationTestReceiversAlertCustomization/assert_custom_labels_can_replace_default_label
--- FAIL: TestIntegrationNotificationChannels (1.61s)
    api_notification_channel_test.go:912: Grafana is listening on 127.0.0.1:37887
    api_notification_channel_test.go:951: 
        	Error Trace:	/home/mariell/work/oss/grafana/pkg/tests/api/alerting/testing.go:1268
        	            				/home/mariell/work/oss/grafana/pkg/tests/api/alerting/api_notification_channel_test.go:951
        	Error:      	Received unexpected error:
        	            	[org.notFound] failed to get organization with ID: 1
        	Test:       	TestIntegrationNotificationChannels
--- FAIL: TestIntegrationProvisioning (1.32s)
    api_provisioning_test.go:88: Grafana is listening on 127.0.0.1:43065
    api_provisioning_test.go:91: 
        	Error Trace:	/home/mariell/work/oss/grafana/pkg/tests/api/alerting/testing.go:1268
        	            				/home/mariell/work/oss/grafana/pkg/tests/api/alerting/api_provisioning_test.go:91
        	Error:      	Received unexpected error:
        	            	[org.notFound] failed to get organization with ID: 1
        	Test:       	TestIntegrationProvisioning
--- FAIL: TestIntegrationProvisioningRules (0.71s)
    api_provisioning_test.go:575: Grafana is listening on 127.0.0.1:39719
    api_provisioning_test.go:578: 
        	Error Trace:	/home/mariell/work/oss/grafana/pkg/tests/api/alerting/testing.go:1268
        	            				/home/mariell/work/oss/grafana/pkg/tests/api/alerting/api_provisioning_test.go:578
        	Error:      	Received unexpected error:
        	            	[org.notFound] failed to get organization with ID: 1
        	Test:       	TestIntegrationProvisioningRules
    testinfra.go:122: Server exited uncleanly error context canceled
--- FAIL: TestIntegrationExportFileProvision (1.31s)
    api_provisioning_test.go:1000: Grafana is listening on 127.0.0.1:41529
    api_provisioning_test.go:1003: 
        	Error Trace:	/home/mariell/work/oss/grafana/pkg/tests/api/alerting/testing.go:1268
        	            				/home/mariell/work/oss/grafana/pkg/tests/api/alerting/api_provisioning_test.go:1003
        	Error:      	Received unexpected error:
        	            	[org.notFound] failed to get organization with ID: 1
        	Test:       	TestIntegrationExportFileProvision
--- FAIL: TestIntegrationExportFileProvisionMixed (1.83s)
    api_provisioning_test.go:1095: Grafana is listening on 127.0.0.1:40761
    api_provisioning_test.go:1098: 
        	Error Trace:	/home/mariell/work/oss/grafana/pkg/tests/api/alerting/testing.go:1268
        	            				/home/mariell/work/oss/grafana/pkg/tests/api/alerting/api_provisioning_test.go:1098
        	Error:      	Received unexpected error:
        	            	[org.notFound] failed to get organization with ID: 1
        	Test:       	TestIntegrationExportFileProvisionMixed
--- FAIL: TestIntegrationExportFileProvisionContactPoints (0.95s)
    api_provisioning_test.go:1148: Grafana is listening on 127.0.0.1:42269
    api_provisioning_test.go:1151: 
        	Error Trace:	/home/mariell/work/oss/grafana/pkg/tests/api/alerting/testing.go:1268
        	            				/home/mariell/work/oss/grafana/pkg/tests/api/alerting/api_provisioning_test.go:1151
        	Error:      	Received unexpected error:
        	            	[org.notFound] failed to get organization with ID: 1
        	Test:       	TestIntegrationExportFileProvisionContactPoints
--- FAIL: TestIntegrationAlertRulePermissions (0.93s)
    api_ruler_test.go:56: Grafana is listening on 127.0.0.1:38339
    api_ruler_test.go:60: 
        	Error Trace:	/home/mariell/work/oss/grafana/pkg/tests/api/alerting/testing.go:1268
        	            				/home/mariell/work/oss/grafana/pkg/tests/api/alerting/api_ruler_test.go:60
        	Error:      	Received unexpected error:
        	            	[org.notFound] failed to get organization with ID: 1
        	Test:       	TestIntegrationAlertRulePermissions
--- FAIL: TestIntegrationAlertRuleNestedPermissions (0.88s)
    api_ruler_test.go:360: Grafana is listening on 127.0.0.1:37539
    api_ruler_test.go:364: 
        	Error Trace:	/home/mariell/work/oss/grafana/pkg/tests/api/alerting/testing.go:1268
        	            				/home/mariell/work/oss/grafana/pkg/tests/api/alerting/api_ruler_test.go:364
        	Error:      	Received unexpected error:
        	            	[org.notFound] failed to get organization with ID: 1
        	Test:       	TestIntegrationAlertRuleNestedPermissions
--- FAIL: TestIntegrationAlertRuleEditorSettings (0.32s)
    api_ruler_test.go:798: Grafana is listening on 127.0.0.1:44825
    api_ruler_test.go:800: 
        	Error Trace:	/home/mariell/work/oss/grafana/pkg/tests/api/alerting/testing.go:1268
        	            				/home/mariell/work/oss/grafana/pkg/tests/api/alerting/api_ruler_test.go:800
        	Error:      	Received unexpected error:
        	            	[org.notFound] failed to get organization with ID: 1
        	Test:       	TestIntegrationAlertRuleEditorSettings
    testinfra.go:122: Server exited uncleanly error context canceled
--- FAIL: TestIntegrationAlertRuleConflictingTitle (0.86s)
    api_ruler_test.go:971: Grafana is listening on 127.0.0.1:32847
    api_ruler_test.go:974: 
        	Error Trace:	/home/mariell/work/oss/grafana/pkg/tests/api/alerting/testing.go:1268
        	            				/home/mariell/work/oss/grafana/pkg/tests/api/alerting/api_ruler_test.go:974
        	Error:      	Received unexpected error:
        	            	[org.notFound] failed to get organization with ID: 1
        	Test:       	TestIntegrationAlertRuleConflictingTitle
--- FAIL: TestIntegrationRulerRulesFilterByDashboard (0.87s)
    api_ruler_test.go:1062: Grafana is listening on 127.0.0.1:37447
    api_ruler_test.go:1065: 
        	Error Trace:	/home/mariell/work/oss/grafana/pkg/tests/api/alerting/testing.go:1268
        	            				/home/mariell/work/oss/grafana/pkg/tests/api/alerting/api_ruler_test.go:1065
        	Error:      	Received unexpected error:
        	            	[org.notFound] failed to get organization with ID: 1
        	Test:       	TestIntegrationRulerRulesFilterByDashboard
--- FAIL: TestIntegrationRuleGroupSequence (0.87s)
    api_ruler_test.go:1426: Grafana is listening on 127.0.0.1:34701
    api_ruler_test.go:1429: 
        	Error Trace:	/home/mariell/work/oss/grafana/pkg/tests/api/alerting/testing.go:1268
        	            				/home/mariell/work/oss/grafana/pkg/tests/api/alerting/api_ruler_test.go:1429
        	Error:      	Received unexpected error:
        	            	[org.notFound] failed to get organization with ID: 1
        	Test:       	TestIntegrationRuleGroupSequence
--- FAIL: TestIntegrationRuleCreate (0.85s)
    api_ruler_test.go:1529: Grafana is listening on 127.0.0.1:46345
    api_ruler_test.go:1530: 
        	Error Trace:	/home/mariell/work/oss/grafana/pkg/tests/api/alerting/testing.go:1268
        	            				/home/mariell/work/oss/grafana/pkg/tests/api/alerting/api_ruler_test.go:1530
        	Error:      	Received unexpected error:
        	            	[org.notFound] failed to get organization with ID: 1
        	Test:       	TestIntegrationRuleCreate
--- FAIL: TestIntegrationRuleUpdate (0.83s)
    api_ruler_test.go:1668: Grafana is listening on 127.0.0.1:42853
    api_ruler_test.go:1672: 
        	Error Trace:	/home/mariell/work/oss/grafana/pkg/tests/api/alerting/testing.go:1268
        	            				/home/mariell/work/oss/grafana/pkg/tests/api/alerting/api_ruler_test.go:1672
        	Error:      	Received unexpected error:
        	            	[org.notFound] failed to get organization with ID: 1
        	Test:       	TestIntegrationRuleUpdate
--- FAIL: TestIntegrationAlertAndGroupsQuery (0.86s)
    api_ruler_test.go:1840: Grafana is listening on 127.0.0.1:43913
    api_ruler_test.go:1859: 
        	Error Trace:	/home/mariell/work/oss/grafana/pkg/tests/api/alerting/testing.go:1268
        	            				/home/mariell/work/oss/grafana/pkg/tests/api/alerting/api_ruler_test.go:1859
        	Error:      	Received unexpected error:
        	            	[org.notFound] failed to get organization with ID: 1
        	Test:       	TestIntegrationAlertAndGroupsQuery
--- FAIL: TestIntegrationRulerAccess (0.85s)
    api_ruler_test.go:2002: Grafana is listening on 127.0.0.1:36357
    api_ruler_test.go:2005: 
        	Error Trace:	/home/mariell/work/oss/grafana/pkg/tests/api/alerting/testing.go:1268
        	            				/home/mariell/work/oss/grafana/pkg/tests/api/alerting/api_ruler_test.go:2005
        	Error:      	Received unexpected error:
        	            	[org.notFound] failed to get organization with ID: 1
        	Test:       	TestIntegrationRulerAccess
--- FAIL: TestIntegrationEval (0.87s)
    api_ruler_test.go:2118: Grafana is listening on 127.0.0.1:36131
    api_ruler_test.go:2120: 
        	Error Trace:	/home/mariell/work/oss/grafana/pkg/tests/api/alerting/testing.go:1268
        	            				/home/mariell/work/oss/grafana/pkg/tests/api/alerting/api_ruler_test.go:2120
        	Error:      	Received unexpected error:
        	            	[org.notFound] failed to get organization with ID: 1
        	Test:       	TestIntegrationEval
--- FAIL: TestIntegrationQuota (0.89s)
    api_ruler_test.go:2398: Grafana is listening on 127.0.0.1:40309
    api_ruler_test.go:2401: 
        	Error Trace:	/home/mariell/work/oss/grafana/pkg/tests/api/alerting/testing.go:1268
        	            				/home/mariell/work/oss/grafana/pkg/tests/api/alerting/api_ruler_test.go:2401
        	Error:      	Received unexpected error:
        	            	[org.notFound] failed to get organization with ID: 1
        	Test:       	TestIntegrationQuota
--- FAIL: TestIntegrationDeleteFolderWithRules (0.85s)
    api_ruler_test.go:2610: Grafana is listening on 127.0.0.1:42171
    api_ruler_test.go:2612: 
        	Error Trace:	/home/mariell/work/oss/grafana/pkg/tests/api/alerting/testing.go:1268
        	            				/home/mariell/work/oss/grafana/pkg/tests/api/alerting/api_ruler_test.go:2612
        	Error:      	Received unexpected error:
        	            	[org.notFound] failed to get organization with ID: 1
        	Test:       	TestIntegrationDeleteFolderWithRules
--- FAIL: TestIntegrationAlertRuleCRUD (0.86s)
    api_ruler_test.go:2771: Grafana is listening on 127.0.0.1:44965
    api_ruler_test.go:2773: 
        	Error Trace:	/home/mariell/work/oss/grafana/pkg/tests/api/alerting/testing.go:1268
        	            				/home/mariell/work/oss/grafana/pkg/tests/api/alerting/api_ruler_test.go:2773
        	Error:      	Received unexpected error:
        	            	[org.notFound] failed to get organization with ID: 1
        	Test:       	TestIntegrationAlertRuleCRUD
--- FAIL: TestIntegrationRulePause (0.86s)
    api_ruler_test.go:4023: Grafana is listening on 127.0.0.1:44509
    api_ruler_test.go:4026: 
        	Error Trace:	/home/mariell/work/oss/grafana/pkg/tests/api/alerting/testing.go:1268
        	            				/home/mariell/work/oss/grafana/pkg/tests/api/alerting/api_ruler_test.go:4026
        	Error:      	Received unexpected error:
        	            	[org.notFound] failed to get organization with ID: 1
        	Test:       	TestIntegrationRulePause
--- FAIL: TestIntegrationHysteresisRule (1.99s)
    api_ruler_test.go:4156: Grafana is listening on 127.0.0.1:39111
    api_ruler_test.go:4159: 
        	Error Trace:	/home/mariell/work/oss/grafana/pkg/tests/api/alerting/testing.go:1268
        	            				/home/mariell/work/oss/grafana/pkg/tests/api/alerting/api_ruler_test.go:4159
        	Error:      	Received unexpected error:
        	            	[org.notFound] failed to get organization with ID: 1
        	Test:       	TestIntegrationHysteresisRule
--- FAIL: TestIntegrationRuleNotificationSettings (0.87s)
    api_ruler_test.go:4230: Grafana is listening on 127.0.0.1:38179
    api_ruler_test.go:4233: 
        	Error Trace:	/home/mariell/work/oss/grafana/pkg/tests/api/alerting/testing.go:1268
        	            				/home/mariell/work/oss/grafana/pkg/tests/api/alerting/api_ruler_test.go:4233
        	Error:      	Received unexpected error:
        	            	[org.notFound] failed to get organization with ID: 1
        	Test:       	TestIntegrationRuleNotificationSettings
--- FAIL: TestIntegrationRuleUpdateAllDatabases (0.85s)
    api_ruler_test.go:4507: Grafana is listening on 127.0.0.1:38861
    api_ruler_test.go:4510: 
        	Error Trace:	/home/mariell/work/oss/grafana/pkg/tests/api/alerting/testing.go:1268
        	            				/home/mariell/work/oss/grafana/pkg/tests/api/alerting/api_ruler_test.go:4510
        	Error:      	Received unexpected error:
        	            	[org.notFound] failed to get organization with ID: 1
        	Test:       	TestIntegrationRuleUpdateAllDatabases
--- FAIL: TestIntegrationRuleVersions (0.89s)
    api_ruler_test.go:4570: Grafana is listening on 127.0.0.1:36427
    api_ruler_test.go:4572: 
        	Error Trace:	/home/mariell/work/oss/grafana/pkg/tests/api/alerting/testing.go:1268
        	            				/home/mariell/work/oss/grafana/pkg/tests/api/alerting/api_ruler_test.go:4572
        	Error:      	Received unexpected error:
        	            	[org.notFound] failed to get organization with ID: 1
        	Test:       	TestIntegrationRuleVersions
fatal error: concurrent map writes

goroutine 3350 [running]:
internal/runtime/maps.fatal({0x958b815?, 0x8638d20?})
	/usr/lib/go/src/runtime/panic.go:1053 +0x18
github.com/grafana/grafana/pkg/infra/metrics.registerFrontendHistogram({0xa9a77a0, 0xc038fb8820}, {0x9601613, 0x1f}, {0x95f5894, 0x1e})
	/home/mariell/work/oss/grafana/pkg/infra/metrics/frontendmetrics.go:32 +0x245
github.com/grafana/grafana/pkg/infra/metrics.initFrontendMetrics({0xa9a77a0, 0xc038fb8820})
	/home/mariell/work/oss/grafana/pkg/infra/metrics/frontendmetrics.go:40 +0x3a
github.com/grafana/grafana/pkg/infra/metrics.ProvideService(0xc00c390008, {0xa9a77a0, 0xc038fb8820}, {0xa94efa0, 0xc038fb8820})
	/home/mariell/work/oss/grafana/pkg/infra/metrics/service.go:31 +0x45
github.com/grafana/grafana/pkg/server.InitializeForTest({0xa9e3920, 0xc001c9e700}, 0xc00c390008, {{0xc020677270, 0x49}, {0x0, 0x0}, {0x0, 0x0}, {0x0, ...}, ...}, ...)
	/home/mariell/work/oss/grafana/pkg/server/wire_gen.go:1126 +0x7868
github.com/grafana/grafana/pkg/tests/testinfra.StartGrafanaEnv(0xc001c9e700, {0xc020677270, 0x49}, {0xc00ae02cc0, 0x57})
	/home/mariell/work/oss/grafana/pkg/tests/testinfra/testinfra.go:83 +0x565
github.com/grafana/grafana/pkg/tests/api/alerting.TestIntegrationAlertmanagerConfigurationIsTransactional(0xc001c9e700)
	/home/mariell/work/oss/grafana/pkg/tests/api/alerting/api_alertmanager_configuration_test.go:290 +0x85
testing.tRunner(0xc001c9e700, 0x9e559f8)
	/usr/lib/go/src/testing/testing.go:1792 +0xf4
created by testing.(*T).Run in goroutine 1
	/usr/lib/go/src/testing/testing.go:1851 +0x413

goroutine 1 [chan receive]:
testing.tRunner.func1()
	/usr/lib/go/src/testing/testing.go:1753 +0x49b
testing.tRunner(0xc000da5a40, 0xc00153fc38)
	/usr/lib/go/src/testing/testing.go:1798 +0x12d
testing.runTests(0xc0012d7ae8, {0x100ead20, 0x31, 0x31}, {0x59?, 0x6?, 0x11a751c0?})
	/usr/lib/go/src/testing/testing.go:2277 +0x4b4
testing.(*M).Run(0xc001a081e0)
	/usr/lib/go/src/testing/testing.go:2142 +0x64a
github.com/grafana/grafana/pkg/tests/testsuite.Run(0x11ab5f60?)
	/home/mariell/work/oss/grafana/pkg/tests/testsuite/testsuite.go:10 +0x13
github.com/grafana/grafana/pkg/tests/api/alerting.TestMain(...)
	/home/mariell/work/oss/grafana/pkg/tests/api/alerting/api_testing_test.go:36
main.main()
	_testmain.go:153 +0xa9

goroutine 29 [select]:
go.opencensus.io/stats/view.(*worker).start(0xc000a2eb00)
	/home/mariell/go/pkg/mod/go.opencensus.io@v0.24.0/stats/view/worker.go:292 +0x9f
created by go.opencensus.io/stats/view.init.0 in goroutine 1
	/home/mariell/go/pkg/mod/go.opencensus.io@v0.24.0/stats/view/worker.go:34 +0x8d

goroutine 34 [select]:
github.com/blevesearch/bleve_index_api.AnalysisWorker(...)
	/home/mariell/go/pkg/mod/github.com/blevesearch/bleve_index_api@v1.1.12/analysis.go:46
created by github.com/blevesearch/bleve_index_api.NewAnalysisQueue in goroutine 1
	/home/mariell/go/pkg/mod/github.com/blevesearch/bleve_index_api@v1.1.12/analysis.go:38 +0xa5

goroutine 35 [select]:
github.com/blevesearch/bleve_index_api.AnalysisWorker(...)
	/home/mariell/go/pkg/mod/github.com/blevesearch/bleve_index_api@v1.1.12/analysis.go:46
created by github.com/blevesearch/bleve_index_api.NewAnalysisQueue in goroutine 1
	/home/mariell/go/pkg/mod/github.com/blevesearch/bleve_index_api@v1.1.12/analysis.go:38 +0xa5

goroutine 36 [select]:
github.com/blevesearch/bleve_index_api.AnalysisWorker(...)
	/home/mariell/go/pkg/mod/github.com/blevesearch/bleve_index_api@v1.1.12/analysis.go:46
created by github.com/blevesearch/bleve_index_api.NewAnalysisQueue in goroutine 1
	/home/mariell/go/pkg/mod/github.com/blevesearch/bleve_index_api@v1.1.12/analysis.go:38 +0xa5

goroutine 37 [select]:
github.com/blevesearch/bleve_index_api.AnalysisWorker(...)
	/home/mariell/go/pkg/mod/github.com/blevesearch/bleve_index_api@v1.1.12/analysis.go:46
created by github.com/blevesearch/bleve_index_api.NewAnalysisQueue in goroutine 1
	/home/mariell/go/pkg/mod/github.com/blevesearch/bleve_index_api@v1.1.12/analysis.go:38 +0xa5

goroutine 1131 [select]:
github.com/patrickmn/go-cache.(*janitor).Run(0xc000fe5c20, 0xc002305d80)
	/home/mariell/go/pkg/mod/github.com/patrickmn/go-cache@v2.1.0+incompatible/cache.go:1079 +0x7b
created by github.com/patrickmn/go-cache.runJanitor in goroutine 191
	/home/mariell/go/pkg/mod/github.com/patrickmn/go-cache@v2.1.0+incompatible/cache.go:1099 +0xdb

goroutine 3349 [runnable]:
syscall.Syscall(0x107, 0x23d, 0xc049220980, 0x0)
	/usr/lib/go/src/syscall/syscall_linux.go:73 +0x25
internal/syscall/unix.Unlinkat(0x23d, {0xc049802930?, 0xe?}, 0x0)
	/usr/lib/go/src/internal/syscall/unix/at.go:20 +0x65
os.removeAllFrom.func1(...)
	/usr/lib/go/src/os/removeall_at.go:62
os.ignoringEINTR(...)
	/usr/lib/go/src/os/file_posix.go:251
os.removeAllFrom(0x22f?, {0xc049802930, 0xa})
	/usr/lib/go/src/os/removeall_at.go:61 +0x98
os.removeAllFrom(0x201?, {0xc0498027cc, 0x4})
	/usr/lib/go/src/os/removeall_at.go:114 +0x7da
os.removeAllFrom(0x239?, {0xc0486128f0, 0x5})
	/usr/lib/go/src/os/removeall_at.go:114 +0x7da
os.removeAllFrom(0x236?, {0xc047b2d236, 0xa})
	/usr/lib/go/src/os/removeall_at.go:114 +0x7da
os.removeAllFrom(0x237?, {0xc047b2d204, 0x7})
	/usr/lib/go/src/os/removeall_at.go:114 +0x7da
os.removeAllFrom(0x234?, {0xc047b2d1e7, 0x3})
	/usr/lib/go/src/os/removeall_at.go:114 +0x7da
os.removeAllFrom(0x233?, {0xc047b2d1c8, 0x6})
	/usr/lib/go/src/os/removeall_at.go:114 +0x7da
os.removeAllFrom(0x1d0?, {0xc047b2d1bd, 0x3})
	/usr/lib/go/src/os/removeall_at.go:114 +0x7da
os.removeAllFrom(0x0?, {0xc019aa5345, 0x31})
	/usr/lib/go/src/os/removeall_at.go:114 +0x7da
os.removeAll({0xc019aa5340, 0x36})
	/usr/lib/go/src/os/removeall_at.go:48 +0x21e
os.RemoveAll(...)
	/usr/lib/go/src/os/path.go:74
testing.removeAll({0xc019aa5340?, 0x1015ee80?})
	/usr/lib/go/src/testing/testing.go:1306 +0x19
testing.(*common).TempDir.func2()
	/usr/lib/go/src/testing/testing.go:1266 +0x2a
testing.(*common).Cleanup.func1()
	/usr/lib/go/src/testing/testing.go:1211 +0x106
testing.(*common).runCleanup(0xc001c9e540, 0xc000053880?)
	/usr/lib/go/src/testing/testing.go:1445 +0xea
testing.tRunner.func2()
	/usr/lib/go/src/testing/testing.go:1786 +0x25
runtime.Goexit()
	/usr/lib/go/src/runtime/panic.go:631 +0x5e
testing.(*common).FailNow(0xc001c9e540)
	/usr/lib/go/src/testing/testing.go:1041 +0x4a
github.com/stretchr/testify/require.NoError({0xa9764f8, 0xc001c9e540}, {0xa94d280, 0xc047c3e180}, {0x0, 0x0, 0x0})
	/home/mariell/go/pkg/mod/github.com/stretchr/testify@v1.10.0/require/require.go:1357 +0xca
github.com/grafana/grafana/pkg/tests/api/alerting.createUser(0xc001c9e540, {0xaa95e40, 0xc023401cc0}, 0xc00ca36008, {{0x0, 0x0}, {0x0, 0x0}, {0x95162fc, 0x5}, ...})
	/home/mariell/work/oss/grafana/pkg/tests/api/alerting/testing.go:1268 +0x285
github.com/grafana/grafana/pkg/tests/api/alerting.TestIntegrationAlertmanagerConfiguration(0xc001c9e540)
	/home/mariell/work/oss/grafana/pkg/tests/api/alerting/api_alertmanager_configuration_test.go:39 +0xe6
testing.tRunner(0xc001c9e540, 0x9e559f0)
	/usr/lib/go/src/testing/testing.go:1792 +0xf4
created by testing.(*T).Run in goroutine 1
	/usr/lib/go/src/testing/testing.go:1851 +0x413

goroutine 192 [select]:
database/sql.(*DB).connectionOpener(0xc001415450, {0xa9d1d00, 0xc000f6d590})
	/usr/lib/go/src/database/sql/sql.go:1261 +0x87
created by database/sql.OpenDB in goroutine 191
	/usr/lib/go/src/database/sql/sql.go:841 +0x130

goroutine 193 [select]:
go.opentelemetry.io/otel/sdk/trace.(*batchSpanProcessor).processQueue(0xc000a53c20)
	/home/mariell/go/pkg/mod/go.opentelemetry.io/otel/sdk@v1.34.0/trace/batch_span_processor.go:302 +0x114
go.opentelemetry.io/otel/sdk/trace.NewBatchSpanProcessor.func1()
	/home/mariell/go/pkg/mod/go.opentelemetry.io/otel/sdk@v1.34.0/trace/batch_span_processor.go:117 +0x4e
created by go.opentelemetry.io/otel/sdk/trace.NewBatchSpanProcessor in goroutine 191
	/home/mariell/go/pkg/mod/go.opentelemetry.io/otel/sdk@v1.34.0/trace/batch_span_processor.go:115 +0x2d9

goroutine 229 [select]:
database/sql.(*DB).connectionCleaner(0xc001415450, 0xc0003f1730?)
	/usr/lib/go/src/database/sql/sql.go:1104 +0x9c
created by database/sql.(*DB).startCleanerLocked in goroutine 191
	/usr/lib/go/src/database/sql/sql.go:1091 +0x105

goroutine 5797 [select]:
github.com/centrifugal/centrifuge.(*Node).updateMetrics(0xc003778248)
	/home/mariell/go/pkg/mod/github.com/centrifugal/centrifuge@v0.33.3/node.go:335 +0x85
created by github.com/centrifugal/centrifuge.(*Node).Run in goroutine 4441
	/home/mariell/go/pkg/mod/github.com/centrifugal/centrifuge@v0.33.3/node.go:262 +0x2a5

goroutine 1316 [sync.Cond.Wait]:
sync.runtime_notifyListWait(0xc002596950, 0x23)
	/usr/lib/go/src/runtime/sema.go:597 +0x159
sync.(*Cond).Wait(0x0?)
	/usr/lib/go/src/sync/cond.go:71 +0x85
github.com/centrifugal/centrifuge/internal/dissolve.(*queueImpl).Wait(0xc0025cb730)
	/home/mariell/go/pkg/mod/github.com/centrifugal/centrifuge@v0.33.3/internal/dissolve/queue.go:139 +0x4a
github.com/centrifugal/centrifuge/internal/dissolve.(*Dissolver).runWorker(0xc0009821c8)
	/home/mariell/go/pkg/mod/github.com/centrifugal/centrifuge@v0.33.3/internal/dissolve/dissolve.go:52 +0x27
created by github.com/centrifugal/centrifuge/internal/dissolve.(*Dissolver).Run in goroutine 191
	/home/mariell/go/pkg/mod/github.com/centrifugal/centrifuge@v0.33.3/internal/dissolve/dissolve.go:31 +0x25

goroutine 2958 [sync.Cond.Wait]:
sync.runtime_notifyListWait(0xc002557a10, 0x17)
	/usr/lib/go/src/runtime/sema.go:597 +0x159
sync.(*Cond).Wait(0xc001677b01?)
	/usr/lib/go/src/sync/cond.go:71 +0x85
github.com/centrifugal/centrifuge/internal/dissolve.(*queueImpl).Wait(0xc0035d2380)
	/home/mariell/go/pkg/mod/github.com/centrifugal/centrifuge@v0.33.3/internal/dissolve/queue.go:139 +0x4a
github.com/centrifugal/centrifuge/internal/dissolve.(*Dissolver).runWorker(0xc001f98b70)
	/home/mariell/go/pkg/mod/github.com/centrifugal/centrifuge@v0.33.3/internal/dissolve/dissolve.go:52 +0x27
created by github.com/centrifugal/centrifuge/internal/dissolve.(*Dissolver).Run in goroutine 1617
	/home/mariell/go/pkg/mod/github.com/centrifugal/centrifuge@v0.33.3/internal/dissolve/dissolve.go:31 +0x25

goroutine 1347 [sync.Cond.Wait]:
sync.runtime_notifyListWait(0xc002596950, 0x2c)
	/usr/lib/go/src/runtime/sema.go:597 +0x159
sync.(*Cond).Wait(0xc0001057d0?)
	/usr/lib/go/src/sync/cond.go:71 +0x85
github.com/centrifugal/centrifuge/internal/dissolve.(*queueImpl).Wait(0xc0025cb730)
	/home/mariell/go/pkg/mod/github.com/centrifugal/centrifuge@v0.33.3/internal/dissolve/queue.go:139 +0x4a
github.com/centrifugal/centrifuge/internal/dissolve.(*Dissolver).runWorker(0xc0009821c8)
	/home/mariell/go/pkg/mod/github.com/centrifugal/centrifuge@v0.33.3/internal/dissolve/dissolve.go:52 +0x27
created by github.com/centrifugal/centrifuge/internal/dissolve.(*Dissolver).Run in goroutine 191
	/home/mariell/go/pkg/mod/github.com/centrifugal/centrifuge@v0.33.3/internal/dissolve/dissolve.go:31 +0x25

goroutine 2905 [sync.Cond.Wait]:
sync.runtime_notifyListWait(0xc002557a10, 0x22)
	/usr/lib/go/src/runtime/sema.go:597 +0x159
sync.(*Cond).Wait(0x0?)
	/usr/lib/go/src/sync/cond.go:71 +0x85
github.com/centrifugal/centrifuge/internal/dissolve.(*queueImpl).Wait(0xc0035d2380)
	/home/mariell/go/pkg/mod/github.com/centrifugal/centrifuge@v0.33.3/internal/dissolve/queue.go:139 +0x4a
github.com/centrifugal/centrifuge/internal/dissolve.(*Dissolver).runWorker(0xc001f98b70)
	/home/mariell/go/pkg/mod/github.com/centrifugal/centrifuge@v0.33.3/internal/dissolve/dissolve.go:52 +0x27
created by github.com/centrifugal/centrifuge/internal/dissolve.(*Dissolver).Run in goroutine 1617
	/home/mariell/go/pkg/mod/github.com/centrifugal/centrifuge@v0.33.3/internal/dissolve/dissolve.go:31 +0x25

goroutine 11992 [sync.Cond.Wait]:
sync.runtime_notifyListWait(0xc0082fe010, 0x22)
	/usr/lib/go/src/runtime/sema.go:597 +0x159
sync.(*Cond).Wait(0xc000c457d0?)
	/usr/lib/go/src/sync/cond.go:71 +0x85
github.com/centrifugal/centrifuge/internal/dissolve.(*queueImpl).Wait(0xc0088a18f0)
	/home/mariell/go/pkg/mod/github.com/centrifugal/centrifuge@v0.33.3/internal/dissolve/queue.go:139 +0x4a
github.com/centrifugal/centrifuge/internal/dissolve.(*Dissolver).runWorker(0xc003c41ef0)
	/home/mariell/go/pkg/mod/github.com/centrifugal/centrifuge@v0.33.3/internal/dissolve/dissolve.go:52 +0x27
created by github.com/centrifugal/centrifuge/internal/dissolve.(*Dissolver).Run in goroutine 10841
	/home/mariell/go/pkg/mod/github.com/centrifugal/centrifuge@v0.33.3/internal/dissolve/dissolve.go:31 +0x25

goroutine 4280 [select]:
github.com/patrickmn/go-cache.(*janitor).Run(0xc00446b810, 0xc00447ae80)
	/home/mariell/go/pkg/mod/github.com/patrickmn/go-cache@v2.1.0+incompatible/cache.go:1079 +0x7b
created by github.com/patrickmn/go-cache.runJanitor in goroutine 3352
	/home/mariell/go/pkg/mod/github.com/patrickmn/go-cache@v2.1.0+incompatible/cache.go:1099 +0xdb

goroutine 1300 [sync.Cond.Wait]:
sync.runtime_notifyListWait(0xc002596950, 0x13)
	/usr/lib/go/src/runtime/sema.go:597 +0x159
sync.(*Cond).Wait(0xc000c467d0?)
	/usr/lib/go/src/sync/cond.go:71 +0x85
github.com/centrifugal/centrifuge/internal/dissolve.(*queueImpl).Wait(0xc0025cb730)
	/home/mariell/go/pkg/mod/github.com/centrifugal/centrifuge@v0.33.3/internal/dissolve/queue.go:139 +0x4a
github.com/centrifugal/centrifuge/internal/dissolve.(*Dissolver).runWorker(0xc0009821c8)
	/home/mariell/go/pkg/mod/github.com/centrifugal/centrifuge@v0.33.3/internal/dissolve/dissolve.go:52 +0x27
created by github.com/centrifugal/centrifuge/internal/dissolve.(*Dissolver).Run in goroutine 191
	/home/mariell/go/pkg/mod/github.com/centrifugal/centrifuge@v0.33.3/internal/dissolve/dissolve.go:31 +0x25

goroutine 2670 [select]:
k8s.io/apimachinery/pkg/util/wait.BackoffUntil(0xc002bf5480, {0xa95ac00, 0xc0023a4720}, 0x1, 0xc002ae32d0)
	/home/mariell/go/pkg/mod/k8s.io/apimachinery@v0.32.1/pkg/util/wait/backoff.go:238 +0x12c
k8s.io/apimachinery/pkg/util/wait.JitterUntil(0xc002bf5480, 0x3b9aca00, 0x3ff3333333333333, 0x1, 0xc002ae32d0)
	/home/mariell/go/pkg/mod/k8s.io/apimachinery@v0.32.1/pkg/util/wait/backoff.go:204 +0x7f
created by k8s.io/apiserver/pkg/registry/generic/registry.(*Store).startObservingCount in goroutine 1605
	/home/mariell/go/pkg/mod/k8s.io/apiserver@v0.32.1/pkg/registry/generic/registry/store.go:1666 +0x2f9

goroutine 1346 [sync.Cond.Wait]:
sync.runtime_notifyListWait(0xc002596950, 0x2b)
	/usr/lib/go/src/runtime/sema.go:597 +0x159
sync.(*Cond).Wait(0xc000c477d0?)
	/usr/lib/go/src/sync/cond.go:71 +0x85
github.com/centrifugal/centrifuge/internal/dissolve.(*queueImpl).Wait(0xc0025cb730)
	/home/mariell/go/pkg/mod/github.com/centrifugal/centrifuge@v0.33.3/internal/dissolve/queue.go:139 +0x4a
github.com/centrifugal/centrifuge/internal/dissolve.(*Dissolver).runWorker(0xc0009821c8)
	/home/mariell/go/pkg/mod/github.com/centrifugal/centrifuge@v0.33.3/internal/dissolve/dissolve.go:52 +0x27
created by github.com/centrifugal/centrifuge/internal/dissolve.(*Dissolver).Run in goroutine 191
	/home/mariell/go/pkg/mod/github.com/centrifugal/centrifuge@v0.33.3/internal/dissolve/dissolve.go:31 +0x25

goroutine 4398 [select]:
github.com/patrickmn/go-cache.(*janitor).Run(0xc002e946a0, 0xc00248be80)
	/home/mariell/go/pkg/mod/github.com/patrickmn/go-cache@v2.1.0+incompatible/cache.go:1079 +0x7b
created by github.com/patrickmn/go-cache.runJanitor in goroutine 3352
	/home/mariell/go/pkg/mod/github.com/patrickmn/go-cache@v2.1.0+incompatible/cache.go:1099 +0xdb

goroutine 1117 [select]:
github.com/patrickmn/go-cache.(*janitor).Run(0xc0018101c0, 0xc002304980)
	/home/mariell/go/pkg/mod/github.com/patrickmn/go-cache@v2.1.0+incompatible/cache.go:1079 +0x7b
created by github.com/patrickmn/go-cache.runJanitor in goroutine 191
	/home/mariell/go/pkg/mod/github.com/patrickmn/go-cache@v2.1.0+incompatible/cache.go:1099 +0xdb

goroutine 4438 [select]:
github.com/grafana/grafana/pkg/server.(*Server).Shutdown.func1()
	/home/mariell/work/oss/grafana/pkg/server/server.go:192 +0x14e
sync.(*Once).doSlow(0x4ad?, 0x5cdac0?)
	/usr/lib/go/src/sync/once.go:78 +0xab
sync.(*Once).Do(...)
	/usr/lib/go/src/sync/once.go:69
github.com/grafana/grafana/pkg/server.(*Server).Shutdown(0x5cdac0?, {0xa9d1b58?, 0x11ab5f60?}, {0x953d300?, 0x5ceebc?})
	/home/mariell/work/oss/grafana/pkg/server/server.go:187 +0x88
github.com/grafana/grafana/pkg/tests/testinfra.StartGrafanaEnv.func3()
	/home/mariell/work/oss/grafana/pkg/tests/testinfra/testinfra.go:126 +0x4d
testing.(*common).Cleanup.func1()
	/usr/lib/go/src/testing/testing.go:1211 +0x106
testing.(*common).runCleanup(0xc005c941c0, 0xc0005056c0?)
	/usr/lib/go/src/testing/testing.go:1445 +0xea
testing.tRunner.func2()
	/usr/lib/go/src/testing/testing.go:1786 +0x25
runtime.Goexit()
	/usr/lib/go/src/runtime/panic.go:631 +0x5e
testing.(*common).FailNow(0xc005c941c0)
	/usr/lib/go/src/testing/testing.go:1041 +0x4a
github.com/stretchr/testify/require.NoError({0xa9764f8, 0xc005c941c0}, {0xa94d280, 0xc042e90880}, {0x0, 0x0, 0x0})
	/home/mariell/go/pkg/mod/github.com/stretchr/testify@v1.10.0/require/require.go:1357 +0xca
github.com/grafana/grafana/pkg/tests/api/alerting.createUser(0xc005c941c0, {0xaa95e40, 0xc0228223c0}, 0xc028014008, {{0x0, 0x0}, {0x0, 0x0}, {0x951981e, 0x6}, ...})
	/home/mariell/work/oss/grafana/pkg/tests/api/alerting/testing.go:1268 +0x285
github.com/grafana/grafana/pkg/tests/api/alerting.TestIntegrationAlertmanagerStatus(0xc005c941c0)
	/home/mariell/work/oss/grafana/pkg/tests/api/alerting/api_alertmanager_test.go:575 +0xe9
testing.tRunner(0xc005c941c0, 0x9e55a10)
	/usr/lib/go/src/testing/testing.go:1792 +0xf4
created by testing.(*T).Run in goroutine 1
	/usr/lib/go/src/testing/testing.go:1851 +0x413

goroutine 1621 [select]:
go.opentelemetry.io/otel/sdk/trace.(*batchSpanProcessor).processQueue(0xc002819ea0)
	/home/mariell/go/pkg/mod/go.opentelemetry.io/otel/sdk@v1.34.0/trace/batch_span_processor.go:302 +0x114
go.opentelemetry.io/otel/sdk/trace.NewBatchSpanProcessor.func1()
	/home/mariell/go/pkg/mod/go.opentelemetry.io/otel/sdk@v1.34.0/trace/batch_span_processor.go:117 +0x4e
created by go.opentelemetry.io/otel/sdk/trace.NewBatchSpanProcessor in goroutine 191
	/home/mariell/go/pkg/mod/go.opentelemetry.io/otel/sdk@v1.34.0/trace/batch_span_processor.go:115 +0x2d9

goroutine 1730 [select]:
database/sql.(*DB).connectionOpener(0xc001db5ba0, {0xa9d1d00, 0xc000fb2d70})
	/usr/lib/go/src/database/sql/sql.go:1261 +0x87
created by database/sql.OpenDB in goroutine 1617
	/usr/lib/go/src/database/sql/sql.go:841 +0x130

goroutine 1344 [sync.Cond.Wait]:
sync.runtime_notifyListWait(0xc002596950, 0x10)
	/usr/lib/go/src/runtime/sema.go:597 +0x159
sync.(*Cond).Wait(0x0?)
	/usr/lib/go/src/sync/cond.go:71 +0x85
github.com/centrifugal/centrifuge/internal/dissolve.(*queueImpl).Wait(0xc0025cb730)
	/home/mariell/go/pkg/mod/github.com/centrifugal/centrifuge@v0.33.3/internal/dissolve/queue.go:139 +0x4a
github.com/centrifugal/centrifuge/internal/dissolve.(*Dissolver).runWorker(0xc0009821c8)
	/home/mariell/go/pkg/mod/github.com/centrifugal/centrifuge@v0.33.3/internal/dissolve/dissolve.go:52 +0x27
created by github.com/centrifugal/centrifuge/internal/dissolve.(*Dissolver).Run in goroutine 191
	/home/mariell/go/pkg/mod/github.com/centrifugal/centrifuge@v0.33.3/internal/dissolve/dissolve.go:31 +0x25

goroutine 1345 [sync.Cond.Wait]:
sync.runtime_notifyListWait(0xc002596950, 0x0)
	/usr/lib/go/src/runtime/sema.go:597 +0x159
sync.(*Cond).Wait(0xc000c42fd0?)
	/usr/lib/go/src/sync/cond.go:71 +0x85
github.com/centrifugal/centrifuge/internal/dissolve.(*queueImpl).Wait(0xc0025cb730)
	/home/mariell/go/pkg/mod/github.com/centrifugal/centrifuge@v0.33.3/internal/dissolve/queue.go:139 +0x4a
github.com/centrifugal/centrifuge/internal/dissolve.(*Dissolver).runWorker(0xc0009821c8)
	/home/mariell/go/pkg/mod/github.com/centrifugal/centrifuge@v0.33.3/internal/dissolve/dissolve.go:52 +0x27
created by github.com/centrifugal/centrifuge/internal/dissolve.(*Dissolver).Run in goroutine 191
	/home/mariell/go/pkg/mod/github.com/centrifugal/centrifuge@v0.33.3/internal/dissolve/dissolve.go:31 +0x25

goroutine 1518 [select]:
github.com/patrickmn/go-cache.(*janitor).Run(0xc002c13d10, 0xc002305ac0)
	/home/mariell/go/pkg/mod/github.com/patrickmn/go-cache@v2.1.0+incompatible/cache.go:1079 +0x7b
created by github.com/patrickmn/go-cache.runJanitor in goroutine 191
	/home/mariell/go/pkg/mod/github.com/patrickmn/go-cache@v2.1.0+incompatible/cache.go:1099 +0xdb

goroutine 1116 [select]:
github.com/patrickmn/go-cache.(*janitor).Run(0xc0017de330, 0xc002304340)
	/home/mariell/go/pkg/mod/github.com/patrickmn/go-cache@v2.1.0+incompatible/cache.go:1079 +0x7b
created by github.com/patrickmn/go-cache.runJanitor in goroutine 191
	/home/mariell/go/pkg/mod/github.com/patrickmn/go-cache@v2.1.0+incompatible/cache.go:1099 +0xdb

goroutine 1343 [sync.Cond.Wait]:
sync.runtime_notifyListWait(0xc002596950, 0xf)
	/usr/lib/go/src/runtime/sema.go:597 +0x159
sync.(*Cond).Wait(0xc000c447d0?)
	/usr/lib/go/src/sync/cond.go:71 +0x85
github.com/centrifugal/centrifuge/internal/dissolve.(*queueImpl).Wait(0xc0025cb730)
	/home/mariell/go/pkg/mod/github.com/centrifugal/centrifuge@v0.33.3/internal/dissolve/queue.go:139 +0x4a
github.com/centrifugal/centrifuge/internal/dissolve.(*Dissolver).runWorker(0xc0009821c8)
	/home/mariell/go/pkg/mod/github.com/centrifugal/centrifuge@v0.33.3/internal/dissolve/dissolve.go:52 +0x27
created by github.com/centrifugal/centrifuge/internal/dissolve.(*Dissolver).Run in goroutine 191
	/home/mariell/go/pkg/mod/github.com/centrifugal/centrifuge@v0.33.3/internal/dissolve/dissolve.go:31 +0x25

goroutine 2671 [select]:
k8s.io/apimachinery/pkg/util/wait.BackoffUntil(0xc002bf5600, {0xa95ac00, 0xc0023a4780}, 0x1, 0xc002ae3340)
	/home/mariell/go/pkg/mod/k8s.io/apimachinery@v0.32.1/pkg/util/wait/backoff.go:238 +0x12c
k8s.io/apimachinery/pkg/util/wait.JitterUntil(0xc002bf5600, 0x3b9aca00, 0x3ff3333333333333, 0x1, 0xc002ae3340)
	/home/mariell/go/pkg/mod/k8s.io/apimachinery@v0.32.1/pkg/util/wait/backoff.go:204 +0x7f
created by k8s.io/apiserver/pkg/registry/generic/registry.(*Store).startObservingCount in goroutine 1605
	/home/mariell/go/pkg/mod/k8s.io/apiserver@v0.32.1/pkg/registry/generic/registry/store.go:1666 +0x2f9

goroutine 15234 [IO wait]:
internal/poll.runtime_pollWait(0x7775593b8160, 0x72)
	/usr/lib/go/src/runtime/netpoll.go:351 +0x85
internal/poll.(*pollDesc).wait(0xc00db2c600?, 0xc00dd88000?, 0x0)
	/usr/lib/go/src/internal/poll/fd_poll_runtime.go:84 +0x27
internal/poll.(*pollDesc).waitRead(...)
	/usr/lib/go/src/internal/poll/fd_poll_runtime.go:89
internal/poll.(*FD).Read(0xc00db2c600, {0xc00dd88000, 0x1300, 0x1300})
	/usr/lib/go/src/internal/poll/fd_unix.go:165 +0x27a
net.(*netFD).Read(0xc00db2c600, {0xc00dd88000?, 0xc004f33918?, 0x42d9fc?})
	/usr/lib/go/src/net/fd_posix.go:55 +0x25
net.(*conn).Read(0xc00cde0260, {0xc00dd88000?, 0x777559316210?, 0x7775a8b298a0?})
	/usr/lib/go/src/net/net.go:194 +0x45
crypto/tls.(*atLeastReader).Read(0xc008ba7008, {0xc00dd88000?, 0xc004f33998?, 0xaaa0878?})
	/usr/lib/go/src/crypto/tls/conn.go:809 +0x3b
bytes.(*Buffer).ReadFrom(0xc00db342b8, {0xa94e300, 0xc008ba7008})
	/usr/lib/go/src/bytes/buffer.go:211 +0x98
crypto/tls.(*Conn).readFromUntil(0xc00db34008, {0xa94dc00, 0xc00cde0260}, 0x444af4?)
	/usr/lib/go/src/crypto/tls/conn.go:831 +0xde
crypto/tls.(*Conn).readRecordOrCCS(0xc00db34008, 0x0)
	/usr/lib/go/src/crypto/tls/conn.go:629 +0x3cf
crypto/tls.(*Conn).readRecord(...)
	/usr/lib/go/src/crypto/tls/conn.go:591
crypto/tls.(*Conn).Read(0xc00db34008, {0xc00dd8f000, 0x1000, 0x7775a8b298a0?})
	/usr/lib/go/src/crypto/tls/conn.go:1385 +0x145
net/http.(*persistConn).Read(0xc0033a05a0, {0xc00dd8f000?, 0x4141c5?, 0x68?})
	/usr/lib/go/src/net/http/transport.go:2122 +0x47
bufio.(*Reader).fill(0xc00dd985a0)
	/usr/lib/go/src/bufio/bufio.go:113 +0x103
bufio.(*Reader).Peek(0xc00dd985a0, 0x1)
	/usr/lib/go/src/bufio/bufio.go:152 +0x53
net/http.(*persistConn).readLoop(0xc0033a05a0)
	/usr/lib/go/src/net/http/transport.go:2275 +0x172
created by net/http.(*Transport).dialConn in goroutine 14808
	/usr/lib/go/src/net/http/transport.go:1944 +0x174f

goroutine 2906 [sync.Cond.Wait]:
sync.runtime_notifyListWait(0xc002557a10, 0x23)
	/usr/lib/go/src/runtime/sema.go:597 +0x159
sync.(*Cond).Wait(0x0?)
	/usr/lib/go/src/sync/cond.go:71 +0x85
github.com/centrifugal/centrifuge/internal/dissolve.(*queueImpl).Wait(0xc0035d2380)
	/home/mariell/go/pkg/mod/github.com/centrifugal/centrifuge@v0.33.3/internal/dissolve/queue.go:139 +0x4a
github.com/centrifugal/centrifuge/internal/dissolve.(*Dissolver).runWorker(0xc001f98b70)
	/home/mariell/go/pkg/mod/github.com/centrifugal/centrifuge@v0.33.3/internal/dissolve/dissolve.go:52 +0x27
created by github.com/centrifugal/centrifuge/internal/dissolve.(*Dissolver).Run in goroutine 1617
	/home/mariell/go/pkg/mod/github.com/centrifugal/centrifuge@v0.33.3/internal/dissolve/dissolve.go:31 +0x25

goroutine 2725 [select]:
github.com/patrickmn/go-cache.(*janitor).Run(0xc003449910, 0xc002c80300)
	/home/mariell/go/pkg/mod/github.com/patrickmn/go-cache@v2.1.0+incompatible/cache.go:1079 +0x7b
created by github.com/patrickmn/go-cache.runJanitor in goroutine 1617
	/home/mariell/go/pkg/mod/github.com/patrickmn/go-cache@v2.1.0+incompatible/cache.go:1099 +0xdb

goroutine 3182 [IO wait]:
internal/poll.runtime_pollWait(0x7775618b93d8, 0x72)
	/usr/lib/go/src/runtime/netpoll.go:351 +0x85
internal/poll.(*pollDesc).wait(0xc00231c180?, 0xc002bbb300?, 0x0)
	/usr/lib/go/src/internal/poll/fd_poll_runtime.go:84 +0x27
internal/poll.(*pollDesc).waitRead(...)
	/usr/lib/go/src/internal/poll/fd_poll_runtime.go:89
internal/poll.(*FD).Read(0xc00231c180, {0xc002bbb300, 0x1300, 0x1300})
	/usr/lib/go/src/internal/poll/fd_unix.go:165 +0x27a
net.(*netFD).Read(0xc00231c180, {0xc002bbb300?, 0x3?, 0x21?})
	/usr/lib/go/src/net/fd_posix.go:55 +0x25
net.(*conn).Read(0xc00051f580, {0xc002bbb300?, 0x777560555190?, 0x7775a8b293e8?})
	/usr/lib/go/src/net/net.go:194 +0x45
crypto/tls.(*atLeastReader).Read(0xc00225cb70, {0xc002bbb300?, 0x1?, 0x0?})
	/usr/lib/go/src/crypto/tls/conn.go:809 +0x3b
bytes.(*Buffer).ReadFrom(0xc0023a62b8, {0xa94e300, 0xc00225cb70})
	/usr/lib/go/src/bytes/buffer.go:211 +0x98
crypto/tls.(*Conn).readFromUntil(0xc0023a6008, {0xa94dc00, 0xc00051f580}, 0x444af4?)
	/usr/lib/go/src/crypto/tls/conn.go:831 +0xde
crypto/tls.(*Conn).readRecordOrCCS(0xc0023a6008, 0x0)
	/usr/lib/go/src/crypto/tls/conn.go:629 +0x3cf
crypto/tls.(*Conn).readRecord(...)
	/usr/lib/go/src/crypto/tls/conn.go:591
crypto/tls.(*Conn).Read(0xc0023a6008, {0xc002b2a000, 0x1000, 0x7775a8b293e8?})
	/usr/lib/go/src/crypto/tls/conn.go:1385 +0x145
net/http.(*persistConn).Read(0xc0036f6000, {0xc002b2a000?, 0x4141c5?, 0x68?})
	/usr/lib/go/src/net/http/transport.go:2122 +0x47
bufio.(*Reader).fill(0xc001fe58c0)
	/usr/lib/go/src/bufio/bufio.go:113 +0x103
bufio.(*Reader).Peek(0xc001fe58c0, 0x1)
	/usr/lib/go/src/bufio/bufio.go:152 +0x53
net/http.(*persistConn).readLoop(0xc0036f6000)
	/usr/lib/go/src/net/http/transport.go:2275 +0x172
created by net/http.(*Transport).dialConn in goroutine 3173
	/usr/lib/go/src/net/http/transport.go:1944 +0x174f

goroutine 1342 [sync.Cond.Wait]:
sync.runtime_notifyListWait(0xc002596950, 0xe)
	/usr/lib/go/src/runtime/sema.go:597 +0x159
sync.(*Cond).Wait(0xc0022037d0?)
	/usr/lib/go/src/sync/cond.go:71 +0x85
github.com/centrifugal/centrifuge/internal/dissolve.(*queueImpl).Wait(0xc0025cb730)
	/home/mariell/go/pkg/mod/github.com/centrifugal/centrifuge@v0.33.3/internal/dissolve/queue.go:139 +0x4a
github.com/centrifugal/centrifuge/internal/dissolve.(*Dissolver).runWorker(0xc0009821c8)
	/home/mariell/go/pkg/mod/github.com/centrifugal/centrifuge@v0.33.3/internal/dissolve/dissolve.go:52 +0x27
created by github.com/centrifugal/centrifuge/internal/dissolve.(*Dissolver).Run in goroutine 191
	/home/mariell/go/pkg/mod/github.com/centrifugal/centrifuge@v0.33.3/internal/dissolve/dissolve.go:31 +0x25

goroutine 2724 [select]:
github.com/patrickmn/go-cache.(*janitor).Run(0xc0029c4770, 0xc000a76940)
	/home/mariell/go/pkg/mod/github.com/patrickmn/go-cache@v2.1.0+incompatible/cache.go:1079 +0x7b
created by github.com/patrickmn/go-cache.runJanitor in goroutine 1617
	/home/mariell/go/pkg/mod/github.com/patrickmn/go-cache@v2.1.0+incompatible/cache.go:1099 +0xdb

goroutine 2429 [chan receive (nil chan)]:
k8s.io/apiserver/pkg/server.preparedGenericAPIServer.RunWithContext({0x10212da?}, {0xa9d1d00, 0xc002b09810})
	/home/mariell/go/pkg/mod/k8s.io/apiserver@v0.32.1/pkg/server/genericapiserver.go:710 +0x9c5
github.com/grafana/grafana/pkg/services/apiserver.(*service).startCoreServer.func1()
	/home/mariell/work/oss/grafana/pkg/services/apiserver/service.go:448 +0x28
created by github.com/grafana/grafana/pkg/services/apiserver.(*service).startCoreServer in goroutine 1605
	/home/mariell/work/oss/grafana/pkg/services/apiserver/service.go:447 +0x125

goroutine 2931 [sync.Cond.Wait]:
sync.runtime_notifyListWait(0xc002557a10, 0x39)
	/usr/lib/go/src/runtime/sema.go:597 +0x159
sync.(*Cond).Wait(0xc000104fd0?)
	/usr/lib/go/src/sync/cond.go:71 +0x85
github.com/centrifugal/centrifuge/internal/dissolve.(*queueImpl).Wait(0xc0035d2380)
	/home/mariell/go/pkg/mod/github.com/centrifugal/centrifuge@v0.33.3/internal/dissolve/queue.go:139 +0x4a
github.com/centrifugal/centrifuge/internal/dissolve.(*Dissolver).runWorker(0xc001f98b70)
	/home/mariell/go/pkg/mod/github.com/centrifugal/centrifuge@v0.33.3/internal/dissolve/dissolve.go:52 +0x27
created by github.com/centrifugal/centrifuge/internal/dissolve.(*Dissolver).Run in goroutine 1617
	/home/mariell/go/pkg/mod/github.com/centrifugal/centrifuge@v0.33.3/internal/dissolve/dissolve.go:31 +0x25

goroutine 1341 [sync.Cond.Wait]:
sync.runtime_notifyListWait(0xc002596950, 0xd)
	/usr/lib/go/src/runtime/sema.go:597 +0x159
sync.(*Cond).Wait(0xc00220d7d0?)
	/usr/lib/go/src/sync/cond.go:71 +0x85
github.com/centrifugal/centrifuge/internal/dissolve.(*queueImpl).Wait(0xc0025cb730)
	/home/mariell/go/pkg/mod/github.com/centrifugal/centrifuge@v0.33.3/internal/dissolve/queue.go:139 +0x4a
github.com/centrifugal/centrifuge/internal/dissolve.(*Dissolver).runWorker(0xc0009821c8)
	/home/mariell/go/pkg/mod/github.com/centrifugal/centrifuge@v0.33.3/internal/dissolve/dissolve.go:52 +0x27
created by github.com/centrifugal/centrifuge/internal/dissolve.(*Dissolver).Run in goroutine 191
	/home/mariell/go/pkg/mod/github.com/centrifugal/centrifuge@v0.33.3/internal/dissolve/dissolve.go:31 +0x25

goroutine 1340 [sync.Cond.Wait]:
sync.runtime_notifyListWait(0xc002596950, 0xc)
	/usr/lib/go/src/runtime/sema.go:597 +0x159
sync.(*Cond).Wait(0x0?)
	/usr/lib/go/src/sync/cond.go:71 +0x85
github.com/centrifugal/centrifuge/internal/dissolve.(*queueImpl).Wait(0xc0025cb730)
	/home/mariell/go/pkg/mod/github.com/centrifugal/centrifuge@v0.33.3/internal/dissolve/queue.go:139 +0x4a
github.com/centrifugal/centrifuge/internal/dissolve.(*Dissolver).runWorker(0xc0009821c8)
	/home/mariell/go/pkg/mod/github.com/centrifugal/centrifuge@v0.33.3/internal/dissolve/dissolve.go:52 +0x27
created by github.com/centrifugal/centrifuge/internal/dissolve.(*Dissolver).Run in goroutine 191
	/home/mariell/go/pkg/mod/github.com/centrifugal/centrifuge@v0.33.3/internal/dissolve/dissolve.go:31 +0x25

goroutine 1321 [sync.Cond.Wait]:
sync.runtime_notifyListWait(0xc002596950, 0x28)
	/usr/lib/go/src/runtime/sema.go:597 +0x159
sync.(*Cond).Wait(0x0?)
	/usr/lib/go/src/sync/cond.go:71 +0x85
github.com/centrifugal/centrifuge/internal/dissolve.(*queueImpl).Wait(0xc0025cb730)
	/home/mariell/go/pkg/mod/github.com/centrifugal/centrifuge@v0.33.3/internal/dissolve/queue.go:139 +0x4a
github.com/centrifugal/centrifuge/internal/dissolve.(*Dissolver).runWorker(0xc0009821c8)
	/home/mariell/go/pkg/mod/github.com/centrifugal/centrifuge@v0.33.3/internal/dissolve/dissolve.go:52 +0x27
created by github.com/centrifugal/centrifuge/internal/dissolve.(*Dissolver).Run in goroutine 191
	/home/mariell/go/pkg/mod/github.com/centrifugal/centrifuge@v0.33.3/internal/dissolve/dissolve.go:31 +0x25

goroutine 1339 [sync.Cond.Wait]:
sync.runtime_notifyListWait(0xc002596950, 0xb)
	/usr/lib/go/src/runtime/sema.go:597 +0x159
sync.(*Cond).Wait(0x0?)
	/usr/lib/go/src/sync/cond.go:71 +0x85
github.com/centrifugal/centrifuge/internal/dissolve.(*queueImpl).Wait(0xc0025cb730)
	/home/mariell/go/pkg/mod/github.com/centrifugal/centrifuge@v0.33.3/internal/dissolve/queue.go:139 +0x4a
github.com/centrifugal/centrifuge/internal/dissolve.(*Dissolver).runWorker(0xc0009821c8)
	/home/mariell/go/pkg/mod/github.com/centrifugal/centrifuge@v0.33.3/internal/dissolve/dissolve.go:52 +0x27
created by github.com/centrifugal/centrifuge/internal/dissolve.(*Dissolver).Run in goroutine 191
	/home/mariell/go/pkg/mod/github.com/centrifugal/centrifuge@v0.33.3/internal/dissolve/dissolve.go:31 +0x25

goroutine 1338 [sync.Cond.Wait]:
sync.runtime_notifyListWait(0xc002596950, 0xa)
	/usr/lib/go/src/runtime/sema.go:597 +0x159
sync.(*Cond).Wait(0x0?)
	/usr/lib/go/src/sync/cond.go:71 +0x85
github.com/centrifugal/centrifuge/internal/dissolve.(*queueImpl).Wait(0xc0025cb730)
	/home/mariell/go/pkg/mod/github.com/centrifugal/centrifuge@v0.33.3/internal/dissolve/queue.go:139 +0x4a
github.com/centrifugal/centrifuge/internal/dissolve.(*Dissolver).runWorker(0xc0009821c8)
	/home/mariell/go/pkg/mod/github.com/centrifugal/centrifuge@v0.33.3/internal/dissolve/dissolve.go:52 +0x27
created by github.com/centrifugal/centrifuge/internal/dissolve.(*Dissolver).Run in goroutine 191
	/home/mariell/go/pkg/mod/github.com/centrifugal/centrifuge@v0.33.3/internal/dissolve/dissolve.go:31 +0x25

goroutine 9168 [IO wait]:
internal/poll.runtime_pollWait(0x7775591d1468, 0x72)
	/usr/lib/go/src/runtime/netpoll.go:351 +0x85
internal/poll.(*pollDesc).wait(0xc008ef4400?, 0xc001a81300?, 0x0)
	/usr/lib/go/src/internal/poll/fd_poll_runtime.go:84 +0x27
internal/poll.(*pollDesc).waitRead(...)
	/usr/lib/go/src/internal/poll/fd_poll_runtime.go:89
internal/poll.(*FD).Read(0xc008ef4400, {0xc001a81300, 0x1300, 0x1300})
	/usr/lib/go/src/internal/poll/fd_unix.go:165 +0x27a
net.(*netFD).Read(0xc008ef4400, {0xc001a81300?, 0xc001a81300?, 0x5?})
	/usr/lib/go/src/net/fd_posix.go:55 +0x25
net.(*conn).Read(0xc009284840, {0xc001a81300?, 0x7775597e9b38?, 0x7775a8b2a6c8?})
	/usr/lib/go/src/net/net.go:194 +0x45
crypto/tls.(*atLeastReader).Read(0xc003c4a7e0, {0xc001a81300?, 0x12fb?, 0x43?})
	/usr/lib/go/src/crypto/tls/conn.go:809 +0x3b
bytes.(*Buffer).ReadFrom(0xc0094d2d38, {0xa94e300, 0xc003c4a7e0})
	/usr/lib/go/src/bytes/buffer.go:211 +0x98
crypto/tls.(*Conn).readFromUntil(0xc0094d2a88, {0xa94dc00, 0xc009284840}, 0x444af4?)
	/usr/lib/go/src/crypto/tls/conn.go:831 +0xde
crypto/tls.(*Conn).readRecordOrCCS(0xc0094d2a88, 0x0)
	/usr/lib/go/src/crypto/tls/conn.go:629 +0x3cf
crypto/tls.(*Conn).readRecord(...)
	/usr/lib/go/src/crypto/tls/conn.go:591
crypto/tls.(*Conn).Read(0xc0094d2a88, {0xc00960d000, 0x1000, 0xc0094c7a40?})
	/usr/lib/go/src/crypto/tls/conn.go:1385 +0x145
net/http.(*persistConn).Read(0xc002656c60, {0xc00960d000?, 0x81fe45?, 0xa94be80?})
	/usr/lib/go/src/net/http/transport.go:2122 +0x47
bufio.(*Reader).fill(0xc005c5a2a0)
	/usr/lib/go/src/bufio/bufio.go:113 +0x103
bufio.(*Reader).Peek(0xc005c5a2a0, 0x1)
	/usr/lib/go/src/bufio/bufio.go:152 +0x53
net/http.(*persistConn).readLoop(0xc002656c60)
	/usr/lib/go/src/net/http/transport.go:2275 +0x172
created by net/http.(*Transport).dialConn in goroutine 9200
	/usr/lib/go/src/net/http/transport.go:1944 +0x174f

goroutine 1313 [sync.Cond.Wait]:
sync.runtime_notifyListWait(0xc002596950, 0x20)
	/usr/lib/go/src/runtime/sema.go:597 +0x159
sync.(*Cond).Wait(0xc0022007d0?)
	/usr/lib/go/src/sync/cond.go:71 +0x85
github.com/centrifugal/centrifuge/internal/dissolve.(*queueImpl).Wait(0xc0025cb730)
	/home/mariell/go/pkg/mod/github.com/centrifugal/centrifuge@v0.33.3/internal/dissolve/queue.go:139 +0x4a
github.com/centrifugal/centrifuge/internal/dissolve.(*Dissolver).runWorker(0xc0009821c8)
	/home/mariell/go/pkg/mod/github.com/centrifugal/centrifuge@v0.33.3/internal/dissolve/dissolve.go:52 +0x27
created by github.com/centrifugal/centrifuge/internal/dissolve.(*Dissolver).Run in goroutine 191
	/home/mariell/go/pkg/mod/github.com/centrifugal/centrifuge@v0.33.3/internal/dissolve/dissolve.go:31 +0x25

goroutine 6234 [IO wait]:
internal/poll.runtime_pollWait(0x777559340580, 0x72)
	/usr/lib/go/src/runtime/netpoll.go:351 +0x85
internal/poll.(*pollDesc).wait(0xc006392d00?, 0xc0068ce000?, 0x0)
	/usr/lib/go/src/internal/poll/fd_poll_runtime.go:84 +0x27
internal/poll.(*pollDesc).waitRead(...)
	/usr/lib/go/src/internal/poll/fd_poll_runtime.go:89
internal/poll.(*FD).Read(0xc006392d00, {0xc0068ce000, 0xa000, 0xa000})
	/usr/lib/go/src/internal/poll/fd_unix.go:165 +0x27a
net.(*netFD).Read(0xc006392d00, {0xc0068ce000?, 0xc0068ce000?, 0x5?})
	/usr/lib/go/src/net/fd_posix.go:55 +0x25
net.(*conn).Read(0xc0067b0330, {0xc0068ce000?, 0x77756005f8c8?, 0x7775a8b2a6c8?})
	/usr/lib/go/src/net/net.go:194 +0x45
crypto/tls.(*atLeastReader).Read(0xc00356c168, {0xc0068ce000?, 0x50?, 0x1?})
	/usr/lib/go/src/crypto/tls/conn.go:809 +0x3b
bytes.(*Buffer).ReadFrom(0xc00698a2b8, {0xa94e300, 0xc00356c168})
	/usr/lib/go/src/bytes/buffer.go:211 +0x98
crypto/tls.(*Conn).readFromUntil(0xc00698a008, {0xa94dc00, 0xc0067b0330}, 0x444af4?)
	/usr/lib/go/src/crypto/tls/conn.go:831 +0xde
crypto/tls.(*Conn).readRecordOrCCS(0xc00698a008, 0x0)
	/usr/lib/go/src/crypto/tls/conn.go:629 +0x3cf
crypto/tls.(*Conn).readRecord(...)
	/usr/lib/go/src/crypto/tls/conn.go:591
crypto/tls.(*Conn).Read(0xc00698a008, {0xc0069ba000, 0x1000, 0xc006805b00?})
	/usr/lib/go/src/crypto/tls/conn.go:1385 +0x145
net/http.(*persistConn).Read(0xc0033d4120, {0xc0069ba000?, 0x81fe45?, 0xa94be80?})
	/usr/lib/go/src/net/http/transport.go:2122 +0x47
bufio.(*Reader).fill(0xc0069b64e0)
	/usr/lib/go/src/bufio/bufio.go:113 +0x103
bufio.(*Reader).Peek(0xc0069b64e0, 0x1)
	/usr/lib/go/src/bufio/bufio.go:152 +0x53
net/http.(*persistConn).readLoop(0xc0033d4120)
	/usr/lib/go/src/net/http/transport.go:2275 +0x172
created by net/http.(*Transport).dialConn in goroutine 6143
	/usr/lib/go/src/net/http/transport.go:1944 +0x174f

goroutine 1140 [select]:
github.com/patrickmn/go-cache.(*janitor).Run(0xc001811100, 0xc002304d80)
	/home/mariell/go/pkg/mod/github.com/patrickmn/go-cache@v2.1.0+incompatible/cache.go:1079 +0x7b
created by github.com/patrickmn/go-cache.runJanitor in goroutine 191
	/home/mariell/go/pkg/mod/github.com/patrickmn/go-cache@v2.1.0+incompatible/cache.go:1099 +0xdb

goroutine 2948 [sync.Cond.Wait]:
sync.runtime_notifyListWait(0xc002557a10, 0xd)
	/usr/lib/go/src/runtime/sema.go:597 +0x159
sync.(*Cond).Wait(0xc0024acfd0?)
	/usr/lib/go/src/sync/cond.go:71 +0x85
github.com/centrifugal/centrifuge/internal/dissolve.(*queueImpl).Wait(0xc0035d2380)
	/home/mariell/go/pkg/mod/github.com/centrifugal/centrifuge@v0.33.3/internal/dissolve/queue.go:139 +0x4a
github.com/centrifugal/centrifuge/internal/dissolve.(*Dissolver).runWorker(0xc001f98b70)
	/home/mariell/go/pkg/mod/github.com/centrifugal/centrifuge@v0.33.3/internal/dissolve/dissolve.go:52 +0x27
created by github.com/centrifugal/centrifuge/internal/dissolve.(*Dissolver).Run in goroutine 1617
	/home/mariell/go/pkg/mod/github.com/centrifugal/centrifuge@v0.33.3/internal/dissolve/dissolve.go:31 +0x25

goroutine 1337 [sync.Cond.Wait]:
sync.runtime_notifyListWait(0xc002596950, 0x9)
	/usr/lib/go/src/runtime/sema.go:597 +0x159
sync.(*Cond).Wait(0x0?)
	/usr/lib/go/src/sync/cond.go:71 +0x85
github.com/centrifugal/centrifuge/internal/dissolve.(*queueImpl).Wait(0xc0025cb730)
	/home/mariell/go/pkg/mod/github.com/centrifugal/centrifuge@v0.33.3/internal/dissolve/queue.go:139 +0x4a
github.com/centrifugal/centrifuge/internal/dissolve.(*Dissolver).runWorker(0xc0009821c8)
	/home/mariell/go/pkg/mod/github.com/centrifugal/centrifuge@v0.33.3/internal/dissolve/dissolve.go:52 +0x27
created by github.com/centrifugal/centrifuge/internal/dissolve.(*Dissolver).Run in goroutine 191
	/home/mariell/go/pkg/mod/github.com/centrifugal/centrifuge@v0.33.3/internal/dissolve/dissolve.go:31 +0x25

goroutine 24000 [select]:
github.com/centrifugal/centrifuge.(*Node).cleanNodeInfo(0xc00a5ddb08)
	/home/mariell/go/pkg/mod/github.com/centrifugal/centrifuge@v0.33.3/node.go:394 +0x90
created by github.com/centrifugal/centrifuge.(*Node).Run in goroutine 22319
	/home/mariell/go/pkg/mod/github.com/centrifugal/centrifuge@v0.33.3/node.go:261 +0x265

goroutine 5798 [sync.Cond.Wait]:
sync.runtime_notifyListWait(0xc002557390, 0x1)
	/usr/lib/go/src/runtime/sema.go:597 +0x159
sync.(*Cond).Wait(0x0?)
	/usr/lib/go/src/sync/cond.go:71 +0x85
github.com/centrifugal/centrifuge/internal/dissolve.(*queueImpl).Wait(0xc006063c00)
	/home/mariell/go/pkg/mod/github.com/centrifugal/centrifuge@v0.33.3/internal/dissolve/queue.go:139 +0x4a
github.com/centrifugal/centrifuge/internal/dissolve.(*Dissolver).runWorker(0xc0037337d0)
	/home/mariell/go/pkg/mod/github.com/centrifugal/centrifuge@v0.33.3/internal/dissolve/dissolve.go:52 +0x27
created by github.com/centrifugal/centrifuge/internal/dissolve.(*Dissolver).Run in goroutine 4441
	/home/mariell/go/pkg/mod/github.com/centrifugal/centrifuge@v0.33.3/internal/dissolve/dissolve.go:31 +0x25

goroutine 1288 [select]:
github.com/centrifugal/centrifuge.(*MemoryBroker).expireResultCache(0xc00255f980)
	/home/mariell/go/pkg/mod/github.com/centrifugal/centrifuge@v0.33.3/broker_memory.go:160 +0x68
created by github.com/centrifugal/centrifuge.(*MemoryBroker).Run in goroutine 191
	/home/mariell/go/pkg/mod/github.com/centrifugal/centrifuge@v0.33.3/broker_memory.go:73 +0x7f

goroutine 1336 [sync.Cond.Wait]:
sync.runtime_notifyListWait(0xc002596950, 0x8)
	/usr/lib/go/src/runtime/sema.go:597 +0x159
sync.(*Cond).Wait(0xc00220c7d0?)
	/usr/lib/go/src/sync/cond.go:71 +0x85
github.com/centrifugal/centrifuge/internal/dissolve.(*queueImpl).Wait(0xc0025cb730)
	/home/mariell/go/pkg/mod/github.com/centrifugal/centrifuge@v0.33.3/internal/dissolve/queue.go:139 +0x4a
github.com/centrifugal/centrifuge/internal/dissolve.(*Dissolver).runWorker(0xc0009821c8)
	/home/mariell/go/pkg/mod/github.com/centrifugal/centrifuge@v0.33.3/internal/dissolve/dissolve.go:52 +0x27
created by github.com/centrifugal/centrifuge/internal/dissolve.(*Dissolver).Run in goroutine 191
	/home/mariell/go/pkg/mod/github.com/centrifugal/centrifuge@v0.33.3/internal/dissolve/dissolve.go:31 +0x25

goroutine 1353 [sync.Cond.Wait]:
sync.runtime_notifyListWait(0xc002596950, 0x2a)
	/usr/lib/go/src/runtime/sema.go:597 +0x159
sync.(*Cond).Wait(0x0?)
	/usr/lib/go/src/sync/cond.go:71 +0x85
github.com/centrifugal/centrifuge/internal/dissolve.(*queueImpl).Wait(0xc0025cb730)
	/home/mariell/go/pkg/mod/github.com/centrifugal/centrifuge@v0.33.3/internal/dissolve/queue.go:139 +0x4a
github.com/centrifugal/centrifuge/internal/dissolve.(*Dissolver).runWorker(0xc0009821c8)
	/home/mariell/go/pkg/mod/github.com/centrifugal/centrifuge@v0.33.3/internal/dissolve/dissolve.go:52 +0x27
created by github.com/centrifugal/centrifuge/internal/dissolve.(*Dissolver).Run in goroutine 191
	/home/mariell/go/pkg/mod/github.com/centrifugal/centrifuge@v0.33.3/internal/dissolve/dissolve.go:31 +0x25

goroutine 1335 [sync.Cond.Wait]:
sync.runtime_notifyListWait(0xc002596950, 0x7)
	/usr/lib/go/src/runtime/sema.go:597 +0x159
sync.(*Cond).Wait(0xc0022157d0?)
	/usr/lib/go/src/sync/cond.go:71 +0x85
github.com/centrifugal/centrifuge/internal/dissolve.(*queueImpl).Wait(0xc0025cb730)
	/home/mariell/go/pkg/mod/github.com/centrifugal/centrifuge@v0.33.3/internal/dissolve/queue.go:139 +0x4a
github.com/centrifugal/centrifuge/internal/dissolve.(*Dissolver).runWorker(0xc0009821c8)
	/home/mariell/go/pkg/mod/github.com/centrifugal/centrifuge@v0.33.3/internal/dissolve/dissolve.go:52 +0x27
created by github.com/centrifugal/centrifuge/internal/dissolve.(*Dissolver).Run in goroutine 191
	/home/mariell/go/pkg/mod/github.com/centrifugal/centrifuge@v0.33.3/internal/dissolve/dissolve.go:31 +0x25

goroutine 1310 [sync.Cond.Wait]:
sync.runtime_notifyListWait(0xc002596950, 0x1d)
	/usr/lib/go/src/runtime/sema.go:597 +0x159
sync.(*Cond).Wait(0x0?)
	/usr/lib/go/src/sync/cond.go:71 +0x85
github.com/centrifugal/centrifuge/internal/dissolve.(*queueImpl).Wait(0xc0025cb730)
	/home/mariell/go/pkg/mod/github.com/centrifugal/centrifuge@v0.33.3/internal/dissolve/queue.go:139 +0x4a
github.com/centrifugal/centrifuge/internal/dissolve.(*Dissolver).runWorker(0xc0009821c8)
	/home/mariell/go/pkg/mod/github.com/centrifugal/centrifuge@v0.33.3/internal/dissolve/dissolve.go:52 +0x27
created by github.com/centrifugal/centrifuge/internal/dissolve.(*Dissolver).Run in goroutine 191
	/home/mariell/go/pkg/mod/github.com/centrifugal/centrifuge@v0.33.3/internal/dissolve/dissolve.go:31 +0x25

goroutine 1301 [sync.Cond.Wait]:
sync.runtime_notifyListWait(0xc002596950, 0x14)
	/usr/lib/go/src/runtime/sema.go:597 +0x159
sync.(*Cond).Wait(0x0?)
	/usr/lib/go/src/sync/cond.go:71 +0x85
github.com/centrifugal/centrifuge/internal/dissolve.(*queueImpl).Wait(0xc0025cb730)
	/home/mariell/go/pkg/mod/github.com/centrifugal/centrifuge@v0.33.3/internal/dissolve/queue.go:139 +0x4a
github.com/centrifugal/centrifuge/internal/dissolve.(*Dissolver).runWorker(0xc0009821c8)
	/home/mariell/go/pkg/mod/github.com/centrifugal/centrifuge@v0.33.3/internal/dissolve/dissolve.go:52 +0x27
created by github.com/centrifugal/centrifuge/internal/dissolve.(*Dissolver).Run in goroutine 191
	/home/mariell/go/pkg/mod/github.com/centrifugal/centrifuge@v0.33.3/internal/dissolve/dissolve.go:31 +0x25

goroutine 1334 [sync.Cond.Wait]:
sync.runtime_notifyListWait(0xc002596950, 0x6)
	/usr/lib/go/src/runtime/sema.go:597 +0x159
sync.(*Cond).Wait(0x0?)
	/usr/lib/go/src/sync/cond.go:71 +0x85
github.com/centrifugal/centrifuge/internal/dissolve.(*queueImpl).Wait(0xc0025cb730)
	/home/mariell/go/pkg/mod/github.com/centrifugal/centrifuge@v0.33.3/internal/dissolve/queue.go:139 +0x4a
github.com/centrifugal/centrifuge/internal/dissolve.(*Dissolver).runWorker(0xc0009821c8)
	/home/mariell/go/pkg/mod/github.com/centrifugal/centrifuge@v0.33.3/internal/dissolve/dissolve.go:52 +0x27
created by github.com/centrifugal/centrifuge/internal/dissolve.(*Dissolver).Run in goroutine 191
	/home/mariell/go/pkg/mod/github.com/centrifugal/centrifuge@v0.33.3/internal/dissolve/dissolve.go:31 +0x25

goroutine 7802 [IO wait]:
internal/poll.runtime_pollWait(0x7775591d18c8, 0x72)
	/usr/lib/go/src/runtime/netpoll.go:351 +0x85
internal/poll.(*pollDesc).wait(0xc0029b3080?, 0xc003a5e000?, 0x0)
	/usr/lib/go/src/internal/poll/fd_poll_runtime.go:84 +0x27
internal/poll.(*pollDesc).waitRead(...)
	/usr/lib/go/src/internal/poll/fd_poll_runtime.go:89
internal/poll.(*FD).Read(0xc0029b3080, {0xc003a5e000, 0xa000, 0xa000})
	/usr/lib/go/src/internal/poll/fd_unix.go:165 +0x27a
net.(*netFD).Read(0xc0029b3080, {0xc003a5e000?, 0xc003a5e000?, 0x5?})
	/usr/lib/go/src/net/fd_posix.go:55 +0x25
net.(*conn).Read(0xc002ec00a8, {0xc003a5e000?, 0x777560088ef0?, 0x7775a8b293e8?})
	/usr/lib/go/src/net/net.go:194 +0x45
crypto/tls.(*atLeastReader).Read(0xc004c58060, {0xc003a5e000?, 0x9ffb?, 0xc00249554c?})
	/usr/lib/go/src/crypto/tls/conn.go:809 +0x3b
bytes.(*Buffer).ReadFrom(0xc004124d38, {0xa94e300, 0xc004c58060})
	/usr/lib/go/src/bytes/buffer.go:211 +0x98
crypto/tls.(*Conn).readFromUntil(0xc004124a88, {0xa94dc00, 0xc002ec00a8}, 0x444af4?)
	/usr/lib/go/src/crypto/tls/conn.go:831 +0xde
crypto/tls.(*Conn).readRecordOrCCS(0xc004124a88, 0x0)
	/usr/lib/go/src/crypto/tls/conn.go:629 +0x3cf
crypto/tls.(*Conn).readRecord(...)
	/usr/lib/go/src/crypto/tls/conn.go:591
crypto/tls.(*Conn).Read(0xc004124a88, {0xc0020ea000, 0x1000, 0xc0036a9f50?})
	/usr/lib/go/src/crypto/tls/conn.go:1385 +0x145
net/http.(*persistConn).Read(0xc0035a6000, {0xc0020ea000?, 0x81fe45?, 0xa94be80?})
	/usr/lib/go/src/net/http/transport.go:2122 +0x47
bufio.(*Reader).fill(0xc003efd7a0)
	/usr/lib/go/src/bufio/bufio.go:113 +0x103
bufio.(*Reader).Peek(0xc003efd7a0, 0x1)
	/usr/lib/go/src/bufio/bufio.go:152 +0x53
net/http.(*persistConn).readLoop(0xc0035a6000)
	/usr/lib/go/src/net/http/transport.go:2275 +0x172
created by net/http.(*Transport).dialConn in goroutine 6236
	/usr/lib/go/src/net/http/transport.go:1944 +0x174f

goroutine 1333 [sync.Cond.Wait]:
sync.runtime_notifyListWait(0xc002596950, 0x5)
	/usr/lib/go/src/runtime/sema.go:597 +0x159
sync.(*Cond).Wait(0x0?)
	/usr/lib/go/src/sync/cond.go:71 +0x85
github.com/centrifugal/centrifuge/internal/dissolve.(*queueImpl).Wait(0xc0025cb730)
	/home/mariell/go/pkg/mod/github.com/centrifugal/centrifuge@v0.33.3/internal/dissolve/queue.go:139 +0x4a
github.com/centrifugal/centrifuge/internal/dissolve.(*Dissolver).runWorker(0xc0009821c8)
	/home/mariell/go/pkg/mod/github.com/centrifugal/centrifuge@v0.33.3/internal/dissolve/dissolve.go:52 +0x27
created by github.com/centrifugal/centrifuge/internal/dissolve.(*Dissolver).Run in goroutine 191
	/home/mariell/go/pkg/mod/github.com/centrifugal/centrifuge@v0.33.3/internal/dissolve/dissolve.go:31 +0x25

goroutine 1332 [sync.Cond.Wait]:
sync.runtime_notifyListWait(0xc002596950, 0x4)
	/usr/lib/go/src/runtime/sema.go:597 +0x159
sync.(*Cond).Wait(0x0?)
	/usr/lib/go/src/sync/cond.go:71 +0x85
github.com/centrifugal/centrifuge/internal/dissolve.(*queueImpl).Wait(0xc0025cb730)
	/home/mariell/go/pkg/mod/github.com/centrifugal/centrifuge@v0.33.3/internal/dissolve/queue.go:139 +0x4a
github.com/centrifugal/centrifuge/internal/dissolve.(*Dissolver).runWorker(0xc0009821c8)
	/home/mariell/go/pkg/mod/github.com/centrifugal/centrifuge@v0.33.3/internal/dissolve/dissolve.go:52 +0x27
created by github.com/centrifugal/centrifuge/internal/dissolve.(*Dissolver).Run in goroutine 191
	/home/mariell/go/pkg/mod/github.com/centrifugal/centrifuge@v0.33.3/internal/dissolve/dissolve.go:31 +0x25

goroutine 1331 [sync.Cond.Wait]:
sync.runtime_notifyListWait(0xc002596950, 0x3)
	/usr/lib/go/src/runtime/sema.go:597 +0x159
sync.(*Cond).Wait(0x0?)
	/usr/lib/go/src/sync/cond.go:71 +0x85
github.com/centrifugal/centrifuge/internal/dissolve.(*queueImpl).Wait(0xc0025cb730)
	/home/mariell/go/pkg/mod/github.com/centrifugal/centrifuge@v0.33.3/internal/dissolve/queue.go:139 +0x4a
github.com/centrifugal/centrifuge/internal/dissolve.(*Dissolver).runWorker(0xc0009821c8)
	/home/mariell/go/pkg/mod/github.com/centrifugal/centrifuge@v0.33.3/internal/dissolve/dissolve.go:52 +0x27
created by github.com/centrifugal/centrifuge/internal/dissolve.(*Dissolver).Run in goroutine 191
	/home/mariell/go/pkg/mod/github.com/centrifugal/centrifuge@v0.33.3/internal/dissolve/dissolve.go:31 +0x25

goroutine 3225 [select]:
go.opentelemetry.io/otel/sdk/trace.(*batchSpanProcessor).processQueue(0xc002f90aa0)
	/home/mariell/go/pkg/mod/go.opentelemetry.io/otel/sdk@v1.34.0/trace/batch_span_processor.go:302 +0x114
go.opentelemetry.io/otel/sdk/trace.NewBatchSpanProcessor.func1()
	/home/mariell/go/pkg/mod/go.opentelemetry.io/otel/sdk@v1.34.0/trace/batch_span_processor.go:117 +0x4e
created by go.opentelemetry.io/otel/sdk/trace.NewBatchSpanProcessor in goroutine 1617
	/home/mariell/go/pkg/mod/go.opentelemetry.io/otel/sdk@v1.34.0/trace/batch_span_processor.go:115 +0x2d9

goroutine 7417 [sync.Cond.Wait]:
sync.runtime_notifyListWait(0xc0088a2350, 0x22)
	/usr/lib/go/src/runtime/sema.go:597 +0x159
sync.(*Cond).Wait(0x0?)
	/usr/lib/go/src/sync/cond.go:71 +0x85
github.com/centrifugal/centrifuge/internal/dissolve.(*queueImpl).Wait(0xc0088a0620)
	/home/mariell/go/pkg/mod/github.com/centrifugal/centrifuge@v0.33.3/internal/dissolve/queue.go:139 +0x4a
github.com/centrifugal/centrifuge/internal/dissolve.(*Dissolver).runWorker(0xc001ba2798)
	/home/mariell/go/pkg/mod/github.com/centrifugal/centrifuge@v0.33.3/internal/dissolve/dissolve.go:52 +0x27
created by github.com/centrifugal/centrifuge/internal/dissolve.(*Dissolver).Run in goroutine 6291
	/home/mariell/go/pkg/mod/github.com/centrifugal/centrifuge@v0.33.3/internal/dissolve/dissolve.go:31 +0x25

goroutine 6092 [IO wait]:
internal/poll.runtime_pollWait(0x7775593408c8, 0x72)
	/usr/lib/go/src/runtime/netpoll.go:351 +0x85
internal/poll.(*pollDesc).wait(0xc00678e100?, 0xc0066ae000?, 0x0)
	/usr/lib/go/src/internal/poll/fd_poll_runtime.go:84 +0x27
internal/poll.(*pollDesc).waitRead(...)
	/usr/lib/go/src/internal/poll/fd_poll_runtime.go:89
internal/poll.(*FD).Read(0xc00678e100, {0xc0066ae000, 0x1300, 0x1300})
	/usr/lib/go/src/internal/poll/fd_unix.go:165 +0x27a
net.(*netFD).Read(0xc00678e100, {0xc0066ae000?, 0x0?, 0x0?})
	/usr/lib/go/src/net/fd_posix.go:55 +0x25
net.(*conn).Read(0xc0067b0158, {0xc0066ae000?, 0x777559397378?, 0x7775a8b298a0?})
	/usr/lib/go/src/net/net.go:194 +0x45
crypto/tls.(*atLeastReader).Read(0xc00491bd58, {0xc0066ae000?, 0x0?, 0x0?})
	/usr/lib/go/src/crypto/tls/conn.go:809 +0x3b
bytes.(*Buffer).ReadFrom(0xc0066230b8, {0xa94e300, 0xc00491bd58})
	/usr/lib/go/src/bytes/buffer.go:211 +0x98
crypto/tls.(*Conn).readFromUntil(0xc006622e08, {0xa94dc00, 0xc0067b0158}, 0x444af4?)
	/usr/lib/go/src/crypto/tls/conn.go:831 +0xde
crypto/tls.(*Conn).readRecordOrCCS(0xc006622e08, 0x0)
	/usr/lib/go/src/crypto/tls/conn.go:629 +0x3cf
crypto/tls.(*Conn).readRecord(...)
	/usr/lib/go/src/crypto/tls/conn.go:591
crypto/tls.(*Conn).Read(0xc006622e08, {0xc0066b6000, 0x1000, 0x7775a8b298a0?})
	/usr/lib/go/src/crypto/tls/conn.go:1385 +0x145
net/http.(*persistConn).Read(0xc0033bea20, {0xc0066b6000?, 0x4141c5?, 0x68?})
	/usr/lib/go/src/net/http/transport.go:2122 +0x47
bufio.(*Reader).fill(0xc004449b00)
	/usr/lib/go/src/bufio/bufio.go:113 +0x103
bufio.(*Reader).Peek(0xc004449b00, 0x1)
	/usr/lib/go/src/bufio/bufio.go:152 +0x53
net/http.(*persistConn).readLoop(0xc0033bea20)
	/usr/lib/go/src/net/http/transport.go:2275 +0x172
created by net/http.(*Transport).dialConn in goroutine 2768
	/usr/lib/go/src/net/http/transport.go:1944 +0x174f

goroutine 1309 [sync.Cond.Wait]:
sync.runtime_notifyListWait(0xc002596950, 0x1c)
	/usr/lib/go/src/runtime/sema.go:597 +0x159
sync.(*Cond).Wait(0x0?)
	/usr/lib/go/src/sync/cond.go:71 +0x85
github.com/centrifugal/centrifuge/internal/dissolve.(*queueImpl).Wait(0xc0025cb730)
	/home/mariell/go/pkg/mod/github.com/centrifugal/centrifuge@v0.33.3/internal/dissolve/queue.go:139 +0x4a
github.com/centrifugal/centrifuge/internal/dissolve.(*Dissolver).runWorker(0xc0009821c8)
	/home/mariell/go/pkg/mod/github.com/centrifugal/centrifuge@v0.33.3/internal/dissolve/dissolve.go:52 +0x27
created by github.com/centrifugal/centrifuge/internal/dissolve.(*Dissolver).Run in goroutine 191
	/home/mariell/go/pkg/mod/github.com/centrifugal/centrifuge@v0.33.3/internal/dissolve/dissolve.go:31 +0x25

goroutine 40969 [select]:
k8s.io/apimachinery/pkg/util/wait.BackoffUntil(0xc023fdc200, {0xa95ac00, 0xc011fc3bf0}, 0x1, 0xc023d69e30)
	/home/mariell/go/pkg/mod/k8s.io/apimachinery@v0.32.1/pkg/util/wait/backoff.go:238 +0x12c
k8s.io/apimachinery/pkg/util/wait.JitterUntil(0xc023fdc200, 0x3b9aca00, 0x3ff3333333333333, 0x1, 0xc023d69e30)
	/home/mariell/go/pkg/mod/k8s.io/apimachinery@v0.32.1/pkg/util/wait/backoff.go:204 +0x7f
created by k8s.io/apiserver/pkg/registry/generic/registry.(*Store).startObservingCount in goroutine 39277
	/home/mariell/go/pkg/mod/k8s.io/apiserver@v0.32.1/pkg/registry/generic/registry/store.go:1666 +0x2f9

goroutine 2933 [sync.Cond.Wait]:
sync.runtime_notifyListWait(0xc002557a10, 0x3d)
	/usr/lib/go/src/runtime/sema.go:597 +0x159
sync.(*Cond).Wait(0xc000ab57d0?)
	/usr/lib/go/src/sync/cond.go:71 +0x85
github.com/centrifugal/centrifuge/internal/dissolve.(*queueImpl).Wait(0xc0035d2380)
	/home/mariell/go/pkg/mod/github.com/centrifugal/centrifuge@v0.33.3/internal/dissolve/queue.go:139 +0x4a
github.com/centrifugal/centrifuge/internal/dissolve.(*Dissolver).runWorker(0xc001f98b70)
	/home/mariell/go/pkg/mod/github.com/centrifugal/centrifuge@v0.33.3/internal/dissolve/dissolve.go:52 +0x27
created by github.com/centrifugal/centrifuge/internal/dissolve.(*Dissolver).Run in goroutine 1617
	/home/mariell/go/pkg/mod/github.com/centrifugal/centrifuge@v0.33.3/internal/dissolve/dissolve.go:31 +0x25

goroutine 25553 [sync.Cond.Wait]:
sync.runtime_notifyListWait(0xc012bf5590, 0xd)
	/usr/lib/go/src/runtime/sema.go:597 +0x159
sync.(*Cond).Wait(0x0?)
	/usr/lib/go/src/sync/cond.go:71 +0x85
github.com/centrifugal/centrifuge/internal/dissolve.(*queueImpl).Wait(0xc013b4b110)
	/home/mariell/go/pkg/mod/github.com/centrifugal/centrifuge@v0.33.3/internal/dissolve/queue.go:139 +0x4a
github.com/centrifugal/centrifuge/internal/dissolve.(*Dissolver).runWorker(0xc00faede18)
	/home/mariell/go/pkg/mod/github.com/centrifugal/centrifuge@v0.33.3/internal/dissolve/dissolve.go:52 +0x27
created by github.com/centrifugal/centrifuge/internal/dissolve.(*Dissolver).Run in goroutine 24436
	/home/mariell/go/pkg/mod/github.com/centrifugal/centrifuge@v0.33.3/internal/dissolve/dissolve.go:31 +0x25

goroutine 1308 [sync.Cond.Wait]:
sync.runtime_notifyListWait(0xc002596950, 0x1b)
	/usr/lib/go/src/runtime/sema.go:597 +0x159
sync.(*Cond).Wait(0x0?)
	/usr/lib/go/src/sync/cond.go:71 +0x85
github.com/centrifugal/centrifuge/internal/dissolve.(*queueImpl).Wait(0xc0025cb730)
	/home/mariell/go/pkg/mod/github.com/centrifugal/centrifuge@v0.33.3/internal/dissolve/queue.go:139 +0x4a
github.com/centrifugal/centrifuge/internal/dissolve.(*Dissolver).runWorker(0xc0009821c8)
	/home/mariell/go/pkg/mod/github.com/centrifugal/centrifuge@v0.33.3/internal/dissolve/dissolve.go:52 +0x27
created by github.com/centrifugal/centrifuge/internal/dissolve.(*Dissolver).Run in goroutine 191
	/home/mariell/go/pkg/mod/github.com/centrifugal/centrifuge@v0.33.3/internal/dissolve/dissolve.go:31 +0x25

goroutine 1307 [sync.Cond.Wait]:
sync.runtime_notifyListWait(0xc002596950, 0x1a)
	/usr/lib/go/src/runtime/sema.go:597 +0x159
sync.(*Cond).Wait(0x0?)
	/usr/lib/go/src/sync/cond.go:71 +0x85
github.com/centrifugal/centrifuge/internal/dissolve.(*queueImpl).Wait(0xc0025cb730)
	/home/mariell/go/pkg/mod/github.com/centrifugal/centrifuge@v0.33.3/internal/dissolve/queue.go:139 +0x4a
github.com/centrifugal/centrifuge/internal/dissolve.(*Dissolver).runWorker(0xc0009821c8)
	/home/mariell/go/pkg/mod/github.com/centrifugal/centrifuge@v0.33.3/internal/dissolve/dissolve.go:52 +0x27
created by github.com/centrifugal/centrifuge/internal/dissolve.(*Dissolver).Run in goroutine 191
	/home/mariell/go/pkg/mod/github.com/centrifugal/centrifuge@v0.33.3/internal/dissolve/dissolve.go:31 +0x25

goroutine 1330 [sync.Cond.Wait]:
sync.runtime_notifyListWait(0xc002596950, 0x2)
	/usr/lib/go/src/runtime/sema.go:597 +0x159
sync.(*Cond).Wait(0xc00221dfd0?)
	/usr/lib/go/src/sync/cond.go:71 +0x85
github.com/centrifugal/centrifuge/internal/dissolve.(*queueImpl).Wait(0xc0025cb730)
	/home/mariell/go/pkg/mod/github.com/centrifugal/centrifuge@v0.33.3/internal/dissolve/queue.go:139 +0x4a
github.com/centrifugal/centrifuge/internal/dissolve.(*Dissolver).runWorker(0xc0009821c8)
	/home/mariell/go/pkg/mod/github.com/centrifugal/centrifuge@v0.33.3/internal/dissolve/dissolve.go:52 +0x27
created by github.com/centrifugal/centrifuge/internal/dissolve.(*Dissolver).Run in goroutine 191
	/home/mariell/go/pkg/mod/github.com/centrifugal/centrifuge@v0.33.3/internal/dissolve/dissolve.go:31 +0x25

goroutine 1306 [sync.Cond.Wait]:
sync.runtime_notifyListWait(0xc002596950, 0x19)
	/usr/lib/go/src/runtime/sema.go:597 +0x159
sync.(*Cond).Wait(0xc00220e7d0?)
	/usr/lib/go/src/sync/cond.go:71 +0x85
github.com/centrifugal/centrifuge/internal/dissolve.(*queueImpl).Wait(0xc0025cb730)
	/home/mariell/go/pkg/mod/github.com/centrifugal/centrifuge@v0.33.3/internal/dissolve/queue.go:139 +0x4a
github.com/centrifugal/centrifuge/internal/dissolve.(*Dissolver).runWorker(0xc0009821c8)
	/home/mariell/go/pkg/mod/github.com/centrifugal/centrifuge@v0.33.3/internal/dissolve/dissolve.go:52 +0x27
created by github.com/centrifugal/centrifuge/internal/dissolve.(*Dissolver).Run in goroutine 191
	/home/mariell/go/pkg/mod/github.com/centrifugal/centrifuge@v0.33.3/internal/dissolve/dissolve.go:31 +0x25

goroutine 1329 [sync.Cond.Wait]:
sync.runtime_notifyListWait(0xc002596950, 0x1)
	/usr/lib/go/src/runtime/sema.go:597 +0x159
sync.(*Cond).Wait(0xc00220efd0?)
	/usr/lib/go/src/sync/cond.go:71 +0x85
github.com/centrifugal/centrifuge/internal/dissolve.(*queueImpl).Wait(0xc0025cb730)
	/home/mariell/go/pkg/mod/github.com/centrifugal/centrifuge@v0.33.3/internal/dissolve/queue.go:139 +0x4a
github.com/centrifugal/centrifuge/internal/dissolve.(*Dissolver).runWorker(0xc0009821c8)
	/home/mariell/go/pkg/mod/github.com/centrifugal/centrifuge@v0.33.3/internal/dissolve/dissolve.go:52 +0x27
created by github.com/centrifugal/centrifuge/internal/dissolve.(*Dissolver).Run in goroutine 191
	/home/mariell/go/pkg/mod/github.com/centrifugal/centrifuge@v0.33.3/internal/dissolve/dissolve.go:31 +0x25

goroutine 1311 [sync.Cond.Wait]:
sync.runtime_notifyListWait(0xc002596950, 0x11)
	/usr/lib/go/src/runtime/sema.go:597 +0x159
sync.(*Cond).Wait(0x0?)
	/usr/lib/go/src/sync/cond.go:71 +0x85
github.com/centrifugal/centrifuge/internal/dissolve.(*queueImpl).Wait(0xc0025cb730)
	/home/mariell/go/pkg/mod/github.com/centrifugal/centrifuge@v0.33.3/internal/dissolve/queue.go:139 +0x4a
github.com/centrifugal/centrifuge/internal/dissolve.(*Dissolver).runWorker(0xc0009821c8)
	/home/mariell/go/pkg/mod/github.com/centrifugal/centrifuge@v0.33.3/internal/dissolve/dissolve.go:52 +0x27
created by github.com/centrifugal/centrifuge/internal/dissolve.(*Dissolver).Run in goroutine 191
	/home/mariell/go/pkg/mod/github.com/centrifugal/centrifuge@v0.33.3/internal/dissolve/dissolve.go:31 +0x25

goroutine 6306 [select]:
go.opentelemetry.io/otel/sdk/trace.(*batchSpanProcessor).processQueue(0xc0064efea0)
	/home/mariell/go/pkg/mod/go.opentelemetry.io/otel/sdk@v1.34.0/trace/batch_span_processor.go:302 +0x114
go.opentelemetry.io/otel/sdk/trace.NewBatchSpanProcessor.func1()
	/home/mariell/go/pkg/mod/go.opentelemetry.io/otel/sdk@v1.34.0/trace/batch_span_processor.go:117 +0x4e
created by go.opentelemetry.io/otel/sdk/trace.NewBatchSpanProcessor in goroutine 6291
	/home/mariell/go/pkg/mod/go.opentelemetry.io/otel/sdk@v1.34.0/trace/batch_span_processor.go:115 +0x2d9

goroutine 2925 [sync.Cond.Wait]:
sync.runtime_notifyListWait(0xc002557a10, 0x31)
	/usr/lib/go/src/runtime/sema.go:597 +0x159
sync.(*Cond).Wait(0x0?)
	/usr/lib/go/src/sync/cond.go:71 +0x85
github.com/centrifugal/centrifuge/internal/dissolve.(*queueImpl).Wait(0xc0035d2380)
	/home/mariell/go/pkg/mod/github.com/centrifugal/centrifuge@v0.33.3/internal/dissolve/queue.go:139 +0x4a
github.com/centrifugal/centrifuge/internal/dissolve.(*Dissolver).runWorker(0xc001f98b70)
	/home/mariell/go/pkg/mod/github.com/centrifugal/centrifuge@v0.33.3/internal/dissolve/dissolve.go:52 +0x27
created by github.com/centrifugal/centrifuge/internal/dissolve.(*Dissolver).Run in goroutine 1617
	/home/mariell/go/pkg/mod/github.com/centrifugal/centrifuge@v0.33.3/internal/dissolve/dissolve.go:31 +0x25

goroutine 1305 [sync.Cond.Wait]:
sync.runtime_notifyListWait(0xc002596950, 0x18)
	/usr/lib/go/src/runtime/sema.go:597 +0x159
sync.(*Cond).Wait(0x0?)
	/usr/lib/go/src/sync/cond.go:71 +0x85
github.com/centrifugal/centrifuge/internal/dissolve.(*queueImpl).Wait(0xc0025cb730)
	/home/mariell/go/pkg/mod/github.com/centrifugal/centrifuge@v0.33.3/internal/dissolve/queue.go:139 +0x4a
github.com/centrifugal/centrifuge/internal/dissolve.(*Dissolver).runWorker(0xc0009821c8)
	/home/mariell/go/pkg/mod/github.com/centrifugal/centrifuge@v0.33.3/internal/dissolve/dissolve.go:52 +0x27
created by github.com/centrifugal/centrifuge/internal/dissolve.(*Dissolver).Run in goroutine 191
	/home/mariell/go/pkg/mod/github.com/centrifugal/centrifuge@v0.33.3/internal/dissolve/dissolve.go:31 +0x25

goroutine 1304 [sync.Cond.Wait]:
sync.runtime_notifyListWait(0xc002596950, 0x17)
	/usr/lib/go/src/runtime/sema.go:597 +0x159
sync.(*Cond).Wait(0x0?)
	/usr/lib/go/src/sync/cond.go:71 +0x85
github.com/centrifugal/centrifuge/internal/dissolve.(*queueImpl).Wait(0xc0025cb730)
	/home/mariell/go/pkg/mod/github.com/centrifugal/centrifuge@v0.33.3/internal/dissolve/queue.go:139 +0x4a
github.com/centrifugal/centrifuge/internal/dissolve.(*Dissolver).runWorker(0xc0009821c8)
	/home/mariell/go/pkg/mod/github.com/centrifugal/centrifuge@v0.33.3/internal/dissolve/dissolve.go:52 +0x27
created by github.com/centrifugal/centrifuge/internal/dissolve.(*Dissolver).Run in goroutine 191
	/home/mariell/go/pkg/mod/github.com/centrifugal/centrifuge@v0.33.3/internal/dissolve/dissolve.go:31 +0x25

goroutine 6125 [chan receive]:
github.com/grafana/grafana/pkg/storage/unified/resource.(*server).initWatcher.func1.1()
	/home/mariell/work/oss/grafana/pkg/storage/unified/resource/server.go:922 +0x58
created by github.com/grafana/grafana/pkg/storage/unified/resource.(*server).initWatcher.func1 in goroutine 6087
	/home/mariell/work/oss/grafana/pkg/storage/unified/resource/server.go:921 +0xaa

goroutine 1719 [select]:
net/http.(*persistConn).writeLoop(0xc000fe8c60)
	/usr/lib/go/src/net/http/transport.go:2590 +0xe7
created by net/http.(*Transport).dialConn in goroutine 1611
	/usr/lib/go/src/net/http/transport.go:1945 +0x17a5

goroutine 1352 [sync.Cond.Wait]:
sync.runtime_notifyListWait(0xc002596950, 0x31)
	/usr/lib/go/src/runtime/sema.go:597 +0x159
sync.(*Cond).Wait(0x0?)
	/usr/lib/go/src/sync/cond.go:71 +0x85
github.com/centrifugal/centrifuge/internal/dissolve.(*queueImpl).Wait(0xc0025cb730)
	/home/mariell/go/pkg/mod/github.com/centrifugal/centrifuge@v0.33.3/internal/dissolve/queue.go:139 +0x4a
github.com/centrifugal/centrifuge/internal/dissolve.(*Dissolver).runWorker(0xc0009821c8)
	/home/mariell/go/pkg/mod/github.com/centrifugal/centrifuge@v0.33.3/internal/dissolve/dissolve.go:52 +0x27
created by github.com/centrifugal/centrifuge/internal/dissolve.(*Dissolver).Run in goroutine 191
	/home/mariell/go/pkg/mod/github.com/centrifugal/centrifuge@v0.33.3/internal/dissolve/dissolve.go:31 +0x25

goroutine 17878 [select]:
github.com/FZambia/eagle.(*Eagle).aggregate(0xc00958db20)
	/home/mariell/go/pkg/mod/github.com/!f!zambia/eagle@v0.1.0/eagle.go:210 +0x6d
created by github.com/FZambia/eagle.New in goroutine 13128
	/home/mariell/go/pkg/mod/github.com/!f!zambia/eagle@v0.1.0/eagle.go:66 +0x176

goroutine 1698 [select]:
net/http.(*persistConn).writeLoop(0xc002a367e0)
	/usr/lib/go/src/net/http/transport.go:2590 +0xe7
created by net/http.(*Transport).dialConn in goroutine 1579
	/usr/lib/go/src/net/http/transport.go:1945 +0x17a5

goroutine 2911 [sync.Cond.Wait]:
sync.runtime_notifyListWait(0xc002557a10, 0x2b)
	/usr/lib/go/src/runtime/sema.go:597 +0x159
sync.(*Cond).Wait(0xc00221c7d0?)
	/usr/lib/go/src/sync/cond.go:71 +0x85
github.com/centrifugal/centrifuge/internal/dissolve.(*queueImpl).Wait(0xc0035d2380)
	/home/mariell/go/pkg/mod/github.com/centrifugal/centrifuge@v0.33.3/internal/dissolve/queue.go:139 +0x4a
github.com/centrifugal/centrifuge/internal/dissolve.(*Dissolver).runWorker(0xc001f98b70)
	/home/mariell/go/pkg/mod/github.com/centrifugal/centrifuge@v0.33.3/internal/dissolve/dissolve.go:52 +0x27
created by github.com/centrifugal/centrifuge/internal/dissolve.(*Dissolver).Run in goroutine 1617
	/home/mariell/go/pkg/mod/github.com/centrifugal/centrifuge@v0.33.3/internal/dissolve/dissolve.go:31 +0x25

goroutine 12394 [chan receive (nil chan)]:
k8s.io/apiserver/pkg/server.preparedGenericAPIServer.RunWithContext({0x10212da?}, {0xa9d1d00, 0xc00a20fef0})
	/home/mariell/go/pkg/mod/k8s.io/apiserver@v0.32.1/pkg/server/genericapiserver.go:710 +0x9c5
github.com/grafana/grafana/pkg/services/apiserver.(*service).startCoreServer.func1()
	/home/mariell/work/oss/grafana/pkg/services/apiserver/service.go:448 +0x28
created by github.com/grafana/grafana/pkg/services/apiserver.(*service).startCoreServer in goroutine 11768
	/home/mariell/work/oss/grafana/pkg/services/apiserver/service.go:447 +0x125

goroutine 20930 [select]:
github.com/centrifugal/centrifuge.(*MemoryBroker).expireResultCache(0xc00b28d600)
	/home/mariell/go/pkg/mod/github.com/centrifugal/centrifuge@v0.33.3/broker_memory.go:160 +0x68
created by github.com/centrifugal/centrifuge.(*MemoryBroker).Run in goroutine 19735
	/home/mariell/go/pkg/mod/github.com/centrifugal/centrifuge@v0.33.3/broker_memory.go:73 +0x7f

goroutine 3183 [select]:
net/http.(*persistConn).writeLoop(0xc0036f6000)
	/usr/lib/go/src/net/http/transport.go:2590 +0xe7
created by net/http.(*Transport).dialConn in goroutine 3173
	/usr/lib/go/src/net/http/transport.go:1945 +0x17a5

goroutine 4465 [sync.Cond.Wait]:
sync.runtime_notifyListWait(0xc0030e6090, 0x19)
	/usr/lib/go/src/runtime/sema.go:597 +0x159
sync.(*Cond).Wait(0x0?)
	/usr/lib/go/src/sync/cond.go:71 +0x85
github.com/centrifugal/centrifuge/internal/dissolve.(*queueImpl).Wait(0xc005443c00)
	/home/mariell/go/pkg/mod/github.com/centrifugal/centrifuge@v0.33.3/internal/dissolve/queue.go:139 +0x4a
github.com/centrifugal/centrifuge/internal/dissolve.(*Dissolver).runWorker(0xc004694a20)
	/home/mariell/go/pkg/mod/github.com/centrifugal/centrifuge@v0.33.3/internal/dissolve/dissolve.go:52 +0x27
created by github.com/centrifugal/centrifuge/internal/dissolve.(*Dissolver).Run in goroutine 3352
	/home/mariell/go/pkg/mod/github.com/centrifugal/centrifuge@v0.33.3/internal/dissolve/dissolve.go:31 +0x25

goroutine 2755 [select]:
github.com/patrickmn/go-cache.(*janitor).Run(0xc003463350, 0xc00148cc80)
	/home/mariell/go/pkg/mod/github.com/patrickmn/go-cache@v2.1.0+incompatible/cache.go:1079 +0x7b
created by github.com/patrickmn/go-cache.runJanitor in goroutine 1617
	/home/mariell/go/pkg/mod/github.com/patrickmn/go-cache@v2.1.0+incompatible/cache.go:1099 +0xdb

goroutine 4334 [sync.Cond.Wait]:
sync.runtime_notifyListWait(0xc0030e6090, 0x6)
	/usr/lib/go/src/runtime/sema.go:597 +0x159
sync.(*Cond).Wait(0xc000c487d0?)
	/usr/lib/go/src/sync/cond.go:71 +0x85
github.com/centrifugal/centrifuge/internal/dissolve.(*queueImpl).Wait(0xc005443c00)
	/home/mariell/go/pkg/mod/github.com/centrifugal/centrifuge@v0.33.3/internal/dissolve/queue.go:139 +0x4a
github.com/centrifugal/centrifuge/internal/dissolve.(*Dissolver).runWorker(0xc004694a20)
	/home/mariell/go/pkg/mod/github.com/centrifugal/centrifuge@v0.33.3/internal/dissolve/dissolve.go:52 +0x27
created by github.com/centrifugal/centrifuge/internal/dissolve.(*Dissolver).Run in goroutine 3352
	/home/mariell/go/pkg/mod/github.com/centrifugal/centrifuge@v0.33.3/internal/dissolve/dissolve.go:31 +0x25

goroutine 1322 [sync.Cond.Wait]:
sync.runtime_notifyListWait(0xc002596950, 0x29)
	/usr/lib/go/src/runtime/sema.go:597 +0x159
sync.(*Cond).Wait(0x0?)
	/usr/lib/go/src/sync/cond.go:71 +0x85
github.com/centrifugal/centrifuge/internal/dissolve.(*queueImpl).Wait(0xc0025cb730)
	/home/mariell/go/pkg/mod/github.com/centrifugal/centrifuge@v0.33.3/internal/dissolve/queue.go:139 +0x4a
github.com/centrifugal/centrifuge/internal/dissolve.(*Dissolver).runWorker(0xc0009821c8)
	/home/mariell/go/pkg/mod/github.com/centrifugal/centrifuge@v0.33.3/internal/dissolve/dissolve.go:52 +0x27
created by github.com/centrifugal/centrifuge/internal/dissolve.(*Dissolver).Run in goroutine 191
	/home/mariell/go/pkg/mod/github.com/centrifugal/centrifuge@v0.33.3/internal/dissolve/dissolve.go:31 +0x25

goroutine 4450 [sync.Cond.Wait]:
sync.runtime_notifyListWait(0xc0030e6090, 0xa)
	/usr/lib/go/src/runtime/sema.go:597 +0x159
sync.(*Cond).Wait(0x0?)
	/usr/lib/go/src/sync/cond.go:71 +0x85
github.com/centrifugal/centrifuge/internal/dissolve.(*queueImpl).Wait(0xc005443c00)
	/home/mariell/go/pkg/mod/github.com/centrifugal/centrifuge@v0.33.3/internal/dissolve/queue.go:139 +0x4a
github.com/centrifugal/centrifuge/internal/dissolve.(*Dissolver).runWorker(0xc004694a20)
	/home/mariell/go/pkg/mod/github.com/centrifugal/centrifuge@v0.33.3/internal/dissolve/dissolve.go:52 +0x27
created by github.com/centrifugal/centrifuge/internal/dissolve.(*Dissolver).Run in goroutine 3352
	/home/mariell/go/pkg/mod/github.com/centrifugal/centrifuge@v0.33.3/internal/dissolve/dissolve.go:31 +0x25

goroutine 3330 [IO wait]:
internal/poll.runtime_pollWait(0x7775618b94f0, 0x72)
	/usr/lib/go/src/runtime/netpoll.go:351 +0x85
internal/poll.(*pollDesc).wait(0xc001e76700?, 0xc002bbd900?, 0x0)
	/usr/lib/go/src/internal/poll/fd_poll_runtime.go:84 +0x27
internal/poll.(*pollDesc).waitRead(...)
	/usr/lib/go/src/internal/poll/fd_poll_runtime.go:89
internal/poll.(*FD).Read(0xc001e76700, {0xc002bbd900, 0x1300, 0x1300})
	/usr/lib/go/src/internal/poll/fd_unix.go:165 +0x27a
net.(*netFD).Read(0xc001e76700, {0xc002bbd900?, 0xc002bbd900?, 0x5?})
	/usr/lib/go/src/net/fd_posix.go:55 +0x25
net.(*conn).Read(0xc005007578, {0xc002bbd900?, 0x7775604a4608?, 0x7775a8b2a210?})
	/usr/lib/go/src/net/net.go:194 +0x45
crypto/tls.(*atLeastReader).Read(0xc0033f25b8, {0xc002bbd900?, 0x12fb?, 0x4e?})
	/usr/lib/go/src/crypto/tls/conn.go:809 +0x3b
bytes.(*Buffer).ReadFrom(0xc002168638, {0xa94e300, 0xc0033f25b8})
	/usr/lib/go/src/bytes/buffer.go:211 +0x98
crypto/tls.(*Conn).readFromUntil(0xc002168388, {0xa94dc00, 0xc005007578}, 0x444af4?)
	/usr/lib/go/src/crypto/tls/conn.go:831 +0xde
crypto/tls.(*Conn).readRecordOrCCS(0xc002168388, 0x0)
	/usr/lib/go/src/crypto/tls/conn.go:629 +0x3cf
crypto/tls.(*Conn).readRecord(...)
	/usr/lib/go/src/crypto/tls/conn.go:591
crypto/tls.(*Conn).Read(0xc002168388, {0xc002c86000, 0x1000, 0xc001f8b9e0?})
	/usr/lib/go/src/crypto/tls/conn.go:1385 +0x145
net/http.(*persistConn).Read(0xc0036eafc0, {0xc002c86000?, 0x81fe45?, 0xa94be80?})
	/usr/lib/go/src/net/http/transport.go:2122 +0x47
bufio.(*Reader).fill(0xc002b9fe00)
	/usr/lib/go/src/bufio/bufio.go:113 +0x103
bufio.(*Reader).Peek(0xc002b9fe00, 0x1)
	/usr/lib/go/src/bufio/bufio.go:152 +0x53
net/http.(*persistConn).readLoop(0xc0036eafc0)
	/usr/lib/go/src/net/http/transport.go:2275 +0x172
created by net/http.(*Transport).dialConn in goroutine 3222
	/usr/lib/go/src/net/http/transport.go:1944 +0x174f

goroutine 3331 [select]:
net/http.(*persistConn).writeLoop(0xc0036eafc0)
	/usr/lib/go/src/net/http/transport.go:2590 +0xe7
created by net/http.(*Transport).dialConn in goroutine 3222
	/usr/lib/go/src/net/http/transport.go:1945 +0x17a5

goroutine 1325 [sync.Cond.Wait]:
sync.runtime_notifyListWait(0xc002596950, 0x36)
	/usr/lib/go/src/runtime/sema.go:597 +0x159
sync.(*Cond).Wait(0x0?)
	/usr/lib/go/src/sync/cond.go:71 +0x85
github.com/centrifugal/centrifuge/internal/dissolve.(*queueImpl).Wait(0xc0025cb730)
	/home/mariell/go/pkg/mod/github.com/centrifugal/centrifuge@v0.33.3/internal/dissolve/queue.go:139 +0x4a
github.com/centrifugal/centrifuge/internal/dissolve.(*Dissolver).runWorker(0xc0009821c8)
	/home/mariell/go/pkg/mod/github.com/centrifugal/centrifuge@v0.33.3/internal/dissolve/dissolve.go:52 +0x27
created by github.com/centrifugal/centrifuge/internal/dissolve.(*Dissolver).Run in goroutine 191
	/home/mariell/go/pkg/mod/github.com/centrifugal/centrifuge@v0.33.3/internal/dissolve/dissolve.go:31 +0x25

goroutine 2910 [sync.Cond.Wait]:
sync.runtime_notifyListWait(0xc002557a10, 0x2a)
	/usr/lib/go/src/runtime/sema.go:597 +0x159
sync.(*Cond).Wait(0x0?)
	/usr/lib/go/src/sync/cond.go:71 +0x85
github.com/centrifugal/centrifuge/internal/dissolve.(*queueImpl).Wait(0xc0035d2380)
	/home/mariell/go/pkg/mod/github.com/centrifugal/centrifuge@v0.33.3/internal/dissolve/queue.go:139 +0x4a
github.com/centrifugal/centrifuge/internal/dissolve.(*Dissolver).runWorker(0xc001f98b70)
	/home/mariell/go/pkg/mod/github.com/centrifugal/centrifuge@v0.33.3/internal/dissolve/dissolve.go:52 +0x27
created by github.com/centrifugal/centrifuge/internal/dissolve.(*Dissolver).Run in goroutine 1617
	/home/mariell/go/pkg/mod/github.com/centrifugal/centrifuge@v0.33.3/internal/dissolve/dissolve.go:31 +0x25

goroutine 1328 [sync.Cond.Wait]:
sync.runtime_notifyListWait(0xc002596950, 0x3e)
	/usr/lib/go/src/runtime/sema.go:597 +0x159
sync.(*Cond).Wait(0x0?)
	/usr/lib/go/src/sync/cond.go:71 +0x85
github.com/centrifugal/centrifuge/internal/dissolve.(*queueImpl).Wait(0xc0025cb730)
	/home/mariell/go/pkg/mod/github.com/centrifugal/centrifuge@v0.33.3/internal/dissolve/queue.go:139 +0x4a
github.com/centrifugal/centrifuge/internal/dissolve.(*Dissolver).runWorker(0xc0009821c8)
	/home/mariell/go/pkg/mod/github.com/centrifugal/centrifuge@v0.33.3/internal/dissolve/dissolve.go:52 +0x27
created by github.com/centrifugal/centrifuge/internal/dissolve.(*Dissolver).Run in goroutine 191
	/home/mariell/go/pkg/mod/github.com/centrifugal/centrifuge@v0.33.3/internal/dissolve/dissolve.go:31 +0x25

goroutine 3314 [IO wait]:
internal/poll.runtime_pollWait(0x7775618b9720, 0x72)
	/usr/lib/go/src/runtime/netpoll.go:351 +0x85
internal/poll.(*pollDesc).wait(0xc001e76780?, 0xc001c6b300?, 0x0)
	/usr/lib/go/src/internal/poll/fd_poll_runtime.go:84 +0x27
internal/poll.(*pollDesc).waitRead(...)
	/usr/lib/go/src/internal/poll/fd_poll_runtime.go:89
internal/poll.(*FD).Read(0xc001e76780, {0xc001c6b300, 0x1300, 0x1300})
	/usr/lib/go/src/internal/poll/fd_unix.go:165 +0x27a
net.(*netFD).Read(0xc001e76780, {0xc001c6b300?, 0xffb3510?, 0xc002182908?})
	/usr/lib/go/src/net/fd_posix.go:55 +0x25
net.(*conn).Read(0xc001c1e028, {0xc001c6b300?, 0x7775618c1698?, 0x7775a8b2a210?})
	/usr/lib/go/src/net/net.go:194 +0x45
crypto/tls.(*atLeastReader).Read(0xc0012d6678, {0xc001c6b300?, 0x48?, 0x67c1b9ac?})
	/usr/lib/go/src/crypto/tls/conn.go:809 +0x3b
bytes.(*Buffer).ReadFrom(0xc00234a2b8, {0xa94e300, 0xc0012d6678})
	/usr/lib/go/src/bytes/buffer.go:211 +0x98
crypto/tls.(*Conn).readFromUntil(0xc00234a008, {0xa94dc00, 0xc001c1e028}, 0x444af4?)
	/usr/lib/go/src/crypto/tls/conn.go:831 +0xde
crypto/tls.(*Conn).readRecordOrCCS(0xc00234a008, 0x0)
	/usr/lib/go/src/crypto/tls/conn.go:629 +0x3cf
crypto/tls.(*Conn).readRecord(...)
	/usr/lib/go/src/crypto/tls/conn.go:591
crypto/tls.(*Conn).Read(0xc00234a008, {0xc0025b1000, 0x1000, 0x7775a8b2a210?})
	/usr/lib/go/src/crypto/tls/conn.go:1385 +0x145
net/http.(*persistConn).Read(0xc0036bf680, {0xc0025b1000?, 0x4141c5?, 0x68?})
	/usr/lib/go/src/net/http/transport.go:2122 +0x47
bufio.(*Reader).fill(0xc00253d260)
	/usr/lib/go/src/bufio/bufio.go:113 +0x103
bufio.(*Reader).Peek(0xc00253d260, 0x1)
	/usr/lib/go/src/bufio/bufio.go:152 +0x53
net/http.(*persistConn).readLoop(0xc0036bf680)
	/usr/lib/go/src/net/http/transport.go:2275 +0x172
created by net/http.(*Transport).dialConn in goroutine 3209
	/usr/lib/go/src/net/http/transport.go:1944 +0x174f

goroutine 4477 [sync.Cond.Wait]:
sync.runtime_notifyListWait(0xc0030e6090, 0x25)
	/usr/lib/go/src/runtime/sema.go:597 +0x159
sync.(*Cond).Wait(0x0?)
	/usr/lib/go/src/sync/cond.go:71 +0x85
github.com/centrifugal/centrifuge/internal/dissolve.(*queueImpl).Wait(0xc005443c00)
	/home/mariell/go/pkg/mod/github.com/centrifugal/centrifuge@v0.33.3/internal/dissolve/queue.go:139 +0x4a
github.com/centrifugal/centrifuge/internal/dissolve.(*Dissolver).runWorker(0xc004694a20)
	/home/mariell/go/pkg/mod/github.com/centrifugal/centrifuge@v0.33.3/internal/dissolve/dissolve.go:52 +0x27
created by github.com/centrifugal/centrifuge/internal/dissolve.(*Dissolver).Run in goroutine 3352
	/home/mariell/go/pkg/mod/github.com/centrifugal/centrifuge@v0.33.3/internal/dissolve/dissolve.go:31 +0x25

goroutine 4459 [sync.Cond.Wait]:
sync.runtime_notifyListWait(0xc0030e6090, 0x13)
	/usr/lib/go/src/runtime/sema.go:597 +0x159
sync.(*Cond).Wait(0x0?)
	/usr/lib/go/src/sync/cond.go:71 +0x85
github.com/centrifugal/centrifuge/internal/dissolve.(*queueImpl).Wait(0xc005443c00)
	/home/mariell/go/pkg/mod/github.com/centrifugal/centrifuge@v0.33.3/internal/dissolve/queue.go:139 +0x4a
github.com/centrifugal/centrifuge/internal/dissolve.(*Dissolver).runWorker(0xc004694a20)
	/home/mariell/go/pkg/mod/github.com/centrifugal/centrifuge@v0.33.3/internal/dissolve/dissolve.go:52 +0x27
created by github.com/centrifugal/centrifuge/internal/dissolve.(*Dissolver).Run in goroutine 3352
	/home/mariell/go/pkg/mod/github.com/centrifugal/centrifuge@v0.33.3/internal/dissolve/dissolve.go:31 +0x25

goroutine 1601 [IO wait]:
internal/poll.runtime_pollWait(0x7775618b9b80, 0x72)
	/usr/lib/go/src/runtime/netpoll.go:351 +0x85
internal/poll.(*pollDesc).wait(0xc000a2e180?, 0xc00108c600?, 0x0)
	/usr/lib/go/src/internal/poll/fd_poll_runtime.go:84 +0x27
internal/poll.(*pollDesc).waitRead(...)
	/usr/lib/go/src/internal/poll/fd_poll_runtime.go:89
internal/poll.(*FD).Read(0xc000a2e180, {0xc00108c600, 0x1300, 0x1300})
	/usr/lib/go/src/internal/poll/fd_unix.go:165 +0x27a
net.(*netFD).Read(0xc000a2e180, {0xc00108c600?, 0xc000e10808?, 0xc002a2ea80?})
	/usr/lib/go/src/net/fd_posix.go:55 +0x25
net.(*conn).Read(0xc0007e4e90, {0xc00108c600?, 0x7775605aa050?, 0x7775a8b285c0?})
	/usr/lib/go/src/net/net.go:194 +0x45
crypto/tls.(*atLeastReader).Read(0xc001f99608, {0xc00108c600?, 0x2a?, 0x5?})
	/usr/lib/go/src/crypto/tls/conn.go:809 +0x3b
bytes.(*Buffer).ReadFrom(0xc000f6e638, {0xa94e300, 0xc001f99608})
	/usr/lib/go/src/bytes/buffer.go:211 +0x98
crypto/tls.(*Conn).readFromUntil(0xc000f6e388, {0xa94dc00, 0xc0007e4e90}, 0x444af4?)
	/usr/lib/go/src/crypto/tls/conn.go:831 +0xde
crypto/tls.(*Conn).readRecordOrCCS(0xc000f6e388, 0x0)
	/usr/lib/go/src/crypto/tls/conn.go:629 +0x3cf
crypto/tls.(*Conn).readRecord(...)
	/usr/lib/go/src/crypto/tls/conn.go:591
crypto/tls.(*Conn).Read(0xc000f6e388, {0xc001fde000, 0x1000, 0x7775a8b285c0?})
	/usr/lib/go/src/crypto/tls/conn.go:1385 +0x145
net/http.(*persistConn).Read(0xc002a367e0, {0xc001fde000?, 0x4141c5?, 0x68?})
	/usr/lib/go/src/net/http/transport.go:2122 +0x47
bufio.(*Reader).fill(0xc001fcb080)
	/usr/lib/go/src/bufio/bufio.go:113 +0x103
bufio.(*Reader).Peek(0xc001fcb080, 0x1)
	/usr/lib/go/src/bufio/bufio.go:152 +0x53
net/http.(*persistConn).readLoop(0xc002a367e0)
	/usr/lib/go/src/net/http/transport.go:2275 +0x172
created by net/http.(*Transport).dialConn in goroutine 1579
	/usr/lib/go/src/net/http/transport.go:1944 +0x174f

goroutine 5787 [select]:
github.com/centrifugal/centrifuge.(*MemoryBroker).expireResultCache(0xc00604f500)
	/home/mariell/go/pkg/mod/github.com/centrifugal/centrifuge@v0.33.3/broker_memory.go:160 +0x68
created by github.com/centrifugal/centrifuge.(*MemoryBroker).Run in goroutine 4441
	/home/mariell/go/pkg/mod/github.com/centrifugal/centrifuge@v0.33.3/broker_memory.go:73 +0x7f

goroutine 16443 [sync.Cond.Wait]:
sync.runtime_notifyListWait(0xc00ef66e50, 0x38)
	/usr/lib/go/src/runtime/sema.go:597 +0x159
sync.(*Cond).Wait(0xc00b4bf7d0?)
	/usr/lib/go/src/sync/cond.go:71 +0x85
github.com/centrifugal/centrifuge/internal/dissolve.(*queueImpl).Wait(0xc00ef76a10)
	/home/mariell/go/pkg/mod/github.com/centrifugal/centrifuge@v0.33.3/internal/dissolve/queue.go:139 +0x4a
github.com/centrifugal/centrifuge/internal/dissolve.(*Dissolver).runWorker(0xc003466078)
	/home/mariell/go/pkg/mod/github.com/centrifugal/centrifuge@v0.33.3/internal/dissolve/dissolve.go:52 +0x27
created by github.com/centrifugal/centrifuge/internal/dissolve.(*Dissolver).Run in goroutine 12335
	/home/mariell/go/pkg/mod/github.com/centrifugal/centrifuge@v0.33.3/internal/dissolve/dissolve.go:31 +0x25

goroutine 1181 [chan receive]:
github.com/grafana/grafana/pkg/storage/unified/sql.(*channelNotifier).notify.func1()
	/home/mariell/work/oss/grafana/pkg/storage/unified/sql/notifier.go:87 +0x39
created by github.com/grafana/grafana/pkg/storage/unified/sql.(*channelNotifier).notify in goroutine 191
	/home/mariell/work/oss/grafana/pkg/storage/unified/sql/notifier.go:86 +0xdb

goroutine 1182 [chan receive]:
github.com/grafana/grafana/pkg/storage/unified/resource.(*server).initWatcher.func1.1()
	/home/mariell/work/oss/grafana/pkg/storage/unified/resource/server.go:922 +0x58
created by github.com/grafana/grafana/pkg/storage/unified/resource.(*server).initWatcher.func1 in goroutine 191
	/home/mariell/work/oss/grafana/pkg/storage/unified/resource/server.go:921 +0xaa

goroutine 4478 [sync.Cond.Wait]:
sync.runtime_notifyListWait(0xc0030e6090, 0x26)
	/usr/lib/go/src/runtime/sema.go:597 +0x159
sync.(*Cond).Wait(0xc002614fd0?)
	/usr/lib/go/src/sync/cond.go:71 +0x85
github.com/centrifugal/centrifuge/internal/dissolve.(*queueImpl).Wait(0xc005443c00)
	/home/mariell/go/pkg/mod/github.com/centrifugal/centrifuge@v0.33.3/internal/dissolve/queue.go:139 +0x4a
github.com/centrifugal/centrifuge/internal/dissolve.(*Dissolver).runWorker(0xc004694a20)
	/home/mariell/go/pkg/mod/github.com/centrifugal/centrifuge@v0.33.3/internal/dissolve/dissolve.go:52 +0x27
created by github.com/centrifugal/centrifuge/internal/dissolve.(*Dissolver).Run in goroutine 3352
	/home/mariell/go/pkg/mod/github.com/centrifugal/centrifuge@v0.33.3/internal/dissolve/dissolve.go:31 +0x25

goroutine 1183 [select]:
github.com/grafana/grafana/pkg/storage/unified/resource.(*cache[...]).run(0xc00224dd80)
	/home/mariell/work/oss/grafana/pkg/storage/unified/resource/broadcaster.go:291 +0xb0
created by github.com/grafana/grafana/pkg/storage/unified/resource.newChannelCache[...] in goroutine 191
	/home/mariell/work/oss/grafana/pkg/storage/unified/resource/broadcaster.go:276 +0x189

goroutine 22894 [select]:
k8s.io/apimachinery/pkg/util/wait.BackoffUntil(0xc00ef58300, {0xa95ac00, 0xc00f204270}, 0x1, 0xc00f65abd0)
	/home/mariell/go/pkg/mod/k8s.io/apimachinery@v0.32.1/pkg/util/wait/backoff.go:238 +0x12c
k8s.io/apimachinery/pkg/util/wait.JitterUntil(0xc00ef58300, 0x3b9aca00, 0x3ff3333333333333, 0x1, 0xc00f65abd0)
	/home/mariell/go/pkg/mod/k8s.io/apimachinery@v0.32.1/pkg/util/wait/backoff.go:204 +0x7f
created by k8s.io/apiserver/pkg/registry/generic/registry.(*Store).startObservingCount in goroutine 22757
	/home/mariell/go/pkg/mod/k8s.io/apiserver@v0.32.1/pkg/registry/generic/registry/store.go:1666 +0x2f9

goroutine 2909 [sync.Cond.Wait]:
sync.runtime_notifyListWait(0xc002557a10, 0x28)
	/usr/lib/go/src/runtime/sema.go:597 +0x159
sync.(*Cond).Wait(0x0?)
	/usr/lib/go/src/sync/cond.go:71 +0x85
github.com/centrifugal/centrifuge/internal/dissolve.(*queueImpl).Wait(0xc0035d2380)
	/home/mariell/go/pkg/mod/github.com/centrifugal/centrifuge@v0.33.3/internal/dissolve/queue.go:139 +0x4a
github.com/centrifugal/centrifuge/internal/dissolve.(*Dissolver).runWorker(0xc001f98b70)
	/home/mariell/go/pkg/mod/github.com/centrifugal/centrifuge@v0.33.3/internal/dissolve/dissolve.go:52 +0x27
created by github.com/centrifugal/centrifuge/internal/dissolve.(*Dissolver).Run in goroutine 1617
	/home/mariell/go/pkg/mod/github.com/centrifugal/centrifuge@v0.33.3/internal/dissolve/dissolve.go:31 +0x25

goroutine 1184 [select]:
github.com/grafana/grafana/pkg/storage/unified/resource.(*broadcaster[...]).stream(0xab113a0, 0xc001d42a80)
	/home/mariell/work/oss/grafana/pkg/storage/unified/resource/broadcaster.go:205 +0x13d
created by github.com/grafana/grafana/pkg/storage/unified/resource.(*broadcaster[...]).init in goroutine 191
	/home/mariell/work/oss/grafana/pkg/storage/unified/resource/broadcaster.go:177 +0x219

goroutine 6139 [IO wait]:
internal/poll.runtime_pollWait(0x7775593407b0, 0x72)
	/usr/lib/go/src/runtime/netpoll.go:351 +0x85
internal/poll.(*pollDesc).wait(0xc006530600?, 0xc003677300?, 0x0)
	/usr/lib/go/src/internal/poll/fd_poll_runtime.go:84 +0x27
internal/poll.(*pollDesc).waitRead(...)
	/usr/lib/go/src/internal/poll/fd_poll_runtime.go:89
internal/poll.(*FD).Read(0xc006530600, {0xc003677300, 0x1300, 0x1300})
	/usr/lib/go/src/internal/poll/fd_unix.go:165 +0x27a
net.(*netFD).Read(0xc006530600, {0xc003677300?, 0xc005b3da00?, 0x2b0cd0e?})
	/usr/lib/go/src/net/fd_posix.go:55 +0x25
net.(*conn).Read(0xc001330080, {0xc003677300?, 0x777559391d38?, 0x7775a8b293e8?})
	/usr/lib/go/src/net/net.go:194 +0x45
crypto/tls.(*atLeastReader).Read(0xc003dd7c68, {0xc003677300?, 0x200?, 0xc000e10008?})
	/usr/lib/go/src/crypto/tls/conn.go:809 +0x3b
bytes.(*Buffer).ReadFrom(0xc006798638, {0xa94e300, 0xc003dd7c68})
	/usr/lib/go/src/bytes/buffer.go:211 +0x98
crypto/tls.(*Conn).readFromUntil(0xc006798388, {0xa94dc00, 0xc001330080}, 0x444af4?)
	/usr/lib/go/src/crypto/tls/conn.go:831 +0xde
crypto/tls.(*Conn).readRecordOrCCS(0xc006798388, 0x0)
	/usr/lib/go/src/crypto/tls/conn.go:629 +0x3cf
crypto/tls.(*Conn).readRecord(...)
	/usr/lib/go/src/crypto/tls/conn.go:591
crypto/tls.(*Conn).Read(0xc006798388, {0xc0063bf000, 0x1000, 0x7775a8b293e8?})
	/usr/lib/go/src/crypto/tls/conn.go:1385 +0x145
net/http.(*persistConn).Read(0xc003390000, {0xc0063bf000?, 0x4141c5?, 0x68?})
	/usr/lib/go/src/net/http/transport.go:2122 +0x47
bufio.(*Reader).fill(0xc003a3f500)
	/usr/lib/go/src/bufio/bufio.go:113 +0x103
bufio.(*Reader).Peek(0xc003a3f500, 0x1)
	/usr/lib/go/src/bufio/bufio.go:152 +0x53
net/http.(*persistConn).readLoop(0xc003390000)
	/usr/lib/go/src/net/http/transport.go:2275 +0x172
created by net/http.(*Transport).dialConn in goroutine 5256
	/usr/lib/go/src/net/http/transport.go:1944 +0x174f

goroutine 1291 [select]:
github.com/FZambia/eagle.(*Eagle).aggregate(0xc002786770)
	/home/mariell/go/pkg/mod/github.com/!f!zambia/eagle@v0.1.0/eagle.go:210 +0x6d
created by github.com/FZambia/eagle.New in goroutine 191
	/home/mariell/go/pkg/mod/github.com/!f!zambia/eagle@v0.1.0/eagle.go:66 +0x176

goroutine 4480 [sync.Cond.Wait]:
sync.runtime_notifyListWait(0xc0030e6090, 0x28)
	/usr/lib/go/src/runtime/sema.go:597 +0x159
sync.(*Cond).Wait(0x0?)
	/usr/lib/go/src/sync/cond.go:71 +0x85
github.com/centrifugal/centrifuge/internal/dissolve.(*queueImpl).Wait(0xc005443c00)
	/home/mariell/go/pkg/mod/github.com/centrifugal/centrifuge@v0.33.3/internal/dissolve/queue.go:139 +0x4a
github.com/centrifugal/centrifuge/internal/dissolve.(*Dissolver).runWorker(0xc004694a20)
	/home/mariell/go/pkg/mod/github.com/centrifugal/centrifuge@v0.33.3/internal/dissolve/dissolve.go:52 +0x27
created by github.com/centrifugal/centrifuge/internal/dissolve.(*Dissolver).Run in goroutine 3352
	/home/mariell/go/pkg/mod/github.com/centrifugal/centrifuge@v0.33.3/internal/dissolve/dissolve.go:31 +0x25

goroutine 24040 [sync.Cond.Wait]:
sync.runtime_notifyListWait(0xc0142c1350, 0x27)
	/usr/lib/go/src/runtime/sema.go:597 +0x159
sync.(*Cond).Wait(0x0?)
	/usr/lib/go/src/sync/cond.go:71 +0x85
github.com/centrifugal/centrifuge/internal/dissolve.(*queueImpl).Wait(0xc012834b60)
	/home/mariell/go/pkg/mod/github.com/centrifugal/centrifuge@v0.33.3/internal/dissolve/queue.go:139 +0x4a
github.com/centrifugal/centrifuge/internal/dissolve.(*Dissolver).runWorker(0xc010117b90)
	/home/mariell/go/pkg/mod/github.com/centrifugal/centrifuge@v0.33.3/internal/dissolve/dissolve.go:52 +0x27
created by github.com/centrifugal/centrifuge/internal/dissolve.(*Dissolver).Run in goroutine 22319
	/home/mariell/go/pkg/mod/github.com/centrifugal/centrifuge@v0.33.3/internal/dissolve/dissolve.go:31 +0x25

goroutine 1350 [sync.Cond.Wait]:
sync.runtime_notifyListWait(0xc002596950, 0x2f)
	/usr/lib/go/src/runtime/sema.go:597 +0x159
sync.(*Cond).Wait(0x0?)
	/usr/lib/go/src/sync/cond.go:71 +0x85
github.com/centrifugal/centrifuge/internal/dissolve.(*queueImpl).Wait(0xc0025cb730)
	/home/mariell/go/pkg/mod/github.com/centrifugal/centrifuge@v0.33.3/internal/dissolve/queue.go:139 +0x4a
github.com/centrifugal/centrifuge/internal/dissolve.(*Dissolver).runWorker(0xc0009821c8)
	/home/mariell/go/pkg/mod/github.com/centrifugal/centrifuge@v0.33.3/internal/dissolve/dissolve.go:52 +0x27
created by github.com/centrifugal/centrifuge/internal/dissolve.(*Dissolver).Run in goroutine 191
	/home/mariell/go/pkg/mod/github.com/centrifugal/centrifuge@v0.33.3/internal/dissolve/dissolve.go:31 +0x25

goroutine 2940 [sync.Cond.Wait]:
sync.runtime_notifyListWait(0xc002557a10, 0x5)
	/usr/lib/go/src/runtime/sema.go:597 +0x159
sync.(*Cond).Wait(0xc0024ac7d0?)
	/usr/lib/go/src/sync/cond.go:71 +0x85
github.com/centrifugal/centrifuge/internal/dissolve.(*queueImpl).Wait(0xc0035d2380)
	/home/mariell/go/pkg/mod/github.com/centrifugal/centrifuge@v0.33.3/internal/dissolve/queue.go:139 +0x4a
github.com/centrifugal/centrifuge/internal/dissolve.(*Dissolver).runWorker(0xc001f98b70)
	/home/mariell/go/pkg/mod/github.com/centrifugal/centrifuge@v0.33.3/internal/dissolve/dissolve.go:52 +0x27
created by github.com/centrifugal/centrifuge/internal/dissolve.(*Dissolver).Run in goroutine 1617
	/home/mariell/go/pkg/mod/github.com/centrifugal/centrifuge@v0.33.3/internal/dissolve/dissolve.go:31 +0x25

goroutine 7187 [select]:
github.com/patrickmn/go-cache.(*janitor).Run(0xc0081f87c0, 0xc0021cc340)
	/home/mariell/go/pkg/mod/github.com/patrickmn/go-cache@v2.1.0+incompatible/cache.go:1079 +0x7b
created by github.com/patrickmn/go-cache.runJanitor in goroutine 6291
	/home/mariell/go/pkg/mod/github.com/patrickmn/go-cache@v2.1.0+incompatible/cache.go:1099 +0xdb

goroutine 1351 [sync.Cond.Wait]:
sync.runtime_notifyListWait(0xc002596950, 0x30)
	/usr/lib/go/src/runtime/sema.go:597 +0x159
sync.(*Cond).Wait(0x0?)
	/usr/lib/go/src/sync/cond.go:71 +0x85
github.com/centrifugal/centrifuge/internal/dissolve.(*queueImpl).Wait(0xc0025cb730)
	/home/mariell/go/pkg/mod/github.com/centrifugal/centrifuge@v0.33.3/internal/dissolve/queue.go:139 +0x4a
github.com/centrifugal/centrifuge/internal/dissolve.(*Dissolver).runWorker(0xc0009821c8)
	/home/mariell/go/pkg/mod/github.com/centrifugal/centrifuge@v0.33.3/internal/dissolve/dissolve.go:52 +0x27
created by github.com/centrifugal/centrifuge/internal/dissolve.(*Dissolver).Run in goroutine 191
	/home/mariell/go/pkg/mod/github.com/centrifugal/centrifuge@v0.33.3/internal/dissolve/dissolve.go:31 +0x25

goroutine 2908 [sync.Cond.Wait]:
sync.runtime_notifyListWait(0xc002557a10, 0x26)
	/usr/lib/go/src/runtime/sema.go:597 +0x159
sync.(*Cond).Wait(0x0?)
	/usr/lib/go/src/sync/cond.go:71 +0x85
github.com/centrifugal/centrifuge/internal/dissolve.(*queueImpl).Wait(0xc0035d2380)
	/home/mariell/go/pkg/mod/github.com/centrifugal/centrifuge@v0.33.3/internal/dissolve/queue.go:139 +0x4a
github.com/centrifugal/centrifuge/internal/dissolve.(*Dissolver).runWorker(0xc001f98b70)
	/home/mariell/go/pkg/mod/github.com/centrifugal/centrifuge@v0.33.3/internal/dissolve/dissolve.go:52 +0x27
created by github.com/centrifugal/centrifuge/internal/dissolve.(*Dissolver).Run in goroutine 1617
	/home/mariell/go/pkg/mod/github.com/centrifugal/centrifuge@v0.33.3/internal/dissolve/dissolve.go:31 +0x25

goroutine 1257 [select]:
github.com/patrickmn/go-cache.(*janitor).Run(0xc0026e7380, 0xc002432300)
	/home/mariell/go/pkg/mod/github.com/patrickmn/go-cache@v2.1.0+incompatible/cache.go:1079 +0x7b
created by github.com/patrickmn/go-cache.runJanitor in goroutine 191
	/home/mariell/go/pkg/mod/github.com/patrickmn/go-cache@v2.1.0+incompatible/cache.go:1099 +0xdb

goroutine 24003 [sync.Cond.Wait]:
sync.runtime_notifyListWait(0xc0142c1350, 0x2)
	/usr/lib/go/src/runtime/sema.go:597 +0x159
sync.(*Cond).Wait(0x0?)
	/usr/lib/go/src/sync/cond.go:71 +0x85
github.com/centrifugal/centrifuge/internal/dissolve.(*queueImpl).Wait(0xc012834b60)
	/home/mariell/go/pkg/mod/github.com/centrifugal/centrifuge@v0.33.3/internal/dissolve/queue.go:139 +0x4a
github.com/centrifugal/centrifuge/internal/dissolve.(*Dissolver).runWorker(0xc010117b90)
	/home/mariell/go/pkg/mod/github.com/centrifugal/centrifuge@v0.33.3/internal/dissolve/dissolve.go:52 +0x27
created by github.com/centrifugal/centrifuge/internal/dissolve.(*Dissolver).Run in goroutine 22319
	/home/mariell/go/pkg/mod/github.com/centrifugal/centrifuge@v0.33.3/internal/dissolve/dissolve.go:31 +0x25

goroutine 4329 [sync.Cond.Wait]:
sync.runtime_notifyListWait(0xc0030e6090, 0x1)
	/usr/lib/go/src/runtime/sema.go:597 +0x159
sync.(*Cond).Wait(0x0?)
	/usr/lib/go/src/sync/cond.go:71 +0x85
github.com/centrifugal/centrifuge/internal/dissolve.(*queueImpl).Wait(0xc005443c00)
	/home/mariell/go/pkg/mod/github.com/centrifugal/centrifuge@v0.33.3/internal/dissolve/queue.go:139 +0x4a
github.com/centrifugal/centrifuge/internal/dissolve.(*Dissolver).runWorker(0xc004694a20)
	/home/mariell/go/pkg/mod/github.com/centrifugal/centrifuge@v0.33.3/internal/dissolve/dissolve.go:52 +0x27
created by github.com/centrifugal/centrifuge/internal/dissolve.(*Dissolver).Run in goroutine 3352
	/home/mariell/go/pkg/mod/github.com/centrifugal/centrifuge@v0.33.3/internal/dissolve/dissolve.go:31 +0x25

goroutine 2913 [sync.Cond.Wait]:
sync.runtime_notifyListWait(0xc002557a10, 0x2e)
	/usr/lib/go/src/runtime/sema.go:597 +0x159
sync.(*Cond).Wait(0xc001af9fd0?)
	/usr/lib/go/src/sync/cond.go:71 +0x85
github.com/centrifugal/centrifuge/internal/dissolve.(*queueImpl).Wait(0xc0035d2380)
	/home/mariell/go/pkg/mod/github.com/centrifugal/centrifuge@v0.33.3/internal/dissolve/queue.go:139 +0x4a
github.com/centrifugal/centrifuge/internal/dissolve.(*Dissolver).runWorker(0xc001f98b70)
	/home/mariell/go/pkg/mod/github.com/centrifugal/centrifuge@v0.33.3/internal/dissolve/dissolve.go:52 +0x27
created by github.com/centrifugal/centrifuge/internal/dissolve.(*Dissolver).Run in goroutine 1617
	/home/mariell/go/pkg/mod/github.com/centrifugal/centrifuge@v0.33.3/internal/dissolve/dissolve.go:31 +0x25

goroutine 7833 [select]:
k8s.io/apimachinery/pkg/util/wait.BackoffUntil(0xc001c21200, {0xa95ac00, 0xc002ea2360}, 0x1, 0xc001d9fa40)
	/home/mariell/go/pkg/mod/k8s.io/apimachinery@v0.32.1/pkg/util/wait/backoff.go:238 +0x12c
k8s.io/apimachinery/pkg/util/wait.JitterUntil(0xc001c21200, 0x3b9aca00, 0x3ff3333333333333, 0x1, 0xc001d9fa40)
	/home/mariell/go/pkg/mod/k8s.io/apimachinery@v0.32.1/pkg/util/wait/backoff.go:204 +0x7f
created by k8s.io/apiserver/pkg/registry/generic/registry.(*Store).startObservingCount in goroutine 7699
	/home/mariell/go/pkg/mod/k8s.io/apiserver@v0.32.1/pkg/registry/generic/registry/store.go:1666 +0x2f9

goroutine 4460 [sync.Cond.Wait]:
sync.runtime_notifyListWait(0xc0030e6090, 0x14)
	/usr/lib/go/src/runtime/sema.go:597 +0x159
sync.(*Cond).Wait(0x0?)
	/usr/lib/go/src/sync/cond.go:71 +0x85
github.com/centrifugal/centrifuge/internal/dissolve.(*queueImpl).Wait(0xc005443c00)
	/home/mariell/go/pkg/mod/github.com/centrifugal/centrifuge@v0.33.3/internal/dissolve/queue.go:139 +0x4a
github.com/centrifugal/centrifuge/internal/dissolve.(*Dissolver).runWorker(0xc004694a20)
	/home/mariell/go/pkg/mod/github.com/centrifugal/centrifuge@v0.33.3/internal/dissolve/dissolve.go:52 +0x27
created by github.com/centrifugal/centrifuge/internal/dissolve.(*Dissolver).Run in goroutine 3352
	/home/mariell/go/pkg/mod/github.com/centrifugal/centrifuge@v0.33.3/internal/dissolve/dissolve.go:31 +0x25

goroutine 1319 [sync.Cond.Wait]:
sync.runtime_notifyListWait(0xc002596950, 0x1e)
	/usr/lib/go/src/runtime/sema.go:597 +0x159
sync.(*Cond).Wait(0xc0022317d0?)
	/usr/lib/go/src/sync/cond.go:71 +0x85
github.com/centrifugal/centrifuge/internal/dissolve.(*queueImpl).Wait(0xc0025cb730)
	/home/mariell/go/pkg/mod/github.com/centrifugal/centrifuge@v0.33.3/internal/dissolve/queue.go:139 +0x4a
github.com/centrifugal/centrifuge/internal/dissolve.(*Dissolver).runWorker(0xc0009821c8)
	/home/mariell/go/pkg/mod/github.com/centrifugal/centrifuge@v0.33.3/internal/dissolve/dissolve.go:52 +0x27
created by github.com/centrifugal/centrifuge/internal/dissolve.(*Dissolver).Run in goroutine 191
	/home/mariell/go/pkg/mod/github.com/centrifugal/centrifuge@v0.33.3/internal/dissolve/dissolve.go:31 +0x25

goroutine 3386 [select]:
k8s.io/apimachinery/pkg/util/wait.BackoffUntil(0xc0043ee080, {0xa95ac00, 0xc0033621b0}, 0x1, 0xc0041c18f0)
	/home/mariell/go/pkg/mod/k8s.io/apimachinery@v0.32.1/pkg/util/wait/backoff.go:238 +0x12c
k8s.io/apimachinery/pkg/util/wait.JitterUntil(0xc0043ee080, 0x3b9aca00, 0x3ff3333333333333, 0x1, 0xc0041c18f0)
	/home/mariell/go/pkg/mod/k8s.io/apimachinery@v0.32.1/pkg/util/wait/backoff.go:204 +0x7f
created by k8s.io/apiserver/pkg/registry/generic/registry.(*Store).startObservingCount in goroutine 3214
	/home/mariell/go/pkg/mod/k8s.io/apiserver@v0.32.1/pkg/registry/generic/registry/store.go:1666 +0x2f9

goroutine 1717 [select]:
net/http.(*persistConn).writeLoop(0xc002a36b40)
	/usr/lib/go/src/net/http/transport.go:2590 +0xe7
created by net/http.(*Transport).dialConn in goroutine 1580
	/usr/lib/go/src/net/http/transport.go:1945 +0x17a5

goroutine 7088 [select]:
github.com/centrifugal/centrifuge.(*Node).updateMetrics(0xc0030c9d48)
	/home/mariell/go/pkg/mod/github.com/centrifugal/centrifuge@v0.33.3/node.go:335 +0x85
created by github.com/centrifugal/centrifuge.(*Node).Run in goroutine 6291
	/home/mariell/go/pkg/mod/github.com/centrifugal/centrifuge@v0.33.3/node.go:262 +0x2a5

goroutine 6146 [select]:
go.opentelemetry.io/otel/sdk/trace.(*batchSpanProcessor).processQueue(0xc00640ef00)
	/home/mariell/go/pkg/mod/go.opentelemetry.io/otel/sdk@v1.34.0/trace/batch_span_processor.go:302 +0x114
go.opentelemetry.io/otel/sdk/trace.NewBatchSpanProcessor.func1()
	/home/mariell/go/pkg/mod/go.opentelemetry.io/otel/sdk@v1.34.0/trace/batch_span_processor.go:117 +0x4e
created by go.opentelemetry.io/otel/sdk/trace.NewBatchSpanProcessor in goroutine 4441
	/home/mariell/go/pkg/mod/go.opentelemetry.io/otel/sdk@v1.34.0/trace/batch_span_processor.go:115 +0x2d9

goroutine 7438 [sync.Cond.Wait]:
sync.runtime_notifyListWait(0xc0088a2350, 0x37)
	/usr/lib/go/src/runtime/sema.go:597 +0x159
sync.(*Cond).Wait(0xc005927fd0?)
	/usr/lib/go/src/sync/cond.go:71 +0x85
github.com/centrifugal/centrifuge/internal/dissolve.(*queueImpl).Wait(0xc0088a0620)
	/home/mariell/go/pkg/mod/github.com/centrifugal/centrifuge@v0.33.3/internal/dissolve/queue.go:139 +0x4a
github.com/centrifugal/centrifuge/internal/dissolve.(*Dissolver).runWorker(0xc001ba2798)
	/home/mariell/go/pkg/mod/github.com/centrifugal/centrifuge@v0.33.3/internal/dissolve/dissolve.go:52 +0x27
created by github.com/centrifugal/centrifuge/internal/dissolve.(*Dissolver).Run in goroutine 6291
	/home/mariell/go/pkg/mod/github.com/centrifugal/centrifuge@v0.33.3/internal/dissolve/dissolve.go:31 +0x25

goroutine 1317 [sync.Cond.Wait]:
sync.runtime_notifyListWait(0xc002596950, 0x24)
	/usr/lib/go/src/runtime/sema.go:597 +0x159
sync.(*Cond).Wait(0x0?)
	/usr/lib/go/src/sync/cond.go:71 +0x85
github.com/centrifugal/centrifuge/internal/dissolve.(*queueImpl).Wait(0xc0025cb730)
	/home/mariell/go/pkg/mod/github.com/centrifugal/centrifuge@v0.33.3/internal/dissolve/queue.go:139 +0x4a
github.com/centrifugal/centrifuge/internal/dissolve.(*Dissolver).runWorker(0xc0009821c8)
	/home/mariell/go/pkg/mod/github.com/centrifugal/centrifuge@v0.33.3/internal/dissolve/dissolve.go:52 +0x27
created by github.com/centrifugal/centrifuge/internal/dissolve.(*Dissolver).Run in goroutine 191
	/home/mariell/go/pkg/mod/github.com/centrifugal/centrifuge@v0.33.3/internal/dissolve/dissolve.go:31 +0x25

goroutine 7418 [sync.Cond.Wait]:
sync.runtime_notifyListWait(0xc0088a2350, 0x23)
	/usr/lib/go/src/runtime/sema.go:597 +0x159
sync.(*Cond).Wait(0x0?)
	/usr/lib/go/src/sync/cond.go:71 +0x85
github.com/centrifugal/centrifuge/internal/dissolve.(*queueImpl).Wait(0xc0088a0620)
	/home/mariell/go/pkg/mod/github.com/centrifugal/centrifuge@v0.33.3/internal/dissolve/queue.go:139 +0x4a
github.com/centrifugal/centrifuge/internal/dissolve.(*Dissolver).runWorker(0xc001ba2798)
	/home/mariell/go/pkg/mod/github.com/centrifugal/centrifuge@v0.33.3/internal/dissolve/dissolve.go:52 +0x27
created by github.com/centrifugal/centrifuge/internal/dissolve.(*Dissolver).Run in goroutine 6291
	/home/mariell/go/pkg/mod/github.com/centrifugal/centrifuge@v0.33.3/internal/dissolve/dissolve.go:31 +0x25

goroutine 3315 [select]:
net/http.(*persistConn).writeLoop(0xc0036bf680)
	/usr/lib/go/src/net/http/transport.go:2590 +0xe7
created by net/http.(*Transport).dialConn in goroutine 3209
	/usr/lib/go/src/net/http/transport.go:1945 +0x17a5

goroutine 7834 [select]:
k8s.io/apimachinery/pkg/util/wait.BackoffUntil(0xc001c21300, {0xa95ac00, 0xc004a8e1e0}, 0x1, 0xc001d9fab0)
	/home/mariell/go/pkg/mod/k8s.io/apimachinery@v0.32.1/pkg/util/wait/backoff.go:238 +0x12c
k8s.io/apimachinery/pkg/util/wait.JitterUntil(0xc001c21300, 0x3b9aca00, 0x3ff3333333333333, 0x1, 0xc001d9fab0)
	/home/mariell/go/pkg/mod/k8s.io/apimachinery@v0.32.1/pkg/util/wait/backoff.go:204 +0x7f
created by k8s.io/apiserver/pkg/registry/generic/registry.(*Store).startObservingCount in goroutine 7699
	/home/mariell/go/pkg/mod/k8s.io/apiserver@v0.32.1/pkg/registry/generic/registry/store.go:1666 +0x2f9

goroutine 1121 [select]:
github.com/patrickmn/go-cache.(*janitor).Run(0xc001810ce0, 0xc002304d40)
	/home/mariell/go/pkg/mod/github.com/patrickmn/go-cache@v2.1.0+incompatible/cache.go:1079 +0x7b
created by github.com/patrickmn/go-cache.runJanitor in goroutine 191
	/home/mariell/go/pkg/mod/github.com/patrickmn/go-cache@v2.1.0+incompatible/cache.go:1099 +0xdb

goroutine 1303 [sync.Cond.Wait]:
sync.runtime_notifyListWait(0xc002596950, 0x16)
	/usr/lib/go/src/runtime/sema.go:597 +0x159
sync.(*Cond).Wait(0x0?)
	/usr/lib/go/src/sync/cond.go:71 +0x85
github.com/centrifugal/centrifuge/internal/dissolve.(*queueImpl).Wait(0xc0025cb730)
	/home/mariell/go/pkg/mod/github.com/centrifugal/centrifuge@v0.33.3/internal/dissolve/queue.go:139 +0x4a
github.com/centrifugal/centrifuge/internal/dissolve.(*Dissolver).runWorker(0xc0009821c8)
	/home/mariell/go/pkg/mod/github.com/centrifugal/centrifuge@v0.33.3/internal/dissolve/dissolve.go:52 +0x27
created by github.com/centrifugal/centrifuge/internal/dissolve.(*Dissolver).Run in goroutine 191
	/home/mariell/go/pkg/mod/github.com/centrifugal/centrifuge@v0.33.3/internal/dissolve/dissolve.go:31 +0x25

goroutine 14873 [sync.Cond.Wait]:
sync.runtime_notifyListWait(0xc00cfe9cd0, 0x39)
	/usr/lib/go/src/runtime/sema.go:597 +0x159
sync.(*Cond).Wait(0x0?)
	/usr/lib/go/src/sync/cond.go:71 +0x85
github.com/centrifugal/centrifuge/internal/dissolve.(*queueImpl).Wait(0xc00c22f1f0)
	/home/mariell/go/pkg/mod/github.com/centrifugal/centrifuge@v0.33.3/internal/dissolve/queue.go:139 +0x4a
github.com/centrifugal/centrifuge/internal/dissolve.(*Dissolver).runWorker(0xc0034e9ed8)
	/home/mariell/go/pkg/mod/github.com/centrifugal/centrifuge@v0.33.3/internal/dissolve/dissolve.go:52 +0x27
created by github.com/centrifugal/centrifuge/internal/dissolve.(*Dissolver).Run in goroutine 13738
	/home/mariell/go/pkg/mod/github.com/centrifugal/centrifuge@v0.33.3/internal/dissolve/dissolve.go:31 +0x25

goroutine 7402 [sync.Cond.Wait]:
sync.runtime_notifyListWait(0xc0088a2350, 0xa)
	/usr/lib/go/src/runtime/sema.go:597 +0x159
sync.(*Cond).Wait(0x0?)
	/usr/lib/go/src/sync/cond.go:71 +0x85
github.com/centrifugal/centrifuge/internal/dissolve.(*queueImpl).Wait(0xc0088a0620)
	/home/mariell/go/pkg/mod/github.com/centrifugal/centrifuge@v0.33.3/internal/dissolve/queue.go:139 +0x4a
github.com/centrifugal/centrifuge/internal/dissolve.(*Dissolver).runWorker(0xc001ba2798)
	/home/mariell/go/pkg/mod/github.com/centrifugal/centrifuge@v0.33.3/internal/dissolve/dissolve.go:52 +0x27
created by github.com/centrifugal/centrifuge/internal/dissolve.(*Dissolver).Run in goroutine 6291
	/home/mariell/go/pkg/mod/github.com/centrifugal/centrifuge@v0.33.3/internal/dissolve/dissolve.go:31 +0x25

goroutine 6123 [select]:
k8s.io/apimachinery/pkg/util/wait.BackoffUntil(0xc003a2c740, {0xa95ac00, 0xc0063f20c0}, 0x1, 0xc005d1dc70)
	/home/mariell/go/pkg/mod/k8s.io/apimachinery@v0.32.1/pkg/util/wait/backoff.go:238 +0x12c
k8s.io/apimachinery/pkg/util/wait.JitterUntil(0xc003a2c740, 0x3b9aca00, 0x3ff3333333333333, 0x1, 0xc005d1dc70)
	/home/mariell/go/pkg/mod/k8s.io/apimachinery@v0.32.1/pkg/util/wait/backoff.go:204 +0x7f
created by k8s.io/apiserver/pkg/registry/generic/registry.(*Store).startObservingCount in goroutine 6087
	/home/mariell/go/pkg/mod/k8s.io/apiserver@v0.32.1/pkg/registry/generic/registry/store.go:1666 +0x2f9

goroutine 1320 [sync.Cond.Wait]:
sync.runtime_notifyListWait(0xc002596950, 0x27)
	/usr/lib/go/src/runtime/sema.go:597 +0x159
sync.(*Cond).Wait(0x0?)
	/usr/lib/go/src/sync/cond.go:71 +0x85
github.com/centrifugal/centrifuge/internal/dissolve.(*queueImpl).Wait(0xc0025cb730)
	/home/mariell/go/pkg/mod/github.com/centrifugal/centrifuge@v0.33.3/internal/dissolve/queue.go:139 +0x4a
github.com/centrifugal/centrifuge/internal/dissolve.(*Dissolver).runWorker(0xc0009821c8)
	/home/mariell/go/pkg/mod/github.com/centrifugal/centrifuge@v0.33.3/internal/dissolve/dissolve.go:52 +0x27
created by github.com/centrifugal/centrifuge/internal/dissolve.(*Dissolver).Run in goroutine 191
	/home/mariell/go/pkg/mod/github.com/centrifugal/centrifuge@v0.33.3/internal/dissolve/dissolve.go:31 +0x25

goroutine 4439 [runnable]:
fmt.(*fmt).fmtInteger(0xc04537f560, 0x37?, 0xa?, 0x1?, 0x76?, {0x9563f1d?, 0x11?})
	/usr/lib/go/src/fmt/format.go:197 +0x546
fmt.(*pp).fmtInteger(0x0?, 0x2d?, 0x1?, 0xc0?)
	/usr/lib/go/src/fmt/print.go:427 +0x169
fmt.(*pp).printArg(0xc04537f520, {0x7f667a0, 0xab9b158}, 0x76)
	/usr/lib/go/src/fmt/print.go:719 +0x412
fmt.(*pp).doPrint(0xc04537f520, {0xc04671a7b8?, 0x1, 0xa94c000?})
	/usr/lib/go/src/fmt/print.go:1208 +0x45
fmt.Sprint({0xc04671a7b8, 0x1, 0x1})
	/usr/lib/go/src/fmt/print.go:279 +0x3e
github.com/go-logfmt/logfmt.writeValue({0xa94c000, 0xc027019b90}, {0x7f667a0?, 0xab9b158?})
	/home/mariell/go/pkg/mod/github.com/go-logfmt/logfmt@v0.6.0/encode.go:231 +0x27f
github.com/go-logfmt/logfmt.(*Encoder).EncodeKeyval(0xc027019b80, {0x7f66560?, 0xa92ddc0?}, {0x7f667a0, 0xab9b158})
	/home/mariell/go/pkg/mod/github.com/go-logfmt/logfmt@v0.6.0/encode.go:61 +0xed
github.com/go-logfmt/logfmt.(*Encoder).EncodeKeyvals(0xc027019b80, {0xc047635a40?, 0xc04671a8e0?, 0x42cb77?})
	/home/mariell/go/pkg/mod/github.com/go-logfmt/logfmt@v0.6.0/encode.go:84 +0x130
github.com/go-kit/log.logfmtLogger.Log({{0xa94f3a0?, 0xc0009832f0?}}, {0xc047635a40, 0xc, 0xc})
	/home/mariell/go/pkg/mod/github.com/go-kit/log@v0.2.1/logfmt_logger.go:46 +0xea
github.com/go-kit/log/level.(*logger).Log(0xc047635a60?, {0xc047635a40?, 0xa0?, 0xc?})
	/home/mariell/go/pkg/mod/github.com/go-kit/log@v0.2.1/level/level.go:71 +0x9b
github.com/go-kit/log.(*SwapLogger).Log(0xc002807ae0?, {0xc047635a40?, 0x8bbf9a0?, 0xc049ca8000?})
	/home/mariell/go/pkg/mod/github.com/go-kit/log@v0.2.1/sync.go:30 +0x7f
github.com/go-kit/log.(*context).Log(0xc001eb0690, {0xc049ca8000?, 0xa, 0xa?})
	/home/mariell/go/pkg/mod/github.com/go-kit/log@v0.2.1/log.go:168 +0x338
github.com/go-kit/log.(*SwapLogger).Log(0xc049ca8000?, {0xc049ca8000?, 0xc04671aac8?, 0xc049ca6580?})
	/home/mariell/go/pkg/mod/github.com/go-kit/log@v0.2.1/sync.go:30 +0x7f
github.com/go-kit/log.(*context).Log(0xc047b51400, {0xc049ca6580?, 0x8, 0x2?})
	/home/mariell/go/pkg/mod/github.com/go-kit/log@v0.2.1/log.go:168 +0x338
github.com/grafana/grafana/pkg/infra/log.(*ConcreteLogger).Log(0xc0028dd2f0, {0xc049ca6580, 0x8, 0x8})
	/home/mariell/work/oss/grafana/pkg/infra/log/log.go:205 +0x110
github.com/grafana/grafana/pkg/infra/log.(*ConcreteLogger).log(...)
	/home/mariell/work/oss/grafana/pkg/infra/log/log.go:217
github.com/grafana/grafana/pkg/infra/log.(*ConcreteLogger).Info(0xc0028dd2f0, {0x954b890, 0xe}, {0xc04671ac90, 0x4, 0xc006d98008?})
	/home/mariell/work/oss/grafana/pkg/infra/log/log.go:213 +0x1b8
github.com/grafana/grafana/pkg/services/pluginsintegration/pluginstore.ProvideService({0xa9d3618, 0xc0404429c0}, {0xa951f00, 0xc0144d64b0}, {0xa97b438, 0xc041b7c788})
	/home/mariell/work/oss/grafana/pkg/services/pluginsintegration/pluginstore/store.go:50 +0x345
github.com/grafana/grafana/pkg/server.InitializeForTest({0xa9e3920, 0xc005c94380}, 0xc028308008, {{0xc00536db00, 0x33}, {0x0, 0x0}, {0x0, 0x0}, {0x0, ...}, ...}, ...)
	/home/mariell/work/oss/grafana/pkg/server/wire_gen.go:941 +0x3454
github.com/grafana/grafana/pkg/tests/testinfra.StartGrafanaEnv(0xc005c94380, {0xc00536db00, 0x33}, {0xc01e9ddea0, 0x41})
	/home/mariell/work/oss/grafana/pkg/tests/testinfra/testinfra.go:83 +0x565
github.com/grafana/grafana/pkg/tests/api/alerting.TestIntegrationAvailableChannels(0xc005c94380)
	/home/mariell/work/oss/grafana/pkg/tests/api/alerting/api_available_channel_test.go:29 +0x85
testing.tRunner(0xc005c94380, 0x9e55a18)
	/usr/lib/go/src/testing/testing.go:1792 +0xf4
created by testing.(*T).Run in goroutine 1
	/usr/lib/go/src/testing/testing.go:1851 +0x413

goroutine 13126 [chan receive]:
testing.tRunner.func1()
	/usr/lib/go/src/testing/testing.go:1753 +0x49b
testing.tRunner(0xc00f3ae000, 0x9e55af8)
	/usr/lib/go/src/testing/testing.go:1798 +0x12d
created by testing.(*T).Run in goroutine 1
	/usr/lib/go/src/testing/testing.go:1851 +0x413

goroutine 1299 [sync.Cond.Wait]:
sync.runtime_notifyListWait(0xc002596950, 0x12)
	/usr/lib/go/src/runtime/sema.go:597 +0x159
sync.(*Cond).Wait(0x0?)
	/usr/lib/go/src/sync/cond.go:71 +0x85
github.com/centrifugal/centrifuge/internal/dissolve.(*queueImpl).Wait(0xc0025cb730)
	/home/mariell/go/pkg/mod/github.com/centrifugal/centrifuge@v0.33.3/internal/dissolve/queue.go:139 +0x4a
github.com/centrifugal/centrifuge/internal/dissolve.(*Dissolver).runWorker(0xc0009821c8)
	/home/mariell/go/pkg/mod/github.com/centrifugal/centrifuge@v0.33.3/internal/dissolve/dissolve.go:52 +0x27
created by github.com/centrifugal/centrifuge/internal/dissolve.(*Dissolver).Run in goroutine 191
	/home/mariell/go/pkg/mod/github.com/centrifugal/centrifuge@v0.33.3/internal/dissolve/dissolve.go:31 +0x25

goroutine 9233 [IO wait]:
internal/poll.runtime_pollWait(0x7775591d17b0, 0x72)
	/usr/lib/go/src/runtime/netpoll.go:351 +0x85
internal/poll.(*pollDesc).wait(0xc008ef4380?, 0xc001751300?, 0x0)
	/usr/lib/go/src/internal/poll/fd_poll_runtime.go:84 +0x27
internal/poll.(*pollDesc).waitRead(...)
	/usr/lib/go/src/internal/poll/fd_poll_runtime.go:89
internal/poll.(*FD).Read(0xc008ef4380, {0xc001751300, 0x1300, 0x1300})
	/usr/lib/go/src/internal/poll/fd_unix.go:165 +0x27a
net.(*netFD).Read(0xc008ef4380, {0xc001751300?, 0xc001751300?, 0x5?})
	/usr/lib/go/src/net/fd_posix.go:55 +0x25
net.(*conn).Read(0xc009300078, {0xc001751300?, 0x777558fb3fd8?, 0x7775a8b2a6c8?})
	/usr/lib/go/src/net/net.go:194 +0x45
crypto/tls.(*atLeastReader).Read(0xc003fc26f0, {0xc001751300?, 0x12fb?, 0x5?})
	/usr/lib/go/src/crypto/tls/conn.go:809 +0x3b
bytes.(*Buffer).ReadFrom(0xc00931cd38, {0xa94e300, 0xc003fc26f0})
	/usr/lib/go/src/bytes/buffer.go:211 +0x98
crypto/tls.(*Conn).readFromUntil(0xc00931ca88, {0xa94dc00, 0xc009300078}, 0x444af4?)
	/usr/lib/go/src/crypto/tls/conn.go:831 +0xde
crypto/tls.(*Conn).readRecordOrCCS(0xc00931ca88, 0x0)
	/usr/lib/go/src/crypto/tls/conn.go:629 +0x3cf
crypto/tls.(*Conn).readRecord(...)
	/usr/lib/go/src/crypto/tls/conn.go:591
crypto/tls.(*Conn).Read(0xc00931ca88, {0xc009361000, 0x1000, 0xc009302d50?})
	/usr/lib/go/src/crypto/tls/conn.go:1385 +0x145
net/http.(*persistConn).Read(0xc0035c9560, {0xc009361000?, 0x81fe45?, 0xa94be80?})
	/usr/lib/go/src/net/http/transport.go:2122 +0x47
bufio.(*Reader).fill(0xc0050dc0c0)
	/usr/lib/go/src/bufio/bufio.go:113 +0x103
bufio.(*Reader).Peek(0xc0050dc0c0, 0x1)
	/usr/lib/go/src/bufio/bufio.go:152 +0x53
net/http.(*persistConn).readLoop(0xc0035c9560)
	/usr/lib/go/src/net/http/transport.go:2275 +0x172
created by net/http.(*Transport).dialConn in goroutine 9220
	/usr/lib/go/src/net/http/transport.go:1944 +0x174f

goroutine 1349 [sync.Cond.Wait]:
sync.runtime_notifyListWait(0xc002596950, 0x2e)
	/usr/lib/go/src/runtime/sema.go:597 +0x159
sync.(*Cond).Wait(0x0?)
	/usr/lib/go/src/sync/cond.go:71 +0x85
github.com/centrifugal/centrifuge/internal/dissolve.(*queueImpl).Wait(0xc0025cb730)
	/home/mariell/go/pkg/mod/github.com/centrifugal/centrifuge@v0.33.3/internal/dissolve/queue.go:139 +0x4a
github.com/centrifugal/centrifuge/internal/dissolve.(*Dissolver).runWorker(0xc0009821c8)
	/home/mariell/go/pkg/mod/github.com/centrifugal/centrifuge@v0.33.3/internal/dissolve/dissolve.go:52 +0x27
created by github.com/centrifugal/centrifuge/internal/dissolve.(*Dissolver).Run in goroutine 191
	/home/mariell/go/pkg/mod/github.com/centrifugal/centrifuge@v0.33.3/internal/dissolve/dissolve.go:31 +0x25

goroutine 1312 [sync.Cond.Wait]:
sync.runtime_notifyListWait(0xc002596950, 0x1f)
	/usr/lib/go/src/runtime/sema.go:597 +0x159
sync.(*Cond).Wait(0x0?)
	/usr/lib/go/src/sync/cond.go:71 +0x85
github.com/centrifugal/centrifuge/internal/dissolve.(*queueImpl).Wait(0xc0025cb730)
	/home/mariell/go/pkg/mod/github.com/centrifugal/centrifuge@v0.33.3/internal/dissolve/queue.go:139 +0x4a
github.com/centrifugal/centrifuge/internal/dissolve.(*Dissolver).runWorker(0xc0009821c8)
	/home/mariell/go/pkg/mod/github.com/centrifugal/centrifuge@v0.33.3/internal/dissolve/dissolve.go:52 +0x27
created by github.com/centrifugal/centrifuge/internal/dissolve.(*Dissolver).Run in goroutine 191
	/home/mariell/go/pkg/mod/github.com/centrifugal/centrifuge@v0.33.3/internal/dissolve/dissolve.go:31 +0x25

goroutine 1290 [select]:
github.com/centrifugal/centrifuge.(*historyHub).removeStreams(0xc00255f900)
	/home/mariell/go/pkg/mod/github.com/centrifugal/centrifuge@v0.33.3/broker_memory.go:259 +0x6f
created by github.com/centrifugal/centrifuge.(*historyHub).runCleanups in goroutine 191
	/home/mariell/go/pkg/mod/github.com/centrifugal/centrifuge@v0.33.3/broker_memory.go:253 +0x96

goroutine 4327 [select]:
github.com/centrifugal/centrifuge.(*Node).cleanNodeInfo(0xc003612d88)
	/home/mariell/go/pkg/mod/github.com/centrifugal/centrifuge@v0.33.3/node.go:394 +0x90
created by github.com/centrifugal/centrifuge.(*Node).Run in goroutine 3352
	/home/mariell/go/pkg/mod/github.com/centrifugal/centrifuge@v0.33.3/node.go:261 +0x265

goroutine 1323 [sync.Cond.Wait]:
sync.runtime_notifyListWait(0xc002596950, 0x26)
	/usr/lib/go/src/runtime/sema.go:597 +0x159
sync.(*Cond).Wait(0xc0022377d0?)
	/usr/lib/go/src/sync/cond.go:71 +0x85
github.com/centrifugal/centrifuge/internal/dissolve.(*queueImpl).Wait(0xc0025cb730)
	/home/mariell/go/pkg/mod/github.com/centrifugal/centrifuge@v0.33.3/internal/dissolve/queue.go:139 +0x4a
github.com/centrifugal/centrifuge/internal/dissolve.(*Dissolver).runWorker(0xc0009821c8)
	/home/mariell/go/pkg/mod/github.com/centrifugal/centrifuge@v0.33.3/internal/dissolve/dissolve.go:52 +0x27
created by github.com/centrifugal/centrifuge/internal/dissolve.(*Dissolver).Run in goroutine 191
	/home/mariell/go/pkg/mod/github.com/centrifugal/centrifuge@v0.33.3/internal/dissolve/dissolve.go:31 +0x25

goroutine 6230 [IO wait]:
internal/poll.runtime_pollWait(0x777559340698, 0x72)
	/usr/lib/go/src/runtime/netpoll.go:351 +0x85
internal/poll.(*pollDesc).wait(0xc006499d00?, 0xc0066af300?, 0x0)
	/usr/lib/go/src/internal/poll/fd_poll_runtime.go:84 +0x27
internal/poll.(*pollDesc).waitRead(...)
	/usr/lib/go/src/internal/poll/fd_poll_runtime.go:89
internal/poll.(*FD).Read(0xc006499d00, {0xc0066af300, 0x1300, 0x1300})
	/usr/lib/go/src/internal/poll/fd_unix.go:165 +0x27a
net.(*netFD).Read(0xc006499d00, {0xc0066af300?, 0xc0066af300?, 0x5?})
	/usr/lib/go/src/net/fd_posix.go:55 +0x25
net.(*conn).Read(0xc002ec0358, {0xc0066af300?, 0x77756049bc88?, 0x7775a8b2a6c8?})
	/usr/lib/go/src/net/net.go:194 +0x45
crypto/tls.(*atLeastReader).Read(0xc0034e8918, {0xc0066af300?, 0x43f787?, 0x1?})
	/usr/lib/go/src/crypto/tls/conn.go:809 +0x3b
bytes.(*Buffer).ReadFrom(0xc0063ad0b8, {0xa94e300, 0xc0034e8918})
	/usr/lib/go/src/bytes/buffer.go:211 +0x98
crypto/tls.(*Conn).readFromUntil(0xc0063ace08, {0xa94dc00, 0xc002ec0358}, 0x444af4?)
	/usr/lib/go/src/crypto/tls/conn.go:831 +0xde
crypto/tls.(*Conn).readRecordOrCCS(0xc0063ace08, 0x0)
	/usr/lib/go/src/crypto/tls/conn.go:629 +0x3cf
crypto/tls.(*Conn).readRecord(...)
	/usr/lib/go/src/crypto/tls/conn.go:591
crypto/tls.(*Conn).Read(0xc0063ace08, {0xc0066f0000, 0x1000, 0xc006805b00?})
	/usr/lib/go/src/crypto/tls/conn.go:1385 +0x145
net/http.(*persistConn).Read(0xc003373320, {0xc0066f0000?, 0x81fe45?, 0xa94be80?})
	/usr/lib/go/src/net/http/transport.go:2122 +0x47
bufio.(*Reader).fill(0xc004677500)
	/usr/lib/go/src/bufio/bufio.go:113 +0x103
bufio.(*Reader).Peek(0xc004677500, 0x1)
	/usr/lib/go/src/bufio/bufio.go:152 +0x53
net/http.(*persistConn).readLoop(0xc003373320)
	/usr/lib/go/src/net/http/transport.go:2275 +0x172
created by net/http.(*Transport).dialConn in goroutine 6013
	/usr/lib/go/src/net/http/transport.go:1944 +0x174f

goroutine 7394 [sync.Cond.Wait]:
sync.runtime_notifyListWait(0xc0088a2350, 0x2)
	/usr/lib/go/src/runtime/sema.go:597 +0x159
sync.(*Cond).Wait(0xc005df0fd0?)
	/usr/lib/go/src/sync/cond.go:71 +0x85
github.com/centrifugal/centrifuge/internal/dissolve.(*queueImpl).Wait(0xc0088a0620)
	/home/mariell/go/pkg/mod/github.com/centrifugal/centrifuge@v0.33.3/internal/dissolve/queue.go:139 +0x4a
github.com/centrifugal/centrifuge/internal/dissolve.(*Dissolver).runWorker(0xc001ba2798)
	/home/mariell/go/pkg/mod/github.com/centrifugal/centrifuge@v0.33.3/internal/dissolve/dissolve.go:52 +0x27
created by github.com/centrifugal/centrifuge/internal/dissolve.(*Dissolver).Run in goroutine 6291
	/home/mariell/go/pkg/mod/github.com/centrifugal/centrifuge@v0.33.3/internal/dissolve/dissolve.go:31 +0x25

goroutine 4454 [sync.Cond.Wait]:
sync.runtime_notifyListWait(0xc0030e6090, 0xe)
	/usr/lib/go/src/runtime/sema.go:597 +0x159
sync.(*Cond).Wait(0xc0047127d0?)
	/usr/lib/go/src/sync/cond.go:71 +0x85
github.com/centrifugal/centrifuge/internal/dissolve.(*queueImpl).Wait(0xc005443c00)
	/home/mariell/go/pkg/mod/github.com/centrifugal/centrifuge@v0.33.3/internal/dissolve/queue.go:139 +0x4a
github.com/centrifugal/centrifuge/internal/dissolve.(*Dissolver).runWorker(0xc004694a20)
	/home/mariell/go/pkg/mod/github.com/centrifugal/centrifuge@v0.33.3/internal/dissolve/dissolve.go:52 +0x27
created by github.com/centrifugal/centrifuge/internal/dissolve.(*Dissolver).Run in goroutine 3352
	/home/mariell/go/pkg/mod/github.com/centrifugal/centrifuge@v0.33.3/internal/dissolve/dissolve.go:31 +0x25

goroutine 1289 [select]:
github.com/centrifugal/centrifuge.(*historyHub).expireStreams(0xc00255f900)
	/home/mariell/go/pkg/mod/github.com/centrifugal/centrifuge@v0.33.3/broker_memory.go:298 +0x75
created by github.com/centrifugal/centrifuge.(*historyHub).runCleanups in goroutine 191
	/home/mariell/go/pkg/mod/github.com/centrifugal/centrifuge@v0.33.3/broker_memory.go:252 +0x56

goroutine 9327 [chan receive (nil chan)]:
k8s.io/apiserver/pkg/server.preparedGenericAPIServer.RunWithContext.func5()
	/home/mariell/go/pkg/mod/k8s.io/apiserver@v0.32.1/pkg/server/genericapiserver.go:598 +0x37
created by k8s.io/apiserver/pkg/server.preparedGenericAPIServer.RunWithContext in goroutine 9306
	/home/mariell/go/pkg/mod/k8s.io/apiserver@v0.32.1/pkg/server/genericapiserver.go:597 +0x60b

goroutine 7824 [sync.Cond.Wait]:
sync.runtime_notifyListWait(0xc0082fe010, 0xa)
	/usr/lib/go/src/runtime/sema.go:597 +0x159
sync.(*Cond).Wait(0xc002239fd0?)
	/usr/lib/go/src/sync/cond.go:71 +0x85
github.com/centrifugal/centrifuge/internal/dissolve.(*queueImpl).Wait(0xc0088a18f0)
	/home/mariell/go/pkg/mod/github.com/centrifugal/centrifuge@v0.33.3/internal/dissolve/queue.go:139 +0x4a
github.com/centrifugal/centrifuge/internal/dissolve.(*Dissolver).runWorker(0xc003c41ef0)
	/home/mariell/go/pkg/mod/github.com/centrifugal/centrifuge@v0.33.3/internal/dissolve/dissolve.go:52 +0x27
created by github.com/centrifugal/centrifuge/internal/dissolve.(*Dissolver).Run in goroutine 10841
	/home/mariell/go/pkg/mod/github.com/centrifugal/centrifuge@v0.33.3/internal/dissolve/dissolve.go:31 +0x25

goroutine 2947 [sync.Cond.Wait]:
sync.runtime_notifyListWait(0xc002557a10, 0xc)
	/usr/lib/go/src/runtime/sema.go:597 +0x159
sync.(*Cond).Wait(0xc0026157d0?)
	/usr/lib/go/src/sync/cond.go:71 +0x85
github.com/centrifugal/centrifuge/internal/dissolve.(*queueImpl).Wait(0xc0035d2380)
	/home/mariell/go/pkg/mod/github.com/centrifugal/centrifuge@v0.33.3/internal/dissolve/queue.go:139 +0x4a
github.com/centrifugal/centrifuge/internal/dissolve.(*Dissolver).runWorker(0xc001f98b70)
	/home/mariell/go/pkg/mod/github.com/centrifugal/centrifuge@v0.33.3/internal/dissolve/dissolve.go:52 +0x27
created by github.com/centrifugal/centrifuge/internal/dissolve.(*Dissolver).Run in goroutine 1617
	/home/mariell/go/pkg/mod/github.com/centrifugal/centrifuge@v0.33.3/internal/dissolve/dissolve.go:31 +0x25

goroutine 2960 [sync.Cond.Wait]:
sync.runtime_notifyListWait(0xc002557a10, 0x19)
	/usr/lib/go/src/runtime/sema.go:597 +0x159
sync.(*Cond).Wait(0x0?)
	/usr/lib/go/src/sync/cond.go:71 +0x85
github.com/centrifugal/centrifuge/internal/dissolve.(*queueImpl).Wait(0xc0035d2380)
	/home/mariell/go/pkg/mod/github.com/centrifugal/centrifuge@v0.33.3/internal/dissolve/queue.go:139 +0x4a
github.com/centrifugal/centrifuge/internal/dissolve.(*Dissolver).runWorker(0xc001f98b70)
	/home/mariell/go/pkg/mod/github.com/centrifugal/centrifuge@v0.33.3/internal/dissolve/dissolve.go:52 +0x27
created by github.com/centrifugal/centrifuge/internal/dissolve.(*Dissolver).Run in goroutine 1617
	/home/mariell/go/pkg/mod/github.com/centrifugal/centrifuge@v0.33.3/internal/dissolve/dissolve.go:31 +0x25

goroutine 2945 [sync.Cond.Wait]:
sync.runtime_notifyListWait(0xc002557a10, 0xa)
	/usr/lib/go/src/runtime/sema.go:597 +0x159
sync.(*Cond).Wait(0x961cc91?)
	/usr/lib/go/src/sync/cond.go:71 +0x85
github.com/centrifugal/centrifuge/internal/dissolve.(*queueImpl).Wait(0xc0035d2380)
	/home/mariell/go/pkg/mod/github.com/centrifugal/centrifuge@v0.33.3/internal/dissolve/queue.go:139 +0x4a
github.com/centrifugal/centrifuge/internal/dissolve.(*Dissolver).runWorker(0xc001f98b70)
	/home/mariell/go/pkg/mod/github.com/centrifugal/centrifuge@v0.33.3/internal/dissolve/dissolve.go:52 +0x27
created by github.com/centrifugal/centrifuge/internal/dissolve.(*Dissolver).Run in goroutine 1617
	/home/mariell/go/pkg/mod/github.com/centrifugal/centrifuge@v0.33.3/internal/dissolve/dissolve.go:31 +0x25

goroutine 2740 [chan receive (nil chan)]:
k8s.io/apiserver/pkg/server.preparedGenericAPIServer.RunWithContext.func5()
	/home/mariell/go/pkg/mod/k8s.io/apiserver@v0.32.1/pkg/server/genericapiserver.go:598 +0x37
created by k8s.io/apiserver/pkg/server.preparedGenericAPIServer.RunWithContext in goroutine 2429
	/home/mariell/go/pkg/mod/k8s.io/apiserver@v0.32.1/pkg/server/genericapiserver.go:597 +0x60b

goroutine 2932 [sync.Cond.Wait]:
sync.runtime_notifyListWait(0xc002557a10, 0x3b)
	/usr/lib/go/src/runtime/sema.go:597 +0x159
sync.(*Cond).Wait(0x0?)
	/usr/lib/go/src/sync/cond.go:71 +0x85
github.com/centrifugal/centrifuge/internal/dissolve.(*queueImpl).Wait(0xc0035d2380)
	/home/mariell/go/pkg/mod/github.com/centrifugal/centrifuge@v0.33.3/internal/dissolve/queue.go:139 +0x4a
github.com/centrifugal/centrifuge/internal/dissolve.(*Dissolver).runWorker(0xc001f98b70)
	/home/mariell/go/pkg/mod/github.com/centrifugal/centrifuge@v0.33.3/internal/dissolve/dissolve.go:52 +0x27
created by github.com/centrifugal/centrifuge/internal/dissolve.(*Dissolver).Run in goroutine 1617
	/home/mariell/go/pkg/mod/github.com/centrifugal/centrifuge@v0.33.3/internal/dissolve/dissolve.go:31 +0x25

goroutine 1295 [select]:
github.com/centrifugal/centrifuge.(*Node).initMetrics.func1()
	/home/mariell/go/pkg/mod/github.com/centrifugal/centrifuge@v0.33.3/node.go:365 +0x8a
created by github.com/centrifugal/centrifuge.(*Node).initMetrics in goroutine 191
	/home/mariell/go/pkg/mod/github.com/centrifugal/centrifuge@v0.33.3/node.go:363 +0x1f9

goroutine 2952 [sync.Cond.Wait]:
sync.runtime_notifyListWait(0xc002557a10, 0x11)
	/usr/lib/go/src/runtime/sema.go:597 +0x159
sync.(*Cond).Wait(0xc0024aa7d0?)
	/usr/lib/go/src/sync/cond.go:71 +0x85
github.com/centrifugal/centrifuge/internal/dissolve.(*queueImpl).Wait(0xc0035d2380)
	/home/mariell/go/pkg/mod/github.com/centrifugal/centrifuge@v0.33.3/internal/dissolve/queue.go:139 +0x4a
github.com/centrifugal/centrifuge/internal/dissolve.(*Dissolver).runWorker(0xc001f98b70)
	/home/mariell/go/pkg/mod/github.com/centrifugal/centrifuge@v0.33.3/internal/dissolve/dissolve.go:52 +0x27
created by github.com/centrifugal/centrifuge/internal/dissolve.(*Dissolver).Run in goroutine 1617
	/home/mariell/go/pkg/mod/github.com/centrifugal/centrifuge@v0.33.3/internal/dissolve/dissolve.go:31 +0x25

goroutine 7443 [sync.Cond.Wait]:
sync.runtime_notifyListWait(0xc0088a2350, 0x3f)
	/usr/lib/go/src/runtime/sema.go:597 +0x159
sync.(*Cond).Wait(0xc002213fd0?)
	/usr/lib/go/src/sync/cond.go:71 +0x85
github.com/centrifugal/centrifuge/internal/dissolve.(*queueImpl).Wait(0xc0088a0620)
	/home/mariell/go/pkg/mod/github.com/centrifugal/centrifuge@v0.33.3/internal/dissolve/queue.go:139 +0x4a
github.com/centrifugal/centrifuge/internal/dissolve.(*Dissolver).runWorker(0xc001ba2798)
	/home/mariell/go/pkg/mod/github.com/centrifugal/centrifuge@v0.33.3/internal/dissolve/dissolve.go:52 +0x27
created by github.com/centrifugal/centrifuge/internal/dissolve.(*Dissolver).Run in goroutine 6291
	/home/mariell/go/pkg/mod/github.com/centrifugal/centrifuge@v0.33.3/internal/dissolve/dissolve.go:31 +0x25

goroutine 2912 [sync.Cond.Wait]:
sync.runtime_notifyListWait(0xc002557a10, 0x2c)
	/usr/lib/go/src/runtime/sema.go:597 +0x159
sync.(*Cond).Wait(0x0?)
	/usr/lib/go/src/sync/cond.go:71 +0x85
github.com/centrifugal/centrifuge/internal/dissolve.(*queueImpl).Wait(0xc0035d2380)
	/home/mariell/go/pkg/mod/github.com/centrifugal/centrifuge@v0.33.3/internal/dissolve/queue.go:139 +0x4a
github.com/centrifugal/centrifuge/internal/dissolve.(*Dissolver).runWorker(0xc001f98b70)
	/home/mariell/go/pkg/mod/github.com/centrifugal/centrifuge@v0.33.3/internal/dissolve/dissolve.go:52 +0x27
created by github.com/centrifugal/centrifuge/internal/dissolve.(*Dissolver).Run in goroutine 1617
	/home/mariell/go/pkg/mod/github.com/centrifugal/centrifuge@v0.33.3/internal/dissolve/dissolve.go:31 +0x25

goroutine 2921 [sync.Cond.Wait]:
sync.runtime_notifyListWait(0xc002557a10, 0x27)
	/usr/lib/go/src/runtime/sema.go:597 +0x159
sync.(*Cond).Wait(0x0?)
	/usr/lib/go/src/sync/cond.go:71 +0x85
github.com/centrifugal/centrifuge/internal/dissolve.(*queueImpl).Wait(0xc0035d2380)
	/home/mariell/go/pkg/mod/github.com/centrifugal/centrifuge@v0.33.3/internal/dissolve/queue.go:139 +0x4a
github.com/centrifugal/centrifuge/internal/dissolve.(*Dissolver).runWorker(0xc001f98b70)
	/home/mariell/go/pkg/mod/github.com/centrifugal/centrifuge@v0.33.3/internal/dissolve/dissolve.go:52 +0x27
created by github.com/centrifugal/centrifuge/internal/dissolve.(*Dissolver).Run in goroutine 1617
	/home/mariell/go/pkg/mod/github.com/centrifugal/centrifuge@v0.33.3/internal/dissolve/dissolve.go:31 +0x25

goroutine 2917 [sync.Cond.Wait]:
sync.runtime_notifyListWait(0xc002557a10, 0x3a)
	/usr/lib/go/src/runtime/sema.go:597 +0x159
sync.(*Cond).Wait(0x0?)
	/usr/lib/go/src/sync/cond.go:71 +0x85
github.com/centrifugal/centrifuge/internal/dissolve.(*queueImpl).Wait(0xc0035d2380)
	/home/mariell/go/pkg/mod/github.com/centrifugal/centrifuge@v0.33.3/internal/dissolve/queue.go:139 +0x4a
github.com/centrifugal/centrifuge/internal/dissolve.(*Dissolver).runWorker(0xc001f98b70)
	/home/mariell/go/pkg/mod/github.com/centrifugal/centrifuge@v0.33.3/internal/dissolve/dissolve.go:52 +0x27
created by github.com/centrifugal/centrifuge/internal/dissolve.(*Dissolver).Run in goroutine 1617
	/home/mariell/go/pkg/mod/github.com/centrifugal/centrifuge@v0.33.3/internal/dissolve/dissolve.go:31 +0x25

goroutine 11988 [sync.Cond.Wait]:
sync.runtime_notifyListWait(0xc0082fe010, 0x1e)
	/usr/lib/go/src/runtime/sema.go:597 +0x159
sync.(*Cond).Wait(0x0?)
	/usr/lib/go/src/sync/cond.go:71 +0x85
github.com/centrifugal/centrifuge/internal/dissolve.(*queueImpl).Wait(0xc0088a18f0)
	/home/mariell/go/pkg/mod/github.com/centrifugal/centrifuge@v0.33.3/internal/dissolve/queue.go:139 +0x4a
github.com/centrifugal/centrifuge/internal/dissolve.(*Dissolver).runWorker(0xc003c41ef0)
	/home/mariell/go/pkg/mod/github.com/centrifugal/centrifuge@v0.33.3/internal/dissolve/dissolve.go:52 +0x27
created by github.com/centrifugal/centrifuge/internal/dissolve.(*Dissolver).Run in goroutine 10841
	/home/mariell/go/pkg/mod/github.com/centrifugal/centrifuge@v0.33.3/internal/dissolve/dissolve.go:31 +0x25

goroutine 1302 [sync.Cond.Wait]:
sync.runtime_notifyListWait(0xc002596950, 0x15)
	/usr/lib/go/src/runtime/sema.go:597 +0x159
sync.(*Cond).Wait(0xc0024aafd0?)
	/usr/lib/go/src/sync/cond.go:71 +0x85
github.com/centrifugal/centrifuge/internal/dissolve.(*queueImpl).Wait(0xc0025cb730)
	/home/mariell/go/pkg/mod/github.com/centrifugal/centrifuge@v0.33.3/internal/dissolve/queue.go:139 +0x4a
github.com/centrifugal/centrifuge/internal/dissolve.(*Dissolver).runWorker(0xc0009821c8)
	/home/mariell/go/pkg/mod/github.com/centrifugal/centrifuge@v0.33.3/internal/dissolve/dissolve.go:52 +0x27
created by github.com/centrifugal/centrifuge/internal/dissolve.(*Dissolver).Run in goroutine 191
	/home/mariell/go/pkg/mod/github.com/centrifugal/centrifuge@v0.33.3/internal/dissolve/dissolve.go:31 +0x25

goroutine 5690 [chan receive]:
github.com/grafana/grafana/pkg/storage/unified/resource.(*server).initWatcher.func1.1()
	/home/mariell/work/oss/grafana/pkg/storage/unified/resource/server.go:922 +0x58
created by github.com/grafana/grafana/pkg/storage/unified/resource.(*server).initWatcher.func1 in goroutine 4441
	/home/mariell/work/oss/grafana/pkg/storage/unified/resource/server.go:921 +0xaa

goroutine 2900 [select]:
github.com/centrifugal/centrifuge.(*Node).initMetrics.func1()
	/home/mariell/go/pkg/mod/github.com/centrifugal/centrifuge@v0.33.3/node.go:365 +0x8a
created by github.com/centrifugal/centrifuge.(*Node).initMetrics in goroutine 1617
	/home/mariell/go/pkg/mod/github.com/centrifugal/centrifuge@v0.33.3/node.go:363 +0x1f9

goroutine 2961 [sync.Cond.Wait]:
sync.runtime_notifyListWait(0xc002557a10, 0x1a)
	/usr/lib/go/src/runtime/sema.go:597 +0x159
sync.(*Cond).Wait(0xc002a7a7d0?)
	/usr/lib/go/src/sync/cond.go:71 +0x85
github.com/centrifugal/centrifuge/internal/dissolve.(*queueImpl).Wait(0xc0035d2380)
	/home/mariell/go/pkg/mod/github.com/centrifugal/centrifuge@v0.33.3/internal/dissolve/queue.go:139 +0x4a
github.com/centrifugal/centrifuge/internal/dissolve.(*Dissolver).runWorker(0xc001f98b70)
	/home/mariell/go/pkg/mod/github.com/centrifugal/centrifuge@v0.33.3/internal/dissolve/dissolve.go:52 +0x27
created by github.com/centrifugal/centrifuge/internal/dissolve.(*Dissolver).Run in goroutine 1617
	/home/mariell/go/pkg/mod/github.com/centrifugal/centrifuge@v0.33.3/internal/dissolve/dissolve.go:31 +0x25

goroutine 2923 [sync.Cond.Wait]:
sync.runtime_notifyListWait(0xc002557a10, 0x2d)
	/usr/lib/go/src/runtime/sema.go:597 +0x159
sync.(*Cond).Wait(0x0?)
	/usr/lib/go/src/sync/cond.go:71 +0x85
github.com/centrifugal/centrifuge/internal/dissolve.(*queueImpl).Wait(0xc0035d2380)
	/home/mariell/go/pkg/mod/github.com/centrifugal/centrifuge@v0.33.3/internal/dissolve/queue.go:139 +0x4a
github.com/centrifugal/centrifuge/internal/dissolve.(*Dissolver).runWorker(0xc001f98b70)
	/home/mariell/go/pkg/mod/github.com/centrifugal/centrifuge@v0.33.3/internal/dissolve/dissolve.go:52 +0x27
created by github.com/centrifugal/centrifuge/internal/dissolve.(*Dissolver).Run in goroutine 1617
	/home/mariell/go/pkg/mod/github.com/centrifugal/centrifuge@v0.33.3/internal/dissolve/dissolve.go:31 +0x25

goroutine 1297 [select]:
github.com/centrifugal/centrifuge.(*Node).cleanNodeInfo(0xc00127f8c8)
	/home/mariell/go/pkg/mod/github.com/centrifugal/centrifuge@v0.33.3/node.go:394 +0x90
created by github.com/centrifugal/centrifuge.(*Node).Run in goroutine 191
	/home/mariell/go/pkg/mod/github.com/centrifugal/centrifuge@v0.33.3/node.go:261 +0x265

goroutine 6310 [select]:
database/sql.(*DB).connectionCleaner(0xc003b66270, 0xc00598c070?)
	/usr/lib/go/src/database/sql/sql.go:1104 +0x9c
created by database/sql.(*DB).startCleanerLocked in goroutine 6291
	/usr/lib/go/src/database/sql/sql.go:1091 +0x105

goroutine 3185 [select]:
net/http.(*persistConn).writeLoop(0xc0036be6c0)
	/usr/lib/go/src/net/http/transport.go:2590 +0xe7
created by net/http.(*Transport).dialConn in goroutine 2689
	/usr/lib/go/src/net/http/transport.go:1945 +0x17a5

goroutine 2922 [sync.Cond.Wait]:
sync.runtime_notifyListWait(0xc002557a10, 0x29)
	/usr/lib/go/src/runtime/sema.go:597 +0x159
sync.(*Cond).Wait(0x0?)
	/usr/lib/go/src/sync/cond.go:71 +0x85
github.com/centrifugal/centrifuge/internal/dissolve.(*queueImpl).Wait(0xc0035d2380)
	/home/mariell/go/pkg/mod/github.com/centrifugal/centrifuge@v0.33.3/internal/dissolve/queue.go:139 +0x4a
github.com/centrifugal/centrifuge/internal/dissolve.(*Dissolver).runWorker(0xc001f98b70)
	/home/mariell/go/pkg/mod/github.com/centrifugal/centrifuge@v0.33.3/internal/dissolve/dissolve.go:52 +0x27
created by github.com/centrifugal/centrifuge/internal/dissolve.(*Dissolver).Run in goroutine 1617
	/home/mariell/go/pkg/mod/github.com/centrifugal/centrifuge@v0.33.3/internal/dissolve/dissolve.go:31 +0x25

goroutine 1318 [sync.Cond.Wait]:
sync.runtime_notifyListWait(0xc002596950, 0x25)
	/usr/lib/go/src/runtime/sema.go:597 +0x159
sync.(*Cond).Wait(0x0?)
	/usr/lib/go/src/sync/cond.go:71 +0x85
github.com/centrifugal/centrifuge/internal/dissolve.(*queueImpl).Wait(0xc0025cb730)
	/home/mariell/go/pkg/mod/github.com/centrifugal/centrifuge@v0.33.3/internal/dissolve/queue.go:139 +0x4a
github.com/centrifugal/centrifuge/internal/dissolve.(*Dissolver).runWorker(0xc0009821c8)
	/home/mariell/go/pkg/mod/github.com/centrifugal/centrifuge@v0.33.3/internal/dissolve/dissolve.go:52 +0x27
created by github.com/centrifugal/centrifuge/internal/dissolve.(*Dissolver).Run in goroutine 191
	/home/mariell/go/pkg/mod/github.com/centrifugal/centrifuge@v0.33.3/internal/dissolve/dissolve.go:31 +0x25

goroutine 1516 [select]:
github.com/patrickmn/go-cache.(*janitor).Run(0xc002c12af0, 0xc002304f80)
	/home/mariell/go/pkg/mod/github.com/patrickmn/go-cache@v2.1.0+incompatible/cache.go:1079 +0x7b
created by github.com/patrickmn/go-cache.runJanitor in goroutine 191
	/home/mariell/go/pkg/mod/github.com/patrickmn/go-cache@v2.1.0+incompatible/cache.go:1099 +0xdb

goroutine 2916 [sync.Cond.Wait]:
sync.runtime_notifyListWait(0xc002557a10, 0x38)
	/usr/lib/go/src/runtime/sema.go:597 +0x159
sync.(*Cond).Wait(0x0?)
	/usr/lib/go/src/sync/cond.go:71 +0x85
github.com/centrifugal/centrifuge/internal/dissolve.(*queueImpl).Wait(0xc0035d2380)
	/home/mariell/go/pkg/mod/github.com/centrifugal/centrifuge@v0.33.3/internal/dissolve/queue.go:139 +0x4a
github.com/centrifugal/centrifuge/internal/dissolve.(*Dissolver).runWorker(0xc001f98b70)
	/home/mariell/go/pkg/mod/github.com/centrifugal/centrifuge@v0.33.3/internal/dissolve/dissolve.go:52 +0x27
created by github.com/centrifugal/centrifuge/internal/dissolve.(*Dissolver).Run in goroutine 1617
	/home/mariell/go/pkg/mod/github.com/centrifugal/centrifuge@v0.33.3/internal/dissolve/dissolve.go:31 +0x25

goroutine 1314 [sync.Cond.Wait]:
sync.runtime_notifyListWait(0xc002596950, 0x21)
	/usr/lib/go/src/runtime/sema.go:597 +0x159
sync.(*Cond).Wait(0x0?)
	/usr/lib/go/src/sync/cond.go:71 +0x85
github.com/centrifugal/centrifuge/internal/dissolve.(*queueImpl).Wait(0xc0025cb730)
	/home/mariell/go/pkg/mod/github.com/centrifugal/centrifuge@v0.33.3/internal/dissolve/queue.go:139 +0x4a
github.com/centrifugal/centrifuge/internal/dissolve.(*Dissolver).runWorker(0xc0009821c8)
	/home/mariell/go/pkg/mod/github.com/centrifugal/centrifuge@v0.33.3/internal/dissolve/dissolve.go:52 +0x27
created by github.com/centrifugal/centrifuge/internal/dissolve.(*Dissolver).Run in goroutine 191
	/home/mariell/go/pkg/mod/github.com/centrifugal/centrifuge@v0.33.3/internal/dissolve/dissolve.go:31 +0x25

goroutine 11986 [sync.Cond.Wait]:
sync.runtime_notifyListWait(0xc0082fe010, 0x1c)
	/usr/lib/go/src/runtime/sema.go:597 +0x159
sync.(*Cond).Wait(0xc0016f5fd0?)
	/usr/lib/go/src/sync/cond.go:71 +0x85
github.com/centrifugal/centrifuge/internal/dissolve.(*queueImpl).Wait(0xc0088a18f0)
	/home/mariell/go/pkg/mod/github.com/centrifugal/centrifuge@v0.33.3/internal/dissolve/queue.go:139 +0x4a
github.com/centrifugal/centrifuge/internal/dissolve.(*Dissolver).runWorker(0xc003c41ef0)
	/home/mariell/go/pkg/mod/github.com/centrifugal/centrifuge@v0.33.3/internal/dissolve/dissolve.go:52 +0x27
created by github.com/centrifugal/centrifuge/internal/dissolve.(*Dissolver).Run in goroutine 10841
	/home/mariell/go/pkg/mod/github.com/centrifugal/centrifuge@v0.33.3/internal/dissolve/dissolve.go:31 +0x25

goroutine 1327 [sync.Cond.Wait]:
sync.runtime_notifyListWait(0xc002596950, 0x3b)
	/usr/lib/go/src/runtime/sema.go:597 +0x159
sync.(*Cond).Wait(0x0?)
	/usr/lib/go/src/sync/cond.go:71 +0x85
github.com/centrifugal/centrifuge/internal/dissolve.(*queueImpl).Wait(0xc0025cb730)
	/home/mariell/go/pkg/mod/github.com/centrifugal/centrifuge@v0.33.3/internal/dissolve/queue.go:139 +0x4a
github.com/centrifugal/centrifuge/internal/dissolve.(*Dissolver).runWorker(0xc0009821c8)
	/home/mariell/go/pkg/mod/github.com/centrifugal/centrifuge@v0.33.3/internal/dissolve/dissolve.go:52 +0x27
created by github.com/centrifugal/centrifuge/internal/dissolve.(*Dissolver).Run in goroutine 191
	/home/mariell/go/pkg/mod/github.com/centrifugal/centrifuge@v0.33.3/internal/dissolve/dissolve.go:31 +0x25

goroutine 3180 [IO wait]:
internal/poll.runtime_pollWait(0x7775618b92c0, 0x72)
	/usr/lib/go/src/runtime/netpoll.go:351 +0x85
internal/poll.(*pollDesc).wait(0xc00231c200?, 0xc002bba000?, 0x0)
	/usr/lib/go/src/internal/poll/fd_poll_runtime.go:84 +0x27
internal/poll.(*pollDesc).waitRead(...)
	/usr/lib/go/src/internal/poll/fd_poll_runtime.go:89
internal/poll.(*FD).Read(0xc00231c200, {0xc002bba000, 0x1300, 0x1300})
	/usr/lib/go/src/internal/poll/fd_unix.go:165 +0x27a
net.(*netFD).Read(0xc00231c200, {0xc002bba000?, 0x5?, 0x5?})
	/usr/lib/go/src/net/fd_posix.go:55 +0x25
net.(*conn).Read(0xc005007570, {0xc002bba000?, 0x777560701258?, 0x7775a8b2a210?})
	/usr/lib/go/src/net/net.go:194 +0x45
crypto/tls.(*atLeastReader).Read(0xc0024e34d0, {0xc002bba000?, 0x11abda20?, 0xc0036a19c8?})
	/usr/lib/go/src/crypto/tls/conn.go:809 +0x3b
bytes.(*Buffer).ReadFrom(0xc0021682b8, {0xa94e300, 0xc0024e34d0})
	/usr/lib/go/src/bytes/buffer.go:211 +0x98
crypto/tls.(*Conn).readFromUntil(0xc002168008, {0xa94dc00, 0xc005007570}, 0x444af4?)
	/usr/lib/go/src/crypto/tls/conn.go:831 +0xde
crypto/tls.(*Conn).readRecordOrCCS(0xc002168008, 0x0)
	/usr/lib/go/src/crypto/tls/conn.go:629 +0x3cf
crypto/tls.(*Conn).readRecord(...)
	/usr/lib/go/src/crypto/tls/conn.go:591
crypto/tls.(*Conn).Read(0xc002168008, {0xc001fb7000, 0x1000, 0xc001fad5f0?})
	/usr/lib/go/src/crypto/tls/conn.go:1385 +0x145
net/http.(*persistConn).Read(0xc003708000, {0xc001fb7000?, 0x81fe45?, 0xa94be80?})
	/usr/lib/go/src/net/http/transport.go:2122 +0x47
bufio.(*Reader).fill(0xc001fe4600)
	/usr/lib/go/src/bufio/bufio.go:113 +0x103
bufio.(*Reader).Peek(0xc001fe4600, 0x1)
	/usr/lib/go/src/bufio/bufio.go:152 +0x53
net/http.(*persistConn).readLoop(0xc003708000)
	/usr/lib/go/src/net/http/transport.go:2275 +0x172
created by net/http.(*Transport).dialConn in goroutine 3212
	/usr/lib/go/src/net/http/transport.go:1944 +0x174f

goroutine 2962 [sync.Cond.Wait]:
sync.runtime_notifyListWait(0xc002557a10, 0x1b)
	/usr/lib/go/src/runtime/sema.go:597 +0x159
sync.(*Cond).Wait(0x0?)
	/usr/lib/go/src/sync/cond.go:71 +0x85
github.com/centrifugal/centrifuge/internal/dissolve.(*queueImpl).Wait(0xc0035d2380)
	/home/mariell/go/pkg/mod/github.com/centrifugal/centrifuge@v0.33.3/internal/dissolve/queue.go:139 +0x4a
github.com/centrifugal/centrifuge/internal/dissolve.(*Dissolver).runWorker(0xc001f98b70)
	/home/mariell/go/pkg/mod/github.com/centrifugal/centrifuge@v0.33.3/internal/dissolve/dissolve.go:52 +0x27
created by github.com/centrifugal/centrifuge/internal/dissolve.(*Dissolver).Run in goroutine 1617
	/home/mariell/go/pkg/mod/github.com/centrifugal/centrifuge@v0.33.3/internal/dissolve/dissolve.go:31 +0x25

goroutine 2918 [sync.Cond.Wait]:
sync.runtime_notifyListWait(0xc002557a10, 0x3c)
	/usr/lib/go/src/runtime/sema.go:597 +0x159
sync.(*Cond).Wait(0x0?)
	/usr/lib/go/src/sync/cond.go:71 +0x85
github.com/centrifugal/centrifuge/internal/dissolve.(*queueImpl).Wait(0xc0035d2380)
	/home/mariell/go/pkg/mod/github.com/centrifugal/centrifuge@v0.33.3/internal/dissolve/queue.go:139 +0x4a
github.com/centrifugal/centrifuge/internal/dissolve.(*Dissolver).runWorker(0xc001f98b70)
	/home/mariell/go/pkg/mod/github.com/centrifugal/centrifuge@v0.33.3/internal/dissolve/dissolve.go:52 +0x27
created by github.com/centrifugal/centrifuge/internal/dissolve.(*Dissolver).Run in goroutine 1617
	/home/mariell/go/pkg/mod/github.com/centrifugal/centrifuge@v0.33.3/internal/dissolve/dissolve.go:31 +0x25

goroutine 1326 [sync.Cond.Wait]:
sync.runtime_notifyListWait(0xc002596950, 0x38)
	/usr/lib/go/src/runtime/sema.go:597 +0x159
sync.(*Cond).Wait(0xc0024f1fd0?)
	/usr/lib/go/src/sync/cond.go:71 +0x85
github.com/centrifugal/centrifuge/internal/dissolve.(*queueImpl).Wait(0xc0025cb730)
	/home/mariell/go/pkg/mod/github.com/centrifugal/centrifuge@v0.33.3/internal/dissolve/queue.go:139 +0x4a
github.com/centrifugal/centrifuge/internal/dissolve.(*Dissolver).runWorker(0xc0009821c8)
	/home/mariell/go/pkg/mod/github.com/centrifugal/centrifuge@v0.33.3/internal/dissolve/dissolve.go:52 +0x27
created by github.com/centrifugal/centrifuge/internal/dissolve.(*Dissolver).Run in goroutine 191
	/home/mariell/go/pkg/mod/github.com/centrifugal/centrifuge@v0.33.3/internal/dissolve/dissolve.go:31 +0x25

goroutine 4431 [select]:
github.com/centrifugal/centrifuge.(*historyHub).removeStreams(0xc0053ffd00)
	/home/mariell/go/pkg/mod/github.com/centrifugal/centrifuge@v0.33.3/broker_memory.go:259 +0x6f
created by github.com/centrifugal/centrifuge.(*historyHub).runCleanups in goroutine 3352
	/home/mariell/go/pkg/mod/github.com/centrifugal/centrifuge@v0.33.3/broker_memory.go:253 +0x96

goroutine 1298 [select]:
github.com/centrifugal/centrifuge.(*Node).updateMetrics(0xc00127f8c8)
	/home/mariell/go/pkg/mod/github.com/centrifugal/centrifuge@v0.33.3/node.go:335 +0x85
created by github.com/centrifugal/centrifuge.(*Node).Run in goroutine 191
	/home/mariell/go/pkg/mod/github.com/centrifugal/centrifuge@v0.33.3/node.go:262 +0x2a5

goroutine 2957 [sync.Cond.Wait]:
sync.runtime_notifyListWait(0xc002557a10, 0x16)
	/usr/lib/go/src/runtime/sema.go:597 +0x159
sync.(*Cond).Wait(0x1?)
	/usr/lib/go/src/sync/cond.go:71 +0x85
github.com/centrifugal/centrifuge/internal/dissolve.(*queueImpl).Wait(0xc0035d2380)
	/home/mariell/go/pkg/mod/github.com/centrifugal/centrifuge@v0.33.3/internal/dissolve/queue.go:139 +0x4a
github.com/centrifugal/centrifuge/internal/dissolve.(*Dissolver).runWorker(0xc001f98b70)
	/home/mariell/go/pkg/mod/github.com/centrifugal/centrifuge@v0.33.3/internal/dissolve/dissolve.go:52 +0x27
created by github.com/centrifugal/centrifuge/internal/dissolve.(*Dissolver).Run in goroutine 1617
	/home/mariell/go/pkg/mod/github.com/centrifugal/centrifuge@v0.33.3/internal/dissolve/dissolve.go:31 +0x25

goroutine 1296 [select]:
github.com/centrifugal/centrifuge.(*Node).sendNodePing(0xc00127f8c8)
	/home/mariell/go/pkg/mod/github.com/centrifugal/centrifuge@v0.33.3/node.go:380 +0x85
created by github.com/centrifugal/centrifuge.(*Node).Run in goroutine 191
	/home/mariell/go/pkg/mod/github.com/centrifugal/centrifuge@v0.33.3/node.go:260 +0x225

goroutine 2576 [select]:
github.com/patrickmn/go-cache.(*janitor).Run(0xc003462c40, 0xc00148c700)
	/home/mariell/go/pkg/mod/github.com/patrickmn/go-cache@v2.1.0+incompatible/cache.go:1079 +0x7b
created by github.com/patrickmn/go-cache.runJanitor in goroutine 1617
	/home/mariell/go/pkg/mod/github.com/patrickmn/go-cache@v2.1.0+incompatible/cache.go:1099 +0xdb

goroutine 2901 [select]:
github.com/centrifugal/centrifuge.(*Node).sendNodePing(0xc003cc4488)
	/home/mariell/go/pkg/mod/github.com/centrifugal/centrifuge@v0.33.3/node.go:380 +0x85
created by github.com/centrifugal/centrifuge.(*Node).Run in goroutine 1617
	/home/mariell/go/pkg/mod/github.com/centrifugal/centrifuge@v0.33.3/node.go:260 +0x225

goroutine 2895 [select]:
github.com/FZambia/eagle.(*Eagle).aggregate(0xc0035d3340)
	/home/mariell/go/pkg/mod/github.com/!f!zambia/eagle@v0.1.0/eagle.go:210 +0x6d
created by github.com/FZambia/eagle.New in goroutine 1617
	/home/mariell/go/pkg/mod/github.com/!f!zambia/eagle@v0.1.0/eagle.go:66 +0x176

goroutine 7803 [select]:
net/http.(*persistConn).writeLoop(0xc0035a6000)
	/usr/lib/go/src/net/http/transport.go:2590 +0xe7
created by net/http.(*Transport).dialConn in goroutine 6236
	/usr/lib/go/src/net/http/transport.go:1945 +0x17a5

goroutine 1315 [sync.Cond.Wait]:
sync.runtime_notifyListWait(0xc002596950, 0x22)
	/usr/lib/go/src/runtime/sema.go:597 +0x159
sync.(*Cond).Wait(0xc0024ee7d0?)
	/usr/lib/go/src/sync/cond.go:71 +0x85
github.com/centrifugal/centrifuge/internal/dissolve.(*queueImpl).Wait(0xc0025cb730)
	/home/mariell/go/pkg/mod/github.com/centrifugal/centrifuge@v0.33.3/internal/dissolve/queue.go:139 +0x4a
github.com/centrifugal/centrifuge/internal/dissolve.(*Dissolver).runWorker(0xc0009821c8)
	/home/mariell/go/pkg/mod/github.com/centrifugal/centrifuge@v0.33.3/internal/dissolve/dissolve.go:52 +0x27
created by github.com/centrifugal/centrifuge/internal/dissolve.(*Dissolver).Run in goroutine 191
	/home/mariell/go/pkg/mod/github.com/centrifugal/centrifuge@v0.33.3/internal/dissolve/dissolve.go:31 +0x25

goroutine 2734 [select]:
database/sql.(*DB).connectionOpener(0xc000ff6dd0, {0xa9d1d00, 0xc00087c870})
	/usr/lib/go/src/database/sql/sql.go:1261 +0x87
created by database/sql.OpenDB in goroutine 3352
	/usr/lib/go/src/database/sql/sql.go:841 +0x130

goroutine 2956 [sync.Cond.Wait]:
sync.runtime_notifyListWait(0xc002557a10, 0x15)
	/usr/lib/go/src/runtime/sema.go:597 +0x159
sync.(*Cond).Wait(0xc0024f3701?)
	/usr/lib/go/src/sync/cond.go:71 +0x85
github.com/centrifugal/centrifuge/internal/dissolve.(*queueImpl).Wait(0xc0035d2380)
	/home/mariell/go/pkg/mod/github.com/centrifugal/centrifuge@v0.33.3/internal/dissolve/queue.go:139 +0x4a
github.com/centrifugal/centrifuge/internal/dissolve.(*Dissolver).runWorker(0xc001f98b70)
	/home/mariell/go/pkg/mod/github.com/centrifugal/centrifuge@v0.33.3/internal/dissolve/dissolve.go:52 +0x27
created by github.com/centrifugal/centrifuge/internal/dissolve.(*Dissolver).Run in goroutine 1617
	/home/mariell/go/pkg/mod/github.com/centrifugal/centrifuge@v0.33.3/internal/dissolve/dissolve.go:31 +0x25

goroutine 2914 [sync.Cond.Wait]:
sync.runtime_notifyListWait(0xc002557a10, 0x30)
	/usr/lib/go/src/runtime/sema.go:597 +0x159
sync.(*Cond).Wait(0x0?)
	/usr/lib/go/src/sync/cond.go:71 +0x85
github.com/centrifugal/centrifuge/internal/dissolve.(*queueImpl).Wait(0xc0035d2380)
	/home/mariell/go/pkg/mod/github.com/centrifugal/centrifuge@v0.33.3/internal/dissolve/queue.go:139 +0x4a
github.com/centrifugal/centrifuge/internal/dissolve.(*Dissolver).runWorker(0xc001f98b70)
	/home/mariell/go/pkg/mod/github.com/centrifugal/centrifuge@v0.33.3/internal/dissolve/dissolve.go:52 +0x27
created by github.com/centrifugal/centrifuge/internal/dissolve.(*Dissolver).Run in goroutine 1617
	/home/mariell/go/pkg/mod/github.com/centrifugal/centrifuge@v0.33.3/internal/dissolve/dissolve.go:31 +0x25

goroutine 1324 [sync.Cond.Wait]:
sync.runtime_notifyListWait(0xc002596950, 0x37)
	/usr/lib/go/src/runtime/sema.go:597 +0x159
sync.(*Cond).Wait(0xc0024f07d0?)
	/usr/lib/go/src/sync/cond.go:71 +0x85
github.com/centrifugal/centrifuge/internal/dissolve.(*queueImpl).Wait(0xc0025cb730)
	/home/mariell/go/pkg/mod/github.com/centrifugal/centrifuge@v0.33.3/internal/dissolve/queue.go:139 +0x4a
github.com/centrifugal/centrifuge/internal/dissolve.(*Dissolver).runWorker(0xc0009821c8)
	/home/mariell/go/pkg/mod/github.com/centrifugal/centrifuge@v0.33.3/internal/dissolve/dissolve.go:52 +0x27
created by github.com/centrifugal/centrifuge/internal/dissolve.(*Dissolver).Run in goroutine 191
	/home/mariell/go/pkg/mod/github.com/centrifugal/centrifuge@v0.33.3/internal/dissolve/dissolve.go:31 +0x25

goroutine 1348 [sync.Cond.Wait]:
sync.runtime_notifyListWait(0xc002596950, 0x2d)
	/usr/lib/go/src/runtime/sema.go:597 +0x159
sync.(*Cond).Wait(0xc001d80150?)
	/usr/lib/go/src/sync/cond.go:71 +0x85
github.com/centrifugal/centrifuge/internal/dissolve.(*queueImpl).Wait(0xc0025cb730)
	/home/mariell/go/pkg/mod/github.com/centrifugal/centrifuge@v0.33.3/internal/dissolve/queue.go:139 +0x4a
github.com/centrifugal/centrifuge/internal/dissolve.(*Dissolver).runWorker(0xc0009821c8)
	/home/mariell/go/pkg/mod/github.com/centrifugal/centrifuge@v0.33.3/internal/dissolve/dissolve.go:52 +0x27
created by github.com/centrifugal/centrifuge/internal/dissolve.(*Dissolver).Run in goroutine 191
	/home/mariell/go/pkg/mod/github.com/centrifugal/centrifuge@v0.33.3/internal/dissolve/dissolve.go:31 +0x25

goroutine 1354 [sync.Cond.Wait]:
sync.runtime_notifyListWait(0xc002596950, 0x33)
	/usr/lib/go/src/runtime/sema.go:597 +0x159
sync.(*Cond).Wait(0xe8241c8b48?)
	/usr/lib/go/src/sync/cond.go:71 +0x85
github.com/centrifugal/centrifuge/internal/dissolve.(*queueImpl).Wait(0xc0025cb730)
	/home/mariell/go/pkg/mod/github.com/centrifugal/centrifuge@v0.33.3/internal/dissolve/queue.go:139 +0x4a
github.com/centrifugal/centrifuge/internal/dissolve.(*Dissolver).runWorker(0xc0009821c8)
	/home/mariell/go/pkg/mod/github.com/centrifugal/centrifuge@v0.33.3/internal/dissolve/dissolve.go:52 +0x27
created by github.com/centrifugal/centrifuge/internal/dissolve.(*Dissolver).Run in goroutine 191
	/home/mariell/go/pkg/mod/github.com/centrifugal/centrifuge@v0.33.3/internal/dissolve/dissolve.go:31 +0x25

goroutine 1355 [sync.Cond.Wait]:
sync.runtime_notifyListWait(0xc002596950, 0x34)
	/usr/lib/go/src/runtime/sema.go:597 +0x159
sync.(*Cond).Wait(0x0?)
	/usr/lib/go/src/sync/cond.go:71 +0x85
github.com/centrifugal/centrifuge/internal/dissolve.(*queueImpl).Wait(0xc0025cb730)
	/home/mariell/go/pkg/mod/github.com/centrifugal/centrifuge@v0.33.3/internal/dissolve/queue.go:139 +0x4a
github.com/centrifugal/centrifuge/internal/dissolve.(*Dissolver).runWorker(0xc0009821c8)
	/home/mariell/go/pkg/mod/github.com/centrifugal/centrifuge@v0.33.3/internal/dissolve/dissolve.go:52 +0x27
created by github.com/centrifugal/centrifuge/internal/dissolve.(*Dissolver).Run in goroutine 191
	/home/mariell/go/pkg/mod/github.com/centrifugal/centrifuge@v0.33.3/internal/dissolve/dissolve.go:31 +0x25

goroutine 1356 [sync.Cond.Wait]:
sync.runtime_notifyListWait(0xc002596950, 0x35)
	/usr/lib/go/src/runtime/sema.go:597 +0x159
sync.(*Cond).Wait(0x0?)
	/usr/lib/go/src/sync/cond.go:71 +0x85
github.com/centrifugal/centrifuge/internal/dissolve.(*queueImpl).Wait(0xc0025cb730)
	/home/mariell/go/pkg/mod/github.com/centrifugal/centrifuge@v0.33.3/internal/dissolve/queue.go:139 +0x4a
github.com/centrifugal/centrifuge/internal/dissolve.(*Dissolver).runWorker(0xc0009821c8)
	/home/mariell/go/pkg/mod/github.com/centrifugal/centrifuge@v0.33.3/internal/dissolve/dissolve.go:52 +0x27
created by github.com/centrifugal/centrifuge/internal/dissolve.(*Dissolver).Run in goroutine 191
	/home/mariell/go/pkg/mod/github.com/centrifugal/centrifuge@v0.33.3/internal/dissolve/dissolve.go:31 +0x25

goroutine 1357 [sync.Cond.Wait]:
sync.runtime_notifyListWait(0xc002596950, 0x32)
	/usr/lib/go/src/runtime/sema.go:597 +0x159
sync.(*Cond).Wait(0x0?)
	/usr/lib/go/src/sync/cond.go:71 +0x85
github.com/centrifugal/centrifuge/internal/dissolve.(*queueImpl).Wait(0xc0025cb730)
	/home/mariell/go/pkg/mod/github.com/centrifugal/centrifuge@v0.33.3/internal/dissolve/queue.go:139 +0x4a
github.com/centrifugal/centrifuge/internal/dissolve.(*Dissolver).runWorker(0xc0009821c8)
	/home/mariell/go/pkg/mod/github.com/centrifugal/centrifuge@v0.33.3/internal/dissolve/dissolve.go:52 +0x27
created by github.com/centrifugal/centrifuge/internal/dissolve.(*Dissolver).Run in goroutine 191
	/home/mariell/go/pkg/mod/github.com/centrifugal/centrifuge@v0.33.3/internal/dissolve/dissolve.go:31 +0x25

goroutine 1358 [sync.Cond.Wait]:
sync.runtime_notifyListWait(0xc002596950, 0x3a)
	/usr/lib/go/src/runtime/sema.go:597 +0x159
sync.(*Cond).Wait(0x0?)
	/usr/lib/go/src/sync/cond.go:71 +0x85
github.com/centrifugal/centrifuge/internal/dissolve.(*queueImpl).Wait(0xc0025cb730)
	/home/mariell/go/pkg/mod/github.com/centrifugal/centrifuge@v0.33.3/internal/dissolve/queue.go:139 +0x4a
github.com/centrifugal/centrifuge/internal/dissolve.(*Dissolver).runWorker(0xc0009821c8)
	/home/mariell/go/pkg/mod/github.com/centrifugal/centrifuge@v0.33.3/internal/dissolve/dissolve.go:52 +0x27
created by github.com/centrifugal/centrifuge/internal/dissolve.(*Dissolver).Run in goroutine 191
	/home/mariell/go/pkg/mod/github.com/centrifugal/centrifuge@v0.33.3/internal/dissolve/dissolve.go:31 +0x25

goroutine 1359 [sync.Cond.Wait]:
sync.runtime_notifyListWait(0xc002596950, 0x39)
	/usr/lib/go/src/runtime/sema.go:597 +0x159
sync.(*Cond).Wait(0x0?)
	/usr/lib/go/src/sync/cond.go:71 +0x85
github.com/centrifugal/centrifuge/internal/dissolve.(*queueImpl).Wait(0xc0025cb730)
	/home/mariell/go/pkg/mod/github.com/centrifugal/centrifuge@v0.33.3/internal/dissolve/queue.go:139 +0x4a
github.com/centrifugal/centrifuge/internal/dissolve.(*Dissolver).runWorker(0xc0009821c8)
	/home/mariell/go/pkg/mod/github.com/centrifugal/centrifuge@v0.33.3/internal/dissolve/dissolve.go:52 +0x27
created by github.com/centrifugal/centrifuge/internal/dissolve.(*Dissolver).Run in goroutine 191
	/home/mariell/go/pkg/mod/github.com/centrifugal/centrifuge@v0.33.3/internal/dissolve/dissolve.go:31 +0x25

goroutine 1360 [sync.Cond.Wait]:
sync.runtime_notifyListWait(0xc002596950, 0x3c)
	/usr/lib/go/src/runtime/sema.go:597 +0x159
sync.(*Cond).Wait(0x0?)
	/usr/lib/go/src/sync/cond.go:71 +0x85
github.com/centrifugal/centrifuge/internal/dissolve.(*queueImpl).Wait(0xc0025cb730)
	/home/mariell/go/pkg/mod/github.com/centrifugal/centrifuge@v0.33.3/internal/dissolve/queue.go:139 +0x4a
github.com/centrifugal/centrifuge/internal/dissolve.(*Dissolver).runWorker(0xc0009821c8)
	/home/mariell/go/pkg/mod/github.com/centrifugal/centrifuge@v0.33.3/internal/dissolve/dissolve.go:52 +0x27
created by github.com/centrifugal/centrifuge/internal/dissolve.(*Dissolver).Run in goroutine 191
	/home/mariell/go/pkg/mod/github.com/centrifugal/centrifuge@v0.33.3/internal/dissolve/dissolve.go:31 +0x25

goroutine 1361 [sync.Cond.Wait]:
sync.runtime_notifyListWait(0xc002596950, 0x3d)
	/usr/lib/go/src/runtime/sema.go:597 +0x159
sync.(*Cond).Wait(0xc000502010?)
	/usr/lib/go/src/sync/cond.go:71 +0x85
github.com/centrifugal/centrifuge/internal/dissolve.(*queueImpl).Wait(0xc0025cb730)
	/home/mariell/go/pkg/mod/github.com/centrifugal/centrifuge@v0.33.3/internal/dissolve/queue.go:139 +0x4a
github.com/centrifugal/centrifuge/internal/dissolve.(*Dissolver).runWorker(0xc0009821c8)
	/home/mariell/go/pkg/mod/github.com/centrifugal/centrifuge@v0.33.3/internal/dissolve/dissolve.go:52 +0x27
created by github.com/centrifugal/centrifuge/internal/dissolve.(*Dissolver).Run in goroutine 191
	/home/mariell/go/pkg/mod/github.com/centrifugal/centrifuge@v0.33.3/internal/dissolve/dissolve.go:31 +0x25

goroutine 1362 [sync.Cond.Wait]:
sync.runtime_notifyListWait(0xc002596950, 0x3f)
	/usr/lib/go/src/runtime/sema.go:597 +0x159
sync.(*Cond).Wait(0xc0024f0fd0?)
	/usr/lib/go/src/sync/cond.go:71 +0x85
github.com/centrifugal/centrifuge/internal/dissolve.(*queueImpl).Wait(0xc0025cb730)
	/home/mariell/go/pkg/mod/github.com/centrifugal/centrifuge@v0.33.3/internal/dissolve/queue.go:139 +0x4a
github.com/centrifugal/centrifuge/internal/dissolve.(*Dissolver).runWorker(0xc0009821c8)
	/home/mariell/go/pkg/mod/github.com/centrifugal/centrifuge@v0.33.3/internal/dissolve/dissolve.go:52 +0x27
created by github.com/centrifugal/centrifuge/internal/dissolve.(*Dissolver).Run in goroutine 191
	/home/mariell/go/pkg/mod/github.com/centrifugal/centrifuge@v0.33.3/internal/dissolve/dissolve.go:31 +0x25

goroutine 1472 [select]:
net/http.(*persistConn).writeLoop(0xc002a37320)
	/usr/lib/go/src/net/http/transport.go:2590 +0xe7
created by net/http.(*Transport).dialConn in goroutine 1699
	/usr/lib/go/src/net/http/transport.go:1945 +0x17a5

goroutine 10823 [IO wait]:
internal/poll.runtime_pollWait(0x7775591d0ba8, 0x72)
	/usr/lib/go/src/runtime/netpoll.go:351 +0x85
internal/poll.(*pollDesc).wait(0xc007046e80?, 0xc006ffa000?, 0x0)
	/usr/lib/go/src/internal/poll/fd_poll_runtime.go:84 +0x27
internal/poll.(*pollDesc).waitRead(...)
	/usr/lib/go/src/internal/poll/fd_poll_runtime.go:89
internal/poll.(*FD).Read(0xc007046e80, {0xc006ffa000, 0x1300, 0x1300})
	/usr/lib/go/src/internal/poll/fd_unix.go:165 +0x27a
net.(*netFD).Read(0xc007046e80, {0xc006ffa000?, 0xc006ffa000?, 0x5?})
	/usr/lib/go/src/net/fd_posix.go:55 +0x25
net.(*conn).Read(0xc008d1a2b0, {0xc006ffa000?, 0x777558f9ee48?, 0x7775a8b28108?})
	/usr/lib/go/src/net/net.go:194 +0x45
crypto/tls.(*atLeastReader).Read(0xc006542bd0, {0xc006ffa000?, 0x12fb?, 0x10?})
	/usr/lib/go/src/crypto/tls/conn.go:809 +0x3b
bytes.(*Buffer).ReadFrom(0xc007124638, {0xa94e300, 0xc006542bd0})
	/usr/lib/go/src/bytes/buffer.go:211 +0x98
crypto/tls.(*Conn).readFromUntil(0xc007124388, {0xa94dc00, 0xc008d1a2b0}, 0x444af4?)
	/usr/lib/go/src/crypto/tls/conn.go:831 +0xde
crypto/tls.(*Conn).readRecordOrCCS(0xc007124388, 0x0)
	/usr/lib/go/src/crypto/tls/conn.go:629 +0x3cf
crypto/tls.(*Conn).readRecord(...)
	/usr/lib/go/src/crypto/tls/conn.go:591
crypto/tls.(*Conn).Read(0xc007124388, {0xc006f2b000, 0x1000, 0xc006804780?})
	/usr/lib/go/src/crypto/tls/conn.go:1385 +0x145
net/http.(*persistConn).Read(0xc002fb2b40, {0xc006f2b000?, 0x81fe45?, 0xa94be80?})
	/usr/lib/go/src/net/http/transport.go:2122 +0x47
bufio.(*Reader).fill(0xc0050caa20)
	/usr/lib/go/src/bufio/bufio.go:113 +0x103
bufio.(*Reader).Peek(0xc0050caa20, 0x1)
	/usr/lib/go/src/bufio/bufio.go:152 +0x53
net/http.(*persistConn).readLoop(0xc002fb2b40)
	/usr/lib/go/src/net/http/transport.go:2275 +0x172
created by net/http.(*Transport).dialConn in goroutine 10761
	/usr/lib/go/src/net/http/transport.go:1944 +0x174f

goroutine 1716 [IO wait]:
internal/poll.runtime_pollWait(0x7775618b9ec8, 0x72)
	/usr/lib/go/src/runtime/netpoll.go:351 +0x85
internal/poll.(*pollDesc).wait(0xc000a2e080?, 0xc0014b4000?, 0x0)
	/usr/lib/go/src/internal/poll/fd_poll_runtime.go:84 +0x27
internal/poll.(*pollDesc).waitRead(...)
	/usr/lib/go/src/internal/poll/fd_poll_runtime.go:89
internal/poll.(*FD).Read(0xc000a2e080, {0xc0014b4000, 0x1300, 0x1300})
	/usr/lib/go/src/internal/poll/fd_unix.go:165 +0x27a
net.(*netFD).Read(0xc000a2e080, {0xc0014b4000?, 0xc0014b4000?, 0x5?})
	/usr/lib/go/src/net/fd_posix.go:55 +0x25
net.(*conn).Read(0xc002650028, {0xc0014b4000?, 0x7775606cf7f8?, 0x7775a8b28108?})
	/usr/lib/go/src/net/net.go:194 +0x45
crypto/tls.(*atLeastReader).Read(0xc001beabd0, {0xc0014b4000?, 0x12fb?, 0xc001e619b0?})
	/usr/lib/go/src/crypto/tls/conn.go:809 +0x3b
bytes.(*Buffer).ReadFrom(0xc001d7f438, {0xa94e300, 0xc001beabd0})
	/usr/lib/go/src/bytes/buffer.go:211 +0x98
crypto/tls.(*Conn).readFromUntil(0xc001d7f188, {0xa94dc00, 0xc002650028}, 0x444af4?)
	/usr/lib/go/src/crypto/tls/conn.go:831 +0xde
crypto/tls.(*Conn).readRecordOrCCS(0xc001d7f188, 0x0)
	/usr/lib/go/src/crypto/tls/conn.go:629 +0x3cf
crypto/tls.(*Conn).readRecord(...)
	/usr/lib/go/src/crypto/tls/conn.go:591
crypto/tls.(*Conn).Read(0xc001d7f188, {0xc001440000, 0x1000, 0xc002740ae0?})
	/usr/lib/go/src/crypto/tls/conn.go:1385 +0x145
net/http.(*persistConn).Read(0xc002a36b40, {0xc001440000?, 0x81fe45?, 0xa94be80?})
	/usr/lib/go/src/net/http/transport.go:2122 +0x47
bufio.(*Reader).fill(0xc000a9d2c0)
	/usr/lib/go/src/bufio/bufio.go:113 +0x103
bufio.(*Reader).Peek(0xc000a9d2c0, 0x1)
	/usr/lib/go/src/bufio/bufio.go:152 +0x53
net/http.(*persistConn).readLoop(0xc002a36b40)
	/usr/lib/go/src/net/http/transport.go:2275 +0x172
created by net/http.(*Transport).dialConn in goroutine 1580
	/usr/lib/go/src/net/http/transport.go:1944 +0x174f

goroutine 7521 [select]:
github.com/patrickmn/go-cache.(*janitor).Run(0xc006bebb40, 0xc0026d6240)
	/home/mariell/go/pkg/mod/github.com/patrickmn/go-cache@v2.1.0+incompatible/cache.go:1079 +0x7b
created by github.com/patrickmn/go-cache.runJanitor in goroutine 6291
	/home/mariell/go/pkg/mod/github.com/patrickmn/go-cache@v2.1.0+incompatible/cache.go:1099 +0xdb

goroutine 1419 [select]:
github.com/patrickmn/go-cache.(*janitor).Run(0xc0029c50e0, 0xc0029caa40)
	/home/mariell/go/pkg/mod/github.com/patrickmn/go-cache@v2.1.0+incompatible/cache.go:1079 +0x7b
created by github.com/patrickmn/go-cache.runJanitor in goroutine 191
	/home/mariell/go/pkg/mod/github.com/patrickmn/go-cache@v2.1.0+incompatible/cache.go:1099 +0xdb

goroutine 1425 [select]:
github.com/patrickmn/go-cache.(*janitor).Run(0xc0029ecd50, 0xc0029f66c0)
	/home/mariell/go/pkg/mod/github.com/patrickmn/go-cache@v2.1.0+incompatible/cache.go:1079 +0x7b
created by github.com/patrickmn/go-cache.runJanitor in goroutine 191
	/home/mariell/go/pkg/mod/github.com/patrickmn/go-cache@v2.1.0+incompatible/cache.go:1099 +0xdb

goroutine 1426 [select]:
github.com/patrickmn/go-cache.(*janitor).Run(0xc0029ed5d0, 0xc0029f6b80)
	/home/mariell/go/pkg/mod/github.com/patrickmn/go-cache@v2.1.0+incompatible/cache.go:1079 +0x7b
created by github.com/patrickmn/go-cache.runJanitor in goroutine 191
	/home/mariell/go/pkg/mod/github.com/patrickmn/go-cache@v2.1.0+incompatible/cache.go:1099 +0xdb

goroutine 1427 [select]:
github.com/patrickmn/go-cache.(*janitor).Run(0xc0029ed790, 0xc0029f6c40)
	/home/mariell/go/pkg/mod/github.com/patrickmn/go-cache@v2.1.0+incompatible/cache.go:1079 +0x7b
created by github.com/patrickmn/go-cache.runJanitor in goroutine 191
	/home/mariell/go/pkg/mod/github.com/patrickmn/go-cache@v2.1.0+incompatible/cache.go:1099 +0xdb

goroutine 1428 [select]:
github.com/patrickmn/go-cache.(*janitor).Run(0xc0029ed7a0, 0xc0029f6c80)
	/home/mariell/go/pkg/mod/github.com/patrickmn/go-cache@v2.1.0+incompatible/cache.go:1079 +0x7b
created by github.com/patrickmn/go-cache.runJanitor in goroutine 191
	/home/mariell/go/pkg/mod/github.com/patrickmn/go-cache@v2.1.0+incompatible/cache.go:1099 +0xdb

goroutine 2758 [select]:
github.com/patrickmn/go-cache.(*janitor).Run(0xc0034635b0, 0xc00148cd00)
	/home/mariell/go/pkg/mod/github.com/patrickmn/go-cache@v2.1.0+incompatible/cache.go:1079 +0x7b
created by github.com/patrickmn/go-cache.runJanitor in goroutine 1617
	/home/mariell/go/pkg/mod/github.com/patrickmn/go-cache@v2.1.0+incompatible/cache.go:1099 +0xdb

goroutine 3286 [select]:
go.opentelemetry.io/otel/sdk/trace.(*batchSpanProcessor).processQueue(0xc002525cc0)
	/home/mariell/go/pkg/mod/go.opentelemetry.io/otel/sdk@v1.34.0/trace/batch_span_processor.go:302 +0x114
go.opentelemetry.io/otel/sdk/trace.NewBatchSpanProcessor.func1()
	/home/mariell/go/pkg/mod/go.opentelemetry.io/otel/sdk@v1.34.0/trace/batch_span_processor.go:117 +0x4e
created by go.opentelemetry.io/otel/sdk/trace.NewBatchSpanProcessor in goroutine 4441
	/home/mariell/go/pkg/mod/go.opentelemetry.io/otel/sdk@v1.34.0/trace/batch_span_processor.go:115 +0x2d9

goroutine 11989 [sync.Cond.Wait]:
sync.runtime_notifyListWait(0xc0082fe010, 0x1f)
	/usr/lib/go/src/runtime/sema.go:597 +0x159
sync.(*Cond).Wait(0xc000ab6fd0?)
	/usr/lib/go/src/sync/cond.go:71 +0x85
github.com/centrifugal/centrifuge/internal/dissolve.(*queueImpl).Wait(0xc0088a18f0)
	/home/mariell/go/pkg/mod/github.com/centrifugal/centrifuge@v0.33.3/internal/dissolve/queue.go:139 +0x4a
github.com/centrifugal/centrifuge/internal/dissolve.(*Dissolver).runWorker(0xc003c41ef0)
	/home/mariell/go/pkg/mod/github.com/centrifugal/centrifuge@v0.33.3/internal/dissolve/dissolve.go:52 +0x27
created by github.com/centrifugal/centrifuge/internal/dissolve.(*Dissolver).Run in goroutine 10841
	/home/mariell/go/pkg/mod/github.com/centrifugal/centrifuge@v0.33.3/internal/dissolve/dissolve.go:31 +0x25

goroutine 2959 [sync.Cond.Wait]:
sync.runtime_notifyListWait(0xc002557a10, 0x18)
	/usr/lib/go/src/runtime/sema.go:597 +0x159
sync.(*Cond).Wait(0x1?)
	/usr/lib/go/src/sync/cond.go:71 +0x85
github.com/centrifugal/centrifuge/internal/dissolve.(*queueImpl).Wait(0xc0035d2380)
	/home/mariell/go/pkg/mod/github.com/centrifugal/centrifuge@v0.33.3/internal/dissolve/queue.go:139 +0x4a
github.com/centrifugal/centrifuge/internal/dissolve.(*Dissolver).runWorker(0xc001f98b70)
	/home/mariell/go/pkg/mod/github.com/centrifugal/centrifuge@v0.33.3/internal/dissolve/dissolve.go:52 +0x27
created by github.com/centrifugal/centrifuge/internal/dissolve.(*Dissolver).Run in goroutine 1617
	/home/mariell/go/pkg/mod/github.com/centrifugal/centrifuge@v0.33.3/internal/dissolve/dissolve.go:31 +0x25

goroutine 4466 [sync.Cond.Wait]:
sync.runtime_notifyListWait(0xc0030e6090, 0x1a)
	/usr/lib/go/src/runtime/sema.go:597 +0x159
sync.(*Cond).Wait(0xc0047107d0?)
	/usr/lib/go/src/sync/cond.go:71 +0x85
github.com/centrifugal/centrifuge/internal/dissolve.(*queueImpl).Wait(0xc005443c00)
	/home/mariell/go/pkg/mod/github.com/centrifugal/centrifuge@v0.33.3/internal/dissolve/queue.go:139 +0x4a
github.com/centrifugal/centrifuge/internal/dissolve.(*Dissolver).runWorker(0xc004694a20)
	/home/mariell/go/pkg/mod/github.com/centrifugal/centrifuge@v0.33.3/internal/dissolve/dissolve.go:52 +0x27
created by github.com/centrifugal/centrifuge/internal/dissolve.(*Dissolver).Run in goroutine 3352
	/home/mariell/go/pkg/mod/github.com/centrifugal/centrifuge@v0.33.3/internal/dissolve/dissolve.go:31 +0x25

goroutine 2946 [sync.Cond.Wait]:
sync.runtime_notifyListWait(0xc002557a10, 0xb)
	/usr/lib/go/src/runtime/sema.go:597 +0x159
sync.(*Cond).Wait(0xc00221a7d0?)
	/usr/lib/go/src/sync/cond.go:71 +0x85
github.com/centrifugal/centrifuge/internal/dissolve.(*queueImpl).Wait(0xc0035d2380)
	/home/mariell/go/pkg/mod/github.com/centrifugal/centrifuge@v0.33.3/internal/dissolve/queue.go:139 +0x4a
github.com/centrifugal/centrifuge/internal/dissolve.(*Dissolver).runWorker(0xc001f98b70)
	/home/mariell/go/pkg/mod/github.com/centrifugal/centrifuge@v0.33.3/internal/dissolve/dissolve.go:52 +0x27
created by github.com/centrifugal/centrifuge/internal/dissolve.(*Dissolver).Run in goroutine 1617
	/home/mariell/go/pkg/mod/github.com/centrifugal/centrifuge@v0.33.3/internal/dissolve/dissolve.go:31 +0x25

goroutine 2902 [select]:
github.com/centrifugal/centrifuge.(*Node).cleanNodeInfo(0xc003cc4488)
	/home/mariell/go/pkg/mod/github.com/centrifugal/centrifuge@v0.33.3/node.go:394 +0x90
created by github.com/centrifugal/centrifuge.(*Node).Run in goroutine 1617
	/home/mariell/go/pkg/mod/github.com/centrifugal/centrifuge@v0.33.3/node.go:261 +0x265

goroutine 11993 [sync.Cond.Wait]:
sync.runtime_notifyListWait(0xc0082fe010, 0x23)
	/usr/lib/go/src/runtime/sema.go:597 +0x159
sync.(*Cond).Wait(0x0?)
	/usr/lib/go/src/sync/cond.go:71 +0x85
github.com/centrifugal/centrifuge/internal/dissolve.(*queueImpl).Wait(0xc0088a18f0)
	/home/mariell/go/pkg/mod/github.com/centrifugal/centrifuge@v0.33.3/internal/dissolve/queue.go:139 +0x4a
github.com/centrifugal/centrifuge/internal/dissolve.(*Dissolver).runWorker(0xc003c41ef0)
	/home/mariell/go/pkg/mod/github.com/centrifugal/centrifuge@v0.33.3/internal/dissolve/dissolve.go:52 +0x27
created by github.com/centrifugal/centrifuge/internal/dissolve.(*Dissolver).Run in goroutine 10841
	/home/mariell/go/pkg/mod/github.com/centrifugal/centrifuge@v0.33.3/internal/dissolve/dissolve.go:31 +0x25

goroutine 2938 [sync.Cond.Wait]:
sync.runtime_notifyListWait(0xc002557a10, 0x3)
	/usr/lib/go/src/runtime/sema.go:597 +0x159
sync.(*Cond).Wait(0xc000c44f01?)
	/usr/lib/go/src/sync/cond.go:71 +0x85
github.com/centrifugal/centrifuge/internal/dissolve.(*queueImpl).Wait(0xc0035d2380)
	/home/mariell/go/pkg/mod/github.com/centrifugal/centrifuge@v0.33.3/internal/dissolve/queue.go:139 +0x4a
github.com/centrifugal/centrifuge/internal/dissolve.(*Dissolver).runWorker(0xc001f98b70)
	/home/mariell/go/pkg/mod/github.com/centrifugal/centrifuge@v0.33.3/internal/dissolve/dissolve.go:52 +0x27
created by github.com/centrifugal/centrifuge/internal/dissolve.(*Dissolver).Run in goroutine 1617
	/home/mariell/go/pkg/mod/github.com/centrifugal/centrifuge@v0.33.3/internal/dissolve/dissolve.go:31 +0x25

goroutine 2936 [sync.Cond.Wait]:
sync.runtime_notifyListWait(0xc002557a10, 0x0)
	/usr/lib/go/src/runtime/sema.go:597 +0x159
sync.(*Cond).Wait(0x0?)
	/usr/lib/go/src/sync/cond.go:71 +0x85
github.com/centrifugal/centrifuge/internal/dissolve.(*queueImpl).Wait(0xc0035d2380)
	/home/mariell/go/pkg/mod/github.com/centrifugal/centrifuge@v0.33.3/internal/dissolve/queue.go:139 +0x4a
github.com/centrifugal/centrifuge/internal/dissolve.(*Dissolver).runWorker(0xc001f98b70)
	/home/mariell/go/pkg/mod/github.com/centrifugal/centrifuge@v0.33.3/internal/dissolve/dissolve.go:52 +0x27
created by github.com/centrifugal/centrifuge/internal/dissolve.(*Dissolver).Run in goroutine 1617
	/home/mariell/go/pkg/mod/github.com/centrifugal/centrifuge@v0.33.3/internal/dissolve/dissolve.go:31 +0x25

goroutine 7828 [select]:
k8s.io/apimachinery/pkg/util/wait.BackoffUntil(0xc0020c7e80, {0xa95ac00, 0xc004a8e150}, 0x1, 0xc001d9e310)
	/home/mariell/go/pkg/mod/k8s.io/apimachinery@v0.32.1/pkg/util/wait/backoff.go:238 +0x12c
k8s.io/apimachinery/pkg/util/wait.JitterUntil(0xc0020c7e80, 0x3b9aca00, 0x3ff3333333333333, 0x1, 0xc001d9e310)
	/home/mariell/go/pkg/mod/k8s.io/apimachinery@v0.32.1/pkg/util/wait/backoff.go:204 +0x7f
created by k8s.io/apiserver/pkg/registry/generic/registry.(*Store).startObservingCount in goroutine 7699
	/home/mariell/go/pkg/mod/k8s.io/apiserver@v0.32.1/pkg/registry/generic/registry/store.go:1666 +0x2f9

goroutine 4476 [sync.Cond.Wait]:
sync.runtime_notifyListWait(0xc0030e6090, 0x24)
	/usr/lib/go/src/runtime/sema.go:597 +0x159
sync.(*Cond).Wait(0x0?)
	/usr/lib/go/src/sync/cond.go:71 +0x85
github.com/centrifugal/centrifuge/internal/dissolve.(*queueImpl).Wait(0xc005443c00)
	/home/mariell/go/pkg/mod/github.com/centrifugal/centrifuge@v0.33.3/internal/dissolve/queue.go:139 +0x4a
github.com/centrifugal/centrifuge/internal/dissolve.(*Dissolver).runWorker(0xc004694a20)
	/home/mariell/go/pkg/mod/github.com/centrifugal/centrifuge@v0.33.3/internal/dissolve/dissolve.go:52 +0x27
created by github.com/centrifugal/centrifuge/internal/dissolve.(*Dissolver).Run in goroutine 3352
	/home/mariell/go/pkg/mod/github.com/centrifugal/centrifuge@v0.33.3/internal/dissolve/dissolve.go:31 +0x25

goroutine 2953 [sync.Cond.Wait]:
sync.runtime_notifyListWait(0xc002557a10, 0x12)
	/usr/lib/go/src/runtime/sema.go:597 +0x159
sync.(*Cond).Wait(0xc0024ae7d0?)
	/usr/lib/go/src/sync/cond.go:71 +0x85
github.com/centrifugal/centrifuge/internal/dissolve.(*queueImpl).Wait(0xc0035d2380)
	/home/mariell/go/pkg/mod/github.com/centrifugal/centrifuge@v0.33.3/internal/dissolve/queue.go:139 +0x4a
github.com/centrifugal/centrifuge/internal/dissolve.(*Dissolver).runWorker(0xc001f98b70)
	/home/mariell/go/pkg/mod/github.com/centrifugal/centrifuge@v0.33.3/internal/dissolve/dissolve.go:52 +0x27
created by github.com/centrifugal/centrifuge/internal/dissolve.(*Dissolver).Run in goroutine 1617
	/home/mariell/go/pkg/mod/github.com/centrifugal/centrifuge@v0.33.3/internal/dissolve/dissolve.go:31 +0x25

goroutine 7435 [sync.Cond.Wait]:
sync.runtime_notifyListWait(0xc0088a2350, 0x38)
	/usr/lib/go/src/runtime/sema.go:597 +0x159
sync.(*Cond).Wait(0x0?)
	/usr/lib/go/src/sync/cond.go:71 +0x85
github.com/centrifugal/centrifuge/internal/dissolve.(*queueImpl).Wait(0xc0088a0620)
	/home/mariell/go/pkg/mod/github.com/centrifugal/centrifuge@v0.33.3/internal/dissolve/queue.go:139 +0x4a
github.com/centrifugal/centrifuge/internal/dissolve.(*Dissolver).runWorker(0xc001ba2798)
	/home/mariell/go/pkg/mod/github.com/centrifugal/centrifuge@v0.33.3/internal/dissolve/dissolve.go:52 +0x27
created by github.com/centrifugal/centrifuge/internal/dissolve.(*Dissolver).Run in goroutine 6291
	/home/mariell/go/pkg/mod/github.com/centrifugal/centrifuge@v0.33.3/internal/dissolve/dissolve.go:31 +0x25

goroutine 2926 [sync.Cond.Wait]:
sync.runtime_notifyListWait(0xc002557a10, 0x32)
	/usr/lib/go/src/runtime/sema.go:597 +0x159
sync.(*Cond).Wait(0x0?)
	/usr/lib/go/src/sync/cond.go:71 +0x85
github.com/centrifugal/centrifuge/internal/dissolve.(*queueImpl).Wait(0xc0035d2380)
	/home/mariell/go/pkg/mod/github.com/centrifugal/centrifuge@v0.33.3/internal/dissolve/queue.go:139 +0x4a
github.com/centrifugal/centrifuge/internal/dissolve.(*Dissolver).runWorker(0xc001f98b70)
	/home/mariell/go/pkg/mod/github.com/centrifugal/centrifuge@v0.33.3/internal/dissolve/dissolve.go:52 +0x27
created by github.com/centrifugal/centrifuge/internal/dissolve.(*Dissolver).Run in goroutine 1617
	/home/mariell/go/pkg/mod/github.com/centrifugal/centrifuge@v0.33.3/internal/dissolve/dissolve.go:31 +0x25

goroutine 4702 [IO wait]:
internal/poll.runtime_pollWait(0x777559340d28, 0x72)
	/usr/lib/go/src/runtime/netpoll.go:351 +0x85
internal/poll.(*pollDesc).wait(0xc005b34380?, 0xc00108ec00?, 0x0)
	/usr/lib/go/src/internal/poll/fd_poll_runtime.go:84 +0x27
internal/poll.(*pollDesc).waitRead(...)
	/usr/lib/go/src/internal/poll/fd_poll_runtime.go:89
internal/poll.(*FD).Read(0xc005b34380, {0xc00108ec00, 0x1300, 0x1300})
	/usr/lib/go/src/internal/poll/fd_unix.go:165 +0x27a
net.(*netFD).Read(0xc005b34380, {0xc00108ec00?, 0xc000e80008?, 0xc00295a990?})
	/usr/lib/go/src/net/fd_posix.go:55 +0x25
net.(*conn).Read(0xc004f88990, {0xc00108ec00?, 0x777560548d98?, 0x7775a8b293e8?})
	/usr/lib/go/src/net/net.go:194 +0x45
crypto/tls.(*atLeastReader).Read(0xc00120b3c8, {0xc00108ec00?, 0x2a?, 0x5?})
	/usr/lib/go/src/crypto/tls/conn.go:809 +0x3b
bytes.(*Buffer).ReadFrom(0xc005c282b8, {0xa94e300, 0xc00120b3c8})
	/usr/lib/go/src/bytes/buffer.go:211 +0x98
crypto/tls.(*Conn).readFromUntil(0xc005c28008, {0xa94dc00, 0xc004f88990}, 0x444af4?)
	/usr/lib/go/src/crypto/tls/conn.go:831 +0xde
crypto/tls.(*Conn).readRecordOrCCS(0xc005c28008, 0x0)
	/usr/lib/go/src/crypto/tls/conn.go:629 +0x3cf
crypto/tls.(*Conn).readRecord(...)
	/usr/lib/go/src/crypto/tls/conn.go:591
crypto/tls.(*Conn).Read(0xc005c28008, {0xc005c31000, 0x1000, 0x7775a8b293e8?})
	/usr/lib/go/src/crypto/tls/conn.go:1385 +0x145
net/http.(*persistConn).Read(0xc003360000, {0xc005c31000?, 0x4141c5?, 0x68?})
	/usr/lib/go/src/net/http/transport.go:2122 +0x47
bufio.(*Reader).fill(0xc0035357a0)
	/usr/lib/go/src/bufio/bufio.go:113 +0x103
bufio.(*Reader).Peek(0xc0035357a0, 0x1)
	/usr/lib/go/src/bufio/bufio.go:152 +0x53
net/http.(*persistConn).readLoop(0xc003360000)
	/usr/lib/go/src/net/http/transport.go:2275 +0x172
created by net/http.(*Transport).dialConn in goroutine 4728
	/usr/lib/go/src/net/http/transport.go:1944 +0x174f

goroutine 3400 [select]:
github.com/patrickmn/go-cache.(*janitor).Run(0xc00212d620, 0xc00218e300)
	/home/mariell/go/pkg/mod/github.com/patrickmn/go-cache@v2.1.0+incompatible/cache.go:1079 +0x7b
created by github.com/patrickmn/go-cache.runJanitor in goroutine 3352
	/home/mariell/go/pkg/mod/github.com/patrickmn/go-cache@v2.1.0+incompatible/cache.go:1099 +0xdb

goroutine 2903 [select]:
github.com/centrifugal/centrifuge.(*Node).updateMetrics(0xc003cc4488)
	/home/mariell/go/pkg/mod/github.com/centrifugal/centrifuge@v0.33.3/node.go:335 +0x85
created by github.com/centrifugal/centrifuge.(*Node).Run in goroutine 1617
	/home/mariell/go/pkg/mod/github.com/centrifugal/centrifuge@v0.33.3/node.go:262 +0x2a5

goroutine 6075 [IO wait]:
internal/poll.runtime_pollWait(0x777559340c10, 0x72)
	/usr/lib/go/src/runtime/netpoll.go:351 +0x85
internal/poll.(*pollDesc).wait(0xc006530500?, 0xc0014b6600?, 0x0)
	/usr/lib/go/src/internal/poll/fd_poll_runtime.go:84 +0x27
internal/poll.(*pollDesc).waitRead(...)
	/usr/lib/go/src/internal/poll/fd_poll_runtime.go:89
internal/poll.(*FD).Read(0xc006530500, {0xc0014b6600, 0x1300, 0x1300})
	/usr/lib/go/src/internal/poll/fd_unix.go:165 +0x27a
net.(*netFD).Read(0xc006530500, {0xc0014b6600?, 0xc0014b6600?, 0x5?})
	/usr/lib/go/src/net/fd_posix.go:55 +0x25
net.(*conn).Read(0xc001330048, {0xc0014b6600?, 0x777559397378?, 0x7775a8b298a0?})
	/usr/lib/go/src/net/net.go:194 +0x45
crypto/tls.(*atLeastReader).Read(0xc00491bd88, {0xc0014b6600?, 0x12fb?, 0x5?})
	/usr/lib/go/src/crypto/tls/conn.go:809 +0x3b
bytes.(*Buffer).ReadFrom(0xc0067982b8, {0xa94e300, 0xc00491bd88})
	/usr/lib/go/src/bytes/buffer.go:211 +0x98
crypto/tls.(*Conn).readFromUntil(0xc006798008, {0xa94dc00, 0xc001330048}, 0x444af4?)
	/usr/lib/go/src/crypto/tls/conn.go:831 +0xde
crypto/tls.(*Conn).readRecordOrCCS(0xc006798008, 0x0)
	/usr/lib/go/src/crypto/tls/conn.go:629 +0x3cf
crypto/tls.(*Conn).readRecord(...)
	/usr/lib/go/src/crypto/tls/conn.go:591
crypto/tls.(*Conn).Read(0xc006798008, {0xc00654c000, 0x1000, 0xc00660d3e0?})
	/usr/lib/go/src/crypto/tls/conn.go:1385 +0x145
net/http.(*persistConn).Read(0xc0033bf680, {0xc00654c000?, 0x81fe45?, 0xa94be80?})
	/usr/lib/go/src/net/http/transport.go:2122 +0x47
bufio.(*Reader).fill(0xc00461a240)
	/usr/lib/go/src/bufio/bufio.go:113 +0x103
bufio.(*Reader).Peek(0xc00461a240, 0x1)
	/usr/lib/go/src/bufio/bufio.go:152 +0x53
net/http.(*persistConn).readLoop(0xc0033bf680)
	/usr/lib/go/src/net/http/transport.go:2275 +0x172
created by net/http.(*Transport).dialConn in goroutine 6085
	/usr/lib/go/src/net/http/transport.go:1944 +0x174f

goroutine 11774 [select]:
net/http.(*persistConn).writeLoop(0xc00a958c60)
	/usr/lib/go/src/net/http/transport.go:2590 +0xe7
created by net/http.(*Transport).dialConn in goroutine 12254
	/usr/lib/go/src/net/http/transport.go:1945 +0x17a5

goroutine 27037 [sync.Cond.Wait]:
sync.runtime_notifyListWait(0xc00d5304d0, 0x22)
	/usr/lib/go/src/runtime/sema.go:597 +0x159
sync.(*Cond).Wait(0xc0025ec7d0?)
	/usr/lib/go/src/sync/cond.go:71 +0x85
github.com/centrifugal/centrifuge/internal/dissolve.(*queueImpl).Wait(0xc00dc00930)
	/home/mariell/go/pkg/mod/github.com/centrifugal/centrifuge@v0.33.3/internal/dissolve/queue.go:139 +0x4a
github.com/centrifugal/centrifuge/internal/dissolve.(*Dissolver).runWorker(0xc0128109a8)
	/home/mariell/go/pkg/mod/github.com/centrifugal/centrifuge@v0.33.3/internal/dissolve/dissolve.go:52 +0x27
created by github.com/centrifugal/centrifuge/internal/dissolve.(*Dissolver).Run in goroutine 24637
	/home/mariell/go/pkg/mod/github.com/centrifugal/centrifuge@v0.33.3/internal/dissolve/dissolve.go:31 +0x25

goroutine 1714 [IO wait]:
internal/poll.runtime_pollWait(0x7775618b9c98, 0x72)
	/usr/lib/go/src/runtime/netpoll.go:351 +0x85
internal/poll.(*pollDesc).wait(0xc001e8ed00?, 0xc001b7cc00?, 0x0)
	/usr/lib/go/src/internal/poll/fd_poll_runtime.go:84 +0x27
internal/poll.(*pollDesc).waitRead(...)
	/usr/lib/go/src/internal/poll/fd_poll_runtime.go:89
internal/poll.(*FD).Read(0xc001e8ed00, {0xc001b7cc00, 0x1300, 0x1300})
	/usr/lib/go/src/internal/poll/fd_unix.go:165 +0x27a
net.(*netFD).Read(0xc001e8ed00, {0xc001b7cc00?, 0xe0?, 0xc00010d008?})
	/usr/lib/go/src/net/fd_posix.go:55 +0x25
net.(*conn).Read(0xc003082a80, {0xc001b7cc00?, 0x777560707b50?, 0x7775a8b28a78?})
	/usr/lib/go/src/net/net.go:194 +0x45
crypto/tls.(*atLeastReader).Read(0xc00140e4e0, {0xc001b7cc00?, 0xc000a70d20?, 0xc0021fd9a0?})
	/usr/lib/go/src/crypto/tls/conn.go:809 +0x3b
bytes.(*Buffer).ReadFrom(0xc00167d0b8, {0xa94e300, 0xc00140e4e0})
	/usr/lib/go/src/bytes/buffer.go:211 +0x98
crypto/tls.(*Conn).readFromUntil(0xc00167ce08, {0xa94dc00, 0xc003082a80}, 0x444af4?)
	/usr/lib/go/src/crypto/tls/conn.go:831 +0xde
crypto/tls.(*Conn).readRecordOrCCS(0xc00167ce08, 0x0)
	/usr/lib/go/src/crypto/tls/conn.go:629 +0x3cf
crypto/tls.(*Conn).readRecord(...)
	/usr/lib/go/src/crypto/tls/conn.go:591
crypto/tls.(*Conn).Read(0xc00167ce08, {0xc00142c000, 0x1000, 0x7775a8b28a78?})
	/usr/lib/go/src/crypto/tls/conn.go:1385 +0x145
net/http.(*persistConn).Read(0xc0023fa900, {0xc00142c000?, 0x4141c5?, 0x68?})
	/usr/lib/go/src/net/http/transport.go:2122 +0x47
bufio.(*Reader).fill(0xc000a9ccc0)
	/usr/lib/go/src/bufio/bufio.go:113 +0x103
bufio.(*Reader).Peek(0xc000a9ccc0, 0x1)
	/usr/lib/go/src/bufio/bufio.go:152 +0x53
net/http.(*persistConn).readLoop(0xc0023fa900)
	/usr/lib/go/src/net/http/transport.go:2275 +0x172
created by net/http.(*Transport).dialConn in goroutine 1200
	/usr/lib/go/src/net/http/transport.go:1944 +0x174f

goroutine 2892 [select]:
github.com/centrifugal/centrifuge.(*MemoryBroker).expireResultCache(0xc0010ac080)
	/home/mariell/go/pkg/mod/github.com/centrifugal/centrifuge@v0.33.3/broker_memory.go:160 +0x68
created by github.com/centrifugal/centrifuge.(*MemoryBroker).Run in goroutine 1617
	/home/mariell/go/pkg/mod/github.com/centrifugal/centrifuge@v0.33.3/broker_memory.go:73 +0x7f

goroutine 8785 [chan receive]:
github.com/grafana/grafana/pkg/storage/unified/sql.(*channelNotifier).notify.func1()
	/home/mariell/work/oss/grafana/pkg/storage/unified/sql/notifier.go:87 +0x39
created by github.com/grafana/grafana/pkg/storage/unified/sql.(*channelNotifier).notify in goroutine 7705
	/home/mariell/work/oss/grafana/pkg/storage/unified/sql/notifier.go:86 +0xdb

goroutine 7089 [sync.Cond.Wait]:
sync.runtime_notifyListWait(0xc0088a2350, 0x1)
	/usr/lib/go/src/runtime/sema.go:597 +0x159
sync.(*Cond).Wait(0x0?)
	/usr/lib/go/src/sync/cond.go:71 +0x85
github.com/centrifugal/centrifuge/internal/dissolve.(*queueImpl).Wait(0xc0088a0620)
	/home/mariell/go/pkg/mod/github.com/centrifugal/centrifuge@v0.33.3/internal/dissolve/queue.go:139 +0x4a
github.com/centrifugal/centrifuge/internal/dissolve.(*Dissolver).runWorker(0xc001ba2798)
	/home/mariell/go/pkg/mod/github.com/centrifugal/centrifuge@v0.33.3/internal/dissolve/dissolve.go:52 +0x27
created by github.com/centrifugal/centrifuge/internal/dissolve.(*Dissolver).Run in goroutine 6291
	/home/mariell/go/pkg/mod/github.com/centrifugal/centrifuge@v0.33.3/internal/dissolve/dissolve.go:31 +0x25

goroutine 7085 [select]:
github.com/centrifugal/centrifuge.(*Node).initMetrics.func1()
	/home/mariell/go/pkg/mod/github.com/centrifugal/centrifuge@v0.33.3/node.go:365 +0x8a
created by github.com/centrifugal/centrifuge.(*Node).initMetrics in goroutine 6291
	/home/mariell/go/pkg/mod/github.com/centrifugal/centrifuge@v0.33.3/node.go:363 +0x1f9

goroutine 11979 [sync.Cond.Wait]:
sync.runtime_notifyListWait(0xc0082fe010, 0x15)
	/usr/lib/go/src/runtime/sema.go:597 +0x159
sync.(*Cond).Wait(0xc00461eec0?)
	/usr/lib/go/src/sync/cond.go:71 +0x85
github.com/centrifugal/centrifuge/internal/dissolve.(*queueImpl).Wait(0xc0088a18f0)
	/home/mariell/go/pkg/mod/github.com/centrifugal/centrifuge@v0.33.3/internal/dissolve/queue.go:139 +0x4a
github.com/centrifugal/centrifuge/internal/dissolve.(*Dissolver).runWorker(0xc003c41ef0)
	/home/mariell/go/pkg/mod/github.com/centrifugal/centrifuge@v0.33.3/internal/dissolve/dissolve.go:52 +0x27
created by github.com/centrifugal/centrifuge/internal/dissolve.(*Dissolver).Run in goroutine 10841
	/home/mariell/go/pkg/mod/github.com/centrifugal/centrifuge@v0.33.3/internal/dissolve/dissolve.go:31 +0x25

goroutine 2939 [sync.Cond.Wait]:
sync.runtime_notifyListWait(0xc002557a10, 0x4)
	/usr/lib/go/src/runtime/sema.go:597 +0x159
sync.(*Cond).Wait(0xc000912ee0?)
	/usr/lib/go/src/sync/cond.go:71 +0x85
github.com/centrifugal/centrifuge/internal/dissolve.(*queueImpl).Wait(0xc0035d2380)
	/home/mariell/go/pkg/mod/github.com/centrifugal/centrifuge@v0.33.3/internal/dissolve/queue.go:139 +0x4a
github.com/centrifugal/centrifuge/internal/dissolve.(*Dissolver).runWorker(0xc001f98b70)
	/home/mariell/go/pkg/mod/github.com/centrifugal/centrifuge@v0.33.3/internal/dissolve/dissolve.go:52 +0x27
created by github.com/centrifugal/centrifuge/internal/dissolve.(*Dissolver).Run in goroutine 1617
	/home/mariell/go/pkg/mod/github.com/centrifugal/centrifuge@v0.33.3/internal/dissolve/dissolve.go:31 +0x25

goroutine 20223 [select]:
k8s.io/apimachinery/pkg/util/wait.BackoffUntil(0xc004047980, {0xa95ac00, 0xc008c1f920}, 0x1, 0xc009436af0)
	/home/mariell/go/pkg/mod/k8s.io/apimachinery@v0.32.1/pkg/util/wait/backoff.go:238 +0x12c
k8s.io/apimachinery/pkg/util/wait.JitterUntil(0xc004047980, 0x3b9aca00, 0x3ff3333333333333, 0x1, 0xc009436af0)
	/home/mariell/go/pkg/mod/k8s.io/apimachinery@v0.32.1/pkg/util/wait/backoff.go:204 +0x7f
created by k8s.io/apiserver/pkg/registry/generic/registry.(*Store).startObservingCount in goroutine 19261
	/home/mariell/go/pkg/mod/k8s.io/apiserver@v0.32.1/pkg/registry/generic/registry/store.go:1666 +0x2f9

goroutine 24005 [sync.Cond.Wait]:
sync.runtime_notifyListWait(0xc0142c1350, 0x4)
	/usr/lib/go/src/runtime/sema.go:597 +0x159
sync.(*Cond).Wait(0x0?)
	/usr/lib/go/src/sync/cond.go:71 +0x85
github.com/centrifugal/centrifuge/internal/dissolve.(*queueImpl).Wait(0xc012834b60)
	/home/mariell/go/pkg/mod/github.com/centrifugal/centrifuge@v0.33.3/internal/dissolve/queue.go:139 +0x4a
github.com/centrifugal/centrifuge/internal/dissolve.(*Dissolver).runWorker(0xc010117b90)
	/home/mariell/go/pkg/mod/github.com/centrifugal/centrifuge@v0.33.3/internal/dissolve/dissolve.go:52 +0x27
created by github.com/centrifugal/centrifuge/internal/dissolve.(*Dissolver).Run in goroutine 22319
	/home/mariell/go/pkg/mod/github.com/centrifugal/centrifuge@v0.33.3/internal/dissolve/dissolve.go:31 +0x25

goroutine 24451 [select]:
github.com/grafana/grafana/pkg/storage/unified/resource.(*cache[...]).run(0xc00371b280)
	/home/mariell/work/oss/grafana/pkg/storage/unified/resource/broadcaster.go:291 +0xb0
created by github.com/grafana/grafana/pkg/storage/unified/resource.newChannelCache[...] in goroutine 23614
	/home/mariell/work/oss/grafana/pkg/storage/unified/resource/broadcaster.go:276 +0x189

goroutine 36436 [select]:
k8s.io/apimachinery/pkg/util/wait.BackoffUntil(0xc01cba8500, {0xa95ac00, 0xc01c302870}, 0x1, 0xc01ca99dc0)
	/home/mariell/go/pkg/mod/k8s.io/apimachinery@v0.32.1/pkg/util/wait/backoff.go:238 +0x12c
k8s.io/apimachinery/pkg/util/wait.JitterUntil(0xc01cba8500, 0x3b9aca00, 0x3ff3333333333333, 0x1, 0xc01ca99dc0)
	/home/mariell/go/pkg/mod/k8s.io/apimachinery@v0.32.1/pkg/util/wait/backoff.go:204 +0x7f
created by k8s.io/apiserver/pkg/registry/generic/registry.(*Store).startObservingCount in goroutine 32950
	/home/mariell/go/pkg/mod/k8s.io/apiserver@v0.32.1/pkg/registry/generic/registry/store.go:1666 +0x2f9

goroutine 1731 [select]:
go.opentelemetry.io/otel/sdk/trace.(*batchSpanProcessor).processQueue(0xc002524280)
	/home/mariell/go/pkg/mod/go.opentelemetry.io/otel/sdk@v1.34.0/trace/batch_span_processor.go:302 +0x114
go.opentelemetry.io/otel/sdk/trace.NewBatchSpanProcessor.func1()
	/home/mariell/go/pkg/mod/go.opentelemetry.io/otel/sdk@v1.34.0/trace/batch_span_processor.go:117 +0x4e
created by go.opentelemetry.io/otel/sdk/trace.NewBatchSpanProcessor in goroutine 1617
	/home/mariell/go/pkg/mod/go.opentelemetry.io/otel/sdk@v1.34.0/trace/batch_span_processor.go:115 +0x2d9

goroutine 2796 [select]:
github.com/grafana/grafana/pkg/storage/unified/resource.(*cache[...]).run(0xc001eb0d20)
	/home/mariell/work/oss/grafana/pkg/storage/unified/resource/broadcaster.go:291 +0xb0
created by github.com/grafana/grafana/pkg/storage/unified/resource.newChannelCache[...] in goroutine 1617
	/home/mariell/work/oss/grafana/pkg/storage/unified/resource/broadcaster.go:276 +0x189

goroutine 4457 [sync.Cond.Wait]:
sync.runtime_notifyListWait(0xc0030e6090, 0x11)
	/usr/lib/go/src/runtime/sema.go:597 +0x159
sync.(*Cond).Wait(0xc001f2e7d0?)
	/usr/lib/go/src/sync/cond.go:71 +0x85
github.com/centrifugal/centrifuge/internal/dissolve.(*queueImpl).Wait(0xc005443c00)
	/home/mariell/go/pkg/mod/github.com/centrifugal/centrifuge@v0.33.3/internal/dissolve/queue.go:139 +0x4a
github.com/centrifugal/centrifuge/internal/dissolve.(*Dissolver).runWorker(0xc004694a20)
	/home/mariell/go/pkg/mod/github.com/centrifugal/centrifuge@v0.33.3/internal/dissolve/dissolve.go:52 +0x27
created by github.com/centrifugal/centrifuge/internal/dissolve.(*Dissolver).Run in goroutine 3352
	/home/mariell/go/pkg/mod/github.com/centrifugal/centrifuge@v0.33.3/internal/dissolve/dissolve.go:31 +0x25

goroutine 6140 [select]:
net/http.(*persistConn).writeLoop(0xc003390000)
	/usr/lib/go/src/net/http/transport.go:2590 +0xe7
created by net/http.(*Transport).dialConn in goroutine 5256
	/usr/lib/go/src/net/http/transport.go:1945 +0x17a5

goroutine 2683 [select]:
k8s.io/apimachinery/pkg/util/wait.BackoffUntil(0xc002e4dc40, {0xa95ac00, 0xc0020bc840}, 0x1, 0xc002d799d0)
	/home/mariell/go/pkg/mod/k8s.io/apimachinery@v0.32.1/pkg/util/wait/backoff.go:238 +0x12c
k8s.io/apimachinery/pkg/util/wait.JitterUntil(0xc002e4dc40, 0x3b9aca00, 0x3ff3333333333333, 0x1, 0xc002d799d0)
	/home/mariell/go/pkg/mod/k8s.io/apimachinery@v0.32.1/pkg/util/wait/backoff.go:204 +0x7f
created by k8s.io/apiserver/pkg/registry/generic/registry.(*Store).startObservingCount in goroutine 1605
	/home/mariell/go/pkg/mod/k8s.io/apiserver@v0.32.1/pkg/registry/generic/registry/store.go:1666 +0x2f9

goroutine 2937 [sync.Cond.Wait]:
sync.runtime_notifyListWait(0xc002557a10, 0x2)
	/usr/lib/go/src/runtime/sema.go:597 +0x159
sync.(*Cond).Wait(0x0?)
	/usr/lib/go/src/sync/cond.go:71 +0x85
github.com/centrifugal/centrifuge/internal/dissolve.(*queueImpl).Wait(0xc0035d2380)
	/home/mariell/go/pkg/mod/github.com/centrifugal/centrifuge@v0.33.3/internal/dissolve/queue.go:139 +0x4a
github.com/centrifugal/centrifuge/internal/dissolve.(*Dissolver).runWorker(0xc001f98b70)
	/home/mariell/go/pkg/mod/github.com/centrifugal/centrifuge@v0.33.3/internal/dissolve/dissolve.go:52 +0x27
created by github.com/centrifugal/centrifuge/internal/dissolve.(*Dissolver).Run in goroutine 1617
	/home/mariell/go/pkg/mod/github.com/centrifugal/centrifuge@v0.33.3/internal/dissolve/dissolve.go:31 +0x25

goroutine 2919 [sync.Cond.Wait]:
sync.runtime_notifyListWait(0xc002557a10, 0x20)
	/usr/lib/go/src/runtime/sema.go:597 +0x159
sync.(*Cond).Wait(0xc002205fd0?)
	/usr/lib/go/src/sync/cond.go:71 +0x85
github.com/centrifugal/centrifuge/internal/dissolve.(*queueImpl).Wait(0xc0035d2380)
	/home/mariell/go/pkg/mod/github.com/centrifugal/centrifuge@v0.33.3/internal/dissolve/queue.go:139 +0x4a
github.com/centrifugal/centrifuge/internal/dissolve.(*Dissolver).runWorker(0xc001f98b70)
	/home/mariell/go/pkg/mod/github.com/centrifugal/centrifuge@v0.33.3/internal/dissolve/dissolve.go:52 +0x27
created by github.com/centrifugal/centrifuge/internal/dissolve.(*Dissolver).Run in goroutine 1617
	/home/mariell/go/pkg/mod/github.com/centrifugal/centrifuge@v0.33.3/internal/dissolve/dissolve.go:31 +0x25

goroutine 1136 [IO wait]:
internal/poll.runtime_pollWait(0x7775618b9db0, 0x72)
	/usr/lib/go/src/runtime/netpoll.go:351 +0x85
internal/poll.(*pollDesc).wait(0xc001e8ec80?, 0xc001b7b900?, 0x0)
	/usr/lib/go/src/internal/poll/fd_poll_runtime.go:84 +0x27
internal/poll.(*pollDesc).waitRead(...)
	/usr/lib/go/src/internal/poll/fd_poll_runtime.go:89
internal/poll.(*FD).Read(0xc001e8ec80, {0xc001b7b900, 0x1300, 0x1300})
	/usr/lib/go/src/internal/poll/fd_unix.go:165 +0x27a
net.(*netFD).Read(0xc001e8ec80, {0xc001b7b900?, 0xffb3510?, 0xc0021fb908?})
	/usr/lib/go/src/net/fd_posix.go:55 +0x25
net.(*conn).Read(0xc002420450, {0xc001b7b900?, 0x777560707b50?, 0x7775a8b28a78?})
	/usr/lib/go/src/net/net.go:194 +0x45
crypto/tls.(*atLeastReader).Read(0xc00140e300, {0xc001b7b900?, 0x0?, 0x0?})
	/usr/lib/go/src/crypto/tls/conn.go:809 +0x3b
bytes.(*Buffer).ReadFrom(0xc000cf2d38, {0xa94e300, 0xc00140e300})
	/usr/lib/go/src/bytes/buffer.go:211 +0x98
crypto/tls.(*Conn).readFromUntil(0xc000cf2a88, {0xa94dc00, 0xc002420450}, 0x444af4?)
	/usr/lib/go/src/crypto/tls/conn.go:831 +0xde
crypto/tls.(*Conn).readRecordOrCCS(0xc000cf2a88, 0x0)
	/usr/lib/go/src/crypto/tls/conn.go:629 +0x3cf
crypto/tls.(*Conn).readRecord(...)
	/usr/lib/go/src/crypto/tls/conn.go:591
crypto/tls.(*Conn).Read(0xc000cf2a88, {0xc001428000, 0x1000, 0x7775a8b28a78?})
	/usr/lib/go/src/crypto/tls/conn.go:1385 +0x145
net/http.(*persistConn).Read(0xc002a366c0, {0xc001428000?, 0x4141c5?, 0x68?})
	/usr/lib/go/src/net/http/transport.go:2122 +0x47
bufio.(*Reader).fill(0xc000a9c6c0)
	/usr/lib/go/src/bufio/bufio.go:113 +0x103
bufio.(*Reader).Peek(0xc000a9c6c0, 0x1)
	/usr/lib/go/src/bufio/bufio.go:152 +0x53
net/http.(*persistConn).readLoop(0xc002a366c0)
	/usr/lib/go/src/net/http/transport.go:2275 +0x172
created by net/http.(*Transport).dialConn in goroutine 1574
	/usr/lib/go/src/net/http/transport.go:1944 +0x174f

goroutine 3384 [select]:
k8s.io/apimachinery/pkg/util/wait.BackoffUntil(0xc0041a1240, {0xa95ac00, 0xc002c53ec0}, 0x1, 0xc004168e70)
	/home/mariell/go/pkg/mod/k8s.io/apimachinery@v0.32.1/pkg/util/wait/backoff.go:238 +0x12c
k8s.io/apimachinery/pkg/util/wait.JitterUntil(0xc0041a1240, 0x3b9aca00, 0x3ff3333333333333, 0x1, 0xc004168e70)
	/home/mariell/go/pkg/mod/k8s.io/apimachinery@v0.32.1/pkg/util/wait/backoff.go:204 +0x7f
created by k8s.io/apiserver/pkg/registry/generic/registry.(*Store).startObservingCount in goroutine 3214
	/home/mariell/go/pkg/mod/k8s.io/apiserver@v0.32.1/pkg/registry/generic/registry/store.go:1666 +0x2f9

goroutine 1137 [select]:
net/http.(*persistConn).writeLoop(0xc002a366c0)
	/usr/lib/go/src/net/http/transport.go:2590 +0xe7
created by net/http.(*Transport).dialConn in goroutine 1574
	/usr/lib/go/src/net/http/transport.go:1945 +0x17a5

goroutine 2942 [sync.Cond.Wait]:
sync.runtime_notifyListWait(0xc002557a10, 0x7)
	/usr/lib/go/src/runtime/sema.go:597 +0x159
sync.(*Cond).Wait(0x0?)
	/usr/lib/go/src/sync/cond.go:71 +0x85
github.com/centrifugal/centrifuge/internal/dissolve.(*queueImpl).Wait(0xc0035d2380)
	/home/mariell/go/pkg/mod/github.com/centrifugal/centrifuge@v0.33.3/internal/dissolve/queue.go:139 +0x4a
github.com/centrifugal/centrifuge/internal/dissolve.(*Dissolver).runWorker(0xc001f98b70)
	/home/mariell/go/pkg/mod/github.com/centrifugal/centrifuge@v0.33.3/internal/dissolve/dissolve.go:52 +0x27
created by github.com/centrifugal/centrifuge/internal/dissolve.(*Dissolver).Run in goroutine 1617
	/home/mariell/go/pkg/mod/github.com/centrifugal/centrifuge@v0.33.3/internal/dissolve/dissolve.go:31 +0x25

goroutine 2797 [select]:
github.com/grafana/grafana/pkg/storage/unified/resource.(*broadcaster[...]).stream(0xab113a0, 0xc004f86c40)
	/home/mariell/work/oss/grafana/pkg/storage/unified/resource/broadcaster.go:205 +0x13d
created by github.com/grafana/grafana/pkg/storage/unified/resource.(*broadcaster[...]).init in goroutine 1617
	/home/mariell/work/oss/grafana/pkg/storage/unified/resource/broadcaster.go:177 +0x219

goroutine 4464 [sync.Cond.Wait]:
sync.runtime_notifyListWait(0xc0030e6090, 0x18)
	/usr/lib/go/src/runtime/sema.go:597 +0x159
sync.(*Cond).Wait(0x0?)
	/usr/lib/go/src/sync/cond.go:71 +0x85
github.com/centrifugal/centrifuge/internal/dissolve.(*queueImpl).Wait(0xc005443c00)
	/home/mariell/go/pkg/mod/github.com/centrifugal/centrifuge@v0.33.3/internal/dissolve/queue.go:139 +0x4a
github.com/centrifugal/centrifuge/internal/dissolve.(*Dissolver).runWorker(0xc004694a20)
	/home/mariell/go/pkg/mod/github.com/centrifugal/centrifuge@v0.33.3/internal/dissolve/dissolve.go:52 +0x27
created by github.com/centrifugal/centrifuge/internal/dissolve.(*Dissolver).Run in goroutine 3352
	/home/mariell/go/pkg/mod/github.com/centrifugal/centrifuge@v0.33.3/internal/dissolve/dissolve.go:31 +0x25

goroutine 30046 [select]:
github.com/centrifugal/centrifuge.(*historyHub).removeStreams(0xc00cc71580)
	/home/mariell/go/pkg/mod/github.com/centrifugal/centrifuge@v0.33.3/broker_memory.go:259 +0x6f
created by github.com/centrifugal/centrifuge.(*historyHub).runCleanups in goroutine 28801
	/home/mariell/go/pkg/mod/github.com/centrifugal/centrifuge@v0.33.3/broker_memory.go:253 +0x96

goroutine 2861 [select]:
github.com/patrickmn/go-cache.(*janitor).Run(0xc002c89280, 0xc0024079c0)
	/home/mariell/go/pkg/mod/github.com/patrickmn/go-cache@v2.1.0+incompatible/cache.go:1079 +0x7b
created by github.com/patrickmn/go-cache.runJanitor in goroutine 1617
	/home/mariell/go/pkg/mod/github.com/patrickmn/go-cache@v2.1.0+incompatible/cache.go:1099 +0xdb

goroutine 7246 [chan receive]:
github.com/grafana/grafana/pkg/storage/unified/resource.(*server).initWatcher.func1.1()
	/home/mariell/work/oss/grafana/pkg/storage/unified/resource/server.go:922 +0x58
created by github.com/grafana/grafana/pkg/storage/unified/resource.(*server).initWatcher.func1 in goroutine 6291
	/home/mariell/work/oss/grafana/pkg/storage/unified/resource/server.go:921 +0xaa

goroutine 2928 [sync.Cond.Wait]:
sync.runtime_notifyListWait(0xc002557a10, 0x34)
	/usr/lib/go/src/runtime/sema.go:597 +0x159
sync.(*Cond).Wait(0x1?)
	/usr/lib/go/src/sync/cond.go:71 +0x85
github.com/centrifugal/centrifuge/internal/dissolve.(*queueImpl).Wait(0xc0035d2380)
	/home/mariell/go/pkg/mod/github.com/centrifugal/centrifuge@v0.33.3/internal/dissolve/queue.go:139 +0x4a
github.com/centrifugal/centrifuge/internal/dissolve.(*Dissolver).runWorker(0xc001f98b70)
	/home/mariell/go/pkg/mod/github.com/centrifugal/centrifuge@v0.33.3/internal/dissolve/dissolve.go:52 +0x27
created by github.com/centrifugal/centrifuge/internal/dissolve.(*Dissolver).Run in goroutine 1617
	/home/mariell/go/pkg/mod/github.com/centrifugal/centrifuge@v0.33.3/internal/dissolve/dissolve.go:31 +0x25

goroutine 14849 [sync.Cond.Wait]:
sync.runtime_notifyListWait(0xc00cfe9cd0, 0x5)
	/usr/lib/go/src/runtime/sema.go:597 +0x159
sync.(*Cond).Wait(0x0?)
	/usr/lib/go/src/sync/cond.go:71 +0x85
github.com/centrifugal/centrifuge/internal/dissolve.(*queueImpl).Wait(0xc00c22f1f0)
	/home/mariell/go/pkg/mod/github.com/centrifugal/centrifuge@v0.33.3/internal/dissolve/queue.go:139 +0x4a
github.com/centrifugal/centrifuge/internal/dissolve.(*Dissolver).runWorker(0xc0034e9ed8)
	/home/mariell/go/pkg/mod/github.com/centrifugal/centrifuge@v0.33.3/internal/dissolve/dissolve.go:52 +0x27
created by github.com/centrifugal/centrifuge/internal/dissolve.(*Dissolver).Run in goroutine 13738
	/home/mariell/go/pkg/mod/github.com/centrifugal/centrifuge@v0.33.3/internal/dissolve/dissolve.go:31 +0x25

goroutine 4479 [sync.Cond.Wait]:
sync.runtime_notifyListWait(0xc0030e6090, 0x27)
	/usr/lib/go/src/runtime/sema.go:597 +0x159
sync.(*Cond).Wait(0x0?)
	/usr/lib/go/src/sync/cond.go:71 +0x85
github.com/centrifugal/centrifuge/internal/dissolve.(*queueImpl).Wait(0xc005443c00)
	/home/mariell/go/pkg/mod/github.com/centrifugal/centrifuge@v0.33.3/internal/dissolve/queue.go:139 +0x4a
github.com/centrifugal/centrifuge/internal/dissolve.(*Dissolver).runWorker(0xc004694a20)
	/home/mariell/go/pkg/mod/github.com/centrifugal/centrifuge@v0.33.3/internal/dissolve/dissolve.go:52 +0x27
created by github.com/centrifugal/centrifuge/internal/dissolve.(*Dissolver).Run in goroutine 3352
	/home/mariell/go/pkg/mod/github.com/centrifugal/centrifuge@v0.33.3/internal/dissolve/dissolve.go:31 +0x25

goroutine 1609 [IO wait]:
internal/poll.runtime_pollWait(0x7775618b9a68, 0x72)
	/usr/lib/go/src/runtime/netpoll.go:351 +0x85
internal/poll.(*pollDesc).wait(0xc002d96700?, 0xc001b79300?, 0x0)
	/usr/lib/go/src/internal/poll/fd_poll_runtime.go:84 +0x27
internal/poll.(*pollDesc).waitRead(...)
	/usr/lib/go/src/internal/poll/fd_poll_runtime.go:89
internal/poll.(*FD).Read(0xc002d96700, {0xc001b79300, 0x1300, 0x1300})
	/usr/lib/go/src/internal/poll/fd_unix.go:165 +0x27a
net.(*netFD).Read(0xc002d96700, {0xc001b79300?, 0x0?, 0x1c00000030?})
	/usr/lib/go/src/net/fd_posix.go:55 +0x25
net.(*conn).Read(0xc003082a88, {0xc001b79300?, 0x7775603bf250?, 0x7775a8b298a0?})
	/usr/lib/go/src/net/net.go:194 +0x45
crypto/tls.(*atLeastReader).Read(0xc0020da030, {0xc001b79300?, 0xc00292a948?, 0xc00292a9e8?})
	/usr/lib/go/src/crypto/tls/conn.go:809 +0x3b
bytes.(*Buffer).ReadFrom(0xc00167deb8, {0xa94e300, 0xc0020da030})
	/usr/lib/go/src/bytes/buffer.go:211 +0x98
crypto/tls.(*Conn).readFromUntil(0xc00167dc08, {0xa94dc00, 0xc003082a88}, 0x444af4?)
	/usr/lib/go/src/crypto/tls/conn.go:831 +0xde
crypto/tls.(*Conn).readRecordOrCCS(0xc00167dc08, 0x0)
	/usr/lib/go/src/crypto/tls/conn.go:629 +0x3cf
crypto/tls.(*Conn).readRecord(...)
	/usr/lib/go/src/crypto/tls/conn.go:591
crypto/tls.(*Conn).Read(0xc00167dc08, {0xc001b86000, 0x1000, 0xc00235b5f0?})
	/usr/lib/go/src/crypto/tls/conn.go:1385 +0x145
net/http.(*persistConn).Read(0xc0023fb0e0, {0xc001b86000?, 0x81fe45?, 0xa94be80?})
	/usr/lib/go/src/net/http/transport.go:2122 +0x47
bufio.(*Reader).fill(0xc0009b70e0)
	/usr/lib/go/src/bufio/bufio.go:113 +0x103
bufio.(*Reader).Peek(0xc0009b70e0, 0x1)
	/usr/lib/go/src/bufio/bufio.go:152 +0x53
net/http.(*persistConn).readLoop(0xc0023fb0e0)
	/usr/lib/go/src/net/http/transport.go:2275 +0x172
created by net/http.(*Transport).dialConn in goroutine 1603
	/usr/lib/go/src/net/http/transport.go:1944 +0x174f

goroutine 1610 [select]:
net/http.(*persistConn).writeLoop(0xc0023fb0e0)
	/usr/lib/go/src/net/http/transport.go:2590 +0xe7
created by net/http.(*Transport).dialConn in goroutine 1603
	/usr/lib/go/src/net/http/transport.go:1945 +0x17a5

goroutine 7413 [sync.Cond.Wait]:
sync.runtime_notifyListWait(0xc0088a2350, 0x19)
	/usr/lib/go/src/runtime/sema.go:597 +0x159
sync.(*Cond).Wait(0x0?)
	/usr/lib/go/src/sync/cond.go:71 +0x85
github.com/centrifugal/centrifuge/internal/dissolve.(*queueImpl).Wait(0xc0088a0620)
	/home/mariell/go/pkg/mod/github.com/centrifugal/centrifuge@v0.33.3/internal/dissolve/queue.go:139 +0x4a
github.com/centrifugal/centrifuge/internal/dissolve.(*Dissolver).runWorker(0xc001ba2798)
	/home/mariell/go/pkg/mod/github.com/centrifugal/centrifuge@v0.33.3/internal/dissolve/dissolve.go:52 +0x27
created by github.com/centrifugal/centrifuge/internal/dissolve.(*Dissolver).Run in goroutine 6291
	/home/mariell/go/pkg/mod/github.com/centrifugal/centrifuge@v0.33.3/internal/dissolve/dissolve.go:31 +0x25

goroutine 4461 [sync.Cond.Wait]:
sync.runtime_notifyListWait(0xc0030e6090, 0x15)
	/usr/lib/go/src/runtime/sema.go:597 +0x159
sync.(*Cond).Wait(0x0?)
	/usr/lib/go/src/sync/cond.go:71 +0x85
github.com/centrifugal/centrifuge/internal/dissolve.(*queueImpl).Wait(0xc005443c00)
	/home/mariell/go/pkg/mod/github.com/centrifugal/centrifuge@v0.33.3/internal/dissolve/queue.go:139 +0x4a
github.com/centrifugal/centrifuge/internal/dissolve.(*Dissolver).runWorker(0xc004694a20)
	/home/mariell/go/pkg/mod/github.com/centrifugal/centrifuge@v0.33.3/internal/dissolve/dissolve.go:52 +0x27
created by github.com/centrifugal/centrifuge/internal/dissolve.(*Dissolver).Run in goroutine 3352
	/home/mariell/go/pkg/mod/github.com/centrifugal/centrifuge@v0.33.3/internal/dissolve/dissolve.go:31 +0x25

goroutine 3285 [select]:
database/sql.(*DB).connectionOpener(0xc00158a750, {0xa9d1d00, 0xc00597aa00})
	/usr/lib/go/src/database/sql/sql.go:1261 +0x87
created by database/sql.OpenDB in goroutine 4441
	/usr/lib/go/src/database/sql/sql.go:841 +0x130

goroutine 2795 [chan receive]:
github.com/grafana/grafana/pkg/storage/unified/resource.(*server).initWatcher.func1.1()
	/home/mariell/work/oss/grafana/pkg/storage/unified/resource/server.go:922 +0x58
created by github.com/grafana/grafana/pkg/storage/unified/resource.(*server).initWatcher.func1 in goroutine 1617
	/home/mariell/work/oss/grafana/pkg/storage/unified/resource/server.go:921 +0xaa

goroutine 1471 [IO wait]:
internal/poll.runtime_pollWait(0x7775618b9950, 0x72)
	/usr/lib/go/src/runtime/netpoll.go:351 +0x85
internal/poll.(*pollDesc).wait(0xc002d96a80?, 0xc001c6a000?, 0x0)
	/usr/lib/go/src/internal/poll/fd_poll_runtime.go:84 +0x27
internal/poll.(*pollDesc).waitRead(...)
	/usr/lib/go/src/internal/poll/fd_poll_runtime.go:89
internal/poll.(*FD).Read(0xc002d96a80, {0xc001c6a000, 0x1300, 0x1300})
	/usr/lib/go/src/internal/poll/fd_unix.go:165 +0x27a
net.(*netFD).Read(0xc002d96a80, {0xc001c6a000?, 0xc001c6a000?, 0x5?})
	/usr/lib/go/src/net/fd_posix.go:55 +0x25
net.(*conn).Read(0xc0021d2000, {0xc001c6a000?, 0x7775606cf7f8?, 0x7775a8b28108?})
	/usr/lib/go/src/net/net.go:194 +0x45
crypto/tls.(*atLeastReader).Read(0xc001beac48, {0xc001c6a000?, 0x12fb?, 0x0?})
	/usr/lib/go/src/crypto/tls/conn.go:809 +0x3b
bytes.(*Buffer).ReadFrom(0xc0027a42b8, {0xa94e300, 0xc001beac48})
	/usr/lib/go/src/bytes/buffer.go:211 +0x98
crypto/tls.(*Conn).readFromUntil(0xc0027a4008, {0xa94dc00, 0xc0021d2000}, 0x444af4?)
	/usr/lib/go/src/crypto/tls/conn.go:831 +0xde
crypto/tls.(*Conn).readRecordOrCCS(0xc0027a4008, 0x0)
	/usr/lib/go/src/crypto/tls/conn.go:629 +0x3cf
crypto/tls.(*Conn).readRecord(...)
	/usr/lib/go/src/crypto/tls/conn.go:591
crypto/tls.(*Conn).Read(0xc0027a4008, {0xc001c71000, 0x1000, 0xc001fd75f0?})
	/usr/lib/go/src/crypto/tls/conn.go:1385 +0x145
net/http.(*persistConn).Read(0xc002a37320, {0xc001c71000?, 0x81fe45?, 0xa94be80?})
	/usr/lib/go/src/net/http/transport.go:2122 +0x47
bufio.(*Reader).fill(0xc001c55a40)
	/usr/lib/go/src/bufio/bufio.go:113 +0x103
bufio.(*Reader).Peek(0xc001c55a40, 0x1)
	/usr/lib/go/src/bufio/bufio.go:152 +0x53
net/http.(*persistConn).readLoop(0xc002a37320)
	/usr/lib/go/src/net/http/transport.go:2275 +0x172
created by net/http.(*Transport).dialConn in goroutine 1699
	/usr/lib/go/src/net/http/transport.go:1944 +0x174f

goroutine 3307 [select]:
net/http.(*persistConn).writeLoop(0xc00371e7e0)
	/usr/lib/go/src/net/http/transport.go:2590 +0xe7
created by net/http.(*Transport).dialConn in goroutine 3301
	/usr/lib/go/src/net/http/transport.go:1945 +0x17a5

goroutine 2794 [chan receive]:
github.com/grafana/grafana/pkg/storage/unified/sql.(*channelNotifier).notify.func1()
	/home/mariell/work/oss/grafana/pkg/storage/unified/sql/notifier.go:87 +0x39
created by github.com/grafana/grafana/pkg/storage/unified/sql.(*channelNotifier).notify in goroutine 1617
	/home/mariell/work/oss/grafana/pkg/storage/unified/sql/notifier.go:86 +0xdb

goroutine 2893 [select]:
github.com/centrifugal/centrifuge.(*historyHub).expireStreams(0xc0010ac000)
	/home/mariell/go/pkg/mod/github.com/centrifugal/centrifuge@v0.33.3/broker_memory.go:298 +0x75
created by github.com/centrifugal/centrifuge.(*historyHub).runCleanups in goroutine 1617
	/home/mariell/go/pkg/mod/github.com/centrifugal/centrifuge@v0.33.3/broker_memory.go:252 +0x56

goroutine 8741 [select]:
github.com/patrickmn/go-cache.(*janitor).Run(0xc008bf7510, 0xc006d0aac0)
	/home/mariell/go/pkg/mod/github.com/patrickmn/go-cache@v2.1.0+incompatible/cache.go:1079 +0x7b
created by github.com/patrickmn/go-cache.runJanitor in goroutine 7705
	/home/mariell/go/pkg/mod/github.com/patrickmn/go-cache@v2.1.0+incompatible/cache.go:1099 +0xdb

goroutine 7835 [select]:
k8s.io/apimachinery/pkg/util/wait.BackoffUntil(0xc001c21400, {0xa95ac00, 0xc002ea23c0}, 0x1, 0xc001d9fb90)
	/home/mariell/go/pkg/mod/k8s.io/apimachinery@v0.32.1/pkg/util/wait/backoff.go:238 +0x12c
k8s.io/apimachinery/pkg/util/wait.JitterUntil(0xc001c21400, 0x3b9aca00, 0x3ff3333333333333, 0x1, 0xc001d9fb90)
	/home/mariell/go/pkg/mod/k8s.io/apimachinery@v0.32.1/pkg/util/wait/backoff.go:204 +0x7f
created by k8s.io/apiserver/pkg/registry/generic/registry.(*Store).startObservingCount in goroutine 7699
	/home/mariell/go/pkg/mod/k8s.io/apiserver@v0.32.1/pkg/registry/generic/registry/store.go:1666 +0x2f9

goroutine 6275 [select]:
k8s.io/apimachinery/pkg/util/wait.BackoffUntil(0xc003a2dc80, {0xa95ac00, 0xc005684000}, 0x1, 0xc001fb1110)
	/home/mariell/go/pkg/mod/k8s.io/apimachinery@v0.32.1/pkg/util/wait/backoff.go:238 +0x12c
k8s.io/apimachinery/pkg/util/wait.JitterUntil(0xc003a2dc80, 0x3b9aca00, 0x3ff3333333333333, 0x1, 0xc001fb1110)
	/home/mariell/go/pkg/mod/k8s.io/apimachinery@v0.32.1/pkg/util/wait/backoff.go:204 +0x7f
created by k8s.io/apiserver/pkg/registry/generic/registry.(*Store).startObservingCount in goroutine 6087
	/home/mariell/go/pkg/mod/k8s.io/apiserver@v0.32.1/pkg/registry/generic/registry/store.go:1666 +0x2f9

goroutine 2941 [sync.Cond.Wait]:
sync.runtime_notifyListWait(0xc002557a10, 0x6)
	/usr/lib/go/src/runtime/sema.go:597 +0x159
sync.(*Cond).Wait(0x7f66501?)
	/usr/lib/go/src/sync/cond.go:71 +0x85
github.com/centrifugal/centrifuge/internal/dissolve.(*queueImpl).Wait(0xc0035d2380)
	/home/mariell/go/pkg/mod/github.com/centrifugal/centrifuge@v0.33.3/internal/dissolve/queue.go:139 +0x4a
github.com/centrifugal/centrifuge/internal/dissolve.(*Dissolver).runWorker(0xc001f98b70)
	/home/mariell/go/pkg/mod/github.com/centrifugal/centrifuge@v0.33.3/internal/dissolve/dissolve.go:52 +0x27
created by github.com/centrifugal/centrifuge/internal/dissolve.(*Dissolver).Run in goroutine 1617
	/home/mariell/go/pkg/mod/github.com/centrifugal/centrifuge@v0.33.3/internal/dissolve/dissolve.go:31 +0x25

goroutine 4452 [sync.Cond.Wait]:
sync.runtime_notifyListWait(0xc0030e6090, 0xc)
	/usr/lib/go/src/runtime/sema.go:597 +0x159
sync.(*Cond).Wait(0x0?)
	/usr/lib/go/src/sync/cond.go:71 +0x85
github.com/centrifugal/centrifuge/internal/dissolve.(*queueImpl).Wait(0xc005443c00)
	/home/mariell/go/pkg/mod/github.com/centrifugal/centrifuge@v0.33.3/internal/dissolve/queue.go:139 +0x4a
github.com/centrifugal/centrifuge/internal/dissolve.(*Dissolver).runWorker(0xc004694a20)
	/home/mariell/go/pkg/mod/github.com/centrifugal/centrifuge@v0.33.3/internal/dissolve/dissolve.go:52 +0x27
created by github.com/centrifugal/centrifuge/internal/dissolve.(*Dissolver).Run in goroutine 3352
	/home/mariell/go/pkg/mod/github.com/centrifugal/centrifuge@v0.33.3/internal/dissolve/dissolve.go:31 +0x25

goroutine 2954 [sync.Cond.Wait]:
sync.runtime_notifyListWait(0xc002557a10, 0x13)
	/usr/lib/go/src/runtime/sema.go:597 +0x159
sync.(*Cond).Wait(0x0?)
	/usr/lib/go/src/sync/cond.go:71 +0x85
github.com/centrifugal/centrifuge/internal/dissolve.(*queueImpl).Wait(0xc0035d2380)
	/home/mariell/go/pkg/mod/github.com/centrifugal/centrifuge@v0.33.3/internal/dissolve/queue.go:139 +0x4a
github.com/centrifugal/centrifuge/internal/dissolve.(*Dissolver).runWorker(0xc001f98b70)
	/home/mariell/go/pkg/mod/github.com/centrifugal/centrifuge@v0.33.3/internal/dissolve/dissolve.go:52 +0x27
created by github.com/centrifugal/centrifuge/internal/dissolve.(*Dissolver).Run in goroutine 1617
	/home/mariell/go/pkg/mod/github.com/centrifugal/centrifuge@v0.33.3/internal/dissolve/dissolve.go:31 +0x25

goroutine 7316 [select]:
github.com/patrickmn/go-cache.(*janitor).Run(0xc00868c000, 0xc008678f00)
	/home/mariell/go/pkg/mod/github.com/patrickmn/go-cache@v2.1.0+incompatible/cache.go:1079 +0x7b
created by github.com/patrickmn/go-cache.runJanitor in goroutine 6291
	/home/mariell/go/pkg/mod/github.com/patrickmn/go-cache@v2.1.0+incompatible/cache.go:1099 +0xdb

goroutine 1715 [select]:
net/http.(*persistConn).writeLoop(0xc0023fa900)
	/usr/lib/go/src/net/http/transport.go:2590 +0xe7
created by net/http.(*Transport).dialConn in goroutine 1200
	/usr/lib/go/src/net/http/transport.go:1945 +0x17a5

goroutine 1718 [IO wait]:
internal/poll.runtime_pollWait(0x7775618b9838, 0x72)
	/usr/lib/go/src/runtime/netpoll.go:351 +0x85
internal/poll.(*pollDesc).wait(0xc0027a6a80?, 0xc001be0000?, 0x0)
	/usr/lib/go/src/internal/poll/fd_poll_runtime.go:84 +0x27
internal/poll.(*pollDesc).waitRead(...)
	/usr/lib/go/src/internal/poll/fd_poll_runtime.go:89
internal/poll.(*FD).Read(0xc0027a6a80, {0xc001be0000, 0xa000, 0xa000})
	/usr/lib/go/src/internal/poll/fd_unix.go:165 +0x27a
net.(*netFD).Read(0xc0027a6a80, {0xc001be0000?, 0x0?, 0x11ab24a0?})
	/usr/lib/go/src/net/fd_posix.go:55 +0x25
net.(*conn).Read(0xc002421390, {0xc001be0000?, 0x7775606fe558?, 0x7775a8b285c0?})
	/usr/lib/go/src/net/net.go:194 +0x45
crypto/tls.(*atLeastReader).Read(0xc0028da780, {0xc001be0000?, 0x11abda20?, 0xc0021839c8?})
	/usr/lib/go/src/crypto/tls/conn.go:809 +0x3b
bytes.(*Buffer).ReadFrom(0xc000cf3438, {0xa94e300, 0xc0028da780})
	/usr/lib/go/src/bytes/buffer.go:211 +0x98
crypto/tls.(*Conn).readFromUntil(0xc000cf3188, {0xa94dc00, 0xc002421390}, 0x444af4?)
	/usr/lib/go/src/crypto/tls/conn.go:831 +0xde
crypto/tls.(*Conn).readRecordOrCCS(0xc000cf3188, 0x0)
	/usr/lib/go/src/crypto/tls/conn.go:629 +0x3cf
crypto/tls.(*Conn).readRecord(...)
	/usr/lib/go/src/crypto/tls/conn.go:591
crypto/tls.(*Conn).Read(0xc000cf3188, {0xc002302000, 0x1000, 0xc001fd75f0?})
	/usr/lib/go/src/crypto/tls/conn.go:1385 +0x145
net/http.(*persistConn).Read(0xc000fe8c60, {0xc002302000?, 0x81fe45?, 0xa94be80?})
	/usr/lib/go/src/net/http/transport.go:2122 +0x47
bufio.(*Reader).fill(0xc002298a20)
	/usr/lib/go/src/bufio/bufio.go:113 +0x103
bufio.(*Reader).Peek(0xc002298a20, 0x1)
	/usr/lib/go/src/bufio/bufio.go:152 +0x53
net/http.(*persistConn).readLoop(0xc000fe8c60)
	/usr/lib/go/src/net/http/transport.go:2275 +0x172
created by net/http.(*Transport).dialConn in goroutine 1611
	/usr/lib/go/src/net/http/transport.go:1944 +0x174f

goroutine 11991 [sync.Cond.Wait]:
sync.runtime_notifyListWait(0xc0082fe010, 0x21)
	/usr/lib/go/src/runtime/sema.go:597 +0x159
sync.(*Cond).Wait(0xc000ab07d0?)
	/usr/lib/go/src/sync/cond.go:71 +0x85
github.com/centrifugal/centrifuge/internal/dissolve.(*queueImpl).Wait(0xc0088a18f0)
	/home/mariell/go/pkg/mod/github.com/centrifugal/centrifuge@v0.33.3/internal/dissolve/queue.go:139 +0x4a
github.com/centrifugal/centrifuge/internal/dissolve.(*Dissolver).runWorker(0xc003c41ef0)
	/home/mariell/go/pkg/mod/github.com/centrifugal/centrifuge@v0.33.3/internal/dissolve/dissolve.go:52 +0x27
created by github.com/centrifugal/centrifuge/internal/dissolve.(*Dissolver).Run in goroutine 10841
	/home/mariell/go/pkg/mod/github.com/centrifugal/centrifuge@v0.33.3/internal/dissolve/dissolve.go:31 +0x25

goroutine 1735 [select]:
database/sql.(*DB).connectionCleaner(0xc001db5ba0, 0xc0009139d0?)
	/usr/lib/go/src/database/sql/sql.go:1104 +0x9c
created by database/sql.(*DB).startCleanerLocked in goroutine 1617
	/usr/lib/go/src/database/sql/sql.go:1091 +0x105

goroutine 2935 [sync.Cond.Wait]:
sync.runtime_notifyListWait(0xc002557a10, 0x3e)
	/usr/lib/go/src/runtime/sema.go:597 +0x159
sync.(*Cond).Wait(0x1?)
	/usr/lib/go/src/sync/cond.go:71 +0x85
github.com/centrifugal/centrifuge/internal/dissolve.(*queueImpl).Wait(0xc0035d2380)
	/home/mariell/go/pkg/mod/github.com/centrifugal/centrifuge@v0.33.3/internal/dissolve/queue.go:139 +0x4a
github.com/centrifugal/centrifuge/internal/dissolve.(*Dissolver).runWorker(0xc001f98b70)
	/home/mariell/go/pkg/mod/github.com/centrifugal/centrifuge@v0.33.3/internal/dissolve/dissolve.go:52 +0x27
created by github.com/centrifugal/centrifuge/internal/dissolve.(*Dissolver).Run in goroutine 1617
	/home/mariell/go/pkg/mod/github.com/centrifugal/centrifuge@v0.33.3/internal/dissolve/dissolve.go:31 +0x25

goroutine 2735 [select]:
go.opentelemetry.io/otel/sdk/trace.(*batchSpanProcessor).processQueue(0xc004f8c3c0)
	/home/mariell/go/pkg/mod/go.opentelemetry.io/otel/sdk@v1.34.0/trace/batch_span_processor.go:302 +0x114
go.opentelemetry.io/otel/sdk/trace.NewBatchSpanProcessor.func1()
	/home/mariell/go/pkg/mod/go.opentelemetry.io/otel/sdk@v1.34.0/trace/batch_span_processor.go:117 +0x4e
created by go.opentelemetry.io/otel/sdk/trace.NewBatchSpanProcessor in goroutine 3352
	/home/mariell/go/pkg/mod/go.opentelemetry.io/otel/sdk@v1.34.0/trace/batch_span_processor.go:115 +0x2d9

goroutine 2904 [sync.Cond.Wait]:
sync.runtime_notifyListWait(0xc002557a10, 0x21)
	/usr/lib/go/src/runtime/sema.go:597 +0x159
sync.(*Cond).Wait(0x4709340?)
	/usr/lib/go/src/sync/cond.go:71 +0x85
github.com/centrifugal/centrifuge/internal/dissolve.(*queueImpl).Wait(0xc0035d2380)
	/home/mariell/go/pkg/mod/github.com/centrifugal/centrifuge@v0.33.3/internal/dissolve/queue.go:139 +0x4a
github.com/centrifugal/centrifuge/internal/dissolve.(*Dissolver).runWorker(0xc001f98b70)
	/home/mariell/go/pkg/mod/github.com/centrifugal/centrifuge@v0.33.3/internal/dissolve/dissolve.go:52 +0x27
created by github.com/centrifugal/centrifuge/internal/dissolve.(*Dissolver).Run in goroutine 1617
	/home/mariell/go/pkg/mod/github.com/centrifugal/centrifuge@v0.33.3/internal/dissolve/dissolve.go:31 +0x25

goroutine 2949 [sync.Cond.Wait]:
sync.runtime_notifyListWait(0xc002557a10, 0xe)
	/usr/lib/go/src/runtime/sema.go:597 +0x159
sync.(*Cond).Wait(0x0?)
	/usr/lib/go/src/sync/cond.go:71 +0x85
github.com/centrifugal/centrifuge/internal/dissolve.(*queueImpl).Wait(0xc0035d2380)
	/home/mariell/go/pkg/mod/github.com/centrifugal/centrifuge@v0.33.3/internal/dissolve/queue.go:139 +0x4a
github.com/centrifugal/centrifuge/internal/dissolve.(*Dissolver).runWorker(0xc001f98b70)
	/home/mariell/go/pkg/mod/github.com/centrifugal/centrifuge@v0.33.3/internal/dissolve/dissolve.go:52 +0x27
created by github.com/centrifugal/centrifuge/internal/dissolve.(*Dissolver).Run in goroutine 1617
	/home/mariell/go/pkg/mod/github.com/centrifugal/centrifuge@v0.33.3/internal/dissolve/dissolve.go:31 +0x25

goroutine 2955 [sync.Cond.Wait]:
sync.runtime_notifyListWait(0xc002557a10, 0x1)
	/usr/lib/go/src/runtime/sema.go:597 +0x159
sync.(*Cond).Wait(0x0?)
	/usr/lib/go/src/sync/cond.go:71 +0x85
github.com/centrifugal/centrifuge/internal/dissolve.(*queueImpl).Wait(0xc0035d2380)
	/home/mariell/go/pkg/mod/github.com/centrifugal/centrifuge@v0.33.3/internal/dissolve/queue.go:139 +0x4a
github.com/centrifugal/centrifuge/internal/dissolve.(*Dissolver).runWorker(0xc001f98b70)
	/home/mariell/go/pkg/mod/github.com/centrifugal/centrifuge@v0.33.3/internal/dissolve/dissolve.go:52 +0x27
created by github.com/centrifugal/centrifuge/internal/dissolve.(*Dissolver).Run in goroutine 1617
	/home/mariell/go/pkg/mod/github.com/centrifugal/centrifuge@v0.33.3/internal/dissolve/dissolve.go:31 +0x25

goroutine 6235 [select]:
net/http.(*persistConn).writeLoop(0xc0033d4120)
	/usr/lib/go/src/net/http/transport.go:2590 +0xe7
created by net/http.(*Transport).dialConn in goroutine 6143
	/usr/lib/go/src/net/http/transport.go:1945 +0x17a5

goroutine 2929 [sync.Cond.Wait]:
sync.runtime_notifyListWait(0xc002557a10, 0x36)
	/usr/lib/go/src/runtime/sema.go:597 +0x159
sync.(*Cond).Wait(0x0?)
	/usr/lib/go/src/sync/cond.go:71 +0x85
github.com/centrifugal/centrifuge/internal/dissolve.(*queueImpl).Wait(0xc0035d2380)
	/home/mariell/go/pkg/mod/github.com/centrifugal/centrifuge@v0.33.3/internal/dissolve/queue.go:139 +0x4a
github.com/centrifugal/centrifuge/internal/dissolve.(*Dissolver).runWorker(0xc001f98b70)
	/home/mariell/go/pkg/mod/github.com/centrifugal/centrifuge@v0.33.3/internal/dissolve/dissolve.go:52 +0x27
created by github.com/centrifugal/centrifuge/internal/dissolve.(*Dissolver).Run in goroutine 1617
	/home/mariell/go/pkg/mod/github.com/centrifugal/centrifuge@v0.33.3/internal/dissolve/dissolve.go:31 +0x25

goroutine 23993 [select]:
github.com/centrifugal/centrifuge.(*historyHub).removeStreams(0xc01282cf80)
	/home/mariell/go/pkg/mod/github.com/centrifugal/centrifuge@v0.33.3/broker_memory.go:259 +0x6f
created by github.com/centrifugal/centrifuge.(*historyHub).runCleanups in goroutine 22319
	/home/mariell/go/pkg/mod/github.com/centrifugal/centrifuge@v0.33.3/broker_memory.go:253 +0x96

goroutine 2934 [sync.Cond.Wait]:
sync.runtime_notifyListWait(0xc002557a10, 0x3f)
	/usr/lib/go/src/runtime/sema.go:597 +0x159
sync.(*Cond).Wait(0x0?)
	/usr/lib/go/src/sync/cond.go:71 +0x85
github.com/centrifugal/centrifuge/internal/dissolve.(*queueImpl).Wait(0xc0035d2380)
	/home/mariell/go/pkg/mod/github.com/centrifugal/centrifuge@v0.33.3/internal/dissolve/queue.go:139 +0x4a
github.com/centrifugal/centrifuge/internal/dissolve.(*Dissolver).runWorker(0xc001f98b70)
	/home/mariell/go/pkg/mod/github.com/centrifugal/centrifuge@v0.33.3/internal/dissolve/dissolve.go:52 +0x27
created by github.com/centrifugal/centrifuge/internal/dissolve.(*Dissolver).Run in goroutine 1617
	/home/mariell/go/pkg/mod/github.com/centrifugal/centrifuge@v0.33.3/internal/dissolve/dissolve.go:31 +0x25

goroutine 2907 [sync.Cond.Wait]:
sync.runtime_notifyListWait(0xc002557a10, 0x24)
	/usr/lib/go/src/runtime/sema.go:597 +0x159
sync.(*Cond).Wait(0x0?)
	/usr/lib/go/src/sync/cond.go:71 +0x85
github.com/centrifugal/centrifuge/internal/dissolve.(*queueImpl).Wait(0xc0035d2380)
	/home/mariell/go/pkg/mod/github.com/centrifugal/centrifuge@v0.33.3/internal/dissolve/queue.go:139 +0x4a
github.com/centrifugal/centrifuge/internal/dissolve.(*Dissolver).runWorker(0xc001f98b70)
	/home/mariell/go/pkg/mod/github.com/centrifugal/centrifuge@v0.33.3/internal/dissolve/dissolve.go:52 +0x27
created by github.com/centrifugal/centrifuge/internal/dissolve.(*Dissolver).Run in goroutine 1617
	/home/mariell/go/pkg/mod/github.com/centrifugal/centrifuge@v0.33.3/internal/dissolve/dissolve.go:31 +0x25

goroutine 2927 [sync.Cond.Wait]:
sync.runtime_notifyListWait(0xc002557a10, 0x33)
	/usr/lib/go/src/runtime/sema.go:597 +0x159
sync.(*Cond).Wait(0x0?)
	/usr/lib/go/src/sync/cond.go:71 +0x85
github.com/centrifugal/centrifuge/internal/dissolve.(*queueImpl).Wait(0xc0035d2380)
	/home/mariell/go/pkg/mod/github.com/centrifugal/centrifuge@v0.33.3/internal/dissolve/queue.go:139 +0x4a
github.com/centrifugal/centrifuge/internal/dissolve.(*Dissolver).runWorker(0xc001f98b70)
	/home/mariell/go/pkg/mod/github.com/centrifugal/centrifuge@v0.33.3/internal/dissolve/dissolve.go:52 +0x27
created by github.com/centrifugal/centrifuge/internal/dissolve.(*Dissolver).Run in goroutine 1617
	/home/mariell/go/pkg/mod/github.com/centrifugal/centrifuge@v0.33.3/internal/dissolve/dissolve.go:31 +0x25

goroutine 4328 [select]:
github.com/centrifugal/centrifuge.(*Node).updateMetrics(0xc003612d88)
	/home/mariell/go/pkg/mod/github.com/centrifugal/centrifuge@v0.33.3/node.go:335 +0x85
created by github.com/centrifugal/centrifuge.(*Node).Run in goroutine 3352
	/home/mariell/go/pkg/mod/github.com/centrifugal/centrifuge@v0.33.3/node.go:262 +0x2a5

goroutine 2944 [sync.Cond.Wait]:
sync.runtime_notifyListWait(0xc002557a10, 0x9)
	/usr/lib/go/src/runtime/sema.go:597 +0x159
sync.(*Cond).Wait(0x0?)
	/usr/lib/go/src/sync/cond.go:71 +0x85
github.com/centrifugal/centrifuge/internal/dissolve.(*queueImpl).Wait(0xc0035d2380)
	/home/mariell/go/pkg/mod/github.com/centrifugal/centrifuge@v0.33.3/internal/dissolve/queue.go:139 +0x4a
github.com/centrifugal/centrifuge/internal/dissolve.(*Dissolver).runWorker(0xc001f98b70)
	/home/mariell/go/pkg/mod/github.com/centrifugal/centrifuge@v0.33.3/internal/dissolve/dissolve.go:52 +0x27
created by github.com/centrifugal/centrifuge/internal/dissolve.(*Dissolver).Run in goroutine 1617
	/home/mariell/go/pkg/mod/github.com/centrifugal/centrifuge@v0.33.3/internal/dissolve/dissolve.go:31 +0x25

goroutine 2924 [sync.Cond.Wait]:
sync.runtime_notifyListWait(0xc002557a10, 0x2f)
	/usr/lib/go/src/runtime/sema.go:597 +0x159
sync.(*Cond).Wait(0x0?)
	/usr/lib/go/src/sync/cond.go:71 +0x85
github.com/centrifugal/centrifuge/internal/dissolve.(*queueImpl).Wait(0xc0035d2380)
	/home/mariell/go/pkg/mod/github.com/centrifugal/centrifuge@v0.33.3/internal/dissolve/queue.go:139 +0x4a
github.com/centrifugal/centrifuge/internal/dissolve.(*Dissolver).runWorker(0xc001f98b70)
	/home/mariell/go/pkg/mod/github.com/centrifugal/centrifuge@v0.33.3/internal/dissolve/dissolve.go:52 +0x27
created by github.com/centrifugal/centrifuge/internal/dissolve.(*Dissolver).Run in goroutine 1617
	/home/mariell/go/pkg/mod/github.com/centrifugal/centrifuge@v0.33.3/internal/dissolve/dissolve.go:31 +0x25

goroutine 2950 [sync.Cond.Wait]:
sync.runtime_notifyListWait(0xc002557a10, 0xf)
	/usr/lib/go/src/runtime/sema.go:597 +0x159
sync.(*Cond).Wait(0x0?)
	/usr/lib/go/src/sync/cond.go:71 +0x85
github.com/centrifugal/centrifuge/internal/dissolve.(*queueImpl).Wait(0xc0035d2380)
	/home/mariell/go/pkg/mod/github.com/centrifugal/centrifuge@v0.33.3/internal/dissolve/queue.go:139 +0x4a
github.com/centrifugal/centrifuge/internal/dissolve.(*Dissolver).runWorker(0xc001f98b70)
	/home/mariell/go/pkg/mod/github.com/centrifugal/centrifuge@v0.33.3/internal/dissolve/dissolve.go:52 +0x27
created by github.com/centrifugal/centrifuge/internal/dissolve.(*Dissolver).Run in goroutine 1617
	/home/mariell/go/pkg/mod/github.com/centrifugal/centrifuge@v0.33.3/internal/dissolve/dissolve.go:31 +0x25

goroutine 3395 [select]:
database/sql.(*DB).connectionCleaner(0xc000ff6dd0, 0xc005080230?)
	/usr/lib/go/src/database/sql/sql.go:1104 +0x9c
created by database/sql.(*DB).startCleanerLocked in goroutine 3352
	/usr/lib/go/src/database/sql/sql.go:1091 +0x105

goroutine 3181 [select]:
net/http.(*persistConn).writeLoop(0xc003708000)
	/usr/lib/go/src/net/http/transport.go:2590 +0xe7
created by net/http.(*Transport).dialConn in goroutine 3212
	/usr/lib/go/src/net/http/transport.go:1945 +0x17a5

goroutine 2951 [sync.Cond.Wait]:
sync.runtime_notifyListWait(0xc002557a10, 0x10)
	/usr/lib/go/src/runtime/sema.go:597 +0x159
sync.(*Cond).Wait(0x0?)
	/usr/lib/go/src/sync/cond.go:71 +0x85
github.com/centrifugal/centrifuge/internal/dissolve.(*queueImpl).Wait(0xc0035d2380)
	/home/mariell/go/pkg/mod/github.com/centrifugal/centrifuge@v0.33.3/internal/dissolve/queue.go:139 +0x4a
github.com/centrifugal/centrifuge/internal/dissolve.(*Dissolver).runWorker(0xc001f98b70)
	/home/mariell/go/pkg/mod/github.com/centrifugal/centrifuge@v0.33.3/internal/dissolve/dissolve.go:52 +0x27
created by github.com/centrifugal/centrifuge/internal/dissolve.(*Dissolver).Run in goroutine 1617
	/home/mariell/go/pkg/mod/github.com/centrifugal/centrifuge@v0.33.3/internal/dissolve/dissolve.go:31 +0x25

goroutine 2943 [sync.Cond.Wait]:
sync.runtime_notifyListWait(0xc002557a10, 0x8)
	/usr/lib/go/src/runtime/sema.go:597 +0x159
sync.(*Cond).Wait(0xc002b387d0?)
	/usr/lib/go/src/sync/cond.go:71 +0x85
github.com/centrifugal/centrifuge/internal/dissolve.(*queueImpl).Wait(0xc0035d2380)
	/home/mariell/go/pkg/mod/github.com/centrifugal/centrifuge@v0.33.3/internal/dissolve/queue.go:139 +0x4a
github.com/centrifugal/centrifuge/internal/dissolve.(*Dissolver).runWorker(0xc001f98b70)
	/home/mariell/go/pkg/mod/github.com/centrifugal/centrifuge@v0.33.3/internal/dissolve/dissolve.go:52 +0x27
created by github.com/centrifugal/centrifuge/internal/dissolve.(*Dissolver).Run in goroutine 1617
	/home/mariell/go/pkg/mod/github.com/centrifugal/centrifuge@v0.33.3/internal/dissolve/dissolve.go:31 +0x25

goroutine 5756 [select]:
github.com/patrickmn/go-cache.(*janitor).Run(0xc001d876f0, 0xc0038af280)
	/home/mariell/go/pkg/mod/github.com/patrickmn/go-cache@v2.1.0+incompatible/cache.go:1079 +0x7b
created by github.com/patrickmn/go-cache.runJanitor in goroutine 4441
	/home/mariell/go/pkg/mod/github.com/patrickmn/go-cache@v2.1.0+incompatible/cache.go:1099 +0xdb

goroutine 7444 [sync.Cond.Wait]:
sync.runtime_notifyListWait(0xc0088a2350, 0x2b)
	/usr/lib/go/src/runtime/sema.go:597 +0x159
sync.(*Cond).Wait(0x0?)
	/usr/lib/go/src/sync/cond.go:71 +0x85
github.com/centrifugal/centrifuge/internal/dissolve.(*queueImpl).Wait(0xc0088a0620)
	/home/mariell/go/pkg/mod/github.com/centrifugal/centrifuge@v0.33.3/internal/dissolve/queue.go:139 +0x4a
github.com/centrifugal/centrifuge/internal/dissolve.(*Dissolver).runWorker(0xc001ba2798)
	/home/mariell/go/pkg/mod/github.com/centrifugal/centrifuge@v0.33.3/internal/dissolve/dissolve.go:52 +0x27
created by github.com/centrifugal/centrifuge/internal/dissolve.(*Dissolver).Run in goroutine 6291
	/home/mariell/go/pkg/mod/github.com/centrifugal/centrifuge@v0.33.3/internal/dissolve/dissolve.go:31 +0x25

goroutine 7437 [sync.Cond.Wait]:
sync.runtime_notifyListWait(0xc0088a2350, 0x3a)
	/usr/lib/go/src/runtime/sema.go:597 +0x159
sync.(*Cond).Wait(0x0?)
	/usr/lib/go/src/sync/cond.go:71 +0x85
github.com/centrifugal/centrifuge/internal/dissolve.(*queueImpl).Wait(0xc0088a0620)
	/home/mariell/go/pkg/mod/github.com/centrifugal/centrifuge@v0.33.3/internal/dissolve/queue.go:139 +0x4a
github.com/centrifugal/centrifuge/internal/dissolve.(*Dissolver).runWorker(0xc001ba2798)
	/home/mariell/go/pkg/mod/github.com/centrifugal/centrifuge@v0.33.3/internal/dissolve/dissolve.go:52 +0x27
created by github.com/centrifugal/centrifuge/internal/dissolve.(*Dissolver).Run in goroutine 6291
	/home/mariell/go/pkg/mod/github.com/centrifugal/centrifuge@v0.33.3/internal/dissolve/dissolve.go:31 +0x25

goroutine 2920 [sync.Cond.Wait]:
sync.runtime_notifyListWait(0xc002557a10, 0x25)
	/usr/lib/go/src/runtime/sema.go:597 +0x159
sync.(*Cond).Wait(0x0?)
	/usr/lib/go/src/sync/cond.go:71 +0x85
github.com/centrifugal/centrifuge/internal/dissolve.(*queueImpl).Wait(0xc0035d2380)
	/home/mariell/go/pkg/mod/github.com/centrifugal/centrifuge@v0.33.3/internal/dissolve/queue.go:139 +0x4a
github.com/centrifugal/centrifuge/internal/dissolve.(*Dissolver).runWorker(0xc001f98b70)
	/home/mariell/go/pkg/mod/github.com/centrifugal/centrifuge@v0.33.3/internal/dissolve/dissolve.go:52 +0x27
created by github.com/centrifugal/centrifuge/internal/dissolve.(*Dissolver).Run in goroutine 1617
	/home/mariell/go/pkg/mod/github.com/centrifugal/centrifuge@v0.33.3/internal/dissolve/dissolve.go:31 +0x25

goroutine 3184 [IO wait]:
internal/poll.runtime_pollWait(0x7775618b9608, 0x72)
	/usr/lib/go/src/runtime/netpoll.go:351 +0x85
internal/poll.(*pollDesc).wait(0xc00231c080?, 0xc002bbc600?, 0x0)
	/usr/lib/go/src/internal/poll/fd_poll_runtime.go:84 +0x27
internal/poll.(*pollDesc).waitRead(...)
	/usr/lib/go/src/internal/poll/fd_poll_runtime.go:89
internal/poll.(*FD).Read(0xc00231c080, {0xc002bbc600, 0x1300, 0x1300})
	/usr/lib/go/src/internal/poll/fd_unix.go:165 +0x27a
net.(*netFD).Read(0xc00231c080, {0xc002bbc600?, 0x1?, 0x6?})
	/usr/lib/go/src/net/fd_posix.go:55 +0x25
net.(*conn).Read(0xc00051f588, {0xc002bbc600?, 0x777560555190?, 0x7775a8b293e8?})
	/usr/lib/go/src/net/net.go:194 +0x45
crypto/tls.(*atLeastReader).Read(0xc00225cde0, {0xc002bbc600?, 0x0?, 0xc002586db8?})
	/usr/lib/go/src/crypto/tls/conn.go:809 +0x3b
bytes.(*Buffer).ReadFrom(0xc0023a6638, {0xa94e300, 0xc00225cde0})
	/usr/lib/go/src/bytes/buffer.go:211 +0x98
crypto/tls.(*Conn).readFromUntil(0xc0023a6388, {0xa94dc00, 0xc00051f588}, 0x444af4?)
	/usr/lib/go/src/crypto/tls/conn.go:831 +0xde
crypto/tls.(*Conn).readRecordOrCCS(0xc0023a6388, 0x0)
	/usr/lib/go/src/crypto/tls/conn.go:629 +0x3cf
crypto/tls.(*Conn).readRecord(...)
	/usr/lib/go/src/crypto/tls/conn.go:591
crypto/tls.(*Conn).Read(0xc0023a6388, {0xc002bc3000, 0x1000, 0x7775a8b293e8?})
	/usr/lib/go/src/crypto/tls/conn.go:1385 +0x145
net/http.(*persistConn).Read(0xc0036be6c0, {0xc002bc3000?, 0x4141c5?, 0x68?})
	/usr/lib/go/src/net/http/transport.go:2122 +0x47
bufio.(*Reader).fill(0xc002b9eba0)
	/usr/lib/go/src/bufio/bufio.go:113 +0x103
bufio.(*Reader).Peek(0xc002b9eba0, 0x1)
	/usr/lib/go/src/bufio/bufio.go:152 +0x53
net/http.(*persistConn).readLoop(0xc0036be6c0)
	/usr/lib/go/src/net/http/transport.go:2275 +0x172
created by net/http.(*Transport).dialConn in goroutine 2689
	/usr/lib/go/src/net/http/transport.go:1944 +0x174f

goroutine 2930 [sync.Cond.Wait]:
sync.runtime_notifyListWait(0xc002557a10, 0x37)
	/usr/lib/go/src/runtime/sema.go:597 +0x159
sync.(*Cond).Wait(0x0?)
	/usr/lib/go/src/sync/cond.go:71 +0x85
github.com/centrifugal/centrifuge/internal/dissolve.(*queueImpl).Wait(0xc0035d2380)
	/home/mariell/go/pkg/mod/github.com/centrifugal/centrifuge@v0.33.3/internal/dissolve/queue.go:139 +0x4a
github.com/centrifugal/centrifuge/internal/dissolve.(*Dissolver).runWorker(0xc001f98b70)
	/home/mariell/go/pkg/mod/github.com/centrifugal/centrifuge@v0.33.3/internal/dissolve/dissolve.go:52 +0x27
created by github.com/centrifugal/centrifuge/internal/dissolve.(*Dissolver).Run in goroutine 1617
	/home/mariell/go/pkg/mod/github.com/centrifugal/centrifuge@v0.33.3/internal/dissolve/dissolve.go:31 +0x25

goroutine 7836 [select]:
k8s.io/apimachinery/pkg/util/wait.BackoffUntil(0xc001c21500, {0xa95ac00, 0xc004a8e360}, 0x1, 0xc002d780e0)
	/home/mariell/go/pkg/mod/k8s.io/apimachinery@v0.32.1/pkg/util/wait/backoff.go:238 +0x12c
k8s.io/apimachinery/pkg/util/wait.JitterUntil(0xc001c21500, 0x3b9aca00, 0x3ff3333333333333, 0x1, 0xc002d780e0)
	/home/mariell/go/pkg/mod/k8s.io/apimachinery@v0.32.1/pkg/util/wait/backoff.go:204 +0x7f
created by k8s.io/apiserver/pkg/registry/generic/registry.(*Store).startObservingCount in goroutine 7699
	/home/mariell/go/pkg/mod/k8s.io/apiserver@v0.32.1/pkg/registry/generic/registry/store.go:1666 +0x2f9

goroutine 6077 [IO wait]:
internal/poll.runtime_pollWait(0x7775593409e0, 0x72)
	/usr/lib/go/src/runtime/netpoll.go:351 +0x85
internal/poll.(*pollDesc).wait(0xc00678e000?, 0xc0014b7900?, 0x0)
	/usr/lib/go/src/internal/poll/fd_poll_runtime.go:84 +0x27
internal/poll.(*pollDesc).waitRead(...)
	/usr/lib/go/src/internal/poll/fd_poll_runtime.go:89
internal/poll.(*FD).Read(0xc00678e000, {0xc0014b7900, 0x1300, 0x1300})
	/usr/lib/go/src/internal/poll/fd_unix.go:165 +0x27a
net.(*netFD).Read(0xc00678e000, {0xc0014b7900?, 0xc0014b7900?, 0x5?})
	/usr/lib/go/src/net/fd_posix.go:55 +0x25
net.(*conn).Read(0xc001330088, {0xc0014b7900?, 0x77756049fec8?, 0x7775a8b285c0?})
	/usr/lib/go/src/net/net.go:194 +0x45
crypto/tls.(*atLeastReader).Read(0xc002374108, {0xc0014b7900?, 0xe0?, 0x1?})
	/usr/lib/go/src/crypto/tls/conn.go:809 +0x3b
bytes.(*Buffer).ReadFrom(0xc0067989b8, {0xa94e300, 0xc002374108})
	/usr/lib/go/src/bytes/buffer.go:211 +0x98
crypto/tls.(*Conn).readFromUntil(0xc006798708, {0xa94dc00, 0xc001330088}, 0x444af4?)
	/usr/lib/go/src/crypto/tls/conn.go:831 +0xde
crypto/tls.(*Conn).readRecordOrCCS(0xc006798708, 0x0)
	/usr/lib/go/src/crypto/tls/conn.go:629 +0x3cf
crypto/tls.(*Conn).readRecord(...)
	/usr/lib/go/src/crypto/tls/conn.go:591
crypto/tls.(*Conn).Read(0xc006798708, {0xc00654f000, 0x1000, 0xc0065341b0?})
	/usr/lib/go/src/crypto/tls/conn.go:1385 +0x145
net/http.(*persistConn).Read(0xc003761e60, {0xc00654f000?, 0x81fe45?, 0xa94be80?})
	/usr/lib/go/src/net/http/transport.go:2122 +0x47
bufio.(*Reader).fill(0xc00461b6e0)
	/usr/lib/go/src/bufio/bufio.go:113 +0x103
bufio.(*Reader).Peek(0xc00461b6e0, 0x1)
	/usr/lib/go/src/bufio/bufio.go:152 +0x53
net/http.(*persistConn).readLoop(0xc003761e60)
	/usr/lib/go/src/net/http/transport.go:2275 +0x172
created by net/http.(*Transport).dialConn in goroutine 6066
	/usr/lib/go/src/net/http/transport.go:1944 +0x174f

goroutine 3389 [select]:
k8s.io/apimachinery/pkg/util/wait.BackoffUntil(0xc00446fd00, {0xa95ac00, 0xc003362210}, 0x1, 0xc0043f93b0)
	/home/mariell/go/pkg/mod/k8s.io/apimachinery@v0.32.1/pkg/util/wait/backoff.go:238 +0x12c
k8s.io/apimachinery/pkg/util/wait.JitterUntil(0xc00446fd00, 0x3b9aca00, 0x3ff3333333333333, 0x1, 0xc0043f93b0)
	/home/mariell/go/pkg/mod/k8s.io/apimachinery@v0.32.1/pkg/util/wait/backoff.go:204 +0x7f
created by k8s.io/apiserver/pkg/registry/generic/registry.(*Store).startObservingCount in goroutine 3214
	/home/mariell/go/pkg/mod/k8s.io/apiserver@v0.32.1/pkg/registry/generic/registry/store.go:1666 +0x2f9

goroutine 2915 [sync.Cond.Wait]:
sync.runtime_notifyListWait(0xc002557a10, 0x35)
	/usr/lib/go/src/runtime/sema.go:597 +0x159
sync.(*Cond).Wait(0x0?)
	/usr/lib/go/src/sync/cond.go:71 +0x85
github.com/centrifugal/centrifuge/internal/dissolve.(*queueImpl).Wait(0xc0035d2380)
	/home/mariell/go/pkg/mod/github.com/centrifugal/centrifuge@v0.33.3/internal/dissolve/queue.go:139 +0x4a
github.com/centrifugal/centrifuge/internal/dissolve.(*Dissolver).runWorker(0xc001f98b70)
	/home/mariell/go/pkg/mod/github.com/centrifugal/centrifuge@v0.33.3/internal/dissolve/dissolve.go:52 +0x27
created by github.com/centrifugal/centrifuge/internal/dissolve.(*Dissolver).Run in goroutine 1617
	/home/mariell/go/pkg/mod/github.com/centrifugal/centrifuge@v0.33.3/internal/dissolve/dissolve.go:31 +0x25

goroutine 2672 [select]:
k8s.io/apimachinery/pkg/util/wait.BackoffUntil(0xc002bf5740, {0xa95ac00, 0xc00218c000}, 0x1, 0xc002ae33b0)
	/home/mariell/go/pkg/mod/k8s.io/apimachinery@v0.32.1/pkg/util/wait/backoff.go:238 +0x12c
k8s.io/apimachinery/pkg/util/wait.JitterUntil(0xc002bf5740, 0x3b9aca00, 0x3ff3333333333333, 0x1, 0xc002ae33b0)
	/home/mariell/go/pkg/mod/k8s.io/apimachinery@v0.32.1/pkg/util/wait/backoff.go:204 +0x7f
created by k8s.io/apiserver/pkg/registry/generic/registry.(*Store).startObservingCount in goroutine 1605
	/home/mariell/go/pkg/mod/k8s.io/apiserver@v0.32.1/pkg/registry/generic/registry/store.go:1666 +0x2f9

goroutine 2682 [select]:
k8s.io/apimachinery/pkg/util/wait.BackoffUntil(0xc002e4db40, {0xa95ac00, 0xc0020bc810}, 0x1, 0xc002d79960)
	/home/mariell/go/pkg/mod/k8s.io/apimachinery@v0.32.1/pkg/util/wait/backoff.go:238 +0x12c
k8s.io/apimachinery/pkg/util/wait.JitterUntil(0xc002e4db40, 0x3b9aca00, 0x3ff3333333333333, 0x1, 0xc002d79960)
	/home/mariell/go/pkg/mod/k8s.io/apimachinery@v0.32.1/pkg/util/wait/backoff.go:204 +0x7f
created by k8s.io/apiserver/pkg/registry/generic/registry.(*Store).startObservingCount in goroutine 1605
	/home/mariell/go/pkg/mod/k8s.io/apiserver@v0.32.1/pkg/registry/generic/registry/store.go:1666 +0x2f9

goroutine 2681 [select]:
k8s.io/apimachinery/pkg/util/wait.BackoffUntil(0xc002e4da40, {0xa95ac00, 0xc0020bc7e0}, 0x1, 0xc002d798f0)
	/home/mariell/go/pkg/mod/k8s.io/apimachinery@v0.32.1/pkg/util/wait/backoff.go:238 +0x12c
k8s.io/apimachinery/pkg/util/wait.JitterUntil(0xc002e4da40, 0x3b9aca00, 0x3ff3333333333333, 0x1, 0xc002d798f0)
	/home/mariell/go/pkg/mod/k8s.io/apimachinery@v0.32.1/pkg/util/wait/backoff.go:204 +0x7f
created by k8s.io/apiserver/pkg/registry/generic/registry.(*Store).startObservingCount in goroutine 1605
	/home/mariell/go/pkg/mod/k8s.io/apiserver@v0.32.1/pkg/registry/generic/registry/store.go:1666 +0x2f9

goroutine 2674 [select]:
k8s.io/apimachinery/pkg/util/wait.BackoffUntil(0xc002dd7140, {0xa95ac00, 0xc0023a47e0}, 0x1, 0xc002d78d90)
	/home/mariell/go/pkg/mod/k8s.io/apimachinery@v0.32.1/pkg/util/wait/backoff.go:238 +0x12c
k8s.io/apimachinery/pkg/util/wait.JitterUntil(0xc002dd7140, 0x3b9aca00, 0x3ff3333333333333, 0x1, 0xc002d78d90)
	/home/mariell/go/pkg/mod/k8s.io/apimachinery@v0.32.1/pkg/util/wait/backoff.go:204 +0x7f
created by k8s.io/apiserver/pkg/registry/generic/registry.(*Store).startObservingCount in goroutine 1605
	/home/mariell/go/pkg/mod/k8s.io/apiserver@v0.32.1/pkg/registry/generic/registry/store.go:1666 +0x2f9

goroutine 2680 [select]:
k8s.io/apimachinery/pkg/util/wait.BackoffUntil(0xc002e4d940, {0xa95ac00, 0xc0020bc780}, 0x1, 0xc002d79880)
	/home/mariell/go/pkg/mod/k8s.io/apimachinery@v0.32.1/pkg/util/wait/backoff.go:238 +0x12c
k8s.io/apimachinery/pkg/util/wait.JitterUntil(0xc002e4d940, 0x3b9aca00, 0x3ff3333333333333, 0x1, 0xc002d79880)
	/home/mariell/go/pkg/mod/k8s.io/apimachinery@v0.32.1/pkg/util/wait/backoff.go:204 +0x7f
created by k8s.io/apiserver/pkg/registry/generic/registry.(*Store).startObservingCount in goroutine 1605
	/home/mariell/go/pkg/mod/k8s.io/apiserver@v0.32.1/pkg/registry/generic/registry/store.go:1666 +0x2f9

goroutine 2676 [chan receive]:
github.com/grafana/grafana/pkg/registry/apis/dashboard/legacy.(*dashboardSqlAccess).WatchWriteEvents.func1()
	/home/mariell/work/oss/grafana/pkg/registry/apis/dashboard/legacy/storage.go:238 +0x50
created by github.com/grafana/grafana/pkg/registry/apis/dashboard/legacy.(*dashboardSqlAccess).WatchWriteEvents in goroutine 1605
	/home/mariell/work/oss/grafana/pkg/registry/apis/dashboard/legacy/storage.go:236 +0x1b6

goroutine 2675 [select]:
k8s.io/apimachinery/pkg/util/wait.BackoffUntil(0xc002e4c740, {0xa95ac00, 0xc0023a4840}, 0x1, 0xc002d78e00)
	/home/mariell/go/pkg/mod/k8s.io/apimachinery@v0.32.1/pkg/util/wait/backoff.go:238 +0x12c
k8s.io/apimachinery/pkg/util/wait.JitterUntil(0xc002e4c740, 0x3b9aca00, 0x3ff3333333333333, 0x1, 0xc002d78e00)
	/home/mariell/go/pkg/mod/k8s.io/apimachinery@v0.32.1/pkg/util/wait/backoff.go:204 +0x7f
created by k8s.io/apiserver/pkg/registry/generic/registry.(*Store).startObservingCount in goroutine 1605
	/home/mariell/go/pkg/mod/k8s.io/apiserver@v0.32.1/pkg/registry/generic/registry/store.go:1666 +0x2f9

goroutine 4703 [select]:
net/http.(*persistConn).writeLoop(0xc003360000)
	/usr/lib/go/src/net/http/transport.go:2590 +0xe7
created by net/http.(*Transport).dialConn in goroutine 4728
	/usr/lib/go/src/net/http/transport.go:1945 +0x17a5

goroutine 2679 [select]:
github.com/grafana/grafana/pkg/storage/unified/resource.(*broadcaster[...]).stream(0xab113a0, 0xc0017c2bd0)
	/home/mariell/work/oss/grafana/pkg/storage/unified/resource/broadcaster.go:205 +0x13d
created by github.com/grafana/grafana/pkg/storage/unified/resource.(*broadcaster[...]).init in goroutine 1605
	/home/mariell/work/oss/grafana/pkg/storage/unified/resource/broadcaster.go:177 +0x219

goroutine 3306 [IO wait]:
internal/poll.runtime_pollWait(0x777559340e40, 0x72)
	/usr/lib/go/src/runtime/netpoll.go:351 +0x85
internal/poll.(*pollDesc).wait(0xc0025b6c00?, 0xc003b34000?, 0x0)
	/usr/lib/go/src/internal/poll/fd_poll_runtime.go:84 +0x27
internal/poll.(*pollDesc).waitRead(...)
	/usr/lib/go/src/internal/poll/fd_poll_runtime.go:89
internal/poll.(*FD).Read(0xc0025b6c00, {0xc003b34000, 0xa000, 0xa000})
	/usr/lib/go/src/internal/poll/fd_unix.go:165 +0x27a
net.(*netFD).Read(0xc0025b6c00, {0xc003b34000?, 0xc003b34000?, 0x5?})
	/usr/lib/go/src/net/fd_posix.go:55 +0x25
net.(*conn).Read(0xc005007608, {0xc003b34000?, 0x77756005f8c8?, 0x7775a8b293e8?})
	/usr/lib/go/src/net/net.go:194 +0x45
crypto/tls.(*atLeastReader).Read(0xc00356dbf0, {0xc003b34000?, 0x9ffb?, 0x0?})
	/usr/lib/go/src/crypto/tls/conn.go:809 +0x3b
bytes.(*Buffer).ReadFrom(0xc0021689b8, {0xa94e300, 0xc00356dbf0})
	/usr/lib/go/src/bytes/buffer.go:211 +0x98
crypto/tls.(*Conn).readFromUntil(0xc002168708, {0xa94dc00, 0xc005007608}, 0x444af4?)
	/usr/lib/go/src/crypto/tls/conn.go:831 +0xde
crypto/tls.(*Conn).readRecordOrCCS(0xc002168708, 0x0)
	/usr/lib/go/src/crypto/tls/conn.go:629 +0x3cf
crypto/tls.(*Conn).readRecord(...)
	/usr/lib/go/src/crypto/tls/conn.go:591
crypto/tls.(*Conn).Read(0xc002168708, {0xc003784000, 0x1000, 0xc00263e2a0?})
	/usr/lib/go/src/crypto/tls/conn.go:1385 +0x145
net/http.(*persistConn).Read(0xc00371e7e0, {0xc003784000?, 0x81fe45?, 0xa94be80?})
	/usr/lib/go/src/net/http/transport.go:2122 +0x47
bufio.(*Reader).fill(0xc00347f140)
	/usr/lib/go/src/bufio/bufio.go:113 +0x103
bufio.(*Reader).Peek(0xc00347f140, 0x1)
	/usr/lib/go/src/bufio/bufio.go:152 +0x53
net/http.(*persistConn).readLoop(0xc00371e7e0)
	/usr/lib/go/src/net/http/transport.go:2275 +0x172
created by net/http.(*Transport).dialConn in goroutine 3301
	/usr/lib/go/src/net/http/transport.go:1944 +0x174f

goroutine 2677 [chan receive]:
github.com/grafana/grafana/pkg/storage/unified/resource.(*server).initWatcher.func1.1()
	/home/mariell/work/oss/grafana/pkg/storage/unified/resource/server.go:922 +0x58
created by github.com/grafana/grafana/pkg/storage/unified/resource.(*server).initWatcher.func1 in goroutine 1605
	/home/mariell/work/oss/grafana/pkg/storage/unified/resource/server.go:921 +0xaa

goroutine 2678 [select]:
github.com/grafana/grafana/pkg/storage/unified/resource.(*cache[...]).run(0xc001f1fc70)
	/home/mariell/work/oss/grafana/pkg/storage/unified/resource/broadcaster.go:291 +0xb0
created by github.com/grafana/grafana/pkg/storage/unified/resource.newChannelCache[...] in goroutine 1605
	/home/mariell/work/oss/grafana/pkg/storage/unified/resource/broadcaster.go:276 +0x189

goroutine 2894 [select]:
github.com/centrifugal/centrifuge.(*historyHub).removeStreams(0xc0010ac000)
	/home/mariell/go/pkg/mod/github.com/centrifugal/centrifuge@v0.33.3/broker_memory.go:259 +0x6f
created by github.com/centrifugal/centrifuge.(*historyHub).runCleanups in goroutine 1617
	/home/mariell/go/pkg/mod/github.com/centrifugal/centrifuge@v0.33.3/broker_memory.go:253 +0x96

goroutine 2963 [sync.Cond.Wait]:
sync.runtime_notifyListWait(0xc002557a10, 0x1c)
	/usr/lib/go/src/runtime/sema.go:597 +0x159
sync.(*Cond).Wait(0x0?)
	/usr/lib/go/src/sync/cond.go:71 +0x85
github.com/centrifugal/centrifuge/internal/dissolve.(*queueImpl).Wait(0xc0035d2380)
	/home/mariell/go/pkg/mod/github.com/centrifugal/centrifuge@v0.33.3/internal/dissolve/queue.go:139 +0x4a
github.com/centrifugal/centrifuge/internal/dissolve.(*Dissolver).runWorker(0xc001f98b70)
	/home/mariell/go/pkg/mod/github.com/centrifugal/centrifuge@v0.33.3/internal/dissolve/dissolve.go:52 +0x27
created by github.com/centrifugal/centrifuge/internal/dissolve.(*Dissolver).Run in goroutine 1617
	/home/mariell/go/pkg/mod/github.com/centrifugal/centrifuge@v0.33.3/internal/dissolve/dissolve.go:31 +0x25

goroutine 2964 [sync.Cond.Wait]:
sync.runtime_notifyListWait(0xc002557a10, 0x14)
	/usr/lib/go/src/runtime/sema.go:597 +0x159
sync.(*Cond).Wait(0x0?)
	/usr/lib/go/src/sync/cond.go:71 +0x85
github.com/centrifugal/centrifuge/internal/dissolve.(*queueImpl).Wait(0xc0035d2380)
	/home/mariell/go/pkg/mod/github.com/centrifugal/centrifuge@v0.33.3/internal/dissolve/queue.go:139 +0x4a
github.com/centrifugal/centrifuge/internal/dissolve.(*Dissolver).runWorker(0xc001f98b70)
	/home/mariell/go/pkg/mod/github.com/centrifugal/centrifuge@v0.33.3/internal/dissolve/dissolve.go:52 +0x27
created by github.com/centrifugal/centrifuge/internal/dissolve.(*Dissolver).Run in goroutine 1617
	/home/mariell/go/pkg/mod/github.com/centrifugal/centrifuge@v0.33.3/internal/dissolve/dissolve.go:31 +0x25

goroutine 2965 [sync.Cond.Wait]:
sync.runtime_notifyListWait(0xc002557a10, 0x1d)
	/usr/lib/go/src/runtime/sema.go:597 +0x159
sync.(*Cond).Wait(0x0?)
	/usr/lib/go/src/sync/cond.go:71 +0x85
github.com/centrifugal/centrifuge/internal/dissolve.(*queueImpl).Wait(0xc0035d2380)
	/home/mariell/go/pkg/mod/github.com/centrifugal/centrifuge@v0.33.3/internal/dissolve/queue.go:139 +0x4a
github.com/centrifugal/centrifuge/internal/dissolve.(*Dissolver).runWorker(0xc001f98b70)
	/home/mariell/go/pkg/mod/github.com/centrifugal/centrifuge@v0.33.3/internal/dissolve/dissolve.go:52 +0x27
created by github.com/centrifugal/centrifuge/internal/dissolve.(*Dissolver).Run in goroutine 1617
	/home/mariell/go/pkg/mod/github.com/centrifugal/centrifuge@v0.33.3/internal/dissolve/dissolve.go:31 +0x25

goroutine 2966 [sync.Cond.Wait]:
sync.runtime_notifyListWait(0xc002557a10, 0x1e)
	/usr/lib/go/src/runtime/sema.go:597 +0x159
sync.(*Cond).Wait(0x0?)
	/usr/lib/go/src/sync/cond.go:71 +0x85
github.com/centrifugal/centrifuge/internal/dissolve.(*queueImpl).Wait(0xc0035d2380)
	/home/mariell/go/pkg/mod/github.com/centrifugal/centrifuge@v0.33.3/internal/dissolve/queue.go:139 +0x4a
github.com/centrifugal/centrifuge/internal/dissolve.(*Dissolver).runWorker(0xc001f98b70)
	/home/mariell/go/pkg/mod/github.com/centrifugal/centrifuge@v0.33.3/internal/dissolve/dissolve.go:52 +0x27
created by github.com/centrifugal/centrifuge/internal/dissolve.(*Dissolver).Run in goroutine 1617
	/home/mariell/go/pkg/mod/github.com/centrifugal/centrifuge@v0.33.3/internal/dissolve/dissolve.go:31 +0x25

goroutine 2967 [sync.Cond.Wait]:
sync.runtime_notifyListWait(0xc002557a10, 0x1f)
	/usr/lib/go/src/runtime/sema.go:597 +0x159
sync.(*Cond).Wait(0xc002a707d0?)
	/usr/lib/go/src/sync/cond.go:71 +0x85
github.com/centrifugal/centrifuge/internal/dissolve.(*queueImpl).Wait(0xc0035d2380)
	/home/mariell/go/pkg/mod/github.com/centrifugal/centrifuge@v0.33.3/internal/dissolve/queue.go:139 +0x4a
github.com/centrifugal/centrifuge/internal/dissolve.(*Dissolver).runWorker(0xc001f98b70)
	/home/mariell/go/pkg/mod/github.com/centrifugal/centrifuge@v0.33.3/internal/dissolve/dissolve.go:52 +0x27
created by github.com/centrifugal/centrifuge/internal/dissolve.(*Dissolver).Run in goroutine 1617
	/home/mariell/go/pkg/mod/github.com/centrifugal/centrifuge@v0.33.3/internal/dissolve/dissolve.go:31 +0x25

goroutine 6274 [select]:
k8s.io/apimachinery/pkg/util/wait.BackoffUntil(0xc003a2db80, {0xa95ac00, 0xc0063f2150}, 0x1, 0xc001fb10a0)
	/home/mariell/go/pkg/mod/k8s.io/apimachinery@v0.32.1/pkg/util/wait/backoff.go:238 +0x12c
k8s.io/apimachinery/pkg/util/wait.JitterUntil(0xc003a2db80, 0x3b9aca00, 0x3ff3333333333333, 0x1, 0xc001fb10a0)
	/home/mariell/go/pkg/mod/k8s.io/apimachinery@v0.32.1/pkg/util/wait/backoff.go:204 +0x7f
created by k8s.io/apiserver/pkg/registry/generic/registry.(*Store).startObservingCount in goroutine 6087
	/home/mariell/go/pkg/mod/k8s.io/apiserver@v0.32.1/pkg/registry/generic/registry/store.go:1666 +0x2f9

goroutine 14854 [sync.Cond.Wait]:
sync.runtime_notifyListWait(0xc00cfe9cd0, 0xa)
	/usr/lib/go/src/runtime/sema.go:597 +0x159
sync.(*Cond).Wait(0x0?)
	/usr/lib/go/src/sync/cond.go:71 +0x85
github.com/centrifugal/centrifuge/internal/dissolve.(*queueImpl).Wait(0xc00c22f1f0)
	/home/mariell/go/pkg/mod/github.com/centrifugal/centrifuge@v0.33.3/internal/dissolve/queue.go:139 +0x4a
github.com/centrifugal/centrifuge/internal/dissolve.(*Dissolver).runWorker(0xc0034e9ed8)
	/home/mariell/go/pkg/mod/github.com/centrifugal/centrifuge@v0.33.3/internal/dissolve/dissolve.go:52 +0x27
created by github.com/centrifugal/centrifuge/internal/dissolve.(*Dissolver).Run in goroutine 13738
	/home/mariell/go/pkg/mod/github.com/centrifugal/centrifuge@v0.33.3/internal/dissolve/dissolve.go:31 +0x25

goroutine 15270 [select]:
net/http.(*persistConn).writeLoop(0xc005654a20)
	/usr/lib/go/src/net/http/transport.go:2590 +0xe7
created by net/http.(*Transport).dialConn in goroutine 15258
	/usr/lib/go/src/net/http/transport.go:1945 +0x17a5

goroutine 24019 [sync.Cond.Wait]:
sync.runtime_notifyListWait(0xc0142c1350, 0x12)
	/usr/lib/go/src/runtime/sema.go:597 +0x159
sync.(*Cond).Wait(0xc00ea227d0?)
	/usr/lib/go/src/sync/cond.go:71 +0x85
github.com/centrifugal/centrifuge/internal/dissolve.(*queueImpl).Wait(0xc012834b60)
	/home/mariell/go/pkg/mod/github.com/centrifugal/centrifuge@v0.33.3/internal/dissolve/queue.go:139 +0x4a
github.com/centrifugal/centrifuge/internal/dissolve.(*Dissolver).runWorker(0xc010117b90)
	/home/mariell/go/pkg/mod/github.com/centrifugal/centrifuge@v0.33.3/internal/dissolve/dissolve.go:52 +0x27
created by github.com/centrifugal/centrifuge/internal/dissolve.(*Dissolver).Run in goroutine 22319
	/home/mariell/go/pkg/mod/github.com/centrifugal/centrifuge@v0.33.3/internal/dissolve/dissolve.go:31 +0x25

goroutine 3024 [select]:
github.com/patrickmn/go-cache.(*janitor).Run(0xc002731370, 0xc003007880)
	/home/mariell/go/pkg/mod/github.com/patrickmn/go-cache@v2.1.0+incompatible/cache.go:1079 +0x7b
created by github.com/patrickmn/go-cache.runJanitor in goroutine 1617
	/home/mariell/go/pkg/mod/github.com/patrickmn/go-cache@v2.1.0+incompatible/cache.go:1099 +0xdb

goroutine 3030 [select]:
github.com/patrickmn/go-cache.(*janitor).Run(0xc002403030, 0xc0031a17c0)
	/home/mariell/go/pkg/mod/github.com/patrickmn/go-cache@v2.1.0+incompatible/cache.go:1079 +0x7b
created by github.com/patrickmn/go-cache.runJanitor in goroutine 1617
	/home/mariell/go/pkg/mod/github.com/patrickmn/go-cache@v2.1.0+incompatible/cache.go:1099 +0xdb

goroutine 3031 [select]:
github.com/patrickmn/go-cache.(*janitor).Run(0xc002403190, 0xc0031a1880)
	/home/mariell/go/pkg/mod/github.com/patrickmn/go-cache@v2.1.0+incompatible/cache.go:1079 +0x7b
created by github.com/patrickmn/go-cache.runJanitor in goroutine 1617
	/home/mariell/go/pkg/mod/github.com/patrickmn/go-cache@v2.1.0+incompatible/cache.go:1099 +0xdb

goroutine 3032 [select]:
github.com/patrickmn/go-cache.(*janitor).Run(0xc0024031a0, 0xc0031a1980)
	/home/mariell/go/pkg/mod/github.com/patrickmn/go-cache@v2.1.0+incompatible/cache.go:1079 +0x7b
created by github.com/patrickmn/go-cache.runJanitor in goroutine 1617
	/home/mariell/go/pkg/mod/github.com/patrickmn/go-cache@v2.1.0+incompatible/cache.go:1099 +0xdb

goroutine 3110 [select]:
github.com/patrickmn/go-cache.(*janitor).Run(0xc0007f9970, 0xc001c51600)
	/home/mariell/go/pkg/mod/github.com/patrickmn/go-cache@v2.1.0+incompatible/cache.go:1079 +0x7b
created by github.com/patrickmn/go-cache.runJanitor in goroutine 1617
	/home/mariell/go/pkg/mod/github.com/patrickmn/go-cache@v2.1.0+incompatible/cache.go:1099 +0xdb

goroutine 3112 [select]:
github.com/patrickmn/go-cache.(*janitor).Run(0xc0005daa00, 0xc001c51dc0)
	/home/mariell/go/pkg/mod/github.com/patrickmn/go-cache@v2.1.0+incompatible/cache.go:1079 +0x7b
created by github.com/patrickmn/go-cache.runJanitor in goroutine 1617
	/home/mariell/go/pkg/mod/github.com/patrickmn/go-cache@v2.1.0+incompatible/cache.go:1099 +0xdb

goroutine 3363 [chan receive (nil chan)]:
k8s.io/apiserver/pkg/server.preparedGenericAPIServer.RunWithContext({0xc0016984d0?}, {0xa9d1d00, 0xc0023b7a40})
	/home/mariell/go/pkg/mod/k8s.io/apiserver@v0.32.1/pkg/server/genericapiserver.go:710 +0x9c5
github.com/grafana/grafana/pkg/services/apiserver.(*service).startCoreServer.func1()
	/home/mariell/work/oss/grafana/pkg/services/apiserver/service.go:448 +0x28
created by github.com/grafana/grafana/pkg/services/apiserver.(*service).startCoreServer in goroutine 3214
	/home/mariell/work/oss/grafana/pkg/services/apiserver/service.go:447 +0x125

goroutine 3329 [select]:
k8s.io/apimachinery/pkg/util/wait.BackoffUntil(0xc004167e00, {0xa95ac00, 0xc003382810}, 0x1, 0xc004168310)
	/home/mariell/go/pkg/mod/k8s.io/apimachinery@v0.32.1/pkg/util/wait/backoff.go:238 +0x12c
k8s.io/apimachinery/pkg/util/wait.JitterUntil(0xc004167e00, 0x3b9aca00, 0x3ff3333333333333, 0x1, 0xc004168310)
	/home/mariell/go/pkg/mod/k8s.io/apimachinery@v0.32.1/pkg/util/wait/backoff.go:204 +0x7f
created by k8s.io/apiserver/pkg/registry/generic/registry.(*Store).startObservingCount in goroutine 3214
	/home/mariell/go/pkg/mod/k8s.io/apiserver@v0.32.1/pkg/registry/generic/registry/store.go:1666 +0x2f9

goroutine 24450 [chan receive]:
github.com/grafana/grafana/pkg/storage/unified/resource.(*server).initWatcher.func1.1()
	/home/mariell/work/oss/grafana/pkg/storage/unified/resource/server.go:922 +0x58
created by github.com/grafana/grafana/pkg/storage/unified/resource.(*server).initWatcher.func1 in goroutine 23614
	/home/mariell/work/oss/grafana/pkg/storage/unified/resource/server.go:921 +0xaa

goroutine 43630 [sync.Cond.Wait]:
sync.runtime_notifyListWait(0xc00d19c890, 0x15)
	/usr/lib/go/src/runtime/sema.go:597 +0x159
sync.(*Cond).Wait(0x0?)
	/usr/lib/go/src/sync/cond.go:71 +0x85
github.com/centrifugal/centrifuge/internal/dissolve.(*queueImpl).Wait(0xc015e6a930)
	/home/mariell/go/pkg/mod/github.com/centrifugal/centrifuge@v0.33.3/internal/dissolve/queue.go:139 +0x4a
github.com/centrifugal/centrifuge/internal/dissolve.(*Dissolver).runWorker(0xc0132189d8)
	/home/mariell/go/pkg/mod/github.com/centrifugal/centrifuge@v0.33.3/internal/dissolve/dissolve.go:52 +0x27
created by github.com/centrifugal/centrifuge/internal/dissolve.(*Dissolver).Run in goroutine 42495
	/home/mariell/go/pkg/mod/github.com/centrifugal/centrifuge@v0.33.3/internal/dissolve/dissolve.go:31 +0x25

goroutine 24421 [select]:
net/http.(*persistConn).writeLoop(0xc005b06000)
	/usr/lib/go/src/net/http/transport.go:2590 +0xe7
created by net/http.(*Transport).dialConn in goroutine 22788
	/usr/lib/go/src/net/http/transport.go:1945 +0x17a5

goroutine 23851 [select]:
github.com/patrickmn/go-cache.(*janitor).Run(0xc00f6d5490, 0xc00cfe9c00)
	/home/mariell/go/pkg/mod/github.com/patrickmn/go-cache@v2.1.0+incompatible/cache.go:1079 +0x7b
created by github.com/patrickmn/go-cache.runJanitor in goroutine 22319
	/home/mariell/go/pkg/mod/github.com/patrickmn/go-cache@v2.1.0+incompatible/cache.go:1099 +0xdb

goroutine 7426 [sync.Cond.Wait]:
sync.runtime_notifyListWait(0xc0088a2350, 0x13)
	/usr/lib/go/src/runtime/sema.go:597 +0x159
sync.(*Cond).Wait(0x0?)
	/usr/lib/go/src/sync/cond.go:71 +0x85
github.com/centrifugal/centrifuge/internal/dissolve.(*queueImpl).Wait(0xc0088a0620)
	/home/mariell/go/pkg/mod/github.com/centrifugal/centrifuge@v0.33.3/internal/dissolve/queue.go:139 +0x4a
github.com/centrifugal/centrifuge/internal/dissolve.(*Dissolver).runWorker(0xc001ba2798)
	/home/mariell/go/pkg/mod/github.com/centrifugal/centrifuge@v0.33.3/internal/dissolve/dissolve.go:52 +0x27
created by github.com/centrifugal/centrifuge/internal/dissolve.(*Dissolver).Run in goroutine 6291
	/home/mariell/go/pkg/mod/github.com/centrifugal/centrifuge@v0.33.3/internal/dissolve/dissolve.go:31 +0x25

goroutine 3388 [select]:
k8s.io/apimachinery/pkg/util/wait.BackoffUntil(0xc0043ee340, {0xa95ac00, 0xc003382840}, 0x1, 0xc0041c19d0)
	/home/mariell/go/pkg/mod/k8s.io/apimachinery@v0.32.1/pkg/util/wait/backoff.go:238 +0x12c
k8s.io/apimachinery/pkg/util/wait.JitterUntil(0xc0043ee340, 0x3b9aca00, 0x3ff3333333333333, 0x1, 0xc0041c19d0)
	/home/mariell/go/pkg/mod/k8s.io/apimachinery@v0.32.1/pkg/util/wait/backoff.go:204 +0x7f
created by k8s.io/apiserver/pkg/registry/generic/registry.(*Store).startObservingCount in goroutine 3214
	/home/mariell/go/pkg/mod/k8s.io/apiserver@v0.32.1/pkg/registry/generic/registry/store.go:1666 +0x2f9

goroutine 14848 [sync.Cond.Wait]:
sync.runtime_notifyListWait(0xc00cfe9cd0, 0x4)
	/usr/lib/go/src/runtime/sema.go:597 +0x159
sync.(*Cond).Wait(0x0?)
	/usr/lib/go/src/sync/cond.go:71 +0x85
github.com/centrifugal/centrifuge/internal/dissolve.(*queueImpl).Wait(0xc00c22f1f0)
	/home/mariell/go/pkg/mod/github.com/centrifugal/centrifuge@v0.33.3/internal/dissolve/queue.go:139 +0x4a
github.com/centrifugal/centrifuge/internal/dissolve.(*Dissolver).runWorker(0xc0034e9ed8)
	/home/mariell/go/pkg/mod/github.com/centrifugal/centrifuge@v0.33.3/internal/dissolve/dissolve.go:52 +0x27
created by github.com/centrifugal/centrifuge/internal/dissolve.(*Dissolver).Run in goroutine 13738
	/home/mariell/go/pkg/mod/github.com/centrifugal/centrifuge@v0.33.3/internal/dissolve/dissolve.go:31 +0x25

goroutine 24004 [sync.Cond.Wait]:
sync.runtime_notifyListWait(0xc0142c1350, 0x3)
	/usr/lib/go/src/runtime/sema.go:597 +0x159
sync.(*Cond).Wait(0x0?)
	/usr/lib/go/src/sync/cond.go:71 +0x85
github.com/centrifugal/centrifuge/internal/dissolve.(*queueImpl).Wait(0xc012834b60)
	/home/mariell/go/pkg/mod/github.com/centrifugal/centrifuge@v0.33.3/internal/dissolve/queue.go:139 +0x4a
github.com/centrifugal/centrifuge/internal/dissolve.(*Dissolver).runWorker(0xc010117b90)
	/home/mariell/go/pkg/mod/github.com/centrifugal/centrifuge@v0.33.3/internal/dissolve/dissolve.go:52 +0x27
created by github.com/centrifugal/centrifuge/internal/dissolve.(*Dissolver).Run in goroutine 22319
	/home/mariell/go/pkg/mod/github.com/centrifugal/centrifuge@v0.33.3/internal/dissolve/dissolve.go:31 +0x25

goroutine 25585 [sync.Cond.Wait]:
sync.runtime_notifyListWait(0xc012bf5590, 0x3a)
	/usr/lib/go/src/runtime/sema.go:597 +0x159
sync.(*Cond).Wait(0x0?)
	/usr/lib/go/src/sync/cond.go:71 +0x85
github.com/centrifugal/centrifuge/internal/dissolve.(*queueImpl).Wait(0xc013b4b110)
	/home/mariell/go/pkg/mod/github.com/centrifugal/centrifuge@v0.33.3/internal/dissolve/queue.go:139 +0x4a
github.com/centrifugal/centrifuge/internal/dissolve.(*Dissolver).runWorker(0xc00faede18)
	/home/mariell/go/pkg/mod/github.com/centrifugal/centrifuge@v0.33.3/internal/dissolve/dissolve.go:52 +0x27
created by github.com/centrifugal/centrifuge/internal/dissolve.(*Dissolver).Run in goroutine 24436
	/home/mariell/go/pkg/mod/github.com/centrifugal/centrifuge@v0.33.3/internal/dissolve/dissolve.go:31 +0x25

goroutine 28384 [select]:
github.com/patrickmn/go-cache.(*janitor).Run(0xc002dcf7b0, 0xc000442340)
	/home/mariell/go/pkg/mod/github.com/patrickmn/go-cache@v2.1.0+incompatible/cache.go:1079 +0x7b
created by github.com/patrickmn/go-cache.runJanitor in goroutine 27309
	/home/mariell/go/pkg/mod/github.com/patrickmn/go-cache@v2.1.0+incompatible/cache.go:1099 +0xdb

goroutine 24001 [select]:
github.com/centrifugal/centrifuge.(*Node).updateMetrics(0xc00a5ddb08)
	/home/mariell/go/pkg/mod/github.com/centrifugal/centrifuge@v0.33.3/node.go:335 +0x85
created by github.com/centrifugal/centrifuge.(*Node).Run in goroutine 22319
	/home/mariell/go/pkg/mod/github.com/centrifugal/centrifuge@v0.33.3/node.go:262 +0x2a5

goroutine 24038 [sync.Cond.Wait]:
sync.runtime_notifyListWait(0xc0142c1350, 0x25)
	/usr/lib/go/src/runtime/sema.go:597 +0x159
sync.(*Cond).Wait(0xc013b6a7d0?)
	/usr/lib/go/src/sync/cond.go:71 +0x85
github.com/centrifugal/centrifuge/internal/dissolve.(*queueImpl).Wait(0xc012834b60)
	/home/mariell/go/pkg/mod/github.com/centrifugal/centrifuge@v0.33.3/internal/dissolve/queue.go:139 +0x4a
github.com/centrifugal/centrifuge/internal/dissolve.(*Dissolver).runWorker(0xc010117b90)
	/home/mariell/go/pkg/mod/github.com/centrifugal/centrifuge@v0.33.3/internal/dissolve/dissolve.go:52 +0x27
created by github.com/centrifugal/centrifuge/internal/dissolve.(*Dissolver).Run in goroutine 22319
	/home/mariell/go/pkg/mod/github.com/centrifugal/centrifuge@v0.33.3/internal/dissolve/dissolve.go:31 +0x25

goroutine 26996 [select]:
github.com/centrifugal/centrifuge.(*MemoryBroker).expireResultCache(0xc00db7bb80)
	/home/mariell/go/pkg/mod/github.com/centrifugal/centrifuge@v0.33.3/broker_memory.go:160 +0x68
created by github.com/centrifugal/centrifuge.(*MemoryBroker).Run in goroutine 24637
	/home/mariell/go/pkg/mod/github.com/centrifugal/centrifuge@v0.33.3/broker_memory.go:73 +0x7f

goroutine 23999 [select]:
github.com/centrifugal/centrifuge.(*Node).sendNodePing(0xc00a5ddb08)
	/home/mariell/go/pkg/mod/github.com/centrifugal/centrifuge@v0.33.3/node.go:380 +0x85
created by github.com/centrifugal/centrifuge.(*Node).Run in goroutine 22319
	/home/mariell/go/pkg/mod/github.com/centrifugal/centrifuge@v0.33.3/node.go:260 +0x225

goroutine 22797 [select]:
k8s.io/apimachinery/pkg/util/wait.BackoffUntil(0xc01342f0c0, {0xa95ac00, 0xc0131f60c0}, 0x1, 0xc01339aaf0)
	/home/mariell/go/pkg/mod/k8s.io/apimachinery@v0.32.1/pkg/util/wait/backoff.go:238 +0x12c
k8s.io/apimachinery/pkg/util/wait.JitterUntil(0xc01342f0c0, 0x3b9aca00, 0x3ff3333333333333, 0x1, 0xc01339aaf0)
	/home/mariell/go/pkg/mod/k8s.io/apimachinery@v0.32.1/pkg/util/wait/backoff.go:204 +0x7f
created by k8s.io/apiserver/pkg/registry/generic/registry.(*Store).startObservingCount in goroutine 23614
	/home/mariell/go/pkg/mod/k8s.io/apiserver@v0.32.1/pkg/registry/generic/registry/store.go:1666 +0x2f9

goroutine 24002 [sync.Cond.Wait]:
sync.runtime_notifyListWait(0xc0142c1350, 0x1)
	/usr/lib/go/src/runtime/sema.go:597 +0x159
sync.(*Cond).Wait(0x0?)
	/usr/lib/go/src/sync/cond.go:71 +0x85
github.com/centrifugal/centrifuge/internal/dissolve.(*queueImpl).Wait(0xc012834b60)
	/home/mariell/go/pkg/mod/github.com/centrifugal/centrifuge@v0.33.3/internal/dissolve/queue.go:139 +0x4a
github.com/centrifugal/centrifuge/internal/dissolve.(*Dissolver).runWorker(0xc010117b90)
	/home/mariell/go/pkg/mod/github.com/centrifugal/centrifuge@v0.33.3/internal/dissolve/dissolve.go:52 +0x27
created by github.com/centrifugal/centrifuge/internal/dissolve.(*Dissolver).Run in goroutine 22319
	/home/mariell/go/pkg/mod/github.com/centrifugal/centrifuge@v0.33.3/internal/dissolve/dissolve.go:31 +0x25

goroutine 27029 [sync.Cond.Wait]:
sync.runtime_notifyListWait(0xc00d5304d0, 0x15)
	/usr/lib/go/src/runtime/sema.go:597 +0x159
sync.(*Cond).Wait(0xc00cd5afd0?)
	/usr/lib/go/src/sync/cond.go:71 +0x85
github.com/centrifugal/centrifuge/internal/dissolve.(*queueImpl).Wait(0xc00dc00930)
	/home/mariell/go/pkg/mod/github.com/centrifugal/centrifuge@v0.33.3/internal/dissolve/queue.go:139 +0x4a
github.com/centrifugal/centrifuge/internal/dissolve.(*Dissolver).runWorker(0xc0128109a8)
	/home/mariell/go/pkg/mod/github.com/centrifugal/centrifuge@v0.33.3/internal/dissolve/dissolve.go:52 +0x27
created by github.com/centrifugal/centrifuge/internal/dissolve.(*Dissolver).Run in goroutine 24637
	/home/mariell/go/pkg/mod/github.com/centrifugal/centrifuge@v0.33.3/internal/dissolve/dissolve.go:31 +0x25

goroutine 3387 [select]:
k8s.io/apimachinery/pkg/util/wait.BackoffUntil(0xc0043ee200, {0xa95ac00, 0xc0033621e0}, 0x1, 0xc0041c1960)
	/home/mariell/go/pkg/mod/k8s.io/apimachinery@v0.32.1/pkg/util/wait/backoff.go:238 +0x12c
k8s.io/apimachinery/pkg/util/wait.JitterUntil(0xc0043ee200, 0x3b9aca00, 0x3ff3333333333333, 0x1, 0xc0041c1960)
	/home/mariell/go/pkg/mod/k8s.io/apimachinery@v0.32.1/pkg/util/wait/backoff.go:204 +0x7f
created by k8s.io/apiserver/pkg/registry/generic/registry.(*Store).startObservingCount in goroutine 3214
	/home/mariell/go/pkg/mod/k8s.io/apiserver@v0.32.1/pkg/registry/generic/registry/store.go:1666 +0x2f9

goroutine 3299 [IO wait]:
internal/poll.runtime_pollWait(0x7775618b91a8, 0x72)
	/usr/lib/go/src/runtime/netpoll.go:351 +0x85
internal/poll.(*pollDesc).wait(0xc001d14480?, 0xc003676000?, 0x0)
	/usr/lib/go/src/internal/poll/fd_poll_runtime.go:84 +0x27
internal/poll.(*pollDesc).waitRead(...)
	/usr/lib/go/src/internal/poll/fd_poll_runtime.go:89
internal/poll.(*FD).Read(0xc001d14480, {0xc003676000, 0x1300, 0x1300})
	/usr/lib/go/src/internal/poll/fd_unix.go:165 +0x27a
net.(*netFD).Read(0xc001d14480, {0xc003676000?, 0xc003676000?, 0x5?})
	/usr/lib/go/src/net/fd_posix.go:55 +0x25
net.(*conn).Read(0xc002650388, {0xc003676000?, 0x77756005f8c8?, 0x7775a8b293e8?})
	/usr/lib/go/src/net/net.go:194 +0x45
crypto/tls.(*atLeastReader).Read(0xc00356d6f8, {0xc003676000?, 0x12fb?, 0xc002a069e8?})
	/usr/lib/go/src/crypto/tls/conn.go:809 +0x3b
bytes.(*Buffer).ReadFrom(0xc001e2fb38, {0xa94e300, 0xc00356d6f8})
	/usr/lib/go/src/bytes/buffer.go:211 +0x98
crypto/tls.(*Conn).readFromUntil(0xc001e2f888, {0xa94dc00, 0xc002650388}, 0x444af4?)
	/usr/lib/go/src/crypto/tls/conn.go:831 +0xde
crypto/tls.(*Conn).readRecordOrCCS(0xc001e2f888, 0x0)
	/usr/lib/go/src/crypto/tls/conn.go:629 +0x3cf
crypto/tls.(*Conn).readRecord(...)
	/usr/lib/go/src/crypto/tls/conn.go:591
crypto/tls.(*Conn).Read(0xc001e2f888, {0xc0033f5000, 0x1000, 0xc00263e2a0?})
	/usr/lib/go/src/crypto/tls/conn.go:1385 +0x145
net/http.(*persistConn).Read(0xc003760360, {0xc0033f5000?, 0x81fe45?, 0xa94be80?})
	/usr/lib/go/src/net/http/transport.go:2122 +0x47
bufio.(*Reader).fill(0xc00217f560)
	/usr/lib/go/src/bufio/bufio.go:113 +0x103
bufio.(*Reader).Peek(0xc00217f560, 0x1)
	/usr/lib/go/src/bufio/bufio.go:152 +0x53
net/http.(*persistConn).readLoop(0xc003760360)
	/usr/lib/go/src/net/http/transport.go:2275 +0x172
created by net/http.(*Transport).dialConn in goroutine 3119
	/usr/lib/go/src/net/http/transport.go:1944 +0x174f

goroutine 4332 [sync.Cond.Wait]:
sync.runtime_notifyListWait(0xc0030e6090, 0x4)
	/usr/lib/go/src/runtime/sema.go:597 +0x159
sync.(*Cond).Wait(0x0?)
	/usr/lib/go/src/sync/cond.go:71 +0x85
github.com/centrifugal/centrifuge/internal/dissolve.(*queueImpl).Wait(0xc005443c00)
	/home/mariell/go/pkg/mod/github.com/centrifugal/centrifuge@v0.33.3/internal/dissolve/queue.go:139 +0x4a
github.com/centrifugal/centrifuge/internal/dissolve.(*Dissolver).runWorker(0xc004694a20)
	/home/mariell/go/pkg/mod/github.com/centrifugal/centrifuge@v0.33.3/internal/dissolve/dissolve.go:52 +0x27
created by github.com/centrifugal/centrifuge/internal/dissolve.(*Dissolver).Run in goroutine 3352
	/home/mariell/go/pkg/mod/github.com/centrifugal/centrifuge@v0.33.3/internal/dissolve/dissolve.go:31 +0x25

goroutine 3385 [select]:
k8s.io/apimachinery/pkg/util/wait.BackoffUntil(0xc0041a1340, {0xa95ac00, 0xc00355c000}, 0x1, 0xc004168ee0)
	/home/mariell/go/pkg/mod/k8s.io/apimachinery@v0.32.1/pkg/util/wait/backoff.go:238 +0x12c
k8s.io/apimachinery/pkg/util/wait.JitterUntil(0xc0041a1340, 0x3b9aca00, 0x3ff3333333333333, 0x1, 0xc004168ee0)
	/home/mariell/go/pkg/mod/k8s.io/apimachinery@v0.32.1/pkg/util/wait/backoff.go:204 +0x7f
created by k8s.io/apiserver/pkg/registry/generic/registry.(*Store).startObservingCount in goroutine 3214
	/home/mariell/go/pkg/mod/k8s.io/apiserver@v0.32.1/pkg/registry/generic/registry/store.go:1666 +0x2f9

goroutine 3378 [chan receive]:
github.com/grafana/grafana/pkg/registry/apis/dashboard/legacy.(*dashboardSqlAccess).WatchWriteEvents.func1()
	/home/mariell/work/oss/grafana/pkg/registry/apis/dashboard/legacy/storage.go:238 +0x50
created by github.com/grafana/grafana/pkg/registry/apis/dashboard/legacy.(*dashboardSqlAccess).WatchWriteEvents in goroutine 3214
	/home/mariell/work/oss/grafana/pkg/registry/apis/dashboard/legacy/storage.go:236 +0x1b6

goroutine 3379 [chan receive]:
github.com/grafana/grafana/pkg/storage/unified/resource.(*server).initWatcher.func1.1()
	/home/mariell/work/oss/grafana/pkg/storage/unified/resource/server.go:922 +0x58
created by github.com/grafana/grafana/pkg/storage/unified/resource.(*server).initWatcher.func1 in goroutine 3214
	/home/mariell/work/oss/grafana/pkg/storage/unified/resource/server.go:921 +0xaa

goroutine 3380 [select]:
github.com/grafana/grafana/pkg/storage/unified/resource.(*cache[...]).run(0xc0025b6580)
	/home/mariell/work/oss/grafana/pkg/storage/unified/resource/broadcaster.go:291 +0xb0
created by github.com/grafana/grafana/pkg/storage/unified/resource.newChannelCache[...] in goroutine 3214
	/home/mariell/work/oss/grafana/pkg/storage/unified/resource/broadcaster.go:276 +0x189

goroutine 3381 [select]:
github.com/grafana/grafana/pkg/storage/unified/resource.(*broadcaster[...]).stream(0xab113a0, 0xc0017f85b0)
	/home/mariell/work/oss/grafana/pkg/storage/unified/resource/broadcaster.go:205 +0x13d
created by github.com/grafana/grafana/pkg/storage/unified/resource.(*broadcaster[...]).init in goroutine 3214
	/home/mariell/work/oss/grafana/pkg/storage/unified/resource/broadcaster.go:177 +0x219

goroutine 3382 [select]:
k8s.io/apimachinery/pkg/util/wait.BackoffUntil(0xc0041a1040, {0xa95ac00, 0xc002c53e60}, 0x1, 0xc004168d90)
	/home/mariell/go/pkg/mod/k8s.io/apimachinery@v0.32.1/pkg/util/wait/backoff.go:238 +0x12c
k8s.io/apimachinery/pkg/util/wait.JitterUntil(0xc0041a1040, 0x3b9aca00, 0x3ff3333333333333, 0x1, 0xc004168d90)
	/home/mariell/go/pkg/mod/k8s.io/apimachinery@v0.32.1/pkg/util/wait/backoff.go:204 +0x7f
created by k8s.io/apiserver/pkg/registry/generic/registry.(*Store).startObservingCount in goroutine 3214
	/home/mariell/go/pkg/mod/k8s.io/apiserver@v0.32.1/pkg/registry/generic/registry/store.go:1666 +0x2f9

goroutine 3383 [select]:
k8s.io/apimachinery/pkg/util/wait.BackoffUntil(0xc0041a1140, {0xa95ac00, 0xc002c53d40}, 0x1, 0xc004168e00)
	/home/mariell/go/pkg/mod/k8s.io/apimachinery@v0.32.1/pkg/util/wait/backoff.go:238 +0x12c
k8s.io/apimachinery/pkg/util/wait.JitterUntil(0xc0041a1140, 0x3b9aca00, 0x3ff3333333333333, 0x1, 0xc004168e00)
	/home/mariell/go/pkg/mod/k8s.io/apimachinery@v0.32.1/pkg/util/wait/backoff.go:204 +0x7f
created by k8s.io/apiserver/pkg/registry/generic/registry.(*Store).startObservingCount in goroutine 3214
	/home/mariell/go/pkg/mod/k8s.io/apiserver@v0.32.1/pkg/registry/generic/registry/store.go:1666 +0x2f9

goroutine 3300 [select]:
net/http.(*persistConn).writeLoop(0xc003760360)
	/usr/lib/go/src/net/http/transport.go:2590 +0xe7
created by net/http.(*Transport).dialConn in goroutine 3119
	/usr/lib/go/src/net/http/transport.go:1945 +0x17a5

goroutine 48660 [select]:
net/http.(*persistConn).writeLoop(0xc0275566c0)
	/usr/lib/go/src/net/http/transport.go:2590 +0xe7
created by net/http.(*Transport).dialConn in goroutine 47806
	/usr/lib/go/src/net/http/transport.go:1945 +0x17a5

goroutine 6119 [select]:
k8s.io/apimachinery/pkg/util/wait.BackoffUntil(0xc002cf9600, {0xa95ac00, 0xc0063f2030}, 0x1, 0xc005d1c0e0)
	/home/mariell/go/pkg/mod/k8s.io/apimachinery@v0.32.1/pkg/util/wait/backoff.go:238 +0x12c
k8s.io/apimachinery/pkg/util/wait.JitterUntil(0xc002cf9600, 0x3b9aca00, 0x3ff3333333333333, 0x1, 0xc005d1c0e0)
	/home/mariell/go/pkg/mod/k8s.io/apimachinery@v0.32.1/pkg/util/wait/backoff.go:204 +0x7f
created by k8s.io/apiserver/pkg/registry/generic/registry.(*Store).startObservingCount in goroutine 6087
	/home/mariell/go/pkg/mod/k8s.io/apiserver@v0.32.1/pkg/registry/generic/registry/store.go:1666 +0x2f9

goroutine 4458 [sync.Cond.Wait]:
sync.runtime_notifyListWait(0xc0030e6090, 0x12)
	/usr/lib/go/src/runtime/sema.go:597 +0x159
sync.(*Cond).Wait(0xc0022167d0?)
	/usr/lib/go/src/sync/cond.go:71 +0x85
github.com/centrifugal/centrifuge/internal/dissolve.(*queueImpl).Wait(0xc005443c00)
	/home/mariell/go/pkg/mod/github.com/centrifugal/centrifuge@v0.33.3/internal/dissolve/queue.go:139 +0x4a
github.com/centrifugal/centrifuge/internal/dissolve.(*Dissolver).runWorker(0xc004694a20)
	/home/mariell/go/pkg/mod/github.com/centrifugal/centrifuge@v0.33.3/internal/dissolve/dissolve.go:52 +0x27
created by github.com/centrifugal/centrifuge/internal/dissolve.(*Dissolver).Run in goroutine 3352
	/home/mariell/go/pkg/mod/github.com/centrifugal/centrifuge@v0.33.3/internal/dissolve/dissolve.go:31 +0x25

goroutine 4740 [select]:
github.com/grafana/grafana/pkg/util/ticker.(*T).run(0xc00597ad20)
	/home/mariell/work/oss/grafana/pkg/util/ticker/ticker.go:59 +0x2c5
created by github.com/grafana/grafana/pkg/util/ticker.New in goroutine 4710
	/home/mariell/work/oss/grafana/pkg/util/ticker/ticker.go:40 +0x1e6

goroutine 40562 [sync.Cond.Wait]:
sync.runtime_notifyListWait(0xc0228a0b10, 0x1c)
	/usr/lib/go/src/runtime/sema.go:597 +0x159
sync.(*Cond).Wait(0x0?)
	/usr/lib/go/src/sync/cond.go:71 +0x85
github.com/centrifugal/centrifuge/internal/dissolve.(*queueImpl).Wait(0xc0228cc690)
	/home/mariell/go/pkg/mod/github.com/centrifugal/centrifuge@v0.33.3/internal/dissolve/queue.go:139 +0x4a
github.com/centrifugal/centrifuge/internal/dissolve.(*Dissolver).runWorker(0xc015fedd58)
	/home/mariell/go/pkg/mod/github.com/centrifugal/centrifuge@v0.33.3/internal/dissolve/dissolve.go:52 +0x27
created by github.com/centrifugal/centrifuge/internal/dissolve.(*Dissolver).Run in goroutine 36287
	/home/mariell/go/pkg/mod/github.com/centrifugal/centrifuge@v0.33.3/internal/dissolve/dissolve.go:31 +0x25

goroutine 18317 [select]:
net/http.(*persistConn).writeLoop(0xc005655b00)
	/usr/lib/go/src/net/http/transport.go:2590 +0xe7
created by net/http.(*Transport).dialConn in goroutine 18283
	/usr/lib/go/src/net/http/transport.go:1945 +0x17a5

goroutine 4432 [select]:
github.com/FZambia/eagle.(*Eagle).aggregate(0xc0054e6c40)
	/home/mariell/go/pkg/mod/github.com/!f!zambia/eagle@v0.1.0/eagle.go:210 +0x6d
created by github.com/FZambia/eagle.New in goroutine 3352
	/home/mariell/go/pkg/mod/github.com/!f!zambia/eagle@v0.1.0/eagle.go:66 +0x176

goroutine 11985 [sync.Cond.Wait]:
sync.runtime_notifyListWait(0xc0082fe010, 0x1b)
	/usr/lib/go/src/runtime/sema.go:597 +0x159
sync.(*Cond).Wait(0x0?)
	/usr/lib/go/src/sync/cond.go:71 +0x85
github.com/centrifugal/centrifuge/internal/dissolve.(*queueImpl).Wait(0xc0088a18f0)
	/home/mariell/go/pkg/mod/github.com/centrifugal/centrifuge@v0.33.3/internal/dissolve/queue.go:139 +0x4a
github.com/centrifugal/centrifuge/internal/dissolve.(*Dissolver).runWorker(0xc003c41ef0)
	/home/mariell/go/pkg/mod/github.com/centrifugal/centrifuge@v0.33.3/internal/dissolve/dissolve.go:52 +0x27
created by github.com/centrifugal/centrifuge/internal/dissolve.(*Dissolver).Run in goroutine 10841
	/home/mariell/go/pkg/mod/github.com/centrifugal/centrifuge@v0.33.3/internal/dissolve/dissolve.go:31 +0x25

goroutine 3404 [select]:
github.com/patrickmn/go-cache.(*janitor).Run(0xc001f92f70, 0xc00218ee40)
	/home/mariell/go/pkg/mod/github.com/patrickmn/go-cache@v2.1.0+incompatible/cache.go:1079 +0x7b
created by github.com/patrickmn/go-cache.runJanitor in goroutine 3352
	/home/mariell/go/pkg/mod/github.com/patrickmn/go-cache@v2.1.0+incompatible/cache.go:1099 +0xdb

goroutine 14855 [sync.Cond.Wait]:
sync.runtime_notifyListWait(0xc00cfe9cd0, 0xb)
	/usr/lib/go/src/runtime/sema.go:597 +0x159
sync.(*Cond).Wait(0x0?)
	/usr/lib/go/src/sync/cond.go:71 +0x85
github.com/centrifugal/centrifuge/internal/dissolve.(*queueImpl).Wait(0xc00c22f1f0)
	/home/mariell/go/pkg/mod/github.com/centrifugal/centrifuge@v0.33.3/internal/dissolve/queue.go:139 +0x4a
github.com/centrifugal/centrifuge/internal/dissolve.(*Dissolver).runWorker(0xc0034e9ed8)
	/home/mariell/go/pkg/mod/github.com/centrifugal/centrifuge@v0.33.3/internal/dissolve/dissolve.go:52 +0x27
created by github.com/centrifugal/centrifuge/internal/dissolve.(*Dissolver).Run in goroutine 13738
	/home/mariell/go/pkg/mod/github.com/centrifugal/centrifuge@v0.33.3/internal/dissolve/dissolve.go:31 +0x25

goroutine 3407 [select]:
github.com/patrickmn/go-cache.(*janitor).Run(0xc001f93350, 0xc00218ef00)
	/home/mariell/go/pkg/mod/github.com/patrickmn/go-cache@v2.1.0+incompatible/cache.go:1079 +0x7b
created by github.com/patrickmn/go-cache.runJanitor in goroutine 3352
	/home/mariell/go/pkg/mod/github.com/patrickmn/go-cache@v2.1.0+incompatible/cache.go:1099 +0xdb

goroutine 7383 [select]:
github.com/centrifugal/centrifuge.(*historyHub).expireStreams(0xc008216080)
	/home/mariell/go/pkg/mod/github.com/centrifugal/centrifuge@v0.33.3/broker_memory.go:298 +0x75
created by github.com/centrifugal/centrifuge.(*historyHub).runCleanups in goroutine 6291
	/home/mariell/go/pkg/mod/github.com/centrifugal/centrifuge@v0.33.3/broker_memory.go:252 +0x56

goroutine 22867 [select]:
net/http.(*persistConn).writeLoop(0xc00e77c000)
	/usr/lib/go/src/net/http/transport.go:2590 +0xe7
created by net/http.(*Transport).dialConn in goroutine 19835
	/usr/lib/go/src/net/http/transport.go:1945 +0x17a5

goroutine 11775 [IO wait]:
internal/poll.runtime_pollWait(0x7775593b8c50, 0x72)
	/usr/lib/go/src/runtime/netpoll.go:351 +0x85
internal/poll.(*pollDesc).wait(0xc005be9a00?, 0xc007099900?, 0x0)
	/usr/lib/go/src/internal/poll/fd_poll_runtime.go:84 +0x27
internal/poll.(*pollDesc).waitRead(...)
	/usr/lib/go/src/internal/poll/fd_poll_runtime.go:89
internal/poll.(*FD).Read(0xc005be9a00, {0xc007099900, 0x1300, 0x1300})
	/usr/lib/go/src/internal/poll/fd_unix.go:165 +0x27a
net.(*netFD).Read(0xc005be9a00, {0xc007099900?, 0x0?, 0x1c00473f400?})
	/usr/lib/go/src/net/fd_posix.go:55 +0x25
net.(*conn).Read(0xc00ebe8a00, {0xc007099900?, 0x777560088ef0?, 0x7775a8b285c0?})
	/usr/lib/go/src/net/net.go:194 +0x45
crypto/tls.(*atLeastReader).Read(0xc004c58e88, {0xc007099900?, 0x4247a5?, 0x0?})
	/usr/lib/go/src/crypto/tls/conn.go:809 +0x3b
bytes.(*Buffer).ReadFrom(0xc003c28638, {0xa94e300, 0xc004c58e88})
	/usr/lib/go/src/bytes/buffer.go:211 +0x98
crypto/tls.(*Conn).readFromUntil(0xc003c28388, {0xa94dc00, 0xc00ebe8a00}, 0x444af4?)
	/usr/lib/go/src/crypto/tls/conn.go:831 +0xde
crypto/tls.(*Conn).readRecordOrCCS(0xc003c28388, 0x0)
	/usr/lib/go/src/crypto/tls/conn.go:629 +0x3cf
crypto/tls.(*Conn).readRecord(...)
	/usr/lib/go/src/crypto/tls/conn.go:591
crypto/tls.(*Conn).Read(0xc003c28388, {0xc00433d000, 0x1000, 0x7775a8b285c0?})
	/usr/lib/go/src/crypto/tls/conn.go:1385 +0x145
net/http.(*persistConn).Read(0xc004caafc0, {0xc00433d000?, 0x4141c5?, 0x68?})
	/usr/lib/go/src/net/http/transport.go:2122 +0x47
bufio.(*Reader).fill(0xc00815c8a0)
	/usr/lib/go/src/bufio/bufio.go:113 +0x103
bufio.(*Reader).Peek(0xc00815c8a0, 0x1)
	/usr/lib/go/src/bufio/bufio.go:152 +0x53
net/http.(*persistConn).readLoop(0xc004caafc0)
	/usr/lib/go/src/net/http/transport.go:2275 +0x172
created by net/http.(*Transport).dialConn in goroutine 12231
	/usr/lib/go/src/net/http/transport.go:1944 +0x174f

goroutine 7703 [select]:
net/http.(*persistConn).writeLoop(0xc0035ea000)
	/usr/lib/go/src/net/http/transport.go:2590 +0xe7
created by net/http.(*Transport).dialConn in goroutine 6247
	/usr/lib/go/src/net/http/transport.go:1945 +0x17a5

goroutine 6093 [select]:
net/http.(*persistConn).writeLoop(0xc0033bea20)
	/usr/lib/go/src/net/http/transport.go:2590 +0xe7
created by net/http.(*Transport).dialConn in goroutine 2768
	/usr/lib/go/src/net/http/transport.go:1945 +0x17a5

goroutine 3370 [chan receive (nil chan)]:
k8s.io/apiserver/pkg/server.preparedGenericAPIServer.RunWithContext.func5()
	/home/mariell/go/pkg/mod/k8s.io/apiserver@v0.32.1/pkg/server/genericapiserver.go:598 +0x37
created by k8s.io/apiserver/pkg/server.preparedGenericAPIServer.RunWithContext in goroutine 3363
	/home/mariell/go/pkg/mod/k8s.io/apiserver@v0.32.1/pkg/server/genericapiserver.go:597 +0x60b

goroutine 6078 [select]:
net/http.(*persistConn).writeLoop(0xc003761e60)
	/usr/lib/go/src/net/http/transport.go:2590 +0xe7
created by net/http.(*Transport).dialConn in goroutine 6066
	/usr/lib/go/src/net/http/transport.go:1945 +0x17a5

goroutine 4437 [select]:
net/http.(*Transport).getConn(0x100d9fe0, 0xc048eda3c0, {{}, 0x0, {0xc048ede0f0, 0x4}, {0xc048c75af0, 0xf}, 0x0})
	/usr/lib/go/src/net/http/transport.go:1520 +0x4ae
net/http.(*Transport).roundTrip(0x100d9fe0, 0xc045bcd2c0)
	/usr/lib/go/src/net/http/transport.go:685 +0xb57
net/http.(*Transport).RoundTrip(0xc03e569008?, 0xa94cca0?)
	/usr/lib/go/src/net/http/roundtrip.go:30 +0x13
net/http.send(0xc045bcd2c0, {0xa94cca0, 0x100d9fe0}, {0x6f6501?, 0xc048ede0f7?, 0x0?})
	/usr/lib/go/src/net/http/client.go:259 +0x5e2
net/http.(*Client).send(0x11a6bc60, 0xc045bcd2c0, {0xb?, 0x1?, 0x0?})
	/usr/lib/go/src/net/http/client.go:180 +0x91
net/http.(*Client).do(0x11a6bc60, 0xc045bcd2c0)
	/usr/lib/go/src/net/http/client.go:728 +0x989
net/http.(*Client).Do(...)
	/usr/lib/go/src/net/http/client.go:587
net/http.(*Client).Get(0x11a6bc60, {0xc048ede0f0?, 0xc0170ff858?})
	/usr/lib/go/src/net/http/client.go:484 +0x5f
net/http.Get(...)
	/usr/lib/go/src/net/http/client.go:453
github.com/grafana/grafana/pkg/tests/testinfra.StartGrafanaEnv(0xc005c94000, {0xc006a41540, 0x3a}, {0xc024dd6690, 0x48})
	/home/mariell/work/oss/grafana/pkg/tests/testinfra/testinfra.go:136 +0xb85
github.com/grafana/grafana/pkg/tests/api/alerting.TestIntegrationAlertmanagerCreateSilence(0xc005c94000)
	/home/mariell/work/oss/grafana/pkg/tests/api/alerting/api_alertmanager_test.go:414 +0x85
testing.tRunner(0xc005c94000, 0x9e55a08)
	/usr/lib/go/src/testing/testing.go:1792 +0xf4
created by testing.(*T).Run in goroutine 1
	/usr/lib/go/src/testing/testing.go:1851 +0x413

goroutine 7599 [select]:
github.com/patrickmn/go-cache.(*janitor).Run(0xc0026e7410, 0xc0043cbe00)
	/home/mariell/go/pkg/mod/github.com/patrickmn/go-cache@v2.1.0+incompatible/cache.go:1079 +0x7b
created by github.com/patrickmn/go-cache.runJanitor in goroutine 6291
	/home/mariell/go/pkg/mod/github.com/patrickmn/go-cache@v2.1.0+incompatible/cache.go:1099 +0xdb

goroutine 3351 [runnable]:
text/template/parse.(*Tree).peek(0xc010646fc0?)
	/usr/lib/go/src/text/template/parse/parse.go:101 +0x15c
text/template/parse.(*Tree).operand(0xc010646fc0)
	/usr/lib/go/src/text/template/parse/parse.go:730 +0x4d
text/template/parse.(*Tree).command(0xc010646fc0)
	/usr/lib/go/src/text/template/parse/parse.go:696 +0x14d
text/template/parse.(*Tree).pipeline(0xc010646fc0, {0x951f189, 0x7}, 0x10)
	/usr/lib/go/src/text/template/parse/parse.go:502 +0xc69
text/template/parse.(*Tree).action(0xc010646fc0)
	/usr/lib/go/src/text/template/parse/parse.go:418 +0x277
text/template/parse.(*Tree).textOrAction(0xc010646fc0)
	/usr/lib/go/src/text/template/parse/parse.go:374 +0x230
text/template/parse.(*Tree).itemList(0xc010646fc0)
	/usr/lib/go/src/text/template/parse/parse.go:353 +0x1b3
text/template/parse.(*Tree).parseControl(0xc010646fc0, {0x95164f0, 0x5})
	/usr/lib/go/src/text/template/parse/parse.go:531 +0x111
text/template/parse.(*Tree).rangeControl(0xc010646fc0)
	/usr/lib/go/src/text/template/parse/parse.go:583 +0x28
text/template/parse.(*Tree).action(0xc010646fc0)
	/usr/lib/go/src/text/template/parse/parse.go:409 +0x1cb
text/template/parse.(*Tree).textOrAction(0xc010646fc0)
	/usr/lib/go/src/text/template/parse/parse.go:374 +0x230
text/template/parse.(*Tree).itemList(0xc010646fc0)
	/usr/lib/go/src/text/template/parse/parse.go:353 +0x1b3
text/template/parse.(*Tree).parseControl(0xc010646fc0, {0x9512fdb, 0x2})
	/usr/lib/go/src/text/template/parse/parse.go:531 +0x111
text/template/parse.(*Tree).ifControl(0xc010646fc0)
	/usr/lib/go/src/text/template/parse/parse.go:573 +0x28
text/template/parse.(*Tree).action(0xc010646fc0)
	/usr/lib/go/src/text/template/parse/parse.go:407 +0x1b5
text/template/parse.(*Tree).textOrAction(0xc010646fc0)
	/usr/lib/go/src/text/template/parse/parse.go:374 +0x230
text/template/parse.(*Tree).itemList(0xc010646fc0)
	/usr/lib/go/src/text/template/parse/parse.go:353 +0x1b3
text/template/parse.(*Tree).parseControl(0xc010646fc0, {0x9512fdb, 0x2})
	/usr/lib/go/src/text/template/parse/parse.go:557 +0x717
text/template/parse.(*Tree).ifControl(0xc010646fc0)
	/usr/lib/go/src/text/template/parse/parse.go:573 +0x28
text/template/parse.(*Tree).action(0xc010646fc0)
	/usr/lib/go/src/text/template/parse/parse.go:407 +0x1b5
text/template/parse.(*Tree).textOrAction(0xc010646fc0)
	/usr/lib/go/src/text/template/parse/parse.go:374 +0x230
text/template/parse.(*Tree).parse(0xc010646fc0)
	/usr/lib/go/src/text/template/parse/parse.go:315 +0x4cb
text/template/parse.(*Tree).Parse(0xc010646fc0, {0xc049ba8000, 0x17210}, {0x0?, 0xc041af64f8?}, {0x0?, 0x10?}, 0xc049b837d0, {0xc0493429e0, 0x2, ...})
	/usr/lib/go/src/text/template/parse/parse.go:251 +0x23b
text/template/parse.Parse({0xc048991fd8, 0x1a}, {0xc049ba8000, 0x17210}, {0x0, 0x0}, {0x0, 0x0}, {0xc0493429e0, 0x2, ...})
	/usr/lib/go/src/text/template/parse/parse.go:66 +0x125
text/template.(*Template).Parse(0xc049321d00, {0xc049ba8000, 0x17210})
	/usr/lib/go/src/text/template/template.go:207 +0x72a
html/template.(*Template).Parse(0xc049b83770, {0xc049ba8000, 0x17210})
	/usr/lib/go/src/html/template/template.go:191 +0x7f
html/template.parseFiles(0xc049339680, 0x9e58150, {0xc034828000, 0xb, 0x2?})
	/usr/lib/go/src/html/template/template.go:430 +0x176
html/template.parseGlob(0xc049339680, {0xc018f66d80, 0x5e})
	/usr/lib/go/src/html/template/template.go:477 +0xbc
html/template.(*Template).ParseGlob(...)
	/usr/lib/go/src/html/template/template.go:462
github.com/grafana/grafana/pkg/services/notifications.ProvideService({0xa977980, 0xc026658ea0}, 0xc00965e808, {0xa94df20, 0xc043519b20}, {0x77756006be70, 0xc04932de20})
	/home/mariell/work/oss/grafana/pkg/services/notifications/notifications.go:80 +0x696
github.com/grafana/grafana/pkg/server.InitializeForTest({0xa9e3920, 0xc001c9e8c0}, 0xc00965e808, {{0xc013e4e8c0, 0x49}, {0x0, 0x0}, {0x0, 0x0}, {0x0, ...}, ...}, ...)
	/home/mariell/work/oss/grafana/pkg/server/wire_gen.go:1015 +0x4808
github.com/grafana/grafana/pkg/tests/testinfra.StartGrafanaEnv(0xc001c9e8c0, {0xc013e4e8c0, 0x49}, {0xc027a42b40, 0x57})
	/home/mariell/work/oss/grafana/pkg/tests/testinfra/testinfra.go:83 +0x565
github.com/grafana/grafana/pkg/tests/api/alerting.TestIntegrationAlertmanagerConfigurationPersistSecrets(0xc001c9e8c0)
	/home/mariell/work/oss/grafana/pkg/tests/api/alerting/api_alertmanager_configuration_test.go:409 +0x105
testing.tRunner(0xc001c9e8c0, 0x9e55a00)
	/usr/lib/go/src/testing/testing.go:1792 +0xf4
created by testing.(*T).Run in goroutine 1
	/usr/lib/go/src/testing/testing.go:1851 +0x413

goroutine 4436 [runnable]:
internal/sync.runtime_SemacquireMutex(0xc047e53048?, 0x52?, 0x7774f4076ad8?)
	/usr/lib/go/src/runtime/sema.go:95 +0x25
internal/sync.(*Mutex).lockSlow(0xc047e78f00)
	/usr/lib/go/src/internal/sync/mutex.go:149 +0x15d
internal/sync.(*Mutex).Lock(...)
	/usr/lib/go/src/internal/sync/mutex.go:70
sync.(*Mutex).Lock(...)
	/usr/lib/go/src/sync/mutex.go:46
html/template.(*Template).New(0xc00935cf00?, {0xc00935cf3f, 0x13})
	/usr/lib/go/src/html/template/template.go:305 +0x5f
html/template.parseFiles(0xc047f84240, 0x9e58150, {0xc033602100, 0xb, 0x2?})
	/usr/lib/go/src/html/template/template.go:428 +0x167
html/template.parseGlob(0xc047f84240, {0xc026c060a0, 0x45})
	/usr/lib/go/src/html/template/template.go:477 +0xbc
html/template.(*Template).ParseGlob(...)
	/usr/lib/go/src/html/template/template.go:462
github.com/grafana/grafana/pkg/services/notifications.ProvideService({0xa977980, 0xc02431aac8}, 0xc028046008, {0xa94df20, 0xc044c75340}, {0x77756006be70, 0xc047f82090})
	/home/mariell/work/oss/grafana/pkg/services/notifications/notifications.go:80 +0x696
github.com/grafana/grafana/pkg/server.InitializeForTest({0xa9e3920, 0xc0022f5dc0}, 0xc028046008, {{0xc0276497a0, 0x30}, {0x0, 0x0}, {0x0, 0x0}, {0x0, ...}, ...}, ...)
	/home/mariell/work/oss/grafana/pkg/server/wire_gen.go:1015 +0x4808
github.com/grafana/grafana/pkg/tests/testinfra.StartGrafanaEnv(0xc0022f5dc0, {0xc0276497a0, 0x30}, {0xc01d302380, 0x3e})
	/home/mariell/work/oss/grafana/pkg/tests/testinfra/testinfra.go:83 +0x565
github.com/grafana/grafana/pkg/tests/api/alerting.TestIntegrationAMConfigAccess(0xc0022f5dc0)
	/home/mariell/work/oss/grafana/pkg/tests/api/alerting/api_alertmanager_test.go:41 +0x105
testing.tRunner(0xc0022f5dc0, 0x9e559a8)
	/usr/lib/go/src/testing/testing.go:1792 +0xf4
created by testing.(*T).Run in goroutine 1
	/usr/lib/go/src/testing/testing.go:1851 +0x413

goroutine 5646 [select]:
github.com/patrickmn/go-cache.(*janitor).Run(0xc0035f8a60, 0xc001c203c0)
	/home/mariell/go/pkg/mod/github.com/patrickmn/go-cache@v2.1.0+incompatible/cache.go:1079 +0x7b
created by github.com/patrickmn/go-cache.runJanitor in goroutine 4441
	/home/mariell/go/pkg/mod/github.com/patrickmn/go-cache@v2.1.0+incompatible/cache.go:1099 +0xdb

goroutine 5691 [select]:
github.com/grafana/grafana/pkg/storage/unified/resource.(*cache[...]).run(0xc002452200)
	/home/mariell/work/oss/grafana/pkg/storage/unified/resource/broadcaster.go:291 +0xb0
created by github.com/grafana/grafana/pkg/storage/unified/resource.newChannelCache[...] in goroutine 4441
	/home/mariell/work/oss/grafana/pkg/storage/unified/resource/broadcaster.go:276 +0x189

goroutine 12079 [select]:
github.com/patrickmn/go-cache.(*janitor).Run(0xc009f86150, 0xc002596700)
	/home/mariell/go/pkg/mod/github.com/patrickmn/go-cache@v2.1.0+incompatible/cache.go:1079 +0x7b
created by github.com/patrickmn/go-cache.runJanitor in goroutine 10841
	/home/mariell/go/pkg/mod/github.com/patrickmn/go-cache@v2.1.0+incompatible/cache.go:1099 +0xdb

goroutine 30106 [sync.Cond.Wait]:
sync.runtime_notifyListWait(0xc0029f6450, 0x22)
	/usr/lib/go/src/runtime/sema.go:597 +0x159
sync.(*Cond).Wait(0x0?)
	/usr/lib/go/src/sync/cond.go:71 +0x85
github.com/centrifugal/centrifuge/internal/dissolve.(*queueImpl).Wait(0xc00ccdc000)
	/home/mariell/go/pkg/mod/github.com/centrifugal/centrifuge@v0.33.3/internal/dissolve/queue.go:139 +0x4a
github.com/centrifugal/centrifuge/internal/dissolve.(*Dissolver).runWorker(0xc00e0b3c50)
	/home/mariell/go/pkg/mod/github.com/centrifugal/centrifuge@v0.33.3/internal/dissolve/dissolve.go:52 +0x27
created by github.com/centrifugal/centrifuge/internal/dissolve.(*Dissolver).Run in goroutine 28801
	/home/mariell/go/pkg/mod/github.com/centrifugal/centrifuge@v0.33.3/internal/dissolve/dissolve.go:31 +0x25

goroutine 5689 [chan receive]:
github.com/grafana/grafana/pkg/storage/unified/sql.(*channelNotifier).notify.func1()
	/home/mariell/work/oss/grafana/pkg/storage/unified/sql/notifier.go:87 +0x39
created by github.com/grafana/grafana/pkg/storage/unified/sql.(*channelNotifier).notify in goroutine 4441
	/home/mariell/work/oss/grafana/pkg/storage/unified/sql/notifier.go:86 +0xdb

goroutine 4326 [select]:
github.com/centrifugal/centrifuge.(*Node).sendNodePing(0xc003612d88)
	/home/mariell/go/pkg/mod/github.com/centrifugal/centrifuge@v0.33.3/node.go:380 +0x85
created by github.com/centrifugal/centrifuge.(*Node).Run in goroutine 3352
	/home/mariell/go/pkg/mod/github.com/centrifugal/centrifuge@v0.33.3/node.go:260 +0x225

goroutine 4471 [sync.Cond.Wait]:
sync.runtime_notifyListWait(0xc0030e6090, 0x1f)
	/usr/lib/go/src/runtime/sema.go:597 +0x159
sync.(*Cond).Wait(0xc001f2a7d0?)
	/usr/lib/go/src/sync/cond.go:71 +0x85
github.com/centrifugal/centrifuge/internal/dissolve.(*queueImpl).Wait(0xc005443c00)
	/home/mariell/go/pkg/mod/github.com/centrifugal/centrifuge@v0.33.3/internal/dissolve/queue.go:139 +0x4a
github.com/centrifugal/centrifuge/internal/dissolve.(*Dissolver).runWorker(0xc004694a20)
	/home/mariell/go/pkg/mod/github.com/centrifugal/centrifuge@v0.33.3/internal/dissolve/dissolve.go:52 +0x27
created by github.com/centrifugal/centrifuge/internal/dissolve.(*Dissolver).Run in goroutine 3352
	/home/mariell/go/pkg/mod/github.com/centrifugal/centrifuge@v0.33.3/internal/dissolve/dissolve.go:31 +0x25

goroutine 7827 [select]:
k8s.io/apimachinery/pkg/util/wait.BackoffUntil(0xc00359b340, {0xa95ac00, 0xc002ea21e0}, 0x1, 0xc001d9e2a0)
	/home/mariell/go/pkg/mod/k8s.io/apimachinery@v0.32.1/pkg/util/wait/backoff.go:238 +0x12c
k8s.io/apimachinery/pkg/util/wait.JitterUntil(0xc00359b340, 0x3b9aca00, 0x3ff3333333333333, 0x1, 0xc001d9e2a0)
	/home/mariell/go/pkg/mod/k8s.io/apimachinery@v0.32.1/pkg/util/wait/backoff.go:204 +0x7f
created by k8s.io/apiserver/pkg/registry/generic/registry.(*Store).startObservingCount in goroutine 7699
	/home/mariell/go/pkg/mod/k8s.io/apiserver@v0.32.1/pkg/registry/generic/registry/store.go:1666 +0x2f9

goroutine 4283 [chan receive]:
github.com/grafana/grafana/pkg/storage/unified/sql.(*channelNotifier).notify.func1()
	/home/mariell/work/oss/grafana/pkg/storage/unified/sql/notifier.go:87 +0x39
created by github.com/grafana/grafana/pkg/storage/unified/sql.(*channelNotifier).notify in goroutine 3352
	/home/mariell/work/oss/grafana/pkg/storage/unified/sql/notifier.go:86 +0xdb

goroutine 4284 [chan receive]:
github.com/grafana/grafana/pkg/storage/unified/resource.(*server).initWatcher.func1.1()
	/home/mariell/work/oss/grafana/pkg/storage/unified/resource/server.go:922 +0x58
created by github.com/grafana/grafana/pkg/storage/unified/resource.(*server).initWatcher.func1 in goroutine 3352
	/home/mariell/work/oss/grafana/pkg/storage/unified/resource/server.go:921 +0xaa

goroutine 4453 [sync.Cond.Wait]:
sync.runtime_notifyListWait(0xc0030e6090, 0xd)
	/usr/lib/go/src/runtime/sema.go:597 +0x159
sync.(*Cond).Wait(0x0?)
	/usr/lib/go/src/sync/cond.go:71 +0x85
github.com/centrifugal/centrifuge/internal/dissolve.(*queueImpl).Wait(0xc005443c00)
	/home/mariell/go/pkg/mod/github.com/centrifugal/centrifuge@v0.33.3/internal/dissolve/queue.go:139 +0x4a
github.com/centrifugal/centrifuge/internal/dissolve.(*Dissolver).runWorker(0xc004694a20)
	/home/mariell/go/pkg/mod/github.com/centrifugal/centrifuge@v0.33.3/internal/dissolve/dissolve.go:52 +0x27
created by github.com/centrifugal/centrifuge/internal/dissolve.(*Dissolver).Run in goroutine 3352
	/home/mariell/go/pkg/mod/github.com/centrifugal/centrifuge@v0.33.3/internal/dissolve/dissolve.go:31 +0x25

goroutine 11987 [sync.Cond.Wait]:
sync.runtime_notifyListWait(0xc0082fe010, 0x1d)
	/usr/lib/go/src/runtime/sema.go:597 +0x159
sync.(*Cond).Wait(0x0?)
	/usr/lib/go/src/sync/cond.go:71 +0x85
github.com/centrifugal/centrifuge/internal/dissolve.(*queueImpl).Wait(0xc0088a18f0)
	/home/mariell/go/pkg/mod/github.com/centrifugal/centrifuge@v0.33.3/internal/dissolve/queue.go:139 +0x4a
github.com/centrifugal/centrifuge/internal/dissolve.(*Dissolver).runWorker(0xc003c41ef0)
	/home/mariell/go/pkg/mod/github.com/centrifugal/centrifuge@v0.33.3/internal/dissolve/dissolve.go:52 +0x27
created by github.com/centrifugal/centrifuge/internal/dissolve.(*Dissolver).Run in goroutine 10841
	/home/mariell/go/pkg/mod/github.com/centrifugal/centrifuge@v0.33.3/internal/dissolve/dissolve.go:31 +0x25

goroutine 7421 [sync.Cond.Wait]:
sync.runtime_notifyListWait(0xc0088a2350, 0x27)
	/usr/lib/go/src/runtime/sema.go:597 +0x159
sync.(*Cond).Wait(0x0?)
	/usr/lib/go/src/sync/cond.go:71 +0x85
github.com/centrifugal/centrifuge/internal/dissolve.(*queueImpl).Wait(0xc0088a0620)
	/home/mariell/go/pkg/mod/github.com/centrifugal/centrifuge@v0.33.3/internal/dissolve/queue.go:139 +0x4a
github.com/centrifugal/centrifuge/internal/dissolve.(*Dissolver).runWorker(0xc001ba2798)
	/home/mariell/go/pkg/mod/github.com/centrifugal/centrifuge@v0.33.3/internal/dissolve/dissolve.go:52 +0x27
created by github.com/centrifugal/centrifuge/internal/dissolve.(*Dissolver).Run in goroutine 6291
	/home/mariell/go/pkg/mod/github.com/centrifugal/centrifuge@v0.33.3/internal/dissolve/dissolve.go:31 +0x25

goroutine 5649 [select]:
github.com/patrickmn/go-cache.(*janitor).Run(0xc0035f9180, 0xc001c20700)
	/home/mariell/go/pkg/mod/github.com/patrickmn/go-cache@v2.1.0+incompatible/cache.go:1079 +0x7b
created by github.com/patrickmn/go-cache.runJanitor in goroutine 4441
	/home/mariell/go/pkg/mod/github.com/patrickmn/go-cache@v2.1.0+incompatible/cache.go:1099 +0xdb

goroutine 4430 [select]:
github.com/centrifugal/centrifuge.(*historyHub).expireStreams(0xc0053ffd00)
	/home/mariell/go/pkg/mod/github.com/centrifugal/centrifuge@v0.33.3/broker_memory.go:298 +0x75
created by github.com/centrifugal/centrifuge.(*historyHub).runCleanups in goroutine 3352
	/home/mariell/go/pkg/mod/github.com/centrifugal/centrifuge@v0.33.3/broker_memory.go:252 +0x56

goroutine 22505 [sync.Cond.Wait]:
sync.runtime_notifyListWait(0xc00a914410, 0x23)
	/usr/lib/go/src/runtime/sema.go:597 +0x159
sync.(*Cond).Wait(0x0?)
	/usr/lib/go/src/sync/cond.go:71 +0x85
github.com/centrifugal/centrifuge/internal/dissolve.(*queueImpl).Wait(0xc00de6dab0)
	/home/mariell/go/pkg/mod/github.com/centrifugal/centrifuge@v0.33.3/internal/dissolve/queue.go:139 +0x4a
github.com/centrifugal/centrifuge/internal/dissolve.(*Dissolver).runWorker(0xc00e20d1e8)
	/home/mariell/go/pkg/mod/github.com/centrifugal/centrifuge@v0.33.3/internal/dissolve/dissolve.go:52 +0x27
created by github.com/centrifugal/centrifuge/internal/dissolve.(*Dissolver).Run in goroutine 21352
	/home/mariell/go/pkg/mod/github.com/centrifugal/centrifuge@v0.33.3/internal/dissolve/dissolve.go:31 +0x25

goroutine 4337 [sync.Cond.Wait]:
sync.runtime_notifyListWait(0xc0030e6090, 0x9)
	/usr/lib/go/src/runtime/sema.go:597 +0x159
sync.(*Cond).Wait(0x0?)
	/usr/lib/go/src/sync/cond.go:71 +0x85
github.com/centrifugal/centrifuge/internal/dissolve.(*queueImpl).Wait(0xc005443c00)
	/home/mariell/go/pkg/mod/github.com/centrifugal/centrifuge@v0.33.3/internal/dissolve/queue.go:139 +0x4a
github.com/centrifugal/centrifuge/internal/dissolve.(*Dissolver).runWorker(0xc004694a20)
	/home/mariell/go/pkg/mod/github.com/centrifugal/centrifuge@v0.33.3/internal/dissolve/dissolve.go:52 +0x27
created by github.com/centrifugal/centrifuge/internal/dissolve.(*Dissolver).Run in goroutine 3352
	/home/mariell/go/pkg/mod/github.com/centrifugal/centrifuge@v0.33.3/internal/dissolve/dissolve.go:31 +0x25

goroutine 4472 [sync.Cond.Wait]:
sync.runtime_notifyListWait(0xc0030e6090, 0x20)
	/usr/lib/go/src/runtime/sema.go:597 +0x159
sync.(*Cond).Wait(0xc001f307d0?)
	/usr/lib/go/src/sync/cond.go:71 +0x85
github.com/centrifugal/centrifuge/internal/dissolve.(*queueImpl).Wait(0xc005443c00)
	/home/mariell/go/pkg/mod/github.com/centrifugal/centrifuge@v0.33.3/internal/dissolve/queue.go:139 +0x4a
github.com/centrifugal/centrifuge/internal/dissolve.(*Dissolver).runWorker(0xc004694a20)
	/home/mariell/go/pkg/mod/github.com/centrifugal/centrifuge@v0.33.3/internal/dissolve/dissolve.go:52 +0x27
created by github.com/centrifugal/centrifuge/internal/dissolve.(*Dissolver).Run in goroutine 3352
	/home/mariell/go/pkg/mod/github.com/centrifugal/centrifuge@v0.33.3/internal/dissolve/dissolve.go:31 +0x25

goroutine 13480 [sync.Cond.Wait]:
sync.runtime_notifyListWait(0xc00359a490, 0xa)
	/usr/lib/go/src/runtime/sema.go:597 +0x159
sync.(*Cond).Wait(0x0?)
	/usr/lib/go/src/sync/cond.go:71 +0x85
github.com/centrifugal/centrifuge/internal/dissolve.(*queueImpl).Wait(0xc0071d3500)
	/home/mariell/go/pkg/mod/github.com/centrifugal/centrifuge@v0.33.3/internal/dissolve/queue.go:139 +0x4a
github.com/centrifugal/centrifuge/internal/dissolve.(*Dissolver).runWorker(0xc008da47c8)
	/home/mariell/go/pkg/mod/github.com/centrifugal/centrifuge@v0.33.3/internal/dissolve/dissolve.go:52 +0x27
created by github.com/centrifugal/centrifuge/internal/dissolve.(*Dissolver).Run in goroutine 12330
	/home/mariell/go/pkg/mod/github.com/centrifugal/centrifuge@v0.33.3/internal/dissolve/dissolve.go:31 +0x25

goroutine 8852 [select]:
github.com/patrickmn/go-cache.(*janitor).Run(0xc008cd6570, 0xc00279d980)
	/home/mariell/go/pkg/mod/github.com/patrickmn/go-cache@v2.1.0+incompatible/cache.go:1079 +0x7b
created by github.com/patrickmn/go-cache.runJanitor in goroutine 7705
	/home/mariell/go/pkg/mod/github.com/patrickmn/go-cache@v2.1.0+incompatible/cache.go:1099 +0xdb

goroutine 4331 [sync.Cond.Wait]:
sync.runtime_notifyListWait(0xc0030e6090, 0x3)
	/usr/lib/go/src/runtime/sema.go:597 +0x159
sync.(*Cond).Wait(0x0?)
	/usr/lib/go/src/sync/cond.go:71 +0x85
github.com/centrifugal/centrifuge/internal/dissolve.(*queueImpl).Wait(0xc005443c00)
	/home/mariell/go/pkg/mod/github.com/centrifugal/centrifuge@v0.33.3/internal/dissolve/queue.go:139 +0x4a
github.com/centrifugal/centrifuge/internal/dissolve.(*Dissolver).runWorker(0xc004694a20)
	/home/mariell/go/pkg/mod/github.com/centrifugal/centrifuge@v0.33.3/internal/dissolve/dissolve.go:52 +0x27
created by github.com/centrifugal/centrifuge/internal/dissolve.(*Dissolver).Run in goroutine 3352
	/home/mariell/go/pkg/mod/github.com/centrifugal/centrifuge@v0.33.3/internal/dissolve/dissolve.go:31 +0x25

goroutine 6120 [select]:
k8s.io/apimachinery/pkg/util/wait.BackoffUntil(0xc002cf97c0, {0xa95ac00, 0xc0063f2000}, 0x1, 0xc005d1c150)
	/home/mariell/go/pkg/mod/k8s.io/apimachinery@v0.32.1/pkg/util/wait/backoff.go:238 +0x12c
k8s.io/apimachinery/pkg/util/wait.JitterUntil(0xc002cf97c0, 0x3b9aca00, 0x3ff3333333333333, 0x1, 0xc005d1c150)
	/home/mariell/go/pkg/mod/k8s.io/apimachinery@v0.32.1/pkg/util/wait/backoff.go:204 +0x7f
created by k8s.io/apiserver/pkg/registry/generic/registry.(*Store).startObservingCount in goroutine 6087
	/home/mariell/go/pkg/mod/k8s.io/apiserver@v0.32.1/pkg/registry/generic/registry/store.go:1666 +0x2f9

goroutine 6122 [select]:
k8s.io/apimachinery/pkg/util/wait.BackoffUntil(0xc003e27140, {0xa95ac00, 0xc0063f2090}, 0x1, 0xc005d1dc00)
	/home/mariell/go/pkg/mod/k8s.io/apimachinery@v0.32.1/pkg/util/wait/backoff.go:238 +0x12c
k8s.io/apimachinery/pkg/util/wait.JitterUntil(0xc003e27140, 0x3b9aca00, 0x3ff3333333333333, 0x1, 0xc005d1dc00)
	/home/mariell/go/pkg/mod/k8s.io/apimachinery@v0.32.1/pkg/util/wait/backoff.go:204 +0x7f
created by k8s.io/apiserver/pkg/registry/generic/registry.(*Store).startObservingCount in goroutine 6087
	/home/mariell/go/pkg/mod/k8s.io/apiserver@v0.32.1/pkg/registry/generic/registry/store.go:1666 +0x2f9

goroutine 5692 [select]:
github.com/grafana/grafana/pkg/storage/unified/resource.(*broadcaster[...]).stream(0xab113a0, 0xc006b560e0)
	/home/mariell/work/oss/grafana/pkg/storage/unified/resource/broadcaster.go:205 +0x13d
created by github.com/grafana/grafana/pkg/storage/unified/resource.(*broadcaster[...]).init in goroutine 4441
	/home/mariell/work/oss/grafana/pkg/storage/unified/resource/broadcaster.go:177 +0x219

goroutine 28983 [select]:
database/sql.(*DB).connectionCleaner(0xc01af5edd0, 0xc01af75490?)
	/usr/lib/go/src/database/sql/sql.go:1104 +0x9c
created by database/sql.(*DB).startCleanerLocked in goroutine 28801
	/usr/lib/go/src/database/sql/sql.go:1091 +0x105

goroutine 6127 [select]:
github.com/grafana/grafana/pkg/storage/unified/resource.(*broadcaster[...]).stream(0xab113a0, 0xc003200770)
	/home/mariell/work/oss/grafana/pkg/storage/unified/resource/broadcaster.go:205 +0x13d
created by github.com/grafana/grafana/pkg/storage/unified/resource.(*broadcaster[...]).init in goroutine 6087
	/home/mariell/work/oss/grafana/pkg/storage/unified/resource/broadcaster.go:177 +0x219

goroutine 6076 [select]:
net/http.(*persistConn).writeLoop(0xc0033bf680)
	/usr/lib/go/src/net/http/transport.go:2590 +0xe7
created by net/http.(*Transport).dialConn in goroutine 6085
	/usr/lib/go/src/net/http/transport.go:1945 +0x17a5

goroutine 4446 [select]:
github.com/patrickmn/go-cache.(*janitor).Run(0xc00299f1e0, 0xc004906a80)
	/home/mariell/go/pkg/mod/github.com/patrickmn/go-cache@v2.1.0+incompatible/cache.go:1079 +0x7b
created by github.com/patrickmn/go-cache.runJanitor in goroutine 4441
	/home/mariell/go/pkg/mod/github.com/patrickmn/go-cache@v2.1.0+incompatible/cache.go:1099 +0xdb

goroutine 10254 [select]:
github.com/patrickmn/go-cache.(*janitor).Run(0xc0066549d0, 0xc006d01840)
	/home/mariell/go/pkg/mod/github.com/patrickmn/go-cache@v2.1.0+incompatible/cache.go:1079 +0x7b
created by github.com/patrickmn/go-cache.runJanitor in goroutine 9307
	/home/mariell/go/pkg/mod/github.com/patrickmn/go-cache@v2.1.0+incompatible/cache.go:1099 +0xdb

goroutine 6124 [chan receive]:
github.com/grafana/grafana/pkg/registry/apis/dashboard/legacy.(*dashboardSqlAccess).WatchWriteEvents.func1()
	/home/mariell/work/oss/grafana/pkg/registry/apis/dashboard/legacy/storage.go:238 +0x50
created by github.com/grafana/grafana/pkg/registry/apis/dashboard/legacy.(*dashboardSqlAccess).WatchWriteEvents in goroutine 6087
	/home/mariell/work/oss/grafana/pkg/registry/apis/dashboard/legacy/storage.go:236 +0x1b6

goroutine 7404 [sync.Cond.Wait]:
sync.runtime_notifyListWait(0xc0088a2350, 0xc)
	/usr/lib/go/src/runtime/sema.go:597 +0x159
sync.(*Cond).Wait(0x0?)
	/usr/lib/go/src/sync/cond.go:71 +0x85
github.com/centrifugal/centrifuge/internal/dissolve.(*queueImpl).Wait(0xc0088a0620)
	/home/mariell/go/pkg/mod/github.com/centrifugal/centrifuge@v0.33.3/internal/dissolve/queue.go:139 +0x4a
github.com/centrifugal/centrifuge/internal/dissolve.(*Dissolver).runWorker(0xc001ba2798)
	/home/mariell/go/pkg/mod/github.com/centrifugal/centrifuge@v0.33.3/internal/dissolve/dissolve.go:52 +0x27
created by github.com/centrifugal/centrifuge/internal/dissolve.(*Dissolver).Run in goroutine 6291
	/home/mariell/go/pkg/mod/github.com/centrifugal/centrifuge@v0.33.3/internal/dissolve/dissolve.go:31 +0x25

goroutine 6129 [select]:
k8s.io/apimachinery/pkg/util/wait.BackoffUntil(0xc003a2da80, {0xa95ac00, 0xc0063f2120}, 0x1, 0xc001fb0d90)
	/home/mariell/go/pkg/mod/k8s.io/apimachinery@v0.32.1/pkg/util/wait/backoff.go:238 +0x12c
k8s.io/apimachinery/pkg/util/wait.JitterUntil(0xc003a2da80, 0x3b9aca00, 0x3ff3333333333333, 0x1, 0xc001fb0d90)
	/home/mariell/go/pkg/mod/k8s.io/apimachinery@v0.32.1/pkg/util/wait/backoff.go:204 +0x7f
created by k8s.io/apiserver/pkg/registry/generic/registry.(*Store).startObservingCount in goroutine 6087
	/home/mariell/go/pkg/mod/k8s.io/apiserver@v0.32.1/pkg/registry/generic/registry/store.go:1666 +0x2f9

goroutine 6121 [select]:
k8s.io/apimachinery/pkg/util/wait.BackoffUntil(0xc002cf9900, {0xa95ac00, 0xc0063f2060}, 0x1, 0xc005d1c1c0)
	/home/mariell/go/pkg/mod/k8s.io/apimachinery@v0.32.1/pkg/util/wait/backoff.go:238 +0x12c
k8s.io/apimachinery/pkg/util/wait.JitterUntil(0xc002cf9900, 0x3b9aca00, 0x3ff3333333333333, 0x1, 0xc005d1c1c0)
	/home/mariell/go/pkg/mod/k8s.io/apimachinery@v0.32.1/pkg/util/wait/backoff.go:204 +0x7f
created by k8s.io/apiserver/pkg/registry/generic/registry.(*Store).startObservingCount in goroutine 6087
	/home/mariell/go/pkg/mod/k8s.io/apiserver@v0.32.1/pkg/registry/generic/registry/store.go:1666 +0x2f9

goroutine 7837 [chan receive (nil chan)]:
k8s.io/apiserver/pkg/server.preparedGenericAPIServer.RunWithContext({0xa9d1cc8?}, {0xa9d1d00, 0xc002b09310})
	/home/mariell/go/pkg/mod/k8s.io/apiserver@v0.32.1/pkg/server/genericapiserver.go:710 +0x9c5
github.com/grafana/grafana/pkg/services/apiserver.(*service).startCoreServer.func1()
	/home/mariell/work/oss/grafana/pkg/services/apiserver/service.go:448 +0x28
created by github.com/grafana/grafana/pkg/services/apiserver.(*service).startCoreServer in goroutine 7699
	/home/mariell/work/oss/grafana/pkg/services/apiserver/service.go:447 +0x125

goroutine 30329 [select]:
github.com/grafana/grafana/pkg/storage/unified/resource.(*cache[...]).run(0xc012d95480)
	/home/mariell/work/oss/grafana/pkg/storage/unified/resource/broadcaster.go:291 +0xb0
created by github.com/grafana/grafana/pkg/storage/unified/resource.newChannelCache[...] in goroutine 30322
	/home/mariell/work/oss/grafana/pkg/storage/unified/resource/broadcaster.go:276 +0x189

goroutine 4463 [sync.Cond.Wait]:
sync.runtime_notifyListWait(0xc0030e6090, 0x17)
	/usr/lib/go/src/runtime/sema.go:597 +0x159
sync.(*Cond).Wait(0x0?)
	/usr/lib/go/src/sync/cond.go:71 +0x85
github.com/centrifugal/centrifuge/internal/dissolve.(*queueImpl).Wait(0xc005443c00)
	/home/mariell/go/pkg/mod/github.com/centrifugal/centrifuge@v0.33.3/internal/dissolve/queue.go:139 +0x4a
github.com/centrifugal/centrifuge/internal/dissolve.(*Dissolver).runWorker(0xc004694a20)
	/home/mariell/go/pkg/mod/github.com/centrifugal/centrifuge@v0.33.3/internal/dissolve/dissolve.go:52 +0x27
created by github.com/centrifugal/centrifuge/internal/dissolve.(*Dissolver).Run in goroutine 3352
	/home/mariell/go/pkg/mod/github.com/centrifugal/centrifuge@v0.33.3/internal/dissolve/dissolve.go:31 +0x25

goroutine 4469 [sync.Cond.Wait]:
sync.runtime_notifyListWait(0xc0030e6090, 0x1d)
	/usr/lib/go/src/runtime/sema.go:597 +0x159
sync.(*Cond).Wait(0x0?)
	/usr/lib/go/src/sync/cond.go:71 +0x85
github.com/centrifugal/centrifuge/internal/dissolve.(*queueImpl).Wait(0xc005443c00)
	/home/mariell/go/pkg/mod/github.com/centrifugal/centrifuge@v0.33.3/internal/dissolve/queue.go:139 +0x4a
github.com/centrifugal/centrifuge/internal/dissolve.(*Dissolver).runWorker(0xc004694a20)
	/home/mariell/go/pkg/mod/github.com/centrifugal/centrifuge@v0.33.3/internal/dissolve/dissolve.go:52 +0x27
created by github.com/centrifugal/centrifuge/internal/dissolve.(*Dissolver).Run in goroutine 3352
	/home/mariell/go/pkg/mod/github.com/centrifugal/centrifuge@v0.33.3/internal/dissolve/dissolve.go:31 +0x25

goroutine 4468 [sync.Cond.Wait]:
sync.runtime_notifyListWait(0xc0030e6090, 0x1c)
	/usr/lib/go/src/runtime/sema.go:597 +0x159
sync.(*Cond).Wait(0x0?)
	/usr/lib/go/src/sync/cond.go:71 +0x85
github.com/centrifugal/centrifuge/internal/dissolve.(*queueImpl).Wait(0xc005443c00)
	/home/mariell/go/pkg/mod/github.com/centrifugal/centrifuge@v0.33.3/internal/dissolve/queue.go:139 +0x4a
github.com/centrifugal/centrifuge/internal/dissolve.(*Dissolver).runWorker(0xc004694a20)
	/home/mariell/go/pkg/mod/github.com/centrifugal/centrifuge@v0.33.3/internal/dissolve/dissolve.go:52 +0x27
created by github.com/centrifugal/centrifuge/internal/dissolve.(*Dissolver).Run in goroutine 3352
	/home/mariell/go/pkg/mod/github.com/centrifugal/centrifuge@v0.33.3/internal/dissolve/dissolve.go:31 +0x25

goroutine 11977 [sync.Cond.Wait]:
sync.runtime_notifyListWait(0xc0082fe010, 0x13)
	/usr/lib/go/src/runtime/sema.go:597 +0x159
sync.(*Cond).Wait(0x0?)
	/usr/lib/go/src/sync/cond.go:71 +0x85
github.com/centrifugal/centrifuge/internal/dissolve.(*queueImpl).Wait(0xc0088a18f0)
	/home/mariell/go/pkg/mod/github.com/centrifugal/centrifuge@v0.33.3/internal/dissolve/queue.go:139 +0x4a
github.com/centrifugal/centrifuge/internal/dissolve.(*Dissolver).runWorker(0xc003c41ef0)
	/home/mariell/go/pkg/mod/github.com/centrifugal/centrifuge@v0.33.3/internal/dissolve/dissolve.go:52 +0x27
created by github.com/centrifugal/centrifuge/internal/dissolve.(*Dissolver).Run in goroutine 10841
	/home/mariell/go/pkg/mod/github.com/centrifugal/centrifuge@v0.33.3/internal/dissolve/dissolve.go:31 +0x25

goroutine 6128 [select]:
k8s.io/apimachinery/pkg/util/wait.BackoffUntil(0xc003a2d980, {0xa95ac00, 0xc0063f20f0}, 0x1, 0xc001fb0cb0)
	/home/mariell/go/pkg/mod/k8s.io/apimachinery@v0.32.1/pkg/util/wait/backoff.go:238 +0x12c
k8s.io/apimachinery/pkg/util/wait.JitterUntil(0xc003a2d980, 0x3b9aca00, 0x3ff3333333333333, 0x1, 0xc001fb0cb0)
	/home/mariell/go/pkg/mod/k8s.io/apimachinery@v0.32.1/pkg/util/wait/backoff.go:204 +0x7f
created by k8s.io/apiserver/pkg/registry/generic/registry.(*Store).startObservingCount in goroutine 6087
	/home/mariell/go/pkg/mod/k8s.io/apiserver@v0.32.1/pkg/registry/generic/registry/store.go:1666 +0x2f9

goroutine 5789 [select]:
github.com/centrifugal/centrifuge.(*historyHub).removeStreams(0xc00604f480)
	/home/mariell/go/pkg/mod/github.com/centrifugal/centrifuge@v0.33.3/broker_memory.go:259 +0x6f
created by github.com/centrifugal/centrifuge.(*historyHub).runCleanups in goroutine 4441
	/home/mariell/go/pkg/mod/github.com/centrifugal/centrifuge@v0.33.3/broker_memory.go:253 +0x96

goroutine 12020 [sync.Cond.Wait]:
sync.runtime_notifyListWait(0xc0082fe010, 0x3d)
	/usr/lib/go/src/runtime/sema.go:597 +0x159
sync.(*Cond).Wait(0xc00c53c7d0?)
	/usr/lib/go/src/sync/cond.go:71 +0x85
github.com/centrifugal/centrifuge/internal/dissolve.(*queueImpl).Wait(0xc0088a18f0)
	/home/mariell/go/pkg/mod/github.com/centrifugal/centrifuge@v0.33.3/internal/dissolve/queue.go:139 +0x4a
github.com/centrifugal/centrifuge/internal/dissolve.(*Dissolver).runWorker(0xc003c41ef0)
	/home/mariell/go/pkg/mod/github.com/centrifugal/centrifuge@v0.33.3/internal/dissolve/dissolve.go:52 +0x27
created by github.com/centrifugal/centrifuge/internal/dissolve.(*Dissolver).Run in goroutine 10841
	/home/mariell/go/pkg/mod/github.com/centrifugal/centrifuge@v0.33.3/internal/dissolve/dissolve.go:31 +0x25

goroutine 4470 [sync.Cond.Wait]:
sync.runtime_notifyListWait(0xc0030e6090, 0x1e)
	/usr/lib/go/src/runtime/sema.go:597 +0x159
sync.(*Cond).Wait(0x0?)
	/usr/lib/go/src/sync/cond.go:71 +0x85
github.com/centrifugal/centrifuge/internal/dissolve.(*queueImpl).Wait(0xc005443c00)
	/home/mariell/go/pkg/mod/github.com/centrifugal/centrifuge@v0.33.3/internal/dissolve/queue.go:139 +0x4a
github.com/centrifugal/centrifuge/internal/dissolve.(*Dissolver).runWorker(0xc004694a20)
	/home/mariell/go/pkg/mod/github.com/centrifugal/centrifuge@v0.33.3/internal/dissolve/dissolve.go:52 +0x27
created by github.com/centrifugal/centrifuge/internal/dissolve.(*Dissolver).Run in goroutine 3352
	/home/mariell/go/pkg/mod/github.com/centrifugal/centrifuge@v0.33.3/internal/dissolve/dissolve.go:31 +0x25

goroutine 16454 [sync.Cond.Wait]:
sync.runtime_notifyListWait(0xc00ef66e50, 0x2a)
	/usr/lib/go/src/runtime/sema.go:597 +0x159
sync.(*Cond).Wait(0x0?)
	/usr/lib/go/src/sync/cond.go:71 +0x85
github.com/centrifugal/centrifuge/internal/dissolve.(*queueImpl).Wait(0xc00ef76a10)
	/home/mariell/go/pkg/mod/github.com/centrifugal/centrifuge@v0.33.3/internal/dissolve/queue.go:139 +0x4a
github.com/centrifugal/centrifuge/internal/dissolve.(*Dissolver).runWorker(0xc003466078)
	/home/mariell/go/pkg/mod/github.com/centrifugal/centrifuge@v0.33.3/internal/dissolve/dissolve.go:52 +0x27
created by github.com/centrifugal/centrifuge/internal/dissolve.(*Dissolver).Run in goroutine 12335
	/home/mariell/go/pkg/mod/github.com/centrifugal/centrifuge@v0.33.3/internal/dissolve/dissolve.go:31 +0x25

goroutine 4451 [sync.Cond.Wait]:
sync.runtime_notifyListWait(0xc0030e6090, 0xb)
	/usr/lib/go/src/runtime/sema.go:597 +0x159
sync.(*Cond).Wait(0xc0036b97d0?)
	/usr/lib/go/src/sync/cond.go:71 +0x85
github.com/centrifugal/centrifuge/internal/dissolve.(*queueImpl).Wait(0xc005443c00)
	/home/mariell/go/pkg/mod/github.com/centrifugal/centrifuge@v0.33.3/internal/dissolve/queue.go:139 +0x4a
github.com/centrifugal/centrifuge/internal/dissolve.(*Dissolver).runWorker(0xc004694a20)
	/home/mariell/go/pkg/mod/github.com/centrifugal/centrifuge@v0.33.3/internal/dissolve/dissolve.go:52 +0x27
created by github.com/centrifugal/centrifuge/internal/dissolve.(*Dissolver).Run in goroutine 3352
	/home/mariell/go/pkg/mod/github.com/centrifugal/centrifuge@v0.33.3/internal/dissolve/dissolve.go:31 +0x25

goroutine 7412 [sync.Cond.Wait]:
sync.runtime_notifyListWait(0xc0088a2350, 0x17)
	/usr/lib/go/src/runtime/sema.go:597 +0x159
sync.(*Cond).Wait(0x0?)
	/usr/lib/go/src/sync/cond.go:71 +0x85
github.com/centrifugal/centrifuge/internal/dissolve.(*queueImpl).Wait(0xc0088a0620)
	/home/mariell/go/pkg/mod/github.com/centrifugal/centrifuge@v0.33.3/internal/dissolve/queue.go:139 +0x4a
github.com/centrifugal/centrifuge/internal/dissolve.(*Dissolver).runWorker(0xc001ba2798)
	/home/mariell/go/pkg/mod/github.com/centrifugal/centrifuge@v0.33.3/internal/dissolve/dissolve.go:52 +0x27
created by github.com/centrifugal/centrifuge/internal/dissolve.(*Dissolver).Run in goroutine 6291
	/home/mariell/go/pkg/mod/github.com/centrifugal/centrifuge@v0.33.3/internal/dissolve/dissolve.go:31 +0x25

goroutine 4330 [sync.Cond.Wait]:
sync.runtime_notifyListWait(0xc0030e6090, 0x2)
	/usr/lib/go/src/runtime/sema.go:597 +0x159
sync.(*Cond).Wait(0xc0047087d0?)
	/usr/lib/go/src/sync/cond.go:71 +0x85
github.com/centrifugal/centrifuge/internal/dissolve.(*queueImpl).Wait(0xc005443c00)
	/home/mariell/go/pkg/mod/github.com/centrifugal/centrifuge@v0.33.3/internal/dissolve/queue.go:139 +0x4a
github.com/centrifugal/centrifuge/internal/dissolve.(*Dissolver).runWorker(0xc004694a20)
	/home/mariell/go/pkg/mod/github.com/centrifugal/centrifuge@v0.33.3/internal/dissolve/dissolve.go:52 +0x27
created by github.com/centrifugal/centrifuge/internal/dissolve.(*Dissolver).Run in goroutine 3352
	/home/mariell/go/pkg/mod/github.com/centrifugal/centrifuge@v0.33.3/internal/dissolve/dissolve.go:31 +0x25

goroutine 4429 [select]:
github.com/centrifugal/centrifuge.(*MemoryBroker).expireResultCache(0xc0053ffd80)
	/home/mariell/go/pkg/mod/github.com/centrifugal/centrifuge@v0.33.3/broker_memory.go:160 +0x68
created by github.com/centrifugal/centrifuge.(*MemoryBroker).Run in goroutine 3352
	/home/mariell/go/pkg/mod/github.com/centrifugal/centrifuge@v0.33.3/broker_memory.go:73 +0x7f

goroutine 7419 [sync.Cond.Wait]:
sync.runtime_notifyListWait(0xc0088a2350, 0x24)
	/usr/lib/go/src/runtime/sema.go:597 +0x159
sync.(*Cond).Wait(0x0?)
	/usr/lib/go/src/sync/cond.go:71 +0x85
github.com/centrifugal/centrifuge/internal/dissolve.(*queueImpl).Wait(0xc0088a0620)
	/home/mariell/go/pkg/mod/github.com/centrifugal/centrifuge@v0.33.3/internal/dissolve/queue.go:139 +0x4a
github.com/centrifugal/centrifuge/internal/dissolve.(*Dissolver).runWorker(0xc001ba2798)
	/home/mariell/go/pkg/mod/github.com/centrifugal/centrifuge@v0.33.3/internal/dissolve/dissolve.go:52 +0x27
created by github.com/centrifugal/centrifuge/internal/dissolve.(*Dissolver).Run in goroutine 6291
	/home/mariell/go/pkg/mod/github.com/centrifugal/centrifuge@v0.33.3/internal/dissolve/dissolve.go:31 +0x25

goroutine 13494 [sync.Cond.Wait]:
sync.runtime_notifyListWait(0xc00359a490, 0x18)
	/usr/lib/go/src/runtime/sema.go:597 +0x159
sync.(*Cond).Wait(0x0?)
	/usr/lib/go/src/sync/cond.go:71 +0x85
github.com/centrifugal/centrifuge/internal/dissolve.(*queueImpl).Wait(0xc0071d3500)
	/home/mariell/go/pkg/mod/github.com/centrifugal/centrifuge@v0.33.3/internal/dissolve/queue.go:139 +0x4a
github.com/centrifugal/centrifuge/internal/dissolve.(*Dissolver).runWorker(0xc008da47c8)
	/home/mariell/go/pkg/mod/github.com/centrifugal/centrifuge@v0.33.3/internal/dissolve/dissolve.go:52 +0x27
created by github.com/centrifugal/centrifuge/internal/dissolve.(*Dissolver).Run in goroutine 12330
	/home/mariell/go/pkg/mod/github.com/centrifugal/centrifuge@v0.33.3/internal/dissolve/dissolve.go:31 +0x25

goroutine 7247 [select]:
github.com/grafana/grafana/pkg/storage/unified/resource.(*cache[...]).run(0x0)
	/home/mariell/work/oss/grafana/pkg/storage/unified/resource/broadcaster.go:291 +0xb0
created by github.com/grafana/grafana/pkg/storage/unified/resource.newChannelCache[...] in goroutine 6291
	/home/mariell/work/oss/grafana/pkg/storage/unified/resource/broadcaster.go:276 +0x189

goroutine 4335 [sync.Cond.Wait]:
sync.runtime_notifyListWait(0xc0030e6090, 0x7)
	/usr/lib/go/src/runtime/sema.go:597 +0x159
sync.(*Cond).Wait(0x0?)
	/usr/lib/go/src/sync/cond.go:71 +0x85
github.com/centrifugal/centrifuge/internal/dissolve.(*queueImpl).Wait(0xc005443c00)
	/home/mariell/go/pkg/mod/github.com/centrifugal/centrifuge@v0.33.3/internal/dissolve/queue.go:139 +0x4a
github.com/centrifugal/centrifuge/internal/dissolve.(*Dissolver).runWorker(0xc004694a20)
	/home/mariell/go/pkg/mod/github.com/centrifugal/centrifuge@v0.33.3/internal/dissolve/dissolve.go:52 +0x27
created by github.com/centrifugal/centrifuge/internal/dissolve.(*Dissolver).Run in goroutine 3352
	/home/mariell/go/pkg/mod/github.com/centrifugal/centrifuge@v0.33.3/internal/dissolve/dissolve.go:31 +0x25

goroutine 17894 [sync.Cond.Wait]:
sync.runtime_notifyListWait(0xc009ff2dd0, 0x9)
	/usr/lib/go/src/runtime/sema.go:597 +0x159
sync.(*Cond).Wait(0x0?)
	/usr/lib/go/src/sync/cond.go:71 +0x85
github.com/centrifugal/centrifuge/internal/dissolve.(*queueImpl).Wait(0xc00958cb60)
	/home/mariell/go/pkg/mod/github.com/centrifugal/centrifuge@v0.33.3/internal/dissolve/queue.go:139 +0x4a
github.com/centrifugal/centrifuge/internal/dissolve.(*Dissolver).runWorker(0xc0029ba528)
	/home/mariell/go/pkg/mod/github.com/centrifugal/centrifuge@v0.33.3/internal/dissolve/dissolve.go:52 +0x27
created by github.com/centrifugal/centrifuge/internal/dissolve.(*Dissolver).Run in goroutine 13128
	/home/mariell/go/pkg/mod/github.com/centrifugal/centrifuge@v0.33.3/internal/dissolve/dissolve.go:31 +0x25

goroutine 4475 [sync.Cond.Wait]:
sync.runtime_notifyListWait(0xc0030e6090, 0x0)
	/usr/lib/go/src/runtime/sema.go:597 +0x159
sync.(*Cond).Wait(0xc002228fd0?)
	/usr/lib/go/src/sync/cond.go:71 +0x85
github.com/centrifugal/centrifuge/internal/dissolve.(*queueImpl).Wait(0xc005443c00)
	/home/mariell/go/pkg/mod/github.com/centrifugal/centrifuge@v0.33.3/internal/dissolve/queue.go:139 +0x4a
github.com/centrifugal/centrifuge/internal/dissolve.(*Dissolver).runWorker(0xc004694a20)
	/home/mariell/go/pkg/mod/github.com/centrifugal/centrifuge@v0.33.3/internal/dissolve/dissolve.go:52 +0x27
created by github.com/centrifugal/centrifuge/internal/dissolve.(*Dissolver).Run in goroutine 3352
	/home/mariell/go/pkg/mod/github.com/centrifugal/centrifuge@v0.33.3/internal/dissolve/dissolve.go:31 +0x25

goroutine 9354 [select]:
github.com/grafana/grafana/pkg/storage/unified/resource.(*broadcaster[...]).stream(0xab113a0, 0xc00a22bdc0)
	/home/mariell/work/oss/grafana/pkg/storage/unified/resource/broadcaster.go:205 +0x13d
created by github.com/grafana/grafana/pkg/storage/unified/resource.(*broadcaster[...]).init in goroutine 9202
	/home/mariell/work/oss/grafana/pkg/storage/unified/resource/broadcaster.go:177 +0x219

goroutine 10257 [select]:
github.com/patrickmn/go-cache.(*janitor).Run(0xc006654c40, 0xc006d01880)
	/home/mariell/go/pkg/mod/github.com/patrickmn/go-cache@v2.1.0+incompatible/cache.go:1079 +0x7b
created by github.com/patrickmn/go-cache.runJanitor in goroutine 9307
	/home/mariell/go/pkg/mod/github.com/patrickmn/go-cache@v2.1.0+incompatible/cache.go:1099 +0xdb

goroutine 73789 [select]:
github.com/patrickmn/go-cache.(*janitor).Run(0xc01d2f67f0, 0xc016303640)
	/home/mariell/go/pkg/mod/github.com/patrickmn/go-cache@v2.1.0+incompatible/cache.go:1079 +0x7b
created by github.com/patrickmn/go-cache.runJanitor in goroutine 22317
	/home/mariell/go/pkg/mod/github.com/patrickmn/go-cache@v2.1.0+incompatible/cache.go:1099 +0xdb

goroutine 7248 [select]:
github.com/grafana/grafana/pkg/storage/unified/resource.(*broadcaster[...]).stream(0xab113a0, 0xc0016482a0)
	/home/mariell/work/oss/grafana/pkg/storage/unified/resource/broadcaster.go:205 +0x13d
created by github.com/grafana/grafana/pkg/storage/unified/resource.(*broadcaster[...]).init in goroutine 6291
	/home/mariell/work/oss/grafana/pkg/storage/unified/resource/broadcaster.go:177 +0x219

goroutine 14872 [sync.Cond.Wait]:
sync.runtime_notifyListWait(0xc00cfe9cd0, 0x2c)
	/usr/lib/go/src/runtime/sema.go:597 +0x159
sync.(*Cond).Wait(0xc004708fd0?)
	/usr/lib/go/src/sync/cond.go:71 +0x85
github.com/centrifugal/centrifuge/internal/dissolve.(*queueImpl).Wait(0xc00c22f1f0)
	/home/mariell/go/pkg/mod/github.com/centrifugal/centrifuge@v0.33.3/internal/dissolve/queue.go:139 +0x4a
github.com/centrifugal/centrifuge/internal/dissolve.(*Dissolver).runWorker(0xc0034e9ed8)
	/home/mariell/go/pkg/mod/github.com/centrifugal/centrifuge@v0.33.3/internal/dissolve/dissolve.go:52 +0x27
created by github.com/centrifugal/centrifuge/internal/dissolve.(*Dissolver).Run in goroutine 13738
	/home/mariell/go/pkg/mod/github.com/centrifugal/centrifuge@v0.33.3/internal/dissolve/dissolve.go:31 +0x25

goroutine 4467 [sync.Cond.Wait]:
sync.runtime_notifyListWait(0xc0030e6090, 0x1b)
	/usr/lib/go/src/runtime/sema.go:597 +0x159
sync.(*Cond).Wait(0x0?)
	/usr/lib/go/src/sync/cond.go:71 +0x85
github.com/centrifugal/centrifuge/internal/dissolve.(*queueImpl).Wait(0xc005443c00)
	/home/mariell/go/pkg/mod/github.com/centrifugal/centrifuge@v0.33.3/internal/dissolve/queue.go:139 +0x4a
github.com/centrifugal/centrifuge/internal/dissolve.(*Dissolver).runWorker(0xc004694a20)
	/home/mariell/go/pkg/mod/github.com/centrifugal/centrifuge@v0.33.3/internal/dissolve/dissolve.go:52 +0x27
created by github.com/centrifugal/centrifuge/internal/dissolve.(*Dissolver).Run in goroutine 3352
	/home/mariell/go/pkg/mod/github.com/centrifugal/centrifuge@v0.33.3/internal/dissolve/dissolve.go:31 +0x25

goroutine 7829 [chan receive]:
github.com/grafana/grafana/pkg/registry/apis/dashboard/legacy.(*dashboardSqlAccess).WatchWriteEvents.func1()
	/home/mariell/work/oss/grafana/pkg/registry/apis/dashboard/legacy/storage.go:238 +0x50
created by github.com/grafana/grafana/pkg/registry/apis/dashboard/legacy.(*dashboardSqlAccess).WatchWriteEvents in goroutine 7699
	/home/mariell/work/oss/grafana/pkg/registry/apis/dashboard/legacy/storage.go:236 +0x1b6

goroutine 9350 [select]:
k8s.io/apimachinery/pkg/util/wait.BackoffUntil(0xc00a0bb400, {0xa95ac00, 0xc00a188000}, 0x1, 0xc0054df3b0)
	/home/mariell/go/pkg/mod/k8s.io/apimachinery@v0.32.1/pkg/util/wait/backoff.go:238 +0x12c
k8s.io/apimachinery/pkg/util/wait.JitterUntil(0xc00a0bb400, 0x3b9aca00, 0x3ff3333333333333, 0x1, 0xc0054df3b0)
	/home/mariell/go/pkg/mod/k8s.io/apimachinery@v0.32.1/pkg/util/wait/backoff.go:204 +0x7f
created by k8s.io/apiserver/pkg/registry/generic/registry.(*Store).startObservingCount in goroutine 9202
	/home/mariell/go/pkg/mod/k8s.io/apiserver@v0.32.1/pkg/registry/generic/registry/store.go:1666 +0x2f9

goroutine 4285 [select]:
github.com/grafana/grafana/pkg/storage/unified/resource.(*cache[...]).run(0xc003366880)
	/home/mariell/work/oss/grafana/pkg/storage/unified/resource/broadcaster.go:291 +0xb0
created by github.com/grafana/grafana/pkg/storage/unified/resource.newChannelCache[...] in goroutine 3352
	/home/mariell/work/oss/grafana/pkg/storage/unified/resource/broadcaster.go:276 +0x189

goroutine 5788 [select]:
github.com/centrifugal/centrifuge.(*historyHub).expireStreams(0xc00604f480)
	/home/mariell/go/pkg/mod/github.com/centrifugal/centrifuge@v0.33.3/broker_memory.go:298 +0x75
created by github.com/centrifugal/centrifuge.(*historyHub).runCleanups in goroutine 4441
	/home/mariell/go/pkg/mod/github.com/centrifugal/centrifuge@v0.33.3/broker_memory.go:252 +0x56

goroutine 16418 [sync.Cond.Wait]:
sync.runtime_notifyListWait(0xc00ef66e50, 0x17)
	/usr/lib/go/src/runtime/sema.go:597 +0x159
sync.(*Cond).Wait(0xc0096fcfd0?)
	/usr/lib/go/src/sync/cond.go:71 +0x85
github.com/centrifugal/centrifuge/internal/dissolve.(*queueImpl).Wait(0xc00ef76a10)
	/home/mariell/go/pkg/mod/github.com/centrifugal/centrifuge@v0.33.3/internal/dissolve/queue.go:139 +0x4a
github.com/centrifugal/centrifuge/internal/dissolve.(*Dissolver).runWorker(0xc003466078)
	/home/mariell/go/pkg/mod/github.com/centrifugal/centrifuge@v0.33.3/internal/dissolve/dissolve.go:52 +0x27
created by github.com/centrifugal/centrifuge/internal/dissolve.(*Dissolver).Run in goroutine 12335
	/home/mariell/go/pkg/mod/github.com/centrifugal/centrifuge@v0.33.3/internal/dissolve/dissolve.go:31 +0x25

goroutine 16835 [select]:
go.opentelemetry.io/otel/sdk/trace.(*batchSpanProcessor).processQueue(0xc0110b3540)
	/home/mariell/go/pkg/mod/go.opentelemetry.io/otel/sdk@v1.34.0/trace/batch_span_processor.go:302 +0x114
go.opentelemetry.io/otel/sdk/trace.NewBatchSpanProcessor.func1()
	/home/mariell/go/pkg/mod/go.opentelemetry.io/otel/sdk@v1.34.0/trace/batch_span_processor.go:117 +0x4e
created by go.opentelemetry.io/otel/sdk/trace.NewBatchSpanProcessor in goroutine 13128
	/home/mariell/go/pkg/mod/go.opentelemetry.io/otel/sdk@v1.34.0/trace/batch_span_processor.go:115 +0x2d9

goroutine 3401 [select]:
github.com/patrickmn/go-cache.(*janitor).Run(0xc001f92850, 0xc00218eb00)
	/home/mariell/go/pkg/mod/github.com/patrickmn/go-cache@v2.1.0+incompatible/cache.go:1079 +0x7b
created by github.com/patrickmn/go-cache.runJanitor in goroutine 3352
	/home/mariell/go/pkg/mod/github.com/patrickmn/go-cache@v2.1.0+incompatible/cache.go:1099 +0xdb

goroutine 15282 [select]:
k8s.io/apimachinery/pkg/util/wait.BackoffUntil(0xc00dc02100, {0xa95ac00, 0xc00d5ae030}, 0x1, 0xc004797340)
	/home/mariell/go/pkg/mod/k8s.io/apimachinery@v0.32.1/pkg/util/wait/backoff.go:238 +0x12c
k8s.io/apimachinery/pkg/util/wait.JitterUntil(0xc00dc02100, 0x3b9aca00, 0x3ff3333333333333, 0x1, 0xc004797340)
	/home/mariell/go/pkg/mod/k8s.io/apimachinery@v0.32.1/pkg/util/wait/backoff.go:204 +0x7f
created by k8s.io/apiserver/pkg/registry/generic/registry.(*Store).startObservingCount in goroutine 14683
	/home/mariell/go/pkg/mod/k8s.io/apiserver@v0.32.1/pkg/registry/generic/registry/store.go:1666 +0x2f9

goroutine 9379 [select]:
go.opentelemetry.io/otel/sdk/trace.(*batchSpanProcessor).processQueue(0xc009d20960)
	/home/mariell/go/pkg/mod/go.opentelemetry.io/otel/sdk@v1.34.0/trace/batch_span_processor.go:302 +0x114
go.opentelemetry.io/otel/sdk/trace.NewBatchSpanProcessor.func1()
	/home/mariell/go/pkg/mod/go.opentelemetry.io/otel/sdk@v1.34.0/trace/batch_span_processor.go:117 +0x4e
created by go.opentelemetry.io/otel/sdk/trace.NewBatchSpanProcessor in goroutine 9307
	/home/mariell/go/pkg/mod/go.opentelemetry.io/otel/sdk@v1.34.0/trace/batch_span_processor.go:115 +0x2d9

goroutine 4333 [sync.Cond.Wait]:
sync.runtime_notifyListWait(0xc0030e6090, 0x5)
	/usr/lib/go/src/runtime/sema.go:597 +0x159
sync.(*Cond).Wait(0x0?)
	/usr/lib/go/src/sync/cond.go:71 +0x85
github.com/centrifugal/centrifuge/internal/dissolve.(*queueImpl).Wait(0xc005443c00)
	/home/mariell/go/pkg/mod/github.com/centrifugal/centrifuge@v0.33.3/internal/dissolve/queue.go:139 +0x4a
github.com/centrifugal/centrifuge/internal/dissolve.(*Dissolver).runWorker(0xc004694a20)
	/home/mariell/go/pkg/mod/github.com/centrifugal/centrifuge@v0.33.3/internal/dissolve/dissolve.go:52 +0x27
created by github.com/centrifugal/centrifuge/internal/dissolve.(*Dissolver).Run in goroutine 3352
	/home/mariell/go/pkg/mod/github.com/centrifugal/centrifuge@v0.33.3/internal/dissolve/dissolve.go:31 +0x25

goroutine 7451 [sync.Cond.Wait]:
sync.runtime_notifyListWait(0xc0088a2350, 0x35)
	/usr/lib/go/src/runtime/sema.go:597 +0x159
sync.(*Cond).Wait(0x6c75616665642074?)
	/usr/lib/go/src/sync/cond.go:71 +0x85
github.com/centrifugal/centrifuge/internal/dissolve.(*queueImpl).Wait(0xc0088a0620)
	/home/mariell/go/pkg/mod/github.com/centrifugal/centrifuge@v0.33.3/internal/dissolve/queue.go:139 +0x4a
github.com/centrifugal/centrifuge/internal/dissolve.(*Dissolver).runWorker(0xc001ba2798)
	/home/mariell/go/pkg/mod/github.com/centrifugal/centrifuge@v0.33.3/internal/dissolve/dissolve.go:52 +0x27
created by github.com/centrifugal/centrifuge/internal/dissolve.(*Dissolver).Run in goroutine 6291
	/home/mariell/go/pkg/mod/github.com/centrifugal/centrifuge@v0.33.3/internal/dissolve/dissolve.go:31 +0x25

goroutine 7422 [sync.Cond.Wait]:
sync.runtime_notifyListWait(0xc0088a2350, 0x26)
	/usr/lib/go/src/runtime/sema.go:597 +0x159
sync.(*Cond).Wait(0x0?)
	/usr/lib/go/src/sync/cond.go:71 +0x85
github.com/centrifugal/centrifuge/internal/dissolve.(*queueImpl).Wait(0xc0088a0620)
	/home/mariell/go/pkg/mod/github.com/centrifugal/centrifuge@v0.33.3/internal/dissolve/queue.go:139 +0x4a
github.com/centrifugal/centrifuge/internal/dissolve.(*Dissolver).runWorker(0xc001ba2798)
	/home/mariell/go/pkg/mod/github.com/centrifugal/centrifuge@v0.33.3/internal/dissolve/dissolve.go:52 +0x27
created by github.com/centrifugal/centrifuge/internal/dissolve.(*Dissolver).Run in goroutine 6291
	/home/mariell/go/pkg/mod/github.com/centrifugal/centrifuge@v0.33.3/internal/dissolve/dissolve.go:31 +0x25

goroutine 7830 [chan receive]:
github.com/grafana/grafana/pkg/storage/unified/resource.(*server).initWatcher.func1.1()
	/home/mariell/work/oss/grafana/pkg/storage/unified/resource/server.go:922 +0x58
created by github.com/grafana/grafana/pkg/storage/unified/resource.(*server).initWatcher.func1 in goroutine 7699
	/home/mariell/work/oss/grafana/pkg/storage/unified/resource/server.go:921 +0xaa

goroutine 7826 [select]:
k8s.io/apimachinery/pkg/util/wait.BackoffUntil(0xc0036f0e00, {0xa95ac00, 0xc004a8e0c0}, 0x1, 0xc0054de2a0)
	/home/mariell/go/pkg/mod/k8s.io/apimachinery@v0.32.1/pkg/util/wait/backoff.go:238 +0x12c
k8s.io/apimachinery/pkg/util/wait.JitterUntil(0xc0036f0e00, 0x3b9aca00, 0x3ff3333333333333, 0x1, 0xc0054de2a0)
	/home/mariell/go/pkg/mod/k8s.io/apimachinery@v0.32.1/pkg/util/wait/backoff.go:204 +0x7f
created by k8s.io/apiserver/pkg/registry/generic/registry.(*Store).startObservingCount in goroutine 7699
	/home/mariell/go/pkg/mod/k8s.io/apiserver@v0.32.1/pkg/registry/generic/registry/store.go:1666 +0x2f9

goroutine 7396 [sync.Cond.Wait]:
sync.runtime_notifyListWait(0xc0088a2350, 0x4)
	/usr/lib/go/src/runtime/sema.go:597 +0x159
sync.(*Cond).Wait(0xc0092227d0?)
	/usr/lib/go/src/sync/cond.go:71 +0x85
github.com/centrifugal/centrifuge/internal/dissolve.(*queueImpl).Wait(0xc0088a0620)
	/home/mariell/go/pkg/mod/github.com/centrifugal/centrifuge@v0.33.3/internal/dissolve/queue.go:139 +0x4a
github.com/centrifugal/centrifuge/internal/dissolve.(*Dissolver).runWorker(0xc001ba2798)
	/home/mariell/go/pkg/mod/github.com/centrifugal/centrifuge@v0.33.3/internal/dissolve/dissolve.go:52 +0x27
created by github.com/centrifugal/centrifuge/internal/dissolve.(*Dissolver).Run in goroutine 6291
	/home/mariell/go/pkg/mod/github.com/centrifugal/centrifuge@v0.33.3/internal/dissolve/dissolve.go:31 +0x25

goroutine 4455 [sync.Cond.Wait]:
sync.runtime_notifyListWait(0xc0030e6090, 0xf)
	/usr/lib/go/src/runtime/sema.go:597 +0x159
sync.(*Cond).Wait(0x0?)
	/usr/lib/go/src/sync/cond.go:71 +0x85
github.com/centrifugal/centrifuge/internal/dissolve.(*queueImpl).Wait(0xc005443c00)
	/home/mariell/go/pkg/mod/github.com/centrifugal/centrifuge@v0.33.3/internal/dissolve/queue.go:139 +0x4a
github.com/centrifugal/centrifuge/internal/dissolve.(*Dissolver).runWorker(0xc004694a20)
	/home/mariell/go/pkg/mod/github.com/centrifugal/centrifuge@v0.33.3/internal/dissolve/dissolve.go:52 +0x27
created by github.com/centrifugal/centrifuge/internal/dissolve.(*Dissolver).Run in goroutine 3352
	/home/mariell/go/pkg/mod/github.com/centrifugal/centrifuge@v0.33.3/internal/dissolve/dissolve.go:31 +0x25

goroutine 7436 [sync.Cond.Wait]:
sync.runtime_notifyListWait(0xc0088a2350, 0x39)
	/usr/lib/go/src/runtime/sema.go:597 +0x159
sync.(*Cond).Wait(0xc00470efd0?)
	/usr/lib/go/src/sync/cond.go:71 +0x85
github.com/centrifugal/centrifuge/internal/dissolve.(*queueImpl).Wait(0xc0088a0620)
	/home/mariell/go/pkg/mod/github.com/centrifugal/centrifuge@v0.33.3/internal/dissolve/queue.go:139 +0x4a
github.com/centrifugal/centrifuge/internal/dissolve.(*Dissolver).runWorker(0xc001ba2798)
	/home/mariell/go/pkg/mod/github.com/centrifugal/centrifuge@v0.33.3/internal/dissolve/dissolve.go:52 +0x27
created by github.com/centrifugal/centrifuge/internal/dissolve.(*Dissolver).Run in goroutine 6291
	/home/mariell/go/pkg/mod/github.com/centrifugal/centrifuge@v0.33.3/internal/dissolve/dissolve.go:31 +0x25

goroutine 4325 [select]:
github.com/centrifugal/centrifuge.(*Node).initMetrics.func1()
	/home/mariell/go/pkg/mod/github.com/centrifugal/centrifuge@v0.33.3/node.go:365 +0x8a
created by github.com/centrifugal/centrifuge.(*Node).initMetrics in goroutine 3352
	/home/mariell/go/pkg/mod/github.com/centrifugal/centrifuge@v0.33.3/node.go:363 +0x1f9

goroutine 4456 [sync.Cond.Wait]:
sync.runtime_notifyListWait(0xc0030e6090, 0x10)
	/usr/lib/go/src/runtime/sema.go:597 +0x159
sync.(*Cond).Wait(0x0?)
	/usr/lib/go/src/sync/cond.go:71 +0x85
github.com/centrifugal/centrifuge/internal/dissolve.(*queueImpl).Wait(0xc005443c00)
	/home/mariell/go/pkg/mod/github.com/centrifugal/centrifuge@v0.33.3/internal/dissolve/queue.go:139 +0x4a
github.com/centrifugal/centrifuge/internal/dissolve.(*Dissolver).runWorker(0xc004694a20)
	/home/mariell/go/pkg/mod/github.com/centrifugal/centrifuge@v0.33.3/internal/dissolve/dissolve.go:52 +0x27
created by github.com/centrifugal/centrifuge/internal/dissolve.(*Dissolver).Run in goroutine 3352
	/home/mariell/go/pkg/mod/github.com/centrifugal/centrifuge@v0.33.3/internal/dissolve/dissolve.go:31 +0x25

goroutine 9298 [select]:
net/http.(*persistConn).writeLoop(0xc0035c9560)
	/usr/lib/go/src/net/http/transport.go:2590 +0xe7
created by net/http.(*Transport).dialConn in goroutine 9220
	/usr/lib/go/src/net/http/transport.go:1945 +0x17a5

goroutine 11978 [sync.Cond.Wait]:
sync.runtime_notifyListWait(0xc0082fe010, 0x14)
	/usr/lib/go/src/runtime/sema.go:597 +0x159
sync.(*Cond).Wait(0xc0050b0a70?)
	/usr/lib/go/src/sync/cond.go:71 +0x85
github.com/centrifugal/centrifuge/internal/dissolve.(*queueImpl).Wait(0xc0088a18f0)
	/home/mariell/go/pkg/mod/github.com/centrifugal/centrifuge@v0.33.3/internal/dissolve/queue.go:139 +0x4a
github.com/centrifugal/centrifuge/internal/dissolve.(*Dissolver).runWorker(0xc003c41ef0)
	/home/mariell/go/pkg/mod/github.com/centrifugal/centrifuge@v0.33.3/internal/dissolve/dissolve.go:52 +0x27
created by github.com/centrifugal/centrifuge/internal/dissolve.(*Dissolver).Run in goroutine 10841
	/home/mariell/go/pkg/mod/github.com/centrifugal/centrifuge@v0.33.3/internal/dissolve/dissolve.go:31 +0x25

goroutine 11773 [IO wait]:
internal/poll.runtime_pollWait(0x7775593b8908, 0x72)
	/usr/lib/go/src/runtime/netpoll.go:351 +0x85
internal/poll.(*pollDesc).wait(0xc005e60080?, 0xc007098600?, 0x0)
	/usr/lib/go/src/internal/poll/fd_poll_runtime.go:84 +0x27
internal/poll.(*pollDesc).waitRead(...)
	/usr/lib/go/src/internal/poll/fd_poll_runtime.go:89
internal/poll.(*FD).Read(0xc005e60080, {0xc007098600, 0x1300, 0x1300})
	/usr/lib/go/src/internal/poll/fd_unix.go:165 +0x27a
net.(*netFD).Read(0xc005e60080, {0xc007098600?, 0x11a7e3a0?, 0xc009b91560?})
	/usr/lib/go/src/net/fd_posix.go:55 +0x25
net.(*conn).Read(0xc00d71f228, {0xc007098600?, 0x777560088ef0?, 0x7775a8b285c0?})
	/usr/lib/go/src/net/net.go:194 +0x45
crypto/tls.(*atLeastReader).Read(0xc004c58c18, {0xc007098600?, 0x2a?, 0x5?})
	/usr/lib/go/src/crypto/tls/conn.go:809 +0x3b
bytes.(*Buffer).ReadFrom(0xc003aea638, {0xa94e300, 0xc004c58c18})
	/usr/lib/go/src/bytes/buffer.go:211 +0x98
crypto/tls.(*Conn).readFromUntil(0xc003aea388, {0xa94dc00, 0xc00d71f228}, 0x444af4?)
	/usr/lib/go/src/crypto/tls/conn.go:831 +0xde
crypto/tls.(*Conn).readRecordOrCCS(0xc003aea388, 0x0)
	/usr/lib/go/src/crypto/tls/conn.go:629 +0x3cf
crypto/tls.(*Conn).readRecord(...)
	/usr/lib/go/src/crypto/tls/conn.go:591
crypto/tls.(*Conn).Read(0xc003aea388, {0xc00432c000, 0x1000, 0x7775a8b285c0?})
	/usr/lib/go/src/crypto/tls/conn.go:1385 +0x145
net/http.(*persistConn).Read(0xc00a958c60, {0xc00432c000?, 0x4141c5?, 0x68?})
	/usr/lib/go/src/net/http/transport.go:2122 +0x47
bufio.(*Reader).fill(0xc00b4d8e40)
	/usr/lib/go/src/bufio/bufio.go:113 +0x103
bufio.(*Reader).Peek(0xc00b4d8e40, 0x1)
	/usr/lib/go/src/bufio/bufio.go:152 +0x53
net/http.(*persistConn).readLoop(0xc00a958c60)
	/usr/lib/go/src/net/http/transport.go:2275 +0x172
created by net/http.(*Transport).dialConn in goroutine 12254
	/usr/lib/go/src/net/http/transport.go:1944 +0x174f

goroutine 11976 [sync.Cond.Wait]:
sync.runtime_notifyListWait(0xc0082fe010, 0x12)
	/usr/lib/go/src/runtime/sema.go:597 +0x159
sync.(*Cond).Wait(0x961cc91?)
	/usr/lib/go/src/sync/cond.go:71 +0x85
github.com/centrifugal/centrifuge/internal/dissolve.(*queueImpl).Wait(0xc0088a18f0)
	/home/mariell/go/pkg/mod/github.com/centrifugal/centrifuge@v0.33.3/internal/dissolve/queue.go:139 +0x4a
github.com/centrifugal/centrifuge/internal/dissolve.(*Dissolver).runWorker(0xc003c41ef0)
	/home/mariell/go/pkg/mod/github.com/centrifugal/centrifuge@v0.33.3/internal/dissolve/dissolve.go:52 +0x27
created by github.com/centrifugal/centrifuge/internal/dissolve.(*Dissolver).Run in goroutine 10841
	/home/mariell/go/pkg/mod/github.com/centrifugal/centrifuge@v0.33.3/internal/dissolve/dissolve.go:31 +0x25

goroutine 4462 [sync.Cond.Wait]:
sync.runtime_notifyListWait(0xc0030e6090, 0x16)
	/usr/lib/go/src/runtime/sema.go:597 +0x159
sync.(*Cond).Wait(0x0?)
	/usr/lib/go/src/sync/cond.go:71 +0x85
github.com/centrifugal/centrifuge/internal/dissolve.(*queueImpl).Wait(0xc005443c00)
	/home/mariell/go/pkg/mod/github.com/centrifugal/centrifuge@v0.33.3/internal/dissolve/queue.go:139 +0x4a
github.com/centrifugal/centrifuge/internal/dissolve.(*Dissolver).runWorker(0xc004694a20)
	/home/mariell/go/pkg/mod/github.com/centrifugal/centrifuge@v0.33.3/internal/dissolve/dissolve.go:52 +0x27
created by github.com/centrifugal/centrifuge/internal/dissolve.(*Dissolver).Run in goroutine 3352
	/home/mariell/go/pkg/mod/github.com/centrifugal/centrifuge@v0.33.3/internal/dissolve/dissolve.go:31 +0x25

goroutine 20933 [select]:
github.com/FZambia/eagle.(*Eagle).aggregate(0xc00b45e380)
	/home/mariell/go/pkg/mod/github.com/!f!zambia/eagle@v0.1.0/eagle.go:210 +0x6d
created by github.com/FZambia/eagle.New in goroutine 19735
	/home/mariell/go/pkg/mod/github.com/!f!zambia/eagle@v0.1.0/eagle.go:66 +0x176

goroutine 39031 [sync.Cond.Wait]:
sync.runtime_notifyListWait(0xc01fe50bd0, 0x17)
	/usr/lib/go/src/runtime/sema.go:597 +0x159
sync.(*Cond).Wait(0x100000000000000?)
	/usr/lib/go/src/sync/cond.go:71 +0x85
github.com/centrifugal/centrifuge/internal/dissolve.(*queueImpl).Wait(0xc00bf5ccb0)
	/home/mariell/go/pkg/mod/github.com/centrifugal/centrifuge@v0.33.3/internal/dissolve/queue.go:139 +0x4a
github.com/centrifugal/centrifuge/internal/dissolve.(*Dissolver).runWorker(0xc017ecc900)
	/home/mariell/go/pkg/mod/github.com/centrifugal/centrifuge@v0.33.3/internal/dissolve/dissolve.go:52 +0x27
created by github.com/centrifugal/centrifuge/internal/dissolve.(*Dissolver).Run in goroutine 37971
	/home/mariell/go/pkg/mod/github.com/centrifugal/centrifuge@v0.33.3/internal/dissolve/dissolve.go:31 +0x25

goroutine 11981 [sync.Cond.Wait]:
sync.runtime_notifyListWait(0xc0082fe010, 0x17)
	/usr/lib/go/src/runtime/sema.go:597 +0x159
sync.(*Cond).Wait(0xc0016f67d0?)
	/usr/lib/go/src/sync/cond.go:71 +0x85
github.com/centrifugal/centrifuge/internal/dissolve.(*queueImpl).Wait(0xc0088a18f0)
	/home/mariell/go/pkg/mod/github.com/centrifugal/centrifuge@v0.33.3/internal/dissolve/queue.go:139 +0x4a
github.com/centrifugal/centrifuge/internal/dissolve.(*Dissolver).runWorker(0xc003c41ef0)
	/home/mariell/go/pkg/mod/github.com/centrifugal/centrifuge@v0.33.3/internal/dissolve/dissolve.go:52 +0x27
created by github.com/centrifugal/centrifuge/internal/dissolve.(*Dissolver).Run in goroutine 10841
	/home/mariell/go/pkg/mod/github.com/centrifugal/centrifuge@v0.33.3/internal/dissolve/dissolve.go:31 +0x25

goroutine 11980 [sync.Cond.Wait]:
sync.runtime_notifyListWait(0xc0082fe010, 0x16)
	/usr/lib/go/src/runtime/sema.go:597 +0x159
sync.(*Cond).Wait(0x4709340?)
	/usr/lib/go/src/sync/cond.go:71 +0x85
github.com/centrifugal/centrifuge/internal/dissolve.(*queueImpl).Wait(0xc0088a18f0)
	/home/mariell/go/pkg/mod/github.com/centrifugal/centrifuge@v0.33.3/internal/dissolve/queue.go:139 +0x4a
github.com/centrifugal/centrifuge/internal/dissolve.(*Dissolver).runWorker(0xc003c41ef0)
	/home/mariell/go/pkg/mod/github.com/centrifugal/centrifuge@v0.33.3/internal/dissolve/dissolve.go:52 +0x27
created by github.com/centrifugal/centrifuge/internal/dissolve.(*Dissolver).Run in goroutine 10841
	/home/mariell/go/pkg/mod/github.com/centrifugal/centrifuge@v0.33.3/internal/dissolve/dissolve.go:31 +0x25

goroutine 7832 [select]:
github.com/grafana/grafana/pkg/storage/unified/resource.(*broadcaster[...]).stream(0xab113a0, 0xc0063789a0)
	/home/mariell/work/oss/grafana/pkg/storage/unified/resource/broadcaster.go:205 +0x13d
created by github.com/grafana/grafana/pkg/storage/unified/resource.(*broadcaster[...]).init in goroutine 7699
	/home/mariell/work/oss/grafana/pkg/storage/unified/resource/broadcaster.go:177 +0x219

goroutine 7844 [chan receive (nil chan)]:
k8s.io/apiserver/pkg/server.preparedGenericAPIServer.RunWithContext.func5()
	/home/mariell/go/pkg/mod/k8s.io/apiserver@v0.32.1/pkg/server/genericapiserver.go:598 +0x37
created by k8s.io/apiserver/pkg/server.preparedGenericAPIServer.RunWithContext in goroutine 7837
	/home/mariell/go/pkg/mod/k8s.io/apiserver@v0.32.1/pkg/server/genericapiserver.go:597 +0x60b

goroutine 4336 [sync.Cond.Wait]:
sync.runtime_notifyListWait(0xc0030e6090, 0x8)
	/usr/lib/go/src/runtime/sema.go:597 +0x159
sync.(*Cond).Wait(0x0?)
	/usr/lib/go/src/sync/cond.go:71 +0x85
github.com/centrifugal/centrifuge/internal/dissolve.(*queueImpl).Wait(0xc005443c00)
	/home/mariell/go/pkg/mod/github.com/centrifugal/centrifuge@v0.33.3/internal/dissolve/queue.go:139 +0x4a
github.com/centrifugal/centrifuge/internal/dissolve.(*Dissolver).runWorker(0xc004694a20)
	/home/mariell/go/pkg/mod/github.com/centrifugal/centrifuge@v0.33.3/internal/dissolve/dissolve.go:52 +0x27
created by github.com/centrifugal/centrifuge/internal/dissolve.(*Dissolver).Run in goroutine 3352
	/home/mariell/go/pkg/mod/github.com/centrifugal/centrifuge@v0.33.3/internal/dissolve/dissolve.go:31 +0x25

goroutine 5790 [select]:
github.com/FZambia/eagle.(*Eagle).aggregate(0xc00621ac40)
	/home/mariell/go/pkg/mod/github.com/!f!zambia/eagle@v0.1.0/eagle.go:210 +0x6d
created by github.com/FZambia/eagle.New in goroutine 4441
	/home/mariell/go/pkg/mod/github.com/!f!zambia/eagle@v0.1.0/eagle.go:66 +0x176

goroutine 11975 [sync.Cond.Wait]:
sync.runtime_notifyListWait(0xc0082fe010, 0x11)
	/usr/lib/go/src/runtime/sema.go:597 +0x159
sync.(*Cond).Wait(0xc0050b0a80?)
	/usr/lib/go/src/sync/cond.go:71 +0x85
github.com/centrifugal/centrifuge/internal/dissolve.(*queueImpl).Wait(0xc0088a18f0)
	/home/mariell/go/pkg/mod/github.com/centrifugal/centrifuge@v0.33.3/internal/dissolve/queue.go:139 +0x4a
github.com/centrifugal/centrifuge/internal/dissolve.(*Dissolver).runWorker(0xc003c41ef0)
	/home/mariell/go/pkg/mod/github.com/centrifugal/centrifuge@v0.33.3/internal/dissolve/dissolve.go:52 +0x27
created by github.com/centrifugal/centrifuge/internal/dissolve.(*Dissolver).Run in goroutine 10841
	/home/mariell/go/pkg/mod/github.com/centrifugal/centrifuge@v0.33.3/internal/dissolve/dissolve.go:31 +0x25

goroutine 40973 [select]:
k8s.io/apimachinery/pkg/util/wait.BackoffUntil(0xc02414b400, {0xa95ac00, 0xc011fc3c80}, 0x1, 0xc023fe9960)
	/home/mariell/go/pkg/mod/k8s.io/apimachinery@v0.32.1/pkg/util/wait/backoff.go:238 +0x12c
k8s.io/apimachinery/pkg/util/wait.JitterUntil(0xc02414b400, 0x3b9aca00, 0x3ff3333333333333, 0x1, 0xc023fe9960)
	/home/mariell/go/pkg/mod/k8s.io/apimachinery@v0.32.1/pkg/util/wait/backoff.go:204 +0x7f
created by k8s.io/apiserver/pkg/registry/generic/registry.(*Store).startObservingCount in goroutine 39277
	/home/mariell/go/pkg/mod/k8s.io/apiserver@v0.32.1/pkg/registry/generic/registry/store.go:1666 +0x2f9

goroutine 4474 [sync.Cond.Wait]:
sync.runtime_notifyListWait(0xc0030e6090, 0x22)
	/usr/lib/go/src/runtime/sema.go:597 +0x159
sync.(*Cond).Wait(0x0?)
	/usr/lib/go/src/sync/cond.go:71 +0x85
github.com/centrifugal/centrifuge/internal/dissolve.(*queueImpl).Wait(0xc005443c00)
	/home/mariell/go/pkg/mod/github.com/centrifugal/centrifuge@v0.33.3/internal/dissolve/queue.go:139 +0x4a
github.com/centrifugal/centrifuge/internal/dissolve.(*Dissolver).runWorker(0xc004694a20)
	/home/mariell/go/pkg/mod/github.com/centrifugal/centrifuge@v0.33.3/internal/dissolve/dissolve.go:52 +0x27
created by github.com/centrifugal/centrifuge/internal/dissolve.(*Dissolver).Run in goroutine 3352
	/home/mariell/go/pkg/mod/github.com/centrifugal/centrifuge@v0.33.3/internal/dissolve/dissolve.go:31 +0x25

goroutine 4286 [select]:
github.com/grafana/grafana/pkg/storage/unified/resource.(*broadcaster[...]).stream(0xab113a0, 0xc00503e0e0)
	/home/mariell/work/oss/grafana/pkg/storage/unified/resource/broadcaster.go:205 +0x13d
created by github.com/grafana/grafana/pkg/storage/unified/resource.(*broadcaster[...]).init in goroutine 3352
	/home/mariell/work/oss/grafana/pkg/storage/unified/resource/broadcaster.go:177 +0x219

goroutine 7407 [sync.Cond.Wait]:
sync.runtime_notifyListWait(0xc0088a2350, 0xf)
	/usr/lib/go/src/runtime/sema.go:597 +0x159
sync.(*Cond).Wait(0x0?)
	/usr/lib/go/src/sync/cond.go:71 +0x85
github.com/centrifugal/centrifuge/internal/dissolve.(*queueImpl).Wait(0xc0088a0620)
	/home/mariell/go/pkg/mod/github.com/centrifugal/centrifuge@v0.33.3/internal/dissolve/queue.go:139 +0x4a
github.com/centrifugal/centrifuge/internal/dissolve.(*Dissolver).runWorker(0xc001ba2798)
	/home/mariell/go/pkg/mod/github.com/centrifugal/centrifuge@v0.33.3/internal/dissolve/dissolve.go:52 +0x27
created by github.com/centrifugal/centrifuge/internal/dissolve.(*Dissolver).Run in goroutine 6291
	/home/mariell/go/pkg/mod/github.com/centrifugal/centrifuge@v0.33.3/internal/dissolve/dissolve.go:31 +0x25

goroutine 6090 [IO wait]:
internal/poll.runtime_pollWait(0x777559340af8, 0x72)
	/usr/lib/go/src/runtime/netpoll.go:351 +0x85
internal/poll.(*pollDesc).wait(0xc006530480?, 0xc003678600?, 0x0)
	/usr/lib/go/src/internal/poll/fd_poll_runtime.go:84 +0x27
internal/poll.(*pollDesc).waitRead(...)
	/usr/lib/go/src/internal/poll/fd_poll_runtime.go:89
internal/poll.(*FD).Read(0xc006530480, {0xc003678600, 0x1300, 0x1300})
	/usr/lib/go/src/internal/poll/fd_unix.go:165 +0x27a
net.(*netFD).Read(0xc006530480, {0xc003678600?, 0xc00660a910?, 0xa979528?})
	/usr/lib/go/src/net/fd_posix.go:55 +0x25
net.(*conn).Read(0xc0030836e8, {0xc003678600?, 0x777559397378?, 0x7775a8b298a0?})
	/usr/lib/go/src/net/net.go:194 +0x45
crypto/tls.(*atLeastReader).Read(0xc00491bab8, {0xc003678600?, 0xc00665c360?, 0xc006617340?})
	/usr/lib/go/src/crypto/tls/conn.go:809 +0x3b
bytes.(*Buffer).ReadFrom(0xc006435438, {0xa94e300, 0xc00491bab8})
	/usr/lib/go/src/bytes/buffer.go:211 +0x98
crypto/tls.(*Conn).readFromUntil(0xc006435188, {0xa94dc00, 0xc0030836e8}, 0x444af4?)
	/usr/lib/go/src/crypto/tls/conn.go:831 +0xde
crypto/tls.(*Conn).readRecordOrCCS(0xc006435188, 0x0)
	/usr/lib/go/src/crypto/tls/conn.go:629 +0x3cf
crypto/tls.(*Conn).readRecord(...)
	/usr/lib/go/src/crypto/tls/conn.go:591
crypto/tls.(*Conn).Read(0xc006435188, {0xc00669d000, 0x1000, 0x7775a8b298a0?})
	/usr/lib/go/src/crypto/tls/conn.go:1385 +0x145
net/http.(*persistConn).Read(0xc003385440, {0xc00669d000?, 0x4141c5?, 0x68?})
	/usr/lib/go/src/net/http/transport.go:2122 +0x47
bufio.(*Reader).fill(0xc0044486c0)
	/usr/lib/go/src/bufio/bufio.go:113 +0x103
bufio.(*Reader).Peek(0xc0044486c0, 0x1)
	/usr/lib/go/src/bufio/bufio.go:152 +0x53
net/http.(*persistConn).readLoop(0xc003385440)
	/usr/lib/go/src/net/http/transport.go:2275 +0x172
created by net/http.(*Transport).dialConn in goroutine 6063
	/usr/lib/go/src/net/http/transport.go:1944 +0x174f

goroutine 7831 [select]:
github.com/grafana/grafana/pkg/storage/unified/resource.(*cache[...]).run(0xc003c48690)
	/home/mariell/work/oss/grafana/pkg/storage/unified/resource/broadcaster.go:291 +0xb0
created by github.com/grafana/grafana/pkg/storage/unified/resource.newChannelCache[...] in goroutine 7699
	/home/mariell/work/oss/grafana/pkg/storage/unified/resource/broadcaster.go:276 +0x189

goroutine 4473 [sync.Cond.Wait]:
sync.runtime_notifyListWait(0xc0030e6090, 0x21)
	/usr/lib/go/src/runtime/sema.go:597 +0x159
sync.(*Cond).Wait(0xc002223fd0?)
	/usr/lib/go/src/sync/cond.go:71 +0x85
github.com/centrifugal/centrifuge/internal/dissolve.(*queueImpl).Wait(0xc005443c00)
	/home/mariell/go/pkg/mod/github.com/centrifugal/centrifuge@v0.33.3/internal/dissolve/queue.go:139 +0x4a
github.com/centrifugal/centrifuge/internal/dissolve.(*Dissolver).runWorker(0xc004694a20)
	/home/mariell/go/pkg/mod/github.com/centrifugal/centrifuge@v0.33.3/internal/dissolve/dissolve.go:52 +0x27
created by github.com/centrifugal/centrifuge/internal/dissolve.(*Dissolver).Run in goroutine 3352
	/home/mariell/go/pkg/mod/github.com/centrifugal/centrifuge@v0.33.3/internal/dissolve/dissolve.go:31 +0x25

goroutine 4481 [sync.Cond.Wait]:
sync.runtime_notifyListWait(0xc0030e6090, 0x29)
	/usr/lib/go/src/runtime/sema.go:597 +0x159
sync.(*Cond).Wait(0xc00471ffd0?)
	/usr/lib/go/src/sync/cond.go:71 +0x85
github.com/centrifugal/centrifuge/internal/dissolve.(*queueImpl).Wait(0xc005443c00)
	/home/mariell/go/pkg/mod/github.com/centrifugal/centrifuge@v0.33.3/internal/dissolve/queue.go:139 +0x4a
github.com/centrifugal/centrifuge/internal/dissolve.(*Dissolver).runWorker(0xc004694a20)
	/home/mariell/go/pkg/mod/github.com/centrifugal/centrifuge@v0.33.3/internal/dissolve/dissolve.go:52 +0x27
created by github.com/centrifugal/centrifuge/internal/dissolve.(*Dissolver).Run in goroutine 3352
	/home/mariell/go/pkg/mod/github.com/centrifugal/centrifuge@v0.33.3/internal/dissolve/dissolve.go:31 +0x25

goroutine 4482 [sync.Cond.Wait]:
sync.runtime_notifyListWait(0xc0030e6090, 0x2a)
	/usr/lib/go/src/runtime/sema.go:597 +0x159
sync.(*Cond).Wait(0x0?)
	/usr/lib/go/src/sync/cond.go:71 +0x85
github.com/centrifugal/centrifuge/internal/dissolve.(*queueImpl).Wait(0xc005443c00)
	/home/mariell/go/pkg/mod/github.com/centrifugal/centrifuge@v0.33.3/internal/dissolve/queue.go:139 +0x4a
github.com/centrifugal/centrifuge/internal/dissolve.(*Dissolver).runWorker(0xc004694a20)
	/home/mariell/go/pkg/mod/github.com/centrifugal/centrifuge@v0.33.3/internal/dissolve/dissolve.go:52 +0x27
created by github.com/centrifugal/centrifuge/internal/dissolve.(*Dissolver).Run in goroutine 3352
	/home/mariell/go/pkg/mod/github.com/centrifugal/centrifuge@v0.33.3/internal/dissolve/dissolve.go:31 +0x25

goroutine 4483 [sync.Cond.Wait]:
sync.runtime_notifyListWait(0xc0030e6090, 0x2b)
	/usr/lib/go/src/runtime/sema.go:597 +0x159
sync.(*Cond).Wait(0x0?)
	/usr/lib/go/src/sync/cond.go:71 +0x85
github.com/centrifugal/centrifuge/internal/dissolve.(*queueImpl).Wait(0xc005443c00)
	/home/mariell/go/pkg/mod/github.com/centrifugal/centrifuge@v0.33.3/internal/dissolve/queue.go:139 +0x4a
github.com/centrifugal/centrifuge/internal/dissolve.(*Dissolver).runWorker(0xc004694a20)
	/home/mariell/go/pkg/mod/github.com/centrifugal/centrifuge@v0.33.3/internal/dissolve/dissolve.go:52 +0x27
created by github.com/centrifugal/centrifuge/internal/dissolve.(*Dissolver).Run in goroutine 3352
	/home/mariell/go/pkg/mod/github.com/centrifugal/centrifuge@v0.33.3/internal/dissolve/dissolve.go:31 +0x25

goroutine 4484 [sync.Cond.Wait]:
sync.runtime_notifyListWait(0xc0030e6090, 0x2c)
	/usr/lib/go/src/runtime/sema.go:597 +0x159
sync.(*Cond).Wait(0x3a290a5d5b676966?)
	/usr/lib/go/src/sync/cond.go:71 +0x85
github.com/centrifugal/centrifuge/internal/dissolve.(*queueImpl).Wait(0xc005443c00)
	/home/mariell/go/pkg/mod/github.com/centrifugal/centrifuge@v0.33.3/internal/dissolve/queue.go:139 +0x4a
github.com/centrifugal/centrifuge/internal/dissolve.(*Dissolver).runWorker(0xc004694a20)
	/home/mariell/go/pkg/mod/github.com/centrifugal/centrifuge@v0.33.3/internal/dissolve/dissolve.go:52 +0x27
created by github.com/centrifugal/centrifuge/internal/dissolve.(*Dissolver).Run in goroutine 3352
	/home/mariell/go/pkg/mod/github.com/centrifugal/centrifuge@v0.33.3/internal/dissolve/dissolve.go:31 +0x25

goroutine 4485 [sync.Cond.Wait]:
sync.runtime_notifyListWait(0xc0030e6090, 0x2d)
	/usr/lib/go/src/runtime/sema.go:597 +0x159
sync.(*Cond).Wait(0x6d2020202020200a?)
	/usr/lib/go/src/sync/cond.go:71 +0x85
github.com/centrifugal/centrifuge/internal/dissolve.(*queueImpl).Wait(0xc005443c00)
	/home/mariell/go/pkg/mod/github.com/centrifugal/centrifuge@v0.33.3/internal/dissolve/queue.go:139 +0x4a
github.com/centrifugal/centrifuge/internal/dissolve.(*Dissolver).runWorker(0xc004694a20)
	/home/mariell/go/pkg/mod/github.com/centrifugal/centrifuge@v0.33.3/internal/dissolve/dissolve.go:52 +0x27
created by github.com/centrifugal/centrifuge/internal/dissolve.(*Dissolver).Run in goroutine 3352
	/home/mariell/go/pkg/mod/github.com/centrifugal/centrifuge@v0.33.3/internal/dissolve/dissolve.go:31 +0x25

goroutine 4486 [sync.Cond.Wait]:
sync.runtime_notifyListWait(0xc0030e6090, 0x2e)
	/usr/lib/go/src/runtime/sema.go:597 +0x159
sync.(*Cond).Wait(0xc001afa7d0?)
	/usr/lib/go/src/sync/cond.go:71 +0x85
github.com/centrifugal/centrifuge/internal/dissolve.(*queueImpl).Wait(0xc005443c00)
	/home/mariell/go/pkg/mod/github.com/centrifugal/centrifuge@v0.33.3/internal/dissolve/queue.go:139 +0x4a
github.com/centrifugal/centrifuge/internal/dissolve.(*Dissolver).runWorker(0xc004694a20)
	/home/mariell/go/pkg/mod/github.com/centrifugal/centrifuge@v0.33.3/internal/dissolve/dissolve.go:52 +0x27
created by github.com/centrifugal/centrifuge/internal/dissolve.(*Dissolver).Run in goroutine 3352
	/home/mariell/go/pkg/mod/github.com/centrifugal/centrifuge@v0.33.3/internal/dissolve/dissolve.go:31 +0x25

goroutine 4487 [sync.Cond.Wait]:
sync.runtime_notifyListWait(0xc0030e6090, 0x2f)
	/usr/lib/go/src/runtime/sema.go:597 +0x159
sync.(*Cond).Wait(0x0?)
	/usr/lib/go/src/sync/cond.go:71 +0x85
github.com/centrifugal/centrifuge/internal/dissolve.(*queueImpl).Wait(0xc005443c00)
	/home/mariell/go/pkg/mod/github.com/centrifugal/centrifuge@v0.33.3/internal/dissolve/queue.go:139 +0x4a
github.com/centrifugal/centrifuge/internal/dissolve.(*Dissolver).runWorker(0xc004694a20)
	/home/mariell/go/pkg/mod/github.com/centrifugal/centrifuge@v0.33.3/internal/dissolve/dissolve.go:52 +0x27
created by github.com/centrifugal/centrifuge/internal/dissolve.(*Dissolver).Run in goroutine 3352
	/home/mariell/go/pkg/mod/github.com/centrifugal/centrifuge@v0.33.3/internal/dissolve/dissolve.go:31 +0x25

goroutine 4488 [sync.Cond.Wait]:
sync.runtime_notifyListWait(0xc0030e6090, 0x30)
	/usr/lib/go/src/runtime/sema.go:597 +0x159
sync.(*Cond).Wait(0xc0022247d0?)
	/usr/lib/go/src/sync/cond.go:71 +0x85
github.com/centrifugal/centrifuge/internal/dissolve.(*queueImpl).Wait(0xc005443c00)
	/home/mariell/go/pkg/mod/github.com/centrifugal/centrifuge@v0.33.3/internal/dissolve/queue.go:139 +0x4a
github.com/centrifugal/centrifuge/internal/dissolve.(*Dissolver).runWorker(0xc004694a20)
	/home/mariell/go/pkg/mod/github.com/centrifugal/centrifuge@v0.33.3/internal/dissolve/dissolve.go:52 +0x27
created by github.com/centrifugal/centrifuge/internal/dissolve.(*Dissolver).Run in goroutine 3352
	/home/mariell/go/pkg/mod/github.com/centrifugal/centrifuge@v0.33.3/internal/dissolve/dissolve.go:31 +0x25

goroutine 4489 [sync.Cond.Wait]:
sync.runtime_notifyListWait(0xc0030e6090, 0x31)
	/usr/lib/go/src/runtime/sema.go:597 +0x159
sync.(*Cond).Wait(0xc005807b94?)
	/usr/lib/go/src/sync/cond.go:71 +0x85
github.com/centrifugal/centrifuge/internal/dissolve.(*queueImpl).Wait(0xc005443c00)
	/home/mariell/go/pkg/mod/github.com/centrifugal/centrifuge@v0.33.3/internal/dissolve/queue.go:139 +0x4a
github.com/centrifugal/centrifuge/internal/dissolve.(*Dissolver).runWorker(0xc004694a20)
	/home/mariell/go/pkg/mod/github.com/centrifugal/centrifuge@v0.33.3/internal/dissolve/dissolve.go:52 +0x27
created by github.com/centrifugal/centrifuge/internal/dissolve.(*Dissolver).Run in goroutine 3352
	/home/mariell/go/pkg/mod/github.com/centrifugal/centrifuge@v0.33.3/internal/dissolve/dissolve.go:31 +0x25

goroutine 4490 [sync.Cond.Wait]:
sync.runtime_notifyListWait(0xc0030e6090, 0x32)
	/usr/lib/go/src/runtime/sema.go:597 +0x159
sync.(*Cond).Wait(0x0?)
	/usr/lib/go/src/sync/cond.go:71 +0x85
github.com/centrifugal/centrifuge/internal/dissolve.(*queueImpl).Wait(0xc005443c00)
	/home/mariell/go/pkg/mod/github.com/centrifugal/centrifuge@v0.33.3/internal/dissolve/queue.go:139 +0x4a
github.com/centrifugal/centrifuge/internal/dissolve.(*Dissolver).runWorker(0xc004694a20)
	/home/mariell/go/pkg/mod/github.com/centrifugal/centrifuge@v0.33.3/internal/dissolve/dissolve.go:52 +0x27
created by github.com/centrifugal/centrifuge/internal/dissolve.(*Dissolver).Run in goroutine 3352
	/home/mariell/go/pkg/mod/github.com/centrifugal/centrifuge@v0.33.3/internal/dissolve/dissolve.go:31 +0x25

goroutine 4491 [sync.Cond.Wait]:
sync.runtime_notifyListWait(0xc0030e6090, 0x33)
	/usr/lib/go/src/runtime/sema.go:597 +0x159
sync.(*Cond).Wait(0x0?)
	/usr/lib/go/src/sync/cond.go:71 +0x85
github.com/centrifugal/centrifuge/internal/dissolve.(*queueImpl).Wait(0xc005443c00)
	/home/mariell/go/pkg/mod/github.com/centrifugal/centrifuge@v0.33.3/internal/dissolve/queue.go:139 +0x4a
github.com/centrifugal/centrifuge/internal/dissolve.(*Dissolver).runWorker(0xc004694a20)
	/home/mariell/go/pkg/mod/github.com/centrifugal/centrifuge@v0.33.3/internal/dissolve/dissolve.go:52 +0x27
created by github.com/centrifugal/centrifuge/internal/dissolve.(*Dissolver).Run in goroutine 3352
	/home/mariell/go/pkg/mod/github.com/centrifugal/centrifuge@v0.33.3/internal/dissolve/dissolve.go:31 +0x25

goroutine 4492 [sync.Cond.Wait]:
sync.runtime_notifyListWait(0xc0030e6090, 0x34)
	/usr/lib/go/src/runtime/sema.go:597 +0x159
sync.(*Cond).Wait(0x4f4c4040222c2245?)
	/usr/lib/go/src/sync/cond.go:71 +0x85
github.com/centrifugal/centrifuge/internal/dissolve.(*queueImpl).Wait(0xc005443c00)
	/home/mariell/go/pkg/mod/github.com/centrifugal/centrifuge@v0.33.3/internal/dissolve/queue.go:139 +0x4a
github.com/centrifugal/centrifuge/internal/dissolve.(*Dissolver).runWorker(0xc004694a20)
	/home/mariell/go/pkg/mod/github.com/centrifugal/centrifuge@v0.33.3/internal/dissolve/dissolve.go:52 +0x27
created by github.com/centrifugal/centrifuge/internal/dissolve.(*Dissolver).Run in goroutine 3352
	/home/mariell/go/pkg/mod/github.com/centrifugal/centrifuge@v0.33.3/internal/dissolve/dissolve.go:31 +0x25

goroutine 4493 [sync.Cond.Wait]:
sync.runtime_notifyListWait(0xc0030e6090, 0x35)
	/usr/lib/go/src/runtime/sema.go:597 +0x159
sync.(*Cond).Wait(0x0?)
	/usr/lib/go/src/sync/cond.go:71 +0x85
github.com/centrifugal/centrifuge/internal/dissolve.(*queueImpl).Wait(0xc005443c00)
	/home/mariell/go/pkg/mod/github.com/centrifugal/centrifuge@v0.33.3/internal/dissolve/queue.go:139 +0x4a
github.com/centrifugal/centrifuge/internal/dissolve.(*Dissolver).runWorker(0xc004694a20)
	/home/mariell/go/pkg/mod/github.com/centrifugal/centrifuge@v0.33.3/internal/dissolve/dissolve.go:52 +0x27
created by github.com/centrifugal/centrifuge/internal/dissolve.(*Dissolver).Run in goroutine 3352
	/home/mariell/go/pkg/mod/github.com/centrifugal/centrifuge@v0.33.3/internal/dissolve/dissolve.go:31 +0x25

goroutine 4494 [sync.Cond.Wait]:
sync.runtime_notifyListWait(0xc0030e6090, 0x23)
	/usr/lib/go/src/runtime/sema.go:597 +0x159
sync.(*Cond).Wait(0x0?)
	/usr/lib/go/src/sync/cond.go:71 +0x85
github.com/centrifugal/centrifuge/internal/dissolve.(*queueImpl).Wait(0xc005443c00)
	/home/mariell/go/pkg/mod/github.com/centrifugal/centrifuge@v0.33.3/internal/dissolve/queue.go:139 +0x4a
github.com/centrifugal/centrifuge/internal/dissolve.(*Dissolver).runWorker(0xc004694a20)
	/home/mariell/go/pkg/mod/github.com/centrifugal/centrifuge@v0.33.3/internal/dissolve/dissolve.go:52 +0x27
created by github.com/centrifugal/centrifuge/internal/dissolve.(*Dissolver).Run in goroutine 3352
	/home/mariell/go/pkg/mod/github.com/centrifugal/centrifuge@v0.33.3/internal/dissolve/dissolve.go:31 +0x25

goroutine 4495 [sync.Cond.Wait]:
sync.runtime_notifyListWait(0xc0030e6090, 0x37)
	/usr/lib/go/src/runtime/sema.go:597 +0x159
sync.(*Cond).Wait(0x0?)
	/usr/lib/go/src/sync/cond.go:71 +0x85
github.com/centrifugal/centrifuge/internal/dissolve.(*queueImpl).Wait(0xc005443c00)
	/home/mariell/go/pkg/mod/github.com/centrifugal/centrifuge@v0.33.3/internal/dissolve/queue.go:139 +0x4a
github.com/centrifugal/centrifuge/internal/dissolve.(*Dissolver).runWorker(0xc004694a20)
	/home/mariell/go/pkg/mod/github.com/centrifugal/centrifuge@v0.33.3/internal/dissolve/dissolve.go:52 +0x27
created by github.com/centrifugal/centrifuge/internal/dissolve.(*Dissolver).Run in goroutine 3352
	/home/mariell/go/pkg/mod/github.com/centrifugal/centrifuge@v0.33.3/internal/dissolve/dissolve.go:31 +0x25

goroutine 4496 [sync.Cond.Wait]:
sync.runtime_notifyListWait(0xc0030e6090, 0x38)
	/usr/lib/go/src/runtime/sema.go:597 +0x159
sync.(*Cond).Wait(0x0?)
	/usr/lib/go/src/sync/cond.go:71 +0x85
github.com/centrifugal/centrifuge/internal/dissolve.(*queueImpl).Wait(0xc005443c00)
	/home/mariell/go/pkg/mod/github.com/centrifugal/centrifuge@v0.33.3/internal/dissolve/queue.go:139 +0x4a
github.com/centrifugal/centrifuge/internal/dissolve.(*Dissolver).runWorker(0xc004694a20)
	/home/mariell/go/pkg/mod/github.com/centrifugal/centrifuge@v0.33.3/internal/dissolve/dissolve.go:52 +0x27
created by github.com/centrifugal/centrifuge/internal/dissolve.(*Dissolver).Run in goroutine 3352
	/home/mariell/go/pkg/mod/github.com/centrifugal/centrifuge@v0.33.3/internal/dissolve/dissolve.go:31 +0x25

goroutine 4497 [sync.Cond.Wait]:
sync.runtime_notifyListWait(0xc0030e6090, 0x39)
	/usr/lib/go/src/runtime/sema.go:597 +0x159
sync.(*Cond).Wait(0x5?)
	/usr/lib/go/src/sync/cond.go:71 +0x85
github.com/centrifugal/centrifuge/internal/dissolve.(*queueImpl).Wait(0xc005443c00)
	/home/mariell/go/pkg/mod/github.com/centrifugal/centrifuge@v0.33.3/internal/dissolve/queue.go:139 +0x4a
github.com/centrifugal/centrifuge/internal/dissolve.(*Dissolver).runWorker(0xc004694a20)
	/home/mariell/go/pkg/mod/github.com/centrifugal/centrifuge@v0.33.3/internal/dissolve/dissolve.go:52 +0x27
created by github.com/centrifugal/centrifuge/internal/dissolve.(*Dissolver).Run in goroutine 3352
	/home/mariell/go/pkg/mod/github.com/centrifugal/centrifuge@v0.33.3/internal/dissolve/dissolve.go:31 +0x25

goroutine 4498 [sync.Cond.Wait]:
sync.runtime_notifyListWait(0xc0030e6090, 0x3a)
	/usr/lib/go/src/runtime/sema.go:597 +0x159
sync.(*Cond).Wait(0x0?)
	/usr/lib/go/src/sync/cond.go:71 +0x85
github.com/centrifugal/centrifuge/internal/dissolve.(*queueImpl).Wait(0xc005443c00)
	/home/mariell/go/pkg/mod/github.com/centrifugal/centrifuge@v0.33.3/internal/dissolve/queue.go:139 +0x4a
github.com/centrifugal/centrifuge/internal/dissolve.(*Dissolver).runWorker(0xc004694a20)
	/home/mariell/go/pkg/mod/github.com/centrifugal/centrifuge@v0.33.3/internal/dissolve/dissolve.go:52 +0x27
created by github.com/centrifugal/centrifuge/internal/dissolve.(*Dissolver).Run in goroutine 3352
	/home/mariell/go/pkg/mod/github.com/centrifugal/centrifuge@v0.33.3/internal/dissolve/dissolve.go:31 +0x25

goroutine 4499 [sync.Cond.Wait]:
sync.runtime_notifyListWait(0xc0030e6090, 0x3b)
	/usr/lib/go/src/runtime/sema.go:597 +0x159
sync.(*Cond).Wait(0x1?)
	/usr/lib/go/src/sync/cond.go:71 +0x85
github.com/centrifugal/centrifuge/internal/dissolve.(*queueImpl).Wait(0xc005443c00)
	/home/mariell/go/pkg/mod/github.com/centrifugal/centrifuge@v0.33.3/internal/dissolve/queue.go:139 +0x4a
github.com/centrifugal/centrifuge/internal/dissolve.(*Dissolver).runWorker(0xc004694a20)
	/home/mariell/go/pkg/mod/github.com/centrifugal/centrifuge@v0.33.3/internal/dissolve/dissolve.go:52 +0x27
created by github.com/centrifugal/centrifuge/internal/dissolve.(*Dissolver).Run in goroutine 3352
	/home/mariell/go/pkg/mod/github.com/centrifugal/centrifuge@v0.33.3/internal/dissolve/dissolve.go:31 +0x25

goroutine 4500 [sync.Cond.Wait]:
sync.runtime_notifyListWait(0xc0030e6090, 0x3c)
	/usr/lib/go/src/runtime/sema.go:597 +0x159
sync.(*Cond).Wait(0x0?)
	/usr/lib/go/src/sync/cond.go:71 +0x85
github.com/centrifugal/centrifuge/internal/dissolve.(*queueImpl).Wait(0xc005443c00)
	/home/mariell/go/pkg/mod/github.com/centrifugal/centrifuge@v0.33.3/internal/dissolve/queue.go:139 +0x4a
github.com/centrifugal/centrifuge/internal/dissolve.(*Dissolver).runWorker(0xc004694a20)
	/home/mariell/go/pkg/mod/github.com/centrifugal/centrifuge@v0.33.3/internal/dissolve/dissolve.go:52 +0x27
created by github.com/centrifugal/centrifuge/internal/dissolve.(*Dissolver).Run in goroutine 3352
	/home/mariell/go/pkg/mod/github.com/centrifugal/centrifuge@v0.33.3/internal/dissolve/dissolve.go:31 +0x25

goroutine 4501 [sync.Cond.Wait]:
sync.runtime_notifyListWait(0xc0030e6090, 0x3d)
	/usr/lib/go/src/runtime/sema.go:597 +0x159
sync.(*Cond).Wait(0x15?)
	/usr/lib/go/src/sync/cond.go:71 +0x85
github.com/centrifugal/centrifuge/internal/dissolve.(*queueImpl).Wait(0xc005443c00)
	/home/mariell/go/pkg/mod/github.com/centrifugal/centrifuge@v0.33.3/internal/dissolve/queue.go:139 +0x4a
github.com/centrifugal/centrifuge/internal/dissolve.(*Dissolver).runWorker(0xc004694a20)
	/home/mariell/go/pkg/mod/github.com/centrifugal/centrifuge@v0.33.3/internal/dissolve/dissolve.go:52 +0x27
created by github.com/centrifugal/centrifuge/internal/dissolve.(*Dissolver).Run in goroutine 3352
	/home/mariell/go/pkg/mod/github.com/centrifugal/centrifuge@v0.33.3/internal/dissolve/dissolve.go:31 +0x25

goroutine 4502 [sync.Cond.Wait]:
sync.runtime_notifyListWait(0xc0030e6090, 0x3e)
	/usr/lib/go/src/runtime/sema.go:597 +0x159
sync.(*Cond).Wait(0x0?)
	/usr/lib/go/src/sync/cond.go:71 +0x85
github.com/centrifugal/centrifuge/internal/dissolve.(*queueImpl).Wait(0xc005443c00)
	/home/mariell/go/pkg/mod/github.com/centrifugal/centrifuge@v0.33.3/internal/dissolve/queue.go:139 +0x4a
github.com/centrifugal/centrifuge/internal/dissolve.(*Dissolver).runWorker(0xc004694a20)
	/home/mariell/go/pkg/mod/github.com/centrifugal/centrifuge@v0.33.3/internal/dissolve/dissolve.go:52 +0x27
created by github.com/centrifugal/centrifuge/internal/dissolve.(*Dissolver).Run in goroutine 3352
	/home/mariell/go/pkg/mod/github.com/centrifugal/centrifuge@v0.33.3/internal/dissolve/dissolve.go:31 +0x25

goroutine 4503 [sync.Cond.Wait]:
sync.runtime_notifyListWait(0xc0030e6090, 0x3f)
	/usr/lib/go/src/runtime/sema.go:597 +0x159
sync.(*Cond).Wait(0x1?)
	/usr/lib/go/src/sync/cond.go:71 +0x85
github.com/centrifugal/centrifuge/internal/dissolve.(*queueImpl).Wait(0xc005443c00)
	/home/mariell/go/pkg/mod/github.com/centrifugal/centrifuge@v0.33.3/internal/dissolve/queue.go:139 +0x4a
github.com/centrifugal/centrifuge/internal/dissolve.(*Dissolver).runWorker(0xc004694a20)
	/home/mariell/go/pkg/mod/github.com/centrifugal/centrifuge@v0.33.3/internal/dissolve/dissolve.go:52 +0x27
created by github.com/centrifugal/centrifuge/internal/dissolve.(*Dissolver).Run in goroutine 3352
	/home/mariell/go/pkg/mod/github.com/centrifugal/centrifuge@v0.33.3/internal/dissolve/dissolve.go:31 +0x25

goroutine 4504 [sync.Cond.Wait]:
sync.runtime_notifyListWait(0xc0030e6090, 0x36)
	/usr/lib/go/src/runtime/sema.go:597 +0x159
sync.(*Cond).Wait(0x0?)
	/usr/lib/go/src/sync/cond.go:71 +0x85
github.com/centrifugal/centrifuge/internal/dissolve.(*queueImpl).Wait(0xc005443c00)
	/home/mariell/go/pkg/mod/github.com/centrifugal/centrifuge@v0.33.3/internal/dissolve/queue.go:139 +0x4a
github.com/centrifugal/centrifuge/internal/dissolve.(*Dissolver).runWorker(0xc004694a20)
	/home/mariell/go/pkg/mod/github.com/centrifugal/centrifuge@v0.33.3/internal/dissolve/dissolve.go:52 +0x27
created by github.com/centrifugal/centrifuge/internal/dissolve.(*Dissolver).Run in goroutine 3352
	/home/mariell/go/pkg/mod/github.com/centrifugal/centrifuge@v0.33.3/internal/dissolve/dissolve.go:31 +0x25

goroutine 14858 [sync.Cond.Wait]:
sync.runtime_notifyListWait(0xc00cfe9cd0, 0xe)
	/usr/lib/go/src/runtime/sema.go:597 +0x159
sync.(*Cond).Wait(0xc0096fc7d0?)
	/usr/lib/go/src/sync/cond.go:71 +0x85
github.com/centrifugal/centrifuge/internal/dissolve.(*queueImpl).Wait(0xc00c22f1f0)
	/home/mariell/go/pkg/mod/github.com/centrifugal/centrifuge@v0.33.3/internal/dissolve/queue.go:139 +0x4a
github.com/centrifugal/centrifuge/internal/dissolve.(*Dissolver).runWorker(0xc0034e9ed8)
	/home/mariell/go/pkg/mod/github.com/centrifugal/centrifuge@v0.33.3/internal/dissolve/dissolve.go:52 +0x27
created by github.com/centrifugal/centrifuge/internal/dissolve.(*Dissolver).Run in goroutine 13738
	/home/mariell/go/pkg/mod/github.com/centrifugal/centrifuge@v0.33.3/internal/dissolve/dissolve.go:31 +0x25

goroutine 7447 [sync.Cond.Wait]:
sync.runtime_notifyListWait(0xc0088a2350, 0x2e)
	/usr/lib/go/src/runtime/sema.go:597 +0x159
sync.(*Cond).Wait(0xc005e287d0?)
	/usr/lib/go/src/sync/cond.go:71 +0x85
github.com/centrifugal/centrifuge/internal/dissolve.(*queueImpl).Wait(0xc0088a0620)
	/home/mariell/go/pkg/mod/github.com/centrifugal/centrifuge@v0.33.3/internal/dissolve/queue.go:139 +0x4a
github.com/centrifugal/centrifuge/internal/dissolve.(*Dissolver).runWorker(0xc001ba2798)
	/home/mariell/go/pkg/mod/github.com/centrifugal/centrifuge@v0.33.3/internal/dissolve/dissolve.go:52 +0x27
created by github.com/centrifugal/centrifuge/internal/dissolve.(*Dissolver).Run in goroutine 6291
	/home/mariell/go/pkg/mod/github.com/centrifugal/centrifuge@v0.33.3/internal/dissolve/dissolve.go:31 +0x25

goroutine 7082 [select]:
github.com/patrickmn/go-cache.(*janitor).Run(0xc00192e4d0, 0xc0024331c0)
	/home/mariell/go/pkg/mod/github.com/patrickmn/go-cache@v2.1.0+incompatible/cache.go:1079 +0x7b
created by github.com/patrickmn/go-cache.runJanitor in goroutine 6291
	/home/mariell/go/pkg/mod/github.com/patrickmn/go-cache@v2.1.0+incompatible/cache.go:1099 +0xdb

goroutine 7414 [sync.Cond.Wait]:
sync.runtime_notifyListWait(0xc0088a2350, 0x1c)
	/usr/lib/go/src/runtime/sema.go:597 +0x159
sync.(*Cond).Wait(0x0?)
	/usr/lib/go/src/sync/cond.go:71 +0x85
github.com/centrifugal/centrifuge/internal/dissolve.(*queueImpl).Wait(0xc0088a0620)
	/home/mariell/go/pkg/mod/github.com/centrifugal/centrifuge@v0.33.3/internal/dissolve/queue.go:139 +0x4a
github.com/centrifugal/centrifuge/internal/dissolve.(*Dissolver).runWorker(0xc001ba2798)
	/home/mariell/go/pkg/mod/github.com/centrifugal/centrifuge@v0.33.3/internal/dissolve/dissolve.go:52 +0x27
created by github.com/centrifugal/centrifuge/internal/dissolve.(*Dissolver).Run in goroutine 6291
	/home/mariell/go/pkg/mod/github.com/centrifugal/centrifuge@v0.33.3/internal/dissolve/dissolve.go:31 +0x25

goroutine 4561 [select]:
github.com/patrickmn/go-cache.(*janitor).Run(0xc00378a400, 0xc001c94700)
	/home/mariell/go/pkg/mod/github.com/patrickmn/go-cache@v2.1.0+incompatible/cache.go:1079 +0x7b
created by github.com/patrickmn/go-cache.runJanitor in goroutine 3352
	/home/mariell/go/pkg/mod/github.com/patrickmn/go-cache@v2.1.0+incompatible/cache.go:1099 +0xdb

goroutine 4567 [select]:
github.com/patrickmn/go-cache.(*janitor).Run(0xc00389c6d0, 0xc00414a940)
	/home/mariell/go/pkg/mod/github.com/patrickmn/go-cache@v2.1.0+incompatible/cache.go:1079 +0x7b
created by github.com/patrickmn/go-cache.runJanitor in goroutine 3352
	/home/mariell/go/pkg/mod/github.com/patrickmn/go-cache@v2.1.0+incompatible/cache.go:1099 +0xdb

goroutine 4568 [select]:
github.com/patrickmn/go-cache.(*janitor).Run(0xc00389c7f0, 0xc00414aa00)
	/home/mariell/go/pkg/mod/github.com/patrickmn/go-cache@v2.1.0+incompatible/cache.go:1079 +0x7b
created by github.com/patrickmn/go-cache.runJanitor in goroutine 3352
	/home/mariell/go/pkg/mod/github.com/patrickmn/go-cache@v2.1.0+incompatible/cache.go:1099 +0xdb

goroutine 4569 [select]:
github.com/patrickmn/go-cache.(*janitor).Run(0xc00389c800, 0xc00414aa40)
	/home/mariell/go/pkg/mod/github.com/patrickmn/go-cache@v2.1.0+incompatible/cache.go:1079 +0x7b
created by github.com/patrickmn/go-cache.runJanitor in goroutine 3352
	/home/mariell/go/pkg/mod/github.com/patrickmn/go-cache@v2.1.0+incompatible/cache.go:1099 +0xdb

goroutine 4647 [select]:
github.com/patrickmn/go-cache.(*janitor).Run(0xc003a14fc0, 0xc0041a1380)
	/home/mariell/go/pkg/mod/github.com/patrickmn/go-cache@v2.1.0+incompatible/cache.go:1079 +0x7b
created by github.com/patrickmn/go-cache.runJanitor in goroutine 3352
	/home/mariell/go/pkg/mod/github.com/patrickmn/go-cache@v2.1.0+incompatible/cache.go:1099 +0xdb

goroutine 4649 [select]:
github.com/patrickmn/go-cache.(*janitor).Run(0xc003a15f50, 0xc0041a1cc0)
	/home/mariell/go/pkg/mod/github.com/patrickmn/go-cache@v2.1.0+incompatible/cache.go:1079 +0x7b
created by github.com/patrickmn/go-cache.runJanitor in goroutine 3352
	/home/mariell/go/pkg/mod/github.com/patrickmn/go-cache@v2.1.0+incompatible/cache.go:1099 +0xdb

goroutine 6257 [select]:
k8s.io/apimachinery/pkg/util/wait.BackoffUntil(0xc0036f0c80, {0xa95ac00, 0xc004a8e030}, 0x1, 0xc0054de230)
	/home/mariell/go/pkg/mod/k8s.io/apimachinery@v0.32.1/pkg/util/wait/backoff.go:238 +0x12c
k8s.io/apimachinery/pkg/util/wait.JitterUntil(0xc0036f0c80, 0x3b9aca00, 0x3ff3333333333333, 0x1, 0xc0054de230)
	/home/mariell/go/pkg/mod/k8s.io/apimachinery@v0.32.1/pkg/util/wait/backoff.go:204 +0x7f
created by k8s.io/apiserver/pkg/registry/generic/registry.(*Store).startObservingCount in goroutine 7699
	/home/mariell/go/pkg/mod/k8s.io/apiserver@v0.32.1/pkg/registry/generic/registry/store.go:1666 +0x2f9

goroutine 4738 [select]:
go.opentelemetry.io/otel/sdk/trace.(*batchSpanProcessor).processQueue(0xc005976820)
	/home/mariell/go/pkg/mod/go.opentelemetry.io/otel/sdk@v1.34.0/trace/batch_span_processor.go:302 +0x114
go.opentelemetry.io/otel/sdk/trace.NewBatchSpanProcessor.func1()
	/home/mariell/go/pkg/mod/go.opentelemetry.io/otel/sdk@v1.34.0/trace/batch_span_processor.go:117 +0x4e
created by go.opentelemetry.io/otel/sdk/trace.NewBatchSpanProcessor in goroutine 3352
	/home/mariell/go/pkg/mod/go.opentelemetry.io/otel/sdk@v1.34.0/trace/batch_span_processor.go:115 +0x2d9

goroutine 6091 [select]:
net/http.(*persistConn).writeLoop(0xc003385440)
	/usr/lib/go/src/net/http/transport.go:2590 +0xe7
created by net/http.(*Transport).dialConn in goroutine 6063
	/usr/lib/go/src/net/http/transport.go:1945 +0x17a5

goroutine 14908 [sync.Cond.Wait]:
sync.runtime_notifyListWait(0xc00cfe9cd0, 0x3f)
	/usr/lib/go/src/runtime/sema.go:597 +0x159
sync.(*Cond).Wait(0x0?)
	/usr/lib/go/src/sync/cond.go:71 +0x85
github.com/centrifugal/centrifuge/internal/dissolve.(*queueImpl).Wait(0xc00c22f1f0)
	/home/mariell/go/pkg/mod/github.com/centrifugal/centrifuge@v0.33.3/internal/dissolve/queue.go:139 +0x4a
github.com/centrifugal/centrifuge/internal/dissolve.(*Dissolver).runWorker(0xc0034e9ed8)
	/home/mariell/go/pkg/mod/github.com/centrifugal/centrifuge@v0.33.3/internal/dissolve/dissolve.go:52 +0x27
created by github.com/centrifugal/centrifuge/internal/dissolve.(*Dissolver).Run in goroutine 13738
	/home/mariell/go/pkg/mod/github.com/centrifugal/centrifuge@v0.33.3/internal/dissolve/dissolve.go:31 +0x25

goroutine 9355 [select]:
k8s.io/apimachinery/pkg/util/wait.BackoffUntil(0xc00a228680, {0xa95ac00, 0xc00a188030}, 0x1, 0xc001d9e150)
	/home/mariell/go/pkg/mod/k8s.io/apimachinery@v0.32.1/pkg/util/wait/backoff.go:238 +0x12c
k8s.io/apimachinery/pkg/util/wait.JitterUntil(0xc00a228680, 0x3b9aca00, 0x3ff3333333333333, 0x1, 0xc001d9e150)
	/home/mariell/go/pkg/mod/k8s.io/apimachinery@v0.32.1/pkg/util/wait/backoff.go:204 +0x7f
created by k8s.io/apiserver/pkg/registry/generic/registry.(*Store).startObservingCount in goroutine 9202
	/home/mariell/go/pkg/mod/k8s.io/apiserver@v0.32.1/pkg/registry/generic/registry/store.go:1666 +0x2f9

goroutine 3290 [select]:
database/sql.(*DB).connectionCleaner(0xc00158a750, 0xc0018fd110?)
	/usr/lib/go/src/database/sql/sql.go:1104 +0x9c
created by database/sql.(*DB).startCleanerLocked in goroutine 4441
	/usr/lib/go/src/database/sql/sql.go:1091 +0x105

goroutine 10459 [sync.Cond.Wait]:
sync.runtime_notifyListWait(0xc002b17c10, 0x11)
	/usr/lib/go/src/runtime/sema.go:597 +0x159
sync.(*Cond).Wait(0x0?)
	/usr/lib/go/src/sync/cond.go:71 +0x85
github.com/centrifugal/centrifuge/internal/dissolve.(*queueImpl).Wait(0xc004c930a0)
	/home/mariell/go/pkg/mod/github.com/centrifugal/centrifuge@v0.33.3/internal/dissolve/queue.go:139 +0x4a
github.com/centrifugal/centrifuge/internal/dissolve.(*Dissolver).runWorker(0xc000b16930)
	/home/mariell/go/pkg/mod/github.com/centrifugal/centrifuge@v0.33.3/internal/dissolve/dissolve.go:52 +0x27
created by github.com/centrifugal/centrifuge/internal/dissolve.(*Dissolver).Run in goroutine 9307
	/home/mariell/go/pkg/mod/github.com/centrifugal/centrifuge@v0.33.3/internal/dissolve/dissolve.go:31 +0x25

goroutine 10456 [sync.Cond.Wait]:
sync.runtime_notifyListWait(0xc002b17c10, 0xe)
	/usr/lib/go/src/runtime/sema.go:597 +0x159
sync.(*Cond).Wait(0xc00a28dfd0?)
	/usr/lib/go/src/sync/cond.go:71 +0x85
github.com/centrifugal/centrifuge/internal/dissolve.(*queueImpl).Wait(0xc004c930a0)
	/home/mariell/go/pkg/mod/github.com/centrifugal/centrifuge@v0.33.3/internal/dissolve/queue.go:139 +0x4a
github.com/centrifugal/centrifuge/internal/dissolve.(*Dissolver).runWorker(0xc000b16930)
	/home/mariell/go/pkg/mod/github.com/centrifugal/centrifuge@v0.33.3/internal/dissolve/dissolve.go:52 +0x27
created by github.com/centrifugal/centrifuge/internal/dissolve.(*Dissolver).Run in goroutine 9307
	/home/mariell/go/pkg/mod/github.com/centrifugal/centrifuge@v0.33.3/internal/dissolve/dissolve.go:31 +0x25

goroutine 9352 [chan receive]:
github.com/grafana/grafana/pkg/storage/unified/resource.(*server).initWatcher.func1.1()
	/home/mariell/work/oss/grafana/pkg/storage/unified/resource/server.go:922 +0x58
created by github.com/grafana/grafana/pkg/storage/unified/resource.(*server).initWatcher.func1 in goroutine 9202
	/home/mariell/work/oss/grafana/pkg/storage/unified/resource/server.go:921 +0xaa

goroutine 7403 [sync.Cond.Wait]:
sync.runtime_notifyListWait(0xc0088a2350, 0xb)
	/usr/lib/go/src/runtime/sema.go:597 +0x159
sync.(*Cond).Wait(0x0?)
	/usr/lib/go/src/sync/cond.go:71 +0x85
github.com/centrifugal/centrifuge/internal/dissolve.(*queueImpl).Wait(0xc0088a0620)
	/home/mariell/go/pkg/mod/github.com/centrifugal/centrifuge@v0.33.3/internal/dissolve/queue.go:139 +0x4a
github.com/centrifugal/centrifuge/internal/dissolve.(*Dissolver).runWorker(0xc001ba2798)
	/home/mariell/go/pkg/mod/github.com/centrifugal/centrifuge@v0.33.3/internal/dissolve/dissolve.go:52 +0x27
created by github.com/centrifugal/centrifuge/internal/dissolve.(*Dissolver).Run in goroutine 6291
	/home/mariell/go/pkg/mod/github.com/centrifugal/centrifuge@v0.33.3/internal/dissolve/dissolve.go:31 +0x25

goroutine 20942 [sync.Cond.Wait]:
sync.runtime_notifyListWait(0xc00b15c310, 0x13)
	/usr/lib/go/src/runtime/sema.go:597 +0x159
sync.(*Cond).Wait(0xc00b4eb7d0?)
	/usr/lib/go/src/sync/cond.go:71 +0x85
github.com/centrifugal/centrifuge/internal/dissolve.(*queueImpl).Wait(0xc00b2a7340)
	/home/mariell/go/pkg/mod/github.com/centrifugal/centrifuge@v0.33.3/internal/dissolve/queue.go:139 +0x4a
github.com/centrifugal/centrifuge/internal/dissolve.(*Dissolver).runWorker(0xc010c1ed20)
	/home/mariell/go/pkg/mod/github.com/centrifugal/centrifuge@v0.33.3/internal/dissolve/dissolve.go:52 +0x27
created by github.com/centrifugal/centrifuge/internal/dissolve.(*Dissolver).Run in goroutine 19735
	/home/mariell/go/pkg/mod/github.com/centrifugal/centrifuge@v0.33.3/internal/dissolve/dissolve.go:31 +0x25

goroutine 11990 [sync.Cond.Wait]:
sync.runtime_notifyListWait(0xc0082fe010, 0x20)
	/usr/lib/go/src/runtime/sema.go:597 +0x159
sync.(*Cond).Wait(0xc00a29f7d0?)
	/usr/lib/go/src/sync/cond.go:71 +0x85
github.com/centrifugal/centrifuge/internal/dissolve.(*queueImpl).Wait(0xc0088a18f0)
	/home/mariell/go/pkg/mod/github.com/centrifugal/centrifuge@v0.33.3/internal/dissolve/queue.go:139 +0x4a
github.com/centrifugal/centrifuge/internal/dissolve.(*Dissolver).runWorker(0xc003c41ef0)
	/home/mariell/go/pkg/mod/github.com/centrifugal/centrifuge@v0.33.3/internal/dissolve/dissolve.go:52 +0x27
created by github.com/centrifugal/centrifuge/internal/dissolve.(*Dissolver).Run in goroutine 10841
	/home/mariell/go/pkg/mod/github.com/centrifugal/centrifuge@v0.33.3/internal/dissolve/dissolve.go:31 +0x25

goroutine 6126 [select]:
github.com/grafana/grafana/pkg/storage/unified/resource.(*cache[...]).run(0xc005e3b798)
	/home/mariell/work/oss/grafana/pkg/storage/unified/resource/broadcaster.go:291 +0xb0
created by github.com/grafana/grafana/pkg/storage/unified/resource.newChannelCache[...] in goroutine 6087
	/home/mariell/work/oss/grafana/pkg/storage/unified/resource/broadcaster.go:276 +0x189

goroutine 9378 [select]:
database/sql.(*DB).connectionOpener(0xc0023b1ba0, {0xa9d1d00, 0xc0093f2be0})
	/usr/lib/go/src/database/sql/sql.go:1261 +0x87
created by database/sql.OpenDB in goroutine 9307
	/usr/lib/go/src/database/sql/sql.go:841 +0x130

goroutine 7406 [sync.Cond.Wait]:
sync.runtime_notifyListWait(0xc0088a2350, 0xe)
	/usr/lib/go/src/runtime/sema.go:597 +0x159
sync.(*Cond).Wait(0x0?)
	/usr/lib/go/src/sync/cond.go:71 +0x85
github.com/centrifugal/centrifuge/internal/dissolve.(*queueImpl).Wait(0xc0088a0620)
	/home/mariell/go/pkg/mod/github.com/centrifugal/centrifuge@v0.33.3/internal/dissolve/queue.go:139 +0x4a
github.com/centrifugal/centrifuge/internal/dissolve.(*Dissolver).runWorker(0xc001ba2798)
	/home/mariell/go/pkg/mod/github.com/centrifugal/centrifuge@v0.33.3/internal/dissolve/dissolve.go:52 +0x27
created by github.com/centrifugal/centrifuge/internal/dissolve.(*Dissolver).Run in goroutine 6291
	/home/mariell/go/pkg/mod/github.com/centrifugal/centrifuge@v0.33.3/internal/dissolve/dissolve.go:31 +0x25

goroutine 7434 [sync.Cond.Wait]:
sync.runtime_notifyListWait(0xc0088a2350, 0x11)
	/usr/lib/go/src/runtime/sema.go:597 +0x159
sync.(*Cond).Wait(0xc005df1fd0?)
	/usr/lib/go/src/sync/cond.go:71 +0x85
github.com/centrifugal/centrifuge/internal/dissolve.(*queueImpl).Wait(0xc0088a0620)
	/home/mariell/go/pkg/mod/github.com/centrifugal/centrifuge@v0.33.3/internal/dissolve/queue.go:139 +0x4a
github.com/centrifugal/centrifuge/internal/dissolve.(*Dissolver).runWorker(0xc001ba2798)
	/home/mariell/go/pkg/mod/github.com/centrifugal/centrifuge@v0.33.3/internal/dissolve/dissolve.go:52 +0x27
created by github.com/centrifugal/centrifuge/internal/dissolve.(*Dissolver).Run in goroutine 6291
	/home/mariell/go/pkg/mod/github.com/centrifugal/centrifuge@v0.33.3/internal/dissolve/dissolve.go:31 +0x25

goroutine 6081 [select]:
database/sql.(*DB).connectionOpener(0xc003b66270, {0xa9d1d00, 0xc00087c9b0})
	/usr/lib/go/src/database/sql/sql.go:1261 +0x87
created by database/sql.OpenDB in goroutine 6291
	/usr/lib/go/src/database/sql/sql.go:841 +0x130

goroutine 6259 [chan receive (nil chan)]:
k8s.io/apiserver/pkg/server.preparedGenericAPIServer.RunWithContext({0x4763455?}, {0xa9d1d00, 0xc00660a8c0})
	/home/mariell/go/pkg/mod/k8s.io/apiserver@v0.32.1/pkg/server/genericapiserver.go:710 +0x9c5
github.com/grafana/grafana/pkg/services/apiserver.(*service).startCoreServer.func1()
	/home/mariell/work/oss/grafana/pkg/services/apiserver/service.go:448 +0x28
created by github.com/grafana/grafana/pkg/services/apiserver.(*service).startCoreServer in goroutine 6087
	/home/mariell/work/oss/grafana/pkg/services/apiserver/service.go:447 +0x125

goroutine 7449 [sync.Cond.Wait]:
sync.runtime_notifyListWait(0xc0088a2350, 0x32)
	/usr/lib/go/src/runtime/sema.go:597 +0x159
sync.(*Cond).Wait(0x0?)
	/usr/lib/go/src/sync/cond.go:71 +0x85
github.com/centrifugal/centrifuge/internal/dissolve.(*queueImpl).Wait(0xc0088a0620)
	/home/mariell/go/pkg/mod/github.com/centrifugal/centrifuge@v0.33.3/internal/dissolve/queue.go:139 +0x4a
github.com/centrifugal/centrifuge/internal/dissolve.(*Dissolver).runWorker(0xc001ba2798)
	/home/mariell/go/pkg/mod/github.com/centrifugal/centrifuge@v0.33.3/internal/dissolve/dissolve.go:52 +0x27
created by github.com/centrifugal/centrifuge/internal/dissolve.(*Dissolver).Run in goroutine 6291
	/home/mariell/go/pkg/mod/github.com/centrifugal/centrifuge@v0.33.3/internal/dissolve/dissolve.go:31 +0x25

goroutine 34646 [sync.Cond.Wait]:
sync.runtime_notifyListWait(0xc00dfe4bd0, 0xb)
	/usr/lib/go/src/runtime/sema.go:597 +0x159
sync.(*Cond).Wait(0xc01b4247d0?)
	/usr/lib/go/src/sync/cond.go:71 +0x85
github.com/centrifugal/centrifuge/internal/dissolve.(*queueImpl).Wait(0xc01277aee0)
	/home/mariell/go/pkg/mod/github.com/centrifugal/centrifuge@v0.33.3/internal/dissolve/queue.go:139 +0x4a
github.com/centrifugal/centrifuge/internal/dissolve.(*Dissolver).runWorker(0xc015fec510)
	/home/mariell/go/pkg/mod/github.com/centrifugal/centrifuge@v0.33.3/internal/dissolve/dissolve.go:52 +0x27
created by github.com/centrifugal/centrifuge/internal/dissolve.(*Dissolver).Run in goroutine 33524
	/home/mariell/go/pkg/mod/github.com/centrifugal/centrifuge@v0.33.3/internal/dissolve/dissolve.go:31 +0x25

goroutine 7448 [sync.Cond.Wait]:
sync.runtime_notifyListWait(0xc0088a2350, 0x30)
	/usr/lib/go/src/runtime/sema.go:597 +0x159
sync.(*Cond).Wait(0xc005df47d0?)
	/usr/lib/go/src/sync/cond.go:71 +0x85
github.com/centrifugal/centrifuge/internal/dissolve.(*queueImpl).Wait(0xc0088a0620)
	/home/mariell/go/pkg/mod/github.com/centrifugal/centrifuge@v0.33.3/internal/dissolve/queue.go:139 +0x4a
github.com/centrifugal/centrifuge/internal/dissolve.(*Dissolver).runWorker(0xc001ba2798)
	/home/mariell/go/pkg/mod/github.com/centrifugal/centrifuge@v0.33.3/internal/dissolve/dissolve.go:52 +0x27
created by github.com/centrifugal/centrifuge/internal/dissolve.(*Dissolver).Run in goroutine 6291
	/home/mariell/go/pkg/mod/github.com/centrifugal/centrifuge@v0.33.3/internal/dissolve/dissolve.go:31 +0x25

goroutine 7086 [select]:
github.com/centrifugal/centrifuge.(*Node).sendNodePing(0xc0030c9d48)
	/home/mariell/go/pkg/mod/github.com/centrifugal/centrifuge@v0.33.3/node.go:380 +0x85
created by github.com/centrifugal/centrifuge.(*Node).Run in goroutine 6291
	/home/mariell/go/pkg/mod/github.com/centrifugal/centrifuge@v0.33.3/node.go:260 +0x225

goroutine 5652 [select]:
github.com/patrickmn/go-cache.(*janitor).Run(0xc0035f93e0, 0xc001c20740)
	/home/mariell/go/pkg/mod/github.com/patrickmn/go-cache@v2.1.0+incompatible/cache.go:1079 +0x7b
created by github.com/patrickmn/go-cache.runJanitor in goroutine 4441
	/home/mariell/go/pkg/mod/github.com/patrickmn/go-cache@v2.1.0+incompatible/cache.go:1099 +0xdb

goroutine 10838 [IO wait]:
internal/poll.runtime_pollWait(0x7775593b8e80, 0x72)
	/usr/lib/go/src/runtime/netpoll.go:351 +0x85
internal/poll.(*pollDesc).wait(0xc0071da100?, 0xc00716e000?, 0x0)
	/usr/lib/go/src/internal/poll/fd_poll_runtime.go:84 +0x27
internal/poll.(*pollDesc).waitRead(...)
	/usr/lib/go/src/internal/poll/fd_poll_runtime.go:89
internal/poll.(*FD).Read(0xc0071da100, {0xc00716e000, 0xa000, 0xa000})
	/usr/lib/go/src/internal/poll/fd_unix.go:165 +0x27a
net.(*netFD).Read(0xc0071da100, {0xc00716e000?, 0xc00716e000?, 0x5?})
	/usr/lib/go/src/net/fd_posix.go:55 +0x25
net.(*conn).Read(0xc008d1a2b8, {0xc00716e000?, 0x7775600aafa0?, 0x7775a8b28f30?})
	/usr/lib/go/src/net/net.go:194 +0x45
crypto/tls.(*atLeastReader).Read(0xc003e38bb8, {0xc00716e000?, 0x9ffb?, 0x0?})
	/usr/lib/go/src/crypto/tls/conn.go:809 +0x3b
bytes.(*Buffer).ReadFrom(0xc0071249b8, {0xa94e300, 0xc003e38bb8})
	/usr/lib/go/src/bytes/buffer.go:211 +0x98
crypto/tls.(*Conn).readFromUntil(0xc007124708, {0xa94dc00, 0xc008d1a2b8}, 0x444af4?)
	/usr/lib/go/src/crypto/tls/conn.go:831 +0xde
crypto/tls.(*Conn).readRecordOrCCS(0xc007124708, 0x0)
	/usr/lib/go/src/crypto/tls/conn.go:629 +0x3cf
crypto/tls.(*Conn).readRecord(...)
	/usr/lib/go/src/crypto/tls/conn.go:591
crypto/tls.(*Conn).Read(0xc007124708, {0xc007162000, 0x1000, 0xc008c08480?})
	/usr/lib/go/src/crypto/tls/conn.go:1385 +0x145
net/http.(*persistConn).Read(0xc0032b6000, {0xc007162000?, 0x81fe45?, 0xa94be80?})
	/usr/lib/go/src/net/http/transport.go:2122 +0x47
bufio.(*Reader).fill(0xc004a21920)
	/usr/lib/go/src/bufio/bufio.go:113 +0x103
bufio.(*Reader).Peek(0xc004a21920, 0x1)
	/usr/lib/go/src/bufio/bufio.go:152 +0x53
net/http.(*persistConn).readLoop(0xc0032b6000)
	/usr/lib/go/src/net/http/transport.go:2275 +0x172
created by net/http.(*Transport).dialConn in goroutine 9847
	/usr/lib/go/src/net/http/transport.go:1944 +0x174f

goroutine 21384 [IO wait]:
internal/poll.runtime_pollWait(0x7775583a39a8, 0x72)
	/usr/lib/go/src/runtime/netpoll.go:351 +0x85
internal/poll.(*pollDesc).wait(0xc00b5ed580?, 0xc00b6ba000?, 0x0)
	/usr/lib/go/src/internal/poll/fd_poll_runtime.go:84 +0x27
internal/poll.(*pollDesc).waitRead(...)
	/usr/lib/go/src/internal/poll/fd_poll_runtime.go:89
internal/poll.(*FD).Read(0xc00b5ed580, {0xc00b6ba000, 0xa000, 0xa000})
	/usr/lib/go/src/internal/poll/fd_unix.go:165 +0x27a
net.(*netFD).Read(0xc00b5ed580, {0xc00b6ba000?, 0xc00b6ba000?, 0x5?})
	/usr/lib/go/src/net/fd_posix.go:55 +0x25
net.(*conn).Read(0xc005006868, {0xc00b6ba000?, 0x777558fbd0d8?, 0x7775a8b28108?})
	/usr/lib/go/src/net/net.go:194 +0x45
crypto/tls.(*atLeastReader).Read(0xc003c697b8, {0xc00b6ba000?, 0x140?, 0x1?})
	/usr/lib/go/src/crypto/tls/conn.go:809 +0x3b
bytes.(*Buffer).ReadFrom(0xc00fff70b8, {0xa94e300, 0xc003c697b8})
	/usr/lib/go/src/bytes/buffer.go:211 +0x98
crypto/tls.(*Conn).readFromUntil(0xc00fff6e08, {0xa94dc00, 0xc005006868}, 0x444af4?)
	/usr/lib/go/src/crypto/tls/conn.go:831 +0xde
crypto/tls.(*Conn).readRecordOrCCS(0xc00fff6e08, 0x0)
	/usr/lib/go/src/crypto/tls/conn.go:629 +0x3cf
crypto/tls.(*Conn).readRecord(...)
	/usr/lib/go/src/crypto/tls/conn.go:591
crypto/tls.(*Conn).Read(0xc00fff6e08, {0xc00b926000, 0x1000, 0xc00eccde90?})
	/usr/lib/go/src/crypto/tls/conn.go:1385 +0x145
net/http.(*persistConn).Read(0xc0015f0240, {0xc00b926000?, 0x81fe45?, 0xa94be80?})
	/usr/lib/go/src/net/http/transport.go:2122 +0x47
bufio.(*Reader).fill(0xc010c2bc80)
	/usr/lib/go/src/bufio/bufio.go:113 +0x103
bufio.(*Reader).Peek(0xc010c2bc80, 0x1)
	/usr/lib/go/src/bufio/bufio.go:152 +0x53
net/http.(*persistConn).readLoop(0xc0015f0240)
	/usr/lib/go/src/net/http/transport.go:2275 +0x172
created by net/http.(*Transport).dialConn in goroutine 21379
	/usr/lib/go/src/net/http/transport.go:1944 +0x174f

goroutine 9357 [select]:
k8s.io/apimachinery/pkg/util/wait.BackoffUntil(0xc00a228880, {0xa95ac00, 0xc00a188090}, 0x1, 0xc001d9e230)
	/home/mariell/go/pkg/mod/k8s.io/apimachinery@v0.32.1/pkg/util/wait/backoff.go:238 +0x12c
k8s.io/apimachinery/pkg/util/wait.JitterUntil(0xc00a228880, 0x3b9aca00, 0x3ff3333333333333, 0x1, 0xc001d9e230)
	/home/mariell/go/pkg/mod/k8s.io/apimachinery@v0.32.1/pkg/util/wait/backoff.go:204 +0x7f
created by k8s.io/apiserver/pkg/registry/generic/registry.(*Store).startObservingCount in goroutine 9202
	/home/mariell/go/pkg/mod/k8s.io/apiserver@v0.32.1/pkg/registry/generic/registry/store.go:1666 +0x2f9

goroutine 7420 [sync.Cond.Wait]:
sync.runtime_notifyListWait(0xc0088a2350, 0x25)
	/usr/lib/go/src/runtime/sema.go:597 +0x159
sync.(*Cond).Wait(0x0?)
	/usr/lib/go/src/sync/cond.go:71 +0x85
github.com/centrifugal/centrifuge/internal/dissolve.(*queueImpl).Wait(0xc0088a0620)
	/home/mariell/go/pkg/mod/github.com/centrifugal/centrifuge@v0.33.3/internal/dissolve/queue.go:139 +0x4a
github.com/centrifugal/centrifuge/internal/dissolve.(*Dissolver).runWorker(0xc001ba2798)
	/home/mariell/go/pkg/mod/github.com/centrifugal/centrifuge@v0.33.3/internal/dissolve/dissolve.go:52 +0x27
created by github.com/centrifugal/centrifuge/internal/dissolve.(*Dissolver).Run in goroutine 6291
	/home/mariell/go/pkg/mod/github.com/centrifugal/centrifuge@v0.33.3/internal/dissolve/dissolve.go:31 +0x25

goroutine 8744 [select]:
github.com/patrickmn/go-cache.(*janitor).Run(0xc008bf7c20, 0xc006d0ae40)
	/home/mariell/go/pkg/mod/github.com/patrickmn/go-cache@v2.1.0+incompatible/cache.go:1079 +0x7b
created by github.com/patrickmn/go-cache.runJanitor in goroutine 7705
	/home/mariell/go/pkg/mod/github.com/patrickmn/go-cache@v2.1.0+incompatible/cache.go:1099 +0xdb

goroutine 11817 [select]:
github.com/patrickmn/go-cache.(*janitor).Run(0xc009b929a0, 0xc00dfe4b40)
	/home/mariell/go/pkg/mod/github.com/patrickmn/go-cache@v2.1.0+incompatible/cache.go:1079 +0x7b
created by github.com/patrickmn/go-cache.runJanitor in goroutine 10841
	/home/mariell/go/pkg/mod/github.com/patrickmn/go-cache@v2.1.0+incompatible/cache.go:1099 +0xdb

goroutine 10408 [select]:
github.com/centrifugal/centrifuge.(*Node).sendNodePing(0xc004e53688)
	/home/mariell/go/pkg/mod/github.com/centrifugal/centrifuge@v0.33.3/node.go:380 +0x85
created by github.com/centrifugal/centrifuge.(*Node).Run in goroutine 9307
	/home/mariell/go/pkg/mod/github.com/centrifugal/centrifuge@v0.33.3/node.go:260 +0x225

goroutine 10461 [sync.Cond.Wait]:
sync.runtime_notifyListWait(0xc002b17c10, 0x13)
	/usr/lib/go/src/runtime/sema.go:597 +0x159
sync.(*Cond).Wait(0x0?)
	/usr/lib/go/src/sync/cond.go:71 +0x85
github.com/centrifugal/centrifuge/internal/dissolve.(*queueImpl).Wait(0xc004c930a0)
	/home/mariell/go/pkg/mod/github.com/centrifugal/centrifuge@v0.33.3/internal/dissolve/queue.go:139 +0x4a
github.com/centrifugal/centrifuge/internal/dissolve.(*Dissolver).runWorker(0xc000b16930)
	/home/mariell/go/pkg/mod/github.com/centrifugal/centrifuge@v0.33.3/internal/dissolve/dissolve.go:52 +0x27
created by github.com/centrifugal/centrifuge/internal/dissolve.(*Dissolver).Run in goroutine 9307
	/home/mariell/go/pkg/mod/github.com/centrifugal/centrifuge@v0.33.3/internal/dissolve/dissolve.go:31 +0x25

goroutine 7385 [select]:
github.com/FZambia/eagle.(*Eagle).aggregate(0xc0082127e0)
	/home/mariell/go/pkg/mod/github.com/!f!zambia/eagle@v0.1.0/eagle.go:210 +0x6d
created by github.com/FZambia/eagle.New in goroutine 6291
	/home/mariell/go/pkg/mod/github.com/!f!zambia/eagle@v0.1.0/eagle.go:66 +0x176

goroutine 7384 [select]:
github.com/centrifugal/centrifuge.(*historyHub).removeStreams(0xc008216080)
	/home/mariell/go/pkg/mod/github.com/centrifugal/centrifuge@v0.33.3/broker_memory.go:259 +0x6f
created by github.com/centrifugal/centrifuge.(*historyHub).runCleanups in goroutine 6291
	/home/mariell/go/pkg/mod/github.com/centrifugal/centrifuge@v0.33.3/broker_memory.go:253 +0x96

goroutine 6266 [chan receive (nil chan)]:
k8s.io/apiserver/pkg/server.preparedGenericAPIServer.RunWithContext.func5()
	/home/mariell/go/pkg/mod/k8s.io/apiserver@v0.32.1/pkg/server/genericapiserver.go:598 +0x37
created by k8s.io/apiserver/pkg/server.preparedGenericAPIServer.RunWithContext in goroutine 6259
	/home/mariell/go/pkg/mod/k8s.io/apiserver@v0.32.1/pkg/server/genericapiserver.go:597 +0x60b

goroutine 7245 [chan receive]:
github.com/grafana/grafana/pkg/storage/unified/sql.(*channelNotifier).notify.func1()
	/home/mariell/work/oss/grafana/pkg/storage/unified/sql/notifier.go:87 +0x39
created by github.com/grafana/grafana/pkg/storage/unified/sql.(*channelNotifier).notify in goroutine 6291
	/home/mariell/work/oss/grafana/pkg/storage/unified/sql/notifier.go:86 +0xdb

goroutine 14877 [sync.Cond.Wait]:
sync.runtime_notifyListWait(0xc00cfe9cd0, 0x1e)
	/usr/lib/go/src/runtime/sema.go:597 +0x159
sync.(*Cond).Wait(0x0?)
	/usr/lib/go/src/sync/cond.go:71 +0x85
github.com/centrifugal/centrifuge/internal/dissolve.(*queueImpl).Wait(0xc00c22f1f0)
	/home/mariell/go/pkg/mod/github.com/centrifugal/centrifuge@v0.33.3/internal/dissolve/queue.go:139 +0x4a
github.com/centrifugal/centrifuge/internal/dissolve.(*Dissolver).runWorker(0xc0034e9ed8)
	/home/mariell/go/pkg/mod/github.com/centrifugal/centrifuge@v0.33.3/internal/dissolve/dissolve.go:52 +0x27
created by github.com/centrifugal/centrifuge/internal/dissolve.(*Dissolver).Run in goroutine 13738
	/home/mariell/go/pkg/mod/github.com/centrifugal/centrifuge@v0.33.3/internal/dissolve/dissolve.go:31 +0x25

goroutine 7780 [select]:
go.opentelemetry.io/otel/sdk/trace.(*batchSpanProcessor).processQueue(0xc005a7d180)
	/home/mariell/go/pkg/mod/go.opentelemetry.io/otel/sdk@v1.34.0/trace/batch_span_processor.go:302 +0x114
go.opentelemetry.io/otel/sdk/trace.NewBatchSpanProcessor.func1()
	/home/mariell/go/pkg/mod/go.opentelemetry.io/otel/sdk@v1.34.0/trace/batch_span_processor.go:117 +0x4e
created by go.opentelemetry.io/otel/sdk/trace.NewBatchSpanProcessor in goroutine 7705
	/home/mariell/go/pkg/mod/go.opentelemetry.io/otel/sdk@v1.34.0/trace/batch_span_processor.go:115 +0x2d9

goroutine 13459 [select]:
github.com/centrifugal/centrifuge.(*MemoryBroker).expireResultCache(0xc006f6eb00)
	/home/mariell/go/pkg/mod/github.com/centrifugal/centrifuge@v0.33.3/broker_memory.go:160 +0x68
created by github.com/centrifugal/centrifuge.(*MemoryBroker).Run in goroutine 12330
	/home/mariell/go/pkg/mod/github.com/centrifugal/centrifuge@v0.33.3/broker_memory.go:73 +0x7f

goroutine 39022 [sync.Cond.Wait]:
sync.runtime_notifyListWait(0xc01fe50bd0, 0xe)
	/usr/lib/go/src/runtime/sema.go:597 +0x159
sync.(*Cond).Wait(0xc0096ecfd0?)
	/usr/lib/go/src/sync/cond.go:71 +0x85
github.com/centrifugal/centrifuge/internal/dissolve.(*queueImpl).Wait(0xc00bf5ccb0)
	/home/mariell/go/pkg/mod/github.com/centrifugal/centrifuge@v0.33.3/internal/dissolve/queue.go:139 +0x4a
github.com/centrifugal/centrifuge/internal/dissolve.(*Dissolver).runWorker(0xc017ecc900)
	/home/mariell/go/pkg/mod/github.com/centrifugal/centrifuge@v0.33.3/internal/dissolve/dissolve.go:52 +0x27
created by github.com/centrifugal/centrifuge/internal/dissolve.(*Dissolver).Run in goroutine 37971
	/home/mariell/go/pkg/mod/github.com/centrifugal/centrifuge@v0.33.3/internal/dissolve/dissolve.go:31 +0x25

goroutine 10458 [sync.Cond.Wait]:
sync.runtime_notifyListWait(0xc002b17c10, 0x10)
	/usr/lib/go/src/runtime/sema.go:597 +0x159
sync.(*Cond).Wait(0xc005e23fd0?)
	/usr/lib/go/src/sync/cond.go:71 +0x85
github.com/centrifugal/centrifuge/internal/dissolve.(*queueImpl).Wait(0xc004c930a0)
	/home/mariell/go/pkg/mod/github.com/centrifugal/centrifuge@v0.33.3/internal/dissolve/queue.go:139 +0x4a
github.com/centrifugal/centrifuge/internal/dissolve.(*Dissolver).runWorker(0xc000b16930)
	/home/mariell/go/pkg/mod/github.com/centrifugal/centrifuge@v0.33.3/internal/dissolve/dissolve.go:52 +0x27
created by github.com/centrifugal/centrifuge/internal/dissolve.(*Dissolver).Run in goroutine 9307
	/home/mariell/go/pkg/mod/github.com/centrifugal/centrifuge@v0.33.3/internal/dissolve/dissolve.go:31 +0x25

goroutine 7327 [select]:
net/http.(*persistConn).writeLoop(0xc0022d0120)
	/usr/lib/go/src/net/http/transport.go:2590 +0xe7
created by net/http.(*Transport).dialConn in goroutine 7667
	/usr/lib/go/src/net/http/transport.go:1945 +0x17a5

goroutine 22679 [select]:
github.com/patrickmn/go-cache.(*janitor).Run(0xc00e291210, 0xc004f0b300)
	/home/mariell/go/pkg/mod/github.com/patrickmn/go-cache@v2.1.0+incompatible/cache.go:1079 +0x7b
created by github.com/patrickmn/go-cache.runJanitor in goroutine 21352
	/home/mariell/go/pkg/mod/github.com/patrickmn/go-cache@v2.1.0+incompatible/cache.go:1099 +0xdb

goroutine 7087 [select]:
github.com/centrifugal/centrifuge.(*Node).cleanNodeInfo(0xc0030c9d48)
	/home/mariell/go/pkg/mod/github.com/centrifugal/centrifuge@v0.33.3/node.go:394 +0x90
created by github.com/centrifugal/centrifuge.(*Node).Run in goroutine 6291
	/home/mariell/go/pkg/mod/github.com/centrifugal/centrifuge@v0.33.3/node.go:261 +0x265

goroutine 17913 [sync.Cond.Wait]:
sync.runtime_notifyListWait(0xc009ff2dd0, 0x1b)
	/usr/lib/go/src/runtime/sema.go:597 +0x159
sync.(*Cond).Wait(0xc00cdc3fd0?)
	/usr/lib/go/src/sync/cond.go:71 +0x85
github.com/centrifugal/centrifuge/internal/dissolve.(*queueImpl).Wait(0xc00958cb60)
	/home/mariell/go/pkg/mod/github.com/centrifugal/centrifuge@v0.33.3/internal/dissolve/queue.go:139 +0x4a
github.com/centrifugal/centrifuge/internal/dissolve.(*Dissolver).runWorker(0xc0029ba528)
	/home/mariell/go/pkg/mod/github.com/centrifugal/centrifuge@v0.33.3/internal/dissolve/dissolve.go:52 +0x27
created by github.com/centrifugal/centrifuge/internal/dissolve.(*Dissolver).Run in goroutine 13128
	/home/mariell/go/pkg/mod/github.com/centrifugal/centrifuge@v0.33.3/internal/dissolve/dissolve.go:31 +0x25

goroutine 9335 [IO wait]:
internal/poll.runtime_pollWait(0x7775591d1120, 0x72)
	/usr/lib/go/src/runtime/netpoll.go:351 +0x85
internal/poll.(*pollDesc).wait(0xc009582200?, 0xc009810000?, 0x0)
	/usr/lib/go/src/internal/poll/fd_poll_runtime.go:84 +0x27
internal/poll.(*pollDesc).waitRead(...)
	/usr/lib/go/src/internal/poll/fd_poll_runtime.go:89
internal/poll.(*FD).Read(0xc009582200, {0xc009810000, 0xa000, 0xa000})
	/usr/lib/go/src/internal/poll/fd_unix.go:165 +0x27a
net.(*netFD).Read(0xc009582200, {0xc009810000?, 0xc009810000?, 0x5?})
	/usr/lib/go/src/net/fd_posix.go:55 +0x25
net.(*conn).Read(0xc009586098, {0xc009810000?, 0x77756005ef68?, 0x7775a8b298a0?})
	/usr/lib/go/src/net/net.go:194 +0x45
crypto/tls.(*atLeastReader).Read(0xc009d80420, {0xc009810000?, 0xc0095ea2e8?, 0x41f436?})
	/usr/lib/go/src/crypto/tls/conn.go:809 +0x3b
bytes.(*Buffer).ReadFrom(0xc0095ea2b8, {0xa94e300, 0xc009d80420})
	/usr/lib/go/src/bytes/buffer.go:211 +0x98
crypto/tls.(*Conn).readFromUntil(0xc0095ea008, {0xa94dc00, 0xc009586098}, 0x444af4?)
	/usr/lib/go/src/crypto/tls/conn.go:831 +0xde
crypto/tls.(*Conn).readRecordOrCCS(0xc0095ea008, 0x0)
	/usr/lib/go/src/crypto/tls/conn.go:629 +0x3cf
crypto/tls.(*Conn).readRecord(...)
	/usr/lib/go/src/crypto/tls/conn.go:591
crypto/tls.(*Conn).Read(0xc0095ea008, {0xc009796000, 0x1000, 0xc00956d7a0?})
	/usr/lib/go/src/crypto/tls/conn.go:1385 +0x145
net/http.(*persistConn).Read(0xc003594240, {0xc009796000?, 0x81fe45?, 0xa94be80?})
	/usr/lib/go/src/net/http/transport.go:2122 +0x47
bufio.(*Reader).fill(0xc005fd2420)
	/usr/lib/go/src/bufio/bufio.go:113 +0x103
bufio.(*Reader).Peek(0xc005fd2420, 0x1)
	/usr/lib/go/src/bufio/bufio.go:152 +0x53
net/http.(*persistConn).readLoop(0xc003594240)
	/usr/lib/go/src/net/http/transport.go:2275 +0x172
created by net/http.(*Transport).dialConn in goroutine 7856
	/usr/lib/go/src/net/http/transport.go:1944 +0x174f

goroutine 9336 [select]:
net/http.(*persistConn).writeLoop(0xc003594240)
	/usr/lib/go/src/net/http/transport.go:2590 +0xe7
created by net/http.(*Transport).dialConn in goroutine 7856
	/usr/lib/go/src/net/http/transport.go:1945 +0x17a5

goroutine 11861 [chan receive]:
github.com/grafana/grafana/pkg/storage/unified/resource.(*server).initWatcher.func1.1()
	/home/mariell/work/oss/grafana/pkg/storage/unified/resource/server.go:922 +0x58
created by github.com/grafana/grafana/pkg/storage/unified/resource.(*server).initWatcher.func1 in goroutine 10841
	/home/mariell/work/oss/grafana/pkg/storage/unified/resource/server.go:921 +0xaa

goroutine 29902 [select]:
github.com/patrickmn/go-cache.(*janitor).Run(0xc0064bbee0, 0xc00f725700)
	/home/mariell/go/pkg/mod/github.com/patrickmn/go-cache@v2.1.0+incompatible/cache.go:1079 +0x7b
created by github.com/patrickmn/go-cache.runJanitor in goroutine 28801
	/home/mariell/go/pkg/mod/github.com/patrickmn/go-cache@v2.1.0+incompatible/cache.go:1099 +0xdb

goroutine 8740 [select]:
github.com/patrickmn/go-cache.(*janitor).Run(0xc008bf6430, 0xc006d0a480)
	/home/mariell/go/pkg/mod/github.com/patrickmn/go-cache@v2.1.0+incompatible/cache.go:1079 +0x7b
created by github.com/patrickmn/go-cache.runJanitor in goroutine 7705
	/home/mariell/go/pkg/mod/github.com/patrickmn/go-cache@v2.1.0+incompatible/cache.go:1099 +0xdb

goroutine 7401 [sync.Cond.Wait]:
sync.runtime_notifyListWait(0xc0088a2350, 0x9)
	/usr/lib/go/src/runtime/sema.go:597 +0x159
sync.(*Cond).Wait(0x0?)
	/usr/lib/go/src/sync/cond.go:71 +0x85
github.com/centrifugal/centrifuge/internal/dissolve.(*queueImpl).Wait(0xc0088a0620)
	/home/mariell/go/pkg/mod/github.com/centrifugal/centrifuge@v0.33.3/internal/dissolve/queue.go:139 +0x4a
github.com/centrifugal/centrifuge/internal/dissolve.(*Dissolver).runWorker(0xc001ba2798)
	/home/mariell/go/pkg/mod/github.com/centrifugal/centrifuge@v0.33.3/internal/dissolve/dissolve.go:52 +0x27
created by github.com/centrifugal/centrifuge/internal/dissolve.(*Dissolver).Run in goroutine 6291
	/home/mariell/go/pkg/mod/github.com/centrifugal/centrifuge@v0.33.3/internal/dissolve/dissolve.go:31 +0x25

goroutine 13532 [sync.Cond.Wait]:
sync.runtime_notifyListWait(0xc00359a490, 0x3d)
	/usr/lib/go/src/runtime/sema.go:597 +0x159
sync.(*Cond).Wait(0x0?)
	/usr/lib/go/src/sync/cond.go:71 +0x85
github.com/centrifugal/centrifuge/internal/dissolve.(*queueImpl).Wait(0xc0071d3500)
	/home/mariell/go/pkg/mod/github.com/centrifugal/centrifuge@v0.33.3/internal/dissolve/queue.go:139 +0x4a
github.com/centrifugal/centrifuge/internal/dissolve.(*Dissolver).runWorker(0xc008da47c8)
	/home/mariell/go/pkg/mod/github.com/centrifugal/centrifuge@v0.33.3/internal/dissolve/dissolve.go:52 +0x27
created by github.com/centrifugal/centrifuge/internal/dissolve.(*Dissolver).Run in goroutine 12330
	/home/mariell/go/pkg/mod/github.com/centrifugal/centrifuge@v0.33.3/internal/dissolve/dissolve.go:31 +0x25

goroutine 14652 [chan receive]:
github.com/grafana/grafana/pkg/storage/unified/resource.(*server).initWatcher.func1.1()
	/home/mariell/work/oss/grafana/pkg/storage/unified/resource/server.go:922 +0x58
created by github.com/grafana/grafana/pkg/storage/unified/resource.(*server).initWatcher.func1 in goroutine 13738
	/home/mariell/work/oss/grafana/pkg/storage/unified/resource/server.go:921 +0xaa

goroutine 7779 [select]:
database/sql.(*DB).connectionOpener(0xc004d62340, {0xa9d1d00, 0xc0066d6a50})
	/usr/lib/go/src/database/sql/sql.go:1261 +0x87
created by database/sql.OpenDB in goroutine 7705
	/usr/lib/go/src/database/sql/sql.go:841 +0x130

goroutine 10453 [sync.Cond.Wait]:
sync.runtime_notifyListWait(0xc002b17c10, 0xb)
	/usr/lib/go/src/runtime/sema.go:597 +0x159
sync.(*Cond).Wait(0x0?)
	/usr/lib/go/src/sync/cond.go:71 +0x85
github.com/centrifugal/centrifuge/internal/dissolve.(*queueImpl).Wait(0xc004c930a0)
	/home/mariell/go/pkg/mod/github.com/centrifugal/centrifuge@v0.33.3/internal/dissolve/queue.go:139 +0x4a
github.com/centrifugal/centrifuge/internal/dissolve.(*Dissolver).runWorker(0xc000b16930)
	/home/mariell/go/pkg/mod/github.com/centrifugal/centrifuge@v0.33.3/internal/dissolve/dissolve.go:52 +0x27
created by github.com/centrifugal/centrifuge/internal/dissolve.(*Dissolver).Run in goroutine 9307
	/home/mariell/go/pkg/mod/github.com/centrifugal/centrifuge@v0.33.3/internal/dissolve/dissolve.go:31 +0x25

goroutine 17390 [select]:
go.opentelemetry.io/otel/sdk/trace.(*batchSpanProcessor).processQueue(0xc009a86280)
	/home/mariell/go/pkg/mod/go.opentelemetry.io/otel/sdk@v1.34.0/trace/batch_span_processor.go:302 +0x114
go.opentelemetry.io/otel/sdk/trace.NewBatchSpanProcessor.func1()
	/home/mariell/go/pkg/mod/go.opentelemetry.io/otel/sdk@v1.34.0/trace/batch_span_processor.go:117 +0x4e
created by go.opentelemetry.io/otel/sdk/trace.NewBatchSpanProcessor in goroutine 13128
	/home/mariell/go/pkg/mod/go.opentelemetry.io/otel/sdk@v1.34.0/trace/batch_span_processor.go:115 +0x2d9

goroutine 22893 [select]:
k8s.io/apimachinery/pkg/util/wait.BackoffUntil(0xc00ef58200, {0xa95ac00, 0xc00f2042a0}, 0x1, 0xc00f65ab60)
	/home/mariell/go/pkg/mod/k8s.io/apimachinery@v0.32.1/pkg/util/wait/backoff.go:238 +0x12c
k8s.io/apimachinery/pkg/util/wait.JitterUntil(0xc00ef58200, 0x3b9aca00, 0x3ff3333333333333, 0x1, 0xc00f65ab60)
	/home/mariell/go/pkg/mod/k8s.io/apimachinery@v0.32.1/pkg/util/wait/backoff.go:204 +0x7f
created by k8s.io/apiserver/pkg/registry/generic/registry.(*Store).startObservingCount in goroutine 22757
	/home/mariell/go/pkg/mod/k8s.io/apiserver@v0.32.1/pkg/registry/generic/registry/store.go:1666 +0x2f9

goroutine 10417 [sync.Cond.Wait]:
sync.runtime_notifyListWait(0xc002b17c10, 0x7)
	/usr/lib/go/src/runtime/sema.go:597 +0x159
sync.(*Cond).Wait(0x0?)
	/usr/lib/go/src/sync/cond.go:71 +0x85
github.com/centrifugal/centrifuge/internal/dissolve.(*queueImpl).Wait(0xc004c930a0)
	/home/mariell/go/pkg/mod/github.com/centrifugal/centrifuge@v0.33.3/internal/dissolve/queue.go:139 +0x4a
github.com/centrifugal/centrifuge/internal/dissolve.(*Dissolver).runWorker(0xc000b16930)
	/home/mariell/go/pkg/mod/github.com/centrifugal/centrifuge@v0.33.3/internal/dissolve/dissolve.go:52 +0x27
created by github.com/centrifugal/centrifuge/internal/dissolve.(*Dissolver).Run in goroutine 9307
	/home/mariell/go/pkg/mod/github.com/centrifugal/centrifuge@v0.33.3/internal/dissolve/dissolve.go:31 +0x25

goroutine 19733 [IO wait]:
internal/poll.runtime_pollWait(0x77755832d6c8, 0x72)
	/usr/lib/go/src/runtime/netpoll.go:351 +0x85
internal/poll.(*pollDesc).wait(0xc00e591800?, 0xc009c20c00?, 0x0)
	/usr/lib/go/src/internal/poll/fd_poll_runtime.go:84 +0x27
internal/poll.(*pollDesc).waitRead(...)
	/usr/lib/go/src/internal/poll/fd_poll_runtime.go:89
internal/poll.(*FD).Read(0xc00e591800, {0xc009c20c00, 0x1300, 0x1300})
	/usr/lib/go/src/internal/poll/fd_unix.go:165 +0x27a
net.(*netFD).Read(0xc00e591800, {0xc009c20c00?, 0x0?, 0x0?})
	/usr/lib/go/src/net/fd_posix.go:55 +0x25
net.(*conn).Read(0xc003318780, {0xc009c20c00?, 0x7775584ea748?, 0x7775a8b28f30?})
	/usr/lib/go/src/net/net.go:194 +0x45
crypto/tls.(*atLeastReader).Read(0xc0101f6120, {0xc009c20c00?, 0x0?, 0x0?})
	/usr/lib/go/src/crypto/tls/conn.go:809 +0x3b
bytes.(*Buffer).ReadFrom(0xc00eb98d38, {0xa94e300, 0xc0101f6120})
	/usr/lib/go/src/bytes/buffer.go:211 +0x98
crypto/tls.(*Conn).readFromUntil(0xc00eb98a88, {0xa94dc00, 0xc003318780}, 0x444af4?)
	/usr/lib/go/src/crypto/tls/conn.go:831 +0xde
crypto/tls.(*Conn).readRecordOrCCS(0xc00eb98a88, 0x0)
	/usr/lib/go/src/crypto/tls/conn.go:629 +0x3cf
crypto/tls.(*Conn).readRecord(...)
	/usr/lib/go/src/crypto/tls/conn.go:591
crypto/tls.(*Conn).Read(0xc00eb98a88, {0xc00ed22000, 0x1000, 0x7775a8b28f30?})
	/usr/lib/go/src/crypto/tls/conn.go:1385 +0x145
net/http.(*persistConn).Read(0xc004313680, {0xc00ed22000?, 0x4141c5?, 0x68?})
	/usr/lib/go/src/net/http/transport.go:2122 +0x47
bufio.(*Reader).fill(0xc00e17f740)
	/usr/lib/go/src/bufio/bufio.go:113 +0x103
bufio.(*Reader).Peek(0xc00e17f740, 0x1)
	/usr/lib/go/src/bufio/bufio.go:152 +0x53
net/http.(*persistConn).readLoop(0xc004313680)
	/usr/lib/go/src/net/http/transport.go:2275 +0x172
created by net/http.(*Transport).dialConn in goroutine 19699
	/usr/lib/go/src/net/http/transport.go:1944 +0x174f

goroutine 30013 [select]:
github.com/patrickmn/go-cache.(*janitor).Run(0xc0088cb4a0, 0xc00679f080)
	/home/mariell/go/pkg/mod/github.com/patrickmn/go-cache@v2.1.0+incompatible/cache.go:1079 +0x7b
created by github.com/patrickmn/go-cache.runJanitor in goroutine 28801
	/home/mariell/go/pkg/mod/github.com/patrickmn/go-cache@v2.1.0+incompatible/cache.go:1099 +0xdb

goroutine 37871 [sync.Cond.Wait]:
sync.runtime_notifyListWait(0xc01fe50bd0, 0x0)
	/usr/lib/go/src/runtime/sema.go:597 +0x159
sync.(*Cond).Wait(0xc004705fd0?)
	/usr/lib/go/src/sync/cond.go:71 +0x85
github.com/centrifugal/centrifuge/internal/dissolve.(*queueImpl).Wait(0xc00bf5ccb0)
	/home/mariell/go/pkg/mod/github.com/centrifugal/centrifuge@v0.33.3/internal/dissolve/queue.go:139 +0x4a
github.com/centrifugal/centrifuge/internal/dissolve.(*Dissolver).runWorker(0xc017ecc900)
	/home/mariell/go/pkg/mod/github.com/centrifugal/centrifuge@v0.33.3/internal/dissolve/dissolve.go:52 +0x27
created by github.com/centrifugal/centrifuge/internal/dissolve.(*Dissolver).Run in goroutine 37971
	/home/mariell/go/pkg/mod/github.com/centrifugal/centrifuge@v0.33.3/internal/dissolve/dissolve.go:31 +0x25

goroutine 13510 [sync.Cond.Wait]:
sync.runtime_notifyListWait(0xc00359a490, 0x28)
	/usr/lib/go/src/runtime/sema.go:597 +0x159
sync.(*Cond).Wait(0x747265706f72506e?)
	/usr/lib/go/src/sync/cond.go:71 +0x85
github.com/centrifugal/centrifuge/internal/dissolve.(*queueImpl).Wait(0xc0071d3500)
	/home/mariell/go/pkg/mod/github.com/centrifugal/centrifuge@v0.33.3/internal/dissolve/queue.go:139 +0x4a
github.com/centrifugal/centrifuge/internal/dissolve.(*Dissolver).runWorker(0xc008da47c8)
	/home/mariell/go/pkg/mod/github.com/centrifugal/centrifuge@v0.33.3/internal/dissolve/dissolve.go:52 +0x27
created by github.com/centrifugal/centrifuge/internal/dissolve.(*Dissolver).Run in goroutine 12330
	/home/mariell/go/pkg/mod/github.com/centrifugal/centrifuge@v0.33.3/internal/dissolve/dissolve.go:31 +0x25

goroutine 7400 [sync.Cond.Wait]:
sync.runtime_notifyListWait(0xc0088a2350, 0x8)
	/usr/lib/go/src/runtime/sema.go:597 +0x159
sync.(*Cond).Wait(0xc0064a1fd0?)
	/usr/lib/go/src/sync/cond.go:71 +0x85
github.com/centrifugal/centrifuge/internal/dissolve.(*queueImpl).Wait(0xc0088a0620)
	/home/mariell/go/pkg/mod/github.com/centrifugal/centrifuge@v0.33.3/internal/dissolve/queue.go:139 +0x4a
github.com/centrifugal/centrifuge/internal/dissolve.(*Dissolver).runWorker(0xc001ba2798)
	/home/mariell/go/pkg/mod/github.com/centrifugal/centrifuge@v0.33.3/internal/dissolve/dissolve.go:52 +0x27
created by github.com/centrifugal/centrifuge/internal/dissolve.(*Dissolver).Run in goroutine 6291
	/home/mariell/go/pkg/mod/github.com/centrifugal/centrifuge@v0.33.3/internal/dissolve/dissolve.go:31 +0x25

goroutine 7446 [sync.Cond.Wait]:
sync.runtime_notifyListWait(0xc0088a2350, 0x2d)
	/usr/lib/go/src/runtime/sema.go:597 +0x159
sync.(*Cond).Wait(0xc009221fd0?)
	/usr/lib/go/src/sync/cond.go:71 +0x85
github.com/centrifugal/centrifuge/internal/dissolve.(*queueImpl).Wait(0xc0088a0620)
	/home/mariell/go/pkg/mod/github.com/centrifugal/centrifuge@v0.33.3/internal/dissolve/queue.go:139 +0x4a
github.com/centrifugal/centrifuge/internal/dissolve.(*Dissolver).runWorker(0xc001ba2798)
	/home/mariell/go/pkg/mod/github.com/centrifugal/centrifuge@v0.33.3/internal/dissolve/dissolve.go:52 +0x27
created by github.com/centrifugal/centrifuge/internal/dissolve.(*Dissolver).Run in goroutine 6291
	/home/mariell/go/pkg/mod/github.com/centrifugal/centrifuge@v0.33.3/internal/dissolve/dissolve.go:31 +0x25

goroutine 6256 [select]:
k8s.io/apimachinery/pkg/util/wait.BackoffUntil(0xc0036f0980, {0xa95ac00, 0xc0024a1da0}, 0x1, 0xc0054de1c0)
	/home/mariell/go/pkg/mod/k8s.io/apimachinery@v0.32.1/pkg/util/wait/backoff.go:238 +0x12c
k8s.io/apimachinery/pkg/util/wait.JitterUntil(0xc0036f0980, 0x3b9aca00, 0x3ff3333333333333, 0x1, 0xc0054de1c0)
	/home/mariell/go/pkg/mod/k8s.io/apimachinery@v0.32.1/pkg/util/wait/backoff.go:204 +0x7f
created by k8s.io/apiserver/pkg/registry/generic/registry.(*Store).startObservingCount in goroutine 7699
	/home/mariell/go/pkg/mod/k8s.io/apiserver@v0.32.1/pkg/registry/generic/registry/store.go:1666 +0x2f9

goroutine 31970 [select]:
net/http.(*persistConn).writeLoop(0xc005ebbd40)
	/usr/lib/go/src/net/http/transport.go:2590 +0xe7
created by net/http.(*Transport).dialConn in goroutine 27324
	/usr/lib/go/src/net/http/transport.go:1945 +0x17a5

goroutine 13492 [sync.Cond.Wait]:
sync.runtime_notifyListWait(0xc00359a490, 0x16)
	/usr/lib/go/src/runtime/sema.go:597 +0x159
sync.(*Cond).Wait(0xc00c5507d0?)
	/usr/lib/go/src/sync/cond.go:71 +0x85
github.com/centrifugal/centrifuge/internal/dissolve.(*queueImpl).Wait(0xc0071d3500)
	/home/mariell/go/pkg/mod/github.com/centrifugal/centrifuge@v0.33.3/internal/dissolve/queue.go:139 +0x4a
github.com/centrifugal/centrifuge/internal/dissolve.(*Dissolver).runWorker(0xc008da47c8)
	/home/mariell/go/pkg/mod/github.com/centrifugal/centrifuge@v0.33.3/internal/dissolve/dissolve.go:52 +0x27
created by github.com/centrifugal/centrifuge/internal/dissolve.(*Dissolver).Run in goroutine 12330
	/home/mariell/go/pkg/mod/github.com/centrifugal/centrifuge@v0.33.3/internal/dissolve/dissolve.go:31 +0x25

goroutine 7405 [sync.Cond.Wait]:
sync.runtime_notifyListWait(0xc0088a2350, 0xd)
	/usr/lib/go/src/runtime/sema.go:597 +0x159
sync.(*Cond).Wait(0x0?)
	/usr/lib/go/src/sync/cond.go:71 +0x85
github.com/centrifugal/centrifuge/internal/dissolve.(*queueImpl).Wait(0xc0088a0620)
	/home/mariell/go/pkg/mod/github.com/centrifugal/centrifuge@v0.33.3/internal/dissolve/queue.go:139 +0x4a
github.com/centrifugal/centrifuge/internal/dissolve.(*Dissolver).runWorker(0xc001ba2798)
	/home/mariell/go/pkg/mod/github.com/centrifugal/centrifuge@v0.33.3/internal/dissolve/dissolve.go:52 +0x27
created by github.com/centrifugal/centrifuge/internal/dissolve.(*Dissolver).Run in goroutine 6291
	/home/mariell/go/pkg/mod/github.com/centrifugal/centrifuge@v0.33.3/internal/dissolve/dissolve.go:31 +0x25

goroutine 5645 [select]:
github.com/patrickmn/go-cache.(*janitor).Run(0xc0035e15f0, 0xc000a230c0)
	/home/mariell/go/pkg/mod/github.com/patrickmn/go-cache@v2.1.0+incompatible/cache.go:1079 +0x7b
created by github.com/patrickmn/go-cache.runJanitor in goroutine 4441
	/home/mariell/go/pkg/mod/github.com/patrickmn/go-cache@v2.1.0+incompatible/cache.go:1099 +0xdb

goroutine 12365 [select]:
net/http.(*persistConn).writeLoop(0xc00a959680)
	/usr/lib/go/src/net/http/transport.go:2590 +0xe7
created by net/http.(*Transport).dialConn in goroutine 12261
	/usr/lib/go/src/net/http/transport.go:1945 +0x17a5

goroutine 5796 [select]:
github.com/centrifugal/centrifuge.(*Node).cleanNodeInfo(0xc003778248)
	/home/mariell/go/pkg/mod/github.com/centrifugal/centrifuge@v0.33.3/node.go:394 +0x90
created by github.com/centrifugal/centrifuge.(*Node).Run in goroutine 4441
	/home/mariell/go/pkg/mod/github.com/centrifugal/centrifuge@v0.33.3/node.go:261 +0x265

goroutine 5795 [select]:
github.com/centrifugal/centrifuge.(*Node).sendNodePing(0xc003778248)
	/home/mariell/go/pkg/mod/github.com/centrifugal/centrifuge@v0.33.3/node.go:380 +0x85
created by github.com/centrifugal/centrifuge.(*Node).Run in goroutine 4441
	/home/mariell/go/pkg/mod/github.com/centrifugal/centrifuge@v0.33.3/node.go:260 +0x225

goroutine 7416 [sync.Cond.Wait]:
sync.runtime_notifyListWait(0xc0088a2350, 0x21)
	/usr/lib/go/src/runtime/sema.go:597 +0x159
sync.(*Cond).Wait(0x0?)
	/usr/lib/go/src/sync/cond.go:71 +0x85
github.com/centrifugal/centrifuge/internal/dissolve.(*queueImpl).Wait(0xc0088a0620)
	/home/mariell/go/pkg/mod/github.com/centrifugal/centrifuge@v0.33.3/internal/dissolve/queue.go:139 +0x4a
github.com/centrifugal/centrifuge/internal/dissolve.(*Dissolver).runWorker(0xc001ba2798)
	/home/mariell/go/pkg/mod/github.com/centrifugal/centrifuge@v0.33.3/internal/dissolve/dissolve.go:52 +0x27
created by github.com/centrifugal/centrifuge/internal/dissolve.(*Dissolver).Run in goroutine 6291
	/home/mariell/go/pkg/mod/github.com/centrifugal/centrifuge@v0.33.3/internal/dissolve/dissolve.go:31 +0x25

goroutine 5794 [select]:
github.com/centrifugal/centrifuge.(*Node).initMetrics.func1()
	/home/mariell/go/pkg/mod/github.com/centrifugal/centrifuge@v0.33.3/node.go:365 +0x8a
created by github.com/centrifugal/centrifuge.(*Node).initMetrics in goroutine 4441
	/home/mariell/go/pkg/mod/github.com/centrifugal/centrifuge@v0.33.3/node.go:363 +0x1f9

goroutine 5799 [sync.Cond.Wait]:
sync.runtime_notifyListWait(0xc002557390, 0x2)
	/usr/lib/go/src/runtime/sema.go:597 +0x159
sync.(*Cond).Wait(0x0?)
	/usr/lib/go/src/sync/cond.go:71 +0x85
github.com/centrifugal/centrifuge/internal/dissolve.(*queueImpl).Wait(0xc006063c00)
	/home/mariell/go/pkg/mod/github.com/centrifugal/centrifuge@v0.33.3/internal/dissolve/queue.go:139 +0x4a
github.com/centrifugal/centrifuge/internal/dissolve.(*Dissolver).runWorker(0xc0037337d0)
	/home/mariell/go/pkg/mod/github.com/centrifugal/centrifuge@v0.33.3/internal/dissolve/dissolve.go:52 +0x27
created by github.com/centrifugal/centrifuge/internal/dissolve.(*Dissolver).Run in goroutine 4441
	/home/mariell/go/pkg/mod/github.com/centrifugal/centrifuge@v0.33.3/internal/dissolve/dissolve.go:31 +0x25

goroutine 5800 [sync.Cond.Wait]:
sync.runtime_notifyListWait(0xc002557390, 0x3)
	/usr/lib/go/src/runtime/sema.go:597 +0x159
sync.(*Cond).Wait(0x0?)
	/usr/lib/go/src/sync/cond.go:71 +0x85
github.com/centrifugal/centrifuge/internal/dissolve.(*queueImpl).Wait(0xc006063c00)
	/home/mariell/go/pkg/mod/github.com/centrifugal/centrifuge@v0.33.3/internal/dissolve/queue.go:139 +0x4a
github.com/centrifugal/centrifuge/internal/dissolve.(*Dissolver).runWorker(0xc0037337d0)
	/home/mariell/go/pkg/mod/github.com/centrifugal/centrifuge@v0.33.3/internal/dissolve/dissolve.go:52 +0x27
created by github.com/centrifugal/centrifuge/internal/dissolve.(*Dissolver).Run in goroutine 4441
	/home/mariell/go/pkg/mod/github.com/centrifugal/centrifuge@v0.33.3/internal/dissolve/dissolve.go:31 +0x25

goroutine 5801 [sync.Cond.Wait]:
sync.runtime_notifyListWait(0xc002557390, 0x4)
	/usr/lib/go/src/runtime/sema.go:597 +0x159
sync.(*Cond).Wait(0x0?)
	/usr/lib/go/src/sync/cond.go:71 +0x85
github.com/centrifugal/centrifuge/internal/dissolve.(*queueImpl).Wait(0xc006063c00)
	/home/mariell/go/pkg/mod/github.com/centrifugal/centrifuge@v0.33.3/internal/dissolve/queue.go:139 +0x4a
github.com/centrifugal/centrifuge/internal/dissolve.(*Dissolver).runWorker(0xc0037337d0)
	/home/mariell/go/pkg/mod/github.com/centrifugal/centrifuge@v0.33.3/internal/dissolve/dissolve.go:52 +0x27
created by github.com/centrifugal/centrifuge/internal/dissolve.(*Dissolver).Run in goroutine 4441
	/home/mariell/go/pkg/mod/github.com/centrifugal/centrifuge@v0.33.3/internal/dissolve/dissolve.go:31 +0x25

goroutine 5802 [sync.Cond.Wait]:
sync.runtime_notifyListWait(0xc002557390, 0x5)
	/usr/lib/go/src/runtime/sema.go:597 +0x159
sync.(*Cond).Wait(0xc0036b9fd0?)
	/usr/lib/go/src/sync/cond.go:71 +0x85
github.com/centrifugal/centrifuge/internal/dissolve.(*queueImpl).Wait(0xc006063c00)
	/home/mariell/go/pkg/mod/github.com/centrifugal/centrifuge@v0.33.3/internal/dissolve/queue.go:139 +0x4a
github.com/centrifugal/centrifuge/internal/dissolve.(*Dissolver).runWorker(0xc0037337d0)
	/home/mariell/go/pkg/mod/github.com/centrifugal/centrifuge@v0.33.3/internal/dissolve/dissolve.go:52 +0x27
created by github.com/centrifugal/centrifuge/internal/dissolve.(*Dissolver).Run in goroutine 4441
	/home/mariell/go/pkg/mod/github.com/centrifugal/centrifuge@v0.33.3/internal/dissolve/dissolve.go:31 +0x25

goroutine 5803 [sync.Cond.Wait]:
sync.runtime_notifyListWait(0xc002557390, 0x6)
	/usr/lib/go/src/runtime/sema.go:597 +0x159
sync.(*Cond).Wait(0x0?)
	/usr/lib/go/src/sync/cond.go:71 +0x85
github.com/centrifugal/centrifuge/internal/dissolve.(*queueImpl).Wait(0xc006063c00)
	/home/mariell/go/pkg/mod/github.com/centrifugal/centrifuge@v0.33.3/internal/dissolve/queue.go:139 +0x4a
github.com/centrifugal/centrifuge/internal/dissolve.(*Dissolver).runWorker(0xc0037337d0)
	/home/mariell/go/pkg/mod/github.com/centrifugal/centrifuge@v0.33.3/internal/dissolve/dissolve.go:52 +0x27
created by github.com/centrifugal/centrifuge/internal/dissolve.(*Dissolver).Run in goroutine 4441
	/home/mariell/go/pkg/mod/github.com/centrifugal/centrifuge@v0.33.3/internal/dissolve/dissolve.go:31 +0x25

goroutine 5804 [sync.Cond.Wait]:
sync.runtime_notifyListWait(0xc002557390, 0x7)
	/usr/lib/go/src/runtime/sema.go:597 +0x159
sync.(*Cond).Wait(0x0?)
	/usr/lib/go/src/sync/cond.go:71 +0x85
github.com/centrifugal/centrifuge/internal/dissolve.(*queueImpl).Wait(0xc006063c00)
	/home/mariell/go/pkg/mod/github.com/centrifugal/centrifuge@v0.33.3/internal/dissolve/queue.go:139 +0x4a
github.com/centrifugal/centrifuge/internal/dissolve.(*Dissolver).runWorker(0xc0037337d0)
	/home/mariell/go/pkg/mod/github.com/centrifugal/centrifuge@v0.33.3/internal/dissolve/dissolve.go:52 +0x27
created by github.com/centrifugal/centrifuge/internal/dissolve.(*Dissolver).Run in goroutine 4441
	/home/mariell/go/pkg/mod/github.com/centrifugal/centrifuge@v0.33.3/internal/dissolve/dissolve.go:31 +0x25

goroutine 5805 [sync.Cond.Wait]:
sync.runtime_notifyListWait(0xc002557390, 0x8)
	/usr/lib/go/src/runtime/sema.go:597 +0x159
sync.(*Cond).Wait(0x0?)
	/usr/lib/go/src/sync/cond.go:71 +0x85
github.com/centrifugal/centrifuge/internal/dissolve.(*queueImpl).Wait(0xc006063c00)
	/home/mariell/go/pkg/mod/github.com/centrifugal/centrifuge@v0.33.3/internal/dissolve/queue.go:139 +0x4a
github.com/centrifugal/centrifuge/internal/dissolve.(*Dissolver).runWorker(0xc0037337d0)
	/home/mariell/go/pkg/mod/github.com/centrifugal/centrifuge@v0.33.3/internal/dissolve/dissolve.go:52 +0x27
created by github.com/centrifugal/centrifuge/internal/dissolve.(*Dissolver).Run in goroutine 4441
	/home/mariell/go/pkg/mod/github.com/centrifugal/centrifuge@v0.33.3/internal/dissolve/dissolve.go:31 +0x25

goroutine 5806 [sync.Cond.Wait]:
sync.runtime_notifyListWait(0xc002557390, 0x9)
	/usr/lib/go/src/runtime/sema.go:597 +0x159
sync.(*Cond).Wait(0x0?)
	/usr/lib/go/src/sync/cond.go:71 +0x85
github.com/centrifugal/centrifuge/internal/dissolve.(*queueImpl).Wait(0xc006063c00)
	/home/mariell/go/pkg/mod/github.com/centrifugal/centrifuge@v0.33.3/internal/dissolve/queue.go:139 +0x4a
github.com/centrifugal/centrifuge/internal/dissolve.(*Dissolver).runWorker(0xc0037337d0)
	/home/mariell/go/pkg/mod/github.com/centrifugal/centrifuge@v0.33.3/internal/dissolve/dissolve.go:52 +0x27
created by github.com/centrifugal/centrifuge/internal/dissolve.(*Dissolver).Run in goroutine 4441
	/home/mariell/go/pkg/mod/github.com/centrifugal/centrifuge@v0.33.3/internal/dissolve/dissolve.go:31 +0x25

goroutine 5807 [sync.Cond.Wait]:
sync.runtime_notifyListWait(0xc002557390, 0xa)
	/usr/lib/go/src/runtime/sema.go:597 +0x159
sync.(*Cond).Wait(0x0?)
	/usr/lib/go/src/sync/cond.go:71 +0x85
github.com/centrifugal/centrifuge/internal/dissolve.(*queueImpl).Wait(0xc006063c00)
	/home/mariell/go/pkg/mod/github.com/centrifugal/centrifuge@v0.33.3/internal/dissolve/queue.go:139 +0x4a
github.com/centrifugal/centrifuge/internal/dissolve.(*Dissolver).runWorker(0xc0037337d0)
	/home/mariell/go/pkg/mod/github.com/centrifugal/centrifuge@v0.33.3/internal/dissolve/dissolve.go:52 +0x27
created by github.com/centrifugal/centrifuge/internal/dissolve.(*Dissolver).Run in goroutine 4441
	/home/mariell/go/pkg/mod/github.com/centrifugal/centrifuge@v0.33.3/internal/dissolve/dissolve.go:31 +0x25

goroutine 5808 [sync.Cond.Wait]:
sync.runtime_notifyListWait(0xc002557390, 0xb)
	/usr/lib/go/src/runtime/sema.go:597 +0x159
sync.(*Cond).Wait(0x0?)
	/usr/lib/go/src/sync/cond.go:71 +0x85
github.com/centrifugal/centrifuge/internal/dissolve.(*queueImpl).Wait(0xc006063c00)
	/home/mariell/go/pkg/mod/github.com/centrifugal/centrifuge@v0.33.3/internal/dissolve/queue.go:139 +0x4a
github.com/centrifugal/centrifuge/internal/dissolve.(*Dissolver).runWorker(0xc0037337d0)
	/home/mariell/go/pkg/mod/github.com/centrifugal/centrifuge@v0.33.3/internal/dissolve/dissolve.go:52 +0x27
created by github.com/centrifugal/centrifuge/internal/dissolve.(*Dissolver).Run in goroutine 4441
	/home/mariell/go/pkg/mod/github.com/centrifugal/centrifuge@v0.33.3/internal/dissolve/dissolve.go:31 +0x25

goroutine 5809 [sync.Cond.Wait]:
sync.runtime_notifyListWait(0xc002557390, 0xc)
	/usr/lib/go/src/runtime/sema.go:597 +0x159
sync.(*Cond).Wait(0x0?)
	/usr/lib/go/src/sync/cond.go:71 +0x85
github.com/centrifugal/centrifuge/internal/dissolve.(*queueImpl).Wait(0xc006063c00)
	/home/mariell/go/pkg/mod/github.com/centrifugal/centrifuge@v0.33.3/internal/dissolve/queue.go:139 +0x4a
github.com/centrifugal/centrifuge/internal/dissolve.(*Dissolver).runWorker(0xc0037337d0)
	/home/mariell/go/pkg/mod/github.com/centrifugal/centrifuge@v0.33.3/internal/dissolve/dissolve.go:52 +0x27
created by github.com/centrifugal/centrifuge/internal/dissolve.(*Dissolver).Run in goroutine 4441
	/home/mariell/go/pkg/mod/github.com/centrifugal/centrifuge@v0.33.3/internal/dissolve/dissolve.go:31 +0x25

goroutine 5810 [sync.Cond.Wait]:
sync.runtime_notifyListWait(0xc002557390, 0xd)
	/usr/lib/go/src/runtime/sema.go:597 +0x159
sync.(*Cond).Wait(0x0?)
	/usr/lib/go/src/sync/cond.go:71 +0x85
github.com/centrifugal/centrifuge/internal/dissolve.(*queueImpl).Wait(0xc006063c00)
	/home/mariell/go/pkg/mod/github.com/centrifugal/centrifuge@v0.33.3/internal/dissolve/queue.go:139 +0x4a
github.com/centrifugal/centrifuge/internal/dissolve.(*Dissolver).runWorker(0xc0037337d0)
	/home/mariell/go/pkg/mod/github.com/centrifugal/centrifuge@v0.33.3/internal/dissolve/dissolve.go:52 +0x27
created by github.com/centrifugal/centrifuge/internal/dissolve.(*Dissolver).Run in goroutine 4441
	/home/mariell/go/pkg/mod/github.com/centrifugal/centrifuge@v0.33.3/internal/dissolve/dissolve.go:31 +0x25

goroutine 5811 [sync.Cond.Wait]:
sync.runtime_notifyListWait(0xc002557390, 0xe)
	/usr/lib/go/src/runtime/sema.go:597 +0x159
sync.(*Cond).Wait(0x0?)
	/usr/lib/go/src/sync/cond.go:71 +0x85
github.com/centrifugal/centrifuge/internal/dissolve.(*queueImpl).Wait(0xc006063c00)
	/home/mariell/go/pkg/mod/github.com/centrifugal/centrifuge@v0.33.3/internal/dissolve/queue.go:139 +0x4a
github.com/centrifugal/centrifuge/internal/dissolve.(*Dissolver).runWorker(0xc0037337d0)
	/home/mariell/go/pkg/mod/github.com/centrifugal/centrifuge@v0.33.3/internal/dissolve/dissolve.go:52 +0x27
created by github.com/centrifugal/centrifuge/internal/dissolve.(*Dissolver).Run in goroutine 4441
	/home/mariell/go/pkg/mod/github.com/centrifugal/centrifuge@v0.33.3/internal/dissolve/dissolve.go:31 +0x25

goroutine 5812 [sync.Cond.Wait]:
sync.runtime_notifyListWait(0xc002557390, 0xf)
	/usr/lib/go/src/runtime/sema.go:597 +0x159
sync.(*Cond).Wait(0x0?)
	/usr/lib/go/src/sync/cond.go:71 +0x85
github.com/centrifugal/centrifuge/internal/dissolve.(*queueImpl).Wait(0xc006063c00)
	/home/mariell/go/pkg/mod/github.com/centrifugal/centrifuge@v0.33.3/internal/dissolve/queue.go:139 +0x4a
github.com/centrifugal/centrifuge/internal/dissolve.(*Dissolver).runWorker(0xc0037337d0)
	/home/mariell/go/pkg/mod/github.com/centrifugal/centrifuge@v0.33.3/internal/dissolve/dissolve.go:52 +0x27
created by github.com/centrifugal/centrifuge/internal/dissolve.(*Dissolver).Run in goroutine 4441
	/home/mariell/go/pkg/mod/github.com/centrifugal/centrifuge@v0.33.3/internal/dissolve/dissolve.go:31 +0x25

goroutine 5813 [sync.Cond.Wait]:
sync.runtime_notifyListWait(0xc002557390, 0x10)
	/usr/lib/go/src/runtime/sema.go:597 +0x159
sync.(*Cond).Wait(0xc0022047d0?)
	/usr/lib/go/src/sync/cond.go:71 +0x85
github.com/centrifugal/centrifuge/internal/dissolve.(*queueImpl).Wait(0xc006063c00)
	/home/mariell/go/pkg/mod/github.com/centrifugal/centrifuge@v0.33.3/internal/dissolve/queue.go:139 +0x4a
github.com/centrifugal/centrifuge/internal/dissolve.(*Dissolver).runWorker(0xc0037337d0)
	/home/mariell/go/pkg/mod/github.com/centrifugal/centrifuge@v0.33.3/internal/dissolve/dissolve.go:52 +0x27
created by github.com/centrifugal/centrifuge/internal/dissolve.(*Dissolver).Run in goroutine 4441
	/home/mariell/go/pkg/mod/github.com/centrifugal/centrifuge@v0.33.3/internal/dissolve/dissolve.go:31 +0x25

goroutine 5814 [sync.Cond.Wait]:
sync.runtime_notifyListWait(0xc002557390, 0x11)
	/usr/lib/go/src/runtime/sema.go:597 +0x159
sync.(*Cond).Wait(0x0?)
	/usr/lib/go/src/sync/cond.go:71 +0x85
github.com/centrifugal/centrifuge/internal/dissolve.(*queueImpl).Wait(0xc006063c00)
	/home/mariell/go/pkg/mod/github.com/centrifugal/centrifuge@v0.33.3/internal/dissolve/queue.go:139 +0x4a
github.com/centrifugal/centrifuge/internal/dissolve.(*Dissolver).runWorker(0xc0037337d0)
	/home/mariell/go/pkg/mod/github.com/centrifugal/centrifuge@v0.33.3/internal/dissolve/dissolve.go:52 +0x27
created by github.com/centrifugal/centrifuge/internal/dissolve.(*Dissolver).Run in goroutine 4441
	/home/mariell/go/pkg/mod/github.com/centrifugal/centrifuge@v0.33.3/internal/dissolve/dissolve.go:31 +0x25

goroutine 5815 [sync.Cond.Wait]:
sync.runtime_notifyListWait(0xc002557390, 0x12)
	/usr/lib/go/src/runtime/sema.go:597 +0x159
sync.(*Cond).Wait(0xc001af97d0?)
	/usr/lib/go/src/sync/cond.go:71 +0x85
github.com/centrifugal/centrifuge/internal/dissolve.(*queueImpl).Wait(0xc006063c00)
	/home/mariell/go/pkg/mod/github.com/centrifugal/centrifuge@v0.33.3/internal/dissolve/queue.go:139 +0x4a
github.com/centrifugal/centrifuge/internal/dissolve.(*Dissolver).runWorker(0xc0037337d0)
	/home/mariell/go/pkg/mod/github.com/centrifugal/centrifuge@v0.33.3/internal/dissolve/dissolve.go:52 +0x27
created by github.com/centrifugal/centrifuge/internal/dissolve.(*Dissolver).Run in goroutine 4441
	/home/mariell/go/pkg/mod/github.com/centrifugal/centrifuge@v0.33.3/internal/dissolve/dissolve.go:31 +0x25

goroutine 5816 [sync.Cond.Wait]:
sync.runtime_notifyListWait(0xc002557390, 0x13)
	/usr/lib/go/src/runtime/sema.go:597 +0x159
sync.(*Cond).Wait(0x0?)
	/usr/lib/go/src/sync/cond.go:71 +0x85
github.com/centrifugal/centrifuge/internal/dissolve.(*queueImpl).Wait(0xc006063c00)
	/home/mariell/go/pkg/mod/github.com/centrifugal/centrifuge@v0.33.3/internal/dissolve/queue.go:139 +0x4a
github.com/centrifugal/centrifuge/internal/dissolve.(*Dissolver).runWorker(0xc0037337d0)
	/home/mariell/go/pkg/mod/github.com/centrifugal/centrifuge@v0.33.3/internal/dissolve/dissolve.go:52 +0x27
created by github.com/centrifugal/centrifuge/internal/dissolve.(*Dissolver).Run in goroutine 4441
	/home/mariell/go/pkg/mod/github.com/centrifugal/centrifuge@v0.33.3/internal/dissolve/dissolve.go:31 +0x25

goroutine 5817 [sync.Cond.Wait]:
sync.runtime_notifyListWait(0xc002557390, 0x14)
	/usr/lib/go/src/runtime/sema.go:597 +0x159
sync.(*Cond).Wait(0x0?)
	/usr/lib/go/src/sync/cond.go:71 +0x85
github.com/centrifugal/centrifuge/internal/dissolve.(*queueImpl).Wait(0xc006063c00)
	/home/mariell/go/pkg/mod/github.com/centrifugal/centrifuge@v0.33.3/internal/dissolve/queue.go:139 +0x4a
github.com/centrifugal/centrifuge/internal/dissolve.(*Dissolver).runWorker(0xc0037337d0)
	/home/mariell/go/pkg/mod/github.com/centrifugal/centrifuge@v0.33.3/internal/dissolve/dissolve.go:52 +0x27
created by github.com/centrifugal/centrifuge/internal/dissolve.(*Dissolver).Run in goroutine 4441
	/home/mariell/go/pkg/mod/github.com/centrifugal/centrifuge@v0.33.3/internal/dissolve/dissolve.go:31 +0x25

goroutine 5818 [sync.Cond.Wait]:
sync.runtime_notifyListWait(0xc002557390, 0x15)
	/usr/lib/go/src/runtime/sema.go:597 +0x159
sync.(*Cond).Wait(0x0?)
	/usr/lib/go/src/sync/cond.go:71 +0x85
github.com/centrifugal/centrifuge/internal/dissolve.(*queueImpl).Wait(0xc006063c00)
	/home/mariell/go/pkg/mod/github.com/centrifugal/centrifuge@v0.33.3/internal/dissolve/queue.go:139 +0x4a
github.com/centrifugal/centrifuge/internal/dissolve.(*Dissolver).runWorker(0xc0037337d0)
	/home/mariell/go/pkg/mod/github.com/centrifugal/centrifuge@v0.33.3/internal/dissolve/dissolve.go:52 +0x27
created by github.com/centrifugal/centrifuge/internal/dissolve.(*Dissolver).Run in goroutine 4441
	/home/mariell/go/pkg/mod/github.com/centrifugal/centrifuge@v0.33.3/internal/dissolve/dissolve.go:31 +0x25

goroutine 5819 [sync.Cond.Wait]:
sync.runtime_notifyListWait(0xc002557390, 0x16)
	/usr/lib/go/src/runtime/sema.go:597 +0x159
sync.(*Cond).Wait(0x0?)
	/usr/lib/go/src/sync/cond.go:71 +0x85
github.com/centrifugal/centrifuge/internal/dissolve.(*queueImpl).Wait(0xc006063c00)
	/home/mariell/go/pkg/mod/github.com/centrifugal/centrifuge@v0.33.3/internal/dissolve/queue.go:139 +0x4a
github.com/centrifugal/centrifuge/internal/dissolve.(*Dissolver).runWorker(0xc0037337d0)
	/home/mariell/go/pkg/mod/github.com/centrifugal/centrifuge@v0.33.3/internal/dissolve/dissolve.go:52 +0x27
created by github.com/centrifugal/centrifuge/internal/dissolve.(*Dissolver).Run in goroutine 4441
	/home/mariell/go/pkg/mod/github.com/centrifugal/centrifuge@v0.33.3/internal/dissolve/dissolve.go:31 +0x25

goroutine 5820 [sync.Cond.Wait]:
sync.runtime_notifyListWait(0xc002557390, 0x17)
	/usr/lib/go/src/runtime/sema.go:597 +0x159
sync.(*Cond).Wait(0x0?)
	/usr/lib/go/src/sync/cond.go:71 +0x85
github.com/centrifugal/centrifuge/internal/dissolve.(*queueImpl).Wait(0xc006063c00)
	/home/mariell/go/pkg/mod/github.com/centrifugal/centrifuge@v0.33.3/internal/dissolve/queue.go:139 +0x4a
github.com/centrifugal/centrifuge/internal/dissolve.(*Dissolver).runWorker(0xc0037337d0)
	/home/mariell/go/pkg/mod/github.com/centrifugal/centrifuge@v0.33.3/internal/dissolve/dissolve.go:52 +0x27
created by github.com/centrifugal/centrifuge/internal/dissolve.(*Dissolver).Run in goroutine 4441
	/home/mariell/go/pkg/mod/github.com/centrifugal/centrifuge@v0.33.3/internal/dissolve/dissolve.go:31 +0x25

goroutine 5821 [sync.Cond.Wait]:
sync.runtime_notifyListWait(0xc002557390, 0x18)
	/usr/lib/go/src/runtime/sema.go:597 +0x159
sync.(*Cond).Wait(0xc005df57d0?)
	/usr/lib/go/src/sync/cond.go:71 +0x85
github.com/centrifugal/centrifuge/internal/dissolve.(*queueImpl).Wait(0xc006063c00)
	/home/mariell/go/pkg/mod/github.com/centrifugal/centrifuge@v0.33.3/internal/dissolve/queue.go:139 +0x4a
github.com/centrifugal/centrifuge/internal/dissolve.(*Dissolver).runWorker(0xc0037337d0)
	/home/mariell/go/pkg/mod/github.com/centrifugal/centrifuge@v0.33.3/internal/dissolve/dissolve.go:52 +0x27
created by github.com/centrifugal/centrifuge/internal/dissolve.(*Dissolver).Run in goroutine 4441
	/home/mariell/go/pkg/mod/github.com/centrifugal/centrifuge@v0.33.3/internal/dissolve/dissolve.go:31 +0x25

goroutine 5822 [sync.Cond.Wait]:
sync.runtime_notifyListWait(0xc002557390, 0x19)
	/usr/lib/go/src/runtime/sema.go:597 +0x159
sync.(*Cond).Wait(0x0?)
	/usr/lib/go/src/sync/cond.go:71 +0x85
github.com/centrifugal/centrifuge/internal/dissolve.(*queueImpl).Wait(0xc006063c00)
	/home/mariell/go/pkg/mod/github.com/centrifugal/centrifuge@v0.33.3/internal/dissolve/queue.go:139 +0x4a
github.com/centrifugal/centrifuge/internal/dissolve.(*Dissolver).runWorker(0xc0037337d0)
	/home/mariell/go/pkg/mod/github.com/centrifugal/centrifuge@v0.33.3/internal/dissolve/dissolve.go:52 +0x27
created by github.com/centrifugal/centrifuge/internal/dissolve.(*Dissolver).Run in goroutine 4441
	/home/mariell/go/pkg/mod/github.com/centrifugal/centrifuge@v0.33.3/internal/dissolve/dissolve.go:31 +0x25

goroutine 5823 [sync.Cond.Wait]:
sync.runtime_notifyListWait(0xc002557390, 0x1a)
	/usr/lib/go/src/runtime/sema.go:597 +0x159
sync.(*Cond).Wait(0xc005df5fd0?)
	/usr/lib/go/src/sync/cond.go:71 +0x85
github.com/centrifugal/centrifuge/internal/dissolve.(*queueImpl).Wait(0xc006063c00)
	/home/mariell/go/pkg/mod/github.com/centrifugal/centrifuge@v0.33.3/internal/dissolve/queue.go:139 +0x4a
github.com/centrifugal/centrifuge/internal/dissolve.(*Dissolver).runWorker(0xc0037337d0)
	/home/mariell/go/pkg/mod/github.com/centrifugal/centrifuge@v0.33.3/internal/dissolve/dissolve.go:52 +0x27
created by github.com/centrifugal/centrifuge/internal/dissolve.(*Dissolver).Run in goroutine 4441
	/home/mariell/go/pkg/mod/github.com/centrifugal/centrifuge@v0.33.3/internal/dissolve/dissolve.go:31 +0x25

goroutine 5824 [sync.Cond.Wait]:
sync.runtime_notifyListWait(0xc002557390, 0x1b)
	/usr/lib/go/src/runtime/sema.go:597 +0x159
sync.(*Cond).Wait(0x0?)
	/usr/lib/go/src/sync/cond.go:71 +0x85
github.com/centrifugal/centrifuge/internal/dissolve.(*queueImpl).Wait(0xc006063c00)
	/home/mariell/go/pkg/mod/github.com/centrifugal/centrifuge@v0.33.3/internal/dissolve/queue.go:139 +0x4a
github.com/centrifugal/centrifuge/internal/dissolve.(*Dissolver).runWorker(0xc0037337d0)
	/home/mariell/go/pkg/mod/github.com/centrifugal/centrifuge@v0.33.3/internal/dissolve/dissolve.go:52 +0x27
created by github.com/centrifugal/centrifuge/internal/dissolve.(*Dissolver).Run in goroutine 4441
	/home/mariell/go/pkg/mod/github.com/centrifugal/centrifuge@v0.33.3/internal/dissolve/dissolve.go:31 +0x25

goroutine 5825 [sync.Cond.Wait]:
sync.runtime_notifyListWait(0xc002557390, 0x1c)
	/usr/lib/go/src/runtime/sema.go:597 +0x159
sync.(*Cond).Wait(0xc0022207d0?)
	/usr/lib/go/src/sync/cond.go:71 +0x85
github.com/centrifugal/centrifuge/internal/dissolve.(*queueImpl).Wait(0xc006063c00)
	/home/mariell/go/pkg/mod/github.com/centrifugal/centrifuge@v0.33.3/internal/dissolve/queue.go:139 +0x4a
github.com/centrifugal/centrifuge/internal/dissolve.(*Dissolver).runWorker(0xc0037337d0)
	/home/mariell/go/pkg/mod/github.com/centrifugal/centrifuge@v0.33.3/internal/dissolve/dissolve.go:52 +0x27
created by github.com/centrifugal/centrifuge/internal/dissolve.(*Dissolver).Run in goroutine 4441
	/home/mariell/go/pkg/mod/github.com/centrifugal/centrifuge@v0.33.3/internal/dissolve/dissolve.go:31 +0x25

goroutine 5826 [sync.Cond.Wait]:
sync.runtime_notifyListWait(0xc002557390, 0x1d)
	/usr/lib/go/src/runtime/sema.go:597 +0x159
sync.(*Cond).Wait(0x0?)
	/usr/lib/go/src/sync/cond.go:71 +0x85
github.com/centrifugal/centrifuge/internal/dissolve.(*queueImpl).Wait(0xc006063c00)
	/home/mariell/go/pkg/mod/github.com/centrifugal/centrifuge@v0.33.3/internal/dissolve/queue.go:139 +0x4a
github.com/centrifugal/centrifuge/internal/dissolve.(*Dissolver).runWorker(0xc0037337d0)
	/home/mariell/go/pkg/mod/github.com/centrifugal/centrifuge@v0.33.3/internal/dissolve/dissolve.go:52 +0x27
created by github.com/centrifugal/centrifuge/internal/dissolve.(*Dissolver).Run in goroutine 4441
	/home/mariell/go/pkg/mod/github.com/centrifugal/centrifuge@v0.33.3/internal/dissolve/dissolve.go:31 +0x25

goroutine 5827 [sync.Cond.Wait]:
sync.runtime_notifyListWait(0xc002557390, 0x0)
	/usr/lib/go/src/runtime/sema.go:597 +0x159
sync.(*Cond).Wait(0x0?)
	/usr/lib/go/src/sync/cond.go:71 +0x85
github.com/centrifugal/centrifuge/internal/dissolve.(*queueImpl).Wait(0xc006063c00)
	/home/mariell/go/pkg/mod/github.com/centrifugal/centrifuge@v0.33.3/internal/dissolve/queue.go:139 +0x4a
github.com/centrifugal/centrifuge/internal/dissolve.(*Dissolver).runWorker(0xc0037337d0)
	/home/mariell/go/pkg/mod/github.com/centrifugal/centrifuge@v0.33.3/internal/dissolve/dissolve.go:52 +0x27
created by github.com/centrifugal/centrifuge/internal/dissolve.(*Dissolver).Run in goroutine 4441
	/home/mariell/go/pkg/mod/github.com/centrifugal/centrifuge@v0.33.3/internal/dissolve/dissolve.go:31 +0x25

goroutine 5828 [sync.Cond.Wait]:
sync.runtime_notifyListWait(0xc002557390, 0x1f)
	/usr/lib/go/src/runtime/sema.go:597 +0x159
sync.(*Cond).Wait(0x0?)
	/usr/lib/go/src/sync/cond.go:71 +0x85
github.com/centrifugal/centrifuge/internal/dissolve.(*queueImpl).Wait(0xc006063c00)
	/home/mariell/go/pkg/mod/github.com/centrifugal/centrifuge@v0.33.3/internal/dissolve/queue.go:139 +0x4a
github.com/centrifugal/centrifuge/internal/dissolve.(*Dissolver).runWorker(0xc0037337d0)
	/home/mariell/go/pkg/mod/github.com/centrifugal/centrifuge@v0.33.3/internal/dissolve/dissolve.go:52 +0x27
created by github.com/centrifugal/centrifuge/internal/dissolve.(*Dissolver).Run in goroutine 4441
	/home/mariell/go/pkg/mod/github.com/centrifugal/centrifuge@v0.33.3/internal/dissolve/dissolve.go:31 +0x25

goroutine 5829 [sync.Cond.Wait]:
sync.runtime_notifyListWait(0xc002557390, 0x20)
	/usr/lib/go/src/runtime/sema.go:597 +0x159
sync.(*Cond).Wait(0x0?)
	/usr/lib/go/src/sync/cond.go:71 +0x85
github.com/centrifugal/centrifuge/internal/dissolve.(*queueImpl).Wait(0xc006063c00)
	/home/mariell/go/pkg/mod/github.com/centrifugal/centrifuge@v0.33.3/internal/dissolve/queue.go:139 +0x4a
github.com/centrifugal/centrifuge/internal/dissolve.(*Dissolver).runWorker(0xc0037337d0)
	/home/mariell/go/pkg/mod/github.com/centrifugal/centrifuge@v0.33.3/internal/dissolve/dissolve.go:52 +0x27
created by github.com/centrifugal/centrifuge/internal/dissolve.(*Dissolver).Run in goroutine 4441
	/home/mariell/go/pkg/mod/github.com/centrifugal/centrifuge@v0.33.3/internal/dissolve/dissolve.go:31 +0x25

goroutine 5830 [sync.Cond.Wait]:
sync.runtime_notifyListWait(0xc002557390, 0x21)
	/usr/lib/go/src/runtime/sema.go:597 +0x159
sync.(*Cond).Wait(0x0?)
	/usr/lib/go/src/sync/cond.go:71 +0x85
github.com/centrifugal/centrifuge/internal/dissolve.(*queueImpl).Wait(0xc006063c00)
	/home/mariell/go/pkg/mod/github.com/centrifugal/centrifuge@v0.33.3/internal/dissolve/queue.go:139 +0x4a
github.com/centrifugal/centrifuge/internal/dissolve.(*Dissolver).runWorker(0xc0037337d0)
	/home/mariell/go/pkg/mod/github.com/centrifugal/centrifuge@v0.33.3/internal/dissolve/dissolve.go:52 +0x27
created by github.com/centrifugal/centrifuge/internal/dissolve.(*Dissolver).Run in goroutine 4441
	/home/mariell/go/pkg/mod/github.com/centrifugal/centrifuge@v0.33.3/internal/dissolve/dissolve.go:31 +0x25

goroutine 5831 [sync.Cond.Wait]:
sync.runtime_notifyListWait(0xc002557390, 0x22)
	/usr/lib/go/src/runtime/sema.go:597 +0x159
sync.(*Cond).Wait(0x0?)
	/usr/lib/go/src/sync/cond.go:71 +0x85
github.com/centrifugal/centrifuge/internal/dissolve.(*queueImpl).Wait(0xc006063c00)
	/home/mariell/go/pkg/mod/github.com/centrifugal/centrifuge@v0.33.3/internal/dissolve/queue.go:139 +0x4a
github.com/centrifugal/centrifuge/internal/dissolve.(*Dissolver).runWorker(0xc0037337d0)
	/home/mariell/go/pkg/mod/github.com/centrifugal/centrifuge@v0.33.3/internal/dissolve/dissolve.go:52 +0x27
created by github.com/centrifugal/centrifuge/internal/dissolve.(*Dissolver).Run in goroutine 4441
	/home/mariell/go/pkg/mod/github.com/centrifugal/centrifuge@v0.33.3/internal/dissolve/dissolve.go:31 +0x25

goroutine 5832 [sync.Cond.Wait]:
sync.runtime_notifyListWait(0xc002557390, 0x23)
	/usr/lib/go/src/runtime/sema.go:597 +0x159
sync.(*Cond).Wait(0x0?)
	/usr/lib/go/src/sync/cond.go:71 +0x85
github.com/centrifugal/centrifuge/internal/dissolve.(*queueImpl).Wait(0xc006063c00)
	/home/mariell/go/pkg/mod/github.com/centrifugal/centrifuge@v0.33.3/internal/dissolve/queue.go:139 +0x4a
github.com/centrifugal/centrifuge/internal/dissolve.(*Dissolver).runWorker(0xc0037337d0)
	/home/mariell/go/pkg/mod/github.com/centrifugal/centrifuge@v0.33.3/internal/dissolve/dissolve.go:52 +0x27
created by github.com/centrifugal/centrifuge/internal/dissolve.(*Dissolver).Run in goroutine 4441
	/home/mariell/go/pkg/mod/github.com/centrifugal/centrifuge@v0.33.3/internal/dissolve/dissolve.go:31 +0x25

goroutine 5833 [sync.Cond.Wait]:
sync.runtime_notifyListWait(0xc002557390, 0x24)
	/usr/lib/go/src/runtime/sema.go:597 +0x159
sync.(*Cond).Wait(0x0?)
	/usr/lib/go/src/sync/cond.go:71 +0x85
github.com/centrifugal/centrifuge/internal/dissolve.(*queueImpl).Wait(0xc006063c00)
	/home/mariell/go/pkg/mod/github.com/centrifugal/centrifuge@v0.33.3/internal/dissolve/queue.go:139 +0x4a
github.com/centrifugal/centrifuge/internal/dissolve.(*Dissolver).runWorker(0xc0037337d0)
	/home/mariell/go/pkg/mod/github.com/centrifugal/centrifuge@v0.33.3/internal/dissolve/dissolve.go:52 +0x27
created by github.com/centrifugal/centrifuge/internal/dissolve.(*Dissolver).Run in goroutine 4441
	/home/mariell/go/pkg/mod/github.com/centrifugal/centrifuge@v0.33.3/internal/dissolve/dissolve.go:31 +0x25

goroutine 5834 [sync.Cond.Wait]:
sync.runtime_notifyListWait(0xc002557390, 0x25)
	/usr/lib/go/src/runtime/sema.go:597 +0x159
sync.(*Cond).Wait(0x5?)
	/usr/lib/go/src/sync/cond.go:71 +0x85
github.com/centrifugal/centrifuge/internal/dissolve.(*queueImpl).Wait(0xc006063c00)
	/home/mariell/go/pkg/mod/github.com/centrifugal/centrifuge@v0.33.3/internal/dissolve/queue.go:139 +0x4a
github.com/centrifugal/centrifuge/internal/dissolve.(*Dissolver).runWorker(0xc0037337d0)
	/home/mariell/go/pkg/mod/github.com/centrifugal/centrifuge@v0.33.3/internal/dissolve/dissolve.go:52 +0x27
created by github.com/centrifugal/centrifuge/internal/dissolve.(*Dissolver).Run in goroutine 4441
	/home/mariell/go/pkg/mod/github.com/centrifugal/centrifuge@v0.33.3/internal/dissolve/dissolve.go:31 +0x25

goroutine 5835 [sync.Cond.Wait]:
sync.runtime_notifyListWait(0xc002557390, 0x26)
	/usr/lib/go/src/runtime/sema.go:597 +0x159
sync.(*Cond).Wait(0x0?)
	/usr/lib/go/src/sync/cond.go:71 +0x85
github.com/centrifugal/centrifuge/internal/dissolve.(*queueImpl).Wait(0xc006063c00)
	/home/mariell/go/pkg/mod/github.com/centrifugal/centrifuge@v0.33.3/internal/dissolve/queue.go:139 +0x4a
github.com/centrifugal/centrifuge/internal/dissolve.(*Dissolver).runWorker(0xc0037337d0)
	/home/mariell/go/pkg/mod/github.com/centrifugal/centrifuge@v0.33.3/internal/dissolve/dissolve.go:52 +0x27
created by github.com/centrifugal/centrifuge/internal/dissolve.(*Dissolver).Run in goroutine 4441
	/home/mariell/go/pkg/mod/github.com/centrifugal/centrifuge@v0.33.3/internal/dissolve/dissolve.go:31 +0x25

goroutine 5836 [sync.Cond.Wait]:
sync.runtime_notifyListWait(0xc002557390, 0x27)
	/usr/lib/go/src/runtime/sema.go:597 +0x159
sync.(*Cond).Wait(0x1?)
	/usr/lib/go/src/sync/cond.go:71 +0x85
github.com/centrifugal/centrifuge/internal/dissolve.(*queueImpl).Wait(0xc006063c00)
	/home/mariell/go/pkg/mod/github.com/centrifugal/centrifuge@v0.33.3/internal/dissolve/queue.go:139 +0x4a
github.com/centrifugal/centrifuge/internal/dissolve.(*Dissolver).runWorker(0xc0037337d0)
	/home/mariell/go/pkg/mod/github.com/centrifugal/centrifuge@v0.33.3/internal/dissolve/dissolve.go:52 +0x27
created by github.com/centrifugal/centrifuge/internal/dissolve.(*Dissolver).Run in goroutine 4441
	/home/mariell/go/pkg/mod/github.com/centrifugal/centrifuge@v0.33.3/internal/dissolve/dissolve.go:31 +0x25

goroutine 5837 [sync.Cond.Wait]:
sync.runtime_notifyListWait(0xc002557390, 0x28)
	/usr/lib/go/src/runtime/sema.go:597 +0x159
sync.(*Cond).Wait(0x0?)
	/usr/lib/go/src/sync/cond.go:71 +0x85
github.com/centrifugal/centrifuge/internal/dissolve.(*queueImpl).Wait(0xc006063c00)
	/home/mariell/go/pkg/mod/github.com/centrifugal/centrifuge@v0.33.3/internal/dissolve/queue.go:139 +0x4a
github.com/centrifugal/centrifuge/internal/dissolve.(*Dissolver).runWorker(0xc0037337d0)
	/home/mariell/go/pkg/mod/github.com/centrifugal/centrifuge@v0.33.3/internal/dissolve/dissolve.go:52 +0x27
created by github.com/centrifugal/centrifuge/internal/dissolve.(*Dissolver).Run in goroutine 4441
	/home/mariell/go/pkg/mod/github.com/centrifugal/centrifuge@v0.33.3/internal/dissolve/dissolve.go:31 +0x25

goroutine 5838 [sync.Cond.Wait]:
sync.runtime_notifyListWait(0xc002557390, 0x29)
	/usr/lib/go/src/runtime/sema.go:597 +0x159
sync.(*Cond).Wait(0x0?)
	/usr/lib/go/src/sync/cond.go:71 +0x85
github.com/centrifugal/centrifuge/internal/dissolve.(*queueImpl).Wait(0xc006063c00)
	/home/mariell/go/pkg/mod/github.com/centrifugal/centrifuge@v0.33.3/internal/dissolve/queue.go:139 +0x4a
github.com/centrifugal/centrifuge/internal/dissolve.(*Dissolver).runWorker(0xc0037337d0)
	/home/mariell/go/pkg/mod/github.com/centrifugal/centrifuge@v0.33.3/internal/dissolve/dissolve.go:52 +0x27
created by github.com/centrifugal/centrifuge/internal/dissolve.(*Dissolver).Run in goroutine 4441
	/home/mariell/go/pkg/mod/github.com/centrifugal/centrifuge@v0.33.3/internal/dissolve/dissolve.go:31 +0x25

goroutine 5839 [sync.Cond.Wait]:
sync.runtime_notifyListWait(0xc002557390, 0x2a)
	/usr/lib/go/src/runtime/sema.go:597 +0x159
sync.(*Cond).Wait(0x0?)
	/usr/lib/go/src/sync/cond.go:71 +0x85
github.com/centrifugal/centrifuge/internal/dissolve.(*queueImpl).Wait(0xc006063c00)
	/home/mariell/go/pkg/mod/github.com/centrifugal/centrifuge@v0.33.3/internal/dissolve/queue.go:139 +0x4a
github.com/centrifugal/centrifuge/internal/dissolve.(*Dissolver).runWorker(0xc0037337d0)
	/home/mariell/go/pkg/mod/github.com/centrifugal/centrifuge@v0.33.3/internal/dissolve/dissolve.go:52 +0x27
created by github.com/centrifugal/centrifuge/internal/dissolve.(*Dissolver).Run in goroutine 4441
	/home/mariell/go/pkg/mod/github.com/centrifugal/centrifuge@v0.33.3/internal/dissolve/dissolve.go:31 +0x25

goroutine 5840 [sync.Cond.Wait]:
sync.runtime_notifyListWait(0xc002557390, 0x2b)
	/usr/lib/go/src/runtime/sema.go:597 +0x159
sync.(*Cond).Wait(0x0?)
	/usr/lib/go/src/sync/cond.go:71 +0x85
github.com/centrifugal/centrifuge/internal/dissolve.(*queueImpl).Wait(0xc006063c00)
	/home/mariell/go/pkg/mod/github.com/centrifugal/centrifuge@v0.33.3/internal/dissolve/queue.go:139 +0x4a
github.com/centrifugal/centrifuge/internal/dissolve.(*Dissolver).runWorker(0xc0037337d0)
	/home/mariell/go/pkg/mod/github.com/centrifugal/centrifuge@v0.33.3/internal/dissolve/dissolve.go:52 +0x27
created by github.com/centrifugal/centrifuge/internal/dissolve.(*Dissolver).Run in goroutine 4441
	/home/mariell/go/pkg/mod/github.com/centrifugal/centrifuge@v0.33.3/internal/dissolve/dissolve.go:31 +0x25

goroutine 5841 [sync.Cond.Wait]:
sync.runtime_notifyListWait(0xc002557390, 0x2c)
	/usr/lib/go/src/runtime/sema.go:597 +0x159
sync.(*Cond).Wait(0x0?)
	/usr/lib/go/src/sync/cond.go:71 +0x85
github.com/centrifugal/centrifuge/internal/dissolve.(*queueImpl).Wait(0xc006063c00)
	/home/mariell/go/pkg/mod/github.com/centrifugal/centrifuge@v0.33.3/internal/dissolve/queue.go:139 +0x4a
github.com/centrifugal/centrifuge/internal/dissolve.(*Dissolver).runWorker(0xc0037337d0)
	/home/mariell/go/pkg/mod/github.com/centrifugal/centrifuge@v0.33.3/internal/dissolve/dissolve.go:52 +0x27
created by github.com/centrifugal/centrifuge/internal/dissolve.(*Dissolver).Run in goroutine 4441
	/home/mariell/go/pkg/mod/github.com/centrifugal/centrifuge@v0.33.3/internal/dissolve/dissolve.go:31 +0x25

goroutine 5842 [sync.Cond.Wait]:
sync.runtime_notifyListWait(0xc002557390, 0x2d)
	/usr/lib/go/src/runtime/sema.go:597 +0x159
sync.(*Cond).Wait(0x15?)
	/usr/lib/go/src/sync/cond.go:71 +0x85
github.com/centrifugal/centrifuge/internal/dissolve.(*queueImpl).Wait(0xc006063c00)
	/home/mariell/go/pkg/mod/github.com/centrifugal/centrifuge@v0.33.3/internal/dissolve/queue.go:139 +0x4a
github.com/centrifugal/centrifuge/internal/dissolve.(*Dissolver).runWorker(0xc0037337d0)
	/home/mariell/go/pkg/mod/github.com/centrifugal/centrifuge@v0.33.3/internal/dissolve/dissolve.go:52 +0x27
created by github.com/centrifugal/centrifuge/internal/dissolve.(*Dissolver).Run in goroutine 4441
	/home/mariell/go/pkg/mod/github.com/centrifugal/centrifuge@v0.33.3/internal/dissolve/dissolve.go:31 +0x25

goroutine 5843 [sync.Cond.Wait]:
sync.runtime_notifyListWait(0xc002557390, 0x2e)
	/usr/lib/go/src/runtime/sema.go:597 +0x159
sync.(*Cond).Wait(0x0?)
	/usr/lib/go/src/sync/cond.go:71 +0x85
github.com/centrifugal/centrifuge/internal/dissolve.(*queueImpl).Wait(0xc006063c00)
	/home/mariell/go/pkg/mod/github.com/centrifugal/centrifuge@v0.33.3/internal/dissolve/queue.go:139 +0x4a
github.com/centrifugal/centrifuge/internal/dissolve.(*Dissolver).runWorker(0xc0037337d0)
	/home/mariell/go/pkg/mod/github.com/centrifugal/centrifuge@v0.33.3/internal/dissolve/dissolve.go:52 +0x27
created by github.com/centrifugal/centrifuge/internal/dissolve.(*Dissolver).Run in goroutine 4441
	/home/mariell/go/pkg/mod/github.com/centrifugal/centrifuge@v0.33.3/internal/dissolve/dissolve.go:31 +0x25

goroutine 5844 [sync.Cond.Wait]:
sync.runtime_notifyListWait(0xc002557390, 0x1e)
	/usr/lib/go/src/runtime/sema.go:597 +0x159
sync.(*Cond).Wait(0x1?)
	/usr/lib/go/src/sync/cond.go:71 +0x85
github.com/centrifugal/centrifuge/internal/dissolve.(*queueImpl).Wait(0xc006063c00)
	/home/mariell/go/pkg/mod/github.com/centrifugal/centrifuge@v0.33.3/internal/dissolve/queue.go:139 +0x4a
github.com/centrifugal/centrifuge/internal/dissolve.(*Dissolver).runWorker(0xc0037337d0)
	/home/mariell/go/pkg/mod/github.com/centrifugal/centrifuge@v0.33.3/internal/dissolve/dissolve.go:52 +0x27
created by github.com/centrifugal/centrifuge/internal/dissolve.(*Dissolver).Run in goroutine 4441
	/home/mariell/go/pkg/mod/github.com/centrifugal/centrifuge@v0.33.3/internal/dissolve/dissolve.go:31 +0x25

goroutine 5845 [sync.Cond.Wait]:
sync.runtime_notifyListWait(0xc002557390, 0x30)
	/usr/lib/go/src/runtime/sema.go:597 +0x159
sync.(*Cond).Wait(0x0?)
	/usr/lib/go/src/sync/cond.go:71 +0x85
github.com/centrifugal/centrifuge/internal/dissolve.(*queueImpl).Wait(0xc006063c00)
	/home/mariell/go/pkg/mod/github.com/centrifugal/centrifuge@v0.33.3/internal/dissolve/queue.go:139 +0x4a
github.com/centrifugal/centrifuge/internal/dissolve.(*Dissolver).runWorker(0xc0037337d0)
	/home/mariell/go/pkg/mod/github.com/centrifugal/centrifuge@v0.33.3/internal/dissolve/dissolve.go:52 +0x27
created by github.com/centrifugal/centrifuge/internal/dissolve.(*Dissolver).Run in goroutine 4441
	/home/mariell/go/pkg/mod/github.com/centrifugal/centrifuge@v0.33.3/internal/dissolve/dissolve.go:31 +0x25

goroutine 5846 [sync.Cond.Wait]:
sync.runtime_notifyListWait(0xc002557390, 0x31)
	/usr/lib/go/src/runtime/sema.go:597 +0x159
sync.(*Cond).Wait(0xc0063f3714?)
	/usr/lib/go/src/sync/cond.go:71 +0x85
github.com/centrifugal/centrifuge/internal/dissolve.(*queueImpl).Wait(0xc006063c00)
	/home/mariell/go/pkg/mod/github.com/centrifugal/centrifuge@v0.33.3/internal/dissolve/queue.go:139 +0x4a
github.com/centrifugal/centrifuge/internal/dissolve.(*Dissolver).runWorker(0xc0037337d0)
	/home/mariell/go/pkg/mod/github.com/centrifugal/centrifuge@v0.33.3/internal/dissolve/dissolve.go:52 +0x27
created by github.com/centrifugal/centrifuge/internal/dissolve.(*Dissolver).Run in goroutine 4441
	/home/mariell/go/pkg/mod/github.com/centrifugal/centrifuge@v0.33.3/internal/dissolve/dissolve.go:31 +0x25

goroutine 5847 [sync.Cond.Wait]:
sync.runtime_notifyListWait(0xc002557390, 0x32)
	/usr/lib/go/src/runtime/sema.go:597 +0x159
sync.(*Cond).Wait(0x0?)
	/usr/lib/go/src/sync/cond.go:71 +0x85
github.com/centrifugal/centrifuge/internal/dissolve.(*queueImpl).Wait(0xc006063c00)
	/home/mariell/go/pkg/mod/github.com/centrifugal/centrifuge@v0.33.3/internal/dissolve/queue.go:139 +0x4a
github.com/centrifugal/centrifuge/internal/dissolve.(*Dissolver).runWorker(0xc0037337d0)
	/home/mariell/go/pkg/mod/github.com/centrifugal/centrifuge@v0.33.3/internal/dissolve/dissolve.go:52 +0x27
created by github.com/centrifugal/centrifuge/internal/dissolve.(*Dissolver).Run in goroutine 4441
	/home/mariell/go/pkg/mod/github.com/centrifugal/centrifuge@v0.33.3/internal/dissolve/dissolve.go:31 +0x25

goroutine 5848 [sync.Cond.Wait]:
sync.runtime_notifyListWait(0xc002557390, 0x33)
	/usr/lib/go/src/runtime/sema.go:597 +0x159
sync.(*Cond).Wait(0x0?)
	/usr/lib/go/src/sync/cond.go:71 +0x85
github.com/centrifugal/centrifuge/internal/dissolve.(*queueImpl).Wait(0xc006063c00)
	/home/mariell/go/pkg/mod/github.com/centrifugal/centrifuge@v0.33.3/internal/dissolve/queue.go:139 +0x4a
github.com/centrifugal/centrifuge/internal/dissolve.(*Dissolver).runWorker(0xc0037337d0)
	/home/mariell/go/pkg/mod/github.com/centrifugal/centrifuge@v0.33.3/internal/dissolve/dissolve.go:52 +0x27
created by github.com/centrifugal/centrifuge/internal/dissolve.(*Dissolver).Run in goroutine 4441
	/home/mariell/go/pkg/mod/github.com/centrifugal/centrifuge@v0.33.3/internal/dissolve/dissolve.go:31 +0x25

goroutine 5849 [sync.Cond.Wait]:
sync.runtime_notifyListWait(0xc002557390, 0x34)
	/usr/lib/go/src/runtime/sema.go:597 +0x159
sync.(*Cond).Wait(0x0?)
	/usr/lib/go/src/sync/cond.go:71 +0x85
github.com/centrifugal/centrifuge/internal/dissolve.(*queueImpl).Wait(0xc006063c00)
	/home/mariell/go/pkg/mod/github.com/centrifugal/centrifuge@v0.33.3/internal/dissolve/queue.go:139 +0x4a
github.com/centrifugal/centrifuge/internal/dissolve.(*Dissolver).runWorker(0xc0037337d0)
	/home/mariell/go/pkg/mod/github.com/centrifugal/centrifuge@v0.33.3/internal/dissolve/dissolve.go:52 +0x27
created by github.com/centrifugal/centrifuge/internal/dissolve.(*Dissolver).Run in goroutine 4441
	/home/mariell/go/pkg/mod/github.com/centrifugal/centrifuge@v0.33.3/internal/dissolve/dissolve.go:31 +0x25

goroutine 5850 [sync.Cond.Wait]:
sync.runtime_notifyListWait(0xc002557390, 0x35)
	/usr/lib/go/src/runtime/sema.go:597 +0x159
sync.(*Cond).Wait(0x2?)
	/usr/lib/go/src/sync/cond.go:71 +0x85
github.com/centrifugal/centrifuge/internal/dissolve.(*queueImpl).Wait(0xc006063c00)
	/home/mariell/go/pkg/mod/github.com/centrifugal/centrifuge@v0.33.3/internal/dissolve/queue.go:139 +0x4a
github.com/centrifugal/centrifuge/internal/dissolve.(*Dissolver).runWorker(0xc0037337d0)
	/home/mariell/go/pkg/mod/github.com/centrifugal/centrifuge@v0.33.3/internal/dissolve/dissolve.go:52 +0x27
created by github.com/centrifugal/centrifuge/internal/dissolve.(*Dissolver).Run in goroutine 4441
	/home/mariell/go/pkg/mod/github.com/centrifugal/centrifuge@v0.33.3/internal/dissolve/dissolve.go:31 +0x25

goroutine 5851 [sync.Cond.Wait]:
sync.runtime_notifyListWait(0xc002557390, 0x36)
	/usr/lib/go/src/runtime/sema.go:597 +0x159
sync.(*Cond).Wait(0x2?)
	/usr/lib/go/src/sync/cond.go:71 +0x85
github.com/centrifugal/centrifuge/internal/dissolve.(*queueImpl).Wait(0xc006063c00)
	/home/mariell/go/pkg/mod/github.com/centrifugal/centrifuge@v0.33.3/internal/dissolve/queue.go:139 +0x4a
github.com/centrifugal/centrifuge/internal/dissolve.(*Dissolver).runWorker(0xc0037337d0)
	/home/mariell/go/pkg/mod/github.com/centrifugal/centrifuge@v0.33.3/internal/dissolve/dissolve.go:52 +0x27
created by github.com/centrifugal/centrifuge/internal/dissolve.(*Dissolver).Run in goroutine 4441
	/home/mariell/go/pkg/mod/github.com/centrifugal/centrifuge@v0.33.3/internal/dissolve/dissolve.go:31 +0x25

goroutine 5852 [sync.Cond.Wait]:
sync.runtime_notifyListWait(0xc002557390, 0x2f)
	/usr/lib/go/src/runtime/sema.go:597 +0x159
sync.(*Cond).Wait(0x0?)
	/usr/lib/go/src/sync/cond.go:71 +0x85
github.com/centrifugal/centrifuge/internal/dissolve.(*queueImpl).Wait(0xc006063c00)
	/home/mariell/go/pkg/mod/github.com/centrifugal/centrifuge@v0.33.3/internal/dissolve/queue.go:139 +0x4a
github.com/centrifugal/centrifuge/internal/dissolve.(*Dissolver).runWorker(0xc0037337d0)
	/home/mariell/go/pkg/mod/github.com/centrifugal/centrifuge@v0.33.3/internal/dissolve/dissolve.go:52 +0x27
created by github.com/centrifugal/centrifuge/internal/dissolve.(*Dissolver).Run in goroutine 4441
	/home/mariell/go/pkg/mod/github.com/centrifugal/centrifuge@v0.33.3/internal/dissolve/dissolve.go:31 +0x25

goroutine 5853 [sync.Cond.Wait]:
sync.runtime_notifyListWait(0xc002557390, 0x38)
	/usr/lib/go/src/runtime/sema.go:597 +0x159
sync.(*Cond).Wait(0x903240c903240c90?)
	/usr/lib/go/src/sync/cond.go:71 +0x85
github.com/centrifugal/centrifuge/internal/dissolve.(*queueImpl).Wait(0xc006063c00)
	/home/mariell/go/pkg/mod/github.com/centrifugal/centrifuge@v0.33.3/internal/dissolve/queue.go:139 +0x4a
github.com/centrifugal/centrifuge/internal/dissolve.(*Dissolver).runWorker(0xc0037337d0)
	/home/mariell/go/pkg/mod/github.com/centrifugal/centrifuge@v0.33.3/internal/dissolve/dissolve.go:52 +0x27
created by github.com/centrifugal/centrifuge/internal/dissolve.(*Dissolver).Run in goroutine 4441
	/home/mariell/go/pkg/mod/github.com/centrifugal/centrifuge@v0.33.3/internal/dissolve/dissolve.go:31 +0x25

goroutine 5854 [sync.Cond.Wait]:
sync.runtime_notifyListWait(0xc002557390, 0x39)
	/usr/lib/go/src/runtime/sema.go:597 +0x159
sync.(*Cond).Wait(0x0?)
	/usr/lib/go/src/sync/cond.go:71 +0x85
github.com/centrifugal/centrifuge/internal/dissolve.(*queueImpl).Wait(0xc006063c00)
	/home/mariell/go/pkg/mod/github.com/centrifugal/centrifuge@v0.33.3/internal/dissolve/queue.go:139 +0x4a
github.com/centrifugal/centrifuge/internal/dissolve.(*Dissolver).runWorker(0xc0037337d0)
	/home/mariell/go/pkg/mod/github.com/centrifugal/centrifuge@v0.33.3/internal/dissolve/dissolve.go:52 +0x27
created by github.com/centrifugal/centrifuge/internal/dissolve.(*Dissolver).Run in goroutine 4441
	/home/mariell/go/pkg/mod/github.com/centrifugal/centrifuge@v0.33.3/internal/dissolve/dissolve.go:31 +0x25

goroutine 5855 [sync.Cond.Wait]:
sync.runtime_notifyListWait(0xc002557390, 0x3a)
	/usr/lib/go/src/runtime/sema.go:597 +0x159
sync.(*Cond).Wait(0x0?)
	/usr/lib/go/src/sync/cond.go:71 +0x85
github.com/centrifugal/centrifuge/internal/dissolve.(*queueImpl).Wait(0xc006063c00)
	/home/mariell/go/pkg/mod/github.com/centrifugal/centrifuge@v0.33.3/internal/dissolve/queue.go:139 +0x4a
github.com/centrifugal/centrifuge/internal/dissolve.(*Dissolver).runWorker(0xc0037337d0)
	/home/mariell/go/pkg/mod/github.com/centrifugal/centrifuge@v0.33.3/internal/dissolve/dissolve.go:52 +0x27
created by github.com/centrifugal/centrifuge/internal/dissolve.(*Dissolver).Run in goroutine 4441
	/home/mariell/go/pkg/mod/github.com/centrifugal/centrifuge@v0.33.3/internal/dissolve/dissolve.go:31 +0x25

goroutine 5856 [sync.Cond.Wait]:
sync.runtime_notifyListWait(0xc002557390, 0x37)
	/usr/lib/go/src/runtime/sema.go:597 +0x159
sync.(*Cond).Wait(0x1?)
	/usr/lib/go/src/sync/cond.go:71 +0x85
github.com/centrifugal/centrifuge/internal/dissolve.(*queueImpl).Wait(0xc006063c00)
	/home/mariell/go/pkg/mod/github.com/centrifugal/centrifuge@v0.33.3/internal/dissolve/queue.go:139 +0x4a
github.com/centrifugal/centrifuge/internal/dissolve.(*Dissolver).runWorker(0xc0037337d0)
	/home/mariell/go/pkg/mod/github.com/centrifugal/centrifuge@v0.33.3/internal/dissolve/dissolve.go:52 +0x27
created by github.com/centrifugal/centrifuge/internal/dissolve.(*Dissolver).Run in goroutine 4441
	/home/mariell/go/pkg/mod/github.com/centrifugal/centrifuge@v0.33.3/internal/dissolve/dissolve.go:31 +0x25

goroutine 5857 [sync.Cond.Wait]:
sync.runtime_notifyListWait(0xc002557390, 0x3c)
	/usr/lib/go/src/runtime/sema.go:597 +0x159
sync.(*Cond).Wait(0x0?)
	/usr/lib/go/src/sync/cond.go:71 +0x85
github.com/centrifugal/centrifuge/internal/dissolve.(*queueImpl).Wait(0xc006063c00)
	/home/mariell/go/pkg/mod/github.com/centrifugal/centrifuge@v0.33.3/internal/dissolve/queue.go:139 +0x4a
github.com/centrifugal/centrifuge/internal/dissolve.(*Dissolver).runWorker(0xc0037337d0)
	/home/mariell/go/pkg/mod/github.com/centrifugal/centrifuge@v0.33.3/internal/dissolve/dissolve.go:52 +0x27
created by github.com/centrifugal/centrifuge/internal/dissolve.(*Dissolver).Run in goroutine 4441
	/home/mariell/go/pkg/mod/github.com/centrifugal/centrifuge@v0.33.3/internal/dissolve/dissolve.go:31 +0x25

goroutine 5858 [sync.Cond.Wait]:
sync.runtime_notifyListWait(0xc002557390, 0x3b)
	/usr/lib/go/src/runtime/sema.go:597 +0x159
sync.(*Cond).Wait(0x0?)
	/usr/lib/go/src/sync/cond.go:71 +0x85
github.com/centrifugal/centrifuge/internal/dissolve.(*queueImpl).Wait(0xc006063c00)
	/home/mariell/go/pkg/mod/github.com/centrifugal/centrifuge@v0.33.3/internal/dissolve/queue.go:139 +0x4a
github.com/centrifugal/centrifuge/internal/dissolve.(*Dissolver).runWorker(0xc0037337d0)
	/home/mariell/go/pkg/mod/github.com/centrifugal/centrifuge@v0.33.3/internal/dissolve/dissolve.go:52 +0x27
created by github.com/centrifugal/centrifuge/internal/dissolve.(*Dissolver).Run in goroutine 4441
	/home/mariell/go/pkg/mod/github.com/centrifugal/centrifuge@v0.33.3/internal/dissolve/dissolve.go:31 +0x25

goroutine 5859 [sync.Cond.Wait]:
sync.runtime_notifyListWait(0xc002557390, 0x3d)
	/usr/lib/go/src/runtime/sema.go:597 +0x159
sync.(*Cond).Wait(0x1?)
	/usr/lib/go/src/sync/cond.go:71 +0x85
github.com/centrifugal/centrifuge/internal/dissolve.(*queueImpl).Wait(0xc006063c00)
	/home/mariell/go/pkg/mod/github.com/centrifugal/centrifuge@v0.33.3/internal/dissolve/queue.go:139 +0x4a
github.com/centrifugal/centrifuge/internal/dissolve.(*Dissolver).runWorker(0xc0037337d0)
	/home/mariell/go/pkg/mod/github.com/centrifugal/centrifuge@v0.33.3/internal/dissolve/dissolve.go:52 +0x27
created by github.com/centrifugal/centrifuge/internal/dissolve.(*Dissolver).Run in goroutine 4441
	/home/mariell/go/pkg/mod/github.com/centrifugal/centrifuge@v0.33.3/internal/dissolve/dissolve.go:31 +0x25

goroutine 5860 [sync.Cond.Wait]:
sync.runtime_notifyListWait(0xc002557390, 0x3e)
	/usr/lib/go/src/runtime/sema.go:597 +0x159
sync.(*Cond).Wait(0x1?)
	/usr/lib/go/src/sync/cond.go:71 +0x85
github.com/centrifugal/centrifuge/internal/dissolve.(*queueImpl).Wait(0xc006063c00)
	/home/mariell/go/pkg/mod/github.com/centrifugal/centrifuge@v0.33.3/internal/dissolve/queue.go:139 +0x4a
github.com/centrifugal/centrifuge/internal/dissolve.(*Dissolver).runWorker(0xc0037337d0)
	/home/mariell/go/pkg/mod/github.com/centrifugal/centrifuge@v0.33.3/internal/dissolve/dissolve.go:52 +0x27
created by github.com/centrifugal/centrifuge/internal/dissolve.(*Dissolver).Run in goroutine 4441
	/home/mariell/go/pkg/mod/github.com/centrifugal/centrifuge@v0.33.3/internal/dissolve/dissolve.go:31 +0x25

goroutine 5861 [sync.Cond.Wait]:
sync.runtime_notifyListWait(0xc002557390, 0x3f)
	/usr/lib/go/src/runtime/sema.go:597 +0x159
sync.(*Cond).Wait(0x8400a4d2108400a4?)
	/usr/lib/go/src/sync/cond.go:71 +0x85
github.com/centrifugal/centrifuge/internal/dissolve.(*queueImpl).Wait(0xc006063c00)
	/home/mariell/go/pkg/mod/github.com/centrifugal/centrifuge@v0.33.3/internal/dissolve/queue.go:139 +0x4a
github.com/centrifugal/centrifuge/internal/dissolve.(*Dissolver).runWorker(0xc0037337d0)
	/home/mariell/go/pkg/mod/github.com/centrifugal/centrifuge@v0.33.3/internal/dissolve/dissolve.go:52 +0x27
created by github.com/centrifugal/centrifuge/internal/dissolve.(*Dissolver).Run in goroutine 4441
	/home/mariell/go/pkg/mod/github.com/centrifugal/centrifuge@v0.33.3/internal/dissolve/dissolve.go:31 +0x25

goroutine 7445 [sync.Cond.Wait]:
sync.runtime_notifyListWait(0xc0088a2350, 0x2c)
	/usr/lib/go/src/runtime/sema.go:597 +0x159
sync.(*Cond).Wait(0x0?)
	/usr/lib/go/src/sync/cond.go:71 +0x85
github.com/centrifugal/centrifuge/internal/dissolve.(*queueImpl).Wait(0xc0088a0620)
	/home/mariell/go/pkg/mod/github.com/centrifugal/centrifuge@v0.33.3/internal/dissolve/queue.go:139 +0x4a
github.com/centrifugal/centrifuge/internal/dissolve.(*Dissolver).runWorker(0xc001ba2798)
	/home/mariell/go/pkg/mod/github.com/centrifugal/centrifuge@v0.33.3/internal/dissolve/dissolve.go:52 +0x27
created by github.com/centrifugal/centrifuge/internal/dissolve.(*Dissolver).Run in goroutine 6291
	/home/mariell/go/pkg/mod/github.com/centrifugal/centrifuge@v0.33.3/internal/dissolve/dissolve.go:31 +0x25

goroutine 30103 [sync.Cond.Wait]:
sync.runtime_notifyListWait(0xc0029f6450, 0x11)
	/usr/lib/go/src/runtime/sema.go:597 +0x159
sync.(*Cond).Wait(0xc007854fd0?)
	/usr/lib/go/src/sync/cond.go:71 +0x85
github.com/centrifugal/centrifuge/internal/dissolve.(*queueImpl).Wait(0xc00ccdc000)
	/home/mariell/go/pkg/mod/github.com/centrifugal/centrifuge@v0.33.3/internal/dissolve/queue.go:139 +0x4a
github.com/centrifugal/centrifuge/internal/dissolve.(*Dissolver).runWorker(0xc00e0b3c50)
	/home/mariell/go/pkg/mod/github.com/centrifugal/centrifuge@v0.33.3/internal/dissolve/dissolve.go:52 +0x27
created by github.com/centrifugal/centrifuge/internal/dissolve.(*Dissolver).Run in goroutine 28801
	/home/mariell/go/pkg/mod/github.com/centrifugal/centrifuge@v0.33.3/internal/dissolve/dissolve.go:31 +0x25

goroutine 36409 [select]:
net/http.(*persistConn).writeLoop(0xc00431c000)
	/usr/lib/go/src/net/http/transport.go:2590 +0xe7
created by net/http.(*Transport).dialConn in goroutine 36366
	/usr/lib/go/src/net/http/transport.go:1945 +0x17a5

goroutine 7410 [sync.Cond.Wait]:
sync.runtime_notifyListWait(0xc0088a2350, 0x14)
	/usr/lib/go/src/runtime/sema.go:597 +0x159
sync.(*Cond).Wait(0x0?)
	/usr/lib/go/src/sync/cond.go:71 +0x85
github.com/centrifugal/centrifuge/internal/dissolve.(*queueImpl).Wait(0xc0088a0620)
	/home/mariell/go/pkg/mod/github.com/centrifugal/centrifuge@v0.33.3/internal/dissolve/queue.go:139 +0x4a
github.com/centrifugal/centrifuge/internal/dissolve.(*Dissolver).runWorker(0xc001ba2798)
	/home/mariell/go/pkg/mod/github.com/centrifugal/centrifuge@v0.33.3/internal/dissolve/dissolve.go:52 +0x27
created by github.com/centrifugal/centrifuge/internal/dissolve.(*Dissolver).Run in goroutine 6291
	/home/mariell/go/pkg/mod/github.com/centrifugal/centrifuge@v0.33.3/internal/dissolve/dissolve.go:31 +0x25

goroutine 5918 [select]:
github.com/patrickmn/go-cache.(*janitor).Run(0xc0044c9d50, 0xc0025ad000)
	/home/mariell/go/pkg/mod/github.com/patrickmn/go-cache@v2.1.0+incompatible/cache.go:1079 +0x7b
created by github.com/patrickmn/go-cache.runJanitor in goroutine 4441
	/home/mariell/go/pkg/mod/github.com/patrickmn/go-cache@v2.1.0+incompatible/cache.go:1099 +0xdb

goroutine 5924 [select]:
github.com/patrickmn/go-cache.(*janitor).Run(0xc00461e2c0, 0xc001c95cc0)
	/home/mariell/go/pkg/mod/github.com/patrickmn/go-cache@v2.1.0+incompatible/cache.go:1079 +0x7b
created by github.com/patrickmn/go-cache.runJanitor in goroutine 4441
	/home/mariell/go/pkg/mod/github.com/patrickmn/go-cache@v2.1.0+incompatible/cache.go:1099 +0xdb

goroutine 5925 [select]:
github.com/patrickmn/go-cache.(*janitor).Run(0xc00461e3f0, 0xc001c95e40)
	/home/mariell/go/pkg/mod/github.com/patrickmn/go-cache@v2.1.0+incompatible/cache.go:1079 +0x7b
created by github.com/patrickmn/go-cache.runJanitor in goroutine 4441
	/home/mariell/go/pkg/mod/github.com/patrickmn/go-cache@v2.1.0+incompatible/cache.go:1099 +0xdb

goroutine 5926 [select]:
github.com/patrickmn/go-cache.(*janitor).Run(0xc00461e400, 0xc001c95ec0)
	/home/mariell/go/pkg/mod/github.com/patrickmn/go-cache@v2.1.0+incompatible/cache.go:1079 +0x7b
created by github.com/patrickmn/go-cache.runJanitor in goroutine 4441
	/home/mariell/go/pkg/mod/github.com/patrickmn/go-cache@v2.1.0+incompatible/cache.go:1099 +0xdb

goroutine 6004 [select]:
github.com/patrickmn/go-cache.(*janitor).Run(0xc0027312b0, 0xc002368f40)
	/home/mariell/go/pkg/mod/github.com/patrickmn/go-cache@v2.1.0+incompatible/cache.go:1079 +0x7b
created by github.com/patrickmn/go-cache.runJanitor in goroutine 4441
	/home/mariell/go/pkg/mod/github.com/patrickmn/go-cache@v2.1.0+incompatible/cache.go:1099 +0xdb

goroutine 6006 [select]:
github.com/patrickmn/go-cache.(*janitor).Run(0xc002e6e850, 0xc002369700)
	/home/mariell/go/pkg/mod/github.com/patrickmn/go-cache@v2.1.0+incompatible/cache.go:1079 +0x7b
created by github.com/patrickmn/go-cache.runJanitor in goroutine 4441
	/home/mariell/go/pkg/mod/github.com/patrickmn/go-cache@v2.1.0+incompatible/cache.go:1099 +0xdb

goroutine 7706 [select]:
database/sql.(*DB).connectionCleaner(0xc004d62340, 0xc005926f98?)
	/usr/lib/go/src/database/sql/sql.go:1104 +0x9c
created by database/sql.(*DB).startCleanerLocked in goroutine 7705
	/usr/lib/go/src/database/sql/sql.go:1091 +0x105

goroutine 6231 [select]:
net/http.(*persistConn).writeLoop(0xc003373320)
	/usr/lib/go/src/net/http/transport.go:2590 +0xe7
created by net/http.(*Transport).dialConn in goroutine 6013
	/usr/lib/go/src/net/http/transport.go:1945 +0x17a5

goroutine 12085 [select]:
github.com/patrickmn/go-cache.(*janitor).Run(0xc00a0b6120, 0xc000844600)
	/home/mariell/go/pkg/mod/github.com/patrickmn/go-cache@v2.1.0+incompatible/cache.go:1079 +0x7b
created by github.com/patrickmn/go-cache.runJanitor in goroutine 10841
	/home/mariell/go/pkg/mod/github.com/patrickmn/go-cache@v2.1.0+incompatible/cache.go:1099 +0xdb

goroutine 7430 [sync.Cond.Wait]:
sync.runtime_notifyListWait(0xc0088a2350, 0x1b)
	/usr/lib/go/src/runtime/sema.go:597 +0x159
sync.(*Cond).Wait(0xc005e337d0?)
	/usr/lib/go/src/sync/cond.go:71 +0x85
github.com/centrifugal/centrifuge/internal/dissolve.(*queueImpl).Wait(0xc0088a0620)
	/home/mariell/go/pkg/mod/github.com/centrifugal/centrifuge@v0.33.3/internal/dissolve/queue.go:139 +0x4a
github.com/centrifugal/centrifuge/internal/dissolve.(*Dissolver).runWorker(0xc001ba2798)
	/home/mariell/go/pkg/mod/github.com/centrifugal/centrifuge@v0.33.3/internal/dissolve/dissolve.go:52 +0x27
created by github.com/centrifugal/centrifuge/internal/dissolve.(*Dissolver).Run in goroutine 6291
	/home/mariell/go/pkg/mod/github.com/centrifugal/centrifuge@v0.33.3/internal/dissolve/dissolve.go:31 +0x25

goroutine 44023 [select]:
go.opentelemetry.io/otel/sdk/trace.(*batchSpanProcessor).processQueue(0xc01abafcc0)
	/home/mariell/go/pkg/mod/go.opentelemetry.io/otel/sdk@v1.34.0/trace/batch_span_processor.go:302 +0x114
go.opentelemetry.io/otel/sdk/trace.NewBatchSpanProcessor.func1()
	/home/mariell/go/pkg/mod/go.opentelemetry.io/otel/sdk@v1.34.0/trace/batch_span_processor.go:117 +0x4e
created by go.opentelemetry.io/otel/sdk/trace.NewBatchSpanProcessor in goroutine 44067
	/home/mariell/go/pkg/mod/go.opentelemetry.io/otel/sdk@v1.34.0/trace/batch_span_processor.go:115 +0x2d9

goroutine 11921 [select]:
github.com/patrickmn/go-cache.(*janitor).Run(0xc00aa94d40, 0xc002433ec0)
	/home/mariell/go/pkg/mod/github.com/patrickmn/go-cache@v2.1.0+incompatible/cache.go:1079 +0x7b
created by github.com/patrickmn/go-cache.runJanitor in goroutine 10841
	/home/mariell/go/pkg/mod/github.com/patrickmn/go-cache@v2.1.0+incompatible/cache.go:1099 +0xdb

goroutine 11954 [select]:
github.com/centrifugal/centrifuge.(*historyHub).removeStreams(0xc0030edb00)
	/home/mariell/go/pkg/mod/github.com/centrifugal/centrifuge@v0.33.3/broker_memory.go:259 +0x6f
created by github.com/centrifugal/centrifuge.(*historyHub).runCleanups in goroutine 10841
	/home/mariell/go/pkg/mod/github.com/centrifugal/centrifuge@v0.33.3/broker_memory.go:253 +0x96

goroutine 20939 [select]:
github.com/centrifugal/centrifuge.(*Node).sendNodePing(0xc005423d48)
	/home/mariell/go/pkg/mod/github.com/centrifugal/centrifuge@v0.33.3/node.go:380 +0x85
created by github.com/centrifugal/centrifuge.(*Node).Run in goroutine 19735
	/home/mariell/go/pkg/mod/github.com/centrifugal/centrifuge@v0.33.3/node.go:260 +0x225

goroutine 7442 [sync.Cond.Wait]:
sync.runtime_notifyListWait(0xc0088a2350, 0x3e)
	/usr/lib/go/src/runtime/sema.go:597 +0x159
sync.(*Cond).Wait(0xc006489fd0?)
	/usr/lib/go/src/sync/cond.go:71 +0x85
github.com/centrifugal/centrifuge/internal/dissolve.(*queueImpl).Wait(0xc0088a0620)
	/home/mariell/go/pkg/mod/github.com/centrifugal/centrifuge@v0.33.3/internal/dissolve/queue.go:139 +0x4a
github.com/centrifugal/centrifuge/internal/dissolve.(*Dissolver).runWorker(0xc001ba2798)
	/home/mariell/go/pkg/mod/github.com/centrifugal/centrifuge@v0.33.3/internal/dissolve/dissolve.go:52 +0x27
created by github.com/centrifugal/centrifuge/internal/dissolve.(*Dissolver).Run in goroutine 6291
	/home/mariell/go/pkg/mod/github.com/centrifugal/centrifuge@v0.33.3/internal/dissolve/dissolve.go:31 +0x25

goroutine 7399 [sync.Cond.Wait]:
sync.runtime_notifyListWait(0xc0088a2350, 0x7)
	/usr/lib/go/src/runtime/sema.go:597 +0x159
sync.(*Cond).Wait(0xc00648cfd0?)
	/usr/lib/go/src/sync/cond.go:71 +0x85
github.com/centrifugal/centrifuge/internal/dissolve.(*queueImpl).Wait(0xc0088a0620)
	/home/mariell/go/pkg/mod/github.com/centrifugal/centrifuge@v0.33.3/internal/dissolve/queue.go:139 +0x4a
github.com/centrifugal/centrifuge/internal/dissolve.(*Dissolver).runWorker(0xc001ba2798)
	/home/mariell/go/pkg/mod/github.com/centrifugal/centrifuge@v0.33.3/internal/dissolve/dissolve.go:52 +0x27
created by github.com/centrifugal/centrifuge/internal/dissolve.(*Dissolver).Run in goroutine 6291
	/home/mariell/go/pkg/mod/github.com/centrifugal/centrifuge@v0.33.3/internal/dissolve/dissolve.go:31 +0x25

goroutine 9383 [select]:
database/sql.(*DB).connectionCleaner(0xc0023b1ba0, 0xc00a075d50?)
	/usr/lib/go/src/database/sql/sql.go:1104 +0x9c
created by database/sql.(*DB).startCleanerLocked in goroutine 9307
	/usr/lib/go/src/database/sql/sql.go:1091 +0x105

goroutine 37585 [sync.Cond.Wait]:
sync.runtime_notifyListWait(0xc01affc250, 0x3c)
	/usr/lib/go/src/runtime/sema.go:597 +0x159
sync.(*Cond).Wait(0xc01047c7d0?)
	/usr/lib/go/src/sync/cond.go:71 +0x85
github.com/centrifugal/centrifuge/internal/dissolve.(*queueImpl).Wait(0xc01821cd90)
	/home/mariell/go/pkg/mod/github.com/centrifugal/centrifuge@v0.33.3/internal/dissolve/queue.go:139 +0x4a
github.com/centrifugal/centrifuge/internal/dissolve.(*Dissolver).runWorker(0xc0024fff08)
	/home/mariell/go/pkg/mod/github.com/centrifugal/centrifuge@v0.33.3/internal/dissolve/dissolve.go:52 +0x27
created by github.com/centrifugal/centrifuge/internal/dissolve.(*Dissolver).Run in goroutine 36374
	/home/mariell/go/pkg/mod/github.com/centrifugal/centrifuge@v0.33.3/internal/dissolve/dissolve.go:31 +0x25

goroutine 31551 [sync.Cond.Wait]:
sync.runtime_notifyListWait(0xc012c3ca90, 0x18)
	/usr/lib/go/src/runtime/sema.go:597 +0x159
sync.(*Cond).Wait(0x0?)
	/usr/lib/go/src/sync/cond.go:71 +0x85
github.com/centrifugal/centrifuge/internal/dissolve.(*queueImpl).Wait(0xc00c7c6e00)
	/home/mariell/go/pkg/mod/github.com/centrifugal/centrifuge@v0.33.3/internal/dissolve/queue.go:139 +0x4a
github.com/centrifugal/centrifuge/internal/dissolve.(*Dissolver).runWorker(0xc00e284af8)
	/home/mariell/go/pkg/mod/github.com/centrifugal/centrifuge@v0.33.3/internal/dissolve/dissolve.go:52 +0x27
created by github.com/centrifugal/centrifuge/internal/dissolve.(*Dissolver).Run in goroutine 30466
	/home/mariell/go/pkg/mod/github.com/centrifugal/centrifuge@v0.33.3/internal/dissolve/dissolve.go:31 +0x25

goroutine 9282 [IO wait]:
internal/poll.runtime_pollWait(0x7775591d1698, 0x72)
	/usr/lib/go/src/runtime/netpoll.go:351 +0x85
internal/poll.(*pollDesc).wait(0xc009305100?, 0xc001a82600?, 0x0)
	/usr/lib/go/src/internal/poll/fd_poll_runtime.go:84 +0x27
internal/poll.(*pollDesc).waitRead(...)
	/usr/lib/go/src/internal/poll/fd_poll_runtime.go:89
internal/poll.(*FD).Read(0xc009305100, {0xc001a82600, 0x1300, 0x1300})
	/usr/lib/go/src/internal/poll/fd_unix.go:165 +0x27a
net.(*netFD).Read(0xc009305100, {0xc001a82600?, 0x1d?, 0x1a?})
	/usr/lib/go/src/net/fd_posix.go:55 +0x25
net.(*conn).Read(0xc009300070, {0xc001a82600?, 0x7775597e9b38?, 0x7775a8b2a6c8?})
	/usr/lib/go/src/net/net.go:194 +0x45
crypto/tls.(*atLeastReader).Read(0xc003c4a678, {0xc001a82600?, 0x530c68?, 0xc006a48c18?})
	/usr/lib/go/src/crypto/tls/conn.go:809 +0x3b
bytes.(*Buffer).ReadFrom(0xc00931c9b8, {0xa94e300, 0xc003c4a678})
	/usr/lib/go/src/bytes/buffer.go:211 +0x98
crypto/tls.(*Conn).readFromUntil(0xc00931c708, {0xa94dc00, 0xc009300070}, 0x444af4?)
	/usr/lib/go/src/crypto/tls/conn.go:831 +0xde
crypto/tls.(*Conn).readRecordOrCCS(0xc00931c708, 0x0)
	/usr/lib/go/src/crypto/tls/conn.go:629 +0x3cf
crypto/tls.(*Conn).readRecord(...)
	/usr/lib/go/src/crypto/tls/conn.go:591
crypto/tls.(*Conn).Read(0xc00931c708, {0xc009620000, 0x1000, 0x7775a8b2a6c8?})
	/usr/lib/go/src/crypto/tls/conn.go:1385 +0x145
net/http.(*persistConn).Read(0xc0023818c0, {0xc009620000?, 0x4141c5?, 0x68?})
	/usr/lib/go/src/net/http/transport.go:2122 +0x47
bufio.(*Reader).fill(0xc005c5b6e0)
	/usr/lib/go/src/bufio/bufio.go:113 +0x103
bufio.(*Reader).Peek(0xc005c5b6e0, 0x1)
	/usr/lib/go/src/bufio/bufio.go:152 +0x53
net/http.(*persistConn).readLoop(0xc0023818c0)
	/usr/lib/go/src/net/http/transport.go:2275 +0x172
created by net/http.(*Transport).dialConn in goroutine 9197
	/usr/lib/go/src/net/http/transport.go:1944 +0x174f

goroutine 78025 [runnable]:
github.com/centrifugal/centrifuge/internal/dissolve.(*Dissolver).Run.gowrap1()
	/home/mariell/go/pkg/mod/github.com/centrifugal/centrifuge@v0.33.3/internal/dissolve/dissolve.go:31
runtime.goexit({})
	/usr/lib/go/src/runtime/asm_amd64.s:1700 +0x1
created by github.com/centrifugal/centrifuge/internal/dissolve.(*Dissolver).Run in goroutine 3350
	/home/mariell/go/pkg/mod/github.com/centrifugal/centrifuge@v0.33.3/internal/dissolve/dissolve.go:31 +0x25

goroutine 11982 [sync.Cond.Wait]:
sync.runtime_notifyListWait(0xc0082fe010, 0x18)
	/usr/lib/go/src/runtime/sema.go:597 +0x159
sync.(*Cond).Wait(0xc005e16fd0?)
	/usr/lib/go/src/sync/cond.go:71 +0x85
github.com/centrifugal/centrifuge/internal/dissolve.(*queueImpl).Wait(0xc0088a18f0)
	/home/mariell/go/pkg/mod/github.com/centrifugal/centrifuge@v0.33.3/internal/dissolve/queue.go:139 +0x4a
github.com/centrifugal/centrifuge/internal/dissolve.(*Dissolver).runWorker(0xc003c41ef0)
	/home/mariell/go/pkg/mod/github.com/centrifugal/centrifuge@v0.33.3/internal/dissolve/dissolve.go:52 +0x27
created by github.com/centrifugal/centrifuge/internal/dissolve.(*Dissolver).Run in goroutine 10841
	/home/mariell/go/pkg/mod/github.com/centrifugal/centrifuge@v0.33.3/internal/dissolve/dissolve.go:31 +0x25

goroutine 7452 [sync.Cond.Wait]:
sync.runtime_notifyListWait(0xc0088a2350, 0x29)
	/usr/lib/go/src/runtime/sema.go:597 +0x159
sync.(*Cond).Wait(0x0?)
	/usr/lib/go/src/sync/cond.go:71 +0x85
github.com/centrifugal/centrifuge/internal/dissolve.(*queueImpl).Wait(0xc0088a0620)
	/home/mariell/go/pkg/mod/github.com/centrifugal/centrifuge@v0.33.3/internal/dissolve/queue.go:139 +0x4a
github.com/centrifugal/centrifuge/internal/dissolve.(*Dissolver).runWorker(0xc001ba2798)
	/home/mariell/go/pkg/mod/github.com/centrifugal/centrifuge@v0.33.3/internal/dissolve/dissolve.go:52 +0x27
created by github.com/centrifugal/centrifuge/internal/dissolve.(*Dissolver).Run in goroutine 6291
	/home/mariell/go/pkg/mod/github.com/centrifugal/centrifuge@v0.33.3/internal/dissolve/dissolve.go:31 +0x25

goroutine 13470 [select]:
github.com/centrifugal/centrifuge.(*Node).updateMetrics(0xc00a545b08)
	/home/mariell/go/pkg/mod/github.com/centrifugal/centrifuge@v0.33.3/node.go:335 +0x85
created by github.com/centrifugal/centrifuge.(*Node).Run in goroutine 12330
	/home/mariell/go/pkg/mod/github.com/centrifugal/centrifuge@v0.33.3/node.go:262 +0x2a5

goroutine 7428 [sync.Cond.Wait]:
sync.runtime_notifyListWait(0xc0088a2350, 0x18)
	/usr/lib/go/src/runtime/sema.go:597 +0x159
sync.(*Cond).Wait(0x0?)
	/usr/lib/go/src/sync/cond.go:71 +0x85
github.com/centrifugal/centrifuge/internal/dissolve.(*queueImpl).Wait(0xc0088a0620)
	/home/mariell/go/pkg/mod/github.com/centrifugal/centrifuge@v0.33.3/internal/dissolve/queue.go:139 +0x4a
github.com/centrifugal/centrifuge/internal/dissolve.(*Dissolver).runWorker(0xc001ba2798)
	/home/mariell/go/pkg/mod/github.com/centrifugal/centrifuge@v0.33.3/internal/dissolve/dissolve.go:52 +0x27
created by github.com/centrifugal/centrifuge/internal/dissolve.(*Dissolver).Run in goroutine 6291
	/home/mariell/go/pkg/mod/github.com/centrifugal/centrifuge@v0.33.3/internal/dissolve/dissolve.go:31 +0x25

goroutine 7194 [select]:
github.com/patrickmn/go-cache.(*janitor).Run(0xc008210290, 0xc0021ccd80)
	/home/mariell/go/pkg/mod/github.com/patrickmn/go-cache@v2.1.0+incompatible/cache.go:1079 +0x7b
created by github.com/patrickmn/go-cache.runJanitor in goroutine 6291
	/home/mariell/go/pkg/mod/github.com/patrickmn/go-cache@v2.1.0+incompatible/cache.go:1099 +0xdb

goroutine 13511 [sync.Cond.Wait]:
sync.runtime_notifyListWait(0xc00359a490, 0x29)
	/usr/lib/go/src/runtime/sema.go:597 +0x159
sync.(*Cond).Wait(0x6f657079743d3d22?)
	/usr/lib/go/src/sync/cond.go:71 +0x85
github.com/centrifugal/centrifuge/internal/dissolve.(*queueImpl).Wait(0xc0071d3500)
	/home/mariell/go/pkg/mod/github.com/centrifugal/centrifuge@v0.33.3/internal/dissolve/queue.go:139 +0x4a
github.com/centrifugal/centrifuge/internal/dissolve.(*Dissolver).runWorker(0xc008da47c8)
	/home/mariell/go/pkg/mod/github.com/centrifugal/centrifuge@v0.33.3/internal/dissolve/dissolve.go:52 +0x27
created by github.com/centrifugal/centrifuge/internal/dissolve.(*Dissolver).Run in goroutine 12330
	/home/mariell/go/pkg/mod/github.com/centrifugal/centrifuge@v0.33.3/internal/dissolve/dissolve.go:31 +0x25

goroutine 8345 [select]:
go.opentelemetry.io/otel/sdk/trace.(*batchSpanProcessor).processQueue(0xc0095103c0)
	/home/mariell/go/pkg/mod/go.opentelemetry.io/otel/sdk@v1.34.0/trace/batch_span_processor.go:302 +0x114
go.opentelemetry.io/otel/sdk/trace.NewBatchSpanProcessor.func1()
	/home/mariell/go/pkg/mod/go.opentelemetry.io/otel/sdk@v1.34.0/trace/batch_span_processor.go:117 +0x4e
created by go.opentelemetry.io/otel/sdk/trace.NewBatchSpanProcessor in goroutine 7705
	/home/mariell/go/pkg/mod/go.opentelemetry.io/otel/sdk@v1.34.0/trace/batch_span_processor.go:115 +0x2d9

goroutine 27038 [sync.Cond.Wait]:
sync.runtime_notifyListWait(0xc00d5304d0, 0x23)
	/usr/lib/go/src/runtime/sema.go:597 +0x159
sync.(*Cond).Wait(0x0?)
	/usr/lib/go/src/sync/cond.go:71 +0x85
github.com/centrifugal/centrifuge/internal/dissolve.(*queueImpl).Wait(0xc00dc00930)
	/home/mariell/go/pkg/mod/github.com/centrifugal/centrifuge@v0.33.3/internal/dissolve/queue.go:139 +0x4a
github.com/centrifugal/centrifuge/internal/dissolve.(*Dissolver).runWorker(0xc0128109a8)
	/home/mariell/go/pkg/mod/github.com/centrifugal/centrifuge@v0.33.3/internal/dissolve/dissolve.go:52 +0x27
created by github.com/centrifugal/centrifuge/internal/dissolve.(*Dissolver).Run in goroutine 24637
	/home/mariell/go/pkg/mod/github.com/centrifugal/centrifuge@v0.33.3/internal/dissolve/dissolve.go:31 +0x25

goroutine 11953 [select]:
github.com/centrifugal/centrifuge.(*historyHub).expireStreams(0xc0030edb00)
	/home/mariell/go/pkg/mod/github.com/centrifugal/centrifuge@v0.33.3/broker_memory.go:298 +0x75
created by github.com/centrifugal/centrifuge.(*historyHub).runCleanups in goroutine 10841
	/home/mariell/go/pkg/mod/github.com/centrifugal/centrifuge@v0.33.3/broker_memory.go:252 +0x56

goroutine 9349 [select]:
k8s.io/apimachinery/pkg/util/wait.BackoffUntil(0xc00a061e80, {0xa95ac00, 0xc0097cbe90}, 0x1, 0xc0054df340)
	/home/mariell/go/pkg/mod/k8s.io/apimachinery@v0.32.1/pkg/util/wait/backoff.go:238 +0x12c
k8s.io/apimachinery/pkg/util/wait.JitterUntil(0xc00a061e80, 0x3b9aca00, 0x3ff3333333333333, 0x1, 0xc0054df340)
	/home/mariell/go/pkg/mod/k8s.io/apimachinery@v0.32.1/pkg/util/wait/backoff.go:204 +0x7f
created by k8s.io/apiserver/pkg/registry/generic/registry.(*Store).startObservingCount in goroutine 9202
	/home/mariell/go/pkg/mod/k8s.io/apiserver@v0.32.1/pkg/registry/generic/registry/store.go:1666 +0x2f9

goroutine 7454 [sync.Cond.Wait]:
sync.runtime_notifyListWait(0xc0088a2350, 0x31)
	/usr/lib/go/src/runtime/sema.go:597 +0x159
sync.(*Cond).Wait(0x0?)
	/usr/lib/go/src/sync/cond.go:71 +0x85
github.com/centrifugal/centrifuge/internal/dissolve.(*queueImpl).Wait(0xc0088a0620)
	/home/mariell/go/pkg/mod/github.com/centrifugal/centrifuge@v0.33.3/internal/dissolve/queue.go:139 +0x4a
github.com/centrifugal/centrifuge/internal/dissolve.(*Dissolver).runWorker(0xc001ba2798)
	/home/mariell/go/pkg/mod/github.com/centrifugal/centrifuge@v0.33.3/internal/dissolve/dissolve.go:52 +0x27
created by github.com/centrifugal/centrifuge/internal/dissolve.(*Dissolver).Run in goroutine 6291
	/home/mariell/go/pkg/mod/github.com/centrifugal/centrifuge@v0.33.3/internal/dissolve/dissolve.go:31 +0x25

goroutine 13474 [sync.Cond.Wait]:
sync.runtime_notifyListWait(0xc00359a490, 0x4)
	/usr/lib/go/src/runtime/sema.go:597 +0x159
sync.(*Cond).Wait(0x0?)
	/usr/lib/go/src/sync/cond.go:71 +0x85
github.com/centrifugal/centrifuge/internal/dissolve.(*queueImpl).Wait(0xc0071d3500)
	/home/mariell/go/pkg/mod/github.com/centrifugal/centrifuge@v0.33.3/internal/dissolve/queue.go:139 +0x4a
github.com/centrifugal/centrifuge/internal/dissolve.(*Dissolver).runWorker(0xc008da47c8)
	/home/mariell/go/pkg/mod/github.com/centrifugal/centrifuge@v0.33.3/internal/dissolve/dissolve.go:52 +0x27
created by github.com/centrifugal/centrifuge/internal/dissolve.(*Dissolver).Run in goroutine 12330
	/home/mariell/go/pkg/mod/github.com/centrifugal/centrifuge@v0.33.3/internal/dissolve/dissolve.go:31 +0x25

goroutine 7382 [select]:
github.com/centrifugal/centrifuge.(*MemoryBroker).expireResultCache(0xc008216100)
	/home/mariell/go/pkg/mod/github.com/centrifugal/centrifuge@v0.33.3/broker_memory.go:160 +0x68
created by github.com/centrifugal/centrifuge.(*MemoryBroker).Run in goroutine 6291
	/home/mariell/go/pkg/mod/github.com/centrifugal/centrifuge@v0.33.3/broker_memory.go:73 +0x7f

goroutine 10413 [sync.Cond.Wait]:
sync.runtime_notifyListWait(0xc002b17c10, 0x3)
	/usr/lib/go/src/runtime/sema.go:597 +0x159
sync.(*Cond).Wait(0x0?)
	/usr/lib/go/src/sync/cond.go:71 +0x85
github.com/centrifugal/centrifuge/internal/dissolve.(*queueImpl).Wait(0xc004c930a0)
	/home/mariell/go/pkg/mod/github.com/centrifugal/centrifuge@v0.33.3/internal/dissolve/queue.go:139 +0x4a
github.com/centrifugal/centrifuge/internal/dissolve.(*Dissolver).runWorker(0xc000b16930)
	/home/mariell/go/pkg/mod/github.com/centrifugal/centrifuge@v0.33.3/internal/dissolve/dissolve.go:52 +0x27
created by github.com/centrifugal/centrifuge/internal/dissolve.(*Dissolver).Run in goroutine 9307
	/home/mariell/go/pkg/mod/github.com/centrifugal/centrifuge@v0.33.3/internal/dissolve/dissolve.go:31 +0x25

goroutine 7453 [sync.Cond.Wait]:
sync.runtime_notifyListWait(0xc0088a2350, 0x2f)
	/usr/lib/go/src/runtime/sema.go:597 +0x159
sync.(*Cond).Wait(0x0?)
	/usr/lib/go/src/sync/cond.go:71 +0x85
github.com/centrifugal/centrifuge/internal/dissolve.(*queueImpl).Wait(0xc0088a0620)
	/home/mariell/go/pkg/mod/github.com/centrifugal/centrifuge@v0.33.3/internal/dissolve/queue.go:139 +0x4a
github.com/centrifugal/centrifuge/internal/dissolve.(*Dissolver).runWorker(0xc001ba2798)
	/home/mariell/go/pkg/mod/github.com/centrifugal/centrifuge@v0.33.3/internal/dissolve/dissolve.go:52 +0x27
created by github.com/centrifugal/centrifuge/internal/dissolve.(*Dissolver).Run in goroutine 6291
	/home/mariell/go/pkg/mod/github.com/centrifugal/centrifuge@v0.33.3/internal/dissolve/dissolve.go:31 +0x25

goroutine 10462 [sync.Cond.Wait]:
sync.runtime_notifyListWait(0xc002b17c10, 0x14)
	/usr/lib/go/src/runtime/sema.go:597 +0x159
sync.(*Cond).Wait(0xc005e267d0?)
	/usr/lib/go/src/sync/cond.go:71 +0x85
github.com/centrifugal/centrifuge/internal/dissolve.(*queueImpl).Wait(0xc004c930a0)
	/home/mariell/go/pkg/mod/github.com/centrifugal/centrifuge@v0.33.3/internal/dissolve/queue.go:139 +0x4a
github.com/centrifugal/centrifuge/internal/dissolve.(*Dissolver).runWorker(0xc000b16930)
	/home/mariell/go/pkg/mod/github.com/centrifugal/centrifuge@v0.33.3/internal/dissolve/dissolve.go:52 +0x27
created by github.com/centrifugal/centrifuge/internal/dissolve.(*Dissolver).Run in goroutine 9307
	/home/mariell/go/pkg/mod/github.com/centrifugal/centrifuge@v0.33.3/internal/dissolve/dissolve.go:31 +0x25

goroutine 39032 [sync.Cond.Wait]:
sync.runtime_notifyListWait(0xc01fe50bd0, 0x19)
	/usr/lib/go/src/runtime/sema.go:597 +0x159
sync.(*Cond).Wait(0x10000c01a9b1fd0?)
	/usr/lib/go/src/sync/cond.go:71 +0x85
github.com/centrifugal/centrifuge/internal/dissolve.(*queueImpl).Wait(0xc00bf5ccb0)
	/home/mariell/go/pkg/mod/github.com/centrifugal/centrifuge@v0.33.3/internal/dissolve/queue.go:139 +0x4a
github.com/centrifugal/centrifuge/internal/dissolve.(*Dissolver).runWorker(0xc017ecc900)
	/home/mariell/go/pkg/mod/github.com/centrifugal/centrifuge@v0.33.3/internal/dissolve/dissolve.go:52 +0x27
created by github.com/centrifugal/centrifuge/internal/dissolve.(*Dissolver).Run in goroutine 37971
	/home/mariell/go/pkg/mod/github.com/centrifugal/centrifuge@v0.33.3/internal/dissolve/dissolve.go:31 +0x25

goroutine 7409 [sync.Cond.Wait]:
sync.runtime_notifyListWait(0xc0088a2350, 0x12)
	/usr/lib/go/src/runtime/sema.go:597 +0x159
sync.(*Cond).Wait(0x0?)
	/usr/lib/go/src/sync/cond.go:71 +0x85
github.com/centrifugal/centrifuge/internal/dissolve.(*queueImpl).Wait(0xc0088a0620)
	/home/mariell/go/pkg/mod/github.com/centrifugal/centrifuge@v0.33.3/internal/dissolve/queue.go:139 +0x4a
github.com/centrifugal/centrifuge/internal/dissolve.(*Dissolver).runWorker(0xc001ba2798)
	/home/mariell/go/pkg/mod/github.com/centrifugal/centrifuge@v0.33.3/internal/dissolve/dissolve.go:52 +0x27
created by github.com/centrifugal/centrifuge/internal/dissolve.(*Dissolver).Run in goroutine 6291
	/home/mariell/go/pkg/mod/github.com/centrifugal/centrifuge@v0.33.3/internal/dissolve/dissolve.go:31 +0x25

goroutine 11983 [sync.Cond.Wait]:
sync.runtime_notifyListWait(0xc0082fe010, 0x19)
	/usr/lib/go/src/runtime/sema.go:597 +0x159
sync.(*Cond).Wait(0xc005e27fd0?)
	/usr/lib/go/src/sync/cond.go:71 +0x85
github.com/centrifugal/centrifuge/internal/dissolve.(*queueImpl).Wait(0xc0088a18f0)
	/home/mariell/go/pkg/mod/github.com/centrifugal/centrifuge@v0.33.3/internal/dissolve/queue.go:139 +0x4a
github.com/centrifugal/centrifuge/internal/dissolve.(*Dissolver).runWorker(0xc003c41ef0)
	/home/mariell/go/pkg/mod/github.com/centrifugal/centrifuge@v0.33.3/internal/dissolve/dissolve.go:52 +0x27
created by github.com/centrifugal/centrifuge/internal/dissolve.(*Dissolver).Run in goroutine 10841
	/home/mariell/go/pkg/mod/github.com/centrifugal/centrifuge@v0.33.3/internal/dissolve/dissolve.go:31 +0x25

goroutine 7450 [sync.Cond.Wait]:
sync.runtime_notifyListWait(0xc0088a2350, 0x34)
	/usr/lib/go/src/runtime/sema.go:597 +0x159
sync.(*Cond).Wait(0x0?)
	/usr/lib/go/src/sync/cond.go:71 +0x85
github.com/centrifugal/centrifuge/internal/dissolve.(*queueImpl).Wait(0xc0088a0620)
	/home/mariell/go/pkg/mod/github.com/centrifugal/centrifuge@v0.33.3/internal/dissolve/queue.go:139 +0x4a
github.com/centrifugal/centrifuge/internal/dissolve.(*Dissolver).runWorker(0xc001ba2798)
	/home/mariell/go/pkg/mod/github.com/centrifugal/centrifuge@v0.33.3/internal/dissolve/dissolve.go:52 +0x27
created by github.com/centrifugal/centrifuge/internal/dissolve.(*Dissolver).Run in goroutine 6291
	/home/mariell/go/pkg/mod/github.com/centrifugal/centrifuge@v0.33.3/internal/dissolve/dissolve.go:31 +0x25

goroutine 9348 [select]:
k8s.io/apimachinery/pkg/util/wait.BackoffUntil(0xc009ff24c0, {0xa95ac00, 0xc009d626c0}, 0x1, 0xc0041c0d20)
	/home/mariell/go/pkg/mod/k8s.io/apimachinery@v0.32.1/pkg/util/wait/backoff.go:238 +0x12c
k8s.io/apimachinery/pkg/util/wait.JitterUntil(0xc009ff24c0, 0x3b9aca00, 0x3ff3333333333333, 0x1, 0xc0041c0d20)
	/home/mariell/go/pkg/mod/k8s.io/apimachinery@v0.32.1/pkg/util/wait/backoff.go:204 +0x7f
created by k8s.io/apiserver/pkg/registry/generic/registry.(*Store).startObservingCount in goroutine 9202
	/home/mariell/go/pkg/mod/k8s.io/apiserver@v0.32.1/pkg/registry/generic/registry/store.go:1666 +0x2f9

goroutine 8739 [select]:
github.com/patrickmn/go-cache.(*janitor).Run(0xc0065aecc0, 0xc008789cc0)
	/home/mariell/go/pkg/mod/github.com/patrickmn/go-cache@v2.1.0+incompatible/cache.go:1079 +0x7b
created by github.com/patrickmn/go-cache.runJanitor in goroutine 7705
	/home/mariell/go/pkg/mod/github.com/patrickmn/go-cache@v2.1.0+incompatible/cache.go:1099 +0xdb

goroutine 7456 [sync.Cond.Wait]:
sync.runtime_notifyListWait(0xc0088a2350, 0x36)
	/usr/lib/go/src/runtime/sema.go:597 +0x159
sync.(*Cond).Wait(0x0?)
	/usr/lib/go/src/sync/cond.go:71 +0x85
github.com/centrifugal/centrifuge/internal/dissolve.(*queueImpl).Wait(0xc0088a0620)
	/home/mariell/go/pkg/mod/github.com/centrifugal/centrifuge@v0.33.3/internal/dissolve/queue.go:139 +0x4a
github.com/centrifugal/centrifuge/internal/dissolve.(*Dissolver).runWorker(0xc001ba2798)
	/home/mariell/go/pkg/mod/github.com/centrifugal/centrifuge@v0.33.3/internal/dissolve/dissolve.go:52 +0x27
created by github.com/centrifugal/centrifuge/internal/dissolve.(*Dissolver).Run in goroutine 6291
	/home/mariell/go/pkg/mod/github.com/centrifugal/centrifuge@v0.33.3/internal/dissolve/dissolve.go:31 +0x25

goroutine 27039 [sync.Cond.Wait]:
sync.runtime_notifyListWait(0xc00d5304d0, 0x25)
	/usr/lib/go/src/runtime/sema.go:597 +0x159
sync.(*Cond).Wait(0x0?)
	/usr/lib/go/src/sync/cond.go:71 +0x85
github.com/centrifugal/centrifuge/internal/dissolve.(*queueImpl).Wait(0xc00dc00930)
	/home/mariell/go/pkg/mod/github.com/centrifugal/centrifuge@v0.33.3/internal/dissolve/queue.go:139 +0x4a
github.com/centrifugal/centrifuge/internal/dissolve.(*Dissolver).runWorker(0xc0128109a8)
	/home/mariell/go/pkg/mod/github.com/centrifugal/centrifuge@v0.33.3/internal/dissolve/dissolve.go:52 +0x27
created by github.com/centrifugal/centrifuge/internal/dissolve.(*Dissolver).Run in goroutine 24637
	/home/mariell/go/pkg/mod/github.com/centrifugal/centrifuge@v0.33.3/internal/dissolve/dissolve.go:31 +0x25

goroutine 13522 [sync.Cond.Wait]:
sync.runtime_notifyListWait(0xc00359a490, 0x34)
	/usr/lib/go/src/runtime/sema.go:597 +0x159
sync.(*Cond).Wait(0x0?)
	/usr/lib/go/src/sync/cond.go:71 +0x85
github.com/centrifugal/centrifuge/internal/dissolve.(*queueImpl).Wait(0xc0071d3500)
	/home/mariell/go/pkg/mod/github.com/centrifugal/centrifuge@v0.33.3/internal/dissolve/queue.go:139 +0x4a
github.com/centrifugal/centrifuge/internal/dissolve.(*Dissolver).runWorker(0xc008da47c8)
	/home/mariell/go/pkg/mod/github.com/centrifugal/centrifuge@v0.33.3/internal/dissolve/dissolve.go:52 +0x27
created by github.com/centrifugal/centrifuge/internal/dissolve.(*Dissolver).Run in goroutine 12330
	/home/mariell/go/pkg/mod/github.com/centrifugal/centrifuge@v0.33.3/internal/dissolve/dissolve.go:31 +0x25

goroutine 13481 [sync.Cond.Wait]:
sync.runtime_notifyListWait(0xc00359a490, 0xb)
	/usr/lib/go/src/runtime/sema.go:597 +0x159
sync.(*Cond).Wait(0xc00a2a3fd0?)
	/usr/lib/go/src/sync/cond.go:71 +0x85
github.com/centrifugal/centrifuge/internal/dissolve.(*queueImpl).Wait(0xc0071d3500)
	/home/mariell/go/pkg/mod/github.com/centrifugal/centrifuge@v0.33.3/internal/dissolve/queue.go:139 +0x4a
github.com/centrifugal/centrifuge/internal/dissolve.(*Dissolver).runWorker(0xc008da47c8)
	/home/mariell/go/pkg/mod/github.com/centrifugal/centrifuge@v0.33.3/internal/dissolve/dissolve.go:52 +0x27
created by github.com/centrifugal/centrifuge/internal/dissolve.(*Dissolver).Run in goroutine 12330
	/home/mariell/go/pkg/mod/github.com/centrifugal/centrifuge@v0.33.3/internal/dissolve/dissolve.go:31 +0x25

goroutine 7520 [select]:
github.com/patrickmn/go-cache.(*janitor).Run(0xc006bebb30, 0xc0026d6200)
	/home/mariell/go/pkg/mod/github.com/patrickmn/go-cache@v2.1.0+incompatible/cache.go:1079 +0x7b
created by github.com/patrickmn/go-cache.runJanitor in goroutine 6291
	/home/mariell/go/pkg/mod/github.com/patrickmn/go-cache@v2.1.0+incompatible/cache.go:1099 +0xdb

goroutine 9299 [IO wait]:
internal/poll.runtime_pollWait(0x7775591d1580, 0x72)
	/usr/lib/go/src/runtime/netpoll.go:351 +0x85
internal/poll.(*pollDesc).wait(0xc009305200?, 0xc001752600?, 0x0)
	/usr/lib/go/src/internal/poll/fd_poll_runtime.go:84 +0x27
internal/poll.(*pollDesc).waitRead(...)
	/usr/lib/go/src/internal/poll/fd_poll_runtime.go:89
internal/poll.(*FD).Read(0xc009305200, {0xc001752600, 0x1300, 0x1300})
	/usr/lib/go/src/internal/poll/fd_unix.go:165 +0x27a
net.(*netFD).Read(0xc009305200, {0xc001752600?, 0x0?, 0x1c009342000?})
	/usr/lib/go/src/net/fd_posix.go:55 +0x25
net.(*conn).Read(0xc009300080, {0xc001752600?, 0x777560707b50?, 0x7775a8b28a78?})
	/usr/lib/go/src/net/net.go:194 +0x45
crypto/tls.(*atLeastReader).Read(0xc00140f428, {0xc001752600?, 0x4247a5?, 0x0?})
	/usr/lib/go/src/crypto/tls/conn.go:809 +0x3b
bytes.(*Buffer).ReadFrom(0xc00931d0b8, {0xa94e300, 0xc00140f428})
	/usr/lib/go/src/bytes/buffer.go:211 +0x98
crypto/tls.(*Conn).readFromUntil(0xc00931ce08, {0xa94dc00, 0xc009300080}, 0x444af4?)
	/usr/lib/go/src/crypto/tls/conn.go:831 +0xde
crypto/tls.(*Conn).readRecordOrCCS(0xc00931ce08, 0x0)
	/usr/lib/go/src/crypto/tls/conn.go:629 +0x3cf
crypto/tls.(*Conn).readRecord(...)
	/usr/lib/go/src/crypto/tls/conn.go:591
crypto/tls.(*Conn).Read(0xc00931ce08, {0xc009376000, 0x1000, 0x7775a8b28a78?})
	/usr/lib/go/src/crypto/tls/conn.go:1385 +0x145
net/http.(*persistConn).Read(0xc004916fc0, {0xc009376000?, 0x4141c5?, 0x68?})
	/usr/lib/go/src/net/http/transport.go:2122 +0x47
bufio.(*Reader).fill(0xc0050dd320)
	/usr/lib/go/src/bufio/bufio.go:113 +0x103
bufio.(*Reader).Peek(0xc0050dd320, 0x1)
	/usr/lib/go/src/bufio/bufio.go:152 +0x53
net/http.(*persistConn).readLoop(0xc004916fc0)
	/usr/lib/go/src/net/http/transport.go:2275 +0x172
created by net/http.(*Transport).dialConn in goroutine 9161
	/usr/lib/go/src/net/http/transport.go:1944 +0x174f

goroutine 18217 [select]:
net/http.(*persistConn).writeLoop(0xc001a6cfc0)
	/usr/lib/go/src/net/http/transport.go:2590 +0xe7
created by net/http.(*Transport).dialConn in goroutine 18192
	/usr/lib/go/src/net/http/transport.go:1945 +0x17a5

goroutine 30428 [select]:
net/http.(*persistConn).writeLoop(0xc0040f25a0)
	/usr/lib/go/src/net/http/transport.go:2590 +0xe7
created by net/http.(*Transport).dialConn in goroutine 27438
	/usr/lib/go/src/net/http/transport.go:1945 +0x17a5

goroutine 7191 [select]:
github.com/patrickmn/go-cache.(*janitor).Run(0xc008210030, 0xc0021ccd40)
	/home/mariell/go/pkg/mod/github.com/patrickmn/go-cache@v2.1.0+incompatible/cache.go:1079 +0x7b
created by github.com/patrickmn/go-cache.runJanitor in goroutine 6291
	/home/mariell/go/pkg/mod/github.com/patrickmn/go-cache@v2.1.0+incompatible/cache.go:1099 +0xdb

goroutine 7425 [sync.Cond.Wait]:
sync.runtime_notifyListWait(0xc0088a2350, 0x0)
	/usr/lib/go/src/runtime/sema.go:597 +0x159
sync.(*Cond).Wait(0x0?)
	/usr/lib/go/src/sync/cond.go:71 +0x85
github.com/centrifugal/centrifuge/internal/dissolve.(*queueImpl).Wait(0xc0088a0620)
	/home/mariell/go/pkg/mod/github.com/centrifugal/centrifuge@v0.33.3/internal/dissolve/queue.go:139 +0x4a
github.com/centrifugal/centrifuge/internal/dissolve.(*Dissolver).runWorker(0xc001ba2798)
	/home/mariell/go/pkg/mod/github.com/centrifugal/centrifuge@v0.33.3/internal/dissolve/dissolve.go:52 +0x27
created by github.com/centrifugal/centrifuge/internal/dissolve.(*Dissolver).Run in goroutine 6291
	/home/mariell/go/pkg/mod/github.com/centrifugal/centrifuge@v0.33.3/internal/dissolve/dissolve.go:31 +0x25

goroutine 7601 [select]:
github.com/patrickmn/go-cache.(*janitor).Run(0xc006b82b70, 0xc0020fad00)
	/home/mariell/go/pkg/mod/github.com/patrickmn/go-cache@v2.1.0+incompatible/cache.go:1079 +0x7b
created by github.com/patrickmn/go-cache.runJanitor in goroutine 6291
	/home/mariell/go/pkg/mod/github.com/patrickmn/go-cache@v2.1.0+incompatible/cache.go:1099 +0xdb

goroutine 7374 [IO wait]:
internal/poll.runtime_pollWait(0x777559340238, 0x72)
	/usr/lib/go/src/runtime/netpoll.go:351 +0x85
internal/poll.(*pollDesc).wait(0xc0035a2080?, 0xc0066b0600?, 0x0)
	/usr/lib/go/src/internal/poll/fd_poll_runtime.go:84 +0x27
internal/poll.(*pollDesc).waitRead(...)
	/usr/lib/go/src/internal/poll/fd_poll_runtime.go:89
internal/poll.(*FD).Read(0xc0035a2080, {0xc0066b0600, 0x1300, 0x1300})
	/usr/lib/go/src/internal/poll/fd_unix.go:165 +0x27a
net.(*netFD).Read(0xc0035a2080, {0xc0066b0600?, 0x0?, 0x0?})
	/usr/lib/go/src/net/fd_posix.go:55 +0x25
net.(*conn).Read(0xc0036c49c0, {0xc0066b0600?, 0x7775604a7b28?, 0x7775a8b28108?})
	/usr/lib/go/src/net/net.go:194 +0x45
crypto/tls.(*atLeastReader).Read(0xc0033115f0, {0xc0066b0600?, 0xc0069c29b0?, 0x83c1a9?})
	/usr/lib/go/src/crypto/tls/conn.go:809 +0x3b
bytes.(*Buffer).ReadFrom(0xc0034e62b8, {0xa94e300, 0xc0033115f0})
	/usr/lib/go/src/bytes/buffer.go:211 +0x98
crypto/tls.(*Conn).readFromUntil(0xc0034e6008, {0xa94dc00, 0xc0036c49c0}, 0x444af4?)
	/usr/lib/go/src/crypto/tls/conn.go:831 +0xde
crypto/tls.(*Conn).readRecordOrCCS(0xc0034e6008, 0x0)
	/usr/lib/go/src/crypto/tls/conn.go:629 +0x3cf
crypto/tls.(*Conn).readRecord(...)
	/usr/lib/go/src/crypto/tls/conn.go:591
crypto/tls.(*Conn).Read(0xc0034e6008, {0xc001a7d000, 0x1000, 0x7775a8b28108?})
	/usr/lib/go/src/crypto/tls/conn.go:1385 +0x145
net/http.(*persistConn).Read(0xc0034d2240, {0xc001a7d000?, 0x4141c5?, 0x68?})
	/usr/lib/go/src/net/http/transport.go:2122 +0x47
bufio.(*Reader).fill(0xc0023f18c0)
	/usr/lib/go/src/bufio/bufio.go:113 +0x103
bufio.(*Reader).Peek(0xc0023f18c0, 0x1)
	/usr/lib/go/src/bufio/bufio.go:152 +0x53
net/http.(*persistConn).readLoop(0xc0034d2240)
	/usr/lib/go/src/net/http/transport.go:2275 +0x172
created by net/http.(*Transport).dialConn in goroutine 7365
	/usr/lib/go/src/net/http/transport.go:1944 +0x174f

goroutine 34662 [sync.Cond.Wait]:
sync.runtime_notifyListWait(0xc00dfe4bd0, 0x1b)
	/usr/lib/go/src/runtime/sema.go:597 +0x159
sync.(*Cond).Wait(0x0?)
	/usr/lib/go/src/sync/cond.go:71 +0x85
github.com/centrifugal/centrifuge/internal/dissolve.(*queueImpl).Wait(0xc01277aee0)
	/home/mariell/go/pkg/mod/github.com/centrifugal/centrifuge@v0.33.3/internal/dissolve/queue.go:139 +0x4a
github.com/centrifugal/centrifuge/internal/dissolve.(*Dissolver).runWorker(0xc015fec510)
	/home/mariell/go/pkg/mod/github.com/centrifugal/centrifuge@v0.33.3/internal/dissolve/dissolve.go:52 +0x27
created by github.com/centrifugal/centrifuge/internal/dissolve.(*Dissolver).Run in goroutine 33524
	/home/mariell/go/pkg/mod/github.com/centrifugal/centrifuge@v0.33.3/internal/dissolve/dissolve.go:31 +0x25

goroutine 36348 [IO wait]:
internal/poll.runtime_pollWait(0x7775593742b8, 0x72)
	/usr/lib/go/src/runtime/netpoll.go:351 +0x85
internal/poll.(*pollDesc).wait(0xc01bf84c00?, 0xc01fdaf300?, 0x0)
	/usr/lib/go/src/internal/poll/fd_poll_runtime.go:84 +0x27
internal/poll.(*pollDesc).waitRead(...)
	/usr/lib/go/src/internal/poll/fd_poll_runtime.go:89
internal/poll.(*FD).Read(0xc01bf84c00, {0xc01fdaf300, 0x1300, 0x1300})
	/usr/lib/go/src/internal/poll/fd_unix.go:165 +0x27a
net.(*netFD).Read(0xc01bf84c00, {0xc01fdaf300?, 0xc01fdaf300?, 0x5?})
	/usr/lib/go/src/net/fd_posix.go:55 +0x25
net.(*conn).Read(0xc009285088, {0xc01fdaf300?, 0x77755819b488?, 0x7775a8b2b038?})
	/usr/lib/go/src/net/net.go:194 +0x45
crypto/tls.(*atLeastReader).Read(0xc0144306a8, {0xc01fdaf300?, 0x100?, 0x1?})
	/usr/lib/go/src/crypto/tls/conn.go:809 +0x3b
bytes.(*Buffer).ReadFrom(0xc01b9a5b38, {0xa94e300, 0xc0144306a8})
	/usr/lib/go/src/bytes/buffer.go:211 +0x98
crypto/tls.(*Conn).readFromUntil(0xc01b9a5888, {0xa94dc00, 0xc009285088}, 0x444af4?)
	/usr/lib/go/src/crypto/tls/conn.go:831 +0xde
crypto/tls.(*Conn).readRecordOrCCS(0xc01b9a5888, 0x0)
	/usr/lib/go/src/crypto/tls/conn.go:629 +0x3cf
crypto/tls.(*Conn).readRecord(...)
	/usr/lib/go/src/crypto/tls/conn.go:591
crypto/tls.(*Conn).Read(0xc01b9a5888, {0xc01c3a2000, 0x1000, 0xc01bf99b60?})
	/usr/lib/go/src/crypto/tls/conn.go:1385 +0x145
net/http.(*persistConn).Read(0xc00aa4fc20, {0xc01c3a2000?, 0x81fe45?, 0xa94be80?})
	/usr/lib/go/src/net/http/transport.go:2122 +0x47
bufio.(*Reader).fill(0xc01c39e480)
	/usr/lib/go/src/bufio/bufio.go:113 +0x103
bufio.(*Reader).Peek(0xc01c39e480, 0x1)
	/usr/lib/go/src/bufio/bufio.go:152 +0x53
net/http.(*persistConn).readLoop(0xc00aa4fc20)
	/usr/lib/go/src/net/http/transport.go:2275 +0x172
created by net/http.(*Transport).dialConn in goroutine 34369
	/usr/lib/go/src/net/http/transport.go:1944 +0x174f

goroutine 74042 [select]:
github.com/patrickmn/go-cache.(*janitor).Run(0xc04127d150, 0xc019b56380)
	/home/mariell/go/pkg/mod/github.com/patrickmn/go-cache@v2.1.0+incompatible/cache.go:1079 +0x7b
created by github.com/patrickmn/go-cache.runJanitor in goroutine 56143
	/home/mariell/go/pkg/mod/github.com/patrickmn/go-cache@v2.1.0+incompatible/cache.go:1099 +0xdb

goroutine 9301 [IO wait]:
internal/poll.runtime_pollWait(0x7775591d1238, 0x72)
	/usr/lib/go/src/runtime/netpoll.go:351 +0x85
internal/poll.(*pollDesc).wait(0xc009564b00?, 0xc001753900?, 0x0)
	/usr/lib/go/src/internal/poll/fd_poll_runtime.go:84 +0x27
internal/poll.(*pollDesc).waitRead(...)
	/usr/lib/go/src/internal/poll/fd_poll_runtime.go:89
internal/poll.(*FD).Read(0xc009564b00, {0xc001753900, 0x1300, 0x1300})
	/usr/lib/go/src/internal/poll/fd_unix.go:165 +0x27a
net.(*netFD).Read(0xc009564b00, {0xc001753900?, 0xc001753900?, 0x5?})
	/usr/lib/go/src/net/fd_posix.go:55 +0x25
net.(*conn).Read(0xc0095260e0, {0xc001753900?, 0x777558fb1198?, 0x7775a8b293e8?})
	/usr/lib/go/src/net/net.go:194 +0x45
crypto/tls.(*atLeastReader).Read(0xc003f2f698, {0xc001753900?, 0x12fb?, 0x1?})
	/usr/lib/go/src/crypto/tls/conn.go:809 +0x3b
bytes.(*Buffer).ReadFrom(0xc009530d38, {0xa94e300, 0xc003f2f698})
	/usr/lib/go/src/bytes/buffer.go:211 +0x98
crypto/tls.(*Conn).readFromUntil(0xc009530a88, {0xa94dc00, 0xc0095260e0}, 0x444af4?)
	/usr/lib/go/src/crypto/tls/conn.go:831 +0xde
crypto/tls.(*Conn).readRecordOrCCS(0xc009530a88, 0x0)
	/usr/lib/go/src/crypto/tls/conn.go:629 +0x3cf
crypto/tls.(*Conn).readRecord(...)
	/usr/lib/go/src/crypto/tls/conn.go:591
crypto/tls.(*Conn).Read(0xc009530a88, {0xc00970f000, 0x1000, 0xc00956d7a0?})
	/usr/lib/go/src/crypto/tls/conn.go:1385 +0x145
net/http.(*persistConn).Read(0xc002336d80, {0xc00970f000?, 0x81fe45?, 0xa94be80?})
	/usr/lib/go/src/net/http/transport.go:2122 +0x47
bufio.(*Reader).fill(0xc005cf07e0)
	/usr/lib/go/src/bufio/bufio.go:113 +0x103
bufio.(*Reader).Peek(0xc005cf07e0, 0x1)
	/usr/lib/go/src/bufio/bufio.go:152 +0x53
net/http.(*persistConn).readLoop(0xc002336d80)
	/usr/lib/go/src/net/http/transport.go:2275 +0x172
created by net/http.(*Transport).dialConn in goroutine 9314
	/usr/lib/go/src/net/http/transport.go:1944 +0x174f

goroutine 11984 [sync.Cond.Wait]:
sync.runtime_notifyListWait(0xc0082fe010, 0x1a)
	/usr/lib/go/src/runtime/sema.go:597 +0x159
sync.(*Cond).Wait(0x0?)
	/usr/lib/go/src/sync/cond.go:71 +0x85
github.com/centrifugal/centrifuge/internal/dissolve.(*queueImpl).Wait(0xc0088a18f0)
	/home/mariell/go/pkg/mod/github.com/centrifugal/centrifuge@v0.33.3/internal/dissolve/queue.go:139 +0x4a
github.com/centrifugal/centrifuge/internal/dissolve.(*Dissolver).runWorker(0xc003c41ef0)
	/home/mariell/go/pkg/mod/github.com/centrifugal/centrifuge@v0.33.3/internal/dissolve/dissolve.go:52 +0x27
created by github.com/centrifugal/centrifuge/internal/dissolve.(*Dissolver).Run in goroutine 10841
	/home/mariell/go/pkg/mod/github.com/centrifugal/centrifuge@v0.33.3/internal/dissolve/dissolve.go:31 +0x25

goroutine 7427 [sync.Cond.Wait]:
sync.runtime_notifyListWait(0xc0088a2350, 0x16)
	/usr/lib/go/src/runtime/sema.go:597 +0x159
sync.(*Cond).Wait(0x0?)
	/usr/lib/go/src/sync/cond.go:71 +0x85
github.com/centrifugal/centrifuge/internal/dissolve.(*queueImpl).Wait(0xc0088a0620)
	/home/mariell/go/pkg/mod/github.com/centrifugal/centrifuge@v0.33.3/internal/dissolve/queue.go:139 +0x4a
github.com/centrifugal/centrifuge/internal/dissolve.(*Dissolver).runWorker(0xc001ba2798)
	/home/mariell/go/pkg/mod/github.com/centrifugal/centrifuge@v0.33.3/internal/dissolve/dissolve.go:52 +0x27
created by github.com/centrifugal/centrifuge/internal/dissolve.(*Dissolver).Run in goroutine 6291
	/home/mariell/go/pkg/mod/github.com/centrifugal/centrifuge@v0.33.3/internal/dissolve/dissolve.go:31 +0x25

goroutine 7702 [IO wait]:
internal/poll.runtime_pollWait(0x7775591d19e0, 0x72)
	/usr/lib/go/src/runtime/netpoll.go:351 +0x85
internal/poll.(*pollDesc).wait(0xc00363e100?, 0xc001a80000?, 0x0)
	/usr/lib/go/src/internal/poll/fd_poll_runtime.go:84 +0x27
internal/poll.(*pollDesc).waitRead(...)
	/usr/lib/go/src/internal/poll/fd_poll_runtime.go:89
internal/poll.(*FD).Read(0xc00363e100, {0xc001a80000, 0x1300, 0x1300})
	/usr/lib/go/src/internal/poll/fd_unix.go:165 +0x27a
net.(*netFD).Read(0xc00363e100, {0xc001a80000?, 0xc001a80000?, 0x5?})
	/usr/lib/go/src/net/fd_posix.go:55 +0x25
net.(*conn).Read(0xc0080ce680, {0xc001a80000?, 0x777558fb5dd8?, 0x7775a8b293e8?})
	/usr/lib/go/src/net/net.go:194 +0x45
crypto/tls.(*atLeastReader).Read(0xc0041c9c80, {0xc001a80000?, 0x43f787?, 0xc0065899c8?})
	/usr/lib/go/src/crypto/tls/conn.go:809 +0x3b
bytes.(*Buffer).ReadFrom(0xc006a969b8, {0xa94e300, 0xc0041c9c80})
	/usr/lib/go/src/bytes/buffer.go:211 +0x98
crypto/tls.(*Conn).readFromUntil(0xc006a96708, {0xa94dc00, 0xc0080ce680}, 0x444af4?)
	/usr/lib/go/src/crypto/tls/conn.go:831 +0xde
crypto/tls.(*Conn).readRecordOrCCS(0xc006a96708, 0x0)
	/usr/lib/go/src/crypto/tls/conn.go:629 +0x3cf
crypto/tls.(*Conn).readRecord(...)
	/usr/lib/go/src/crypto/tls/conn.go:591
crypto/tls.(*Conn).Read(0xc006a96708, {0xc0015d3000, 0x1000, 0xc0036a9f50?})
	/usr/lib/go/src/crypto/tls/conn.go:1385 +0x145
net/http.(*persistConn).Read(0xc0035ea000, {0xc0015d3000?, 0x81fe45?, 0xa94be80?})
	/usr/lib/go/src/net/http/transport.go:2122 +0x47
bufio.(*Reader).fill(0xc004838180)
	/usr/lib/go/src/bufio/bufio.go:113 +0x103
bufio.(*Reader).Peek(0xc004838180, 0x1)
	/usr/lib/go/src/bufio/bufio.go:152 +0x53
net/http.(*persistConn).readLoop(0xc0035ea000)
	/usr/lib/go/src/net/http/transport.go:2275 +0x172
created by net/http.(*Transport).dialConn in goroutine 6247
	/usr/lib/go/src/net/http/transport.go:1944 +0x174f

goroutine 37895 [IO wait]:
internal/poll.runtime_pollWait(0x777559373e58, 0x72)
	/usr/lib/go/src/runtime/netpoll.go:351 +0x85
internal/poll.(*pollDesc).wait(0xc018484e00?, 0xc013364000?, 0x0)
	/usr/lib/go/src/internal/poll/fd_poll_runtime.go:84 +0x27
internal/poll.(*pollDesc).waitRead(...)
	/usr/lib/go/src/internal/poll/fd_poll_runtime.go:89
internal/poll.(*FD).Read(0xc018484e00, {0xc013364000, 0x1300, 0x1300})
	/usr/lib/go/src/internal/poll/fd_unix.go:165 +0x27a
net.(*netFD).Read(0xc018484e00, {0xc013364000?, 0x0?, 0x1c0137e1600?})
	/usr/lib/go/src/net/fd_posix.go:55 +0x25
net.(*conn).Read(0xc0080ce5a0, {0xc013364000?, 0x77755938af80?, 0x7775a8b28f30?})
	/usr/lib/go/src/net/net.go:194 +0x45
crypto/tls.(*atLeastReader).Read(0xc008ca58a8, {0xc013364000?, 0x4247a5?, 0x0?})
	/usr/lib/go/src/crypto/tls/conn.go:809 +0x3b
bytes.(*Buffer).ReadFrom(0xc01850c9b8, {0xa94e300, 0xc008ca58a8})
	/usr/lib/go/src/bytes/buffer.go:211 +0x98
crypto/tls.(*Conn).readFromUntil(0xc01850c708, {0xa94dc00, 0xc0080ce5a0}, 0x444af4?)
	/usr/lib/go/src/crypto/tls/conn.go:831 +0xde
crypto/tls.(*Conn).readRecordOrCCS(0xc01850c708, 0x0)
	/usr/lib/go/src/crypto/tls/conn.go:629 +0x3cf
crypto/tls.(*Conn).readRecord(...)
	/usr/lib/go/src/crypto/tls/conn.go:591
crypto/tls.(*Conn).Read(0xc01850c708, {0xc018536000, 0x1000, 0x7775a8b28f30?})
	/usr/lib/go/src/crypto/tls/conn.go:1385 +0x145
net/http.(*persistConn).Read(0xc0083edb00, {0xc018536000?, 0x4141c5?, 0x68?})
	/usr/lib/go/src/net/http/transport.go:2122 +0x47
bufio.(*Reader).fill(0xc01bfcefc0)
	/usr/lib/go/src/bufio/bufio.go:113 +0x103
bufio.(*Reader).Peek(0xc01bfcefc0, 0x1)
	/usr/lib/go/src/bufio/bufio.go:152 +0x53
net/http.(*persistConn).readLoop(0xc0083edb00)
	/usr/lib/go/src/net/http/transport.go:2275 +0x172
created by net/http.(*Transport).dialConn in goroutine 37739
	/usr/lib/go/src/net/http/transport.go:1944 +0x174f

goroutine 7188 [select]:
github.com/patrickmn/go-cache.(*janitor).Run(0xc0081f98a0, 0xc0021cca00)
	/home/mariell/go/pkg/mod/github.com/patrickmn/go-cache@v2.1.0+incompatible/cache.go:1079 +0x7b
created by github.com/patrickmn/go-cache.runJanitor in goroutine 6291
	/home/mariell/go/pkg/mod/github.com/patrickmn/go-cache@v2.1.0+incompatible/cache.go:1099 +0xdb

goroutine 7415 [sync.Cond.Wait]:
sync.runtime_notifyListWait(0xc0088a2350, 0x1f)
	/usr/lib/go/src/runtime/sema.go:597 +0x159
sync.(*Cond).Wait(0xc005e21fd0?)
	/usr/lib/go/src/sync/cond.go:71 +0x85
github.com/centrifugal/centrifuge/internal/dissolve.(*queueImpl).Wait(0xc0088a0620)
	/home/mariell/go/pkg/mod/github.com/centrifugal/centrifuge@v0.33.3/internal/dissolve/queue.go:139 +0x4a
github.com/centrifugal/centrifuge/internal/dissolve.(*Dissolver).runWorker(0xc001ba2798)
	/home/mariell/go/pkg/mod/github.com/centrifugal/centrifuge@v0.33.3/internal/dissolve/dissolve.go:52 +0x27
created by github.com/centrifugal/centrifuge/internal/dissolve.(*Dissolver).Run in goroutine 6291
	/home/mariell/go/pkg/mod/github.com/centrifugal/centrifuge@v0.33.3/internal/dissolve/dissolve.go:31 +0x25

goroutine 14889 [sync.Cond.Wait]:
sync.runtime_notifyListWait(0xc00cfe9cd0, 0x2a)
	/usr/lib/go/src/runtime/sema.go:597 +0x159
sync.(*Cond).Wait(0x0?)
	/usr/lib/go/src/sync/cond.go:71 +0x85
github.com/centrifugal/centrifuge/internal/dissolve.(*queueImpl).Wait(0xc00c22f1f0)
	/home/mariell/go/pkg/mod/github.com/centrifugal/centrifuge@v0.33.3/internal/dissolve/queue.go:139 +0x4a
github.com/centrifugal/centrifuge/internal/dissolve.(*Dissolver).runWorker(0xc0034e9ed8)
	/home/mariell/go/pkg/mod/github.com/centrifugal/centrifuge@v0.33.3/internal/dissolve/dissolve.go:52 +0x27
created by github.com/centrifugal/centrifuge/internal/dissolve.(*Dissolver).Run in goroutine 13738
	/home/mariell/go/pkg/mod/github.com/centrifugal/centrifuge@v0.33.3/internal/dissolve/dissolve.go:31 +0x25

goroutine 7397 [sync.Cond.Wait]:
sync.runtime_notifyListWait(0xc0088a2350, 0x5)
	/usr/lib/go/src/runtime/sema.go:597 +0x159
sync.(*Cond).Wait(0x0?)
	/usr/lib/go/src/sync/cond.go:71 +0x85
github.com/centrifugal/centrifuge/internal/dissolve.(*queueImpl).Wait(0xc0088a0620)
	/home/mariell/go/pkg/mod/github.com/centrifugal/centrifuge@v0.33.3/internal/dissolve/queue.go:139 +0x4a
github.com/centrifugal/centrifuge/internal/dissolve.(*Dissolver).runWorker(0xc001ba2798)
	/home/mariell/go/pkg/mod/github.com/centrifugal/centrifuge@v0.33.3/internal/dissolve/dissolve.go:52 +0x27
created by github.com/centrifugal/centrifuge/internal/dissolve.(*Dissolver).Run in goroutine 6291
	/home/mariell/go/pkg/mod/github.com/centrifugal/centrifuge@v0.33.3/internal/dissolve/dissolve.go:31 +0x25

goroutine 7433 [sync.Cond.Wait]:
sync.runtime_notifyListWait(0xc0088a2350, 0x20)
	/usr/lib/go/src/runtime/sema.go:597 +0x159
sync.(*Cond).Wait(0x0?)
	/usr/lib/go/src/sync/cond.go:71 +0x85
github.com/centrifugal/centrifuge/internal/dissolve.(*queueImpl).Wait(0xc0088a0620)
	/home/mariell/go/pkg/mod/github.com/centrifugal/centrifuge@v0.33.3/internal/dissolve/queue.go:139 +0x4a
github.com/centrifugal/centrifuge/internal/dissolve.(*Dissolver).runWorker(0xc001ba2798)
	/home/mariell/go/pkg/mod/github.com/centrifugal/centrifuge@v0.33.3/internal/dissolve/dissolve.go:52 +0x27
created by github.com/centrifugal/centrifuge/internal/dissolve.(*Dissolver).Run in goroutine 6291
	/home/mariell/go/pkg/mod/github.com/centrifugal/centrifuge@v0.33.3/internal/dissolve/dissolve.go:31 +0x25

goroutine 7398 [sync.Cond.Wait]:
sync.runtime_notifyListWait(0xc0088a2350, 0x6)
	/usr/lib/go/src/runtime/sema.go:597 +0x159
sync.(*Cond).Wait(0x0?)
	/usr/lib/go/src/sync/cond.go:71 +0x85
github.com/centrifugal/centrifuge/internal/dissolve.(*queueImpl).Wait(0xc0088a0620)
	/home/mariell/go/pkg/mod/github.com/centrifugal/centrifuge@v0.33.3/internal/dissolve/queue.go:139 +0x4a
github.com/centrifugal/centrifuge/internal/dissolve.(*Dissolver).runWorker(0xc001ba2798)
	/home/mariell/go/pkg/mod/github.com/centrifugal/centrifuge@v0.33.3/internal/dissolve/dissolve.go:52 +0x27
created by github.com/centrifugal/centrifuge/internal/dissolve.(*Dissolver).Run in goroutine 6291
	/home/mariell/go/pkg/mod/github.com/centrifugal/centrifuge@v0.33.3/internal/dissolve/dissolve.go:31 +0x25

goroutine 7825 [sync.Cond.Wait]:
sync.runtime_notifyListWait(0xc0082fe010, 0xb)
	/usr/lib/go/src/runtime/sema.go:597 +0x159
sync.(*Cond).Wait(0x0?)
	/usr/lib/go/src/sync/cond.go:71 +0x85
github.com/centrifugal/centrifuge/internal/dissolve.(*queueImpl).Wait(0xc0088a18f0)
	/home/mariell/go/pkg/mod/github.com/centrifugal/centrifuge@v0.33.3/internal/dissolve/queue.go:139 +0x4a
github.com/centrifugal/centrifuge/internal/dissolve.(*Dissolver).runWorker(0xc003c41ef0)
	/home/mariell/go/pkg/mod/github.com/centrifugal/centrifuge@v0.33.3/internal/dissolve/dissolve.go:52 +0x27
created by github.com/centrifugal/centrifuge/internal/dissolve.(*Dissolver).Run in goroutine 10841
	/home/mariell/go/pkg/mod/github.com/centrifugal/centrifuge@v0.33.3/internal/dissolve/dissolve.go:31 +0x25

goroutine 7375 [select]:
net/http.(*persistConn).writeLoop(0xc0034d2240)
	/usr/lib/go/src/net/http/transport.go:2590 +0xe7
created by net/http.(*Transport).dialConn in goroutine 7365
	/usr/lib/go/src/net/http/transport.go:1945 +0x17a5

goroutine 7423 [sync.Cond.Wait]:
sync.runtime_notifyListWait(0xc0088a2350, 0x28)
	/usr/lib/go/src/runtime/sema.go:597 +0x159
sync.(*Cond).Wait(0x0?)
	/usr/lib/go/src/sync/cond.go:71 +0x85
github.com/centrifugal/centrifuge/internal/dissolve.(*queueImpl).Wait(0xc0088a0620)
	/home/mariell/go/pkg/mod/github.com/centrifugal/centrifuge@v0.33.3/internal/dissolve/queue.go:139 +0x4a
github.com/centrifugal/centrifuge/internal/dissolve.(*Dissolver).runWorker(0xc001ba2798)
	/home/mariell/go/pkg/mod/github.com/centrifugal/centrifuge@v0.33.3/internal/dissolve/dissolve.go:52 +0x27
created by github.com/centrifugal/centrifuge/internal/dissolve.(*Dissolver).Run in goroutine 6291
	/home/mariell/go/pkg/mod/github.com/centrifugal/centrifuge@v0.33.3/internal/dissolve/dissolve.go:31 +0x25

goroutine 7408 [sync.Cond.Wait]:
sync.runtime_notifyListWait(0xc0088a2350, 0x10)
	/usr/lib/go/src/runtime/sema.go:597 +0x159
sync.(*Cond).Wait(0x0?)
	/usr/lib/go/src/sync/cond.go:71 +0x85
github.com/centrifugal/centrifuge/internal/dissolve.(*queueImpl).Wait(0xc0088a0620)
	/home/mariell/go/pkg/mod/github.com/centrifugal/centrifuge@v0.33.3/internal/dissolve/queue.go:139 +0x4a
github.com/centrifugal/centrifuge/internal/dissolve.(*Dissolver).runWorker(0xc001ba2798)
	/home/mariell/go/pkg/mod/github.com/centrifugal/centrifuge@v0.33.3/internal/dissolve/dissolve.go:52 +0x27
created by github.com/centrifugal/centrifuge/internal/dissolve.(*Dissolver).Run in goroutine 6291
	/home/mariell/go/pkg/mod/github.com/centrifugal/centrifuge@v0.33.3/internal/dissolve/dissolve.go:31 +0x25

goroutine 11970 [sync.Cond.Wait]:
sync.runtime_notifyListWait(0xc0082fe010, 0xc)
	/usr/lib/go/src/runtime/sema.go:597 +0x159
sync.(*Cond).Wait(0x0?)
	/usr/lib/go/src/sync/cond.go:71 +0x85
github.com/centrifugal/centrifuge/internal/dissolve.(*queueImpl).Wait(0xc0088a18f0)
	/home/mariell/go/pkg/mod/github.com/centrifugal/centrifuge@v0.33.3/internal/dissolve/queue.go:139 +0x4a
github.com/centrifugal/centrifuge/internal/dissolve.(*Dissolver).runWorker(0xc003c41ef0)
	/home/mariell/go/pkg/mod/github.com/centrifugal/centrifuge@v0.33.3/internal/dissolve/dissolve.go:52 +0x27
created by github.com/centrifugal/centrifuge/internal/dissolve.(*Dissolver).Run in goroutine 10841
	/home/mariell/go/pkg/mod/github.com/centrifugal/centrifuge@v0.33.3/internal/dissolve/dissolve.go:31 +0x25

goroutine 30427 [IO wait]:
internal/poll.runtime_pollWait(0x777558170908, 0x72)
	/usr/lib/go/src/runtime/netpoll.go:351 +0x85
internal/poll.(*pollDesc).wait(0xc00d181280?, 0xc011542600?, 0x0)
	/usr/lib/go/src/internal/poll/fd_poll_runtime.go:84 +0x27
internal/poll.(*pollDesc).waitRead(...)
	/usr/lib/go/src/internal/poll/fd_poll_runtime.go:89
internal/poll.(*FD).Read(0xc00d181280, {0xc011542600, 0x1300, 0x1300})
	/usr/lib/go/src/internal/poll/fd_unix.go:165 +0x27a
net.(*netFD).Read(0xc00d181280, {0xc011542600?, 0xc011542600?, 0x5?})
	/usr/lib/go/src/net/fd_posix.go:55 +0x25
net.(*conn).Read(0xc00f62c0a8, {0xc011542600?, 0x777558fc22a0?, 0x7775a8b2a210?})
	/usr/lib/go/src/net/net.go:194 +0x45
crypto/tls.(*atLeastReader).Read(0xc003da8570, {0xc011542600?, 0x12fb?, 0xc00d2389c8?})
	/usr/lib/go/src/crypto/tls/conn.go:809 +0x3b
bytes.(*Buffer).ReadFrom(0xc00d1c09b8, {0xa94e300, 0xc003da8570})
	/usr/lib/go/src/bytes/buffer.go:211 +0x98
crypto/tls.(*Conn).readFromUntil(0xc00d1c0708, {0xa94dc00, 0xc00f62c0a8}, 0x444af4?)
	/usr/lib/go/src/crypto/tls/conn.go:831 +0xde
crypto/tls.(*Conn).readRecordOrCCS(0xc00d1c0708, 0x0)
	/usr/lib/go/src/crypto/tls/conn.go:629 +0x3cf
crypto/tls.(*Conn).readRecord(...)
	/usr/lib/go/src/crypto/tls/conn.go:591
crypto/tls.(*Conn).Read(0xc00d1c0708, {0xc00d1f4000, 0x1000, 0xc01383e3f0?})
	/usr/lib/go/src/crypto/tls/conn.go:1385 +0x145
net/http.(*persistConn).Read(0xc0040f25a0, {0xc00d1f4000?, 0x81fe45?, 0xa94be80?})
	/usr/lib/go/src/net/http/transport.go:2122 +0x47
bufio.(*Reader).fill(0xc01192d8c0)
	/usr/lib/go/src/bufio/bufio.go:113 +0x103
bufio.(*Reader).Peek(0xc01192d8c0, 0x1)
	/usr/lib/go/src/bufio/bufio.go:152 +0x53
net/http.(*persistConn).readLoop(0xc0040f25a0)
	/usr/lib/go/src/net/http/transport.go:2275 +0x172
created by net/http.(*Transport).dialConn in goroutine 27438
	/usr/lib/go/src/net/http/transport.go:1944 +0x174f

goroutine 7455 [sync.Cond.Wait]:
sync.runtime_notifyListWait(0xc0088a2350, 0x33)
	/usr/lib/go/src/runtime/sema.go:597 +0x159
sync.(*Cond).Wait(0xc00648d7d0?)
	/usr/lib/go/src/sync/cond.go:71 +0x85
github.com/centrifugal/centrifuge/internal/dissolve.(*queueImpl).Wait(0xc0088a0620)
	/home/mariell/go/pkg/mod/github.com/centrifugal/centrifuge@v0.33.3/internal/dissolve/queue.go:139 +0x4a
github.com/centrifugal/centrifuge/internal/dissolve.(*Dissolver).runWorker(0xc001ba2798)
	/home/mariell/go/pkg/mod/github.com/centrifugal/centrifuge@v0.33.3/internal/dissolve/dissolve.go:52 +0x27
created by github.com/centrifugal/centrifuge/internal/dissolve.(*Dissolver).Run in goroutine 6291
	/home/mariell/go/pkg/mod/github.com/centrifugal/centrifuge@v0.33.3/internal/dissolve/dissolve.go:31 +0x25

goroutine 10415 [sync.Cond.Wait]:
sync.runtime_notifyListWait(0xc002b17c10, 0x5)
	/usr/lib/go/src/runtime/sema.go:597 +0x159
sync.(*Cond).Wait(0x0?)
	/usr/lib/go/src/sync/cond.go:71 +0x85
github.com/centrifugal/centrifuge/internal/dissolve.(*queueImpl).Wait(0xc004c930a0)
	/home/mariell/go/pkg/mod/github.com/centrifugal/centrifuge@v0.33.3/internal/dissolve/queue.go:139 +0x4a
github.com/centrifugal/centrifuge/internal/dissolve.(*Dissolver).runWorker(0xc000b16930)
	/home/mariell/go/pkg/mod/github.com/centrifugal/centrifuge@v0.33.3/internal/dissolve/dissolve.go:52 +0x27
created by github.com/centrifugal/centrifuge/internal/dissolve.(*Dissolver).Run in goroutine 9307
	/home/mariell/go/pkg/mod/github.com/centrifugal/centrifuge@v0.33.3/internal/dissolve/dissolve.go:31 +0x25

goroutine 7513 [select]:
github.com/patrickmn/go-cache.(*janitor).Run(0xc003528970, 0xc00248bd80)
	/home/mariell/go/pkg/mod/github.com/patrickmn/go-cache@v2.1.0+incompatible/cache.go:1079 +0x7b
created by github.com/patrickmn/go-cache.runJanitor in goroutine 6291
	/home/mariell/go/pkg/mod/github.com/patrickmn/go-cache@v2.1.0+incompatible/cache.go:1099 +0xdb

goroutine 10455 [sync.Cond.Wait]:
sync.runtime_notifyListWait(0xc002b17c10, 0xd)
	/usr/lib/go/src/runtime/sema.go:597 +0x159
sync.(*Cond).Wait(0x0?)
	/usr/lib/go/src/sync/cond.go:71 +0x85
github.com/centrifugal/centrifuge/internal/dissolve.(*queueImpl).Wait(0xc004c930a0)
	/home/mariell/go/pkg/mod/github.com/centrifugal/centrifuge@v0.33.3/internal/dissolve/queue.go:139 +0x4a
github.com/centrifugal/centrifuge/internal/dissolve.(*Dissolver).runWorker(0xc000b16930)
	/home/mariell/go/pkg/mod/github.com/centrifugal/centrifuge@v0.33.3/internal/dissolve/dissolve.go:52 +0x27
created by github.com/centrifugal/centrifuge/internal/dissolve.(*Dissolver).Run in goroutine 9307
	/home/mariell/go/pkg/mod/github.com/centrifugal/centrifuge@v0.33.3/internal/dissolve/dissolve.go:31 +0x25

goroutine 13315 [select]:
github.com/patrickmn/go-cache.(*janitor).Run(0xc009244e10, 0xc00853f000)
	/home/mariell/go/pkg/mod/github.com/patrickmn/go-cache@v2.1.0+incompatible/cache.go:1079 +0x7b
created by github.com/patrickmn/go-cache.runJanitor in goroutine 12330
	/home/mariell/go/pkg/mod/github.com/patrickmn/go-cache@v2.1.0+incompatible/cache.go:1099 +0xdb

goroutine 20940 [select]:
github.com/centrifugal/centrifuge.(*Node).cleanNodeInfo(0xc005423d48)
	/home/mariell/go/pkg/mod/github.com/centrifugal/centrifuge@v0.33.3/node.go:394 +0x90
created by github.com/centrifugal/centrifuge.(*Node).Run in goroutine 19735
	/home/mariell/go/pkg/mod/github.com/centrifugal/centrifuge@v0.33.3/node.go:261 +0x265

goroutine 11971 [sync.Cond.Wait]:
sync.runtime_notifyListWait(0xc0082fe010, 0xd)
	/usr/lib/go/src/runtime/sema.go:597 +0x159
sync.(*Cond).Wait(0x0?)
	/usr/lib/go/src/sync/cond.go:71 +0x85
github.com/centrifugal/centrifuge/internal/dissolve.(*queueImpl).Wait(0xc0088a18f0)
	/home/mariell/go/pkg/mod/github.com/centrifugal/centrifuge@v0.33.3/internal/dissolve/queue.go:139 +0x4a
github.com/centrifugal/centrifuge/internal/dissolve.(*Dissolver).runWorker(0xc003c41ef0)
	/home/mariell/go/pkg/mod/github.com/centrifugal/centrifuge@v0.33.3/internal/dissolve/dissolve.go:52 +0x27
created by github.com/centrifugal/centrifuge/internal/dissolve.(*Dissolver).Run in goroutine 10841
	/home/mariell/go/pkg/mod/github.com/centrifugal/centrifuge@v0.33.3/internal/dissolve/dissolve.go:31 +0x25

goroutine 24041 [sync.Cond.Wait]:
sync.runtime_notifyListWait(0xc0142c1350, 0x28)
	/usr/lib/go/src/runtime/sema.go:597 +0x159
sync.(*Cond).Wait(0xc0097257d0?)
	/usr/lib/go/src/sync/cond.go:71 +0x85
github.com/centrifugal/centrifuge/internal/dissolve.(*queueImpl).Wait(0xc012834b60)
	/home/mariell/go/pkg/mod/github.com/centrifugal/centrifuge@v0.33.3/internal/dissolve/queue.go:139 +0x4a
github.com/centrifugal/centrifuge/internal/dissolve.(*Dissolver).runWorker(0xc010117b90)
	/home/mariell/go/pkg/mod/github.com/centrifugal/centrifuge@v0.33.3/internal/dissolve/dissolve.go:52 +0x27
created by github.com/centrifugal/centrifuge/internal/dissolve.(*Dissolver).Run in goroutine 22319
	/home/mariell/go/pkg/mod/github.com/centrifugal/centrifuge@v0.33.3/internal/dissolve/dissolve.go:31 +0x25

goroutine 11972 [sync.Cond.Wait]:
sync.runtime_notifyListWait(0xc0082fe010, 0xe)
	/usr/lib/go/src/runtime/sema.go:597 +0x159
sync.(*Cond).Wait(0x0?)
	/usr/lib/go/src/sync/cond.go:71 +0x85
github.com/centrifugal/centrifuge/internal/dissolve.(*queueImpl).Wait(0xc0088a18f0)
	/home/mariell/go/pkg/mod/github.com/centrifugal/centrifuge@v0.33.3/internal/dissolve/queue.go:139 +0x4a
github.com/centrifugal/centrifuge/internal/dissolve.(*Dissolver).runWorker(0xc003c41ef0)
	/home/mariell/go/pkg/mod/github.com/centrifugal/centrifuge@v0.33.3/internal/dissolve/dissolve.go:52 +0x27
created by github.com/centrifugal/centrifuge/internal/dissolve.(*Dissolver).Run in goroutine 10841
	/home/mariell/go/pkg/mod/github.com/centrifugal/centrifuge@v0.33.3/internal/dissolve/dissolve.go:31 +0x25

goroutine 39018 [sync.Cond.Wait]:
sync.runtime_notifyListWait(0xc01fe50bd0, 0xf)
	/usr/lib/go/src/runtime/sema.go:597 +0x159
sync.(*Cond).Wait(0x0?)
	/usr/lib/go/src/sync/cond.go:71 +0x85
github.com/centrifugal/centrifuge/internal/dissolve.(*queueImpl).Wait(0xc00bf5ccb0)
	/home/mariell/go/pkg/mod/github.com/centrifugal/centrifuge@v0.33.3/internal/dissolve/queue.go:139 +0x4a
github.com/centrifugal/centrifuge/internal/dissolve.(*Dissolver).runWorker(0xc017ecc900)
	/home/mariell/go/pkg/mod/github.com/centrifugal/centrifuge@v0.33.3/internal/dissolve/dissolve.go:52 +0x27
created by github.com/centrifugal/centrifuge/internal/dissolve.(*Dissolver).Run in goroutine 37971
	/home/mariell/go/pkg/mod/github.com/centrifugal/centrifuge@v0.33.3/internal/dissolve/dissolve.go:31 +0x25

goroutine 7326 [IO wait]:
internal/poll.runtime_pollWait(0x777559340120, 0x72)
	/usr/lib/go/src/runtime/netpoll.go:351 +0x85
internal/poll.(*pollDesc).wait(0xc0035a2180?, 0xc003679900?, 0x0)
	/usr/lib/go/src/internal/poll/fd_poll_runtime.go:84 +0x27
internal/poll.(*pollDesc).waitRead(...)
	/usr/lib/go/src/internal/poll/fd_poll_runtime.go:89
internal/poll.(*FD).Read(0xc0035a2180, {0xc003679900, 0x1300, 0x1300})
	/usr/lib/go/src/internal/poll/fd_unix.go:165 +0x27a
net.(*netFD).Read(0xc0035a2180, {0xc003679900?, 0x0?, 0x1c0065b4a00?})
	/usr/lib/go/src/net/fd_posix.go:55 +0x25
net.(*conn).Read(0xc0036c49b8, {0xc003679900?, 0x7775606e5a58?, 0x7775a8b28f30?})
	/usr/lib/go/src/net/net.go:194 +0x45
crypto/tls.(*atLeastReader).Read(0xc003466918, {0xc003679900?, 0x4247a5?, 0x0?})
	/usr/lib/go/src/crypto/tls/conn.go:809 +0x3b
bytes.(*Buffer).ReadFrom(0xc00318beb8, {0xa94e300, 0xc003466918})
	/usr/lib/go/src/bytes/buffer.go:211 +0x98
crypto/tls.(*Conn).readFromUntil(0xc00318bc08, {0xa94dc00, 0xc0036c49b8}, 0x444af4?)
	/usr/lib/go/src/crypto/tls/conn.go:831 +0xde
crypto/tls.(*Conn).readRecordOrCCS(0xc00318bc08, 0x0)
	/usr/lib/go/src/crypto/tls/conn.go:629 +0x3cf
crypto/tls.(*Conn).readRecord(...)
	/usr/lib/go/src/crypto/tls/conn.go:591
crypto/tls.(*Conn).Read(0xc00318bc08, {0xc00147a000, 0x1000, 0x7775a8b28f30?})
	/usr/lib/go/src/crypto/tls/conn.go:1385 +0x145
net/http.(*persistConn).Read(0xc0022d0120, {0xc00147a000?, 0x4141c5?, 0x68?})
	/usr/lib/go/src/net/http/transport.go:2122 +0x47
bufio.(*Reader).fill(0xc001fe46c0)
	/usr/lib/go/src/bufio/bufio.go:113 +0x103
bufio.(*Reader).Peek(0xc001fe46c0, 0x1)
	/usr/lib/go/src/bufio/bufio.go:152 +0x53
net/http.(*persistConn).readLoop(0xc0022d0120)
	/usr/lib/go/src/net/http/transport.go:2275 +0x172
created by net/http.(*Transport).dialConn in goroutine 7667
	/usr/lib/go/src/net/http/transport.go:1944 +0x174f

goroutine 13496 [sync.Cond.Wait]:
sync.runtime_notifyListWait(0xc00359a490, 0x1a)
	/usr/lib/go/src/runtime/sema.go:597 +0x159
sync.(*Cond).Wait(0x0?)
	/usr/lib/go/src/sync/cond.go:71 +0x85
github.com/centrifugal/centrifuge/internal/dissolve.(*queueImpl).Wait(0xc0071d3500)
	/home/mariell/go/pkg/mod/github.com/centrifugal/centrifuge@v0.33.3/internal/dissolve/queue.go:139 +0x4a
github.com/centrifugal/centrifuge/internal/dissolve.(*Dissolver).runWorker(0xc008da47c8)
	/home/mariell/go/pkg/mod/github.com/centrifugal/centrifuge@v0.33.3/internal/dissolve/dissolve.go:52 +0x27
created by github.com/centrifugal/centrifuge/internal/dissolve.(*Dissolver).Run in goroutine 12330
	/home/mariell/go/pkg/mod/github.com/centrifugal/centrifuge@v0.33.3/internal/dissolve/dissolve.go:31 +0x25

goroutine 22029 [select]:
database/sql.(*DB).connectionOpener(0xc0063b0b60, {0xa9d1d00, 0xc00e48a730})
	/usr/lib/go/src/database/sql/sql.go:1261 +0x87
created by database/sql.OpenDB in goroutine 22319
	/usr/lib/go/src/database/sql/sql.go:841 +0x130

goroutine 7519 [select]:
github.com/patrickmn/go-cache.(*janitor).Run(0xc006beb950, 0xc0026d6140)
	/home/mariell/go/pkg/mod/github.com/patrickmn/go-cache@v2.1.0+incompatible/cache.go:1079 +0x7b
created by github.com/patrickmn/go-cache.runJanitor in goroutine 6291
	/home/mariell/go/pkg/mod/github.com/patrickmn/go-cache@v2.1.0+incompatible/cache.go:1099 +0xdb

goroutine 7411 [sync.Cond.Wait]:
sync.runtime_notifyListWait(0xc0088a2350, 0x15)
	/usr/lib/go/src/runtime/sema.go:597 +0x159
sync.(*Cond).Wait(0x0?)
	/usr/lib/go/src/sync/cond.go:71 +0x85
github.com/centrifugal/centrifuge/internal/dissolve.(*queueImpl).Wait(0xc0088a0620)
	/home/mariell/go/pkg/mod/github.com/centrifugal/centrifuge@v0.33.3/internal/dissolve/queue.go:139 +0x4a
github.com/centrifugal/centrifuge/internal/dissolve.(*Dissolver).runWorker(0xc001ba2798)
	/home/mariell/go/pkg/mod/github.com/centrifugal/centrifuge@v0.33.3/internal/dissolve/dissolve.go:52 +0x27
created by github.com/centrifugal/centrifuge/internal/dissolve.(*Dissolver).Run in goroutine 6291
	/home/mariell/go/pkg/mod/github.com/centrifugal/centrifuge@v0.33.3/internal/dissolve/dissolve.go:31 +0x25

goroutine 12016 [sync.Cond.Wait]:
sync.runtime_notifyListWait(0xc0082fe010, 0x39)
	/usr/lib/go/src/runtime/sema.go:597 +0x159
sync.(*Cond).Wait(0x0?)
	/usr/lib/go/src/sync/cond.go:71 +0x85
github.com/centrifugal/centrifuge/internal/dissolve.(*queueImpl).Wait(0xc0088a18f0)
	/home/mariell/go/pkg/mod/github.com/centrifugal/centrifuge@v0.33.3/internal/dissolve/queue.go:139 +0x4a
github.com/centrifugal/centrifuge/internal/dissolve.(*Dissolver).runWorker(0xc003c41ef0)
	/home/mariell/go/pkg/mod/github.com/centrifugal/centrifuge@v0.33.3/internal/dissolve/dissolve.go:52 +0x27
created by github.com/centrifugal/centrifuge/internal/dissolve.(*Dissolver).Run in goroutine 10841
	/home/mariell/go/pkg/mod/github.com/centrifugal/centrifuge@v0.33.3/internal/dissolve/dissolve.go:31 +0x25

goroutine 7441 [sync.Cond.Wait]:
sync.runtime_notifyListWait(0xc0088a2350, 0x3d)
	/usr/lib/go/src/runtime/sema.go:597 +0x159
sync.(*Cond).Wait(0xc00125e7d0?)
	/usr/lib/go/src/sync/cond.go:71 +0x85
github.com/centrifugal/centrifuge/internal/dissolve.(*queueImpl).Wait(0xc0088a0620)
	/home/mariell/go/pkg/mod/github.com/centrifugal/centrifuge@v0.33.3/internal/dissolve/queue.go:139 +0x4a
github.com/centrifugal/centrifuge/internal/dissolve.(*Dissolver).runWorker(0xc001ba2798)
	/home/mariell/go/pkg/mod/github.com/centrifugal/centrifuge@v0.33.3/internal/dissolve/dissolve.go:52 +0x27
created by github.com/centrifugal/centrifuge/internal/dissolve.(*Dissolver).Run in goroutine 6291
	/home/mariell/go/pkg/mod/github.com/centrifugal/centrifuge@v0.33.3/internal/dissolve/dissolve.go:31 +0x25

goroutine 7432 [sync.Cond.Wait]:
sync.runtime_notifyListWait(0xc0088a2350, 0x1e)
	/usr/lib/go/src/runtime/sema.go:597 +0x159
sync.(*Cond).Wait(0x0?)
	/usr/lib/go/src/sync/cond.go:71 +0x85
github.com/centrifugal/centrifuge/internal/dissolve.(*queueImpl).Wait(0xc0088a0620)
	/home/mariell/go/pkg/mod/github.com/centrifugal/centrifuge@v0.33.3/internal/dissolve/queue.go:139 +0x4a
github.com/centrifugal/centrifuge/internal/dissolve.(*Dissolver).runWorker(0xc001ba2798)
	/home/mariell/go/pkg/mod/github.com/centrifugal/centrifuge@v0.33.3/internal/dissolve/dissolve.go:52 +0x27
created by github.com/centrifugal/centrifuge/internal/dissolve.(*Dissolver).Run in goroutine 6291
	/home/mariell/go/pkg/mod/github.com/centrifugal/centrifuge@v0.33.3/internal/dissolve/dissolve.go:31 +0x25

goroutine 31967 [IO wait]:
internal/poll.runtime_pollWait(0x7775585996d0, 0x72)
	/usr/lib/go/src/runtime/netpoll.go:351 +0x85
internal/poll.(*pollDesc).wait(0xc00cd6a780?, 0xc00d668000?, 0x0)
	/usr/lib/go/src/internal/poll/fd_poll_runtime.go:84 +0x27
internal/poll.(*pollDesc).waitRead(...)
	/usr/lib/go/src/internal/poll/fd_poll_runtime.go:89
internal/poll.(*FD).Read(0xc00cd6a780, {0xc00d668000, 0xa000, 0xa000})
	/usr/lib/go/src/internal/poll/fd_unix.go:165 +0x27a
net.(*netFD).Read(0xc00cd6a780, {0xc00d668000?, 0xc00d668000?, 0x5?})
	/usr/lib/go/src/net/fd_posix.go:55 +0x25
net.(*conn).Read(0xc00e96e370, {0xc00d668000?, 0x777558fcfcb0?, 0x7775a8b293e8?})
	/usr/lib/go/src/net/net.go:194 +0x45
crypto/tls.(*atLeastReader).Read(0xc012afb698, {0xc00d668000?, 0x9ffb?, 0xc00d6129e8?})
	/usr/lib/go/src/crypto/tls/conn.go:809 +0x3b
bytes.(*Buffer).ReadFrom(0xc00808ed38, {0xa94e300, 0xc012afb698})
	/usr/lib/go/src/bytes/buffer.go:211 +0x98
crypto/tls.(*Conn).readFromUntil(0xc00808ea88, {0xa94dc00, 0xc00e96e370}, 0x444af4?)
	/usr/lib/go/src/crypto/tls/conn.go:831 +0xde
crypto/tls.(*Conn).readRecordOrCCS(0xc00808ea88, 0x0)
	/usr/lib/go/src/crypto/tls/conn.go:629 +0x3cf
crypto/tls.(*Conn).readRecord(...)
	/usr/lib/go/src/crypto/tls/conn.go:591
crypto/tls.(*Conn).Read(0xc00808ea88, {0xc01befc000, 0x1000, 0xc01372f7a0?})
	/usr/lib/go/src/crypto/tls/conn.go:1385 +0x145
net/http.(*persistConn).Read(0xc005868ea0, {0xc01befc000?, 0x81fe45?, 0xa94be80?})
	/usr/lib/go/src/net/http/transport.go:2122 +0x47
bufio.(*Reader).fill(0xc010427da0)
	/usr/lib/go/src/bufio/bufio.go:113 +0x103
bufio.(*Reader).Peek(0xc010427da0, 0x1)
	/usr/lib/go/src/bufio/bufio.go:152 +0x53
net/http.(*persistConn).readLoop(0xc005868ea0)
	/usr/lib/go/src/net/http/transport.go:2275 +0x172
created by net/http.(*Transport).dialConn in goroutine 31971
	/usr/lib/go/src/net/http/transport.go:1944 +0x174f

goroutine 10451 [sync.Cond.Wait]:
sync.runtime_notifyListWait(0xc002b17c10, 0x9)
	/usr/lib/go/src/runtime/sema.go:597 +0x159
sync.(*Cond).Wait(0x0?)
	/usr/lib/go/src/sync/cond.go:71 +0x85
github.com/centrifugal/centrifuge/internal/dissolve.(*queueImpl).Wait(0xc004c930a0)
	/home/mariell/go/pkg/mod/github.com/centrifugal/centrifuge@v0.33.3/internal/dissolve/queue.go:139 +0x4a
github.com/centrifugal/centrifuge/internal/dissolve.(*Dissolver).runWorker(0xc000b16930)
	/home/mariell/go/pkg/mod/github.com/centrifugal/centrifuge@v0.33.3/internal/dissolve/dissolve.go:52 +0x27
created by github.com/centrifugal/centrifuge/internal/dissolve.(*Dissolver).Run in goroutine 9307
	/home/mariell/go/pkg/mod/github.com/centrifugal/centrifuge@v0.33.3/internal/dissolve/dissolve.go:31 +0x25

goroutine 14836 [select]:
github.com/centrifugal/centrifuge.(*historyHub).removeStreams(0xc00d003d00)
	/home/mariell/go/pkg/mod/github.com/centrifugal/centrifuge@v0.33.3/broker_memory.go:259 +0x6f
created by github.com/centrifugal/centrifuge.(*historyHub).runCleanups in goroutine 13738
	/home/mariell/go/pkg/mod/github.com/centrifugal/centrifuge@v0.33.3/broker_memory.go:253 +0x96

goroutine 7395 [sync.Cond.Wait]:
sync.runtime_notifyListWait(0xc0088a2350, 0x3)
	/usr/lib/go/src/runtime/sema.go:597 +0x159
sync.(*Cond).Wait(0x0?)
	/usr/lib/go/src/sync/cond.go:71 +0x85
github.com/centrifugal/centrifuge/internal/dissolve.(*queueImpl).Wait(0xc0088a0620)
	/home/mariell/go/pkg/mod/github.com/centrifugal/centrifuge@v0.33.3/internal/dissolve/queue.go:139 +0x4a
github.com/centrifugal/centrifuge/internal/dissolve.(*Dissolver).runWorker(0xc001ba2798)
	/home/mariell/go/pkg/mod/github.com/centrifugal/centrifuge@v0.33.3/internal/dissolve/dissolve.go:52 +0x27
created by github.com/centrifugal/centrifuge/internal/dissolve.(*Dissolver).Run in goroutine 6291
	/home/mariell/go/pkg/mod/github.com/centrifugal/centrifuge@v0.33.3/internal/dissolve/dissolve.go:31 +0x25

goroutine 7431 [sync.Cond.Wait]:
sync.runtime_notifyListWait(0xc0088a2350, 0x1d)
	/usr/lib/go/src/runtime/sema.go:597 +0x159
sync.(*Cond).Wait(0xc0016f77d0?)
	/usr/lib/go/src/sync/cond.go:71 +0x85
github.com/centrifugal/centrifuge/internal/dissolve.(*queueImpl).Wait(0xc0088a0620)
	/home/mariell/go/pkg/mod/github.com/centrifugal/centrifuge@v0.33.3/internal/dissolve/queue.go:139 +0x4a
github.com/centrifugal/centrifuge/internal/dissolve.(*Dissolver).runWorker(0xc001ba2798)
	/home/mariell/go/pkg/mod/github.com/centrifugal/centrifuge@v0.33.3/internal/dissolve/dissolve.go:52 +0x27
created by github.com/centrifugal/centrifuge/internal/dissolve.(*Dissolver).Run in goroutine 6291
	/home/mariell/go/pkg/mod/github.com/centrifugal/centrifuge@v0.33.3/internal/dissolve/dissolve.go:31 +0x25

goroutine 7424 [sync.Cond.Wait]:
sync.runtime_notifyListWait(0xc0088a2350, 0x2a)
	/usr/lib/go/src/runtime/sema.go:597 +0x159
sync.(*Cond).Wait(0x0?)
	/usr/lib/go/src/sync/cond.go:71 +0x85
github.com/centrifugal/centrifuge/internal/dissolve.(*queueImpl).Wait(0xc0088a0620)
	/home/mariell/go/pkg/mod/github.com/centrifugal/centrifuge@v0.33.3/internal/dissolve/queue.go:139 +0x4a
github.com/centrifugal/centrifuge/internal/dissolve.(*Dissolver).runWorker(0xc001ba2798)
	/home/mariell/go/pkg/mod/github.com/centrifugal/centrifuge@v0.33.3/internal/dissolve/dissolve.go:52 +0x27
created by github.com/centrifugal/centrifuge/internal/dissolve.(*Dissolver).Run in goroutine 6291
	/home/mariell/go/pkg/mod/github.com/centrifugal/centrifuge@v0.33.3/internal/dissolve/dissolve.go:31 +0x25

goroutine 7429 [sync.Cond.Wait]:
sync.runtime_notifyListWait(0xc0088a2350, 0x1a)
	/usr/lib/go/src/runtime/sema.go:597 +0x159
sync.(*Cond).Wait(0xc0016f87d0?)
	/usr/lib/go/src/sync/cond.go:71 +0x85
github.com/centrifugal/centrifuge/internal/dissolve.(*queueImpl).Wait(0xc0088a0620)
	/home/mariell/go/pkg/mod/github.com/centrifugal/centrifuge@v0.33.3/internal/dissolve/queue.go:139 +0x4a
github.com/centrifugal/centrifuge/internal/dissolve.(*Dissolver).runWorker(0xc001ba2798)
	/home/mariell/go/pkg/mod/github.com/centrifugal/centrifuge@v0.33.3/internal/dissolve/dissolve.go:52 +0x27
created by github.com/centrifugal/centrifuge/internal/dissolve.(*Dissolver).Run in goroutine 6291
	/home/mariell/go/pkg/mod/github.com/centrifugal/centrifuge@v0.33.3/internal/dissolve/dissolve.go:31 +0x25

goroutine 7439 [sync.Cond.Wait]:
sync.runtime_notifyListWait(0xc0088a2350, 0x3c)
	/usr/lib/go/src/runtime/sema.go:597 +0x159
sync.(*Cond).Wait(0xc0016f8fd0?)
	/usr/lib/go/src/sync/cond.go:71 +0x85
github.com/centrifugal/centrifuge/internal/dissolve.(*queueImpl).Wait(0xc0088a0620)
	/home/mariell/go/pkg/mod/github.com/centrifugal/centrifuge@v0.33.3/internal/dissolve/queue.go:139 +0x4a
github.com/centrifugal/centrifuge/internal/dissolve.(*Dissolver).runWorker(0xc001ba2798)
	/home/mariell/go/pkg/mod/github.com/centrifugal/centrifuge@v0.33.3/internal/dissolve/dissolve.go:52 +0x27
created by github.com/centrifugal/centrifuge/internal/dissolve.(*Dissolver).Run in goroutine 6291
	/home/mariell/go/pkg/mod/github.com/centrifugal/centrifuge@v0.33.3/internal/dissolve/dissolve.go:31 +0x25

goroutine 7440 [sync.Cond.Wait]:
sync.runtime_notifyListWait(0xc0088a2350, 0x3b)
	/usr/lib/go/src/runtime/sema.go:597 +0x159
sync.(*Cond).Wait(0x0?)
	/usr/lib/go/src/sync/cond.go:71 +0x85
github.com/centrifugal/centrifuge/internal/dissolve.(*queueImpl).Wait(0xc0088a0620)
	/home/mariell/go/pkg/mod/github.com/centrifugal/centrifuge@v0.33.3/internal/dissolve/queue.go:139 +0x4a
github.com/centrifugal/centrifuge/internal/dissolve.(*Dissolver).runWorker(0xc001ba2798)
	/home/mariell/go/pkg/mod/github.com/centrifugal/centrifuge@v0.33.3/internal/dissolve/dissolve.go:52 +0x27
created by github.com/centrifugal/centrifuge/internal/dissolve.(*Dissolver).Run in goroutine 6291
	/home/mariell/go/pkg/mod/github.com/centrifugal/centrifuge@v0.33.3/internal/dissolve/dissolve.go:31 +0x25

goroutine 34626 [select]:
github.com/centrifugal/centrifuge.(*historyHub).removeStreams(0xc014472380)
	/home/mariell/go/pkg/mod/github.com/centrifugal/centrifuge@v0.33.3/broker_memory.go:259 +0x6f
created by github.com/centrifugal/centrifuge.(*historyHub).runCleanups in goroutine 33524
	/home/mariell/go/pkg/mod/github.com/centrifugal/centrifuge@v0.33.3/broker_memory.go:253 +0x96

goroutine 9353 [select]:
github.com/grafana/grafana/pkg/storage/unified/resource.(*cache[...]).run(0xc00538f408)
	/home/mariell/work/oss/grafana/pkg/storage/unified/resource/broadcaster.go:291 +0xb0
created by github.com/grafana/grafana/pkg/storage/unified/resource.newChannelCache[...] in goroutine 9202
	/home/mariell/work/oss/grafana/pkg/storage/unified/resource/broadcaster.go:276 +0x189

goroutine 6245 [IO wait]:
internal/poll.runtime_pollWait(0x777559340468, 0x72)
	/usr/lib/go/src/runtime/netpoll.go:351 +0x85
internal/poll.(*pollDesc).wait(0xc005b34900?, 0xc002bbec00?, 0x0)
	/usr/lib/go/src/internal/poll/fd_poll_runtime.go:84 +0x27
internal/poll.(*pollDesc).waitRead(...)
	/usr/lib/go/src/internal/poll/fd_poll_runtime.go:89
internal/poll.(*FD).Read(0xc005b34900, {0xc002bbec00, 0x1300, 0x1300})
	/usr/lib/go/src/internal/poll/fd_unix.go:165 +0x27a
net.(*netFD).Read(0xc005b34900, {0xc002bbec00?, 0x0?, 0x5?})
	/usr/lib/go/src/net/fd_posix.go:55 +0x25
net.(*conn).Read(0xc0036c4a28, {0xc002bbec00?, 0x7775606e5a58?, 0x7775a8b28f30?})
	/usr/lib/go/src/net/net.go:194 +0x45
crypto/tls.(*atLeastReader).Read(0xc003466c90, {0xc002bbec00?, 0x11abda20?, 0xc005b3f9c8?})
	/usr/lib/go/src/crypto/tls/conn.go:809 +0x3b
bytes.(*Buffer).ReadFrom(0xc0023cb0b8, {0xa94e300, 0xc003466c90})
	/usr/lib/go/src/bytes/buffer.go:211 +0x98
crypto/tls.(*Conn).readFromUntil(0xc0023cae08, {0xa94dc00, 0xc0036c4a28}, 0x444af4?)
	/usr/lib/go/src/crypto/tls/conn.go:831 +0xde
crypto/tls.(*Conn).readRecordOrCCS(0xc0023cae08, 0x0)
	/usr/lib/go/src/crypto/tls/conn.go:629 +0x3cf
crypto/tls.(*Conn).readRecord(...)
	/usr/lib/go/src/crypto/tls/conn.go:591
crypto/tls.(*Conn).Read(0xc0023cae08, {0xc001523000, 0x1000, 0xc008803b30?})
	/usr/lib/go/src/crypto/tls/conn.go:1385 +0x145
net/http.(*persistConn).Read(0xc0034f46c0, {0xc001523000?, 0x81fe45?, 0xa94be80?})
	/usr/lib/go/src/net/http/transport.go:2122 +0x47
bufio.(*Reader).fill(0xc004405c80)
	/usr/lib/go/src/bufio/bufio.go:113 +0x103
bufio.(*Reader).Peek(0xc004405c80, 0x1)
	/usr/lib/go/src/bufio/bufio.go:152 +0x53
net/http.(*persistConn).readLoop(0xc0034f46c0)
	/usr/lib/go/src/net/http/transport.go:2275 +0x172
created by net/http.(*Transport).dialConn in goroutine 7373
	/usr/lib/go/src/net/http/transport.go:1944 +0x174f

goroutine 6246 [select]:
net/http.(*persistConn).writeLoop(0xc0034f46c0)
	/usr/lib/go/src/net/http/transport.go:2590 +0xe7
created by net/http.(*Transport).dialConn in goroutine 7373
	/usr/lib/go/src/net/http/transport.go:1945 +0x17a5

goroutine 7648 [select]:
go.opentelemetry.io/otel/sdk/trace.(*batchSpanProcessor).processQueue(0xc005b1f040)
	/home/mariell/go/pkg/mod/go.opentelemetry.io/otel/sdk@v1.34.0/trace/batch_span_processor.go:302 +0x114
go.opentelemetry.io/otel/sdk/trace.NewBatchSpanProcessor.func1()
	/home/mariell/go/pkg/mod/go.opentelemetry.io/otel/sdk@v1.34.0/trace/batch_span_processor.go:117 +0x4e
created by go.opentelemetry.io/otel/sdk/trace.NewBatchSpanProcessor in goroutine 6291
	/home/mariell/go/pkg/mod/go.opentelemetry.io/otel/sdk@v1.34.0/trace/batch_span_processor.go:115 +0x2d9

goroutine 9306 [chan receive (nil chan)]:
k8s.io/apiserver/pkg/server.preparedGenericAPIServer.RunWithContext({0xc0069d5860?}, {0xa9d1d00, 0xc0094d6050})
	/home/mariell/go/pkg/mod/k8s.io/apiserver@v0.32.1/pkg/server/genericapiserver.go:710 +0x9c5
github.com/grafana/grafana/pkg/services/apiserver.(*service).startCoreServer.func1()
	/home/mariell/work/oss/grafana/pkg/services/apiserver/service.go:448 +0x28
created by github.com/grafana/grafana/pkg/services/apiserver.(*service).startCoreServer in goroutine 9202
	/home/mariell/work/oss/grafana/pkg/services/apiserver/service.go:447 +0x125

goroutine 10897 [select]:
go.opentelemetry.io/otel/sdk/trace.(*batchSpanProcessor).processQueue(0xc004d281e0)
	/home/mariell/go/pkg/mod/go.opentelemetry.io/otel/sdk@v1.34.0/trace/batch_span_processor.go:302 +0x114
go.opentelemetry.io/otel/sdk/trace.NewBatchSpanProcessor.func1()
	/home/mariell/go/pkg/mod/go.opentelemetry.io/otel/sdk@v1.34.0/trace/batch_span_processor.go:117 +0x4e
created by go.opentelemetry.io/otel/sdk/trace.NewBatchSpanProcessor in goroutine 10841
	/home/mariell/go/pkg/mod/go.opentelemetry.io/otel/sdk@v1.34.0/trace/batch_span_processor.go:115 +0x2d9

goroutine 13527 [sync.Cond.Wait]:
sync.runtime_notifyListWait(0xc00359a490, 0x39)
	/usr/lib/go/src/runtime/sema.go:597 +0x159
sync.(*Cond).Wait(0xc00b9007d0?)
	/usr/lib/go/src/sync/cond.go:71 +0x85
github.com/centrifugal/centrifuge/internal/dissolve.(*queueImpl).Wait(0xc0071d3500)
	/home/mariell/go/pkg/mod/github.com/centrifugal/centrifuge@v0.33.3/internal/dissolve/queue.go:139 +0x4a
github.com/centrifugal/centrifuge/internal/dissolve.(*Dissolver).runWorker(0xc008da47c8)
	/home/mariell/go/pkg/mod/github.com/centrifugal/centrifuge@v0.33.3/internal/dissolve/dissolve.go:52 +0x27
created by github.com/centrifugal/centrifuge/internal/dissolve.(*Dissolver).Run in goroutine 12330
	/home/mariell/go/pkg/mod/github.com/centrifugal/centrifuge@v0.33.3/internal/dissolve/dissolve.go:31 +0x25

goroutine 27041 [sync.Cond.Wait]:
sync.runtime_notifyListWait(0xc00d5304d0, 0x39)
	/usr/lib/go/src/runtime/sema.go:597 +0x159
sync.(*Cond).Wait(0x0?)
	/usr/lib/go/src/sync/cond.go:71 +0x85
github.com/centrifugal/centrifuge/internal/dissolve.(*queueImpl).Wait(0xc00dc00930)
	/home/mariell/go/pkg/mod/github.com/centrifugal/centrifuge@v0.33.3/internal/dissolve/queue.go:139 +0x4a
github.com/centrifugal/centrifuge/internal/dissolve.(*Dissolver).runWorker(0xc0128109a8)
	/home/mariell/go/pkg/mod/github.com/centrifugal/centrifuge@v0.33.3/internal/dissolve/dissolve.go:52 +0x27
created by github.com/centrifugal/centrifuge/internal/dissolve.(*Dissolver).Run in goroutine 24637
	/home/mariell/go/pkg/mod/github.com/centrifugal/centrifuge@v0.33.3/internal/dissolve/dissolve.go:31 +0x25

goroutine 16773 [select]:
net/http.(*persistConn).writeLoop(0xc001555d40)
	/usr/lib/go/src/net/http/transport.go:2590 +0xe7
created by net/http.(*Transport).dialConn in goroutine 16678
	/usr/lib/go/src/net/http/transport.go:1945 +0x17a5

goroutine 37372 [select]:
github.com/patrickmn/go-cache.(*janitor).Run(0xc0143f4df0, 0xc00dcab7c0)
	/home/mariell/go/pkg/mod/github.com/patrickmn/go-cache@v2.1.0+incompatible/cache.go:1079 +0x7b
created by github.com/patrickmn/go-cache.runJanitor in goroutine 36374
	/home/mariell/go/pkg/mod/github.com/patrickmn/go-cache@v2.1.0+incompatible/cache.go:1099 +0xdb

goroutine 12354 [IO wait]:
internal/poll.runtime_pollWait(0x7775593b8d68, 0x72)
	/usr/lib/go/src/runtime/netpoll.go:351 +0x85
internal/poll.(*pollDesc).wait(0xc005be9a80?, 0xc0066b1900?, 0x0)
	/usr/lib/go/src/internal/poll/fd_poll_runtime.go:84 +0x27
internal/poll.(*pollDesc).waitRead(...)
	/usr/lib/go/src/internal/poll/fd_poll_runtime.go:89
internal/poll.(*FD).Read(0xc005be9a80, {0xc0066b1900, 0x1300, 0x1300})
	/usr/lib/go/src/internal/poll/fd_unix.go:165 +0x27a
net.(*netFD).Read(0xc005be9a80, {0xc0066b1900?, 0x777560537820?, 0x30?})
	/usr/lib/go/src/net/fd_posix.go:55 +0x25
net.(*conn).Read(0xc00e96eda8, {0xc0066b1900?, 0x77756038c928?, 0x7775a8b28f30?})
	/usr/lib/go/src/net/net.go:194 +0x45
crypto/tls.(*atLeastReader).Read(0xc00ab34678, {0xc0066b1900?, 0xc0095079a8?, 0x42d8c5?})
	/usr/lib/go/src/crypto/tls/conn.go:809 +0x3b
bytes.(*Buffer).ReadFrom(0xc00a409eb8, {0xa94e300, 0xc00ab34678})
	/usr/lib/go/src/bytes/buffer.go:211 +0x98
crypto/tls.(*Conn).readFromUntil(0xc00a409c08, {0xa94dc00, 0xc00e96eda8}, 0x444af4?)
	/usr/lib/go/src/crypto/tls/conn.go:831 +0xde
crypto/tls.(*Conn).readRecordOrCCS(0xc00a409c08, 0x0)
	/usr/lib/go/src/crypto/tls/conn.go:629 +0x3cf
crypto/tls.(*Conn).readRecord(...)
	/usr/lib/go/src/crypto/tls/conn.go:591
crypto/tls.(*Conn).Read(0xc00a409c08, {0xc0040d0000, 0x1000, 0xc005fab6e0?})
	/usr/lib/go/src/crypto/tls/conn.go:1385 +0x145
net/http.(*persistConn).Read(0xc00a958000, {0xc0040d0000?, 0x81fe45?, 0xa94be80?})
	/usr/lib/go/src/net/http/transport.go:2122 +0x47
bufio.(*Reader).fill(0xc00aceee40)
	/usr/lib/go/src/bufio/bufio.go:113 +0x103
bufio.(*Reader).Peek(0xc00aceee40, 0x1)
	/usr/lib/go/src/bufio/bufio.go:152 +0x53
net/http.(*persistConn).readLoop(0xc00a958000)
	/usr/lib/go/src/net/http/transport.go:2275 +0x172
created by net/http.(*Transport).dialConn in goroutine 11637
	/usr/lib/go/src/net/http/transport.go:1944 +0x174f

goroutine 10839 [select]:
net/http.(*persistConn).writeLoop(0xc0032b6000)
	/usr/lib/go/src/net/http/transport.go:2590 +0xe7
created by net/http.(*Transport).dialConn in goroutine 9847
	/usr/lib/go/src/net/http/transport.go:1945 +0x17a5

goroutine 9346 [select]:
k8s.io/apimachinery/pkg/util/wait.BackoffUntil(0xc009ff2200, {0xa95ac00, 0xc00a100000}, 0x1, 0xc0041c0a10)
	/home/mariell/go/pkg/mod/k8s.io/apimachinery@v0.32.1/pkg/util/wait/backoff.go:238 +0x12c
k8s.io/apimachinery/pkg/util/wait.JitterUntil(0xc009ff2200, 0x3b9aca00, 0x3ff3333333333333, 0x1, 0xc0041c0a10)
	/home/mariell/go/pkg/mod/k8s.io/apimachinery@v0.32.1/pkg/util/wait/backoff.go:204 +0x7f
created by k8s.io/apiserver/pkg/registry/generic/registry.(*Store).startObservingCount in goroutine 9202
	/home/mariell/go/pkg/mod/k8s.io/apiserver@v0.32.1/pkg/registry/generic/registry/store.go:1666 +0x2f9

goroutine 26843 [select]:
github.com/centrifugal/centrifuge.(*Node).sendNodePing(0xc00a493688)
	/home/mariell/go/pkg/mod/github.com/centrifugal/centrifuge@v0.33.3/node.go:380 +0x85
created by github.com/centrifugal/centrifuge.(*Node).Run in goroutine 24637
	/home/mariell/go/pkg/mod/github.com/centrifugal/centrifuge@v0.33.3/node.go:260 +0x225

goroutine 9347 [select]:
k8s.io/apimachinery/pkg/util/wait.BackoffUntil(0xc009ff2380, {0xa95ac00, 0xc0097cbe60}, 0x1, 0xc0041c0b60)
	/home/mariell/go/pkg/mod/k8s.io/apimachinery@v0.32.1/pkg/util/wait/backoff.go:238 +0x12c
k8s.io/apimachinery/pkg/util/wait.JitterUntil(0xc009ff2380, 0x3b9aca00, 0x3ff3333333333333, 0x1, 0xc0041c0b60)
	/home/mariell/go/pkg/mod/k8s.io/apimachinery@v0.32.1/pkg/util/wait/backoff.go:204 +0x7f
created by k8s.io/apiserver/pkg/registry/generic/registry.(*Store).startObservingCount in goroutine 9202
	/home/mariell/go/pkg/mod/k8s.io/apiserver@v0.32.1/pkg/registry/generic/registry/store.go:1666 +0x2f9

goroutine 10731 [IO wait]:
internal/poll.runtime_pollWait(0x7775591d0cc0, 0x72)
	/usr/lib/go/src/runtime/netpoll.go:351 +0x85
internal/poll.(*pollDesc).wait(0xc006c7fb00?, 0xc007096000?, 0x0)
	/usr/lib/go/src/internal/poll/fd_poll_runtime.go:84 +0x27
internal/poll.(*pollDesc).waitRead(...)
	/usr/lib/go/src/internal/poll/fd_poll_runtime.go:89
internal/poll.(*FD).Read(0xc006c7fb00, {0xc007096000, 0x1300, 0x1300})
	/usr/lib/go/src/internal/poll/fd_unix.go:165 +0x27a
net.(*netFD).Read(0xc006c7fb00, {0xc007096000?, 0xffb3510?, 0xc0067ec908?})
	/usr/lib/go/src/net/fd_posix.go:55 +0x25
net.(*conn).Read(0xc008f463e0, {0xc007096000?, 0x777558f9ee48?, 0x7775a8b28108?})
	/usr/lib/go/src/net/net.go:194 +0x45
crypto/tls.(*atLeastReader).Read(0xc006542b88, {0xc007096000?, 0x4247a5?, 0x0?})
	/usr/lib/go/src/crypto/tls/conn.go:809 +0x3b
bytes.(*Buffer).ReadFrom(0xc006fd62b8, {0xa94e300, 0xc006542b88})
	/usr/lib/go/src/bytes/buffer.go:211 +0x98
crypto/tls.(*Conn).readFromUntil(0xc006fd6008, {0xa94dc00, 0xc008f463e0}, 0x444af4?)
	/usr/lib/go/src/crypto/tls/conn.go:831 +0xde
crypto/tls.(*Conn).readRecordOrCCS(0xc006fd6008, 0x0)
	/usr/lib/go/src/crypto/tls/conn.go:629 +0x3cf
crypto/tls.(*Conn).readRecord(...)
	/usr/lib/go/src/crypto/tls/conn.go:591
crypto/tls.(*Conn).Read(0xc006fd6008, {0xc0070a2000, 0x1000, 0x7775a8b28108?})
	/usr/lib/go/src/crypto/tls/conn.go:1385 +0x145
net/http.(*persistConn).Read(0xc002d7a240, {0xc0070a2000?, 0x4141c5?, 0x68?})
	/usr/lib/go/src/net/http/transport.go:2122 +0x47
bufio.(*Reader).fill(0xc004f13f20)
	/usr/lib/go/src/bufio/bufio.go:113 +0x103
bufio.(*Reader).Peek(0xc004f13f20, 0x1)
	/usr/lib/go/src/bufio/bufio.go:152 +0x53
net/http.(*persistConn).readLoop(0xc002d7a240)
	/usr/lib/go/src/net/http/transport.go:2275 +0x172
created by net/http.(*Transport).dialConn in goroutine 10758
	/usr/lib/go/src/net/http/transport.go:1944 +0x174f

goroutine 14881 [sync.Cond.Wait]:
sync.runtime_notifyListWait(0xc00cfe9cd0, 0x22)
	/usr/lib/go/src/runtime/sema.go:597 +0x159
sync.(*Cond).Wait(0x0?)
	/usr/lib/go/src/sync/cond.go:71 +0x85
github.com/centrifugal/centrifuge/internal/dissolve.(*queueImpl).Wait(0xc00c22f1f0)
	/home/mariell/go/pkg/mod/github.com/centrifugal/centrifuge@v0.33.3/internal/dissolve/queue.go:139 +0x4a
github.com/centrifugal/centrifuge/internal/dissolve.(*Dissolver).runWorker(0xc0034e9ed8)
	/home/mariell/go/pkg/mod/github.com/centrifugal/centrifuge@v0.33.3/internal/dissolve/dissolve.go:52 +0x27
created by github.com/centrifugal/centrifuge/internal/dissolve.(*Dissolver).Run in goroutine 13738
	/home/mariell/go/pkg/mod/github.com/centrifugal/centrifuge@v0.33.3/internal/dissolve/dissolve.go:31 +0x25

goroutine 19015 [select]:
k8s.io/apimachinery/pkg/util/wait.BackoffUntil(0xc002cf8000, {0xa95ac00, 0xc0064f1680}, 0x1, 0xc010c98070)
	/home/mariell/go/pkg/mod/k8s.io/apimachinery@v0.32.1/pkg/util/wait/backoff.go:238 +0x12c
k8s.io/apimachinery/pkg/util/wait.JitterUntil(0xc002cf8000, 0x3b9aca00, 0x3ff3333333333333, 0x1, 0xc010c98070)
	/home/mariell/go/pkg/mod/k8s.io/apimachinery@v0.32.1/pkg/util/wait/backoff.go:204 +0x7f
created by k8s.io/apiserver/pkg/registry/generic/registry.(*Store).startObservingCount in goroutine 18215
	/home/mariell/go/pkg/mod/k8s.io/apiserver@v0.32.1/pkg/registry/generic/registry/store.go:1666 +0x2f9

goroutine 11776 [select]:
net/http.(*persistConn).writeLoop(0xc004caafc0)
	/usr/lib/go/src/net/http/transport.go:2590 +0xe7
created by net/http.(*Transport).dialConn in goroutine 12231
	/usr/lib/go/src/net/http/transport.go:1945 +0x17a5

goroutine 9351 [chan receive]:
github.com/grafana/grafana/pkg/registry/apis/dashboard/legacy.(*dashboardSqlAccess).WatchWriteEvents.func1()
	/home/mariell/work/oss/grafana/pkg/registry/apis/dashboard/legacy/storage.go:238 +0x50
created by github.com/grafana/grafana/pkg/registry/apis/dashboard/legacy.(*dashboardSqlAccess).WatchWriteEvents in goroutine 9202
	/home/mariell/work/oss/grafana/pkg/registry/apis/dashboard/legacy/storage.go:236 +0x1b6

goroutine 14886 [sync.Cond.Wait]:
sync.runtime_notifyListWait(0xc00cfe9cd0, 0x27)
	/usr/lib/go/src/runtime/sema.go:597 +0x159
sync.(*Cond).Wait(0xc00a28d7d0?)
	/usr/lib/go/src/sync/cond.go:71 +0x85
github.com/centrifugal/centrifuge/internal/dissolve.(*queueImpl).Wait(0xc00c22f1f0)
	/home/mariell/go/pkg/mod/github.com/centrifugal/centrifuge@v0.33.3/internal/dissolve/queue.go:139 +0x4a
github.com/centrifugal/centrifuge/internal/dissolve.(*Dissolver).runWorker(0xc0034e9ed8)
	/home/mariell/go/pkg/mod/github.com/centrifugal/centrifuge@v0.33.3/internal/dissolve/dissolve.go:52 +0x27
created by github.com/centrifugal/centrifuge/internal/dissolve.(*Dissolver).Run in goroutine 13738
	/home/mariell/go/pkg/mod/github.com/centrifugal/centrifuge@v0.33.3/internal/dissolve/dissolve.go:31 +0x25

goroutine 7329 [select]:
net/http.(*persistConn).writeLoop(0xc00352c240)
	/usr/lib/go/src/net/http/transport.go:2590 +0xe7
created by net/http.(*Transport).dialConn in goroutine 7697
	/usr/lib/go/src/net/http/transport.go:1945 +0x17a5

goroutine 7328 [IO wait]:
internal/poll.runtime_pollWait(0x777559340008, 0x72)
	/usr/lib/go/src/runtime/netpoll.go:351 +0x85
internal/poll.(*pollDesc).wait(0xc005b34a80?, 0xc001750000?, 0x0)
	/usr/lib/go/src/internal/poll/fd_poll_runtime.go:84 +0x27
internal/poll.(*pollDesc).waitRead(...)
	/usr/lib/go/src/internal/poll/fd_poll_runtime.go:89
internal/poll.(*FD).Read(0xc005b34a80, {0xc001750000, 0x1300, 0x1300})
	/usr/lib/go/src/internal/poll/fd_unix.go:165 +0x27a
net.(*netFD).Read(0xc005b34a80, {0xc001750000?, 0xc001750000?, 0x5?})
	/usr/lib/go/src/net/fd_posix.go:55 +0x25
net.(*conn).Read(0xc0036c4a30, {0xc001750000?, 0x77756049bc88?, 0x7775a8b28f30?})
	/usr/lib/go/src/net/net.go:194 +0x45
crypto/tls.(*atLeastReader).Read(0xc0034e9830, {0xc001750000?, 0x12fb?, 0xc005b389c8?})
	/usr/lib/go/src/crypto/tls/conn.go:809 +0x3b
bytes.(*Buffer).ReadFrom(0xc0023cb438, {0xa94e300, 0xc0034e9830})
	/usr/lib/go/src/bytes/buffer.go:211 +0x98
crypto/tls.(*Conn).readFromUntil(0xc0023cb188, {0xa94dc00, 0xc0036c4a30}, 0x444af4?)
	/usr/lib/go/src/crypto/tls/conn.go:831 +0xde
crypto/tls.(*Conn).readRecordOrCCS(0xc0023cb188, 0x0)
	/usr/lib/go/src/crypto/tls/conn.go:629 +0x3cf
crypto/tls.(*Conn).readRecord(...)
	/usr/lib/go/src/crypto/tls/conn.go:591
crypto/tls.(*Conn).Read(0xc0023cb188, {0xc001687000, 0x1000, 0xc002793920?})
	/usr/lib/go/src/crypto/tls/conn.go:1385 +0x145
net/http.(*persistConn).Read(0xc00352c240, {0xc001687000?, 0x81fe45?, 0xa94be80?})
	/usr/lib/go/src/net/http/transport.go:2122 +0x47
bufio.(*Reader).fill(0xc001cd7620)
	/usr/lib/go/src/bufio/bufio.go:113 +0x103
bufio.(*Reader).Peek(0xc001cd7620, 0x1)
	/usr/lib/go/src/bufio/bufio.go:152 +0x53
net/http.(*persistConn).readLoop(0xc00352c240)
	/usr/lib/go/src/net/http/transport.go:2275 +0x172
created by net/http.(*Transport).dialConn in goroutine 7697
	/usr/lib/go/src/net/http/transport.go:1944 +0x174f

goroutine 7325 [select]:
net/http.(*persistConn).writeLoop(0xc0034d3560)
	/usr/lib/go/src/net/http/transport.go:2590 +0xe7
created by net/http.(*Transport).dialConn in goroutine 7370
	/usr/lib/go/src/net/http/transport.go:1945 +0x17a5

goroutine 7324 [IO wait]:
internal/poll.runtime_pollWait(0x777559340350, 0x72)
	/usr/lib/go/src/runtime/netpoll.go:351 +0x85
internal/poll.(*pollDesc).wait(0xc005b34980?, 0xc00367ac00?, 0x0)
	/usr/lib/go/src/internal/poll/fd_poll_runtime.go:84 +0x27
internal/poll.(*pollDesc).waitRead(...)
	/usr/lib/go/src/internal/poll/fd_poll_runtime.go:89
internal/poll.(*FD).Read(0xc005b34980, {0xc00367ac00, 0x1300, 0x1300})
	/usr/lib/go/src/internal/poll/fd_unix.go:165 +0x27a
net.(*netFD).Read(0xc005b34980, {0xc00367ac00?, 0x0?, 0x1c005f25400?})
	/usr/lib/go/src/net/fd_posix.go:55 +0x25
net.(*conn).Read(0xc0036c49d0, {0xc00367ac00?, 0x7775606e5a58?, 0x7775a8b28f30?})
	/usr/lib/go/src/net/net.go:194 +0x45
crypto/tls.(*atLeastReader).Read(0xc003466468, {0xc00367ac00?, 0x4247a5?, 0x0?})
	/usr/lib/go/src/crypto/tls/conn.go:809 +0x3b
bytes.(*Buffer).ReadFrom(0xc0034e6638, {0xa94e300, 0xc003466468})
	/usr/lib/go/src/bytes/buffer.go:211 +0x98
crypto/tls.(*Conn).readFromUntil(0xc0034e6388, {0xa94dc00, 0xc0036c49d0}, 0x444af4?)
	/usr/lib/go/src/crypto/tls/conn.go:831 +0xde
crypto/tls.(*Conn).readRecordOrCCS(0xc0034e6388, 0x0)
	/usr/lib/go/src/crypto/tls/conn.go:629 +0x3cf
crypto/tls.(*Conn).readRecord(...)
	/usr/lib/go/src/crypto/tls/conn.go:591
crypto/tls.(*Conn).Read(0xc0034e6388, {0xc001411000, 0x1000, 0x7775a8b28f30?})
	/usr/lib/go/src/crypto/tls/conn.go:1385 +0x145
net/http.(*persistConn).Read(0xc0034d3560, {0xc001411000?, 0x4141c5?, 0x68?})
	/usr/lib/go/src/net/http/transport.go:2122 +0x47
bufio.(*Reader).fill(0xc001bb0ae0)
	/usr/lib/go/src/bufio/bufio.go:113 +0x103
bufio.(*Reader).Peek(0xc001bb0ae0, 0x1)
	/usr/lib/go/src/bufio/bufio.go:152 +0x53
net/http.(*persistConn).readLoop(0xc0034d3560)
	/usr/lib/go/src/net/http/transport.go:2275 +0x172
created by net/http.(*Transport).dialConn in goroutine 7370
	/usr/lib/go/src/net/http/transport.go:1944 +0x174f

goroutine 11974 [sync.Cond.Wait]:
sync.runtime_notifyListWait(0xc0082fe010, 0x10)
	/usr/lib/go/src/runtime/sema.go:597 +0x159
sync.(*Cond).Wait(0x0?)
	/usr/lib/go/src/sync/cond.go:71 +0x85
github.com/centrifugal/centrifuge/internal/dissolve.(*queueImpl).Wait(0xc0088a18f0)
	/home/mariell/go/pkg/mod/github.com/centrifugal/centrifuge@v0.33.3/internal/dissolve/queue.go:139 +0x4a
github.com/centrifugal/centrifuge/internal/dissolve.(*Dissolver).runWorker(0xc003c41ef0)
	/home/mariell/go/pkg/mod/github.com/centrifugal/centrifuge@v0.33.3/internal/dissolve/dissolve.go:52 +0x27
created by github.com/centrifugal/centrifuge/internal/dissolve.(*Dissolver).Run in goroutine 10841
	/home/mariell/go/pkg/mod/github.com/centrifugal/centrifuge@v0.33.3/internal/dissolve/dissolve.go:31 +0x25

goroutine 10407 [select]:
github.com/centrifugal/centrifuge.(*Node).initMetrics.func1()
	/home/mariell/go/pkg/mod/github.com/centrifugal/centrifuge@v0.33.3/node.go:365 +0x8a
created by github.com/centrifugal/centrifuge.(*Node).initMetrics in goroutine 9307
	/home/mariell/go/pkg/mod/github.com/centrifugal/centrifuge@v0.33.3/node.go:363 +0x1f9

goroutine 10281 [select]:
github.com/patrickmn/go-cache.(*janitor).Run(0xc008884480, 0xc000868d80)
	/home/mariell/go/pkg/mod/github.com/patrickmn/go-cache@v2.1.0+incompatible/cache.go:1079 +0x7b
created by github.com/patrickmn/go-cache.runJanitor in goroutine 9307
	/home/mariell/go/pkg/mod/github.com/patrickmn/go-cache@v2.1.0+incompatible/cache.go:1099 +0xdb

goroutine 17903 [sync.Cond.Wait]:
sync.runtime_notifyListWait(0xc009ff2dd0, 0xd)
	/usr/lib/go/src/runtime/sema.go:597 +0x159
sync.(*Cond).Wait(0x0?)
	/usr/lib/go/src/sync/cond.go:71 +0x85
github.com/centrifugal/centrifuge/internal/dissolve.(*queueImpl).Wait(0xc00958cb60)
	/home/mariell/go/pkg/mod/github.com/centrifugal/centrifuge@v0.33.3/internal/dissolve/queue.go:139 +0x4a
github.com/centrifugal/centrifuge/internal/dissolve.(*Dissolver).runWorker(0xc0029ba528)
	/home/mariell/go/pkg/mod/github.com/centrifugal/centrifuge@v0.33.3/internal/dissolve/dissolve.go:52 +0x27
created by github.com/centrifugal/centrifuge/internal/dissolve.(*Dissolver).Run in goroutine 13128
	/home/mariell/go/pkg/mod/github.com/centrifugal/centrifuge@v0.33.3/internal/dissolve/dissolve.go:31 +0x25

goroutine 10454 [sync.Cond.Wait]:
sync.runtime_notifyListWait(0xc002b17c10, 0xc)
	/usr/lib/go/src/runtime/sema.go:597 +0x159
sync.(*Cond).Wait(0x0?)
	/usr/lib/go/src/sync/cond.go:71 +0x85
github.com/centrifugal/centrifuge/internal/dissolve.(*queueImpl).Wait(0xc004c930a0)
	/home/mariell/go/pkg/mod/github.com/centrifugal/centrifuge@v0.33.3/internal/dissolve/queue.go:139 +0x4a
github.com/centrifugal/centrifuge/internal/dissolve.(*Dissolver).runWorker(0xc000b16930)
	/home/mariell/go/pkg/mod/github.com/centrifugal/centrifuge@v0.33.3/internal/dissolve/dissolve.go:52 +0x27
created by github.com/centrifugal/centrifuge/internal/dissolve.(*Dissolver).Run in goroutine 9307
	/home/mariell/go/pkg/mod/github.com/centrifugal/centrifuge@v0.33.3/internal/dissolve/dissolve.go:31 +0x25

goroutine 40559 [sync.Cond.Wait]:
sync.runtime_notifyListWait(0xc0228a0b10, 0x19)
	/usr/lib/go/src/runtime/sema.go:597 +0x159
sync.(*Cond).Wait(0x0?)
	/usr/lib/go/src/sync/cond.go:71 +0x85
github.com/centrifugal/centrifuge/internal/dissolve.(*queueImpl).Wait(0xc0228cc690)
	/home/mariell/go/pkg/mod/github.com/centrifugal/centrifuge@v0.33.3/internal/dissolve/queue.go:139 +0x4a
github.com/centrifugal/centrifuge/internal/dissolve.(*Dissolver).runWorker(0xc015fedd58)
	/home/mariell/go/pkg/mod/github.com/centrifugal/centrifuge@v0.33.3/internal/dissolve/dissolve.go:52 +0x27
created by github.com/centrifugal/centrifuge/internal/dissolve.(*Dissolver).Run in goroutine 36287
	/home/mariell/go/pkg/mod/github.com/centrifugal/centrifuge@v0.33.3/internal/dissolve/dissolve.go:31 +0x25

goroutine 14887 [sync.Cond.Wait]:
sync.runtime_notifyListWait(0xc00cfe9cd0, 0x28)
	/usr/lib/go/src/runtime/sema.go:597 +0x159
sync.(*Cond).Wait(0x0?)
	/usr/lib/go/src/sync/cond.go:71 +0x85
github.com/centrifugal/centrifuge/internal/dissolve.(*queueImpl).Wait(0xc00c22f1f0)
	/home/mariell/go/pkg/mod/github.com/centrifugal/centrifuge@v0.33.3/internal/dissolve/queue.go:139 +0x4a
github.com/centrifugal/centrifuge/internal/dissolve.(*Dissolver).runWorker(0xc0034e9ed8)
	/home/mariell/go/pkg/mod/github.com/centrifugal/centrifuge@v0.33.3/internal/dissolve/dissolve.go:52 +0x27
created by github.com/centrifugal/centrifuge/internal/dissolve.(*Dissolver).Run in goroutine 13738
	/home/mariell/go/pkg/mod/github.com/centrifugal/centrifuge@v0.33.3/internal/dissolve/dissolve.go:31 +0x25

goroutine 13750 [select]:
github.com/grafana/grafana/pkg/util/ticker.(*T).run(0xc0088a5bd0)
	/home/mariell/work/oss/grafana/pkg/util/ticker/ticker.go:59 +0x2c5
created by github.com/grafana/grafana/pkg/util/ticker.New in goroutine 13715
	/home/mariell/work/oss/grafana/pkg/util/ticker/ticker.go:40 +0x1e6

goroutine 10414 [sync.Cond.Wait]:
sync.runtime_notifyListWait(0xc002b17c10, 0x4)
	/usr/lib/go/src/runtime/sema.go:597 +0x159
sync.(*Cond).Wait(0x0?)
	/usr/lib/go/src/sync/cond.go:71 +0x85
github.com/centrifugal/centrifuge/internal/dissolve.(*queueImpl).Wait(0xc004c930a0)
	/home/mariell/go/pkg/mod/github.com/centrifugal/centrifuge@v0.33.3/internal/dissolve/queue.go:139 +0x4a
github.com/centrifugal/centrifuge/internal/dissolve.(*Dissolver).runWorker(0xc000b16930)
	/home/mariell/go/pkg/mod/github.com/centrifugal/centrifuge@v0.33.3/internal/dissolve/dissolve.go:52 +0x27
created by github.com/centrifugal/centrifuge/internal/dissolve.(*Dissolver).Run in goroutine 9307
	/home/mariell/go/pkg/mod/github.com/centrifugal/centrifuge@v0.33.3/internal/dissolve/dissolve.go:31 +0x25

goroutine 12341 [select]:
net/http.(*persistConn).writeLoop(0xc00a962000)
	/usr/lib/go/src/net/http/transport.go:2590 +0xe7
created by net/http.(*Transport).dialConn in goroutine 9340
	/usr/lib/go/src/net/http/transport.go:1945 +0x17a5

goroutine 27042 [sync.Cond.Wait]:
sync.runtime_notifyListWait(0xc00d5304d0, 0x35)
	/usr/lib/go/src/runtime/sema.go:597 +0x159
sync.(*Cond).Wait(0x0?)
	/usr/lib/go/src/sync/cond.go:71 +0x85
github.com/centrifugal/centrifuge/internal/dissolve.(*queueImpl).Wait(0xc00dc00930)
	/home/mariell/go/pkg/mod/github.com/centrifugal/centrifuge@v0.33.3/internal/dissolve/queue.go:139 +0x4a
github.com/centrifugal/centrifuge/internal/dissolve.(*Dissolver).runWorker(0xc0128109a8)
	/home/mariell/go/pkg/mod/github.com/centrifugal/centrifuge@v0.33.3/internal/dissolve/dissolve.go:52 +0x27
created by github.com/centrifugal/centrifuge/internal/dissolve.(*Dissolver).Run in goroutine 24637
	/home/mariell/go/pkg/mod/github.com/centrifugal/centrifuge@v0.33.3/internal/dissolve/dissolve.go:31 +0x25

goroutine 12022 [sync.Cond.Wait]:
sync.runtime_notifyListWait(0xc0082fe010, 0x3f)
	/usr/lib/go/src/runtime/sema.go:597 +0x159
sync.(*Cond).Wait(0x0?)
	/usr/lib/go/src/sync/cond.go:71 +0x85
github.com/centrifugal/centrifuge/internal/dissolve.(*queueImpl).Wait(0xc0088a18f0)
	/home/mariell/go/pkg/mod/github.com/centrifugal/centrifuge@v0.33.3/internal/dissolve/queue.go:139 +0x4a
github.com/centrifugal/centrifuge/internal/dissolve.(*Dissolver).runWorker(0xc003c41ef0)
	/home/mariell/go/pkg/mod/github.com/centrifugal/centrifuge@v0.33.3/internal/dissolve/dissolve.go:52 +0x27
created by github.com/centrifugal/centrifuge/internal/dissolve.(*Dissolver).Run in goroutine 10841
	/home/mariell/go/pkg/mod/github.com/centrifugal/centrifuge@v0.33.3/internal/dissolve/dissolve.go:31 +0x25

goroutine 46707 [sync.Cond.Wait]:
sync.runtime_notifyListWait(0xc016303990, 0x13)
	/usr/lib/go/src/runtime/sema.go:597 +0x159
sync.(*Cond).Wait(0x0?)
	/usr/lib/go/src/sync/cond.go:71 +0x85
github.com/centrifugal/centrifuge/internal/dissolve.(*queueImpl).Wait(0xc020154850)
	/home/mariell/go/pkg/mod/github.com/centrifugal/centrifuge@v0.33.3/internal/dissolve/queue.go:139 +0x4a
github.com/centrifugal/centrifuge/internal/dissolve.(*Dissolver).runWorker(0xc00b4e8b40)
	/home/mariell/go/pkg/mod/github.com/centrifugal/centrifuge@v0.33.3/internal/dissolve/dissolve.go:52 +0x27
created by github.com/centrifugal/centrifuge/internal/dissolve.(*Dissolver).Run in goroutine 45402
	/home/mariell/go/pkg/mod/github.com/centrifugal/centrifuge@v0.33.3/internal/dissolve/dissolve.go:31 +0x25

goroutine 10463 [sync.Cond.Wait]:
sync.runtime_notifyListWait(0xc002b17c10, 0x15)
	/usr/lib/go/src/runtime/sema.go:597 +0x159
sync.(*Cond).Wait(0x0?)
	/usr/lib/go/src/sync/cond.go:71 +0x85
github.com/centrifugal/centrifuge/internal/dissolve.(*queueImpl).Wait(0xc004c930a0)
	/home/mariell/go/pkg/mod/github.com/centrifugal/centrifuge@v0.33.3/internal/dissolve/queue.go:139 +0x4a
github.com/centrifugal/centrifuge/internal/dissolve.(*Dissolver).runWorker(0xc000b16930)
	/home/mariell/go/pkg/mod/github.com/centrifugal/centrifuge@v0.33.3/internal/dissolve/dissolve.go:52 +0x27
created by github.com/centrifugal/centrifuge/internal/dissolve.(*Dissolver).Run in goroutine 9307
	/home/mariell/go/pkg/mod/github.com/centrifugal/centrifuge@v0.33.3/internal/dissolve/dissolve.go:31 +0x25

goroutine 13591 [select]:
github.com/patrickmn/go-cache.(*janitor).Run(0xc003529d50, 0xc001f07240)
	/home/mariell/go/pkg/mod/github.com/patrickmn/go-cache@v2.1.0+incompatible/cache.go:1079 +0x7b
created by github.com/patrickmn/go-cache.runJanitor in goroutine 12330
	/home/mariell/go/pkg/mod/github.com/patrickmn/go-cache@v2.1.0+incompatible/cache.go:1099 +0xdb

goroutine 39025 [sync.Cond.Wait]:
sync.runtime_notifyListWait(0xc01fe50bd0, 0xc)
	/usr/lib/go/src/runtime/sema.go:597 +0x159
sync.(*Cond).Wait(0x0?)
	/usr/lib/go/src/sync/cond.go:71 +0x85
github.com/centrifugal/centrifuge/internal/dissolve.(*queueImpl).Wait(0xc00bf5ccb0)
	/home/mariell/go/pkg/mod/github.com/centrifugal/centrifuge@v0.33.3/internal/dissolve/queue.go:139 +0x4a
github.com/centrifugal/centrifuge/internal/dissolve.(*Dissolver).runWorker(0xc017ecc900)
	/home/mariell/go/pkg/mod/github.com/centrifugal/centrifuge@v0.33.3/internal/dissolve/dissolve.go:52 +0x27
created by github.com/centrifugal/centrifuge/internal/dissolve.(*Dissolver).Run in goroutine 37971
	/home/mariell/go/pkg/mod/github.com/centrifugal/centrifuge@v0.33.3/internal/dissolve/dissolve.go:31 +0x25

goroutine 17890 [sync.Cond.Wait]:
sync.runtime_notifyListWait(0xc009ff2dd0, 0x5)
	/usr/lib/go/src/runtime/sema.go:597 +0x159
sync.(*Cond).Wait(0xc00b4effd0?)
	/usr/lib/go/src/sync/cond.go:71 +0x85
github.com/centrifugal/centrifuge/internal/dissolve.(*queueImpl).Wait(0xc00958cb60)
	/home/mariell/go/pkg/mod/github.com/centrifugal/centrifuge@v0.33.3/internal/dissolve/queue.go:139 +0x4a
github.com/centrifugal/centrifuge/internal/dissolve.(*Dissolver).runWorker(0xc0029ba528)
	/home/mariell/go/pkg/mod/github.com/centrifugal/centrifuge@v0.33.3/internal/dissolve/dissolve.go:52 +0x27
created by github.com/centrifugal/centrifuge/internal/dissolve.(*Dissolver).Run in goroutine 13128
	/home/mariell/go/pkg/mod/github.com/centrifugal/centrifuge@v0.33.3/internal/dissolve/dissolve.go:31 +0x25

goroutine 11973 [sync.Cond.Wait]:
sync.runtime_notifyListWait(0xc0082fe010, 0xf)
	/usr/lib/go/src/runtime/sema.go:597 +0x159
sync.(*Cond).Wait(0x4708880?)
	/usr/lib/go/src/sync/cond.go:71 +0x85
github.com/centrifugal/centrifuge/internal/dissolve.(*queueImpl).Wait(0xc0088a18f0)
	/home/mariell/go/pkg/mod/github.com/centrifugal/centrifuge@v0.33.3/internal/dissolve/queue.go:139 +0x4a
github.com/centrifugal/centrifuge/internal/dissolve.(*Dissolver).runWorker(0xc003c41ef0)
	/home/mariell/go/pkg/mod/github.com/centrifugal/centrifuge@v0.33.3/internal/dissolve/dissolve.go:52 +0x27
created by github.com/centrifugal/centrifuge/internal/dissolve.(*Dissolver).Run in goroutine 10841
	/home/mariell/go/pkg/mod/github.com/centrifugal/centrifuge@v0.33.3/internal/dissolve/dissolve.go:31 +0x25

goroutine 10464 [sync.Cond.Wait]:
sync.runtime_notifyListWait(0xc002b17c10, 0x16)
	/usr/lib/go/src/runtime/sema.go:597 +0x159
sync.(*Cond).Wait(0x0?)
	/usr/lib/go/src/sync/cond.go:71 +0x85
github.com/centrifugal/centrifuge/internal/dissolve.(*queueImpl).Wait(0xc004c930a0)
	/home/mariell/go/pkg/mod/github.com/centrifugal/centrifuge@v0.33.3/internal/dissolve/queue.go:139 +0x4a
github.com/centrifugal/centrifuge/internal/dissolve.(*Dissolver).runWorker(0xc000b16930)
	/home/mariell/go/pkg/mod/github.com/centrifugal/centrifuge@v0.33.3/internal/dissolve/dissolve.go:52 +0x27
created by github.com/centrifugal/centrifuge/internal/dissolve.(*Dissolver).Run in goroutine 9307
	/home/mariell/go/pkg/mod/github.com/centrifugal/centrifuge@v0.33.3/internal/dissolve/dissolve.go:31 +0x25

goroutine 10452 [sync.Cond.Wait]:
sync.runtime_notifyListWait(0xc002b17c10, 0xa)
	/usr/lib/go/src/runtime/sema.go:597 +0x159
sync.(*Cond).Wait(0xc002a71fd0?)
	/usr/lib/go/src/sync/cond.go:71 +0x85
github.com/centrifugal/centrifuge/internal/dissolve.(*queueImpl).Wait(0xc004c930a0)
	/home/mariell/go/pkg/mod/github.com/centrifugal/centrifuge@v0.33.3/internal/dissolve/queue.go:139 +0x4a
github.com/centrifugal/centrifuge/internal/dissolve.(*Dissolver).runWorker(0xc000b16930)
	/home/mariell/go/pkg/mod/github.com/centrifugal/centrifuge@v0.33.3/internal/dissolve/dissolve.go:52 +0x27
created by github.com/centrifugal/centrifuge/internal/dissolve.(*Dissolver).Run in goroutine 9307
	/home/mariell/go/pkg/mod/github.com/centrifugal/centrifuge@v0.33.3/internal/dissolve/dissolve.go:31 +0x25

goroutine 13525 [sync.Cond.Wait]:
sync.runtime_notifyListWait(0xc00359a490, 0x2f)
	/usr/lib/go/src/runtime/sema.go:597 +0x159
sync.(*Cond).Wait(0x0?)
	/usr/lib/go/src/sync/cond.go:71 +0x85
github.com/centrifugal/centrifuge/internal/dissolve.(*queueImpl).Wait(0xc0071d3500)
	/home/mariell/go/pkg/mod/github.com/centrifugal/centrifuge@v0.33.3/internal/dissolve/queue.go:139 +0x4a
github.com/centrifugal/centrifuge/internal/dissolve.(*Dissolver).runWorker(0xc008da47c8)
	/home/mariell/go/pkg/mod/github.com/centrifugal/centrifuge@v0.33.3/internal/dissolve/dissolve.go:52 +0x27
created by github.com/centrifugal/centrifuge/internal/dissolve.(*Dissolver).Run in goroutine 12330
	/home/mariell/go/pkg/mod/github.com/centrifugal/centrifuge@v0.33.3/internal/dissolve/dissolve.go:31 +0x25

goroutine 9968 [chan receive (nil chan)]:
k8s.io/apiserver/pkg/server.preparedGenericAPIServer.RunWithContext({0x10212da?}, {0xa9d1d00, 0xc008299e00})
	/home/mariell/go/pkg/mod/k8s.io/apiserver@v0.32.1/pkg/server/genericapiserver.go:710 +0x9c5
github.com/grafana/grafana/pkg/services/apiserver.(*service).startCoreServer.func1()
	/home/mariell/work/oss/grafana/pkg/services/apiserver/service.go:448 +0x28
created by github.com/grafana/grafana/pkg/services/apiserver.(*service).startCoreServer in goroutine 10763
	/home/mariell/work/oss/grafana/pkg/services/apiserver/service.go:447 +0x125

goroutine 24055 [sync.Cond.Wait]:
sync.runtime_notifyListWait(0xc0142c1350, 0x36)
	/usr/lib/go/src/runtime/sema.go:597 +0x159
sync.(*Cond).Wait(0x0?)
	/usr/lib/go/src/sync/cond.go:71 +0x85
github.com/centrifugal/centrifuge/internal/dissolve.(*queueImpl).Wait(0xc012834b60)
	/home/mariell/go/pkg/mod/github.com/centrifugal/centrifuge@v0.33.3/internal/dissolve/queue.go:139 +0x4a
github.com/centrifugal/centrifuge/internal/dissolve.(*Dissolver).runWorker(0xc010117b90)
	/home/mariell/go/pkg/mod/github.com/centrifugal/centrifuge@v0.33.3/internal/dissolve/dissolve.go:52 +0x27
created by github.com/centrifugal/centrifuge/internal/dissolve.(*Dissolver).Run in goroutine 22319
	/home/mariell/go/pkg/mod/github.com/centrifugal/centrifuge@v0.33.3/internal/dissolve/dissolve.go:31 +0x25

goroutine 11804 [select]:
github.com/patrickmn/go-cache.(*janitor).Run(0xc0092449a0, 0xc008f876c0)
	/home/mariell/go/pkg/mod/github.com/patrickmn/go-cache@v2.1.0+incompatible/cache.go:1079 +0x7b
created by github.com/patrickmn/go-cache.runJanitor in goroutine 10841
	/home/mariell/go/pkg/mod/github.com/patrickmn/go-cache@v2.1.0+incompatible/cache.go:1099 +0xdb

goroutine 10250 [select]:
github.com/patrickmn/go-cache.(*janitor).Run(0xc001381140, 0xc006d00540)
	/home/mariell/go/pkg/mod/github.com/patrickmn/go-cache@v2.1.0+incompatible/cache.go:1079 +0x7b
created by github.com/patrickmn/go-cache.runJanitor in goroutine 9307
	/home/mariell/go/pkg/mod/github.com/patrickmn/go-cache@v2.1.0+incompatible/cache.go:1099 +0xdb

goroutine 24011 [sync.Cond.Wait]:
sync.runtime_notifyListWait(0xc0142c1350, 0xa)
	/usr/lib/go/src/runtime/sema.go:597 +0x159
sync.(*Cond).Wait(0x0?)
	/usr/lib/go/src/sync/cond.go:71 +0x85
github.com/centrifugal/centrifuge/internal/dissolve.(*queueImpl).Wait(0xc012834b60)
	/home/mariell/go/pkg/mod/github.com/centrifugal/centrifuge@v0.33.3/internal/dissolve/queue.go:139 +0x4a
github.com/centrifugal/centrifuge/internal/dissolve.(*Dissolver).runWorker(0xc010117b90)
	/home/mariell/go/pkg/mod/github.com/centrifugal/centrifuge@v0.33.3/internal/dissolve/dissolve.go:52 +0x27
created by github.com/centrifugal/centrifuge/internal/dissolve.(*Dissolver).Run in goroutine 22319
	/home/mariell/go/pkg/mod/github.com/centrifugal/centrifuge@v0.33.3/internal/dissolve/dissolve.go:31 +0x25

goroutine 22854 [IO wait]:
internal/poll.runtime_pollWait(0x7775583a3778, 0x72)
	/usr/lib/go/src/runtime/netpoll.go:351 +0x85
internal/poll.(*pollDesc).wait(0xc00e402400?, 0xc009c1f900?, 0x0)
	/usr/lib/go/src/internal/poll/fd_poll_runtime.go:84 +0x27
internal/poll.(*pollDesc).waitRead(...)
	/usr/lib/go/src/internal/poll/fd_poll_runtime.go:89
internal/poll.(*FD).Read(0xc00e402400, {0xc009c1f900, 0x1300, 0x1300})
	/usr/lib/go/src/internal/poll/fd_unix.go:165 +0x27a
net.(*netFD).Read(0xc00e402400, {0xc009c1f900?, 0xc009c1f900?, 0x5?})
	/usr/lib/go/src/net/fd_posix.go:55 +0x25
net.(*conn).Read(0xc0088a6038, {0xc009c1f900?, 0x7775591647a0?, 0x7775a8b28f30?})
	/usr/lib/go/src/net/net.go:194 +0x45
crypto/tls.(*atLeastReader).Read(0xc00ef38678, {0xc009c1f900?, 0x12fb?, 0x1?})
	/usr/lib/go/src/crypto/tls/conn.go:809 +0x3b
bytes.(*Buffer).ReadFrom(0xc00e44a2b8, {0xa94e300, 0xc00ef38678})
	/usr/lib/go/src/bytes/buffer.go:211 +0x98
crypto/tls.(*Conn).readFromUntil(0xc00e44a008, {0xa94dc00, 0xc0088a6038}, 0x444af4?)
	/usr/lib/go/src/crypto/tls/conn.go:831 +0xde
crypto/tls.(*Conn).readRecordOrCCS(0xc00e44a008, 0x0)
	/usr/lib/go/src/crypto/tls/conn.go:629 +0x3cf
crypto/tls.(*Conn).readRecord(...)
	/usr/lib/go/src/crypto/tls/conn.go:591
crypto/tls.(*Conn).Read(0xc00e44a008, {0xc00e555000, 0x1000, 0xc00e48c8d0?})
	/usr/lib/go/src/crypto/tls/conn.go:1385 +0x145
net/http.(*persistConn).Read(0xc00e4ea000, {0xc00e555000?, 0x81fe45?, 0xa94be80?})
	/usr/lib/go/src/net/http/transport.go:2122 +0x47
bufio.(*Reader).fill(0xc013f08a80)
	/usr/lib/go/src/bufio/bufio.go:113 +0x103
bufio.(*Reader).Peek(0xc013f08a80, 0x1)
	/usr/lib/go/src/bufio/bufio.go:152 +0x53
net/http.(*persistConn).readLoop(0xc00e4ea000)
	/usr/lib/go/src/net/http/transport.go:2275 +0x172
created by net/http.(*Transport).dialConn in goroutine 6217
	/usr/lib/go/src/net/http/transport.go:1944 +0x174f

goroutine 12375 [select]:
net/http.(*persistConn).writeLoop(0xc00a94bb00)
	/usr/lib/go/src/net/http/transport.go:2590 +0xe7
created by net/http.(*Transport).dialConn in goroutine 11777
	/usr/lib/go/src/net/http/transport.go:1945 +0x17a5

goroutine 10416 [sync.Cond.Wait]:
sync.runtime_notifyListWait(0xc002b17c10, 0x6)
	/usr/lib/go/src/runtime/sema.go:597 +0x159
sync.(*Cond).Wait(0xc008851fd0?)
	/usr/lib/go/src/sync/cond.go:71 +0x85
github.com/centrifugal/centrifuge/internal/dissolve.(*queueImpl).Wait(0xc004c930a0)
	/home/mariell/go/pkg/mod/github.com/centrifugal/centrifuge@v0.33.3/internal/dissolve/queue.go:139 +0x4a
github.com/centrifugal/centrifuge/internal/dissolve.(*Dissolver).runWorker(0xc000b16930)
	/home/mariell/go/pkg/mod/github.com/centrifugal/centrifuge@v0.33.3/internal/dissolve/dissolve.go:52 +0x27
created by github.com/centrifugal/centrifuge/internal/dissolve.(*Dissolver).Run in goroutine 9307
	/home/mariell/go/pkg/mod/github.com/centrifugal/centrifuge@v0.33.3/internal/dissolve/dissolve.go:31 +0x25

goroutine 27304 [IO wait]:
internal/poll.runtime_pollWait(0x7775581b1958, 0x72)
	/usr/lib/go/src/runtime/netpoll.go:351 +0x85
internal/poll.(*pollDesc).wait(0xc00e744400?, 0xc01482d900?, 0x0)
	/usr/lib/go/src/internal/poll/fd_poll_runtime.go:84 +0x27
internal/poll.(*pollDesc).waitRead(...)
	/usr/lib/go/src/internal/poll/fd_poll_runtime.go:89
internal/poll.(*FD).Read(0xc00e744400, {0xc01482d900, 0x1300, 0x1300})
	/usr/lib/go/src/internal/poll/fd_unix.go:165 +0x27a
net.(*netFD).Read(0xc00e744400, {0xc01482d900?, 0x5?, 0x5?})
	/usr/lib/go/src/net/fd_posix.go:55 +0x25
net.(*conn).Read(0xc005df6098, {0xc01482d900?, 0x777558fbf5b8?, 0x7775a8b28a78?})
	/usr/lib/go/src/net/net.go:194 +0x45
crypto/tls.(*atLeastReader).Read(0xc003cffe60, {0xc01482d900?, 0x11abda20?, 0xc00e5089c8?})
	/usr/lib/go/src/crypto/tls/conn.go:809 +0x3b
bytes.(*Buffer).ReadFrom(0xc00ed0a2b8, {0xa94e300, 0xc003cffe60})
	/usr/lib/go/src/bytes/buffer.go:211 +0x98
crypto/tls.(*Conn).readFromUntil(0xc00ed0a008, {0xa94dc00, 0xc005df6098}, 0x444af4?)
	/usr/lib/go/src/crypto/tls/conn.go:831 +0xde
crypto/tls.(*Conn).readRecordOrCCS(0xc00ed0a008, 0x0)
	/usr/lib/go/src/crypto/tls/conn.go:629 +0x3cf
crypto/tls.(*Conn).readRecord(...)
	/usr/lib/go/src/crypto/tls/conn.go:591
crypto/tls.(*Conn).Read(0xc00ed0a008, {0xc00f76a000, 0x1000, 0xc01450d320?})
	/usr/lib/go/src/crypto/tls/conn.go:1385 +0x145
net/http.(*persistConn).Read(0xc0043717a0, {0xc00f76a000?, 0x81fe45?, 0xa94be80?})
	/usr/lib/go/src/net/http/transport.go:2122 +0x47
bufio.(*Reader).fill(0xc00f73d140)
	/usr/lib/go/src/bufio/bufio.go:113 +0x103
bufio.(*Reader).Peek(0xc00f73d140, 0x1)
	/usr/lib/go/src/bufio/bufio.go:152 +0x53
net/http.(*persistConn).readLoop(0xc0043717a0)
	/usr/lib/go/src/net/http/transport.go:2275 +0x172
created by net/http.(*Transport).dialConn in goroutine 26600
	/usr/lib/go/src/net/http/transport.go:1944 +0x174f

goroutine 28529 [select]:
github.com/centrifugal/centrifuge.(*historyHub).expireStreams(0xc00d87cd80)
	/home/mariell/go/pkg/mod/github.com/centrifugal/centrifuge@v0.33.3/broker_memory.go:298 +0x75
created by github.com/centrifugal/centrifuge.(*historyHub).runCleanups in goroutine 27309
	/home/mariell/go/pkg/mod/github.com/centrifugal/centrifuge@v0.33.3/broker_memory.go:252 +0x56

goroutine 13521 [sync.Cond.Wait]:
sync.runtime_notifyListWait(0xc00359a490, 0x33)
	/usr/lib/go/src/runtime/sema.go:597 +0x159
sync.(*Cond).Wait(0x0?)
	/usr/lib/go/src/sync/cond.go:71 +0x85
github.com/centrifugal/centrifuge/internal/dissolve.(*queueImpl).Wait(0xc0071d3500)
	/home/mariell/go/pkg/mod/github.com/centrifugal/centrifuge@v0.33.3/internal/dissolve/queue.go:139 +0x4a
github.com/centrifugal/centrifuge/internal/dissolve.(*Dissolver).runWorker(0xc008da47c8)
	/home/mariell/go/pkg/mod/github.com/centrifugal/centrifuge@v0.33.3/internal/dissolve/dissolve.go:52 +0x27
created by github.com/centrifugal/centrifuge/internal/dissolve.(*Dissolver).Run in goroutine 12330
	/home/mariell/go/pkg/mod/github.com/centrifugal/centrifuge@v0.33.3/internal/dissolve/dissolve.go:31 +0x25

goroutine 14623 [select]:
github.com/patrickmn/go-cache.(*janitor).Run(0xc009501b00, 0xc008de5640)
	/home/mariell/go/pkg/mod/github.com/patrickmn/go-cache@v2.1.0+incompatible/cache.go:1079 +0x7b
created by github.com/patrickmn/go-cache.runJanitor in goroutine 13738
	/home/mariell/go/pkg/mod/github.com/patrickmn/go-cache@v2.1.0+incompatible/cache.go:1099 +0xdb

goroutine 7817 [sync.Cond.Wait]:
sync.runtime_notifyListWait(0xc0082fe010, 0x3)
	/usr/lib/go/src/runtime/sema.go:597 +0x159
sync.(*Cond).Wait(0x0?)
	/usr/lib/go/src/sync/cond.go:71 +0x85
github.com/centrifugal/centrifuge/internal/dissolve.(*queueImpl).Wait(0xc0088a18f0)
	/home/mariell/go/pkg/mod/github.com/centrifugal/centrifuge@v0.33.3/internal/dissolve/queue.go:139 +0x4a
github.com/centrifugal/centrifuge/internal/dissolve.(*Dissolver).runWorker(0xc003c41ef0)
	/home/mariell/go/pkg/mod/github.com/centrifugal/centrifuge@v0.33.3/internal/dissolve/dissolve.go:52 +0x27
created by github.com/centrifugal/centrifuge/internal/dissolve.(*Dissolver).Run in goroutine 10841
	/home/mariell/go/pkg/mod/github.com/centrifugal/centrifuge@v0.33.3/internal/dissolve/dissolve.go:31 +0x25

goroutine 8786 [chan receive]:
github.com/grafana/grafana/pkg/storage/unified/resource.(*server).initWatcher.func1.1()
	/home/mariell/work/oss/grafana/pkg/storage/unified/resource/server.go:922 +0x58
created by github.com/grafana/grafana/pkg/storage/unified/resource.(*server).initWatcher.func1 in goroutine 7705
	/home/mariell/work/oss/grafana/pkg/storage/unified/resource/server.go:921 +0xaa

goroutine 13597 [select]:
github.com/patrickmn/go-cache.(*janitor).Run(0xc00374fd90, 0xc00447b380)
	/home/mariell/go/pkg/mod/github.com/patrickmn/go-cache@v2.1.0+incompatible/cache.go:1079 +0x7b
created by github.com/patrickmn/go-cache.runJanitor in goroutine 12330
	/home/mariell/go/pkg/mod/github.com/patrickmn/go-cache@v2.1.0+incompatible/cache.go:1099 +0xdb

goroutine 8747 [select]:
github.com/patrickmn/go-cache.(*janitor).Run(0xc008bf7e80, 0xc006d0ae80)
	/home/mariell/go/pkg/mod/github.com/patrickmn/go-cache@v2.1.0+incompatible/cache.go:1079 +0x7b
created by github.com/patrickmn/go-cache.runJanitor in goroutine 7705
	/home/mariell/go/pkg/mod/github.com/patrickmn/go-cache@v2.1.0+incompatible/cache.go:1099 +0xdb

goroutine 10639 [select]:
github.com/patrickmn/go-cache.(*janitor).Run(0xc0034eae90, 0xc002c80140)
	/home/mariell/go/pkg/mod/github.com/patrickmn/go-cache@v2.1.0+incompatible/cache.go:1079 +0x7b
created by github.com/patrickmn/go-cache.runJanitor in goroutine 9307
	/home/mariell/go/pkg/mod/github.com/patrickmn/go-cache@v2.1.0+incompatible/cache.go:1099 +0xdb

goroutine 42078 [sync.Cond.Wait]:
sync.runtime_notifyListWait(0xc01bc03e10, 0x1c)
	/usr/lib/go/src/runtime/sema.go:597 +0x159
sync.(*Cond).Wait(0x0?)
	/usr/lib/go/src/sync/cond.go:71 +0x85
github.com/centrifugal/centrifuge/internal/dissolve.(*queueImpl).Wait(0xc01e10aa10)
	/home/mariell/go/pkg/mod/github.com/centrifugal/centrifuge@v0.33.3/internal/dissolve/queue.go:139 +0x4a
github.com/centrifugal/centrifuge/internal/dissolve.(*Dissolver).runWorker(0xc0122187e0)
	/home/mariell/go/pkg/mod/github.com/centrifugal/centrifuge@v0.33.3/internal/dissolve/dissolve.go:52 +0x27
created by github.com/centrifugal/centrifuge/internal/dissolve.(*Dissolver).Run in goroutine 40816
	/home/mariell/go/pkg/mod/github.com/centrifugal/centrifuge@v0.33.3/internal/dissolve/dissolve.go:31 +0x25

goroutine 7818 [sync.Cond.Wait]:
sync.runtime_notifyListWait(0xc0082fe010, 0x4)
	/usr/lib/go/src/runtime/sema.go:597 +0x159
sync.(*Cond).Wait(0xc005e1ffd0?)
	/usr/lib/go/src/sync/cond.go:71 +0x85
github.com/centrifugal/centrifuge/internal/dissolve.(*queueImpl).Wait(0xc0088a18f0)
	/home/mariell/go/pkg/mod/github.com/centrifugal/centrifuge@v0.33.3/internal/dissolve/queue.go:139 +0x4a
github.com/centrifugal/centrifuge/internal/dissolve.(*Dissolver).runWorker(0xc003c41ef0)
	/home/mariell/go/pkg/mod/github.com/centrifugal/centrifuge@v0.33.3/internal/dissolve/dissolve.go:52 +0x27
created by github.com/centrifugal/centrifuge/internal/dissolve.(*Dissolver).Run in goroutine 10841
	/home/mariell/go/pkg/mod/github.com/centrifugal/centrifuge@v0.33.3/internal/dissolve/dissolve.go:31 +0x25

goroutine 8787 [select]:
github.com/grafana/grafana/pkg/storage/unified/resource.(*cache[...]).run(0xc006c6f000)
	/home/mariell/work/oss/grafana/pkg/storage/unified/resource/broadcaster.go:291 +0xb0
created by github.com/grafana/grafana/pkg/storage/unified/resource.newChannelCache[...] in goroutine 7705
	/home/mariell/work/oss/grafana/pkg/storage/unified/resource/broadcaster.go:276 +0x189

goroutine 19011 [select]:
github.com/grafana/grafana/pkg/storage/unified/resource.(*broadcaster[...]).stream(0xab113a0, 0xc008184a80)
	/home/mariell/work/oss/grafana/pkg/storage/unified/resource/broadcaster.go:205 +0x13d
created by github.com/grafana/grafana/pkg/storage/unified/resource.(*broadcaster[...]).init in goroutine 18215
	/home/mariell/work/oss/grafana/pkg/storage/unified/resource/broadcaster.go:177 +0x219

goroutine 10732 [select]:
net/http.(*persistConn).writeLoop(0xc002d7a240)
	/usr/lib/go/src/net/http/transport.go:2590 +0xe7
created by net/http.(*Transport).dialConn in goroutine 10758
	/usr/lib/go/src/net/http/transport.go:1945 +0x17a5

goroutine 17892 [sync.Cond.Wait]:
sync.runtime_notifyListWait(0xc009ff2dd0, 0x0)
	/usr/lib/go/src/runtime/sema.go:597 +0x159
sync.(*Cond).Wait(0xc00c54efd0?)
	/usr/lib/go/src/sync/cond.go:71 +0x85
github.com/centrifugal/centrifuge/internal/dissolve.(*queueImpl).Wait(0xc00958cb60)
	/home/mariell/go/pkg/mod/github.com/centrifugal/centrifuge@v0.33.3/internal/dissolve/queue.go:139 +0x4a
github.com/centrifugal/centrifuge/internal/dissolve.(*Dissolver).runWorker(0xc0029ba528)
	/home/mariell/go/pkg/mod/github.com/centrifugal/centrifuge@v0.33.3/internal/dissolve/dissolve.go:52 +0x27
created by github.com/centrifugal/centrifuge/internal/dissolve.(*Dissolver).Run in goroutine 13128
	/home/mariell/go/pkg/mod/github.com/centrifugal/centrifuge@v0.33.3/internal/dissolve/dissolve.go:31 +0x25

goroutine 25903 [IO wait]:
internal/poll.runtime_pollWait(0x7775581b1a70, 0x72)
	/usr/lib/go/src/runtime/netpoll.go:351 +0x85
internal/poll.(*pollDesc).wait(0xc00db2d180?, 0xc01482a000?, 0x0)
	/usr/lib/go/src/internal/poll/fd_poll_runtime.go:84 +0x27
internal/poll.(*pollDesc).waitRead(...)
	/usr/lib/go/src/internal/poll/fd_poll_runtime.go:89
internal/poll.(*FD).Read(0xc00db2d180, {0xc01482a000, 0x1300, 0x1300})
	/usr/lib/go/src/internal/poll/fd_unix.go:165 +0x27a
net.(*netFD).Read(0xc00db2d180, {0xc01482a000?, 0xc000e10808?, 0xc0109c96e0?})
	/usr/lib/go/src/net/fd_posix.go:55 +0x25
net.(*conn).Read(0xc010a02208, {0xc01482a000?, 0x77756038b528?, 0x7775a8b2ab80?})
	/usr/lib/go/src/net/net.go:194 +0x45
crypto/tls.(*atLeastReader).Read(0xc011081368, {0xc01482a000?, 0x2a?, 0x5?})
	/usr/lib/go/src/crypto/tls/conn.go:809 +0x3b
bytes.(*Buffer).ReadFrom(0xc013f95b38, {0xa94e300, 0xc011081368})
	/usr/lib/go/src/bytes/buffer.go:211 +0x98
crypto/tls.(*Conn).readFromUntil(0xc013f95888, {0xa94dc00, 0xc010a02208}, 0x444af4?)
	/usr/lib/go/src/crypto/tls/conn.go:831 +0xde
crypto/tls.(*Conn).readRecordOrCCS(0xc013f95888, 0x0)
	/usr/lib/go/src/crypto/tls/conn.go:629 +0x3cf
crypto/tls.(*Conn).readRecord(...)
	/usr/lib/go/src/crypto/tls/conn.go:591
crypto/tls.(*Conn).Read(0xc013f95888, {0xc01477c000, 0x1000, 0x7775a8b2ab80?})
	/usr/lib/go/src/crypto/tls/conn.go:1385 +0x145
net/http.(*persistConn).Read(0xc005b998c0, {0xc01477c000?, 0x4141c5?, 0x68?})
	/usr/lib/go/src/net/http/transport.go:2122 +0x47
bufio.(*Reader).fill(0xc014753020)
	/usr/lib/go/src/bufio/bufio.go:113 +0x103
bufio.(*Reader).Peek(0xc014753020, 0x1)
	/usr/lib/go/src/bufio/bufio.go:152 +0x53
net/http.(*persistConn).readLoop(0xc005b998c0)
	/usr/lib/go/src/net/http/transport.go:2275 +0x172
created by net/http.(*Transport).dialConn in goroutine 25842
	/usr/lib/go/src/net/http/transport.go:1944 +0x174f

goroutine 11955 [select]:
github.com/FZambia/eagle.(*Eagle).aggregate(0xc003668af0)
	/home/mariell/go/pkg/mod/github.com/!f!zambia/eagle@v0.1.0/eagle.go:210 +0x6d
created by github.com/FZambia/eagle.New in goroutine 10841
	/home/mariell/go/pkg/mod/github.com/!f!zambia/eagle@v0.1.0/eagle.go:66 +0x176

goroutine 13098 [select]:
github.com/patrickmn/go-cache.(*janitor).Run(0xc00ad0acf0, 0xc00853e280)
	/home/mariell/go/pkg/mod/github.com/patrickmn/go-cache@v2.1.0+incompatible/cache.go:1079 +0x7b
created by github.com/patrickmn/go-cache.runJanitor in goroutine 12330
	/home/mariell/go/pkg/mod/github.com/patrickmn/go-cache@v2.1.0+incompatible/cache.go:1099 +0xdb

goroutine 9300 [select]:
net/http.(*persistConn).writeLoop(0xc004916fc0)
	/usr/lib/go/src/net/http/transport.go:2590 +0xe7
created by net/http.(*Transport).dialConn in goroutine 9161
	/usr/lib/go/src/net/http/transport.go:1945 +0x17a5

goroutine 27044 [sync.Cond.Wait]:
sync.runtime_notifyListWait(0xc00d5304d0, 0x1f)
	/usr/lib/go/src/runtime/sema.go:597 +0x159
sync.(*Cond).Wait(0x797361283d746e65?)
	/usr/lib/go/src/sync/cond.go:71 +0x85
github.com/centrifugal/centrifuge/internal/dissolve.(*queueImpl).Wait(0xc00dc00930)
	/home/mariell/go/pkg/mod/github.com/centrifugal/centrifuge@v0.33.3/internal/dissolve/queue.go:139 +0x4a
github.com/centrifugal/centrifuge/internal/dissolve.(*Dissolver).runWorker(0xc0128109a8)
	/home/mariell/go/pkg/mod/github.com/centrifugal/centrifuge@v0.33.3/internal/dissolve/dissolve.go:52 +0x27
created by github.com/centrifugal/centrifuge/internal/dissolve.(*Dissolver).Run in goroutine 24637
	/home/mariell/go/pkg/mod/github.com/centrifugal/centrifuge@v0.33.3/internal/dissolve/dissolve.go:31 +0x25

goroutine 14870 [sync.Cond.Wait]:
sync.runtime_notifyListWait(0xc00cfe9cd0, 0x1a)
	/usr/lib/go/src/runtime/sema.go:597 +0x159
sync.(*Cond).Wait(0x0?)
	/usr/lib/go/src/sync/cond.go:71 +0x85
github.com/centrifugal/centrifuge/internal/dissolve.(*queueImpl).Wait(0xc00c22f1f0)
	/home/mariell/go/pkg/mod/github.com/centrifugal/centrifuge@v0.33.3/internal/dissolve/queue.go:139 +0x4a
github.com/centrifugal/centrifuge/internal/dissolve.(*Dissolver).runWorker(0xc0034e9ed8)
	/home/mariell/go/pkg/mod/github.com/centrifugal/centrifuge@v0.33.3/internal/dissolve/dissolve.go:52 +0x27
created by github.com/centrifugal/centrifuge/internal/dissolve.(*Dissolver).Run in goroutine 13738
	/home/mariell/go/pkg/mod/github.com/centrifugal/centrifuge@v0.33.3/internal/dissolve/dissolve.go:31 +0x25

goroutine 10460 [sync.Cond.Wait]:
sync.runtime_notifyListWait(0xc002b17c10, 0x12)
	/usr/lib/go/src/runtime/sema.go:597 +0x159
sync.(*Cond).Wait(0x0?)
	/usr/lib/go/src/sync/cond.go:71 +0x85
github.com/centrifugal/centrifuge/internal/dissolve.(*queueImpl).Wait(0xc004c930a0)
	/home/mariell/go/pkg/mod/github.com/centrifugal/centrifuge@v0.33.3/internal/dissolve/queue.go:139 +0x4a
github.com/centrifugal/centrifuge/internal/dissolve.(*Dissolver).runWorker(0xc000b16930)
	/home/mariell/go/pkg/mod/github.com/centrifugal/centrifuge@v0.33.3/internal/dissolve/dissolve.go:52 +0x27
created by github.com/centrifugal/centrifuge/internal/dissolve.(*Dissolver).Run in goroutine 9307
	/home/mariell/go/pkg/mod/github.com/centrifugal/centrifuge@v0.33.3/internal/dissolve/dissolve.go:31 +0x25

goroutine 10457 [sync.Cond.Wait]:
sync.runtime_notifyListWait(0xc002b17c10, 0xf)
	/usr/lib/go/src/runtime/sema.go:597 +0x159
sync.(*Cond).Wait(0x0?)
	/usr/lib/go/src/sync/cond.go:71 +0x85
github.com/centrifugal/centrifuge/internal/dissolve.(*queueImpl).Wait(0xc004c930a0)
	/home/mariell/go/pkg/mod/github.com/centrifugal/centrifuge@v0.33.3/internal/dissolve/queue.go:139 +0x4a
github.com/centrifugal/centrifuge/internal/dissolve.(*Dissolver).runWorker(0xc000b16930)
	/home/mariell/go/pkg/mod/github.com/centrifugal/centrifuge@v0.33.3/internal/dissolve/dissolve.go:52 +0x27
created by github.com/centrifugal/centrifuge/internal/dissolve.(*Dissolver).Run in goroutine 9307
	/home/mariell/go/pkg/mod/github.com/centrifugal/centrifuge@v0.33.3/internal/dissolve/dissolve.go:31 +0x25

goroutine 28948 [select]:
github.com/grafana/grafana/pkg/storage/unified/resource.(*broadcaster[...]).stream(0xab113a0, 0xc010a9e2a0)
	/home/mariell/work/oss/grafana/pkg/storage/unified/resource/broadcaster.go:205 +0x13d
created by github.com/grafana/grafana/pkg/storage/unified/resource.(*broadcaster[...]).init in goroutine 28838
	/home/mariell/work/oss/grafana/pkg/storage/unified/resource/broadcaster.go:177 +0x219

goroutine 12364 [IO wait]:
internal/poll.runtime_pollWait(0x7775593b87f0, 0x72)
	/usr/lib/go/src/runtime/netpoll.go:351 +0x85
internal/poll.(*pollDesc).wait(0xc006582480?, 0xc006b00000?, 0x0)
	/usr/lib/go/src/internal/poll/fd_poll_runtime.go:84 +0x27
internal/poll.(*pollDesc).waitRead(...)
	/usr/lib/go/src/internal/poll/fd_poll_runtime.go:89
internal/poll.(*FD).Read(0xc006582480, {0xc006b00000, 0x1300, 0x1300})
	/usr/lib/go/src/internal/poll/fd_unix.go:165 +0x27a
net.(*netFD).Read(0xc006582480, {0xc006b00000?, 0x5?, 0x11ab24c8?})
	/usr/lib/go/src/net/fd_posix.go:55 +0x25
net.(*conn).Read(0xc00830b640, {0xc006b00000?, 0x77756038c928?, 0x7775a8b28f30?})
	/usr/lib/go/src/net/net.go:194 +0x45
crypto/tls.(*atLeastReader).Read(0xc00ab34750, {0xc006b00000?, 0x11abda20?, 0xc004f2f9c8?})
	/usr/lib/go/src/crypto/tls/conn.go:809 +0x3b
bytes.(*Buffer).ReadFrom(0xc007028d38, {0xa94e300, 0xc00ab34750})
	/usr/lib/go/src/bytes/buffer.go:211 +0x98
crypto/tls.(*Conn).readFromUntil(0xc007028a88, {0xa94dc00, 0xc00830b640}, 0x444af4?)
	/usr/lib/go/src/crypto/tls/conn.go:831 +0xde
crypto/tls.(*Conn).readRecordOrCCS(0xc007028a88, 0x0)
	/usr/lib/go/src/crypto/tls/conn.go:629 +0x3cf
crypto/tls.(*Conn).readRecord(...)
	/usr/lib/go/src/crypto/tls/conn.go:591
crypto/tls.(*Conn).Read(0xc007028a88, {0xc004974000, 0x1000, 0xc006422d80?})
	/usr/lib/go/src/crypto/tls/conn.go:1385 +0x145
net/http.(*persistConn).Read(0xc00a959680, {0xc004974000?, 0x81fe45?, 0xa94be80?})
	/usr/lib/go/src/net/http/transport.go:2122 +0x47
bufio.(*Reader).fill(0xc004356fc0)
	/usr/lib/go/src/bufio/bufio.go:113 +0x103
bufio.(*Reader).Peek(0xc004356fc0, 0x1)
	/usr/lib/go/src/bufio/bufio.go:152 +0x53
net/http.(*persistConn).readLoop(0xc00a959680)
	/usr/lib/go/src/net/http/transport.go:2275 +0x172
created by net/http.(*Transport).dialConn in goroutine 12261
	/usr/lib/go/src/net/http/transport.go:1944 +0x174f

goroutine 9283 [select]:
net/http.(*persistConn).writeLoop(0xc0023818c0)
	/usr/lib/go/src/net/http/transport.go:2590 +0xe7
created by net/http.(*Transport).dialConn in goroutine 9197
	/usr/lib/go/src/net/http/transport.go:1945 +0x17a5

goroutine 13517 [sync.Cond.Wait]:
sync.runtime_notifyListWait(0xc00359a490, 0x1e)
	/usr/lib/go/src/runtime/sema.go:597 +0x159
sync.(*Cond).Wait(0x0?)
	/usr/lib/go/src/sync/cond.go:71 +0x85
github.com/centrifugal/centrifuge/internal/dissolve.(*queueImpl).Wait(0xc0071d3500)
	/home/mariell/go/pkg/mod/github.com/centrifugal/centrifuge@v0.33.3/internal/dissolve/queue.go:139 +0x4a
github.com/centrifugal/centrifuge/internal/dissolve.(*Dissolver).runWorker(0xc008da47c8)
	/home/mariell/go/pkg/mod/github.com/centrifugal/centrifuge@v0.33.3/internal/dissolve/dissolve.go:52 +0x27
created by github.com/centrifugal/centrifuge/internal/dissolve.(*Dissolver).Run in goroutine 12330
	/home/mariell/go/pkg/mod/github.com/centrifugal/centrifuge@v0.33.3/internal/dissolve/dissolve.go:31 +0x25

goroutine 9358 [select]:
k8s.io/apimachinery/pkg/util/wait.BackoffUntil(0xc00a228980, {0xa95ac00, 0xc009d626f0}, 0x1, 0xc001d9e380)
	/home/mariell/go/pkg/mod/k8s.io/apimachinery@v0.32.1/pkg/util/wait/backoff.go:238 +0x12c
k8s.io/apimachinery/pkg/util/wait.JitterUntil(0xc00a228980, 0x3b9aca00, 0x3ff3333333333333, 0x1, 0xc001d9e380)
	/home/mariell/go/pkg/mod/k8s.io/apimachinery@v0.32.1/pkg/util/wait/backoff.go:204 +0x7f
created by k8s.io/apiserver/pkg/registry/generic/registry.(*Store).startObservingCount in goroutine 9202
	/home/mariell/go/pkg/mod/k8s.io/apiserver@v0.32.1/pkg/registry/generic/registry/store.go:1666 +0x2f9

goroutine 16772 [IO wait]:
internal/poll.runtime_pollWait(0x777558f6a758, 0x72)
	/usr/lib/go/src/runtime/netpoll.go:351 +0x85
internal/poll.(*pollDesc).wait(0xc00e9f3200?, 0xc00dc46c00?, 0x0)
	/usr/lib/go/src/internal/poll/fd_poll_runtime.go:84 +0x27
internal/poll.(*pollDesc).waitRead(...)
	/usr/lib/go/src/internal/poll/fd_poll_runtime.go:89
internal/poll.(*FD).Read(0xc00e9f3200, {0xc00dc46c00, 0x1300, 0x1300})
	/usr/lib/go/src/internal/poll/fd_unix.go:165 +0x27a
net.(*netFD).Read(0xc00e9f3200, {0xc00dc46c00?, 0xc00f4c9650?, 0xc00f4c9654?})
	/usr/lib/go/src/net/fd_posix.go:55 +0x25
net.(*conn).Read(0xc009527500, {0xc00dc46c00?, 0x77756008a250?, 0x7775a8b3f718?})
	/usr/lib/go/src/net/net.go:194 +0x45
crypto/tls.(*atLeastReader).Read(0xc0087f5d10, {0xc00dc46c00?, 0xc00f2c6998?, 0xaaa0878?})
	/usr/lib/go/src/crypto/tls/conn.go:809 +0x3b
bytes.(*Buffer).ReadFrom(0xc00f393438, {0xa94e300, 0xc0087f5d10})
	/usr/lib/go/src/bytes/buffer.go:211 +0x98
crypto/tls.(*Conn).readFromUntil(0xc00f393188, {0xa94dc00, 0xc009527500}, 0x444af4?)
	/usr/lib/go/src/crypto/tls/conn.go:831 +0xde
crypto/tls.(*Conn).readRecordOrCCS(0xc00f393188, 0x0)
	/usr/lib/go/src/crypto/tls/conn.go:629 +0x3cf
crypto/tls.(*Conn).readRecord(...)
	/usr/lib/go/src/crypto/tls/conn.go:591
crypto/tls.(*Conn).Read(0xc00f393188, {0xc00f540000, 0x1000, 0x7775a8b3f718?})
	/usr/lib/go/src/crypto/tls/conn.go:1385 +0x145
net/http.(*persistConn).Read(0xc001555d40, {0xc00f540000?, 0x4141c5?, 0x68?})
	/usr/lib/go/src/net/http/transport.go:2122 +0x47
bufio.(*Reader).fill(0xc00f52da40)
	/usr/lib/go/src/bufio/bufio.go:113 +0x103
bufio.(*Reader).Peek(0xc00f52da40, 0x1)
	/usr/lib/go/src/bufio/bufio.go:152 +0x53
net/http.(*persistConn).readLoop(0xc001555d40)
	/usr/lib/go/src/net/http/transport.go:2275 +0x172
created by net/http.(*Transport).dialConn in goroutine 16678
	/usr/lib/go/src/net/http/transport.go:1944 +0x174f

goroutine 14906 [sync.Cond.Wait]:
sync.runtime_notifyListWait(0xc00cfe9cd0, 0x3c)
	/usr/lib/go/src/runtime/sema.go:597 +0x159
sync.(*Cond).Wait(0x0?)
	/usr/lib/go/src/sync/cond.go:71 +0x85
github.com/centrifugal/centrifuge/internal/dissolve.(*queueImpl).Wait(0xc00c22f1f0)
	/home/mariell/go/pkg/mod/github.com/centrifugal/centrifuge@v0.33.3/internal/dissolve/queue.go:139 +0x4a
github.com/centrifugal/centrifuge/internal/dissolve.(*Dissolver).runWorker(0xc0034e9ed8)
	/home/mariell/go/pkg/mod/github.com/centrifugal/centrifuge@v0.33.3/internal/dissolve/dissolve.go:52 +0x27
created by github.com/centrifugal/centrifuge/internal/dissolve.(*Dissolver).Run in goroutine 13738
	/home/mariell/go/pkg/mod/github.com/centrifugal/centrifuge@v0.33.3/internal/dissolve/dissolve.go:31 +0x25

goroutine 20938 [select]:
github.com/centrifugal/centrifuge.(*Node).initMetrics.func1()
	/home/mariell/go/pkg/mod/github.com/centrifugal/centrifuge@v0.33.3/node.go:365 +0x8a
created by github.com/centrifugal/centrifuge.(*Node).initMetrics in goroutine 19735
	/home/mariell/go/pkg/mod/github.com/centrifugal/centrifuge@v0.33.3/node.go:363 +0x1f9

goroutine 13617 [IO wait]:
internal/poll.runtime_pollWait(0x7775593b85c0, 0x72)
	/usr/lib/go/src/runtime/netpoll.go:351 +0x85
internal/poll.(*pollDesc).wait(0xc00a1bc200?, 0xc006b01300?, 0x0)
	/usr/lib/go/src/internal/poll/fd_poll_runtime.go:84 +0x27
internal/poll.(*pollDesc).waitRead(...)
	/usr/lib/go/src/internal/poll/fd_poll_runtime.go:89
internal/poll.(*FD).Read(0xc00a1bc200, {0xc006b01300, 0x1300, 0x1300})
	/usr/lib/go/src/internal/poll/fd_unix.go:165 +0x27a
net.(*netFD).Read(0xc00a1bc200, {0xc006b01300?, 0xe0?, 0xc000e10008?})
	/usr/lib/go/src/net/fd_posix.go:55 +0x25
net.(*conn).Read(0xc00ebe8278, {0xc006b01300?, 0x77755938af80?, 0x7775a8b28f30?})
	/usr/lib/go/src/net/net.go:194 +0x45
crypto/tls.(*atLeastReader).Read(0xc008ca4678, {0xc006b01300?, 0xc006f3e540?, 0xc006f7f9a0?})
	/usr/lib/go/src/crypto/tls/conn.go:809 +0x3b
bytes.(*Buffer).ReadFrom(0xc006fc69b8, {0xa94e300, 0xc008ca4678})
	/usr/lib/go/src/bytes/buffer.go:211 +0x98
crypto/tls.(*Conn).readFromUntil(0xc006fc6708, {0xa94dc00, 0xc00ebe8278}, 0x444af4?)
	/usr/lib/go/src/crypto/tls/conn.go:831 +0xde
crypto/tls.(*Conn).readRecordOrCCS(0xc006fc6708, 0x0)
	/usr/lib/go/src/crypto/tls/conn.go:629 +0x3cf
crypto/tls.(*Conn).readRecord(...)
	/usr/lib/go/src/crypto/tls/conn.go:591
crypto/tls.(*Conn).Read(0xc006fc6708, {0xc007522000, 0x1000, 0x7775a8b28f30?})
	/usr/lib/go/src/crypto/tls/conn.go:1385 +0x145
net/http.(*persistConn).Read(0xc0051390e0, {0xc007522000?, 0x4141c5?, 0x68?})
	/usr/lib/go/src/net/http/transport.go:2122 +0x47
bufio.(*Reader).fill(0xc004f103c0)
	/usr/lib/go/src/bufio/bufio.go:113 +0x103
bufio.(*Reader).Peek(0xc004f103c0, 0x1)
	/usr/lib/go/src/bufio/bufio.go:152 +0x53
net/http.(*persistConn).readLoop(0xc0051390e0)
	/usr/lib/go/src/net/http/transport.go:2275 +0x172
created by net/http.(*Transport).dialConn in goroutine 13733
	/usr/lib/go/src/net/http/transport.go:1944 +0x174f

goroutine 7855 [select]:
net/http.(*persistConn).writeLoop(0xc0035c8360)
	/usr/lib/go/src/net/http/transport.go:2590 +0xe7
created by net/http.(*Transport).dialConn in goroutine 8720
	/usr/lib/go/src/net/http/transport.go:1945 +0x17a5

goroutine 27427 [select]:
net/http.(*persistConn).writeLoop(0xc0059ca360)
	/usr/lib/go/src/net/http/transport.go:2590 +0xe7
created by net/http.(*Transport).dialConn in goroutine 27389
	/usr/lib/go/src/net/http/transport.go:1945 +0x17a5

goroutine 7854 [IO wait]:
internal/poll.runtime_pollWait(0x7775591d1350, 0x72)
	/usr/lib/go/src/runtime/netpoll.go:351 +0x85
internal/poll.(*pollDesc).wait(0xc009305300?, 0xc001a83900?, 0x0)
	/usr/lib/go/src/internal/poll/fd_poll_runtime.go:84 +0x27
internal/poll.(*pollDesc).waitRead(...)
	/usr/lib/go/src/internal/poll/fd_poll_runtime.go:89
internal/poll.(*FD).Read(0xc009305300, {0xc001a83900, 0x1300, 0x1300})
	/usr/lib/go/src/internal/poll/fd_unix.go:165 +0x27a
net.(*netFD).Read(0xc009305300, {0xc001a83900?, 0x7775593a3350?, 0x6?})
	/usr/lib/go/src/net/fd_posix.go:55 +0x25
net.(*conn).Read(0xc009284848, {0xc001a83900?, 0x7775593a3350?, 0x7775a8b293e8?})
	/usr/lib/go/src/net/net.go:194 +0x45
crypto/tls.(*atLeastReader).Read(0xc004695e48, {0xc001a83900?, 0x11abda20?, 0xc0095089d0?})
	/usr/lib/go/src/crypto/tls/conn.go:809 +0x3b
bytes.(*Buffer).ReadFrom(0xc0094d30b8, {0xa94e300, 0xc004695e48})
	/usr/lib/go/src/bytes/buffer.go:211 +0x98
crypto/tls.(*Conn).readFromUntil(0xc0094d2e08, {0xa94dc00, 0xc009284848}, 0x444af4?)
	/usr/lib/go/src/crypto/tls/conn.go:831 +0xde
crypto/tls.(*Conn).readRecordOrCCS(0xc0094d2e08, 0x0)
	/usr/lib/go/src/crypto/tls/conn.go:629 +0x3cf
crypto/tls.(*Conn).readRecord(...)
	/usr/lib/go/src/crypto/tls/conn.go:591
crypto/tls.(*Conn).Read(0xc0094d2e08, {0xc009593000, 0x1000, 0x7775a8b293e8?})
	/usr/lib/go/src/crypto/tls/conn.go:1385 +0x145
net/http.(*persistConn).Read(0xc0035c8360, {0xc009593000?, 0x4141c5?, 0x68?})
	/usr/lib/go/src/net/http/transport.go:2122 +0x47
bufio.(*Reader).fill(0xc005a52600)
	/usr/lib/go/src/bufio/bufio.go:113 +0x103
bufio.(*Reader).Peek(0xc005a52600, 0x1)
	/usr/lib/go/src/bufio/bufio.go:152 +0x53
net/http.(*persistConn).readLoop(0xc0035c8360)
	/usr/lib/go/src/net/http/transport.go:2275 +0x172
created by net/http.(*Transport).dialConn in goroutine 8720
	/usr/lib/go/src/net/http/transport.go:1944 +0x174f

goroutine 9302 [select]:
net/http.(*persistConn).writeLoop(0xc002336d80)
	/usr/lib/go/src/net/http/transport.go:2590 +0xe7
created by net/http.(*Transport).dialConn in goroutine 9314
	/usr/lib/go/src/net/http/transport.go:1945 +0x17a5

goroutine 10399 [select]:
github.com/patrickmn/go-cache.(*janitor).Run(0xc003528b50, 0xc0022d94c0)
	/home/mariell/go/pkg/mod/github.com/patrickmn/go-cache@v2.1.0+incompatible/cache.go:1079 +0x7b
created by github.com/patrickmn/go-cache.runJanitor in goroutine 9307
	/home/mariell/go/pkg/mod/github.com/patrickmn/go-cache@v2.1.0+incompatible/cache.go:1099 +0xdb

goroutine 13473 [sync.Cond.Wait]:
sync.runtime_notifyListWait(0xc00359a490, 0x3)
	/usr/lib/go/src/runtime/sema.go:597 +0x159
sync.(*Cond).Wait(0x0?)
	/usr/lib/go/src/sync/cond.go:71 +0x85
github.com/centrifugal/centrifuge/internal/dissolve.(*queueImpl).Wait(0xc0071d3500)
	/home/mariell/go/pkg/mod/github.com/centrifugal/centrifuge@v0.33.3/internal/dissolve/queue.go:139 +0x4a
github.com/centrifugal/centrifuge/internal/dissolve.(*Dissolver).runWorker(0xc008da47c8)
	/home/mariell/go/pkg/mod/github.com/centrifugal/centrifuge@v0.33.3/internal/dissolve/dissolve.go:52 +0x27
created by github.com/centrifugal/centrifuge/internal/dissolve.(*Dissolver).Run in goroutine 12330
	/home/mariell/go/pkg/mod/github.com/centrifugal/centrifuge@v0.33.3/internal/dissolve/dissolve.go:31 +0x25

goroutine 9356 [select]:
k8s.io/apimachinery/pkg/util/wait.BackoffUntil(0xc00a228780, {0xa95ac00, 0xc00a188060}, 0x1, 0xc001d9e1c0)
	/home/mariell/go/pkg/mod/k8s.io/apimachinery@v0.32.1/pkg/util/wait/backoff.go:238 +0x12c
k8s.io/apimachinery/pkg/util/wait.JitterUntil(0xc00a228780, 0x3b9aca00, 0x3ff3333333333333, 0x1, 0xc001d9e1c0)
	/home/mariell/go/pkg/mod/k8s.io/apimachinery@v0.32.1/pkg/util/wait/backoff.go:204 +0x7f
created by k8s.io/apiserver/pkg/registry/generic/registry.(*Store).startObservingCount in goroutine 9202
	/home/mariell/go/pkg/mod/k8s.io/apiserver@v0.32.1/pkg/registry/generic/registry/store.go:1666 +0x2f9

goroutine 9169 [select]:
net/http.(*persistConn).writeLoop(0xc002656c60)
	/usr/lib/go/src/net/http/transport.go:2590 +0xe7
created by net/http.(*Transport).dialConn in goroutine 9200
	/usr/lib/go/src/net/http/transport.go:1945 +0x17a5

goroutine 12021 [sync.Cond.Wait]:
sync.runtime_notifyListWait(0xc0082fe010, 0x3e)
	/usr/lib/go/src/runtime/sema.go:597 +0x159
sync.(*Cond).Wait(0xc00c55bfd0?)
	/usr/lib/go/src/sync/cond.go:71 +0x85
github.com/centrifugal/centrifuge/internal/dissolve.(*queueImpl).Wait(0xc0088a18f0)
	/home/mariell/go/pkg/mod/github.com/centrifugal/centrifuge@v0.33.3/internal/dissolve/queue.go:139 +0x4a
github.com/centrifugal/centrifuge/internal/dissolve.(*Dissolver).runWorker(0xc003c41ef0)
	/home/mariell/go/pkg/mod/github.com/centrifugal/centrifuge@v0.33.3/internal/dissolve/dissolve.go:52 +0x27
created by github.com/centrifugal/centrifuge/internal/dissolve.(*Dissolver).Run in goroutine 10841
	/home/mariell/go/pkg/mod/github.com/centrifugal/centrifuge@v0.33.3/internal/dissolve/dissolve.go:31 +0x25

goroutine 14856 [sync.Cond.Wait]:
sync.runtime_notifyListWait(0xc00cfe9cd0, 0xc)
	/usr/lib/go/src/runtime/sema.go:597 +0x159
sync.(*Cond).Wait(0x0?)
	/usr/lib/go/src/sync/cond.go:71 +0x85
github.com/centrifugal/centrifuge/internal/dissolve.(*queueImpl).Wait(0xc00c22f1f0)
	/home/mariell/go/pkg/mod/github.com/centrifugal/centrifuge@v0.33.3/internal/dissolve/queue.go:139 +0x4a
github.com/centrifugal/centrifuge/internal/dissolve.(*Dissolver).runWorker(0xc0034e9ed8)
	/home/mariell/go/pkg/mod/github.com/centrifugal/centrifuge@v0.33.3/internal/dissolve/dissolve.go:52 +0x27
created by github.com/centrifugal/centrifuge/internal/dissolve.(*Dissolver).Run in goroutine 13738
	/home/mariell/go/pkg/mod/github.com/centrifugal/centrifuge@v0.33.3/internal/dissolve/dissolve.go:31 +0x25

goroutine 10288 [select]:
github.com/patrickmn/go-cache.(*janitor).Run(0xc003c80db0, 0xc004288f40)
	/home/mariell/go/pkg/mod/github.com/patrickmn/go-cache@v2.1.0+incompatible/cache.go:1079 +0x7b
created by github.com/patrickmn/go-cache.runJanitor in goroutine 9307
	/home/mariell/go/pkg/mod/github.com/patrickmn/go-cache@v2.1.0+incompatible/cache.go:1099 +0xdb

goroutine 19019 [select]:
k8s.io/apimachinery/pkg/util/wait.BackoffUntil(0xc0022b1cc0, {0xa95ac00, 0xc00589b8c0}, 0x1, 0xc0048001c0)
	/home/mariell/go/pkg/mod/k8s.io/apimachinery@v0.32.1/pkg/util/wait/backoff.go:238 +0x12c
k8s.io/apimachinery/pkg/util/wait.JitterUntil(0xc0022b1cc0, 0x3b9aca00, 0x3ff3333333333333, 0x1, 0xc0048001c0)
	/home/mariell/go/pkg/mod/k8s.io/apimachinery@v0.32.1/pkg/util/wait/backoff.go:204 +0x7f
created by k8s.io/apiserver/pkg/registry/generic/registry.(*Store).startObservingCount in goroutine 18215
	/home/mariell/go/pkg/mod/k8s.io/apiserver@v0.32.1/pkg/registry/generic/registry/store.go:1666 +0x2f9

goroutine 17891 [sync.Cond.Wait]:
sync.runtime_notifyListWait(0xc009ff2dd0, 0x6)
	/usr/lib/go/src/runtime/sema.go:597 +0x159
sync.(*Cond).Wait(0x0?)
	/usr/lib/go/src/sync/cond.go:71 +0x85
github.com/centrifugal/centrifuge/internal/dissolve.(*queueImpl).Wait(0xc00958cb60)
	/home/mariell/go/pkg/mod/github.com/centrifugal/centrifuge@v0.33.3/internal/dissolve/queue.go:139 +0x4a
github.com/centrifugal/centrifuge/internal/dissolve.(*Dissolver).runWorker(0xc0029ba528)
	/home/mariell/go/pkg/mod/github.com/centrifugal/centrifuge@v0.33.3/internal/dissolve/dissolve.go:52 +0x27
created by github.com/centrifugal/centrifuge/internal/dissolve.(*Dissolver).Run in goroutine 13128
	/home/mariell/go/pkg/mod/github.com/centrifugal/centrifuge@v0.33.3/internal/dissolve/dissolve.go:31 +0x25

goroutine 8788 [select]:
github.com/grafana/grafana/pkg/storage/unified/resource.(*broadcaster[...]).stream(0xab113a0, 0xc008c28000)
	/home/mariell/work/oss/grafana/pkg/storage/unified/resource/broadcaster.go:205 +0x13d
created by github.com/grafana/grafana/pkg/storage/unified/resource.(*broadcaster[...]).init in goroutine 7705
	/home/mariell/work/oss/grafana/pkg/storage/unified/resource/broadcaster.go:177 +0x219

goroutine 22525 [sync.Cond.Wait]:
sync.runtime_notifyListWait(0xc00a914410, 0x37)
	/usr/lib/go/src/runtime/sema.go:597 +0x159
sync.(*Cond).Wait(0x0?)
	/usr/lib/go/src/sync/cond.go:71 +0x85
github.com/centrifugal/centrifuge/internal/dissolve.(*queueImpl).Wait(0xc00de6dab0)
	/home/mariell/go/pkg/mod/github.com/centrifugal/centrifuge@v0.33.3/internal/dissolve/queue.go:139 +0x4a
github.com/centrifugal/centrifuge/internal/dissolve.(*Dissolver).runWorker(0xc00e20d1e8)
	/home/mariell/go/pkg/mod/github.com/centrifugal/centrifuge@v0.33.3/internal/dissolve/dissolve.go:52 +0x27
created by github.com/centrifugal/centrifuge/internal/dissolve.(*Dissolver).Run in goroutine 21352
	/home/mariell/go/pkg/mod/github.com/centrifugal/centrifuge@v0.33.3/internal/dissolve/dissolve.go:31 +0x25

goroutine 10289 [select]:
github.com/patrickmn/go-cache.(*janitor).Run(0xc003c80dc0, 0xc004289140)
	/home/mariell/go/pkg/mod/github.com/patrickmn/go-cache@v2.1.0+incompatible/cache.go:1079 +0x7b
created by github.com/patrickmn/go-cache.runJanitor in goroutine 9307
	/home/mariell/go/pkg/mod/github.com/patrickmn/go-cache@v2.1.0+incompatible/cache.go:1099 +0xdb

goroutine 8883 [select]:
github.com/centrifugal/centrifuge.(*MemoryBroker).expireResultCache(0xc008fa4380)
	/home/mariell/go/pkg/mod/github.com/centrifugal/centrifuge@v0.33.3/broker_memory.go:160 +0x68
created by github.com/centrifugal/centrifuge.(*MemoryBroker).Run in goroutine 7705
	/home/mariell/go/pkg/mod/github.com/centrifugal/centrifuge@v0.33.3/broker_memory.go:73 +0x7f

goroutine 8884 [select]:
github.com/centrifugal/centrifuge.(*historyHub).expireStreams(0xc008fa4300)
	/home/mariell/go/pkg/mod/github.com/centrifugal/centrifuge@v0.33.3/broker_memory.go:298 +0x75
created by github.com/centrifugal/centrifuge.(*historyHub).runCleanups in goroutine 7705
	/home/mariell/go/pkg/mod/github.com/centrifugal/centrifuge@v0.33.3/broker_memory.go:252 +0x56

goroutine 8885 [select]:
github.com/centrifugal/centrifuge.(*historyHub).removeStreams(0xc008fa4300)
	/home/mariell/go/pkg/mod/github.com/centrifugal/centrifuge@v0.33.3/broker_memory.go:259 +0x6f
created by github.com/centrifugal/centrifuge.(*historyHub).runCleanups in goroutine 7705
	/home/mariell/go/pkg/mod/github.com/centrifugal/centrifuge@v0.33.3/broker_memory.go:253 +0x96

goroutine 8886 [select]:
github.com/FZambia/eagle.(*Eagle).aggregate(0xc0091d09a0)
	/home/mariell/go/pkg/mod/github.com/!f!zambia/eagle@v0.1.0/eagle.go:210 +0x6d
created by github.com/FZambia/eagle.New in goroutine 7705
	/home/mariell/go/pkg/mod/github.com/!f!zambia/eagle@v0.1.0/eagle.go:66 +0x176

goroutine 42465 [select]:
github.com/centrifugal/centrifuge.(*Node).initMetrics.func1()
	/home/mariell/go/pkg/mod/github.com/centrifugal/centrifuge@v0.33.3/node.go:365 +0x8a
created by github.com/centrifugal/centrifuge.(*Node).initMetrics in goroutine 51765
	/home/mariell/go/pkg/mod/github.com/centrifugal/centrifuge@v0.33.3/node.go:363 +0x1f9

goroutine 8891 [select]:
github.com/centrifugal/centrifuge.(*Node).initMetrics.func1()
	/home/mariell/go/pkg/mod/github.com/centrifugal/centrifuge@v0.33.3/node.go:365 +0x8a
created by github.com/centrifugal/centrifuge.(*Node).initMetrics in goroutine 7705
	/home/mariell/go/pkg/mod/github.com/centrifugal/centrifuge@v0.33.3/node.go:363 +0x1f9

goroutine 8892 [select]:
github.com/centrifugal/centrifuge.(*Node).sendNodePing(0xc003a02908)
	/home/mariell/go/pkg/mod/github.com/centrifugal/centrifuge@v0.33.3/node.go:380 +0x85
created by github.com/centrifugal/centrifuge.(*Node).Run in goroutine 7705
	/home/mariell/go/pkg/mod/github.com/centrifugal/centrifuge@v0.33.3/node.go:260 +0x225

goroutine 8893 [select]:
github.com/centrifugal/centrifuge.(*Node).cleanNodeInfo(0xc003a02908)
	/home/mariell/go/pkg/mod/github.com/centrifugal/centrifuge@v0.33.3/node.go:394 +0x90
created by github.com/centrifugal/centrifuge.(*Node).Run in goroutine 7705
	/home/mariell/go/pkg/mod/github.com/centrifugal/centrifuge@v0.33.3/node.go:261 +0x265

goroutine 8894 [select]:
github.com/centrifugal/centrifuge.(*Node).updateMetrics(0xc003a02908)
	/home/mariell/go/pkg/mod/github.com/centrifugal/centrifuge@v0.33.3/node.go:335 +0x85
created by github.com/centrifugal/centrifuge.(*Node).Run in goroutine 7705
	/home/mariell/go/pkg/mod/github.com/centrifugal/centrifuge@v0.33.3/node.go:262 +0x2a5

goroutine 8895 [sync.Cond.Wait]:
sync.runtime_notifyListWait(0xc002250f10, 0x1a)
	/usr/lib/go/src/runtime/sema.go:597 +0x159
sync.(*Cond).Wait(0x0?)
	/usr/lib/go/src/sync/cond.go:71 +0x85
github.com/centrifugal/centrifuge/internal/dissolve.(*queueImpl).Wait(0xc008f7f960)
	/home/mariell/go/pkg/mod/github.com/centrifugal/centrifuge@v0.33.3/internal/dissolve/queue.go:139 +0x4a
github.com/centrifugal/centrifuge/internal/dissolve.(*Dissolver).runWorker(0xc002b49cf8)
	/home/mariell/go/pkg/mod/github.com/centrifugal/centrifuge@v0.33.3/internal/dissolve/dissolve.go:52 +0x27
created by github.com/centrifugal/centrifuge/internal/dissolve.(*Dissolver).Run in goroutine 7705
	/home/mariell/go/pkg/mod/github.com/centrifugal/centrifuge@v0.33.3/internal/dissolve/dissolve.go:31 +0x25

goroutine 8896 [sync.Cond.Wait]:
sync.runtime_notifyListWait(0xc002250f10, 0x1b)
	/usr/lib/go/src/runtime/sema.go:597 +0x159
sync.(*Cond).Wait(0x0?)
	/usr/lib/go/src/sync/cond.go:71 +0x85
github.com/centrifugal/centrifuge/internal/dissolve.(*queueImpl).Wait(0xc008f7f960)
	/home/mariell/go/pkg/mod/github.com/centrifugal/centrifuge@v0.33.3/internal/dissolve/queue.go:139 +0x4a
github.com/centrifugal/centrifuge/internal/dissolve.(*Dissolver).runWorker(0xc002b49cf8)
	/home/mariell/go/pkg/mod/github.com/centrifugal/centrifuge@v0.33.3/internal/dissolve/dissolve.go:52 +0x27
created by github.com/centrifugal/centrifuge/internal/dissolve.(*Dissolver).Run in goroutine 7705
	/home/mariell/go/pkg/mod/github.com/centrifugal/centrifuge@v0.33.3/internal/dissolve/dissolve.go:31 +0x25

goroutine 8897 [sync.Cond.Wait]:
sync.runtime_notifyListWait(0xc002250f10, 0x1c)
	/usr/lib/go/src/runtime/sema.go:597 +0x159
sync.(*Cond).Wait(0x0?)
	/usr/lib/go/src/sync/cond.go:71 +0x85
github.com/centrifugal/centrifuge/internal/dissolve.(*queueImpl).Wait(0xc008f7f960)
	/home/mariell/go/pkg/mod/github.com/centrifugal/centrifuge@v0.33.3/internal/dissolve/queue.go:139 +0x4a
github.com/centrifugal/centrifuge/internal/dissolve.(*Dissolver).runWorker(0xc002b49cf8)
	/home/mariell/go/pkg/mod/github.com/centrifugal/centrifuge@v0.33.3/internal/dissolve/dissolve.go:52 +0x27
created by github.com/centrifugal/centrifuge/internal/dissolve.(*Dissolver).Run in goroutine 7705
	/home/mariell/go/pkg/mod/github.com/centrifugal/centrifuge@v0.33.3/internal/dissolve/dissolve.go:31 +0x25

goroutine 8898 [sync.Cond.Wait]:
sync.runtime_notifyListWait(0xc002250f10, 0x1d)
	/usr/lib/go/src/runtime/sema.go:597 +0x159
sync.(*Cond).Wait(0x0?)
	/usr/lib/go/src/sync/cond.go:71 +0x85
github.com/centrifugal/centrifuge/internal/dissolve.(*queueImpl).Wait(0xc008f7f960)
	/home/mariell/go/pkg/mod/github.com/centrifugal/centrifuge@v0.33.3/internal/dissolve/queue.go:139 +0x4a
github.com/centrifugal/centrifuge/internal/dissolve.(*Dissolver).runWorker(0xc002b49cf8)
	/home/mariell/go/pkg/mod/github.com/centrifugal/centrifuge@v0.33.3/internal/dissolve/dissolve.go:52 +0x27
created by github.com/centrifugal/centrifuge/internal/dissolve.(*Dissolver).Run in goroutine 7705
	/home/mariell/go/pkg/mod/github.com/centrifugal/centrifuge@v0.33.3/internal/dissolve/dissolve.go:31 +0x25

goroutine 8899 [sync.Cond.Wait]:
sync.runtime_notifyListWait(0xc002250f10, 0x1e)
	/usr/lib/go/src/runtime/sema.go:597 +0x159
sync.(*Cond).Wait(0xc00a2907d0?)
	/usr/lib/go/src/sync/cond.go:71 +0x85
github.com/centrifugal/centrifuge/internal/dissolve.(*queueImpl).Wait(0xc008f7f960)
	/home/mariell/go/pkg/mod/github.com/centrifugal/centrifuge@v0.33.3/internal/dissolve/queue.go:139 +0x4a
github.com/centrifugal/centrifuge/internal/dissolve.(*Dissolver).runWorker(0xc002b49cf8)
	/home/mariell/go/pkg/mod/github.com/centrifugal/centrifuge@v0.33.3/internal/dissolve/dissolve.go:52 +0x27
created by github.com/centrifugal/centrifuge/internal/dissolve.(*Dissolver).Run in goroutine 7705
	/home/mariell/go/pkg/mod/github.com/centrifugal/centrifuge@v0.33.3/internal/dissolve/dissolve.go:31 +0x25

goroutine 8900 [sync.Cond.Wait]:
sync.runtime_notifyListWait(0xc002250f10, 0x1f)
	/usr/lib/go/src/runtime/sema.go:597 +0x159
sync.(*Cond).Wait(0x0?)
	/usr/lib/go/src/sync/cond.go:71 +0x85
github.com/centrifugal/centrifuge/internal/dissolve.(*queueImpl).Wait(0xc008f7f960)
	/home/mariell/go/pkg/mod/github.com/centrifugal/centrifuge@v0.33.3/internal/dissolve/queue.go:139 +0x4a
github.com/centrifugal/centrifuge/internal/dissolve.(*Dissolver).runWorker(0xc002b49cf8)
	/home/mariell/go/pkg/mod/github.com/centrifugal/centrifuge@v0.33.3/internal/dissolve/dissolve.go:52 +0x27
created by github.com/centrifugal/centrifuge/internal/dissolve.(*Dissolver).Run in goroutine 7705
	/home/mariell/go/pkg/mod/github.com/centrifugal/centrifuge@v0.33.3/internal/dissolve/dissolve.go:31 +0x25

goroutine 8901 [sync.Cond.Wait]:
sync.runtime_notifyListWait(0xc002250f10, 0x20)
	/usr/lib/go/src/runtime/sema.go:597 +0x159
sync.(*Cond).Wait(0x0?)
	/usr/lib/go/src/sync/cond.go:71 +0x85
github.com/centrifugal/centrifuge/internal/dissolve.(*queueImpl).Wait(0xc008f7f960)
	/home/mariell/go/pkg/mod/github.com/centrifugal/centrifuge@v0.33.3/internal/dissolve/queue.go:139 +0x4a
github.com/centrifugal/centrifuge/internal/dissolve.(*Dissolver).runWorker(0xc002b49cf8)
	/home/mariell/go/pkg/mod/github.com/centrifugal/centrifuge@v0.33.3/internal/dissolve/dissolve.go:52 +0x27
created by github.com/centrifugal/centrifuge/internal/dissolve.(*Dissolver).Run in goroutine 7705
	/home/mariell/go/pkg/mod/github.com/centrifugal/centrifuge@v0.33.3/internal/dissolve/dissolve.go:31 +0x25

goroutine 8902 [sync.Cond.Wait]:
sync.runtime_notifyListWait(0xc002250f10, 0x21)
	/usr/lib/go/src/runtime/sema.go:597 +0x159
sync.(*Cond).Wait(0x0?)
	/usr/lib/go/src/sync/cond.go:71 +0x85
github.com/centrifugal/centrifuge/internal/dissolve.(*queueImpl).Wait(0xc008f7f960)
	/home/mariell/go/pkg/mod/github.com/centrifugal/centrifuge@v0.33.3/internal/dissolve/queue.go:139 +0x4a
github.com/centrifugal/centrifuge/internal/dissolve.(*Dissolver).runWorker(0xc002b49cf8)
	/home/mariell/go/pkg/mod/github.com/centrifugal/centrifuge@v0.33.3/internal/dissolve/dissolve.go:52 +0x27
created by github.com/centrifugal/centrifuge/internal/dissolve.(*Dissolver).Run in goroutine 7705
	/home/mariell/go/pkg/mod/github.com/centrifugal/centrifuge@v0.33.3/internal/dissolve/dissolve.go:31 +0x25

goroutine 8903 [sync.Cond.Wait]:
sync.runtime_notifyListWait(0xc002250f10, 0x22)
	/usr/lib/go/src/runtime/sema.go:597 +0x159
sync.(*Cond).Wait(0x0?)
	/usr/lib/go/src/sync/cond.go:71 +0x85
github.com/centrifugal/centrifuge/internal/dissolve.(*queueImpl).Wait(0xc008f7f960)
	/home/mariell/go/pkg/mod/github.com/centrifugal/centrifuge@v0.33.3/internal/dissolve/queue.go:139 +0x4a
github.com/centrifugal/centrifuge/internal/dissolve.(*Dissolver).runWorker(0xc002b49cf8)
	/home/mariell/go/pkg/mod/github.com/centrifugal/centrifuge@v0.33.3/internal/dissolve/dissolve.go:52 +0x27
created by github.com/centrifugal/centrifuge/internal/dissolve.(*Dissolver).Run in goroutine 7705
	/home/mariell/go/pkg/mod/github.com/centrifugal/centrifuge@v0.33.3/internal/dissolve/dissolve.go:31 +0x25

goroutine 8904 [sync.Cond.Wait]:
sync.runtime_notifyListWait(0xc002250f10, 0x23)
	/usr/lib/go/src/runtime/sema.go:597 +0x159
sync.(*Cond).Wait(0x0?)
	/usr/lib/go/src/sync/cond.go:71 +0x85
github.com/centrifugal/centrifuge/internal/dissolve.(*queueImpl).Wait(0xc008f7f960)
	/home/mariell/go/pkg/mod/github.com/centrifugal/centrifuge@v0.33.3/internal/dissolve/queue.go:139 +0x4a
github.com/centrifugal/centrifuge/internal/dissolve.(*Dissolver).runWorker(0xc002b49cf8)
	/home/mariell/go/pkg/mod/github.com/centrifugal/centrifuge@v0.33.3/internal/dissolve/dissolve.go:52 +0x27
created by github.com/centrifugal/centrifuge/internal/dissolve.(*Dissolver).Run in goroutine 7705
	/home/mariell/go/pkg/mod/github.com/centrifugal/centrifuge@v0.33.3/internal/dissolve/dissolve.go:31 +0x25

goroutine 8905 [sync.Cond.Wait]:
sync.runtime_notifyListWait(0xc002250f10, 0x24)
	/usr/lib/go/src/runtime/sema.go:597 +0x159
sync.(*Cond).Wait(0x0?)
	/usr/lib/go/src/sync/cond.go:71 +0x85
github.com/centrifugal/centrifuge/internal/dissolve.(*queueImpl).Wait(0xc008f7f960)
	/home/mariell/go/pkg/mod/github.com/centrifugal/centrifuge@v0.33.3/internal/dissolve/queue.go:139 +0x4a
github.com/centrifugal/centrifuge/internal/dissolve.(*Dissolver).runWorker(0xc002b49cf8)
	/home/mariell/go/pkg/mod/github.com/centrifugal/centrifuge@v0.33.3/internal/dissolve/dissolve.go:52 +0x27
created by github.com/centrifugal/centrifuge/internal/dissolve.(*Dissolver).Run in goroutine 7705
	/home/mariell/go/pkg/mod/github.com/centrifugal/centrifuge@v0.33.3/internal/dissolve/dissolve.go:31 +0x25

goroutine 8906 [sync.Cond.Wait]:
sync.runtime_notifyListWait(0xc002250f10, 0x25)
	/usr/lib/go/src/runtime/sema.go:597 +0x159
sync.(*Cond).Wait(0x0?)
	/usr/lib/go/src/sync/cond.go:71 +0x85
github.com/centrifugal/centrifuge/internal/dissolve.(*queueImpl).Wait(0xc008f7f960)
	/home/mariell/go/pkg/mod/github.com/centrifugal/centrifuge@v0.33.3/internal/dissolve/queue.go:139 +0x4a
github.com/centrifugal/centrifuge/internal/dissolve.(*Dissolver).runWorker(0xc002b49cf8)
	/home/mariell/go/pkg/mod/github.com/centrifugal/centrifuge@v0.33.3/internal/dissolve/dissolve.go:52 +0x27
created by github.com/centrifugal/centrifuge/internal/dissolve.(*Dissolver).Run in goroutine 7705
	/home/mariell/go/pkg/mod/github.com/centrifugal/centrifuge@v0.33.3/internal/dissolve/dissolve.go:31 +0x25

goroutine 8907 [sync.Cond.Wait]:
sync.runtime_notifyListWait(0xc002250f10, 0x19)
	/usr/lib/go/src/runtime/sema.go:597 +0x159
sync.(*Cond).Wait(0x0?)
	/usr/lib/go/src/sync/cond.go:71 +0x85
github.com/centrifugal/centrifuge/internal/dissolve.(*queueImpl).Wait(0xc008f7f960)
	/home/mariell/go/pkg/mod/github.com/centrifugal/centrifuge@v0.33.3/internal/dissolve/queue.go:139 +0x4a
github.com/centrifugal/centrifuge/internal/dissolve.(*Dissolver).runWorker(0xc002b49cf8)
	/home/mariell/go/pkg/mod/github.com/centrifugal/centrifuge@v0.33.3/internal/dissolve/dissolve.go:52 +0x27
created by github.com/centrifugal/centrifuge/internal/dissolve.(*Dissolver).Run in goroutine 7705
	/home/mariell/go/pkg/mod/github.com/centrifugal/centrifuge@v0.33.3/internal/dissolve/dissolve.go:31 +0x25

goroutine 8908 [sync.Cond.Wait]:
sync.runtime_notifyListWait(0xc002250f10, 0x27)
	/usr/lib/go/src/runtime/sema.go:597 +0x159
sync.(*Cond).Wait(0x0?)
	/usr/lib/go/src/sync/cond.go:71 +0x85
github.com/centrifugal/centrifuge/internal/dissolve.(*queueImpl).Wait(0xc008f7f960)
	/home/mariell/go/pkg/mod/github.com/centrifugal/centrifuge@v0.33.3/internal/dissolve/queue.go:139 +0x4a
github.com/centrifugal/centrifuge/internal/dissolve.(*Dissolver).runWorker(0xc002b49cf8)
	/home/mariell/go/pkg/mod/github.com/centrifugal/centrifuge@v0.33.3/internal/dissolve/dissolve.go:52 +0x27
created by github.com/centrifugal/centrifuge/internal/dissolve.(*Dissolver).Run in goroutine 7705
	/home/mariell/go/pkg/mod/github.com/centrifugal/centrifuge@v0.33.3/internal/dissolve/dissolve.go:31 +0x25

goroutine 8909 [sync.Cond.Wait]:
sync.runtime_notifyListWait(0xc002250f10, 0x28)
	/usr/lib/go/src/runtime/sema.go:597 +0x159
sync.(*Cond).Wait(0x0?)
	/usr/lib/go/src/sync/cond.go:71 +0x85
github.com/centrifugal/centrifuge/internal/dissolve.(*queueImpl).Wait(0xc008f7f960)
	/home/mariell/go/pkg/mod/github.com/centrifugal/centrifuge@v0.33.3/internal/dissolve/queue.go:139 +0x4a
github.com/centrifugal/centrifuge/internal/dissolve.(*Dissolver).runWorker(0xc002b49cf8)
	/home/mariell/go/pkg/mod/github.com/centrifugal/centrifuge@v0.33.3/internal/dissolve/dissolve.go:52 +0x27
created by github.com/centrifugal/centrifuge/internal/dissolve.(*Dissolver).Run in goroutine 7705
	/home/mariell/go/pkg/mod/github.com/centrifugal/centrifuge@v0.33.3/internal/dissolve/dissolve.go:31 +0x25

goroutine 8910 [sync.Cond.Wait]:
sync.runtime_notifyListWait(0xc002250f10, 0x29)
	/usr/lib/go/src/runtime/sema.go:597 +0x159
sync.(*Cond).Wait(0x0?)
	/usr/lib/go/src/sync/cond.go:71 +0x85
github.com/centrifugal/centrifuge/internal/dissolve.(*queueImpl).Wait(0xc008f7f960)
	/home/mariell/go/pkg/mod/github.com/centrifugal/centrifuge@v0.33.3/internal/dissolve/queue.go:139 +0x4a
github.com/centrifugal/centrifuge/internal/dissolve.(*Dissolver).runWorker(0xc002b49cf8)
	/home/mariell/go/pkg/mod/github.com/centrifugal/centrifuge@v0.33.3/internal/dissolve/dissolve.go:52 +0x27
created by github.com/centrifugal/centrifuge/internal/dissolve.(*Dissolver).Run in goroutine 7705
	/home/mariell/go/pkg/mod/github.com/centrifugal/centrifuge@v0.33.3/internal/dissolve/dissolve.go:31 +0x25

goroutine 8911 [sync.Cond.Wait]:
sync.runtime_notifyListWait(0xc002250f10, 0x2a)
	/usr/lib/go/src/runtime/sema.go:597 +0x159
sync.(*Cond).Wait(0x0?)
	/usr/lib/go/src/sync/cond.go:71 +0x85
github.com/centrifugal/centrifuge/internal/dissolve.(*queueImpl).Wait(0xc008f7f960)
	/home/mariell/go/pkg/mod/github.com/centrifugal/centrifuge@v0.33.3/internal/dissolve/queue.go:139 +0x4a
github.com/centrifugal/centrifuge/internal/dissolve.(*Dissolver).runWorker(0xc002b49cf8)
	/home/mariell/go/pkg/mod/github.com/centrifugal/centrifuge@v0.33.3/internal/dissolve/dissolve.go:52 +0x27
created by github.com/centrifugal/centrifuge/internal/dissolve.(*Dissolver).Run in goroutine 7705
	/home/mariell/go/pkg/mod/github.com/centrifugal/centrifuge@v0.33.3/internal/dissolve/dissolve.go:31 +0x25

goroutine 8912 [sync.Cond.Wait]:
sync.runtime_notifyListWait(0xc002250f10, 0x2b)
	/usr/lib/go/src/runtime/sema.go:597 +0x159
sync.(*Cond).Wait(0x0?)
	/usr/lib/go/src/sync/cond.go:71 +0x85
github.com/centrifugal/centrifuge/internal/dissolve.(*queueImpl).Wait(0xc008f7f960)
	/home/mariell/go/pkg/mod/github.com/centrifugal/centrifuge@v0.33.3/internal/dissolve/queue.go:139 +0x4a
github.com/centrifugal/centrifuge/internal/dissolve.(*Dissolver).runWorker(0xc002b49cf8)
	/home/mariell/go/pkg/mod/github.com/centrifugal/centrifuge@v0.33.3/internal/dissolve/dissolve.go:52 +0x27
created by github.com/centrifugal/centrifuge/internal/dissolve.(*Dissolver).Run in goroutine 7705
	/home/mariell/go/pkg/mod/github.com/centrifugal/centrifuge@v0.33.3/internal/dissolve/dissolve.go:31 +0x25

goroutine 8913 [sync.Cond.Wait]:
sync.runtime_notifyListWait(0xc002250f10, 0x2c)
	/usr/lib/go/src/runtime/sema.go:597 +0x159
sync.(*Cond).Wait(0x0?)
	/usr/lib/go/src/sync/cond.go:71 +0x85
github.com/centrifugal/centrifuge/internal/dissolve.(*queueImpl).Wait(0xc008f7f960)
	/home/mariell/go/pkg/mod/github.com/centrifugal/centrifuge@v0.33.3/internal/dissolve/queue.go:139 +0x4a
github.com/centrifugal/centrifuge/internal/dissolve.(*Dissolver).runWorker(0xc002b49cf8)
	/home/mariell/go/pkg/mod/github.com/centrifugal/centrifuge@v0.33.3/internal/dissolve/dissolve.go:52 +0x27
created by github.com/centrifugal/centrifuge/internal/dissolve.(*Dissolver).Run in goroutine 7705
	/home/mariell/go/pkg/mod/github.com/centrifugal/centrifuge@v0.33.3/internal/dissolve/dissolve.go:31 +0x25

goroutine 8914 [sync.Cond.Wait]:
sync.runtime_notifyListWait(0xc002250f10, 0x2d)
	/usr/lib/go/src/runtime/sema.go:597 +0x159
sync.(*Cond).Wait(0x0?)
	/usr/lib/go/src/sync/cond.go:71 +0x85
github.com/centrifugal/centrifuge/internal/dissolve.(*queueImpl).Wait(0xc008f7f960)
	/home/mariell/go/pkg/mod/github.com/centrifugal/centrifuge@v0.33.3/internal/dissolve/queue.go:139 +0x4a
github.com/centrifugal/centrifuge/internal/dissolve.(*Dissolver).runWorker(0xc002b49cf8)
	/home/mariell/go/pkg/mod/github.com/centrifugal/centrifuge@v0.33.3/internal/dissolve/dissolve.go:52 +0x27
created by github.com/centrifugal/centrifuge/internal/dissolve.(*Dissolver).Run in goroutine 7705
	/home/mariell/go/pkg/mod/github.com/centrifugal/centrifuge@v0.33.3/internal/dissolve/dissolve.go:31 +0x25

goroutine 8915 [sync.Cond.Wait]:
sync.runtime_notifyListWait(0xc002250f10, 0x26)
	/usr/lib/go/src/runtime/sema.go:597 +0x159
sync.(*Cond).Wait(0x0?)
	/usr/lib/go/src/sync/cond.go:71 +0x85
github.com/centrifugal/centrifuge/internal/dissolve.(*queueImpl).Wait(0xc008f7f960)
	/home/mariell/go/pkg/mod/github.com/centrifugal/centrifuge@v0.33.3/internal/dissolve/queue.go:139 +0x4a
github.com/centrifugal/centrifuge/internal/dissolve.(*Dissolver).runWorker(0xc002b49cf8)
	/home/mariell/go/pkg/mod/github.com/centrifugal/centrifuge@v0.33.3/internal/dissolve/dissolve.go:52 +0x27
created by github.com/centrifugal/centrifuge/internal/dissolve.(*Dissolver).Run in goroutine 7705
	/home/mariell/go/pkg/mod/github.com/centrifugal/centrifuge@v0.33.3/internal/dissolve/dissolve.go:31 +0x25

goroutine 8916 [sync.Cond.Wait]:
sync.runtime_notifyListWait(0xc002250f10, 0x33)
	/usr/lib/go/src/runtime/sema.go:597 +0x159
sync.(*Cond).Wait(0x0?)
	/usr/lib/go/src/sync/cond.go:71 +0x85
github.com/centrifugal/centrifuge/internal/dissolve.(*queueImpl).Wait(0xc008f7f960)
	/home/mariell/go/pkg/mod/github.com/centrifugal/centrifuge@v0.33.3/internal/dissolve/queue.go:139 +0x4a
github.com/centrifugal/centrifuge/internal/dissolve.(*Dissolver).runWorker(0xc002b49cf8)
	/home/mariell/go/pkg/mod/github.com/centrifugal/centrifuge@v0.33.3/internal/dissolve/dissolve.go:52 +0x27
created by github.com/centrifugal/centrifuge/internal/dissolve.(*Dissolver).Run in goroutine 7705
	/home/mariell/go/pkg/mod/github.com/centrifugal/centrifuge@v0.33.3/internal/dissolve/dissolve.go:31 +0x25

goroutine 8917 [sync.Cond.Wait]:
sync.runtime_notifyListWait(0xc002250f10, 0x34)
	/usr/lib/go/src/runtime/sema.go:597 +0x159
sync.(*Cond).Wait(0x0?)
	/usr/lib/go/src/sync/cond.go:71 +0x85
github.com/centrifugal/centrifuge/internal/dissolve.(*queueImpl).Wait(0xc008f7f960)
	/home/mariell/go/pkg/mod/github.com/centrifugal/centrifuge@v0.33.3/internal/dissolve/queue.go:139 +0x4a
github.com/centrifugal/centrifuge/internal/dissolve.(*Dissolver).runWorker(0xc002b49cf8)
	/home/mariell/go/pkg/mod/github.com/centrifugal/centrifuge@v0.33.3/internal/dissolve/dissolve.go:52 +0x27
created by github.com/centrifugal/centrifuge/internal/dissolve.(*Dissolver).Run in goroutine 7705
	/home/mariell/go/pkg/mod/github.com/centrifugal/centrifuge@v0.33.3/internal/dissolve/dissolve.go:31 +0x25

goroutine 8918 [sync.Cond.Wait]:
sync.runtime_notifyListWait(0xc002250f10, 0x35)
	/usr/lib/go/src/runtime/sema.go:597 +0x159
sync.(*Cond).Wait(0x0?)
	/usr/lib/go/src/sync/cond.go:71 +0x85
github.com/centrifugal/centrifuge/internal/dissolve.(*queueImpl).Wait(0xc008f7f960)
	/home/mariell/go/pkg/mod/github.com/centrifugal/centrifuge@v0.33.3/internal/dissolve/queue.go:139 +0x4a
github.com/centrifugal/centrifuge/internal/dissolve.(*Dissolver).runWorker(0xc002b49cf8)
	/home/mariell/go/pkg/mod/github.com/centrifugal/centrifuge@v0.33.3/internal/dissolve/dissolve.go:52 +0x27
created by github.com/centrifugal/centrifuge/internal/dissolve.(*Dissolver).Run in goroutine 7705
	/home/mariell/go/pkg/mod/github.com/centrifugal/centrifuge@v0.33.3/internal/dissolve/dissolve.go:31 +0x25

goroutine 8919 [sync.Cond.Wait]:
sync.runtime_notifyListWait(0xc002250f10, 0x32)
	/usr/lib/go/src/runtime/sema.go:597 +0x159
sync.(*Cond).Wait(0x0?)
	/usr/lib/go/src/sync/cond.go:71 +0x85
github.com/centrifugal/centrifuge/internal/dissolve.(*queueImpl).Wait(0xc008f7f960)
	/home/mariell/go/pkg/mod/github.com/centrifugal/centrifuge@v0.33.3/internal/dissolve/queue.go:139 +0x4a
github.com/centrifugal/centrifuge/internal/dissolve.(*Dissolver).runWorker(0xc002b49cf8)
	/home/mariell/go/pkg/mod/github.com/centrifugal/centrifuge@v0.33.3/internal/dissolve/dissolve.go:52 +0x27
created by github.com/centrifugal/centrifuge/internal/dissolve.(*Dissolver).Run in goroutine 7705
	/home/mariell/go/pkg/mod/github.com/centrifugal/centrifuge@v0.33.3/internal/dissolve/dissolve.go:31 +0x25

goroutine 8920 [sync.Cond.Wait]:
sync.runtime_notifyListWait(0xc002250f10, 0x37)
	/usr/lib/go/src/runtime/sema.go:597 +0x159
sync.(*Cond).Wait(0x0?)
	/usr/lib/go/src/sync/cond.go:71 +0x85
github.com/centrifugal/centrifuge/internal/dissolve.(*queueImpl).Wait(0xc008f7f960)
	/home/mariell/go/pkg/mod/github.com/centrifugal/centrifuge@v0.33.3/internal/dissolve/queue.go:139 +0x4a
github.com/centrifugal/centrifuge/internal/dissolve.(*Dissolver).runWorker(0xc002b49cf8)
	/home/mariell/go/pkg/mod/github.com/centrifugal/centrifuge@v0.33.3/internal/dissolve/dissolve.go:52 +0x27
created by github.com/centrifugal/centrifuge/internal/dissolve.(*Dissolver).Run in goroutine 7705
	/home/mariell/go/pkg/mod/github.com/centrifugal/centrifuge@v0.33.3/internal/dissolve/dissolve.go:31 +0x25

goroutine 8921 [sync.Cond.Wait]:
sync.runtime_notifyListWait(0xc002250f10, 0x36)
	/usr/lib/go/src/runtime/sema.go:597 +0x159
sync.(*Cond).Wait(0x0?)
	/usr/lib/go/src/sync/cond.go:71 +0x85
github.com/centrifugal/centrifuge/internal/dissolve.(*queueImpl).Wait(0xc008f7f960)
	/home/mariell/go/pkg/mod/github.com/centrifugal/centrifuge@v0.33.3/internal/dissolve/queue.go:139 +0x4a
github.com/centrifugal/centrifuge/internal/dissolve.(*Dissolver).runWorker(0xc002b49cf8)
	/home/mariell/go/pkg/mod/github.com/centrifugal/centrifuge@v0.33.3/internal/dissolve/dissolve.go:52 +0x27
created by github.com/centrifugal/centrifuge/internal/dissolve.(*Dissolver).Run in goroutine 7705
	/home/mariell/go/pkg/mod/github.com/centrifugal/centrifuge@v0.33.3/internal/dissolve/dissolve.go:31 +0x25

goroutine 8922 [sync.Cond.Wait]:
sync.runtime_notifyListWait(0xc002250f10, 0x38)
	/usr/lib/go/src/runtime/sema.go:597 +0x159
sync.(*Cond).Wait(0x0?)
	/usr/lib/go/src/sync/cond.go:71 +0x85
github.com/centrifugal/centrifuge/internal/dissolve.(*queueImpl).Wait(0xc008f7f960)
	/home/mariell/go/pkg/mod/github.com/centrifugal/centrifuge@v0.33.3/internal/dissolve/queue.go:139 +0x4a
github.com/centrifugal/centrifuge/internal/dissolve.(*Dissolver).runWorker(0xc002b49cf8)
	/home/mariell/go/pkg/mod/github.com/centrifugal/centrifuge@v0.33.3/internal/dissolve/dissolve.go:52 +0x27
created by github.com/centrifugal/centrifuge/internal/dissolve.(*Dissolver).Run in goroutine 7705
	/home/mariell/go/pkg/mod/github.com/centrifugal/centrifuge@v0.33.3/internal/dissolve/dissolve.go:31 +0x25

goroutine 8923 [sync.Cond.Wait]:
sync.runtime_notifyListWait(0xc002250f10, 0x39)
	/usr/lib/go/src/runtime/sema.go:597 +0x159
sync.(*Cond).Wait(0x0?)
	/usr/lib/go/src/sync/cond.go:71 +0x85
github.com/centrifugal/centrifuge/internal/dissolve.(*queueImpl).Wait(0xc008f7f960)
	/home/mariell/go/pkg/mod/github.com/centrifugal/centrifuge@v0.33.3/internal/dissolve/queue.go:139 +0x4a
github.com/centrifugal/centrifuge/internal/dissolve.(*Dissolver).runWorker(0xc002b49cf8)
	/home/mariell/go/pkg/mod/github.com/centrifugal/centrifuge@v0.33.3/internal/dissolve/dissolve.go:52 +0x27
created by github.com/centrifugal/centrifuge/internal/dissolve.(*Dissolver).Run in goroutine 7705
	/home/mariell/go/pkg/mod/github.com/centrifugal/centrifuge@v0.33.3/internal/dissolve/dissolve.go:31 +0x25

goroutine 8924 [sync.Cond.Wait]:
sync.runtime_notifyListWait(0xc002250f10, 0x3e)
	/usr/lib/go/src/runtime/sema.go:597 +0x159
sync.(*Cond).Wait(0x0?)
	/usr/lib/go/src/sync/cond.go:71 +0x85
github.com/centrifugal/centrifuge/internal/dissolve.(*queueImpl).Wait(0xc008f7f960)
	/home/mariell/go/pkg/mod/github.com/centrifugal/centrifuge@v0.33.3/internal/dissolve/queue.go:139 +0x4a
github.com/centrifugal/centrifuge/internal/dissolve.(*Dissolver).runWorker(0xc002b49cf8)
	/home/mariell/go/pkg/mod/github.com/centrifugal/centrifuge@v0.33.3/internal/dissolve/dissolve.go:52 +0x27
created by github.com/centrifugal/centrifuge/internal/dissolve.(*Dissolver).Run in goroutine 7705
	/home/mariell/go/pkg/mod/github.com/centrifugal/centrifuge@v0.33.3/internal/dissolve/dissolve.go:31 +0x25

goroutine 8925 [sync.Cond.Wait]:
sync.runtime_notifyListWait(0xc002250f10, 0x1)
	/usr/lib/go/src/runtime/sema.go:597 +0x159
sync.(*Cond).Wait(0x0?)
	/usr/lib/go/src/sync/cond.go:71 +0x85
github.com/centrifugal/centrifuge/internal/dissolve.(*queueImpl).Wait(0xc008f7f960)
	/home/mariell/go/pkg/mod/github.com/centrifugal/centrifuge@v0.33.3/internal/dissolve/queue.go:139 +0x4a
github.com/centrifugal/centrifuge/internal/dissolve.(*Dissolver).runWorker(0xc002b49cf8)
	/home/mariell/go/pkg/mod/github.com/centrifugal/centrifuge@v0.33.3/internal/dissolve/dissolve.go:52 +0x27
created by github.com/centrifugal/centrifuge/internal/dissolve.(*Dissolver).Run in goroutine 7705
	/home/mariell/go/pkg/mod/github.com/centrifugal/centrifuge@v0.33.3/internal/dissolve/dissolve.go:31 +0x25

goroutine 8926 [sync.Cond.Wait]:
sync.runtime_notifyListWait(0xc002250f10, 0x2)
	/usr/lib/go/src/runtime/sema.go:597 +0x159
sync.(*Cond).Wait(0x0?)
	/usr/lib/go/src/sync/cond.go:71 +0x85
github.com/centrifugal/centrifuge/internal/dissolve.(*queueImpl).Wait(0xc008f7f960)
	/home/mariell/go/pkg/mod/github.com/centrifugal/centrifuge@v0.33.3/internal/dissolve/queue.go:139 +0x4a
github.com/centrifugal/centrifuge/internal/dissolve.(*Dissolver).runWorker(0xc002b49cf8)
	/home/mariell/go/pkg/mod/github.com/centrifugal/centrifuge@v0.33.3/internal/dissolve/dissolve.go:52 +0x27
created by github.com/centrifugal/centrifuge/internal/dissolve.(*Dissolver).Run in goroutine 7705
	/home/mariell/go/pkg/mod/github.com/centrifugal/centrifuge@v0.33.3/internal/dissolve/dissolve.go:31 +0x25

goroutine 8927 [sync.Cond.Wait]:
sync.runtime_notifyListWait(0xc002250f10, 0x3)
	/usr/lib/go/src/runtime/sema.go:597 +0x159
sync.(*Cond).Wait(0x0?)
	/usr/lib/go/src/sync/cond.go:71 +0x85
github.com/centrifugal/centrifuge/internal/dissolve.(*queueImpl).Wait(0xc008f7f960)
	/home/mariell/go/pkg/mod/github.com/centrifugal/centrifuge@v0.33.3/internal/dissolve/queue.go:139 +0x4a
github.com/centrifugal/centrifuge/internal/dissolve.(*Dissolver).runWorker(0xc002b49cf8)
	/home/mariell/go/pkg/mod/github.com/centrifugal/centrifuge@v0.33.3/internal/dissolve/dissolve.go:52 +0x27
created by github.com/centrifugal/centrifuge/internal/dissolve.(*Dissolver).Run in goroutine 7705
	/home/mariell/go/pkg/mod/github.com/centrifugal/centrifuge@v0.33.3/internal/dissolve/dissolve.go:31 +0x25

goroutine 8928 [sync.Cond.Wait]:
sync.runtime_notifyListWait(0xc002250f10, 0x4)
	/usr/lib/go/src/runtime/sema.go:597 +0x159
sync.(*Cond).Wait(0x0?)
	/usr/lib/go/src/sync/cond.go:71 +0x85
github.com/centrifugal/centrifuge/internal/dissolve.(*queueImpl).Wait(0xc008f7f960)
	/home/mariell/go/pkg/mod/github.com/centrifugal/centrifuge@v0.33.3/internal/dissolve/queue.go:139 +0x4a
github.com/centrifugal/centrifuge/internal/dissolve.(*Dissolver).runWorker(0xc002b49cf8)
	/home/mariell/go/pkg/mod/github.com/centrifugal/centrifuge@v0.33.3/internal/dissolve/dissolve.go:52 +0x27
created by github.com/centrifugal/centrifuge/internal/dissolve.(*Dissolver).Run in goroutine 7705
	/home/mariell/go/pkg/mod/github.com/centrifugal/centrifuge@v0.33.3/internal/dissolve/dissolve.go:31 +0x25

goroutine 8929 [sync.Cond.Wait]:
sync.runtime_notifyListWait(0xc002250f10, 0x5)
	/usr/lib/go/src/runtime/sema.go:597 +0x159
sync.(*Cond).Wait(0x0?)
	/usr/lib/go/src/sync/cond.go:71 +0x85
github.com/centrifugal/centrifuge/internal/dissolve.(*queueImpl).Wait(0xc008f7f960)
	/home/mariell/go/pkg/mod/github.com/centrifugal/centrifuge@v0.33.3/internal/dissolve/queue.go:139 +0x4a
github.com/centrifugal/centrifuge/internal/dissolve.(*Dissolver).runWorker(0xc002b49cf8)
	/home/mariell/go/pkg/mod/github.com/centrifugal/centrifuge@v0.33.3/internal/dissolve/dissolve.go:52 +0x27
created by github.com/centrifugal/centrifuge/internal/dissolve.(*Dissolver).Run in goroutine 7705
	/home/mariell/go/pkg/mod/github.com/centrifugal/centrifuge@v0.33.3/internal/dissolve/dissolve.go:31 +0x25

goroutine 8930 [sync.Cond.Wait]:
sync.runtime_notifyListWait(0xc002250f10, 0x6)
	/usr/lib/go/src/runtime/sema.go:597 +0x159
sync.(*Cond).Wait(0x0?)
	/usr/lib/go/src/sync/cond.go:71 +0x85
github.com/centrifugal/centrifuge/internal/dissolve.(*queueImpl).Wait(0xc008f7f960)
	/home/mariell/go/pkg/mod/github.com/centrifugal/centrifuge@v0.33.3/internal/dissolve/queue.go:139 +0x4a
github.com/centrifugal/centrifuge/internal/dissolve.(*Dissolver).runWorker(0xc002b49cf8)
	/home/mariell/go/pkg/mod/github.com/centrifugal/centrifuge@v0.33.3/internal/dissolve/dissolve.go:52 +0x27
created by github.com/centrifugal/centrifuge/internal/dissolve.(*Dissolver).Run in goroutine 7705
	/home/mariell/go/pkg/mod/github.com/centrifugal/centrifuge@v0.33.3/internal/dissolve/dissolve.go:31 +0x25

goroutine 8931 [sync.Cond.Wait]:
sync.runtime_notifyListWait(0xc002250f10, 0x7)
	/usr/lib/go/src/runtime/sema.go:597 +0x159
sync.(*Cond).Wait(0x0?)
	/usr/lib/go/src/sync/cond.go:71 +0x85
github.com/centrifugal/centrifuge/internal/dissolve.(*queueImpl).Wait(0xc008f7f960)
	/home/mariell/go/pkg/mod/github.com/centrifugal/centrifuge@v0.33.3/internal/dissolve/queue.go:139 +0x4a
github.com/centrifugal/centrifuge/internal/dissolve.(*Dissolver).runWorker(0xc002b49cf8)
	/home/mariell/go/pkg/mod/github.com/centrifugal/centrifuge@v0.33.3/internal/dissolve/dissolve.go:52 +0x27
created by github.com/centrifugal/centrifuge/internal/dissolve.(*Dissolver).Run in goroutine 7705
	/home/mariell/go/pkg/mod/github.com/centrifugal/centrifuge@v0.33.3/internal/dissolve/dissolve.go:31 +0x25

goroutine 8932 [sync.Cond.Wait]:
sync.runtime_notifyListWait(0xc002250f10, 0x8)
	/usr/lib/go/src/runtime/sema.go:597 +0x159
sync.(*Cond).Wait(0x0?)
	/usr/lib/go/src/sync/cond.go:71 +0x85
github.com/centrifugal/centrifuge/internal/dissolve.(*queueImpl).Wait(0xc008f7f960)
	/home/mariell/go/pkg/mod/github.com/centrifugal/centrifuge@v0.33.3/internal/dissolve/queue.go:139 +0x4a
github.com/centrifugal/centrifuge/internal/dissolve.(*Dissolver).runWorker(0xc002b49cf8)
	/home/mariell/go/pkg/mod/github.com/centrifugal/centrifuge@v0.33.3/internal/dissolve/dissolve.go:52 +0x27
created by github.com/centrifugal/centrifuge/internal/dissolve.(*Dissolver).Run in goroutine 7705
	/home/mariell/go/pkg/mod/github.com/centrifugal/centrifuge@v0.33.3/internal/dissolve/dissolve.go:31 +0x25

goroutine 8933 [sync.Cond.Wait]:
sync.runtime_notifyListWait(0xc002250f10, 0x9)
	/usr/lib/go/src/runtime/sema.go:597 +0x159
sync.(*Cond).Wait(0xa5d65756c617620?)
	/usr/lib/go/src/sync/cond.go:71 +0x85
github.com/centrifugal/centrifuge/internal/dissolve.(*queueImpl).Wait(0xc008f7f960)
	/home/mariell/go/pkg/mod/github.com/centrifugal/centrifuge@v0.33.3/internal/dissolve/queue.go:139 +0x4a
github.com/centrifugal/centrifuge/internal/dissolve.(*Dissolver).runWorker(0xc002b49cf8)
	/home/mariell/go/pkg/mod/github.com/centrifugal/centrifuge@v0.33.3/internal/dissolve/dissolve.go:52 +0x27
created by github.com/centrifugal/centrifuge/internal/dissolve.(*Dissolver).Run in goroutine 7705
	/home/mariell/go/pkg/mod/github.com/centrifugal/centrifuge@v0.33.3/internal/dissolve/dissolve.go:31 +0x25

goroutine 8934 [sync.Cond.Wait]:
sync.runtime_notifyListWait(0xc002250f10, 0xa)
	/usr/lib/go/src/runtime/sema.go:597 +0x159
sync.(*Cond).Wait(0x72476e6f74747542?)
	/usr/lib/go/src/sync/cond.go:71 +0x85
github.com/centrifugal/centrifuge/internal/dissolve.(*queueImpl).Wait(0xc008f7f960)
	/home/mariell/go/pkg/mod/github.com/centrifugal/centrifuge@v0.33.3/internal/dissolve/queue.go:139 +0x4a
github.com/centrifugal/centrifuge/internal/dissolve.(*Dissolver).runWorker(0xc002b49cf8)
	/home/mariell/go/pkg/mod/github.com/centrifugal/centrifuge@v0.33.3/internal/dissolve/dissolve.go:52 +0x27
created by github.com/centrifugal/centrifuge/internal/dissolve.(*Dissolver).Run in goroutine 7705
	/home/mariell/go/pkg/mod/github.com/centrifugal/centrifuge@v0.33.3/internal/dissolve/dissolve.go:31 +0x25

goroutine 8935 [sync.Cond.Wait]:
sync.runtime_notifyListWait(0xc002250f10, 0xb)
	/usr/lib/go/src/runtime/sema.go:597 +0x159
sync.(*Cond).Wait(0x0?)
	/usr/lib/go/src/sync/cond.go:71 +0x85
github.com/centrifugal/centrifuge/internal/dissolve.(*queueImpl).Wait(0xc008f7f960)
	/home/mariell/go/pkg/mod/github.com/centrifugal/centrifuge@v0.33.3/internal/dissolve/queue.go:139 +0x4a
github.com/centrifugal/centrifuge/internal/dissolve.(*Dissolver).runWorker(0xc002b49cf8)
	/home/mariell/go/pkg/mod/github.com/centrifugal/centrifuge@v0.33.3/internal/dissolve/dissolve.go:52 +0x27
created by github.com/centrifugal/centrifuge/internal/dissolve.(*Dissolver).Run in goroutine 7705
	/home/mariell/go/pkg/mod/github.com/centrifugal/centrifuge@v0.33.3/internal/dissolve/dissolve.go:31 +0x25

goroutine 8936 [sync.Cond.Wait]:
sync.runtime_notifyListWait(0xc002250f10, 0xc)
	/usr/lib/go/src/runtime/sema.go:597 +0x159
sync.(*Cond).Wait(0x0?)
	/usr/lib/go/src/sync/cond.go:71 +0x85
github.com/centrifugal/centrifuge/internal/dissolve.(*queueImpl).Wait(0xc008f7f960)
	/home/mariell/go/pkg/mod/github.com/centrifugal/centrifuge@v0.33.3/internal/dissolve/queue.go:139 +0x4a
github.com/centrifugal/centrifuge/internal/dissolve.(*Dissolver).runWorker(0xc002b49cf8)
	/home/mariell/go/pkg/mod/github.com/centrifugal/centrifuge@v0.33.3/internal/dissolve/dissolve.go:52 +0x27
created by github.com/centrifugal/centrifuge/internal/dissolve.(*Dissolver).Run in goroutine 7705
	/home/mariell/go/pkg/mod/github.com/centrifugal/centrifuge@v0.33.3/internal/dissolve/dissolve.go:31 +0x25

goroutine 8937 [sync.Cond.Wait]:
sync.runtime_notifyListWait(0xc002250f10, 0xd)
	/usr/lib/go/src/runtime/sema.go:597 +0x159
sync.(*Cond).Wait(0x0?)
	/usr/lib/go/src/sync/cond.go:71 +0x85
github.com/centrifugal/centrifuge/internal/dissolve.(*queueImpl).Wait(0xc008f7f960)
	/home/mariell/go/pkg/mod/github.com/centrifugal/centrifuge@v0.33.3/internal/dissolve/queue.go:139 +0x4a
github.com/centrifugal/centrifuge/internal/dissolve.(*Dissolver).runWorker(0xc002b49cf8)
	/home/mariell/go/pkg/mod/github.com/centrifugal/centrifuge@v0.33.3/internal/dissolve/dissolve.go:52 +0x27
created by github.com/centrifugal/centrifuge/internal/dissolve.(*Dissolver).Run in goroutine 7705
	/home/mariell/go/pkg/mod/github.com/centrifugal/centrifuge@v0.33.3/internal/dissolve/dissolve.go:31 +0x25

goroutine 8938 [sync.Cond.Wait]:
sync.runtime_notifyListWait(0xc002250f10, 0xe)
	/usr/lib/go/src/runtime/sema.go:597 +0x159
sync.(*Cond).Wait(0x0?)
	/usr/lib/go/src/sync/cond.go:71 +0x85
github.com/centrifugal/centrifuge/internal/dissolve.(*queueImpl).Wait(0xc008f7f960)
	/home/mariell/go/pkg/mod/github.com/centrifugal/centrifuge@v0.33.3/internal/dissolve/queue.go:139 +0x4a
github.com/centrifugal/centrifuge/internal/dissolve.(*Dissolver).runWorker(0xc002b49cf8)
	/home/mariell/go/pkg/mod/github.com/centrifugal/centrifuge@v0.33.3/internal/dissolve/dissolve.go:52 +0x27
created by github.com/centrifugal/centrifuge/internal/dissolve.(*Dissolver).Run in goroutine 7705
	/home/mariell/go/pkg/mod/github.com/centrifugal/centrifuge@v0.33.3/internal/dissolve/dissolve.go:31 +0x25

goroutine 8939 [sync.Cond.Wait]:
sync.runtime_notifyListWait(0xc002250f10, 0xf)
	/usr/lib/go/src/runtime/sema.go:597 +0x159
sync.(*Cond).Wait(0x0?)
	/usr/lib/go/src/sync/cond.go:71 +0x85
github.com/centrifugal/centrifuge/internal/dissolve.(*queueImpl).Wait(0xc008f7f960)
	/home/mariell/go/pkg/mod/github.com/centrifugal/centrifuge@v0.33.3/internal/dissolve/queue.go:139 +0x4a
github.com/centrifugal/centrifuge/internal/dissolve.(*Dissolver).runWorker(0xc002b49cf8)
	/home/mariell/go/pkg/mod/github.com/centrifugal/centrifuge@v0.33.3/internal/dissolve/dissolve.go:52 +0x27
created by github.com/centrifugal/centrifuge/internal/dissolve.(*Dissolver).Run in goroutine 7705
	/home/mariell/go/pkg/mod/github.com/centrifugal/centrifuge@v0.33.3/internal/dissolve/dissolve.go:31 +0x25

goroutine 8940 [sync.Cond.Wait]:
sync.runtime_notifyListWait(0xc002250f10, 0x10)
	/usr/lib/go/src/runtime/sema.go:597 +0x159
sync.(*Cond).Wait(0x0?)
	/usr/lib/go/src/sync/cond.go:71 +0x85
github.com/centrifugal/centrifuge/internal/dissolve.(*queueImpl).Wait(0xc008f7f960)
	/home/mariell/go/pkg/mod/github.com/centrifugal/centrifuge@v0.33.3/internal/dissolve/queue.go:139 +0x4a
github.com/centrifugal/centrifuge/internal/dissolve.(*Dissolver).runWorker(0xc002b49cf8)
	/home/mariell/go/pkg/mod/github.com/centrifugal/centrifuge@v0.33.3/internal/dissolve/dissolve.go:52 +0x27
created by github.com/centrifugal/centrifuge/internal/dissolve.(*Dissolver).Run in goroutine 7705
	/home/mariell/go/pkg/mod/github.com/centrifugal/centrifuge@v0.33.3/internal/dissolve/dissolve.go:31 +0x25

goroutine 8941 [sync.Cond.Wait]:
sync.runtime_notifyListWait(0xc002250f10, 0x0)
	/usr/lib/go/src/runtime/sema.go:597 +0x159
sync.(*Cond).Wait(0x0?)
	/usr/lib/go/src/sync/cond.go:71 +0x85
github.com/centrifugal/centrifuge/internal/dissolve.(*queueImpl).Wait(0xc008f7f960)
	/home/mariell/go/pkg/mod/github.com/centrifugal/centrifuge@v0.33.3/internal/dissolve/queue.go:139 +0x4a
github.com/centrifugal/centrifuge/internal/dissolve.(*Dissolver).runWorker(0xc002b49cf8)
	/home/mariell/go/pkg/mod/github.com/centrifugal/centrifuge@v0.33.3/internal/dissolve/dissolve.go:52 +0x27
created by github.com/centrifugal/centrifuge/internal/dissolve.(*Dissolver).Run in goroutine 7705
	/home/mariell/go/pkg/mod/github.com/centrifugal/centrifuge@v0.33.3/internal/dissolve/dissolve.go:31 +0x25

goroutine 8942 [sync.Cond.Wait]:
sync.runtime_notifyListWait(0xc002250f10, 0x12)
	/usr/lib/go/src/runtime/sema.go:597 +0x159
sync.(*Cond).Wait(0x0?)
	/usr/lib/go/src/sync/cond.go:71 +0x85
github.com/centrifugal/centrifuge/internal/dissolve.(*queueImpl).Wait(0xc008f7f960)
	/home/mariell/go/pkg/mod/github.com/centrifugal/centrifuge@v0.33.3/internal/dissolve/queue.go:139 +0x4a
github.com/centrifugal/centrifuge/internal/dissolve.(*Dissolver).runWorker(0xc002b49cf8)
	/home/mariell/go/pkg/mod/github.com/centrifugal/centrifuge@v0.33.3/internal/dissolve/dissolve.go:52 +0x27
created by github.com/centrifugal/centrifuge/internal/dissolve.(*Dissolver).Run in goroutine 7705
	/home/mariell/go/pkg/mod/github.com/centrifugal/centrifuge@v0.33.3/internal/dissolve/dissolve.go:31 +0x25

goroutine 8943 [sync.Cond.Wait]:
sync.runtime_notifyListWait(0xc002250f10, 0x13)
	/usr/lib/go/src/runtime/sema.go:597 +0x159
sync.(*Cond).Wait(0x0?)
	/usr/lib/go/src/sync/cond.go:71 +0x85
github.com/centrifugal/centrifuge/internal/dissolve.(*queueImpl).Wait(0xc008f7f960)
	/home/mariell/go/pkg/mod/github.com/centrifugal/centrifuge@v0.33.3/internal/dissolve/queue.go:139 +0x4a
github.com/centrifugal/centrifuge/internal/dissolve.(*Dissolver).runWorker(0xc002b49cf8)
	/home/mariell/go/pkg/mod/github.com/centrifugal/centrifuge@v0.33.3/internal/dissolve/dissolve.go:52 +0x27
created by github.com/centrifugal/centrifuge/internal/dissolve.(*Dissolver).Run in goroutine 7705
	/home/mariell/go/pkg/mod/github.com/centrifugal/centrifuge@v0.33.3/internal/dissolve/dissolve.go:31 +0x25

goroutine 8944 [sync.Cond.Wait]:
sync.runtime_notifyListWait(0xc002250f10, 0x14)
	/usr/lib/go/src/runtime/sema.go:597 +0x159
sync.(*Cond).Wait(0x0?)
	/usr/lib/go/src/sync/cond.go:71 +0x85
github.com/centrifugal/centrifuge/internal/dissolve.(*queueImpl).Wait(0xc008f7f960)
	/home/mariell/go/pkg/mod/github.com/centrifugal/centrifuge@v0.33.3/internal/dissolve/queue.go:139 +0x4a
github.com/centrifugal/centrifuge/internal/dissolve.(*Dissolver).runWorker(0xc002b49cf8)
	/home/mariell/go/pkg/mod/github.com/centrifugal/centrifuge@v0.33.3/internal/dissolve/dissolve.go:52 +0x27
created by github.com/centrifugal/centrifuge/internal/dissolve.(*Dissolver).Run in goroutine 7705
	/home/mariell/go/pkg/mod/github.com/centrifugal/centrifuge@v0.33.3/internal/dissolve/dissolve.go:31 +0x25

goroutine 8945 [sync.Cond.Wait]:
sync.runtime_notifyListWait(0xc002250f10, 0x15)
	/usr/lib/go/src/runtime/sema.go:597 +0x159
sync.(*Cond).Wait(0x0?)
	/usr/lib/go/src/sync/cond.go:71 +0x85
github.com/centrifugal/centrifuge/internal/dissolve.(*queueImpl).Wait(0xc008f7f960)
	/home/mariell/go/pkg/mod/github.com/centrifugal/centrifuge@v0.33.3/internal/dissolve/queue.go:139 +0x4a
github.com/centrifugal/centrifuge/internal/dissolve.(*Dissolver).runWorker(0xc002b49cf8)
	/home/mariell/go/pkg/mod/github.com/centrifugal/centrifuge@v0.33.3/internal/dissolve/dissolve.go:52 +0x27
created by github.com/centrifugal/centrifuge/internal/dissolve.(*Dissolver).Run in goroutine 7705
	/home/mariell/go/pkg/mod/github.com/centrifugal/centrifuge@v0.33.3/internal/dissolve/dissolve.go:31 +0x25

goroutine 8946 [sync.Cond.Wait]:
sync.runtime_notifyListWait(0xc002250f10, 0x16)
	/usr/lib/go/src/runtime/sema.go:597 +0x159
sync.(*Cond).Wait(0x0?)
	/usr/lib/go/src/sync/cond.go:71 +0x85
github.com/centrifugal/centrifuge/internal/dissolve.(*queueImpl).Wait(0xc008f7f960)
	/home/mariell/go/pkg/mod/github.com/centrifugal/centrifuge@v0.33.3/internal/dissolve/queue.go:139 +0x4a
github.com/centrifugal/centrifuge/internal/dissolve.(*Dissolver).runWorker(0xc002b49cf8)
	/home/mariell/go/pkg/mod/github.com/centrifugal/centrifuge@v0.33.3/internal/dissolve/dissolve.go:52 +0x27
created by github.com/centrifugal/centrifuge/internal/dissolve.(*Dissolver).Run in goroutine 7705
	/home/mariell/go/pkg/mod/github.com/centrifugal/centrifuge@v0.33.3/internal/dissolve/dissolve.go:31 +0x25

goroutine 8947 [sync.Cond.Wait]:
sync.runtime_notifyListWait(0xc002250f10, 0x17)
	/usr/lib/go/src/runtime/sema.go:597 +0x159
sync.(*Cond).Wait(0x0?)
	/usr/lib/go/src/sync/cond.go:71 +0x85
github.com/centrifugal/centrifuge/internal/dissolve.(*queueImpl).Wait(0xc008f7f960)
	/home/mariell/go/pkg/mod/github.com/centrifugal/centrifuge@v0.33.3/internal/dissolve/queue.go:139 +0x4a
github.com/centrifugal/centrifuge/internal/dissolve.(*Dissolver).runWorker(0xc002b49cf8)
	/home/mariell/go/pkg/mod/github.com/centrifugal/centrifuge@v0.33.3/internal/dissolve/dissolve.go:52 +0x27
created by github.com/centrifugal/centrifuge/internal/dissolve.(*Dissolver).Run in goroutine 7705
	/home/mariell/go/pkg/mod/github.com/centrifugal/centrifuge@v0.33.3/internal/dissolve/dissolve.go:31 +0x25

goroutine 8948 [sync.Cond.Wait]:
sync.runtime_notifyListWait(0xc002250f10, 0x18)
	/usr/lib/go/src/runtime/sema.go:597 +0x159
sync.(*Cond).Wait(0x0?)
	/usr/lib/go/src/sync/cond.go:71 +0x85
github.com/centrifugal/centrifuge/internal/dissolve.(*queueImpl).Wait(0xc008f7f960)
	/home/mariell/go/pkg/mod/github.com/centrifugal/centrifuge@v0.33.3/internal/dissolve/queue.go:139 +0x4a
github.com/centrifugal/centrifuge/internal/dissolve.(*Dissolver).runWorker(0xc002b49cf8)
	/home/mariell/go/pkg/mod/github.com/centrifugal/centrifuge@v0.33.3/internal/dissolve/dissolve.go:52 +0x27
created by github.com/centrifugal/centrifuge/internal/dissolve.(*Dissolver).Run in goroutine 7705
	/home/mariell/go/pkg/mod/github.com/centrifugal/centrifuge@v0.33.3/internal/dissolve/dissolve.go:31 +0x25

goroutine 8949 [sync.Cond.Wait]:
sync.runtime_notifyListWait(0xc002250f10, 0x11)
	/usr/lib/go/src/runtime/sema.go:597 +0x159
sync.(*Cond).Wait(0x0?)
	/usr/lib/go/src/sync/cond.go:71 +0x85
github.com/centrifugal/centrifuge/internal/dissolve.(*queueImpl).Wait(0xc008f7f960)
	/home/mariell/go/pkg/mod/github.com/centrifugal/centrifuge@v0.33.3/internal/dissolve/queue.go:139 +0x4a
github.com/centrifugal/centrifuge/internal/dissolve.(*Dissolver).runWorker(0xc002b49cf8)
	/home/mariell/go/pkg/mod/github.com/centrifugal/centrifuge@v0.33.3/internal/dissolve/dissolve.go:52 +0x27
created by github.com/centrifugal/centrifuge/internal/dissolve.(*Dissolver).Run in goroutine 7705
	/home/mariell/go/pkg/mod/github.com/centrifugal/centrifuge@v0.33.3/internal/dissolve/dissolve.go:31 +0x25

goroutine 8950 [sync.Cond.Wait]:
sync.runtime_notifyListWait(0xc002250f10, 0x2f)
	/usr/lib/go/src/runtime/sema.go:597 +0x159
sync.(*Cond).Wait(0x0?)
	/usr/lib/go/src/sync/cond.go:71 +0x85
github.com/centrifugal/centrifuge/internal/dissolve.(*queueImpl).Wait(0xc008f7f960)
	/home/mariell/go/pkg/mod/github.com/centrifugal/centrifuge@v0.33.3/internal/dissolve/queue.go:139 +0x4a
github.com/centrifugal/centrifuge/internal/dissolve.(*Dissolver).runWorker(0xc002b49cf8)
	/home/mariell/go/pkg/mod/github.com/centrifugal/centrifuge@v0.33.3/internal/dissolve/dissolve.go:52 +0x27
created by github.com/centrifugal/centrifuge/internal/dissolve.(*Dissolver).Run in goroutine 7705
	/home/mariell/go/pkg/mod/github.com/centrifugal/centrifuge@v0.33.3/internal/dissolve/dissolve.go:31 +0x25

goroutine 8951 [sync.Cond.Wait]:
sync.runtime_notifyListWait(0xc002250f10, 0x30)
	/usr/lib/go/src/runtime/sema.go:597 +0x159
sync.(*Cond).Wait(0x0?)
	/usr/lib/go/src/sync/cond.go:71 +0x85
github.com/centrifugal/centrifuge/internal/dissolve.(*queueImpl).Wait(0xc008f7f960)
	/home/mariell/go/pkg/mod/github.com/centrifugal/centrifuge@v0.33.3/internal/dissolve/queue.go:139 +0x4a
github.com/centrifugal/centrifuge/internal/dissolve.(*Dissolver).runWorker(0xc002b49cf8)
	/home/mariell/go/pkg/mod/github.com/centrifugal/centrifuge@v0.33.3/internal/dissolve/dissolve.go:52 +0x27
created by github.com/centrifugal/centrifuge/internal/dissolve.(*Dissolver).Run in goroutine 7705
	/home/mariell/go/pkg/mod/github.com/centrifugal/centrifuge@v0.33.3/internal/dissolve/dissolve.go:31 +0x25

goroutine 8952 [sync.Cond.Wait]:
sync.runtime_notifyListWait(0xc002250f10, 0x31)
	/usr/lib/go/src/runtime/sema.go:597 +0x159
sync.(*Cond).Wait(0x0?)
	/usr/lib/go/src/sync/cond.go:71 +0x85
github.com/centrifugal/centrifuge/internal/dissolve.(*queueImpl).Wait(0xc008f7f960)
	/home/mariell/go/pkg/mod/github.com/centrifugal/centrifuge@v0.33.3/internal/dissolve/queue.go:139 +0x4a
github.com/centrifugal/centrifuge/internal/dissolve.(*Dissolver).runWorker(0xc002b49cf8)
	/home/mariell/go/pkg/mod/github.com/centrifugal/centrifuge@v0.33.3/internal/dissolve/dissolve.go:52 +0x27
created by github.com/centrifugal/centrifuge/internal/dissolve.(*Dissolver).Run in goroutine 7705
	/home/mariell/go/pkg/mod/github.com/centrifugal/centrifuge@v0.33.3/internal/dissolve/dissolve.go:31 +0x25

goroutine 8953 [sync.Cond.Wait]:
sync.runtime_notifyListWait(0xc002250f10, 0x2e)
	/usr/lib/go/src/runtime/sema.go:597 +0x159
sync.(*Cond).Wait(0x0?)
	/usr/lib/go/src/sync/cond.go:71 +0x85
github.com/centrifugal/centrifuge/internal/dissolve.(*queueImpl).Wait(0xc008f7f960)
	/home/mariell/go/pkg/mod/github.com/centrifugal/centrifuge@v0.33.3/internal/dissolve/queue.go:139 +0x4a
github.com/centrifugal/centrifuge/internal/dissolve.(*Dissolver).runWorker(0xc002b49cf8)
	/home/mariell/go/pkg/mod/github.com/centrifugal/centrifuge@v0.33.3/internal/dissolve/dissolve.go:52 +0x27
created by github.com/centrifugal/centrifuge/internal/dissolve.(*Dissolver).Run in goroutine 7705
	/home/mariell/go/pkg/mod/github.com/centrifugal/centrifuge@v0.33.3/internal/dissolve/dissolve.go:31 +0x25

goroutine 8954 [sync.Cond.Wait]:
sync.runtime_notifyListWait(0xc002250f10, 0x3b)
	/usr/lib/go/src/runtime/sema.go:597 +0x159
sync.(*Cond).Wait(0x0?)
	/usr/lib/go/src/sync/cond.go:71 +0x85
github.com/centrifugal/centrifuge/internal/dissolve.(*queueImpl).Wait(0xc008f7f960)
	/home/mariell/go/pkg/mod/github.com/centrifugal/centrifuge@v0.33.3/internal/dissolve/queue.go:139 +0x4a
github.com/centrifugal/centrifuge/internal/dissolve.(*Dissolver).runWorker(0xc002b49cf8)
	/home/mariell/go/pkg/mod/github.com/centrifugal/centrifuge@v0.33.3/internal/dissolve/dissolve.go:52 +0x27
created by github.com/centrifugal/centrifuge/internal/dissolve.(*Dissolver).Run in goroutine 7705
	/home/mariell/go/pkg/mod/github.com/centrifugal/centrifuge@v0.33.3/internal/dissolve/dissolve.go:31 +0x25

goroutine 8955 [sync.Cond.Wait]:
sync.runtime_notifyListWait(0xc002250f10, 0x3a)
	/usr/lib/go/src/runtime/sema.go:597 +0x159
sync.(*Cond).Wait(0x0?)
	/usr/lib/go/src/sync/cond.go:71 +0x85
github.com/centrifugal/centrifuge/internal/dissolve.(*queueImpl).Wait(0xc008f7f960)
	/home/mariell/go/pkg/mod/github.com/centrifugal/centrifuge@v0.33.3/internal/dissolve/queue.go:139 +0x4a
github.com/centrifugal/centrifuge/internal/dissolve.(*Dissolver).runWorker(0xc002b49cf8)
	/home/mariell/go/pkg/mod/github.com/centrifugal/centrifuge@v0.33.3/internal/dissolve/dissolve.go:52 +0x27
created by github.com/centrifugal/centrifuge/internal/dissolve.(*Dissolver).Run in goroutine 7705
	/home/mariell/go/pkg/mod/github.com/centrifugal/centrifuge@v0.33.3/internal/dissolve/dissolve.go:31 +0x25

goroutine 8956 [sync.Cond.Wait]:
sync.runtime_notifyListWait(0xc002250f10, 0x3c)
	/usr/lib/go/src/runtime/sema.go:597 +0x159
sync.(*Cond).Wait(0x0?)
	/usr/lib/go/src/sync/cond.go:71 +0x85
github.com/centrifugal/centrifuge/internal/dissolve.(*queueImpl).Wait(0xc008f7f960)
	/home/mariell/go/pkg/mod/github.com/centrifugal/centrifuge@v0.33.3/internal/dissolve/queue.go:139 +0x4a
github.com/centrifugal/centrifuge/internal/dissolve.(*Dissolver).runWorker(0xc002b49cf8)
	/home/mariell/go/pkg/mod/github.com/centrifugal/centrifuge@v0.33.3/internal/dissolve/dissolve.go:52 +0x27
created by github.com/centrifugal/centrifuge/internal/dissolve.(*Dissolver).Run in goroutine 7705
	/home/mariell/go/pkg/mod/github.com/centrifugal/centrifuge@v0.33.3/internal/dissolve/dissolve.go:31 +0x25

goroutine 8957 [sync.Cond.Wait]:
sync.runtime_notifyListWait(0xc002250f10, 0x3d)
	/usr/lib/go/src/runtime/sema.go:597 +0x159
sync.(*Cond).Wait(0x3020363239203831?)
	/usr/lib/go/src/sync/cond.go:71 +0x85
github.com/centrifugal/centrifuge/internal/dissolve.(*queueImpl).Wait(0xc008f7f960)
	/home/mariell/go/pkg/mod/github.com/centrifugal/centrifuge@v0.33.3/internal/dissolve/queue.go:139 +0x4a
github.com/centrifugal/centrifuge/internal/dissolve.(*Dissolver).runWorker(0xc002b49cf8)
	/home/mariell/go/pkg/mod/github.com/centrifugal/centrifuge@v0.33.3/internal/dissolve/dissolve.go:52 +0x27
created by github.com/centrifugal/centrifuge/internal/dissolve.(*Dissolver).Run in goroutine 7705
	/home/mariell/go/pkg/mod/github.com/centrifugal/centrifuge@v0.33.3/internal/dissolve/dissolve.go:31 +0x25

goroutine 8958 [sync.Cond.Wait]:
sync.runtime_notifyListWait(0xc002250f10, 0x3f)
	/usr/lib/go/src/runtime/sema.go:597 +0x159
sync.(*Cond).Wait(0x7b3d656d614e7373?)
	/usr/lib/go/src/sync/cond.go:71 +0x85
github.com/centrifugal/centrifuge/internal/dissolve.(*queueImpl).Wait(0xc008f7f960)
	/home/mariell/go/pkg/mod/github.com/centrifugal/centrifuge@v0.33.3/internal/dissolve/queue.go:139 +0x4a
github.com/centrifugal/centrifuge/internal/dissolve.(*Dissolver).runWorker(0xc002b49cf8)
	/home/mariell/go/pkg/mod/github.com/centrifugal/centrifuge@v0.33.3/internal/dissolve/dissolve.go:52 +0x27
created by github.com/centrifugal/centrifuge/internal/dissolve.(*Dissolver).Run in goroutine 7705
	/home/mariell/go/pkg/mod/github.com/centrifugal/centrifuge@v0.33.3/internal/dissolve/dissolve.go:31 +0x25

goroutine 9967 [select]:
github.com/patrickmn/go-cache.(*janitor).Run(0xc0005db890, 0xc004c97240)
	/home/mariell/go/pkg/mod/github.com/patrickmn/go-cache@v2.1.0+incompatible/cache.go:1079 +0x7b
created by github.com/patrickmn/go-cache.runJanitor in goroutine 9307
	/home/mariell/go/pkg/mod/github.com/patrickmn/go-cache@v2.1.0+incompatible/cache.go:1099 +0xdb

goroutine 26854 [select]:
github.com/patrickmn/go-cache.(*janitor).Run(0xc00e23a070, 0xc00414ba40)
	/home/mariell/go/pkg/mod/github.com/patrickmn/go-cache@v2.1.0+incompatible/cache.go:1079 +0x7b
created by github.com/patrickmn/go-cache.runJanitor in goroutine 24637
	/home/mariell/go/pkg/mod/github.com/patrickmn/go-cache@v2.1.0+incompatible/cache.go:1099 +0xdb

goroutine 13523 [sync.Cond.Wait]:
sync.runtime_notifyListWait(0xc00359a490, 0x35)
	/usr/lib/go/src/runtime/sema.go:597 +0x159
sync.(*Cond).Wait(0x0?)
	/usr/lib/go/src/sync/cond.go:71 +0x85
github.com/centrifugal/centrifuge/internal/dissolve.(*queueImpl).Wait(0xc0071d3500)
	/home/mariell/go/pkg/mod/github.com/centrifugal/centrifuge@v0.33.3/internal/dissolve/queue.go:139 +0x4a
github.com/centrifugal/centrifuge/internal/dissolve.(*Dissolver).runWorker(0xc008da47c8)
	/home/mariell/go/pkg/mod/github.com/centrifugal/centrifuge@v0.33.3/internal/dissolve/dissolve.go:52 +0x27
created by github.com/centrifugal/centrifuge/internal/dissolve.(*Dissolver).Run in goroutine 12330
	/home/mariell/go/pkg/mod/github.com/centrifugal/centrifuge@v0.33.3/internal/dissolve/dissolve.go:31 +0x25

goroutine 32050 [select]:
database/sql.(*DB).connectionCleaner(0xc01af85040, 0xc01af89f10?)
	/usr/lib/go/src/database/sql/sql.go:1104 +0x9c
created by database/sql.(*DB).startCleanerLocked in goroutine 31996
	/usr/lib/go/src/database/sql/sql.go:1091 +0x105

goroutine 9015 [select]:
github.com/patrickmn/go-cache.(*janitor).Run(0xc0093a9350, 0xc002cdca80)
	/home/mariell/go/pkg/mod/github.com/patrickmn/go-cache@v2.1.0+incompatible/cache.go:1079 +0x7b
created by github.com/patrickmn/go-cache.runJanitor in goroutine 7705
	/home/mariell/go/pkg/mod/github.com/patrickmn/go-cache@v2.1.0+incompatible/cache.go:1099 +0xdb

goroutine 9021 [select]:
github.com/patrickmn/go-cache.(*janitor).Run(0xc0093b97d0, 0xc002bc48c0)
	/home/mariell/go/pkg/mod/github.com/patrickmn/go-cache@v2.1.0+incompatible/cache.go:1079 +0x7b
created by github.com/patrickmn/go-cache.runJanitor in goroutine 7705
	/home/mariell/go/pkg/mod/github.com/patrickmn/go-cache@v2.1.0+incompatible/cache.go:1099 +0xdb

goroutine 9022 [select]:
github.com/patrickmn/go-cache.(*janitor).Run(0xc0093b98f0, 0xc002bc4a00)
	/home/mariell/go/pkg/mod/github.com/patrickmn/go-cache@v2.1.0+incompatible/cache.go:1079 +0x7b
created by github.com/patrickmn/go-cache.runJanitor in goroutine 7705
	/home/mariell/go/pkg/mod/github.com/patrickmn/go-cache@v2.1.0+incompatible/cache.go:1099 +0xdb

goroutine 9023 [select]:
github.com/patrickmn/go-cache.(*janitor).Run(0xc0093b9900, 0xc002bc4b80)
	/home/mariell/go/pkg/mod/github.com/patrickmn/go-cache@v2.1.0+incompatible/cache.go:1079 +0x7b
created by github.com/patrickmn/go-cache.runJanitor in goroutine 7705
	/home/mariell/go/pkg/mod/github.com/patrickmn/go-cache@v2.1.0+incompatible/cache.go:1099 +0xdb

goroutine 9101 [select]:
github.com/patrickmn/go-cache.(*janitor).Run(0xc0093fc0d0, 0xc0038e08c0)
	/home/mariell/go/pkg/mod/github.com/patrickmn/go-cache@v2.1.0+incompatible/cache.go:1079 +0x7b
created by github.com/patrickmn/go-cache.runJanitor in goroutine 7705
	/home/mariell/go/pkg/mod/github.com/patrickmn/go-cache@v2.1.0+incompatible/cache.go:1099 +0xdb

goroutine 9103 [select]:
github.com/patrickmn/go-cache.(*janitor).Run(0xc0093fd030, 0xc0038e10c0)
	/home/mariell/go/pkg/mod/github.com/patrickmn/go-cache@v2.1.0+incompatible/cache.go:1079 +0x7b
created by github.com/patrickmn/go-cache.runJanitor in goroutine 7705
	/home/mariell/go/pkg/mod/github.com/patrickmn/go-cache@v2.1.0+incompatible/cache.go:1099 +0xdb

goroutine 42073 [sync.Cond.Wait]:
sync.runtime_notifyListWait(0xc01bc03e10, 0x7)
	/usr/lib/go/src/runtime/sema.go:597 +0x159
sync.(*Cond).Wait(0xc0097097d0?)
	/usr/lib/go/src/sync/cond.go:71 +0x85
github.com/centrifugal/centrifuge/internal/dissolve.(*queueImpl).Wait(0xc01e10aa10)
	/home/mariell/go/pkg/mod/github.com/centrifugal/centrifuge@v0.33.3/internal/dissolve/queue.go:139 +0x4a
github.com/centrifugal/centrifuge/internal/dissolve.(*Dissolver).runWorker(0xc0122187e0)
	/home/mariell/go/pkg/mod/github.com/centrifugal/centrifuge@v0.33.3/internal/dissolve/dissolve.go:52 +0x27
created by github.com/centrifugal/centrifuge/internal/dissolve.(*Dissolver).Run in goroutine 40816
	/home/mariell/go/pkg/mod/github.com/centrifugal/centrifuge@v0.33.3/internal/dissolve/dissolve.go:31 +0x25

goroutine 59401 [select]:
database/sql.(*DB).connectionOpener(0xc01b946c30, {0xa9d1d00, 0xc03061e8c0})
	/usr/lib/go/src/database/sql/sql.go:1261 +0x87
created by database/sql.OpenDB in goroutine 22317
	/usr/lib/go/src/database/sql/sql.go:841 +0x130

goroutine 39056 [sync.Cond.Wait]:
sync.runtime_notifyListWait(0xc01fe50bd0, 0x2f)
	/usr/lib/go/src/runtime/sema.go:597 +0x159
sync.(*Cond).Wait(0x0?)
	/usr/lib/go/src/sync/cond.go:71 +0x85
github.com/centrifugal/centrifuge/internal/dissolve.(*queueImpl).Wait(0xc00bf5ccb0)
	/home/mariell/go/pkg/mod/github.com/centrifugal/centrifuge@v0.33.3/internal/dissolve/queue.go:139 +0x4a
github.com/centrifugal/centrifuge/internal/dissolve.(*Dissolver).runWorker(0xc017ecc900)
	/home/mariell/go/pkg/mod/github.com/centrifugal/centrifuge@v0.33.3/internal/dissolve/dissolve.go:52 +0x27
created by github.com/centrifugal/centrifuge/internal/dissolve.(*Dissolver).Run in goroutine 37971
	/home/mariell/go/pkg/mod/github.com/centrifugal/centrifuge@v0.33.3/internal/dissolve/dissolve.go:31 +0x25

goroutine 20941 [select]:
github.com/centrifugal/centrifuge.(*Node).updateMetrics(0xc005423d48)
	/home/mariell/go/pkg/mod/github.com/centrifugal/centrifuge@v0.33.3/node.go:335 +0x85
created by github.com/centrifugal/centrifuge.(*Node).Run in goroutine 19735
	/home/mariell/go/pkg/mod/github.com/centrifugal/centrifuge@v0.33.3/node.go:262 +0x2a5

goroutine 10845 [select]:
k8s.io/apimachinery/pkg/util/wait.BackoffUntil(0xc004ab2b40, {0xa95ac00, 0xc009d9ced0}, 0x1, 0xc00a2d4690)
	/home/mariell/go/pkg/mod/k8s.io/apimachinery@v0.32.1/pkg/util/wait/backoff.go:238 +0x12c
k8s.io/apimachinery/pkg/util/wait.JitterUntil(0xc004ab2b40, 0x3b9aca00, 0x3ff3333333333333, 0x1, 0xc00a2d4690)
	/home/mariell/go/pkg/mod/k8s.io/apimachinery@v0.32.1/pkg/util/wait/backoff.go:204 +0x7f
created by k8s.io/apiserver/pkg/registry/generic/registry.(*Store).startObservingCount in goroutine 10763
	/home/mariell/go/pkg/mod/k8s.io/apiserver@v0.32.1/pkg/registry/generic/registry/store.go:1666 +0x2f9

goroutine 18223 [select]:
net/http.(*persistConn).writeLoop(0xc004336480)
	/usr/lib/go/src/net/http/transport.go:2590 +0xe7
created by net/http.(*Transport).dialConn in goroutine 17664
	/usr/lib/go/src/net/http/transport.go:1945 +0x17a5

goroutine 15051 [select]:
github.com/patrickmn/go-cache.(*janitor).Run(0xc00d6c0ae0, 0xc00d71c000)
	/home/mariell/go/pkg/mod/github.com/patrickmn/go-cache@v2.1.0+incompatible/cache.go:1079 +0x7b
created by github.com/patrickmn/go-cache.runJanitor in goroutine 13738
	/home/mariell/go/pkg/mod/github.com/patrickmn/go-cache@v2.1.0+incompatible/cache.go:1099 +0xdb

goroutine 12340 [IO wait]:
internal/poll.runtime_pollWait(0x7775593b8a20, 0x72)
	/usr/lib/go/src/runtime/netpoll.go:351 +0x85
internal/poll.(*pollDesc).wait(0xc005e60000?, 0xc006ffec00?, 0x0)
	/usr/lib/go/src/internal/poll/fd_poll_runtime.go:84 +0x27
internal/poll.(*pollDesc).waitRead(...)
	/usr/lib/go/src/internal/poll/fd_poll_runtime.go:89
internal/poll.(*FD).Read(0xc005e60000, {0xc006ffec00, 0x1300, 0x1300})
	/usr/lib/go/src/internal/poll/fd_unix.go:165 +0x27a
net.(*netFD).Read(0xc005e60000, {0xc006ffec00?, 0x0?, 0x0?})
	/usr/lib/go/src/net/fd_posix.go:55 +0x25
net.(*conn).Read(0xc00d71f220, {0xc006ffec00?, 0x777559380788?, 0x7775a8b28a78?})
	/usr/lib/go/src/net/net.go:194 +0x45
crypto/tls.(*atLeastReader).Read(0xc003e13740, {0xc006ffec00?, 0xc006494300?, 0x953dd74?})
	/usr/lib/go/src/crypto/tls/conn.go:809 +0x3b
bytes.(*Buffer).ReadFrom(0xc003aea2b8, {0xa94e300, 0xc003e13740})
	/usr/lib/go/src/bytes/buffer.go:211 +0x98
crypto/tls.(*Conn).readFromUntil(0xc003aea008, {0xa94dc00, 0xc00d71f220}, 0x444af4?)
	/usr/lib/go/src/crypto/tls/conn.go:831 +0xde
crypto/tls.(*Conn).readRecordOrCCS(0xc003aea008, 0x0)
	/usr/lib/go/src/crypto/tls/conn.go:629 +0x3cf
crypto/tls.(*Conn).readRecord(...)
	/usr/lib/go/src/crypto/tls/conn.go:591
crypto/tls.(*Conn).Read(0xc003aea008, {0xc004235000, 0x1000, 0x7775a8b28a78?})
	/usr/lib/go/src/crypto/tls/conn.go:1385 +0x145
net/http.(*persistConn).Read(0xc00a962000, {0xc004235000?, 0x4141c5?, 0x68?})
	/usr/lib/go/src/net/http/transport.go:2122 +0x47
bufio.(*Reader).fill(0xc00b375500)
	/usr/lib/go/src/bufio/bufio.go:113 +0x103
bufio.(*Reader).Peek(0xc00b375500, 0x1)
	/usr/lib/go/src/bufio/bufio.go:152 +0x53
net/http.(*persistConn).readLoop(0xc00a962000)
	/usr/lib/go/src/net/http/transport.go:2275 +0x172
created by net/http.(*Transport).dialConn in goroutine 9340
	/usr/lib/go/src/net/http/transport.go:1944 +0x174f

goroutine 30123 [sync.Cond.Wait]:
sync.runtime_notifyListWait(0xc0029f6450, 0x3a)
	/usr/lib/go/src/runtime/sema.go:597 +0x159
sync.(*Cond).Wait(0x0?)
	/usr/lib/go/src/sync/cond.go:71 +0x85
github.com/centrifugal/centrifuge/internal/dissolve.(*queueImpl).Wait(0xc00ccdc000)
	/home/mariell/go/pkg/mod/github.com/centrifugal/centrifuge@v0.33.3/internal/dissolve/queue.go:139 +0x4a
github.com/centrifugal/centrifuge/internal/dissolve.(*Dissolver).runWorker(0xc00e0b3c50)
	/home/mariell/go/pkg/mod/github.com/centrifugal/centrifuge@v0.33.3/internal/dissolve/dissolve.go:52 +0x27
created by github.com/centrifugal/centrifuge/internal/dissolve.(*Dissolver).Run in goroutine 28801
	/home/mariell/go/pkg/mod/github.com/centrifugal/centrifuge@v0.33.3/internal/dissolve/dissolve.go:31 +0x25

goroutine 13516 [sync.Cond.Wait]:
sync.runtime_notifyListWait(0xc00359a490, 0x2e)
	/usr/lib/go/src/runtime/sema.go:597 +0x159
sync.(*Cond).Wait(0xc0088557d0?)
	/usr/lib/go/src/sync/cond.go:71 +0x85
github.com/centrifugal/centrifuge/internal/dissolve.(*queueImpl).Wait(0xc0071d3500)
	/home/mariell/go/pkg/mod/github.com/centrifugal/centrifuge@v0.33.3/internal/dissolve/queue.go:139 +0x4a
github.com/centrifugal/centrifuge/internal/dissolve.(*Dissolver).runWorker(0xc008da47c8)
	/home/mariell/go/pkg/mod/github.com/centrifugal/centrifuge@v0.33.3/internal/dissolve/dissolve.go:52 +0x27
created by github.com/centrifugal/centrifuge/internal/dissolve.(*Dissolver).Run in goroutine 12330
	/home/mariell/go/pkg/mod/github.com/centrifugal/centrifuge@v0.33.3/internal/dissolve/dissolve.go:31 +0x25

goroutine 12355 [select]:
net/http.(*persistConn).writeLoop(0xc00a958000)
	/usr/lib/go/src/net/http/transport.go:2590 +0xe7
created by net/http.(*Transport).dialConn in goroutine 11637
	/usr/lib/go/src/net/http/transport.go:1945 +0x17a5

goroutine 10465 [sync.Cond.Wait]:
sync.runtime_notifyListWait(0xc002b17c10, 0x17)
	/usr/lib/go/src/runtime/sema.go:597 +0x159
sync.(*Cond).Wait(0x0?)
	/usr/lib/go/src/sync/cond.go:71 +0x85
github.com/centrifugal/centrifuge/internal/dissolve.(*queueImpl).Wait(0xc004c930a0)
	/home/mariell/go/pkg/mod/github.com/centrifugal/centrifuge@v0.33.3/internal/dissolve/queue.go:139 +0x4a
github.com/centrifugal/centrifuge/internal/dissolve.(*Dissolver).runWorker(0xc000b16930)
	/home/mariell/go/pkg/mod/github.com/centrifugal/centrifuge@v0.33.3/internal/dissolve/dissolve.go:52 +0x27
created by github.com/centrifugal/centrifuge/internal/dissolve.(*Dissolver).Run in goroutine 9307
	/home/mariell/go/pkg/mod/github.com/centrifugal/centrifuge@v0.33.3/internal/dissolve/dissolve.go:31 +0x25

goroutine 10466 [sync.Cond.Wait]:
sync.runtime_notifyListWait(0xc002b17c10, 0x18)
	/usr/lib/go/src/runtime/sema.go:597 +0x159
sync.(*Cond).Wait(0x0?)
	/usr/lib/go/src/sync/cond.go:71 +0x85
github.com/centrifugal/centrifuge/internal/dissolve.(*queueImpl).Wait(0xc004c930a0)
	/home/mariell/go/pkg/mod/github.com/centrifugal/centrifuge@v0.33.3/internal/dissolve/queue.go:139 +0x4a
github.com/centrifugal/centrifuge/internal/dissolve.(*Dissolver).runWorker(0xc000b16930)
	/home/mariell/go/pkg/mod/github.com/centrifugal/centrifuge@v0.33.3/internal/dissolve/dissolve.go:52 +0x27
created by github.com/centrifugal/centrifuge/internal/dissolve.(*Dissolver).Run in goroutine 9307
	/home/mariell/go/pkg/mod/github.com/centrifugal/centrifuge@v0.33.3/internal/dissolve/dissolve.go:31 +0x25

goroutine 10450 [sync.Cond.Wait]:
sync.runtime_notifyListWait(0xc002b17c10, 0x0)
	/usr/lib/go/src/runtime/sema.go:597 +0x159
sync.(*Cond).Wait(0x0?)
	/usr/lib/go/src/sync/cond.go:71 +0x85
github.com/centrifugal/centrifuge/internal/dissolve.(*queueImpl).Wait(0xc004c930a0)
	/home/mariell/go/pkg/mod/github.com/centrifugal/centrifuge@v0.33.3/internal/dissolve/queue.go:139 +0x4a
github.com/centrifugal/centrifuge/internal/dissolve.(*Dissolver).runWorker(0xc000b16930)
	/home/mariell/go/pkg/mod/github.com/centrifugal/centrifuge@v0.33.3/internal/dissolve/dissolve.go:52 +0x27
created by github.com/centrifugal/centrifuge/internal/dissolve.(*Dissolver).Run in goroutine 9307
	/home/mariell/go/pkg/mod/github.com/centrifugal/centrifuge@v0.33.3/internal/dissolve/dissolve.go:31 +0x25

goroutine 13503 [sync.Cond.Wait]:
sync.runtime_notifyListWait(0xc00359a490, 0x21)
	/usr/lib/go/src/runtime/sema.go:597 +0x159
sync.(*Cond).Wait(0x0?)
	/usr/lib/go/src/sync/cond.go:71 +0x85
github.com/centrifugal/centrifuge/internal/dissolve.(*queueImpl).Wait(0xc0071d3500)
	/home/mariell/go/pkg/mod/github.com/centrifugal/centrifuge@v0.33.3/internal/dissolve/queue.go:139 +0x4a
github.com/centrifugal/centrifuge/internal/dissolve.(*Dissolver).runWorker(0xc008da47c8)
	/home/mariell/go/pkg/mod/github.com/centrifugal/centrifuge@v0.33.3/internal/dissolve/dissolve.go:52 +0x27
created by github.com/centrifugal/centrifuge/internal/dissolve.(*Dissolver).Run in goroutine 12330
	/home/mariell/go/pkg/mod/github.com/centrifugal/centrifuge@v0.33.3/internal/dissolve/dissolve.go:31 +0x25

goroutine 11952 [select]:
github.com/centrifugal/centrifuge.(*MemoryBroker).expireResultCache(0xc0030edc00)
	/home/mariell/go/pkg/mod/github.com/centrifugal/centrifuge@v0.33.3/broker_memory.go:160 +0x68
created by github.com/centrifugal/centrifuge.(*MemoryBroker).Run in goroutine 10841
	/home/mariell/go/pkg/mod/github.com/centrifugal/centrifuge@v0.33.3/broker_memory.go:73 +0x7f

goroutine 12015 [sync.Cond.Wait]:
sync.runtime_notifyListWait(0xc0082fe010, 0x38)
	/usr/lib/go/src/runtime/sema.go:597 +0x159
sync.(*Cond).Wait(0x0?)
	/usr/lib/go/src/sync/cond.go:71 +0x85
github.com/centrifugal/centrifuge/internal/dissolve.(*queueImpl).Wait(0xc0088a18f0)
	/home/mariell/go/pkg/mod/github.com/centrifugal/centrifuge@v0.33.3/internal/dissolve/queue.go:139 +0x4a
github.com/centrifugal/centrifuge/internal/dissolve.(*Dissolver).runWorker(0xc003c41ef0)
	/home/mariell/go/pkg/mod/github.com/centrifugal/centrifuge@v0.33.3/internal/dissolve/dissolve.go:52 +0x27
created by github.com/centrifugal/centrifuge/internal/dissolve.(*Dissolver).Run in goroutine 10841
	/home/mariell/go/pkg/mod/github.com/centrifugal/centrifuge@v0.33.3/internal/dissolve/dissolve.go:31 +0x25

goroutine 52856 [sync.Cond.Wait]:
sync.runtime_notifyListWait(0xc0301d0dd0, 0x14)
	/usr/lib/go/src/runtime/sema.go:597 +0x159
sync.(*Cond).Wait(0x0?)
	/usr/lib/go/src/sync/cond.go:71 +0x85
github.com/centrifugal/centrifuge/internal/dissolve.(*queueImpl).Wait(0xc030230380)
	/home/mariell/go/pkg/mod/github.com/centrifugal/centrifuge@v0.33.3/internal/dissolve/queue.go:139 +0x4a
github.com/centrifugal/centrifuge/internal/dissolve.(*Dissolver).runWorker(0xc008ba75c0)
	/home/mariell/go/pkg/mod/github.com/centrifugal/centrifuge@v0.33.3/internal/dissolve/dissolve.go:52 +0x27
created by github.com/centrifugal/centrifuge/internal/dissolve.(*Dissolver).Run in goroutine 51765
	/home/mariell/go/pkg/mod/github.com/centrifugal/centrifuge@v0.33.3/internal/dissolve/dissolve.go:31 +0x25

goroutine 33481 [select]:
net/http.(*persistConn).writeLoop(0xc003f0c7e0)
	/usr/lib/go/src/net/http/transport.go:2590 +0xe7
created by net/http.(*Transport).dialConn in goroutine 33362
	/usr/lib/go/src/net/http/transport.go:1945 +0x17a5

goroutine 17889 [sync.Cond.Wait]:
sync.runtime_notifyListWait(0xc009ff2dd0, 0x4)
	/usr/lib/go/src/runtime/sema.go:597 +0x159
sync.(*Cond).Wait(0x0?)
	/usr/lib/go/src/sync/cond.go:71 +0x85
github.com/centrifugal/centrifuge/internal/dissolve.(*queueImpl).Wait(0xc00958cb60)
	/home/mariell/go/pkg/mod/github.com/centrifugal/centrifuge@v0.33.3/internal/dissolve/queue.go:139 +0x4a
github.com/centrifugal/centrifuge/internal/dissolve.(*Dissolver).runWorker(0xc0029ba528)
	/home/mariell/go/pkg/mod/github.com/centrifugal/centrifuge@v0.33.3/internal/dissolve/dissolve.go:52 +0x27
created by github.com/centrifugal/centrifuge/internal/dissolve.(*Dissolver).Run in goroutine 13128
	/home/mariell/go/pkg/mod/github.com/centrifugal/centrifuge@v0.33.3/internal/dissolve/dissolve.go:31 +0x25

goroutine 12269 [select]:
k8s.io/apimachinery/pkg/util/wait.BackoffUntil(0xc0065bb540, {0xa95ac00, 0xc008cf8ab0}, 0x1, 0xc000361180)
	/home/mariell/go/pkg/mod/k8s.io/apimachinery@v0.32.1/pkg/util/wait/backoff.go:238 +0x12c
k8s.io/apimachinery/pkg/util/wait.JitterUntil(0xc0065bb540, 0x3b9aca00, 0x3ff3333333333333, 0x1, 0xc000361180)
	/home/mariell/go/pkg/mod/k8s.io/apimachinery@v0.32.1/pkg/util/wait/backoff.go:204 +0x7f
created by k8s.io/apiserver/pkg/registry/generic/registry.(*Store).startObservingCount in goroutine 11768
	/home/mariell/go/pkg/mod/k8s.io/apiserver@v0.32.1/pkg/registry/generic/registry/store.go:1666 +0x2f9

goroutine 46735 [sync.Cond.Wait]:
sync.runtime_notifyListWait(0xc016303990, 0x2a)
	/usr/lib/go/src/runtime/sema.go:597 +0x159
sync.(*Cond).Wait(0xc00a2a6fd0?)
	/usr/lib/go/src/sync/cond.go:71 +0x85
github.com/centrifugal/centrifuge/internal/dissolve.(*queueImpl).Wait(0xc020154850)
	/home/mariell/go/pkg/mod/github.com/centrifugal/centrifuge@v0.33.3/internal/dissolve/queue.go:139 +0x4a
github.com/centrifugal/centrifuge/internal/dissolve.(*Dissolver).runWorker(0xc00b4e8b40)
	/home/mariell/go/pkg/mod/github.com/centrifugal/centrifuge@v0.33.3/internal/dissolve/dissolve.go:52 +0x27
created by github.com/centrifugal/centrifuge/internal/dissolve.(*Dissolver).Run in goroutine 45402
	/home/mariell/go/pkg/mod/github.com/centrifugal/centrifuge@v0.33.3/internal/dissolve/dissolve.go:31 +0x25

goroutine 10887 [chan receive (nil chan)]:
k8s.io/apiserver/pkg/server.preparedGenericAPIServer.RunWithContext.func5()
	/home/mariell/go/pkg/mod/k8s.io/apiserver@v0.32.1/pkg/server/genericapiserver.go:598 +0x37
created by k8s.io/apiserver/pkg/server.preparedGenericAPIServer.RunWithContext in goroutine 9968
	/home/mariell/go/pkg/mod/k8s.io/apiserver@v0.32.1/pkg/server/genericapiserver.go:597 +0x60b

goroutine 13472 [sync.Cond.Wait]:
sync.runtime_notifyListWait(0xc00359a490, 0x2)
	/usr/lib/go/src/runtime/sema.go:597 +0x159
sync.(*Cond).Wait(0xc00649e7d0?)
	/usr/lib/go/src/sync/cond.go:71 +0x85
github.com/centrifugal/centrifuge/internal/dissolve.(*queueImpl).Wait(0xc0071d3500)
	/home/mariell/go/pkg/mod/github.com/centrifugal/centrifuge@v0.33.3/internal/dissolve/queue.go:139 +0x4a
github.com/centrifugal/centrifuge/internal/dissolve.(*Dissolver).runWorker(0xc008da47c8)
	/home/mariell/go/pkg/mod/github.com/centrifugal/centrifuge@v0.33.3/internal/dissolve/dissolve.go:52 +0x27
created by github.com/centrifugal/centrifuge/internal/dissolve.(*Dissolver).Run in goroutine 12330
	/home/mariell/go/pkg/mod/github.com/centrifugal/centrifuge@v0.33.3/internal/dissolve/dissolve.go:31 +0x25

goroutine 13529 [sync.Cond.Wait]:
sync.runtime_notifyListWait(0xc00359a490, 0x37)
	/usr/lib/go/src/runtime/sema.go:597 +0x159
sync.(*Cond).Wait(0x0?)
	/usr/lib/go/src/sync/cond.go:71 +0x85
github.com/centrifugal/centrifuge/internal/dissolve.(*queueImpl).Wait(0xc0071d3500)
	/home/mariell/go/pkg/mod/github.com/centrifugal/centrifuge@v0.33.3/internal/dissolve/queue.go:139 +0x4a
github.com/centrifugal/centrifuge/internal/dissolve.(*Dissolver).runWorker(0xc008da47c8)
	/home/mariell/go/pkg/mod/github.com/centrifugal/centrifuge@v0.33.3/internal/dissolve/dissolve.go:52 +0x27
created by github.com/centrifugal/centrifuge/internal/dissolve.(*Dissolver).Run in goroutine 12330
	/home/mariell/go/pkg/mod/github.com/centrifugal/centrifuge@v0.33.3/internal/dissolve/dissolve.go:31 +0x25

goroutine 10827 [IO wait]:
internal/poll.runtime_pollWait(0x7775593b8f98, 0x72)
	/usr/lib/go/src/runtime/netpoll.go:351 +0x85
internal/poll.(*pollDesc).wait(0xc0070b4880?, 0xc006ffb300?, 0x0)
	/usr/lib/go/src/internal/poll/fd_poll_runtime.go:84 +0x27
internal/poll.(*pollDesc).waitRead(...)
	/usr/lib/go/src/internal/poll/fd_poll_runtime.go:89
internal/poll.(*FD).Read(0xc0070b4880, {0xc006ffb300, 0x1300, 0x1300})
	/usr/lib/go/src/internal/poll/fd_unix.go:165 +0x27a
net.(*netFD).Read(0xc0070b4880, {0xc006ffb300?, 0x5?, 0x5?})
	/usr/lib/go/src/net/fd_posix.go:55 +0x25
net.(*conn).Read(0xc004f88930, {0xc006ffb300?, 0x777558fc22a0?, 0x7775a8b28a78?})
	/usr/lib/go/src/net/net.go:194 +0x45
crypto/tls.(*atLeastReader).Read(0xc003da8348, {0xc006ffb300?, 0x11abda20?, 0xc0095069c8?})
	/usr/lib/go/src/crypto/tls/conn.go:809 +0x3b
bytes.(*Buffer).ReadFrom(0xc00721c2b8, {0xa94e300, 0xc003da8348})
	/usr/lib/go/src/bytes/buffer.go:211 +0x98
crypto/tls.(*Conn).readFromUntil(0xc00721c008, {0xa94dc00, 0xc004f88930}, 0x444af4?)
	/usr/lib/go/src/crypto/tls/conn.go:831 +0xde
crypto/tls.(*Conn).readRecordOrCCS(0xc00721c008, 0x0)
	/usr/lib/go/src/crypto/tls/conn.go:629 +0x3cf
crypto/tls.(*Conn).readRecord(...)
	/usr/lib/go/src/crypto/tls/conn.go:591
crypto/tls.(*Conn).Read(0xc00721c008, {0xc007226000, 0x1000, 0xc008c08480?})
	/usr/lib/go/src/crypto/tls/conn.go:1385 +0x145
net/http.(*persistConn).Read(0xc00324aa20, {0xc007226000?, 0x81fe45?, 0xa94be80?})
	/usr/lib/go/src/net/http/transport.go:2122 +0x47
bufio.(*Reader).fill(0xc0057cc780)
	/usr/lib/go/src/bufio/bufio.go:113 +0x103
bufio.(*Reader).Peek(0xc0057cc780, 0x1)
	/usr/lib/go/src/bufio/bufio.go:152 +0x53
net/http.(*persistConn).readLoop(0xc00324aa20)
	/usr/lib/go/src/net/http/transport.go:2275 +0x172
created by net/http.(*Transport).dialConn in goroutine 10853
	/usr/lib/go/src/net/http/transport.go:1944 +0x174f

goroutine 27022 [sync.Cond.Wait]:
sync.runtime_notifyListWait(0xc00d5304d0, 0x5)
	/usr/lib/go/src/runtime/sema.go:597 +0x159
sync.(*Cond).Wait(0xc0012607d0?)
	/usr/lib/go/src/sync/cond.go:71 +0x85
github.com/centrifugal/centrifuge/internal/dissolve.(*queueImpl).Wait(0xc00dc00930)
	/home/mariell/go/pkg/mod/github.com/centrifugal/centrifuge@v0.33.3/internal/dissolve/queue.go:139 +0x4a
github.com/centrifugal/centrifuge/internal/dissolve.(*Dissolver).runWorker(0xc0128109a8)
	/home/mariell/go/pkg/mod/github.com/centrifugal/centrifuge@v0.33.3/internal/dissolve/dissolve.go:52 +0x27
created by github.com/centrifugal/centrifuge/internal/dissolve.(*Dissolver).Run in goroutine 24637
	/home/mariell/go/pkg/mod/github.com/centrifugal/centrifuge@v0.33.3/internal/dissolve/dissolve.go:31 +0x25

goroutine 10411 [sync.Cond.Wait]:
sync.runtime_notifyListWait(0xc002b17c10, 0x1)
	/usr/lib/go/src/runtime/sema.go:597 +0x159
sync.(*Cond).Wait(0x0?)
	/usr/lib/go/src/sync/cond.go:71 +0x85
github.com/centrifugal/centrifuge/internal/dissolve.(*queueImpl).Wait(0xc004c930a0)
	/home/mariell/go/pkg/mod/github.com/centrifugal/centrifuge@v0.33.3/internal/dissolve/queue.go:139 +0x4a
github.com/centrifugal/centrifuge/internal/dissolve.(*Dissolver).runWorker(0xc000b16930)
	/home/mariell/go/pkg/mod/github.com/centrifugal/centrifuge@v0.33.3/internal/dissolve/dissolve.go:52 +0x27
created by github.com/centrifugal/centrifuge/internal/dissolve.(*Dissolver).Run in goroutine 9307
	/home/mariell/go/pkg/mod/github.com/centrifugal/centrifuge@v0.33.3/internal/dissolve/dissolve.go:31 +0x25

goroutine 10287 [select]:
github.com/patrickmn/go-cache.(*janitor).Run(0xc003c80c90, 0xc004288e40)
	/home/mariell/go/pkg/mod/github.com/patrickmn/go-cache@v2.1.0+incompatible/cache.go:1079 +0x7b
created by github.com/patrickmn/go-cache.runJanitor in goroutine 9307
	/home/mariell/go/pkg/mod/github.com/patrickmn/go-cache@v2.1.0+incompatible/cache.go:1099 +0xdb

goroutine 12390 [select]:
k8s.io/apimachinery/pkg/util/wait.BackoffUntil(0xc00811d680, {0xa95ac00, 0xc005ce3cb0}, 0x1, 0xc00a381c70)
	/home/mariell/go/pkg/mod/k8s.io/apimachinery@v0.32.1/pkg/util/wait/backoff.go:238 +0x12c
k8s.io/apimachinery/pkg/util/wait.JitterUntil(0xc00811d680, 0x3b9aca00, 0x3ff3333333333333, 0x1, 0xc00a381c70)
	/home/mariell/go/pkg/mod/k8s.io/apimachinery@v0.32.1/pkg/util/wait/backoff.go:204 +0x7f
created by k8s.io/apiserver/pkg/registry/generic/registry.(*Store).startObservingCount in goroutine 11768
	/home/mariell/go/pkg/mod/k8s.io/apiserver@v0.32.1/pkg/registry/generic/registry/store.go:1666 +0x2f9

goroutine 10410 [select]:
github.com/centrifugal/centrifuge.(*Node).updateMetrics(0xc004e53688)
	/home/mariell/go/pkg/mod/github.com/centrifugal/centrifuge@v0.33.3/node.go:335 +0x85
created by github.com/centrifugal/centrifuge.(*Node).Run in goroutine 9307
	/home/mariell/go/pkg/mod/github.com/centrifugal/centrifuge@v0.33.3/node.go:262 +0x2a5

goroutine 10641 [select]:
github.com/patrickmn/go-cache.(*janitor).Run(0xc0034ebe60, 0xc002c80a80)
	/home/mariell/go/pkg/mod/github.com/patrickmn/go-cache@v2.1.0+incompatible/cache.go:1079 +0x7b
created by github.com/patrickmn/go-cache.runJanitor in goroutine 9307
	/home/mariell/go/pkg/mod/github.com/patrickmn/go-cache@v2.1.0+incompatible/cache.go:1099 +0xdb

goroutine 11860 [chan receive]:
github.com/grafana/grafana/pkg/storage/unified/sql.(*channelNotifier).notify.func1()
	/home/mariell/work/oss/grafana/pkg/storage/unified/sql/notifier.go:87 +0x39
created by github.com/grafana/grafana/pkg/storage/unified/sql.(*channelNotifier).notify in goroutine 10841
	/home/mariell/work/oss/grafana/pkg/storage/unified/sql/notifier.go:86 +0xdb

goroutine 13524 [sync.Cond.Wait]:
sync.runtime_notifyListWait(0xc00359a490, 0x36)
	/usr/lib/go/src/runtime/sema.go:597 +0x159
sync.(*Cond).Wait(0x29736e6d756c6f43?)
	/usr/lib/go/src/sync/cond.go:71 +0x85
github.com/centrifugal/centrifuge/internal/dissolve.(*queueImpl).Wait(0xc0071d3500)
	/home/mariell/go/pkg/mod/github.com/centrifugal/centrifuge@v0.33.3/internal/dissolve/queue.go:139 +0x4a
github.com/centrifugal/centrifuge/internal/dissolve.(*Dissolver).runWorker(0xc008da47c8)
	/home/mariell/go/pkg/mod/github.com/centrifugal/centrifuge@v0.33.3/internal/dissolve/dissolve.go:52 +0x27
created by github.com/centrifugal/centrifuge/internal/dissolve.(*Dissolver).Run in goroutine 12330
	/home/mariell/go/pkg/mod/github.com/centrifugal/centrifuge@v0.33.3/internal/dissolve/dissolve.go:31 +0x25

goroutine 22916 [select]:
k8s.io/apimachinery/pkg/util/wait.BackoffUntil(0xc00ffc9380, {0xa95ac00, 0xc00f204330}, 0x1, 0xc0102af180)
	/home/mariell/go/pkg/mod/k8s.io/apimachinery@v0.32.1/pkg/util/wait/backoff.go:238 +0x12c
k8s.io/apimachinery/pkg/util/wait.JitterUntil(0xc00ffc9380, 0x3b9aca00, 0x3ff3333333333333, 0x1, 0xc0102af180)
	/home/mariell/go/pkg/mod/k8s.io/apimachinery@v0.32.1/pkg/util/wait/backoff.go:204 +0x7f
created by k8s.io/apiserver/pkg/registry/generic/registry.(*Store).startObservingCount in goroutine 22757
	/home/mariell/go/pkg/mod/k8s.io/apiserver@v0.32.1/pkg/registry/generic/registry/store.go:1666 +0x2f9

goroutine 20943 [sync.Cond.Wait]:
sync.runtime_notifyListWait(0xc00b15c310, 0x14)
	/usr/lib/go/src/runtime/sema.go:597 +0x159
sync.(*Cond).Wait(0xc00ea20fd0?)
	/usr/lib/go/src/sync/cond.go:71 +0x85
github.com/centrifugal/centrifuge/internal/dissolve.(*queueImpl).Wait(0xc00b2a7340)
	/home/mariell/go/pkg/mod/github.com/centrifugal/centrifuge@v0.33.3/internal/dissolve/queue.go:139 +0x4a
github.com/centrifugal/centrifuge/internal/dissolve.(*Dissolver).runWorker(0xc010c1ed20)
	/home/mariell/go/pkg/mod/github.com/centrifugal/centrifuge@v0.33.3/internal/dissolve/dissolve.go:52 +0x27
created by github.com/centrifugal/centrifuge/internal/dissolve.(*Dissolver).Run in goroutine 19735
	/home/mariell/go/pkg/mod/github.com/centrifugal/centrifuge@v0.33.3/internal/dissolve/dissolve.go:31 +0x25

goroutine 13498 [sync.Cond.Wait]:
sync.runtime_notifyListWait(0xc00359a490, 0x1c)
	/usr/lib/go/src/runtime/sema.go:597 +0x159
sync.(*Cond).Wait(0xc00a2ad7d0?)
	/usr/lib/go/src/sync/cond.go:71 +0x85
github.com/centrifugal/centrifuge/internal/dissolve.(*queueImpl).Wait(0xc0071d3500)
	/home/mariell/go/pkg/mod/github.com/centrifugal/centrifuge@v0.33.3/internal/dissolve/queue.go:139 +0x4a
github.com/centrifugal/centrifuge/internal/dissolve.(*Dissolver).runWorker(0xc008da47c8)
	/home/mariell/go/pkg/mod/github.com/centrifugal/centrifuge@v0.33.3/internal/dissolve/dissolve.go:52 +0x27
created by github.com/centrifugal/centrifuge/internal/dissolve.(*Dissolver).Run in goroutine 12330
	/home/mariell/go/pkg/mod/github.com/centrifugal/centrifuge@v0.33.3/internal/dissolve/dissolve.go:31 +0x25

goroutine 10409 [select]:
github.com/centrifugal/centrifuge.(*Node).cleanNodeInfo(0xc004e53688)
	/home/mariell/go/pkg/mod/github.com/centrifugal/centrifuge@v0.33.3/node.go:394 +0x90
created by github.com/centrifugal/centrifuge.(*Node).Run in goroutine 9307
	/home/mariell/go/pkg/mod/github.com/centrifugal/centrifuge@v0.33.3/node.go:261 +0x265

goroutine 14895 [sync.Cond.Wait]:
sync.runtime_notifyListWait(0xc00cfe9cd0, 0x31)
	/usr/lib/go/src/runtime/sema.go:597 +0x159
sync.(*Cond).Wait(0x0?)
	/usr/lib/go/src/sync/cond.go:71 +0x85
github.com/centrifugal/centrifuge/internal/dissolve.(*queueImpl).Wait(0xc00c22f1f0)
	/home/mariell/go/pkg/mod/github.com/centrifugal/centrifuge@v0.33.3/internal/dissolve/queue.go:139 +0x4a
github.com/centrifugal/centrifuge/internal/dissolve.(*Dissolver).runWorker(0xc0034e9ed8)
	/home/mariell/go/pkg/mod/github.com/centrifugal/centrifuge@v0.33.3/internal/dissolve/dissolve.go:52 +0x27
created by github.com/centrifugal/centrifuge/internal/dissolve.(*Dissolver).Run in goroutine 13738
	/home/mariell/go/pkg/mod/github.com/centrifugal/centrifuge@v0.33.3/internal/dissolve/dissolve.go:31 +0x25

goroutine 7813 [select]:
github.com/centrifugal/centrifuge.(*Node).cleanNodeInfo(0xc005118488)
	/home/mariell/go/pkg/mod/github.com/centrifugal/centrifuge@v0.33.3/node.go:394 +0x90
created by github.com/centrifugal/centrifuge.(*Node).Run in goroutine 10841
	/home/mariell/go/pkg/mod/github.com/centrifugal/centrifuge@v0.33.3/node.go:261 +0x265

goroutine 10251 [select]:
github.com/patrickmn/go-cache.(*janitor).Run(0xc0066542c0, 0xc006d01380)
	/home/mariell/go/pkg/mod/github.com/patrickmn/go-cache@v2.1.0+incompatible/cache.go:1079 +0x7b
created by github.com/patrickmn/go-cache.runJanitor in goroutine 9307
	/home/mariell/go/pkg/mod/github.com/patrickmn/go-cache@v2.1.0+incompatible/cache.go:1099 +0xdb

goroutine 10412 [sync.Cond.Wait]:
sync.runtime_notifyListWait(0xc002b17c10, 0x2)
	/usr/lib/go/src/runtime/sema.go:597 +0x159
sync.(*Cond).Wait(0xc0059237d0?)
	/usr/lib/go/src/sync/cond.go:71 +0x85
github.com/centrifugal/centrifuge/internal/dissolve.(*queueImpl).Wait(0xc004c930a0)
	/home/mariell/go/pkg/mod/github.com/centrifugal/centrifuge@v0.33.3/internal/dissolve/queue.go:139 +0x4a
github.com/centrifugal/centrifuge/internal/dissolve.(*Dissolver).runWorker(0xc000b16930)
	/home/mariell/go/pkg/mod/github.com/centrifugal/centrifuge@v0.33.3/internal/dissolve/dissolve.go:52 +0x27
created by github.com/centrifugal/centrifuge/internal/dissolve.(*Dissolver).Run in goroutine 9307
	/home/mariell/go/pkg/mod/github.com/centrifugal/centrifuge@v0.33.3/internal/dissolve/dissolve.go:31 +0x25

goroutine 10327 [chan receive]:
github.com/grafana/grafana/pkg/storage/unified/sql.(*channelNotifier).notify.func1()
	/home/mariell/work/oss/grafana/pkg/storage/unified/sql/notifier.go:87 +0x39
created by github.com/grafana/grafana/pkg/storage/unified/sql.(*channelNotifier).notify in goroutine 9307
	/home/mariell/work/oss/grafana/pkg/storage/unified/sql/notifier.go:86 +0xdb

goroutine 10328 [chan receive]:
github.com/grafana/grafana/pkg/storage/unified/resource.(*server).initWatcher.func1.1()
	/home/mariell/work/oss/grafana/pkg/storage/unified/resource/server.go:922 +0x58
created by github.com/grafana/grafana/pkg/storage/unified/resource.(*server).initWatcher.func1 in goroutine 9307
	/home/mariell/work/oss/grafana/pkg/storage/unified/resource/server.go:921 +0xaa

goroutine 10329 [select]:
github.com/grafana/grafana/pkg/storage/unified/resource.(*cache[...]).run(0xc008ef4f00)
	/home/mariell/work/oss/grafana/pkg/storage/unified/resource/broadcaster.go:291 +0xb0
created by github.com/grafana/grafana/pkg/storage/unified/resource.newChannelCache[...] in goroutine 9307
	/home/mariell/work/oss/grafana/pkg/storage/unified/resource/broadcaster.go:276 +0x189

goroutine 10330 [select]:
github.com/grafana/grafana/pkg/storage/unified/resource.(*broadcaster[...]).stream(0xab113a0, 0xc004c92a80)
	/home/mariell/work/oss/grafana/pkg/storage/unified/resource/broadcaster.go:205 +0x13d
created by github.com/grafana/grafana/pkg/storage/unified/resource.(*broadcaster[...]).init in goroutine 9307
	/home/mariell/work/oss/grafana/pkg/storage/unified/resource/broadcaster.go:177 +0x219

goroutine 10436 [select]:
github.com/centrifugal/centrifuge.(*MemoryBroker).expireResultCache(0xc005c59700)
	/home/mariell/go/pkg/mod/github.com/centrifugal/centrifuge@v0.33.3/broker_memory.go:160 +0x68
created by github.com/centrifugal/centrifuge.(*MemoryBroker).Run in goroutine 9307
	/home/mariell/go/pkg/mod/github.com/centrifugal/centrifuge@v0.33.3/broker_memory.go:73 +0x7f

goroutine 10437 [select]:
github.com/centrifugal/centrifuge.(*historyHub).expireStreams(0xc005c59680)
	/home/mariell/go/pkg/mod/github.com/centrifugal/centrifuge@v0.33.3/broker_memory.go:298 +0x75
created by github.com/centrifugal/centrifuge.(*historyHub).runCleanups in goroutine 9307
	/home/mariell/go/pkg/mod/github.com/centrifugal/centrifuge@v0.33.3/broker_memory.go:252 +0x56

goroutine 10438 [select]:
github.com/centrifugal/centrifuge.(*historyHub).removeStreams(0xc005c59680)
	/home/mariell/go/pkg/mod/github.com/centrifugal/centrifuge@v0.33.3/broker_memory.go:259 +0x6f
created by github.com/centrifugal/centrifuge.(*historyHub).runCleanups in goroutine 9307
	/home/mariell/go/pkg/mod/github.com/centrifugal/centrifuge@v0.33.3/broker_memory.go:253 +0x96

goroutine 10439 [select]:
github.com/FZambia/eagle.(*Eagle).aggregate(0xc006c040e0)
	/home/mariell/go/pkg/mod/github.com/!f!zambia/eagle@v0.1.0/eagle.go:210 +0x6d
created by github.com/FZambia/eagle.New in goroutine 9307
	/home/mariell/go/pkg/mod/github.com/!f!zambia/eagle@v0.1.0/eagle.go:66 +0x176

goroutine 13514 [sync.Cond.Wait]:
sync.runtime_notifyListWait(0xc00359a490, 0x2c)
	/usr/lib/go/src/runtime/sema.go:597 +0x159
sync.(*Cond).Wait(0x0?)
	/usr/lib/go/src/sync/cond.go:71 +0x85
github.com/centrifugal/centrifuge/internal/dissolve.(*queueImpl).Wait(0xc0071d3500)
	/home/mariell/go/pkg/mod/github.com/centrifugal/centrifuge@v0.33.3/internal/dissolve/queue.go:139 +0x4a
github.com/centrifugal/centrifuge/internal/dissolve.(*Dissolver).runWorker(0xc008da47c8)
	/home/mariell/go/pkg/mod/github.com/centrifugal/centrifuge@v0.33.3/internal/dissolve/dissolve.go:52 +0x27
created by github.com/centrifugal/centrifuge/internal/dissolve.(*Dissolver).Run in goroutine 12330
	/home/mariell/go/pkg/mod/github.com/centrifugal/centrifuge@v0.33.3/internal/dissolve/dissolve.go:31 +0x25

goroutine 14884 [sync.Cond.Wait]:
sync.runtime_notifyListWait(0xc00cfe9cd0, 0x25)
	/usr/lib/go/src/runtime/sema.go:597 +0x159
sync.(*Cond).Wait(0x0?)
	/usr/lib/go/src/sync/cond.go:71 +0x85
github.com/centrifugal/centrifuge/internal/dissolve.(*queueImpl).Wait(0xc00c22f1f0)
	/home/mariell/go/pkg/mod/github.com/centrifugal/centrifuge@v0.33.3/internal/dissolve/queue.go:139 +0x4a
github.com/centrifugal/centrifuge/internal/dissolve.(*Dissolver).runWorker(0xc0034e9ed8)
	/home/mariell/go/pkg/mod/github.com/centrifugal/centrifuge@v0.33.3/internal/dissolve/dissolve.go:52 +0x27
created by github.com/centrifugal/centrifuge/internal/dissolve.(*Dissolver).Run in goroutine 13738
	/home/mariell/go/pkg/mod/github.com/centrifugal/centrifuge@v0.33.3/internal/dissolve/dissolve.go:31 +0x25

goroutine 16702 [IO wait]:
internal/poll.runtime_pollWait(0x777558f6a640, 0x72)
	/usr/lib/go/src/runtime/netpoll.go:351 +0x85
internal/poll.(*pollDesc).wait(0xc00e9f3300?, 0xc00709ac00?, 0x0)
	/usr/lib/go/src/internal/poll/fd_poll_runtime.go:84 +0x27
internal/poll.(*pollDesc).waitRead(...)
	/usr/lib/go/src/internal/poll/fd_poll_runtime.go:89
internal/poll.(*FD).Read(0xc00e9f3300, {0xc00709ac00, 0x1300, 0x1300})
	/usr/lib/go/src/internal/poll/fd_unix.go:165 +0x27a
net.(*netFD).Read(0xc00e9f3300, {0xc00709ac00?, 0x0?, 0x0?})
	/usr/lib/go/src/net/fd_posix.go:55 +0x25
net.(*conn).Read(0xc0095274f8, {0xc00709ac00?, 0x777559380788?, 0x7775a8b28f30?})
	/usr/lib/go/src/net/net.go:194 +0x45
crypto/tls.(*atLeastReader).Read(0xc003e13350, {0xc00709ac00?, 0xc00dc959b0?, 0x83c1a9?})
	/usr/lib/go/src/crypto/tls/conn.go:809 +0x3b
bytes.(*Buffer).ReadFrom(0xc00f3930b8, {0xa94e300, 0xc003e13350})
	/usr/lib/go/src/bytes/buffer.go:211 +0x98
crypto/tls.(*Conn).readFromUntil(0xc00f392e08, {0xa94dc00, 0xc0095274f8}, 0x444af4?)
	/usr/lib/go/src/crypto/tls/conn.go:831 +0xde
crypto/tls.(*Conn).readRecordOrCCS(0xc00f392e08, 0x0)
	/usr/lib/go/src/crypto/tls/conn.go:629 +0x3cf
crypto/tls.(*Conn).readRecord(...)
	/usr/lib/go/src/crypto/tls/conn.go:591
crypto/tls.(*Conn).Read(0xc00f392e08, {0xc00f515000, 0x1000, 0x7775a8b28f30?})
	/usr/lib/go/src/crypto/tls/conn.go:1385 +0x145
net/http.(*persistConn).Read(0xc005c10ea0, {0xc00f515000?, 0x4141c5?, 0x68?})
	/usr/lib/go/src/net/http/transport.go:2122 +0x47
bufio.(*Reader).fill(0xc00f5202a0)
	/usr/lib/go/src/bufio/bufio.go:113 +0x103
bufio.(*Reader).Peek(0xc00f5202a0, 0x1)
	/usr/lib/go/src/bufio/bufio.go:152 +0x53
net/http.(*persistConn).readLoop(0xc005c10ea0)
	/usr/lib/go/src/net/http/transport.go:2275 +0x172
created by net/http.(*Transport).dialConn in goroutine 16271
	/usr/lib/go/src/net/http/transport.go:1944 +0x174f

goroutine 20975 [sync.Cond.Wait]:
sync.runtime_notifyListWait(0xc00b15c310, 0x35)
	/usr/lib/go/src/runtime/sema.go:597 +0x159
sync.(*Cond).Wait(0x0?)
	/usr/lib/go/src/sync/cond.go:71 +0x85
github.com/centrifugal/centrifuge/internal/dissolve.(*queueImpl).Wait(0xc00b2a7340)
	/home/mariell/go/pkg/mod/github.com/centrifugal/centrifuge@v0.33.3/internal/dissolve/queue.go:139 +0x4a
github.com/centrifugal/centrifuge/internal/dissolve.(*Dissolver).runWorker(0xc010c1ed20)
	/home/mariell/go/pkg/mod/github.com/centrifugal/centrifuge@v0.33.3/internal/dissolve/dissolve.go:52 +0x27
created by github.com/centrifugal/centrifuge/internal/dissolve.(*Dissolver).Run in goroutine 19735
	/home/mariell/go/pkg/mod/github.com/centrifugal/centrifuge@v0.33.3/internal/dissolve/dissolve.go:31 +0x25

goroutine 10467 [sync.Cond.Wait]:
sync.runtime_notifyListWait(0xc002b17c10, 0x19)
	/usr/lib/go/src/runtime/sema.go:597 +0x159
sync.(*Cond).Wait(0xc004d00150?)
	/usr/lib/go/src/sync/cond.go:71 +0x85
github.com/centrifugal/centrifuge/internal/dissolve.(*queueImpl).Wait(0xc004c930a0)
	/home/mariell/go/pkg/mod/github.com/centrifugal/centrifuge@v0.33.3/internal/dissolve/queue.go:139 +0x4a
github.com/centrifugal/centrifuge/internal/dissolve.(*Dissolver).runWorker(0xc000b16930)
	/home/mariell/go/pkg/mod/github.com/centrifugal/centrifuge@v0.33.3/internal/dissolve/dissolve.go:52 +0x27
created by github.com/centrifugal/centrifuge/internal/dissolve.(*Dissolver).Run in goroutine 9307
	/home/mariell/go/pkg/mod/github.com/centrifugal/centrifuge@v0.33.3/internal/dissolve/dissolve.go:31 +0x25

goroutine 10468 [sync.Cond.Wait]:
sync.runtime_notifyListWait(0xc002b17c10, 0x1a)
	/usr/lib/go/src/runtime/sema.go:597 +0x159
sync.(*Cond).Wait(0xc004d00070?)
	/usr/lib/go/src/sync/cond.go:71 +0x85
github.com/centrifugal/centrifuge/internal/dissolve.(*queueImpl).Wait(0xc004c930a0)
	/home/mariell/go/pkg/mod/github.com/centrifugal/centrifuge@v0.33.3/internal/dissolve/queue.go:139 +0x4a
github.com/centrifugal/centrifuge/internal/dissolve.(*Dissolver).runWorker(0xc000b16930)
	/home/mariell/go/pkg/mod/github.com/centrifugal/centrifuge@v0.33.3/internal/dissolve/dissolve.go:52 +0x27
created by github.com/centrifugal/centrifuge/internal/dissolve.(*Dissolver).Run in goroutine 9307
	/home/mariell/go/pkg/mod/github.com/centrifugal/centrifuge@v0.33.3/internal/dissolve/dissolve.go:31 +0x25

goroutine 10469 [sync.Cond.Wait]:
sync.runtime_notifyListWait(0xc002b17c10, 0x1b)
	/usr/lib/go/src/runtime/sema.go:597 +0x159
sync.(*Cond).Wait(0x0?)
	/usr/lib/go/src/sync/cond.go:71 +0x85
github.com/centrifugal/centrifuge/internal/dissolve.(*queueImpl).Wait(0xc004c930a0)
	/home/mariell/go/pkg/mod/github.com/centrifugal/centrifuge@v0.33.3/internal/dissolve/queue.go:139 +0x4a
github.com/centrifugal/centrifuge/internal/dissolve.(*Dissolver).runWorker(0xc000b16930)
	/home/mariell/go/pkg/mod/github.com/centrifugal/centrifuge@v0.33.3/internal/dissolve/dissolve.go:52 +0x27
created by github.com/centrifugal/centrifuge/internal/dissolve.(*Dissolver).Run in goroutine 9307
	/home/mariell/go/pkg/mod/github.com/centrifugal/centrifuge@v0.33.3/internal/dissolve/dissolve.go:31 +0x25

goroutine 10470 [sync.Cond.Wait]:
sync.runtime_notifyListWait(0xc002b17c10, 0x1c)
	/usr/lib/go/src/runtime/sema.go:597 +0x159
sync.(*Cond).Wait(0x0?)
	/usr/lib/go/src/sync/cond.go:71 +0x85
github.com/centrifugal/centrifuge/internal/dissolve.(*queueImpl).Wait(0xc004c930a0)
	/home/mariell/go/pkg/mod/github.com/centrifugal/centrifuge@v0.33.3/internal/dissolve/queue.go:139 +0x4a
github.com/centrifugal/centrifuge/internal/dissolve.(*Dissolver).runWorker(0xc000b16930)
	/home/mariell/go/pkg/mod/github.com/centrifugal/centrifuge@v0.33.3/internal/dissolve/dissolve.go:52 +0x27
created by github.com/centrifugal/centrifuge/internal/dissolve.(*Dissolver).Run in goroutine 9307
	/home/mariell/go/pkg/mod/github.com/centrifugal/centrifuge@v0.33.3/internal/dissolve/dissolve.go:31 +0x25

goroutine 10471 [sync.Cond.Wait]:
sync.runtime_notifyListWait(0xc002b17c10, 0x8)
	/usr/lib/go/src/runtime/sema.go:597 +0x159
sync.(*Cond).Wait(0xc008518fd0?)
	/usr/lib/go/src/sync/cond.go:71 +0x85
github.com/centrifugal/centrifuge/internal/dissolve.(*queueImpl).Wait(0xc004c930a0)
	/home/mariell/go/pkg/mod/github.com/centrifugal/centrifuge@v0.33.3/internal/dissolve/queue.go:139 +0x4a
github.com/centrifugal/centrifuge/internal/dissolve.(*Dissolver).runWorker(0xc000b16930)
	/home/mariell/go/pkg/mod/github.com/centrifugal/centrifuge@v0.33.3/internal/dissolve/dissolve.go:52 +0x27
created by github.com/centrifugal/centrifuge/internal/dissolve.(*Dissolver).Run in goroutine 9307
	/home/mariell/go/pkg/mod/github.com/centrifugal/centrifuge@v0.33.3/internal/dissolve/dissolve.go:31 +0x25

goroutine 10472 [sync.Cond.Wait]:
sync.runtime_notifyListWait(0xc002b17c10, 0x1e)
	/usr/lib/go/src/runtime/sema.go:597 +0x159
sync.(*Cond).Wait(0x0?)
	/usr/lib/go/src/sync/cond.go:71 +0x85
github.com/centrifugal/centrifuge/internal/dissolve.(*queueImpl).Wait(0xc004c930a0)
	/home/mariell/go/pkg/mod/github.com/centrifugal/centrifuge@v0.33.3/internal/dissolve/queue.go:139 +0x4a
github.com/centrifugal/centrifuge/internal/dissolve.(*Dissolver).runWorker(0xc000b16930)
	/home/mariell/go/pkg/mod/github.com/centrifugal/centrifuge@v0.33.3/internal/dissolve/dissolve.go:52 +0x27
created by github.com/centrifugal/centrifuge/internal/dissolve.(*Dissolver).Run in goroutine 9307
	/home/mariell/go/pkg/mod/github.com/centrifugal/centrifuge@v0.33.3/internal/dissolve/dissolve.go:31 +0x25

goroutine 10473 [sync.Cond.Wait]:
sync.runtime_notifyListWait(0xc002b17c10, 0x1f)
	/usr/lib/go/src/runtime/sema.go:597 +0x159
sync.(*Cond).Wait(0x0?)
	/usr/lib/go/src/sync/cond.go:71 +0x85
github.com/centrifugal/centrifuge/internal/dissolve.(*queueImpl).Wait(0xc004c930a0)
	/home/mariell/go/pkg/mod/github.com/centrifugal/centrifuge@v0.33.3/internal/dissolve/queue.go:139 +0x4a
github.com/centrifugal/centrifuge/internal/dissolve.(*Dissolver).runWorker(0xc000b16930)
	/home/mariell/go/pkg/mod/github.com/centrifugal/centrifuge@v0.33.3/internal/dissolve/dissolve.go:52 +0x27
created by github.com/centrifugal/centrifuge/internal/dissolve.(*Dissolver).Run in goroutine 9307
	/home/mariell/go/pkg/mod/github.com/centrifugal/centrifuge@v0.33.3/internal/dissolve/dissolve.go:31 +0x25

goroutine 10474 [sync.Cond.Wait]:
sync.runtime_notifyListWait(0xc002b17c10, 0x20)
	/usr/lib/go/src/runtime/sema.go:597 +0x159
sync.(*Cond).Wait(0x0?)
	/usr/lib/go/src/sync/cond.go:71 +0x85
github.com/centrifugal/centrifuge/internal/dissolve.(*queueImpl).Wait(0xc004c930a0)
	/home/mariell/go/pkg/mod/github.com/centrifugal/centrifuge@v0.33.3/internal/dissolve/queue.go:139 +0x4a
github.com/centrifugal/centrifuge/internal/dissolve.(*Dissolver).runWorker(0xc000b16930)
	/home/mariell/go/pkg/mod/github.com/centrifugal/centrifuge@v0.33.3/internal/dissolve/dissolve.go:52 +0x27
created by github.com/centrifugal/centrifuge/internal/dissolve.(*Dissolver).Run in goroutine 9307
	/home/mariell/go/pkg/mod/github.com/centrifugal/centrifuge@v0.33.3/internal/dissolve/dissolve.go:31 +0x25

goroutine 10475 [sync.Cond.Wait]:
sync.runtime_notifyListWait(0xc002b17c10, 0x21)
	/usr/lib/go/src/runtime/sema.go:597 +0x159
sync.(*Cond).Wait(0x0?)
	/usr/lib/go/src/sync/cond.go:71 +0x85
github.com/centrifugal/centrifuge/internal/dissolve.(*queueImpl).Wait(0xc004c930a0)
	/home/mariell/go/pkg/mod/github.com/centrifugal/centrifuge@v0.33.3/internal/dissolve/queue.go:139 +0x4a
github.com/centrifugal/centrifuge/internal/dissolve.(*Dissolver).runWorker(0xc000b16930)
	/home/mariell/go/pkg/mod/github.com/centrifugal/centrifuge@v0.33.3/internal/dissolve/dissolve.go:52 +0x27
created by github.com/centrifugal/centrifuge/internal/dissolve.(*Dissolver).Run in goroutine 9307
	/home/mariell/go/pkg/mod/github.com/centrifugal/centrifuge@v0.33.3/internal/dissolve/dissolve.go:31 +0x25

goroutine 10476 [sync.Cond.Wait]:
sync.runtime_notifyListWait(0xc002b17c10, 0x22)
	/usr/lib/go/src/runtime/sema.go:597 +0x159
sync.(*Cond).Wait(0x0?)
	/usr/lib/go/src/sync/cond.go:71 +0x85
github.com/centrifugal/centrifuge/internal/dissolve.(*queueImpl).Wait(0xc004c930a0)
	/home/mariell/go/pkg/mod/github.com/centrifugal/centrifuge@v0.33.3/internal/dissolve/queue.go:139 +0x4a
github.com/centrifugal/centrifuge/internal/dissolve.(*Dissolver).runWorker(0xc000b16930)
	/home/mariell/go/pkg/mod/github.com/centrifugal/centrifuge@v0.33.3/internal/dissolve/dissolve.go:52 +0x27
created by github.com/centrifugal/centrifuge/internal/dissolve.(*Dissolver).Run in goroutine 9307
	/home/mariell/go/pkg/mod/github.com/centrifugal/centrifuge@v0.33.3/internal/dissolve/dissolve.go:31 +0x25

goroutine 10477 [sync.Cond.Wait]:
sync.runtime_notifyListWait(0xc002b17c10, 0x23)
	/usr/lib/go/src/runtime/sema.go:597 +0x159
sync.(*Cond).Wait(0x0?)
	/usr/lib/go/src/sync/cond.go:71 +0x85
github.com/centrifugal/centrifuge/internal/dissolve.(*queueImpl).Wait(0xc004c930a0)
	/home/mariell/go/pkg/mod/github.com/centrifugal/centrifuge@v0.33.3/internal/dissolve/queue.go:139 +0x4a
github.com/centrifugal/centrifuge/internal/dissolve.(*Dissolver).runWorker(0xc000b16930)
	/home/mariell/go/pkg/mod/github.com/centrifugal/centrifuge@v0.33.3/internal/dissolve/dissolve.go:52 +0x27
created by github.com/centrifugal/centrifuge/internal/dissolve.(*Dissolver).Run in goroutine 9307
	/home/mariell/go/pkg/mod/github.com/centrifugal/centrifuge@v0.33.3/internal/dissolve/dissolve.go:31 +0x25

goroutine 10478 [sync.Cond.Wait]:
sync.runtime_notifyListWait(0xc002b17c10, 0x24)
	/usr/lib/go/src/runtime/sema.go:597 +0x159
sync.(*Cond).Wait(0x0?)
	/usr/lib/go/src/sync/cond.go:71 +0x85
github.com/centrifugal/centrifuge/internal/dissolve.(*queueImpl).Wait(0xc004c930a0)
	/home/mariell/go/pkg/mod/github.com/centrifugal/centrifuge@v0.33.3/internal/dissolve/queue.go:139 +0x4a
github.com/centrifugal/centrifuge/internal/dissolve.(*Dissolver).runWorker(0xc000b16930)
	/home/mariell/go/pkg/mod/github.com/centrifugal/centrifuge@v0.33.3/internal/dissolve/dissolve.go:52 +0x27
created by github.com/centrifugal/centrifuge/internal/dissolve.(*Dissolver).Run in goroutine 9307
	/home/mariell/go/pkg/mod/github.com/centrifugal/centrifuge@v0.33.3/internal/dissolve/dissolve.go:31 +0x25

goroutine 10479 [sync.Cond.Wait]:
sync.runtime_notifyListWait(0xc002b17c10, 0x25)
	/usr/lib/go/src/runtime/sema.go:597 +0x159
sync.(*Cond).Wait(0x0?)
	/usr/lib/go/src/sync/cond.go:71 +0x85
github.com/centrifugal/centrifuge/internal/dissolve.(*queueImpl).Wait(0xc004c930a0)
	/home/mariell/go/pkg/mod/github.com/centrifugal/centrifuge@v0.33.3/internal/dissolve/queue.go:139 +0x4a
github.com/centrifugal/centrifuge/internal/dissolve.(*Dissolver).runWorker(0xc000b16930)
	/home/mariell/go/pkg/mod/github.com/centrifugal/centrifuge@v0.33.3/internal/dissolve/dissolve.go:52 +0x27
created by github.com/centrifugal/centrifuge/internal/dissolve.(*Dissolver).Run in goroutine 9307
	/home/mariell/go/pkg/mod/github.com/centrifugal/centrifuge@v0.33.3/internal/dissolve/dissolve.go:31 +0x25

goroutine 10480 [sync.Cond.Wait]:
sync.runtime_notifyListWait(0xc002b17c10, 0x26)
	/usr/lib/go/src/runtime/sema.go:597 +0x159
sync.(*Cond).Wait(0x0?)
	/usr/lib/go/src/sync/cond.go:71 +0x85
github.com/centrifugal/centrifuge/internal/dissolve.(*queueImpl).Wait(0xc004c930a0)
	/home/mariell/go/pkg/mod/github.com/centrifugal/centrifuge@v0.33.3/internal/dissolve/queue.go:139 +0x4a
github.com/centrifugal/centrifuge/internal/dissolve.(*Dissolver).runWorker(0xc000b16930)
	/home/mariell/go/pkg/mod/github.com/centrifugal/centrifuge@v0.33.3/internal/dissolve/dissolve.go:52 +0x27
created by github.com/centrifugal/centrifuge/internal/dissolve.(*Dissolver).Run in goroutine 9307
	/home/mariell/go/pkg/mod/github.com/centrifugal/centrifuge@v0.33.3/internal/dissolve/dissolve.go:31 +0x25

goroutine 10481 [sync.Cond.Wait]:
sync.runtime_notifyListWait(0xc002b17c10, 0x27)
	/usr/lib/go/src/runtime/sema.go:597 +0x159
sync.(*Cond).Wait(0x0?)
	/usr/lib/go/src/sync/cond.go:71 +0x85
github.com/centrifugal/centrifuge/internal/dissolve.(*queueImpl).Wait(0xc004c930a0)
	/home/mariell/go/pkg/mod/github.com/centrifugal/centrifuge@v0.33.3/internal/dissolve/queue.go:139 +0x4a
github.com/centrifugal/centrifuge/internal/dissolve.(*Dissolver).runWorker(0xc000b16930)
	/home/mariell/go/pkg/mod/github.com/centrifugal/centrifuge@v0.33.3/internal/dissolve/dissolve.go:52 +0x27
created by github.com/centrifugal/centrifuge/internal/dissolve.(*Dissolver).Run in goroutine 9307
	/home/mariell/go/pkg/mod/github.com/centrifugal/centrifuge@v0.33.3/internal/dissolve/dissolve.go:31 +0x25

goroutine 10482 [sync.Cond.Wait]:
sync.runtime_notifyListWait(0xc002b17c10, 0x28)
	/usr/lib/go/src/runtime/sema.go:597 +0x159
sync.(*Cond).Wait(0x0?)
	/usr/lib/go/src/sync/cond.go:71 +0x85
github.com/centrifugal/centrifuge/internal/dissolve.(*queueImpl).Wait(0xc004c930a0)
	/home/mariell/go/pkg/mod/github.com/centrifugal/centrifuge@v0.33.3/internal/dissolve/queue.go:139 +0x4a
github.com/centrifugal/centrifuge/internal/dissolve.(*Dissolver).runWorker(0xc000b16930)
	/home/mariell/go/pkg/mod/github.com/centrifugal/centrifuge@v0.33.3/internal/dissolve/dissolve.go:52 +0x27
created by github.com/centrifugal/centrifuge/internal/dissolve.(*Dissolver).Run in goroutine 9307
	/home/mariell/go/pkg/mod/github.com/centrifugal/centrifuge@v0.33.3/internal/dissolve/dissolve.go:31 +0x25

goroutine 10483 [sync.Cond.Wait]:
sync.runtime_notifyListWait(0xc002b17c10, 0x29)
	/usr/lib/go/src/runtime/sema.go:597 +0x159
sync.(*Cond).Wait(0x0?)
	/usr/lib/go/src/sync/cond.go:71 +0x85
github.com/centrifugal/centrifuge/internal/dissolve.(*queueImpl).Wait(0xc004c930a0)
	/home/mariell/go/pkg/mod/github.com/centrifugal/centrifuge@v0.33.3/internal/dissolve/queue.go:139 +0x4a
github.com/centrifugal/centrifuge/internal/dissolve.(*Dissolver).runWorker(0xc000b16930)
	/home/mariell/go/pkg/mod/github.com/centrifugal/centrifuge@v0.33.3/internal/dissolve/dissolve.go:52 +0x27
created by github.com/centrifugal/centrifuge/internal/dissolve.(*Dissolver).Run in goroutine 9307
	/home/mariell/go/pkg/mod/github.com/centrifugal/centrifuge@v0.33.3/internal/dissolve/dissolve.go:31 +0x25

goroutine 10484 [sync.Cond.Wait]:
sync.runtime_notifyListWait(0xc002b17c10, 0x2a)
	/usr/lib/go/src/runtime/sema.go:597 +0x159
sync.(*Cond).Wait(0x0?)
	/usr/lib/go/src/sync/cond.go:71 +0x85
github.com/centrifugal/centrifuge/internal/dissolve.(*queueImpl).Wait(0xc004c930a0)
	/home/mariell/go/pkg/mod/github.com/centrifugal/centrifuge@v0.33.3/internal/dissolve/queue.go:139 +0x4a
github.com/centrifugal/centrifuge/internal/dissolve.(*Dissolver).runWorker(0xc000b16930)
	/home/mariell/go/pkg/mod/github.com/centrifugal/centrifuge@v0.33.3/internal/dissolve/dissolve.go:52 +0x27
created by github.com/centrifugal/centrifuge/internal/dissolve.(*Dissolver).Run in goroutine 9307
	/home/mariell/go/pkg/mod/github.com/centrifugal/centrifuge@v0.33.3/internal/dissolve/dissolve.go:31 +0x25

goroutine 10485 [sync.Cond.Wait]:
sync.runtime_notifyListWait(0xc002b17c10, 0x2b)
	/usr/lib/go/src/runtime/sema.go:597 +0x159
sync.(*Cond).Wait(0x0?)
	/usr/lib/go/src/sync/cond.go:71 +0x85
github.com/centrifugal/centrifuge/internal/dissolve.(*queueImpl).Wait(0xc004c930a0)
	/home/mariell/go/pkg/mod/github.com/centrifugal/centrifuge@v0.33.3/internal/dissolve/queue.go:139 +0x4a
github.com/centrifugal/centrifuge/internal/dissolve.(*Dissolver).runWorker(0xc000b16930)
	/home/mariell/go/pkg/mod/github.com/centrifugal/centrifuge@v0.33.3/internal/dissolve/dissolve.go:52 +0x27
created by github.com/centrifugal/centrifuge/internal/dissolve.(*Dissolver).Run in goroutine 9307
	/home/mariell/go/pkg/mod/github.com/centrifugal/centrifuge@v0.33.3/internal/dissolve/dissolve.go:31 +0x25

goroutine 10486 [sync.Cond.Wait]:
sync.runtime_notifyListWait(0xc002b17c10, 0x2c)
	/usr/lib/go/src/runtime/sema.go:597 +0x159
sync.(*Cond).Wait(0x0?)
	/usr/lib/go/src/sync/cond.go:71 +0x85
github.com/centrifugal/centrifuge/internal/dissolve.(*queueImpl).Wait(0xc004c930a0)
	/home/mariell/go/pkg/mod/github.com/centrifugal/centrifuge@v0.33.3/internal/dissolve/queue.go:139 +0x4a
github.com/centrifugal/centrifuge/internal/dissolve.(*Dissolver).runWorker(0xc000b16930)
	/home/mariell/go/pkg/mod/github.com/centrifugal/centrifuge@v0.33.3/internal/dissolve/dissolve.go:52 +0x27
created by github.com/centrifugal/centrifuge/internal/dissolve.(*Dissolver).Run in goroutine 9307
	/home/mariell/go/pkg/mod/github.com/centrifugal/centrifuge@v0.33.3/internal/dissolve/dissolve.go:31 +0x25

goroutine 10487 [sync.Cond.Wait]:
sync.runtime_notifyListWait(0xc002b17c10, 0x2d)
	/usr/lib/go/src/runtime/sema.go:597 +0x159
sync.(*Cond).Wait(0x0?)
	/usr/lib/go/src/sync/cond.go:71 +0x85
github.com/centrifugal/centrifuge/internal/dissolve.(*queueImpl).Wait(0xc004c930a0)
	/home/mariell/go/pkg/mod/github.com/centrifugal/centrifuge@v0.33.3/internal/dissolve/queue.go:139 +0x4a
github.com/centrifugal/centrifuge/internal/dissolve.(*Dissolver).runWorker(0xc000b16930)
	/home/mariell/go/pkg/mod/github.com/centrifugal/centrifuge@v0.33.3/internal/dissolve/dissolve.go:52 +0x27
created by github.com/centrifugal/centrifuge/internal/dissolve.(*Dissolver).Run in goroutine 9307
	/home/mariell/go/pkg/mod/github.com/centrifugal/centrifuge@v0.33.3/internal/dissolve/dissolve.go:31 +0x25

goroutine 10488 [sync.Cond.Wait]:
sync.runtime_notifyListWait(0xc002b17c10, 0x1d)
	/usr/lib/go/src/runtime/sema.go:597 +0x159
sync.(*Cond).Wait(0x0?)
	/usr/lib/go/src/sync/cond.go:71 +0x85
github.com/centrifugal/centrifuge/internal/dissolve.(*queueImpl).Wait(0xc004c930a0)
	/home/mariell/go/pkg/mod/github.com/centrifugal/centrifuge@v0.33.3/internal/dissolve/queue.go:139 +0x4a
github.com/centrifugal/centrifuge/internal/dissolve.(*Dissolver).runWorker(0xc000b16930)
	/home/mariell/go/pkg/mod/github.com/centrifugal/centrifuge@v0.33.3/internal/dissolve/dissolve.go:52 +0x27
created by github.com/centrifugal/centrifuge/internal/dissolve.(*Dissolver).Run in goroutine 9307
	/home/mariell/go/pkg/mod/github.com/centrifugal/centrifuge@v0.33.3/internal/dissolve/dissolve.go:31 +0x25

goroutine 10489 [sync.Cond.Wait]:
sync.runtime_notifyListWait(0xc002b17c10, 0x2f)
	/usr/lib/go/src/runtime/sema.go:597 +0x159
sync.(*Cond).Wait(0x0?)
	/usr/lib/go/src/sync/cond.go:71 +0x85
github.com/centrifugal/centrifuge/internal/dissolve.(*queueImpl).Wait(0xc004c930a0)
	/home/mariell/go/pkg/mod/github.com/centrifugal/centrifuge@v0.33.3/internal/dissolve/queue.go:139 +0x4a
github.com/centrifugal/centrifuge/internal/dissolve.(*Dissolver).runWorker(0xc000b16930)
	/home/mariell/go/pkg/mod/github.com/centrifugal/centrifuge@v0.33.3/internal/dissolve/dissolve.go:52 +0x27
created by github.com/centrifugal/centrifuge/internal/dissolve.(*Dissolver).Run in goroutine 9307
	/home/mariell/go/pkg/mod/github.com/centrifugal/centrifuge@v0.33.3/internal/dissolve/dissolve.go:31 +0x25

goroutine 10490 [sync.Cond.Wait]:
sync.runtime_notifyListWait(0xc002b17c10, 0x30)
	/usr/lib/go/src/runtime/sema.go:597 +0x159
sync.(*Cond).Wait(0x0?)
	/usr/lib/go/src/sync/cond.go:71 +0x85
github.com/centrifugal/centrifuge/internal/dissolve.(*queueImpl).Wait(0xc004c930a0)
	/home/mariell/go/pkg/mod/github.com/centrifugal/centrifuge@v0.33.3/internal/dissolve/queue.go:139 +0x4a
github.com/centrifugal/centrifuge/internal/dissolve.(*Dissolver).runWorker(0xc000b16930)
	/home/mariell/go/pkg/mod/github.com/centrifugal/centrifuge@v0.33.3/internal/dissolve/dissolve.go:52 +0x27
created by github.com/centrifugal/centrifuge/internal/dissolve.(*Dissolver).Run in goroutine 9307
	/home/mariell/go/pkg/mod/github.com/centrifugal/centrifuge@v0.33.3/internal/dissolve/dissolve.go:31 +0x25

goroutine 10491 [sync.Cond.Wait]:
sync.runtime_notifyListWait(0xc002b17c10, 0x31)
	/usr/lib/go/src/runtime/sema.go:597 +0x159
sync.(*Cond).Wait(0x0?)
	/usr/lib/go/src/sync/cond.go:71 +0x85
github.com/centrifugal/centrifuge/internal/dissolve.(*queueImpl).Wait(0xc004c930a0)
	/home/mariell/go/pkg/mod/github.com/centrifugal/centrifuge@v0.33.3/internal/dissolve/queue.go:139 +0x4a
github.com/centrifugal/centrifuge/internal/dissolve.(*Dissolver).runWorker(0xc000b16930)
	/home/mariell/go/pkg/mod/github.com/centrifugal/centrifuge@v0.33.3/internal/dissolve/dissolve.go:52 +0x27
created by github.com/centrifugal/centrifuge/internal/dissolve.(*Dissolver).Run in goroutine 9307
	/home/mariell/go/pkg/mod/github.com/centrifugal/centrifuge@v0.33.3/internal/dissolve/dissolve.go:31 +0x25

goroutine 10492 [sync.Cond.Wait]:
sync.runtime_notifyListWait(0xc002b17c10, 0x32)
	/usr/lib/go/src/runtime/sema.go:597 +0x159
sync.(*Cond).Wait(0x0?)
	/usr/lib/go/src/sync/cond.go:71 +0x85
github.com/centrifugal/centrifuge/internal/dissolve.(*queueImpl).Wait(0xc004c930a0)
	/home/mariell/go/pkg/mod/github.com/centrifugal/centrifuge@v0.33.3/internal/dissolve/queue.go:139 +0x4a
github.com/centrifugal/centrifuge/internal/dissolve.(*Dissolver).runWorker(0xc000b16930)
	/home/mariell/go/pkg/mod/github.com/centrifugal/centrifuge@v0.33.3/internal/dissolve/dissolve.go:52 +0x27
created by github.com/centrifugal/centrifuge/internal/dissolve.(*Dissolver).Run in goroutine 9307
	/home/mariell/go/pkg/mod/github.com/centrifugal/centrifuge@v0.33.3/internal/dissolve/dissolve.go:31 +0x25

goroutine 10493 [sync.Cond.Wait]:
sync.runtime_notifyListWait(0xc002b17c10, 0x33)
	/usr/lib/go/src/runtime/sema.go:597 +0x159
sync.(*Cond).Wait(0x0?)
	/usr/lib/go/src/sync/cond.go:71 +0x85
github.com/centrifugal/centrifuge/internal/dissolve.(*queueImpl).Wait(0xc004c930a0)
	/home/mariell/go/pkg/mod/github.com/centrifugal/centrifuge@v0.33.3/internal/dissolve/queue.go:139 +0x4a
github.com/centrifugal/centrifuge/internal/dissolve.(*Dissolver).runWorker(0xc000b16930)
	/home/mariell/go/pkg/mod/github.com/centrifugal/centrifuge@v0.33.3/internal/dissolve/dissolve.go:52 +0x27
created by github.com/centrifugal/centrifuge/internal/dissolve.(*Dissolver).Run in goroutine 9307
	/home/mariell/go/pkg/mod/github.com/centrifugal/centrifuge@v0.33.3/internal/dissolve/dissolve.go:31 +0x25

goroutine 10494 [sync.Cond.Wait]:
sync.runtime_notifyListWait(0xc002b17c10, 0x34)
	/usr/lib/go/src/runtime/sema.go:597 +0x159
sync.(*Cond).Wait(0x0?)
	/usr/lib/go/src/sync/cond.go:71 +0x85
github.com/centrifugal/centrifuge/internal/dissolve.(*queueImpl).Wait(0xc004c930a0)
	/home/mariell/go/pkg/mod/github.com/centrifugal/centrifuge@v0.33.3/internal/dissolve/queue.go:139 +0x4a
github.com/centrifugal/centrifuge/internal/dissolve.(*Dissolver).runWorker(0xc000b16930)
	/home/mariell/go/pkg/mod/github.com/centrifugal/centrifuge@v0.33.3/internal/dissolve/dissolve.go:52 +0x27
created by github.com/centrifugal/centrifuge/internal/dissolve.(*Dissolver).Run in goroutine 9307
	/home/mariell/go/pkg/mod/github.com/centrifugal/centrifuge@v0.33.3/internal/dissolve/dissolve.go:31 +0x25

goroutine 10495 [sync.Cond.Wait]:
sync.runtime_notifyListWait(0xc002b17c10, 0x35)
	/usr/lib/go/src/runtime/sema.go:597 +0x159
sync.(*Cond).Wait(0x0?)
	/usr/lib/go/src/sync/cond.go:71 +0x85
github.com/centrifugal/centrifuge/internal/dissolve.(*queueImpl).Wait(0xc004c930a0)
	/home/mariell/go/pkg/mod/github.com/centrifugal/centrifuge@v0.33.3/internal/dissolve/queue.go:139 +0x4a
github.com/centrifugal/centrifuge/internal/dissolve.(*Dissolver).runWorker(0xc000b16930)
	/home/mariell/go/pkg/mod/github.com/centrifugal/centrifuge@v0.33.3/internal/dissolve/dissolve.go:52 +0x27
created by github.com/centrifugal/centrifuge/internal/dissolve.(*Dissolver).Run in goroutine 9307
	/home/mariell/go/pkg/mod/github.com/centrifugal/centrifuge@v0.33.3/internal/dissolve/dissolve.go:31 +0x25

goroutine 10496 [sync.Cond.Wait]:
sync.runtime_notifyListWait(0xc002b17c10, 0x36)
	/usr/lib/go/src/runtime/sema.go:597 +0x159
sync.(*Cond).Wait(0x0?)
	/usr/lib/go/src/sync/cond.go:71 +0x85
github.com/centrifugal/centrifuge/internal/dissolve.(*queueImpl).Wait(0xc004c930a0)
	/home/mariell/go/pkg/mod/github.com/centrifugal/centrifuge@v0.33.3/internal/dissolve/queue.go:139 +0x4a
github.com/centrifugal/centrifuge/internal/dissolve.(*Dissolver).runWorker(0xc000b16930)
	/home/mariell/go/pkg/mod/github.com/centrifugal/centrifuge@v0.33.3/internal/dissolve/dissolve.go:52 +0x27
created by github.com/centrifugal/centrifuge/internal/dissolve.(*Dissolver).Run in goroutine 9307
	/home/mariell/go/pkg/mod/github.com/centrifugal/centrifuge@v0.33.3/internal/dissolve/dissolve.go:31 +0x25

goroutine 10497 [sync.Cond.Wait]:
sync.runtime_notifyListWait(0xc002b17c10, 0x2e)
	/usr/lib/go/src/runtime/sema.go:597 +0x159
sync.(*Cond).Wait(0x0?)
	/usr/lib/go/src/sync/cond.go:71 +0x85
github.com/centrifugal/centrifuge/internal/dissolve.(*queueImpl).Wait(0xc004c930a0)
	/home/mariell/go/pkg/mod/github.com/centrifugal/centrifuge@v0.33.3/internal/dissolve/queue.go:139 +0x4a
github.com/centrifugal/centrifuge/internal/dissolve.(*Dissolver).runWorker(0xc000b16930)
	/home/mariell/go/pkg/mod/github.com/centrifugal/centrifuge@v0.33.3/internal/dissolve/dissolve.go:52 +0x27
created by github.com/centrifugal/centrifuge/internal/dissolve.(*Dissolver).Run in goroutine 9307
	/home/mariell/go/pkg/mod/github.com/centrifugal/centrifuge@v0.33.3/internal/dissolve/dissolve.go:31 +0x25

goroutine 10498 [sync.Cond.Wait]:
sync.runtime_notifyListWait(0xc002b17c10, 0x38)
	/usr/lib/go/src/runtime/sema.go:597 +0x159
sync.(*Cond).Wait(0x0?)
	/usr/lib/go/src/sync/cond.go:71 +0x85
github.com/centrifugal/centrifuge/internal/dissolve.(*queueImpl).Wait(0xc004c930a0)
	/home/mariell/go/pkg/mod/github.com/centrifugal/centrifuge@v0.33.3/internal/dissolve/queue.go:139 +0x4a
github.com/centrifugal/centrifuge/internal/dissolve.(*Dissolver).runWorker(0xc000b16930)
	/home/mariell/go/pkg/mod/github.com/centrifugal/centrifuge@v0.33.3/internal/dissolve/dissolve.go:52 +0x27
created by github.com/centrifugal/centrifuge/internal/dissolve.(*Dissolver).Run in goroutine 9307
	/home/mariell/go/pkg/mod/github.com/centrifugal/centrifuge@v0.33.3/internal/dissolve/dissolve.go:31 +0x25

goroutine 10499 [sync.Cond.Wait]:
sync.runtime_notifyListWait(0xc002b17c10, 0x39)
	/usr/lib/go/src/runtime/sema.go:597 +0x159
sync.(*Cond).Wait(0x0?)
	/usr/lib/go/src/sync/cond.go:71 +0x85
github.com/centrifugal/centrifuge/internal/dissolve.(*queueImpl).Wait(0xc004c930a0)
	/home/mariell/go/pkg/mod/github.com/centrifugal/centrifuge@v0.33.3/internal/dissolve/queue.go:139 +0x4a
github.com/centrifugal/centrifuge/internal/dissolve.(*Dissolver).runWorker(0xc000b16930)
	/home/mariell/go/pkg/mod/github.com/centrifugal/centrifuge@v0.33.3/internal/dissolve/dissolve.go:52 +0x27
created by github.com/centrifugal/centrifuge/internal/dissolve.(*Dissolver).Run in goroutine 9307
	/home/mariell/go/pkg/mod/github.com/centrifugal/centrifuge@v0.33.3/internal/dissolve/dissolve.go:31 +0x25

goroutine 10500 [sync.Cond.Wait]:
sync.runtime_notifyListWait(0xc002b17c10, 0x3a)
	/usr/lib/go/src/runtime/sema.go:597 +0x159
sync.(*Cond).Wait(0x0?)
	/usr/lib/go/src/sync/cond.go:71 +0x85
github.com/centrifugal/centrifuge/internal/dissolve.(*queueImpl).Wait(0xc004c930a0)
	/home/mariell/go/pkg/mod/github.com/centrifugal/centrifuge@v0.33.3/internal/dissolve/queue.go:139 +0x4a
github.com/centrifugal/centrifuge/internal/dissolve.(*Dissolver).runWorker(0xc000b16930)
	/home/mariell/go/pkg/mod/github.com/centrifugal/centrifuge@v0.33.3/internal/dissolve/dissolve.go:52 +0x27
created by github.com/centrifugal/centrifuge/internal/dissolve.(*Dissolver).Run in goroutine 9307
	/home/mariell/go/pkg/mod/github.com/centrifugal/centrifuge@v0.33.3/internal/dissolve/dissolve.go:31 +0x25

goroutine 10501 [sync.Cond.Wait]:
sync.runtime_notifyListWait(0xc002b17c10, 0x37)
	/usr/lib/go/src/runtime/sema.go:597 +0x159
sync.(*Cond).Wait(0x0?)
	/usr/lib/go/src/sync/cond.go:71 +0x85
github.com/centrifugal/centrifuge/internal/dissolve.(*queueImpl).Wait(0xc004c930a0)
	/home/mariell/go/pkg/mod/github.com/centrifugal/centrifuge@v0.33.3/internal/dissolve/queue.go:139 +0x4a
github.com/centrifugal/centrifuge/internal/dissolve.(*Dissolver).runWorker(0xc000b16930)
	/home/mariell/go/pkg/mod/github.com/centrifugal/centrifuge@v0.33.3/internal/dissolve/dissolve.go:52 +0x27
created by github.com/centrifugal/centrifuge/internal/dissolve.(*Dissolver).Run in goroutine 9307
	/home/mariell/go/pkg/mod/github.com/centrifugal/centrifuge@v0.33.3/internal/dissolve/dissolve.go:31 +0x25

goroutine 10502 [sync.Cond.Wait]:
sync.runtime_notifyListWait(0xc002b17c10, 0x3c)
	/usr/lib/go/src/runtime/sema.go:597 +0x159
sync.(*Cond).Wait(0x0?)
	/usr/lib/go/src/sync/cond.go:71 +0x85
github.com/centrifugal/centrifuge/internal/dissolve.(*queueImpl).Wait(0xc004c930a0)
	/home/mariell/go/pkg/mod/github.com/centrifugal/centrifuge@v0.33.3/internal/dissolve/queue.go:139 +0x4a
github.com/centrifugal/centrifuge/internal/dissolve.(*Dissolver).runWorker(0xc000b16930)
	/home/mariell/go/pkg/mod/github.com/centrifugal/centrifuge@v0.33.3/internal/dissolve/dissolve.go:52 +0x27
created by github.com/centrifugal/centrifuge/internal/dissolve.(*Dissolver).Run in goroutine 9307
	/home/mariell/go/pkg/mod/github.com/centrifugal/centrifuge@v0.33.3/internal/dissolve/dissolve.go:31 +0x25

goroutine 10503 [sync.Cond.Wait]:
sync.runtime_notifyListWait(0xc002b17c10, 0x3b)
	/usr/lib/go/src/runtime/sema.go:597 +0x159
sync.(*Cond).Wait(0x0?)
	/usr/lib/go/src/sync/cond.go:71 +0x85
github.com/centrifugal/centrifuge/internal/dissolve.(*queueImpl).Wait(0xc004c930a0)
	/home/mariell/go/pkg/mod/github.com/centrifugal/centrifuge@v0.33.3/internal/dissolve/queue.go:139 +0x4a
github.com/centrifugal/centrifuge/internal/dissolve.(*Dissolver).runWorker(0xc000b16930)
	/home/mariell/go/pkg/mod/github.com/centrifugal/centrifuge@v0.33.3/internal/dissolve/dissolve.go:52 +0x27
created by github.com/centrifugal/centrifuge/internal/dissolve.(*Dissolver).Run in goroutine 9307
	/home/mariell/go/pkg/mod/github.com/centrifugal/centrifuge@v0.33.3/internal/dissolve/dissolve.go:31 +0x25

goroutine 10504 [sync.Cond.Wait]:
sync.runtime_notifyListWait(0xc002b17c10, 0x3d)
	/usr/lib/go/src/runtime/sema.go:597 +0x159
sync.(*Cond).Wait(0x0?)
	/usr/lib/go/src/sync/cond.go:71 +0x85
github.com/centrifugal/centrifuge/internal/dissolve.(*queueImpl).Wait(0xc004c930a0)
	/home/mariell/go/pkg/mod/github.com/centrifugal/centrifuge@v0.33.3/internal/dissolve/queue.go:139 +0x4a
github.com/centrifugal/centrifuge/internal/dissolve.(*Dissolver).runWorker(0xc000b16930)
	/home/mariell/go/pkg/mod/github.com/centrifugal/centrifuge@v0.33.3/internal/dissolve/dissolve.go:52 +0x27
created by github.com/centrifugal/centrifuge/internal/dissolve.(*Dissolver).Run in goroutine 9307
	/home/mariell/go/pkg/mod/github.com/centrifugal/centrifuge@v0.33.3/internal/dissolve/dissolve.go:31 +0x25

goroutine 10505 [sync.Cond.Wait]:
sync.runtime_notifyListWait(0xc002b17c10, 0x3e)
	/usr/lib/go/src/runtime/sema.go:597 +0x159
sync.(*Cond).Wait(0x0?)
	/usr/lib/go/src/sync/cond.go:71 +0x85
github.com/centrifugal/centrifuge/internal/dissolve.(*queueImpl).Wait(0xc004c930a0)
	/home/mariell/go/pkg/mod/github.com/centrifugal/centrifuge@v0.33.3/internal/dissolve/queue.go:139 +0x4a
github.com/centrifugal/centrifuge/internal/dissolve.(*Dissolver).runWorker(0xc000b16930)
	/home/mariell/go/pkg/mod/github.com/centrifugal/centrifuge@v0.33.3/internal/dissolve/dissolve.go:52 +0x27
created by github.com/centrifugal/centrifuge/internal/dissolve.(*Dissolver).Run in goroutine 9307
	/home/mariell/go/pkg/mod/github.com/centrifugal/centrifuge@v0.33.3/internal/dissolve/dissolve.go:31 +0x25

goroutine 10506 [sync.Cond.Wait]:
sync.runtime_notifyListWait(0xc002b17c10, 0x3f)
	/usr/lib/go/src/runtime/sema.go:597 +0x159
sync.(*Cond).Wait(0x0?)
	/usr/lib/go/src/sync/cond.go:71 +0x85
github.com/centrifugal/centrifuge/internal/dissolve.(*queueImpl).Wait(0xc004c930a0)
	/home/mariell/go/pkg/mod/github.com/centrifugal/centrifuge@v0.33.3/internal/dissolve/queue.go:139 +0x4a
github.com/centrifugal/centrifuge/internal/dissolve.(*Dissolver).runWorker(0xc000b16930)
	/home/mariell/go/pkg/mod/github.com/centrifugal/centrifuge@v0.33.3/internal/dissolve/dissolve.go:52 +0x27
created by github.com/centrifugal/centrifuge/internal/dissolve.(*Dissolver).Run in goroutine 9307
	/home/mariell/go/pkg/mod/github.com/centrifugal/centrifuge@v0.33.3/internal/dissolve/dissolve.go:31 +0x25

goroutine 17887 [sync.Cond.Wait]:
sync.runtime_notifyListWait(0xc009ff2dd0, 0x2)
	/usr/lib/go/src/runtime/sema.go:597 +0x159
sync.(*Cond).Wait(0xc00c54d7d0?)
	/usr/lib/go/src/sync/cond.go:71 +0x85
github.com/centrifugal/centrifuge/internal/dissolve.(*queueImpl).Wait(0xc00958cb60)
	/home/mariell/go/pkg/mod/github.com/centrifugal/centrifuge@v0.33.3/internal/dissolve/queue.go:139 +0x4a
github.com/centrifugal/centrifuge/internal/dissolve.(*Dissolver).runWorker(0xc0029ba528)
	/home/mariell/go/pkg/mod/github.com/centrifugal/centrifuge@v0.33.3/internal/dissolve/dissolve.go:52 +0x27
created by github.com/centrifugal/centrifuge/internal/dissolve.(*Dissolver).Run in goroutine 13128
	/home/mariell/go/pkg/mod/github.com/centrifugal/centrifuge@v0.33.3/internal/dissolve/dissolve.go:31 +0x25

goroutine 10848 [select]:
github.com/grafana/grafana/pkg/storage/unified/resource.(*cache[...]).run(0xc008298050)
	/home/mariell/work/oss/grafana/pkg/storage/unified/resource/broadcaster.go:291 +0xb0
created by github.com/grafana/grafana/pkg/storage/unified/resource.newChannelCache[...] in goroutine 10763
	/home/mariell/work/oss/grafana/pkg/storage/unified/resource/broadcaster.go:276 +0x189

goroutine 12013 [sync.Cond.Wait]:
sync.runtime_notifyListWait(0xc0082fe010, 0x37)
	/usr/lib/go/src/runtime/sema.go:597 +0x159
sync.(*Cond).Wait(0x0?)
	/usr/lib/go/src/sync/cond.go:71 +0x85
github.com/centrifugal/centrifuge/internal/dissolve.(*queueImpl).Wait(0xc0088a18f0)
	/home/mariell/go/pkg/mod/github.com/centrifugal/centrifuge@v0.33.3/internal/dissolve/queue.go:139 +0x4a
github.com/centrifugal/centrifuge/internal/dissolve.(*Dissolver).runWorker(0xc003c41ef0)
	/home/mariell/go/pkg/mod/github.com/centrifugal/centrifuge@v0.33.3/internal/dissolve/dissolve.go:52 +0x27
created by github.com/centrifugal/centrifuge/internal/dissolve.(*Dissolver).Run in goroutine 10841
	/home/mariell/go/pkg/mod/github.com/centrifugal/centrifuge@v0.33.3/internal/dissolve/dissolve.go:31 +0x25

goroutine 13102 [select]:
github.com/patrickmn/go-cache.(*janitor).Run(0xc00ad66c10, 0xc00853ec00)
	/home/mariell/go/pkg/mod/github.com/patrickmn/go-cache@v2.1.0+incompatible/cache.go:1079 +0x7b
created by github.com/patrickmn/go-cache.runJanitor in goroutine 12330
	/home/mariell/go/pkg/mod/github.com/patrickmn/go-cache@v2.1.0+incompatible/cache.go:1099 +0xdb

goroutine 7821 [sync.Cond.Wait]:
sync.runtime_notifyListWait(0xc0082fe010, 0x7)
	/usr/lib/go/src/runtime/sema.go:597 +0x159
sync.(*Cond).Wait(0x0?)
	/usr/lib/go/src/sync/cond.go:71 +0x85
github.com/centrifugal/centrifuge/internal/dissolve.(*queueImpl).Wait(0xc0088a18f0)
	/home/mariell/go/pkg/mod/github.com/centrifugal/centrifuge@v0.33.3/internal/dissolve/queue.go:139 +0x4a
github.com/centrifugal/centrifuge/internal/dissolve.(*Dissolver).runWorker(0xc003c41ef0)
	/home/mariell/go/pkg/mod/github.com/centrifugal/centrifuge@v0.33.3/internal/dissolve/dissolve.go:52 +0x27
created by github.com/centrifugal/centrifuge/internal/dissolve.(*Dissolver).Run in goroutine 10841
	/home/mariell/go/pkg/mod/github.com/centrifugal/centrifuge@v0.33.3/internal/dissolve/dissolve.go:31 +0x25

goroutine 14653 [select]:
github.com/grafana/grafana/pkg/storage/unified/resource.(*cache[...]).run(0xc001d54480)
	/home/mariell/work/oss/grafana/pkg/storage/unified/resource/broadcaster.go:291 +0xb0
created by github.com/grafana/grafana/pkg/storage/unified/resource.newChannelCache[...] in goroutine 13738
	/home/mariell/work/oss/grafana/pkg/storage/unified/resource/broadcaster.go:276 +0x189

goroutine 13526 [sync.Cond.Wait]:
sync.runtime_notifyListWait(0xc00359a490, 0x38)
	/usr/lib/go/src/runtime/sema.go:597 +0x159
sync.(*Cond).Wait(0x0?)
	/usr/lib/go/src/sync/cond.go:71 +0x85
github.com/centrifugal/centrifuge/internal/dissolve.(*queueImpl).Wait(0xc0071d3500)
	/home/mariell/go/pkg/mod/github.com/centrifugal/centrifuge@v0.33.3/internal/dissolve/queue.go:139 +0x4a
github.com/centrifugal/centrifuge/internal/dissolve.(*Dissolver).runWorker(0xc008da47c8)
	/home/mariell/go/pkg/mod/github.com/centrifugal/centrifuge@v0.33.3/internal/dissolve/dissolve.go:52 +0x27
created by github.com/centrifugal/centrifuge/internal/dissolve.(*Dissolver).Run in goroutine 12330
	/home/mariell/go/pkg/mod/github.com/centrifugal/centrifuge@v0.33.3/internal/dissolve/dissolve.go:31 +0x25

goroutine 12401 [chan receive (nil chan)]:
k8s.io/apiserver/pkg/server.preparedGenericAPIServer.RunWithContext.func5()
	/home/mariell/go/pkg/mod/k8s.io/apiserver@v0.32.1/pkg/server/genericapiserver.go:598 +0x37
created by k8s.io/apiserver/pkg/server.preparedGenericAPIServer.RunWithContext in goroutine 12394
	/home/mariell/go/pkg/mod/k8s.io/apiserver@v0.32.1/pkg/server/genericapiserver.go:597 +0x60b

goroutine 19020 [select]:
k8s.io/apimachinery/pkg/util/wait.BackoffUntil(0xc0035b5300, {0xa95ac00, 0xc00589ba10}, 0x1, 0xc004800230)
	/home/mariell/go/pkg/mod/k8s.io/apimachinery@v0.32.1/pkg/util/wait/backoff.go:238 +0x12c
k8s.io/apimachinery/pkg/util/wait.JitterUntil(0xc0035b5300, 0x3b9aca00, 0x3ff3333333333333, 0x1, 0xc004800230)
	/home/mariell/go/pkg/mod/k8s.io/apimachinery@v0.32.1/pkg/util/wait/backoff.go:204 +0x7f
created by k8s.io/apiserver/pkg/registry/generic/registry.(*Store).startObservingCount in goroutine 18215
	/home/mariell/go/pkg/mod/k8s.io/apiserver@v0.32.1/pkg/registry/generic/registry/store.go:1666 +0x2f9

goroutine 14896 [sync.Cond.Wait]:
sync.runtime_notifyListWait(0xc00cfe9cd0, 0x32)
	/usr/lib/go/src/runtime/sema.go:597 +0x159
sync.(*Cond).Wait(0xa93a550?)
	/usr/lib/go/src/sync/cond.go:71 +0x85
github.com/centrifugal/centrifuge/internal/dissolve.(*queueImpl).Wait(0xc00c22f1f0)
	/home/mariell/go/pkg/mod/github.com/centrifugal/centrifuge@v0.33.3/internal/dissolve/queue.go:139 +0x4a
github.com/centrifugal/centrifuge/internal/dissolve.(*Dissolver).runWorker(0xc0034e9ed8)
	/home/mariell/go/pkg/mod/github.com/centrifugal/centrifuge@v0.33.3/internal/dissolve/dissolve.go:52 +0x27
created by github.com/centrifugal/centrifuge/internal/dissolve.(*Dissolver).Run in goroutine 13738
	/home/mariell/go/pkg/mod/github.com/centrifugal/centrifuge@v0.33.3/internal/dissolve/dissolve.go:31 +0x25

goroutine 22516 [sync.Cond.Wait]:
sync.runtime_notifyListWait(0xc00a914410, 0x2e)
	/usr/lib/go/src/runtime/sema.go:597 +0x159
sync.(*Cond).Wait(0x0?)
	/usr/lib/go/src/sync/cond.go:71 +0x85
github.com/centrifugal/centrifuge/internal/dissolve.(*queueImpl).Wait(0xc00de6dab0)
	/home/mariell/go/pkg/mod/github.com/centrifugal/centrifuge@v0.33.3/internal/dissolve/queue.go:139 +0x4a
github.com/centrifugal/centrifuge/internal/dissolve.(*Dissolver).runWorker(0xc00e20d1e8)
	/home/mariell/go/pkg/mod/github.com/centrifugal/centrifuge@v0.33.3/internal/dissolve/dissolve.go:52 +0x27
created by github.com/centrifugal/centrifuge/internal/dissolve.(*Dissolver).Run in goroutine 21352
	/home/mariell/go/pkg/mod/github.com/centrifugal/centrifuge@v0.33.3/internal/dissolve/dissolve.go:31 +0x25

goroutine 7820 [sync.Cond.Wait]:
sync.runtime_notifyListWait(0xc0082fe010, 0x6)
	/usr/lib/go/src/runtime/sema.go:597 +0x159
sync.(*Cond).Wait(0x0?)
	/usr/lib/go/src/sync/cond.go:71 +0x85
github.com/centrifugal/centrifuge/internal/dissolve.(*queueImpl).Wait(0xc0088a18f0)
	/home/mariell/go/pkg/mod/github.com/centrifugal/centrifuge@v0.33.3/internal/dissolve/queue.go:139 +0x4a
github.com/centrifugal/centrifuge/internal/dissolve.(*Dissolver).runWorker(0xc003c41ef0)
	/home/mariell/go/pkg/mod/github.com/centrifugal/centrifuge@v0.33.3/internal/dissolve/dissolve.go:52 +0x27
created by github.com/centrifugal/centrifuge/internal/dissolve.(*Dissolver).Run in goroutine 10841
	/home/mariell/go/pkg/mod/github.com/centrifugal/centrifuge@v0.33.3/internal/dissolve/dissolve.go:31 +0x25

goroutine 11814 [select]:
github.com/patrickmn/go-cache.(*janitor).Run(0xc009b92740, 0xc00dfe4b00)
	/home/mariell/go/pkg/mod/github.com/patrickmn/go-cache@v2.1.0+incompatible/cache.go:1079 +0x7b
created by github.com/patrickmn/go-cache.runJanitor in goroutine 10841
	/home/mariell/go/pkg/mod/github.com/patrickmn/go-cache@v2.1.0+incompatible/cache.go:1099 +0xdb

goroutine 12271 [chan receive]:
github.com/grafana/grafana/pkg/storage/unified/resource.(*server).initWatcher.func1.1()
	/home/mariell/work/oss/grafana/pkg/storage/unified/resource/server.go:922 +0x58
created by github.com/grafana/grafana/pkg/storage/unified/resource.(*server).initWatcher.func1 in goroutine 11768
	/home/mariell/work/oss/grafana/pkg/storage/unified/resource/server.go:921 +0xaa

goroutine 13484 [sync.Cond.Wait]:
sync.runtime_notifyListWait(0xc00359a490, 0xe)
	/usr/lib/go/src/runtime/sema.go:597 +0x159
sync.(*Cond).Wait(0x0?)
	/usr/lib/go/src/sync/cond.go:71 +0x85
github.com/centrifugal/centrifuge/internal/dissolve.(*queueImpl).Wait(0xc0071d3500)
	/home/mariell/go/pkg/mod/github.com/centrifugal/centrifuge@v0.33.3/internal/dissolve/queue.go:139 +0x4a
github.com/centrifugal/centrifuge/internal/dissolve.(*Dissolver).runWorker(0xc008da47c8)
	/home/mariell/go/pkg/mod/github.com/centrifugal/centrifuge@v0.33.3/internal/dissolve/dissolve.go:52 +0x27
created by github.com/centrifugal/centrifuge/internal/dissolve.(*Dissolver).Run in goroutine 12330
	/home/mariell/go/pkg/mod/github.com/centrifugal/centrifuge@v0.33.3/internal/dissolve/dissolve.go:31 +0x25

goroutine 14865 [sync.Cond.Wait]:
sync.runtime_notifyListWait(0xc00cfe9cd0, 0xd)
	/usr/lib/go/src/runtime/sema.go:597 +0x159
sync.(*Cond).Wait(0x0?)
	/usr/lib/go/src/sync/cond.go:71 +0x85
github.com/centrifugal/centrifuge/internal/dissolve.(*queueImpl).Wait(0xc00c22f1f0)
	/home/mariell/go/pkg/mod/github.com/centrifugal/centrifuge@v0.33.3/internal/dissolve/queue.go:139 +0x4a
github.com/centrifugal/centrifuge/internal/dissolve.(*Dissolver).runWorker(0xc0034e9ed8)
	/home/mariell/go/pkg/mod/github.com/centrifugal/centrifuge@v0.33.3/internal/dissolve/dissolve.go:52 +0x27
created by github.com/centrifugal/centrifuge/internal/dissolve.(*Dissolver).Run in goroutine 13738
	/home/mariell/go/pkg/mod/github.com/centrifugal/centrifuge@v0.33.3/internal/dissolve/dissolve.go:31 +0x25

goroutine 51296 [sync.Cond.Wait]:
sync.runtime_notifyListWait(0xc01afe9210, 0x7)
	/usr/lib/go/src/runtime/sema.go:597 +0x159
sync.(*Cond).Wait(0x0?)
	/usr/lib/go/src/sync/cond.go:71 +0x85
github.com/centrifugal/centrifuge/internal/dissolve.(*queueImpl).Wait(0xc020f245b0)
	/home/mariell/go/pkg/mod/github.com/centrifugal/centrifuge@v0.33.3/internal/dissolve/queue.go:139 +0x4a
github.com/centrifugal/centrifuge/internal/dissolve.(*Dissolver).runWorker(0xc02834aab0)
	/home/mariell/go/pkg/mod/github.com/centrifugal/centrifuge@v0.33.3/internal/dissolve/dissolve.go:52 +0x27
created by github.com/centrifugal/centrifuge/internal/dissolve.(*Dissolver).Run in goroutine 50170
	/home/mariell/go/pkg/mod/github.com/centrifugal/centrifuge@v0.33.3/internal/dissolve/dissolve.go:31 +0x25

goroutine 13502 [sync.Cond.Wait]:
sync.runtime_notifyListWait(0xc00359a490, 0x20)
	/usr/lib/go/src/runtime/sema.go:597 +0x159
sync.(*Cond).Wait(0xc0064a2fd0?)
	/usr/lib/go/src/sync/cond.go:71 +0x85
github.com/centrifugal/centrifuge/internal/dissolve.(*queueImpl).Wait(0xc0071d3500)
	/home/mariell/go/pkg/mod/github.com/centrifugal/centrifuge@v0.33.3/internal/dissolve/queue.go:139 +0x4a
github.com/centrifugal/centrifuge/internal/dissolve.(*Dissolver).runWorker(0xc008da47c8)
	/home/mariell/go/pkg/mod/github.com/centrifugal/centrifuge@v0.33.3/internal/dissolve/dissolve.go:52 +0x27
created by github.com/centrifugal/centrifuge/internal/dissolve.(*Dissolver).Run in goroutine 12330
	/home/mariell/go/pkg/mod/github.com/centrifugal/centrifuge@v0.33.3/internal/dissolve/dissolve.go:31 +0x25

goroutine 10846 [chan receive]:
github.com/grafana/grafana/pkg/registry/apis/dashboard/legacy.(*dashboardSqlAccess).WatchWriteEvents.func1()
	/home/mariell/work/oss/grafana/pkg/registry/apis/dashboard/legacy/storage.go:238 +0x50
created by github.com/grafana/grafana/pkg/registry/apis/dashboard/legacy.(*dashboardSqlAccess).WatchWriteEvents in goroutine 10763
	/home/mariell/work/oss/grafana/pkg/registry/apis/dashboard/legacy/storage.go:236 +0x1b6

goroutine 10847 [chan receive]:
github.com/grafana/grafana/pkg/storage/unified/resource.(*server).initWatcher.func1.1()
	/home/mariell/work/oss/grafana/pkg/storage/unified/resource/server.go:922 +0x58
created by github.com/grafana/grafana/pkg/storage/unified/resource.(*server).initWatcher.func1 in goroutine 10763
	/home/mariell/work/oss/grafana/pkg/storage/unified/resource/server.go:921 +0xaa

goroutine 7819 [sync.Cond.Wait]:
sync.runtime_notifyListWait(0xc0082fe010, 0x5)
	/usr/lib/go/src/runtime/sema.go:597 +0x159
sync.(*Cond).Wait(0x0?)
	/usr/lib/go/src/sync/cond.go:71 +0x85
github.com/centrifugal/centrifuge/internal/dissolve.(*queueImpl).Wait(0xc0088a18f0)
	/home/mariell/go/pkg/mod/github.com/centrifugal/centrifuge@v0.33.3/internal/dissolve/queue.go:139 +0x4a
github.com/centrifugal/centrifuge/internal/dissolve.(*Dissolver).runWorker(0xc003c41ef0)
	/home/mariell/go/pkg/mod/github.com/centrifugal/centrifuge@v0.33.3/internal/dissolve/dissolve.go:52 +0x27
created by github.com/centrifugal/centrifuge/internal/dissolve.(*Dissolver).Run in goroutine 10841
	/home/mariell/go/pkg/mod/github.com/centrifugal/centrifuge@v0.33.3/internal/dissolve/dissolve.go:31 +0x25

goroutine 7812 [select]:
github.com/centrifugal/centrifuge.(*Node).sendNodePing(0xc005118488)
	/home/mariell/go/pkg/mod/github.com/centrifugal/centrifuge@v0.33.3/node.go:380 +0x85
created by github.com/centrifugal/centrifuge.(*Node).Run in goroutine 10841
	/home/mariell/go/pkg/mod/github.com/centrifugal/centrifuge@v0.33.3/node.go:260 +0x225

goroutine 10849 [select]:
github.com/grafana/grafana/pkg/storage/unified/resource.(*broadcaster[...]).stream(0xab113a0, 0xc00800d6c0)
	/home/mariell/work/oss/grafana/pkg/storage/unified/resource/broadcaster.go:205 +0x13d
created by github.com/grafana/grafana/pkg/storage/unified/resource.(*broadcaster[...]).init in goroutine 10763
	/home/mariell/work/oss/grafana/pkg/storage/unified/resource/broadcaster.go:177 +0x219

goroutine 13533 [sync.Cond.Wait]:
sync.runtime_notifyListWait(0xc00359a490, 0x3e)
	/usr/lib/go/src/runtime/sema.go:597 +0x159
sync.(*Cond).Wait(0x0?)
	/usr/lib/go/src/sync/cond.go:71 +0x85
github.com/centrifugal/centrifuge/internal/dissolve.(*queueImpl).Wait(0xc0071d3500)
	/home/mariell/go/pkg/mod/github.com/centrifugal/centrifuge@v0.33.3/internal/dissolve/queue.go:139 +0x4a
github.com/centrifugal/centrifuge/internal/dissolve.(*Dissolver).runWorker(0xc008da47c8)
	/home/mariell/go/pkg/mod/github.com/centrifugal/centrifuge@v0.33.3/internal/dissolve/dissolve.go:52 +0x27
created by github.com/centrifugal/centrifuge/internal/dissolve.(*Dissolver).Run in goroutine 12330
	/home/mariell/go/pkg/mod/github.com/centrifugal/centrifuge@v0.33.3/internal/dissolve/dissolve.go:31 +0x25

goroutine 11811 [select]:
github.com/patrickmn/go-cache.(*janitor).Run(0xc00d65df30, 0xc00dfe47c0)
	/home/mariell/go/pkg/mod/github.com/patrickmn/go-cache@v2.1.0+incompatible/cache.go:1079 +0x7b
created by github.com/patrickmn/go-cache.runJanitor in goroutine 10841
	/home/mariell/go/pkg/mod/github.com/patrickmn/go-cache@v2.1.0+incompatible/cache.go:1099 +0xdb

goroutine 12387 [select]:
k8s.io/apimachinery/pkg/util/wait.BackoffUntil(0xc003994800, {0xa95ac00, 0xc008cf8ae0}, 0x1, 0xc001bf5ab0)
	/home/mariell/go/pkg/mod/k8s.io/apimachinery@v0.32.1/pkg/util/wait/backoff.go:238 +0x12c
k8s.io/apimachinery/pkg/util/wait.JitterUntil(0xc003994800, 0x3b9aca00, 0x3ff3333333333333, 0x1, 0xc001bf5ab0)
	/home/mariell/go/pkg/mod/k8s.io/apimachinery@v0.32.1/pkg/util/wait/backoff.go:204 +0x7f
created by k8s.io/apiserver/pkg/registry/generic/registry.(*Store).startObservingCount in goroutine 11768
	/home/mariell/go/pkg/mod/k8s.io/apiserver@v0.32.1/pkg/registry/generic/registry/store.go:1666 +0x2f9

goroutine 7823 [sync.Cond.Wait]:
sync.runtime_notifyListWait(0xc0082fe010, 0x9)
	/usr/lib/go/src/runtime/sema.go:597 +0x159
sync.(*Cond).Wait(0xc006f22fd0?)
	/usr/lib/go/src/sync/cond.go:71 +0x85
github.com/centrifugal/centrifuge/internal/dissolve.(*queueImpl).Wait(0xc0088a18f0)
	/home/mariell/go/pkg/mod/github.com/centrifugal/centrifuge@v0.33.3/internal/dissolve/queue.go:139 +0x4a
github.com/centrifugal/centrifuge/internal/dissolve.(*Dissolver).runWorker(0xc003c41ef0)
	/home/mariell/go/pkg/mod/github.com/centrifugal/centrifuge@v0.33.3/internal/dissolve/dissolve.go:52 +0x27
created by github.com/centrifugal/centrifuge/internal/dissolve.(*Dissolver).Run in goroutine 10841
	/home/mariell/go/pkg/mod/github.com/centrifugal/centrifuge@v0.33.3/internal/dissolve/dissolve.go:31 +0x25

goroutine 10828 [select]:
net/http.(*persistConn).writeLoop(0xc00324aa20)
	/usr/lib/go/src/net/http/transport.go:2590 +0xe7
created by net/http.(*Transport).dialConn in goroutine 10853
	/usr/lib/go/src/net/http/transport.go:1945 +0x17a5

goroutine 54750 [chan receive]:
github.com/grafana/grafana/pkg/registry/apis/dashboard/legacy.(*dashboardSqlAccess).WatchWriteEvents.func1()
	/home/mariell/work/oss/grafana/pkg/registry/apis/dashboard/legacy/storage.go:238 +0x50
created by github.com/grafana/grafana/pkg/registry/apis/dashboard/legacy.(*dashboardSqlAccess).WatchWriteEvents in goroutine 51745
	/home/mariell/work/oss/grafana/pkg/registry/apis/dashboard/legacy/storage.go:236 +0x1b6

goroutine 14888 [sync.Cond.Wait]:
sync.runtime_notifyListWait(0xc00cfe9cd0, 0x29)
	/usr/lib/go/src/runtime/sema.go:597 +0x159
sync.(*Cond).Wait(0x0?)
	/usr/lib/go/src/sync/cond.go:71 +0x85
github.com/centrifugal/centrifuge/internal/dissolve.(*queueImpl).Wait(0xc00c22f1f0)
	/home/mariell/go/pkg/mod/github.com/centrifugal/centrifuge@v0.33.3/internal/dissolve/queue.go:139 +0x4a
github.com/centrifugal/centrifuge/internal/dissolve.(*Dissolver).runWorker(0xc0034e9ed8)
	/home/mariell/go/pkg/mod/github.com/centrifugal/centrifuge@v0.33.3/internal/dissolve/dissolve.go:52 +0x27
created by github.com/centrifugal/centrifuge/internal/dissolve.(*Dissolver).Run in goroutine 13738
	/home/mariell/go/pkg/mod/github.com/centrifugal/centrifuge@v0.33.3/internal/dissolve/dissolve.go:31 +0x25

goroutine 16385 [select]:
github.com/FZambia/eagle.(*Eagle).aggregate(0xc00ef779d0)
	/home/mariell/go/pkg/mod/github.com/!f!zambia/eagle@v0.1.0/eagle.go:210 +0x6d
created by github.com/FZambia/eagle.New in goroutine 12335
	/home/mariell/go/pkg/mod/github.com/!f!zambia/eagle@v0.1.0/eagle.go:66 +0x176

goroutine 41166 [sync.Cond.Wait]:
sync.runtime_notifyListWait(0xc01bc03e10, 0xf)
	/usr/lib/go/src/runtime/sema.go:597 +0x159
sync.(*Cond).Wait(0x0?)
	/usr/lib/go/src/sync/cond.go:71 +0x85
github.com/centrifugal/centrifuge/internal/dissolve.(*queueImpl).Wait(0xc01e10aa10)
	/home/mariell/go/pkg/mod/github.com/centrifugal/centrifuge@v0.33.3/internal/dissolve/queue.go:139 +0x4a
github.com/centrifugal/centrifuge/internal/dissolve.(*Dissolver).runWorker(0xc0122187e0)
	/home/mariell/go/pkg/mod/github.com/centrifugal/centrifuge@v0.33.3/internal/dissolve/dissolve.go:52 +0x27
created by github.com/centrifugal/centrifuge/internal/dissolve.(*Dissolver).Run in goroutine 40816
	/home/mariell/go/pkg/mod/github.com/centrifugal/centrifuge@v0.33.3/internal/dissolve/dissolve.go:31 +0x25

goroutine 12353 [select]:
database/sql.(*DB).connectionCleaner(0xc00216dad0, 0xc00a18d880?)
	/usr/lib/go/src/database/sql/sql.go:1104 +0x9c
created by database/sql.(*DB).startCleanerLocked in goroutine 12330
	/usr/lib/go/src/database/sql/sql.go:1091 +0x105

goroutine 10650 [select]:
go.opentelemetry.io/otel/sdk/trace.(*batchSpanProcessor).processQueue(0xc004d85ea0)
	/home/mariell/go/pkg/mod/go.opentelemetry.io/otel/sdk@v1.34.0/trace/batch_span_processor.go:302 +0x114
go.opentelemetry.io/otel/sdk/trace.NewBatchSpanProcessor.func1()
	/home/mariell/go/pkg/mod/go.opentelemetry.io/otel/sdk@v1.34.0/trace/batch_span_processor.go:117 +0x4e
created by go.opentelemetry.io/otel/sdk/trace.NewBatchSpanProcessor in goroutine 9307
	/home/mariell/go/pkg/mod/go.opentelemetry.io/otel/sdk@v1.34.0/trace/batch_span_processor.go:115 +0x2d9

goroutine 17882 [select]:
github.com/centrifugal/centrifuge.(*Node).initMetrics.func1()
	/home/mariell/go/pkg/mod/github.com/centrifugal/centrifuge@v0.33.3/node.go:365 +0x8a
created by github.com/centrifugal/centrifuge.(*Node).initMetrics in goroutine 13128
	/home/mariell/go/pkg/mod/github.com/centrifugal/centrifuge@v0.33.3/node.go:363 +0x1f9

goroutine 10819 [IO wait]:
internal/poll.runtime_pollWait(0x7775591d1008, 0x72)
	/usr/lib/go/src/runtime/netpoll.go:351 +0x85
internal/poll.(*pollDesc).wait(0xc007046d00?, 0xc001754c00?, 0x0)
	/usr/lib/go/src/internal/poll/fd_poll_runtime.go:84 +0x27
internal/poll.(*pollDesc).waitRead(...)
	/usr/lib/go/src/internal/poll/fd_poll_runtime.go:89
internal/poll.(*FD).Read(0xc007046d00, {0xc001754c00, 0x1300, 0x1300})
	/usr/lib/go/src/internal/poll/fd_unix.go:165 +0x27a
net.(*netFD).Read(0xc007046d00, {0xc001754c00?, 0xc0069c5a00?, 0x2b0cd0e?})
	/usr/lib/go/src/net/fd_posix.go:55 +0x25
net.(*conn).Read(0xc008d1a298, {0xc001754c00?, 0x77756005ef68?, 0x7775a8b28a78?})
	/usr/lib/go/src/net/net.go:194 +0x45
crypto/tls.(*atLeastReader).Read(0xc009d80468, {0xc001754c00?, 0x200?, 0xc000800008?})
	/usr/lib/go/src/crypto/tls/conn.go:809 +0x3b
bytes.(*Buffer).ReadFrom(0xc006f45b38, {0xa94e300, 0xc009d80468})
	/usr/lib/go/src/bytes/buffer.go:211 +0x98
crypto/tls.(*Conn).readFromUntil(0xc006f45888, {0xa94dc00, 0xc008d1a298}, 0x444af4?)
	/usr/lib/go/src/crypto/tls/conn.go:831 +0xde
crypto/tls.(*Conn).readRecordOrCCS(0xc006f45888, 0x0)
	/usr/lib/go/src/crypto/tls/conn.go:629 +0x3cf
crypto/tls.(*Conn).readRecord(...)
	/usr/lib/go/src/crypto/tls/conn.go:591
crypto/tls.(*Conn).Read(0xc006f45888, {0xc006fed000, 0x1000, 0x7775a8b28a78?})
	/usr/lib/go/src/crypto/tls/conn.go:1385 +0x145
net/http.(*persistConn).Read(0xc002b678c0, {0xc006fed000?, 0x4141c5?, 0x68?})
	/usr/lib/go/src/net/http/transport.go:2122 +0x47
bufio.(*Reader).fill(0xc004e84f00)
	/usr/lib/go/src/bufio/bufio.go:113 +0x103
bufio.(*Reader).Peek(0xc004e84f00, 0x1)
	/usr/lib/go/src/bufio/bufio.go:152 +0x53
net/http.(*persistConn).readLoop(0xc002b678c0)
	/usr/lib/go/src/net/http/transport.go:2275 +0x172
created by net/http.(*Transport).dialConn in goroutine 10753
	/usr/lib/go/src/net/http/transport.go:1944 +0x174f

goroutine 12012 [sync.Cond.Wait]:
sync.runtime_notifyListWait(0xc0082fe010, 0x36)
	/usr/lib/go/src/runtime/sema.go:597 +0x159
sync.(*Cond).Wait(0xc00c557fd0?)
	/usr/lib/go/src/sync/cond.go:71 +0x85
github.com/centrifugal/centrifuge/internal/dissolve.(*queueImpl).Wait(0xc0088a18f0)
	/home/mariell/go/pkg/mod/github.com/centrifugal/centrifuge@v0.33.3/internal/dissolve/queue.go:139 +0x4a
github.com/centrifugal/centrifuge/internal/dissolve.(*Dissolver).runWorker(0xc003c41ef0)
	/home/mariell/go/pkg/mod/github.com/centrifugal/centrifuge@v0.33.3/internal/dissolve/dissolve.go:52 +0x27
created by github.com/centrifugal/centrifuge/internal/dissolve.(*Dissolver).Run in goroutine 10841
	/home/mariell/go/pkg/mod/github.com/centrifugal/centrifuge@v0.33.3/internal/dissolve/dissolve.go:31 +0x25

goroutine 27040 [sync.Cond.Wait]:
sync.runtime_notifyListWait(0xc00d5304d0, 0x2b)
	/usr/lib/go/src/runtime/sema.go:597 +0x159
sync.(*Cond).Wait(0xc0078547d0?)
	/usr/lib/go/src/sync/cond.go:71 +0x85
github.com/centrifugal/centrifuge/internal/dissolve.(*queueImpl).Wait(0xc00dc00930)
	/home/mariell/go/pkg/mod/github.com/centrifugal/centrifuge@v0.33.3/internal/dissolve/queue.go:139 +0x4a
github.com/centrifugal/centrifuge/internal/dissolve.(*Dissolver).runWorker(0xc0128109a8)
	/home/mariell/go/pkg/mod/github.com/centrifugal/centrifuge@v0.33.3/internal/dissolve/dissolve.go:52 +0x27
created by github.com/centrifugal/centrifuge/internal/dissolve.(*Dissolver).Run in goroutine 24637
	/home/mariell/go/pkg/mod/github.com/centrifugal/centrifuge@v0.33.3/internal/dissolve/dissolve.go:31 +0x25

goroutine 40417 [chan receive]:
github.com/grafana/grafana/pkg/storage/unified/sql.(*channelNotifier).notify.func1()
	/home/mariell/work/oss/grafana/pkg/storage/unified/sql/notifier.go:87 +0x39
created by github.com/grafana/grafana/pkg/storage/unified/sql.(*channelNotifier).notify in goroutine 36287
	/home/mariell/work/oss/grafana/pkg/storage/unified/sql/notifier.go:86 +0xdb

goroutine 13482 [sync.Cond.Wait]:
sync.runtime_notifyListWait(0xc00359a490, 0xc)
	/usr/lib/go/src/runtime/sema.go:597 +0x159
sync.(*Cond).Wait(0x0?)
	/usr/lib/go/src/sync/cond.go:71 +0x85
github.com/centrifugal/centrifuge/internal/dissolve.(*queueImpl).Wait(0xc0071d3500)
	/home/mariell/go/pkg/mod/github.com/centrifugal/centrifuge@v0.33.3/internal/dissolve/queue.go:139 +0x4a
github.com/centrifugal/centrifuge/internal/dissolve.(*Dissolver).runWorker(0xc008da47c8)
	/home/mariell/go/pkg/mod/github.com/centrifugal/centrifuge@v0.33.3/internal/dissolve/dissolve.go:52 +0x27
created by github.com/centrifugal/centrifuge/internal/dissolve.(*Dissolver).Run in goroutine 12330
	/home/mariell/go/pkg/mod/github.com/centrifugal/centrifuge@v0.33.3/internal/dissolve/dissolve.go:31 +0x25

goroutine 40376 [select]:
github.com/patrickmn/go-cache.(*janitor).Run(0xc022b8b030, 0xc022204980)
	/home/mariell/go/pkg/mod/github.com/patrickmn/go-cache@v2.1.0+incompatible/cache.go:1079 +0x7b
created by github.com/patrickmn/go-cache.runJanitor in goroutine 36287
	/home/mariell/go/pkg/mod/github.com/patrickmn/go-cache@v2.1.0+incompatible/cache.go:1099 +0xdb

goroutine 13509 [sync.Cond.Wait]:
sync.runtime_notifyListWait(0xc00359a490, 0x27)
	/usr/lib/go/src/runtime/sema.go:597 +0x159
sync.(*Cond).Wait(0x2866693b29742873?)
	/usr/lib/go/src/sync/cond.go:71 +0x85
github.com/centrifugal/centrifuge/internal/dissolve.(*queueImpl).Wait(0xc0071d3500)
	/home/mariell/go/pkg/mod/github.com/centrifugal/centrifuge@v0.33.3/internal/dissolve/queue.go:139 +0x4a
github.com/centrifugal/centrifuge/internal/dissolve.(*Dissolver).runWorker(0xc008da47c8)
	/home/mariell/go/pkg/mod/github.com/centrifugal/centrifuge@v0.33.3/internal/dissolve/dissolve.go:52 +0x27
created by github.com/centrifugal/centrifuge/internal/dissolve.(*Dissolver).Run in goroutine 12330
	/home/mariell/go/pkg/mod/github.com/centrifugal/centrifuge@v0.33.3/internal/dissolve/dissolve.go:31 +0x25

goroutine 11810 [select]:
github.com/patrickmn/go-cache.(*janitor).Run(0xc00d65ce40, 0xc00dfe4180)
	/home/mariell/go/pkg/mod/github.com/patrickmn/go-cache@v2.1.0+incompatible/cache.go:1079 +0x7b
created by github.com/patrickmn/go-cache.runJanitor in goroutine 10841
	/home/mariell/go/pkg/mod/github.com/patrickmn/go-cache@v2.1.0+incompatible/cache.go:1099 +0xdb

goroutine 13528 [sync.Cond.Wait]:
sync.runtime_notifyListWait(0xc00359a490, 0x3a)
	/usr/lib/go/src/runtime/sema.go:597 +0x159
sync.(*Cond).Wait(0x0?)
	/usr/lib/go/src/sync/cond.go:71 +0x85
github.com/centrifugal/centrifuge/internal/dissolve.(*queueImpl).Wait(0xc0071d3500)
	/home/mariell/go/pkg/mod/github.com/centrifugal/centrifuge@v0.33.3/internal/dissolve/queue.go:139 +0x4a
github.com/centrifugal/centrifuge/internal/dissolve.(*Dissolver).runWorker(0xc008da47c8)
	/home/mariell/go/pkg/mod/github.com/centrifugal/centrifuge@v0.33.3/internal/dissolve/dissolve.go:52 +0x27
created by github.com/centrifugal/centrifuge/internal/dissolve.(*Dissolver).Run in goroutine 12330
	/home/mariell/go/pkg/mod/github.com/centrifugal/centrifuge@v0.33.3/internal/dissolve/dissolve.go:31 +0x25

goroutine 17904 [sync.Cond.Wait]:
sync.runtime_notifyListWait(0xc009ff2dd0, 0xe)
	/usr/lib/go/src/runtime/sema.go:597 +0x159
sync.(*Cond).Wait(0x0?)
	/usr/lib/go/src/sync/cond.go:71 +0x85
github.com/centrifugal/centrifuge/internal/dissolve.(*queueImpl).Wait(0xc00958cb60)
	/home/mariell/go/pkg/mod/github.com/centrifugal/centrifuge@v0.33.3/internal/dissolve/queue.go:139 +0x4a
github.com/centrifugal/centrifuge/internal/dissolve.(*Dissolver).runWorker(0xc0029ba528)
	/home/mariell/go/pkg/mod/github.com/centrifugal/centrifuge@v0.33.3/internal/dissolve/dissolve.go:52 +0x27
created by github.com/centrifugal/centrifuge/internal/dissolve.(*Dissolver).Run in goroutine 13128
	/home/mariell/go/pkg/mod/github.com/centrifugal/centrifuge@v0.33.3/internal/dissolve/dissolve.go:31 +0x25

goroutine 13493 [sync.Cond.Wait]:
sync.runtime_notifyListWait(0xc00359a490, 0x17)
	/usr/lib/go/src/runtime/sema.go:597 +0x159
sync.(*Cond).Wait(0x0?)
	/usr/lib/go/src/sync/cond.go:71 +0x85
github.com/centrifugal/centrifuge/internal/dissolve.(*queueImpl).Wait(0xc0071d3500)
	/home/mariell/go/pkg/mod/github.com/centrifugal/centrifuge@v0.33.3/internal/dissolve/queue.go:139 +0x4a
github.com/centrifugal/centrifuge/internal/dissolve.(*Dissolver).runWorker(0xc008da47c8)
	/home/mariell/go/pkg/mod/github.com/centrifugal/centrifuge@v0.33.3/internal/dissolve/dissolve.go:52 +0x27
created by github.com/centrifugal/centrifuge/internal/dissolve.(*Dissolver).Run in goroutine 12330
	/home/mariell/go/pkg/mod/github.com/centrifugal/centrifuge@v0.33.3/internal/dissolve/dissolve.go:31 +0x25

goroutine 10729 [IO wait]:
internal/poll.runtime_pollWait(0x7775591d0dd8, 0x72)
	/usr/lib/go/src/runtime/netpoll.go:351 +0x85
internal/poll.(*pollDesc).wait(0xc006c7fa80?, 0xc0066b2c00?, 0x0)
	/usr/lib/go/src/internal/poll/fd_poll_runtime.go:84 +0x27
internal/poll.(*pollDesc).waitRead(...)
	/usr/lib/go/src/internal/poll/fd_poll_runtime.go:89
internal/poll.(*FD).Read(0xc006c7fa80, {0xc0066b2c00, 0x1300, 0x1300})
	/usr/lib/go/src/internal/poll/fd_unix.go:165 +0x27a
net.(*netFD).Read(0xc006c7fa80, {0xc0066b2c00?, 0x5?, 0x5?})
	/usr/lib/go/src/net/fd_posix.go:55 +0x25
net.(*conn).Read(0xc008d1a2a8, {0xc0066b2c00?, 0x777558fbd0d8?, 0x7775a8b293e8?})
	/usr/lib/go/src/net/net.go:194 +0x45
crypto/tls.(*atLeastReader).Read(0xc003c68dc8, {0xc0066b2c00?, 0x11abda20?, 0xc0069c39c8?})
	/usr/lib/go/src/crypto/tls/conn.go:809 +0x3b
bytes.(*Buffer).ReadFrom(0xc0071242b8, {0xa94e300, 0xc003c68dc8})
	/usr/lib/go/src/bytes/buffer.go:211 +0x98
crypto/tls.(*Conn).readFromUntil(0xc007124008, {0xa94dc00, 0xc008d1a2a8}, 0x444af4?)
	/usr/lib/go/src/crypto/tls/conn.go:831 +0xde
crypto/tls.(*Conn).readRecordOrCCS(0xc007124008, 0x0)
	/usr/lib/go/src/crypto/tls/conn.go:629 +0x3cf
crypto/tls.(*Conn).readRecord(...)
	/usr/lib/go/src/crypto/tls/conn.go:591
crypto/tls.(*Conn).Read(0xc007124008, {0xc00708b000, 0x1000, 0xc006706540?})
	/usr/lib/go/src/crypto/tls/conn.go:1385 +0x145
net/http.(*persistConn).Read(0xc003a078c0, {0xc00708b000?, 0x81fe45?, 0xa94be80?})
	/usr/lib/go/src/net/http/transport.go:2122 +0x47
bufio.(*Reader).fill(0xc004f12960)
	/usr/lib/go/src/bufio/bufio.go:113 +0x103
bufio.(*Reader).Peek(0xc004f12960, 0x1)
	/usr/lib/go/src/bufio/bufio.go:152 +0x53
net/http.(*persistConn).readLoop(0xc003a078c0)
	/usr/lib/go/src/net/http/transport.go:2275 +0x172
created by net/http.(*Transport).dialConn in goroutine 10649
	/usr/lib/go/src/net/http/transport.go:1944 +0x174f

goroutine 10730 [select]:
net/http.(*persistConn).writeLoop(0xc003a078c0)
	/usr/lib/go/src/net/http/transport.go:2590 +0xe7
created by net/http.(*Transport).dialConn in goroutine 10649
	/usr/lib/go/src/net/http/transport.go:1945 +0x17a5

goroutine 33064 [select]:
github.com/patrickmn/go-cache.(*janitor).Run(0xc00eadfab0, 0xc00ff287c0)
	/home/mariell/go/pkg/mod/github.com/patrickmn/go-cache@v2.1.0+incompatible/cache.go:1079 +0x7b
created by github.com/patrickmn/go-cache.runJanitor in goroutine 31996
	/home/mariell/go/pkg/mod/github.com/patrickmn/go-cache@v2.1.0+incompatible/cache.go:1099 +0xdb

goroutine 38907 [select]:
github.com/grafana/grafana/pkg/storage/unified/resource.(*broadcaster[...]).stream(0xab113a0, 0xc00be95110)
	/home/mariell/work/oss/grafana/pkg/storage/unified/resource/broadcaster.go:205 +0x13d
created by github.com/grafana/grafana/pkg/storage/unified/resource.(*broadcaster[...]).init in goroutine 37971
	/home/mariell/work/oss/grafana/pkg/storage/unified/resource/broadcaster.go:177 +0x219

goroutine 76034 [select]:
github.com/centrifugal/centrifuge.(*MemoryBroker).expireResultCache(0xc04536e680)
	/home/mariell/go/pkg/mod/github.com/centrifugal/centrifuge@v0.33.3/broker_memory.go:160 +0x68
created by github.com/centrifugal/centrifuge.(*MemoryBroker).Run in goroutine 3349
	/home/mariell/go/pkg/mod/github.com/centrifugal/centrifuge@v0.33.3/broker_memory.go:73 +0x7f

goroutine 34624 [select]:
github.com/centrifugal/centrifuge.(*MemoryBroker).expireResultCache(0xc014472400)
	/home/mariell/go/pkg/mod/github.com/centrifugal/centrifuge@v0.33.3/broker_memory.go:160 +0x68
created by github.com/centrifugal/centrifuge.(*MemoryBroker).Run in goroutine 33524
	/home/mariell/go/pkg/mod/github.com/centrifugal/centrifuge@v0.33.3/broker_memory.go:73 +0x7f

goroutine 10866 [select]:
k8s.io/apimachinery/pkg/util/wait.BackoffUntil(0xc004ab3d80, {0xa95ac00, 0xc00a973320}, 0x1, 0xc0050d8620)
	/home/mariell/go/pkg/mod/k8s.io/apimachinery@v0.32.1/pkg/util/wait/backoff.go:238 +0x12c
k8s.io/apimachinery/pkg/util/wait.JitterUntil(0xc004ab3d80, 0x3b9aca00, 0x3ff3333333333333, 0x1, 0xc0050d8620)
	/home/mariell/go/pkg/mod/k8s.io/apimachinery@v0.32.1/pkg/util/wait/backoff.go:204 +0x7f
created by k8s.io/apiserver/pkg/registry/generic/registry.(*Store).startObservingCount in goroutine 10763
	/home/mariell/go/pkg/mod/k8s.io/apiserver@v0.32.1/pkg/registry/generic/registry/store.go:1666 +0x2f9

goroutine 10820 [select]:
net/http.(*persistConn).writeLoop(0xc002b678c0)
	/usr/lib/go/src/net/http/transport.go:2590 +0xe7
created by net/http.(*Transport).dialConn in goroutine 10753
	/usr/lib/go/src/net/http/transport.go:1945 +0x17a5

goroutine 10821 [IO wait]:
internal/poll.runtime_pollWait(0x7775591d0ef0, 0x72)
	/usr/lib/go/src/runtime/netpoll.go:351 +0x85
internal/poll.(*pollDesc).wait(0xc007046e00?, 0xc001c6d900?, 0x0)
	/usr/lib/go/src/internal/poll/fd_poll_runtime.go:84 +0x27
internal/poll.(*pollDesc).waitRead(...)
	/usr/lib/go/src/internal/poll/fd_poll_runtime.go:89
internal/poll.(*FD).Read(0xc007046e00, {0xc001c6d900, 0x1300, 0x1300})
	/usr/lib/go/src/internal/poll/fd_unix.go:165 +0x27a
net.(*netFD).Read(0xc007046e00, {0xc001c6d900?, 0x11a751c0?, 0xc002947350?})
	/usr/lib/go/src/net/fd_posix.go:55 +0x25
net.(*conn).Read(0xc008d1a2a0, {0xc001c6d900?, 0x77756005ef68?, 0x7775a8b28a78?})
	/usr/lib/go/src/net/net.go:194 +0x45
crypto/tls.(*atLeastReader).Read(0xc009d80690, {0xc001c6d900?, 0x10?, 0xc002186990?})
	/usr/lib/go/src/crypto/tls/conn.go:809 +0x3b
bytes.(*Buffer).ReadFrom(0xc006f45eb8, {0xa94e300, 0xc009d80690})
	/usr/lib/go/src/bytes/buffer.go:211 +0x98
crypto/tls.(*Conn).readFromUntil(0xc006f45c08, {0xa94dc00, 0xc008d1a2a0}, 0x444af4?)
	/usr/lib/go/src/crypto/tls/conn.go:831 +0xde
crypto/tls.(*Conn).readRecordOrCCS(0xc006f45c08, 0x0)
	/usr/lib/go/src/crypto/tls/conn.go:629 +0x3cf
crypto/tls.(*Conn).readRecord(...)
	/usr/lib/go/src/crypto/tls/conn.go:591
crypto/tls.(*Conn).Read(0xc006f45c08, {0xc006ff8000, 0x1000, 0x7775a8b28a78?})
	/usr/lib/go/src/crypto/tls/conn.go:1385 +0x145
net/http.(*persistConn).Read(0xc003a238c0, {0xc006ff8000?, 0x4141c5?, 0x68?})
	/usr/lib/go/src/net/http/transport.go:2122 +0x47
bufio.(*Reader).fill(0xc004e85620)
	/usr/lib/go/src/bufio/bufio.go:113 +0x103
bufio.(*Reader).Peek(0xc004e85620, 0x1)
	/usr/lib/go/src/bufio/bufio.go:152 +0x53
net/http.(*persistConn).readLoop(0xc003a238c0)
	/usr/lib/go/src/net/http/transport.go:2275 +0x172
created by net/http.(*Transport).dialConn in goroutine 10722
	/usr/lib/go/src/net/http/transport.go:1944 +0x174f

goroutine 10822 [select]:
net/http.(*persistConn).writeLoop(0xc003a238c0)
	/usr/lib/go/src/net/http/transport.go:2590 +0xe7
created by net/http.(*Transport).dialConn in goroutine 10722
	/usr/lib/go/src/net/http/transport.go:1945 +0x17a5

goroutine 16703 [select]:
net/http.(*persistConn).writeLoop(0xc005c10ea0)
	/usr/lib/go/src/net/http/transport.go:2590 +0xe7
created by net/http.(*Transport).dialConn in goroutine 16271
	/usr/lib/go/src/net/http/transport.go:1945 +0x17a5

goroutine 18297 [select]:
go.opentelemetry.io/otel/sdk/trace.(*batchSpanProcessor).processQueue(0xc010125b80)
	/home/mariell/go/pkg/mod/go.opentelemetry.io/otel/sdk@v1.34.0/trace/batch_span_processor.go:302 +0x114
go.opentelemetry.io/otel/sdk/trace.NewBatchSpanProcessor.func1()
	/home/mariell/go/pkg/mod/go.opentelemetry.io/otel/sdk@v1.34.0/trace/batch_span_processor.go:117 +0x4e
created by go.opentelemetry.io/otel/sdk/trace.NewBatchSpanProcessor in goroutine 17793
	/home/mariell/go/pkg/mod/go.opentelemetry.io/otel/sdk@v1.34.0/trace/batch_span_processor.go:115 +0x2d9

goroutine 11862 [select]:
github.com/grafana/grafana/pkg/storage/unified/resource.(*cache[...]).run(0xc006829480)
	/home/mariell/work/oss/grafana/pkg/storage/unified/resource/broadcaster.go:291 +0xb0
created by github.com/grafana/grafana/pkg/storage/unified/resource.newChannelCache[...] in goroutine 10841
	/home/mariell/work/oss/grafana/pkg/storage/unified/resource/broadcaster.go:276 +0x189

goroutine 11863 [select]:
github.com/grafana/grafana/pkg/storage/unified/resource.(*broadcaster[...]).stream(0xab113a0, 0xc0081fc0e0)
	/home/mariell/work/oss/grafana/pkg/storage/unified/resource/broadcaster.go:205 +0x13d
created by github.com/grafana/grafana/pkg/storage/unified/resource.(*broadcaster[...]).init in goroutine 10841
	/home/mariell/work/oss/grafana/pkg/storage/unified/resource/broadcaster.go:177 +0x219

goroutine 27457 [select]:
database/sql.(*DB).connectionCleaner(0xc017e3ed00, 0xc017e62cb0?)
	/usr/lib/go/src/database/sql/sql.go:1104 +0x9c
created by database/sql.(*DB).startCleanerLocked in goroutine 27309
	/usr/lib/go/src/database/sql/sql.go:1091 +0x105

goroutine 12011 [sync.Cond.Wait]:
sync.runtime_notifyListWait(0xc0082fe010, 0x35)
	/usr/lib/go/src/runtime/sema.go:597 +0x159
sync.(*Cond).Wait(0x0?)
	/usr/lib/go/src/sync/cond.go:71 +0x85
github.com/centrifugal/centrifuge/internal/dissolve.(*queueImpl).Wait(0xc0088a18f0)
	/home/mariell/go/pkg/mod/github.com/centrifugal/centrifuge@v0.33.3/internal/dissolve/queue.go:139 +0x4a
github.com/centrifugal/centrifuge/internal/dissolve.(*Dissolver).runWorker(0xc003c41ef0)
	/home/mariell/go/pkg/mod/github.com/centrifugal/centrifuge@v0.33.3/internal/dissolve/dissolve.go:52 +0x27
created by github.com/centrifugal/centrifuge/internal/dissolve.(*Dissolver).Run in goroutine 10841
	/home/mariell/go/pkg/mod/github.com/centrifugal/centrifuge@v0.33.3/internal/dissolve/dissolve.go:31 +0x25

goroutine 12018 [sync.Cond.Wait]:
sync.runtime_notifyListWait(0xc0082fe010, 0x3b)
	/usr/lib/go/src/runtime/sema.go:597 +0x159
sync.(*Cond).Wait(0x0?)
	/usr/lib/go/src/sync/cond.go:71 +0x85
github.com/centrifugal/centrifuge/internal/dissolve.(*queueImpl).Wait(0xc0088a18f0)
	/home/mariell/go/pkg/mod/github.com/centrifugal/centrifuge@v0.33.3/internal/dissolve/queue.go:139 +0x4a
github.com/centrifugal/centrifuge/internal/dissolve.(*Dissolver).runWorker(0xc003c41ef0)
	/home/mariell/go/pkg/mod/github.com/centrifugal/centrifuge@v0.33.3/internal/dissolve/dissolve.go:52 +0x27
created by github.com/centrifugal/centrifuge/internal/dissolve.(*Dissolver).Run in goroutine 10841
	/home/mariell/go/pkg/mod/github.com/centrifugal/centrifuge@v0.33.3/internal/dissolve/dissolve.go:31 +0x25

goroutine 7815 [sync.Cond.Wait]:
sync.runtime_notifyListWait(0xc0082fe010, 0x1)
	/usr/lib/go/src/runtime/sema.go:597 +0x159
sync.(*Cond).Wait(0x0?)
	/usr/lib/go/src/sync/cond.go:71 +0x85
github.com/centrifugal/centrifuge/internal/dissolve.(*queueImpl).Wait(0xc0088a18f0)
	/home/mariell/go/pkg/mod/github.com/centrifugal/centrifuge@v0.33.3/internal/dissolve/queue.go:139 +0x4a
github.com/centrifugal/centrifuge/internal/dissolve.(*Dissolver).runWorker(0xc003c41ef0)
	/home/mariell/go/pkg/mod/github.com/centrifugal/centrifuge@v0.33.3/internal/dissolve/dissolve.go:52 +0x27
created by github.com/centrifugal/centrifuge/internal/dissolve.(*Dissolver).Run in goroutine 10841
	/home/mariell/go/pkg/mod/github.com/centrifugal/centrifuge@v0.33.3/internal/dissolve/dissolve.go:31 +0x25

goroutine 22498 [sync.Cond.Wait]:
sync.runtime_notifyListWait(0xc00a914410, 0x1c)
	/usr/lib/go/src/runtime/sema.go:597 +0x159
sync.(*Cond).Wait(0x0?)
	/usr/lib/go/src/sync/cond.go:71 +0x85
github.com/centrifugal/centrifuge/internal/dissolve.(*queueImpl).Wait(0xc00de6dab0)
	/home/mariell/go/pkg/mod/github.com/centrifugal/centrifuge@v0.33.3/internal/dissolve/queue.go:139 +0x4a
github.com/centrifugal/centrifuge/internal/dissolve.(*Dissolver).runWorker(0xc00e20d1e8)
	/home/mariell/go/pkg/mod/github.com/centrifugal/centrifuge@v0.33.3/internal/dissolve/dissolve.go:52 +0x27
created by github.com/centrifugal/centrifuge/internal/dissolve.(*Dissolver).Run in goroutine 21352
	/home/mariell/go/pkg/mod/github.com/centrifugal/centrifuge@v0.33.3/internal/dissolve/dissolve.go:31 +0x25

goroutine 13675 [select]:
github.com/patrickmn/go-cache.(*janitor).Run(0xc003599100, 0xc008679d80)
	/home/mariell/go/pkg/mod/github.com/patrickmn/go-cache@v2.1.0+incompatible/cache.go:1079 +0x7b
created by github.com/patrickmn/go-cache.runJanitor in goroutine 12330
	/home/mariell/go/pkg/mod/github.com/patrickmn/go-cache@v2.1.0+incompatible/cache.go:1099 +0xdb

goroutine 10824 [select]:
net/http.(*persistConn).writeLoop(0xc002fb2b40)
	/usr/lib/go/src/net/http/transport.go:2590 +0xe7
created by net/http.(*Transport).dialConn in goroutine 10761
	/usr/lib/go/src/net/http/transport.go:1945 +0x17a5

goroutine 10867 [select]:
k8s.io/apimachinery/pkg/util/wait.BackoffUntil(0xc004ab3e80, {0xa95ac00, 0xc00a973350}, 0x1, 0xc0050d8690)
	/home/mariell/go/pkg/mod/k8s.io/apimachinery@v0.32.1/pkg/util/wait/backoff.go:238 +0x12c
k8s.io/apimachinery/pkg/util/wait.JitterUntil(0xc004ab3e80, 0x3b9aca00, 0x3ff3333333333333, 0x1, 0xc0050d8690)
	/home/mariell/go/pkg/mod/k8s.io/apimachinery@v0.32.1/pkg/util/wait/backoff.go:204 +0x7f
created by k8s.io/apiserver/pkg/registry/generic/registry.(*Store).startObservingCount in goroutine 10763
	/home/mariell/go/pkg/mod/k8s.io/apiserver@v0.32.1/pkg/registry/generic/registry/store.go:1666 +0x2f9

goroutine 10868 [select]:
k8s.io/apimachinery/pkg/util/wait.BackoffUntil(0xc006414000, {0xa95ac00, 0xc00a973380}, 0x1, 0xc0050d8700)
	/home/mariell/go/pkg/mod/k8s.io/apimachinery@v0.32.1/pkg/util/wait/backoff.go:238 +0x12c
k8s.io/apimachinery/pkg/util/wait.JitterUntil(0xc006414000, 0x3b9aca00, 0x3ff3333333333333, 0x1, 0xc0050d8700)
	/home/mariell/go/pkg/mod/k8s.io/apimachinery@v0.32.1/pkg/util/wait/backoff.go:204 +0x7f
created by k8s.io/apiserver/pkg/registry/generic/registry.(*Store).startObservingCount in goroutine 10763
	/home/mariell/go/pkg/mod/k8s.io/apiserver@v0.32.1/pkg/registry/generic/registry/store.go:1666 +0x2f9

goroutine 10869 [select]:
k8s.io/apimachinery/pkg/util/wait.BackoffUntil(0xc006414100, {0xa95ac00, 0xc009608fc0}, 0x1, 0xc0050d8770)
	/home/mariell/go/pkg/mod/k8s.io/apimachinery@v0.32.1/pkg/util/wait/backoff.go:238 +0x12c
k8s.io/apimachinery/pkg/util/wait.JitterUntil(0xc006414100, 0x3b9aca00, 0x3ff3333333333333, 0x1, 0xc0050d8770)
	/home/mariell/go/pkg/mod/k8s.io/apimachinery@v0.32.1/pkg/util/wait/backoff.go:204 +0x7f
created by k8s.io/apiserver/pkg/registry/generic/registry.(*Store).startObservingCount in goroutine 10763
	/home/mariell/go/pkg/mod/k8s.io/apiserver@v0.32.1/pkg/registry/generic/registry/store.go:1666 +0x2f9

goroutine 10870 [select]:
k8s.io/apimachinery/pkg/util/wait.BackoffUntil(0xc008214e40, {0xa95ac00, 0xc00a9733b0}, 0x1, 0xc004169030)
	/home/mariell/go/pkg/mod/k8s.io/apimachinery@v0.32.1/pkg/util/wait/backoff.go:238 +0x12c
k8s.io/apimachinery/pkg/util/wait.JitterUntil(0xc008214e40, 0x3b9aca00, 0x3ff3333333333333, 0x1, 0xc004169030)
	/home/mariell/go/pkg/mod/k8s.io/apimachinery@v0.32.1/pkg/util/wait/backoff.go:204 +0x7f
created by k8s.io/apiserver/pkg/registry/generic/registry.(*Store).startObservingCount in goroutine 10763
	/home/mariell/go/pkg/mod/k8s.io/apiserver@v0.32.1/pkg/registry/generic/registry/store.go:1666 +0x2f9

goroutine 10871 [select]:
k8s.io/apimachinery/pkg/util/wait.BackoffUntil(0xc008214fc0, {0xa95ac00, 0xc00ab37680}, 0x1, 0xc0041690a0)
	/home/mariell/go/pkg/mod/k8s.io/apimachinery@v0.32.1/pkg/util/wait/backoff.go:238 +0x12c
k8s.io/apimachinery/pkg/util/wait.JitterUntil(0xc008214fc0, 0x3b9aca00, 0x3ff3333333333333, 0x1, 0xc0041690a0)
	/home/mariell/go/pkg/mod/k8s.io/apimachinery@v0.32.1/pkg/util/wait/backoff.go:204 +0x7f
created by k8s.io/apiserver/pkg/registry/generic/registry.(*Store).startObservingCount in goroutine 10763
	/home/mariell/go/pkg/mod/k8s.io/apiserver@v0.32.1/pkg/registry/generic/registry/store.go:1666 +0x2f9

goroutine 10872 [select]:
k8s.io/apimachinery/pkg/util/wait.BackoffUntil(0xc008215100, {0xa95ac00, 0xc00a9733e0}, 0x1, 0xc004169110)
	/home/mariell/go/pkg/mod/k8s.io/apimachinery@v0.32.1/pkg/util/wait/backoff.go:238 +0x12c
k8s.io/apimachinery/pkg/util/wait.JitterUntil(0xc008215100, 0x3b9aca00, 0x3ff3333333333333, 0x1, 0xc004169110)
	/home/mariell/go/pkg/mod/k8s.io/apimachinery@v0.32.1/pkg/util/wait/backoff.go:204 +0x7f
created by k8s.io/apiserver/pkg/registry/generic/registry.(*Store).startObservingCount in goroutine 10763
	/home/mariell/go/pkg/mod/k8s.io/apiserver@v0.32.1/pkg/registry/generic/registry/store.go:1666 +0x2f9

goroutine 10873 [select]:
k8s.io/apimachinery/pkg/util/wait.BackoffUntil(0xc008680b40, {0xa95ac00, 0xc00ab376b0}, 0x1, 0xc004b7e4d0)
	/home/mariell/go/pkg/mod/k8s.io/apimachinery@v0.32.1/pkg/util/wait/backoff.go:238 +0x12c
k8s.io/apimachinery/pkg/util/wait.JitterUntil(0xc008680b40, 0x3b9aca00, 0x3ff3333333333333, 0x1, 0xc004b7e4d0)
	/home/mariell/go/pkg/mod/k8s.io/apimachinery@v0.32.1/pkg/util/wait/backoff.go:204 +0x7f
created by k8s.io/apiserver/pkg/registry/generic/registry.(*Store).startObservingCount in goroutine 10763
	/home/mariell/go/pkg/mod/k8s.io/apiserver@v0.32.1/pkg/registry/generic/registry/store.go:1666 +0x2f9

goroutine 10874 [select]:
database/sql.(*DB).connectionOpener(0xc0047a7ba0, {0xa9d1d00, 0xc005010af0})
	/usr/lib/go/src/database/sql/sql.go:1261 +0x87
created by database/sql.OpenDB in goroutine 10841
	/usr/lib/go/src/database/sql/sql.go:841 +0x130

goroutine 10875 [select]:
go.opentelemetry.io/otel/sdk/trace.(*batchSpanProcessor).processQueue(0xc00539d540)
	/home/mariell/go/pkg/mod/go.opentelemetry.io/otel/sdk@v1.34.0/trace/batch_span_processor.go:302 +0x114
go.opentelemetry.io/otel/sdk/trace.NewBatchSpanProcessor.func1()
	/home/mariell/go/pkg/mod/go.opentelemetry.io/otel/sdk@v1.34.0/trace/batch_span_processor.go:117 +0x4e
created by go.opentelemetry.io/otel/sdk/trace.NewBatchSpanProcessor in goroutine 10841
	/home/mariell/go/pkg/mod/go.opentelemetry.io/otel/sdk@v1.34.0/trace/batch_span_processor.go:115 +0x2d9

goroutine 10879 [select]:
database/sql.(*DB).connectionCleaner(0xc0047a7ba0, 0xc00a2c9f10?)
	/usr/lib/go/src/database/sql/sql.go:1104 +0x9c
created by database/sql.(*DB).startCleanerLocked in goroutine 10841
	/usr/lib/go/src/database/sql/sql.go:1091 +0x105

goroutine 13501 [sync.Cond.Wait]:
sync.runtime_notifyListWait(0xc00359a490, 0x1f)
	/usr/lib/go/src/runtime/sema.go:597 +0x159
sync.(*Cond).Wait(0xc00a2a8fd0?)
	/usr/lib/go/src/sync/cond.go:71 +0x85
github.com/centrifugal/centrifuge/internal/dissolve.(*queueImpl).Wait(0xc0071d3500)
	/home/mariell/go/pkg/mod/github.com/centrifugal/centrifuge@v0.33.3/internal/dissolve/queue.go:139 +0x4a
github.com/centrifugal/centrifuge/internal/dissolve.(*Dissolver).runWorker(0xc008da47c8)
	/home/mariell/go/pkg/mod/github.com/centrifugal/centrifuge@v0.33.3/internal/dissolve/dissolve.go:52 +0x27
created by github.com/centrifugal/centrifuge/internal/dissolve.(*Dissolver).Run in goroutine 12330
	/home/mariell/go/pkg/mod/github.com/centrifugal/centrifuge@v0.33.3/internal/dissolve/dissolve.go:31 +0x25

goroutine 13518 [sync.Cond.Wait]:
sync.runtime_notifyListWait(0xc00359a490, 0x30)
	/usr/lib/go/src/runtime/sema.go:597 +0x159
sync.(*Cond).Wait(0x0?)
	/usr/lib/go/src/sync/cond.go:71 +0x85
github.com/centrifugal/centrifuge/internal/dissolve.(*queueImpl).Wait(0xc0071d3500)
	/home/mariell/go/pkg/mod/github.com/centrifugal/centrifuge@v0.33.3/internal/dissolve/queue.go:139 +0x4a
github.com/centrifugal/centrifuge/internal/dissolve.(*Dissolver).runWorker(0xc008da47c8)
	/home/mariell/go/pkg/mod/github.com/centrifugal/centrifuge@v0.33.3/internal/dissolve/dissolve.go:52 +0x27
created by github.com/centrifugal/centrifuge/internal/dissolve.(*Dissolver).Run in goroutine 12330
	/home/mariell/go/pkg/mod/github.com/centrifugal/centrifuge@v0.33.3/internal/dissolve/dissolve.go:31 +0x25

goroutine 12349 [select]:
go.opentelemetry.io/otel/sdk/trace.(*batchSpanProcessor).processQueue(0xc008ee4f00)
	/home/mariell/go/pkg/mod/go.opentelemetry.io/otel/sdk@v1.34.0/trace/batch_span_processor.go:302 +0x114
go.opentelemetry.io/otel/sdk/trace.NewBatchSpanProcessor.func1()
	/home/mariell/go/pkg/mod/go.opentelemetry.io/otel/sdk@v1.34.0/trace/batch_span_processor.go:117 +0x4e
created by go.opentelemetry.io/otel/sdk/trace.NewBatchSpanProcessor in goroutine 12330
	/home/mariell/go/pkg/mod/go.opentelemetry.io/otel/sdk@v1.34.0/trace/batch_span_processor.go:115 +0x2d9

goroutine 13505 [sync.Cond.Wait]:
sync.runtime_notifyListWait(0xc00359a490, 0x23)
	/usr/lib/go/src/runtime/sema.go:597 +0x159
sync.(*Cond).Wait(0x0?)
	/usr/lib/go/src/sync/cond.go:71 +0x85
github.com/centrifugal/centrifuge/internal/dissolve.(*queueImpl).Wait(0xc0071d3500)
	/home/mariell/go/pkg/mod/github.com/centrifugal/centrifuge@v0.33.3/internal/dissolve/queue.go:139 +0x4a
github.com/centrifugal/centrifuge/internal/dissolve.(*Dissolver).runWorker(0xc008da47c8)
	/home/mariell/go/pkg/mod/github.com/centrifugal/centrifuge@v0.33.3/internal/dissolve/dissolve.go:52 +0x27
created by github.com/centrifugal/centrifuge/internal/dissolve.(*Dissolver).Run in goroutine 12330
	/home/mariell/go/pkg/mod/github.com/centrifugal/centrifuge@v0.33.3/internal/dissolve/dissolve.go:31 +0x25

goroutine 14885 [sync.Cond.Wait]:
sync.runtime_notifyListWait(0xc00cfe9cd0, 0x26)
	/usr/lib/go/src/runtime/sema.go:597 +0x159
sync.(*Cond).Wait(0x0?)
	/usr/lib/go/src/sync/cond.go:71 +0x85
github.com/centrifugal/centrifuge/internal/dissolve.(*queueImpl).Wait(0xc00c22f1f0)
	/home/mariell/go/pkg/mod/github.com/centrifugal/centrifuge@v0.33.3/internal/dissolve/queue.go:139 +0x4a
github.com/centrifugal/centrifuge/internal/dissolve.(*Dissolver).runWorker(0xc0034e9ed8)
	/home/mariell/go/pkg/mod/github.com/centrifugal/centrifuge@v0.33.3/internal/dissolve/dissolve.go:52 +0x27
created by github.com/centrifugal/centrifuge/internal/dissolve.(*Dissolver).Run in goroutine 13738
	/home/mariell/go/pkg/mod/github.com/centrifugal/centrifuge@v0.33.3/internal/dissolve/dissolve.go:31 +0x25

goroutine 13490 [sync.Cond.Wait]:
sync.runtime_notifyListWait(0xc00359a490, 0x14)
	/usr/lib/go/src/runtime/sema.go:597 +0x159
sync.(*Cond).Wait(0xc00a297fd0?)
	/usr/lib/go/src/sync/cond.go:71 +0x85
github.com/centrifugal/centrifuge/internal/dissolve.(*queueImpl).Wait(0xc0071d3500)
	/home/mariell/go/pkg/mod/github.com/centrifugal/centrifuge@v0.33.3/internal/dissolve/queue.go:139 +0x4a
github.com/centrifugal/centrifuge/internal/dissolve.(*Dissolver).runWorker(0xc008da47c8)
	/home/mariell/go/pkg/mod/github.com/centrifugal/centrifuge@v0.33.3/internal/dissolve/dissolve.go:52 +0x27
created by github.com/centrifugal/centrifuge/internal/dissolve.(*Dissolver).Run in goroutine 12330
	/home/mariell/go/pkg/mod/github.com/centrifugal/centrifuge@v0.33.3/internal/dissolve/dissolve.go:31 +0x25

goroutine 19016 [select]:
k8s.io/apimachinery/pkg/util/wait.BackoffUntil(0xc008788b40, {0xa95ac00, 0xc010c90e10}, 0x1, 0xc0050ac850)
	/home/mariell/go/pkg/mod/k8s.io/apimachinery@v0.32.1/pkg/util/wait/backoff.go:238 +0x12c
k8s.io/apimachinery/pkg/util/wait.JitterUntil(0xc008788b40, 0x3b9aca00, 0x3ff3333333333333, 0x1, 0xc0050ac850)
	/home/mariell/go/pkg/mod/k8s.io/apimachinery@v0.32.1/pkg/util/wait/backoff.go:204 +0x7f
created by k8s.io/apiserver/pkg/registry/generic/registry.(*Store).startObservingCount in goroutine 18215
	/home/mariell/go/pkg/mod/k8s.io/apiserver@v0.32.1/pkg/registry/generic/registry/store.go:1666 +0x2f9

goroutine 13477 [sync.Cond.Wait]:
sync.runtime_notifyListWait(0xc00359a490, 0x7)
	/usr/lib/go/src/runtime/sema.go:597 +0x159
sync.(*Cond).Wait(0x0?)
	/usr/lib/go/src/sync/cond.go:71 +0x85
github.com/centrifugal/centrifuge/internal/dissolve.(*queueImpl).Wait(0xc0071d3500)
	/home/mariell/go/pkg/mod/github.com/centrifugal/centrifuge@v0.33.3/internal/dissolve/queue.go:139 +0x4a
github.com/centrifugal/centrifuge/internal/dissolve.(*Dissolver).runWorker(0xc008da47c8)
	/home/mariell/go/pkg/mod/github.com/centrifugal/centrifuge@v0.33.3/internal/dissolve/dissolve.go:52 +0x27
created by github.com/centrifugal/centrifuge/internal/dissolve.(*Dissolver).Run in goroutine 12330
	/home/mariell/go/pkg/mod/github.com/centrifugal/centrifuge@v0.33.3/internal/dissolve/dissolve.go:31 +0x25

goroutine 20224 [select]:
k8s.io/apimachinery/pkg/util/wait.BackoffUntil(0xc004047b00, {0xa95ac00, 0xc0023a41e0}, 0x1, 0xc009436b60)
	/home/mariell/go/pkg/mod/k8s.io/apimachinery@v0.32.1/pkg/util/wait/backoff.go:238 +0x12c
k8s.io/apimachinery/pkg/util/wait.JitterUntil(0xc004047b00, 0x3b9aca00, 0x3ff3333333333333, 0x1, 0xc009436b60)
	/home/mariell/go/pkg/mod/k8s.io/apimachinery@v0.32.1/pkg/util/wait/backoff.go:204 +0x7f
created by k8s.io/apiserver/pkg/registry/generic/registry.(*Store).startObservingCount in goroutine 19261
	/home/mariell/go/pkg/mod/k8s.io/apiserver@v0.32.1/pkg/registry/generic/registry/store.go:1666 +0x2f9

goroutine 34649 [sync.Cond.Wait]:
sync.runtime_notifyListWait(0xc00dfe4bd0, 0xe)
	/usr/lib/go/src/runtime/sema.go:597 +0x159
sync.(*Cond).Wait(0x0?)
	/usr/lib/go/src/sync/cond.go:71 +0x85
github.com/centrifugal/centrifuge/internal/dissolve.(*queueImpl).Wait(0xc01277aee0)
	/home/mariell/go/pkg/mod/github.com/centrifugal/centrifuge@v0.33.3/internal/dissolve/queue.go:139 +0x4a
github.com/centrifugal/centrifuge/internal/dissolve.(*Dissolver).runWorker(0xc015fec510)
	/home/mariell/go/pkg/mod/github.com/centrifugal/centrifuge@v0.33.3/internal/dissolve/dissolve.go:52 +0x27
created by github.com/centrifugal/centrifuge/internal/dissolve.(*Dissolver).Run in goroutine 33524
	/home/mariell/go/pkg/mod/github.com/centrifugal/centrifuge@v0.33.3/internal/dissolve/dissolve.go:31 +0x25

goroutine 11995 [sync.Cond.Wait]:
sync.runtime_notifyListWait(0xc0082fe010, 0x25)
	/usr/lib/go/src/runtime/sema.go:597 +0x159
sync.(*Cond).Wait(0x0?)
	/usr/lib/go/src/sync/cond.go:71 +0x85
github.com/centrifugal/centrifuge/internal/dissolve.(*queueImpl).Wait(0xc0088a18f0)
	/home/mariell/go/pkg/mod/github.com/centrifugal/centrifuge@v0.33.3/internal/dissolve/queue.go:139 +0x4a
github.com/centrifugal/centrifuge/internal/dissolve.(*Dissolver).runWorker(0xc003c41ef0)
	/home/mariell/go/pkg/mod/github.com/centrifugal/centrifuge@v0.33.3/internal/dissolve/dissolve.go:52 +0x27
created by github.com/centrifugal/centrifuge/internal/dissolve.(*Dissolver).Run in goroutine 10841
	/home/mariell/go/pkg/mod/github.com/centrifugal/centrifuge@v0.33.3/internal/dissolve/dissolve.go:31 +0x25

goroutine 7816 [sync.Cond.Wait]:
sync.runtime_notifyListWait(0xc0082fe010, 0x2)
	/usr/lib/go/src/runtime/sema.go:597 +0x159
sync.(*Cond).Wait(0xc005e29fd0?)
	/usr/lib/go/src/sync/cond.go:71 +0x85
github.com/centrifugal/centrifuge/internal/dissolve.(*queueImpl).Wait(0xc0088a18f0)
	/home/mariell/go/pkg/mod/github.com/centrifugal/centrifuge@v0.33.3/internal/dissolve/queue.go:139 +0x4a
github.com/centrifugal/centrifuge/internal/dissolve.(*Dissolver).runWorker(0xc003c41ef0)
	/home/mariell/go/pkg/mod/github.com/centrifugal/centrifuge@v0.33.3/internal/dissolve/dissolve.go:52 +0x27
created by github.com/centrifugal/centrifuge/internal/dissolve.(*Dissolver).Run in goroutine 10841
	/home/mariell/go/pkg/mod/github.com/centrifugal/centrifuge@v0.33.3/internal/dissolve/dissolve.go:31 +0x25

goroutine 46714 [sync.Cond.Wait]:
sync.runtime_notifyListWait(0xc016303990, 0x11)
	/usr/lib/go/src/runtime/sema.go:597 +0x159
sync.(*Cond).Wait(0x0?)
	/usr/lib/go/src/sync/cond.go:71 +0x85
github.com/centrifugal/centrifuge/internal/dissolve.(*queueImpl).Wait(0xc020154850)
	/home/mariell/go/pkg/mod/github.com/centrifugal/centrifuge@v0.33.3/internal/dissolve/queue.go:139 +0x4a
github.com/centrifugal/centrifuge/internal/dissolve.(*Dissolver).runWorker(0xc00b4e8b40)
	/home/mariell/go/pkg/mod/github.com/centrifugal/centrifuge@v0.33.3/internal/dissolve/dissolve.go:52 +0x27
created by github.com/centrifugal/centrifuge/internal/dissolve.(*Dissolver).Run in goroutine 45402
	/home/mariell/go/pkg/mod/github.com/centrifugal/centrifuge@v0.33.3/internal/dissolve/dissolve.go:31 +0x25

goroutine 12272 [select]:
github.com/grafana/grafana/pkg/storage/unified/resource.(*cache[...]).run(0xc005018d70)
	/home/mariell/work/oss/grafana/pkg/storage/unified/resource/broadcaster.go:291 +0xb0
created by github.com/grafana/grafana/pkg/storage/unified/resource.newChannelCache[...] in goroutine 11768
	/home/mariell/work/oss/grafana/pkg/storage/unified/resource/broadcaster.go:276 +0x189

goroutine 20218 [select]:
k8s.io/apimachinery/pkg/util/wait.BackoffUntil(0xc00218fa00, {0xa95ac00, 0xc0023a4060}, 0x1, 0xc00925ff10)
	/home/mariell/go/pkg/mod/k8s.io/apimachinery@v0.32.1/pkg/util/wait/backoff.go:238 +0x12c
k8s.io/apimachinery/pkg/util/wait.JitterUntil(0xc00218fa00, 0x3b9aca00, 0x3ff3333333333333, 0x1, 0xc00925ff10)
	/home/mariell/go/pkg/mod/k8s.io/apimachinery@v0.32.1/pkg/util/wait/backoff.go:204 +0x7f
created by k8s.io/apiserver/pkg/registry/generic/registry.(*Store).startObservingCount in goroutine 19261
	/home/mariell/go/pkg/mod/k8s.io/apiserver@v0.32.1/pkg/registry/generic/registry/store.go:1666 +0x2f9

goroutine 32954 [select]:
k8s.io/apimachinery/pkg/util/wait.BackoffUntil(0xc01ca5bf00, {0xa95ac00, 0xc01c502990}, 0x1, 0xc01c9a57a0)
	/home/mariell/go/pkg/mod/k8s.io/apimachinery@v0.32.1/pkg/util/wait/backoff.go:238 +0x12c
k8s.io/apimachinery/pkg/util/wait.JitterUntil(0xc01ca5bf00, 0x3b9aca00, 0x3ff3333333333333, 0x1, 0xc01c9a57a0)
	/home/mariell/go/pkg/mod/k8s.io/apimachinery@v0.32.1/pkg/util/wait/backoff.go:204 +0x7f
created by k8s.io/apiserver/pkg/registry/generic/registry.(*Store).startObservingCount in goroutine 32950
	/home/mariell/go/pkg/mod/k8s.io/apiserver@v0.32.1/pkg/registry/generic/registry/store.go:1666 +0x2f9

goroutine 12386 [select]:
k8s.io/apimachinery/pkg/util/wait.BackoffUntil(0xc003994540, {0xa95ac00, 0xc008cf8b10}, 0x1, 0xc001bf59d0)
	/home/mariell/go/pkg/mod/k8s.io/apimachinery@v0.32.1/pkg/util/wait/backoff.go:238 +0x12c
k8s.io/apimachinery/pkg/util/wait.JitterUntil(0xc003994540, 0x3b9aca00, 0x3ff3333333333333, 0x1, 0xc001bf59d0)
	/home/mariell/go/pkg/mod/k8s.io/apimachinery@v0.32.1/pkg/util/wait/backoff.go:204 +0x7f
created by k8s.io/apiserver/pkg/registry/generic/registry.(*Store).startObservingCount in goroutine 11768
	/home/mariell/go/pkg/mod/k8s.io/apiserver@v0.32.1/pkg/registry/generic/registry/store.go:1666 +0x2f9

goroutine 12393 [select]:
k8s.io/apimachinery/pkg/util/wait.BackoffUntil(0xc003b31b00, {0xa95ac00, 0xc005d11f50}, 0x1, 0xc005ad49a0)
	/home/mariell/go/pkg/mod/k8s.io/apimachinery@v0.32.1/pkg/util/wait/backoff.go:238 +0x12c
k8s.io/apimachinery/pkg/util/wait.JitterUntil(0xc003b31b00, 0x3b9aca00, 0x3ff3333333333333, 0x1, 0xc005ad49a0)
	/home/mariell/go/pkg/mod/k8s.io/apimachinery@v0.32.1/pkg/util/wait/backoff.go:204 +0x7f
created by k8s.io/apiserver/pkg/registry/generic/registry.(*Store).startObservingCount in goroutine 11768
	/home/mariell/go/pkg/mod/k8s.io/apiserver@v0.32.1/pkg/registry/generic/registry/store.go:1666 +0x2f9

goroutine 13471 [sync.Cond.Wait]:
sync.runtime_notifyListWait(0xc00359a490, 0x1)
	/usr/lib/go/src/runtime/sema.go:597 +0x159
sync.(*Cond).Wait(0x0?)
	/usr/lib/go/src/sync/cond.go:71 +0x85
github.com/centrifugal/centrifuge/internal/dissolve.(*queueImpl).Wait(0xc0071d3500)
	/home/mariell/go/pkg/mod/github.com/centrifugal/centrifuge@v0.33.3/internal/dissolve/queue.go:139 +0x4a
github.com/centrifugal/centrifuge/internal/dissolve.(*Dissolver).runWorker(0xc008da47c8)
	/home/mariell/go/pkg/mod/github.com/centrifugal/centrifuge@v0.33.3/internal/dissolve/dissolve.go:52 +0x27
created by github.com/centrifugal/centrifuge/internal/dissolve.(*Dissolver).Run in goroutine 12330
	/home/mariell/go/pkg/mod/github.com/centrifugal/centrifuge@v0.33.3/internal/dissolve/dissolve.go:31 +0x25

goroutine 12019 [sync.Cond.Wait]:
sync.runtime_notifyListWait(0xc0082fe010, 0x3c)
	/usr/lib/go/src/runtime/sema.go:597 +0x159
sync.(*Cond).Wait(0x0?)
	/usr/lib/go/src/sync/cond.go:71 +0x85
github.com/centrifugal/centrifuge/internal/dissolve.(*queueImpl).Wait(0xc0088a18f0)
	/home/mariell/go/pkg/mod/github.com/centrifugal/centrifuge@v0.33.3/internal/dissolve/queue.go:139 +0x4a
github.com/centrifugal/centrifuge/internal/dissolve.(*Dissolver).runWorker(0xc003c41ef0)
	/home/mariell/go/pkg/mod/github.com/centrifugal/centrifuge@v0.33.3/internal/dissolve/dissolve.go:52 +0x27
created by github.com/centrifugal/centrifuge/internal/dissolve.(*Dissolver).Run in goroutine 10841
	/home/mariell/go/pkg/mod/github.com/centrifugal/centrifuge@v0.33.3/internal/dissolve/dissolve.go:31 +0x25

goroutine 13099 [select]:
github.com/patrickmn/go-cache.(*janitor).Run(0xc00ad0bdf0, 0xc00853e8c0)
	/home/mariell/go/pkg/mod/github.com/patrickmn/go-cache@v2.1.0+incompatible/cache.go:1079 +0x7b
created by github.com/patrickmn/go-cache.runJanitor in goroutine 12330
	/home/mariell/go/pkg/mod/github.com/patrickmn/go-cache@v2.1.0+incompatible/cache.go:1099 +0xdb

goroutine 12273 [select]:
github.com/grafana/grafana/pkg/storage/unified/resource.(*broadcaster[...]).stream(0xab113a0, 0xc0095b6d20)
	/home/mariell/work/oss/grafana/pkg/storage/unified/resource/broadcaster.go:205 +0x13d
created by github.com/grafana/grafana/pkg/storage/unified/resource.(*broadcaster[...]).init in goroutine 11768
	/home/mariell/work/oss/grafana/pkg/storage/unified/resource/broadcaster.go:177 +0x219

goroutine 13479 [sync.Cond.Wait]:
sync.runtime_notifyListWait(0xc00359a490, 0x9)
	/usr/lib/go/src/runtime/sema.go:597 +0x159
sync.(*Cond).Wait(0xc00c53afd0?)
	/usr/lib/go/src/sync/cond.go:71 +0x85
github.com/centrifugal/centrifuge/internal/dissolve.(*queueImpl).Wait(0xc0071d3500)
	/home/mariell/go/pkg/mod/github.com/centrifugal/centrifuge@v0.33.3/internal/dissolve/queue.go:139 +0x4a
github.com/centrifugal/centrifuge/internal/dissolve.(*Dissolver).runWorker(0xc008da47c8)
	/home/mariell/go/pkg/mod/github.com/centrifugal/centrifuge@v0.33.3/internal/dissolve/dissolve.go:52 +0x27
created by github.com/centrifugal/centrifuge/internal/dissolve.(*Dissolver).Run in goroutine 12330
	/home/mariell/go/pkg/mod/github.com/centrifugal/centrifuge@v0.33.3/internal/dissolve/dissolve.go:31 +0x25

goroutine 22871 [select]:
net/http.(*persistConn).writeLoop(0xc008e78ea0)
	/usr/lib/go/src/net/http/transport.go:2590 +0xe7
created by net/http.(*Transport).dialConn in goroutine 22786
	/usr/lib/go/src/net/http/transport.go:1945 +0x17a5

goroutine 33371 [select]:
net/http.(*persistConn).writeLoop(0xc019a50b40)
	/usr/lib/go/src/net/http/transport.go:2590 +0xe7
created by net/http.(*Transport).dialConn in goroutine 33394
	/usr/lib/go/src/net/http/transport.go:1945 +0x17a5

goroutine 14863 [sync.Cond.Wait]:
sync.runtime_notifyListWait(0xc00cfe9cd0, 0x13)
	/usr/lib/go/src/runtime/sema.go:597 +0x159
sync.(*Cond).Wait(0x0?)
	/usr/lib/go/src/sync/cond.go:71 +0x85
github.com/centrifugal/centrifuge/internal/dissolve.(*queueImpl).Wait(0xc00c22f1f0)
	/home/mariell/go/pkg/mod/github.com/centrifugal/centrifuge@v0.33.3/internal/dissolve/queue.go:139 +0x4a
github.com/centrifugal/centrifuge/internal/dissolve.(*Dissolver).runWorker(0xc0034e9ed8)
	/home/mariell/go/pkg/mod/github.com/centrifugal/centrifuge@v0.33.3/internal/dissolve/dissolve.go:52 +0x27
created by github.com/centrifugal/centrifuge/internal/dissolve.(*Dissolver).Run in goroutine 13738
	/home/mariell/go/pkg/mod/github.com/centrifugal/centrifuge@v0.33.3/internal/dissolve/dissolve.go:31 +0x25

goroutine 12392 [select]:
k8s.io/apimachinery/pkg/util/wait.BackoffUntil(0xc00811da40, {0xa95ac00, 0xc008cf8b40}, 0x1, 0xc00a381dc0)
	/home/mariell/go/pkg/mod/k8s.io/apimachinery@v0.32.1/pkg/util/wait/backoff.go:238 +0x12c
k8s.io/apimachinery/pkg/util/wait.JitterUntil(0xc00811da40, 0x3b9aca00, 0x3ff3333333333333, 0x1, 0xc00a381dc0)
	/home/mariell/go/pkg/mod/k8s.io/apimachinery@v0.32.1/pkg/util/wait/backoff.go:204 +0x7f
created by k8s.io/apiserver/pkg/registry/generic/registry.(*Store).startObservingCount in goroutine 11768
	/home/mariell/go/pkg/mod/k8s.io/apiserver@v0.32.1/pkg/registry/generic/registry/store.go:1666 +0x2f9

goroutine 12010 [sync.Cond.Wait]:
sync.runtime_notifyListWait(0xc0082fe010, 0x34)
	/usr/lib/go/src/runtime/sema.go:597 +0x159
sync.(*Cond).Wait(0x0?)
	/usr/lib/go/src/sync/cond.go:71 +0x85
github.com/centrifugal/centrifuge/internal/dissolve.(*queueImpl).Wait(0xc0088a18f0)
	/home/mariell/go/pkg/mod/github.com/centrifugal/centrifuge@v0.33.3/internal/dissolve/queue.go:139 +0x4a
github.com/centrifugal/centrifuge/internal/dissolve.(*Dissolver).runWorker(0xc003c41ef0)
	/home/mariell/go/pkg/mod/github.com/centrifugal/centrifuge@v0.33.3/internal/dissolve/dissolve.go:52 +0x27
created by github.com/centrifugal/centrifuge/internal/dissolve.(*Dissolver).Run in goroutine 10841
	/home/mariell/go/pkg/mod/github.com/centrifugal/centrifuge@v0.33.3/internal/dissolve/dissolve.go:31 +0x25

goroutine 12374 [IO wait]:
internal/poll.runtime_pollWait(0x7775593b86d8, 0x72)
	/usr/lib/go/src/runtime/netpoll.go:351 +0x85
internal/poll.(*pollDesc).wait(0xc00644ec00?, 0xc007072000?, 0x0)
	/usr/lib/go/src/internal/poll/fd_poll_runtime.go:84 +0x27
internal/poll.(*pollDesc).waitRead(...)
	/usr/lib/go/src/internal/poll/fd_poll_runtime.go:89
internal/poll.(*FD).Read(0xc00644ec00, {0xc007072000, 0xa000, 0xa000})
	/usr/lib/go/src/internal/poll/fd_unix.go:165 +0x27a
net.(*netFD).Read(0xc00644ec00, {0xc007072000?, 0xc007072000?, 0x5?})
	/usr/lib/go/src/net/fd_posix.go:55 +0x25
net.(*conn).Read(0xc00830b648, {0xc007072000?, 0x77756049bc88?, 0x7775a8b29d58?})
	/usr/lib/go/src/net/net.go:194 +0x45
crypto/tls.(*atLeastReader).Read(0xc0034e9410, {0xc007072000?, 0x9ffb?, 0x6769656820776f72?})
	/usr/lib/go/src/crypto/tls/conn.go:809 +0x3b
bytes.(*Buffer).ReadFrom(0xc007029438, {0xa94e300, 0xc0034e9410})
	/usr/lib/go/src/bytes/buffer.go:211 +0x98
crypto/tls.(*Conn).readFromUntil(0xc007029188, {0xa94dc00, 0xc00830b648}, 0x444af4?)
	/usr/lib/go/src/crypto/tls/conn.go:831 +0xde
crypto/tls.(*Conn).readRecordOrCCS(0xc007029188, 0x0)
	/usr/lib/go/src/crypto/tls/conn.go:629 +0x3cf
crypto/tls.(*Conn).readRecord(...)
	/usr/lib/go/src/crypto/tls/conn.go:591
crypto/tls.(*Conn).Read(0xc007029188, {0xc004d30000, 0x1000, 0xc006422d80?})
	/usr/lib/go/src/crypto/tls/conn.go:1385 +0x145
net/http.(*persistConn).Read(0xc00a94bb00, {0xc004d30000?, 0x81fe45?, 0xa94be80?})
	/usr/lib/go/src/net/http/transport.go:2122 +0x47
bufio.(*Reader).fill(0xc0048a45a0)
	/usr/lib/go/src/bufio/bufio.go:113 +0x103
bufio.(*Reader).Peek(0xc0048a45a0, 0x1)
	/usr/lib/go/src/bufio/bufio.go:152 +0x53
net/http.(*persistConn).readLoop(0xc00a94bb00)
	/usr/lib/go/src/net/http/transport.go:2275 +0x172
created by net/http.(*Transport).dialConn in goroutine 11777
	/usr/lib/go/src/net/http/transport.go:1944 +0x174f

goroutine 17718 [select]:
github.com/patrickmn/go-cache.(*janitor).Run(0xc00dce4500, 0xc00ff82c40)
	/home/mariell/go/pkg/mod/github.com/patrickmn/go-cache@v2.1.0+incompatible/cache.go:1079 +0x7b
created by github.com/patrickmn/go-cache.runJanitor in goroutine 13128
	/home/mariell/go/pkg/mod/github.com/patrickmn/go-cache@v2.1.0+incompatible/cache.go:1099 +0xdb

goroutine 11994 [sync.Cond.Wait]:
sync.runtime_notifyListWait(0xc0082fe010, 0x0)
	/usr/lib/go/src/runtime/sema.go:597 +0x159
sync.(*Cond).Wait(0x0?)
	/usr/lib/go/src/sync/cond.go:71 +0x85
github.com/centrifugal/centrifuge/internal/dissolve.(*queueImpl).Wait(0xc0088a18f0)
	/home/mariell/go/pkg/mod/github.com/centrifugal/centrifuge@v0.33.3/internal/dissolve/queue.go:139 +0x4a
github.com/centrifugal/centrifuge/internal/dissolve.(*Dissolver).runWorker(0xc003c41ef0)
	/home/mariell/go/pkg/mod/github.com/centrifugal/centrifuge@v0.33.3/internal/dissolve/dissolve.go:52 +0x27
created by github.com/centrifugal/centrifuge/internal/dissolve.(*Dissolver).Run in goroutine 10841
	/home/mariell/go/pkg/mod/github.com/centrifugal/centrifuge@v0.33.3/internal/dissolve/dissolve.go:31 +0x25

goroutine 12270 [chan receive]:
github.com/grafana/grafana/pkg/registry/apis/dashboard/legacy.(*dashboardSqlAccess).WatchWriteEvents.func1()
	/home/mariell/work/oss/grafana/pkg/registry/apis/dashboard/legacy/storage.go:238 +0x50
created by github.com/grafana/grafana/pkg/registry/apis/dashboard/legacy.(*dashboardSqlAccess).WatchWriteEvents in goroutine 11768
	/home/mariell/work/oss/grafana/pkg/registry/apis/dashboard/legacy/storage.go:236 +0x1b6

goroutine 13512 [sync.Cond.Wait]:
sync.runtime_notifyListWait(0xc00359a490, 0x2a)
	/usr/lib/go/src/runtime/sema.go:597 +0x159
sync.(*Cond).Wait(0xc0095008d0?)
	/usr/lib/go/src/sync/cond.go:71 +0x85
github.com/centrifugal/centrifuge/internal/dissolve.(*queueImpl).Wait(0xc0071d3500)
	/home/mariell/go/pkg/mod/github.com/centrifugal/centrifuge@v0.33.3/internal/dissolve/queue.go:139 +0x4a
github.com/centrifugal/centrifuge/internal/dissolve.(*Dissolver).runWorker(0xc008da47c8)
	/home/mariell/go/pkg/mod/github.com/centrifugal/centrifuge@v0.33.3/internal/dissolve/dissolve.go:52 +0x27
created by github.com/centrifugal/centrifuge/internal/dissolve.(*Dissolver).Run in goroutine 12330
	/home/mariell/go/pkg/mod/github.com/centrifugal/centrifuge@v0.33.3/internal/dissolve/dissolve.go:31 +0x25

goroutine 13778 [select]:
net/http.(*persistConn).writeLoop(0xc0051390e0)
	/usr/lib/go/src/net/http/transport.go:2590 +0xe7
created by net/http.(*Transport).dialConn in goroutine 13733
	/usr/lib/go/src/net/http/transport.go:1945 +0x17a5

goroutine 12388 [select]:
k8s.io/apimachinery/pkg/util/wait.BackoffUntil(0xc003994900, {0xa95ac00, 0xc005d11ec0}, 0x1, 0xc001456c40)
	/home/mariell/go/pkg/mod/k8s.io/apimachinery@v0.32.1/pkg/util/wait/backoff.go:238 +0x12c
k8s.io/apimachinery/pkg/util/wait.JitterUntil(0xc003994900, 0x3b9aca00, 0x3ff3333333333333, 0x1, 0xc001456c40)
	/home/mariell/go/pkg/mod/k8s.io/apimachinery@v0.32.1/pkg/util/wait/backoff.go:204 +0x7f
created by k8s.io/apiserver/pkg/registry/generic/registry.(*Store).startObservingCount in goroutine 11768
	/home/mariell/go/pkg/mod/k8s.io/apiserver@v0.32.1/pkg/registry/generic/registry/store.go:1666 +0x2f9

goroutine 14842 [select]:
github.com/centrifugal/centrifuge.(*Node).sendNodePing(0xc00ad19208)
	/home/mariell/go/pkg/mod/github.com/centrifugal/centrifuge@v0.33.3/node.go:380 +0x85
created by github.com/centrifugal/centrifuge.(*Node).Run in goroutine 13738
	/home/mariell/go/pkg/mod/github.com/centrifugal/centrifuge@v0.33.3/node.go:260 +0x225

goroutine 32005 [select]:
k8s.io/apimachinery/pkg/util/wait.BackoffUntil(0xc001c94ec0, {0xa95ac00, 0xc0136f9200}, 0x1, 0xc011583110)
	/home/mariell/go/pkg/mod/k8s.io/apimachinery@v0.32.1/pkg/util/wait/backoff.go:238 +0x12c
k8s.io/apimachinery/pkg/util/wait.JitterUntil(0xc001c94ec0, 0x3b9aca00, 0x3ff3333333333333, 0x1, 0xc011583110)
	/home/mariell/go/pkg/mod/k8s.io/apimachinery@v0.32.1/pkg/util/wait/backoff.go:204 +0x7f
created by k8s.io/apiserver/pkg/registry/generic/registry.(*Store).startObservingCount in goroutine 30401
	/home/mariell/go/pkg/mod/k8s.io/apiserver@v0.32.1/pkg/registry/generic/registry/store.go:1666 +0x2f9

goroutine 13495 [sync.Cond.Wait]:
sync.runtime_notifyListWait(0xc00359a490, 0x19)
	/usr/lib/go/src/runtime/sema.go:597 +0x159
sync.(*Cond).Wait(0x0?)
	/usr/lib/go/src/sync/cond.go:71 +0x85
github.com/centrifugal/centrifuge/internal/dissolve.(*queueImpl).Wait(0xc0071d3500)
	/home/mariell/go/pkg/mod/github.com/centrifugal/centrifuge@v0.33.3/internal/dissolve/queue.go:139 +0x4a
github.com/centrifugal/centrifuge/internal/dissolve.(*Dissolver).runWorker(0xc008da47c8)
	/home/mariell/go/pkg/mod/github.com/centrifugal/centrifuge@v0.33.3/internal/dissolve/dissolve.go:52 +0x27
created by github.com/centrifugal/centrifuge/internal/dissolve.(*Dissolver).Run in goroutine 12330
	/home/mariell/go/pkg/mod/github.com/centrifugal/centrifuge@v0.33.3/internal/dissolve/dissolve.go:31 +0x25

goroutine 15267 [IO wait]:
internal/poll.runtime_pollWait(0x777558f6a988, 0x72)
	/usr/lib/go/src/runtime/netpoll.go:351 +0x85
internal/poll.(*pollDesc).wait(0xc00b26d580?, 0xc006b03900?, 0x0)
	/usr/lib/go/src/internal/poll/fd_poll_runtime.go:84 +0x27
internal/poll.(*pollDesc).waitRead(...)
	/usr/lib/go/src/internal/poll/fd_poll_runtime.go:89
internal/poll.(*FD).Read(0xc00b26d580, {0xc006b03900, 0x1300, 0x1300})
	/usr/lib/go/src/internal/poll/fd_unix.go:165 +0x27a
net.(*netFD).Read(0xc00b26d580, {0xc006b03900?, 0x5?, 0x5?})
	/usr/lib/go/src/net/fd_posix.go:55 +0x25
net.(*conn).Read(0xc00cde0270, {0xc006b03900?, 0x7775606ff4f8?, 0x7775a8b28108?})
	/usr/lib/go/src/net/net.go:194 +0x45
crypto/tls.(*atLeastReader).Read(0xc0024ffe30, {0xc006b03900?, 0x11abda20?, 0xc00dcd79c8?})
	/usr/lib/go/src/crypto/tls/conn.go:809 +0x3b
bytes.(*Buffer).ReadFrom(0xc00db349b8, {0xa94e300, 0xc0024ffe30})
	/usr/lib/go/src/bytes/buffer.go:211 +0x98
crypto/tls.(*Conn).readFromUntil(0xc00db34708, {0xa94dc00, 0xc00cde0270}, 0x444af4?)
	/usr/lib/go/src/crypto/tls/conn.go:831 +0xde
crypto/tls.(*Conn).readRecordOrCCS(0xc00db34708, 0x0)
	/usr/lib/go/src/crypto/tls/conn.go:629 +0x3cf
crypto/tls.(*Conn).readRecord(...)
	/usr/lib/go/src/crypto/tls/conn.go:591
crypto/tls.(*Conn).Read(0xc00db34708, {0xc00db5f000, 0x1000, 0xc00ddb2450?})
	/usr/lib/go/src/crypto/tls/conn.go:1385 +0x145
net/http.(*persistConn).Read(0xc00564b320, {0xc00db5f000?, 0x81fe45?, 0xa94be80?})
	/usr/lib/go/src/net/http/transport.go:2122 +0x47
bufio.(*Reader).fill(0xc00db5d1a0)
	/usr/lib/go/src/bufio/bufio.go:113 +0x103
bufio.(*Reader).Peek(0xc00db5d1a0, 0x1)
	/usr/lib/go/src/bufio/bufio.go:152 +0x53
net/http.(*persistConn).readLoop(0xc00564b320)
	/usr/lib/go/src/net/http/transport.go:2275 +0x172
created by net/http.(*Transport).dialConn in goroutine 15238
	/usr/lib/go/src/net/http/transport.go:1944 +0x174f

goroutine 7822 [sync.Cond.Wait]:
sync.runtime_notifyListWait(0xc0082fe010, 0x8)
	/usr/lib/go/src/runtime/sema.go:597 +0x159
sync.(*Cond).Wait(0x0?)
	/usr/lib/go/src/sync/cond.go:71 +0x85
github.com/centrifugal/centrifuge/internal/dissolve.(*queueImpl).Wait(0xc0088a18f0)
	/home/mariell/go/pkg/mod/github.com/centrifugal/centrifuge@v0.33.3/internal/dissolve/queue.go:139 +0x4a
github.com/centrifugal/centrifuge/internal/dissolve.(*Dissolver).runWorker(0xc003c41ef0)
	/home/mariell/go/pkg/mod/github.com/centrifugal/centrifuge@v0.33.3/internal/dissolve/dissolve.go:52 +0x27
created by github.com/centrifugal/centrifuge/internal/dissolve.(*Dissolver).Run in goroutine 10841
	/home/mariell/go/pkg/mod/github.com/centrifugal/centrifuge@v0.33.3/internal/dissolve/dissolve.go:31 +0x25

goroutine 13763 [select]:
database/sql.(*DB).connectionOpener(0xc00aadd2b0, {0xa9d1d00, 0xc0088a4730})
	/usr/lib/go/src/database/sql/sql.go:1261 +0x87
created by database/sql.OpenDB in goroutine 13738
	/usr/lib/go/src/database/sql/sql.go:841 +0x130

goroutine 17912 [sync.Cond.Wait]:
sync.runtime_notifyListWait(0xc009ff2dd0, 0xc)
	/usr/lib/go/src/runtime/sema.go:597 +0x159
sync.(*Cond).Wait(0x0?)
	/usr/lib/go/src/sync/cond.go:71 +0x85
github.com/centrifugal/centrifuge/internal/dissolve.(*queueImpl).Wait(0xc00958cb60)
	/home/mariell/go/pkg/mod/github.com/centrifugal/centrifuge@v0.33.3/internal/dissolve/queue.go:139 +0x4a
github.com/centrifugal/centrifuge/internal/dissolve.(*Dissolver).runWorker(0xc0029ba528)
	/home/mariell/go/pkg/mod/github.com/centrifugal/centrifuge@v0.33.3/internal/dissolve/dissolve.go:52 +0x27
created by github.com/centrifugal/centrifuge/internal/dissolve.(*Dissolver).Run in goroutine 13128
	/home/mariell/go/pkg/mod/github.com/centrifugal/centrifuge@v0.33.3/internal/dissolve/dissolve.go:31 +0x25

goroutine 29949 [select]:
github.com/grafana/grafana/pkg/storage/unified/resource.(*broadcaster[...]).stream(0xab113a0, 0xc00cac4460)
	/home/mariell/work/oss/grafana/pkg/storage/unified/resource/broadcaster.go:205 +0x13d
created by github.com/grafana/grafana/pkg/storage/unified/resource.(*broadcaster[...]).init in goroutine 28801
	/home/mariell/work/oss/grafana/pkg/storage/unified/resource/broadcaster.go:177 +0x219

goroutine 27423 [select]:
k8s.io/apimachinery/pkg/util/wait.BackoffUntil(0xc0135fb500, {0xa95ac00, 0xc01168c360}, 0x1, 0xc01177c770)
	/home/mariell/go/pkg/mod/k8s.io/apimachinery@v0.32.1/pkg/util/wait/backoff.go:238 +0x12c
k8s.io/apimachinery/pkg/util/wait.JitterUntil(0xc0135fb500, 0x3b9aca00, 0x3ff3333333333333, 0x1, 0xc01177c770)
	/home/mariell/go/pkg/mod/k8s.io/apimachinery@v0.32.1/pkg/util/wait/backoff.go:204 +0x7f
created by k8s.io/apiserver/pkg/registry/generic/registry.(*Store).startObservingCount in goroutine 24423
	/home/mariell/go/pkg/mod/k8s.io/apiserver@v0.32.1/pkg/registry/generic/registry/store.go:1666 +0x2f9

goroutine 13487 [sync.Cond.Wait]:
sync.runtime_notifyListWait(0xc00359a490, 0x11)
	/usr/lib/go/src/runtime/sema.go:597 +0x159
sync.(*Cond).Wait(0x0?)
	/usr/lib/go/src/sync/cond.go:71 +0x85
github.com/centrifugal/centrifuge/internal/dissolve.(*queueImpl).Wait(0xc0071d3500)
	/home/mariell/go/pkg/mod/github.com/centrifugal/centrifuge@v0.33.3/internal/dissolve/queue.go:139 +0x4a
github.com/centrifugal/centrifuge/internal/dissolve.(*Dissolver).runWorker(0xc008da47c8)
	/home/mariell/go/pkg/mod/github.com/centrifugal/centrifuge@v0.33.3/internal/dissolve/dissolve.go:52 +0x27
created by github.com/centrifugal/centrifuge/internal/dissolve.(*Dissolver).Run in goroutine 12330
	/home/mariell/go/pkg/mod/github.com/centrifugal/centrifuge@v0.33.3/internal/dissolve/dissolve.go:31 +0x25

goroutine 12391 [select]:
k8s.io/apimachinery/pkg/util/wait.BackoffUntil(0xc00811d800, {0xa95ac00, 0xc005d11f20}, 0x1, 0xc00a381d50)
	/home/mariell/go/pkg/mod/k8s.io/apimachinery@v0.32.1/pkg/util/wait/backoff.go:238 +0x12c
k8s.io/apimachinery/pkg/util/wait.JitterUntil(0xc00811d800, 0x3b9aca00, 0x3ff3333333333333, 0x1, 0xc00a381d50)
	/home/mariell/go/pkg/mod/k8s.io/apimachinery@v0.32.1/pkg/util/wait/backoff.go:204 +0x7f
created by k8s.io/apiserver/pkg/registry/generic/registry.(*Store).startObservingCount in goroutine 11768
	/home/mariell/go/pkg/mod/k8s.io/apiserver@v0.32.1/pkg/registry/generic/registry/store.go:1666 +0x2f9

goroutine 13673 [select]:
github.com/patrickmn/go-cache.(*janitor).Run(0xc003598040, 0xc008679140)
	/home/mariell/go/pkg/mod/github.com/patrickmn/go-cache@v2.1.0+incompatible/cache.go:1079 +0x7b
created by github.com/patrickmn/go-cache.runJanitor in goroutine 12330
	/home/mariell/go/pkg/mod/github.com/patrickmn/go-cache@v2.1.0+incompatible/cache.go:1099 +0xdb

goroutine 12389 [select]:
k8s.io/apimachinery/pkg/util/wait.BackoffUntil(0xc003994a80, {0xa95ac00, 0xc005d11ef0}, 0x1, 0xc001456cb0)
	/home/mariell/go/pkg/mod/k8s.io/apimachinery@v0.32.1/pkg/util/wait/backoff.go:238 +0x12c
k8s.io/apimachinery/pkg/util/wait.JitterUntil(0xc003994a80, 0x3b9aca00, 0x3ff3333333333333, 0x1, 0xc001456cb0)
	/home/mariell/go/pkg/mod/k8s.io/apimachinery@v0.32.1/pkg/util/wait/backoff.go:204 +0x7f
created by k8s.io/apiserver/pkg/registry/generic/registry.(*Store).startObservingCount in goroutine 11768
	/home/mariell/go/pkg/mod/k8s.io/apiserver@v0.32.1/pkg/registry/generic/registry/store.go:1666 +0x2f9

goroutine 13599 [select]:
github.com/patrickmn/go-cache.(*janitor).Run(0xc0026e62b0, 0xc00447b500)
	/home/mariell/go/pkg/mod/github.com/patrickmn/go-cache@v2.1.0+incompatible/cache.go:1079 +0x7b
created by github.com/patrickmn/go-cache.runJanitor in goroutine 12330
	/home/mariell/go/pkg/mod/github.com/patrickmn/go-cache@v2.1.0+incompatible/cache.go:1099 +0xdb

goroutine 7811 [select]:
github.com/centrifugal/centrifuge.(*Node).initMetrics.func1()
	/home/mariell/go/pkg/mod/github.com/centrifugal/centrifuge@v0.33.3/node.go:365 +0x8a
created by github.com/centrifugal/centrifuge.(*Node).initMetrics in goroutine 10841
	/home/mariell/go/pkg/mod/github.com/centrifugal/centrifuge@v0.33.3/node.go:363 +0x1f9

goroutine 22870 [IO wait]:
internal/poll.runtime_pollWait(0x7775583a3318, 0x72)
	/usr/lib/go/src/runtime/netpoll.go:351 +0x85
internal/poll.(*pollDesc).wait(0xc00e402500?, 0xc009ab8c00?, 0x0)
	/usr/lib/go/src/internal/poll/fd_poll_runtime.go:84 +0x27
internal/poll.(*pollDesc).waitRead(...)
	/usr/lib/go/src/internal/poll/fd_poll_runtime.go:89
internal/poll.(*FD).Read(0xc00e402500, {0xc009ab8c00, 0x1300, 0x1300})
	/usr/lib/go/src/internal/poll/fd_unix.go:165 +0x27a
net.(*netFD).Read(0xc00e402500, {0xc009ab8c00?, 0xc009ab8c00?, 0x5?})
	/usr/lib/go/src/net/fd_posix.go:55 +0x25
net.(*conn).Read(0xc0088a6040, {0xc009ab8c00?, 0x7775605599a8?, 0x7775a8b28a78?})
	/usr/lib/go/src/net/net.go:194 +0x45
crypto/tls.(*atLeastReader).Read(0xc005a8a108, {0xc009ab8c00?, 0x12fb?, 0x0?})
	/usr/lib/go/src/crypto/tls/conn.go:809 +0x3b
bytes.(*Buffer).ReadFrom(0xc00e44a638, {0xa94e300, 0xc005a8a108})
	/usr/lib/go/src/bytes/buffer.go:211 +0x98
crypto/tls.(*Conn).readFromUntil(0xc00e44a388, {0xa94dc00, 0xc0088a6040}, 0x444af4?)
	/usr/lib/go/src/crypto/tls/conn.go:831 +0xde
crypto/tls.(*Conn).readRecordOrCCS(0xc00e44a388, 0x0)
	/usr/lib/go/src/crypto/tls/conn.go:629 +0x3cf
crypto/tls.(*Conn).readRecord(...)
	/usr/lib/go/src/crypto/tls/conn.go:591
crypto/tls.(*Conn).Read(0xc00e44a388, {0xc00ebab000, 0x1000, 0xc00e310b70?})
	/usr/lib/go/src/crypto/tls/conn.go:1385 +0x145
net/http.(*persistConn).Read(0xc008e78ea0, {0xc00ebab000?, 0x81fe45?, 0xa94be80?})
	/usr/lib/go/src/net/http/transport.go:2122 +0x47
bufio.(*Reader).fill(0xc013fa6960)
	/usr/lib/go/src/bufio/bufio.go:113 +0x103
bufio.(*Reader).Peek(0xc013fa6960, 0x1)
	/usr/lib/go/src/bufio/bufio.go:152 +0x53
net/http.(*persistConn).readLoop(0xc008e78ea0)
	/usr/lib/go/src/net/http/transport.go:2275 +0x172
created by net/http.(*Transport).dialConn in goroutine 22786
	/usr/lib/go/src/net/http/transport.go:1944 +0x174f

goroutine 33370 [IO wait]:
internal/poll.runtime_pollWait(0x777558599270, 0x72)
	/usr/lib/go/src/runtime/netpoll.go:351 +0x85
internal/poll.(*pollDesc).wait(0xc0140c4c00?, 0xc0125bb300?, 0x0)
	/usr/lib/go/src/internal/poll/fd_poll_runtime.go:84 +0x27
internal/poll.(*pollDesc).waitRead(...)
	/usr/lib/go/src/internal/poll/fd_poll_runtime.go:89
internal/poll.(*FD).Read(0xc0140c4c00, {0xc0125bb300, 0x1300, 0x1300})
	/usr/lib/go/src/internal/poll/fd_unix.go:165 +0x27a
net.(*netFD).Read(0xc0140c4c00, {0xc0125bb300?, 0xffb3510?, 0xc00d53c908?})
	/usr/lib/go/src/net/fd_posix.go:55 +0x25
net.(*conn).Read(0xc010044038, {0xc0125bb300?, 0x777558f9ee48?, 0x7775a8b298a0?})
	/usr/lib/go/src/net/net.go:194 +0x45
crypto/tls.(*atLeastReader).Read(0xc0065437b8, {0xc0125bb300?, 0xc00d53c9b0?, 0x83c1a9?})
	/usr/lib/go/src/crypto/tls/conn.go:809 +0x3b
bytes.(*Buffer).ReadFrom(0xc0110770b8, {0xa94e300, 0xc0065437b8})
	/usr/lib/go/src/bytes/buffer.go:211 +0x98
crypto/tls.(*Conn).readFromUntil(0xc011076e08, {0xa94dc00, 0xc010044038}, 0x444af4?)
	/usr/lib/go/src/crypto/tls/conn.go:831 +0xde
crypto/tls.(*Conn).readRecordOrCCS(0xc011076e08, 0x0)
	/usr/lib/go/src/crypto/tls/conn.go:629 +0x3cf
crypto/tls.(*Conn).readRecord(...)
	/usr/lib/go/src/crypto/tls/conn.go:591
crypto/tls.(*Conn).Read(0xc011076e08, {0xc00b930000, 0x1000, 0x7775a8b298a0?})
	/usr/lib/go/src/crypto/tls/conn.go:1385 +0x145
net/http.(*persistConn).Read(0xc019a50b40, {0xc00b930000?, 0x4141c5?, 0x68?})
	/usr/lib/go/src/net/http/transport.go:2122 +0x47
bufio.(*Reader).fill(0xc01a8c4000)
	/usr/lib/go/src/bufio/bufio.go:113 +0x103
bufio.(*Reader).Peek(0xc01a8c4000, 0x1)
	/usr/lib/go/src/bufio/bufio.go:152 +0x53
net/http.(*persistConn).readLoop(0xc019a50b40)
	/usr/lib/go/src/net/http/transport.go:2275 +0x172
created by net/http.(*Transport).dialConn in goroutine 33394
	/usr/lib/go/src/net/http/transport.go:1944 +0x174f

goroutine 12014 [sync.Cond.Wait]:
sync.runtime_notifyListWait(0xc0082fe010, 0x24)
	/usr/lib/go/src/runtime/sema.go:597 +0x159
sync.(*Cond).Wait(0x0?)
	/usr/lib/go/src/sync/cond.go:71 +0x85
github.com/centrifugal/centrifuge/internal/dissolve.(*queueImpl).Wait(0xc0088a18f0)
	/home/mariell/go/pkg/mod/github.com/centrifugal/centrifuge@v0.33.3/internal/dissolve/queue.go:139 +0x4a
github.com/centrifugal/centrifuge/internal/dissolve.(*Dissolver).runWorker(0xc003c41ef0)
	/home/mariell/go/pkg/mod/github.com/centrifugal/centrifuge@v0.33.3/internal/dissolve/dissolve.go:52 +0x27
created by github.com/centrifugal/centrifuge/internal/dissolve.(*Dissolver).Run in goroutine 10841
	/home/mariell/go/pkg/mod/github.com/centrifugal/centrifuge@v0.33.3/internal/dissolve/dissolve.go:31 +0x25

goroutine 12017 [sync.Cond.Wait]:
sync.runtime_notifyListWait(0xc0082fe010, 0x3a)
	/usr/lib/go/src/runtime/sema.go:597 +0x159
sync.(*Cond).Wait(0x0?)
	/usr/lib/go/src/sync/cond.go:71 +0x85
github.com/centrifugal/centrifuge/internal/dissolve.(*queueImpl).Wait(0xc0088a18f0)
	/home/mariell/go/pkg/mod/github.com/centrifugal/centrifuge@v0.33.3/internal/dissolve/queue.go:139 +0x4a
github.com/centrifugal/centrifuge/internal/dissolve.(*Dissolver).runWorker(0xc003c41ef0)
	/home/mariell/go/pkg/mod/github.com/centrifugal/centrifuge@v0.33.3/internal/dissolve/dissolve.go:52 +0x27
created by github.com/centrifugal/centrifuge/internal/dissolve.(*Dissolver).Run in goroutine 10841
	/home/mariell/go/pkg/mod/github.com/centrifugal/centrifuge@v0.33.3/internal/dissolve/dissolve.go:31 +0x25

goroutine 13520 [sync.Cond.Wait]:
sync.runtime_notifyListWait(0xc00359a490, 0x32)
	/usr/lib/go/src/runtime/sema.go:597 +0x159
sync.(*Cond).Wait(0x0?)
	/usr/lib/go/src/sync/cond.go:71 +0x85
github.com/centrifugal/centrifuge/internal/dissolve.(*queueImpl).Wait(0xc0071d3500)
	/home/mariell/go/pkg/mod/github.com/centrifugal/centrifuge@v0.33.3/internal/dissolve/queue.go:139 +0x4a
github.com/centrifugal/centrifuge/internal/dissolve.(*Dissolver).runWorker(0xc008da47c8)
	/home/mariell/go/pkg/mod/github.com/centrifugal/centrifuge@v0.33.3/internal/dissolve/dissolve.go:52 +0x27
created by github.com/centrifugal/centrifuge/internal/dissolve.(*Dissolver).Run in goroutine 12330
	/home/mariell/go/pkg/mod/github.com/centrifugal/centrifuge@v0.33.3/internal/dissolve/dissolve.go:31 +0x25

goroutine 14892 [sync.Cond.Wait]:
sync.runtime_notifyListWait(0xc00cfe9cd0, 0x2e)
	/usr/lib/go/src/runtime/sema.go:597 +0x159
sync.(*Cond).Wait(0xc007517c60?)
	/usr/lib/go/src/sync/cond.go:71 +0x85
github.com/centrifugal/centrifuge/internal/dissolve.(*queueImpl).Wait(0xc00c22f1f0)
	/home/mariell/go/pkg/mod/github.com/centrifugal/centrifuge@v0.33.3/internal/dissolve/queue.go:139 +0x4a
github.com/centrifugal/centrifuge/internal/dissolve.(*Dissolver).runWorker(0xc0034e9ed8)
	/home/mariell/go/pkg/mod/github.com/centrifugal/centrifuge@v0.33.3/internal/dissolve/dissolve.go:52 +0x27
created by github.com/centrifugal/centrifuge/internal/dissolve.(*Dissolver).Run in goroutine 13738
	/home/mariell/go/pkg/mod/github.com/centrifugal/centrifuge@v0.33.3/internal/dissolve/dissolve.go:31 +0x25

goroutine 13530 [sync.Cond.Wait]:
sync.runtime_notifyListWait(0xc00359a490, 0x3c)
	/usr/lib/go/src/runtime/sema.go:597 +0x159
sync.(*Cond).Wait(0x0?)
	/usr/lib/go/src/sync/cond.go:71 +0x85
github.com/centrifugal/centrifuge/internal/dissolve.(*queueImpl).Wait(0xc0071d3500)
	/home/mariell/go/pkg/mod/github.com/centrifugal/centrifuge@v0.33.3/internal/dissolve/queue.go:139 +0x4a
github.com/centrifugal/centrifuge/internal/dissolve.(*Dissolver).runWorker(0xc008da47c8)
	/home/mariell/go/pkg/mod/github.com/centrifugal/centrifuge@v0.33.3/internal/dissolve/dissolve.go:52 +0x27
created by github.com/centrifugal/centrifuge/internal/dissolve.(*Dissolver).Run in goroutine 12330
	/home/mariell/go/pkg/mod/github.com/centrifugal/centrifuge@v0.33.3/internal/dissolve/dissolve.go:31 +0x25

goroutine 13476 [sync.Cond.Wait]:
sync.runtime_notifyListWait(0xc00359a490, 0x6)
	/usr/lib/go/src/runtime/sema.go:597 +0x159
sync.(*Cond).Wait(0x0?)
	/usr/lib/go/src/sync/cond.go:71 +0x85
github.com/centrifugal/centrifuge/internal/dissolve.(*queueImpl).Wait(0xc0071d3500)
	/home/mariell/go/pkg/mod/github.com/centrifugal/centrifuge@v0.33.3/internal/dissolve/queue.go:139 +0x4a
github.com/centrifugal/centrifuge/internal/dissolve.(*Dissolver).runWorker(0xc008da47c8)
	/home/mariell/go/pkg/mod/github.com/centrifugal/centrifuge@v0.33.3/internal/dissolve/dissolve.go:52 +0x27
created by github.com/centrifugal/centrifuge/internal/dissolve.(*Dissolver).Run in goroutine 12330
	/home/mariell/go/pkg/mod/github.com/centrifugal/centrifuge@v0.33.3/internal/dissolve/dissolve.go:31 +0x25

goroutine 7814 [select]:
github.com/centrifugal/centrifuge.(*Node).updateMetrics(0xc005118488)
	/home/mariell/go/pkg/mod/github.com/centrifugal/centrifuge@v0.33.3/node.go:335 +0x85
created by github.com/centrifugal/centrifuge.(*Node).Run in goroutine 10841
	/home/mariell/go/pkg/mod/github.com/centrifugal/centrifuge@v0.33.3/node.go:262 +0x2a5

goroutine 14651 [chan receive]:
github.com/grafana/grafana/pkg/storage/unified/sql.(*channelNotifier).notify.func1()
	/home/mariell/work/oss/grafana/pkg/storage/unified/sql/notifier.go:87 +0x39
created by github.com/grafana/grafana/pkg/storage/unified/sql.(*channelNotifier).notify in goroutine 13738
	/home/mariell/work/oss/grafana/pkg/storage/unified/sql/notifier.go:86 +0xdb

goroutine 33542 [chan receive]:
github.com/grafana/grafana/pkg/registry/apis/dashboard/legacy.(*dashboardSqlAccess).WatchWriteEvents.func1()
	/home/mariell/work/oss/grafana/pkg/registry/apis/dashboard/legacy/storage.go:238 +0x50
created by github.com/grafana/grafana/pkg/registry/apis/dashboard/legacy.(*dashboardSqlAccess).WatchWriteEvents in goroutine 31757
	/home/mariell/work/oss/grafana/pkg/registry/apis/dashboard/legacy/storage.go:236 +0x1b6

goroutine 12009 [sync.Cond.Wait]:
sync.runtime_notifyListWait(0xc0082fe010, 0x33)
	/usr/lib/go/src/runtime/sema.go:597 +0x159
sync.(*Cond).Wait(0xc002a72fd0?)
	/usr/lib/go/src/sync/cond.go:71 +0x85
github.com/centrifugal/centrifuge/internal/dissolve.(*queueImpl).Wait(0xc0088a18f0)
	/home/mariell/go/pkg/mod/github.com/centrifugal/centrifuge@v0.33.3/internal/dissolve/queue.go:139 +0x4a
github.com/centrifugal/centrifuge/internal/dissolve.(*Dissolver).runWorker(0xc003c41ef0)
	/home/mariell/go/pkg/mod/github.com/centrifugal/centrifuge@v0.33.3/internal/dissolve/dissolve.go:52 +0x27
created by github.com/centrifugal/centrifuge/internal/dissolve.(*Dissolver).Run in goroutine 10841
	/home/mariell/go/pkg/mod/github.com/centrifugal/centrifuge@v0.33.3/internal/dissolve/dissolve.go:31 +0x25

goroutine 12008 [sync.Cond.Wait]:
sync.runtime_notifyListWait(0xc0082fe010, 0x32)
	/usr/lib/go/src/runtime/sema.go:597 +0x159
sync.(*Cond).Wait(0xc0093a5fd0?)
	/usr/lib/go/src/sync/cond.go:71 +0x85
github.com/centrifugal/centrifuge/internal/dissolve.(*queueImpl).Wait(0xc0088a18f0)
	/home/mariell/go/pkg/mod/github.com/centrifugal/centrifuge@v0.33.3/internal/dissolve/queue.go:139 +0x4a
github.com/centrifugal/centrifuge/internal/dissolve.(*Dissolver).runWorker(0xc003c41ef0)
	/home/mariell/go/pkg/mod/github.com/centrifugal/centrifuge@v0.33.3/internal/dissolve/dissolve.go:52 +0x27
created by github.com/centrifugal/centrifuge/internal/dissolve.(*Dissolver).Run in goroutine 10841
	/home/mariell/go/pkg/mod/github.com/centrifugal/centrifuge@v0.33.3/internal/dissolve/dissolve.go:31 +0x25

goroutine 30124 [sync.Cond.Wait]:
sync.runtime_notifyListWait(0xc0029f6450, 0x3c)
	/usr/lib/go/src/runtime/sema.go:597 +0x159
sync.(*Cond).Wait(0x0?)
	/usr/lib/go/src/sync/cond.go:71 +0x85
github.com/centrifugal/centrifuge/internal/dissolve.(*queueImpl).Wait(0xc00ccdc000)
	/home/mariell/go/pkg/mod/github.com/centrifugal/centrifuge@v0.33.3/internal/dissolve/queue.go:139 +0x4a
github.com/centrifugal/centrifuge/internal/dissolve.(*Dissolver).runWorker(0xc00e0b3c50)
	/home/mariell/go/pkg/mod/github.com/centrifugal/centrifuge@v0.33.3/internal/dissolve/dissolve.go:52 +0x27
created by github.com/centrifugal/centrifuge/internal/dissolve.(*Dissolver).Run in goroutine 28801
	/home/mariell/go/pkg/mod/github.com/centrifugal/centrifuge@v0.33.3/internal/dissolve/dissolve.go:31 +0x25

goroutine 12007 [sync.Cond.Wait]:
sync.runtime_notifyListWait(0xc0082fe010, 0x31)
	/usr/lib/go/src/runtime/sema.go:597 +0x159
sync.(*Cond).Wait(0x0?)
	/usr/lib/go/src/sync/cond.go:71 +0x85
github.com/centrifugal/centrifuge/internal/dissolve.(*queueImpl).Wait(0xc0088a18f0)
	/home/mariell/go/pkg/mod/github.com/centrifugal/centrifuge@v0.33.3/internal/dissolve/queue.go:139 +0x4a
github.com/centrifugal/centrifuge/internal/dissolve.(*Dissolver).runWorker(0xc003c41ef0)
	/home/mariell/go/pkg/mod/github.com/centrifugal/centrifuge@v0.33.3/internal/dissolve/dissolve.go:52 +0x27
created by github.com/centrifugal/centrifuge/internal/dissolve.(*Dissolver).Run in goroutine 10841
	/home/mariell/go/pkg/mod/github.com/centrifugal/centrifuge@v0.33.3/internal/dissolve/dissolve.go:31 +0x25

goroutine 33525 [select]:
database/sql.(*DB).connectionOpener(0xc01a9e6c30, {0xa9d1d00, 0xc00c67e500})
	/usr/lib/go/src/database/sql/sql.go:1261 +0x87
created by database/sql.OpenDB in goroutine 33524
	/usr/lib/go/src/database/sql/sql.go:841 +0x130

goroutine 12006 [sync.Cond.Wait]:
sync.runtime_notifyListWait(0xc0082fe010, 0x30)
	/usr/lib/go/src/runtime/sema.go:597 +0x159
sync.(*Cond).Wait(0x0?)
	/usr/lib/go/src/sync/cond.go:71 +0x85
github.com/centrifugal/centrifuge/internal/dissolve.(*queueImpl).Wait(0xc0088a18f0)
	/home/mariell/go/pkg/mod/github.com/centrifugal/centrifuge@v0.33.3/internal/dissolve/queue.go:139 +0x4a
github.com/centrifugal/centrifuge/internal/dissolve.(*Dissolver).runWorker(0xc003c41ef0)
	/home/mariell/go/pkg/mod/github.com/centrifugal/centrifuge@v0.33.3/internal/dissolve/dissolve.go:52 +0x27
created by github.com/centrifugal/centrifuge/internal/dissolve.(*Dissolver).Run in goroutine 10841
	/home/mariell/go/pkg/mod/github.com/centrifugal/centrifuge@v0.33.3/internal/dissolve/dissolve.go:31 +0x25

goroutine 17844 [select]:
github.com/patrickmn/go-cache.(*janitor).Run(0xc009c8ee10, 0xc001e021c0)
	/home/mariell/go/pkg/mod/github.com/patrickmn/go-cache@v2.1.0+incompatible/cache.go:1079 +0x7b
created by github.com/patrickmn/go-cache.runJanitor in goroutine 13128
	/home/mariell/go/pkg/mod/github.com/patrickmn/go-cache@v2.1.0+incompatible/cache.go:1099 +0xdb

goroutine 27018 [sync.Cond.Wait]:
sync.runtime_notifyListWait(0xc00d5304d0, 0x14)
	/usr/lib/go/src/runtime/sema.go:597 +0x159
sync.(*Cond).Wait(0x0?)
	/usr/lib/go/src/sync/cond.go:71 +0x85
github.com/centrifugal/centrifuge/internal/dissolve.(*queueImpl).Wait(0xc00dc00930)
	/home/mariell/go/pkg/mod/github.com/centrifugal/centrifuge@v0.33.3/internal/dissolve/queue.go:139 +0x4a
github.com/centrifugal/centrifuge/internal/dissolve.(*Dissolver).runWorker(0xc0128109a8)
	/home/mariell/go/pkg/mod/github.com/centrifugal/centrifuge@v0.33.3/internal/dissolve/dissolve.go:52 +0x27
created by github.com/centrifugal/centrifuge/internal/dissolve.(*Dissolver).Run in goroutine 24637
	/home/mariell/go/pkg/mod/github.com/centrifugal/centrifuge@v0.33.3/internal/dissolve/dissolve.go:31 +0x25

goroutine 11996 [sync.Cond.Wait]:
sync.runtime_notifyListWait(0xc0082fe010, 0x26)
	/usr/lib/go/src/runtime/sema.go:597 +0x159
sync.(*Cond).Wait(0x0?)
	/usr/lib/go/src/sync/cond.go:71 +0x85
github.com/centrifugal/centrifuge/internal/dissolve.(*queueImpl).Wait(0xc0088a18f0)
	/home/mariell/go/pkg/mod/github.com/centrifugal/centrifuge@v0.33.3/internal/dissolve/queue.go:139 +0x4a
github.com/centrifugal/centrifuge/internal/dissolve.(*Dissolver).runWorker(0xc003c41ef0)
	/home/mariell/go/pkg/mod/github.com/centrifugal/centrifuge@v0.33.3/internal/dissolve/dissolve.go:52 +0x27
created by github.com/centrifugal/centrifuge/internal/dissolve.(*Dissolver).Run in goroutine 10841
	/home/mariell/go/pkg/mod/github.com/centrifugal/centrifuge@v0.33.3/internal/dissolve/dissolve.go:31 +0x25

goroutine 14890 [sync.Cond.Wait]:
sync.runtime_notifyListWait(0xc00cfe9cd0, 0x2b)
	/usr/lib/go/src/runtime/sema.go:597 +0x159
sync.(*Cond).Wait(0x0?)
	/usr/lib/go/src/sync/cond.go:71 +0x85
github.com/centrifugal/centrifuge/internal/dissolve.(*queueImpl).Wait(0xc00c22f1f0)
	/home/mariell/go/pkg/mod/github.com/centrifugal/centrifuge@v0.33.3/internal/dissolve/queue.go:139 +0x4a
github.com/centrifugal/centrifuge/internal/dissolve.(*Dissolver).runWorker(0xc0034e9ed8)
	/home/mariell/go/pkg/mod/github.com/centrifugal/centrifuge@v0.33.3/internal/dissolve/dissolve.go:52 +0x27
created by github.com/centrifugal/centrifuge/internal/dissolve.(*Dissolver).Run in goroutine 13738
	/home/mariell/go/pkg/mod/github.com/centrifugal/centrifuge@v0.33.3/internal/dissolve/dissolve.go:31 +0x25

goroutine 40557 [sync.Cond.Wait]:
sync.runtime_notifyListWait(0xc0228a0b10, 0x17)
	/usr/lib/go/src/runtime/sema.go:597 +0x159
sync.(*Cond).Wait(0x0?)
	/usr/lib/go/src/sync/cond.go:71 +0x85
github.com/centrifugal/centrifuge/internal/dissolve.(*queueImpl).Wait(0xc0228cc690)
	/home/mariell/go/pkg/mod/github.com/centrifugal/centrifuge@v0.33.3/internal/dissolve/queue.go:139 +0x4a
github.com/centrifugal/centrifuge/internal/dissolve.(*Dissolver).runWorker(0xc015fedd58)
	/home/mariell/go/pkg/mod/github.com/centrifugal/centrifuge@v0.33.3/internal/dissolve/dissolve.go:52 +0x27
created by github.com/centrifugal/centrifuge/internal/dissolve.(*Dissolver).Run in goroutine 36287
	/home/mariell/go/pkg/mod/github.com/centrifugal/centrifuge@v0.33.3/internal/dissolve/dissolve.go:31 +0x25

goroutine 11997 [sync.Cond.Wait]:
sync.runtime_notifyListWait(0xc0082fe010, 0x27)
	/usr/lib/go/src/runtime/sema.go:597 +0x159
sync.(*Cond).Wait(0xc00c547fd0?)
	/usr/lib/go/src/sync/cond.go:71 +0x85
github.com/centrifugal/centrifuge/internal/dissolve.(*queueImpl).Wait(0xc0088a18f0)
	/home/mariell/go/pkg/mod/github.com/centrifugal/centrifuge@v0.33.3/internal/dissolve/queue.go:139 +0x4a
github.com/centrifugal/centrifuge/internal/dissolve.(*Dissolver).runWorker(0xc003c41ef0)
	/home/mariell/go/pkg/mod/github.com/centrifugal/centrifuge@v0.33.3/internal/dissolve/dissolve.go:52 +0x27
created by github.com/centrifugal/centrifuge/internal/dissolve.(*Dissolver).Run in goroutine 10841
	/home/mariell/go/pkg/mod/github.com/centrifugal/centrifuge@v0.33.3/internal/dissolve/dissolve.go:31 +0x25

goroutine 16345 [select]:
github.com/centrifugal/centrifuge.(*Node).sendNodePing(0xc0044a8008)
	/home/mariell/go/pkg/mod/github.com/centrifugal/centrifuge@v0.33.3/node.go:380 +0x85
created by github.com/centrifugal/centrifuge.(*Node).Run in goroutine 12335
	/home/mariell/go/pkg/mod/github.com/centrifugal/centrifuge@v0.33.3/node.go:260 +0x225

goroutine 52857 [sync.Cond.Wait]:
sync.runtime_notifyListWait(0xc0301d0dd0, 0x15)
	/usr/lib/go/src/runtime/sema.go:597 +0x159
sync.(*Cond).Wait(0xc005e17fd0?)
	/usr/lib/go/src/sync/cond.go:71 +0x85
github.com/centrifugal/centrifuge/internal/dissolve.(*queueImpl).Wait(0xc030230380)
	/home/mariell/go/pkg/mod/github.com/centrifugal/centrifuge@v0.33.3/internal/dissolve/queue.go:139 +0x4a
github.com/centrifugal/centrifuge/internal/dissolve.(*Dissolver).runWorker(0xc008ba75c0)
	/home/mariell/go/pkg/mod/github.com/centrifugal/centrifuge@v0.33.3/internal/dissolve/dissolve.go:52 +0x27
created by github.com/centrifugal/centrifuge/internal/dissolve.(*Dissolver).Run in goroutine 51765
	/home/mariell/go/pkg/mod/github.com/centrifugal/centrifuge@v0.33.3/internal/dissolve/dissolve.go:31 +0x25

goroutine 11999 [sync.Cond.Wait]:
sync.runtime_notifyListWait(0xc0082fe010, 0x29)
	/usr/lib/go/src/runtime/sema.go:597 +0x159
sync.(*Cond).Wait(0xc00c5447d0?)
	/usr/lib/go/src/sync/cond.go:71 +0x85
github.com/centrifugal/centrifuge/internal/dissolve.(*queueImpl).Wait(0xc0088a18f0)
	/home/mariell/go/pkg/mod/github.com/centrifugal/centrifuge@v0.33.3/internal/dissolve/queue.go:139 +0x4a
github.com/centrifugal/centrifuge/internal/dissolve.(*Dissolver).runWorker(0xc003c41ef0)
	/home/mariell/go/pkg/mod/github.com/centrifugal/centrifuge@v0.33.3/internal/dissolve/dissolve.go:52 +0x27
created by github.com/centrifugal/centrifuge/internal/dissolve.(*Dissolver).Run in goroutine 10841
	/home/mariell/go/pkg/mod/github.com/centrifugal/centrifuge@v0.33.3/internal/dissolve/dissolve.go:31 +0x25

goroutine 11998 [sync.Cond.Wait]:
sync.runtime_notifyListWait(0xc0082fe010, 0x28)
	/usr/lib/go/src/runtime/sema.go:597 +0x159
sync.(*Cond).Wait(0x0?)
	/usr/lib/go/src/sync/cond.go:71 +0x85
github.com/centrifugal/centrifuge/internal/dissolve.(*queueImpl).Wait(0xc0088a18f0)
	/home/mariell/go/pkg/mod/github.com/centrifugal/centrifuge@v0.33.3/internal/dissolve/queue.go:139 +0x4a
github.com/centrifugal/centrifuge/internal/dissolve.(*Dissolver).runWorker(0xc003c41ef0)
	/home/mariell/go/pkg/mod/github.com/centrifugal/centrifuge@v0.33.3/internal/dissolve/dissolve.go:52 +0x27
created by github.com/centrifugal/centrifuge/internal/dissolve.(*Dissolver).Run in goroutine 10841
	/home/mariell/go/pkg/mod/github.com/centrifugal/centrifuge@v0.33.3/internal/dissolve/dissolve.go:31 +0x25

goroutine 21942 [select]:
github.com/grafana/grafana/pkg/storage/unified/resource.(*broadcaster[...]).stream(0xab113a0, 0xc014138a80)
	/home/mariell/work/oss/grafana/pkg/storage/unified/resource/broadcaster.go:205 +0x13d
created by github.com/grafana/grafana/pkg/storage/unified/resource.(*broadcaster[...]).init in goroutine 21243
	/home/mariell/work/oss/grafana/pkg/storage/unified/resource/broadcaster.go:177 +0x219

goroutine 12005 [sync.Cond.Wait]:
sync.runtime_notifyListWait(0xc0082fe010, 0x2f)
	/usr/lib/go/src/runtime/sema.go:597 +0x159
sync.(*Cond).Wait(0x0?)
	/usr/lib/go/src/sync/cond.go:71 +0x85
github.com/centrifugal/centrifuge/internal/dissolve.(*queueImpl).Wait(0xc0088a18f0)
	/home/mariell/go/pkg/mod/github.com/centrifugal/centrifuge@v0.33.3/internal/dissolve/queue.go:139 +0x4a
github.com/centrifugal/centrifuge/internal/dissolve.(*Dissolver).runWorker(0xc003c41ef0)
	/home/mariell/go/pkg/mod/github.com/centrifugal/centrifuge@v0.33.3/internal/dissolve/dissolve.go:52 +0x27
created by github.com/centrifugal/centrifuge/internal/dissolve.(*Dissolver).Run in goroutine 10841
	/home/mariell/go/pkg/mod/github.com/centrifugal/centrifuge@v0.33.3/internal/dissolve/dissolve.go:31 +0x25

goroutine 12000 [sync.Cond.Wait]:
sync.runtime_notifyListWait(0xc0082fe010, 0x2a)
	/usr/lib/go/src/runtime/sema.go:597 +0x159
sync.(*Cond).Wait(0x0?)
	/usr/lib/go/src/sync/cond.go:71 +0x85
github.com/centrifugal/centrifuge/internal/dissolve.(*queueImpl).Wait(0xc0088a18f0)
	/home/mariell/go/pkg/mod/github.com/centrifugal/centrifuge@v0.33.3/internal/dissolve/queue.go:139 +0x4a
github.com/centrifugal/centrifuge/internal/dissolve.(*Dissolver).runWorker(0xc003c41ef0)
	/home/mariell/go/pkg/mod/github.com/centrifugal/centrifuge@v0.33.3/internal/dissolve/dissolve.go:52 +0x27
created by github.com/centrifugal/centrifuge/internal/dissolve.(*Dissolver).Run in goroutine 10841
	/home/mariell/go/pkg/mod/github.com/centrifugal/centrifuge@v0.33.3/internal/dissolve/dissolve.go:31 +0x25

goroutine 12004 [sync.Cond.Wait]:
sync.runtime_notifyListWait(0xc0082fe010, 0x2e)
	/usr/lib/go/src/runtime/sema.go:597 +0x159
sync.(*Cond).Wait(0xc005e167d0?)
	/usr/lib/go/src/sync/cond.go:71 +0x85
github.com/centrifugal/centrifuge/internal/dissolve.(*queueImpl).Wait(0xc0088a18f0)
	/home/mariell/go/pkg/mod/github.com/centrifugal/centrifuge@v0.33.3/internal/dissolve/queue.go:139 +0x4a
github.com/centrifugal/centrifuge/internal/dissolve.(*Dissolver).runWorker(0xc003c41ef0)
	/home/mariell/go/pkg/mod/github.com/centrifugal/centrifuge@v0.33.3/internal/dissolve/dissolve.go:52 +0x27
created by github.com/centrifugal/centrifuge/internal/dissolve.(*Dissolver).Run in goroutine 10841
	/home/mariell/go/pkg/mod/github.com/centrifugal/centrifuge@v0.33.3/internal/dissolve/dissolve.go:31 +0x25

goroutine 12003 [sync.Cond.Wait]:
sync.runtime_notifyListWait(0xc0082fe010, 0x2d)
	/usr/lib/go/src/runtime/sema.go:597 +0x159
sync.(*Cond).Wait(0xc00700cfd0?)
	/usr/lib/go/src/sync/cond.go:71 +0x85
github.com/centrifugal/centrifuge/internal/dissolve.(*queueImpl).Wait(0xc0088a18f0)
	/home/mariell/go/pkg/mod/github.com/centrifugal/centrifuge@v0.33.3/internal/dissolve/queue.go:139 +0x4a
github.com/centrifugal/centrifuge/internal/dissolve.(*Dissolver).runWorker(0xc003c41ef0)
	/home/mariell/go/pkg/mod/github.com/centrifugal/centrifuge@v0.33.3/internal/dissolve/dissolve.go:52 +0x27
created by github.com/centrifugal/centrifuge/internal/dissolve.(*Dissolver).Run in goroutine 10841
	/home/mariell/go/pkg/mod/github.com/centrifugal/centrifuge@v0.33.3/internal/dissolve/dissolve.go:31 +0x25

goroutine 14905 [sync.Cond.Wait]:
sync.runtime_notifyListWait(0xc00cfe9cd0, 0x3a)
	/usr/lib/go/src/runtime/sema.go:597 +0x159
sync.(*Cond).Wait(0xc0022287d0?)
	/usr/lib/go/src/sync/cond.go:71 +0x85
github.com/centrifugal/centrifuge/internal/dissolve.(*queueImpl).Wait(0xc00c22f1f0)
	/home/mariell/go/pkg/mod/github.com/centrifugal/centrifuge@v0.33.3/internal/dissolve/queue.go:139 +0x4a
github.com/centrifugal/centrifuge/internal/dissolve.(*Dissolver).runWorker(0xc0034e9ed8)
	/home/mariell/go/pkg/mod/github.com/centrifugal/centrifuge@v0.33.3/internal/dissolve/dissolve.go:52 +0x27
created by github.com/centrifugal/centrifuge/internal/dissolve.(*Dissolver).Run in goroutine 13738
	/home/mariell/go/pkg/mod/github.com/centrifugal/centrifuge@v0.33.3/internal/dissolve/dissolve.go:31 +0x25

goroutine 12002 [sync.Cond.Wait]:
sync.runtime_notifyListWait(0xc0082fe010, 0x2c)
	/usr/lib/go/src/runtime/sema.go:597 +0x159
sync.(*Cond).Wait(0xc0047067d0?)
	/usr/lib/go/src/sync/cond.go:71 +0x85
github.com/centrifugal/centrifuge/internal/dissolve.(*queueImpl).Wait(0xc0088a18f0)
	/home/mariell/go/pkg/mod/github.com/centrifugal/centrifuge@v0.33.3/internal/dissolve/queue.go:139 +0x4a
github.com/centrifugal/centrifuge/internal/dissolve.(*Dissolver).runWorker(0xc003c41ef0)
	/home/mariell/go/pkg/mod/github.com/centrifugal/centrifuge@v0.33.3/internal/dissolve/dissolve.go:52 +0x27
created by github.com/centrifugal/centrifuge/internal/dissolve.(*Dissolver).Run in goroutine 10841
	/home/mariell/go/pkg/mod/github.com/centrifugal/centrifuge@v0.33.3/internal/dissolve/dissolve.go:31 +0x25

goroutine 12001 [sync.Cond.Wait]:
sync.runtime_notifyListWait(0xc0082fe010, 0x2b)
	/usr/lib/go/src/runtime/sema.go:597 +0x159
sync.(*Cond).Wait(0x0?)
	/usr/lib/go/src/sync/cond.go:71 +0x85
github.com/centrifugal/centrifuge/internal/dissolve.(*queueImpl).Wait(0xc0088a18f0)
	/home/mariell/go/pkg/mod/github.com/centrifugal/centrifuge@v0.33.3/internal/dissolve/queue.go:139 +0x4a
github.com/centrifugal/centrifuge/internal/dissolve.(*Dissolver).runWorker(0xc003c41ef0)
	/home/mariell/go/pkg/mod/github.com/centrifugal/centrifuge@v0.33.3/internal/dissolve/dissolve.go:52 +0x27
created by github.com/centrifugal/centrifuge/internal/dissolve.(*Dissolver).Run in goroutine 10841
	/home/mariell/go/pkg/mod/github.com/centrifugal/centrifuge@v0.33.3/internal/dissolve/dissolve.go:31 +0x25

goroutine 12086 [select]:
github.com/patrickmn/go-cache.(*janitor).Run(0xc00a0b6310, 0xc000844880)
	/home/mariell/go/pkg/mod/github.com/patrickmn/go-cache@v2.1.0+incompatible/cache.go:1079 +0x7b
created by github.com/patrickmn/go-cache.runJanitor in goroutine 10841
	/home/mariell/go/pkg/mod/github.com/patrickmn/go-cache@v2.1.0+incompatible/cache.go:1099 +0xdb

goroutine 12087 [select]:
github.com/patrickmn/go-cache.(*janitor).Run(0xc00a0b6320, 0xc000844a80)
	/home/mariell/go/pkg/mod/github.com/patrickmn/go-cache@v2.1.0+incompatible/cache.go:1079 +0x7b
created by github.com/patrickmn/go-cache.runJanitor in goroutine 10841
	/home/mariell/go/pkg/mod/github.com/patrickmn/go-cache@v2.1.0+incompatible/cache.go:1099 +0xdb

goroutine 12165 [select]:
github.com/patrickmn/go-cache.(*janitor).Run(0xc009da37c0, 0xc0022502c0)
	/home/mariell/go/pkg/mod/github.com/patrickmn/go-cache@v2.1.0+incompatible/cache.go:1079 +0x7b
created by github.com/patrickmn/go-cache.runJanitor in goroutine 10841
	/home/mariell/go/pkg/mod/github.com/patrickmn/go-cache@v2.1.0+incompatible/cache.go:1099 +0xdb

goroutine 12167 [select]:
github.com/patrickmn/go-cache.(*janitor).Run(0xc00a11b6d0, 0xc0022b1a80)
	/home/mariell/go/pkg/mod/github.com/patrickmn/go-cache@v2.1.0+incompatible/cache.go:1079 +0x7b
created by github.com/patrickmn/go-cache.runJanitor in goroutine 10841
	/home/mariell/go/pkg/mod/github.com/patrickmn/go-cache@v2.1.0+incompatible/cache.go:1099 +0xdb

goroutine 12348 [select]:
database/sql.(*DB).connectionOpener(0xc00216dad0, {0xa9d1d00, 0xc002d8ce10})
	/usr/lib/go/src/database/sql/sql.go:1261 +0x87
created by database/sql.OpenDB in goroutine 12330
	/usr/lib/go/src/database/sql/sql.go:841 +0x130

goroutine 14857 [sync.Cond.Wait]:
sync.runtime_notifyListWait(0xc00cfe9cd0, 0x0)
	/usr/lib/go/src/runtime/sema.go:597 +0x159
sync.(*Cond).Wait(0x0?)
	/usr/lib/go/src/sync/cond.go:71 +0x85
github.com/centrifugal/centrifuge/internal/dissolve.(*queueImpl).Wait(0xc00c22f1f0)
	/home/mariell/go/pkg/mod/github.com/centrifugal/centrifuge@v0.33.3/internal/dissolve/queue.go:139 +0x4a
github.com/centrifugal/centrifuge/internal/dissolve.(*Dissolver).runWorker(0xc0034e9ed8)
	/home/mariell/go/pkg/mod/github.com/centrifugal/centrifuge@v0.33.3/internal/dissolve/dissolve.go:52 +0x27
created by github.com/centrifugal/centrifuge/internal/dissolve.(*Dissolver).Run in goroutine 13738
	/home/mariell/go/pkg/mod/github.com/centrifugal/centrifuge@v0.33.3/internal/dissolve/dissolve.go:31 +0x25

goroutine 19012 [select]:
k8s.io/apimachinery/pkg/util/wait.BackoffUntil(0xc0042377c0, {0xa95ac00, 0xc0064f17a0}, 0x1, 0xc010a0fe30)
	/home/mariell/go/pkg/mod/k8s.io/apimachinery@v0.32.1/pkg/util/wait/backoff.go:238 +0x12c
k8s.io/apimachinery/pkg/util/wait.JitterUntil(0xc0042377c0, 0x3b9aca00, 0x3ff3333333333333, 0x1, 0xc010a0fe30)
	/home/mariell/go/pkg/mod/k8s.io/apimachinery@v0.32.1/pkg/util/wait/backoff.go:204 +0x7f
created by k8s.io/apiserver/pkg/registry/generic/registry.(*Store).startObservingCount in goroutine 18215
	/home/mariell/go/pkg/mod/k8s.io/apiserver@v0.32.1/pkg/registry/generic/registry/store.go:1666 +0x2f9

goroutine 18222 [IO wait]:
internal/poll.runtime_pollWait(0x777558f69fb0, 0x72)
	/usr/lib/go/src/runtime/netpoll.go:351 +0x85
internal/poll.(*pollDesc).wait(0xc009435e80?, 0xc009c1e600?, 0x0)
	/usr/lib/go/src/internal/poll/fd_poll_runtime.go:84 +0x27
internal/poll.(*pollDesc).waitRead(...)
	/usr/lib/go/src/internal/poll/fd_poll_runtime.go:89
internal/poll.(*FD).Read(0xc009435e80, {0xc009c1e600, 0x1300, 0x1300})
	/usr/lib/go/src/internal/poll/fd_unix.go:165 +0x27a
net.(*netFD).Read(0xc009435e80, {0xc009c1e600?, 0x0?, 0x0?})
	/usr/lib/go/src/net/fd_posix.go:55 +0x25
net.(*conn).Read(0xc002650390, {0xc009c1e600?, 0x77755932c098?, 0x7775a8b28a78?})
	/usr/lib/go/src/net/net.go:194 +0x45
crypto/tls.(*atLeastReader).Read(0xc00f592c48, {0xc009c1e600?, 0x0?, 0x0?})
	/usr/lib/go/src/crypto/tls/conn.go:809 +0x3b
bytes.(*Buffer).ReadFrom(0xc00f6610b8, {0xa94e300, 0xc00f592c48})
	/usr/lib/go/src/bytes/buffer.go:211 +0x98
crypto/tls.(*Conn).readFromUntil(0xc00f660e08, {0xa94dc00, 0xc002650390}, 0x444af4?)
	/usr/lib/go/src/crypto/tls/conn.go:831 +0xde
crypto/tls.(*Conn).readRecordOrCCS(0xc00f660e08, 0x0)
	/usr/lib/go/src/crypto/tls/conn.go:629 +0x3cf
crypto/tls.(*Conn).readRecord(...)
	/usr/lib/go/src/crypto/tls/conn.go:591
crypto/tls.(*Conn).Read(0xc00f660e08, {0xc009c29000, 0x1000, 0x7775a8b28a78?})
	/usr/lib/go/src/crypto/tls/conn.go:1385 +0x145
net/http.(*persistConn).Read(0xc004336480, {0xc009c29000?, 0x4141c5?, 0x68?})
	/usr/lib/go/src/net/http/transport.go:2122 +0x47
bufio.(*Reader).fill(0xc0084d4780)
	/usr/lib/go/src/bufio/bufio.go:113 +0x103
bufio.(*Reader).Peek(0xc0084d4780, 0x1)
	/usr/lib/go/src/bufio/bufio.go:152 +0x53
net/http.(*persistConn).readLoop(0xc004336480)
	/usr/lib/go/src/net/http/transport.go:2275 +0x172
created by net/http.(*Transport).dialConn in goroutine 17664
	/usr/lib/go/src/net/http/transport.go:1944 +0x174f

goroutine 13497 [sync.Cond.Wait]:
sync.runtime_notifyListWait(0xc00359a490, 0x1b)
	/usr/lib/go/src/runtime/sema.go:597 +0x159
sync.(*Cond).Wait(0xc00b9127d0?)
	/usr/lib/go/src/sync/cond.go:71 +0x85
github.com/centrifugal/centrifuge/internal/dissolve.(*queueImpl).Wait(0xc0071d3500)
	/home/mariell/go/pkg/mod/github.com/centrifugal/centrifuge@v0.33.3/internal/dissolve/queue.go:139 +0x4a
github.com/centrifugal/centrifuge/internal/dissolve.(*Dissolver).runWorker(0xc008da47c8)
	/home/mariell/go/pkg/mod/github.com/centrifugal/centrifuge@v0.33.3/internal/dissolve/dissolve.go:52 +0x27
created by github.com/centrifugal/centrifuge/internal/dissolve.(*Dissolver).Run in goroutine 12330
	/home/mariell/go/pkg/mod/github.com/centrifugal/centrifuge@v0.33.3/internal/dissolve/dissolve.go:31 +0x25

goroutine 12176 [IO wait]:
internal/poll.runtime_pollWait(0x7775593b8b38, 0x72)
	/usr/lib/go/src/runtime/netpoll.go:351 +0x85
internal/poll.(*pollDesc).wait(0xc005be9900?, 0xc001a84c00?, 0x0)
	/usr/lib/go/src/internal/poll/fd_poll_runtime.go:84 +0x27
internal/poll.(*pollDesc).waitRead(...)
	/usr/lib/go/src/internal/poll/fd_poll_runtime.go:89
internal/poll.(*FD).Read(0xc005be9900, {0xc001a84c00, 0x1300, 0x1300})
	/usr/lib/go/src/internal/poll/fd_unix.go:165 +0x27a
net.(*netFD).Read(0xc005be9900, {0xc001a84c00?, 0x5?, 0x5?})
	/usr/lib/go/src/net/fd_posix.go:55 +0x25
net.(*conn).Read(0xc00ebe89f8, {0xc001a84c00?, 0x77756036a8f8?, 0x7775a8b298a0?})
	/usr/lib/go/src/net/net.go:194 +0x45
crypto/tls.(*atLeastReader).Read(0xc001114828, {0xc001a84c00?, 0x11abda20?, 0xc00b2879c8?})
	/usr/lib/go/src/crypto/tls/conn.go:809 +0x3b
bytes.(*Buffer).ReadFrom(0xc003c282b8, {0xa94e300, 0xc001114828})
	/usr/lib/go/src/bytes/buffer.go:211 +0x98
crypto/tls.(*Conn).readFromUntil(0xc003c28008, {0xa94dc00, 0xc00ebe89f8}, 0x444af4?)
	/usr/lib/go/src/crypto/tls/conn.go:831 +0xde
crypto/tls.(*Conn).readRecordOrCCS(0xc003c28008, 0x0)
	/usr/lib/go/src/crypto/tls/conn.go:629 +0x3cf
crypto/tls.(*Conn).readRecord(...)
	/usr/lib/go/src/crypto/tls/conn.go:591
crypto/tls.(*Conn).Read(0xc003c28008, {0xc004087000, 0x1000, 0xc00633fc50?})
	/usr/lib/go/src/crypto/tls/conn.go:1385 +0x145
net/http.(*persistConn).Read(0xc00a959560, {0xc004087000?, 0x81fe45?, 0xa94be80?})
	/usr/lib/go/src/net/http/transport.go:2122 +0x47
bufio.(*Reader).fill(0xc007f3b6e0)
	/usr/lib/go/src/bufio/bufio.go:113 +0x103
bufio.(*Reader).Peek(0xc007f3b6e0, 0x1)
	/usr/lib/go/src/bufio/bufio.go:152 +0x53
net/http.(*persistConn).readLoop(0xc00a959560)
	/usr/lib/go/src/net/http/transport.go:2275 +0x172
created by net/http.(*Transport).dialConn in goroutine 12259
	/usr/lib/go/src/net/http/transport.go:1944 +0x174f

goroutine 12177 [select]:
net/http.(*persistConn).writeLoop(0xc00a959560)
	/usr/lib/go/src/net/http/transport.go:2590 +0xe7
created by net/http.(*Transport).dialConn in goroutine 12259
	/usr/lib/go/src/net/http/transport.go:1945 +0x17a5

goroutine 14867 [sync.Cond.Wait]:
sync.runtime_notifyListWait(0xc00cfe9cd0, 0x17)
	/usr/lib/go/src/runtime/sema.go:597 +0x159
sync.(*Cond).Wait(0xc001cbcfd0?)
	/usr/lib/go/src/sync/cond.go:71 +0x85
github.com/centrifugal/centrifuge/internal/dissolve.(*queueImpl).Wait(0xc00c22f1f0)
	/home/mariell/go/pkg/mod/github.com/centrifugal/centrifuge@v0.33.3/internal/dissolve/queue.go:139 +0x4a
github.com/centrifugal/centrifuge/internal/dissolve.(*Dissolver).runWorker(0xc0034e9ed8)
	/home/mariell/go/pkg/mod/github.com/centrifugal/centrifuge@v0.33.3/internal/dissolve/dissolve.go:52 +0x27
created by github.com/centrifugal/centrifuge/internal/dissolve.(*Dissolver).Run in goroutine 13738
	/home/mariell/go/pkg/mod/github.com/centrifugal/centrifuge@v0.33.3/internal/dissolve/dissolve.go:31 +0x25

goroutine 14654 [select]:
github.com/grafana/grafana/pkg/storage/unified/resource.(*broadcaster[...]).stream(0xab113a0, 0xc00a876a80)
	/home/mariell/work/oss/grafana/pkg/storage/unified/resource/broadcaster.go:205 +0x13d
created by github.com/grafana/grafana/pkg/storage/unified/resource.(*broadcaster[...]).init in goroutine 13738
	/home/mariell/work/oss/grafana/pkg/storage/unified/resource/broadcaster.go:177 +0x219

goroutine 14843 [select]:
github.com/centrifugal/centrifuge.(*Node).cleanNodeInfo(0xc00ad19208)
	/home/mariell/go/pkg/mod/github.com/centrifugal/centrifuge@v0.33.3/node.go:394 +0x90
created by github.com/centrifugal/centrifuge.(*Node).Run in goroutine 13738
	/home/mariell/go/pkg/mod/github.com/centrifugal/centrifuge@v0.33.3/node.go:261 +0x265

goroutine 13105 [select]:
github.com/patrickmn/go-cache.(*janitor).Run(0xc00ad67070, 0xc00853ec40)
	/home/mariell/go/pkg/mod/github.com/patrickmn/go-cache@v2.1.0+incompatible/cache.go:1079 +0x7b
created by github.com/patrickmn/go-cache.runJanitor in goroutine 12330
	/home/mariell/go/pkg/mod/github.com/patrickmn/go-cache@v2.1.0+incompatible/cache.go:1099 +0xdb

goroutine 13534 [sync.Cond.Wait]:
sync.runtime_notifyListWait(0xc00359a490, 0x3f)
	/usr/lib/go/src/runtime/sema.go:597 +0x159
sync.(*Cond).Wait(0x0?)
	/usr/lib/go/src/sync/cond.go:71 +0x85
github.com/centrifugal/centrifuge/internal/dissolve.(*queueImpl).Wait(0xc0071d3500)
	/home/mariell/go/pkg/mod/github.com/centrifugal/centrifuge@v0.33.3/internal/dissolve/queue.go:139 +0x4a
github.com/centrifugal/centrifuge/internal/dissolve.(*Dissolver).runWorker(0xc008da47c8)
	/home/mariell/go/pkg/mod/github.com/centrifugal/centrifuge@v0.33.3/internal/dissolve/dissolve.go:52 +0x27
created by github.com/centrifugal/centrifuge/internal/dissolve.(*Dissolver).Run in goroutine 12330
	/home/mariell/go/pkg/mod/github.com/centrifugal/centrifuge@v0.33.3/internal/dissolve/dissolve.go:31 +0x25

goroutine 13500 [sync.Cond.Wait]:
sync.runtime_notifyListWait(0xc00359a490, 0x0)
	/usr/lib/go/src/runtime/sema.go:597 +0x159
sync.(*Cond).Wait(0x0?)
	/usr/lib/go/src/sync/cond.go:71 +0x85
github.com/centrifugal/centrifuge/internal/dissolve.(*queueImpl).Wait(0xc0071d3500)
	/home/mariell/go/pkg/mod/github.com/centrifugal/centrifuge@v0.33.3/internal/dissolve/queue.go:139 +0x4a
github.com/centrifugal/centrifuge/internal/dissolve.(*Dissolver).runWorker(0xc008da47c8)
	/home/mariell/go/pkg/mod/github.com/centrifugal/centrifuge@v0.33.3/internal/dissolve/dissolve.go:52 +0x27
created by github.com/centrifugal/centrifuge/internal/dissolve.(*Dissolver).Run in goroutine 12330
	/home/mariell/go/pkg/mod/github.com/centrifugal/centrifuge@v0.33.3/internal/dissolve/dissolve.go:31 +0x25

goroutine 17785 [chan receive]:
github.com/grafana/grafana/pkg/storage/unified/sql.(*channelNotifier).notify.func1()
	/home/mariell/work/oss/grafana/pkg/storage/unified/sql/notifier.go:87 +0x39
created by github.com/grafana/grafana/pkg/storage/unified/sql.(*channelNotifier).notify in goroutine 13128
	/home/mariell/work/oss/grafana/pkg/storage/unified/sql/notifier.go:86 +0xdb

goroutine 17905 [sync.Cond.Wait]:
sync.runtime_notifyListWait(0xc009ff2dd0, 0xf)
	/usr/lib/go/src/runtime/sema.go:597 +0x159
sync.(*Cond).Wait(0x0?)
	/usr/lib/go/src/sync/cond.go:71 +0x85
github.com/centrifugal/centrifuge/internal/dissolve.(*queueImpl).Wait(0xc00958cb60)
	/home/mariell/go/pkg/mod/github.com/centrifugal/centrifuge@v0.33.3/internal/dissolve/queue.go:139 +0x4a
github.com/centrifugal/centrifuge/internal/dissolve.(*Dissolver).runWorker(0xc0029ba528)
	/home/mariell/go/pkg/mod/github.com/centrifugal/centrifuge@v0.33.3/internal/dissolve/dissolve.go:52 +0x27
created by github.com/centrifugal/centrifuge/internal/dissolve.(*Dissolver).Run in goroutine 13128
	/home/mariell/go/pkg/mod/github.com/centrifugal/centrifuge@v0.33.3/internal/dissolve/dissolve.go:31 +0x25

goroutine 13768 [select]:
database/sql.(*DB).connectionCleaner(0xc00aadd2b0, 0xc008512f00?)
	/usr/lib/go/src/database/sql/sql.go:1104 +0x9c
created by database/sql.(*DB).startCleanerLocked in goroutine 13738
	/usr/lib/go/src/database/sql/sql.go:1091 +0x105

goroutine 14875 [sync.Cond.Wait]:
sync.runtime_notifyListWait(0xc00cfe9cd0, 0x1c)
	/usr/lib/go/src/runtime/sema.go:597 +0x159
sync.(*Cond).Wait(0x0?)
	/usr/lib/go/src/sync/cond.go:71 +0x85
github.com/centrifugal/centrifuge/internal/dissolve.(*queueImpl).Wait(0xc00c22f1f0)
	/home/mariell/go/pkg/mod/github.com/centrifugal/centrifuge@v0.33.3/internal/dissolve/queue.go:139 +0x4a
github.com/centrifugal/centrifuge/internal/dissolve.(*Dissolver).runWorker(0xc0034e9ed8)
	/home/mariell/go/pkg/mod/github.com/centrifugal/centrifuge@v0.33.3/internal/dissolve/dissolve.go:52 +0x27
created by github.com/centrifugal/centrifuge/internal/dissolve.(*Dissolver).Run in goroutine 13738
	/home/mariell/go/pkg/mod/github.com/centrifugal/centrifuge@v0.33.3/internal/dissolve/dissolve.go:31 +0x25

goroutine 13499 [sync.Cond.Wait]:
sync.runtime_notifyListWait(0xc00359a490, 0x1d)
	/usr/lib/go/src/runtime/sema.go:597 +0x159
sync.(*Cond).Wait(0x0?)
	/usr/lib/go/src/sync/cond.go:71 +0x85
github.com/centrifugal/centrifuge/internal/dissolve.(*queueImpl).Wait(0xc0071d3500)
	/home/mariell/go/pkg/mod/github.com/centrifugal/centrifuge@v0.33.3/internal/dissolve/queue.go:139 +0x4a
github.com/centrifugal/centrifuge/internal/dissolve.(*Dissolver).runWorker(0xc008da47c8)
	/home/mariell/go/pkg/mod/github.com/centrifugal/centrifuge@v0.33.3/internal/dissolve/dissolve.go:52 +0x27
created by github.com/centrifugal/centrifuge/internal/dissolve.(*Dissolver).Run in goroutine 12330
	/home/mariell/go/pkg/mod/github.com/centrifugal/centrifuge@v0.33.3/internal/dissolve/dissolve.go:31 +0x25

goroutine 14893 [sync.Cond.Wait]:
sync.runtime_notifyListWait(0xc00cfe9cd0, 0x2f)
	/usr/lib/go/src/runtime/sema.go:597 +0x159
sync.(*Cond).Wait(0x100000000000000?)
	/usr/lib/go/src/sync/cond.go:71 +0x85
github.com/centrifugal/centrifuge/internal/dissolve.(*queueImpl).Wait(0xc00c22f1f0)
	/home/mariell/go/pkg/mod/github.com/centrifugal/centrifuge@v0.33.3/internal/dissolve/queue.go:139 +0x4a
github.com/centrifugal/centrifuge/internal/dissolve.(*Dissolver).runWorker(0xc0034e9ed8)
	/home/mariell/go/pkg/mod/github.com/centrifugal/centrifuge@v0.33.3/internal/dissolve/dissolve.go:52 +0x27
created by github.com/centrifugal/centrifuge/internal/dissolve.(*Dissolver).Run in goroutine 13738
	/home/mariell/go/pkg/mod/github.com/centrifugal/centrifuge@v0.33.3/internal/dissolve/dissolve.go:31 +0x25

goroutine 13531 [sync.Cond.Wait]:
sync.runtime_notifyListWait(0xc00359a490, 0x3b)
	/usr/lib/go/src/runtime/sema.go:597 +0x159
sync.(*Cond).Wait(0x0?)
	/usr/lib/go/src/sync/cond.go:71 +0x85
github.com/centrifugal/centrifuge/internal/dissolve.(*queueImpl).Wait(0xc0071d3500)
	/home/mariell/go/pkg/mod/github.com/centrifugal/centrifuge@v0.33.3/internal/dissolve/queue.go:139 +0x4a
github.com/centrifugal/centrifuge/internal/dissolve.(*Dissolver).runWorker(0xc008da47c8)
	/home/mariell/go/pkg/mod/github.com/centrifugal/centrifuge@v0.33.3/internal/dissolve/dissolve.go:52 +0x27
created by github.com/centrifugal/centrifuge/internal/dissolve.(*Dissolver).Run in goroutine 12330
	/home/mariell/go/pkg/mod/github.com/centrifugal/centrifuge@v0.33.3/internal/dissolve/dissolve.go:31 +0x25

goroutine 13515 [sync.Cond.Wait]:
sync.runtime_notifyListWait(0xc00359a490, 0x2d)
	/usr/lib/go/src/runtime/sema.go:597 +0x159
sync.(*Cond).Wait(0x0?)
	/usr/lib/go/src/sync/cond.go:71 +0x85
github.com/centrifugal/centrifuge/internal/dissolve.(*queueImpl).Wait(0xc0071d3500)
	/home/mariell/go/pkg/mod/github.com/centrifugal/centrifuge@v0.33.3/internal/dissolve/queue.go:139 +0x4a
github.com/centrifugal/centrifuge/internal/dissolve.(*Dissolver).runWorker(0xc008da47c8)
	/home/mariell/go/pkg/mod/github.com/centrifugal/centrifuge@v0.33.3/internal/dissolve/dissolve.go:52 +0x27
created by github.com/centrifugal/centrifuge/internal/dissolve.(*Dissolver).Run in goroutine 12330
	/home/mariell/go/pkg/mod/github.com/centrifugal/centrifuge@v0.33.3/internal/dissolve/dissolve.go:31 +0x25

goroutine 13506 [sync.Cond.Wait]:
sync.runtime_notifyListWait(0xc00359a490, 0x24)
	/usr/lib/go/src/runtime/sema.go:597 +0x159
sync.(*Cond).Wait(0xc004707fd0?)
	/usr/lib/go/src/sync/cond.go:71 +0x85
github.com/centrifugal/centrifuge/internal/dissolve.(*queueImpl).Wait(0xc0071d3500)
	/home/mariell/go/pkg/mod/github.com/centrifugal/centrifuge@v0.33.3/internal/dissolve/queue.go:139 +0x4a
github.com/centrifugal/centrifuge/internal/dissolve.(*Dissolver).runWorker(0xc008da47c8)
	/home/mariell/go/pkg/mod/github.com/centrifugal/centrifuge@v0.33.3/internal/dissolve/dissolve.go:52 +0x27
created by github.com/centrifugal/centrifuge/internal/dissolve.(*Dissolver).Run in goroutine 12330
	/home/mariell/go/pkg/mod/github.com/centrifugal/centrifuge@v0.33.3/internal/dissolve/dissolve.go:31 +0x25

goroutine 18221 [select]:
net/http.(*persistConn).writeLoop(0xc001a6c000)
	/usr/lib/go/src/net/http/transport.go:2590 +0xe7
created by net/http.(*Transport).dialConn in goroutine 18165
	/usr/lib/go/src/net/http/transport.go:1945 +0x17a5

goroutine 13468 [select]:
github.com/centrifugal/centrifuge.(*Node).sendNodePing(0xc00a545b08)
	/home/mariell/go/pkg/mod/github.com/centrifugal/centrifuge@v0.33.3/node.go:380 +0x85
created by github.com/centrifugal/centrifuge.(*Node).Run in goroutine 12330
	/home/mariell/go/pkg/mod/github.com/centrifugal/centrifuge@v0.33.3/node.go:260 +0x225

goroutine 22502 [sync.Cond.Wait]:
sync.runtime_notifyListWait(0xc00a914410, 0x20)
	/usr/lib/go/src/runtime/sema.go:597 +0x159
sync.(*Cond).Wait(0xc0071ab7d0?)
	/usr/lib/go/src/sync/cond.go:71 +0x85
github.com/centrifugal/centrifuge/internal/dissolve.(*queueImpl).Wait(0xc00de6dab0)
	/home/mariell/go/pkg/mod/github.com/centrifugal/centrifuge@v0.33.3/internal/dissolve/queue.go:139 +0x4a
github.com/centrifugal/centrifuge/internal/dissolve.(*Dissolver).runWorker(0xc00e20d1e8)
	/home/mariell/go/pkg/mod/github.com/centrifugal/centrifuge@v0.33.3/internal/dissolve/dissolve.go:52 +0x27
created by github.com/centrifugal/centrifuge/internal/dissolve.(*Dissolver).Run in goroutine 21352
	/home/mariell/go/pkg/mod/github.com/centrifugal/centrifuge@v0.33.3/internal/dissolve/dissolve.go:31 +0x25

goroutine 13519 [sync.Cond.Wait]:
sync.runtime_notifyListWait(0xc00359a490, 0x31)
	/usr/lib/go/src/runtime/sema.go:597 +0x159
sync.(*Cond).Wait(0x0?)
	/usr/lib/go/src/sync/cond.go:71 +0x85
github.com/centrifugal/centrifuge/internal/dissolve.(*queueImpl).Wait(0xc0071d3500)
	/home/mariell/go/pkg/mod/github.com/centrifugal/centrifuge@v0.33.3/internal/dissolve/queue.go:139 +0x4a
github.com/centrifugal/centrifuge/internal/dissolve.(*Dissolver).runWorker(0xc008da47c8)
	/home/mariell/go/pkg/mod/github.com/centrifugal/centrifuge@v0.33.3/internal/dissolve/dissolve.go:52 +0x27
created by github.com/centrifugal/centrifuge/internal/dissolve.(*Dissolver).Run in goroutine 12330
	/home/mariell/go/pkg/mod/github.com/centrifugal/centrifuge@v0.33.3/internal/dissolve/dissolve.go:31 +0x25

goroutine 13764 [select]:
go.opentelemetry.io/otel/sdk/trace.(*batchSpanProcessor).processQueue(0xc0092a5720)
	/home/mariell/go/pkg/mod/go.opentelemetry.io/otel/sdk@v1.34.0/trace/batch_span_processor.go:302 +0x114
go.opentelemetry.io/otel/sdk/trace.NewBatchSpanProcessor.func1()
	/home/mariell/go/pkg/mod/go.opentelemetry.io/otel/sdk@v1.34.0/trace/batch_span_processor.go:117 +0x4e
created by go.opentelemetry.io/otel/sdk/trace.NewBatchSpanProcessor in goroutine 13738
	/home/mariell/go/pkg/mod/go.opentelemetry.io/otel/sdk@v1.34.0/trace/batch_span_processor.go:115 +0x2d9

goroutine 13469 [select]:
github.com/centrifugal/centrifuge.(*Node).cleanNodeInfo(0xc00a545b08)
	/home/mariell/go/pkg/mod/github.com/centrifugal/centrifuge@v0.33.3/node.go:394 +0x90
created by github.com/centrifugal/centrifuge.(*Node).Run in goroutine 12330
	/home/mariell/go/pkg/mod/github.com/centrifugal/centrifuge@v0.33.3/node.go:261 +0x265

goroutine 26899 [chan receive]:
github.com/grafana/grafana/pkg/storage/unified/resource.(*server).initWatcher.func1.1()
	/home/mariell/work/oss/grafana/pkg/storage/unified/resource/server.go:922 +0x58
created by github.com/grafana/grafana/pkg/storage/unified/resource.(*server).initWatcher.func1 in goroutine 24637
	/home/mariell/work/oss/grafana/pkg/storage/unified/resource/server.go:921 +0xaa

goroutine 13467 [select]:
github.com/centrifugal/centrifuge.(*Node).initMetrics.func1()
	/home/mariell/go/pkg/mod/github.com/centrifugal/centrifuge@v0.33.3/node.go:365 +0x8a
created by github.com/centrifugal/centrifuge.(*Node).initMetrics in goroutine 12330
	/home/mariell/go/pkg/mod/github.com/centrifugal/centrifuge@v0.33.3/node.go:363 +0x1f9

goroutine 13462 [select]:
github.com/FZambia/eagle.(*Eagle).aggregate(0xc0072be540)
	/home/mariell/go/pkg/mod/github.com/!f!zambia/eagle@v0.1.0/eagle.go:210 +0x6d
created by github.com/FZambia/eagle.New in goroutine 12330
	/home/mariell/go/pkg/mod/github.com/!f!zambia/eagle@v0.1.0/eagle.go:66 +0x176

goroutine 17900 [sync.Cond.Wait]:
sync.runtime_notifyListWait(0xc009ff2dd0, 0x18)
	/usr/lib/go/src/runtime/sema.go:597 +0x159
sync.(*Cond).Wait(0x0?)
	/usr/lib/go/src/sync/cond.go:71 +0x85
github.com/centrifugal/centrifuge/internal/dissolve.(*queueImpl).Wait(0xc00958cb60)
	/home/mariell/go/pkg/mod/github.com/centrifugal/centrifuge@v0.33.3/internal/dissolve/queue.go:139 +0x4a
github.com/centrifugal/centrifuge/internal/dissolve.(*Dissolver).runWorker(0xc0029ba528)
	/home/mariell/go/pkg/mod/github.com/centrifugal/centrifuge@v0.33.3/internal/dissolve/dissolve.go:52 +0x27
created by github.com/centrifugal/centrifuge/internal/dissolve.(*Dissolver).Run in goroutine 13128
	/home/mariell/go/pkg/mod/github.com/centrifugal/centrifuge@v0.33.3/internal/dissolve/dissolve.go:31 +0x25

goroutine 13748 [select]:
go.opentelemetry.io/otel/sdk/trace.(*batchSpanProcessor).processQueue(0xc0050af2c0)
	/home/mariell/go/pkg/mod/go.opentelemetry.io/otel/sdk@v1.34.0/trace/batch_span_processor.go:302 +0x114
go.opentelemetry.io/otel/sdk/trace.NewBatchSpanProcessor.func1()
	/home/mariell/go/pkg/mod/go.opentelemetry.io/otel/sdk@v1.34.0/trace/batch_span_processor.go:117 +0x4e
created by go.opentelemetry.io/otel/sdk/trace.NewBatchSpanProcessor in goroutine 12330
	/home/mariell/go/pkg/mod/go.opentelemetry.io/otel/sdk@v1.34.0/trace/batch_span_processor.go:115 +0x2d9

goroutine 24424 [IO wait]:
internal/poll.runtime_pollWait(0x7775581b1840, 0x72)
	/usr/lib/go/src/runtime/netpoll.go:351 +0x85
internal/poll.(*pollDesc).wait(0xc00e744500?, 0xc00f845300?, 0x0)
	/usr/lib/go/src/internal/poll/fd_poll_runtime.go:84 +0x27
internal/poll.(*pollDesc).waitRead(...)
	/usr/lib/go/src/internal/poll/fd_poll_runtime.go:89
internal/poll.(*FD).Read(0xc00e744500, {0xc00f845300, 0x1300, 0x1300})
	/usr/lib/go/src/internal/poll/fd_unix.go:165 +0x27a
net.(*netFD).Read(0xc00e744500, {0xc00f845300?, 0x0?, 0x0?})
	/usr/lib/go/src/net/fd_posix.go:55 +0x25
net.(*conn).Read(0xc004b2a460, {0xc00f845300?, 0x777558335ff0?, 0x7775a8b28f30?})
	/usr/lib/go/src/net/net.go:194 +0x45
crypto/tls.(*atLeastReader).Read(0xc00f905998, {0xc00f845300?, 0x0?, 0x0?})
	/usr/lib/go/src/crypto/tls/conn.go:809 +0x3b
bytes.(*Buffer).ReadFrom(0xc00f2b89b8, {0xa94e300, 0xc00f905998})
	/usr/lib/go/src/bytes/buffer.go:211 +0x98
crypto/tls.(*Conn).readFromUntil(0xc00f2b8708, {0xa94dc00, 0xc004b2a460}, 0x444af4?)
	/usr/lib/go/src/crypto/tls/conn.go:831 +0xde
crypto/tls.(*Conn).readRecordOrCCS(0xc00f2b8708, 0x0)
	/usr/lib/go/src/crypto/tls/conn.go:629 +0x3cf
crypto/tls.(*Conn).readRecord(...)
	/usr/lib/go/src/crypto/tls/conn.go:591
crypto/tls.(*Conn).Read(0xc00f2b8708, {0xc00f78b000, 0x1000, 0x7775a8b28f30?})
	/usr/lib/go/src/crypto/tls/conn.go:1385 +0x145
net/http.(*persistConn).Read(0xc0040418c0, {0xc00f78b000?, 0x4141c5?, 0x68?})
	/usr/lib/go/src/net/http/transport.go:2122 +0x47
bufio.(*Reader).fill(0xc00f780d80)
	/usr/lib/go/src/bufio/bufio.go:113 +0x103
bufio.(*Reader).Peek(0xc00f780d80, 0x1)
	/usr/lib/go/src/bufio/bufio.go:152 +0x53
net/http.(*persistConn).readLoop(0xc0040418c0)
	/usr/lib/go/src/net/http/transport.go:2275 +0x172
created by net/http.(*Transport).dialConn in goroutine 27270
	/usr/lib/go/src/net/http/transport.go:1944 +0x174f

goroutine 30047 [select]:
github.com/FZambia/eagle.(*Eagle).aggregate(0xc00ccdcfc0)
	/home/mariell/go/pkg/mod/github.com/!f!zambia/eagle@v0.1.0/eagle.go:210 +0x6d
created by github.com/FZambia/eagle.New in goroutine 28801
	/home/mariell/go/pkg/mod/github.com/!f!zambia/eagle@v0.1.0/eagle.go:66 +0x176

goroutine 13370 [select]:
github.com/grafana/grafana/pkg/storage/unified/resource.(*broadcaster[...]).stream(0xab113a0, 0xc004fb0850)
	/home/mariell/work/oss/grafana/pkg/storage/unified/resource/broadcaster.go:205 +0x13d
created by github.com/grafana/grafana/pkg/storage/unified/resource.(*broadcaster[...]).init in goroutine 12330
	/home/mariell/work/oss/grafana/pkg/storage/unified/resource/broadcaster.go:177 +0x219

goroutine 13369 [select]:
github.com/grafana/grafana/pkg/storage/unified/resource.(*cache[...]).run(0xc0066d6f00)
	/home/mariell/work/oss/grafana/pkg/storage/unified/resource/broadcaster.go:291 +0xb0
created by github.com/grafana/grafana/pkg/storage/unified/resource.newChannelCache[...] in goroutine 12330
	/home/mariell/work/oss/grafana/pkg/storage/unified/resource/broadcaster.go:276 +0x189

goroutine 19013 [select]:
k8s.io/apimachinery/pkg/util/wait.BackoffUntil(0xc004237d00, {0xa95ac00, 0xc0064f17d0}, 0x1, 0xc010a0ff80)
	/home/mariell/go/pkg/mod/k8s.io/apimachinery@v0.32.1/pkg/util/wait/backoff.go:238 +0x12c
k8s.io/apimachinery/pkg/util/wait.JitterUntil(0xc004237d00, 0x3b9aca00, 0x3ff3333333333333, 0x1, 0xc010a0ff80)
	/home/mariell/go/pkg/mod/k8s.io/apimachinery@v0.32.1/pkg/util/wait/backoff.go:204 +0x7f
created by k8s.io/apiserver/pkg/registry/generic/registry.(*Store).startObservingCount in goroutine 18215
	/home/mariell/go/pkg/mod/k8s.io/apiserver@v0.32.1/pkg/registry/generic/registry/store.go:1666 +0x2f9

goroutine 13367 [chan receive]:
github.com/grafana/grafana/pkg/storage/unified/sql.(*channelNotifier).notify.func1()
	/home/mariell/work/oss/grafana/pkg/storage/unified/sql/notifier.go:87 +0x39
created by github.com/grafana/grafana/pkg/storage/unified/sql.(*channelNotifier).notify in goroutine 12330
	/home/mariell/work/oss/grafana/pkg/storage/unified/sql/notifier.go:86 +0xdb

goroutine 13428 [select]:
github.com/patrickmn/go-cache.(*janitor).Run(0xc00a248aa0, 0xc00a2dcc00)
	/home/mariell/go/pkg/mod/github.com/patrickmn/go-cache@v2.1.0+incompatible/cache.go:1079 +0x7b
created by github.com/patrickmn/go-cache.runJanitor in goroutine 12330
	/home/mariell/go/pkg/mod/github.com/patrickmn/go-cache@v2.1.0+incompatible/cache.go:1099 +0xdb

goroutine 13368 [chan receive]:
github.com/grafana/grafana/pkg/storage/unified/resource.(*server).initWatcher.func1.1()
	/home/mariell/work/oss/grafana/pkg/storage/unified/resource/server.go:922 +0x58
created by github.com/grafana/grafana/pkg/storage/unified/resource.(*server).initWatcher.func1 in goroutine 12330
	/home/mariell/work/oss/grafana/pkg/storage/unified/resource/server.go:921 +0xaa

goroutine 22460 [select]:
github.com/centrifugal/centrifuge.(*historyHub).expireStreams(0xc00de5d580)
	/home/mariell/go/pkg/mod/github.com/centrifugal/centrifuge@v0.33.3/broker_memory.go:298 +0x75
created by github.com/centrifugal/centrifuge.(*historyHub).runCleanups in goroutine 21352
	/home/mariell/go/pkg/mod/github.com/centrifugal/centrifuge@v0.33.3/broker_memory.go:252 +0x56

goroutine 13460 [select]:
github.com/centrifugal/centrifuge.(*historyHub).expireStreams(0xc006f6ea80)
	/home/mariell/go/pkg/mod/github.com/centrifugal/centrifuge@v0.33.3/broker_memory.go:298 +0x75
created by github.com/centrifugal/centrifuge.(*historyHub).runCleanups in goroutine 12330
	/home/mariell/go/pkg/mod/github.com/centrifugal/centrifuge@v0.33.3/broker_memory.go:252 +0x56

goroutine 13461 [select]:
github.com/centrifugal/centrifuge.(*historyHub).removeStreams(0xc006f6ea80)
	/home/mariell/go/pkg/mod/github.com/centrifugal/centrifuge@v0.33.3/broker_memory.go:259 +0x6f
created by github.com/centrifugal/centrifuge.(*historyHub).runCleanups in goroutine 12330
	/home/mariell/go/pkg/mod/github.com/centrifugal/centrifuge@v0.33.3/broker_memory.go:253 +0x96

goroutine 22892 [select]:
github.com/grafana/grafana/pkg/storage/unified/resource.(*broadcaster[...]).stream(0xab113a0, 0xc00f7e2a10)
	/home/mariell/work/oss/grafana/pkg/storage/unified/resource/broadcaster.go:205 +0x13d
created by github.com/grafana/grafana/pkg/storage/unified/resource.(*broadcaster[...]).init in goroutine 22757
	/home/mariell/work/oss/grafana/pkg/storage/unified/resource/broadcaster.go:177 +0x219

goroutine 13475 [sync.Cond.Wait]:
sync.runtime_notifyListWait(0xc00359a490, 0x5)
	/usr/lib/go/src/runtime/sema.go:597 +0x159
sync.(*Cond).Wait(0xc00c562fd0?)
	/usr/lib/go/src/sync/cond.go:71 +0x85
github.com/centrifugal/centrifuge/internal/dissolve.(*queueImpl).Wait(0xc0071d3500)
	/home/mariell/go/pkg/mod/github.com/centrifugal/centrifuge@v0.33.3/internal/dissolve/queue.go:139 +0x4a
github.com/centrifugal/centrifuge/internal/dissolve.(*Dissolver).runWorker(0xc008da47c8)
	/home/mariell/go/pkg/mod/github.com/centrifugal/centrifuge@v0.33.3/internal/dissolve/dissolve.go:52 +0x27
created by github.com/centrifugal/centrifuge/internal/dissolve.(*Dissolver).Run in goroutine 12330
	/home/mariell/go/pkg/mod/github.com/centrifugal/centrifuge@v0.33.3/internal/dissolve/dissolve.go:31 +0x25

goroutine 16348 [sync.Cond.Wait]:
sync.runtime_notifyListWait(0xc00ef66e50, 0x1)
	/usr/lib/go/src/runtime/sema.go:597 +0x159
sync.(*Cond).Wait(0x0?)
	/usr/lib/go/src/sync/cond.go:71 +0x85
github.com/centrifugal/centrifuge/internal/dissolve.(*queueImpl).Wait(0xc00ef76a10)
	/home/mariell/go/pkg/mod/github.com/centrifugal/centrifuge@v0.33.3/internal/dissolve/queue.go:139 +0x4a
github.com/centrifugal/centrifuge/internal/dissolve.(*Dissolver).runWorker(0xc003466078)
	/home/mariell/go/pkg/mod/github.com/centrifugal/centrifuge@v0.33.3/internal/dissolve/dissolve.go:52 +0x27
created by github.com/centrifugal/centrifuge/internal/dissolve.(*Dissolver).Run in goroutine 12335
	/home/mariell/go/pkg/mod/github.com/centrifugal/centrifuge@v0.33.3/internal/dissolve/dissolve.go:31 +0x25

goroutine 21001 [sync.Cond.Wait]:
sync.runtime_notifyListWait(0xc00b15c310, 0xf)
	/usr/lib/go/src/runtime/sema.go:597 +0x159
sync.(*Cond).Wait(0x0?)
	/usr/lib/go/src/sync/cond.go:71 +0x85
github.com/centrifugal/centrifuge/internal/dissolve.(*queueImpl).Wait(0xc00b2a7340)
	/home/mariell/go/pkg/mod/github.com/centrifugal/centrifuge@v0.33.3/internal/dissolve/queue.go:139 +0x4a
github.com/centrifugal/centrifuge/internal/dissolve.(*Dissolver).runWorker(0xc010c1ed20)
	/home/mariell/go/pkg/mod/github.com/centrifugal/centrifuge@v0.33.3/internal/dissolve/dissolve.go:52 +0x27
created by github.com/centrifugal/centrifuge/internal/dissolve.(*Dissolver).Run in goroutine 19735
	/home/mariell/go/pkg/mod/github.com/centrifugal/centrifuge@v0.33.3/internal/dissolve/dissolve.go:31 +0x25

goroutine 13491 [sync.Cond.Wait]:
sync.runtime_notifyListWait(0xc00359a490, 0x15)
	/usr/lib/go/src/runtime/sema.go:597 +0x159
sync.(*Cond).Wait(0xc00b9027d0?)
	/usr/lib/go/src/sync/cond.go:71 +0x85
github.com/centrifugal/centrifuge/internal/dissolve.(*queueImpl).Wait(0xc0071d3500)
	/home/mariell/go/pkg/mod/github.com/centrifugal/centrifuge@v0.33.3/internal/dissolve/queue.go:139 +0x4a
github.com/centrifugal/centrifuge/internal/dissolve.(*Dissolver).runWorker(0xc008da47c8)
	/home/mariell/go/pkg/mod/github.com/centrifugal/centrifuge@v0.33.3/internal/dissolve/dissolve.go:52 +0x27
created by github.com/centrifugal/centrifuge/internal/dissolve.(*Dissolver).Run in goroutine 12330
	/home/mariell/go/pkg/mod/github.com/centrifugal/centrifuge@v0.33.3/internal/dissolve/dissolve.go:31 +0x25

goroutine 14894 [sync.Cond.Wait]:
sync.runtime_notifyListWait(0xc00cfe9cd0, 0x30)
	/usr/lib/go/src/runtime/sema.go:597 +0x159
sync.(*Cond).Wait(0x100000000000000?)
	/usr/lib/go/src/sync/cond.go:71 +0x85
github.com/centrifugal/centrifuge/internal/dissolve.(*queueImpl).Wait(0xc00c22f1f0)
	/home/mariell/go/pkg/mod/github.com/centrifugal/centrifuge@v0.33.3/internal/dissolve/queue.go:139 +0x4a
github.com/centrifugal/centrifuge/internal/dissolve.(*Dissolver).runWorker(0xc0034e9ed8)
	/home/mariell/go/pkg/mod/github.com/centrifugal/centrifuge@v0.33.3/internal/dissolve/dissolve.go:52 +0x27
created by github.com/centrifugal/centrifuge/internal/dissolve.(*Dissolver).Run in goroutine 13738
	/home/mariell/go/pkg/mod/github.com/centrifugal/centrifuge@v0.33.3/internal/dissolve/dissolve.go:31 +0x25

goroutine 14866 [sync.Cond.Wait]:
sync.runtime_notifyListWait(0xc00cfe9cd0, 0x16)
	/usr/lib/go/src/runtime/sema.go:597 +0x159
sync.(*Cond).Wait(0x0?)
	/usr/lib/go/src/sync/cond.go:71 +0x85
github.com/centrifugal/centrifuge/internal/dissolve.(*queueImpl).Wait(0xc00c22f1f0)
	/home/mariell/go/pkg/mod/github.com/centrifugal/centrifuge@v0.33.3/internal/dissolve/queue.go:139 +0x4a
github.com/centrifugal/centrifuge/internal/dissolve.(*Dissolver).runWorker(0xc0034e9ed8)
	/home/mariell/go/pkg/mod/github.com/centrifugal/centrifuge@v0.33.3/internal/dissolve/dissolve.go:52 +0x27
created by github.com/centrifugal/centrifuge/internal/dissolve.(*Dissolver).Run in goroutine 13738
	/home/mariell/go/pkg/mod/github.com/centrifugal/centrifuge@v0.33.3/internal/dissolve/dissolve.go:31 +0x25

goroutine 14882 [sync.Cond.Wait]:
sync.runtime_notifyListWait(0xc00cfe9cd0, 0x23)
	/usr/lib/go/src/runtime/sema.go:597 +0x159
sync.(*Cond).Wait(0x0?)
	/usr/lib/go/src/sync/cond.go:71 +0x85
github.com/centrifugal/centrifuge/internal/dissolve.(*queueImpl).Wait(0xc00c22f1f0)
	/home/mariell/go/pkg/mod/github.com/centrifugal/centrifuge@v0.33.3/internal/dissolve/queue.go:139 +0x4a
github.com/centrifugal/centrifuge/internal/dissolve.(*Dissolver).runWorker(0xc0034e9ed8)
	/home/mariell/go/pkg/mod/github.com/centrifugal/centrifuge@v0.33.3/internal/dissolve/dissolve.go:52 +0x27
created by github.com/centrifugal/centrifuge/internal/dissolve.(*Dissolver).Run in goroutine 13738
	/home/mariell/go/pkg/mod/github.com/centrifugal/centrifuge@v0.33.3/internal/dissolve/dissolve.go:31 +0x25

goroutine 14891 [sync.Cond.Wait]:
sync.runtime_notifyListWait(0xc00cfe9cd0, 0x1b)
	/usr/lib/go/src/runtime/sema.go:597 +0x159
sync.(*Cond).Wait(0x0?)
	/usr/lib/go/src/sync/cond.go:71 +0x85
github.com/centrifugal/centrifuge/internal/dissolve.(*queueImpl).Wait(0xc00c22f1f0)
	/home/mariell/go/pkg/mod/github.com/centrifugal/centrifuge@v0.33.3/internal/dissolve/queue.go:139 +0x4a
github.com/centrifugal/centrifuge/internal/dissolve.(*Dissolver).runWorker(0xc0034e9ed8)
	/home/mariell/go/pkg/mod/github.com/centrifugal/centrifuge@v0.33.3/internal/dissolve/dissolve.go:52 +0x27
created by github.com/centrifugal/centrifuge/internal/dissolve.(*Dissolver).Run in goroutine 13738
	/home/mariell/go/pkg/mod/github.com/centrifugal/centrifuge@v0.33.3/internal/dissolve/dissolve.go:31 +0x25

goroutine 14883 [sync.Cond.Wait]:
sync.runtime_notifyListWait(0xc00cfe9cd0, 0x24)
	/usr/lib/go/src/runtime/sema.go:597 +0x159
sync.(*Cond).Wait(0x0?)
	/usr/lib/go/src/sync/cond.go:71 +0x85
github.com/centrifugal/centrifuge/internal/dissolve.(*queueImpl).Wait(0xc00c22f1f0)
	/home/mariell/go/pkg/mod/github.com/centrifugal/centrifuge@v0.33.3/internal/dissolve/queue.go:139 +0x4a
github.com/centrifugal/centrifuge/internal/dissolve.(*Dissolver).runWorker(0xc0034e9ed8)
	/home/mariell/go/pkg/mod/github.com/centrifugal/centrifuge@v0.33.3/internal/dissolve/dissolve.go:52 +0x27
created by github.com/centrifugal/centrifuge/internal/dissolve.(*Dissolver).Run in goroutine 13738
	/home/mariell/go/pkg/mod/github.com/centrifugal/centrifuge@v0.33.3/internal/dissolve/dissolve.go:31 +0x25

goroutine 22489 [sync.Cond.Wait]:
sync.runtime_notifyListWait(0xc00a914410, 0x13)
	/usr/lib/go/src/runtime/sema.go:597 +0x159
sync.(*Cond).Wait(0xc00eace7d0?)
	/usr/lib/go/src/sync/cond.go:71 +0x85
github.com/centrifugal/centrifuge/internal/dissolve.(*queueImpl).Wait(0xc00de6dab0)
	/home/mariell/go/pkg/mod/github.com/centrifugal/centrifuge@v0.33.3/internal/dissolve/queue.go:139 +0x4a
github.com/centrifugal/centrifuge/internal/dissolve.(*Dissolver).runWorker(0xc00e20d1e8)
	/home/mariell/go/pkg/mod/github.com/centrifugal/centrifuge@v0.33.3/internal/dissolve/dissolve.go:52 +0x27
created by github.com/centrifugal/centrifuge/internal/dissolve.(*Dissolver).Run in goroutine 21352
	/home/mariell/go/pkg/mod/github.com/centrifugal/centrifuge@v0.33.3/internal/dissolve/dissolve.go:31 +0x25

goroutine 13478 [sync.Cond.Wait]:
sync.runtime_notifyListWait(0xc00359a490, 0x8)
	/usr/lib/go/src/runtime/sema.go:597 +0x159
sync.(*Cond).Wait(0x0?)
	/usr/lib/go/src/sync/cond.go:71 +0x85
github.com/centrifugal/centrifuge/internal/dissolve.(*queueImpl).Wait(0xc0071d3500)
	/home/mariell/go/pkg/mod/github.com/centrifugal/centrifuge@v0.33.3/internal/dissolve/queue.go:139 +0x4a
github.com/centrifugal/centrifuge/internal/dissolve.(*Dissolver).runWorker(0xc008da47c8)
	/home/mariell/go/pkg/mod/github.com/centrifugal/centrifuge@v0.33.3/internal/dissolve/dissolve.go:52 +0x27
created by github.com/centrifugal/centrifuge/internal/dissolve.(*Dissolver).Run in goroutine 12330
	/home/mariell/go/pkg/mod/github.com/centrifugal/centrifuge@v0.33.3/internal/dissolve/dissolve.go:31 +0x25

goroutine 13598 [select]:
github.com/patrickmn/go-cache.(*janitor).Run(0xc0026e62a0, 0xc00447b480)
	/home/mariell/go/pkg/mod/github.com/patrickmn/go-cache@v2.1.0+incompatible/cache.go:1079 +0x7b
created by github.com/patrickmn/go-cache.runJanitor in goroutine 12330
	/home/mariell/go/pkg/mod/github.com/patrickmn/go-cache@v2.1.0+incompatible/cache.go:1099 +0xdb

goroutine 13486 [sync.Cond.Wait]:
sync.runtime_notifyListWait(0xc00359a490, 0x10)
	/usr/lib/go/src/runtime/sema.go:597 +0x159
sync.(*Cond).Wait(0x0?)
	/usr/lib/go/src/sync/cond.go:71 +0x85
github.com/centrifugal/centrifuge/internal/dissolve.(*queueImpl).Wait(0xc0071d3500)
	/home/mariell/go/pkg/mod/github.com/centrifugal/centrifuge@v0.33.3/internal/dissolve/queue.go:139 +0x4a
github.com/centrifugal/centrifuge/internal/dissolve.(*Dissolver).runWorker(0xc008da47c8)
	/home/mariell/go/pkg/mod/github.com/centrifugal/centrifuge@v0.33.3/internal/dissolve/dissolve.go:52 +0x27
created by github.com/centrifugal/centrifuge/internal/dissolve.(*Dissolver).Run in goroutine 12330
	/home/mariell/go/pkg/mod/github.com/centrifugal/centrifuge@v0.33.3/internal/dissolve/dissolve.go:31 +0x25

goroutine 13504 [sync.Cond.Wait]:
sync.runtime_notifyListWait(0xc00359a490, 0x22)
	/usr/lib/go/src/runtime/sema.go:597 +0x159
sync.(*Cond).Wait(0x0?)
	/usr/lib/go/src/sync/cond.go:71 +0x85
github.com/centrifugal/centrifuge/internal/dissolve.(*queueImpl).Wait(0xc0071d3500)
	/home/mariell/go/pkg/mod/github.com/centrifugal/centrifuge@v0.33.3/internal/dissolve/queue.go:139 +0x4a
github.com/centrifugal/centrifuge/internal/dissolve.(*Dissolver).runWorker(0xc008da47c8)
	/home/mariell/go/pkg/mod/github.com/centrifugal/centrifuge@v0.33.3/internal/dissolve/dissolve.go:52 +0x27
created by github.com/centrifugal/centrifuge/internal/dissolve.(*Dissolver).Run in goroutine 12330
	/home/mariell/go/pkg/mod/github.com/centrifugal/centrifuge@v0.33.3/internal/dissolve/dissolve.go:31 +0x25

goroutine 13508 [sync.Cond.Wait]:
sync.runtime_notifyListWait(0xc00359a490, 0x26)
	/usr/lib/go/src/runtime/sema.go:597 +0x159
sync.(*Cond).Wait(0xc00b901fd0?)
	/usr/lib/go/src/sync/cond.go:71 +0x85
github.com/centrifugal/centrifuge/internal/dissolve.(*queueImpl).Wait(0xc0071d3500)
	/home/mariell/go/pkg/mod/github.com/centrifugal/centrifuge@v0.33.3/internal/dissolve/queue.go:139 +0x4a
github.com/centrifugal/centrifuge/internal/dissolve.(*Dissolver).runWorker(0xc008da47c8)
	/home/mariell/go/pkg/mod/github.com/centrifugal/centrifuge@v0.33.3/internal/dissolve/dissolve.go:52 +0x27
created by github.com/centrifugal/centrifuge/internal/dissolve.(*Dissolver).Run in goroutine 12330
	/home/mariell/go/pkg/mod/github.com/centrifugal/centrifuge@v0.33.3/internal/dissolve/dissolve.go:31 +0x25

goroutine 13485 [sync.Cond.Wait]:
sync.runtime_notifyListWait(0xc00359a490, 0xf)
	/usr/lib/go/src/runtime/sema.go:597 +0x159
sync.(*Cond).Wait(0x0?)
	/usr/lib/go/src/sync/cond.go:71 +0x85
github.com/centrifugal/centrifuge/internal/dissolve.(*queueImpl).Wait(0xc0071d3500)
	/home/mariell/go/pkg/mod/github.com/centrifugal/centrifuge@v0.33.3/internal/dissolve/queue.go:139 +0x4a
github.com/centrifugal/centrifuge/internal/dissolve.(*Dissolver).runWorker(0xc008da47c8)
	/home/mariell/go/pkg/mod/github.com/centrifugal/centrifuge@v0.33.3/internal/dissolve/dissolve.go:52 +0x27
created by github.com/centrifugal/centrifuge/internal/dissolve.(*Dissolver).Run in goroutine 12330
	/home/mariell/go/pkg/mod/github.com/centrifugal/centrifuge@v0.33.3/internal/dissolve/dissolve.go:31 +0x25

goroutine 13488 [sync.Cond.Wait]:
sync.runtime_notifyListWait(0xc00359a490, 0x12)
	/usr/lib/go/src/runtime/sema.go:597 +0x159
sync.(*Cond).Wait(0x0?)
	/usr/lib/go/src/sync/cond.go:71 +0x85
github.com/centrifugal/centrifuge/internal/dissolve.(*queueImpl).Wait(0xc0071d3500)
	/home/mariell/go/pkg/mod/github.com/centrifugal/centrifuge@v0.33.3/internal/dissolve/queue.go:139 +0x4a
github.com/centrifugal/centrifuge/internal/dissolve.(*Dissolver).runWorker(0xc008da47c8)
	/home/mariell/go/pkg/mod/github.com/centrifugal/centrifuge@v0.33.3/internal/dissolve/dissolve.go:52 +0x27
created by github.com/centrifugal/centrifuge/internal/dissolve.(*Dissolver).Run in goroutine 12330
	/home/mariell/go/pkg/mod/github.com/centrifugal/centrifuge@v0.33.3/internal/dissolve/dissolve.go:31 +0x25

goroutine 17883 [select]:
github.com/centrifugal/centrifuge.(*Node).sendNodePing(0xc007d7f688)
	/home/mariell/go/pkg/mod/github.com/centrifugal/centrifuge@v0.33.3/node.go:380 +0x85
created by github.com/centrifugal/centrifuge.(*Node).Run in goroutine 13128
	/home/mariell/go/pkg/mod/github.com/centrifugal/centrifuge@v0.33.3/node.go:260 +0x225

goroutine 13513 [sync.Cond.Wait]:
sync.runtime_notifyListWait(0xc00359a490, 0x2b)
	/usr/lib/go/src/runtime/sema.go:597 +0x159
sync.(*Cond).Wait(0x0?)
	/usr/lib/go/src/sync/cond.go:71 +0x85
github.com/centrifugal/centrifuge/internal/dissolve.(*queueImpl).Wait(0xc0071d3500)
	/home/mariell/go/pkg/mod/github.com/centrifugal/centrifuge@v0.33.3/internal/dissolve/queue.go:139 +0x4a
github.com/centrifugal/centrifuge/internal/dissolve.(*Dissolver).runWorker(0xc008da47c8)
	/home/mariell/go/pkg/mod/github.com/centrifugal/centrifuge@v0.33.3/internal/dissolve/dissolve.go:52 +0x27
created by github.com/centrifugal/centrifuge/internal/dissolve.(*Dissolver).Run in goroutine 12330
	/home/mariell/go/pkg/mod/github.com/centrifugal/centrifuge@v0.33.3/internal/dissolve/dissolve.go:31 +0x25

goroutine 13489 [sync.Cond.Wait]:
sync.runtime_notifyListWait(0xc00359a490, 0x13)
	/usr/lib/go/src/runtime/sema.go:597 +0x159
sync.(*Cond).Wait(0xc00b90c7d0?)
	/usr/lib/go/src/sync/cond.go:71 +0x85
github.com/centrifugal/centrifuge/internal/dissolve.(*queueImpl).Wait(0xc0071d3500)
	/home/mariell/go/pkg/mod/github.com/centrifugal/centrifuge@v0.33.3/internal/dissolve/queue.go:139 +0x4a
github.com/centrifugal/centrifuge/internal/dissolve.(*Dissolver).runWorker(0xc008da47c8)
	/home/mariell/go/pkg/mod/github.com/centrifugal/centrifuge@v0.33.3/internal/dissolve/dissolve.go:52 +0x27
created by github.com/centrifugal/centrifuge/internal/dissolve.(*Dissolver).Run in goroutine 12330
	/home/mariell/go/pkg/mod/github.com/centrifugal/centrifuge@v0.33.3/internal/dissolve/dissolve.go:31 +0x25

goroutine 13483 [sync.Cond.Wait]:
sync.runtime_notifyListWait(0xc00359a490, 0xd)
	/usr/lib/go/src/runtime/sema.go:597 +0x159
sync.(*Cond).Wait(0x0?)
	/usr/lib/go/src/sync/cond.go:71 +0x85
github.com/centrifugal/centrifuge/internal/dissolve.(*queueImpl).Wait(0xc0071d3500)
	/home/mariell/go/pkg/mod/github.com/centrifugal/centrifuge@v0.33.3/internal/dissolve/queue.go:139 +0x4a
github.com/centrifugal/centrifuge/internal/dissolve.(*Dissolver).runWorker(0xc008da47c8)
	/home/mariell/go/pkg/mod/github.com/centrifugal/centrifuge@v0.33.3/internal/dissolve/dissolve.go:52 +0x27
created by github.com/centrifugal/centrifuge/internal/dissolve.(*Dissolver).Run in goroutine 12330
	/home/mariell/go/pkg/mod/github.com/centrifugal/centrifuge@v0.33.3/internal/dissolve/dissolve.go:31 +0x25

goroutine 17914 [sync.Cond.Wait]:
sync.runtime_notifyListWait(0xc009ff2dd0, 0x1c)
	/usr/lib/go/src/runtime/sema.go:597 +0x159
sync.(*Cond).Wait(0x100000000000000?)
	/usr/lib/go/src/sync/cond.go:71 +0x85
github.com/centrifugal/centrifuge/internal/dissolve.(*queueImpl).Wait(0xc00958cb60)
	/home/mariell/go/pkg/mod/github.com/centrifugal/centrifuge@v0.33.3/internal/dissolve/queue.go:139 +0x4a
github.com/centrifugal/centrifuge/internal/dissolve.(*Dissolver).runWorker(0xc0029ba528)
	/home/mariell/go/pkg/mod/github.com/centrifugal/centrifuge@v0.33.3/internal/dissolve/dissolve.go:52 +0x27
created by github.com/centrifugal/centrifuge/internal/dissolve.(*Dissolver).Run in goroutine 13128
	/home/mariell/go/pkg/mod/github.com/centrifugal/centrifuge@v0.33.3/internal/dissolve/dissolve.go:31 +0x25

goroutine 13507 [sync.Cond.Wait]:
sync.runtime_notifyListWait(0xc00359a490, 0x25)
	/usr/lib/go/src/runtime/sema.go:597 +0x159
sync.(*Cond).Wait(0x0?)
	/usr/lib/go/src/sync/cond.go:71 +0x85
github.com/centrifugal/centrifuge/internal/dissolve.(*queueImpl).Wait(0xc0071d3500)
	/home/mariell/go/pkg/mod/github.com/centrifugal/centrifuge@v0.33.3/internal/dissolve/queue.go:139 +0x4a
github.com/centrifugal/centrifuge/internal/dissolve.(*Dissolver).runWorker(0xc008da47c8)
	/home/mariell/go/pkg/mod/github.com/centrifugal/centrifuge@v0.33.3/internal/dissolve/dissolve.go:52 +0x27
created by github.com/centrifugal/centrifuge/internal/dissolve.(*Dissolver).Run in goroutine 12330
	/home/mariell/go/pkg/mod/github.com/centrifugal/centrifuge@v0.33.3/internal/dissolve/dissolve.go:31 +0x25

goroutine 17884 [select]:
github.com/centrifugal/centrifuge.(*Node).cleanNodeInfo(0xc007d7f688)
	/home/mariell/go/pkg/mod/github.com/centrifugal/centrifuge@v0.33.3/node.go:394 +0x90
created by github.com/centrifugal/centrifuge.(*Node).Run in goroutine 13128
	/home/mariell/go/pkg/mod/github.com/centrifugal/centrifuge@v0.33.3/node.go:261 +0x265

goroutine 33121 [sync.Cond.Wait]:
sync.runtime_notifyListWait(0xc019c7fcd0, 0x12)
	/usr/lib/go/src/runtime/sema.go:597 +0x159
sync.(*Cond).Wait(0x0?)
	/usr/lib/go/src/sync/cond.go:71 +0x85
github.com/centrifugal/centrifuge/internal/dissolve.(*queueImpl).Wait(0xc012092e00)
	/home/mariell/go/pkg/mod/github.com/centrifugal/centrifuge@v0.33.3/internal/dissolve/queue.go:139 +0x4a
github.com/centrifugal/centrifuge/internal/dissolve.(*Dissolver).runWorker(0xc01ba3c438)
	/home/mariell/go/pkg/mod/github.com/centrifugal/centrifuge@v0.33.3/internal/dissolve/dissolve.go:52 +0x27
created by github.com/centrifugal/centrifuge/internal/dissolve.(*Dissolver).Run in goroutine 31996
	/home/mariell/go/pkg/mod/github.com/centrifugal/centrifuge@v0.33.3/internal/dissolve/dissolve.go:31 +0x25

goroutine 22316 [runnable]:
github.com/centrifugal/centrifuge.New({{0x0, 0x0}, {0x0, 0x0}, 0x5, 0x9e57750, 0xdf8475800, 0x0, 0x5d21dba00, 0x5d21dba00, ...})
	/home/mariell/go/pkg/mod/github.com/centrifugal/centrifuge@v0.33.3/node.go:143 +0x2a8
github.com/grafana/grafana/pkg/services/live.ProvideService(0xc047a49b00, 0xc016b78008, {0xaaa08e0, 0xc008655180}, {0xa97b460, 0xc01f7f6ce0}, {0xaaa0b50, 0xc0483dcd20}, 0xc040a56320, {0xa97b4b0, ...}, ...)
	/home/mariell/work/oss/grafana/pkg/services/live/live.go:112 +0x43a
github.com/grafana/grafana/pkg/server.InitializeForTest({0xa9e3920, 0xc0104641c0}, 0xc016b78008, {{0xc014a99d40, 0x31}, {0x0, 0x0}, {0x0, 0x0}, {0x0, ...}, ...}, ...)
	/home/mariell/work/oss/grafana/pkg/server/wire_gen.go:1040 +0x5499
github.com/grafana/grafana/pkg/tests/testinfra.StartGrafanaEnv(0xc0104641c0, {0xc014a99d40, 0x31}, {0xc01334fec0, 0x3f})
	/home/mariell/work/oss/grafana/pkg/tests/testinfra/testinfra.go:83 +0x565
github.com/grafana/grafana/pkg/tests/api/alerting.TestIntegrationPrometheusRules(0xc0104641c0)
	/home/mariell/work/oss/grafana/pkg/tests/api/alerting/api_prometheus_test.go:44 +0x85
testing.tRunner(0xc0104641c0, 0x9e55a78)
	/usr/lib/go/src/testing/testing.go:1792 +0xf4
created by testing.(*T).Run in goroutine 1
	/usr/lib/go/src/testing/testing.go:1851 +0x413

goroutine 14880 [sync.Cond.Wait]:
sync.runtime_notifyListWait(0xc00cfe9cd0, 0x21)
	/usr/lib/go/src/runtime/sema.go:597 +0x159
sync.(*Cond).Wait(0xc001afbfd0?)
	/usr/lib/go/src/sync/cond.go:71 +0x85
github.com/centrifugal/centrifuge/internal/dissolve.(*queueImpl).Wait(0xc00c22f1f0)
	/home/mariell/go/pkg/mod/github.com/centrifugal/centrifuge@v0.33.3/internal/dissolve/queue.go:139 +0x4a
github.com/centrifugal/centrifuge/internal/dissolve.(*Dissolver).runWorker(0xc0034e9ed8)
	/home/mariell/go/pkg/mod/github.com/centrifugal/centrifuge@v0.33.3/internal/dissolve/dissolve.go:52 +0x27
created by github.com/centrifugal/centrifuge/internal/dissolve.(*Dissolver).Run in goroutine 13738
	/home/mariell/go/pkg/mod/github.com/centrifugal/centrifuge@v0.33.3/internal/dissolve/dissolve.go:31 +0x25

goroutine 14965 [select]:
github.com/patrickmn/go-cache.(*janitor).Run(0xc00d52fd60, 0xc00d531f00)
	/home/mariell/go/pkg/mod/github.com/patrickmn/go-cache@v2.1.0+incompatible/cache.go:1079 +0x7b
created by github.com/patrickmn/go-cache.runJanitor in goroutine 13738
	/home/mariell/go/pkg/mod/github.com/patrickmn/go-cache@v2.1.0+incompatible/cache.go:1099 +0xdb

goroutine 42069 [sync.Cond.Wait]:
sync.runtime_notifyListWait(0xc01bc03e10, 0x3)
	/usr/lib/go/src/runtime/sema.go:597 +0x159
sync.(*Cond).Wait(0x0?)
	/usr/lib/go/src/sync/cond.go:71 +0x85
github.com/centrifugal/centrifuge/internal/dissolve.(*queueImpl).Wait(0xc01e10aa10)
	/home/mariell/go/pkg/mod/github.com/centrifugal/centrifuge@v0.33.3/internal/dissolve/queue.go:139 +0x4a
github.com/centrifugal/centrifuge/internal/dissolve.(*Dissolver).runWorker(0xc0122187e0)
	/home/mariell/go/pkg/mod/github.com/centrifugal/centrifuge@v0.33.3/internal/dissolve/dissolve.go:52 +0x27
created by github.com/centrifugal/centrifuge/internal/dissolve.(*Dissolver).Run in goroutine 40816
	/home/mariell/go/pkg/mod/github.com/centrifugal/centrifuge@v0.33.3/internal/dissolve/dissolve.go:31 +0x25

goroutine 14845 [sync.Cond.Wait]:
sync.runtime_notifyListWait(0xc00cfe9cd0, 0x1)
	/usr/lib/go/src/runtime/sema.go:597 +0x159
sync.(*Cond).Wait(0xc004713fd0?)
	/usr/lib/go/src/sync/cond.go:71 +0x85
github.com/centrifugal/centrifuge/internal/dissolve.(*queueImpl).Wait(0xc00c22f1f0)
	/home/mariell/go/pkg/mod/github.com/centrifugal/centrifuge@v0.33.3/internal/dissolve/queue.go:139 +0x4a
github.com/centrifugal/centrifuge/internal/dissolve.(*Dissolver).runWorker(0xc0034e9ed8)
	/home/mariell/go/pkg/mod/github.com/centrifugal/centrifuge@v0.33.3/internal/dissolve/dissolve.go:52 +0x27
created by github.com/centrifugal/centrifuge/internal/dissolve.(*Dissolver).Run in goroutine 13738
	/home/mariell/go/pkg/mod/github.com/centrifugal/centrifuge@v0.33.3/internal/dissolve/dissolve.go:31 +0x25

goroutine 15053 [select]:
github.com/patrickmn/go-cache.(*janitor).Run(0xc00d6c1a40, 0xc00d71c7c0)
	/home/mariell/go/pkg/mod/github.com/patrickmn/go-cache@v2.1.0+incompatible/cache.go:1079 +0x7b
created by github.com/patrickmn/go-cache.runJanitor in goroutine 13738
	/home/mariell/go/pkg/mod/github.com/patrickmn/go-cache@v2.1.0+incompatible/cache.go:1099 +0xdb

goroutine 14861 [sync.Cond.Wait]:
sync.runtime_notifyListWait(0xc00cfe9cd0, 0x11)
	/usr/lib/go/src/runtime/sema.go:597 +0x159
sync.(*Cond).Wait(0x0?)
	/usr/lib/go/src/sync/cond.go:71 +0x85
github.com/centrifugal/centrifuge/internal/dissolve.(*queueImpl).Wait(0xc00c22f1f0)
	/home/mariell/go/pkg/mod/github.com/centrifugal/centrifuge@v0.33.3/internal/dissolve/queue.go:139 +0x4a
github.com/centrifugal/centrifuge/internal/dissolve.(*Dissolver).runWorker(0xc0034e9ed8)
	/home/mariell/go/pkg/mod/github.com/centrifugal/centrifuge@v0.33.3/internal/dissolve/dissolve.go:52 +0x27
created by github.com/centrifugal/centrifuge/internal/dissolve.(*Dissolver).Run in goroutine 13738
	/home/mariell/go/pkg/mod/github.com/centrifugal/centrifuge@v0.33.3/internal/dissolve/dissolve.go:31 +0x25

goroutine 14902 [sync.Cond.Wait]:
sync.runtime_notifyListWait(0xc00cfe9cd0, 0x38)
	/usr/lib/go/src/runtime/sema.go:597 +0x159
sync.(*Cond).Wait(0x0?)
	/usr/lib/go/src/sync/cond.go:71 +0x85
github.com/centrifugal/centrifuge/internal/dissolve.(*queueImpl).Wait(0xc00c22f1f0)
	/home/mariell/go/pkg/mod/github.com/centrifugal/centrifuge@v0.33.3/internal/dissolve/queue.go:139 +0x4a
github.com/centrifugal/centrifuge/internal/dissolve.(*Dissolver).runWorker(0xc0034e9ed8)
	/home/mariell/go/pkg/mod/github.com/centrifugal/centrifuge@v0.33.3/internal/dissolve/dissolve.go:52 +0x27
created by github.com/centrifugal/centrifuge/internal/dissolve.(*Dissolver).Run in goroutine 13738
	/home/mariell/go/pkg/mod/github.com/centrifugal/centrifuge@v0.33.3/internal/dissolve/dissolve.go:31 +0x25

goroutine 40962 [chan receive]:
github.com/grafana/grafana/pkg/storage/unified/resource.(*server).initWatcher.func1.1()
	/home/mariell/work/oss/grafana/pkg/storage/unified/resource/server.go:922 +0x58
created by github.com/grafana/grafana/pkg/storage/unified/resource.(*server).initWatcher.func1 in goroutine 39277
	/home/mariell/work/oss/grafana/pkg/storage/unified/resource/server.go:921 +0xaa

goroutine 14844 [select]:
github.com/centrifugal/centrifuge.(*Node).updateMetrics(0xc00ad19208)
	/home/mariell/go/pkg/mod/github.com/centrifugal/centrifuge@v0.33.3/node.go:335 +0x85
created by github.com/centrifugal/centrifuge.(*Node).Run in goroutine 13738
	/home/mariell/go/pkg/mod/github.com/centrifugal/centrifuge@v0.33.3/node.go:262 +0x2a5

goroutine 14901 [sync.Cond.Wait]:
sync.runtime_notifyListWait(0xc00cfe9cd0, 0x37)
	/usr/lib/go/src/runtime/sema.go:597 +0x159
sync.(*Cond).Wait(0xc00c538fd0?)
	/usr/lib/go/src/sync/cond.go:71 +0x85
github.com/centrifugal/centrifuge/internal/dissolve.(*queueImpl).Wait(0xc00c22f1f0)
	/home/mariell/go/pkg/mod/github.com/centrifugal/centrifuge@v0.33.3/internal/dissolve/queue.go:139 +0x4a
github.com/centrifugal/centrifuge/internal/dissolve.(*Dissolver).runWorker(0xc0034e9ed8)
	/home/mariell/go/pkg/mod/github.com/centrifugal/centrifuge@v0.33.3/internal/dissolve/dissolve.go:52 +0x27
created by github.com/centrifugal/centrifuge/internal/dissolve.(*Dissolver).Run in goroutine 13738
	/home/mariell/go/pkg/mod/github.com/centrifugal/centrifuge@v0.33.3/internal/dissolve/dissolve.go:31 +0x25

goroutine 14624 [select]:
github.com/patrickmn/go-cache.(*janitor).Run(0xc00cd511c0, 0xc008de5b40)
	/home/mariell/go/pkg/mod/github.com/patrickmn/go-cache@v2.1.0+incompatible/cache.go:1079 +0x7b
created by github.com/patrickmn/go-cache.runJanitor in goroutine 13738
	/home/mariell/go/pkg/mod/github.com/patrickmn/go-cache@v2.1.0+incompatible/cache.go:1099 +0xdb

goroutine 14846 [sync.Cond.Wait]:
sync.runtime_notifyListWait(0xc00cfe9cd0, 0x2)
	/usr/lib/go/src/runtime/sema.go:597 +0x159
sync.(*Cond).Wait(0x0?)
	/usr/lib/go/src/sync/cond.go:71 +0x85
github.com/centrifugal/centrifuge/internal/dissolve.(*queueImpl).Wait(0xc00c22f1f0)
	/home/mariell/go/pkg/mod/github.com/centrifugal/centrifuge@v0.33.3/internal/dissolve/queue.go:139 +0x4a
github.com/centrifugal/centrifuge/internal/dissolve.(*Dissolver).runWorker(0xc0034e9ed8)
	/home/mariell/go/pkg/mod/github.com/centrifugal/centrifuge@v0.33.3/internal/dissolve/dissolve.go:52 +0x27
created by github.com/centrifugal/centrifuge/internal/dissolve.(*Dissolver).Run in goroutine 13738
	/home/mariell/go/pkg/mod/github.com/centrifugal/centrifuge@v0.33.3/internal/dissolve/dissolve.go:31 +0x25

goroutine 14692 [select]:
github.com/patrickmn/go-cache.(*janitor).Run(0xc00cd90a30, 0xc00241bb80)
	/home/mariell/go/pkg/mod/github.com/patrickmn/go-cache@v2.1.0+incompatible/cache.go:1079 +0x7b
created by github.com/patrickmn/go-cache.runJanitor in goroutine 13738
	/home/mariell/go/pkg/mod/github.com/patrickmn/go-cache@v2.1.0+incompatible/cache.go:1099 +0xdb

goroutine 43907 [select]:
go.opentelemetry.io/otel/sdk/trace.(*batchSpanProcessor).processQueue(0xc016688a00)
	/home/mariell/go/pkg/mod/go.opentelemetry.io/otel/sdk@v1.34.0/trace/batch_span_processor.go:302 +0x114
go.opentelemetry.io/otel/sdk/trace.NewBatchSpanProcessor.func1()
	/home/mariell/go/pkg/mod/go.opentelemetry.io/otel/sdk@v1.34.0/trace/batch_span_processor.go:117 +0x4e
created by go.opentelemetry.io/otel/sdk/trace.NewBatchSpanProcessor in goroutine 42495
	/home/mariell/go/pkg/mod/go.opentelemetry.io/otel/sdk@v1.34.0/trace/batch_span_processor.go:115 +0x2d9

goroutine 16224 [select]:
github.com/patrickmn/go-cache.(*janitor).Run(0xc00e9a9240, 0xc00d656100)
	/home/mariell/go/pkg/mod/github.com/patrickmn/go-cache@v2.1.0+incompatible/cache.go:1079 +0x7b
created by github.com/patrickmn/go-cache.runJanitor in goroutine 12335
	/home/mariell/go/pkg/mod/github.com/patrickmn/go-cache@v2.1.0+incompatible/cache.go:1099 +0xdb

goroutine 14868 [sync.Cond.Wait]:
sync.runtime_notifyListWait(0xc00cfe9cd0, 0x18)
	/usr/lib/go/src/runtime/sema.go:597 +0x159
sync.(*Cond).Wait(0x0?)
	/usr/lib/go/src/sync/cond.go:71 +0x85
github.com/centrifugal/centrifuge/internal/dissolve.(*queueImpl).Wait(0xc00c22f1f0)
	/home/mariell/go/pkg/mod/github.com/centrifugal/centrifuge@v0.33.3/internal/dissolve/queue.go:139 +0x4a
github.com/centrifugal/centrifuge/internal/dissolve.(*Dissolver).runWorker(0xc0034e9ed8)
	/home/mariell/go/pkg/mod/github.com/centrifugal/centrifuge@v0.33.3/internal/dissolve/dissolve.go:52 +0x27
created by github.com/centrifugal/centrifuge/internal/dissolve.(*Dissolver).Run in goroutine 13738
	/home/mariell/go/pkg/mod/github.com/centrifugal/centrifuge@v0.33.3/internal/dissolve/dissolve.go:31 +0x25

goroutine 44037 [select]:
k8s.io/apimachinery/pkg/util/wait.BackoffUntil(0xc00515bd00, {0xa95ac00, 0xc01df781e0}, 0x1, 0xc01181b570)
	/home/mariell/go/pkg/mod/k8s.io/apimachinery@v0.32.1/pkg/util/wait/backoff.go:238 +0x12c
k8s.io/apimachinery/pkg/util/wait.JitterUntil(0xc00515bd00, 0x3b9aca00, 0x3ff3333333333333, 0x1, 0xc01181b570)
	/home/mariell/go/pkg/mod/k8s.io/apimachinery@v0.32.1/pkg/util/wait/backoff.go:204 +0x7f
created by k8s.io/apiserver/pkg/registry/generic/registry.(*Store).startObservingCount in goroutine 42497
	/home/mariell/go/pkg/mod/k8s.io/apiserver@v0.32.1/pkg/registry/generic/registry/store.go:1666 +0x2f9

goroutine 45592 [select]:
k8s.io/apimachinery/pkg/util/wait.BackoffUntil(0xc027aa2340, {0xa95ac00, 0xc0168e2780}, 0x1, 0xc0279ee460)
	/home/mariell/go/pkg/mod/k8s.io/apimachinery@v0.32.1/pkg/util/wait/backoff.go:238 +0x12c
k8s.io/apimachinery/pkg/util/wait.JitterUntil(0xc027aa2340, 0x3b9aca00, 0x3ff3333333333333, 0x1, 0xc0279ee460)
	/home/mariell/go/pkg/mod/k8s.io/apimachinery@v0.32.1/pkg/util/wait/backoff.go:204 +0x7f
created by k8s.io/apiserver/pkg/registry/generic/registry.(*Store).startObservingCount in goroutine 45410
	/home/mariell/go/pkg/mod/k8s.io/apiserver@v0.32.1/pkg/registry/generic/registry/store.go:1666 +0x2f9

goroutine 42057 [sync.Cond.Wait]:
sync.runtime_notifyListWait(0xc01bc03e10, 0x1a)
	/usr/lib/go/src/runtime/sema.go:597 +0x159
sync.(*Cond).Wait(0xc0097197d0?)
	/usr/lib/go/src/sync/cond.go:71 +0x85
github.com/centrifugal/centrifuge/internal/dissolve.(*queueImpl).Wait(0xc01e10aa10)
	/home/mariell/go/pkg/mod/github.com/centrifugal/centrifuge@v0.33.3/internal/dissolve/queue.go:139 +0x4a
github.com/centrifugal/centrifuge/internal/dissolve.(*Dissolver).runWorker(0xc0122187e0)
	/home/mariell/go/pkg/mod/github.com/centrifugal/centrifuge@v0.33.3/internal/dissolve/dissolve.go:52 +0x27
created by github.com/centrifugal/centrifuge/internal/dissolve.(*Dissolver).Run in goroutine 40816
	/home/mariell/go/pkg/mod/github.com/centrifugal/centrifuge@v0.33.3/internal/dissolve/dissolve.go:31 +0x25

goroutine 16403 [sync.Cond.Wait]:
sync.runtime_notifyListWait(0xc00ef66e50, 0x8)
	/usr/lib/go/src/runtime/sema.go:597 +0x159
sync.(*Cond).Wait(0x0?)
	/usr/lib/go/src/sync/cond.go:71 +0x85
github.com/centrifugal/centrifuge/internal/dissolve.(*queueImpl).Wait(0xc00ef76a10)
	/home/mariell/go/pkg/mod/github.com/centrifugal/centrifuge@v0.33.3/internal/dissolve/queue.go:139 +0x4a
github.com/centrifugal/centrifuge/internal/dissolve.(*Dissolver).runWorker(0xc003466078)
	/home/mariell/go/pkg/mod/github.com/centrifugal/centrifuge@v0.33.3/internal/dissolve/dissolve.go:52 +0x27
created by github.com/centrifugal/centrifuge/internal/dissolve.(*Dissolver).Run in goroutine 12335
	/home/mariell/go/pkg/mod/github.com/centrifugal/centrifuge@v0.33.3/internal/dissolve/dissolve.go:31 +0x25

goroutine 39029 [sync.Cond.Wait]:
sync.runtime_notifyListWait(0xc01fe50bd0, 0x23)
	/usr/lib/go/src/runtime/sema.go:597 +0x159
sync.(*Cond).Wait(0x823435?)
	/usr/lib/go/src/sync/cond.go:71 +0x85
github.com/centrifugal/centrifuge/internal/dissolve.(*queueImpl).Wait(0xc00bf5ccb0)
	/home/mariell/go/pkg/mod/github.com/centrifugal/centrifuge@v0.33.3/internal/dissolve/queue.go:139 +0x4a
github.com/centrifugal/centrifuge/internal/dissolve.(*Dissolver).runWorker(0xc017ecc900)
	/home/mariell/go/pkg/mod/github.com/centrifugal/centrifuge@v0.33.3/internal/dissolve/dissolve.go:52 +0x27
created by github.com/centrifugal/centrifuge/internal/dissolve.(*Dissolver).Run in goroutine 37971
	/home/mariell/go/pkg/mod/github.com/centrifugal/centrifuge@v0.33.3/internal/dissolve/dissolve.go:31 +0x25

goroutine 28949 [select]:
k8s.io/apimachinery/pkg/util/wait.BackoffUntil(0xc01347da80, {0xa95ac00, 0xc0127f6990}, 0x1, 0xc010de4000)
	/home/mariell/go/pkg/mod/k8s.io/apimachinery@v0.32.1/pkg/util/wait/backoff.go:238 +0x12c
k8s.io/apimachinery/pkg/util/wait.JitterUntil(0xc01347da80, 0x3b9aca00, 0x3ff3333333333333, 0x1, 0xc010de4000)
	/home/mariell/go/pkg/mod/k8s.io/apimachinery@v0.32.1/pkg/util/wait/backoff.go:204 +0x7f
created by k8s.io/apiserver/pkg/registry/generic/registry.(*Store).startObservingCount in goroutine 28838
	/home/mariell/go/pkg/mod/k8s.io/apiserver@v0.32.1/pkg/registry/generic/registry/store.go:1666 +0x2f9

goroutine 15057 [select]:
go.opentelemetry.io/otel/sdk/trace.(*batchSpanProcessor).processQueue(0xc00d565c20)
	/home/mariell/go/pkg/mod/go.opentelemetry.io/otel/sdk@v1.34.0/trace/batch_span_processor.go:302 +0x114
go.opentelemetry.io/otel/sdk/trace.NewBatchSpanProcessor.func1()
	/home/mariell/go/pkg/mod/go.opentelemetry.io/otel/sdk@v1.34.0/trace/batch_span_processor.go:117 +0x4e
created by go.opentelemetry.io/otel/sdk/trace.NewBatchSpanProcessor in goroutine 13738
	/home/mariell/go/pkg/mod/go.opentelemetry.io/otel/sdk@v1.34.0/trace/batch_span_processor.go:115 +0x2d9

goroutine 14835 [select]:
github.com/centrifugal/centrifuge.(*historyHub).expireStreams(0xc00d003d00)
	/home/mariell/go/pkg/mod/github.com/centrifugal/centrifuge@v0.33.3/broker_memory.go:298 +0x75
created by github.com/centrifugal/centrifuge.(*historyHub).runCleanups in goroutine 13738
	/home/mariell/go/pkg/mod/github.com/centrifugal/centrifuge@v0.33.3/broker_memory.go:252 +0x56

goroutine 15201 [select]:
k8s.io/apimachinery/pkg/util/wait.BackoffUntil(0xc00dc02000, {0xa95ac00, 0xc00d5ae000}, 0x1, 0xc0047972d0)
	/home/mariell/go/pkg/mod/k8s.io/apimachinery@v0.32.1/pkg/util/wait/backoff.go:238 +0x12c
k8s.io/apimachinery/pkg/util/wait.JitterUntil(0xc00dc02000, 0x3b9aca00, 0x3ff3333333333333, 0x1, 0xc0047972d0)
	/home/mariell/go/pkg/mod/k8s.io/apimachinery@v0.32.1/pkg/util/wait/backoff.go:204 +0x7f
created by k8s.io/apiserver/pkg/registry/generic/registry.(*Store).startObservingCount in goroutine 14683
	/home/mariell/go/pkg/mod/k8s.io/apiserver@v0.32.1/pkg/registry/generic/registry/store.go:1666 +0x2f9

goroutine 14971 [select]:
github.com/patrickmn/go-cache.(*janitor).Run(0xc00d5a6260, 0xc00d598740)
	/home/mariell/go/pkg/mod/github.com/patrickmn/go-cache@v2.1.0+incompatible/cache.go:1079 +0x7b
created by github.com/patrickmn/go-cache.runJanitor in goroutine 13738
	/home/mariell/go/pkg/mod/github.com/patrickmn/go-cache@v2.1.0+incompatible/cache.go:1099 +0xdb

goroutine 14834 [select]:
github.com/centrifugal/centrifuge.(*MemoryBroker).expireResultCache(0xc00d003d80)
	/home/mariell/go/pkg/mod/github.com/centrifugal/centrifuge@v0.33.3/broker_memory.go:160 +0x68
created by github.com/centrifugal/centrifuge.(*MemoryBroker).Run in goroutine 13738
	/home/mariell/go/pkg/mod/github.com/centrifugal/centrifuge@v0.33.3/broker_memory.go:73 +0x7f

goroutine 14972 [select]:
github.com/patrickmn/go-cache.(*janitor).Run(0xc00d5a6380, 0xc00d598800)
	/home/mariell/go/pkg/mod/github.com/patrickmn/go-cache@v2.1.0+incompatible/cache.go:1079 +0x7b
created by github.com/patrickmn/go-cache.runJanitor in goroutine 13738
	/home/mariell/go/pkg/mod/github.com/patrickmn/go-cache@v2.1.0+incompatible/cache.go:1099 +0xdb

goroutine 14903 [sync.Cond.Wait]:
sync.runtime_notifyListWait(0xc00cfe9cd0, 0x35)
	/usr/lib/go/src/runtime/sema.go:597 +0x159
sync.(*Cond).Wait(0xc00a2a0fd0?)
	/usr/lib/go/src/sync/cond.go:71 +0x85
github.com/centrifugal/centrifuge/internal/dissolve.(*queueImpl).Wait(0xc00c22f1f0)
	/home/mariell/go/pkg/mod/github.com/centrifugal/centrifuge@v0.33.3/internal/dissolve/queue.go:139 +0x4a
github.com/centrifugal/centrifuge/internal/dissolve.(*Dissolver).runWorker(0xc0034e9ed8)
	/home/mariell/go/pkg/mod/github.com/centrifugal/centrifuge@v0.33.3/internal/dissolve/dissolve.go:52 +0x27
created by github.com/centrifugal/centrifuge/internal/dissolve.(*Dissolver).Run in goroutine 13738
	/home/mariell/go/pkg/mod/github.com/centrifugal/centrifuge@v0.33.3/internal/dissolve/dissolve.go:31 +0x25

goroutine 14904 [sync.Cond.Wait]:
sync.runtime_notifyListWait(0xc00cfe9cd0, 0x3b)
	/usr/lib/go/src/runtime/sema.go:597 +0x159
sync.(*Cond).Wait(0x0?)
	/usr/lib/go/src/sync/cond.go:71 +0x85
github.com/centrifugal/centrifuge/internal/dissolve.(*queueImpl).Wait(0xc00c22f1f0)
	/home/mariell/go/pkg/mod/github.com/centrifugal/centrifuge@v0.33.3/internal/dissolve/queue.go:139 +0x4a
github.com/centrifugal/centrifuge/internal/dissolve.(*Dissolver).runWorker(0xc0034e9ed8)
	/home/mariell/go/pkg/mod/github.com/centrifugal/centrifuge@v0.33.3/internal/dissolve/dissolve.go:52 +0x27
created by github.com/centrifugal/centrifuge/internal/dissolve.(*Dissolver).Run in goroutine 13738
	/home/mariell/go/pkg/mod/github.com/centrifugal/centrifuge@v0.33.3/internal/dissolve/dissolve.go:31 +0x25

goroutine 14898 [sync.Cond.Wait]:
sync.runtime_notifyListWait(0xc00cfe9cd0, 0x34)
	/usr/lib/go/src/runtime/sema.go:597 +0x159
sync.(*Cond).Wait(0x0?)
	/usr/lib/go/src/sync/cond.go:71 +0x85
github.com/centrifugal/centrifuge/internal/dissolve.(*queueImpl).Wait(0xc00c22f1f0)
	/home/mariell/go/pkg/mod/github.com/centrifugal/centrifuge@v0.33.3/internal/dissolve/queue.go:139 +0x4a
github.com/centrifugal/centrifuge/internal/dissolve.(*Dissolver).runWorker(0xc0034e9ed8)
	/home/mariell/go/pkg/mod/github.com/centrifugal/centrifuge@v0.33.3/internal/dissolve/dissolve.go:52 +0x27
created by github.com/centrifugal/centrifuge/internal/dissolve.(*Dissolver).Run in goroutine 13738
	/home/mariell/go/pkg/mod/github.com/centrifugal/centrifuge@v0.33.3/internal/dissolve/dissolve.go:31 +0x25

goroutine 16422 [sync.Cond.Wait]:
sync.runtime_notifyListWait(0xc00ef66e50, 0x1b)
	/usr/lib/go/src/runtime/sema.go:597 +0x159
sync.(*Cond).Wait(0x0?)
	/usr/lib/go/src/sync/cond.go:71 +0x85
github.com/centrifugal/centrifuge/internal/dissolve.(*queueImpl).Wait(0xc00ef76a10)
	/home/mariell/go/pkg/mod/github.com/centrifugal/centrifuge@v0.33.3/internal/dissolve/queue.go:139 +0x4a
github.com/centrifugal/centrifuge/internal/dissolve.(*Dissolver).runWorker(0xc003466078)
	/home/mariell/go/pkg/mod/github.com/centrifugal/centrifuge@v0.33.3/internal/dissolve/dissolve.go:52 +0x27
created by github.com/centrifugal/centrifuge/internal/dissolve.(*Dissolver).Run in goroutine 12335
	/home/mariell/go/pkg/mod/github.com/centrifugal/centrifuge@v0.33.3/internal/dissolve/dissolve.go:31 +0x25

goroutine 37894 [select]:
net/http.(*persistConn).writeLoop(0xc00a3ac7e0)
	/usr/lib/go/src/net/http/transport.go:2590 +0xe7
created by net/http.(*Transport).dialConn in goroutine 37420
	/usr/lib/go/src/net/http/transport.go:1945 +0x17a5

goroutine 14900 [sync.Cond.Wait]:
sync.runtime_notifyListWait(0xc00cfe9cd0, 0x36)
	/usr/lib/go/src/runtime/sema.go:597 +0x159
sync.(*Cond).Wait(0x0?)
	/usr/lib/go/src/sync/cond.go:71 +0x85
github.com/centrifugal/centrifuge/internal/dissolve.(*queueImpl).Wait(0xc00c22f1f0)
	/home/mariell/go/pkg/mod/github.com/centrifugal/centrifuge@v0.33.3/internal/dissolve/queue.go:139 +0x4a
github.com/centrifugal/centrifuge/internal/dissolve.(*Dissolver).runWorker(0xc0034e9ed8)
	/home/mariell/go/pkg/mod/github.com/centrifugal/centrifuge@v0.33.3/internal/dissolve/dissolve.go:52 +0x27
created by github.com/centrifugal/centrifuge/internal/dissolve.(*Dissolver).Run in goroutine 13738
	/home/mariell/go/pkg/mod/github.com/centrifugal/centrifuge@v0.33.3/internal/dissolve/dissolve.go:31 +0x25

goroutine 14907 [sync.Cond.Wait]:
sync.runtime_notifyListWait(0xc00cfe9cd0, 0x3d)
	/usr/lib/go/src/runtime/sema.go:597 +0x159
sync.(*Cond).Wait(0x0?)
	/usr/lib/go/src/sync/cond.go:71 +0x85
github.com/centrifugal/centrifuge/internal/dissolve.(*queueImpl).Wait(0xc00c22f1f0)
	/home/mariell/go/pkg/mod/github.com/centrifugal/centrifuge@v0.33.3/internal/dissolve/queue.go:139 +0x4a
github.com/centrifugal/centrifuge/internal/dissolve.(*Dissolver).runWorker(0xc0034e9ed8)
	/home/mariell/go/pkg/mod/github.com/centrifugal/centrifuge@v0.33.3/internal/dissolve/dissolve.go:52 +0x27
created by github.com/centrifugal/centrifuge/internal/dissolve.(*Dissolver).Run in goroutine 13738
	/home/mariell/go/pkg/mod/github.com/centrifugal/centrifuge@v0.33.3/internal/dissolve/dissolve.go:31 +0x25

goroutine 15196 [select]:
k8s.io/apimachinery/pkg/util/wait.BackoffUntil(0xc00dd84dc0, {0xa95ac00, 0xc00dd0b290}, 0x1, 0xc004796540)
	/home/mariell/go/pkg/mod/k8s.io/apimachinery@v0.32.1/pkg/util/wait/backoff.go:238 +0x12c
k8s.io/apimachinery/pkg/util/wait.JitterUntil(0xc00dd84dc0, 0x3b9aca00, 0x3ff3333333333333, 0x1, 0xc004796540)
	/home/mariell/go/pkg/mod/k8s.io/apimachinery@v0.32.1/pkg/util/wait/backoff.go:204 +0x7f
created by k8s.io/apiserver/pkg/registry/generic/registry.(*Store).startObservingCount in goroutine 14683
	/home/mariell/go/pkg/mod/k8s.io/apiserver@v0.32.1/pkg/registry/generic/registry/store.go:1666 +0x2f9

goroutine 14695 [select]:
github.com/patrickmn/go-cache.(*janitor).Run(0xc00cd90c90, 0xc00241bc00)
	/home/mariell/go/pkg/mod/github.com/patrickmn/go-cache@v2.1.0+incompatible/cache.go:1079 +0x7b
created by github.com/patrickmn/go-cache.runJanitor in goroutine 13738
	/home/mariell/go/pkg/mod/github.com/patrickmn/go-cache@v2.1.0+incompatible/cache.go:1099 +0xdb

goroutine 16456 [sync.Cond.Wait]:
sync.runtime_notifyListWait(0xc00ef66e50, 0x30)
	/usr/lib/go/src/runtime/sema.go:597 +0x159
sync.(*Cond).Wait(0x0?)
	/usr/lib/go/src/sync/cond.go:71 +0x85
github.com/centrifugal/centrifuge/internal/dissolve.(*queueImpl).Wait(0xc00ef76a10)
	/home/mariell/go/pkg/mod/github.com/centrifugal/centrifuge@v0.33.3/internal/dissolve/queue.go:139 +0x4a
github.com/centrifugal/centrifuge/internal/dissolve.(*Dissolver).runWorker(0xc003466078)
	/home/mariell/go/pkg/mod/github.com/centrifugal/centrifuge@v0.33.3/internal/dissolve/dissolve.go:52 +0x27
created by github.com/centrifugal/centrifuge/internal/dissolve.(*Dissolver).Run in goroutine 12335
	/home/mariell/go/pkg/mod/github.com/centrifugal/centrifuge@v0.33.3/internal/dissolve/dissolve.go:31 +0x25

goroutine 37366 [select]:
github.com/patrickmn/go-cache.(*janitor).Run(0xc0143f4270, 0xc00dcaaf00)
	/home/mariell/go/pkg/mod/github.com/patrickmn/go-cache@v2.1.0+incompatible/cache.go:1079 +0x7b
created by github.com/patrickmn/go-cache.runJanitor in goroutine 36374
	/home/mariell/go/pkg/mod/github.com/patrickmn/go-cache@v2.1.0+incompatible/cache.go:1099 +0xdb

goroutine 18014 [select]:
github.com/patrickmn/go-cache.(*janitor).Run(0xc00a00faf0, 0xc002406840)
	/home/mariell/go/pkg/mod/github.com/patrickmn/go-cache@v2.1.0+incompatible/cache.go:1079 +0x7b
created by github.com/patrickmn/go-cache.runJanitor in goroutine 13128
	/home/mariell/go/pkg/mod/github.com/patrickmn/go-cache@v2.1.0+incompatible/cache.go:1099 +0xdb

goroutine 14897 [sync.Cond.Wait]:
sync.runtime_notifyListWait(0xc00cfe9cd0, 0x33)
	/usr/lib/go/src/runtime/sema.go:597 +0x159
sync.(*Cond).Wait(0x0?)
	/usr/lib/go/src/sync/cond.go:71 +0x85
github.com/centrifugal/centrifuge/internal/dissolve.(*queueImpl).Wait(0xc00c22f1f0)
	/home/mariell/go/pkg/mod/github.com/centrifugal/centrifuge@v0.33.3/internal/dissolve/queue.go:139 +0x4a
github.com/centrifugal/centrifuge/internal/dissolve.(*Dissolver).runWorker(0xc0034e9ed8)
	/home/mariell/go/pkg/mod/github.com/centrifugal/centrifuge@v0.33.3/internal/dissolve/dissolve.go:52 +0x27
created by github.com/centrifugal/centrifuge/internal/dissolve.(*Dissolver).Run in goroutine 13738
	/home/mariell/go/pkg/mod/github.com/centrifugal/centrifuge@v0.33.3/internal/dissolve/dissolve.go:31 +0x25

goroutine 14847 [sync.Cond.Wait]:
sync.runtime_notifyListWait(0xc00cfe9cd0, 0x3)
	/usr/lib/go/src/runtime/sema.go:597 +0x159
sync.(*Cond).Wait(0xc0096f2fd0?)
	/usr/lib/go/src/sync/cond.go:71 +0x85
github.com/centrifugal/centrifuge/internal/dissolve.(*queueImpl).Wait(0xc00c22f1f0)
	/home/mariell/go/pkg/mod/github.com/centrifugal/centrifuge@v0.33.3/internal/dissolve/queue.go:139 +0x4a
github.com/centrifugal/centrifuge/internal/dissolve.(*Dissolver).runWorker(0xc0034e9ed8)
	/home/mariell/go/pkg/mod/github.com/centrifugal/centrifuge@v0.33.3/internal/dissolve/dissolve.go:52 +0x27
created by github.com/centrifugal/centrifuge/internal/dissolve.(*Dissolver).Run in goroutine 13738
	/home/mariell/go/pkg/mod/github.com/centrifugal/centrifuge@v0.33.3/internal/dissolve/dissolve.go:31 +0x25

goroutine 14625 [select]:
github.com/patrickmn/go-cache.(*janitor).Run(0xc00cd90320, 0xc00241a640)
	/home/mariell/go/pkg/mod/github.com/patrickmn/go-cache@v2.1.0+incompatible/cache.go:1079 +0x7b
created by github.com/patrickmn/go-cache.runJanitor in goroutine 13738
	/home/mariell/go/pkg/mod/github.com/patrickmn/go-cache@v2.1.0+incompatible/cache.go:1099 +0xdb

goroutine 22518 [sync.Cond.Wait]:
sync.runtime_notifyListWait(0xc00a914410, 0x30)
	/usr/lib/go/src/runtime/sema.go:597 +0x159
sync.(*Cond).Wait(0xc0098a87d0?)
	/usr/lib/go/src/sync/cond.go:71 +0x85
github.com/centrifugal/centrifuge/internal/dissolve.(*queueImpl).Wait(0xc00de6dab0)
	/home/mariell/go/pkg/mod/github.com/centrifugal/centrifuge@v0.33.3/internal/dissolve/queue.go:139 +0x4a
github.com/centrifugal/centrifuge/internal/dissolve.(*Dissolver).runWorker(0xc00e20d1e8)
	/home/mariell/go/pkg/mod/github.com/centrifugal/centrifuge@v0.33.3/internal/dissolve/dissolve.go:52 +0x27
created by github.com/centrifugal/centrifuge/internal/dissolve.(*Dissolver).Run in goroutine 21352
	/home/mariell/go/pkg/mod/github.com/centrifugal/centrifuge@v0.33.3/internal/dissolve/dissolve.go:31 +0x25

goroutine 14899 [sync.Cond.Wait]:
sync.runtime_notifyListWait(0xc00cfe9cd0, 0x2d)
	/usr/lib/go/src/runtime/sema.go:597 +0x159
sync.(*Cond).Wait(0xc00b90e7d0?)
	/usr/lib/go/src/sync/cond.go:71 +0x85
github.com/centrifugal/centrifuge/internal/dissolve.(*queueImpl).Wait(0xc00c22f1f0)
	/home/mariell/go/pkg/mod/github.com/centrifugal/centrifuge@v0.33.3/internal/dissolve/queue.go:139 +0x4a
github.com/centrifugal/centrifuge/internal/dissolve.(*Dissolver).runWorker(0xc0034e9ed8)
	/home/mariell/go/pkg/mod/github.com/centrifugal/centrifuge@v0.33.3/internal/dissolve/dissolve.go:52 +0x27
created by github.com/centrifugal/centrifuge/internal/dissolve.(*Dissolver).Run in goroutine 13738
	/home/mariell/go/pkg/mod/github.com/centrifugal/centrifuge@v0.33.3/internal/dissolve/dissolve.go:31 +0x25

goroutine 15200 [select]:
github.com/grafana/grafana/pkg/storage/unified/resource.(*broadcaster[...]).stream(0xab113a0, 0xc004454d90)
	/home/mariell/work/oss/grafana/pkg/storage/unified/resource/broadcaster.go:205 +0x13d
created by github.com/grafana/grafana/pkg/storage/unified/resource.(*broadcaster[...]).init in goroutine 14683
	/home/mariell/work/oss/grafana/pkg/storage/unified/resource/broadcaster.go:177 +0x219

goroutine 16770 [IO wait]:
internal/poll.runtime_pollWait(0x777558f6a410, 0x72)
	/usr/lib/go/src/runtime/netpoll.go:351 +0x85
internal/poll.(*pollDesc).wait(0xc00e9f3380?, 0xc00dc45900?, 0x0)
	/usr/lib/go/src/internal/poll/fd_poll_runtime.go:84 +0x27
internal/poll.(*pollDesc).waitRead(...)
	/usr/lib/go/src/internal/poll/fd_poll_runtime.go:89
internal/poll.(*FD).Read(0xc00e9f3380, {0xc00dc45900, 0x1300, 0x1300})
	/usr/lib/go/src/internal/poll/fd_unix.go:165 +0x27a
net.(*netFD).Read(0xc00e9f3380, {0xc00dc45900?, 0x0?, 0x5?})
	/usr/lib/go/src/net/fd_posix.go:55 +0x25
net.(*conn).Read(0xc00ef41168, {0xc00dc45900?, 0x777558f797e8?, 0x7775a8b28108?})
	/usr/lib/go/src/net/net.go:194 +0x45
crypto/tls.(*atLeastReader).Read(0xc00f90bad0, {0xc00dc45900?, 0x11abda20?, 0xc00f2c09c8?})
	/usr/lib/go/src/crypto/tls/conn.go:809 +0x3b
bytes.(*Buffer).ReadFrom(0xc00f48bb38, {0xa94e300, 0xc00f90bad0})
	/usr/lib/go/src/bytes/buffer.go:211 +0x98
crypto/tls.(*Conn).readFromUntil(0xc00f48b888, {0xa94dc00, 0xc00ef41168}, 0x444af4?)
	/usr/lib/go/src/crypto/tls/conn.go:831 +0xde
crypto/tls.(*Conn).readRecordOrCCS(0xc00f48b888, 0x0)
	/usr/lib/go/src/crypto/tls/conn.go:629 +0x3cf
crypto/tls.(*Conn).readRecord(...)
	/usr/lib/go/src/crypto/tls/conn.go:591
crypto/tls.(*Conn).Read(0xc00f48b888, {0xc00f533000, 0x1000, 0xc00f28bc20?})
	/usr/lib/go/src/crypto/tls/conn.go:1385 +0x145
net/http.(*persistConn).Read(0xc0015546c0, {0xc00f533000?, 0x81fe45?, 0xa94be80?})
	/usr/lib/go/src/net/http/transport.go:2122 +0x47
bufio.(*Reader).fill(0xc00f52c7e0)
	/usr/lib/go/src/bufio/bufio.go:113 +0x103
bufio.(*Reader).Peek(0xc00f52c7e0, 0x1)
	/usr/lib/go/src/bufio/bufio.go:152 +0x53
net/http.(*persistConn).readLoop(0xc0015546c0)
	/usr/lib/go/src/net/http/transport.go:2275 +0x172
created by net/http.(*Transport).dialConn in goroutine 16638
	/usr/lib/go/src/net/http/transport.go:1944 +0x174f

goroutine 15199 [select]:
github.com/grafana/grafana/pkg/storage/unified/resource.(*cache[...]).run(0x0)
	/home/mariell/work/oss/grafana/pkg/storage/unified/resource/broadcaster.go:291 +0xb0
created by github.com/grafana/grafana/pkg/storage/unified/resource.newChannelCache[...] in goroutine 14683
	/home/mariell/work/oss/grafana/pkg/storage/unified/resource/broadcaster.go:276 +0x189

goroutine 14853 [sync.Cond.Wait]:
sync.runtime_notifyListWait(0xc00cfe9cd0, 0x9)
	/usr/lib/go/src/runtime/sema.go:597 +0x159
sync.(*Cond).Wait(0x0?)
	/usr/lib/go/src/sync/cond.go:71 +0x85
github.com/centrifugal/centrifuge/internal/dissolve.(*queueImpl).Wait(0xc00c22f1f0)
	/home/mariell/go/pkg/mod/github.com/centrifugal/centrifuge@v0.33.3/internal/dissolve/queue.go:139 +0x4a
github.com/centrifugal/centrifuge/internal/dissolve.(*Dissolver).runWorker(0xc0034e9ed8)
	/home/mariell/go/pkg/mod/github.com/centrifugal/centrifuge@v0.33.3/internal/dissolve/dissolve.go:52 +0x27
created by github.com/centrifugal/centrifuge/internal/dissolve.(*Dissolver).Run in goroutine 13738
	/home/mariell/go/pkg/mod/github.com/centrifugal/centrifuge@v0.33.3/internal/dissolve/dissolve.go:31 +0x25

goroutine 15198 [chan receive]:
github.com/grafana/grafana/pkg/storage/unified/resource.(*server).initWatcher.func1.1()
	/home/mariell/work/oss/grafana/pkg/storage/unified/resource/server.go:922 +0x58
created by github.com/grafana/grafana/pkg/storage/unified/resource.(*server).initWatcher.func1 in goroutine 14683
	/home/mariell/work/oss/grafana/pkg/storage/unified/resource/server.go:921 +0xaa

goroutine 16413 [sync.Cond.Wait]:
sync.runtime_notifyListWait(0xc00ef66e50, 0x12)
	/usr/lib/go/src/runtime/sema.go:597 +0x159
sync.(*Cond).Wait(0x0?)
	/usr/lib/go/src/sync/cond.go:71 +0x85
github.com/centrifugal/centrifuge/internal/dissolve.(*queueImpl).Wait(0xc00ef76a10)
	/home/mariell/go/pkg/mod/github.com/centrifugal/centrifuge@v0.33.3/internal/dissolve/queue.go:139 +0x4a
github.com/centrifugal/centrifuge/internal/dissolve.(*Dissolver).runWorker(0xc003466078)
	/home/mariell/go/pkg/mod/github.com/centrifugal/centrifuge@v0.33.3/internal/dissolve/dissolve.go:52 +0x27
created by github.com/centrifugal/centrifuge/internal/dissolve.(*Dissolver).Run in goroutine 12335
	/home/mariell/go/pkg/mod/github.com/centrifugal/centrifuge@v0.33.3/internal/dissolve/dissolve.go:31 +0x25

goroutine 14879 [sync.Cond.Wait]:
sync.runtime_notifyListWait(0xc00cfe9cd0, 0x20)
	/usr/lib/go/src/runtime/sema.go:597 +0x159
sync.(*Cond).Wait(0xc0096effd0?)
	/usr/lib/go/src/sync/cond.go:71 +0x85
github.com/centrifugal/centrifuge/internal/dissolve.(*queueImpl).Wait(0xc00c22f1f0)
	/home/mariell/go/pkg/mod/github.com/centrifugal/centrifuge@v0.33.3/internal/dissolve/queue.go:139 +0x4a
github.com/centrifugal/centrifuge/internal/dissolve.(*Dissolver).runWorker(0xc0034e9ed8)
	/home/mariell/go/pkg/mod/github.com/centrifugal/centrifuge@v0.33.3/internal/dissolve/dissolve.go:52 +0x27
created by github.com/centrifugal/centrifuge/internal/dissolve.(*Dissolver).Run in goroutine 13738
	/home/mariell/go/pkg/mod/github.com/centrifugal/centrifuge@v0.33.3/internal/dissolve/dissolve.go:31 +0x25

goroutine 16425 [sync.Cond.Wait]:
sync.runtime_notifyListWait(0xc00ef66e50, 0x1e)
	/usr/lib/go/src/runtime/sema.go:597 +0x159
sync.(*Cond).Wait(0x0?)
	/usr/lib/go/src/sync/cond.go:71 +0x85
github.com/centrifugal/centrifuge/internal/dissolve.(*queueImpl).Wait(0xc00ef76a10)
	/home/mariell/go/pkg/mod/github.com/centrifugal/centrifuge@v0.33.3/internal/dissolve/queue.go:139 +0x4a
github.com/centrifugal/centrifuge/internal/dissolve.(*Dissolver).runWorker(0xc003466078)
	/home/mariell/go/pkg/mod/github.com/centrifugal/centrifuge@v0.33.3/internal/dissolve/dissolve.go:52 +0x27
created by github.com/centrifugal/centrifuge/internal/dissolve.(*Dissolver).Run in goroutine 12335
	/home/mariell/go/pkg/mod/github.com/centrifugal/centrifuge@v0.33.3/internal/dissolve/dissolve.go:31 +0x25

goroutine 16349 [sync.Cond.Wait]:
sync.runtime_notifyListWait(0xc00ef66e50, 0x2)
	/usr/lib/go/src/runtime/sema.go:597 +0x159
sync.(*Cond).Wait(0x0?)
	/usr/lib/go/src/sync/cond.go:71 +0x85
github.com/centrifugal/centrifuge/internal/dissolve.(*queueImpl).Wait(0xc00ef76a10)
	/home/mariell/go/pkg/mod/github.com/centrifugal/centrifuge@v0.33.3/internal/dissolve/queue.go:139 +0x4a
github.com/centrifugal/centrifuge/internal/dissolve.(*Dissolver).runWorker(0xc003466078)
	/home/mariell/go/pkg/mod/github.com/centrifugal/centrifuge@v0.33.3/internal/dissolve/dissolve.go:52 +0x27
created by github.com/centrifugal/centrifuge/internal/dissolve.(*Dissolver).Run in goroutine 12335
	/home/mariell/go/pkg/mod/github.com/centrifugal/centrifuge@v0.33.3/internal/dissolve/dissolve.go:31 +0x25

goroutine 20217 [select]:
github.com/grafana/grafana/pkg/storage/unified/resource.(*broadcaster[...]).stream(0xab113a0, 0xc007abee70)
	/home/mariell/work/oss/grafana/pkg/storage/unified/resource/broadcaster.go:205 +0x13d
created by github.com/grafana/grafana/pkg/storage/unified/resource.(*broadcaster[...]).init in goroutine 19261
	/home/mariell/work/oss/grafana/pkg/storage/unified/resource/broadcaster.go:177 +0x219

goroutine 14798 [select]:
github.com/patrickmn/go-cache.(*janitor).Run(0xc00d179040, 0xc00d121d80)
	/home/mariell/go/pkg/mod/github.com/patrickmn/go-cache@v2.1.0+incompatible/cache.go:1079 +0x7b
created by github.com/patrickmn/go-cache.runJanitor in goroutine 13738
	/home/mariell/go/pkg/mod/github.com/patrickmn/go-cache@v2.1.0+incompatible/cache.go:1099 +0xdb

goroutine 16404 [sync.Cond.Wait]:
sync.runtime_notifyListWait(0xc00ef66e50, 0x9)
	/usr/lib/go/src/runtime/sema.go:597 +0x159
sync.(*Cond).Wait(0x0?)
	/usr/lib/go/src/sync/cond.go:71 +0x85
github.com/centrifugal/centrifuge/internal/dissolve.(*queueImpl).Wait(0xc00ef76a10)
	/home/mariell/go/pkg/mod/github.com/centrifugal/centrifuge@v0.33.3/internal/dissolve/queue.go:139 +0x4a
github.com/centrifugal/centrifuge/internal/dissolve.(*Dissolver).runWorker(0xc003466078)
	/home/mariell/go/pkg/mod/github.com/centrifugal/centrifuge@v0.33.3/internal/dissolve/dissolve.go:52 +0x27
created by github.com/centrifugal/centrifuge/internal/dissolve.(*Dissolver).Run in goroutine 12335
	/home/mariell/go/pkg/mod/github.com/centrifugal/centrifuge@v0.33.3/internal/dissolve/dissolve.go:31 +0x25

goroutine 16276 [chan receive]:
github.com/grafana/grafana/pkg/storage/unified/sql.(*channelNotifier).notify.func1()
	/home/mariell/work/oss/grafana/pkg/storage/unified/sql/notifier.go:87 +0x39
created by github.com/grafana/grafana/pkg/storage/unified/sql.(*channelNotifier).notify in goroutine 12335
	/home/mariell/work/oss/grafana/pkg/storage/unified/sql/notifier.go:86 +0xdb

goroutine 40796 [select]:
database/sql.(*DB).connectionCleaner(0xc004b60680, 0xc018681ce0?)
	/usr/lib/go/src/database/sql/sql.go:1104 +0x9c
created by database/sql.(*DB).startCleanerLocked in goroutine 40816
	/usr/lib/go/src/database/sql/sql.go:1091 +0x105

goroutine 14850 [sync.Cond.Wait]:
sync.runtime_notifyListWait(0xc00cfe9cd0, 0x6)
	/usr/lib/go/src/runtime/sema.go:597 +0x159
sync.(*Cond).Wait(0x0?)
	/usr/lib/go/src/sync/cond.go:71 +0x85
github.com/centrifugal/centrifuge/internal/dissolve.(*queueImpl).Wait(0xc00c22f1f0)
	/home/mariell/go/pkg/mod/github.com/centrifugal/centrifuge@v0.33.3/internal/dissolve/queue.go:139 +0x4a
github.com/centrifugal/centrifuge/internal/dissolve.(*Dissolver).runWorker(0xc0034e9ed8)
	/home/mariell/go/pkg/mod/github.com/centrifugal/centrifuge@v0.33.3/internal/dissolve/dissolve.go:52 +0x27
created by github.com/centrifugal/centrifuge/internal/dissolve.(*Dissolver).Run in goroutine 13738
	/home/mariell/go/pkg/mod/github.com/centrifugal/centrifuge@v0.33.3/internal/dissolve/dissolve.go:31 +0x25

goroutine 45186 [sync.Cond.Wait]:
sync.runtime_notifyListWait(0xc026bf9c10, 0x2f)
	/usr/lib/go/src/runtime/sema.go:597 +0x159
sync.(*Cond).Wait(0x0?)
	/usr/lib/go/src/sync/cond.go:71 +0x85
github.com/centrifugal/centrifuge/internal/dissolve.(*queueImpl).Wait(0xc026c14c40)
	/home/mariell/go/pkg/mod/github.com/centrifugal/centrifuge@v0.33.3/internal/dissolve/queue.go:139 +0x4a
github.com/centrifugal/centrifuge/internal/dissolve.(*Dissolver).runWorker(0xc026b0b128)
	/home/mariell/go/pkg/mod/github.com/centrifugal/centrifuge@v0.33.3/internal/dissolve/dissolve.go:52 +0x27
created by github.com/centrifugal/centrifuge/internal/dissolve.(*Dissolver).Run in goroutine 44067
	/home/mariell/go/pkg/mod/github.com/centrifugal/centrifuge@v0.33.3/internal/dissolve/dissolve.go:31 +0x25

goroutine 48236 [sync.Cond.Wait]:
sync.runtime_notifyListWait(0xc01fca58d0, 0x20)
	/usr/lib/go/src/runtime/sema.go:597 +0x159
sync.(*Cond).Wait(0x0?)
	/usr/lib/go/src/sync/cond.go:71 +0x85
github.com/centrifugal/centrifuge/internal/dissolve.(*queueImpl).Wait(0xc020dbf5e0)
	/home/mariell/go/pkg/mod/github.com/centrifugal/centrifuge@v0.33.3/internal/dissolve/queue.go:139 +0x4a
github.com/centrifugal/centrifuge/internal/dissolve.(*Dissolver).runWorker(0xc0271f1da0)
	/home/mariell/go/pkg/mod/github.com/centrifugal/centrifuge@v0.33.3/internal/dissolve/dissolve.go:52 +0x27
created by github.com/centrifugal/centrifuge/internal/dissolve.(*Dissolver).Run in goroutine 47137
	/home/mariell/go/pkg/mod/github.com/centrifugal/centrifuge@v0.33.3/internal/dissolve/dissolve.go:31 +0x25

goroutine 40541 [sync.Cond.Wait]:
sync.runtime_notifyListWait(0xc0228a0b10, 0x5)
	/usr/lib/go/src/runtime/sema.go:597 +0x159
sync.(*Cond).Wait(0xc0096f5fd0?)
	/usr/lib/go/src/sync/cond.go:71 +0x85
github.com/centrifugal/centrifuge/internal/dissolve.(*queueImpl).Wait(0xc0228cc690)
	/home/mariell/go/pkg/mod/github.com/centrifugal/centrifuge@v0.33.3/internal/dissolve/queue.go:139 +0x4a
github.com/centrifugal/centrifuge/internal/dissolve.(*Dissolver).runWorker(0xc015fedd58)
	/home/mariell/go/pkg/mod/github.com/centrifugal/centrifuge@v0.33.3/internal/dissolve/dissolve.go:52 +0x27
created by github.com/centrifugal/centrifuge/internal/dissolve.(*Dissolver).Run in goroutine 36287
	/home/mariell/go/pkg/mod/github.com/centrifugal/centrifuge@v0.33.3/internal/dissolve/dissolve.go:31 +0x25

goroutine 15197 [chan receive]:
github.com/grafana/grafana/pkg/registry/apis/dashboard/legacy.(*dashboardSqlAccess).WatchWriteEvents.func1()
	/home/mariell/work/oss/grafana/pkg/registry/apis/dashboard/legacy/storage.go:238 +0x50
created by github.com/grafana/grafana/pkg/registry/apis/dashboard/legacy.(*dashboardSqlAccess).WatchWriteEvents in goroutine 14683
	/home/mariell/work/oss/grafana/pkg/registry/apis/dashboard/legacy/storage.go:236 +0x1b6

goroutine 18301 [select]:
database/sql.(*DB).connectionCleaner(0xc01013f6c0, 0xc010162e00?)
	/usr/lib/go/src/database/sql/sql.go:1104 +0x9c
created by database/sql.(*DB).startCleanerLocked in goroutine 17793
	/usr/lib/go/src/database/sql/sql.go:1091 +0x105

goroutine 14876 [sync.Cond.Wait]:
sync.runtime_notifyListWait(0xc00cfe9cd0, 0x1d)
	/usr/lib/go/src/runtime/sema.go:597 +0x159
sync.(*Cond).Wait(0xc0096f6fd0?)
	/usr/lib/go/src/sync/cond.go:71 +0x85
github.com/centrifugal/centrifuge/internal/dissolve.(*queueImpl).Wait(0xc00c22f1f0)
	/home/mariell/go/pkg/mod/github.com/centrifugal/centrifuge@v0.33.3/internal/dissolve/queue.go:139 +0x4a
github.com/centrifugal/centrifuge/internal/dissolve.(*Dissolver).runWorker(0xc0034e9ed8)
	/home/mariell/go/pkg/mod/github.com/centrifugal/centrifuge@v0.33.3/internal/dissolve/dissolve.go:52 +0x27
created by github.com/centrifugal/centrifuge/internal/dissolve.(*Dissolver).Run in goroutine 13738
	/home/mariell/go/pkg/mod/github.com/centrifugal/centrifuge@v0.33.3/internal/dissolve/dissolve.go:31 +0x25

goroutine 14869 [sync.Cond.Wait]:
sync.runtime_notifyListWait(0xc00cfe9cd0, 0x15)
	/usr/lib/go/src/runtime/sema.go:597 +0x159
sync.(*Cond).Wait(0x0?)
	/usr/lib/go/src/sync/cond.go:71 +0x85
github.com/centrifugal/centrifuge/internal/dissolve.(*queueImpl).Wait(0xc00c22f1f0)
	/home/mariell/go/pkg/mod/github.com/centrifugal/centrifuge@v0.33.3/internal/dissolve/queue.go:139 +0x4a
github.com/centrifugal/centrifuge/internal/dissolve.(*Dissolver).runWorker(0xc0034e9ed8)
	/home/mariell/go/pkg/mod/github.com/centrifugal/centrifuge@v0.33.3/internal/dissolve/dissolve.go:52 +0x27
created by github.com/centrifugal/centrifuge/internal/dissolve.(*Dissolver).Run in goroutine 13738
	/home/mariell/go/pkg/mod/github.com/centrifugal/centrifuge@v0.33.3/internal/dissolve/dissolve.go:31 +0x25

goroutine 16420 [sync.Cond.Wait]:
sync.runtime_notifyListWait(0xc00ef66e50, 0x19)
	/usr/lib/go/src/runtime/sema.go:597 +0x159
sync.(*Cond).Wait(0x0?)
	/usr/lib/go/src/sync/cond.go:71 +0x85
github.com/centrifugal/centrifuge/internal/dissolve.(*queueImpl).Wait(0xc00ef76a10)
	/home/mariell/go/pkg/mod/github.com/centrifugal/centrifuge@v0.33.3/internal/dissolve/queue.go:139 +0x4a
github.com/centrifugal/centrifuge/internal/dissolve.(*Dissolver).runWorker(0xc003466078)
	/home/mariell/go/pkg/mod/github.com/centrifugal/centrifuge@v0.33.3/internal/dissolve/dissolve.go:52 +0x27
created by github.com/centrifugal/centrifuge/internal/dissolve.(*Dissolver).Run in goroutine 12335
	/home/mariell/go/pkg/mod/github.com/centrifugal/centrifuge@v0.33.3/internal/dissolve/dissolve.go:31 +0x25

goroutine 14862 [sync.Cond.Wait]:
sync.runtime_notifyListWait(0xc00cfe9cd0, 0x12)
	/usr/lib/go/src/runtime/sema.go:597 +0x159
sync.(*Cond).Wait(0x0?)
	/usr/lib/go/src/sync/cond.go:71 +0x85
github.com/centrifugal/centrifuge/internal/dissolve.(*queueImpl).Wait(0xc00c22f1f0)
	/home/mariell/go/pkg/mod/github.com/centrifugal/centrifuge@v0.33.3/internal/dissolve/queue.go:139 +0x4a
github.com/centrifugal/centrifuge/internal/dissolve.(*Dissolver).runWorker(0xc0034e9ed8)
	/home/mariell/go/pkg/mod/github.com/centrifugal/centrifuge@v0.33.3/internal/dissolve/dissolve.go:52 +0x27
created by github.com/centrifugal/centrifuge/internal/dissolve.(*Dissolver).Run in goroutine 13738
	/home/mariell/go/pkg/mod/github.com/centrifugal/centrifuge@v0.33.3/internal/dissolve/dissolve.go:31 +0x25

goroutine 14874 [sync.Cond.Wait]:
sync.runtime_notifyListWait(0xc00cfe9cd0, 0x3e)
	/usr/lib/go/src/runtime/sema.go:597 +0x159
sync.(*Cond).Wait(0x0?)
	/usr/lib/go/src/sync/cond.go:71 +0x85
github.com/centrifugal/centrifuge/internal/dissolve.(*queueImpl).Wait(0xc00c22f1f0)
	/home/mariell/go/pkg/mod/github.com/centrifugal/centrifuge@v0.33.3/internal/dissolve/queue.go:139 +0x4a
github.com/centrifugal/centrifuge/internal/dissolve.(*Dissolver).runWorker(0xc0034e9ed8)
	/home/mariell/go/pkg/mod/github.com/centrifugal/centrifuge@v0.33.3/internal/dissolve/dissolve.go:52 +0x27
created by github.com/centrifugal/centrifuge/internal/dissolve.(*Dissolver).Run in goroutine 13738
	/home/mariell/go/pkg/mod/github.com/centrifugal/centrifuge@v0.33.3/internal/dissolve/dissolve.go:31 +0x25

goroutine 14852 [sync.Cond.Wait]:
sync.runtime_notifyListWait(0xc00cfe9cd0, 0x8)
	/usr/lib/go/src/runtime/sema.go:597 +0x159
sync.(*Cond).Wait(0xc0096f97d0?)
	/usr/lib/go/src/sync/cond.go:71 +0x85
github.com/centrifugal/centrifuge/internal/dissolve.(*queueImpl).Wait(0xc00c22f1f0)
	/home/mariell/go/pkg/mod/github.com/centrifugal/centrifuge@v0.33.3/internal/dissolve/queue.go:139 +0x4a
github.com/centrifugal/centrifuge/internal/dissolve.(*Dissolver).runWorker(0xc0034e9ed8)
	/home/mariell/go/pkg/mod/github.com/centrifugal/centrifuge@v0.33.3/internal/dissolve/dissolve.go:52 +0x27
created by github.com/centrifugal/centrifuge/internal/dissolve.(*Dissolver).Run in goroutine 13738
	/home/mariell/go/pkg/mod/github.com/centrifugal/centrifuge@v0.33.3/internal/dissolve/dissolve.go:31 +0x25

goroutine 16423 [sync.Cond.Wait]:
sync.runtime_notifyListWait(0xc00ef66e50, 0x1c)
	/usr/lib/go/src/runtime/sema.go:597 +0x159
sync.(*Cond).Wait(0xc009701fd0?)
	/usr/lib/go/src/sync/cond.go:71 +0x85
github.com/centrifugal/centrifuge/internal/dissolve.(*queueImpl).Wait(0xc00ef76a10)
	/home/mariell/go/pkg/mod/github.com/centrifugal/centrifuge@v0.33.3/internal/dissolve/queue.go:139 +0x4a
github.com/centrifugal/centrifuge/internal/dissolve.(*Dissolver).runWorker(0xc003466078)
	/home/mariell/go/pkg/mod/github.com/centrifugal/centrifuge@v0.33.3/internal/dissolve/dissolve.go:52 +0x27
created by github.com/centrifugal/centrifuge/internal/dissolve.(*Dissolver).Run in goroutine 12335
	/home/mariell/go/pkg/mod/github.com/centrifugal/centrifuge@v0.33.3/internal/dissolve/dissolve.go:31 +0x25

goroutine 14860 [sync.Cond.Wait]:
sync.runtime_notifyListWait(0xc00cfe9cd0, 0x10)
	/usr/lib/go/src/runtime/sema.go:597 +0x159
sync.(*Cond).Wait(0x0?)
	/usr/lib/go/src/sync/cond.go:71 +0x85
github.com/centrifugal/centrifuge/internal/dissolve.(*queueImpl).Wait(0xc00c22f1f0)
	/home/mariell/go/pkg/mod/github.com/centrifugal/centrifuge@v0.33.3/internal/dissolve/queue.go:139 +0x4a
github.com/centrifugal/centrifuge/internal/dissolve.(*Dissolver).runWorker(0xc0034e9ed8)
	/home/mariell/go/pkg/mod/github.com/centrifugal/centrifuge@v0.33.3/internal/dissolve/dissolve.go:52 +0x27
created by github.com/centrifugal/centrifuge/internal/dissolve.(*Dissolver).Run in goroutine 13738
	/home/mariell/go/pkg/mod/github.com/centrifugal/centrifuge@v0.33.3/internal/dissolve/dissolve.go:31 +0x25

goroutine 15285 [select]:
k8s.io/apimachinery/pkg/util/wait.BackoffUntil(0xc00dfe5280, {0xa95ac00, 0xc00dd0b2c0}, 0x1, 0xc00dec4fc0)
	/home/mariell/go/pkg/mod/k8s.io/apimachinery@v0.32.1/pkg/util/wait/backoff.go:238 +0x12c
k8s.io/apimachinery/pkg/util/wait.JitterUntil(0xc00dfe5280, 0x3b9aca00, 0x3ff3333333333333, 0x1, 0xc00dec4fc0)
	/home/mariell/go/pkg/mod/k8s.io/apimachinery@v0.32.1/pkg/util/wait/backoff.go:204 +0x7f
created by k8s.io/apiserver/pkg/registry/generic/registry.(*Store).startObservingCount in goroutine 14683
	/home/mariell/go/pkg/mod/k8s.io/apiserver@v0.32.1/pkg/registry/generic/registry/store.go:1666 +0x2f9

goroutine 14878 [sync.Cond.Wait]:
sync.runtime_notifyListWait(0xc00cfe9cd0, 0x1f)
	/usr/lib/go/src/runtime/sema.go:597 +0x159
sync.(*Cond).Wait(0xc0097037d0?)
	/usr/lib/go/src/sync/cond.go:71 +0x85
github.com/centrifugal/centrifuge/internal/dissolve.(*queueImpl).Wait(0xc00c22f1f0)
	/home/mariell/go/pkg/mod/github.com/centrifugal/centrifuge@v0.33.3/internal/dissolve/queue.go:139 +0x4a
github.com/centrifugal/centrifuge/internal/dissolve.(*Dissolver).runWorker(0xc0034e9ed8)
	/home/mariell/go/pkg/mod/github.com/centrifugal/centrifuge@v0.33.3/internal/dissolve/dissolve.go:52 +0x27
created by github.com/centrifugal/centrifuge/internal/dissolve.(*Dissolver).Run in goroutine 13738
	/home/mariell/go/pkg/mod/github.com/centrifugal/centrifuge@v0.33.3/internal/dissolve/dissolve.go:31 +0x25

goroutine 39024 [sync.Cond.Wait]:
sync.runtime_notifyListWait(0xc01fe50bd0, 0x12)
	/usr/lib/go/src/runtime/sema.go:597 +0x159
sync.(*Cond).Wait(0x0?)
	/usr/lib/go/src/sync/cond.go:71 +0x85
github.com/centrifugal/centrifuge/internal/dissolve.(*queueImpl).Wait(0xc00bf5ccb0)
	/home/mariell/go/pkg/mod/github.com/centrifugal/centrifuge@v0.33.3/internal/dissolve/queue.go:139 +0x4a
github.com/centrifugal/centrifuge/internal/dissolve.(*Dissolver).runWorker(0xc017ecc900)
	/home/mariell/go/pkg/mod/github.com/centrifugal/centrifuge@v0.33.3/internal/dissolve/dissolve.go:52 +0x27
created by github.com/centrifugal/centrifuge/internal/dissolve.(*Dissolver).Run in goroutine 37971
	/home/mariell/go/pkg/mod/github.com/centrifugal/centrifuge@v0.33.3/internal/dissolve/dissolve.go:31 +0x25

goroutine 43624 [sync.Cond.Wait]:
sync.runtime_notifyListWait(0xc00d19c890, 0xf)
	/usr/lib/go/src/runtime/sema.go:597 +0x159
sync.(*Cond).Wait(0x0?)
	/usr/lib/go/src/sync/cond.go:71 +0x85
github.com/centrifugal/centrifuge/internal/dissolve.(*queueImpl).Wait(0xc015e6a930)
	/home/mariell/go/pkg/mod/github.com/centrifugal/centrifuge@v0.33.3/internal/dissolve/queue.go:139 +0x4a
github.com/centrifugal/centrifuge/internal/dissolve.(*Dissolver).runWorker(0xc0132189d8)
	/home/mariell/go/pkg/mod/github.com/centrifugal/centrifuge@v0.33.3/internal/dissolve/dissolve.go:52 +0x27
created by github.com/centrifugal/centrifuge/internal/dissolve.(*Dissolver).Run in goroutine 42495
	/home/mariell/go/pkg/mod/github.com/centrifugal/centrifuge@v0.33.3/internal/dissolve/dissolve.go:31 +0x25

goroutine 20222 [select]:
k8s.io/apimachinery/pkg/util/wait.BackoffUntil(0xc004047780, {0xa95ac00, 0xc008c1f140}, 0x1, 0xc009436a80)
	/home/mariell/go/pkg/mod/k8s.io/apimachinery@v0.32.1/pkg/util/wait/backoff.go:238 +0x12c
k8s.io/apimachinery/pkg/util/wait.JitterUntil(0xc004047780, 0x3b9aca00, 0x3ff3333333333333, 0x1, 0xc009436a80)
	/home/mariell/go/pkg/mod/k8s.io/apimachinery@v0.32.1/pkg/util/wait/backoff.go:204 +0x7f
created by k8s.io/apiserver/pkg/registry/generic/registry.(*Store).startObservingCount in goroutine 19261
	/home/mariell/go/pkg/mod/k8s.io/apiserver@v0.32.1/pkg/registry/generic/registry/store.go:1666 +0x2f9

goroutine 14871 [sync.Cond.Wait]:
sync.runtime_notifyListWait(0xc00cfe9cd0, 0x19)
	/usr/lib/go/src/runtime/sema.go:597 +0x159
sync.(*Cond).Wait(0xc0097067d0?)
	/usr/lib/go/src/sync/cond.go:71 +0x85
github.com/centrifugal/centrifuge/internal/dissolve.(*queueImpl).Wait(0xc00c22f1f0)
	/home/mariell/go/pkg/mod/github.com/centrifugal/centrifuge@v0.33.3/internal/dissolve/queue.go:139 +0x4a
github.com/centrifugal/centrifuge/internal/dissolve.(*Dissolver).runWorker(0xc0034e9ed8)
	/home/mariell/go/pkg/mod/github.com/centrifugal/centrifuge@v0.33.3/internal/dissolve/dissolve.go:52 +0x27
created by github.com/centrifugal/centrifuge/internal/dissolve.(*Dissolver).Run in goroutine 13738
	/home/mariell/go/pkg/mod/github.com/centrifugal/centrifuge@v0.33.3/internal/dissolve/dissolve.go:31 +0x25

goroutine 17876 [select]:
github.com/centrifugal/centrifuge.(*historyHub).expireStreams(0xc009604000)
	/home/mariell/go/pkg/mod/github.com/centrifugal/centrifuge@v0.33.3/broker_memory.go:298 +0x75
created by github.com/centrifugal/centrifuge.(*historyHub).runCleanups in goroutine 13128
	/home/mariell/go/pkg/mod/github.com/centrifugal/centrifuge@v0.33.3/broker_memory.go:252 +0x56

goroutine 48616 [select]:
net/http.(*persistConn).writeLoop(0xc025146a20)
	/usr/lib/go/src/net/http/transport.go:2590 +0xe7
created by net/http.(*Transport).dialConn in goroutine 48475
	/usr/lib/go/src/net/http/transport.go:1945 +0x17a5

goroutine 38863 [select]:
net/http.(*persistConn).writeLoop(0xc023912d80)
	/usr/lib/go/src/net/http/transport.go:2590 +0xe7
created by net/http.(*Transport).dialConn in goroutine 40947
	/usr/lib/go/src/net/http/transport.go:1945 +0x17a5

goroutine 42067 [sync.Cond.Wait]:
sync.runtime_notifyListWait(0xc01bc03e10, 0x0)
	/usr/lib/go/src/runtime/sema.go:597 +0x159
sync.(*Cond).Wait(0xc00d5ef7d0?)
	/usr/lib/go/src/sync/cond.go:71 +0x85
github.com/centrifugal/centrifuge/internal/dissolve.(*queueImpl).Wait(0xc01e10aa10)
	/home/mariell/go/pkg/mod/github.com/centrifugal/centrifuge@v0.33.3/internal/dissolve/queue.go:139 +0x4a
github.com/centrifugal/centrifuge/internal/dissolve.(*Dissolver).runWorker(0xc0122187e0)
	/home/mariell/go/pkg/mod/github.com/centrifugal/centrifuge@v0.33.3/internal/dissolve/dissolve.go:52 +0x27
created by github.com/centrifugal/centrifuge/internal/dissolve.(*Dissolver).Run in goroutine 40816
	/home/mariell/go/pkg/mod/github.com/centrifugal/centrifuge@v0.33.3/internal/dissolve/dissolve.go:31 +0x25

goroutine 24036 [sync.Cond.Wait]:
sync.runtime_notifyListWait(0xc0142c1350, 0x23)
	/usr/lib/go/src/runtime/sema.go:597 +0x159
sync.(*Cond).Wait(0x0?)
	/usr/lib/go/src/sync/cond.go:71 +0x85
github.com/centrifugal/centrifuge/internal/dissolve.(*queueImpl).Wait(0xc012834b60)
	/home/mariell/go/pkg/mod/github.com/centrifugal/centrifuge@v0.33.3/internal/dissolve/queue.go:139 +0x4a
github.com/centrifugal/centrifuge/internal/dissolve.(*Dissolver).runWorker(0xc010117b90)
	/home/mariell/go/pkg/mod/github.com/centrifugal/centrifuge@v0.33.3/internal/dissolve/dissolve.go:52 +0x27
created by github.com/centrifugal/centrifuge/internal/dissolve.(*Dissolver).Run in goroutine 22319
	/home/mariell/go/pkg/mod/github.com/centrifugal/centrifuge@v0.33.3/internal/dissolve/dissolve.go:31 +0x25

goroutine 39435 [select]:
k8s.io/apimachinery/pkg/util/wait.BackoffUntil(0xc008215980, {0xa95ac00, 0xc016085ef0}, 0x1, 0xc00f640bd0)
	/home/mariell/go/pkg/mod/k8s.io/apimachinery@v0.32.1/pkg/util/wait/backoff.go:238 +0x12c
k8s.io/apimachinery/pkg/util/wait.JitterUntil(0xc008215980, 0x3b9aca00, 0x3ff3333333333333, 0x1, 0xc00f640bd0)
	/home/mariell/go/pkg/mod/k8s.io/apimachinery@v0.32.1/pkg/util/wait/backoff.go:204 +0x7f
created by k8s.io/apiserver/pkg/registry/generic/registry.(*Store).startObservingCount in goroutine 37964
	/home/mariell/go/pkg/mod/k8s.io/apiserver@v0.32.1/pkg/registry/generic/registry/store.go:1666 +0x2f9

goroutine 14859 [sync.Cond.Wait]:
sync.runtime_notifyListWait(0xc00cfe9cd0, 0xf)
	/usr/lib/go/src/runtime/sema.go:597 +0x159
sync.(*Cond).Wait(0x0?)
	/usr/lib/go/src/sync/cond.go:71 +0x85
github.com/centrifugal/centrifuge/internal/dissolve.(*queueImpl).Wait(0xc00c22f1f0)
	/home/mariell/go/pkg/mod/github.com/centrifugal/centrifuge@v0.33.3/internal/dissolve/queue.go:139 +0x4a
github.com/centrifugal/centrifuge/internal/dissolve.(*Dissolver).runWorker(0xc0034e9ed8)
	/home/mariell/go/pkg/mod/github.com/centrifugal/centrifuge@v0.33.3/internal/dissolve/dissolve.go:52 +0x27
created by github.com/centrifugal/centrifuge/internal/dissolve.(*Dissolver).Run in goroutine 13738
	/home/mariell/go/pkg/mod/github.com/centrifugal/centrifuge@v0.33.3/internal/dissolve/dissolve.go:31 +0x25

goroutine 37955 [chan receive (nil chan)]:
k8s.io/apiserver/pkg/server.preparedGenericAPIServer.RunWithContext.func5()
	/home/mariell/go/pkg/mod/k8s.io/apiserver@v0.32.1/pkg/server/genericapiserver.go:598 +0x37
created by k8s.io/apiserver/pkg/server.preparedGenericAPIServer.RunWithContext in goroutine 37948
	/home/mariell/go/pkg/mod/k8s.io/apiserver@v0.32.1/pkg/server/genericapiserver.go:597 +0x60b

goroutine 22363 [select]:
github.com/grafana/grafana/pkg/storage/unified/resource.(*broadcaster[...]).stream(0xab113a0, 0xc00db10fc0)
	/home/mariell/work/oss/grafana/pkg/storage/unified/resource/broadcaster.go:205 +0x13d
created by github.com/grafana/grafana/pkg/storage/unified/resource.(*broadcaster[...]).init in goroutine 21352
	/home/mariell/work/oss/grafana/pkg/storage/unified/resource/broadcaster.go:177 +0x219

goroutine 39027 [sync.Cond.Wait]:
sync.runtime_notifyListWait(0xc01fe50bd0, 0x18)
	/usr/lib/go/src/runtime/sema.go:597 +0x159
sync.(*Cond).Wait(0x0?)
	/usr/lib/go/src/sync/cond.go:71 +0x85
github.com/centrifugal/centrifuge/internal/dissolve.(*queueImpl).Wait(0xc00bf5ccb0)
	/home/mariell/go/pkg/mod/github.com/centrifugal/centrifuge@v0.33.3/internal/dissolve/queue.go:139 +0x4a
github.com/centrifugal/centrifuge/internal/dissolve.(*Dissolver).runWorker(0xc017ecc900)
	/home/mariell/go/pkg/mod/github.com/centrifugal/centrifuge@v0.33.3/internal/dissolve/dissolve.go:52 +0x27
created by github.com/centrifugal/centrifuge/internal/dissolve.(*Dissolver).Run in goroutine 37971
	/home/mariell/go/pkg/mod/github.com/centrifugal/centrifuge@v0.33.3/internal/dissolve/dissolve.go:31 +0x25

goroutine 37893 [IO wait]:
internal/poll.runtime_pollWait(0x777559373f70, 0x72)
	/usr/lib/go/src/runtime/netpoll.go:351 +0x85
internal/poll.(*pollDesc).wait(0xc018787200?, 0xc01166f300?, 0x0)
	/usr/lib/go/src/internal/poll/fd_poll_runtime.go:84 +0x27
internal/poll.(*pollDesc).waitRead(...)
	/usr/lib/go/src/internal/poll/fd_poll_runtime.go:89
internal/poll.(*FD).Read(0xc018787200, {0xc01166f300, 0x1300, 0x1300})
	/usr/lib/go/src/internal/poll/fd_unix.go:165 +0x27a
net.(*netFD).Read(0xc018787200, {0xc01166f300?, 0x0?, 0x1c014016400?})
	/usr/lib/go/src/net/fd_posix.go:55 +0x25
net.(*conn).Read(0xc007e70000, {0xc01166f300?, 0x77755938af80?, 0x7775a8b28f30?})
	/usr/lib/go/src/net/net.go:194 +0x45
crypto/tls.(*atLeastReader).Read(0xc008ca54d0, {0xc01166f300?, 0x4247a5?, 0x0?})
	/usr/lib/go/src/crypto/tls/conn.go:809 +0x3b
bytes.(*Buffer).ReadFrom(0xc01898e2b8, {0xa94e300, 0xc008ca54d0})
	/usr/lib/go/src/bytes/buffer.go:211 +0x98
crypto/tls.(*Conn).readFromUntil(0xc01898e008, {0xa94dc00, 0xc007e70000}, 0x444af4?)
	/usr/lib/go/src/crypto/tls/conn.go:831 +0xde
crypto/tls.(*Conn).readRecordOrCCS(0xc01898e008, 0x0)
	/usr/lib/go/src/crypto/tls/conn.go:629 +0x3cf
crypto/tls.(*Conn).readRecord(...)
	/usr/lib/go/src/crypto/tls/conn.go:591
crypto/tls.(*Conn).Read(0xc01898e008, {0xc018525000, 0x1000, 0x7775a8b28f30?})
	/usr/lib/go/src/crypto/tls/conn.go:1385 +0x145
net/http.(*persistConn).Read(0xc00a3ac7e0, {0xc018525000?, 0x4141c5?, 0x68?})
	/usr/lib/go/src/net/http/transport.go:2122 +0x47
bufio.(*Reader).fill(0xc01bd83bc0)
	/usr/lib/go/src/bufio/bufio.go:113 +0x103
bufio.(*Reader).Peek(0xc01bd83bc0, 0x1)
	/usr/lib/go/src/bufio/bufio.go:152 +0x53
net/http.(*persistConn).readLoop(0xc00a3ac7e0)
	/usr/lib/go/src/net/http/transport.go:2275 +0x172
created by net/http.(*Transport).dialConn in goroutine 37420
	/usr/lib/go/src/net/http/transport.go:1944 +0x174f

goroutine 36455 [select]:
go.opentelemetry.io/otel/sdk/trace.(*batchSpanProcessor).processQueue(0xc01bb2d5e0)
	/home/mariell/go/pkg/mod/go.opentelemetry.io/otel/sdk@v1.34.0/trace/batch_span_processor.go:302 +0x114
go.opentelemetry.io/otel/sdk/trace.NewBatchSpanProcessor.func1()
	/home/mariell/go/pkg/mod/go.opentelemetry.io/otel/sdk@v1.34.0/trace/batch_span_processor.go:117 +0x4e
created by go.opentelemetry.io/otel/sdk/trace.NewBatchSpanProcessor in goroutine 36374
	/home/mariell/go/pkg/mod/go.opentelemetry.io/otel/sdk@v1.34.0/trace/batch_span_processor.go:115 +0x2d9

goroutine 40418 [chan receive]:
github.com/grafana/grafana/pkg/storage/unified/resource.(*server).initWatcher.func1.1()
	/home/mariell/work/oss/grafana/pkg/storage/unified/resource/server.go:922 +0x58
created by github.com/grafana/grafana/pkg/storage/unified/resource.(*server).initWatcher.func1 in goroutine 36287
	/home/mariell/work/oss/grafana/pkg/storage/unified/resource/server.go:921 +0xaa

goroutine 37945 [select]:
k8s.io/apimachinery/pkg/util/wait.BackoffUntil(0xc00ed050c0, {0xa95ac00, 0xc01dac0090}, 0x1, 0xc01f4dccb0)
	/home/mariell/go/pkg/mod/k8s.io/apimachinery@v0.32.1/pkg/util/wait/backoff.go:238 +0x12c
k8s.io/apimachinery/pkg/util/wait.JitterUntil(0xc00ed050c0, 0x3b9aca00, 0x3ff3333333333333, 0x1, 0xc01f4dccb0)
	/home/mariell/go/pkg/mod/k8s.io/apimachinery@v0.32.1/pkg/util/wait/backoff.go:204 +0x7f
created by k8s.io/apiserver/pkg/registry/generic/registry.(*Store).startObservingCount in goroutine 34907
	/home/mariell/go/pkg/mod/k8s.io/apiserver@v0.32.1/pkg/registry/generic/registry/store.go:1666 +0x2f9

goroutine 39026 [sync.Cond.Wait]:
sync.runtime_notifyListWait(0xc01fe50bd0, 0x16)
	/usr/lib/go/src/runtime/sema.go:597 +0x159
sync.(*Cond).Wait(0xc0022077d0?)
	/usr/lib/go/src/sync/cond.go:71 +0x85
github.com/centrifugal/centrifuge/internal/dissolve.(*queueImpl).Wait(0xc00bf5ccb0)
	/home/mariell/go/pkg/mod/github.com/centrifugal/centrifuge@v0.33.3/internal/dissolve/queue.go:139 +0x4a
github.com/centrifugal/centrifuge/internal/dissolve.(*Dissolver).runWorker(0xc017ecc900)
	/home/mariell/go/pkg/mod/github.com/centrifugal/centrifuge@v0.33.3/internal/dissolve/dissolve.go:52 +0x27
created by github.com/centrifugal/centrifuge/internal/dissolve.(*Dissolver).Run in goroutine 37971
	/home/mariell/go/pkg/mod/github.com/centrifugal/centrifuge@v0.33.3/internal/dissolve/dissolve.go:31 +0x25

goroutine 39010 [sync.Cond.Wait]:
sync.runtime_notifyListWait(0xc01fe50bd0, 0x5)
	/usr/lib/go/src/runtime/sema.go:597 +0x159
sync.(*Cond).Wait(0x0?)
	/usr/lib/go/src/sync/cond.go:71 +0x85
github.com/centrifugal/centrifuge/internal/dissolve.(*queueImpl).Wait(0xc00bf5ccb0)
	/home/mariell/go/pkg/mod/github.com/centrifugal/centrifuge@v0.33.3/internal/dissolve/queue.go:139 +0x4a
github.com/centrifugal/centrifuge/internal/dissolve.(*Dissolver).runWorker(0xc017ecc900)
	/home/mariell/go/pkg/mod/github.com/centrifugal/centrifuge@v0.33.3/internal/dissolve/dissolve.go:52 +0x27
created by github.com/centrifugal/centrifuge/internal/dissolve.(*Dissolver).Run in goroutine 37971
	/home/mariell/go/pkg/mod/github.com/centrifugal/centrifuge@v0.33.3/internal/dissolve/dissolve.go:31 +0x25

goroutine 39434 [select]:
k8s.io/apimachinery/pkg/util/wait.BackoffUntil(0xc0082156c0, {0xa95ac00, 0xc016085ec0}, 0x1, 0xc00f640b60)
	/home/mariell/go/pkg/mod/k8s.io/apimachinery@v0.32.1/pkg/util/wait/backoff.go:238 +0x12c
k8s.io/apimachinery/pkg/util/wait.JitterUntil(0xc0082156c0, 0x3b9aca00, 0x3ff3333333333333, 0x1, 0xc00f640b60)
	/home/mariell/go/pkg/mod/k8s.io/apimachinery@v0.32.1/pkg/util/wait/backoff.go:204 +0x7f
created by k8s.io/apiserver/pkg/registry/generic/registry.(*Store).startObservingCount in goroutine 37964
	/home/mariell/go/pkg/mod/k8s.io/apiserver@v0.32.1/pkg/registry/generic/registry/store.go:1666 +0x2f9

goroutine 16437 [sync.Cond.Wait]:
sync.runtime_notifyListWait(0xc00ef66e50, 0x2d)
	/usr/lib/go/src/runtime/sema.go:597 +0x159
sync.(*Cond).Wait(0x0?)
	/usr/lib/go/src/sync/cond.go:71 +0x85
github.com/centrifugal/centrifuge/internal/dissolve.(*queueImpl).Wait(0xc00ef76a10)
	/home/mariell/go/pkg/mod/github.com/centrifugal/centrifuge@v0.33.3/internal/dissolve/queue.go:139 +0x4a
github.com/centrifugal/centrifuge/internal/dissolve.(*Dissolver).runWorker(0xc003466078)
	/home/mariell/go/pkg/mod/github.com/centrifugal/centrifuge@v0.33.3/internal/dissolve/dissolve.go:52 +0x27
created by github.com/centrifugal/centrifuge/internal/dissolve.(*Dissolver).Run in goroutine 12335
	/home/mariell/go/pkg/mod/github.com/centrifugal/centrifuge@v0.33.3/internal/dissolve/dissolve.go:31 +0x25

goroutine 40591 [sync.Cond.Wait]:
sync.runtime_notifyListWait(0xc0228a0b10, 0x37)
	/usr/lib/go/src/runtime/sema.go:597 +0x159
sync.(*Cond).Wait(0x0?)
	/usr/lib/go/src/sync/cond.go:71 +0x85
github.com/centrifugal/centrifuge/internal/dissolve.(*queueImpl).Wait(0xc0228cc690)
	/home/mariell/go/pkg/mod/github.com/centrifugal/centrifuge@v0.33.3/internal/dissolve/queue.go:139 +0x4a
github.com/centrifugal/centrifuge/internal/dissolve.(*Dissolver).runWorker(0xc015fedd58)
	/home/mariell/go/pkg/mod/github.com/centrifugal/centrifuge@v0.33.3/internal/dissolve/dissolve.go:52 +0x27
created by github.com/centrifugal/centrifuge/internal/dissolve.(*Dissolver).Run in goroutine 36287
	/home/mariell/go/pkg/mod/github.com/centrifugal/centrifuge@v0.33.3/internal/dissolve/dissolve.go:31 +0x25

goroutine 16287 [select]:
github.com/patrickmn/go-cache.(*janitor).Run(0xc00ebb6dc0, 0xc00ed76800)
	/home/mariell/go/pkg/mod/github.com/patrickmn/go-cache@v2.1.0+incompatible/cache.go:1079 +0x7b
created by github.com/patrickmn/go-cache.runJanitor in goroutine 12335
	/home/mariell/go/pkg/mod/github.com/patrickmn/go-cache@v2.1.0+incompatible/cache.go:1099 +0xdb

goroutine 37977 [select]:
database/sql.(*DB).connectionCleaner(0xc01daea1a0, 0xc01daf3260?)
	/usr/lib/go/src/database/sql/sql.go:1104 +0x9c
created by database/sql.(*DB).startCleanerLocked in goroutine 37971
	/usr/lib/go/src/database/sql/sql.go:1091 +0x105

goroutine 14837 [select]:
github.com/FZambia/eagle.(*Eagle).aggregate(0xc00d4bc230)
	/home/mariell/go/pkg/mod/github.com/!f!zambia/eagle@v0.1.0/eagle.go:210 +0x6d
created by github.com/FZambia/eagle.New in goroutine 13738
	/home/mariell/go/pkg/mod/github.com/!f!zambia/eagle@v0.1.0/eagle.go:66 +0x176

goroutine 14841 [select]:
github.com/centrifugal/centrifuge.(*Node).initMetrics.func1()
	/home/mariell/go/pkg/mod/github.com/centrifugal/centrifuge@v0.33.3/node.go:365 +0x8a
created by github.com/centrifugal/centrifuge.(*Node).initMetrics in goroutine 13738
	/home/mariell/go/pkg/mod/github.com/centrifugal/centrifuge@v0.33.3/node.go:363 +0x1f9

goroutine 73980 [chan receive]:
github.com/grafana/grafana/pkg/storage/unified/resource.(*server).initWatcher.func1.1()
	/home/mariell/work/oss/grafana/pkg/storage/unified/resource/server.go:922 +0x58
created by github.com/grafana/grafana/pkg/storage/unified/resource.(*server).initWatcher.func1 in goroutine 4438
	/home/mariell/work/oss/grafana/pkg/storage/unified/resource/server.go:921 +0xaa

goroutine 17741 [select]:
github.com/patrickmn/go-cache.(*janitor).Run(0xc00d4b9830, 0xc00ce358c0)
	/home/mariell/go/pkg/mod/github.com/patrickmn/go-cache@v2.1.0+incompatible/cache.go:1079 +0x7b
created by github.com/patrickmn/go-cache.runJanitor in goroutine 13128
	/home/mariell/go/pkg/mod/github.com/patrickmn/go-cache@v2.1.0+incompatible/cache.go:1099 +0xdb

goroutine 15269 [IO wait]:
internal/poll.runtime_pollWait(0x777558f6a870, 0x72)
	/usr/lib/go/src/runtime/netpoll.go:351 +0x85
internal/poll.(*pollDesc).wait(0xc00b26d700?, 0xc00e044000?, 0x0)
	/usr/lib/go/src/internal/poll/fd_poll_runtime.go:84 +0x27
internal/poll.(*pollDesc).waitRead(...)
	/usr/lib/go/src/internal/poll/fd_poll_runtime.go:89
internal/poll.(*FD).Read(0xc00b26d700, {0xc00e044000, 0xa000, 0xa000})
	/usr/lib/go/src/internal/poll/fd_unix.go:165 +0x27a
net.(*netFD).Read(0xc00b26d700, {0xc00e044000?, 0xc00e044000?, 0x5?})
	/usr/lib/go/src/net/fd_posix.go:55 +0x25
net.(*conn).Read(0xc00d173b28, {0xc00e044000?, 0x77756068f8a8?, 0x7775a8b28108?})
	/usr/lib/go/src/net/net.go:194 +0x45
crypto/tls.(*atLeastReader).Read(0xc00004d260, {0xc00e044000?, 0x9ffb?, 0xc004eaa9c8?})
	/usr/lib/go/src/crypto/tls/conn.go:809 +0x3b
bytes.(*Buffer).ReadFrom(0xc00dca7438, {0xa94e300, 0xc00004d260})
	/usr/lib/go/src/bytes/buffer.go:211 +0x98
crypto/tls.(*Conn).readFromUntil(0xc00dca7188, {0xa94dc00, 0xc00d173b28}, 0x444af4?)
	/usr/lib/go/src/crypto/tls/conn.go:831 +0xde
crypto/tls.(*Conn).readRecordOrCCS(0xc00dca7188, 0x0)
	/usr/lib/go/src/crypto/tls/conn.go:629 +0x3cf
crypto/tls.(*Conn).readRecord(...)
	/usr/lib/go/src/crypto/tls/conn.go:591
crypto/tls.(*Conn).Read(0xc00dca7188, {0xc00e019000, 0x1000, 0xc00ddb2450?})
	/usr/lib/go/src/crypto/tls/conn.go:1385 +0x145
net/http.(*persistConn).Read(0xc005654a20, {0xc00e019000?, 0x81fe45?, 0xa94be80?})
	/usr/lib/go/src/net/http/transport.go:2122 +0x47
bufio.(*Reader).fill(0xc00e03c4e0)
	/usr/lib/go/src/bufio/bufio.go:113 +0x103
bufio.(*Reader).Peek(0xc00e03c4e0, 0x1)
	/usr/lib/go/src/bufio/bufio.go:152 +0x53
net/http.(*persistConn).readLoop(0xc005654a20)
	/usr/lib/go/src/net/http/transport.go:2275 +0x172
created by net/http.(*Transport).dialConn in goroutine 15258
	/usr/lib/go/src/net/http/transport.go:1944 +0x174f

goroutine 15219 [IO wait]:
internal/poll.runtime_pollWait(0x7775593b84a8, 0x72)
	/usr/lib/go/src/runtime/netpoll.go:351 +0x85
internal/poll.(*pollDesc).wait(0xc00db2c480?, 0xc00dc43300?, 0x0)
	/usr/lib/go/src/internal/poll/fd_poll_runtime.go:84 +0x27
internal/poll.(*pollDesc).waitRead(...)
	/usr/lib/go/src/internal/poll/fd_poll_runtime.go:89
internal/poll.(*FD).Read(0xc00db2c480, {0xc00dc43300, 0x1300, 0x1300})
	/usr/lib/go/src/internal/poll/fd_unix.go:165 +0x27a
net.(*netFD).Read(0xc00db2c480, {0xc00dc43300?, 0x5251a7?, 0x0?})
	/usr/lib/go/src/net/fd_posix.go:55 +0x25
net.(*conn).Read(0xc00cde0268, {0xc00dc43300?, 0x7775600b8f60?, 0x7775a8b2a6c8?})
	/usr/lib/go/src/net/net.go:194 +0x45
crypto/tls.(*atLeastReader).Read(0xc007750270, {0xc00dc43300?, 0xc006f709f0?, 0x528dc5?})
	/usr/lib/go/src/crypto/tls/conn.go:809 +0x3b
bytes.(*Buffer).ReadFrom(0xc00db34638, {0xa94e300, 0xc007750270})
	/usr/lib/go/src/bytes/buffer.go:211 +0x98
crypto/tls.(*Conn).readFromUntil(0xc00db34388, {0xa94dc00, 0xc00cde0268}, 0x444af4?)
	/usr/lib/go/src/crypto/tls/conn.go:831 +0xde
crypto/tls.(*Conn).readRecordOrCCS(0xc00db34388, 0x0)
	/usr/lib/go/src/crypto/tls/conn.go:629 +0x3cf
crypto/tls.(*Conn).readRecord(...)
	/usr/lib/go/src/crypto/tls/conn.go:591
crypto/tls.(*Conn).Read(0xc00db34388, {0xc00dc60000, 0x1000, 0x7775a8b2a6c8?})
	/usr/lib/go/src/crypto/tls/conn.go:1385 +0x145
net/http.(*persistConn).Read(0xc004cbf200, {0xc00dc60000?, 0x4141c5?, 0x68?})
	/usr/lib/go/src/net/http/transport.go:2122 +0x47
bufio.(*Reader).fill(0xc00dc55800)
	/usr/lib/go/src/bufio/bufio.go:113 +0x103
bufio.(*Reader).Peek(0xc00dc55800, 0x1)
	/usr/lib/go/src/bufio/bufio.go:152 +0x53
net/http.(*persistConn).readLoop(0xc004cbf200)
	/usr/lib/go/src/net/http/transport.go:2275 +0x172
created by net/http.(*Transport).dialConn in goroutine 15102
	/usr/lib/go/src/net/http/transport.go:1944 +0x174f

goroutine 17907 [sync.Cond.Wait]:
sync.runtime_notifyListWait(0xc009ff2dd0, 0x11)
	/usr/lib/go/src/runtime/sema.go:597 +0x159
sync.(*Cond).Wait(0x0?)
	/usr/lib/go/src/sync/cond.go:71 +0x85
github.com/centrifugal/centrifuge/internal/dissolve.(*queueImpl).Wait(0xc00958cb60)
	/home/mariell/go/pkg/mod/github.com/centrifugal/centrifuge@v0.33.3/internal/dissolve/queue.go:139 +0x4a
github.com/centrifugal/centrifuge/internal/dissolve.(*Dissolver).runWorker(0xc0029ba528)
	/home/mariell/go/pkg/mod/github.com/centrifugal/centrifuge@v0.33.3/internal/dissolve/dissolve.go:52 +0x27
created by github.com/centrifugal/centrifuge/internal/dissolve.(*Dissolver).Run in goroutine 13128
	/home/mariell/go/pkg/mod/github.com/centrifugal/centrifuge@v0.33.3/internal/dissolve/dissolve.go:31 +0x25

goroutine 39028 [sync.Cond.Wait]:
sync.runtime_notifyListWait(0xc01fe50bd0, 0x1a)
	/usr/lib/go/src/runtime/sema.go:597 +0x159
sync.(*Cond).Wait(0x7f66501?)
	/usr/lib/go/src/sync/cond.go:71 +0x85
github.com/centrifugal/centrifuge/internal/dissolve.(*queueImpl).Wait(0xc00bf5ccb0)
	/home/mariell/go/pkg/mod/github.com/centrifugal/centrifuge@v0.33.3/internal/dissolve/queue.go:139 +0x4a
github.com/centrifugal/centrifuge/internal/dissolve.(*Dissolver).runWorker(0xc017ecc900)
	/home/mariell/go/pkg/mod/github.com/centrifugal/centrifuge@v0.33.3/internal/dissolve/dissolve.go:52 +0x27
created by github.com/centrifugal/centrifuge/internal/dissolve.(*Dissolver).Run in goroutine 37971
	/home/mariell/go/pkg/mod/github.com/centrifugal/centrifuge@v0.33.3/internal/dissolve/dissolve.go:31 +0x25

goroutine 16416 [sync.Cond.Wait]:
sync.runtime_notifyListWait(0xc00ef66e50, 0x15)
	/usr/lib/go/src/runtime/sema.go:597 +0x159
sync.(*Cond).Wait(0xc009722fd0?)
	/usr/lib/go/src/sync/cond.go:71 +0x85
github.com/centrifugal/centrifuge/internal/dissolve.(*queueImpl).Wait(0xc00ef76a10)
	/home/mariell/go/pkg/mod/github.com/centrifugal/centrifuge@v0.33.3/internal/dissolve/queue.go:139 +0x4a
github.com/centrifugal/centrifuge/internal/dissolve.(*Dissolver).runWorker(0xc003466078)
	/home/mariell/go/pkg/mod/github.com/centrifugal/centrifuge@v0.33.3/internal/dissolve/dissolve.go:52 +0x27
created by github.com/centrifugal/centrifuge/internal/dissolve.(*Dissolver).Run in goroutine 12335
	/home/mariell/go/pkg/mod/github.com/centrifugal/centrifuge@v0.33.3/internal/dissolve/dissolve.go:31 +0x25

goroutine 37948 [chan receive (nil chan)]:
k8s.io/apiserver/pkg/server.preparedGenericAPIServer.RunWithContext({0xc01ba86f90?}, {0xa9d1d00, 0xc0188900f0})
	/home/mariell/go/pkg/mod/k8s.io/apiserver@v0.32.1/pkg/server/genericapiserver.go:710 +0x9c5
github.com/grafana/grafana/pkg/services/apiserver.(*service).startCoreServer.func1()
	/home/mariell/work/oss/grafana/pkg/services/apiserver/service.go:448 +0x28
created by github.com/grafana/grafana/pkg/services/apiserver.(*service).startCoreServer in goroutine 34907
	/home/mariell/work/oss/grafana/pkg/services/apiserver/service.go:447 +0x125

goroutine 45183 [sync.Cond.Wait]:
sync.runtime_notifyListWait(0xc026bf9c10, 0x2c)
	/usr/lib/go/src/runtime/sema.go:597 +0x159
sync.(*Cond).Wait(0xc007090fd0?)
	/usr/lib/go/src/sync/cond.go:71 +0x85
github.com/centrifugal/centrifuge/internal/dissolve.(*queueImpl).Wait(0xc026c14c40)
	/home/mariell/go/pkg/mod/github.com/centrifugal/centrifuge@v0.33.3/internal/dissolve/queue.go:139 +0x4a
github.com/centrifugal/centrifuge/internal/dissolve.(*Dissolver).runWorker(0xc026b0b128)
	/home/mariell/go/pkg/mod/github.com/centrifugal/centrifuge@v0.33.3/internal/dissolve/dissolve.go:52 +0x27
created by github.com/centrifugal/centrifuge/internal/dissolve.(*Dissolver).Run in goroutine 44067
	/home/mariell/go/pkg/mod/github.com/centrifugal/centrifuge@v0.33.3/internal/dissolve/dissolve.go:31 +0x25

goroutine 16221 [select]:
github.com/patrickmn/go-cache.(*janitor).Run(0xc00e9a8b30, 0xc00d5991c0)
	/home/mariell/go/pkg/mod/github.com/patrickmn/go-cache@v2.1.0+incompatible/cache.go:1079 +0x7b
created by github.com/patrickmn/go-cache.runJanitor in goroutine 12335
	/home/mariell/go/pkg/mod/github.com/patrickmn/go-cache@v2.1.0+incompatible/cache.go:1099 +0xdb

goroutine 17915 [sync.Cond.Wait]:
sync.runtime_notifyListWait(0xc009ff2dd0, 0x1d)
	/usr/lib/go/src/runtime/sema.go:597 +0x159
sync.(*Cond).Wait(0x823435?)
	/usr/lib/go/src/sync/cond.go:71 +0x85
github.com/centrifugal/centrifuge/internal/dissolve.(*queueImpl).Wait(0xc00958cb60)
	/home/mariell/go/pkg/mod/github.com/centrifugal/centrifuge@v0.33.3/internal/dissolve/queue.go:139 +0x4a
github.com/centrifugal/centrifuge/internal/dissolve.(*Dissolver).runWorker(0xc0029ba528)
	/home/mariell/go/pkg/mod/github.com/centrifugal/centrifuge@v0.33.3/internal/dissolve/dissolve.go:52 +0x27
created by github.com/centrifugal/centrifuge/internal/dissolve.(*Dissolver).Run in goroutine 13128
	/home/mariell/go/pkg/mod/github.com/centrifugal/centrifuge@v0.33.3/internal/dissolve/dissolve.go:31 +0x25

goroutine 16220 [select]:
github.com/patrickmn/go-cache.(*janitor).Run(0xc00e9599d0, 0xc00d589ec0)
	/home/mariell/go/pkg/mod/github.com/patrickmn/go-cache@v2.1.0+incompatible/cache.go:1079 +0x7b
created by github.com/patrickmn/go-cache.runJanitor in goroutine 12335
	/home/mariell/go/pkg/mod/github.com/patrickmn/go-cache@v2.1.0+incompatible/cache.go:1099 +0xdb

goroutine 39023 [sync.Cond.Wait]:
sync.runtime_notifyListWait(0xc01fe50bd0, 0x10)
	/usr/lib/go/src/runtime/sema.go:597 +0x159
sync.(*Cond).Wait(0x0?)
	/usr/lib/go/src/sync/cond.go:71 +0x85
github.com/centrifugal/centrifuge/internal/dissolve.(*queueImpl).Wait(0xc00bf5ccb0)
	/home/mariell/go/pkg/mod/github.com/centrifugal/centrifuge@v0.33.3/internal/dissolve/queue.go:139 +0x4a
github.com/centrifugal/centrifuge/internal/dissolve.(*Dissolver).runWorker(0xc017ecc900)
	/home/mariell/go/pkg/mod/github.com/centrifugal/centrifuge@v0.33.3/internal/dissolve/dissolve.go:52 +0x27
created by github.com/centrifugal/centrifuge/internal/dissolve.(*Dissolver).Run in goroutine 37971
	/home/mariell/go/pkg/mod/github.com/centrifugal/centrifuge@v0.33.3/internal/dissolve/dissolve.go:31 +0x25

goroutine 36454 [select]:
database/sql.(*DB).connectionOpener(0xc01c3ceea0, {0xa9d1d00, 0xc01d91eaa0})
	/usr/lib/go/src/database/sql/sql.go:1261 +0x87
created by database/sql.OpenDB in goroutine 36374
	/usr/lib/go/src/database/sql/sql.go:841 +0x130

goroutine 16219 [select]:
github.com/patrickmn/go-cache.(*janitor).Run(0xc00d1de0b0, 0xc00d588e40)
	/home/mariell/go/pkg/mod/github.com/patrickmn/go-cache@v2.1.0+incompatible/cache.go:1079 +0x7b
created by github.com/patrickmn/go-cache.runJanitor in goroutine 12335
	/home/mariell/go/pkg/mod/github.com/patrickmn/go-cache@v2.1.0+incompatible/cache.go:1099 +0xdb

goroutine 18296 [select]:
database/sql.(*DB).connectionOpener(0xc01013f6c0, {0xa9d1d00, 0xc00ff111d0})
	/usr/lib/go/src/database/sql/sql.go:1261 +0x87
created by database/sql.OpenDB in goroutine 17793
	/usr/lib/go/src/database/sql/sql.go:841 +0x130

goroutine 16441 [sync.Cond.Wait]:
sync.runtime_notifyListWait(0xc00ef66e50, 0x35)
	/usr/lib/go/src/runtime/sema.go:597 +0x159
sync.(*Cond).Wait(0x0?)
	/usr/lib/go/src/sync/cond.go:71 +0x85
github.com/centrifugal/centrifuge/internal/dissolve.(*queueImpl).Wait(0xc00ef76a10)
	/home/mariell/go/pkg/mod/github.com/centrifugal/centrifuge@v0.33.3/internal/dissolve/queue.go:139 +0x4a
github.com/centrifugal/centrifuge/internal/dissolve.(*Dissolver).runWorker(0xc003466078)
	/home/mariell/go/pkg/mod/github.com/centrifugal/centrifuge@v0.33.3/internal/dissolve/dissolve.go:52 +0x27
created by github.com/centrifugal/centrifuge/internal/dissolve.(*Dissolver).Run in goroutine 12335
	/home/mariell/go/pkg/mod/github.com/centrifugal/centrifuge@v0.33.3/internal/dissolve/dissolve.go:31 +0x25

goroutine 24476 [select]:
database/sql.(*DB).connectionCleaner(0xc008fa15f0, 0xc00812bab0?)
	/usr/lib/go/src/database/sql/sql.go:1104 +0x9c
created by database/sql.(*DB).startCleanerLocked in goroutine 24436
	/usr/lib/go/src/database/sql/sql.go:1091 +0x105

goroutine 15236 [IO wait]:
internal/poll.runtime_pollWait(0x777558f6aaa0, 0x72)
	/usr/lib/go/src/runtime/netpoll.go:351 +0x85
internal/poll.(*pollDesc).wait(0xc00db2c680?, 0xc00dd89300?, 0x0)
	/usr/lib/go/src/internal/poll/fd_poll_runtime.go:84 +0x27
internal/poll.(*pollDesc).waitRead(...)
	/usr/lib/go/src/internal/poll/fd_poll_runtime.go:89
internal/poll.(*FD).Read(0xc00db2c680, {0xc00dd89300, 0x1300, 0x1300})
	/usr/lib/go/src/internal/poll/fd_unix.go:165 +0x27a
net.(*netFD).Read(0xc00db2c680, {0xc00dd89300?, 0x0?, 0x0?})
	/usr/lib/go/src/net/fd_posix.go:55 +0x25
net.(*conn).Read(0xc00cde0258, {0xc00dd89300?, 0x777559316210?, 0x7775a8b298a0?})
	/usr/lib/go/src/net/net.go:194 +0x45
crypto/tls.(*atLeastReader).Read(0xc008ba72d8, {0xc00dd89300?, 0xc00dca0d50?, 0x953dd74?})
	/usr/lib/go/src/crypto/tls/conn.go:809 +0x3b
bytes.(*Buffer).ReadFrom(0xc00d9b1eb8, {0xa94e300, 0xc008ba72d8})
	/usr/lib/go/src/bytes/buffer.go:211 +0x98
crypto/tls.(*Conn).readFromUntil(0xc00d9b1c08, {0xa94dc00, 0xc00cde0258}, 0x444af4?)
	/usr/lib/go/src/crypto/tls/conn.go:831 +0xde
crypto/tls.(*Conn).readRecordOrCCS(0xc00d9b1c08, 0x0)
	/usr/lib/go/src/crypto/tls/conn.go:629 +0x3cf
crypto/tls.(*Conn).readRecord(...)
	/usr/lib/go/src/crypto/tls/conn.go:591
crypto/tls.(*Conn).Read(0xc00d9b1c08, {0xc00dda4000, 0x1000, 0x7775a8b298a0?})
	/usr/lib/go/src/crypto/tls/conn.go:1385 +0x145
net/http.(*persistConn).Read(0xc00564a480, {0xc00dda4000?, 0x4141c5?, 0x68?})
	/usr/lib/go/src/net/http/transport.go:2122 +0x47
bufio.(*Reader).fill(0xc00dd99800)
	/usr/lib/go/src/bufio/bufio.go:113 +0x103
bufio.(*Reader).Peek(0xc00dd99800, 0x1)
	/usr/lib/go/src/bufio/bufio.go:152 +0x53
net/http.(*persistConn).readLoop(0xc00564a480)
	/usr/lib/go/src/net/http/transport.go:2275 +0x172
created by net/http.(*Transport).dialConn in goroutine 14814
	/usr/lib/go/src/net/http/transport.go:1944 +0x174f

goroutine 14851 [sync.Cond.Wait]:
sync.runtime_notifyListWait(0xc00cfe9cd0, 0x7)
	/usr/lib/go/src/runtime/sema.go:597 +0x159
sync.(*Cond).Wait(0x0?)
	/usr/lib/go/src/sync/cond.go:71 +0x85
github.com/centrifugal/centrifuge/internal/dissolve.(*queueImpl).Wait(0xc00c22f1f0)
	/home/mariell/go/pkg/mod/github.com/centrifugal/centrifuge@v0.33.3/internal/dissolve/queue.go:139 +0x4a
github.com/centrifugal/centrifuge/internal/dissolve.(*Dissolver).runWorker(0xc0034e9ed8)
	/home/mariell/go/pkg/mod/github.com/centrifugal/centrifuge@v0.33.3/internal/dissolve/dissolve.go:52 +0x27
created by github.com/centrifugal/centrifuge/internal/dissolve.(*Dissolver).Run in goroutine 13738
	/home/mariell/go/pkg/mod/github.com/centrifugal/centrifuge@v0.33.3/internal/dissolve/dissolve.go:31 +0x25

goroutine 15235 [select]:
net/http.(*persistConn).writeLoop(0xc0033a05a0)
	/usr/lib/go/src/net/http/transport.go:2590 +0xe7
created by net/http.(*Transport).dialConn in goroutine 14808
	/usr/lib/go/src/net/http/transport.go:1945 +0x17a5

goroutine 19810 [select]:
net/http.(*persistConn).writeLoop(0xc00d5b1320)
	/usr/lib/go/src/net/http/transport.go:2590 +0xe7
created by net/http.(*Transport).dialConn in goroutine 19308
	/usr/lib/go/src/net/http/transport.go:1945 +0x17a5

goroutine 25334 [select]:
github.com/centrifugal/centrifuge.(*Node).cleanNodeInfo(0xc007e27448)
	/home/mariell/go/pkg/mod/github.com/centrifugal/centrifuge@v0.33.3/node.go:394 +0x90
created by github.com/centrifugal/centrifuge.(*Node).Run in goroutine 24436
	/home/mariell/go/pkg/mod/github.com/centrifugal/centrifuge@v0.33.3/node.go:261 +0x265

goroutine 15237 [select]:
net/http.(*persistConn).writeLoop(0xc00564a480)
	/usr/lib/go/src/net/http/transport.go:2590 +0xe7
created by net/http.(*Transport).dialConn in goroutine 14814
	/usr/lib/go/src/net/http/transport.go:1945 +0x17a5

goroutine 16453 [sync.Cond.Wait]:
sync.runtime_notifyListWait(0xc00ef66e50, 0x28)
	/usr/lib/go/src/runtime/sema.go:597 +0x159
sync.(*Cond).Wait(0x0?)
	/usr/lib/go/src/sync/cond.go:71 +0x85
github.com/centrifugal/centrifuge/internal/dissolve.(*queueImpl).Wait(0xc00ef76a10)
	/home/mariell/go/pkg/mod/github.com/centrifugal/centrifuge@v0.33.3/internal/dissolve/queue.go:139 +0x4a
github.com/centrifugal/centrifuge/internal/dissolve.(*Dissolver).runWorker(0xc003466078)
	/home/mariell/go/pkg/mod/github.com/centrifugal/centrifuge@v0.33.3/internal/dissolve/dissolve.go:52 +0x27
created by github.com/centrifugal/centrifuge/internal/dissolve.(*Dissolver).Run in goroutine 12335
	/home/mariell/go/pkg/mod/github.com/centrifugal/centrifuge@v0.33.3/internal/dissolve/dissolve.go:31 +0x25

goroutine 42482 [IO wait]:
internal/poll.runtime_pollWait(0x7775504ffa40, 0x72)
	/usr/lib/go/src/runtime/netpoll.go:351 +0x85
internal/poll.(*pollDesc).wait(0xc01ea00100?, 0xc023b1f300?, 0x0)
	/usr/lib/go/src/internal/poll/fd_poll_runtime.go:84 +0x27
internal/poll.(*pollDesc).waitRead(...)
	/usr/lib/go/src/internal/poll/fd_poll_runtime.go:89
internal/poll.(*FD).Read(0xc01ea00100, {0xc023b1f300, 0x1300, 0x1300})
	/usr/lib/go/src/internal/poll/fd_unix.go:165 +0x27a
net.(*netFD).Read(0xc01ea00100, {0xc023b1f300?, 0x5?, 0x11ab1bc8?})
	/usr/lib/go/src/net/fd_posix.go:55 +0x25
net.(*conn).Read(0xc002420158, {0xc023b1f300?, 0x7775603b51d8?, 0x7775a8b29d58?})
	/usr/lib/go/src/net/net.go:194 +0x45
crypto/tls.(*atLeastReader).Read(0xc017fd5c68, {0xc023b1f300?, 0x11abda20?, 0xc018a869c8?})
	/usr/lib/go/src/crypto/tls/conn.go:809 +0x3b
bytes.(*Buffer).ReadFrom(0xc01ce410b8, {0xa94e300, 0xc017fd5c68})
	/usr/lib/go/src/bytes/buffer.go:211 +0x98
crypto/tls.(*Conn).readFromUntil(0xc01ce40e08, {0xa94dc00, 0xc002420158}, 0x444af4?)
	/usr/lib/go/src/crypto/tls/conn.go:831 +0xde
crypto/tls.(*Conn).readRecordOrCCS(0xc01ce40e08, 0x0)
	/usr/lib/go/src/crypto/tls/conn.go:629 +0x3cf
crypto/tls.(*Conn).readRecord(...)
	/usr/lib/go/src/crypto/tls/conn.go:591
crypto/tls.(*Conn).Read(0xc01ce40e08, {0xc01e6d2000, 0x1000, 0xc019d52390?})
	/usr/lib/go/src/crypto/tls/conn.go:1385 +0x145
net/http.(*persistConn).Read(0xc0109b6240, {0xc01e6d2000?, 0x81fe45?, 0xa94be80?})
	/usr/lib/go/src/net/http/transport.go:2122 +0x47
bufio.(*Reader).fill(0xc01e6d0900)
	/usr/lib/go/src/bufio/bufio.go:113 +0x103
bufio.(*Reader).Peek(0xc01e6d0900, 0x1)
	/usr/lib/go/src/bufio/bufio.go:152 +0x53
net/http.(*persistConn).readLoop(0xc0109b6240)
	/usr/lib/go/src/net/http/transport.go:2275 +0x172
created by net/http.(*Transport).dialConn in goroutine 39312
	/usr/lib/go/src/net/http/transport.go:1944 +0x174f

goroutine 19713 [select]:
net/http.(*persistConn).writeLoop(0xc00eadc360)
	/usr/lib/go/src/net/http/transport.go:2590 +0xe7
created by net/http.(*Transport).dialConn in goroutine 19687
	/usr/lib/go/src/net/http/transport.go:1945 +0x17a5

goroutine 39017 [sync.Cond.Wait]:
sync.runtime_notifyListWait(0xc01fe50bd0, 0x2)
	/usr/lib/go/src/runtime/sema.go:597 +0x159
sync.(*Cond).Wait(0x0?)
	/usr/lib/go/src/sync/cond.go:71 +0x85
github.com/centrifugal/centrifuge/internal/dissolve.(*queueImpl).Wait(0xc00bf5ccb0)
	/home/mariell/go/pkg/mod/github.com/centrifugal/centrifuge@v0.33.3/internal/dissolve/queue.go:139 +0x4a
github.com/centrifugal/centrifuge/internal/dissolve.(*Dissolver).runWorker(0xc017ecc900)
	/home/mariell/go/pkg/mod/github.com/centrifugal/centrifuge@v0.33.3/internal/dissolve/dissolve.go:52 +0x27
created by github.com/centrifugal/centrifuge/internal/dissolve.(*Dissolver).Run in goroutine 37971
	/home/mariell/go/pkg/mod/github.com/centrifugal/centrifuge@v0.33.3/internal/dissolve/dissolve.go:31 +0x25

goroutine 17897 [sync.Cond.Wait]:
sync.runtime_notifyListWait(0xc009ff2dd0, 0x7)
	/usr/lib/go/src/runtime/sema.go:597 +0x159
sync.(*Cond).Wait(0xc0097267d0?)
	/usr/lib/go/src/sync/cond.go:71 +0x85
github.com/centrifugal/centrifuge/internal/dissolve.(*queueImpl).Wait(0xc00958cb60)
	/home/mariell/go/pkg/mod/github.com/centrifugal/centrifuge@v0.33.3/internal/dissolve/queue.go:139 +0x4a
github.com/centrifugal/centrifuge/internal/dissolve.(*Dissolver).runWorker(0xc0029ba528)
	/home/mariell/go/pkg/mod/github.com/centrifugal/centrifuge@v0.33.3/internal/dissolve/dissolve.go:52 +0x27
created by github.com/centrifugal/centrifuge/internal/dissolve.(*Dissolver).Run in goroutine 13128
	/home/mariell/go/pkg/mod/github.com/centrifugal/centrifuge@v0.33.3/internal/dissolve/dissolve.go:31 +0x25

goroutine 15284 [select]:
k8s.io/apimachinery/pkg/util/wait.BackoffUntil(0xc00dc02300, {0xa95ac00, 0xc00d5ae090}, 0x1, 0xc004797420)
	/home/mariell/go/pkg/mod/k8s.io/apimachinery@v0.32.1/pkg/util/wait/backoff.go:238 +0x12c
k8s.io/apimachinery/pkg/util/wait.JitterUntil(0xc00dc02300, 0x3b9aca00, 0x3ff3333333333333, 0x1, 0xc004797420)
	/home/mariell/go/pkg/mod/k8s.io/apimachinery@v0.32.1/pkg/util/wait/backoff.go:204 +0x7f
created by k8s.io/apiserver/pkg/registry/generic/registry.(*Store).startObservingCount in goroutine 14683
	/home/mariell/go/pkg/mod/k8s.io/apiserver@v0.32.1/pkg/registry/generic/registry/store.go:1666 +0x2f9

goroutine 44049 [select]:
k8s.io/apimachinery/pkg/util/wait.BackoffUntil(0xc0157fae80, {0xa95ac00, 0xc021cd69f0}, 0x1, 0xc0162743f0)
	/home/mariell/go/pkg/mod/k8s.io/apimachinery@v0.32.1/pkg/util/wait/backoff.go:238 +0x12c
k8s.io/apimachinery/pkg/util/wait.JitterUntil(0xc0157fae80, 0x3b9aca00, 0x3ff3333333333333, 0x1, 0xc0162743f0)
	/home/mariell/go/pkg/mod/k8s.io/apimachinery@v0.32.1/pkg/util/wait/backoff.go:204 +0x7f
created by k8s.io/apiserver/pkg/registry/generic/registry.(*Store).startObservingCount in goroutine 42497
	/home/mariell/go/pkg/mod/k8s.io/apiserver@v0.32.1/pkg/registry/generic/registry/store.go:1666 +0x2f9

goroutine 51722 [select]:
github.com/grafana/grafana/pkg/storage/unified/resource.(*broadcaster[...]).stream(0xab113a0, 0xc01709c7e0)
	/home/mariell/work/oss/grafana/pkg/storage/unified/resource/broadcaster.go:205 +0x13d
created by github.com/grafana/grafana/pkg/storage/unified/resource.(*broadcaster[...]).init in goroutine 51536
	/home/mariell/work/oss/grafana/pkg/storage/unified/resource/broadcaster.go:177 +0x219

goroutine 15835 [chan receive (nil chan)]:
k8s.io/apiserver/pkg/server.preparedGenericAPIServer.RunWithContext.func5()
	/home/mariell/go/pkg/mod/k8s.io/apiserver@v0.32.1/pkg/server/genericapiserver.go:598 +0x37
created by k8s.io/apiserver/pkg/server.preparedGenericAPIServer.RunWithContext in goroutine 15828
	/home/mariell/go/pkg/mod/k8s.io/apiserver@v0.32.1/pkg/server/genericapiserver.go:597 +0x60b

goroutine 14864 [sync.Cond.Wait]:
sync.runtime_notifyListWait(0xc00cfe9cd0, 0x14)
	/usr/lib/go/src/runtime/sema.go:597 +0x159
sync.(*Cond).Wait(0x0?)
	/usr/lib/go/src/sync/cond.go:71 +0x85
github.com/centrifugal/centrifuge/internal/dissolve.(*queueImpl).Wait(0xc00c22f1f0)
	/home/mariell/go/pkg/mod/github.com/centrifugal/centrifuge@v0.33.3/internal/dissolve/queue.go:139 +0x4a
github.com/centrifugal/centrifuge/internal/dissolve.(*Dissolver).runWorker(0xc0034e9ed8)
	/home/mariell/go/pkg/mod/github.com/centrifugal/centrifuge@v0.33.3/internal/dissolve/dissolve.go:52 +0x27
created by github.com/centrifugal/centrifuge/internal/dissolve.(*Dissolver).Run in goroutine 13738
	/home/mariell/go/pkg/mod/github.com/centrifugal/centrifuge@v0.33.3/internal/dissolve/dissolve.go:31 +0x25

goroutine 21367 [select]:
net/http.(*persistConn).writeLoop(0xc00431de60)
	/usr/lib/go/src/net/http/transport.go:2590 +0xe7
created by net/http.(*Transport).dialConn in goroutine 21244
	/usr/lib/go/src/net/http/transport.go:1945 +0x17a5

goroutine 20221 [select]:
k8s.io/apimachinery/pkg/util/wait.BackoffUntil(0xc007e6c0c0, {0xa95ac00, 0xc0112d4e40}, 0x1, 0xc0093c6070)
	/home/mariell/go/pkg/mod/k8s.io/apimachinery@v0.32.1/pkg/util/wait/backoff.go:238 +0x12c
k8s.io/apimachinery/pkg/util/wait.JitterUntil(0xc007e6c0c0, 0x3b9aca00, 0x3ff3333333333333, 0x1, 0xc0093c6070)
	/home/mariell/go/pkg/mod/k8s.io/apimachinery@v0.32.1/pkg/util/wait/backoff.go:204 +0x7f
created by k8s.io/apiserver/pkg/registry/generic/registry.(*Store).startObservingCount in goroutine 19261
	/home/mariell/go/pkg/mod/k8s.io/apiserver@v0.32.1/pkg/registry/generic/registry/store.go:1666 +0x2f9

goroutine 19010 [select]:
github.com/grafana/grafana/pkg/storage/unified/resource.(*cache[...]).run(0xc00daba550)
	/home/mariell/work/oss/grafana/pkg/storage/unified/resource/broadcaster.go:291 +0xb0
created by github.com/grafana/grafana/pkg/storage/unified/resource.newChannelCache[...] in goroutine 18215
	/home/mariell/work/oss/grafana/pkg/storage/unified/resource/broadcaster.go:276 +0x189

goroutine 28392 [select]:
github.com/patrickmn/go-cache.(*janitor).Run(0xc00edcc280, 0xc0038af540)
	/home/mariell/go/pkg/mod/github.com/patrickmn/go-cache@v2.1.0+incompatible/cache.go:1079 +0x7b
created by github.com/patrickmn/go-cache.runJanitor in goroutine 27309
	/home/mariell/go/pkg/mod/github.com/patrickmn/go-cache@v2.1.0+incompatible/cache.go:1099 +0xdb

goroutine 14973 [select]:
github.com/patrickmn/go-cache.(*janitor).Run(0xc00d5a6390, 0xc00d598840)
	/home/mariell/go/pkg/mod/github.com/patrickmn/go-cache@v2.1.0+incompatible/cache.go:1079 +0x7b
created by github.com/patrickmn/go-cache.runJanitor in goroutine 13738
	/home/mariell/go/pkg/mod/github.com/patrickmn/go-cache@v2.1.0+incompatible/cache.go:1099 +0xdb

goroutine 16412 [sync.Cond.Wait]:
sync.runtime_notifyListWait(0xc00ef66e50, 0x11)
	/usr/lib/go/src/runtime/sema.go:597 +0x159
sync.(*Cond).Wait(0x0?)
	/usr/lib/go/src/sync/cond.go:71 +0x85
github.com/centrifugal/centrifuge/internal/dissolve.(*queueImpl).Wait(0xc00ef76a10)
	/home/mariell/go/pkg/mod/github.com/centrifugal/centrifuge@v0.33.3/internal/dissolve/queue.go:139 +0x4a
github.com/centrifugal/centrifuge/internal/dissolve.(*Dissolver).runWorker(0xc003466078)
	/home/mariell/go/pkg/mod/github.com/centrifugal/centrifuge@v0.33.3/internal/dissolve/dissolve.go:52 +0x27
created by github.com/centrifugal/centrifuge/internal/dissolve.(*Dissolver).Run in goroutine 12335
	/home/mariell/go/pkg/mod/github.com/centrifugal/centrifuge@v0.33.3/internal/dissolve/dissolve.go:31 +0x25

goroutine 16804 [select]:
k8s.io/apimachinery/pkg/util/wait.BackoffUntil(0xc00fc73340, {0xa95ac00, 0xc00fb20fc0}, 0x1, 0xc00fc3ea80)
	/home/mariell/go/pkg/mod/k8s.io/apimachinery@v0.32.1/pkg/util/wait/backoff.go:238 +0x12c
k8s.io/apimachinery/pkg/util/wait.JitterUntil(0xc00fc73340, 0x3b9aca00, 0x3ff3333333333333, 0x1, 0xc00fc3ea80)
	/home/mariell/go/pkg/mod/k8s.io/apimachinery@v0.32.1/pkg/util/wait/backoff.go:204 +0x7f
created by k8s.io/apiserver/pkg/registry/generic/registry.(*Store).startObservingCount in goroutine 16642
	/home/mariell/go/pkg/mod/k8s.io/apiserver@v0.32.1/pkg/registry/generic/registry/store.go:1666 +0x2f9

goroutine 16406 [sync.Cond.Wait]:
sync.runtime_notifyListWait(0xc00ef66e50, 0xb)
	/usr/lib/go/src/runtime/sema.go:597 +0x159
sync.(*Cond).Wait(0xc0096f57d0?)
	/usr/lib/go/src/sync/cond.go:71 +0x85
github.com/centrifugal/centrifuge/internal/dissolve.(*queueImpl).Wait(0xc00ef76a10)
	/home/mariell/go/pkg/mod/github.com/centrifugal/centrifuge@v0.33.3/internal/dissolve/queue.go:139 +0x4a
github.com/centrifugal/centrifuge/internal/dissolve.(*Dissolver).runWorker(0xc003466078)
	/home/mariell/go/pkg/mod/github.com/centrifugal/centrifuge@v0.33.3/internal/dissolve/dissolve.go:52 +0x27
created by github.com/centrifugal/centrifuge/internal/dissolve.(*Dissolver).Run in goroutine 12335
	/home/mariell/go/pkg/mod/github.com/centrifugal/centrifuge@v0.33.3/internal/dissolve/dissolve.go:31 +0x25

goroutine 16405 [sync.Cond.Wait]:
sync.runtime_notifyListWait(0xc00ef66e50, 0xa)
	/usr/lib/go/src/runtime/sema.go:597 +0x159
sync.(*Cond).Wait(0x0?)
	/usr/lib/go/src/sync/cond.go:71 +0x85
github.com/centrifugal/centrifuge/internal/dissolve.(*queueImpl).Wait(0xc00ef76a10)
	/home/mariell/go/pkg/mod/github.com/centrifugal/centrifuge@v0.33.3/internal/dissolve/queue.go:139 +0x4a
github.com/centrifugal/centrifuge/internal/dissolve.(*Dissolver).runWorker(0xc003466078)
	/home/mariell/go/pkg/mod/github.com/centrifugal/centrifuge@v0.33.3/internal/dissolve/dissolve.go:52 +0x27
created by github.com/centrifugal/centrifuge/internal/dissolve.(*Dissolver).Run in goroutine 12335
	/home/mariell/go/pkg/mod/github.com/centrifugal/centrifuge@v0.33.3/internal/dissolve/dissolve.go:31 +0x25

goroutine 27426 [IO wait]:
internal/poll.runtime_pollWait(0x7775581b12c8, 0x72)
	/usr/lib/go/src/runtime/netpoll.go:351 +0x85
internal/poll.(*pollDesc).wait(0xc00e8fbb00?, 0xc0106e4000?, 0x0)
	/usr/lib/go/src/internal/poll/fd_poll_runtime.go:84 +0x27
internal/poll.(*pollDesc).waitRead(...)
	/usr/lib/go/src/internal/poll/fd_poll_runtime.go:89
internal/poll.(*FD).Read(0xc00e8fbb00, {0xc0106e4000, 0xa000, 0xa000})
	/usr/lib/go/src/internal/poll/fd_unix.go:165 +0x27a
net.(*netFD).Read(0xc00e8fbb00, {0xc0106e4000?, 0xc0106e4000?, 0x5?})
	/usr/lib/go/src/net/fd_posix.go:55 +0x25
net.(*conn).Read(0xc004b2ab60, {0xc0106e4000?, 0x777558398a98?, 0x7775a8b28a78?})
	/usr/lib/go/src/net/net.go:194 +0x45
crypto/tls.(*atLeastReader).Read(0xc00f6fb3b0, {0xc0106e4000?, 0x9ffb?, 0x528d25?})
	/usr/lib/go/src/crypto/tls/conn.go:809 +0x3b
bytes.(*Buffer).ReadFrom(0xc00f8a22b8, {0xa94e300, 0xc00f6fb3b0})
	/usr/lib/go/src/bytes/buffer.go:211 +0x98
crypto/tls.(*Conn).readFromUntil(0xc00f8a2008, {0xa94dc00, 0xc004b2ab60}, 0x444af4?)
	/usr/lib/go/src/crypto/tls/conn.go:831 +0xde
crypto/tls.(*Conn).readRecordOrCCS(0xc00f8a2008, 0x0)
	/usr/lib/go/src/crypto/tls/conn.go:629 +0x3cf
crypto/tls.(*Conn).readRecord(...)
	/usr/lib/go/src/crypto/tls/conn.go:591
crypto/tls.(*Conn).Read(0xc00f8a2008, {0xc0103bd000, 0x1000, 0xc00f7bc570?})
	/usr/lib/go/src/crypto/tls/conn.go:1385 +0x145
net/http.(*persistConn).Read(0xc0059ca360, {0xc0103bd000?, 0x81fe45?, 0xa94be80?})
	/usr/lib/go/src/net/http/transport.go:2122 +0x47
bufio.(*Reader).fill(0xc013f90780)
	/usr/lib/go/src/bufio/bufio.go:113 +0x103
bufio.(*Reader).Peek(0xc013f90780, 0x1)
	/usr/lib/go/src/bufio/bufio.go:152 +0x53
net/http.(*persistConn).readLoop(0xc0059ca360)
	/usr/lib/go/src/net/http/transport.go:2275 +0x172
created by net/http.(*Transport).dialConn in goroutine 27389
	/usr/lib/go/src/net/http/transport.go:1944 +0x174f

goroutine 25568 [sync.Cond.Wait]:
sync.runtime_notifyListWait(0xc012bf5590, 0x2f)
	/usr/lib/go/src/runtime/sema.go:597 +0x159
sync.(*Cond).Wait(0xc00b4f57d0?)
	/usr/lib/go/src/sync/cond.go:71 +0x85
github.com/centrifugal/centrifuge/internal/dissolve.(*queueImpl).Wait(0xc013b4b110)
	/home/mariell/go/pkg/mod/github.com/centrifugal/centrifuge@v0.33.3/internal/dissolve/queue.go:139 +0x4a
github.com/centrifugal/centrifuge/internal/dissolve.(*Dissolver).runWorker(0xc00faede18)
	/home/mariell/go/pkg/mod/github.com/centrifugal/centrifuge@v0.33.3/internal/dissolve/dissolve.go:52 +0x27
created by github.com/centrifugal/centrifuge/internal/dissolve.(*Dissolver).Run in goroutine 24436
	/home/mariell/go/pkg/mod/github.com/centrifugal/centrifuge@v0.33.3/internal/dissolve/dissolve.go:31 +0x25

goroutine 28947 [select]:
github.com/grafana/grafana/pkg/storage/unified/resource.(*cache[...]).run(0xc00dd6f408)
	/home/mariell/work/oss/grafana/pkg/storage/unified/resource/broadcaster.go:291 +0xb0
created by github.com/grafana/grafana/pkg/storage/unified/resource.newChannelCache[...] in goroutine 28838
	/home/mariell/work/oss/grafana/pkg/storage/unified/resource/broadcaster.go:276 +0x189

goroutine 34666 [sync.Cond.Wait]:
sync.runtime_notifyListWait(0xc00dfe4bd0, 0x1f)
	/usr/lib/go/src/runtime/sema.go:597 +0x159
sync.(*Cond).Wait(0x0?)
	/usr/lib/go/src/sync/cond.go:71 +0x85
github.com/centrifugal/centrifuge/internal/dissolve.(*queueImpl).Wait(0xc01277aee0)
	/home/mariell/go/pkg/mod/github.com/centrifugal/centrifuge@v0.33.3/internal/dissolve/queue.go:139 +0x4a
github.com/centrifugal/centrifuge/internal/dissolve.(*Dissolver).runWorker(0xc015fec510)
	/home/mariell/go/pkg/mod/github.com/centrifugal/centrifuge@v0.33.3/internal/dissolve/dissolve.go:52 +0x27
created by github.com/centrifugal/centrifuge/internal/dissolve.(*Dissolver).Run in goroutine 33524
	/home/mariell/go/pkg/mod/github.com/centrifugal/centrifuge@v0.33.3/internal/dissolve/dissolve.go:31 +0x25

goroutine 19239 [select]:
github.com/patrickmn/go-cache.(*janitor).Run(0xc00e0c41a0, 0xc0079d8940)
	/home/mariell/go/pkg/mod/github.com/patrickmn/go-cache@v2.1.0+incompatible/cache.go:1079 +0x7b
created by github.com/patrickmn/go-cache.runJanitor in goroutine 17793
	/home/mariell/go/pkg/mod/github.com/patrickmn/go-cache@v2.1.0+incompatible/cache.go:1099 +0xdb

goroutine 59207 [select]:
go.opentelemetry.io/otel/sdk/trace.(*batchSpanProcessor).processQueue(0xc0166e0000)
	/home/mariell/go/pkg/mod/go.opentelemetry.io/otel/sdk@v1.34.0/trace/batch_span_processor.go:302 +0x114
go.opentelemetry.io/otel/sdk/trace.NewBatchSpanProcessor.func1()
	/home/mariell/go/pkg/mod/go.opentelemetry.io/otel/sdk@v1.34.0/trace/batch_span_processor.go:117 +0x4e
created by go.opentelemetry.io/otel/sdk/trace.NewBatchSpanProcessor in goroutine 56145
	/home/mariell/go/pkg/mod/go.opentelemetry.io/otel/sdk@v1.34.0/trace/batch_span_processor.go:115 +0x2d9

goroutine 20216 [select]:
github.com/grafana/grafana/pkg/storage/unified/resource.(*cache[...]).run(0xc0069ad400)
	/home/mariell/work/oss/grafana/pkg/storage/unified/resource/broadcaster.go:291 +0xb0
created by github.com/grafana/grafana/pkg/storage/unified/resource.newChannelCache[...] in goroutine 19261
	/home/mariell/work/oss/grafana/pkg/storage/unified/resource/broadcaster.go:276 +0x189

goroutine 15283 [select]:
k8s.io/apimachinery/pkg/util/wait.BackoffUntil(0xc00dc02200, {0xa95ac00, 0xc00d5ae060}, 0x1, 0xc0047973b0)
	/home/mariell/go/pkg/mod/k8s.io/apimachinery@v0.32.1/pkg/util/wait/backoff.go:238 +0x12c
k8s.io/apimachinery/pkg/util/wait.JitterUntil(0xc00dc02200, 0x3b9aca00, 0x3ff3333333333333, 0x1, 0xc0047973b0)
	/home/mariell/go/pkg/mod/k8s.io/apimachinery@v0.32.1/pkg/util/wait/backoff.go:204 +0x7f
created by k8s.io/apiserver/pkg/registry/generic/registry.(*Store).startObservingCount in goroutine 14683
	/home/mariell/go/pkg/mod/k8s.io/apiserver@v0.32.1/pkg/registry/generic/registry/store.go:1666 +0x2f9

goroutine 15218 [select]:
net/http.(*persistConn).writeLoop(0xc00ad3ed80)
	/usr/lib/go/src/net/http/transport.go:2590 +0xe7
created by net/http.(*Transport).dialConn in goroutine 15106
	/usr/lib/go/src/net/http/transport.go:1945 +0x17a5

goroutine 16458 [sync.Cond.Wait]:
sync.runtime_notifyListWait(0xc00ef66e50, 0x34)
	/usr/lib/go/src/runtime/sema.go:597 +0x159
sync.(*Cond).Wait(0x0?)
	/usr/lib/go/src/sync/cond.go:71 +0x85
github.com/centrifugal/centrifuge/internal/dissolve.(*queueImpl).Wait(0xc00ef76a10)
	/home/mariell/go/pkg/mod/github.com/centrifugal/centrifuge@v0.33.3/internal/dissolve/queue.go:139 +0x4a
github.com/centrifugal/centrifuge/internal/dissolve.(*Dissolver).runWorker(0xc003466078)
	/home/mariell/go/pkg/mod/github.com/centrifugal/centrifuge@v0.33.3/internal/dissolve/dissolve.go:52 +0x27
created by github.com/centrifugal/centrifuge/internal/dissolve.(*Dissolver).Run in goroutine 12335
	/home/mariell/go/pkg/mod/github.com/centrifugal/centrifuge@v0.33.3/internal/dissolve/dissolve.go:31 +0x25

goroutine 15121 [IO wait]:
internal/poll.runtime_pollWait(0x7775593b8390, 0x72)
	/usr/lib/go/src/runtime/netpoll.go:351 +0x85
internal/poll.(*pollDesc).wait(0xc00db2c500?, 0xc00dc42000?, 0x0)
	/usr/lib/go/src/internal/poll/fd_poll_runtime.go:84 +0x27
internal/poll.(*pollDesc).waitRead(...)
	/usr/lib/go/src/internal/poll/fd_poll_runtime.go:89
internal/poll.(*FD).Read(0xc00db2c500, {0xc00dc42000, 0x1300, 0x1300})
	/usr/lib/go/src/internal/poll/fd_unix.go:165 +0x27a
net.(*netFD).Read(0xc00db2c500, {0xc00dc42000?, 0xc00dc42000?, 0x5?})
	/usr/lib/go/src/net/fd_posix.go:55 +0x25
net.(*conn).Read(0xc0087053d0, {0xc00dc42000?, 0x77756049fec8?, 0x7775a8b28f30?})
	/usr/lib/go/src/net/net.go:194 +0x45
crypto/tls.(*atLeastReader).Read(0xc002374948, {0xc00dc42000?, 0x12fb?, 0x41f436?})
	/usr/lib/go/src/crypto/tls/conn.go:809 +0x3b
bytes.(*Buffer).ReadFrom(0xc007b6d7b8, {0xa94e300, 0xc002374948})
	/usr/lib/go/src/bytes/buffer.go:211 +0x98
crypto/tls.(*Conn).readFromUntil(0xc007b6d508, {0xa94dc00, 0xc0087053d0}, 0x444af4?)
	/usr/lib/go/src/crypto/tls/conn.go:831 +0xde
crypto/tls.(*Conn).readRecordOrCCS(0xc007b6d508, 0x0)
	/usr/lib/go/src/crypto/tls/conn.go:629 +0x3cf
crypto/tls.(*Conn).readRecord(...)
	/usr/lib/go/src/crypto/tls/conn.go:591
crypto/tls.(*Conn).Read(0xc007b6d508, {0xc00dc49000, 0x1000, 0xc0082937a0?})
	/usr/lib/go/src/crypto/tls/conn.go:1385 +0x145
net/http.(*persistConn).Read(0xc00ad3ed80, {0xc00dc49000?, 0x81fe45?, 0xa94be80?})
	/usr/lib/go/src/net/http/transport.go:2122 +0x47
bufio.(*Reader).fill(0xc00dc54540)
	/usr/lib/go/src/bufio/bufio.go:113 +0x103
bufio.(*Reader).Peek(0xc00dc54540, 0x1)
	/usr/lib/go/src/bufio/bufio.go:152 +0x53
net/http.(*persistConn).readLoop(0xc00ad3ed80)
	/usr/lib/go/src/net/http/transport.go:2275 +0x172
created by net/http.(*Transport).dialConn in goroutine 15106
	/usr/lib/go/src/net/http/transport.go:1944 +0x174f

goroutine 22598 [select]:
github.com/patrickmn/go-cache.(*janitor).Run(0xc00e251ad0, 0xc003fc9180)
	/home/mariell/go/pkg/mod/github.com/patrickmn/go-cache@v2.1.0+incompatible/cache.go:1079 +0x7b
created by github.com/patrickmn/go-cache.runJanitor in goroutine 21352
	/home/mariell/go/pkg/mod/github.com/patrickmn/go-cache@v2.1.0+incompatible/cache.go:1099 +0xdb

goroutine 40533 [select]:
github.com/centrifugal/centrifuge.(*Node).updateMetrics(0xc0228eafc8)
	/home/mariell/go/pkg/mod/github.com/centrifugal/centrifuge@v0.33.3/node.go:335 +0x85
created by github.com/centrifugal/centrifuge.(*Node).Run in goroutine 36287
	/home/mariell/go/pkg/mod/github.com/centrifugal/centrifuge@v0.33.3/node.go:262 +0x2a5

goroutine 15220 [select]:
net/http.(*persistConn).writeLoop(0xc004cbf200)
	/usr/lib/go/src/net/http/transport.go:2590 +0xe7
created by net/http.(*Transport).dialConn in goroutine 15102
	/usr/lib/go/src/net/http/transport.go:1945 +0x17a5

goroutine 16439 [sync.Cond.Wait]:
sync.runtime_notifyListWait(0xc00ef66e50, 0x31)
	/usr/lib/go/src/runtime/sema.go:597 +0x159
sync.(*Cond).Wait(0x0?)
	/usr/lib/go/src/sync/cond.go:71 +0x85
github.com/centrifugal/centrifuge/internal/dissolve.(*queueImpl).Wait(0xc00ef76a10)
	/home/mariell/go/pkg/mod/github.com/centrifugal/centrifuge@v0.33.3/internal/dissolve/queue.go:139 +0x4a
github.com/centrifugal/centrifuge/internal/dissolve.(*Dissolver).runWorker(0xc003466078)
	/home/mariell/go/pkg/mod/github.com/centrifugal/centrifuge@v0.33.3/internal/dissolve/dissolve.go:52 +0x27
created by github.com/centrifugal/centrifuge/internal/dissolve.(*Dissolver).Run in goroutine 12335
	/home/mariell/go/pkg/mod/github.com/centrifugal/centrifuge@v0.33.3/internal/dissolve/dissolve.go:31 +0x25

goroutine 15314 [select]:
database/sql.(*DB).connectionOpener(0xc003af4b60, {0xa9d1d00, 0xc00daba730})
	/usr/lib/go/src/database/sql/sql.go:1261 +0x87
created by database/sql.OpenDB in goroutine 12335
	/usr/lib/go/src/database/sql/sql.go:841 +0x130

goroutine 40590 [sync.Cond.Wait]:
sync.runtime_notifyListWait(0xc0228a0b10, 0x39)
	/usr/lib/go/src/runtime/sema.go:597 +0x159
sync.(*Cond).Wait(0x0?)
	/usr/lib/go/src/sync/cond.go:71 +0x85
github.com/centrifugal/centrifuge/internal/dissolve.(*queueImpl).Wait(0xc0228cc690)
	/home/mariell/go/pkg/mod/github.com/centrifugal/centrifuge@v0.33.3/internal/dissolve/queue.go:139 +0x4a
github.com/centrifugal/centrifuge/internal/dissolve.(*Dissolver).runWorker(0xc015fedd58)
	/home/mariell/go/pkg/mod/github.com/centrifugal/centrifuge@v0.33.3/internal/dissolve/dissolve.go:52 +0x27
created by github.com/centrifugal/centrifuge/internal/dissolve.(*Dissolver).Run in goroutine 36287
	/home/mariell/go/pkg/mod/github.com/centrifugal/centrifuge@v0.33.3/internal/dissolve/dissolve.go:31 +0x25

goroutine 16522 [select]:
github.com/patrickmn/go-cache.(*janitor).Run(0xc00f36a390, 0xc00f354f80)
	/home/mariell/go/pkg/mod/github.com/patrickmn/go-cache@v2.1.0+incompatible/cache.go:1079 +0x7b
created by github.com/patrickmn/go-cache.runJanitor in goroutine 12335
	/home/mariell/go/pkg/mod/github.com/patrickmn/go-cache@v2.1.0+incompatible/cache.go:1099 +0xdb

goroutine 27305 [select]:
net/http.(*persistConn).writeLoop(0xc0043717a0)
	/usr/lib/go/src/net/http/transport.go:2590 +0xe7
created by net/http.(*Transport).dialConn in goroutine 26600
	/usr/lib/go/src/net/http/transport.go:1945 +0x17a5

goroutine 18279 [IO wait]:
internal/poll.runtime_pollWait(0x777558f69d80, 0x72)
	/usr/lib/go/src/runtime/netpoll.go:351 +0x85
internal/poll.(*pollDesc).wait(0xc009435d80?, 0xc009ab4000?, 0x0)
	/usr/lib/go/src/internal/poll/fd_poll_runtime.go:84 +0x27
internal/poll.(*pollDesc).waitRead(...)
	/usr/lib/go/src/internal/poll/fd_poll_runtime.go:89
internal/poll.(*FD).Read(0xc009435d80, {0xc009ab4000, 0x1300, 0x1300})
	/usr/lib/go/src/internal/poll/fd_unix.go:165 +0x27a
net.(*netFD).Read(0xc009435d80, {0xc009ab4000?, 0x4211e6?, 0x4853d2?})
	/usr/lib/go/src/net/fd_posix.go:55 +0x25
net.(*conn).Read(0xc011084f08, {0xc009ab4000?, 0x777558f6df98?, 0x7775a8b29d58?})
	/usr/lib/go/src/net/net.go:194 +0x45
crypto/tls.(*atLeastReader).Read(0xc010810030, {0xc009ab4000?, 0x1?, 0xc00fe009e8?})
	/usr/lib/go/src/crypto/tls/conn.go:809 +0x3b
bytes.(*Buffer).ReadFrom(0xc00fc2a2b8, {0xa94e300, 0xc010810030})
	/usr/lib/go/src/bytes/buffer.go:211 +0x98
crypto/tls.(*Conn).readFromUntil(0xc00fc2a008, {0xa94dc00, 0xc011084f08}, 0x444af4?)
	/usr/lib/go/src/crypto/tls/conn.go:831 +0xde
crypto/tls.(*Conn).readRecordOrCCS(0xc00fc2a008, 0x0)
	/usr/lib/go/src/crypto/tls/conn.go:629 +0x3cf
crypto/tls.(*Conn).readRecord(...)
	/usr/lib/go/src/crypto/tls/conn.go:591
crypto/tls.(*Conn).Read(0xc00fc2a008, {0xc009ac0000, 0x1000, 0xc00cdb6e70?})
	/usr/lib/go/src/crypto/tls/conn.go:1385 +0x145
net/http.(*persistConn).Read(0xc001a6d8c0, {0xc009ac0000?, 0x81fe45?, 0xa94be80?})
	/usr/lib/go/src/net/http/transport.go:2122 +0x47
bufio.(*Reader).fill(0xc0054320c0)
	/usr/lib/go/src/bufio/bufio.go:113 +0x103
bufio.(*Reader).Peek(0xc0054320c0, 0x1)
	/usr/lib/go/src/bufio/bufio.go:152 +0x53
net/http.(*persistConn).readLoop(0xc001a6d8c0)
	/usr/lib/go/src/net/http/transport.go:2275 +0x172
created by net/http.(*Transport).dialConn in goroutine 18195
	/usr/lib/go/src/net/http/transport.go:1944 +0x174f

goroutine 16430 [sync.Cond.Wait]:
sync.runtime_notifyListWait(0xc00ef66e50, 0x23)
	/usr/lib/go/src/runtime/sema.go:597 +0x159
sync.(*Cond).Wait(0x0?)
	/usr/lib/go/src/sync/cond.go:71 +0x85
github.com/centrifugal/centrifuge/internal/dissolve.(*queueImpl).Wait(0xc00ef76a10)
	/home/mariell/go/pkg/mod/github.com/centrifugal/centrifuge@v0.33.3/internal/dissolve/queue.go:139 +0x4a
github.com/centrifugal/centrifuge/internal/dissolve.(*Dissolver).runWorker(0xc003466078)
	/home/mariell/go/pkg/mod/github.com/centrifugal/centrifuge@v0.33.3/internal/dissolve/dissolve.go:52 +0x27
created by github.com/centrifugal/centrifuge/internal/dissolve.(*Dissolver).Run in goroutine 12335
	/home/mariell/go/pkg/mod/github.com/centrifugal/centrifuge@v0.33.3/internal/dissolve/dissolve.go:31 +0x25

goroutine 40555 [sync.Cond.Wait]:
sync.runtime_notifyListWait(0xc0228a0b10, 0x15)
	/usr/lib/go/src/runtime/sema.go:597 +0x159
sync.(*Cond).Wait(0x0?)
	/usr/lib/go/src/sync/cond.go:71 +0x85
github.com/centrifugal/centrifuge/internal/dissolve.(*queueImpl).Wait(0xc0228cc690)
	/home/mariell/go/pkg/mod/github.com/centrifugal/centrifuge@v0.33.3/internal/dissolve/queue.go:139 +0x4a
github.com/centrifugal/centrifuge/internal/dissolve.(*Dissolver).runWorker(0xc015fedd58)
	/home/mariell/go/pkg/mod/github.com/centrifugal/centrifuge@v0.33.3/internal/dissolve/dissolve.go:52 +0x27
created by github.com/centrifugal/centrifuge/internal/dissolve.(*Dissolver).Run in goroutine 36287
	/home/mariell/go/pkg/mod/github.com/centrifugal/centrifuge@v0.33.3/internal/dissolve/dissolve.go:31 +0x25

goroutine 16424 [sync.Cond.Wait]:
sync.runtime_notifyListWait(0xc00ef66e50, 0x1d)
	/usr/lib/go/src/runtime/sema.go:597 +0x159
sync.(*Cond).Wait(0x0?)
	/usr/lib/go/src/sync/cond.go:71 +0x85
github.com/centrifugal/centrifuge/internal/dissolve.(*queueImpl).Wait(0xc00ef76a10)
	/home/mariell/go/pkg/mod/github.com/centrifugal/centrifuge@v0.33.3/internal/dissolve/queue.go:139 +0x4a
github.com/centrifugal/centrifuge/internal/dissolve.(*Dissolver).runWorker(0xc003466078)
	/home/mariell/go/pkg/mod/github.com/centrifugal/centrifuge@v0.33.3/internal/dissolve/dissolve.go:52 +0x27
created by github.com/centrifugal/centrifuge/internal/dissolve.(*Dissolver).Run in goroutine 12335
	/home/mariell/go/pkg/mod/github.com/centrifugal/centrifuge@v0.33.3/internal/dissolve/dissolve.go:31 +0x25

goroutine 37946 [select]:
k8s.io/apimachinery/pkg/util/wait.BackoffUntil(0xc00ed05200, {0xa95ac00, 0xc01cd6fe60}, 0x1, 0xc01f4dcd20)
	/home/mariell/go/pkg/mod/k8s.io/apimachinery@v0.32.1/pkg/util/wait/backoff.go:238 +0x12c
k8s.io/apimachinery/pkg/util/wait.JitterUntil(0xc00ed05200, 0x3b9aca00, 0x3ff3333333333333, 0x1, 0xc01f4dcd20)
	/home/mariell/go/pkg/mod/k8s.io/apimachinery@v0.32.1/pkg/util/wait/backoff.go:204 +0x7f
created by k8s.io/apiserver/pkg/registry/generic/registry.(*Store).startObservingCount in goroutine 34907
	/home/mariell/go/pkg/mod/k8s.io/apiserver@v0.32.1/pkg/registry/generic/registry/store.go:1666 +0x2f9

goroutine 13754 [IO wait]:
internal/poll.runtime_pollWait(0x7775593b8278, 0x72)
	/usr/lib/go/src/runtime/netpoll.go:351 +0x85
internal/poll.(*pollDesc).wait(0xc00db2c380?, 0xc00deac000?, 0x0)
	/usr/lib/go/src/internal/poll/fd_poll_runtime.go:84 +0x27
internal/poll.(*pollDesc).waitRead(...)
	/usr/lib/go/src/internal/poll/fd_poll_runtime.go:89
internal/poll.(*FD).Read(0xc00db2c380, {0xc00deac000, 0x1300, 0x1300})
	/usr/lib/go/src/internal/poll/fd_unix.go:165 +0x27a
net.(*netFD).Read(0xc00db2c380, {0xc00deac000?, 0xc00deac000?, 0x5?})
	/usr/lib/go/src/net/fd_posix.go:55 +0x25
net.(*conn).Read(0xc0087053d8, {0xc00deac000?, 0x777558fc22a0?, 0x7775a8b28a78?})
	/usr/lib/go/src/net/net.go:194 +0x45
crypto/tls.(*atLeastReader).Read(0xc003da9860, {0xc00deac000?, 0x43f787?, 0x12?})
	/usr/lib/go/src/crypto/tls/conn.go:809 +0x3b
bytes.(*Buffer).ReadFrom(0xc007b6db38, {0xa94e300, 0xc003da9860})
	/usr/lib/go/src/bytes/buffer.go:211 +0x98
crypto/tls.(*Conn).readFromUntil(0xc007b6d888, {0xa94dc00, 0xc0087053d8}, 0x444af4?)
	/usr/lib/go/src/crypto/tls/conn.go:831 +0xde
crypto/tls.(*Conn).readRecordOrCCS(0xc007b6d888, 0x0)
	/usr/lib/go/src/crypto/tls/conn.go:629 +0x3cf
crypto/tls.(*Conn).readRecord(...)
	/usr/lib/go/src/crypto/tls/conn.go:591
crypto/tls.(*Conn).Read(0xc007b6d888, {0xc00deb3000, 0x1000, 0xc00dc3a030?})
	/usr/lib/go/src/crypto/tls/conn.go:1385 +0x145
net/http.(*persistConn).Read(0xc00ad3fd40, {0xc00deb3000?, 0x81fe45?, 0xa94be80?})
	/usr/lib/go/src/net/http/transport.go:2122 +0x47
bufio.(*Reader).fill(0xc00de93b60)
	/usr/lib/go/src/bufio/bufio.go:113 +0x103
bufio.(*Reader).Peek(0xc00de93b60, 0x1)
	/usr/lib/go/src/bufio/bufio.go:152 +0x53
net/http.(*persistConn).readLoop(0xc00ad3fd40)
	/usr/lib/go/src/net/http/transport.go:2275 +0x172
created by net/http.(*Transport).dialConn in goroutine 15118
	/usr/lib/go/src/net/http/transport.go:1944 +0x174f

goroutine 13755 [select]:
net/http.(*persistConn).writeLoop(0xc00ad3fd40)
	/usr/lib/go/src/net/http/transport.go:2590 +0xe7
created by net/http.(*Transport).dialConn in goroutine 15118
	/usr/lib/go/src/net/http/transport.go:1945 +0x17a5

goroutine 16407 [sync.Cond.Wait]:
sync.runtime_notifyListWait(0xc00ef66e50, 0xc)
	/usr/lib/go/src/runtime/sema.go:597 +0x159
sync.(*Cond).Wait(0xc00b4c1fd0?)
	/usr/lib/go/src/sync/cond.go:71 +0x85
github.com/centrifugal/centrifuge/internal/dissolve.(*queueImpl).Wait(0xc00ef76a10)
	/home/mariell/go/pkg/mod/github.com/centrifugal/centrifuge@v0.33.3/internal/dissolve/queue.go:139 +0x4a
github.com/centrifugal/centrifuge/internal/dissolve.(*Dissolver).runWorker(0xc003466078)
	/home/mariell/go/pkg/mod/github.com/centrifugal/centrifuge@v0.33.3/internal/dissolve/dissolve.go:52 +0x27
created by github.com/centrifugal/centrifuge/internal/dissolve.(*Dissolver).Run in goroutine 12335
	/home/mariell/go/pkg/mod/github.com/centrifugal/centrifuge@v0.33.3/internal/dissolve/dissolve.go:31 +0x25

goroutine 16351 [sync.Cond.Wait]:
sync.runtime_notifyListWait(0xc00ef66e50, 0x4)
	/usr/lib/go/src/runtime/sema.go:597 +0x159
sync.(*Cond).Wait(0x0?)
	/usr/lib/go/src/sync/cond.go:71 +0x85
github.com/centrifugal/centrifuge/internal/dissolve.(*queueImpl).Wait(0xc00ef76a10)
	/home/mariell/go/pkg/mod/github.com/centrifugal/centrifuge@v0.33.3/internal/dissolve/queue.go:139 +0x4a
github.com/centrifugal/centrifuge/internal/dissolve.(*Dissolver).runWorker(0xc003466078)
	/home/mariell/go/pkg/mod/github.com/centrifugal/centrifuge@v0.33.3/internal/dissolve/dissolve.go:52 +0x27
created by github.com/centrifugal/centrifuge/internal/dissolve.(*Dissolver).Run in goroutine 12335
	/home/mariell/go/pkg/mod/github.com/centrifugal/centrifuge@v0.33.3/internal/dissolve/dissolve.go:31 +0x25

goroutine 15268 [select]:
net/http.(*persistConn).writeLoop(0xc00564b320)
	/usr/lib/go/src/net/http/transport.go:2590 +0xe7
created by net/http.(*Transport).dialConn in goroutine 15238
	/usr/lib/go/src/net/http/transport.go:1945 +0x17a5

goroutine 22488 [sync.Cond.Wait]:
sync.runtime_notifyListWait(0xc00a914410, 0x12)
	/usr/lib/go/src/runtime/sema.go:597 +0x159
sync.(*Cond).Wait(0xc00c544fd0?)
	/usr/lib/go/src/sync/cond.go:71 +0x85
github.com/centrifugal/centrifuge/internal/dissolve.(*queueImpl).Wait(0xc00de6dab0)
	/home/mariell/go/pkg/mod/github.com/centrifugal/centrifuge@v0.33.3/internal/dissolve/queue.go:139 +0x4a
github.com/centrifugal/centrifuge/internal/dissolve.(*Dissolver).runWorker(0xc00e20d1e8)
	/home/mariell/go/pkg/mod/github.com/centrifugal/centrifuge@v0.33.3/internal/dissolve/dissolve.go:52 +0x27
created by github.com/centrifugal/centrifuge/internal/dissolve.(*Dissolver).Run in goroutine 21352
	/home/mariell/go/pkg/mod/github.com/centrifugal/centrifuge@v0.33.3/internal/dissolve/dissolve.go:31 +0x25

goroutine 16442 [sync.Cond.Wait]:
sync.runtime_notifyListWait(0xc00ef66e50, 0x37)
	/usr/lib/go/src/runtime/sema.go:597 +0x159
sync.(*Cond).Wait(0x0?)
	/usr/lib/go/src/sync/cond.go:71 +0x85
github.com/centrifugal/centrifuge/internal/dissolve.(*queueImpl).Wait(0xc00ef76a10)
	/home/mariell/go/pkg/mod/github.com/centrifugal/centrifuge@v0.33.3/internal/dissolve/queue.go:139 +0x4a
github.com/centrifugal/centrifuge/internal/dissolve.(*Dissolver).runWorker(0xc003466078)
	/home/mariell/go/pkg/mod/github.com/centrifugal/centrifuge@v0.33.3/internal/dissolve/dissolve.go:52 +0x27
created by github.com/centrifugal/centrifuge/internal/dissolve.(*Dissolver).Run in goroutine 12335
	/home/mariell/go/pkg/mod/github.com/centrifugal/centrifuge@v0.33.3/internal/dissolve/dissolve.go:31 +0x25

goroutine 16421 [sync.Cond.Wait]:
sync.runtime_notifyListWait(0xc00ef66e50, 0x1a)
	/usr/lib/go/src/runtime/sema.go:597 +0x159
sync.(*Cond).Wait(0xc00b4c57d0?)
	/usr/lib/go/src/sync/cond.go:71 +0x85
github.com/centrifugal/centrifuge/internal/dissolve.(*queueImpl).Wait(0xc00ef76a10)
	/home/mariell/go/pkg/mod/github.com/centrifugal/centrifuge@v0.33.3/internal/dissolve/queue.go:139 +0x4a
github.com/centrifugal/centrifuge/internal/dissolve.(*Dissolver).runWorker(0xc003466078)
	/home/mariell/go/pkg/mod/github.com/centrifugal/centrifuge@v0.33.3/internal/dissolve/dissolve.go:52 +0x27
created by github.com/centrifugal/centrifuge/internal/dissolve.(*Dissolver).Run in goroutine 12335
	/home/mariell/go/pkg/mod/github.com/centrifugal/centrifuge@v0.33.3/internal/dissolve/dissolve.go:31 +0x25

goroutine 52858 [sync.Cond.Wait]:
sync.runtime_notifyListWait(0xc0301d0dd0, 0x16)
	/usr/lib/go/src/runtime/sema.go:597 +0x159
sync.(*Cond).Wait(0x0?)
	/usr/lib/go/src/sync/cond.go:71 +0x85
github.com/centrifugal/centrifuge/internal/dissolve.(*queueImpl).Wait(0xc030230380)
	/home/mariell/go/pkg/mod/github.com/centrifugal/centrifuge@v0.33.3/internal/dissolve/queue.go:139 +0x4a
github.com/centrifugal/centrifuge/internal/dissolve.(*Dissolver).runWorker(0xc008ba75c0)
	/home/mariell/go/pkg/mod/github.com/centrifugal/centrifuge@v0.33.3/internal/dissolve/dissolve.go:52 +0x27
created by github.com/centrifugal/centrifuge/internal/dissolve.(*Dissolver).Run in goroutine 51765
	/home/mariell/go/pkg/mod/github.com/centrifugal/centrifuge@v0.33.3/internal/dissolve/dissolve.go:31 +0x25

goroutine 16433 [sync.Cond.Wait]:
sync.runtime_notifyListWait(0xc00ef66e50, 0x26)
	/usr/lib/go/src/runtime/sema.go:597 +0x159
sync.(*Cond).Wait(0xc00b4c47d0?)
	/usr/lib/go/src/sync/cond.go:71 +0x85
github.com/centrifugal/centrifuge/internal/dissolve.(*queueImpl).Wait(0xc00ef76a10)
	/home/mariell/go/pkg/mod/github.com/centrifugal/centrifuge@v0.33.3/internal/dissolve/queue.go:139 +0x4a
github.com/centrifugal/centrifuge/internal/dissolve.(*Dissolver).runWorker(0xc003466078)
	/home/mariell/go/pkg/mod/github.com/centrifugal/centrifuge@v0.33.3/internal/dissolve/dissolve.go:52 +0x27
created by github.com/centrifugal/centrifuge/internal/dissolve.(*Dissolver).Run in goroutine 12335
	/home/mariell/go/pkg/mod/github.com/centrifugal/centrifuge@v0.33.3/internal/dissolve/dissolve.go:31 +0x25

goroutine 17786 [chan receive]:
github.com/grafana/grafana/pkg/storage/unified/resource.(*server).initWatcher.func1.1()
	/home/mariell/work/oss/grafana/pkg/storage/unified/resource/server.go:922 +0x58
created by github.com/grafana/grafana/pkg/storage/unified/resource.(*server).initWatcher.func1 in goroutine 13128
	/home/mariell/work/oss/grafana/pkg/storage/unified/resource/server.go:921 +0xaa

goroutine 21279 [chan receive (nil chan)]:
k8s.io/apiserver/pkg/server.preparedGenericAPIServer.RunWithContext({0xa9d1cc8?}, {0xa9d1d00, 0xc00b5839f0})
	/home/mariell/go/pkg/mod/k8s.io/apiserver@v0.32.1/pkg/server/genericapiserver.go:710 +0x9c5
github.com/grafana/grafana/pkg/services/apiserver.(*service).startCoreServer.func1()
	/home/mariell/work/oss/grafana/pkg/services/apiserver/service.go:448 +0x28
created by github.com/grafana/grafana/pkg/services/apiserver.(*service).startCoreServer in goroutine 21243
	/home/mariell/work/oss/grafana/pkg/services/apiserver/service.go:447 +0x125

goroutine 16410 [sync.Cond.Wait]:
sync.runtime_notifyListWait(0xc00ef66e50, 0xf)
	/usr/lib/go/src/runtime/sema.go:597 +0x159
sync.(*Cond).Wait(0x0?)
	/usr/lib/go/src/sync/cond.go:71 +0x85
github.com/centrifugal/centrifuge/internal/dissolve.(*queueImpl).Wait(0xc00ef76a10)
	/home/mariell/go/pkg/mod/github.com/centrifugal/centrifuge@v0.33.3/internal/dissolve/queue.go:139 +0x4a
github.com/centrifugal/centrifuge/internal/dissolve.(*Dissolver).runWorker(0xc003466078)
	/home/mariell/go/pkg/mod/github.com/centrifugal/centrifuge@v0.33.3/internal/dissolve/dissolve.go:52 +0x27
created by github.com/centrifugal/centrifuge/internal/dissolve.(*Dissolver).Run in goroutine 12335
	/home/mariell/go/pkg/mod/github.com/centrifugal/centrifuge@v0.33.3/internal/dissolve/dissolve.go:31 +0x25

goroutine 16411 [sync.Cond.Wait]:
sync.runtime_notifyListWait(0xc00ef66e50, 0x10)
	/usr/lib/go/src/runtime/sema.go:597 +0x159
sync.(*Cond).Wait(0x0?)
	/usr/lib/go/src/sync/cond.go:71 +0x85
github.com/centrifugal/centrifuge/internal/dissolve.(*queueImpl).Wait(0xc00ef76a10)
	/home/mariell/go/pkg/mod/github.com/centrifugal/centrifuge@v0.33.3/internal/dissolve/queue.go:139 +0x4a
github.com/centrifugal/centrifuge/internal/dissolve.(*Dissolver).runWorker(0xc003466078)
	/home/mariell/go/pkg/mod/github.com/centrifugal/centrifuge@v0.33.3/internal/dissolve/dissolve.go:52 +0x27
created by github.com/centrifugal/centrifuge/internal/dissolve.(*Dissolver).Run in goroutine 12335
	/home/mariell/go/pkg/mod/github.com/centrifugal/centrifuge@v0.33.3/internal/dissolve/dissolve.go:31 +0x25

goroutine 16278 [select]:
github.com/grafana/grafana/pkg/storage/unified/resource.(*cache[...]).run(0xc00e9d8000)
	/home/mariell/work/oss/grafana/pkg/storage/unified/resource/broadcaster.go:291 +0xb0
created by github.com/grafana/grafana/pkg/storage/unified/resource.newChannelCache[...] in goroutine 12335
	/home/mariell/work/oss/grafana/pkg/storage/unified/resource/broadcaster.go:276 +0x189

goroutine 17724 [select]:
github.com/patrickmn/go-cache.(*janitor).Run(0xc00dce4fd0, 0xc00ff831c0)
	/home/mariell/go/pkg/mod/github.com/patrickmn/go-cache@v2.1.0+incompatible/cache.go:1079 +0x7b
created by github.com/patrickmn/go-cache.runJanitor in goroutine 13128
	/home/mariell/go/pkg/mod/github.com/patrickmn/go-cache@v2.1.0+incompatible/cache.go:1099 +0xdb

goroutine 18312 [IO wait]:
internal/poll.runtime_pollWait(0x77755832dc40, 0x72)
	/usr/lib/go/src/runtime/netpoll.go:351 +0x85
internal/poll.(*pollDesc).wait(0xc00996b780?, 0xc009a54000?, 0x0)
	/usr/lib/go/src/internal/poll/fd_poll_runtime.go:84 +0x27
internal/poll.(*pollDesc).waitRead(...)
	/usr/lib/go/src/internal/poll/fd_poll_runtime.go:89
internal/poll.(*FD).Read(0xc00996b780, {0xc009a54000, 0x1300, 0x1300})
	/usr/lib/go/src/internal/poll/fd_unix.go:165 +0x27a
net.(*netFD).Read(0xc00996b780, {0xc009a54000?, 0x0?, 0x5?})
	/usr/lib/go/src/net/fd_posix.go:55 +0x25
net.(*conn).Read(0xc01022a108, {0xc009a54000?, 0x7775585c1ee8?, 0x7775a8b293e8?})
	/usr/lib/go/src/net/net.go:194 +0x45
crypto/tls.(*atLeastReader).Read(0xc00e2841b0, {0xc009a54000?, 0x11abda20?, 0xc00f4189c8?})
	/usr/lib/go/src/crypto/tls/conn.go:809 +0x3b
bytes.(*Buffer).ReadFrom(0xc00fbb8d38, {0xa94e300, 0xc00e2841b0})
	/usr/lib/go/src/bytes/buffer.go:211 +0x98
crypto/tls.(*Conn).readFromUntil(0xc00fbb8a88, {0xa94dc00, 0xc01022a108}, 0x444af4?)
	/usr/lib/go/src/crypto/tls/conn.go:831 +0xde
crypto/tls.(*Conn).readRecordOrCCS(0xc00fbb8a88, 0x0)
	/usr/lib/go/src/crypto/tls/conn.go:629 +0x3cf
crypto/tls.(*Conn).readRecord(...)
	/usr/lib/go/src/crypto/tls/conn.go:591
crypto/tls.(*Conn).Read(0xc00fbb8a88, {0xc009c99000, 0x1000, 0xc00ea0b230?})
	/usr/lib/go/src/crypto/tls/conn.go:1385 +0x145
net/http.(*persistConn).Read(0xc001a6d9e0, {0xc009c99000?, 0x81fe45?, 0xa94be80?})
	/usr/lib/go/src/net/http/transport.go:2122 +0x47
bufio.(*Reader).fill(0xc0084b9980)
	/usr/lib/go/src/bufio/bufio.go:113 +0x103
bufio.(*Reader).Peek(0xc0084b9980, 0x1)
	/usr/lib/go/src/bufio/bufio.go:152 +0x53
net/http.(*persistConn).readLoop(0xc001a6d9e0)
	/usr/lib/go/src/net/http/transport.go:2275 +0x172
created by net/http.(*Transport).dialConn in goroutine 18196
	/usr/lib/go/src/net/http/transport.go:1944 +0x174f

goroutine 45471 [select]:
net/http.(*persistConn).writeLoop(0xc025522360)
	/usr/lib/go/src/net/http/transport.go:2590 +0xe7
created by net/http.(*Transport).dialConn in goroutine 42412
	/usr/lib/go/src/net/http/transport.go:1945 +0x17a5

goroutine 28971 [IO wait]:
internal/poll.runtime_pollWait(0x777558170f98, 0x72)
	/usr/lib/go/src/runtime/netpoll.go:351 +0x85
internal/poll.(*pollDesc).wait(0xc00e107500?, 0xc0148a6000?, 0x0)
	/usr/lib/go/src/internal/poll/fd_poll_runtime.go:84 +0x27
internal/poll.(*pollDesc).waitRead(...)
	/usr/lib/go/src/internal/poll/fd_poll_runtime.go:89
internal/poll.(*FD).Read(0xc00e107500, {0xc0148a6000, 0xa000, 0xa000})
	/usr/lib/go/src/internal/poll/fd_unix.go:165 +0x27a
net.(*netFD).Read(0xc00e107500, {0xc0148a6000?, 0xc0148a6000?, 0x5?})
	/usr/lib/go/src/net/fd_posix.go:55 +0x25
net.(*conn).Read(0xc017e2ced8, {0xc0148a6000?, 0x7775591dde50?, 0x7775a8b285c0?})
	/usr/lib/go/src/net/net.go:194 +0x45
crypto/tls.(*atLeastReader).Read(0xc015aa09d8, {0xc0148a6000?, 0x9ffb?, 0x0?})
	/usr/lib/go/src/crypto/tls/conn.go:809 +0x3b
bytes.(*Buffer).ReadFrom(0xc00de669b8, {0xa94e300, 0xc015aa09d8})
	/usr/lib/go/src/bytes/buffer.go:211 +0x98
crypto/tls.(*Conn).readFromUntil(0xc00de66708, {0xa94dc00, 0xc017e2ced8}, 0x444af4?)
	/usr/lib/go/src/crypto/tls/conn.go:831 +0xde
crypto/tls.(*Conn).readRecordOrCCS(0xc00de66708, 0x0)
	/usr/lib/go/src/crypto/tls/conn.go:629 +0x3cf
crypto/tls.(*Conn).readRecord(...)
	/usr/lib/go/src/crypto/tls/conn.go:591
crypto/tls.(*Conn).Read(0xc00de66708, {0xc014759000, 0x1000, 0xc0127f65d0?})
	/usr/lib/go/src/crypto/tls/conn.go:1385 +0x145
net/http.(*persistConn).Read(0xc0048a7200, {0xc014759000?, 0x81fe45?, 0xa94be80?})
	/usr/lib/go/src/net/http/transport.go:2122 +0x47
bufio.(*Reader).fill(0xc0146fe780)
	/usr/lib/go/src/bufio/bufio.go:113 +0x103
bufio.(*Reader).Peek(0xc0146fe780, 0x1)
	/usr/lib/go/src/bufio/bufio.go:152 +0x53
net/http.(*persistConn).readLoop(0xc0048a7200)
	/usr/lib/go/src/net/http/transport.go:2275 +0x172
created by net/http.(*Transport).dialConn in goroutine 28830
	/usr/lib/go/src/net/http/transport.go:1944 +0x174f

goroutine 21260 [IO wait]:
internal/poll.runtime_pollWait(0x77755832d150, 0x72)
	/usr/lib/go/src/runtime/netpoll.go:351 +0x85
internal/poll.(*pollDesc).wait(0xc00b246100?, 0xc00eedb900?, 0x0)
	/usr/lib/go/src/internal/poll/fd_poll_runtime.go:84 +0x27
internal/poll.(*pollDesc).waitRead(...)
	/usr/lib/go/src/internal/poll/fd_poll_runtime.go:89
internal/poll.(*FD).Read(0xc00b246100, {0xc00eedb900, 0x1300, 0x1300})
	/usr/lib/go/src/internal/poll/fd_unix.go:165 +0x27a
net.(*netFD).Read(0xc00b246100, {0xc00eedb900?, 0xc00b78c950?, 0x420db1?})
	/usr/lib/go/src/net/fd_posix.go:55 +0x25
net.(*conn).Read(0xc002ec1f30, {0xc00eedb900?, 0x777558f84028?, 0x7775a8b2b4f0?})
	/usr/lib/go/src/net/net.go:194 +0x45
crypto/tls.(*atLeastReader).Read(0xc00faecc60, {0xc00eedb900?, 0x1515d942?, 0xc00b78c9b0?})
	/usr/lib/go/src/crypto/tls/conn.go:809 +0x3b
bytes.(*Buffer).ReadFrom(0xc01006a9b8, {0xa94e300, 0xc00faecc60})
	/usr/lib/go/src/bytes/buffer.go:211 +0x98
crypto/tls.(*Conn).readFromUntil(0xc01006a708, {0xa94dc00, 0xc002ec1f30}, 0x444af4?)
	/usr/lib/go/src/crypto/tls/conn.go:831 +0xde
crypto/tls.(*Conn).readRecordOrCCS(0xc01006a708, 0x0)
	/usr/lib/go/src/crypto/tls/conn.go:629 +0x3cf
crypto/tls.(*Conn).readRecord(...)
	/usr/lib/go/src/crypto/tls/conn.go:591
crypto/tls.(*Conn).Read(0xc01006a708, {0xc00b893000, 0x1000, 0x7775a8b2b4f0?})
	/usr/lib/go/src/crypto/tls/conn.go:1385 +0x145
net/http.(*persistConn).Read(0xc003902a20, {0xc00b893000?, 0x4141c5?, 0x68?})
	/usr/lib/go/src/net/http/transport.go:2122 +0x47
bufio.(*Reader).fill(0xc00e128060)
	/usr/lib/go/src/bufio/bufio.go:113 +0x103
bufio.(*Reader).Peek(0xc00e128060, 0x1)
	/usr/lib/go/src/bufio/bufio.go:152 +0x53
net/http.(*persistConn).readLoop(0xc003902a20)
	/usr/lib/go/src/net/http/transport.go:2275 +0x172
created by net/http.(*Transport).dialConn in goroutine 20906
	/usr/lib/go/src/net/http/transport.go:1944 +0x174f

goroutine 22510 [sync.Cond.Wait]:
sync.runtime_notifyListWait(0xc00a914410, 0x28)
	/usr/lib/go/src/runtime/sema.go:597 +0x159
sync.(*Cond).Wait(0x0?)
	/usr/lib/go/src/sync/cond.go:71 +0x85
github.com/centrifugal/centrifuge/internal/dissolve.(*queueImpl).Wait(0xc00de6dab0)
	/home/mariell/go/pkg/mod/github.com/centrifugal/centrifuge@v0.33.3/internal/dissolve/queue.go:139 +0x4a
github.com/centrifugal/centrifuge/internal/dissolve.(*Dissolver).runWorker(0xc00e20d1e8)
	/home/mariell/go/pkg/mod/github.com/centrifugal/centrifuge@v0.33.3/internal/dissolve/dissolve.go:52 +0x27
created by github.com/centrifugal/centrifuge/internal/dissolve.(*Dissolver).Run in goroutine 21352
	/home/mariell/go/pkg/mod/github.com/centrifugal/centrifuge@v0.33.3/internal/dissolve/dissolve.go:31 +0x25

goroutine 16524 [select]:
github.com/patrickmn/go-cache.(*janitor).Run(0xc00f36a4c0, 0xc00f355080)
	/home/mariell/go/pkg/mod/github.com/patrickmn/go-cache@v2.1.0+incompatible/cache.go:1079 +0x7b
created by github.com/patrickmn/go-cache.runJanitor in goroutine 12335
	/home/mariell/go/pkg/mod/github.com/patrickmn/go-cache@v2.1.0+incompatible/cache.go:1099 +0xdb

goroutine 16414 [sync.Cond.Wait]:
sync.runtime_notifyListWait(0xc00ef66e50, 0x13)
	/usr/lib/go/src/runtime/sema.go:597 +0x159
sync.(*Cond).Wait(0x0?)
	/usr/lib/go/src/sync/cond.go:71 +0x85
github.com/centrifugal/centrifuge/internal/dissolve.(*queueImpl).Wait(0xc00ef76a10)
	/home/mariell/go/pkg/mod/github.com/centrifugal/centrifuge@v0.33.3/internal/dissolve/queue.go:139 +0x4a
github.com/centrifugal/centrifuge/internal/dissolve.(*Dissolver).runWorker(0xc003466078)
	/home/mariell/go/pkg/mod/github.com/centrifugal/centrifuge@v0.33.3/internal/dissolve/dissolve.go:52 +0x27
created by github.com/centrifugal/centrifuge/internal/dissolve.(*Dissolver).Run in goroutine 12335
	/home/mariell/go/pkg/mod/github.com/centrifugal/centrifuge@v0.33.3/internal/dissolve/dissolve.go:31 +0x25

goroutine 16455 [sync.Cond.Wait]:
sync.runtime_notifyListWait(0xc00ef66e50, 0x2e)
	/usr/lib/go/src/runtime/sema.go:597 +0x159
sync.(*Cond).Wait(0x0?)
	/usr/lib/go/src/sync/cond.go:71 +0x85
github.com/centrifugal/centrifuge/internal/dissolve.(*queueImpl).Wait(0xc00ef76a10)
	/home/mariell/go/pkg/mod/github.com/centrifugal/centrifuge@v0.33.3/internal/dissolve/queue.go:139 +0x4a
github.com/centrifugal/centrifuge/internal/dissolve.(*Dissolver).runWorker(0xc003466078)
	/home/mariell/go/pkg/mod/github.com/centrifugal/centrifuge@v0.33.3/internal/dissolve/dissolve.go:52 +0x27
created by github.com/centrifugal/centrifuge/internal/dissolve.(*Dissolver).Run in goroutine 12335
	/home/mariell/go/pkg/mod/github.com/centrifugal/centrifuge@v0.33.3/internal/dissolve/dissolve.go:31 +0x25

goroutine 76616 [select]:
github.com/centrifugal/centrifuge.(*historyHub).removeStreams(0xc046fd2b00)
	/home/mariell/go/pkg/mod/github.com/centrifugal/centrifuge@v0.33.3/broker_memory.go:259 +0x6f
created by github.com/centrifugal/centrifuge.(*historyHub).runCleanups in goroutine 4437
	/home/mariell/go/pkg/mod/github.com/centrifugal/centrifuge@v0.33.3/broker_memory.go:253 +0x96

goroutine 16459 [sync.Cond.Wait]:
sync.runtime_notifyListWait(0xc00ef66e50, 0x36)
	/usr/lib/go/src/runtime/sema.go:597 +0x159
sync.(*Cond).Wait(0x0?)
	/usr/lib/go/src/sync/cond.go:71 +0x85
github.com/centrifugal/centrifuge/internal/dissolve.(*queueImpl).Wait(0xc00ef76a10)
	/home/mariell/go/pkg/mod/github.com/centrifugal/centrifuge@v0.33.3/internal/dissolve/queue.go:139 +0x4a
github.com/centrifugal/centrifuge/internal/dissolve.(*Dissolver).runWorker(0xc003466078)
	/home/mariell/go/pkg/mod/github.com/centrifugal/centrifuge@v0.33.3/internal/dissolve/dissolve.go:52 +0x27
created by github.com/centrifugal/centrifuge/internal/dissolve.(*Dissolver).Run in goroutine 12335
	/home/mariell/go/pkg/mod/github.com/centrifugal/centrifuge@v0.33.3/internal/dissolve/dissolve.go:31 +0x25

goroutine 17893 [sync.Cond.Wait]:
sync.runtime_notifyListWait(0xc009ff2dd0, 0x8)
	/usr/lib/go/src/runtime/sema.go:597 +0x159
sync.(*Cond).Wait(0xc00b4d2fd0?)
	/usr/lib/go/src/sync/cond.go:71 +0x85
github.com/centrifugal/centrifuge/internal/dissolve.(*queueImpl).Wait(0xc00958cb60)
	/home/mariell/go/pkg/mod/github.com/centrifugal/centrifuge@v0.33.3/internal/dissolve/queue.go:139 +0x4a
github.com/centrifugal/centrifuge/internal/dissolve.(*Dissolver).runWorker(0xc0029ba528)
	/home/mariell/go/pkg/mod/github.com/centrifugal/centrifuge@v0.33.3/internal/dissolve/dissolve.go:52 +0x27
created by github.com/centrifugal/centrifuge/internal/dissolve.(*Dissolver).Run in goroutine 13128
	/home/mariell/go/pkg/mod/github.com/centrifugal/centrifuge@v0.33.3/internal/dissolve/dissolve.go:31 +0x25

goroutine 37525 [sync.Cond.Wait]:
sync.runtime_notifyListWait(0xc01affc250, 0x2)
	/usr/lib/go/src/runtime/sema.go:597 +0x159
sync.(*Cond).Wait(0xc01fd8a7d0?)
	/usr/lib/go/src/sync/cond.go:71 +0x85
github.com/centrifugal/centrifuge/internal/dissolve.(*queueImpl).Wait(0xc01821cd90)
	/home/mariell/go/pkg/mod/github.com/centrifugal/centrifuge@v0.33.3/internal/dissolve/queue.go:139 +0x4a
github.com/centrifugal/centrifuge/internal/dissolve.(*Dissolver).runWorker(0xc0024fff08)
	/home/mariell/go/pkg/mod/github.com/centrifugal/centrifuge@v0.33.3/internal/dissolve/dissolve.go:52 +0x27
created by github.com/centrifugal/centrifuge/internal/dissolve.(*Dissolver).Run in goroutine 36374
	/home/mariell/go/pkg/mod/github.com/centrifugal/centrifuge@v0.33.3/internal/dissolve/dissolve.go:31 +0x25

goroutine 17906 [sync.Cond.Wait]:
sync.runtime_notifyListWait(0xc009ff2dd0, 0x10)
	/usr/lib/go/src/runtime/sema.go:597 +0x159
sync.(*Cond).Wait(0x0?)
	/usr/lib/go/src/sync/cond.go:71 +0x85
github.com/centrifugal/centrifuge/internal/dissolve.(*queueImpl).Wait(0xc00958cb60)
	/home/mariell/go/pkg/mod/github.com/centrifugal/centrifuge@v0.33.3/internal/dissolve/queue.go:139 +0x4a
github.com/centrifugal/centrifuge/internal/dissolve.(*Dissolver).runWorker(0xc0029ba528)
	/home/mariell/go/pkg/mod/github.com/centrifugal/centrifuge@v0.33.3/internal/dissolve/dissolve.go:52 +0x27
created by github.com/centrifugal/centrifuge/internal/dissolve.(*Dissolver).Run in goroutine 13128
	/home/mariell/go/pkg/mod/github.com/centrifugal/centrifuge@v0.33.3/internal/dissolve/dissolve.go:31 +0x25

goroutine 16426 [sync.Cond.Wait]:
sync.runtime_notifyListWait(0xc00ef66e50, 0x1f)
	/usr/lib/go/src/runtime/sema.go:597 +0x159
sync.(*Cond).Wait(0x0?)
	/usr/lib/go/src/sync/cond.go:71 +0x85
github.com/centrifugal/centrifuge/internal/dissolve.(*queueImpl).Wait(0xc00ef76a10)
	/home/mariell/go/pkg/mod/github.com/centrifugal/centrifuge@v0.33.3/internal/dissolve/queue.go:139 +0x4a
github.com/centrifugal/centrifuge/internal/dissolve.(*Dissolver).runWorker(0xc003466078)
	/home/mariell/go/pkg/mod/github.com/centrifugal/centrifuge@v0.33.3/internal/dissolve/dissolve.go:52 +0x27
created by github.com/centrifugal/centrifuge/internal/dissolve.(*Dissolver).Run in goroutine 12335
	/home/mariell/go/pkg/mod/github.com/centrifugal/centrifuge@v0.33.3/internal/dissolve/dissolve.go:31 +0x25

goroutine 16428 [sync.Cond.Wait]:
sync.runtime_notifyListWait(0xc00ef66e50, 0x21)
	/usr/lib/go/src/runtime/sema.go:597 +0x159
sync.(*Cond).Wait(0x0?)
	/usr/lib/go/src/sync/cond.go:71 +0x85
github.com/centrifugal/centrifuge/internal/dissolve.(*queueImpl).Wait(0xc00ef76a10)
	/home/mariell/go/pkg/mod/github.com/centrifugal/centrifuge@v0.33.3/internal/dissolve/queue.go:139 +0x4a
github.com/centrifugal/centrifuge/internal/dissolve.(*Dissolver).runWorker(0xc003466078)
	/home/mariell/go/pkg/mod/github.com/centrifugal/centrifuge@v0.33.3/internal/dissolve/dissolve.go:52 +0x27
created by github.com/centrifugal/centrifuge/internal/dissolve.(*Dissolver).Run in goroutine 12335
	/home/mariell/go/pkg/mod/github.com/centrifugal/centrifuge@v0.33.3/internal/dissolve/dissolve.go:31 +0x25

goroutine 16344 [select]:
github.com/centrifugal/centrifuge.(*Node).initMetrics.func1()
	/home/mariell/go/pkg/mod/github.com/centrifugal/centrifuge@v0.33.3/node.go:365 +0x8a
created by github.com/centrifugal/centrifuge.(*Node).initMetrics in goroutine 12335
	/home/mariell/go/pkg/mod/github.com/centrifugal/centrifuge@v0.33.3/node.go:363 +0x1f9

goroutine 16402 [sync.Cond.Wait]:
sync.runtime_notifyListWait(0xc00ef66e50, 0x7)
	/usr/lib/go/src/runtime/sema.go:597 +0x159
sync.(*Cond).Wait(0x0?)
	/usr/lib/go/src/sync/cond.go:71 +0x85
github.com/centrifugal/centrifuge/internal/dissolve.(*queueImpl).Wait(0xc00ef76a10)
	/home/mariell/go/pkg/mod/github.com/centrifugal/centrifuge@v0.33.3/internal/dissolve/queue.go:139 +0x4a
github.com/centrifugal/centrifuge/internal/dissolve.(*Dissolver).runWorker(0xc003466078)
	/home/mariell/go/pkg/mod/github.com/centrifugal/centrifuge@v0.33.3/internal/dissolve/dissolve.go:52 +0x27
created by github.com/centrifugal/centrifuge/internal/dissolve.(*Dissolver).Run in goroutine 12335
	/home/mariell/go/pkg/mod/github.com/centrifugal/centrifuge@v0.33.3/internal/dissolve/dissolve.go:31 +0x25

goroutine 17895 [sync.Cond.Wait]:
sync.runtime_notifyListWait(0xc009ff2dd0, 0xa)
	/usr/lib/go/src/runtime/sema.go:597 +0x159
sync.(*Cond).Wait(0x0?)
	/usr/lib/go/src/sync/cond.go:71 +0x85
github.com/centrifugal/centrifuge/internal/dissolve.(*queueImpl).Wait(0xc00958cb60)
	/home/mariell/go/pkg/mod/github.com/centrifugal/centrifuge@v0.33.3/internal/dissolve/queue.go:139 +0x4a
github.com/centrifugal/centrifuge/internal/dissolve.(*Dissolver).runWorker(0xc0029ba528)
	/home/mariell/go/pkg/mod/github.com/centrifugal/centrifuge@v0.33.3/internal/dissolve/dissolve.go:52 +0x27
created by github.com/centrifugal/centrifuge/internal/dissolve.(*Dissolver).Run in goroutine 13128
	/home/mariell/go/pkg/mod/github.com/centrifugal/centrifuge@v0.33.3/internal/dissolve/dissolve.go:31 +0x25

goroutine 16408 [sync.Cond.Wait]:
sync.runtime_notifyListWait(0xc00ef66e50, 0xd)
	/usr/lib/go/src/runtime/sema.go:597 +0x159
sync.(*Cond).Wait(0x0?)
	/usr/lib/go/src/sync/cond.go:71 +0x85
github.com/centrifugal/centrifuge/internal/dissolve.(*queueImpl).Wait(0xc00ef76a10)
	/home/mariell/go/pkg/mod/github.com/centrifugal/centrifuge@v0.33.3/internal/dissolve/queue.go:139 +0x4a
github.com/centrifugal/centrifuge/internal/dissolve.(*Dissolver).runWorker(0xc003466078)
	/home/mariell/go/pkg/mod/github.com/centrifugal/centrifuge@v0.33.3/internal/dissolve/dissolve.go:52 +0x27
created by github.com/centrifugal/centrifuge/internal/dissolve.(*Dissolver).Run in goroutine 12335
	/home/mariell/go/pkg/mod/github.com/centrifugal/centrifuge@v0.33.3/internal/dissolve/dissolve.go:31 +0x25

goroutine 36344 [IO wait]:
internal/poll.runtime_pollWait(0x777559374830, 0x72)
	/usr/lib/go/src/runtime/netpoll.go:351 +0x85
internal/poll.(*pollDesc).wait(0xc01ba33200?, 0xc011672c00?, 0x0)
	/usr/lib/go/src/internal/poll/fd_poll_runtime.go:84 +0x27
internal/poll.(*pollDesc).waitRead(...)
	/usr/lib/go/src/internal/poll/fd_poll_runtime.go:89
internal/poll.(*FD).Read(0xc01ba33200, {0xc011672c00, 0x1300, 0x1300})
	/usr/lib/go/src/internal/poll/fd_unix.go:165 +0x27a
net.(*netFD).Read(0xc01ba33200, {0xc011672c00?, 0x0?, 0x5?})
	/usr/lib/go/src/net/fd_posix.go:55 +0x25
net.(*conn).Read(0xc00e96e258, {0xc011672c00?, 0x777559316210?, 0x7775a8b2a6c8?})
	/usr/lib/go/src/net/net.go:194 +0x45
crypto/tls.(*atLeastReader).Read(0xc008ba61e0, {0xc011672c00?, 0x50?, 0x1?})
	/usr/lib/go/src/crypto/tls/conn.go:809 +0x3b
bytes.(*Buffer).ReadFrom(0xc01c3142b8, {0xa94e300, 0xc008ba61e0})
	/usr/lib/go/src/bytes/buffer.go:211 +0x98
crypto/tls.(*Conn).readFromUntil(0xc01c314008, {0xa94dc00, 0xc00e96e258}, 0x444af4?)
	/usr/lib/go/src/crypto/tls/conn.go:831 +0xde
crypto/tls.(*Conn).readRecordOrCCS(0xc01c314008, 0x0)
	/usr/lib/go/src/crypto/tls/conn.go:629 +0x3cf
crypto/tls.(*Conn).readRecord(...)
	/usr/lib/go/src/crypto/tls/conn.go:591
crypto/tls.(*Conn).Read(0xc01c314008, {0xc01c391000, 0x1000, 0xc01c088ff0?})
	/usr/lib/go/src/crypto/tls/conn.go:1385 +0x145
net/http.(*persistConn).Read(0xc00abdfb00, {0xc01c391000?, 0x81fe45?, 0xa94be80?})
	/usr/lib/go/src/net/http/transport.go:2122 +0x47
bufio.(*Reader).fill(0xc01c38e960)
	/usr/lib/go/src/bufio/bufio.go:113 +0x103
bufio.(*Reader).Peek(0xc01c38e960, 0x1)
	/usr/lib/go/src/bufio/bufio.go:152 +0x53
net/http.(*persistConn).readLoop(0xc00abdfb00)
	/usr/lib/go/src/net/http/transport.go:2275 +0x172
created by net/http.(*Transport).dialConn in goroutine 34923
	/usr/lib/go/src/net/http/transport.go:1944 +0x174f

goroutine 16279 [select]:
github.com/grafana/grafana/pkg/storage/unified/resource.(*broadcaster[...]).stream(0xab113a0, 0xc003780cb0)
	/home/mariell/work/oss/grafana/pkg/storage/unified/resource/broadcaster.go:205 +0x13d
created by github.com/grafana/grafana/pkg/storage/unified/resource.(*broadcaster[...]).init in goroutine 12335
	/home/mariell/work/oss/grafana/pkg/storage/unified/resource/broadcaster.go:177 +0x219

goroutine 21004 [sync.Cond.Wait]:
sync.runtime_notifyListWait(0xc00b15c310, 0x1)
	/usr/lib/go/src/runtime/sema.go:597 +0x159
sync.(*Cond).Wait(0x0?)
	/usr/lib/go/src/sync/cond.go:71 +0x85
github.com/centrifugal/centrifuge/internal/dissolve.(*queueImpl).Wait(0xc00b2a7340)
	/home/mariell/go/pkg/mod/github.com/centrifugal/centrifuge@v0.33.3/internal/dissolve/queue.go:139 +0x4a
github.com/centrifugal/centrifuge/internal/dissolve.(*Dissolver).runWorker(0xc010c1ed20)
	/home/mariell/go/pkg/mod/github.com/centrifugal/centrifuge@v0.33.3/internal/dissolve/dissolve.go:52 +0x27
created by github.com/centrifugal/centrifuge/internal/dissolve.(*Dissolver).Run in goroutine 19735
	/home/mariell/go/pkg/mod/github.com/centrifugal/centrifuge@v0.33.3/internal/dissolve/dissolve.go:31 +0x25

goroutine 15296 [chan receive (nil chan)]:
k8s.io/apiserver/pkg/server.preparedGenericAPIServer.RunWithContext.func5()
	/home/mariell/go/pkg/mod/k8s.io/apiserver@v0.32.1/pkg/server/genericapiserver.go:598 +0x37
created by k8s.io/apiserver/pkg/server.preparedGenericAPIServer.RunWithContext in goroutine 15289
	/home/mariell/go/pkg/mod/k8s.io/apiserver@v0.32.1/pkg/server/genericapiserver.go:597 +0x60b

goroutine 30420 [select]:
net/http.(*persistConn).writeLoop(0xc004088240)
	/usr/lib/go/src/net/http/transport.go:2590 +0xe7
created by net/http.(*Transport).dialConn in goroutine 30347
	/usr/lib/go/src/net/http/transport.go:1945 +0x17a5

goroutine 30120 [sync.Cond.Wait]:
sync.runtime_notifyListWait(0xc0029f6450, 0x30)
	/usr/lib/go/src/runtime/sema.go:597 +0x159
sync.(*Cond).Wait(0x0?)
	/usr/lib/go/src/sync/cond.go:71 +0x85
github.com/centrifugal/centrifuge/internal/dissolve.(*queueImpl).Wait(0xc00ccdc000)
	/home/mariell/go/pkg/mod/github.com/centrifugal/centrifuge@v0.33.3/internal/dissolve/queue.go:139 +0x4a
github.com/centrifugal/centrifuge/internal/dissolve.(*Dissolver).runWorker(0xc00e0b3c50)
	/home/mariell/go/pkg/mod/github.com/centrifugal/centrifuge@v0.33.3/internal/dissolve/dissolve.go:52 +0x27
created by github.com/centrifugal/centrifuge/internal/dissolve.(*Dissolver).Run in goroutine 28801
	/home/mariell/go/pkg/mod/github.com/centrifugal/centrifuge@v0.33.3/internal/dissolve/dissolve.go:31 +0x25

goroutine 16431 [sync.Cond.Wait]:
sync.runtime_notifyListWait(0xc00ef66e50, 0x0)
	/usr/lib/go/src/runtime/sema.go:597 +0x159
sync.(*Cond).Wait(0x0?)
	/usr/lib/go/src/sync/cond.go:71 +0x85
github.com/centrifugal/centrifuge/internal/dissolve.(*queueImpl).Wait(0xc00ef76a10)
	/home/mariell/go/pkg/mod/github.com/centrifugal/centrifuge@v0.33.3/internal/dissolve/queue.go:139 +0x4a
github.com/centrifugal/centrifuge/internal/dissolve.(*Dissolver).runWorker(0xc003466078)
	/home/mariell/go/pkg/mod/github.com/centrifugal/centrifuge@v0.33.3/internal/dissolve/dissolve.go:52 +0x27
created by github.com/centrifugal/centrifuge/internal/dissolve.(*Dissolver).Run in goroutine 12335
	/home/mariell/go/pkg/mod/github.com/centrifugal/centrifuge@v0.33.3/internal/dissolve/dissolve.go:31 +0x25

goroutine 16383 [select]:
github.com/centrifugal/centrifuge.(*historyHub).expireStreams(0xc00ef3da00)
	/home/mariell/go/pkg/mod/github.com/centrifugal/centrifuge@v0.33.3/broker_memory.go:298 +0x75
created by github.com/centrifugal/centrifuge.(*historyHub).runCleanups in goroutine 12335
	/home/mariell/go/pkg/mod/github.com/centrifugal/centrifuge@v0.33.3/broker_memory.go:252 +0x56

goroutine 16346 [select]:
github.com/centrifugal/centrifuge.(*Node).cleanNodeInfo(0xc0044a8008)
	/home/mariell/go/pkg/mod/github.com/centrifugal/centrifuge@v0.33.3/node.go:394 +0x90
created by github.com/centrifugal/centrifuge.(*Node).Run in goroutine 12335
	/home/mariell/go/pkg/mod/github.com/centrifugal/centrifuge@v0.33.3/node.go:261 +0x265

goroutine 15289 [chan receive (nil chan)]:
k8s.io/apiserver/pkg/server.preparedGenericAPIServer.RunWithContext({0x0?}, {0xa9d1d00, 0xc00b266fa0})
	/home/mariell/go/pkg/mod/k8s.io/apiserver@v0.32.1/pkg/server/genericapiserver.go:710 +0x9c5
github.com/grafana/grafana/pkg/services/apiserver.(*service).startCoreServer.func1()
	/home/mariell/work/oss/grafana/pkg/services/apiserver/service.go:448 +0x28
created by github.com/grafana/grafana/pkg/services/apiserver.(*service).startCoreServer in goroutine 14683
	/home/mariell/work/oss/grafana/pkg/services/apiserver/service.go:447 +0x125

goroutine 15288 [select]:
k8s.io/apimachinery/pkg/util/wait.BackoffUntil(0xc00a915600, {0xa95ac00, 0xc00dd0b320}, 0x1, 0xc004a81420)
	/home/mariell/go/pkg/mod/k8s.io/apimachinery@v0.32.1/pkg/util/wait/backoff.go:238 +0x12c
k8s.io/apimachinery/pkg/util/wait.JitterUntil(0xc00a915600, 0x3b9aca00, 0x3ff3333333333333, 0x1, 0xc004a81420)
	/home/mariell/go/pkg/mod/k8s.io/apimachinery@v0.32.1/pkg/util/wait/backoff.go:204 +0x7f
created by k8s.io/apiserver/pkg/registry/generic/registry.(*Store).startObservingCount in goroutine 14683
	/home/mariell/go/pkg/mod/k8s.io/apiserver@v0.32.1/pkg/registry/generic/registry/store.go:1666 +0x2f9

goroutine 15287 [select]:
k8s.io/apimachinery/pkg/util/wait.BackoffUntil(0xc00dfe5540, {0xa95ac00, 0xc00d5ae0c0}, 0x1, 0xc00dec50a0)
	/home/mariell/go/pkg/mod/k8s.io/apimachinery@v0.32.1/pkg/util/wait/backoff.go:238 +0x12c
k8s.io/apimachinery/pkg/util/wait.JitterUntil(0xc00dfe5540, 0x3b9aca00, 0x3ff3333333333333, 0x1, 0xc00dec50a0)
	/home/mariell/go/pkg/mod/k8s.io/apimachinery@v0.32.1/pkg/util/wait/backoff.go:204 +0x7f
created by k8s.io/apiserver/pkg/registry/generic/registry.(*Store).startObservingCount in goroutine 14683
	/home/mariell/go/pkg/mod/k8s.io/apiserver@v0.32.1/pkg/registry/generic/registry/store.go:1666 +0x2f9

goroutine 15286 [select]:
k8s.io/apimachinery/pkg/util/wait.BackoffUntil(0xc00dfe5400, {0xa95ac00, 0xc00dd0b2f0}, 0x1, 0xc00dec5030)
	/home/mariell/go/pkg/mod/k8s.io/apimachinery@v0.32.1/pkg/util/wait/backoff.go:238 +0x12c
k8s.io/apimachinery/pkg/util/wait.JitterUntil(0xc00dfe5400, 0x3b9aca00, 0x3ff3333333333333, 0x1, 0xc00dec5030)
	/home/mariell/go/pkg/mod/k8s.io/apimachinery@v0.32.1/pkg/util/wait/backoff.go:204 +0x7f
created by k8s.io/apiserver/pkg/registry/generic/registry.(*Store).startObservingCount in goroutine 14683
	/home/mariell/go/pkg/mod/k8s.io/apiserver@v0.32.1/pkg/registry/generic/registry/store.go:1666 +0x2f9

goroutine 16429 [sync.Cond.Wait]:
sync.runtime_notifyListWait(0xc00ef66e50, 0x22)
	/usr/lib/go/src/runtime/sema.go:597 +0x159
sync.(*Cond).Wait(0x0?)
	/usr/lib/go/src/sync/cond.go:71 +0x85
github.com/centrifugal/centrifuge/internal/dissolve.(*queueImpl).Wait(0xc00ef76a10)
	/home/mariell/go/pkg/mod/github.com/centrifugal/centrifuge@v0.33.3/internal/dissolve/queue.go:139 +0x4a
github.com/centrifugal/centrifuge/internal/dissolve.(*Dissolver).runWorker(0xc003466078)
	/home/mariell/go/pkg/mod/github.com/centrifugal/centrifuge@v0.33.3/internal/dissolve/dissolve.go:52 +0x27
created by github.com/centrifugal/centrifuge/internal/dissolve.(*Dissolver).Run in goroutine 12335
	/home/mariell/go/pkg/mod/github.com/centrifugal/centrifuge@v0.33.3/internal/dissolve/dissolve.go:31 +0x25

goroutine 15315 [select]:
go.opentelemetry.io/otel/sdk/trace.(*batchSpanProcessor).processQueue(0xc0050afcc0)
	/home/mariell/go/pkg/mod/go.opentelemetry.io/otel/sdk@v1.34.0/trace/batch_span_processor.go:302 +0x114
go.opentelemetry.io/otel/sdk/trace.NewBatchSpanProcessor.func1()
	/home/mariell/go/pkg/mod/go.opentelemetry.io/otel/sdk@v1.34.0/trace/batch_span_processor.go:117 +0x4e
created by go.opentelemetry.io/otel/sdk/trace.NewBatchSpanProcessor in goroutine 12335
	/home/mariell/go/pkg/mod/go.opentelemetry.io/otel/sdk@v1.34.0/trace/batch_span_processor.go:115 +0x2d9

goroutine 15319 [select]:
database/sql.(*DB).connectionCleaner(0xc003af4b60, 0xc0081fd110?)
	/usr/lib/go/src/database/sql/sql.go:1104 +0x9c
created by database/sql.(*DB).startCleanerLocked in goroutine 12335
	/usr/lib/go/src/database/sql/sql.go:1091 +0x105

goroutine 16347 [select]:
github.com/centrifugal/centrifuge.(*Node).updateMetrics(0xc0044a8008)
	/home/mariell/go/pkg/mod/github.com/centrifugal/centrifuge@v0.33.3/node.go:335 +0x85
created by github.com/centrifugal/centrifuge.(*Node).Run in goroutine 12335
	/home/mariell/go/pkg/mod/github.com/centrifugal/centrifuge@v0.33.3/node.go:262 +0x2a5

goroutine 18092 [select]:
github.com/patrickmn/go-cache.(*janitor).Run(0xc009d01470, 0xc006d0b580)
	/home/mariell/go/pkg/mod/github.com/patrickmn/go-cache@v2.1.0+incompatible/cache.go:1079 +0x7b
created by github.com/patrickmn/go-cache.runJanitor in goroutine 13128
	/home/mariell/go/pkg/mod/github.com/patrickmn/go-cache@v2.1.0+incompatible/cache.go:1099 +0xdb

goroutine 55891 [sync.Cond.Wait]:
sync.runtime_notifyListWait(0xc022793e10, 0x16)
	/usr/lib/go/src/runtime/sema.go:597 +0x159
sync.(*Cond).Wait(0x0?)
	/usr/lib/go/src/sync/cond.go:71 +0x85
github.com/centrifugal/centrifuge/internal/dissolve.(*queueImpl).Wait(0xc01100c540)
	/home/mariell/go/pkg/mod/github.com/centrifugal/centrifuge@v0.33.3/internal/dissolve/queue.go:139 +0x4a
github.com/centrifugal/centrifuge/internal/dissolve.(*Dissolver).runWorker(0xc02431b8f0)
	/home/mariell/go/pkg/mod/github.com/centrifugal/centrifuge@v0.33.3/internal/dissolve/dissolve.go:52 +0x27
created by github.com/centrifugal/centrifuge/internal/dissolve.(*Dissolver).Run in goroutine 54803
	/home/mariell/go/pkg/mod/github.com/centrifugal/centrifuge@v0.33.3/internal/dissolve/dissolve.go:31 +0x25

goroutine 22512 [sync.Cond.Wait]:
sync.runtime_notifyListWait(0xc00a914410, 0x2a)
	/usr/lib/go/src/runtime/sema.go:597 +0x159
sync.(*Cond).Wait(0xc0071a97d0?)
	/usr/lib/go/src/sync/cond.go:71 +0x85
github.com/centrifugal/centrifuge/internal/dissolve.(*queueImpl).Wait(0xc00de6dab0)
	/home/mariell/go/pkg/mod/github.com/centrifugal/centrifuge@v0.33.3/internal/dissolve/queue.go:139 +0x4a
github.com/centrifugal/centrifuge/internal/dissolve.(*Dissolver).runWorker(0xc00e20d1e8)
	/home/mariell/go/pkg/mod/github.com/centrifugal/centrifuge@v0.33.3/internal/dissolve/dissolve.go:52 +0x27
created by github.com/centrifugal/centrifuge/internal/dissolve.(*Dissolver).Run in goroutine 21352
	/home/mariell/go/pkg/mod/github.com/centrifugal/centrifuge@v0.33.3/internal/dissolve/dissolve.go:31 +0x25

goroutine 16227 [select]:
github.com/patrickmn/go-cache.(*janitor).Run(0xc00e9a94a0, 0xc00d656180)
	/home/mariell/go/pkg/mod/github.com/patrickmn/go-cache@v2.1.0+incompatible/cache.go:1079 +0x7b
created by github.com/patrickmn/go-cache.runJanitor in goroutine 12335
	/home/mariell/go/pkg/mod/github.com/patrickmn/go-cache@v2.1.0+incompatible/cache.go:1099 +0xdb

goroutine 30351 [select]:
go.opentelemetry.io/otel/sdk/trace.(*batchSpanProcessor).processQueue(0xc00cf96fa0)
	/home/mariell/go/pkg/mod/go.opentelemetry.io/otel/sdk@v1.34.0/trace/batch_span_processor.go:302 +0x114
go.opentelemetry.io/otel/sdk/trace.NewBatchSpanProcessor.func1()
	/home/mariell/go/pkg/mod/go.opentelemetry.io/otel/sdk@v1.34.0/trace/batch_span_processor.go:117 +0x4e
created by go.opentelemetry.io/otel/sdk/trace.NewBatchSpanProcessor in goroutine 28801
	/home/mariell/go/pkg/mod/go.opentelemetry.io/otel/sdk@v1.34.0/trace/batch_span_processor.go:115 +0x2d9

goroutine 17875 [select]:
github.com/centrifugal/centrifuge.(*MemoryBroker).expireResultCache(0xc009604080)
	/home/mariell/go/pkg/mod/github.com/centrifugal/centrifuge@v0.33.3/broker_memory.go:160 +0x68
created by github.com/centrifugal/centrifuge.(*MemoryBroker).Run in goroutine 13128
	/home/mariell/go/pkg/mod/github.com/centrifugal/centrifuge@v0.33.3/broker_memory.go:73 +0x7f

goroutine 39030 [sync.Cond.Wait]:
sync.runtime_notifyListWait(0xc01fe50bd0, 0x14)
	/usr/lib/go/src/runtime/sema.go:597 +0x159
sync.(*Cond).Wait(0x0?)
	/usr/lib/go/src/sync/cond.go:71 +0x85
github.com/centrifugal/centrifuge/internal/dissolve.(*queueImpl).Wait(0xc00bf5ccb0)
	/home/mariell/go/pkg/mod/github.com/centrifugal/centrifuge@v0.33.3/internal/dissolve/queue.go:139 +0x4a
github.com/centrifugal/centrifuge/internal/dissolve.(*Dissolver).runWorker(0xc017ecc900)
	/home/mariell/go/pkg/mod/github.com/centrifugal/centrifuge@v0.33.3/internal/dissolve/dissolve.go:52 +0x27
created by github.com/centrifugal/centrifuge/internal/dissolve.(*Dissolver).Run in goroutine 37971
	/home/mariell/go/pkg/mod/github.com/centrifugal/centrifuge@v0.33.3/internal/dissolve/dissolve.go:31 +0x25

goroutine 74007 [select]:
github.com/patrickmn/go-cache.(*janitor).Run(0xc02602f690, 0xc0144adec0)
	/home/mariell/go/pkg/mod/github.com/patrickmn/go-cache@v2.1.0+incompatible/cache.go:1079 +0x7b
created by github.com/patrickmn/go-cache.runJanitor in goroutine 3349
	/home/mariell/go/pkg/mod/github.com/patrickmn/go-cache@v2.1.0+incompatible/cache.go:1099 +0xdb

goroutine 17902 [sync.Cond.Wait]:
sync.runtime_notifyListWait(0xc009ff2dd0, 0x23)
	/usr/lib/go/src/runtime/sema.go:597 +0x159
sync.(*Cond).Wait(0xc00b4f4fd0?)
	/usr/lib/go/src/sync/cond.go:71 +0x85
github.com/centrifugal/centrifuge/internal/dissolve.(*queueImpl).Wait(0xc00958cb60)
	/home/mariell/go/pkg/mod/github.com/centrifugal/centrifuge@v0.33.3/internal/dissolve/queue.go:139 +0x4a
github.com/centrifugal/centrifuge/internal/dissolve.(*Dissolver).runWorker(0xc0029ba528)
	/home/mariell/go/pkg/mod/github.com/centrifugal/centrifuge@v0.33.3/internal/dissolve/dissolve.go:52 +0x27
created by github.com/centrifugal/centrifuge/internal/dissolve.(*Dissolver).Run in goroutine 13128
	/home/mariell/go/pkg/mod/github.com/centrifugal/centrifuge@v0.33.3/internal/dissolve/dissolve.go:31 +0x25

goroutine 16451 [sync.Cond.Wait]:
sync.runtime_notifyListWait(0xc00ef66e50, 0x24)
	/usr/lib/go/src/runtime/sema.go:597 +0x159
sync.(*Cond).Wait(0x0?)
	/usr/lib/go/src/sync/cond.go:71 +0x85
github.com/centrifugal/centrifuge/internal/dissolve.(*queueImpl).Wait(0xc00ef76a10)
	/home/mariell/go/pkg/mod/github.com/centrifugal/centrifuge@v0.33.3/internal/dissolve/queue.go:139 +0x4a
github.com/centrifugal/centrifuge/internal/dissolve.(*Dissolver).runWorker(0xc003466078)
	/home/mariell/go/pkg/mod/github.com/centrifugal/centrifuge@v0.33.3/internal/dissolve/dissolve.go:52 +0x27
created by github.com/centrifugal/centrifuge/internal/dissolve.(*Dissolver).Run in goroutine 12335
	/home/mariell/go/pkg/mod/github.com/centrifugal/centrifuge@v0.33.3/internal/dissolve/dissolve.go:31 +0x25

goroutine 45593 [select]:
k8s.io/apimachinery/pkg/util/wait.BackoffUntil(0xc027aa38c0, {0xa95ac00, 0xc0271dcde0}, 0x1, 0xc0279ee4d0)
	/home/mariell/go/pkg/mod/k8s.io/apimachinery@v0.32.1/pkg/util/wait/backoff.go:238 +0x12c
k8s.io/apimachinery/pkg/util/wait.JitterUntil(0xc027aa38c0, 0x3b9aca00, 0x3ff3333333333333, 0x1, 0xc0279ee4d0)
	/home/mariell/go/pkg/mod/k8s.io/apimachinery@v0.32.1/pkg/util/wait/backoff.go:204 +0x7f
created by k8s.io/apiserver/pkg/registry/generic/registry.(*Store).startObservingCount in goroutine 45410
	/home/mariell/go/pkg/mod/k8s.io/apiserver@v0.32.1/pkg/registry/generic/registry/store.go:1666 +0x2f9

goroutine 16450 [sync.Cond.Wait]:
sync.runtime_notifyListWait(0xc00ef66e50, 0x3f)
	/usr/lib/go/src/runtime/sema.go:597 +0x159
sync.(*Cond).Wait(0x0?)
	/usr/lib/go/src/sync/cond.go:71 +0x85
github.com/centrifugal/centrifuge/internal/dissolve.(*queueImpl).Wait(0xc00ef76a10)
	/home/mariell/go/pkg/mod/github.com/centrifugal/centrifuge@v0.33.3/internal/dissolve/queue.go:139 +0x4a
github.com/centrifugal/centrifuge/internal/dissolve.(*Dissolver).runWorker(0xc003466078)
	/home/mariell/go/pkg/mod/github.com/centrifugal/centrifuge@v0.33.3/internal/dissolve/dissolve.go:52 +0x27
created by github.com/centrifugal/centrifuge/internal/dissolve.(*Dissolver).Run in goroutine 12335
	/home/mariell/go/pkg/mod/github.com/centrifugal/centrifuge@v0.33.3/internal/dissolve/dissolve.go:31 +0x25

goroutine 16803 [select]:
k8s.io/apimachinery/pkg/util/wait.BackoffUntil(0xc00fc73200, {0xa95ac00, 0xc00fa91d70}, 0x1, 0xc00fc3ea10)
	/home/mariell/go/pkg/mod/k8s.io/apimachinery@v0.32.1/pkg/util/wait/backoff.go:238 +0x12c
k8s.io/apimachinery/pkg/util/wait.JitterUntil(0xc00fc73200, 0x3b9aca00, 0x3ff3333333333333, 0x1, 0xc00fc3ea10)
	/home/mariell/go/pkg/mod/k8s.io/apimachinery@v0.32.1/pkg/util/wait/backoff.go:204 +0x7f
created by k8s.io/apiserver/pkg/registry/generic/registry.(*Store).startObservingCount in goroutine 16642
	/home/mariell/go/pkg/mod/k8s.io/apiserver@v0.32.1/pkg/registry/generic/registry/store.go:1666 +0x2f9

goroutine 23855 [select]:
github.com/patrickmn/go-cache.(*janitor).Run(0xc00f7b7c80, 0xc00ef58940)
	/home/mariell/go/pkg/mod/github.com/patrickmn/go-cache@v2.1.0+incompatible/cache.go:1079 +0x7b
created by github.com/patrickmn/go-cache.runJanitor in goroutine 22319
	/home/mariell/go/pkg/mod/github.com/patrickmn/go-cache@v2.1.0+incompatible/cache.go:1099 +0xdb

goroutine 40420 [select]:
github.com/grafana/grafana/pkg/storage/unified/resource.(*broadcaster[...]).stream(0xab113a0, 0xc02221ea10)
	/home/mariell/work/oss/grafana/pkg/storage/unified/resource/broadcaster.go:205 +0x13d
created by github.com/grafana/grafana/pkg/storage/unified/resource.(*broadcaster[...]).init in goroutine 36287
	/home/mariell/work/oss/grafana/pkg/storage/unified/resource/broadcaster.go:177 +0x219

goroutine 20932 [select]:
github.com/centrifugal/centrifuge.(*historyHub).removeStreams(0xc00b28d580)
	/home/mariell/go/pkg/mod/github.com/centrifugal/centrifuge@v0.33.3/broker_memory.go:259 +0x6f
created by github.com/centrifugal/centrifuge.(*historyHub).runCleanups in goroutine 19735
	/home/mariell/go/pkg/mod/github.com/centrifugal/centrifuge@v0.33.3/broker_memory.go:253 +0x96

goroutine 16452 [sync.Cond.Wait]:
sync.runtime_notifyListWait(0xc00ef66e50, 0x27)
	/usr/lib/go/src/runtime/sema.go:597 +0x159
sync.(*Cond).Wait(0x0?)
	/usr/lib/go/src/sync/cond.go:71 +0x85
github.com/centrifugal/centrifuge/internal/dissolve.(*queueImpl).Wait(0xc00ef76a10)
	/home/mariell/go/pkg/mod/github.com/centrifugal/centrifuge@v0.33.3/internal/dissolve/queue.go:139 +0x4a
github.com/centrifugal/centrifuge/internal/dissolve.(*Dissolver).runWorker(0xc003466078)
	/home/mariell/go/pkg/mod/github.com/centrifugal/centrifuge@v0.33.3/internal/dissolve/dissolve.go:52 +0x27
created by github.com/centrifugal/centrifuge/internal/dissolve.(*Dissolver).Run in goroutine 12335
	/home/mariell/go/pkg/mod/github.com/centrifugal/centrifuge@v0.33.3/internal/dissolve/dissolve.go:31 +0x25

goroutine 16448 [sync.Cond.Wait]:
sync.runtime_notifyListWait(0xc00ef66e50, 0x3d)
	/usr/lib/go/src/runtime/sema.go:597 +0x159
sync.(*Cond).Wait(0x0?)
	/usr/lib/go/src/sync/cond.go:71 +0x85
github.com/centrifugal/centrifuge/internal/dissolve.(*queueImpl).Wait(0xc00ef76a10)
	/home/mariell/go/pkg/mod/github.com/centrifugal/centrifuge@v0.33.3/internal/dissolve/queue.go:139 +0x4a
github.com/centrifugal/centrifuge/internal/dissolve.(*Dissolver).runWorker(0xc003466078)
	/home/mariell/go/pkg/mod/github.com/centrifugal/centrifuge@v0.33.3/internal/dissolve/dissolve.go:52 +0x27
created by github.com/centrifugal/centrifuge/internal/dissolve.(*Dissolver).Run in goroutine 12335
	/home/mariell/go/pkg/mod/github.com/centrifugal/centrifuge@v0.33.3/internal/dissolve/dissolve.go:31 +0x25

goroutine 16447 [sync.Cond.Wait]:
sync.runtime_notifyListWait(0xc00ef66e50, 0x3c)
	/usr/lib/go/src/runtime/sema.go:597 +0x159
sync.(*Cond).Wait(0x0?)
	/usr/lib/go/src/sync/cond.go:71 +0x85
github.com/centrifugal/centrifuge/internal/dissolve.(*queueImpl).Wait(0xc00ef76a10)
	/home/mariell/go/pkg/mod/github.com/centrifugal/centrifuge@v0.33.3/internal/dissolve/queue.go:139 +0x4a
github.com/centrifugal/centrifuge/internal/dissolve.(*Dissolver).runWorker(0xc003466078)
	/home/mariell/go/pkg/mod/github.com/centrifugal/centrifuge@v0.33.3/internal/dissolve/dissolve.go:52 +0x27
created by github.com/centrifugal/centrifuge/internal/dissolve.(*Dissolver).Run in goroutine 12335
	/home/mariell/go/pkg/mod/github.com/centrifugal/centrifuge@v0.33.3/internal/dissolve/dissolve.go:31 +0x25

goroutine 19712 [IO wait]:
internal/poll.runtime_pollWait(0x77755832da10, 0x72)
	/usr/lib/go/src/runtime/netpoll.go:351 +0x85
internal/poll.(*pollDesc).wait(0xc00e591680?, 0xc009ab5300?, 0x0)
	/usr/lib/go/src/internal/poll/fd_poll_runtime.go:84 +0x27
internal/poll.(*pollDesc).waitRead(...)
	/usr/lib/go/src/internal/poll/fd_poll_runtime.go:89
internal/poll.(*FD).Read(0xc00e591680, {0xc009ab5300, 0x1300, 0x1300})
	/usr/lib/go/src/internal/poll/fd_unix.go:165 +0x27a
net.(*netFD).Read(0xc00e591680, {0xc009ab5300?, 0xc010a1ed74?, 0xc010a1ed78?})
	/usr/lib/go/src/net/fd_posix.go:55 +0x25
net.(*conn).Read(0xc003318770, {0xc009ab5300?, 0x7775584e6968?, 0x7775a8b2b038?})
	/usr/lib/go/src/net/net.go:194 +0x45
crypto/tls.(*atLeastReader).Read(0xc0101a24f8, {0xc009ab5300?, 0xc0099dd998?, 0xaaa0878?})
	/usr/lib/go/src/crypto/tls/conn.go:809 +0x3b
bytes.(*Buffer).ReadFrom(0xc00eb98638, {0xa94e300, 0xc0101a24f8})
	/usr/lib/go/src/bytes/buffer.go:211 +0x98
crypto/tls.(*Conn).readFromUntil(0xc00eb98388, {0xa94dc00, 0xc003318770}, 0x444af4?)
	/usr/lib/go/src/crypto/tls/conn.go:831 +0xde
crypto/tls.(*Conn).readRecordOrCCS(0xc00eb98388, 0x0)
	/usr/lib/go/src/crypto/tls/conn.go:629 +0x3cf
crypto/tls.(*Conn).readRecord(...)
	/usr/lib/go/src/crypto/tls/conn.go:591
crypto/tls.(*Conn).Read(0xc00eb98388, {0xc00ecf5000, 0x1000, 0x7775a8b2b038?})
	/usr/lib/go/src/crypto/tls/conn.go:1385 +0x145
net/http.(*persistConn).Read(0xc00eadc360, {0xc00ecf5000?, 0x4141c5?, 0x68?})
	/usr/lib/go/src/net/http/transport.go:2122 +0x47
bufio.(*Reader).fill(0xc00ecc9c80)
	/usr/lib/go/src/bufio/bufio.go:113 +0x103
bufio.(*Reader).Peek(0xc00ecc9c80, 0x1)
	/usr/lib/go/src/bufio/bufio.go:152 +0x53
net/http.(*persistConn).readLoop(0xc00eadc360)
	/usr/lib/go/src/net/http/transport.go:2275 +0x172
created by net/http.(*Transport).dialConn in goroutine 19687
	/usr/lib/go/src/net/http/transport.go:1944 +0x174f

goroutine 16449 [sync.Cond.Wait]:
sync.runtime_notifyListWait(0xc00ef66e50, 0x3e)
	/usr/lib/go/src/runtime/sema.go:597 +0x159
sync.(*Cond).Wait(0xc0096ef7d0?)
	/usr/lib/go/src/sync/cond.go:71 +0x85
github.com/centrifugal/centrifuge/internal/dissolve.(*queueImpl).Wait(0xc00ef76a10)
	/home/mariell/go/pkg/mod/github.com/centrifugal/centrifuge@v0.33.3/internal/dissolve/queue.go:139 +0x4a
github.com/centrifugal/centrifuge/internal/dissolve.(*Dissolver).runWorker(0xc003466078)
	/home/mariell/go/pkg/mod/github.com/centrifugal/centrifuge@v0.33.3/internal/dissolve/dissolve.go:52 +0x27
created by github.com/centrifugal/centrifuge/internal/dissolve.(*Dissolver).Run in goroutine 12335
	/home/mariell/go/pkg/mod/github.com/centrifugal/centrifuge@v0.33.3/internal/dissolve/dissolve.go:31 +0x25

goroutine 22888 [select]:
k8s.io/apimachinery/pkg/util/wait.BackoffUntil(0xc00cfe9500, {0xa95ac00, 0xc00f204240}, 0x1, 0xc00f65a150)
	/home/mariell/go/pkg/mod/k8s.io/apimachinery@v0.32.1/pkg/util/wait/backoff.go:238 +0x12c
k8s.io/apimachinery/pkg/util/wait.JitterUntil(0xc00cfe9500, 0x3b9aca00, 0x3ff3333333333333, 0x1, 0xc00f65a150)
	/home/mariell/go/pkg/mod/k8s.io/apimachinery@v0.32.1/pkg/util/wait/backoff.go:204 +0x7f
created by k8s.io/apiserver/pkg/registry/generic/registry.(*Store).startObservingCount in goroutine 22757
	/home/mariell/go/pkg/mod/k8s.io/apiserver@v0.32.1/pkg/registry/generic/registry/store.go:1666 +0x2f9

goroutine 16446 [sync.Cond.Wait]:
sync.runtime_notifyListWait(0xc00ef66e50, 0x3b)
	/usr/lib/go/src/runtime/sema.go:597 +0x159
sync.(*Cond).Wait(0x0?)
	/usr/lib/go/src/sync/cond.go:71 +0x85
github.com/centrifugal/centrifuge/internal/dissolve.(*queueImpl).Wait(0xc00ef76a10)
	/home/mariell/go/pkg/mod/github.com/centrifugal/centrifuge@v0.33.3/internal/dissolve/queue.go:139 +0x4a
github.com/centrifugal/centrifuge/internal/dissolve.(*Dissolver).runWorker(0xc003466078)
	/home/mariell/go/pkg/mod/github.com/centrifugal/centrifuge@v0.33.3/internal/dissolve/dissolve.go:52 +0x27
created by github.com/centrifugal/centrifuge/internal/dissolve.(*Dissolver).Run in goroutine 12335
	/home/mariell/go/pkg/mod/github.com/centrifugal/centrifuge@v0.33.3/internal/dissolve/dissolve.go:31 +0x25

goroutine 20274 [chan receive (nil chan)]:
k8s.io/apiserver/pkg/server.preparedGenericAPIServer.RunWithContext({0xa9d1cc8?}, {0xa9d1d00, 0xc00cb5ac30})
	/home/mariell/go/pkg/mod/k8s.io/apiserver@v0.32.1/pkg/server/genericapiserver.go:710 +0x9c5
github.com/grafana/grafana/pkg/services/apiserver.(*service).startCoreServer.func1()
	/home/mariell/work/oss/grafana/pkg/services/apiserver/service.go:448 +0x28
created by github.com/grafana/grafana/pkg/services/apiserver.(*service).startCoreServer in goroutine 19261
	/home/mariell/work/oss/grafana/pkg/services/apiserver/service.go:447 +0x125

goroutine 16445 [sync.Cond.Wait]:
sync.runtime_notifyListWait(0xc00ef66e50, 0x3a)
	/usr/lib/go/src/runtime/sema.go:597 +0x159
sync.(*Cond).Wait(0x0?)
	/usr/lib/go/src/sync/cond.go:71 +0x85
github.com/centrifugal/centrifuge/internal/dissolve.(*queueImpl).Wait(0xc00ef76a10)
	/home/mariell/go/pkg/mod/github.com/centrifugal/centrifuge@v0.33.3/internal/dissolve/queue.go:139 +0x4a
github.com/centrifugal/centrifuge/internal/dissolve.(*Dissolver).runWorker(0xc003466078)
	/home/mariell/go/pkg/mod/github.com/centrifugal/centrifuge@v0.33.3/internal/dissolve/dissolve.go:52 +0x27
created by github.com/centrifugal/centrifuge/internal/dissolve.(*Dissolver).Run in goroutine 12335
	/home/mariell/go/pkg/mod/github.com/centrifugal/centrifuge@v0.33.3/internal/dissolve/dissolve.go:31 +0x25

goroutine 16771 [select]:
net/http.(*persistConn).writeLoop(0xc0015546c0)
	/usr/lib/go/src/net/http/transport.go:2590 +0xe7
created by net/http.(*Transport).dialConn in goroutine 16638
	/usr/lib/go/src/net/http/transport.go:1945 +0x17a5

goroutine 17721 [select]:
github.com/patrickmn/go-cache.(*janitor).Run(0xc00dce4d40, 0xc00ff83180)
	/home/mariell/go/pkg/mod/github.com/patrickmn/go-cache@v2.1.0+incompatible/cache.go:1079 +0x7b
created by github.com/patrickmn/go-cache.runJanitor in goroutine 13128
	/home/mariell/go/pkg/mod/github.com/patrickmn/go-cache@v2.1.0+incompatible/cache.go:1099 +0xdb

goroutine 27300 [IO wait]:
internal/poll.runtime_pollWait(0x7775581b1728, 0x72)
	/usr/lib/go/src/runtime/netpoll.go:351 +0x85
internal/poll.(*pollDesc).wait(0xc00e744480?, 0xc01482c600?, 0x0)
	/usr/lib/go/src/internal/poll/fd_poll_runtime.go:84 +0x27
internal/poll.(*pollDesc).waitRead(...)
	/usr/lib/go/src/internal/poll/fd_poll_runtime.go:89
internal/poll.(*FD).Read(0xc00e744480, {0xc01482c600, 0x1300, 0x1300})
	/usr/lib/go/src/internal/poll/fd_unix.go:165 +0x27a
net.(*netFD).Read(0xc00e744480, {0xc01482c600?, 0xc01482c600?, 0x5?})
	/usr/lib/go/src/net/fd_posix.go:55 +0x25
net.(*conn).Read(0xc004b2a450, {0xc01482c600?, 0x777558394d90?, 0x7775a8b2b038?})
	/usr/lib/go/src/net/net.go:194 +0x45
crypto/tls.(*atLeastReader).Read(0xc00f812060, {0xc01482c600?, 0x12fb?, 0x20?})
	/usr/lib/go/src/crypto/tls/conn.go:809 +0x3b
bytes.(*Buffer).ReadFrom(0xc00f2b82b8, {0xa94e300, 0xc00f812060})
	/usr/lib/go/src/bytes/buffer.go:211 +0x98
crypto/tls.(*Conn).readFromUntil(0xc00f2b8008, {0xa94dc00, 0xc004b2a450}, 0x444af4?)
	/usr/lib/go/src/crypto/tls/conn.go:831 +0xde
crypto/tls.(*Conn).readRecordOrCCS(0xc00f2b8008, 0x0)
	/usr/lib/go/src/crypto/tls/conn.go:629 +0x3cf
crypto/tls.(*Conn).readRecord(...)
	/usr/lib/go/src/crypto/tls/conn.go:591
crypto/tls.(*Conn).Read(0xc00f2b8008, {0xc00f706000, 0x1000, 0xc00e76a210?})
	/usr/lib/go/src/crypto/tls/conn.go:1385 +0x145
net/http.(*persistConn).Read(0xc0052ce120, {0xc00f706000?, 0x81fe45?, 0xa94be80?})
	/usr/lib/go/src/net/http/transport.go:2122 +0x47
bufio.(*Reader).fill(0xc014893860)
	/usr/lib/go/src/bufio/bufio.go:113 +0x103
bufio.(*Reader).Peek(0xc014893860, 0x1)
	/usr/lib/go/src/bufio/bufio.go:152 +0x53
net/http.(*persistConn).readLoop(0xc0052ce120)
	/usr/lib/go/src/net/http/transport.go:2275 +0x172
created by net/http.(*Transport).dialConn in goroutine 25918
	/usr/lib/go/src/net/http/transport.go:1944 +0x174f

goroutine 33131 [sync.Cond.Wait]:
sync.runtime_notifyListWait(0xc019c7fcd0, 0x29)
	/usr/lib/go/src/runtime/sema.go:597 +0x159
sync.(*Cond).Wait(0x0?)
	/usr/lib/go/src/sync/cond.go:71 +0x85
github.com/centrifugal/centrifuge/internal/dissolve.(*queueImpl).Wait(0xc012092e00)
	/home/mariell/go/pkg/mod/github.com/centrifugal/centrifuge@v0.33.3/internal/dissolve/queue.go:139 +0x4a
github.com/centrifugal/centrifuge/internal/dissolve.(*Dissolver).runWorker(0xc01ba3c438)
	/home/mariell/go/pkg/mod/github.com/centrifugal/centrifuge@v0.33.3/internal/dissolve/dissolve.go:52 +0x27
created by github.com/centrifugal/centrifuge/internal/dissolve.(*Dissolver).Run in goroutine 31996
	/home/mariell/go/pkg/mod/github.com/centrifugal/centrifuge@v0.33.3/internal/dissolve/dissolve.go:31 +0x25

goroutine 73670 [select]:
github.com/patrickmn/go-cache.(*janitor).Run(0xc0413bfc20, 0xc014082b00)
	/home/mariell/go/pkg/mod/github.com/patrickmn/go-cache@v2.1.0+incompatible/cache.go:1079 +0x7b
created by github.com/patrickmn/go-cache.runJanitor in goroutine 22317
	/home/mariell/go/pkg/mod/github.com/patrickmn/go-cache@v2.1.0+incompatible/cache.go:1099 +0xdb

goroutine 16444 [sync.Cond.Wait]:
sync.runtime_notifyListWait(0xc00ef66e50, 0x39)
	/usr/lib/go/src/runtime/sema.go:597 +0x159
sync.(*Cond).Wait(0x0?)
	/usr/lib/go/src/sync/cond.go:71 +0x85
github.com/centrifugal/centrifuge/internal/dissolve.(*queueImpl).Wait(0xc00ef76a10)
	/home/mariell/go/pkg/mod/github.com/centrifugal/centrifuge@v0.33.3/internal/dissolve/queue.go:139 +0x4a
github.com/centrifugal/centrifuge/internal/dissolve.(*Dissolver).runWorker(0xc003466078)
	/home/mariell/go/pkg/mod/github.com/centrifugal/centrifuge@v0.33.3/internal/dissolve/dissolve.go:52 +0x27
created by github.com/centrifugal/centrifuge/internal/dissolve.(*Dissolver).Run in goroutine 12335
	/home/mariell/go/pkg/mod/github.com/centrifugal/centrifuge@v0.33.3/internal/dissolve/dissolve.go:31 +0x25

goroutine 20215 [chan receive]:
github.com/grafana/grafana/pkg/storage/unified/resource.(*server).initWatcher.func1.1()
	/home/mariell/work/oss/grafana/pkg/storage/unified/resource/server.go:922 +0x58
created by github.com/grafana/grafana/pkg/storage/unified/resource.(*server).initWatcher.func1 in goroutine 19261
	/home/mariell/work/oss/grafana/pkg/storage/unified/resource/server.go:921 +0xaa

goroutine 19017 [select]:
k8s.io/apimachinery/pkg/util/wait.BackoffUntil(0xc008788cc0, {0xa95ac00, 0xc010c90de0}, 0x1, 0xc0050ac8c0)
	/home/mariell/go/pkg/mod/k8s.io/apimachinery@v0.32.1/pkg/util/wait/backoff.go:238 +0x12c
k8s.io/apimachinery/pkg/util/wait.JitterUntil(0xc008788cc0, 0x3b9aca00, 0x3ff3333333333333, 0x1, 0xc0050ac8c0)
	/home/mariell/go/pkg/mod/k8s.io/apimachinery@v0.32.1/pkg/util/wait/backoff.go:204 +0x7f
created by k8s.io/apiserver/pkg/registry/generic/registry.(*Store).startObservingCount in goroutine 18215
	/home/mariell/go/pkg/mod/k8s.io/apiserver@v0.32.1/pkg/registry/generic/registry/store.go:1666 +0x2f9

goroutine 16516 [select]:
github.com/patrickmn/go-cache.(*janitor).Run(0xc00f303e90, 0xc00f3327c0)
	/home/mariell/go/pkg/mod/github.com/patrickmn/go-cache@v2.1.0+incompatible/cache.go:1079 +0x7b
created by github.com/patrickmn/go-cache.runJanitor in goroutine 12335
	/home/mariell/go/pkg/mod/github.com/patrickmn/go-cache@v2.1.0+incompatible/cache.go:1099 +0xdb

goroutine 52859 [sync.Cond.Wait]:
sync.runtime_notifyListWait(0xc0301d0dd0, 0x17)
	/usr/lib/go/src/runtime/sema.go:597 +0x159
sync.(*Cond).Wait(0x0?)
	/usr/lib/go/src/sync/cond.go:71 +0x85
github.com/centrifugal/centrifuge/internal/dissolve.(*queueImpl).Wait(0xc030230380)
	/home/mariell/go/pkg/mod/github.com/centrifugal/centrifuge@v0.33.3/internal/dissolve/queue.go:139 +0x4a
github.com/centrifugal/centrifuge/internal/dissolve.(*Dissolver).runWorker(0xc008ba75c0)
	/home/mariell/go/pkg/mod/github.com/centrifugal/centrifuge@v0.33.3/internal/dissolve/dissolve.go:52 +0x27
created by github.com/centrifugal/centrifuge/internal/dissolve.(*Dissolver).Run in goroutine 51765
	/home/mariell/go/pkg/mod/github.com/centrifugal/centrifuge@v0.33.3/internal/dissolve/dissolve.go:31 +0x25

goroutine 20213 [select]:
k8s.io/apimachinery/pkg/util/wait.BackoffUntil(0xc00b50b080, {0xa95ac00, 0xc0112d4e10}, 0x1, 0xc00925f490)
	/home/mariell/go/pkg/mod/k8s.io/apimachinery@v0.32.1/pkg/util/wait/backoff.go:238 +0x12c
k8s.io/apimachinery/pkg/util/wait.JitterUntil(0xc00b50b080, 0x3b9aca00, 0x3ff3333333333333, 0x1, 0xc00925f490)
	/home/mariell/go/pkg/mod/k8s.io/apimachinery@v0.32.1/pkg/util/wait/backoff.go:204 +0x7f
created by k8s.io/apiserver/pkg/registry/generic/registry.(*Store).startObservingCount in goroutine 19261
	/home/mariell/go/pkg/mod/k8s.io/apiserver@v0.32.1/pkg/registry/generic/registry/store.go:1666 +0x2f9

goroutine 33522 [IO wait]:
internal/poll.runtime_pollWait(0x777558598f28, 0x72)
	/usr/lib/go/src/runtime/netpoll.go:351 +0x85
internal/poll.(*pollDesc).wait(0xc012349280?, 0xc00b9d0000?, 0x0)
	/usr/lib/go/src/internal/poll/fd_poll_runtime.go:84 +0x27
internal/poll.(*pollDesc).waitRead(...)
	/usr/lib/go/src/internal/poll/fd_poll_runtime.go:89
internal/poll.(*FD).Read(0xc012349280, {0xc00b9d0000, 0xa000, 0xa000})
	/usr/lib/go/src/internal/poll/fd_unix.go:165 +0x27a
net.(*netFD).Read(0xc012349280, {0xc00b9d0000?, 0xc00b9d0000?, 0x5?})
	/usr/lib/go/src/net/fd_posix.go:55 +0x25
net.(*conn).Read(0xc0161f6138, {0xc00b9d0000?, 0x7775593eaab0?, 0x7775a8b2a210?})
	/usr/lib/go/src/net/net.go:194 +0x45
crypto/tls.(*atLeastReader).Read(0xc00a1cb620, {0xc00b9d0000?, 0x9ffb?, 0xc008ed59d0?})
	/usr/lib/go/src/crypto/tls/conn.go:809 +0x3b
bytes.(*Buffer).ReadFrom(0xc007834d38, {0xa94e300, 0xc00a1cb620})
	/usr/lib/go/src/bytes/buffer.go:211 +0x98
crypto/tls.(*Conn).readFromUntil(0xc007834a88, {0xa94dc00, 0xc0161f6138}, 0x444af4?)
	/usr/lib/go/src/crypto/tls/conn.go:831 +0xde
crypto/tls.(*Conn).readRecordOrCCS(0xc007834a88, 0x0)
	/usr/lib/go/src/crypto/tls/conn.go:629 +0x3cf
crypto/tls.(*Conn).readRecord(...)
	/usr/lib/go/src/crypto/tls/conn.go:591
crypto/tls.(*Conn).Read(0xc007834a88, {0xc00b6d1000, 0x1000, 0xc00ecccf30?})
	/usr/lib/go/src/crypto/tls/conn.go:1385 +0x145
net/http.(*persistConn).Read(0xc006305e60, {0xc00b6d1000?, 0x81fe45?, 0xa94be80?})
	/usr/lib/go/src/net/http/transport.go:2122 +0x47
bufio.(*Reader).fill(0xc013864180)
	/usr/lib/go/src/bufio/bufio.go:113 +0x103
bufio.(*Reader).Peek(0xc013864180, 0x1)
	/usr/lib/go/src/bufio/bufio.go:152 +0x53
net/http.(*persistConn).readLoop(0xc006305e60)
	/usr/lib/go/src/net/http/transport.go:2275 +0x172
created by net/http.(*Transport).dialConn in goroutine 33506
	/usr/lib/go/src/net/http/transport.go:1944 +0x174f

goroutine 21944 [select]:
k8s.io/apimachinery/pkg/util/wait.BackoffUntil(0xc014101c00, {0xa95ac00, 0xc012da1890}, 0x1, 0xc014081f80)
	/home/mariell/go/pkg/mod/k8s.io/apimachinery@v0.32.1/pkg/util/wait/backoff.go:238 +0x12c
k8s.io/apimachinery/pkg/util/wait.JitterUntil(0xc014101c00, 0x3b9aca00, 0x3ff3333333333333, 0x1, 0xc014081f80)
	/home/mariell/go/pkg/mod/k8s.io/apimachinery@v0.32.1/pkg/util/wait/backoff.go:204 +0x7f
created by k8s.io/apiserver/pkg/registry/generic/registry.(*Store).startObservingCount in goroutine 21243
	/home/mariell/go/pkg/mod/k8s.io/apiserver@v0.32.1/pkg/registry/generic/registry/store.go:1666 +0x2f9

goroutine 16457 [sync.Cond.Wait]:
sync.runtime_notifyListWait(0xc00ef66e50, 0x32)
	/usr/lib/go/src/runtime/sema.go:597 +0x159
sync.(*Cond).Wait(0x0?)
	/usr/lib/go/src/sync/cond.go:71 +0x85
github.com/centrifugal/centrifuge/internal/dissolve.(*queueImpl).Wait(0xc00ef76a10)
	/home/mariell/go/pkg/mod/github.com/centrifugal/centrifuge@v0.33.3/internal/dissolve/queue.go:139 +0x4a
github.com/centrifugal/centrifuge/internal/dissolve.(*Dissolver).runWorker(0xc003466078)
	/home/mariell/go/pkg/mod/github.com/centrifugal/centrifuge@v0.33.3/internal/dissolve/dissolve.go:52 +0x27
created by github.com/centrifugal/centrifuge/internal/dissolve.(*Dissolver).Run in goroutine 12335
	/home/mariell/go/pkg/mod/github.com/centrifugal/centrifuge@v0.33.3/internal/dissolve/dissolve.go:31 +0x25

goroutine 18094 [select]:
github.com/patrickmn/go-cache.(*janitor).Run(0xc00a2c79e0, 0xc006d0be80)
	/home/mariell/go/pkg/mod/github.com/patrickmn/go-cache@v2.1.0+incompatible/cache.go:1079 +0x7b
created by github.com/patrickmn/go-cache.runJanitor in goroutine 13128
	/home/mariell/go/pkg/mod/github.com/patrickmn/go-cache@v2.1.0+incompatible/cache.go:1099 +0xdb

goroutine 16409 [sync.Cond.Wait]:
sync.runtime_notifyListWait(0xc00ef66e50, 0xe)
	/usr/lib/go/src/runtime/sema.go:597 +0x159
sync.(*Cond).Wait(0x0?)
	/usr/lib/go/src/sync/cond.go:71 +0x85
github.com/centrifugal/centrifuge/internal/dissolve.(*queueImpl).Wait(0xc00ef76a10)
	/home/mariell/go/pkg/mod/github.com/centrifugal/centrifuge@v0.33.3/internal/dissolve/queue.go:139 +0x4a
github.com/centrifugal/centrifuge/internal/dissolve.(*Dissolver).runWorker(0xc003466078)
	/home/mariell/go/pkg/mod/github.com/centrifugal/centrifuge@v0.33.3/internal/dissolve/dissolve.go:52 +0x27
created by github.com/centrifugal/centrifuge/internal/dissolve.(*Dissolver).Run in goroutine 12335
	/home/mariell/go/pkg/mod/github.com/centrifugal/centrifuge@v0.33.3/internal/dissolve/dissolve.go:31 +0x25

goroutine 16417 [sync.Cond.Wait]:
sync.runtime_notifyListWait(0xc00ef66e50, 0x16)
	/usr/lib/go/src/runtime/sema.go:597 +0x159
sync.(*Cond).Wait(0x0?)
	/usr/lib/go/src/sync/cond.go:71 +0x85
github.com/centrifugal/centrifuge/internal/dissolve.(*queueImpl).Wait(0xc00ef76a10)
	/home/mariell/go/pkg/mod/github.com/centrifugal/centrifuge@v0.33.3/internal/dissolve/queue.go:139 +0x4a
github.com/centrifugal/centrifuge/internal/dissolve.(*Dissolver).runWorker(0xc003466078)
	/home/mariell/go/pkg/mod/github.com/centrifugal/centrifuge@v0.33.3/internal/dissolve/dissolve.go:52 +0x27
created by github.com/centrifugal/centrifuge/internal/dissolve.(*Dissolver).Run in goroutine 12335
	/home/mariell/go/pkg/mod/github.com/centrifugal/centrifuge@v0.33.3/internal/dissolve/dissolve.go:31 +0x25

goroutine 17877 [select]:
github.com/centrifugal/centrifuge.(*historyHub).removeStreams(0xc009604000)
	/home/mariell/go/pkg/mod/github.com/centrifugal/centrifuge@v0.33.3/broker_memory.go:259 +0x6f
created by github.com/centrifugal/centrifuge.(*historyHub).runCleanups in goroutine 13128
	/home/mariell/go/pkg/mod/github.com/centrifugal/centrifuge@v0.33.3/broker_memory.go:253 +0x96

goroutine 21005 [sync.Cond.Wait]:
sync.runtime_notifyListWait(0xc00b15c310, 0x22)
	/usr/lib/go/src/runtime/sema.go:597 +0x159
sync.(*Cond).Wait(0x0?)
	/usr/lib/go/src/sync/cond.go:71 +0x85
github.com/centrifugal/centrifuge/internal/dissolve.(*queueImpl).Wait(0xc00b2a7340)
	/home/mariell/go/pkg/mod/github.com/centrifugal/centrifuge@v0.33.3/internal/dissolve/queue.go:139 +0x4a
github.com/centrifugal/centrifuge/internal/dissolve.(*Dissolver).runWorker(0xc010c1ed20)
	/home/mariell/go/pkg/mod/github.com/centrifugal/centrifuge@v0.33.3/internal/dissolve/dissolve.go:52 +0x27
created by github.com/centrifugal/centrifuge/internal/dissolve.(*Dissolver).Run in goroutine 19735
	/home/mariell/go/pkg/mod/github.com/centrifugal/centrifuge@v0.33.3/internal/dissolve/dissolve.go:31 +0x25

goroutine 16419 [sync.Cond.Wait]:
sync.runtime_notifyListWait(0xc00ef66e50, 0x18)
	/usr/lib/go/src/runtime/sema.go:597 +0x159
sync.(*Cond).Wait(0x0?)
	/usr/lib/go/src/sync/cond.go:71 +0x85
github.com/centrifugal/centrifuge/internal/dissolve.(*queueImpl).Wait(0xc00ef76a10)
	/home/mariell/go/pkg/mod/github.com/centrifugal/centrifuge@v0.33.3/internal/dissolve/queue.go:139 +0x4a
github.com/centrifugal/centrifuge/internal/dissolve.(*Dissolver).runWorker(0xc003466078)
	/home/mariell/go/pkg/mod/github.com/centrifugal/centrifuge@v0.33.3/internal/dissolve/dissolve.go:52 +0x27
created by github.com/centrifugal/centrifuge/internal/dissolve.(*Dissolver).Run in goroutine 12335
	/home/mariell/go/pkg/mod/github.com/centrifugal/centrifuge@v0.33.3/internal/dissolve/dissolve.go:31 +0x25

goroutine 16427 [sync.Cond.Wait]:
sync.runtime_notifyListWait(0xc00ef66e50, 0x20)
	/usr/lib/go/src/runtime/sema.go:597 +0x159
sync.(*Cond).Wait(0xc00b4bdfd0?)
	/usr/lib/go/src/sync/cond.go:71 +0x85
github.com/centrifugal/centrifuge/internal/dissolve.(*queueImpl).Wait(0xc00ef76a10)
	/home/mariell/go/pkg/mod/github.com/centrifugal/centrifuge@v0.33.3/internal/dissolve/queue.go:139 +0x4a
github.com/centrifugal/centrifuge/internal/dissolve.(*Dissolver).runWorker(0xc003466078)
	/home/mariell/go/pkg/mod/github.com/centrifugal/centrifuge@v0.33.3/internal/dissolve/dissolve.go:52 +0x27
created by github.com/centrifugal/centrifuge/internal/dissolve.(*Dissolver).Run in goroutine 12335
	/home/mariell/go/pkg/mod/github.com/centrifugal/centrifuge@v0.33.3/internal/dissolve/dissolve.go:31 +0x25

goroutine 40543 [sync.Cond.Wait]:
sync.runtime_notifyListWait(0xc0228a0b10, 0x7)
	/usr/lib/go/src/runtime/sema.go:597 +0x159
sync.(*Cond).Wait(0xc021b7afd0?)
	/usr/lib/go/src/sync/cond.go:71 +0x85
github.com/centrifugal/centrifuge/internal/dissolve.(*queueImpl).Wait(0xc0228cc690)
	/home/mariell/go/pkg/mod/github.com/centrifugal/centrifuge@v0.33.3/internal/dissolve/queue.go:139 +0x4a
github.com/centrifugal/centrifuge/internal/dissolve.(*Dissolver).runWorker(0xc015fedd58)
	/home/mariell/go/pkg/mod/github.com/centrifugal/centrifuge@v0.33.3/internal/dissolve/dissolve.go:52 +0x27
created by github.com/centrifugal/centrifuge/internal/dissolve.(*Dissolver).Run in goroutine 36287
	/home/mariell/go/pkg/mod/github.com/centrifugal/centrifuge@v0.33.3/internal/dissolve/dissolve.go:31 +0x25

goroutine 39043 [sync.Cond.Wait]:
sync.runtime_notifyListWait(0xc01fe50bd0, 0x26)
	/usr/lib/go/src/runtime/sema.go:597 +0x159
sync.(*Cond).Wait(0xc00d5eefd0?)
	/usr/lib/go/src/sync/cond.go:71 +0x85
github.com/centrifugal/centrifuge/internal/dissolve.(*queueImpl).Wait(0xc00bf5ccb0)
	/home/mariell/go/pkg/mod/github.com/centrifugal/centrifuge@v0.33.3/internal/dissolve/queue.go:139 +0x4a
github.com/centrifugal/centrifuge/internal/dissolve.(*Dissolver).runWorker(0xc017ecc900)
	/home/mariell/go/pkg/mod/github.com/centrifugal/centrifuge@v0.33.3/internal/dissolve/dissolve.go:52 +0x27
created by github.com/centrifugal/centrifuge/internal/dissolve.(*Dissolver).Run in goroutine 37971
	/home/mariell/go/pkg/mod/github.com/centrifugal/centrifuge@v0.33.3/internal/dissolve/dissolve.go:31 +0x25

goroutine 16352 [sync.Cond.Wait]:
sync.runtime_notifyListWait(0xc00ef66e50, 0x5)
	/usr/lib/go/src/runtime/sema.go:597 +0x159
sync.(*Cond).Wait(0x0?)
	/usr/lib/go/src/sync/cond.go:71 +0x85
github.com/centrifugal/centrifuge/internal/dissolve.(*queueImpl).Wait(0xc00ef76a10)
	/home/mariell/go/pkg/mod/github.com/centrifugal/centrifuge@v0.33.3/internal/dissolve/queue.go:139 +0x4a
github.com/centrifugal/centrifuge/internal/dissolve.(*Dissolver).runWorker(0xc003466078)
	/home/mariell/go/pkg/mod/github.com/centrifugal/centrifuge@v0.33.3/internal/dissolve/dissolve.go:52 +0x27
created by github.com/centrifugal/centrifuge/internal/dissolve.(*Dissolver).Run in goroutine 12335
	/home/mariell/go/pkg/mod/github.com/centrifugal/centrifuge@v0.33.3/internal/dissolve/dissolve.go:31 +0x25

goroutine 16277 [chan receive]:
github.com/grafana/grafana/pkg/storage/unified/resource.(*server).initWatcher.func1.1()
	/home/mariell/work/oss/grafana/pkg/storage/unified/resource/server.go:922 +0x58
created by github.com/grafana/grafana/pkg/storage/unified/resource.(*server).initWatcher.func1 in goroutine 12335
	/home/mariell/work/oss/grafana/pkg/storage/unified/resource/server.go:921 +0xaa

goroutine 16415 [sync.Cond.Wait]:
sync.runtime_notifyListWait(0xc00ef66e50, 0x14)
	/usr/lib/go/src/runtime/sema.go:597 +0x159
sync.(*Cond).Wait(0x0?)
	/usr/lib/go/src/sync/cond.go:71 +0x85
github.com/centrifugal/centrifuge/internal/dissolve.(*queueImpl).Wait(0xc00ef76a10)
	/home/mariell/go/pkg/mod/github.com/centrifugal/centrifuge@v0.33.3/internal/dissolve/queue.go:139 +0x4a
github.com/centrifugal/centrifuge/internal/dissolve.(*Dissolver).runWorker(0xc003466078)
	/home/mariell/go/pkg/mod/github.com/centrifugal/centrifuge@v0.33.3/internal/dissolve/dissolve.go:52 +0x27
created by github.com/centrifugal/centrifuge/internal/dissolve.(*Dissolver).Run in goroutine 12335
	/home/mariell/go/pkg/mod/github.com/centrifugal/centrifuge@v0.33.3/internal/dissolve/dissolve.go:31 +0x25

goroutine 45184 [sync.Cond.Wait]:
sync.runtime_notifyListWait(0xc026bf9c10, 0x2b)
	/usr/lib/go/src/runtime/sema.go:597 +0x159
sync.(*Cond).Wait(0xc0166d57d0?)
	/usr/lib/go/src/sync/cond.go:71 +0x85
github.com/centrifugal/centrifuge/internal/dissolve.(*queueImpl).Wait(0xc026c14c40)
	/home/mariell/go/pkg/mod/github.com/centrifugal/centrifuge@v0.33.3/internal/dissolve/queue.go:139 +0x4a
github.com/centrifugal/centrifuge/internal/dissolve.(*Dissolver).runWorker(0xc026b0b128)
	/home/mariell/go/pkg/mod/github.com/centrifugal/centrifuge@v0.33.3/internal/dissolve/dissolve.go:52 +0x27
created by github.com/centrifugal/centrifuge/internal/dissolve.(*Dissolver).Run in goroutine 44067
	/home/mariell/go/pkg/mod/github.com/centrifugal/centrifuge@v0.33.3/internal/dissolve/dissolve.go:31 +0x25

goroutine 45122 [select]:
github.com/FZambia/eagle.(*Eagle).aggregate(0xc026c15c00)
	/home/mariell/go/pkg/mod/github.com/!f!zambia/eagle@v0.1.0/eagle.go:210 +0x6d
created by github.com/FZambia/eagle.New in goroutine 44067
	/home/mariell/go/pkg/mod/github.com/!f!zambia/eagle@v0.1.0/eagle.go:66 +0x176

goroutine 22855 [select]:
net/http.(*persistConn).writeLoop(0xc00e4ea000)
	/usr/lib/go/src/net/http/transport.go:2590 +0xe7
created by net/http.(*Transport).dialConn in goroutine 6217
	/usr/lib/go/src/net/http/transport.go:1945 +0x17a5

goroutine 15828 [chan receive (nil chan)]:
k8s.io/apiserver/pkg/server.preparedGenericAPIServer.RunWithContext({0xc00f38d0c0?}, {0xa9d1d00, 0xc00f3a6eb0})
	/home/mariell/go/pkg/mod/k8s.io/apiserver@v0.32.1/pkg/server/genericapiserver.go:710 +0x9c5
github.com/grafana/grafana/pkg/services/apiserver.(*service).startCoreServer.func1()
	/home/mariell/work/oss/grafana/pkg/services/apiserver/service.go:448 +0x28
created by github.com/grafana/grafana/pkg/services/apiserver.(*service).startCoreServer in goroutine 16642
	/home/mariell/work/oss/grafana/pkg/services/apiserver/service.go:447 +0x125

goroutine 16432 [sync.Cond.Wait]:
sync.runtime_notifyListWait(0xc00ef66e50, 0x25)
	/usr/lib/go/src/runtime/sema.go:597 +0x159
sync.(*Cond).Wait(0x0?)
	/usr/lib/go/src/sync/cond.go:71 +0x85
github.com/centrifugal/centrifuge/internal/dissolve.(*queueImpl).Wait(0xc00ef76a10)
	/home/mariell/go/pkg/mod/github.com/centrifugal/centrifuge@v0.33.3/internal/dissolve/queue.go:139 +0x4a
github.com/centrifugal/centrifuge/internal/dissolve.(*Dissolver).runWorker(0xc003466078)
	/home/mariell/go/pkg/mod/github.com/centrifugal/centrifuge@v0.33.3/internal/dissolve/dissolve.go:52 +0x27
created by github.com/centrifugal/centrifuge/internal/dissolve.(*Dissolver).Run in goroutine 12335
	/home/mariell/go/pkg/mod/github.com/centrifugal/centrifuge@v0.33.3/internal/dissolve/dissolve.go:31 +0x25

goroutine 40580 [sync.Cond.Wait]:
sync.runtime_notifyListWait(0xc0228a0b10, 0x2f)
	/usr/lib/go/src/runtime/sema.go:597 +0x159
sync.(*Cond).Wait(0xc00cbc3001?)
	/usr/lib/go/src/sync/cond.go:71 +0x85
github.com/centrifugal/centrifuge/internal/dissolve.(*queueImpl).Wait(0xc0228cc690)
	/home/mariell/go/pkg/mod/github.com/centrifugal/centrifuge@v0.33.3/internal/dissolve/queue.go:139 +0x4a
github.com/centrifugal/centrifuge/internal/dissolve.(*Dissolver).runWorker(0xc015fedd58)
	/home/mariell/go/pkg/mod/github.com/centrifugal/centrifuge@v0.33.3/internal/dissolve/dissolve.go:52 +0x27
created by github.com/centrifugal/centrifuge/internal/dissolve.(*Dissolver).Run in goroutine 36287
	/home/mariell/go/pkg/mod/github.com/centrifugal/centrifuge@v0.33.3/internal/dissolve/dissolve.go:31 +0x25

goroutine 31961 [IO wait]:
internal/poll.runtime_pollWait(0x777558599b30, 0x72)
	/usr/lib/go/src/runtime/netpoll.go:351 +0x85
internal/poll.(*pollDesc).wait(0xc00cb52200?, 0xc00ece4600?, 0x0)
	/usr/lib/go/src/internal/poll/fd_poll_runtime.go:84 +0x27
internal/poll.(*pollDesc).waitRead(...)
	/usr/lib/go/src/internal/poll/fd_poll_runtime.go:89
internal/poll.(*FD).Read(0xc00cb52200, {0xc00ece4600, 0x1300, 0x1300})
	/usr/lib/go/src/internal/poll/fd_unix.go:165 +0x27a
net.(*netFD).Read(0xc00cb52200, {0xc00ece4600?, 0xc00ece4600?, 0x5?})
	/usr/lib/go/src/net/fd_posix.go:55 +0x25
net.(*conn).Read(0xc00e96e290, {0xc00ece4600?, 0x777558f797e8?, 0x7775a8b2a210?})
	/usr/lib/go/src/net/net.go:194 +0x45
crypto/tls.(*atLeastReader).Read(0xc00f90b0f8, {0xc00ece4600?, 0x43f787?, 0x5?})
	/usr/lib/go/src/crypto/tls/conn.go:809 +0x3b
bytes.(*Buffer).ReadFrom(0xc00ea05eb8, {0xa94e300, 0xc00f90b0f8})
	/usr/lib/go/src/bytes/buffer.go:211 +0x98
crypto/tls.(*Conn).readFromUntil(0xc00ea05c08, {0xa94dc00, 0xc00e96e290}, 0x444af4?)
	/usr/lib/go/src/crypto/tls/conn.go:831 +0xde
crypto/tls.(*Conn).readRecordOrCCS(0xc00ea05c08, 0x0)
	/usr/lib/go/src/crypto/tls/conn.go:629 +0x3cf
crypto/tls.(*Conn).readRecord(...)
	/usr/lib/go/src/crypto/tls/conn.go:591
crypto/tls.(*Conn).Read(0xc00ea05c08, {0xc01bed8000, 0x1000, 0xc01084f410?})
	/usr/lib/go/src/crypto/tls/conn.go:1385 +0x145
net/http.(*persistConn).Read(0xc008e0ea20, {0xc01bed8000?, 0x81fe45?, 0xa94be80?})
	/usr/lib/go/src/net/http/transport.go:2122 +0x47
bufio.(*Reader).fill(0xc011fdaae0)
	/usr/lib/go/src/bufio/bufio.go:113 +0x103
bufio.(*Reader).Peek(0xc011fdaae0, 0x1)
	/usr/lib/go/src/bufio/bufio.go:152 +0x53
net/http.(*persistConn).readLoop(0xc008e0ea20)
	/usr/lib/go/src/net/http/transport.go:2275 +0x172
created by net/http.(*Transport).dialConn in goroutine 31755
	/usr/lib/go/src/net/http/transport.go:1944 +0x174f

goroutine 37529 [sync.Cond.Wait]:
sync.runtime_notifyListWait(0xc01affc250, 0x0)
	/usr/lib/go/src/runtime/sema.go:597 +0x159
sync.(*Cond).Wait(0x0?)
	/usr/lib/go/src/sync/cond.go:71 +0x85
github.com/centrifugal/centrifuge/internal/dissolve.(*queueImpl).Wait(0xc01821cd90)
	/home/mariell/go/pkg/mod/github.com/centrifugal/centrifuge@v0.33.3/internal/dissolve/queue.go:139 +0x4a
github.com/centrifugal/centrifuge/internal/dissolve.(*Dissolver).runWorker(0xc0024fff08)
	/home/mariell/go/pkg/mod/github.com/centrifugal/centrifuge@v0.33.3/internal/dissolve/dissolve.go:52 +0x27
created by github.com/centrifugal/centrifuge/internal/dissolve.(*Dissolver).Run in goroutine 36374
	/home/mariell/go/pkg/mod/github.com/centrifugal/centrifuge@v0.33.3/internal/dissolve/dissolve.go:31 +0x25

goroutine 40968 [select]:
k8s.io/apimachinery/pkg/util/wait.BackoffUntil(0xc023c3b500, {0xa95ac00, 0xc00ca853e0}, 0x1, 0xc023b65420)
	/home/mariell/go/pkg/mod/k8s.io/apimachinery@v0.32.1/pkg/util/wait/backoff.go:238 +0x12c
k8s.io/apimachinery/pkg/util/wait.JitterUntil(0xc023c3b500, 0x3b9aca00, 0x3ff3333333333333, 0x1, 0xc023b65420)
	/home/mariell/go/pkg/mod/k8s.io/apimachinery@v0.32.1/pkg/util/wait/backoff.go:204 +0x7f
created by k8s.io/apiserver/pkg/registry/generic/registry.(*Store).startObservingCount in goroutine 39277
	/home/mariell/go/pkg/mod/k8s.io/apiserver@v0.32.1/pkg/registry/generic/registry/store.go:1666 +0x2f9

goroutine 17888 [sync.Cond.Wait]:
sync.runtime_notifyListWait(0xc009ff2dd0, 0x3)
	/usr/lib/go/src/runtime/sema.go:597 +0x159
sync.(*Cond).Wait(0x0?)
	/usr/lib/go/src/sync/cond.go:71 +0x85
github.com/centrifugal/centrifuge/internal/dissolve.(*queueImpl).Wait(0xc00958cb60)
	/home/mariell/go/pkg/mod/github.com/centrifugal/centrifuge@v0.33.3/internal/dissolve/queue.go:139 +0x4a
github.com/centrifugal/centrifuge/internal/dissolve.(*Dissolver).runWorker(0xc0029ba528)
	/home/mariell/go/pkg/mod/github.com/centrifugal/centrifuge@v0.33.3/internal/dissolve/dissolve.go:52 +0x27
created by github.com/centrifugal/centrifuge/internal/dissolve.(*Dissolver).Run in goroutine 13128
	/home/mariell/go/pkg/mod/github.com/centrifugal/centrifuge@v0.33.3/internal/dissolve/dissolve.go:31 +0x25

goroutine 17717 [select]:
github.com/patrickmn/go-cache.(*janitor).Run(0xc00b27f370, 0xc00ff82180)
	/home/mariell/go/pkg/mod/github.com/patrickmn/go-cache@v2.1.0+incompatible/cache.go:1079 +0x7b
created by github.com/patrickmn/go-cache.runJanitor in goroutine 13128
	/home/mariell/go/pkg/mod/github.com/patrickmn/go-cache@v2.1.0+incompatible/cache.go:1099 +0xdb

goroutine 45404 [select]:
go.opentelemetry.io/otel/sdk/trace.(*batchSpanProcessor).processQueue(0xc015e5a3c0)
	/home/mariell/go/pkg/mod/go.opentelemetry.io/otel/sdk@v1.34.0/trace/batch_span_processor.go:302 +0x114
go.opentelemetry.io/otel/sdk/trace.NewBatchSpanProcessor.func1()
	/home/mariell/go/pkg/mod/go.opentelemetry.io/otel/sdk@v1.34.0/trace/batch_span_processor.go:117 +0x4e
created by go.opentelemetry.io/otel/sdk/trace.NewBatchSpanProcessor in goroutine 45402
	/home/mariell/go/pkg/mod/go.opentelemetry.io/otel/sdk@v1.34.0/trace/batch_span_processor.go:115 +0x2d9

goroutine 21257 [select]:
net/http.(*persistConn).writeLoop(0xc001602fc0)
	/usr/lib/go/src/net/http/transport.go:2590 +0xe7
created by net/http.(*Transport).dialConn in goroutine 21255
	/usr/lib/go/src/net/http/transport.go:1945 +0x17a5

goroutine 40844 [IO wait]:
internal/poll.runtime_pollWait(0x7775504ff6f8, 0x72)
	/usr/lib/go/src/runtime/netpoll.go:351 +0x85
internal/poll.(*pollDesc).wait(0xc01e680800?, 0xc00cb9f300?, 0x0)
	/usr/lib/go/src/internal/poll/fd_poll_runtime.go:84 +0x27
internal/poll.(*pollDesc).waitRead(...)
	/usr/lib/go/src/internal/poll/fd_poll_runtime.go:89
internal/poll.(*FD).Read(0xc01e680800, {0xc00cb9f300, 0x1300, 0x1300})
	/usr/lib/go/src/internal/poll/fd_unix.go:165 +0x27a
net.(*netFD).Read(0xc01e680800, {0xc00cb9f300?, 0x0?, 0x0?})
	/usr/lib/go/src/net/fd_posix.go:55 +0x25
net.(*conn).Read(0xc002420168, {0xc00cb9f300?, 0x77755938af80?, 0x7775a8b298a0?})
	/usr/lib/go/src/net/net.go:194 +0x45
crypto/tls.(*atLeastReader).Read(0xc008ca50e0, {0xc00cb9f300?, 0xc0237d19b0?, 0x83c1a9?})
	/usr/lib/go/src/crypto/tls/conn.go:809 +0x3b
bytes.(*Buffer).ReadFrom(0xc01ce9d438, {0xa94e300, 0xc008ca50e0})
	/usr/lib/go/src/bytes/buffer.go:211 +0x98
crypto/tls.(*Conn).readFromUntil(0xc01ce9d188, {0xa94dc00, 0xc002420168}, 0x444af4?)
	/usr/lib/go/src/crypto/tls/conn.go:831 +0xde
crypto/tls.(*Conn).readRecordOrCCS(0xc01ce9d188, 0x0)
	/usr/lib/go/src/crypto/tls/conn.go:629 +0x3cf
crypto/tls.(*Conn).readRecord(...)
	/usr/lib/go/src/crypto/tls/conn.go:591
crypto/tls.(*Conn).Read(0xc01ce9d188, {0xc01e617000, 0x1000, 0x7775a8b298a0?})
	/usr/lib/go/src/crypto/tls/conn.go:1385 +0x145
net/http.(*persistConn).Read(0xc010af5d40, {0xc01e617000?, 0x4141c5?, 0x68?})
	/usr/lib/go/src/net/http/transport.go:2122 +0x47
bufio.(*Reader).fill(0xc01e608960)
	/usr/lib/go/src/bufio/bufio.go:113 +0x103
bufio.(*Reader).Peek(0xc01e608960, 0x1)
	/usr/lib/go/src/bufio/bufio.go:152 +0x53
net/http.(*persistConn).readLoop(0xc010af5d40)
	/usr/lib/go/src/net/http/transport.go:2275 +0x172
created by net/http.(*Transport).dialConn in goroutine 42372
	/usr/lib/go/src/net/http/transport.go:1944 +0x174f

goroutine 18426 [select]:
net/http.(*persistConn).writeLoop(0xc00ecc6360)
	/usr/lib/go/src/net/http/transport.go:2590 +0xe7
created by net/http.(*Transport).dialConn in goroutine 19704
	/usr/lib/go/src/net/http/transport.go:1945 +0x17a5

goroutine 17898 [sync.Cond.Wait]:
sync.runtime_notifyListWait(0xc009ff2dd0, 0x17)
	/usr/lib/go/src/runtime/sema.go:597 +0x159
sync.(*Cond).Wait(0x0?)
	/usr/lib/go/src/sync/cond.go:71 +0x85
github.com/centrifugal/centrifuge/internal/dissolve.(*queueImpl).Wait(0xc00958cb60)
	/home/mariell/go/pkg/mod/github.com/centrifugal/centrifuge@v0.33.3/internal/dissolve/queue.go:139 +0x4a
github.com/centrifugal/centrifuge/internal/dissolve.(*Dissolver).runWorker(0xc0029ba528)
	/home/mariell/go/pkg/mod/github.com/centrifugal/centrifuge@v0.33.3/internal/dissolve/dissolve.go:52 +0x27
created by github.com/centrifugal/centrifuge/internal/dissolve.(*Dissolver).Run in goroutine 13128
	/home/mariell/go/pkg/mod/github.com/centrifugal/centrifuge@v0.33.3/internal/dissolve/dissolve.go:31 +0x25

goroutine 24453 [select]:
k8s.io/apimachinery/pkg/util/wait.BackoffUntil(0xc013503440, {0xa95ac00, 0xc0131f6150}, 0x1, 0xc01345f030)
	/home/mariell/go/pkg/mod/k8s.io/apimachinery@v0.32.1/pkg/util/wait/backoff.go:238 +0x12c
k8s.io/apimachinery/pkg/util/wait.JitterUntil(0xc013503440, 0x3b9aca00, 0x3ff3333333333333, 0x1, 0xc01345f030)
	/home/mariell/go/pkg/mod/k8s.io/apimachinery@v0.32.1/pkg/util/wait/backoff.go:204 +0x7f
created by k8s.io/apiserver/pkg/registry/generic/registry.(*Store).startObservingCount in goroutine 23614
	/home/mariell/go/pkg/mod/k8s.io/apiserver@v0.32.1/pkg/registry/generic/registry/store.go:1666 +0x2f9

goroutine 16382 [select]:
github.com/centrifugal/centrifuge.(*MemoryBroker).expireResultCache(0xc00ef3da80)
	/home/mariell/go/pkg/mod/github.com/centrifugal/centrifuge@v0.33.3/broker_memory.go:160 +0x68
created by github.com/centrifugal/centrifuge.(*MemoryBroker).Run in goroutine 12335
	/home/mariell/go/pkg/mod/github.com/centrifugal/centrifuge@v0.33.3/broker_memory.go:73 +0x7f

goroutine 40535 [sync.Cond.Wait]:
sync.runtime_notifyListWait(0xc0228a0b10, 0xd)
	/usr/lib/go/src/runtime/sema.go:597 +0x159
sync.(*Cond).Wait(0x0?)
	/usr/lib/go/src/sync/cond.go:71 +0x85
github.com/centrifugal/centrifuge/internal/dissolve.(*queueImpl).Wait(0xc0228cc690)
	/home/mariell/go/pkg/mod/github.com/centrifugal/centrifuge@v0.33.3/internal/dissolve/queue.go:139 +0x4a
github.com/centrifugal/centrifuge/internal/dissolve.(*Dissolver).runWorker(0xc015fedd58)
	/home/mariell/go/pkg/mod/github.com/centrifugal/centrifuge@v0.33.3/internal/dissolve/dissolve.go:52 +0x27
created by github.com/centrifugal/centrifuge/internal/dissolve.(*Dissolver).Run in goroutine 36287
	/home/mariell/go/pkg/mod/github.com/centrifugal/centrifuge@v0.33.3/internal/dissolve/dissolve.go:31 +0x25

goroutine 16384 [select]:
github.com/centrifugal/centrifuge.(*historyHub).removeStreams(0xc00ef3da00)
	/home/mariell/go/pkg/mod/github.com/centrifugal/centrifuge@v0.33.3/broker_memory.go:259 +0x6f
created by github.com/centrifugal/centrifuge.(*historyHub).runCleanups in goroutine 12335
	/home/mariell/go/pkg/mod/github.com/centrifugal/centrifuge@v0.33.3/broker_memory.go:253 +0x96

goroutine 16350 [sync.Cond.Wait]:
sync.runtime_notifyListWait(0xc00ef66e50, 0x3)
	/usr/lib/go/src/runtime/sema.go:597 +0x159
sync.(*Cond).Wait(0xc00b4dcfd0?)
	/usr/lib/go/src/sync/cond.go:71 +0x85
github.com/centrifugal/centrifuge/internal/dissolve.(*queueImpl).Wait(0xc00ef76a10)
	/home/mariell/go/pkg/mod/github.com/centrifugal/centrifuge@v0.33.3/internal/dissolve/queue.go:139 +0x4a
github.com/centrifugal/centrifuge/internal/dissolve.(*Dissolver).runWorker(0xc003466078)
	/home/mariell/go/pkg/mod/github.com/centrifugal/centrifuge@v0.33.3/internal/dissolve/dissolve.go:52 +0x27
created by github.com/centrifugal/centrifuge/internal/dissolve.(*Dissolver).Run in goroutine 12335
	/home/mariell/go/pkg/mod/github.com/centrifugal/centrifuge@v0.33.3/internal/dissolve/dissolve.go:31 +0x25

goroutine 16353 [sync.Cond.Wait]:
sync.runtime_notifyListWait(0xc00ef66e50, 0x6)
	/usr/lib/go/src/runtime/sema.go:597 +0x159
sync.(*Cond).Wait(0x0?)
	/usr/lib/go/src/sync/cond.go:71 +0x85
github.com/centrifugal/centrifuge/internal/dissolve.(*queueImpl).Wait(0xc00ef76a10)
	/home/mariell/go/pkg/mod/github.com/centrifugal/centrifuge@v0.33.3/internal/dissolve/queue.go:139 +0x4a
github.com/centrifugal/centrifuge/internal/dissolve.(*Dissolver).runWorker(0xc003466078)
	/home/mariell/go/pkg/mod/github.com/centrifugal/centrifuge@v0.33.3/internal/dissolve/dissolve.go:52 +0x27
created by github.com/centrifugal/centrifuge/internal/dissolve.(*Dissolver).Run in goroutine 12335
	/home/mariell/go/pkg/mod/github.com/centrifugal/centrifuge@v0.33.3/internal/dissolve/dissolve.go:31 +0x25

goroutine 17896 [sync.Cond.Wait]:
sync.runtime_notifyListWait(0xc009ff2dd0, 0xb)
	/usr/lib/go/src/runtime/sema.go:597 +0x159
sync.(*Cond).Wait(0x0?)
	/usr/lib/go/src/sync/cond.go:71 +0x85
github.com/centrifugal/centrifuge/internal/dissolve.(*queueImpl).Wait(0xc00958cb60)
	/home/mariell/go/pkg/mod/github.com/centrifugal/centrifuge@v0.33.3/internal/dissolve/queue.go:139 +0x4a
github.com/centrifugal/centrifuge/internal/dissolve.(*Dissolver).runWorker(0xc0029ba528)
	/home/mariell/go/pkg/mod/github.com/centrifugal/centrifuge@v0.33.3/internal/dissolve/dissolve.go:52 +0x27
created by github.com/centrifugal/centrifuge/internal/dissolve.(*Dissolver).Run in goroutine 13128
	/home/mariell/go/pkg/mod/github.com/centrifugal/centrifuge@v0.33.3/internal/dissolve/dissolve.go:31 +0x25

goroutine 17788 [select]:
github.com/grafana/grafana/pkg/storage/unified/resource.(*broadcaster[...]).stream(0xab113a0, 0xc0078fc070)
	/home/mariell/work/oss/grafana/pkg/storage/unified/resource/broadcaster.go:205 +0x13d
created by github.com/grafana/grafana/pkg/storage/unified/resource.(*broadcaster[...]).init in goroutine 13128
	/home/mariell/work/oss/grafana/pkg/storage/unified/resource/broadcaster.go:177 +0x219

goroutine 16440 [sync.Cond.Wait]:
sync.runtime_notifyListWait(0xc00ef66e50, 0x33)
	/usr/lib/go/src/runtime/sema.go:597 +0x159
sync.(*Cond).Wait(0x0?)
	/usr/lib/go/src/sync/cond.go:71 +0x85
github.com/centrifugal/centrifuge/internal/dissolve.(*queueImpl).Wait(0xc00ef76a10)
	/home/mariell/go/pkg/mod/github.com/centrifugal/centrifuge@v0.33.3/internal/dissolve/queue.go:139 +0x4a
github.com/centrifugal/centrifuge/internal/dissolve.(*Dissolver).runWorker(0xc003466078)
	/home/mariell/go/pkg/mod/github.com/centrifugal/centrifuge@v0.33.3/internal/dissolve/dissolve.go:52 +0x27
created by github.com/centrifugal/centrifuge/internal/dissolve.(*Dissolver).Run in goroutine 12335
	/home/mariell/go/pkg/mod/github.com/centrifugal/centrifuge@v0.33.3/internal/dissolve/dissolve.go:31 +0x25

goroutine 16438 [sync.Cond.Wait]:
sync.runtime_notifyListWait(0xc00ef66e50, 0x2f)
	/usr/lib/go/src/runtime/sema.go:597 +0x159
sync.(*Cond).Wait(0xc002202fd0?)
	/usr/lib/go/src/sync/cond.go:71 +0x85
github.com/centrifugal/centrifuge/internal/dissolve.(*queueImpl).Wait(0xc00ef76a10)
	/home/mariell/go/pkg/mod/github.com/centrifugal/centrifuge@v0.33.3/internal/dissolve/queue.go:139 +0x4a
github.com/centrifugal/centrifuge/internal/dissolve.(*Dissolver).runWorker(0xc003466078)
	/home/mariell/go/pkg/mod/github.com/centrifugal/centrifuge@v0.33.3/internal/dissolve/dissolve.go:52 +0x27
created by github.com/centrifugal/centrifuge/internal/dissolve.(*Dissolver).Run in goroutine 12335
	/home/mariell/go/pkg/mod/github.com/centrifugal/centrifuge@v0.33.3/internal/dissolve/dissolve.go:31 +0x25

goroutine 16436 [sync.Cond.Wait]:
sync.runtime_notifyListWait(0xc00ef66e50, 0x2c)
	/usr/lib/go/src/runtime/sema.go:597 +0x159
sync.(*Cond).Wait(0x0?)
	/usr/lib/go/src/sync/cond.go:71 +0x85
github.com/centrifugal/centrifuge/internal/dissolve.(*queueImpl).Wait(0xc00ef76a10)
	/home/mariell/go/pkg/mod/github.com/centrifugal/centrifuge@v0.33.3/internal/dissolve/queue.go:139 +0x4a
github.com/centrifugal/centrifuge/internal/dissolve.(*Dissolver).runWorker(0xc003466078)
	/home/mariell/go/pkg/mod/github.com/centrifugal/centrifuge@v0.33.3/internal/dissolve/dissolve.go:52 +0x27
created by github.com/centrifugal/centrifuge/internal/dissolve.(*Dissolver).Run in goroutine 12335
	/home/mariell/go/pkg/mod/github.com/centrifugal/centrifuge@v0.33.3/internal/dissolve/dissolve.go:31 +0x25

goroutine 16435 [sync.Cond.Wait]:
sync.runtime_notifyListWait(0xc00ef66e50, 0x2b)
	/usr/lib/go/src/runtime/sema.go:597 +0x159
sync.(*Cond).Wait(0x0?)
	/usr/lib/go/src/sync/cond.go:71 +0x85
github.com/centrifugal/centrifuge/internal/dissolve.(*queueImpl).Wait(0xc00ef76a10)
	/home/mariell/go/pkg/mod/github.com/centrifugal/centrifuge@v0.33.3/internal/dissolve/queue.go:139 +0x4a
github.com/centrifugal/centrifuge/internal/dissolve.(*Dissolver).runWorker(0xc003466078)
	/home/mariell/go/pkg/mod/github.com/centrifugal/centrifuge@v0.33.3/internal/dissolve/dissolve.go:52 +0x27
created by github.com/centrifugal/centrifuge/internal/dissolve.(*Dissolver).Run in goroutine 12335
	/home/mariell/go/pkg/mod/github.com/centrifugal/centrifuge@v0.33.3/internal/dissolve/dissolve.go:31 +0x25

goroutine 16523 [select]:
github.com/patrickmn/go-cache.(*janitor).Run(0xc00f36a4b0, 0xc00f355040)
	/home/mariell/go/pkg/mod/github.com/patrickmn/go-cache@v2.1.0+incompatible/cache.go:1079 +0x7b
created by github.com/patrickmn/go-cache.runJanitor in goroutine 12335
	/home/mariell/go/pkg/mod/github.com/patrickmn/go-cache@v2.1.0+incompatible/cache.go:1099 +0xdb

goroutine 16434 [sync.Cond.Wait]:
sync.runtime_notifyListWait(0xc00ef66e50, 0x29)
	/usr/lib/go/src/runtime/sema.go:597 +0x159
sync.(*Cond).Wait(0xc00b4f47d0?)
	/usr/lib/go/src/sync/cond.go:71 +0x85
github.com/centrifugal/centrifuge/internal/dissolve.(*queueImpl).Wait(0xc00ef76a10)
	/home/mariell/go/pkg/mod/github.com/centrifugal/centrifuge@v0.33.3/internal/dissolve/queue.go:139 +0x4a
github.com/centrifugal/centrifuge/internal/dissolve.(*Dissolver).runWorker(0xc003466078)
	/home/mariell/go/pkg/mod/github.com/centrifugal/centrifuge@v0.33.3/internal/dissolve/dissolve.go:52 +0x27
created by github.com/centrifugal/centrifuge/internal/dissolve.(*Dissolver).Run in goroutine 12335
	/home/mariell/go/pkg/mod/github.com/centrifugal/centrifuge@v0.33.3/internal/dissolve/dissolve.go:31 +0x25

goroutine 16602 [select]:
github.com/patrickmn/go-cache.(*janitor).Run(0xc00f390c10, 0xc00f38c840)
	/home/mariell/go/pkg/mod/github.com/patrickmn/go-cache@v2.1.0+incompatible/cache.go:1079 +0x7b
created by github.com/patrickmn/go-cache.runJanitor in goroutine 12335
	/home/mariell/go/pkg/mod/github.com/patrickmn/go-cache@v2.1.0+incompatible/cache.go:1099 +0xdb

goroutine 16604 [select]:
github.com/patrickmn/go-cache.(*janitor).Run(0xc00f391b70, 0xc00f38d000)
	/home/mariell/go/pkg/mod/github.com/patrickmn/go-cache@v2.1.0+incompatible/cache.go:1079 +0x7b
created by github.com/patrickmn/go-cache.runJanitor in goroutine 12335
	/home/mariell/go/pkg/mod/github.com/patrickmn/go-cache@v2.1.0+incompatible/cache.go:1099 +0xdb

goroutine 16834 [select]:
database/sql.(*DB).connectionOpener(0xc007f19040, {0xa9d1d00, 0xc00f3df540})
	/usr/lib/go/src/database/sql/sql.go:1261 +0x87
created by database/sql.OpenDB in goroutine 13128
	/usr/lib/go/src/database/sql/sql.go:841 +0x130

goroutine 15976 [select]:
go.opentelemetry.io/otel/sdk/trace.(*batchSpanProcessor).processQueue(0xc0088970e0)
	/home/mariell/go/pkg/mod/go.opentelemetry.io/otel/sdk@v1.34.0/trace/batch_span_processor.go:302 +0x114
go.opentelemetry.io/otel/sdk/trace.NewBatchSpanProcessor.func1()
	/home/mariell/go/pkg/mod/go.opentelemetry.io/otel/sdk@v1.34.0/trace/batch_span_processor.go:117 +0x4e
created by go.opentelemetry.io/otel/sdk/trace.NewBatchSpanProcessor in goroutine 12335
	/home/mariell/go/pkg/mod/go.opentelemetry.io/otel/sdk@v1.34.0/trace/batch_span_processor.go:115 +0x2d9

goroutine 43975 [select]:
net/http.(*persistConn).writeLoop(0xc0255fe000)
	/usr/lib/go/src/net/http/transport.go:2590 +0xe7
created by net/http.(*Transport).dialConn in goroutine 43858
	/usr/lib/go/src/net/http/transport.go:1945 +0x17a5

goroutine 31343 [IO wait]:
internal/poll.runtime_pollWait(0x777558599a18, 0x72)
	/usr/lib/go/src/runtime/netpoll.go:351 +0x85
internal/poll.(*pollDesc).wait(0xc01beb1d00?, 0xc011540000?, 0x0)
	/usr/lib/go/src/internal/poll/fd_poll_runtime.go:84 +0x27
internal/poll.(*pollDesc).waitRead(...)
	/usr/lib/go/src/internal/poll/fd_poll_runtime.go:89
internal/poll.(*FD).Read(0xc01beb1d00, {0xc011540000, 0x1300, 0x1300})
	/usr/lib/go/src/internal/poll/fd_unix.go:165 +0x27a
net.(*netFD).Read(0xc01beb1d00, {0xc011540000?, 0x0?, 0x0?})
	/usr/lib/go/src/net/fd_posix.go:55 +0x25
net.(*conn).Read(0xc0036c5430, {0xc011540000?, 0x777558177908?, 0x7775a8b29d58?})
	/usr/lib/go/src/net/net.go:194 +0x45
crypto/tls.(*atLeastReader).Read(0xc019b0e450, {0xc011540000?, 0x500000008?, 0x0?})
	/usr/lib/go/src/crypto/tls/conn.go:809 +0x3b
bytes.(*Buffer).ReadFrom(0xc007e190b8, {0xa94e300, 0xc019b0e450})
	/usr/lib/go/src/bytes/buffer.go:211 +0x98
crypto/tls.(*Conn).readFromUntil(0xc007e18e08, {0xa94dc00, 0xc0036c5430}, 0x444af4?)
	/usr/lib/go/src/crypto/tls/conn.go:831 +0xde
crypto/tls.(*Conn).readRecordOrCCS(0xc007e18e08, 0x0)
	/usr/lib/go/src/crypto/tls/conn.go:629 +0x3cf
crypto/tls.(*Conn).readRecord(...)
	/usr/lib/go/src/crypto/tls/conn.go:591
crypto/tls.(*Conn).Read(0xc007e18e08, {0xc00ce33000, 0x1000, 0x7775a8b29d58?})
	/usr/lib/go/src/crypto/tls/conn.go:1385 +0x145
net/http.(*persistConn).Read(0xc0063130e0, {0xc00ce33000?, 0x4141c5?, 0x68?})
	/usr/lib/go/src/net/http/transport.go:2122 +0x47
bufio.(*Reader).fill(0xc012627aa0)
	/usr/lib/go/src/bufio/bufio.go:113 +0x103
bufio.(*Reader).Peek(0xc012627aa0, 0x1)
	/usr/lib/go/src/bufio/bufio.go:152 +0x53
net/http.(*persistConn).readLoop(0xc0063130e0)
	/usr/lib/go/src/net/http/transport.go:2275 +0x172
created by net/http.(*Transport).dialConn in goroutine 31790
	/usr/lib/go/src/net/http/transport.go:1944 +0x174f

goroutine 51278 [select]:
github.com/FZambia/eagle.(*Eagle).aggregate(0xc020f25c00)
	/home/mariell/go/pkg/mod/github.com/!f!zambia/eagle@v0.1.0/eagle.go:210 +0x6d
created by github.com/FZambia/eagle.New in goroutine 50170
	/home/mariell/go/pkg/mod/github.com/!f!zambia/eagle@v0.1.0/eagle.go:66 +0x176

goroutine 19245 [select]:
github.com/patrickmn/go-cache.(*janitor).Run(0xc00e0c4b10, 0xc0079d9180)
	/home/mariell/go/pkg/mod/github.com/patrickmn/go-cache@v2.1.0+incompatible/cache.go:1079 +0x7b
created by github.com/patrickmn/go-cache.runJanitor in goroutine 17793
	/home/mariell/go/pkg/mod/github.com/patrickmn/go-cache@v2.1.0+incompatible/cache.go:1099 +0xdb

goroutine 20214 [chan receive]:
github.com/grafana/grafana/pkg/registry/apis/dashboard/legacy.(*dashboardSqlAccess).WatchWriteEvents.func1()
	/home/mariell/work/oss/grafana/pkg/registry/apis/dashboard/legacy/storage.go:238 +0x50
created by github.com/grafana/grafana/pkg/registry/apis/dashboard/legacy.(*dashboardSqlAccess).WatchWriteEvents in goroutine 19261
	/home/mariell/work/oss/grafana/pkg/registry/apis/dashboard/legacy/storage.go:236 +0x1b6

goroutine 30087 [sync.Cond.Wait]:
sync.runtime_notifyListWait(0xc0029f6450, 0x15)
	/usr/lib/go/src/runtime/sema.go:597 +0x159
sync.(*Cond).Wait(0xc00a2a97d0?)
	/usr/lib/go/src/sync/cond.go:71 +0x85
github.com/centrifugal/centrifuge/internal/dissolve.(*queueImpl).Wait(0xc00ccdc000)
	/home/mariell/go/pkg/mod/github.com/centrifugal/centrifuge@v0.33.3/internal/dissolve/queue.go:139 +0x4a
github.com/centrifugal/centrifuge/internal/dissolve.(*Dissolver).runWorker(0xc00e0b3c50)
	/home/mariell/go/pkg/mod/github.com/centrifugal/centrifuge@v0.33.3/internal/dissolve/dissolve.go:52 +0x27
created by github.com/centrifugal/centrifuge/internal/dissolve.(*Dissolver).Run in goroutine 28801
	/home/mariell/go/pkg/mod/github.com/centrifugal/centrifuge@v0.33.3/internal/dissolve/dissolve.go:31 +0x25

goroutine 19018 [select]:
k8s.io/apimachinery/pkg/util/wait.BackoffUntil(0xc008788e40, {0xa95ac00, 0xc010c90e40}, 0x1, 0xc0050ac930)
	/home/mariell/go/pkg/mod/k8s.io/apimachinery@v0.32.1/pkg/util/wait/backoff.go:238 +0x12c
k8s.io/apimachinery/pkg/util/wait.JitterUntil(0xc008788e40, 0x3b9aca00, 0x3ff3333333333333, 0x1, 0xc0050ac930)
	/home/mariell/go/pkg/mod/k8s.io/apimachinery@v0.32.1/pkg/util/wait/backoff.go:204 +0x7f
created by k8s.io/apiserver/pkg/registry/generic/registry.(*Store).startObservingCount in goroutine 18215
	/home/mariell/go/pkg/mod/k8s.io/apiserver@v0.32.1/pkg/registry/generic/registry/store.go:1666 +0x2f9

goroutine 16802 [select]:
k8s.io/apimachinery/pkg/util/wait.BackoffUntil(0xc00fc73080, {0xa95ac00, 0xc00fa91d40}, 0x1, 0xc00fc3e9a0)
	/home/mariell/go/pkg/mod/k8s.io/apimachinery@v0.32.1/pkg/util/wait/backoff.go:238 +0x12c
k8s.io/apimachinery/pkg/util/wait.JitterUntil(0xc00fc73080, 0x3b9aca00, 0x3ff3333333333333, 0x1, 0xc00fc3e9a0)
	/home/mariell/go/pkg/mod/k8s.io/apimachinery@v0.32.1/pkg/util/wait/backoff.go:204 +0x7f
created by k8s.io/apiserver/pkg/registry/generic/registry.(*Store).startObservingCount in goroutine 16642
	/home/mariell/go/pkg/mod/k8s.io/apiserver@v0.32.1/pkg/registry/generic/registry/store.go:1666 +0x2f9

goroutine 17885 [select]:
github.com/centrifugal/centrifuge.(*Node).updateMetrics(0xc007d7f688)
	/home/mariell/go/pkg/mod/github.com/centrifugal/centrifuge@v0.33.3/node.go:335 +0x85
created by github.com/centrifugal/centrifuge.(*Node).Run in goroutine 13128
	/home/mariell/go/pkg/mod/github.com/centrifugal/centrifuge@v0.33.3/node.go:262 +0x2a5

goroutine 33546 [select]:
k8s.io/apimachinery/pkg/util/wait.BackoffUntil(0xc012bcce80, {0xa95ac00, 0xc00eb67710}, 0x1, 0xc00d9a5ea0)
	/home/mariell/go/pkg/mod/k8s.io/apimachinery@v0.32.1/pkg/util/wait/backoff.go:238 +0x12c
k8s.io/apimachinery/pkg/util/wait.JitterUntil(0xc012bcce80, 0x3b9aca00, 0x3ff3333333333333, 0x1, 0xc00d9a5ea0)
	/home/mariell/go/pkg/mod/k8s.io/apimachinery@v0.32.1/pkg/util/wait/backoff.go:204 +0x7f
created by k8s.io/apiserver/pkg/registry/generic/registry.(*Store).startObservingCount in goroutine 31757
	/home/mariell/go/pkg/mod/k8s.io/apiserver@v0.32.1/pkg/registry/generic/registry/store.go:1666 +0x2f9

goroutine 15243 [IO wait]:
internal/poll.runtime_pollWait(0x777558f6a2f8, 0x72)
	/usr/lib/go/src/runtime/netpoll.go:351 +0x85
internal/poll.(*pollDesc).wait(0xc00e9f3400?, 0xc00dead300?, 0x0)
	/usr/lib/go/src/internal/poll/fd_poll_runtime.go:84 +0x27
internal/poll.(*pollDesc).waitRead(...)
	/usr/lib/go/src/internal/poll/fd_poll_runtime.go:89
internal/poll.(*FD).Read(0xc00e9f3400, {0xc00dead300, 0x1300, 0x1300})
	/usr/lib/go/src/internal/poll/fd_unix.go:165 +0x27a
net.(*netFD).Read(0xc00e9f3400, {0xc00dead300?, 0x0?, 0x5?})
	/usr/lib/go/src/net/fd_posix.go:55 +0x25
net.(*conn).Read(0xc00ef41178, {0xc00dead300?, 0x7775606ff4f8?, 0x7775a8b28108?})
	/usr/lib/go/src/net/net.go:194 +0x45
crypto/tls.(*atLeastReader).Read(0xc0024ffdd0, {0xc00dead300?, 0x11abda20?, 0xc00f6499c8?})
	/usr/lib/go/src/crypto/tls/conn.go:809 +0x3b
bytes.(*Buffer).ReadFrom(0xc00f5062b8, {0xa94e300, 0xc0024ffdd0})
	/usr/lib/go/src/bytes/buffer.go:211 +0x98
crypto/tls.(*Conn).readFromUntil(0xc00f506008, {0xa94dc00, 0xc00ef41178}, 0x444af4?)
	/usr/lib/go/src/crypto/tls/conn.go:831 +0xde
crypto/tls.(*Conn).readRecordOrCCS(0xc00f506008, 0x0)
	/usr/lib/go/src/crypto/tls/conn.go:629 +0x3cf
crypto/tls.(*Conn).readRecord(...)
	/usr/lib/go/src/crypto/tls/conn.go:591
crypto/tls.(*Conn).Read(0xc00f506008, {0xc00f623000, 0x1000, 0xc00f2ac9f0?})
	/usr/lib/go/src/crypto/tls/conn.go:1385 +0x145
net/http.(*persistConn).Read(0xc001555680, {0xc00f623000?, 0x81fe45?, 0xa94be80?})
	/usr/lib/go/src/net/http/transport.go:2122 +0x47
bufio.(*Reader).fill(0xc00f60f200)
	/usr/lib/go/src/bufio/bufio.go:113 +0x103
bufio.(*Reader).Peek(0xc00f60f200, 0x1)
	/usr/lib/go/src/bufio/bufio.go:152 +0x53
net/http.(*persistConn).readLoop(0xc001555680)
	/usr/lib/go/src/net/http/transport.go:2275 +0x172
created by net/http.(*Transport).dialConn in goroutine 16672
	/usr/lib/go/src/net/http/transport.go:1944 +0x174f

goroutine 15244 [select]:
net/http.(*persistConn).writeLoop(0xc001555680)
	/usr/lib/go/src/net/http/transport.go:2590 +0xe7
created by net/http.(*Transport).dialConn in goroutine 16672
	/usr/lib/go/src/net/http/transport.go:1945 +0x17a5

goroutine 16704 [IO wait]:
internal/poll.runtime_pollWait(0x777558f6a1e0, 0x72)
	/usr/lib/go/src/runtime/netpoll.go:351 +0x85
internal/poll.(*pollDesc).wait(0xc00e9f3480?, 0xc00dc44600?, 0x0)
	/usr/lib/go/src/internal/poll/fd_poll_runtime.go:84 +0x27
internal/poll.(*pollDesc).waitRead(...)
	/usr/lib/go/src/internal/poll/fd_poll_runtime.go:89
internal/poll.(*FD).Read(0xc00e9f3480, {0xc00dc44600, 0x1300, 0x1300})
	/usr/lib/go/src/internal/poll/fd_unix.go:165 +0x27a
net.(*netFD).Read(0xc00e9f3480, {0xc00dc44600?, 0x0?, 0x1c00e989600?})
	/usr/lib/go/src/net/fd_posix.go:55 +0x25
net.(*conn).Read(0xc00ef41170, {0xc00dc44600?, 0x77756008a250?, 0x7775a8b3f718?})
	/usr/lib/go/src/net/net.go:194 +0x45
crypto/tls.(*atLeastReader).Read(0xc0087f57b8, {0xc00dc44600?, 0x4247a5?, 0x0?})
	/usr/lib/go/src/crypto/tls/conn.go:809 +0x3b
bytes.(*Buffer).ReadFrom(0xc00f48beb8, {0xa94e300, 0xc0087f57b8})
	/usr/lib/go/src/bytes/buffer.go:211 +0x98
crypto/tls.(*Conn).readFromUntil(0xc00f48bc08, {0xa94dc00, 0xc00ef41170}, 0x444af4?)
	/usr/lib/go/src/crypto/tls/conn.go:831 +0xde
crypto/tls.(*Conn).readRecordOrCCS(0xc00f48bc08, 0x0)
	/usr/lib/go/src/crypto/tls/conn.go:629 +0x3cf
crypto/tls.(*Conn).readRecord(...)
	/usr/lib/go/src/crypto/tls/conn.go:591
crypto/tls.(*Conn).Read(0xc00f48bc08, {0xc00f52a000, 0x1000, 0x7775a8b3f718?})
	/usr/lib/go/src/crypto/tls/conn.go:1385 +0x145
net/http.(*persistConn).Read(0xc001555c20, {0xc00f52a000?, 0x4141c5?, 0x68?})
	/usr/lib/go/src/net/http/transport.go:2122 +0x47
bufio.(*Reader).fill(0xc00f521500)
	/usr/lib/go/src/bufio/bufio.go:113 +0x103
bufio.(*Reader).Peek(0xc00f521500, 0x1)
	/usr/lib/go/src/bufio/bufio.go:152 +0x53
net/http.(*persistConn).readLoop(0xc001555c20)
	/usr/lib/go/src/net/http/transport.go:2275 +0x172
created by net/http.(*Transport).dialConn in goroutine 16675
	/usr/lib/go/src/net/http/transport.go:1944 +0x174f

goroutine 16705 [select]:
net/http.(*persistConn).writeLoop(0xc001555c20)
	/usr/lib/go/src/net/http/transport.go:2590 +0xe7
created by net/http.(*Transport).dialConn in goroutine 16675
	/usr/lib/go/src/net/http/transport.go:1945 +0x17a5

goroutine 20900 [select]:
github.com/patrickmn/go-cache.(*janitor).Run(0xc0063023c0, 0xc00a1d5e80)
	/home/mariell/go/pkg/mod/github.com/patrickmn/go-cache@v2.1.0+incompatible/cache.go:1079 +0x7b
created by github.com/patrickmn/go-cache.runJanitor in goroutine 19735
	/home/mariell/go/pkg/mod/github.com/patrickmn/go-cache@v2.1.0+incompatible/cache.go:1099 +0xdb

goroutine 16793 [IO wait]:
internal/poll.runtime_pollWait(0x777558f6a528, 0x72)
	/usr/lib/go/src/runtime/netpoll.go:351 +0x85
internal/poll.(*pollDesc).wait(0xc00f3d2c80?, 0xc00dd8cc00?, 0x0)
	/usr/lib/go/src/internal/poll/fd_poll_runtime.go:84 +0x27
internal/poll.(*pollDesc).waitRead(...)
	/usr/lib/go/src/internal/poll/fd_poll_runtime.go:89
internal/poll.(*FD).Read(0xc00f3d2c80, {0xc00dd8cc00, 0x1300, 0x1300})
	/usr/lib/go/src/internal/poll/fd_unix.go:165 +0x27a
net.(*netFD).Read(0xc00f3d2c80, {0xc00dd8cc00?, 0x77755953d748?, 0x6?})
	/usr/lib/go/src/net/fd_posix.go:55 +0x25
net.(*conn).Read(0xc00f62c058, {0xc00dd8cc00?, 0x77755953d748?, 0x7775a8b2b038?})
	/usr/lib/go/src/net/net.go:194 +0x45
crypto/tls.(*atLeastReader).Read(0xc010a06000, {0xc00dd8cc00?, 0xc00f6602e8?, 0x41f436?})
	/usr/lib/go/src/crypto/tls/conn.go:809 +0x3b
bytes.(*Buffer).ReadFrom(0xc00f6602b8, {0xa94e300, 0xc010a06000})
	/usr/lib/go/src/bytes/buffer.go:211 +0x98
crypto/tls.(*Conn).readFromUntil(0xc00f660008, {0xa94dc00, 0xc00f62c058}, 0x444af4?)
	/usr/lib/go/src/crypto/tls/conn.go:831 +0xde
crypto/tls.(*Conn).readRecordOrCCS(0xc00f660008, 0x0)
	/usr/lib/go/src/crypto/tls/conn.go:629 +0x3cf
crypto/tls.(*Conn).readRecord(...)
	/usr/lib/go/src/crypto/tls/conn.go:591
crypto/tls.(*Conn).Read(0xc00f660008, {0xc00f71b000, 0x1000, 0xc00f680b10?})
	/usr/lib/go/src/crypto/tls/conn.go:1385 +0x145
net/http.(*persistConn).Read(0xc0015abe60, {0xc00f71b000?, 0x81fe45?, 0xa94be80?})
	/usr/lib/go/src/net/http/transport.go:2122 +0x47
bufio.(*Reader).fill(0xc00f27b440)
	/usr/lib/go/src/bufio/bufio.go:113 +0x103
bufio.(*Reader).Peek(0xc00f27b440, 0x1)
	/usr/lib/go/src/bufio/bufio.go:152 +0x53
net/http.(*persistConn).readLoop(0xc0015abe60)
	/usr/lib/go/src/net/http/transport.go:2275 +0x172
created by net/http.(*Transport).dialConn in goroutine 16647
	/usr/lib/go/src/net/http/transport.go:1944 +0x174f

goroutine 16794 [select]:
net/http.(*persistConn).writeLoop(0xc0015abe60)
	/usr/lib/go/src/net/http/transport.go:2590 +0xe7
created by net/http.(*Transport).dialConn in goroutine 16647
	/usr/lib/go/src/net/http/transport.go:1945 +0x17a5

goroutine 30125 [sync.Cond.Wait]:
sync.runtime_notifyListWait(0xc0029f6450, 0x3d)
	/usr/lib/go/src/runtime/sema.go:597 +0x159
sync.(*Cond).Wait(0x0?)
	/usr/lib/go/src/sync/cond.go:71 +0x85
github.com/centrifugal/centrifuge/internal/dissolve.(*queueImpl).Wait(0xc00ccdc000)
	/home/mariell/go/pkg/mod/github.com/centrifugal/centrifuge@v0.33.3/internal/dissolve/queue.go:139 +0x4a
github.com/centrifugal/centrifuge/internal/dissolve.(*Dissolver).runWorker(0xc00e0b3c50)
	/home/mariell/go/pkg/mod/github.com/centrifugal/centrifuge@v0.33.3/internal/dissolve/dissolve.go:52 +0x27
created by github.com/centrifugal/centrifuge/internal/dissolve.(*Dissolver).Run in goroutine 28801
	/home/mariell/go/pkg/mod/github.com/centrifugal/centrifuge@v0.33.3/internal/dissolve/dissolve.go:31 +0x25

goroutine 16797 [IO wait]:
internal/poll.runtime_pollWait(0x777558f6a0c8, 0x72)
	/usr/lib/go/src/runtime/netpoll.go:351 +0x85
internal/poll.(*pollDesc).wait(0xc00f3d2e00?, 0xc00f550000?, 0x0)
	/usr/lib/go/src/internal/poll/fd_poll_runtime.go:84 +0x27
internal/poll.(*pollDesc).waitRead(...)
	/usr/lib/go/src/internal/poll/fd_poll_runtime.go:89
internal/poll.(*FD).Read(0xc00f3d2e00, {0xc00f550000, 0xa000, 0xa000})
	/usr/lib/go/src/internal/poll/fd_unix.go:165 +0x27a
net.(*netFD).Read(0xc00f3d2e00, {0xc00f550000?, 0xc00f550000?, 0x5?})
	/usr/lib/go/src/net/fd_posix.go:55 +0x25
net.(*conn).Read(0xc00f20c278, {0xc00f550000?, 0x77756038b528?, 0x7775a8b2b9a8?})
	/usr/lib/go/src/net/net.go:194 +0x45
crypto/tls.(*atLeastReader).Read(0xc011080138, {0xc00f550000?, 0xc00f276d68?, 0x41f436?})
	/usr/lib/go/src/crypto/tls/conn.go:809 +0x3b
bytes.(*Buffer).ReadFrom(0xc00f276d38, {0xa94e300, 0xc011080138})
	/usr/lib/go/src/bytes/buffer.go:211 +0x98
crypto/tls.(*Conn).readFromUntil(0xc00f276a88, {0xa94dc00, 0xc00f20c278}, 0x444af4?)
	/usr/lib/go/src/crypto/tls/conn.go:831 +0xde
crypto/tls.(*Conn).readRecordOrCCS(0xc00f276a88, 0x0)
	/usr/lib/go/src/crypto/tls/conn.go:629 +0x3cf
crypto/tls.(*Conn).readRecord(...)
	/usr/lib/go/src/crypto/tls/conn.go:591
crypto/tls.(*Conn).Read(0xc00f276a88, {0xc00f73b000, 0x1000, 0xc00f680b10?})
	/usr/lib/go/src/crypto/tls/conn.go:1385 +0x145
net/http.(*persistConn).Read(0xc0015f0120, {0xc00f73b000?, 0x81fe45?, 0xa94be80?})
	/usr/lib/go/src/net/http/transport.go:2122 +0x47
bufio.(*Reader).fill(0xc00f730fc0)
	/usr/lib/go/src/bufio/bufio.go:113 +0x103
bufio.(*Reader).Peek(0xc00f730fc0, 0x1)
	/usr/lib/go/src/bufio/bufio.go:152 +0x53
net/http.(*persistConn).readLoop(0xc0015f0120)
	/usr/lib/go/src/net/http/transport.go:2275 +0x172
created by net/http.(*Transport).dialConn in goroutine 16652
	/usr/lib/go/src/net/http/transport.go:1944 +0x174f

goroutine 16798 [select]:
net/http.(*persistConn).writeLoop(0xc0015f0120)
	/usr/lib/go/src/net/http/transport.go:2590 +0xe7
created by net/http.(*Transport).dialConn in goroutine 16652
	/usr/lib/go/src/net/http/transport.go:1945 +0x17a5

goroutine 16805 [select]:
k8s.io/apimachinery/pkg/util/wait.BackoffUntil(0xc00fd30d80, {0xa95ac00, 0xc00fa91da0}, 0x1, 0xc00fcb2460)
	/home/mariell/go/pkg/mod/k8s.io/apimachinery@v0.32.1/pkg/util/wait/backoff.go:238 +0x12c
k8s.io/apimachinery/pkg/util/wait.JitterUntil(0xc00fd30d80, 0x3b9aca00, 0x3ff3333333333333, 0x1, 0xc00fcb2460)
	/home/mariell/go/pkg/mod/k8s.io/apimachinery@v0.32.1/pkg/util/wait/backoff.go:204 +0x7f
created by k8s.io/apiserver/pkg/registry/generic/registry.(*Store).startObservingCount in goroutine 16642
	/home/mariell/go/pkg/mod/k8s.io/apiserver@v0.32.1/pkg/registry/generic/registry/store.go:1666 +0x2f9

goroutine 16806 [select]:
k8s.io/apimachinery/pkg/util/wait.BackoffUntil(0xc00fd96380, {0xa95ac00, 0xc00fa91dd0}, 0x1, 0xc00fcb24d0)
	/home/mariell/go/pkg/mod/k8s.io/apimachinery@v0.32.1/pkg/util/wait/backoff.go:238 +0x12c
k8s.io/apimachinery/pkg/util/wait.JitterUntil(0xc00fd96380, 0x3b9aca00, 0x3ff3333333333333, 0x1, 0xc00fcb24d0)
	/home/mariell/go/pkg/mod/k8s.io/apimachinery@v0.32.1/pkg/util/wait/backoff.go:204 +0x7f
created by k8s.io/apiserver/pkg/registry/generic/registry.(*Store).startObservingCount in goroutine 16642
	/home/mariell/go/pkg/mod/k8s.io/apiserver@v0.32.1/pkg/registry/generic/registry/store.go:1666 +0x2f9

goroutine 16807 [chan receive]:
github.com/grafana/grafana/pkg/registry/apis/dashboard/legacy.(*dashboardSqlAccess).WatchWriteEvents.func1()
	/home/mariell/work/oss/grafana/pkg/registry/apis/dashboard/legacy/storage.go:238 +0x50
created by github.com/grafana/grafana/pkg/registry/apis/dashboard/legacy.(*dashboardSqlAccess).WatchWriteEvents in goroutine 16642
	/home/mariell/work/oss/grafana/pkg/registry/apis/dashboard/legacy/storage.go:236 +0x1b6

goroutine 16808 [chan receive]:
github.com/grafana/grafana/pkg/storage/unified/resource.(*server).initWatcher.func1.1()
	/home/mariell/work/oss/grafana/pkg/storage/unified/resource/server.go:922 +0x58
created by github.com/grafana/grafana/pkg/storage/unified/resource.(*server).initWatcher.func1 in goroutine 16642
	/home/mariell/work/oss/grafana/pkg/storage/unified/resource/server.go:921 +0xaa

goroutine 16809 [select]:
github.com/grafana/grafana/pkg/storage/unified/resource.(*cache[...]).run(0xc00ee74c08)
	/home/mariell/work/oss/grafana/pkg/storage/unified/resource/broadcaster.go:291 +0xb0
created by github.com/grafana/grafana/pkg/storage/unified/resource.newChannelCache[...] in goroutine 16642
	/home/mariell/work/oss/grafana/pkg/storage/unified/resource/broadcaster.go:276 +0x189

goroutine 16810 [select]:
github.com/grafana/grafana/pkg/storage/unified/resource.(*broadcaster[...]).stream(0xab113a0, 0xc00fdcacb0)
	/home/mariell/work/oss/grafana/pkg/storage/unified/resource/broadcaster.go:205 +0x13d
created by github.com/grafana/grafana/pkg/storage/unified/resource.(*broadcaster[...]).init in goroutine 16642
	/home/mariell/work/oss/grafana/pkg/storage/unified/resource/broadcaster.go:177 +0x219

goroutine 16811 [select]:
k8s.io/apimachinery/pkg/util/wait.BackoffUntil(0xc00fd97580, {0xa95ac00, 0xc00fb21020}, 0x1, 0xc00fcb2f50)
	/home/mariell/go/pkg/mod/k8s.io/apimachinery@v0.32.1/pkg/util/wait/backoff.go:238 +0x12c
k8s.io/apimachinery/pkg/util/wait.JitterUntil(0xc00fd97580, 0x3b9aca00, 0x3ff3333333333333, 0x1, 0xc00fcb2f50)
	/home/mariell/go/pkg/mod/k8s.io/apimachinery@v0.32.1/pkg/util/wait/backoff.go:204 +0x7f
created by k8s.io/apiserver/pkg/registry/generic/registry.(*Store).startObservingCount in goroutine 16642
	/home/mariell/go/pkg/mod/k8s.io/apiserver@v0.32.1/pkg/registry/generic/registry/store.go:1666 +0x2f9

goroutine 16812 [select]:
k8s.io/apimachinery/pkg/util/wait.BackoffUntil(0xc00fd97680, {0xa95ac00, 0xc00fb20ff0}, 0x1, 0xc00fcb2fc0)
	/home/mariell/go/pkg/mod/k8s.io/apimachinery@v0.32.1/pkg/util/wait/backoff.go:238 +0x12c
k8s.io/apimachinery/pkg/util/wait.JitterUntil(0xc00fd97680, 0x3b9aca00, 0x3ff3333333333333, 0x1, 0xc00fcb2fc0)
	/home/mariell/go/pkg/mod/k8s.io/apimachinery@v0.32.1/pkg/util/wait/backoff.go:204 +0x7f
created by k8s.io/apiserver/pkg/registry/generic/registry.(*Store).startObservingCount in goroutine 16642
	/home/mariell/go/pkg/mod/k8s.io/apiserver@v0.32.1/pkg/registry/generic/registry/store.go:1666 +0x2f9

goroutine 16813 [select]:
k8s.io/apimachinery/pkg/util/wait.BackoffUntil(0xc00fd97780, {0xa95ac00, 0xc00fb21050}, 0x1, 0xc00fcb3030)
	/home/mariell/go/pkg/mod/k8s.io/apimachinery@v0.32.1/pkg/util/wait/backoff.go:238 +0x12c
k8s.io/apimachinery/pkg/util/wait.JitterUntil(0xc00fd97780, 0x3b9aca00, 0x3ff3333333333333, 0x1, 0xc00fcb3030)
	/home/mariell/go/pkg/mod/k8s.io/apimachinery@v0.32.1/pkg/util/wait/backoff.go:204 +0x7f
created by k8s.io/apiserver/pkg/registry/generic/registry.(*Store).startObservingCount in goroutine 16642
	/home/mariell/go/pkg/mod/k8s.io/apiserver@v0.32.1/pkg/registry/generic/registry/store.go:1666 +0x2f9

goroutine 16814 [select]:
k8s.io/apimachinery/pkg/util/wait.BackoffUntil(0xc00fd97880, {0xa95ac00, 0xc00f6e4540}, 0x1, 0xc00fcb30a0)
	/home/mariell/go/pkg/mod/k8s.io/apimachinery@v0.32.1/pkg/util/wait/backoff.go:238 +0x12c
k8s.io/apimachinery/pkg/util/wait.JitterUntil(0xc00fd97880, 0x3b9aca00, 0x3ff3333333333333, 0x1, 0xc00fcb30a0)
	/home/mariell/go/pkg/mod/k8s.io/apimachinery@v0.32.1/pkg/util/wait/backoff.go:204 +0x7f
created by k8s.io/apiserver/pkg/registry/generic/registry.(*Store).startObservingCount in goroutine 16642
	/home/mariell/go/pkg/mod/k8s.io/apiserver@v0.32.1/pkg/registry/generic/registry/store.go:1666 +0x2f9

goroutine 45140 [sync.Cond.Wait]:
sync.runtime_notifyListWait(0xc026bf9c10, 0x1)
	/usr/lib/go/src/runtime/sema.go:597 +0x159
sync.(*Cond).Wait(0xc01032e7d0?)
	/usr/lib/go/src/sync/cond.go:71 +0x85
github.com/centrifugal/centrifuge/internal/dissolve.(*queueImpl).Wait(0xc026c14c40)
	/home/mariell/go/pkg/mod/github.com/centrifugal/centrifuge@v0.33.3/internal/dissolve/queue.go:139 +0x4a
github.com/centrifugal/centrifuge/internal/dissolve.(*Dissolver).runWorker(0xc026b0b128)
	/home/mariell/go/pkg/mod/github.com/centrifugal/centrifuge@v0.33.3/internal/dissolve/dissolve.go:52 +0x27
created by github.com/centrifugal/centrifuge/internal/dissolve.(*Dissolver).Run in goroutine 44067
	/home/mariell/go/pkg/mod/github.com/centrifugal/centrifuge@v0.33.3/internal/dissolve/dissolve.go:31 +0x25

goroutine 16839 [select]:
database/sql.(*DB).connectionCleaner(0xc007f19040, 0xc00ee82008?)
	/usr/lib/go/src/database/sql/sql.go:1104 +0x9c
created by database/sql.(*DB).startCleanerLocked in goroutine 13128
	/usr/lib/go/src/database/sql/sql.go:1091 +0x105

goroutine 22499 [sync.Cond.Wait]:
sync.runtime_notifyListWait(0xc00a914410, 0x1d)
	/usr/lib/go/src/runtime/sema.go:597 +0x159
sync.(*Cond).Wait(0x0?)
	/usr/lib/go/src/sync/cond.go:71 +0x85
github.com/centrifugal/centrifuge/internal/dissolve.(*queueImpl).Wait(0xc00de6dab0)
	/home/mariell/go/pkg/mod/github.com/centrifugal/centrifuge@v0.33.3/internal/dissolve/queue.go:139 +0x4a
github.com/centrifugal/centrifuge/internal/dissolve.(*Dissolver).runWorker(0xc00e20d1e8)
	/home/mariell/go/pkg/mod/github.com/centrifugal/centrifuge@v0.33.3/internal/dissolve/dissolve.go:52 +0x27
created by github.com/centrifugal/centrifuge/internal/dissolve.(*Dissolver).Run in goroutine 21352
	/home/mariell/go/pkg/mod/github.com/centrifugal/centrifuge@v0.33.3/internal/dissolve/dissolve.go:31 +0x25

goroutine 21008 [sync.Cond.Wait]:
sync.runtime_notifyListWait(0xc00b15c310, 0x25)
	/usr/lib/go/src/runtime/sema.go:597 +0x159
sync.(*Cond).Wait(0x0?)
	/usr/lib/go/src/sync/cond.go:71 +0x85
github.com/centrifugal/centrifuge/internal/dissolve.(*queueImpl).Wait(0xc00b2a7340)
	/home/mariell/go/pkg/mod/github.com/centrifugal/centrifuge@v0.33.3/internal/dissolve/queue.go:139 +0x4a
github.com/centrifugal/centrifuge/internal/dissolve.(*Dissolver).runWorker(0xc010c1ed20)
	/home/mariell/go/pkg/mod/github.com/centrifugal/centrifuge@v0.33.3/internal/dissolve/dissolve.go:52 +0x27
created by github.com/centrifugal/centrifuge/internal/dissolve.(*Dissolver).Run in goroutine 19735
	/home/mariell/go/pkg/mod/github.com/centrifugal/centrifuge@v0.33.3/internal/dissolve/dissolve.go:31 +0x25

goroutine 17911 [sync.Cond.Wait]:
sync.runtime_notifyListWait(0xc009ff2dd0, 0x15)
	/usr/lib/go/src/runtime/sema.go:597 +0x159
sync.(*Cond).Wait(0xc00a2b07d0?)
	/usr/lib/go/src/sync/cond.go:71 +0x85
github.com/centrifugal/centrifuge/internal/dissolve.(*queueImpl).Wait(0xc00958cb60)
	/home/mariell/go/pkg/mod/github.com/centrifugal/centrifuge@v0.33.3/internal/dissolve/queue.go:139 +0x4a
github.com/centrifugal/centrifuge/internal/dissolve.(*Dissolver).runWorker(0xc0029ba528)
	/home/mariell/go/pkg/mod/github.com/centrifugal/centrifuge@v0.33.3/internal/dissolve/dissolve.go:52 +0x27
created by github.com/centrifugal/centrifuge/internal/dissolve.(*Dissolver).Run in goroutine 13128
	/home/mariell/go/pkg/mod/github.com/centrifugal/centrifuge@v0.33.3/internal/dissolve/dissolve.go:31 +0x25

goroutine 18013 [select]:
github.com/patrickmn/go-cache.(*janitor).Run(0xc00a00fad0, 0xc002406800)
	/home/mariell/go/pkg/mod/github.com/patrickmn/go-cache@v2.1.0+incompatible/cache.go:1079 +0x7b
created by github.com/patrickmn/go-cache.runJanitor in goroutine 13128
	/home/mariell/go/pkg/mod/github.com/patrickmn/go-cache@v2.1.0+incompatible/cache.go:1099 +0xdb

goroutine 59248 [select]:
database/sql.(*DB).connectionOpener(0xc01c0ef790, {0xa9d1d00, 0xc01d91ec30})
	/usr/lib/go/src/database/sql/sql.go:1261 +0x87
created by database/sql.OpenDB in goroutine 4436
	/usr/lib/go/src/database/sql/sql.go:841 +0x130

goroutine 18216 [IO wait]:
internal/poll.runtime_pollWait(0x777558f69c68, 0x72)
	/usr/lib/go/src/runtime/netpoll.go:351 +0x85
internal/poll.(*pollDesc).wait(0xc0094f2080?, 0xc00dd8b900?, 0x0)
	/usr/lib/go/src/internal/poll/fd_poll_runtime.go:84 +0x27
internal/poll.(*pollDesc).waitRead(...)
	/usr/lib/go/src/internal/poll/fd_poll_runtime.go:89
internal/poll.(*FD).Read(0xc0094f2080, {0xc00dd8b900, 0x1300, 0x1300})
	/usr/lib/go/src/internal/poll/fd_unix.go:165 +0x27a
net.(*netFD).Read(0xc0094f2080, {0xc00dd8b900?, 0xc00e9d8c80?, 0xa979528?})
	/usr/lib/go/src/net/fd_posix.go:55 +0x25
net.(*conn).Read(0xc011084f00, {0xc00dd8b900?, 0x77755932c098?, 0x7775a8b28a78?})
	/usr/lib/go/src/net/net.go:194 +0x45
crypto/tls.(*atLeastReader).Read(0xc00f592540, {0xc00dd8b900?, 0xc010806630?, 0xc0072c38f0?})
	/usr/lib/go/src/crypto/tls/conn.go:809 +0x3b
bytes.(*Buffer).ReadFrom(0xc00808f7b8, {0xa94e300, 0xc00f592540})
	/usr/lib/go/src/bytes/buffer.go:211 +0x98
crypto/tls.(*Conn).readFromUntil(0xc00808f508, {0xa94dc00, 0xc011084f00}, 0x444af4?)
	/usr/lib/go/src/crypto/tls/conn.go:831 +0xde
crypto/tls.(*Conn).readRecordOrCCS(0xc00808f508, 0x0)
	/usr/lib/go/src/crypto/tls/conn.go:629 +0x3cf
crypto/tls.(*Conn).readRecord(...)
	/usr/lib/go/src/crypto/tls/conn.go:591
crypto/tls.(*Conn).Read(0xc00808f508, {0xc009ba4000, 0x1000, 0x7775a8b28a78?})
	/usr/lib/go/src/crypto/tls/conn.go:1385 +0x145
net/http.(*persistConn).Read(0xc001a6cfc0, {0xc009ba4000?, 0x4141c5?, 0x68?})
	/usr/lib/go/src/net/http/transport.go:2122 +0x47
bufio.(*Reader).fill(0xc004356960)
	/usr/lib/go/src/bufio/bufio.go:113 +0x103
bufio.(*Reader).Peek(0xc004356960, 0x1)
	/usr/lib/go/src/bufio/bufio.go:152 +0x53
net/http.(*persistConn).readLoop(0xc001a6cfc0)
	/usr/lib/go/src/net/http/transport.go:2275 +0x172
created by net/http.(*Transport).dialConn in goroutine 18192
	/usr/lib/go/src/net/http/transport.go:1944 +0x174f

goroutine 34366 [select]:
net/http.(*persistConn).writeLoop(0xc00a4e4d80)
	/usr/lib/go/src/net/http/transport.go:2590 +0xe7
created by net/http.(*Transport).dialConn in goroutine 36255
	/usr/lib/go/src/net/http/transport.go:1945 +0x17a5

goroutine 17787 [select]:
github.com/grafana/grafana/pkg/storage/unified/resource.(*cache[...]).run(0xc008653ae0)
	/home/mariell/work/oss/grafana/pkg/storage/unified/resource/broadcaster.go:291 +0xb0
created by github.com/grafana/grafana/pkg/storage/unified/resource.newChannelCache[...] in goroutine 13128
	/home/mariell/work/oss/grafana/pkg/storage/unified/resource/broadcaster.go:276 +0x189

goroutine 17910 [sync.Cond.Wait]:
sync.runtime_notifyListWait(0xc009ff2dd0, 0x14)
	/usr/lib/go/src/runtime/sema.go:597 +0x159
sync.(*Cond).Wait(0x0?)
	/usr/lib/go/src/sync/cond.go:71 +0x85
github.com/centrifugal/centrifuge/internal/dissolve.(*queueImpl).Wait(0xc00958cb60)
	/home/mariell/go/pkg/mod/github.com/centrifugal/centrifuge@v0.33.3/internal/dissolve/queue.go:139 +0x4a
github.com/centrifugal/centrifuge/internal/dissolve.(*Dissolver).runWorker(0xc0029ba528)
	/home/mariell/go/pkg/mod/github.com/centrifugal/centrifuge@v0.33.3/internal/dissolve/dissolve.go:52 +0x27
created by github.com/centrifugal/centrifuge/internal/dissolve.(*Dissolver).Run in goroutine 13128
	/home/mariell/go/pkg/mod/github.com/centrifugal/centrifuge@v0.33.3/internal/dissolve/dissolve.go:31 +0x25

goroutine 42056 [sync.Cond.Wait]:
sync.runtime_notifyListWait(0xc01bc03e10, 0x19)
	/usr/lib/go/src/runtime/sema.go:597 +0x159
sync.(*Cond).Wait(0x0?)
	/usr/lib/go/src/sync/cond.go:71 +0x85
github.com/centrifugal/centrifuge/internal/dissolve.(*queueImpl).Wait(0xc01e10aa10)
	/home/mariell/go/pkg/mod/github.com/centrifugal/centrifuge@v0.33.3/internal/dissolve/queue.go:139 +0x4a
github.com/centrifugal/centrifuge/internal/dissolve.(*Dissolver).runWorker(0xc0122187e0)
	/home/mariell/go/pkg/mod/github.com/centrifugal/centrifuge@v0.33.3/internal/dissolve/dissolve.go:52 +0x27
created by github.com/centrifugal/centrifuge/internal/dissolve.(*Dissolver).Run in goroutine 40816
	/home/mariell/go/pkg/mod/github.com/centrifugal/centrifuge@v0.33.3/internal/dissolve/dissolve.go:31 +0x25

goroutine 31820 [select]:
net/http.(*persistConn).writeLoop(0xc003ecc6c0)
	/usr/lib/go/src/net/http/transport.go:2590 +0xe7
created by net/http.(*Transport).dialConn in goroutine 28977
	/usr/lib/go/src/net/http/transport.go:1945 +0x17a5

goroutine 39035 [sync.Cond.Wait]:
sync.runtime_notifyListWait(0xc01fe50bd0, 0x1c)
	/usr/lib/go/src/runtime/sema.go:597 +0x159
sync.(*Cond).Wait(0x10000c01069d7d0?)
	/usr/lib/go/src/sync/cond.go:71 +0x85
github.com/centrifugal/centrifuge/internal/dissolve.(*queueImpl).Wait(0xc00bf5ccb0)
	/home/mariell/go/pkg/mod/github.com/centrifugal/centrifuge@v0.33.3/internal/dissolve/queue.go:139 +0x4a
github.com/centrifugal/centrifuge/internal/dissolve.(*Dissolver).runWorker(0xc017ecc900)
	/home/mariell/go/pkg/mod/github.com/centrifugal/centrifuge@v0.33.3/internal/dissolve/dissolve.go:52 +0x27
created by github.com/centrifugal/centrifuge/internal/dissolve.(*Dissolver).Run in goroutine 37971
	/home/mariell/go/pkg/mod/github.com/centrifugal/centrifuge@v0.33.3/internal/dissolve/dissolve.go:31 +0x25

goroutine 17916 [sync.Cond.Wait]:
sync.runtime_notifyListWait(0xc009ff2dd0, 0x1e)
	/usr/lib/go/src/runtime/sema.go:597 +0x159
sync.(*Cond).Wait(0x0?)
	/usr/lib/go/src/sync/cond.go:71 +0x85
github.com/centrifugal/centrifuge/internal/dissolve.(*queueImpl).Wait(0xc00958cb60)
	/home/mariell/go/pkg/mod/github.com/centrifugal/centrifuge@v0.33.3/internal/dissolve/queue.go:139 +0x4a
github.com/centrifugal/centrifuge/internal/dissolve.(*Dissolver).runWorker(0xc0029ba528)
	/home/mariell/go/pkg/mod/github.com/centrifugal/centrifuge@v0.33.3/internal/dissolve/dissolve.go:52 +0x27
created by github.com/centrifugal/centrifuge/internal/dissolve.(*Dissolver).Run in goroutine 13128
	/home/mariell/go/pkg/mod/github.com/centrifugal/centrifuge@v0.33.3/internal/dissolve/dissolve.go:31 +0x25

goroutine 27020 [sync.Cond.Wait]:
sync.runtime_notifyListWait(0xc00d5304d0, 0x24)
	/usr/lib/go/src/runtime/sema.go:597 +0x159
sync.(*Cond).Wait(0x0?)
	/usr/lib/go/src/sync/cond.go:71 +0x85
github.com/centrifugal/centrifuge/internal/dissolve.(*queueImpl).Wait(0xc00dc00930)
	/home/mariell/go/pkg/mod/github.com/centrifugal/centrifuge@v0.33.3/internal/dissolve/queue.go:139 +0x4a
github.com/centrifugal/centrifuge/internal/dissolve.(*Dissolver).runWorker(0xc0128109a8)
	/home/mariell/go/pkg/mod/github.com/centrifugal/centrifuge@v0.33.3/internal/dissolve/dissolve.go:52 +0x27
created by github.com/centrifugal/centrifuge/internal/dissolve.(*Dissolver).Run in goroutine 24637
	/home/mariell/go/pkg/mod/github.com/centrifugal/centrifuge@v0.33.3/internal/dissolve/dissolve.go:31 +0x25

goroutine 22884 [select]:
net/http.(*persistConn).writeLoop(0xc00e3e6900)
	/usr/lib/go/src/net/http/transport.go:2590 +0xe7
created by net/http.(*Transport).dialConn in goroutine 22766
	/usr/lib/go/src/net/http/transport.go:1945 +0x17a5

goroutine 19056 [chan receive (nil chan)]:
k8s.io/apiserver/pkg/server.preparedGenericAPIServer.RunWithContext.func5()
	/home/mariell/go/pkg/mod/k8s.io/apiserver@v0.32.1/pkg/server/genericapiserver.go:598 +0x37
created by k8s.io/apiserver/pkg/server.preparedGenericAPIServer.RunWithContext in goroutine 18977
	/home/mariell/go/pkg/mod/k8s.io/apiserver@v0.32.1/pkg/server/genericapiserver.go:597 +0x60b

goroutine 21386 [select]:
database/sql.(*DB).connectionOpener(0xc011024a90, {0xa9d1d00, 0xc00b703b80})
	/usr/lib/go/src/database/sql/sql.go:1261 +0x87
created by database/sql.OpenDB in goroutine 21352
	/usr/lib/go/src/database/sql/sql.go:841 +0x130

goroutine 18012 [select]:
github.com/patrickmn/go-cache.(*janitor).Run(0xc00a00f5b0, 0xc002406680)
	/home/mariell/go/pkg/mod/github.com/patrickmn/go-cache@v2.1.0+incompatible/cache.go:1079 +0x7b
created by github.com/patrickmn/go-cache.runJanitor in goroutine 13128
	/home/mariell/go/pkg/mod/github.com/patrickmn/go-cache@v2.1.0+incompatible/cache.go:1099 +0xdb

goroutine 33485 [select]:
net/http.(*persistConn).writeLoop(0xc004952000)
	/usr/lib/go/src/net/http/transport.go:2590 +0xe7
created by net/http.(*Transport).dialConn in goroutine 32483
	/usr/lib/go/src/net/http/transport.go:1945 +0x17a5

goroutine 37873 [sync.Cond.Wait]:
sync.runtime_notifyListWait(0xc01fe50bd0, 0x4)
	/usr/lib/go/src/runtime/sema.go:597 +0x159
sync.(*Cond).Wait(0x0?)
	/usr/lib/go/src/sync/cond.go:71 +0x85
github.com/centrifugal/centrifuge/internal/dissolve.(*queueImpl).Wait(0xc00bf5ccb0)
	/home/mariell/go/pkg/mod/github.com/centrifugal/centrifuge@v0.33.3/internal/dissolve/queue.go:139 +0x4a
github.com/centrifugal/centrifuge/internal/dissolve.(*Dissolver).runWorker(0xc017ecc900)
	/home/mariell/go/pkg/mod/github.com/centrifugal/centrifuge@v0.33.3/internal/dissolve/dissolve.go:52 +0x27
created by github.com/centrifugal/centrifuge/internal/dissolve.(*Dissolver).Run in goroutine 37971
	/home/mariell/go/pkg/mod/github.com/centrifugal/centrifuge@v0.33.3/internal/dissolve/dissolve.go:31 +0x25

goroutine 18280 [select]:
net/http.(*persistConn).writeLoop(0xc001a6d8c0)
	/usr/lib/go/src/net/http/transport.go:2590 +0xe7
created by net/http.(*Transport).dialConn in goroutine 18195
	/usr/lib/go/src/net/http/transport.go:1945 +0x17a5

goroutine 18920 [select]:
go.opentelemetry.io/otel/sdk/trace.(*batchSpanProcessor).processQueue(0xc002bc05a0)
	/home/mariell/go/pkg/mod/go.opentelemetry.io/otel/sdk@v1.34.0/trace/batch_span_processor.go:302 +0x114
go.opentelemetry.io/otel/sdk/trace.NewBatchSpanProcessor.func1()
	/home/mariell/go/pkg/mod/go.opentelemetry.io/otel/sdk@v1.34.0/trace/batch_span_processor.go:117 +0x4e
created by go.opentelemetry.io/otel/sdk/trace.NewBatchSpanProcessor in goroutine 17793
	/home/mariell/go/pkg/mod/go.opentelemetry.io/otel/sdk@v1.34.0/trace/batch_span_processor.go:115 +0x2d9

goroutine 40548 [sync.Cond.Wait]:
sync.runtime_notifyListWait(0xc0228a0b10, 0xc)
	/usr/lib/go/src/runtime/sema.go:597 +0x159
sync.(*Cond).Wait(0x0?)
	/usr/lib/go/src/sync/cond.go:71 +0x85
github.com/centrifugal/centrifuge/internal/dissolve.(*queueImpl).Wait(0xc0228cc690)
	/home/mariell/go/pkg/mod/github.com/centrifugal/centrifuge@v0.33.3/internal/dissolve/queue.go:139 +0x4a
github.com/centrifugal/centrifuge/internal/dissolve.(*Dissolver).runWorker(0xc015fedd58)
	/home/mariell/go/pkg/mod/github.com/centrifugal/centrifuge@v0.33.3/internal/dissolve/dissolve.go:52 +0x27
created by github.com/centrifugal/centrifuge/internal/dissolve.(*Dissolver).Run in goroutine 36287
	/home/mariell/go/pkg/mod/github.com/centrifugal/centrifuge@v0.33.3/internal/dissolve/dissolve.go:31 +0x25

goroutine 21003 [sync.Cond.Wait]:
sync.runtime_notifyListWait(0xc00b15c310, 0x11)
	/usr/lib/go/src/runtime/sema.go:597 +0x159
sync.(*Cond).Wait(0x0?)
	/usr/lib/go/src/sync/cond.go:71 +0x85
github.com/centrifugal/centrifuge/internal/dissolve.(*queueImpl).Wait(0xc00b2a7340)
	/home/mariell/go/pkg/mod/github.com/centrifugal/centrifuge@v0.33.3/internal/dissolve/queue.go:139 +0x4a
github.com/centrifugal/centrifuge/internal/dissolve.(*Dissolver).runWorker(0xc010c1ed20)
	/home/mariell/go/pkg/mod/github.com/centrifugal/centrifuge@v0.33.3/internal/dissolve/dissolve.go:52 +0x27
created by github.com/centrifugal/centrifuge/internal/dissolve.(*Dissolver).Run in goroutine 19735
	/home/mariell/go/pkg/mod/github.com/centrifugal/centrifuge@v0.33.3/internal/dissolve/dissolve.go:31 +0x25

goroutine 17909 [sync.Cond.Wait]:
sync.runtime_notifyListWait(0xc009ff2dd0, 0x13)
	/usr/lib/go/src/runtime/sema.go:597 +0x159
sync.(*Cond).Wait(0xc00b90f7d0?)
	/usr/lib/go/src/sync/cond.go:71 +0x85
github.com/centrifugal/centrifuge/internal/dissolve.(*queueImpl).Wait(0xc00958cb60)
	/home/mariell/go/pkg/mod/github.com/centrifugal/centrifuge@v0.33.3/internal/dissolve/queue.go:139 +0x4a
github.com/centrifugal/centrifuge/internal/dissolve.(*Dissolver).runWorker(0xc0029ba528)
	/home/mariell/go/pkg/mod/github.com/centrifugal/centrifuge@v0.33.3/internal/dissolve/dissolve.go:52 +0x27
created by github.com/centrifugal/centrifuge/internal/dissolve.(*Dissolver).Run in goroutine 13128
	/home/mariell/go/pkg/mod/github.com/centrifugal/centrifuge@v0.33.3/internal/dissolve/dissolve.go:31 +0x25

goroutine 21939 [chan receive]:
github.com/grafana/grafana/pkg/registry/apis/dashboard/legacy.(*dashboardSqlAccess).WatchWriteEvents.func1()
	/home/mariell/work/oss/grafana/pkg/registry/apis/dashboard/legacy/storage.go:238 +0x50
created by github.com/grafana/grafana/pkg/registry/apis/dashboard/legacy.(*dashboardSqlAccess).WatchWriteEvents in goroutine 21243
	/home/mariell/work/oss/grafana/pkg/registry/apis/dashboard/legacy/storage.go:236 +0x1b6

goroutine 17901 [sync.Cond.Wait]:
sync.runtime_notifyListWait(0xc009ff2dd0, 0x19)
	/usr/lib/go/src/runtime/sema.go:597 +0x159
sync.(*Cond).Wait(0xc01032bfd0?)
	/usr/lib/go/src/sync/cond.go:71 +0x85
github.com/centrifugal/centrifuge/internal/dissolve.(*queueImpl).Wait(0xc00958cb60)
	/home/mariell/go/pkg/mod/github.com/centrifugal/centrifuge@v0.33.3/internal/dissolve/queue.go:139 +0x4a
github.com/centrifugal/centrifuge/internal/dissolve.(*Dissolver).runWorker(0xc0029ba528)
	/home/mariell/go/pkg/mod/github.com/centrifugal/centrifuge@v0.33.3/internal/dissolve/dissolve.go:52 +0x27
created by github.com/centrifugal/centrifuge/internal/dissolve.(*Dissolver).Run in goroutine 13128
	/home/mariell/go/pkg/mod/github.com/centrifugal/centrifuge@v0.33.3/internal/dissolve/dissolve.go:31 +0x25

goroutine 19303 [chan receive]:
github.com/grafana/grafana/pkg/storage/unified/resource.(*server).initWatcher.func1.1()
	/home/mariell/work/oss/grafana/pkg/storage/unified/resource/server.go:922 +0x58
created by github.com/grafana/grafana/pkg/storage/unified/resource.(*server).initWatcher.func1 in goroutine 17793
	/home/mariell/work/oss/grafana/pkg/storage/unified/resource/server.go:921 +0xaa

goroutine 21940 [chan receive]:
github.com/grafana/grafana/pkg/storage/unified/resource.(*server).initWatcher.func1.1()
	/home/mariell/work/oss/grafana/pkg/storage/unified/resource/server.go:922 +0x58
created by github.com/grafana/grafana/pkg/storage/unified/resource.(*server).initWatcher.func1 in goroutine 21243
	/home/mariell/work/oss/grafana/pkg/storage/unified/resource/server.go:921 +0xaa

goroutine 17886 [sync.Cond.Wait]:
sync.runtime_notifyListWait(0xc009ff2dd0, 0x1)
	/usr/lib/go/src/runtime/sema.go:597 +0x159
sync.(*Cond).Wait(0x0?)
	/usr/lib/go/src/sync/cond.go:71 +0x85
github.com/centrifugal/centrifuge/internal/dissolve.(*queueImpl).Wait(0xc00958cb60)
	/home/mariell/go/pkg/mod/github.com/centrifugal/centrifuge@v0.33.3/internal/dissolve/queue.go:139 +0x4a
github.com/centrifugal/centrifuge/internal/dissolve.(*Dissolver).runWorker(0xc0029ba528)
	/home/mariell/go/pkg/mod/github.com/centrifugal/centrifuge@v0.33.3/internal/dissolve/dissolve.go:52 +0x27
created by github.com/centrifugal/centrifuge/internal/dissolve.(*Dissolver).Run in goroutine 13128
	/home/mariell/go/pkg/mod/github.com/centrifugal/centrifuge@v0.33.3/internal/dissolve/dissolve.go:31 +0x25

goroutine 34367 [IO wait]:
internal/poll.runtime_pollWait(0x777559374718, 0x72)
	/usr/lib/go/src/runtime/netpoll.go:351 +0x85
internal/poll.(*pollDesc).wait(0xc01b9f2600?, 0xc00b9a0600?, 0x0)
	/usr/lib/go/src/internal/poll/fd_poll_runtime.go:84 +0x27
internal/poll.(*pollDesc).waitRead(...)
	/usr/lib/go/src/internal/poll/fd_poll_runtime.go:89
internal/poll.(*FD).Read(0xc01b9f2600, {0xc00b9a0600, 0x1300, 0x1300})
	/usr/lib/go/src/internal/poll/fd_unix.go:165 +0x27a
net.(*netFD).Read(0xc01b9f2600, {0xc00b9a0600?, 0xc010b00fa4?, 0xc010b00fa8?})
	/usr/lib/go/src/net/fd_posix.go:55 +0x25
net.(*conn).Read(0xc009284f00, {0xc00b9a0600?, 0x777558331db0?, 0x7775a8b2b038?})
	/usr/lib/go/src/net/net.go:194 +0x45
crypto/tls.(*atLeastReader).Read(0xc00f6bede0, {0xc00b9a0600?, 0xc01bb6c998?, 0xaaa0878?})
	/usr/lib/go/src/crypto/tls/conn.go:809 +0x3b
bytes.(*Buffer).ReadFrom(0xc01b9a57b8, {0xa94e300, 0xc00f6bede0})
	/usr/lib/go/src/bytes/buffer.go:211 +0x98
crypto/tls.(*Conn).readFromUntil(0xc01b9a5508, {0xa94dc00, 0xc009284f00}, 0x444af4?)
	/usr/lib/go/src/crypto/tls/conn.go:831 +0xde
crypto/tls.(*Conn).readRecordOrCCS(0xc01b9a5508, 0x0)
	/usr/lib/go/src/crypto/tls/conn.go:629 +0x3cf
crypto/tls.(*Conn).readRecord(...)
	/usr/lib/go/src/crypto/tls/conn.go:591
crypto/tls.(*Conn).Read(0xc01b9a5508, {0xc01bfd7000, 0x1000, 0x7775a8b2b038?})
	/usr/lib/go/src/crypto/tls/conn.go:1385 +0x145
net/http.(*persistConn).Read(0xc007ed9560, {0xc01bfd7000?, 0x4141c5?, 0x68?})
	/usr/lib/go/src/net/http/transport.go:2122 +0x47
bufio.(*Reader).fill(0xc01bfcf7a0)
	/usr/lib/go/src/bufio/bufio.go:113 +0x103
bufio.(*Reader).Peek(0xc01bfcf7a0, 0x1)
	/usr/lib/go/src/bufio/bufio.go:152 +0x53
net/http.(*persistConn).readLoop(0xc007ed9560)
	/usr/lib/go/src/net/http/transport.go:2275 +0x172
created by net/http.(*Transport).dialConn in goroutine 36223
	/usr/lib/go/src/net/http/transport.go:1944 +0x174f

goroutine 18977 [chan receive (nil chan)]:
k8s.io/apiserver/pkg/server.preparedGenericAPIServer.RunWithContext({0xa9d1cc8?}, {0xa9d1d00, 0xc00e9d8c30})
	/home/mariell/go/pkg/mod/k8s.io/apiserver@v0.32.1/pkg/server/genericapiserver.go:710 +0x9c5
github.com/grafana/grafana/pkg/services/apiserver.(*service).startCoreServer.func1()
	/home/mariell/work/oss/grafana/pkg/services/apiserver/service.go:448 +0x28
created by github.com/grafana/grafana/pkg/services/apiserver.(*service).startCoreServer in goroutine 18215
	/home/mariell/work/oss/grafana/pkg/services/apiserver/service.go:447 +0x125

goroutine 34648 [sync.Cond.Wait]:
sync.runtime_notifyListWait(0xc00dfe4bd0, 0xd)
	/usr/lib/go/src/runtime/sema.go:597 +0x159
sync.(*Cond).Wait(0xc01b4267d0?)
	/usr/lib/go/src/sync/cond.go:71 +0x85
github.com/centrifugal/centrifuge/internal/dissolve.(*queueImpl).Wait(0xc01277aee0)
	/home/mariell/go/pkg/mod/github.com/centrifugal/centrifuge@v0.33.3/internal/dissolve/queue.go:139 +0x4a
github.com/centrifugal/centrifuge/internal/dissolve.(*Dissolver).runWorker(0xc015fec510)
	/home/mariell/go/pkg/mod/github.com/centrifugal/centrifuge@v0.33.3/internal/dissolve/dissolve.go:52 +0x27
created by github.com/centrifugal/centrifuge/internal/dissolve.(*Dissolver).Run in goroutine 33524
	/home/mariell/go/pkg/mod/github.com/centrifugal/centrifuge@v0.33.3/internal/dissolve/dissolve.go:31 +0x25

goroutine 18313 [select]:
net/http.(*persistConn).writeLoop(0xc001a6d9e0)
	/usr/lib/go/src/net/http/transport.go:2590 +0xe7
created by net/http.(*Transport).dialConn in goroutine 18196
	/usr/lib/go/src/net/http/transport.go:1945 +0x17a5

goroutine 18219 [select]:
net/http.(*persistConn).writeLoop(0xc004cbe000)
	/usr/lib/go/src/net/http/transport.go:2590 +0xe7
created by net/http.(*Transport).dialConn in goroutine 16816
	/usr/lib/go/src/net/http/transport.go:1945 +0x17a5

goroutine 19302 [chan receive]:
github.com/grafana/grafana/pkg/storage/unified/sql.(*channelNotifier).notify.func1()
	/home/mariell/work/oss/grafana/pkg/storage/unified/sql/notifier.go:87 +0x39
created by github.com/grafana/grafana/pkg/storage/unified/sql.(*channelNotifier).notify in goroutine 17793
	/home/mariell/work/oss/grafana/pkg/storage/unified/sql/notifier.go:86 +0xdb

goroutine 18316 [IO wait]:
internal/poll.runtime_pollWait(0x77755832db28, 0x72)
	/usr/lib/go/src/runtime/netpoll.go:351 +0x85
internal/poll.(*pollDesc).wait(0xc009ab2a00?, 0xc009aea000?, 0x0)
	/usr/lib/go/src/internal/poll/fd_poll_runtime.go:84 +0x27
internal/poll.(*pollDesc).waitRead(...)
	/usr/lib/go/src/internal/poll/fd_poll_runtime.go:89
internal/poll.(*FD).Read(0xc009ab2a00, {0xc009aea000, 0xa000, 0xa000})
	/usr/lib/go/src/internal/poll/fd_unix.go:165 +0x27a
net.(*netFD).Read(0xc009ab2a00, {0xc009aea000?, 0x0?, 0x5?})
	/usr/lib/go/src/net/fd_posix.go:55 +0x25
net.(*conn).Read(0xc0080ce448, {0xc009aea000?, 0x777558402fe0?, 0x7775a8b298a0?})
	/usr/lib/go/src/net/net.go:194 +0x45
crypto/tls.(*atLeastReader).Read(0xc00fababd0, {0xc009aea000?, 0x11abda20?, 0xc00f2c39c8?})
	/usr/lib/go/src/crypto/tls/conn.go:809 +0x3b
bytes.(*Buffer).ReadFrom(0xc00fcc77b8, {0xa94e300, 0xc00fababd0})
	/usr/lib/go/src/bytes/buffer.go:211 +0x98
crypto/tls.(*Conn).readFromUntil(0xc00fcc7508, {0xa94dc00, 0xc0080ce448}, 0x444af4?)
	/usr/lib/go/src/crypto/tls/conn.go:831 +0xde
crypto/tls.(*Conn).readRecordOrCCS(0xc00fcc7508, 0x0)
	/usr/lib/go/src/crypto/tls/conn.go:629 +0x3cf
crypto/tls.(*Conn).readRecord(...)
	/usr/lib/go/src/crypto/tls/conn.go:591
crypto/tls.(*Conn).Read(0xc00fcc7508, {0xc009caf000, 0x1000, 0xc00ea0b230?})
	/usr/lib/go/src/crypto/tls/conn.go:1385 +0x145
net/http.(*persistConn).Read(0xc005655b00, {0xc009caf000?, 0x81fe45?, 0xa94be80?})
	/usr/lib/go/src/net/http/transport.go:2122 +0x47
bufio.(*Reader).fill(0xc00db5cd20)
	/usr/lib/go/src/bufio/bufio.go:113 +0x103
bufio.(*Reader).Peek(0xc00db5cd20, 0x1)
	/usr/lib/go/src/bufio/bufio.go:152 +0x53
net/http.(*persistConn).readLoop(0xc005655b00)
	/usr/lib/go/src/net/http/transport.go:2275 +0x172
created by net/http.(*Transport).dialConn in goroutine 18283
	/usr/lib/go/src/net/http/transport.go:1944 +0x174f

goroutine 17899 [sync.Cond.Wait]:
sync.runtime_notifyListWait(0xc009ff2dd0, 0x16)
	/usr/lib/go/src/runtime/sema.go:597 +0x159
sync.(*Cond).Wait(0x0?)
	/usr/lib/go/src/sync/cond.go:71 +0x85
github.com/centrifugal/centrifuge/internal/dissolve.(*queueImpl).Wait(0xc00958cb60)
	/home/mariell/go/pkg/mod/github.com/centrifugal/centrifuge@v0.33.3/internal/dissolve/queue.go:139 +0x4a
github.com/centrifugal/centrifuge/internal/dissolve.(*Dissolver).runWorker(0xc0029ba528)
	/home/mariell/go/pkg/mod/github.com/centrifugal/centrifuge@v0.33.3/internal/dissolve/dissolve.go:52 +0x27
created by github.com/centrifugal/centrifuge/internal/dissolve.(*Dissolver).Run in goroutine 13128
	/home/mariell/go/pkg/mod/github.com/centrifugal/centrifuge@v0.33.3/internal/dissolve/dissolve.go:31 +0x25

goroutine 18220 [IO wait]:
internal/poll.runtime_pollWait(0x777558f69e98, 0x72)
	/usr/lib/go/src/runtime/netpoll.go:351 +0x85
internal/poll.(*pollDesc).wait(0xc0094f2000?, 0xc009c1d300?, 0x0)
	/usr/lib/go/src/internal/poll/fd_poll_runtime.go:84 +0x27
internal/poll.(*pollDesc).waitRead(...)
	/usr/lib/go/src/internal/poll/fd_poll_runtime.go:89
internal/poll.(*FD).Read(0xc0094f2000, {0xc009c1d300, 0x1300, 0x1300})
	/usr/lib/go/src/internal/poll/fd_unix.go:165 +0x27a
net.(*netFD).Read(0xc0094f2000, {0xc009c1d300?, 0x0?, 0x0?})
	/usr/lib/go/src/net/fd_posix.go:55 +0x25
net.(*conn).Read(0xc002650348, {0xc009c1d300?, 0x77755932c098?, 0x7775a8b28a78?})
	/usr/lib/go/src/net/net.go:194 +0x45
crypto/tls.(*atLeastReader).Read(0xc00f5929f0, {0xc009c1d300?, 0x0?, 0x0?})
	/usr/lib/go/src/crypto/tls/conn.go:809 +0x3b
bytes.(*Buffer).ReadFrom(0xc00f660d38, {0xa94e300, 0xc00f5929f0})
	/usr/lib/go/src/bytes/buffer.go:211 +0x98
crypto/tls.(*Conn).readFromUntil(0xc00f660a88, {0xa94dc00, 0xc002650348}, 0x444af4?)
	/usr/lib/go/src/crypto/tls/conn.go:831 +0xde
crypto/tls.(*Conn).readRecordOrCCS(0xc00f660a88, 0x0)
	/usr/lib/go/src/crypto/tls/conn.go:629 +0x3cf
crypto/tls.(*Conn).readRecord(...)
	/usr/lib/go/src/crypto/tls/conn.go:591
crypto/tls.(*Conn).Read(0xc00f660a88, {0xc009c24000, 0x1000, 0x7775a8b28a78?})
	/usr/lib/go/src/crypto/tls/conn.go:1385 +0x145
net/http.(*persistConn).Read(0xc001a6c000, {0xc009c24000?, 0x4141c5?, 0x68?})
	/usr/lib/go/src/net/http/transport.go:2122 +0x47
bufio.(*Reader).fill(0xc00dd995c0)
	/usr/lib/go/src/bufio/bufio.go:113 +0x103
bufio.(*Reader).Peek(0xc00dd995c0, 0x1)
	/usr/lib/go/src/bufio/bufio.go:152 +0x53
net/http.(*persistConn).readLoop(0xc001a6c000)
	/usr/lib/go/src/net/http/transport.go:2275 +0x172
created by net/http.(*Transport).dialConn in goroutine 18165
	/usr/lib/go/src/net/http/transport.go:1944 +0x174f

goroutine 17908 [sync.Cond.Wait]:
sync.runtime_notifyListWait(0xc009ff2dd0, 0x12)
	/usr/lib/go/src/runtime/sema.go:597 +0x159
sync.(*Cond).Wait(0x0?)
	/usr/lib/go/src/sync/cond.go:71 +0x85
github.com/centrifugal/centrifuge/internal/dissolve.(*queueImpl).Wait(0xc00958cb60)
	/home/mariell/go/pkg/mod/github.com/centrifugal/centrifuge@v0.33.3/internal/dissolve/queue.go:139 +0x4a
github.com/centrifugal/centrifuge/internal/dissolve.(*Dissolver).runWorker(0xc0029ba528)
	/home/mariell/go/pkg/mod/github.com/centrifugal/centrifuge@v0.33.3/internal/dissolve/dissolve.go:52 +0x27
created by github.com/centrifugal/centrifuge/internal/dissolve.(*Dissolver).Run in goroutine 13128
	/home/mariell/go/pkg/mod/github.com/centrifugal/centrifuge@v0.33.3/internal/dissolve/dissolve.go:31 +0x25

goroutine 42525 [select]:
k8s.io/apimachinery/pkg/util/wait.BackoffUntil(0xc01eac1bc0, {0xa95ac00, 0xc019f21740}, 0x1, 0xc01ecc80e0)
	/home/mariell/go/pkg/mod/k8s.io/apimachinery@v0.32.1/pkg/util/wait/backoff.go:238 +0x12c
k8s.io/apimachinery/pkg/util/wait.JitterUntil(0xc01eac1bc0, 0x3b9aca00, 0x3ff3333333333333, 0x1, 0xc01ecc80e0)
	/home/mariell/go/pkg/mod/k8s.io/apimachinery@v0.32.1/pkg/util/wait/backoff.go:204 +0x7f
created by k8s.io/apiserver/pkg/registry/generic/registry.(*Store).startObservingCount in goroutine 38865
	/home/mariell/go/pkg/mod/k8s.io/apiserver@v0.32.1/pkg/registry/generic/registry/store.go:1666 +0x2f9

goroutine 18218 [IO wait]:
internal/poll.runtime_pollWait(0x77755832dd58, 0x72)
	/usr/lib/go/src/runtime/netpoll.go:351 +0x85
internal/poll.(*pollDesc).wait(0xc0094f2100?, 0xc009c1c000?, 0x0)
	/usr/lib/go/src/internal/poll/fd_poll_runtime.go:84 +0x27
internal/poll.(*pollDesc).waitRead(...)
	/usr/lib/go/src/internal/poll/fd_poll_runtime.go:89
internal/poll.(*FD).Read(0xc0094f2100, {0xc009c1c000, 0x1300, 0x1300})
	/usr/lib/go/src/internal/poll/fd_unix.go:165 +0x27a
net.(*netFD).Read(0xc0094f2100, {0xc009c1c000?, 0xc009c1c000?, 0x5?})
	/usr/lib/go/src/net/fd_posix.go:55 +0x25
net.(*conn).Read(0xc002650310, {0xc009c1c000?, 0x777558fc4780?, 0x7775a8b28a78?})
	/usr/lib/go/src/net/net.go:194 +0x45
crypto/tls.(*atLeastReader).Read(0xc008da56e0, {0xc009c1c000?, 0x12fb?, 0x0?})
	/usr/lib/go/src/crypto/tls/conn.go:809 +0x3b
bytes.(*Buffer).ReadFrom(0xc00f6609b8, {0xa94e300, 0xc008da56e0})
	/usr/lib/go/src/bytes/buffer.go:211 +0x98
crypto/tls.(*Conn).readFromUntil(0xc00f660708, {0xa94dc00, 0xc002650310}, 0x444af4?)
	/usr/lib/go/src/crypto/tls/conn.go:831 +0xde
crypto/tls.(*Conn).readRecordOrCCS(0xc00f660708, 0x0)
	/usr/lib/go/src/crypto/tls/conn.go:629 +0x3cf
crypto/tls.(*Conn).readRecord(...)
	/usr/lib/go/src/crypto/tls/conn.go:591
crypto/tls.(*Conn).Read(0xc00f660708, {0xc009ba7000, 0x1000, 0xc008538360?})
	/usr/lib/go/src/crypto/tls/conn.go:1385 +0x145
net/http.(*persistConn).Read(0xc004cbe000, {0xc009ba7000?, 0x81fe45?, 0xa94be80?})
	/usr/lib/go/src/net/http/transport.go:2122 +0x47
bufio.(*Reader).fill(0xc00dd98300)
	/usr/lib/go/src/bufio/bufio.go:113 +0x103
bufio.(*Reader).Peek(0xc00dd98300, 0x1)
	/usr/lib/go/src/bufio/bufio.go:152 +0x53
net/http.(*persistConn).readLoop(0xc004cbe000)
	/usr/lib/go/src/net/http/transport.go:2275 +0x172
created by net/http.(*Transport).dialConn in goroutine 16816
	/usr/lib/go/src/net/http/transport.go:1944 +0x174f

goroutine 39011 [sync.Cond.Wait]:
sync.runtime_notifyListWait(0xc01fe50bd0, 0x6)
	/usr/lib/go/src/runtime/sema.go:597 +0x159
sync.(*Cond).Wait(0xc012e09fd0?)
	/usr/lib/go/src/sync/cond.go:71 +0x85
github.com/centrifugal/centrifuge/internal/dissolve.(*queueImpl).Wait(0xc00bf5ccb0)
	/home/mariell/go/pkg/mod/github.com/centrifugal/centrifuge@v0.33.3/internal/dissolve/queue.go:139 +0x4a
github.com/centrifugal/centrifuge/internal/dissolve.(*Dissolver).runWorker(0xc017ecc900)
	/home/mariell/go/pkg/mod/github.com/centrifugal/centrifuge@v0.33.3/internal/dissolve/dissolve.go:52 +0x27
created by github.com/centrifugal/centrifuge/internal/dissolve.(*Dissolver).Run in goroutine 37971
	/home/mariell/go/pkg/mod/github.com/centrifugal/centrifuge@v0.33.3/internal/dissolve/dissolve.go:31 +0x25

goroutine 27017 [sync.Cond.Wait]:
sync.runtime_notifyListWait(0xc00d5304d0, 0x13)
	/usr/lib/go/src/runtime/sema.go:597 +0x159
sync.(*Cond).Wait(0xc014482fd0?)
	/usr/lib/go/src/sync/cond.go:71 +0x85
github.com/centrifugal/centrifuge/internal/dissolve.(*queueImpl).Wait(0xc00dc00930)
	/home/mariell/go/pkg/mod/github.com/centrifugal/centrifuge@v0.33.3/internal/dissolve/queue.go:139 +0x4a
github.com/centrifugal/centrifuge/internal/dissolve.(*Dissolver).runWorker(0xc0128109a8)
	/home/mariell/go/pkg/mod/github.com/centrifugal/centrifuge@v0.33.3/internal/dissolve/dissolve.go:52 +0x27
created by github.com/centrifugal/centrifuge/internal/dissolve.(*Dissolver).Run in goroutine 24637
	/home/mariell/go/pkg/mod/github.com/centrifugal/centrifuge@v0.33.3/internal/dissolve/dissolve.go:31 +0x25

goroutine 22866 [IO wait]:
internal/poll.runtime_pollWait(0x7775583a3430, 0x72)
	/usr/lib/go/src/runtime/netpoll.go:351 +0x85
internal/poll.(*pollDesc).wait(0xc00e402480?, 0xc00e73e600?, 0x0)
	/usr/lib/go/src/internal/poll/fd_poll_runtime.go:84 +0x27
internal/poll.(*pollDesc).waitRead(...)
	/usr/lib/go/src/internal/poll/fd_poll_runtime.go:89
internal/poll.(*FD).Read(0xc00e402480, {0xc00e73e600, 0x1300, 0x1300})
	/usr/lib/go/src/internal/poll/fd_unix.go:165 +0x27a
net.(*netFD).Read(0xc00e402480, {0xc00e73e600?, 0x0?, 0x1c00e438100?})
	/usr/lib/go/src/net/fd_posix.go:55 +0x25
net.(*conn).Read(0xc010880098, {0xc00e73e600?, 0x7775593c5f68?, 0x7775a8b29d58?})
	/usr/lib/go/src/net/net.go:194 +0x45
crypto/tls.(*atLeastReader).Read(0xc0036c39f8, {0xc00e73e600?, 0x4247a5?, 0x0?})
	/usr/lib/go/src/crypto/tls/conn.go:809 +0x3b
bytes.(*Buffer).ReadFrom(0xc00e526638, {0xa94e300, 0xc0036c39f8})
	/usr/lib/go/src/bytes/buffer.go:211 +0x98
crypto/tls.(*Conn).readFromUntil(0xc00e526388, {0xa94dc00, 0xc010880098}, 0x444af4?)
	/usr/lib/go/src/crypto/tls/conn.go:831 +0xde
crypto/tls.(*Conn).readRecordOrCCS(0xc00e526388, 0x0)
	/usr/lib/go/src/crypto/tls/conn.go:629 +0x3cf
crypto/tls.(*Conn).readRecord(...)
	/usr/lib/go/src/crypto/tls/conn.go:591
crypto/tls.(*Conn).Read(0xc00e526388, {0xc00e461000, 0x1000, 0x7775a8b29d58?})
	/usr/lib/go/src/crypto/tls/conn.go:1385 +0x145
net/http.(*persistConn).Read(0xc00e77c000, {0xc00e461000?, 0x4141c5?, 0x68?})
	/usr/lib/go/src/net/http/transport.go:2122 +0x47
bufio.(*Reader).fill(0xc013ebf1a0)
	/usr/lib/go/src/bufio/bufio.go:113 +0x103
bufio.(*Reader).Peek(0xc013ebf1a0, 0x1)
	/usr/lib/go/src/bufio/bufio.go:152 +0x53
net/http.(*persistConn).readLoop(0xc00e77c000)
	/usr/lib/go/src/net/http/transport.go:2275 +0x172
created by net/http.(*Transport).dialConn in goroutine 19835
	/usr/lib/go/src/net/http/transport.go:1944 +0x174f

goroutine 45141 [sync.Cond.Wait]:
sync.runtime_notifyListWait(0xc026bf9c10, 0x0)
	/usr/lib/go/src/runtime/sema.go:597 +0x159
sync.(*Cond).Wait(0x0?)
	/usr/lib/go/src/sync/cond.go:71 +0x85
github.com/centrifugal/centrifuge/internal/dissolve.(*queueImpl).Wait(0xc026c14c40)
	/home/mariell/go/pkg/mod/github.com/centrifugal/centrifuge@v0.33.3/internal/dissolve/queue.go:139 +0x4a
github.com/centrifugal/centrifuge/internal/dissolve.(*Dissolver).runWorker(0xc026b0b128)
	/home/mariell/go/pkg/mod/github.com/centrifugal/centrifuge@v0.33.3/internal/dissolve/dissolve.go:52 +0x27
created by github.com/centrifugal/centrifuge/internal/dissolve.(*Dissolver).Run in goroutine 44067
	/home/mariell/go/pkg/mod/github.com/centrifugal/centrifuge@v0.33.3/internal/dissolve/dissolve.go:31 +0x25

goroutine 17917 [sync.Cond.Wait]:
sync.runtime_notifyListWait(0xc009ff2dd0, 0x1a)
	/usr/lib/go/src/runtime/sema.go:597 +0x159
sync.(*Cond).Wait(0x1?)
	/usr/lib/go/src/sync/cond.go:71 +0x85
github.com/centrifugal/centrifuge/internal/dissolve.(*queueImpl).Wait(0xc00958cb60)
	/home/mariell/go/pkg/mod/github.com/centrifugal/centrifuge@v0.33.3/internal/dissolve/queue.go:139 +0x4a
github.com/centrifugal/centrifuge/internal/dissolve.(*Dissolver).runWorker(0xc0029ba528)
	/home/mariell/go/pkg/mod/github.com/centrifugal/centrifuge@v0.33.3/internal/dissolve/dissolve.go:52 +0x27
created by github.com/centrifugal/centrifuge/internal/dissolve.(*Dissolver).Run in goroutine 13128
	/home/mariell/go/pkg/mod/github.com/centrifugal/centrifuge@v0.33.3/internal/dissolve/dissolve.go:31 +0x25

goroutine 17918 [sync.Cond.Wait]:
sync.runtime_notifyListWait(0xc009ff2dd0, 0x20)
	/usr/lib/go/src/runtime/sema.go:597 +0x159
sync.(*Cond).Wait(0xc00f624050?)
	/usr/lib/go/src/sync/cond.go:71 +0x85
github.com/centrifugal/centrifuge/internal/dissolve.(*queueImpl).Wait(0xc00958cb60)
	/home/mariell/go/pkg/mod/github.com/centrifugal/centrifuge@v0.33.3/internal/dissolve/queue.go:139 +0x4a
github.com/centrifugal/centrifuge/internal/dissolve.(*Dissolver).runWorker(0xc0029ba528)
	/home/mariell/go/pkg/mod/github.com/centrifugal/centrifuge@v0.33.3/internal/dissolve/dissolve.go:52 +0x27
created by github.com/centrifugal/centrifuge/internal/dissolve.(*Dissolver).Run in goroutine 13128
	/home/mariell/go/pkg/mod/github.com/centrifugal/centrifuge@v0.33.3/internal/dissolve/dissolve.go:31 +0x25

goroutine 17919 [sync.Cond.Wait]:
sync.runtime_notifyListWait(0xc009ff2dd0, 0x1f)
	/usr/lib/go/src/runtime/sema.go:597 +0x159
sync.(*Cond).Wait(0xc01032a7d0?)
	/usr/lib/go/src/sync/cond.go:71 +0x85
github.com/centrifugal/centrifuge/internal/dissolve.(*queueImpl).Wait(0xc00958cb60)
	/home/mariell/go/pkg/mod/github.com/centrifugal/centrifuge@v0.33.3/internal/dissolve/queue.go:139 +0x4a
github.com/centrifugal/centrifuge/internal/dissolve.(*Dissolver).runWorker(0xc0029ba528)
	/home/mariell/go/pkg/mod/github.com/centrifugal/centrifuge@v0.33.3/internal/dissolve/dissolve.go:52 +0x27
created by github.com/centrifugal/centrifuge/internal/dissolve.(*Dissolver).Run in goroutine 13128
	/home/mariell/go/pkg/mod/github.com/centrifugal/centrifuge@v0.33.3/internal/dissolve/dissolve.go:31 +0x25

goroutine 17920 [sync.Cond.Wait]:
sync.runtime_notifyListWait(0xc009ff2dd0, 0x21)
	/usr/lib/go/src/runtime/sema.go:597 +0x159
sync.(*Cond).Wait(0xc00f246fd0?)
	/usr/lib/go/src/sync/cond.go:71 +0x85
github.com/centrifugal/centrifuge/internal/dissolve.(*queueImpl).Wait(0xc00958cb60)
	/home/mariell/go/pkg/mod/github.com/centrifugal/centrifuge@v0.33.3/internal/dissolve/queue.go:139 +0x4a
github.com/centrifugal/centrifuge/internal/dissolve.(*Dissolver).runWorker(0xc0029ba528)
	/home/mariell/go/pkg/mod/github.com/centrifugal/centrifuge@v0.33.3/internal/dissolve/dissolve.go:52 +0x27
created by github.com/centrifugal/centrifuge/internal/dissolve.(*Dissolver).Run in goroutine 13128
	/home/mariell/go/pkg/mod/github.com/centrifugal/centrifuge@v0.33.3/internal/dissolve/dissolve.go:31 +0x25

goroutine 17921 [sync.Cond.Wait]:
sync.runtime_notifyListWait(0xc009ff2dd0, 0x22)
	/usr/lib/go/src/runtime/sema.go:597 +0x159
sync.(*Cond).Wait(0x0?)
	/usr/lib/go/src/sync/cond.go:71 +0x85
github.com/centrifugal/centrifuge/internal/dissolve.(*queueImpl).Wait(0xc00958cb60)
	/home/mariell/go/pkg/mod/github.com/centrifugal/centrifuge@v0.33.3/internal/dissolve/queue.go:139 +0x4a
github.com/centrifugal/centrifuge/internal/dissolve.(*Dissolver).runWorker(0xc0029ba528)
	/home/mariell/go/pkg/mod/github.com/centrifugal/centrifuge@v0.33.3/internal/dissolve/dissolve.go:52 +0x27
created by github.com/centrifugal/centrifuge/internal/dissolve.(*Dissolver).Run in goroutine 13128
	/home/mariell/go/pkg/mod/github.com/centrifugal/centrifuge@v0.33.3/internal/dissolve/dissolve.go:31 +0x25

goroutine 17922 [sync.Cond.Wait]:
sync.runtime_notifyListWait(0xc009ff2dd0, 0x25)
	/usr/lib/go/src/runtime/sema.go:597 +0x159
sync.(*Cond).Wait(0x0?)
	/usr/lib/go/src/sync/cond.go:71 +0x85
github.com/centrifugal/centrifuge/internal/dissolve.(*queueImpl).Wait(0xc00958cb60)
	/home/mariell/go/pkg/mod/github.com/centrifugal/centrifuge@v0.33.3/internal/dissolve/queue.go:139 +0x4a
github.com/centrifugal/centrifuge/internal/dissolve.(*Dissolver).runWorker(0xc0029ba528)
	/home/mariell/go/pkg/mod/github.com/centrifugal/centrifuge@v0.33.3/internal/dissolve/dissolve.go:52 +0x27
created by github.com/centrifugal/centrifuge/internal/dissolve.(*Dissolver).Run in goroutine 13128
	/home/mariell/go/pkg/mod/github.com/centrifugal/centrifuge@v0.33.3/internal/dissolve/dissolve.go:31 +0x25

goroutine 17923 [sync.Cond.Wait]:
sync.runtime_notifyListWait(0xc009ff2dd0, 0x26)
	/usr/lib/go/src/runtime/sema.go:597 +0x159
sync.(*Cond).Wait(0x0?)
	/usr/lib/go/src/sync/cond.go:71 +0x85
github.com/centrifugal/centrifuge/internal/dissolve.(*queueImpl).Wait(0xc00958cb60)
	/home/mariell/go/pkg/mod/github.com/centrifugal/centrifuge@v0.33.3/internal/dissolve/queue.go:139 +0x4a
github.com/centrifugal/centrifuge/internal/dissolve.(*Dissolver).runWorker(0xc0029ba528)
	/home/mariell/go/pkg/mod/github.com/centrifugal/centrifuge@v0.33.3/internal/dissolve/dissolve.go:52 +0x27
created by github.com/centrifugal/centrifuge/internal/dissolve.(*Dissolver).Run in goroutine 13128
	/home/mariell/go/pkg/mod/github.com/centrifugal/centrifuge@v0.33.3/internal/dissolve/dissolve.go:31 +0x25

goroutine 17924 [sync.Cond.Wait]:
sync.runtime_notifyListWait(0xc009ff2dd0, 0x27)
	/usr/lib/go/src/runtime/sema.go:597 +0x159
sync.(*Cond).Wait(0x1?)
	/usr/lib/go/src/sync/cond.go:71 +0x85
github.com/centrifugal/centrifuge/internal/dissolve.(*queueImpl).Wait(0xc00958cb60)
	/home/mariell/go/pkg/mod/github.com/centrifugal/centrifuge@v0.33.3/internal/dissolve/queue.go:139 +0x4a
github.com/centrifugal/centrifuge/internal/dissolve.(*Dissolver).runWorker(0xc0029ba528)
	/home/mariell/go/pkg/mod/github.com/centrifugal/centrifuge@v0.33.3/internal/dissolve/dissolve.go:52 +0x27
created by github.com/centrifugal/centrifuge/internal/dissolve.(*Dissolver).Run in goroutine 13128
	/home/mariell/go/pkg/mod/github.com/centrifugal/centrifuge@v0.33.3/internal/dissolve/dissolve.go:31 +0x25

goroutine 17925 [sync.Cond.Wait]:
sync.runtime_notifyListWait(0xc009ff2dd0, 0x28)
	/usr/lib/go/src/runtime/sema.go:597 +0x159
sync.(*Cond).Wait(0x0?)
	/usr/lib/go/src/sync/cond.go:71 +0x85
github.com/centrifugal/centrifuge/internal/dissolve.(*queueImpl).Wait(0xc00958cb60)
	/home/mariell/go/pkg/mod/github.com/centrifugal/centrifuge@v0.33.3/internal/dissolve/queue.go:139 +0x4a
github.com/centrifugal/centrifuge/internal/dissolve.(*Dissolver).runWorker(0xc0029ba528)
	/home/mariell/go/pkg/mod/github.com/centrifugal/centrifuge@v0.33.3/internal/dissolve/dissolve.go:52 +0x27
created by github.com/centrifugal/centrifuge/internal/dissolve.(*Dissolver).Run in goroutine 13128
	/home/mariell/go/pkg/mod/github.com/centrifugal/centrifuge@v0.33.3/internal/dissolve/dissolve.go:31 +0x25

goroutine 17926 [sync.Cond.Wait]:
sync.runtime_notifyListWait(0xc009ff2dd0, 0x29)
	/usr/lib/go/src/runtime/sema.go:597 +0x159
sync.(*Cond).Wait(0x95832ad?)
	/usr/lib/go/src/sync/cond.go:71 +0x85
github.com/centrifugal/centrifuge/internal/dissolve.(*queueImpl).Wait(0xc00958cb60)
	/home/mariell/go/pkg/mod/github.com/centrifugal/centrifuge@v0.33.3/internal/dissolve/queue.go:139 +0x4a
github.com/centrifugal/centrifuge/internal/dissolve.(*Dissolver).runWorker(0xc0029ba528)
	/home/mariell/go/pkg/mod/github.com/centrifugal/centrifuge@v0.33.3/internal/dissolve/dissolve.go:52 +0x27
created by github.com/centrifugal/centrifuge/internal/dissolve.(*Dissolver).Run in goroutine 13128
	/home/mariell/go/pkg/mod/github.com/centrifugal/centrifuge@v0.33.3/internal/dissolve/dissolve.go:31 +0x25

goroutine 17927 [sync.Cond.Wait]:
sync.runtime_notifyListWait(0xc009ff2dd0, 0x2a)
	/usr/lib/go/src/runtime/sema.go:597 +0x159
sync.(*Cond).Wait(0x7f66501?)
	/usr/lib/go/src/sync/cond.go:71 +0x85
github.com/centrifugal/centrifuge/internal/dissolve.(*queueImpl).Wait(0xc00958cb60)
	/home/mariell/go/pkg/mod/github.com/centrifugal/centrifuge@v0.33.3/internal/dissolve/queue.go:139 +0x4a
github.com/centrifugal/centrifuge/internal/dissolve.(*Dissolver).runWorker(0xc0029ba528)
	/home/mariell/go/pkg/mod/github.com/centrifugal/centrifuge@v0.33.3/internal/dissolve/dissolve.go:52 +0x27
created by github.com/centrifugal/centrifuge/internal/dissolve.(*Dissolver).Run in goroutine 13128
	/home/mariell/go/pkg/mod/github.com/centrifugal/centrifuge@v0.33.3/internal/dissolve/dissolve.go:31 +0x25

goroutine 17928 [sync.Cond.Wait]:
sync.runtime_notifyListWait(0xc009ff2dd0, 0x2b)
	/usr/lib/go/src/runtime/sema.go:597 +0x159
sync.(*Cond).Wait(0x10000c00b4bcfd0?)
	/usr/lib/go/src/sync/cond.go:71 +0x85
github.com/centrifugal/centrifuge/internal/dissolve.(*queueImpl).Wait(0xc00958cb60)
	/home/mariell/go/pkg/mod/github.com/centrifugal/centrifuge@v0.33.3/internal/dissolve/queue.go:139 +0x4a
github.com/centrifugal/centrifuge/internal/dissolve.(*Dissolver).runWorker(0xc0029ba528)
	/home/mariell/go/pkg/mod/github.com/centrifugal/centrifuge@v0.33.3/internal/dissolve/dissolve.go:52 +0x27
created by github.com/centrifugal/centrifuge/internal/dissolve.(*Dissolver).Run in goroutine 13128
	/home/mariell/go/pkg/mod/github.com/centrifugal/centrifuge@v0.33.3/internal/dissolve/dissolve.go:31 +0x25

goroutine 17929 [sync.Cond.Wait]:
sync.runtime_notifyListWait(0xc009ff2dd0, 0x2c)
	/usr/lib/go/src/runtime/sema.go:597 +0x159
sync.(*Cond).Wait(0x823435?)
	/usr/lib/go/src/sync/cond.go:71 +0x85
github.com/centrifugal/centrifuge/internal/dissolve.(*queueImpl).Wait(0xc00958cb60)
	/home/mariell/go/pkg/mod/github.com/centrifugal/centrifuge@v0.33.3/internal/dissolve/queue.go:139 +0x4a
github.com/centrifugal/centrifuge/internal/dissolve.(*Dissolver).runWorker(0xc0029ba528)
	/home/mariell/go/pkg/mod/github.com/centrifugal/centrifuge@v0.33.3/internal/dissolve/dissolve.go:52 +0x27
created by github.com/centrifugal/centrifuge/internal/dissolve.(*Dissolver).Run in goroutine 13128
	/home/mariell/go/pkg/mod/github.com/centrifugal/centrifuge@v0.33.3/internal/dissolve/dissolve.go:31 +0x25

goroutine 17930 [sync.Cond.Wait]:
sync.runtime_notifyListWait(0xc009ff2dd0, 0x2d)
	/usr/lib/go/src/runtime/sema.go:597 +0x159
sync.(*Cond).Wait(0xc00ea06b60?)
	/usr/lib/go/src/sync/cond.go:71 +0x85
github.com/centrifugal/centrifuge/internal/dissolve.(*queueImpl).Wait(0xc00958cb60)
	/home/mariell/go/pkg/mod/github.com/centrifugal/centrifuge@v0.33.3/internal/dissolve/queue.go:139 +0x4a
github.com/centrifugal/centrifuge/internal/dissolve.(*Dissolver).runWorker(0xc0029ba528)
	/home/mariell/go/pkg/mod/github.com/centrifugal/centrifuge@v0.33.3/internal/dissolve/dissolve.go:52 +0x27
created by github.com/centrifugal/centrifuge/internal/dissolve.(*Dissolver).Run in goroutine 13128
	/home/mariell/go/pkg/mod/github.com/centrifugal/centrifuge@v0.33.3/internal/dissolve/dissolve.go:31 +0x25

goroutine 17931 [sync.Cond.Wait]:
sync.runtime_notifyListWait(0xc009ff2dd0, 0x2e)
	/usr/lib/go/src/runtime/sema.go:597 +0x159
sync.(*Cond).Wait(0x0?)
	/usr/lib/go/src/sync/cond.go:71 +0x85
github.com/centrifugal/centrifuge/internal/dissolve.(*queueImpl).Wait(0xc00958cb60)
	/home/mariell/go/pkg/mod/github.com/centrifugal/centrifuge@v0.33.3/internal/dissolve/queue.go:139 +0x4a
github.com/centrifugal/centrifuge/internal/dissolve.(*Dissolver).runWorker(0xc0029ba528)
	/home/mariell/go/pkg/mod/github.com/centrifugal/centrifuge@v0.33.3/internal/dissolve/dissolve.go:52 +0x27
created by github.com/centrifugal/centrifuge/internal/dissolve.(*Dissolver).Run in goroutine 13128
	/home/mariell/go/pkg/mod/github.com/centrifugal/centrifuge@v0.33.3/internal/dissolve/dissolve.go:31 +0x25

goroutine 17932 [sync.Cond.Wait]:
sync.runtime_notifyListWait(0xc009ff2dd0, 0x2f)
	/usr/lib/go/src/runtime/sema.go:597 +0x159
sync.(*Cond).Wait(0x2ba6936ea312ba69?)
	/usr/lib/go/src/sync/cond.go:71 +0x85
github.com/centrifugal/centrifuge/internal/dissolve.(*queueImpl).Wait(0xc00958cb60)
	/home/mariell/go/pkg/mod/github.com/centrifugal/centrifuge@v0.33.3/internal/dissolve/queue.go:139 +0x4a
github.com/centrifugal/centrifuge/internal/dissolve.(*Dissolver).runWorker(0xc0029ba528)
	/home/mariell/go/pkg/mod/github.com/centrifugal/centrifuge@v0.33.3/internal/dissolve/dissolve.go:52 +0x27
created by github.com/centrifugal/centrifuge/internal/dissolve.(*Dissolver).Run in goroutine 13128
	/home/mariell/go/pkg/mod/github.com/centrifugal/centrifuge@v0.33.3/internal/dissolve/dissolve.go:31 +0x25

goroutine 17933 [sync.Cond.Wait]:
sync.runtime_notifyListWait(0xc009ff2dd0, 0x30)
	/usr/lib/go/src/runtime/sema.go:597 +0x159
sync.(*Cond).Wait(0x20666f2074657320?)
	/usr/lib/go/src/sync/cond.go:71 +0x85
github.com/centrifugal/centrifuge/internal/dissolve.(*queueImpl).Wait(0xc00958cb60)
	/home/mariell/go/pkg/mod/github.com/centrifugal/centrifuge@v0.33.3/internal/dissolve/queue.go:139 +0x4a
github.com/centrifugal/centrifuge/internal/dissolve.(*Dissolver).runWorker(0xc0029ba528)
	/home/mariell/go/pkg/mod/github.com/centrifugal/centrifuge@v0.33.3/internal/dissolve/dissolve.go:52 +0x27
created by github.com/centrifugal/centrifuge/internal/dissolve.(*Dissolver).Run in goroutine 13128
	/home/mariell/go/pkg/mod/github.com/centrifugal/centrifuge@v0.33.3/internal/dissolve/dissolve.go:31 +0x25

goroutine 17934 [sync.Cond.Wait]:
sync.runtime_notifyListWait(0xc009ff2dd0, 0x31)
	/usr/lib/go/src/runtime/sema.go:597 +0x159
sync.(*Cond).Wait(0x72616d6b6f6f6220?)
	/usr/lib/go/src/sync/cond.go:71 +0x85
github.com/centrifugal/centrifuge/internal/dissolve.(*queueImpl).Wait(0xc00958cb60)
	/home/mariell/go/pkg/mod/github.com/centrifugal/centrifuge@v0.33.3/internal/dissolve/queue.go:139 +0x4a
github.com/centrifugal/centrifuge/internal/dissolve.(*Dissolver).runWorker(0xc0029ba528)
	/home/mariell/go/pkg/mod/github.com/centrifugal/centrifuge@v0.33.3/internal/dissolve/dissolve.go:52 +0x27
created by github.com/centrifugal/centrifuge/internal/dissolve.(*Dissolver).Run in goroutine 13128
	/home/mariell/go/pkg/mod/github.com/centrifugal/centrifuge@v0.33.3/internal/dissolve/dissolve.go:31 +0x25

goroutine 17935 [sync.Cond.Wait]:
sync.runtime_notifyListWait(0xc009ff2dd0, 0x24)
	/usr/lib/go/src/runtime/sema.go:597 +0x159
sync.(*Cond).Wait(0x6d616e222c222e64?)
	/usr/lib/go/src/sync/cond.go:71 +0x85
github.com/centrifugal/centrifuge/internal/dissolve.(*queueImpl).Wait(0xc00958cb60)
	/home/mariell/go/pkg/mod/github.com/centrifugal/centrifuge@v0.33.3/internal/dissolve/queue.go:139 +0x4a
github.com/centrifugal/centrifuge/internal/dissolve.(*Dissolver).runWorker(0xc0029ba528)
	/home/mariell/go/pkg/mod/github.com/centrifugal/centrifuge@v0.33.3/internal/dissolve/dissolve.go:52 +0x27
created by github.com/centrifugal/centrifuge/internal/dissolve.(*Dissolver).Run in goroutine 13128
	/home/mariell/go/pkg/mod/github.com/centrifugal/centrifuge@v0.33.3/internal/dissolve/dissolve.go:31 +0x25

goroutine 17936 [sync.Cond.Wait]:
sync.runtime_notifyListWait(0xc009ff2dd0, 0x33)
	/usr/lib/go/src/runtime/sema.go:597 +0x159
sync.(*Cond).Wait(0x0?)
	/usr/lib/go/src/sync/cond.go:71 +0x85
github.com/centrifugal/centrifuge/internal/dissolve.(*queueImpl).Wait(0xc00958cb60)
	/home/mariell/go/pkg/mod/github.com/centrifugal/centrifuge@v0.33.3/internal/dissolve/queue.go:139 +0x4a
github.com/centrifugal/centrifuge/internal/dissolve.(*Dissolver).runWorker(0xc0029ba528)
	/home/mariell/go/pkg/mod/github.com/centrifugal/centrifuge@v0.33.3/internal/dissolve/dissolve.go:52 +0x27
created by github.com/centrifugal/centrifuge/internal/dissolve.(*Dissolver).Run in goroutine 13128
	/home/mariell/go/pkg/mod/github.com/centrifugal/centrifuge@v0.33.3/internal/dissolve/dissolve.go:31 +0x25

goroutine 17937 [sync.Cond.Wait]:
sync.runtime_notifyListWait(0xc009ff2dd0, 0x34)
	/usr/lib/go/src/runtime/sema.go:597 +0x159
sync.(*Cond).Wait(0x0?)
	/usr/lib/go/src/sync/cond.go:71 +0x85
github.com/centrifugal/centrifuge/internal/dissolve.(*queueImpl).Wait(0xc00958cb60)
	/home/mariell/go/pkg/mod/github.com/centrifugal/centrifuge@v0.33.3/internal/dissolve/queue.go:139 +0x4a
github.com/centrifugal/centrifuge/internal/dissolve.(*Dissolver).runWorker(0xc0029ba528)
	/home/mariell/go/pkg/mod/github.com/centrifugal/centrifuge@v0.33.3/internal/dissolve/dissolve.go:52 +0x27
created by github.com/centrifugal/centrifuge/internal/dissolve.(*Dissolver).Run in goroutine 13128
	/home/mariell/go/pkg/mod/github.com/centrifugal/centrifuge@v0.33.3/internal/dissolve/dissolve.go:31 +0x25

goroutine 17938 [sync.Cond.Wait]:
sync.runtime_notifyListWait(0xc009ff2dd0, 0x35)
	/usr/lib/go/src/runtime/sema.go:597 +0x159
sync.(*Cond).Wait(0x0?)
	/usr/lib/go/src/sync/cond.go:71 +0x85
github.com/centrifugal/centrifuge/internal/dissolve.(*queueImpl).Wait(0xc00958cb60)
	/home/mariell/go/pkg/mod/github.com/centrifugal/centrifuge@v0.33.3/internal/dissolve/queue.go:139 +0x4a
github.com/centrifugal/centrifuge/internal/dissolve.(*Dissolver).runWorker(0xc0029ba528)
	/home/mariell/go/pkg/mod/github.com/centrifugal/centrifuge@v0.33.3/internal/dissolve/dissolve.go:52 +0x27
created by github.com/centrifugal/centrifuge/internal/dissolve.(*Dissolver).Run in goroutine 13128
	/home/mariell/go/pkg/mod/github.com/centrifugal/centrifuge@v0.33.3/internal/dissolve/dissolve.go:31 +0x25

goroutine 17939 [sync.Cond.Wait]:
sync.runtime_notifyListWait(0xc009ff2dd0, 0x36)
	/usr/lib/go/src/runtime/sema.go:597 +0x159
sync.(*Cond).Wait(0x0?)
	/usr/lib/go/src/sync/cond.go:71 +0x85
github.com/centrifugal/centrifuge/internal/dissolve.(*queueImpl).Wait(0xc00958cb60)
	/home/mariell/go/pkg/mod/github.com/centrifugal/centrifuge@v0.33.3/internal/dissolve/queue.go:139 +0x4a
github.com/centrifugal/centrifuge/internal/dissolve.(*Dissolver).runWorker(0xc0029ba528)
	/home/mariell/go/pkg/mod/github.com/centrifugal/centrifuge@v0.33.3/internal/dissolve/dissolve.go:52 +0x27
created by github.com/centrifugal/centrifuge/internal/dissolve.(*Dissolver).Run in goroutine 13128
	/home/mariell/go/pkg/mod/github.com/centrifugal/centrifuge@v0.33.3/internal/dissolve/dissolve.go:31 +0x25

goroutine 17940 [sync.Cond.Wait]:
sync.runtime_notifyListWait(0xc009ff2dd0, 0x37)
	/usr/lib/go/src/runtime/sema.go:597 +0x159
sync.(*Cond).Wait(0x2ba6936ea312ba69?)
	/usr/lib/go/src/sync/cond.go:71 +0x85
github.com/centrifugal/centrifuge/internal/dissolve.(*queueImpl).Wait(0xc00958cb60)
	/home/mariell/go/pkg/mod/github.com/centrifugal/centrifuge@v0.33.3/internal/dissolve/queue.go:139 +0x4a
github.com/centrifugal/centrifuge/internal/dissolve.(*Dissolver).runWorker(0xc0029ba528)
	/home/mariell/go/pkg/mod/github.com/centrifugal/centrifuge@v0.33.3/internal/dissolve/dissolve.go:52 +0x27
created by github.com/centrifugal/centrifuge/internal/dissolve.(*Dissolver).Run in goroutine 13128
	/home/mariell/go/pkg/mod/github.com/centrifugal/centrifuge@v0.33.3/internal/dissolve/dissolve.go:31 +0x25

goroutine 17941 [sync.Cond.Wait]:
sync.runtime_notifyListWait(0xc009ff2dd0, 0x38)
	/usr/lib/go/src/runtime/sema.go:597 +0x159
sync.(*Cond).Wait(0x0?)
	/usr/lib/go/src/sync/cond.go:71 +0x85
github.com/centrifugal/centrifuge/internal/dissolve.(*queueImpl).Wait(0xc00958cb60)
	/home/mariell/go/pkg/mod/github.com/centrifugal/centrifuge@v0.33.3/internal/dissolve/queue.go:139 +0x4a
github.com/centrifugal/centrifuge/internal/dissolve.(*Dissolver).runWorker(0xc0029ba528)
	/home/mariell/go/pkg/mod/github.com/centrifugal/centrifuge@v0.33.3/internal/dissolve/dissolve.go:52 +0x27
created by github.com/centrifugal/centrifuge/internal/dissolve.(*Dissolver).Run in goroutine 13128
	/home/mariell/go/pkg/mod/github.com/centrifugal/centrifuge@v0.33.3/internal/dissolve/dissolve.go:31 +0x25

goroutine 17942 [sync.Cond.Wait]:
sync.runtime_notifyListWait(0xc009ff2dd0, 0x32)
	/usr/lib/go/src/runtime/sema.go:597 +0x159
sync.(*Cond).Wait(0x0?)
	/usr/lib/go/src/sync/cond.go:71 +0x85
github.com/centrifugal/centrifuge/internal/dissolve.(*queueImpl).Wait(0xc00958cb60)
	/home/mariell/go/pkg/mod/github.com/centrifugal/centrifuge@v0.33.3/internal/dissolve/queue.go:139 +0x4a
github.com/centrifugal/centrifuge/internal/dissolve.(*Dissolver).runWorker(0xc0029ba528)
	/home/mariell/go/pkg/mod/github.com/centrifugal/centrifuge@v0.33.3/internal/dissolve/dissolve.go:52 +0x27
created by github.com/centrifugal/centrifuge/internal/dissolve.(*Dissolver).Run in goroutine 13128
	/home/mariell/go/pkg/mod/github.com/centrifugal/centrifuge@v0.33.3/internal/dissolve/dissolve.go:31 +0x25

goroutine 17943 [sync.Cond.Wait]:
sync.runtime_notifyListWait(0xc009ff2dd0, 0x3a)
	/usr/lib/go/src/runtime/sema.go:597 +0x159
sync.(*Cond).Wait(0x0?)
	/usr/lib/go/src/sync/cond.go:71 +0x85
github.com/centrifugal/centrifuge/internal/dissolve.(*queueImpl).Wait(0xc00958cb60)
	/home/mariell/go/pkg/mod/github.com/centrifugal/centrifuge@v0.33.3/internal/dissolve/queue.go:139 +0x4a
github.com/centrifugal/centrifuge/internal/dissolve.(*Dissolver).runWorker(0xc0029ba528)
	/home/mariell/go/pkg/mod/github.com/centrifugal/centrifuge@v0.33.3/internal/dissolve/dissolve.go:52 +0x27
created by github.com/centrifugal/centrifuge/internal/dissolve.(*Dissolver).Run in goroutine 13128
	/home/mariell/go/pkg/mod/github.com/centrifugal/centrifuge@v0.33.3/internal/dissolve/dissolve.go:31 +0x25

goroutine 17944 [sync.Cond.Wait]:
sync.runtime_notifyListWait(0xc009ff2dd0, 0x3b)
	/usr/lib/go/src/runtime/sema.go:597 +0x159
sync.(*Cond).Wait(0x7554ad349b7554ad?)
	/usr/lib/go/src/sync/cond.go:71 +0x85
github.com/centrifugal/centrifuge/internal/dissolve.(*queueImpl).Wait(0xc00958cb60)
	/home/mariell/go/pkg/mod/github.com/centrifugal/centrifuge@v0.33.3/internal/dissolve/queue.go:139 +0x4a
github.com/centrifugal/centrifuge/internal/dissolve.(*Dissolver).runWorker(0xc0029ba528)
	/home/mariell/go/pkg/mod/github.com/centrifugal/centrifuge@v0.33.3/internal/dissolve/dissolve.go:52 +0x27
created by github.com/centrifugal/centrifuge/internal/dissolve.(*Dissolver).Run in goroutine 13128
	/home/mariell/go/pkg/mod/github.com/centrifugal/centrifuge@v0.33.3/internal/dissolve/dissolve.go:31 +0x25

goroutine 17945 [sync.Cond.Wait]:
sync.runtime_notifyListWait(0xc009ff2dd0, 0x39)
	/usr/lib/go/src/runtime/sema.go:597 +0x159
sync.(*Cond).Wait(0x7?)
	/usr/lib/go/src/sync/cond.go:71 +0x85
github.com/centrifugal/centrifuge/internal/dissolve.(*queueImpl).Wait(0xc00958cb60)
	/home/mariell/go/pkg/mod/github.com/centrifugal/centrifuge@v0.33.3/internal/dissolve/queue.go:139 +0x4a
github.com/centrifugal/centrifuge/internal/dissolve.(*Dissolver).runWorker(0xc0029ba528)
	/home/mariell/go/pkg/mod/github.com/centrifugal/centrifuge@v0.33.3/internal/dissolve/dissolve.go:52 +0x27
created by github.com/centrifugal/centrifuge/internal/dissolve.(*Dissolver).Run in goroutine 13128
	/home/mariell/go/pkg/mod/github.com/centrifugal/centrifuge@v0.33.3/internal/dissolve/dissolve.go:31 +0x25

goroutine 17946 [sync.Cond.Wait]:
sync.runtime_notifyListWait(0xc009ff2dd0, 0x3d)
	/usr/lib/go/src/runtime/sema.go:597 +0x159
sync.(*Cond).Wait(0x0?)
	/usr/lib/go/src/sync/cond.go:71 +0x85
github.com/centrifugal/centrifuge/internal/dissolve.(*queueImpl).Wait(0xc00958cb60)
	/home/mariell/go/pkg/mod/github.com/centrifugal/centrifuge@v0.33.3/internal/dissolve/queue.go:139 +0x4a
github.com/centrifugal/centrifuge/internal/dissolve.(*Dissolver).runWorker(0xc0029ba528)
	/home/mariell/go/pkg/mod/github.com/centrifugal/centrifuge@v0.33.3/internal/dissolve/dissolve.go:52 +0x27
created by github.com/centrifugal/centrifuge/internal/dissolve.(*Dissolver).Run in goroutine 13128
	/home/mariell/go/pkg/mod/github.com/centrifugal/centrifuge@v0.33.3/internal/dissolve/dissolve.go:31 +0x25

goroutine 17947 [sync.Cond.Wait]:
sync.runtime_notifyListWait(0xc009ff2dd0, 0x3c)
	/usr/lib/go/src/runtime/sema.go:597 +0x159
sync.(*Cond).Wait(0x20200a2c65736c61?)
	/usr/lib/go/src/sync/cond.go:71 +0x85
github.com/centrifugal/centrifuge/internal/dissolve.(*queueImpl).Wait(0xc00958cb60)
	/home/mariell/go/pkg/mod/github.com/centrifugal/centrifuge@v0.33.3/internal/dissolve/queue.go:139 +0x4a
github.com/centrifugal/centrifuge/internal/dissolve.(*Dissolver).runWorker(0xc0029ba528)
	/home/mariell/go/pkg/mod/github.com/centrifugal/centrifuge@v0.33.3/internal/dissolve/dissolve.go:52 +0x27
created by github.com/centrifugal/centrifuge/internal/dissolve.(*Dissolver).Run in goroutine 13128
	/home/mariell/go/pkg/mod/github.com/centrifugal/centrifuge@v0.33.3/internal/dissolve/dissolve.go:31 +0x25

goroutine 17948 [sync.Cond.Wait]:
sync.runtime_notifyListWait(0xc009ff2dd0, 0x3e)
	/usr/lib/go/src/runtime/sema.go:597 +0x159
sync.(*Cond).Wait(0x2020202020202020?)
	/usr/lib/go/src/sync/cond.go:71 +0x85
github.com/centrifugal/centrifuge/internal/dissolve.(*queueImpl).Wait(0xc00958cb60)
	/home/mariell/go/pkg/mod/github.com/centrifugal/centrifuge@v0.33.3/internal/dissolve/queue.go:139 +0x4a
github.com/centrifugal/centrifuge/internal/dissolve.(*Dissolver).runWorker(0xc0029ba528)
	/home/mariell/go/pkg/mod/github.com/centrifugal/centrifuge@v0.33.3/internal/dissolve/dissolve.go:52 +0x27
created by github.com/centrifugal/centrifuge/internal/dissolve.(*Dissolver).Run in goroutine 13128
	/home/mariell/go/pkg/mod/github.com/centrifugal/centrifuge@v0.33.3/internal/dissolve/dissolve.go:31 +0x25

goroutine 17949 [sync.Cond.Wait]:
sync.runtime_notifyListWait(0xc009ff2dd0, 0x3f)
	/usr/lib/go/src/runtime/sema.go:597 +0x159
sync.(*Cond).Wait(0x7f66560?)
	/usr/lib/go/src/sync/cond.go:71 +0x85
github.com/centrifugal/centrifuge/internal/dissolve.(*queueImpl).Wait(0xc00958cb60)
	/home/mariell/go/pkg/mod/github.com/centrifugal/centrifuge@v0.33.3/internal/dissolve/queue.go:139 +0x4a
github.com/centrifugal/centrifuge/internal/dissolve.(*Dissolver).runWorker(0xc0029ba528)
	/home/mariell/go/pkg/mod/github.com/centrifugal/centrifuge@v0.33.3/internal/dissolve/dissolve.go:52 +0x27
created by github.com/centrifugal/centrifuge/internal/dissolve.(*Dissolver).Run in goroutine 13128
	/home/mariell/go/pkg/mod/github.com/centrifugal/centrifuge@v0.33.3/internal/dissolve/dissolve.go:31 +0x25

goroutine 19375 [select]:
github.com/patrickmn/go-cache.(*janitor).Run(0xc00e4973e0, 0xc00e4b75c0)
	/home/mariell/go/pkg/mod/github.com/patrickmn/go-cache@v2.1.0+incompatible/cache.go:1079 +0x7b
created by github.com/patrickmn/go-cache.runJanitor in goroutine 17793
	/home/mariell/go/pkg/mod/github.com/patrickmn/go-cache@v2.1.0+incompatible/cache.go:1099 +0xdb

goroutine 30115 [sync.Cond.Wait]:
sync.runtime_notifyListWait(0xc0029f6450, 0x29)
	/usr/lib/go/src/runtime/sema.go:597 +0x159
sync.(*Cond).Wait(0x0?)
	/usr/lib/go/src/sync/cond.go:71 +0x85
github.com/centrifugal/centrifuge/internal/dissolve.(*queueImpl).Wait(0xc00ccdc000)
	/home/mariell/go/pkg/mod/github.com/centrifugal/centrifuge@v0.33.3/internal/dissolve/queue.go:139 +0x4a
github.com/centrifugal/centrifuge/internal/dissolve.(*Dissolver).runWorker(0xc00e0b3c50)
	/home/mariell/go/pkg/mod/github.com/centrifugal/centrifuge@v0.33.3/internal/dissolve/dissolve.go:52 +0x27
created by github.com/centrifugal/centrifuge/internal/dissolve.(*Dissolver).Run in goroutine 28801
	/home/mariell/go/pkg/mod/github.com/centrifugal/centrifuge@v0.33.3/internal/dissolve/dissolve.go:31 +0x25

goroutine 20225 [select]:
k8s.io/apimachinery/pkg/util/wait.BackoffUntil(0xc0075203c0, {0xa95ac00, 0xc0023a4210}, 0x1, 0xc009a48540)
	/home/mariell/go/pkg/mod/k8s.io/apimachinery@v0.32.1/pkg/util/wait/backoff.go:238 +0x12c
k8s.io/apimachinery/pkg/util/wait.JitterUntil(0xc0075203c0, 0x3b9aca00, 0x3ff3333333333333, 0x1, 0xc009a48540)
	/home/mariell/go/pkg/mod/k8s.io/apimachinery@v0.32.1/pkg/util/wait/backoff.go:204 +0x7f
created by k8s.io/apiserver/pkg/registry/generic/registry.(*Store).startObservingCount in goroutine 19261
	/home/mariell/go/pkg/mod/k8s.io/apiserver@v0.32.1/pkg/registry/generic/registry/store.go:1666 +0x2f9

goroutine 20537 [select]:
net/http.(*persistConn).writeLoop(0xc003f38900)
	/usr/lib/go/src/net/http/transport.go:2590 +0xe7
created by net/http.(*Transport).dialConn in goroutine 20952
	/usr/lib/go/src/net/http/transport.go:1945 +0x17a5

goroutine 18006 [select]:
github.com/patrickmn/go-cache.(*janitor).Run(0xc009d289a0, 0xc00a061700)
	/home/mariell/go/pkg/mod/github.com/patrickmn/go-cache@v2.1.0+incompatible/cache.go:1079 +0x7b
created by github.com/patrickmn/go-cache.runJanitor in goroutine 13128
	/home/mariell/go/pkg/mod/github.com/patrickmn/go-cache@v2.1.0+incompatible/cache.go:1099 +0xdb

goroutine 20976 [sync.Cond.Wait]:
sync.runtime_notifyListWait(0xc00b15c310, 0x37)
	/usr/lib/go/src/runtime/sema.go:597 +0x159
sync.(*Cond).Wait(0x1?)
	/usr/lib/go/src/sync/cond.go:71 +0x85
github.com/centrifugal/centrifuge/internal/dissolve.(*queueImpl).Wait(0xc00b2a7340)
	/home/mariell/go/pkg/mod/github.com/centrifugal/centrifuge@v0.33.3/internal/dissolve/queue.go:139 +0x4a
github.com/centrifugal/centrifuge/internal/dissolve.(*Dissolver).runWorker(0xc010c1ed20)
	/home/mariell/go/pkg/mod/github.com/centrifugal/centrifuge@v0.33.3/internal/dissolve/dissolve.go:52 +0x27
created by github.com/centrifugal/centrifuge/internal/dissolve.(*Dissolver).Run in goroutine 19735
	/home/mariell/go/pkg/mod/github.com/centrifugal/centrifuge@v0.33.3/internal/dissolve/dissolve.go:31 +0x25

goroutine 20972 [sync.Cond.Wait]:
sync.runtime_notifyListWait(0xc00b15c310, 0x12)
	/usr/lib/go/src/runtime/sema.go:597 +0x159
sync.(*Cond).Wait(0xc00eacb7d0?)
	/usr/lib/go/src/sync/cond.go:71 +0x85
github.com/centrifugal/centrifuge/internal/dissolve.(*queueImpl).Wait(0xc00b2a7340)
	/home/mariell/go/pkg/mod/github.com/centrifugal/centrifuge@v0.33.3/internal/dissolve/queue.go:139 +0x4a
github.com/centrifugal/centrifuge/internal/dissolve.(*Dissolver).runWorker(0xc010c1ed20)
	/home/mariell/go/pkg/mod/github.com/centrifugal/centrifuge@v0.33.3/internal/dissolve/dissolve.go:52 +0x27
created by github.com/centrifugal/centrifuge/internal/dissolve.(*Dissolver).Run in goroutine 19735
	/home/mariell/go/pkg/mod/github.com/centrifugal/centrifuge@v0.33.3/internal/dissolve/dissolve.go:31 +0x25

goroutine 22490 [sync.Cond.Wait]:
sync.runtime_notifyListWait(0xc00a914410, 0x14)
	/usr/lib/go/src/runtime/sema.go:597 +0x159
sync.(*Cond).Wait(0x0?)
	/usr/lib/go/src/sync/cond.go:71 +0x85
github.com/centrifugal/centrifuge/internal/dissolve.(*queueImpl).Wait(0xc00de6dab0)
	/home/mariell/go/pkg/mod/github.com/centrifugal/centrifuge@v0.33.3/internal/dissolve/queue.go:139 +0x4a
github.com/centrifugal/centrifuge/internal/dissolve.(*Dissolver).runWorker(0xc00e20d1e8)
	/home/mariell/go/pkg/mod/github.com/centrifugal/centrifuge@v0.33.3/internal/dissolve/dissolve.go:52 +0x27
created by github.com/centrifugal/centrifuge/internal/dissolve.(*Dissolver).Run in goroutine 21352
	/home/mariell/go/pkg/mod/github.com/centrifugal/centrifuge@v0.33.3/internal/dissolve/dissolve.go:31 +0x25

goroutine 33489 [select]:
net/http.(*persistConn).writeLoop(0xc006313560)
	/usr/lib/go/src/net/http/transport.go:2590 +0xe7
created by net/http.(*Transport).dialConn in goroutine 33471
	/usr/lib/go/src/net/http/transport.go:1945 +0x17a5

goroutine 20973 [sync.Cond.Wait]:
sync.runtime_notifyListWait(0xc00b15c310, 0x32)
	/usr/lib/go/src/runtime/sema.go:597 +0x159
sync.(*Cond).Wait(0x0?)
	/usr/lib/go/src/sync/cond.go:71 +0x85
github.com/centrifugal/centrifuge/internal/dissolve.(*queueImpl).Wait(0xc00b2a7340)
	/home/mariell/go/pkg/mod/github.com/centrifugal/centrifuge@v0.33.3/internal/dissolve/queue.go:139 +0x4a
github.com/centrifugal/centrifuge/internal/dissolve.(*Dissolver).runWorker(0xc010c1ed20)
	/home/mariell/go/pkg/mod/github.com/centrifugal/centrifuge@v0.33.3/internal/dissolve/dissolve.go:52 +0x27
created by github.com/centrifugal/centrifuge/internal/dissolve.(*Dissolver).Run in goroutine 19735
	/home/mariell/go/pkg/mod/github.com/centrifugal/centrifuge@v0.33.3/internal/dissolve/dissolve.go:31 +0x25

goroutine 22491 [sync.Cond.Wait]:
sync.runtime_notifyListWait(0xc00a914410, 0x15)
	/usr/lib/go/src/runtime/sema.go:597 +0x159
sync.(*Cond).Wait(0xc00cdc47d0?)
	/usr/lib/go/src/sync/cond.go:71 +0x85
github.com/centrifugal/centrifuge/internal/dissolve.(*queueImpl).Wait(0xc00de6dab0)
	/home/mariell/go/pkg/mod/github.com/centrifugal/centrifuge@v0.33.3/internal/dissolve/queue.go:139 +0x4a
github.com/centrifugal/centrifuge/internal/dissolve.(*Dissolver).runWorker(0xc00e20d1e8)
	/home/mariell/go/pkg/mod/github.com/centrifugal/centrifuge@v0.33.3/internal/dissolve/dissolve.go:52 +0x27
created by github.com/centrifugal/centrifuge/internal/dissolve.(*Dissolver).Run in goroutine 21352
	/home/mariell/go/pkg/mod/github.com/centrifugal/centrifuge@v0.33.3/internal/dissolve/dissolve.go:31 +0x25

goroutine 22494 [sync.Cond.Wait]:
sync.runtime_notifyListWait(0xc00a914410, 0x18)
	/usr/lib/go/src/runtime/sema.go:597 +0x159
sync.(*Cond).Wait(0x0?)
	/usr/lib/go/src/sync/cond.go:71 +0x85
github.com/centrifugal/centrifuge/internal/dissolve.(*queueImpl).Wait(0xc00de6dab0)
	/home/mariell/go/pkg/mod/github.com/centrifugal/centrifuge@v0.33.3/internal/dissolve/queue.go:139 +0x4a
github.com/centrifugal/centrifuge/internal/dissolve.(*Dissolver).runWorker(0xc00e20d1e8)
	/home/mariell/go/pkg/mod/github.com/centrifugal/centrifuge@v0.33.3/internal/dissolve/dissolve.go:52 +0x27
created by github.com/centrifugal/centrifuge/internal/dissolve.(*Dissolver).Run in goroutine 21352
	/home/mariell/go/pkg/mod/github.com/centrifugal/centrifuge@v0.33.3/internal/dissolve/dissolve.go:31 +0x25

goroutine 25656 [select]:
github.com/patrickmn/go-cache.(*janitor).Run(0xc0109e42e0, 0xc0133fcd40)
	/home/mariell/go/pkg/mod/github.com/patrickmn/go-cache@v2.1.0+incompatible/cache.go:1079 +0x7b
created by github.com/patrickmn/go-cache.runJanitor in goroutine 24436
	/home/mariell/go/pkg/mod/github.com/patrickmn/go-cache@v2.1.0+incompatible/cache.go:1099 +0xdb

goroutine 20765 [select]:
github.com/patrickmn/go-cache.(*janitor).Run(0xc0011068c0, 0xc00842ed00)
	/home/mariell/go/pkg/mod/github.com/patrickmn/go-cache@v2.1.0+incompatible/cache.go:1079 +0x7b
created by github.com/patrickmn/go-cache.runJanitor in goroutine 19735
	/home/mariell/go/pkg/mod/github.com/patrickmn/go-cache@v2.1.0+incompatible/cache.go:1099 +0xdb

goroutine 25377 [select]:
github.com/patrickmn/go-cache.(*janitor).Run(0xc00fa14310, 0xc002c81280)
	/home/mariell/go/pkg/mod/github.com/patrickmn/go-cache@v2.1.0+incompatible/cache.go:1079 +0x7b
created by github.com/patrickmn/go-cache.runJanitor in goroutine 24436
	/home/mariell/go/pkg/mod/github.com/patrickmn/go-cache@v2.1.0+incompatible/cache.go:1099 +0xdb

goroutine 25581 [sync.Cond.Wait]:
sync.runtime_notifyListWait(0xc012bf5590, 0x33)
	/usr/lib/go/src/runtime/sema.go:597 +0x159
sync.(*Cond).Wait(0x0?)
	/usr/lib/go/src/sync/cond.go:71 +0x85
github.com/centrifugal/centrifuge/internal/dissolve.(*queueImpl).Wait(0xc013b4b110)
	/home/mariell/go/pkg/mod/github.com/centrifugal/centrifuge@v0.33.3/internal/dissolve/queue.go:139 +0x4a
github.com/centrifugal/centrifuge/internal/dissolve.(*Dissolver).runWorker(0xc00faede18)
	/home/mariell/go/pkg/mod/github.com/centrifugal/centrifuge@v0.33.3/internal/dissolve/dissolve.go:52 +0x27
created by github.com/centrifugal/centrifuge/internal/dissolve.(*Dissolver).Run in goroutine 24436
	/home/mariell/go/pkg/mod/github.com/centrifugal/centrifuge@v0.33.3/internal/dissolve/dissolve.go:31 +0x25

goroutine 21950 [select]:
k8s.io/apimachinery/pkg/util/wait.BackoffUntil(0xc01435c840, {0xa95ac00, 0xc012da19e0}, 0x1, 0xc0142e0540)
	/home/mariell/go/pkg/mod/k8s.io/apimachinery@v0.32.1/pkg/util/wait/backoff.go:238 +0x12c
k8s.io/apimachinery/pkg/util/wait.JitterUntil(0xc01435c840, 0x3b9aca00, 0x3ff3333333333333, 0x1, 0xc0142e0540)
	/home/mariell/go/pkg/mod/k8s.io/apimachinery@v0.32.1/pkg/util/wait/backoff.go:204 +0x7f
created by k8s.io/apiserver/pkg/registry/generic/registry.(*Store).startObservingCount in goroutine 21243
	/home/mariell/go/pkg/mod/k8s.io/apiserver@v0.32.1/pkg/registry/generic/registry/store.go:1666 +0x2f9

goroutine 27033 [sync.Cond.Wait]:
sync.runtime_notifyListWait(0xc00d5304d0, 0x1a)
	/usr/lib/go/src/runtime/sema.go:597 +0x159
sync.(*Cond).Wait(0x0?)
	/usr/lib/go/src/sync/cond.go:71 +0x85
github.com/centrifugal/centrifuge/internal/dissolve.(*queueImpl).Wait(0xc00dc00930)
	/home/mariell/go/pkg/mod/github.com/centrifugal/centrifuge@v0.33.3/internal/dissolve/queue.go:139 +0x4a
github.com/centrifugal/centrifuge/internal/dissolve.(*Dissolver).runWorker(0xc0128109a8)
	/home/mariell/go/pkg/mod/github.com/centrifugal/centrifuge@v0.33.3/internal/dissolve/dissolve.go:52 +0x27
created by github.com/centrifugal/centrifuge/internal/dissolve.(*Dissolver).Run in goroutine 24637
	/home/mariell/go/pkg/mod/github.com/centrifugal/centrifuge@v0.33.3/internal/dissolve/dissolve.go:31 +0x25

goroutine 20964 [sync.Cond.Wait]:
sync.runtime_notifyListWait(0xc00b15c310, 0x19)
	/usr/lib/go/src/runtime/sema.go:597 +0x159
sync.(*Cond).Wait(0xc00b4cdfd0?)
	/usr/lib/go/src/sync/cond.go:71 +0x85
github.com/centrifugal/centrifuge/internal/dissolve.(*queueImpl).Wait(0xc00b2a7340)
	/home/mariell/go/pkg/mod/github.com/centrifugal/centrifuge@v0.33.3/internal/dissolve/queue.go:139 +0x4a
github.com/centrifugal/centrifuge/internal/dissolve.(*Dissolver).runWorker(0xc010c1ed20)
	/home/mariell/go/pkg/mod/github.com/centrifugal/centrifuge@v0.33.3/internal/dissolve/dissolve.go:52 +0x27
created by github.com/centrifugal/centrifuge/internal/dissolve.(*Dissolver).Run in goroutine 19735
	/home/mariell/go/pkg/mod/github.com/centrifugal/centrifuge@v0.33.3/internal/dissolve/dissolve.go:31 +0x25

goroutine 51300 [sync.Cond.Wait]:
sync.runtime_notifyListWait(0xc01afe9210, 0xb)
	/usr/lib/go/src/runtime/sema.go:597 +0x159
sync.(*Cond).Wait(0xc02a6cbfd0?)
	/usr/lib/go/src/sync/cond.go:71 +0x85
github.com/centrifugal/centrifuge/internal/dissolve.(*queueImpl).Wait(0xc020f245b0)
	/home/mariell/go/pkg/mod/github.com/centrifugal/centrifuge@v0.33.3/internal/dissolve/queue.go:139 +0x4a
github.com/centrifugal/centrifuge/internal/dissolve.(*Dissolver).runWorker(0xc02834aab0)
	/home/mariell/go/pkg/mod/github.com/centrifugal/centrifuge@v0.33.3/internal/dissolve/dissolve.go:52 +0x27
created by github.com/centrifugal/centrifuge/internal/dissolve.(*Dissolver).Run in goroutine 50170
	/home/mariell/go/pkg/mod/github.com/centrifugal/centrifuge@v0.33.3/internal/dissolve/dissolve.go:31 +0x25

goroutine 22868 [IO wait]:
internal/poll.runtime_pollWait(0x7775583a3890, 0x72)
	/usr/lib/go/src/runtime/netpoll.go:351 +0x85
internal/poll.(*pollDesc).wait(0xc00e402280?, 0xc00e740c00?, 0x0)
	/usr/lib/go/src/internal/poll/fd_poll_runtime.go:84 +0x27
internal/poll.(*pollDesc).waitRead(...)
	/usr/lib/go/src/internal/poll/fd_poll_runtime.go:89
internal/poll.(*FD).Read(0xc00e402280, {0xc00e740c00, 0x1300, 0x1300})
	/usr/lib/go/src/internal/poll/fd_unix.go:165 +0x27a
net.(*netFD).Read(0xc00e402280, {0xc00e740c00?, 0x4252b6?, 0x11abda20?})
	/usr/lib/go/src/net/fd_posix.go:55 +0x25
net.(*conn).Read(0xc008f47f30, {0xc00e740c00?, 0x77755938af80?, 0x7775a8b29d58?})
	/usr/lib/go/src/net/net.go:194 +0x45
crypto/tls.(*atLeastReader).Read(0xc008ca4018, {0xc00e740c00?, 0x0?, 0x0?})
	/usr/lib/go/src/crypto/tls/conn.go:809 +0x3b
bytes.(*Buffer).ReadFrom(0xc00c6d57b8, {0xa94e300, 0xc008ca4018})
	/usr/lib/go/src/bytes/buffer.go:211 +0x98
crypto/tls.(*Conn).readFromUntil(0xc00c6d5508, {0xa94dc00, 0xc008f47f30}, 0x444af4?)
	/usr/lib/go/src/crypto/tls/conn.go:831 +0xde
crypto/tls.(*Conn).readRecordOrCCS(0xc00c6d5508, 0x0)
	/usr/lib/go/src/crypto/tls/conn.go:629 +0x3cf
crypto/tls.(*Conn).readRecord(...)
	/usr/lib/go/src/crypto/tls/conn.go:591
crypto/tls.(*Conn).Read(0xc00c6d5508, {0xc00eba8000, 0x1000, 0x7775a8b29d58?})
	/usr/lib/go/src/crypto/tls/conn.go:1385 +0x145
net/http.(*persistConn).Read(0xc00e432000, {0xc00eba8000?, 0x4141c5?, 0x68?})
	/usr/lib/go/src/net/http/transport.go:2122 +0x47
bufio.(*Reader).fill(0xc013f614a0)
	/usr/lib/go/src/bufio/bufio.go:113 +0x103
bufio.(*Reader).Peek(0xc013f614a0, 0x1)
	/usr/lib/go/src/bufio/bufio.go:152 +0x53
net/http.(*persistConn).readLoop(0xc00e432000)
	/usr/lib/go/src/net/http/transport.go:2275 +0x172
created by net/http.(*Transport).dialConn in goroutine 18321
	/usr/lib/go/src/net/http/transport.go:1944 +0x174f

goroutine 22517 [sync.Cond.Wait]:
sync.runtime_notifyListWait(0xc00a914410, 0x1e)
	/usr/lib/go/src/runtime/sema.go:597 +0x159
sync.(*Cond).Wait(0x0?)
	/usr/lib/go/src/sync/cond.go:71 +0x85
github.com/centrifugal/centrifuge/internal/dissolve.(*queueImpl).Wait(0xc00de6dab0)
	/home/mariell/go/pkg/mod/github.com/centrifugal/centrifuge@v0.33.3/internal/dissolve/queue.go:139 +0x4a
github.com/centrifugal/centrifuge/internal/dissolve.(*Dissolver).runWorker(0xc00e20d1e8)
	/home/mariell/go/pkg/mod/github.com/centrifugal/centrifuge@v0.33.3/internal/dissolve/dissolve.go:52 +0x27
created by github.com/centrifugal/centrifuge/internal/dissolve.(*Dissolver).Run in goroutine 21352
	/home/mariell/go/pkg/mod/github.com/centrifugal/centrifuge@v0.33.3/internal/dissolve/dissolve.go:31 +0x25

goroutine 19815 [IO wait]:
internal/poll.runtime_pollWait(0x77755832d380, 0x72)
	/usr/lib/go/src/runtime/netpoll.go:351 +0x85
internal/poll.(*pollDesc).wait(0xc00ee20480?, 0xc00f3ee000?, 0x0)
	/usr/lib/go/src/internal/poll/fd_poll_runtime.go:84 +0x27
internal/poll.(*pollDesc).waitRead(...)
	/usr/lib/go/src/internal/poll/fd_poll_runtime.go:89
internal/poll.(*FD).Read(0xc00ee20480, {0xc00f3ee000, 0xa000, 0xa000})
	/usr/lib/go/src/internal/poll/fd_unix.go:165 +0x27a
net.(*netFD).Read(0xc00ee20480, {0xc00f3ee000?, 0xc00f3ee000?, 0x5?})
	/usr/lib/go/src/net/fd_posix.go:55 +0x25
net.(*conn).Read(0xc00a18e670, {0xc00f3ee000?, 0x777558331db0?, 0x7775a8b28a78?})
	/usr/lib/go/src/net/net.go:194 +0x45
crypto/tls.(*atLeastReader).Read(0xc00f6bf9e0, {0xc00f3ee000?, 0x9ffb?, 0x0?})
	/usr/lib/go/src/crypto/tls/conn.go:809 +0x3b
bytes.(*Buffer).ReadFrom(0xc00edce638, {0xa94e300, 0xc00f6bf9e0})
	/usr/lib/go/src/bytes/buffer.go:211 +0x98
crypto/tls.(*Conn).readFromUntil(0xc00edce388, {0xa94dc00, 0xc00a18e670}, 0x444af4?)
	/usr/lib/go/src/crypto/tls/conn.go:831 +0xde
crypto/tls.(*Conn).readRecordOrCCS(0xc00edce388, 0x0)
	/usr/lib/go/src/crypto/tls/conn.go:629 +0x3cf
crypto/tls.(*Conn).readRecord(...)
	/usr/lib/go/src/crypto/tls/conn.go:591
crypto/tls.(*Conn).Read(0xc00edce388, {0xc00e765000, 0x1000, 0xc00ef282a0?})
	/usr/lib/go/src/crypto/tls/conn.go:1385 +0x145
net/http.(*persistConn).Read(0xc00edd0240, {0xc00e765000?, 0x81fe45?, 0xa94be80?})
	/usr/lib/go/src/net/http/transport.go:2122 +0x47
bufio.(*Reader).fill(0xc00e75f560)
	/usr/lib/go/src/bufio/bufio.go:113 +0x103
bufio.(*Reader).Peek(0xc00e75f560, 0x1)
	/usr/lib/go/src/bufio/bufio.go:152 +0x53
net/http.(*persistConn).readLoop(0xc00edd0240)
	/usr/lib/go/src/net/http/transport.go:2275 +0x172
created by net/http.(*Transport).dialConn in goroutine 19793
	/usr/lib/go/src/net/http/transport.go:1944 +0x174f

goroutine 19816 [select]:
net/http.(*persistConn).writeLoop(0xc00edd0240)
	/usr/lib/go/src/net/http/transport.go:2590 +0xe7
created by net/http.(*Transport).dialConn in goroutine 19793
	/usr/lib/go/src/net/http/transport.go:1945 +0x17a5

goroutine 21949 [select]:
k8s.io/apimachinery/pkg/util/wait.BackoffUntil(0xc0142c0e00, {0xa95ac00, 0xc012b85170}, 0x1, 0xc014158b60)
	/home/mariell/go/pkg/mod/k8s.io/apimachinery@v0.32.1/pkg/util/wait/backoff.go:238 +0x12c
k8s.io/apimachinery/pkg/util/wait.JitterUntil(0xc0142c0e00, 0x3b9aca00, 0x3ff3333333333333, 0x1, 0xc014158b60)
	/home/mariell/go/pkg/mod/k8s.io/apimachinery@v0.32.1/pkg/util/wait/backoff.go:204 +0x7f
created by k8s.io/apiserver/pkg/registry/generic/registry.(*Store).startObservingCount in goroutine 21243
	/home/mariell/go/pkg/mod/k8s.io/apiserver@v0.32.1/pkg/registry/generic/registry/store.go:1666 +0x2f9

goroutine 20994 [sync.Cond.Wait]:
sync.runtime_notifyListWait(0xc00b15c310, 0x8)
	/usr/lib/go/src/runtime/sema.go:597 +0x159
sync.(*Cond).Wait(0x0?)
	/usr/lib/go/src/sync/cond.go:71 +0x85
github.com/centrifugal/centrifuge/internal/dissolve.(*queueImpl).Wait(0xc00b2a7340)
	/home/mariell/go/pkg/mod/github.com/centrifugal/centrifuge@v0.33.3/internal/dissolve/queue.go:139 +0x4a
github.com/centrifugal/centrifuge/internal/dissolve.(*Dissolver).runWorker(0xc010c1ed20)
	/home/mariell/go/pkg/mod/github.com/centrifugal/centrifuge@v0.33.3/internal/dissolve/dissolve.go:52 +0x27
created by github.com/centrifugal/centrifuge/internal/dissolve.(*Dissolver).Run in goroutine 19735
	/home/mariell/go/pkg/mod/github.com/centrifugal/centrifuge@v0.33.3/internal/dissolve/dissolve.go:31 +0x25

goroutine 20981 [sync.Cond.Wait]:
sync.runtime_notifyListWait(0xc00b15c310, 0x36)
	/usr/lib/go/src/runtime/sema.go:597 +0x159
sync.(*Cond).Wait(0x0?)
	/usr/lib/go/src/sync/cond.go:71 +0x85
github.com/centrifugal/centrifuge/internal/dissolve.(*queueImpl).Wait(0xc00b2a7340)
	/home/mariell/go/pkg/mod/github.com/centrifugal/centrifuge@v0.33.3/internal/dissolve/queue.go:139 +0x4a
github.com/centrifugal/centrifuge/internal/dissolve.(*Dissolver).runWorker(0xc010c1ed20)
	/home/mariell/go/pkg/mod/github.com/centrifugal/centrifuge@v0.33.3/internal/dissolve/dissolve.go:52 +0x27
created by github.com/centrifugal/centrifuge/internal/dissolve.(*Dissolver).Run in goroutine 19735
	/home/mariell/go/pkg/mod/github.com/centrifugal/centrifuge@v0.33.3/internal/dissolve/dissolve.go:31 +0x25

goroutine 37869 [select]:
github.com/centrifugal/centrifuge.(*Node).updateMetrics(0xc007eb18c8)
	/home/mariell/go/pkg/mod/github.com/centrifugal/centrifuge@v0.33.3/node.go:335 +0x85
created by github.com/centrifugal/centrifuge.(*Node).Run in goroutine 37971
	/home/mariell/go/pkg/mod/github.com/centrifugal/centrifuge@v0.33.3/node.go:262 +0x2a5

goroutine 19014 [select]:
k8s.io/apimachinery/pkg/util/wait.BackoffUntil(0xc004237e00, {0xa95ac00, 0xc0064f1800}, 0x1, 0xc010c98000)
	/home/mariell/go/pkg/mod/k8s.io/apimachinery@v0.32.1/pkg/util/wait/backoff.go:238 +0x12c
k8s.io/apimachinery/pkg/util/wait.JitterUntil(0xc004237e00, 0x3b9aca00, 0x3ff3333333333333, 0x1, 0xc010c98000)
	/home/mariell/go/pkg/mod/k8s.io/apimachinery@v0.32.1/pkg/util/wait/backoff.go:204 +0x7f
created by k8s.io/apiserver/pkg/registry/generic/registry.(*Store).startObservingCount in goroutine 18215
	/home/mariell/go/pkg/mod/k8s.io/apiserver@v0.32.1/pkg/registry/generic/registry/store.go:1666 +0x2f9

goroutine 34625 [select]:
github.com/centrifugal/centrifuge.(*historyHub).expireStreams(0xc014472380)
	/home/mariell/go/pkg/mod/github.com/centrifugal/centrifuge@v0.33.3/broker_memory.go:298 +0x75
created by github.com/centrifugal/centrifuge.(*historyHub).runCleanups in goroutine 33524
	/home/mariell/go/pkg/mod/github.com/centrifugal/centrifuge@v0.33.3/broker_memory.go:252 +0x56

goroutine 37535 [sync.Cond.Wait]:
sync.runtime_notifyListWait(0xc01affc250, 0xc)
	/usr/lib/go/src/runtime/sema.go:597 +0x159
sync.(*Cond).Wait(0x0?)
	/usr/lib/go/src/sync/cond.go:71 +0x85
github.com/centrifugal/centrifuge/internal/dissolve.(*queueImpl).Wait(0xc01821cd90)
	/home/mariell/go/pkg/mod/github.com/centrifugal/centrifuge@v0.33.3/internal/dissolve/queue.go:139 +0x4a
github.com/centrifugal/centrifuge/internal/dissolve.(*Dissolver).runWorker(0xc0024fff08)
	/home/mariell/go/pkg/mod/github.com/centrifugal/centrifuge@v0.33.3/internal/dissolve/dissolve.go:52 +0x27
created by github.com/centrifugal/centrifuge/internal/dissolve.(*Dissolver).Run in goroutine 36374
	/home/mariell/go/pkg/mod/github.com/centrifugal/centrifuge@v0.33.3/internal/dissolve/dissolve.go:31 +0x25

goroutine 34638 [sync.Cond.Wait]:
sync.runtime_notifyListWait(0xc00dfe4bd0, 0x3)
	/usr/lib/go/src/runtime/sema.go:597 +0x159
sync.(*Cond).Wait(0x10000c00e418000?)
	/usr/lib/go/src/sync/cond.go:71 +0x85
github.com/centrifugal/centrifuge/internal/dissolve.(*queueImpl).Wait(0xc01277aee0)
	/home/mariell/go/pkg/mod/github.com/centrifugal/centrifuge@v0.33.3/internal/dissolve/queue.go:139 +0x4a
github.com/centrifugal/centrifuge/internal/dissolve.(*Dissolver).runWorker(0xc015fec510)
	/home/mariell/go/pkg/mod/github.com/centrifugal/centrifuge@v0.33.3/internal/dissolve/dissolve.go:52 +0x27
created by github.com/centrifugal/centrifuge/internal/dissolve.(*Dissolver).Run in goroutine 33524
	/home/mariell/go/pkg/mod/github.com/centrifugal/centrifuge@v0.33.3/internal/dissolve/dissolve.go:31 +0x25

goroutine 19393 [IO wait]:
internal/poll.runtime_pollWait(0x77755832d8f8, 0x72)
	/usr/lib/go/src/runtime/netpoll.go:351 +0x85
internal/poll.(*pollDesc).wait(0xc00e591700?, 0xc00e73c000?, 0x0)
	/usr/lib/go/src/internal/poll/fd_poll_runtime.go:84 +0x27
internal/poll.(*pollDesc).waitRead(...)
	/usr/lib/go/src/internal/poll/fd_poll_runtime.go:89
internal/poll.(*FD).Read(0xc00e591700, {0xc00e73c000, 0x1300, 0x1300})
	/usr/lib/go/src/internal/poll/fd_unix.go:165 +0x27a
net.(*netFD).Read(0xc00e591700, {0xc00e73c000?, 0xc00e73c000?, 0x5?})
	/usr/lib/go/src/net/fd_posix.go:55 +0x25
net.(*conn).Read(0xc003318790, {0xc00e73c000?, 0x7775583336b0?, 0x7775a8b28108?})
	/usr/lib/go/src/net/net.go:194 +0x45
crypto/tls.(*atLeastReader).Read(0xc00f7865a0, {0xc00e73c000?, 0x12fb?, 0x4853d2?})
	/usr/lib/go/src/crypto/tls/conn.go:809 +0x3b
bytes.(*Buffer).ReadFrom(0xc00eb99438, {0xa94e300, 0xc00f7865a0})
	/usr/lib/go/src/bytes/buffer.go:211 +0x98
crypto/tls.(*Conn).readFromUntil(0xc00eb99188, {0xa94dc00, 0xc003318790}, 0x444af4?)
	/usr/lib/go/src/crypto/tls/conn.go:831 +0xde
crypto/tls.(*Conn).readRecordOrCCS(0xc00eb99188, 0x0)
	/usr/lib/go/src/crypto/tls/conn.go:629 +0x3cf
crypto/tls.(*Conn).readRecord(...)
	/usr/lib/go/src/crypto/tls/conn.go:591
crypto/tls.(*Conn).Read(0xc00eb99188, {0xc00e74c000, 0x1000, 0xc00e156ab0?})
	/usr/lib/go/src/crypto/tls/conn.go:1385 +0x145
net/http.(*persistConn).Read(0xc00d5b1320, {0xc00e74c000?, 0x81fe45?, 0xa94be80?})
	/usr/lib/go/src/net/http/transport.go:2122 +0x47
bufio.(*Reader).fill(0xc00e73ad80)
	/usr/lib/go/src/bufio/bufio.go:113 +0x103
bufio.(*Reader).Peek(0xc00e73ad80, 0x1)
	/usr/lib/go/src/bufio/bufio.go:152 +0x53
net/http.(*persistConn).readLoop(0xc00d5b1320)
	/usr/lib/go/src/net/http/transport.go:2275 +0x172
created by net/http.(*Transport).dialConn in goroutine 19308
	/usr/lib/go/src/net/http/transport.go:1944 +0x174f

goroutine 18912 [chan receive]:
github.com/grafana/grafana/pkg/registry/apis/dashboard/legacy.(*dashboardSqlAccess).WatchWriteEvents.func1()
	/home/mariell/work/oss/grafana/pkg/registry/apis/dashboard/legacy/storage.go:238 +0x50
created by github.com/grafana/grafana/pkg/registry/apis/dashboard/legacy.(*dashboardSqlAccess).WatchWriteEvents in goroutine 18215
	/home/mariell/work/oss/grafana/pkg/registry/apis/dashboard/legacy/storage.go:236 +0x1b6

goroutine 20993 [sync.Cond.Wait]:
sync.runtime_notifyListWait(0xc00b15c310, 0x7)
	/usr/lib/go/src/runtime/sema.go:597 +0x159
sync.(*Cond).Wait(0x0?)
	/usr/lib/go/src/sync/cond.go:71 +0x85
github.com/centrifugal/centrifuge/internal/dissolve.(*queueImpl).Wait(0xc00b2a7340)
	/home/mariell/go/pkg/mod/github.com/centrifugal/centrifuge@v0.33.3/internal/dissolve/queue.go:139 +0x4a
github.com/centrifugal/centrifuge/internal/dissolve.(*Dissolver).runWorker(0xc010c1ed20)
	/home/mariell/go/pkg/mod/github.com/centrifugal/centrifuge@v0.33.3/internal/dissolve/dissolve.go:52 +0x27
created by github.com/centrifugal/centrifuge/internal/dissolve.(*Dissolver).Run in goroutine 19735
	/home/mariell/go/pkg/mod/github.com/centrifugal/centrifuge@v0.33.3/internal/dissolve/dissolve.go:31 +0x25

goroutine 37477 [select]:
github.com/patrickmn/go-cache.(*janitor).Run(0xc0144719b0, 0xc012b95680)
	/home/mariell/go/pkg/mod/github.com/patrickmn/go-cache@v2.1.0+incompatible/cache.go:1079 +0x7b
created by github.com/patrickmn/go-cache.runJanitor in goroutine 36374
	/home/mariell/go/pkg/mod/github.com/patrickmn/go-cache@v2.1.0+incompatible/cache.go:1099 +0xdb

goroutine 19185 [select]:
github.com/patrickmn/go-cache.(*janitor).Run(0xc0101f46b0, 0xc004f0be40)
	/home/mariell/go/pkg/mod/github.com/patrickmn/go-cache@v2.1.0+incompatible/cache.go:1079 +0x7b
created by github.com/patrickmn/go-cache.runJanitor in goroutine 17793
	/home/mariell/go/pkg/mod/github.com/patrickmn/go-cache@v2.1.0+incompatible/cache.go:1099 +0xdb

goroutine 20219 [select]:
k8s.io/apimachinery/pkg/util/wait.BackoffUntil(0xc00218fc80, {0xa95ac00, 0xc0023a4030}, 0x1, 0xc00925ff80)
	/home/mariell/go/pkg/mod/k8s.io/apimachinery@v0.32.1/pkg/util/wait/backoff.go:238 +0x12c
k8s.io/apimachinery/pkg/util/wait.JitterUntil(0xc00218fc80, 0x3b9aca00, 0x3ff3333333333333, 0x1, 0xc00925ff80)
	/home/mariell/go/pkg/mod/k8s.io/apimachinery@v0.32.1/pkg/util/wait/backoff.go:204 +0x7f
created by k8s.io/apiserver/pkg/registry/generic/registry.(*Store).startObservingCount in goroutine 19261
	/home/mariell/go/pkg/mod/k8s.io/apiserver@v0.32.1/pkg/registry/generic/registry/store.go:1666 +0x2f9

goroutine 22895 [select]:
k8s.io/apimachinery/pkg/util/wait.BackoffUntil(0xc00ef58400, {0xa95ac00, 0xc00f2042d0}, 0x1, 0xc00f65ac40)
	/home/mariell/go/pkg/mod/k8s.io/apimachinery@v0.32.1/pkg/util/wait/backoff.go:238 +0x12c
k8s.io/apimachinery/pkg/util/wait.JitterUntil(0xc00ef58400, 0x3b9aca00, 0x3ff3333333333333, 0x1, 0xc00f65ac40)
	/home/mariell/go/pkg/mod/k8s.io/apimachinery@v0.32.1/pkg/util/wait/backoff.go:204 +0x7f
created by k8s.io/apiserver/pkg/registry/generic/registry.(*Store).startObservingCount in goroutine 22757
	/home/mariell/go/pkg/mod/k8s.io/apiserver@v0.32.1/pkg/registry/generic/registry/store.go:1666 +0x2f9

goroutine 39430 [select]:
k8s.io/apimachinery/pkg/util/wait.BackoffUntil(0xc012d3aa00, {0xa95ac00, 0xc012fea180}, 0x1, 0xc01444d3b0)
	/home/mariell/go/pkg/mod/k8s.io/apimachinery@v0.32.1/pkg/util/wait/backoff.go:238 +0x12c
k8s.io/apimachinery/pkg/util/wait.JitterUntil(0xc012d3aa00, 0x3b9aca00, 0x3ff3333333333333, 0x1, 0xc01444d3b0)
	/home/mariell/go/pkg/mod/k8s.io/apimachinery@v0.32.1/pkg/util/wait/backoff.go:204 +0x7f
created by k8s.io/apiserver/pkg/registry/generic/registry.(*Store).startObservingCount in goroutine 37964
	/home/mariell/go/pkg/mod/k8s.io/apiserver@v0.32.1/pkg/registry/generic/registry/store.go:1666 +0x2f9

goroutine 21941 [select]:
github.com/grafana/grafana/pkg/storage/unified/resource.(*cache[...]).run(0xc013c95200)
	/home/mariell/work/oss/grafana/pkg/storage/unified/resource/broadcaster.go:291 +0xb0
created by github.com/grafana/grafana/pkg/storage/unified/resource.newChannelCache[...] in goroutine 21243
	/home/mariell/work/oss/grafana/pkg/storage/unified/resource/broadcaster.go:276 +0x189

goroutine 21946 [select]:
k8s.io/apimachinery/pkg/util/wait.BackoffUntil(0xc014101e00, {0xa95ac00, 0xc013c0c090}, 0x1, 0xc014146070)
	/home/mariell/go/pkg/mod/k8s.io/apimachinery@v0.32.1/pkg/util/wait/backoff.go:238 +0x12c
k8s.io/apimachinery/pkg/util/wait.JitterUntil(0xc014101e00, 0x3b9aca00, 0x3ff3333333333333, 0x1, 0xc014146070)
	/home/mariell/go/pkg/mod/k8s.io/apimachinery@v0.32.1/pkg/util/wait/backoff.go:204 +0x7f
created by k8s.io/apiserver/pkg/registry/generic/registry.(*Store).startObservingCount in goroutine 21243
	/home/mariell/go/pkg/mod/k8s.io/apiserver@v0.32.1/pkg/registry/generic/registry/store.go:1666 +0x2f9

goroutine 47074 [select]:
net/http.(*persistConn).writeLoop(0xc01a106000)
	/usr/lib/go/src/net/http/transport.go:2590 +0xe7
created by net/http.(*Transport).dialConn in goroutine 44080
	/usr/lib/go/src/net/http/transport.go:1945 +0x17a5

goroutine 18913 [chan receive]:
github.com/grafana/grafana/pkg/storage/unified/resource.(*server).initWatcher.func1.1()
	/home/mariell/work/oss/grafana/pkg/storage/unified/resource/server.go:922 +0x58
created by github.com/grafana/grafana/pkg/storage/unified/resource.(*server).initWatcher.func1 in goroutine 18215
	/home/mariell/work/oss/grafana/pkg/storage/unified/resource/server.go:921 +0xaa

goroutine 21259 [select]:
net/http.(*persistConn).writeLoop(0xc004336d80)
	/usr/lib/go/src/net/http/transport.go:2590 +0xe7
created by net/http.(*Transport).dialConn in goroutine 21239
	/usr/lib/go/src/net/http/transport.go:1945 +0x17a5

goroutine 27034 [sync.Cond.Wait]:
sync.runtime_notifyListWait(0xc00d5304d0, 0x1b)
	/usr/lib/go/src/runtime/sema.go:597 +0x159
sync.(*Cond).Wait(0x0?)
	/usr/lib/go/src/sync/cond.go:71 +0x85
github.com/centrifugal/centrifuge/internal/dissolve.(*queueImpl).Wait(0xc00dc00930)
	/home/mariell/go/pkg/mod/github.com/centrifugal/centrifuge@v0.33.3/internal/dissolve/queue.go:139 +0x4a
github.com/centrifugal/centrifuge/internal/dissolve.(*Dissolver).runWorker(0xc0128109a8)
	/home/mariell/go/pkg/mod/github.com/centrifugal/centrifuge@v0.33.3/internal/dissolve/dissolve.go:52 +0x27
created by github.com/centrifugal/centrifuge/internal/dissolve.(*Dissolver).Run in goroutine 24637
	/home/mariell/go/pkg/mod/github.com/centrifugal/centrifuge@v0.33.3/internal/dissolve/dissolve.go:31 +0x25

goroutine 21258 [IO wait]:
internal/poll.runtime_pollWait(0x77755832cf20, 0x72)
	/usr/lib/go/src/runtime/netpoll.go:351 +0x85
internal/poll.(*pollDesc).wait(0xc00b246280?, 0xc00eeda600?, 0x0)
	/usr/lib/go/src/internal/poll/fd_poll_runtime.go:84 +0x27
internal/poll.(*pollDesc).waitRead(...)
	/usr/lib/go/src/internal/poll/fd_poll_runtime.go:89
internal/poll.(*FD).Read(0xc00b246280, {0xc00eeda600, 0x1300, 0x1300})
	/usr/lib/go/src/internal/poll/fd_unix.go:165 +0x27a
net.(*netFD).Read(0xc00b246280, {0xc00eeda600?, 0xc00eeda600?, 0x5?})
	/usr/lib/go/src/net/fd_posix.go:55 +0x25
net.(*conn).Read(0xc00a18faa8, {0xc00eeda600?, 0x777558588e60?, 0x7775a8b293e8?})
	/usr/lib/go/src/net/net.go:194 +0x45
crypto/tls.(*atLeastReader).Read(0xc00e20c330, {0xc00eeda600?, 0x12fb?, 0xbf00c000fc0000?})
	/usr/lib/go/src/crypto/tls/conn.go:809 +0x3b
bytes.(*Buffer).ReadFrom(0xc011af7eb8, {0xa94e300, 0xc00e20c330})
	/usr/lib/go/src/bytes/buffer.go:211 +0x98
crypto/tls.(*Conn).readFromUntil(0xc011af7c08, {0xa94dc00, 0xc00a18faa8}, 0x444af4?)
	/usr/lib/go/src/crypto/tls/conn.go:831 +0xde
crypto/tls.(*Conn).readRecordOrCCS(0xc011af7c08, 0x0)
	/usr/lib/go/src/crypto/tls/conn.go:629 +0x3cf
crypto/tls.(*Conn).readRecord(...)
	/usr/lib/go/src/crypto/tls/conn.go:591
crypto/tls.(*Conn).Read(0xc011af7c08, {0xc00b890000, 0x1000, 0xc00eb89dd0?})
	/usr/lib/go/src/crypto/tls/conn.go:1385 +0x145
net/http.(*persistConn).Read(0xc004336d80, {0xc00b890000?, 0x81fe45?, 0xa94be80?})
	/usr/lib/go/src/net/http/transport.go:2122 +0x47
bufio.(*Reader).fill(0xc00a4e3320)
	/usr/lib/go/src/bufio/bufio.go:113 +0x103
bufio.(*Reader).Peek(0xc00a4e3320, 0x1)
	/usr/lib/go/src/bufio/bufio.go:152 +0x53
net/http.(*persistConn).readLoop(0xc004336d80)
	/usr/lib/go/src/net/http/transport.go:2275 +0x172
created by net/http.(*Transport).dialConn in goroutine 21239
	/usr/lib/go/src/net/http/transport.go:1944 +0x174f

goroutine 21366 [IO wait]:
internal/poll.runtime_pollWait(0x7775583a3ac0, 0x72)
	/usr/lib/go/src/runtime/netpoll.go:351 +0x85
internal/poll.(*pollDesc).wait(0xc00b5ed400?, 0xc00eedcc00?, 0x0)
	/usr/lib/go/src/internal/poll/fd_poll_runtime.go:84 +0x27
internal/poll.(*pollDesc).waitRead(...)
	/usr/lib/go/src/internal/poll/fd_poll_runtime.go:89
internal/poll.(*FD).Read(0xc00b5ed400, {0xc00eedcc00, 0x1300, 0x1300})
	/usr/lib/go/src/internal/poll/fd_unix.go:165 +0x27a
net.(*netFD).Read(0xc00b5ed400, {0xc00eedcc00?, 0xc00eedcc00?, 0x5?})
	/usr/lib/go/src/net/fd_posix.go:55 +0x25
net.(*conn).Read(0xc01022a638, {0xc00eedcc00?, 0x7775607057b8?, 0x7775a8b293e8?})
	/usr/lib/go/src/net/net.go:194 +0x45
crypto/tls.(*atLeastReader).Read(0xc010a80228, {0xc00eedcc00?, 0x12fb?, 0x0?})
	/usr/lib/go/src/crypto/tls/conn.go:809 +0x3b
bytes.(*Buffer).ReadFrom(0xc00f277eb8, {0xa94e300, 0xc010a80228})
	/usr/lib/go/src/bytes/buffer.go:211 +0x98
crypto/tls.(*Conn).readFromUntil(0xc00f277c08, {0xa94dc00, 0xc01022a638}, 0x444af4?)
	/usr/lib/go/src/crypto/tls/conn.go:831 +0xde
crypto/tls.(*Conn).readRecordOrCCS(0xc00f277c08, 0x0)
	/usr/lib/go/src/crypto/tls/conn.go:629 +0x3cf
crypto/tls.(*Conn).readRecord(...)
	/usr/lib/go/src/crypto/tls/conn.go:591
crypto/tls.(*Conn).Read(0xc00f277c08, {0xc00b8a9000, 0x1000, 0xc00eccde90?})
	/usr/lib/go/src/crypto/tls/conn.go:1385 +0x145
net/http.(*persistConn).Read(0xc00431de60, {0xc00b8a9000?, 0x81fe45?, 0xa94be80?})
	/usr/lib/go/src/net/http/transport.go:2122 +0x47
bufio.(*Reader).fill(0xc00eb63c20)
	/usr/lib/go/src/bufio/bufio.go:113 +0x103
bufio.(*Reader).Peek(0xc00eb63c20, 0x1)
	/usr/lib/go/src/bufio/bufio.go:152 +0x53
net/http.(*persistConn).readLoop(0xc00431de60)
	/usr/lib/go/src/net/http/transport.go:2275 +0x172
created by net/http.(*Transport).dialConn in goroutine 21244
	/usr/lib/go/src/net/http/transport.go:1944 +0x174f

goroutine 22896 [select]:
k8s.io/apimachinery/pkg/util/wait.BackoffUntil(0xc00ef58500, {0xa95ac00, 0xc00ec1c870}, 0x1, 0xc00f65acb0)
	/home/mariell/go/pkg/mod/k8s.io/apimachinery@v0.32.1/pkg/util/wait/backoff.go:238 +0x12c
k8s.io/apimachinery/pkg/util/wait.JitterUntil(0xc00ef58500, 0x3b9aca00, 0x3ff3333333333333, 0x1, 0xc00f65acb0)
	/home/mariell/go/pkg/mod/k8s.io/apimachinery@v0.32.1/pkg/util/wait/backoff.go:204 +0x7f
created by k8s.io/apiserver/pkg/registry/generic/registry.(*Store).startObservingCount in goroutine 22757
	/home/mariell/go/pkg/mod/k8s.io/apiserver@v0.32.1/pkg/registry/generic/registry/store.go:1666 +0x2f9

goroutine 24454 [select]:
k8s.io/apimachinery/pkg/util/wait.BackoffUntil(0xc013503540, {0xa95ac00, 0xc012e659b0}, 0x1, 0xc01345f0a0)
	/home/mariell/go/pkg/mod/k8s.io/apimachinery@v0.32.1/pkg/util/wait/backoff.go:238 +0x12c
k8s.io/apimachinery/pkg/util/wait.JitterUntil(0xc013503540, 0x3b9aca00, 0x3ff3333333333333, 0x1, 0xc01345f0a0)
	/home/mariell/go/pkg/mod/k8s.io/apimachinery@v0.32.1/pkg/util/wait/backoff.go:204 +0x7f
created by k8s.io/apiserver/pkg/registry/generic/registry.(*Store).startObservingCount in goroutine 23614
	/home/mariell/go/pkg/mod/k8s.io/apiserver@v0.32.1/pkg/registry/generic/registry/store.go:1666 +0x2f9

goroutine 37969 [select]:
k8s.io/apimachinery/pkg/util/wait.BackoffUntil(0xc00a5d53c0, {0xa95ac00, 0xc012fea000}, 0x1, 0xc01444c850)
	/home/mariell/go/pkg/mod/k8s.io/apimachinery@v0.32.1/pkg/util/wait/backoff.go:238 +0x12c
k8s.io/apimachinery/pkg/util/wait.JitterUntil(0xc00a5d53c0, 0x3b9aca00, 0x3ff3333333333333, 0x1, 0xc01444c850)
	/home/mariell/go/pkg/mod/k8s.io/apimachinery@v0.32.1/pkg/util/wait/backoff.go:204 +0x7f
created by k8s.io/apiserver/pkg/registry/generic/registry.(*Store).startObservingCount in goroutine 37964
	/home/mariell/go/pkg/mod/k8s.io/apiserver@v0.32.1/pkg/registry/generic/registry/store.go:1666 +0x2f9

goroutine 25584 [sync.Cond.Wait]:
sync.runtime_notifyListWait(0xc012bf5590, 0x39)
	/usr/lib/go/src/runtime/sema.go:597 +0x159
sync.(*Cond).Wait(0xc0025eefd0?)
	/usr/lib/go/src/sync/cond.go:71 +0x85
github.com/centrifugal/centrifuge/internal/dissolve.(*queueImpl).Wait(0xc013b4b110)
	/home/mariell/go/pkg/mod/github.com/centrifugal/centrifuge@v0.33.3/internal/dissolve/queue.go:139 +0x4a
github.com/centrifugal/centrifuge/internal/dissolve.(*Dissolver).runWorker(0xc00faede18)
	/home/mariell/go/pkg/mod/github.com/centrifugal/centrifuge@v0.33.3/internal/dissolve/dissolve.go:52 +0x27
created by github.com/centrifugal/centrifuge/internal/dissolve.(*Dissolver).Run in goroutine 24436
	/home/mariell/go/pkg/mod/github.com/centrifugal/centrifuge@v0.33.3/internal/dissolve/dissolve.go:31 +0x25

goroutine 21945 [select]:
k8s.io/apimachinery/pkg/util/wait.BackoffUntil(0xc014101d00, {0xa95ac00, 0xc012da18f0}, 0x1, 0xc014146000)
	/home/mariell/go/pkg/mod/k8s.io/apimachinery@v0.32.1/pkg/util/wait/backoff.go:238 +0x12c
k8s.io/apimachinery/pkg/util/wait.JitterUntil(0xc014101d00, 0x3b9aca00, 0x3ff3333333333333, 0x1, 0xc014146000)
	/home/mariell/go/pkg/mod/k8s.io/apimachinery@v0.32.1/pkg/util/wait/backoff.go:204 +0x7f
created by k8s.io/apiserver/pkg/registry/generic/registry.(*Store).startObservingCount in goroutine 21243
	/home/mariell/go/pkg/mod/k8s.io/apiserver@v0.32.1/pkg/registry/generic/registry/store.go:1666 +0x2f9

goroutine 19238 [select]:
github.com/patrickmn/go-cache.(*janitor).Run(0xc00e089040, 0xc0079d8200)
	/home/mariell/go/pkg/mod/github.com/patrickmn/go-cache@v2.1.0+incompatible/cache.go:1079 +0x7b
created by github.com/patrickmn/go-cache.runJanitor in goroutine 17793
	/home/mariell/go/pkg/mod/github.com/patrickmn/go-cache@v2.1.0+incompatible/cache.go:1099 +0xdb

goroutine 22856 [IO wait]:
internal/poll.runtime_pollWait(0x7775583a3660, 0x72)
	/usr/lib/go/src/runtime/netpoll.go:351 +0x85
internal/poll.(*pollDesc).wait(0xc00e402380?, 0xc00e73f900?, 0x0)
	/usr/lib/go/src/internal/poll/fd_poll_runtime.go:84 +0x27
internal/poll.(*pollDesc).waitRead(...)
	/usr/lib/go/src/internal/poll/fd_poll_runtime.go:89
internal/poll.(*FD).Read(0xc00e402380, {0xc00e73f900, 0x1300, 0x1300})
	/usr/lib/go/src/internal/poll/fd_unix.go:165 +0x27a
net.(*netFD).Read(0xc00e402380, {0xc00e73f900?, 0x0?, 0x0?})
	/usr/lib/go/src/net/fd_posix.go:55 +0x25
net.(*conn).Read(0xc00d837f48, {0xc00e73f900?, 0x777558fc4780?, 0x7775a8b2ab80?})
	/usr/lib/go/src/net/net.go:194 +0x45
crypto/tls.(*atLeastReader).Read(0xc008da51b8, {0xc00e73f900?, 0x0?, 0x0?})
	/usr/lib/go/src/crypto/tls/conn.go:809 +0x3b
bytes.(*Buffer).ReadFrom(0xc00dcf8d38, {0xa94e300, 0xc008da51b8})
	/usr/lib/go/src/bytes/buffer.go:211 +0x98
crypto/tls.(*Conn).readFromUntil(0xc00dcf8a88, {0xa94dc00, 0xc00d837f48}, 0x444af4?)
	/usr/lib/go/src/crypto/tls/conn.go:831 +0xde
crypto/tls.(*Conn).readRecordOrCCS(0xc00dcf8a88, 0x0)
	/usr/lib/go/src/crypto/tls/conn.go:629 +0x3cf
crypto/tls.(*Conn).readRecord(...)
	/usr/lib/go/src/crypto/tls/conn.go:591
crypto/tls.(*Conn).Read(0xc00dcf8a88, {0xc00e564000, 0x1000, 0x7775a8b2ab80?})
	/usr/lib/go/src/crypto/tls/conn.go:1385 +0x145
net/http.(*persistConn).Read(0xc00e3ac000, {0xc00e564000?, 0x4141c5?, 0x68?})
	/usr/lib/go/src/net/http/transport.go:2122 +0x47
bufio.(*Reader).fill(0xc013f09140)
	/usr/lib/go/src/bufio/bufio.go:113 +0x103
bufio.(*Reader).Peek(0xc013f09140, 0x1)
	/usr/lib/go/src/bufio/bufio.go:152 +0x53
net/http.(*persistConn).readLoop(0xc00e3ac000)
	/usr/lib/go/src/net/http/transport.go:2275 +0x172
created by net/http.(*Transport).dialConn in goroutine 22755
	/usr/lib/go/src/net/http/transport.go:1944 +0x174f

goroutine 22530 [sync.Cond.Wait]:
sync.runtime_notifyListWait(0xc00a914410, 0x38)
	/usr/lib/go/src/runtime/sema.go:597 +0x159
sync.(*Cond).Wait(0x0?)
	/usr/lib/go/src/sync/cond.go:71 +0x85
github.com/centrifugal/centrifuge/internal/dissolve.(*queueImpl).Wait(0xc00de6dab0)
	/home/mariell/go/pkg/mod/github.com/centrifugal/centrifuge@v0.33.3/internal/dissolve/queue.go:139 +0x4a
github.com/centrifugal/centrifuge/internal/dissolve.(*Dissolver).runWorker(0xc00e20d1e8)
	/home/mariell/go/pkg/mod/github.com/centrifugal/centrifuge@v0.33.3/internal/dissolve/dissolve.go:52 +0x27
created by github.com/centrifugal/centrifuge/internal/dissolve.(*Dissolver).Run in goroutine 21352
	/home/mariell/go/pkg/mod/github.com/centrifugal/centrifuge@v0.33.3/internal/dissolve/dissolve.go:31 +0x25

goroutine 32957 [select]:
k8s.io/apimachinery/pkg/util/wait.BackoffUntil(0xc01caefc00, {0xa95ac00, 0xc01c7b7c20}, 0x1, 0xc01ca99260)
	/home/mariell/go/pkg/mod/k8s.io/apimachinery@v0.32.1/pkg/util/wait/backoff.go:238 +0x12c
k8s.io/apimachinery/pkg/util/wait.JitterUntil(0xc01caefc00, 0x3b9aca00, 0x3ff3333333333333, 0x1, 0xc01ca99260)
	/home/mariell/go/pkg/mod/k8s.io/apimachinery@v0.32.1/pkg/util/wait/backoff.go:204 +0x7f
created by k8s.io/apiserver/pkg/registry/generic/registry.(*Store).startObservingCount in goroutine 32950
	/home/mariell/go/pkg/mod/k8s.io/apiserver@v0.32.1/pkg/registry/generic/registry/store.go:1666 +0x2f9

goroutine 22470 [select]:
github.com/centrifugal/centrifuge.(*Node).updateMetrics(0xc00de7ed88)
	/home/mariell/go/pkg/mod/github.com/centrifugal/centrifuge@v0.33.3/node.go:335 +0x85
created by github.com/centrifugal/centrifuge.(*Node).Run in goroutine 21352
	/home/mariell/go/pkg/mod/github.com/centrifugal/centrifuge@v0.33.3/node.go:262 +0x2a5

goroutine 22362 [select]:
github.com/grafana/grafana/pkg/storage/unified/resource.(*cache[...]).run(0xc00ef9efa0)
	/home/mariell/work/oss/grafana/pkg/storage/unified/resource/broadcaster.go:291 +0xb0
created by github.com/grafana/grafana/pkg/storage/unified/resource.newChannelCache[...] in goroutine 21352
	/home/mariell/work/oss/grafana/pkg/storage/unified/resource/broadcaster.go:276 +0x189

goroutine 22533 [sync.Cond.Wait]:
sync.runtime_notifyListWait(0xc00a914410, 0x3e)
	/usr/lib/go/src/runtime/sema.go:597 +0x159
sync.(*Cond).Wait(0x0?)
	/usr/lib/go/src/sync/cond.go:71 +0x85
github.com/centrifugal/centrifuge/internal/dissolve.(*queueImpl).Wait(0xc00de6dab0)
	/home/mariell/go/pkg/mod/github.com/centrifugal/centrifuge@v0.33.3/internal/dissolve/queue.go:139 +0x4a
github.com/centrifugal/centrifuge/internal/dissolve.(*Dissolver).runWorker(0xc00e20d1e8)
	/home/mariell/go/pkg/mod/github.com/centrifugal/centrifuge@v0.33.3/internal/dissolve/dissolve.go:52 +0x27
created by github.com/centrifugal/centrifuge/internal/dissolve.(*Dissolver).Run in goroutine 21352
	/home/mariell/go/pkg/mod/github.com/centrifugal/centrifuge@v0.33.3/internal/dissolve/dissolve.go:31 +0x25

goroutine 22486 [sync.Cond.Wait]:
sync.runtime_notifyListWait(0xc00a914410, 0x10)
	/usr/lib/go/src/runtime/sema.go:597 +0x159
sync.(*Cond).Wait(0xc0037587d0?)
	/usr/lib/go/src/sync/cond.go:71 +0x85
github.com/centrifugal/centrifuge/internal/dissolve.(*queueImpl).Wait(0xc00de6dab0)
	/home/mariell/go/pkg/mod/github.com/centrifugal/centrifuge@v0.33.3/internal/dissolve/queue.go:139 +0x4a
github.com/centrifugal/centrifuge/internal/dissolve.(*Dissolver).runWorker(0xc00e20d1e8)
	/home/mariell/go/pkg/mod/github.com/centrifugal/centrifuge@v0.33.3/internal/dissolve/dissolve.go:52 +0x27
created by github.com/centrifugal/centrifuge/internal/dissolve.(*Dissolver).Run in goroutine 21352
	/home/mariell/go/pkg/mod/github.com/centrifugal/centrifuge@v0.33.3/internal/dissolve/dissolve.go:31 +0x25

goroutine 32956 [select]:
k8s.io/apimachinery/pkg/util/wait.BackoffUntil(0xc01ca90240, {0xa95ac00, 0xc01c7b7bf0}, 0x1, 0xc01c9a5880)
	/home/mariell/go/pkg/mod/k8s.io/apimachinery@v0.32.1/pkg/util/wait/backoff.go:238 +0x12c
k8s.io/apimachinery/pkg/util/wait.JitterUntil(0xc01ca90240, 0x3b9aca00, 0x3ff3333333333333, 0x1, 0xc01c9a5880)
	/home/mariell/go/pkg/mod/k8s.io/apimachinery@v0.32.1/pkg/util/wait/backoff.go:204 +0x7f
created by k8s.io/apiserver/pkg/registry/generic/registry.(*Store).startObservingCount in goroutine 32950
	/home/mariell/go/pkg/mod/k8s.io/apiserver@v0.32.1/pkg/registry/generic/registry/store.go:1666 +0x2f9

goroutine 20944 [sync.Cond.Wait]:
sync.runtime_notifyListWait(0xc00b15c310, 0x15)
	/usr/lib/go/src/runtime/sema.go:597 +0x159
sync.(*Cond).Wait(0x0?)
	/usr/lib/go/src/sync/cond.go:71 +0x85
github.com/centrifugal/centrifuge/internal/dissolve.(*queueImpl).Wait(0xc00b2a7340)
	/home/mariell/go/pkg/mod/github.com/centrifugal/centrifuge@v0.33.3/internal/dissolve/queue.go:139 +0x4a
github.com/centrifugal/centrifuge/internal/dissolve.(*Dissolver).runWorker(0xc010c1ed20)
	/home/mariell/go/pkg/mod/github.com/centrifugal/centrifuge@v0.33.3/internal/dissolve/dissolve.go:52 +0x27
created by github.com/centrifugal/centrifuge/internal/dissolve.(*Dissolver).Run in goroutine 19735
	/home/mariell/go/pkg/mod/github.com/centrifugal/centrifuge@v0.33.3/internal/dissolve/dissolve.go:31 +0x25

goroutine 26844 [select]:
github.com/centrifugal/centrifuge.(*Node).cleanNodeInfo(0xc00a493688)
	/home/mariell/go/pkg/mod/github.com/centrifugal/centrifuge@v0.33.3/node.go:394 +0x90
created by github.com/centrifugal/centrifuge.(*Node).Run in goroutine 24637
	/home/mariell/go/pkg/mod/github.com/centrifugal/centrifuge@v0.33.3/node.go:261 +0x265

goroutine 20835 [select]:
github.com/grafana/grafana/pkg/storage/unified/resource.(*cache[...]).run(0xc00f36eff0)
	/home/mariell/work/oss/grafana/pkg/storage/unified/resource/broadcaster.go:291 +0xb0
created by github.com/grafana/grafana/pkg/storage/unified/resource.newChannelCache[...] in goroutine 19735
	/home/mariell/work/oss/grafana/pkg/storage/unified/resource/broadcaster.go:276 +0x189

goroutine 22519 [sync.Cond.Wait]:
sync.runtime_notifyListWait(0xc00a914410, 0x31)
	/usr/lib/go/src/runtime/sema.go:597 +0x159
sync.(*Cond).Wait(0x0?)
	/usr/lib/go/src/sync/cond.go:71 +0x85
github.com/centrifugal/centrifuge/internal/dissolve.(*queueImpl).Wait(0xc00de6dab0)
	/home/mariell/go/pkg/mod/github.com/centrifugal/centrifuge@v0.33.3/internal/dissolve/queue.go:139 +0x4a
github.com/centrifugal/centrifuge/internal/dissolve.(*Dissolver).runWorker(0xc00e20d1e8)
	/home/mariell/go/pkg/mod/github.com/centrifugal/centrifuge@v0.33.3/internal/dissolve/dissolve.go:52 +0x27
created by github.com/centrifugal/centrifuge/internal/dissolve.(*Dissolver).Run in goroutine 21352
	/home/mariell/go/pkg/mod/github.com/centrifugal/centrifuge@v0.33.3/internal/dissolve/dissolve.go:31 +0x25

goroutine 25904 [select]:
net/http.(*persistConn).writeLoop(0xc005b998c0)
	/usr/lib/go/src/net/http/transport.go:2590 +0xe7
created by net/http.(*Transport).dialConn in goroutine 25842
	/usr/lib/go/src/net/http/transport.go:1945 +0x17a5

goroutine 31561 [sync.Cond.Wait]:
sync.runtime_notifyListWait(0xc012c3ca90, 0x0)
	/usr/lib/go/src/runtime/sema.go:597 +0x159
sync.(*Cond).Wait(0x0?)
	/usr/lib/go/src/sync/cond.go:71 +0x85
github.com/centrifugal/centrifuge/internal/dissolve.(*queueImpl).Wait(0xc00c7c6e00)
	/home/mariell/go/pkg/mod/github.com/centrifugal/centrifuge@v0.33.3/internal/dissolve/queue.go:139 +0x4a
github.com/centrifugal/centrifuge/internal/dissolve.(*Dissolver).runWorker(0xc00e284af8)
	/home/mariell/go/pkg/mod/github.com/centrifugal/centrifuge@v0.33.3/internal/dissolve/dissolve.go:52 +0x27
created by github.com/centrifugal/centrifuge/internal/dissolve.(*Dissolver).Run in goroutine 30466
	/home/mariell/go/pkg/mod/github.com/centrifugal/centrifuge@v0.33.3/internal/dissolve/dissolve.go:31 +0x25

goroutine 20989 [sync.Cond.Wait]:
sync.runtime_notifyListWait(0xc00b15c310, 0x3)
	/usr/lib/go/src/runtime/sema.go:597 +0x159
sync.(*Cond).Wait(0xc007093fd0?)
	/usr/lib/go/src/sync/cond.go:71 +0x85
github.com/centrifugal/centrifuge/internal/dissolve.(*queueImpl).Wait(0xc00b2a7340)
	/home/mariell/go/pkg/mod/github.com/centrifugal/centrifuge@v0.33.3/internal/dissolve/queue.go:139 +0x4a
github.com/centrifugal/centrifuge/internal/dissolve.(*Dissolver).runWorker(0xc010c1ed20)
	/home/mariell/go/pkg/mod/github.com/centrifugal/centrifuge@v0.33.3/internal/dissolve/dissolve.go:52 +0x27
created by github.com/centrifugal/centrifuge/internal/dissolve.(*Dissolver).Run in goroutine 19735
	/home/mariell/go/pkg/mod/github.com/centrifugal/centrifuge@v0.33.3/internal/dissolve/dissolve.go:31 +0x25

goroutine 20979 [sync.Cond.Wait]:
sync.runtime_notifyListWait(0xc00b15c310, 0x31)
	/usr/lib/go/src/runtime/sema.go:597 +0x159
sync.(*Cond).Wait(0x0?)
	/usr/lib/go/src/sync/cond.go:71 +0x85
github.com/centrifugal/centrifuge/internal/dissolve.(*queueImpl).Wait(0xc00b2a7340)
	/home/mariell/go/pkg/mod/github.com/centrifugal/centrifuge@v0.33.3/internal/dissolve/queue.go:139 +0x4a
github.com/centrifugal/centrifuge/internal/dissolve.(*Dissolver).runWorker(0xc010c1ed20)
	/home/mariell/go/pkg/mod/github.com/centrifugal/centrifuge@v0.33.3/internal/dissolve/dissolve.go:52 +0x27
created by github.com/centrifugal/centrifuge/internal/dissolve.(*Dissolver).Run in goroutine 19735
	/home/mariell/go/pkg/mod/github.com/centrifugal/centrifuge@v0.33.3/internal/dissolve/dissolve.go:31 +0x25

goroutine 20990 [sync.Cond.Wait]:
sync.runtime_notifyListWait(0xc00b15c310, 0x4)
	/usr/lib/go/src/runtime/sema.go:597 +0x159
sync.(*Cond).Wait(0x5?)
	/usr/lib/go/src/sync/cond.go:71 +0x85
github.com/centrifugal/centrifuge/internal/dissolve.(*queueImpl).Wait(0xc00b2a7340)
	/home/mariell/go/pkg/mod/github.com/centrifugal/centrifuge@v0.33.3/internal/dissolve/queue.go:139 +0x4a
github.com/centrifugal/centrifuge/internal/dissolve.(*Dissolver).runWorker(0xc010c1ed20)
	/home/mariell/go/pkg/mod/github.com/centrifugal/centrifuge@v0.33.3/internal/dissolve/dissolve.go:52 +0x27
created by github.com/centrifugal/centrifuge/internal/dissolve.(*Dissolver).Run in goroutine 19735
	/home/mariell/go/pkg/mod/github.com/centrifugal/centrifuge@v0.33.3/internal/dissolve/dissolve.go:31 +0x25

goroutine 39461 [select]:
database/sql.(*DB).connectionCleaner(0xc019856c30, 0xc0198b1340?)
	/usr/lib/go/src/database/sql/sql.go:1104 +0x9c
created by database/sql.(*DB).startCleanerLocked in goroutine 36287
	/usr/lib/go/src/database/sql/sql.go:1091 +0x105

goroutine 40967 [select]:
k8s.io/apimachinery/pkg/util/wait.BackoffUntil(0xc023c3b400, {0xa95ac00, 0xc00ca853b0}, 0x1, 0xc023b653b0)
	/home/mariell/go/pkg/mod/k8s.io/apimachinery@v0.32.1/pkg/util/wait/backoff.go:238 +0x12c
k8s.io/apimachinery/pkg/util/wait.JitterUntil(0xc023c3b400, 0x3b9aca00, 0x3ff3333333333333, 0x1, 0xc023b653b0)
	/home/mariell/go/pkg/mod/k8s.io/apimachinery@v0.32.1/pkg/util/wait/backoff.go:204 +0x7f
created by k8s.io/apiserver/pkg/registry/generic/registry.(*Store).startObservingCount in goroutine 39277
	/home/mariell/go/pkg/mod/k8s.io/apiserver@v0.32.1/pkg/registry/generic/registry/store.go:1666 +0x2f9

goroutine 20991 [sync.Cond.Wait]:
sync.runtime_notifyListWait(0xc00b15c310, 0x5)
	/usr/lib/go/src/runtime/sema.go:597 +0x159
sync.(*Cond).Wait(0xc004e127d0?)
	/usr/lib/go/src/sync/cond.go:71 +0x85
github.com/centrifugal/centrifuge/internal/dissolve.(*queueImpl).Wait(0xc00b2a7340)
	/home/mariell/go/pkg/mod/github.com/centrifugal/centrifuge@v0.33.3/internal/dissolve/queue.go:139 +0x4a
github.com/centrifugal/centrifuge/internal/dissolve.(*Dissolver).runWorker(0xc010c1ed20)
	/home/mariell/go/pkg/mod/github.com/centrifugal/centrifuge@v0.33.3/internal/dissolve/dissolve.go:52 +0x27
created by github.com/centrifugal/centrifuge/internal/dissolve.(*Dissolver).Run in goroutine 19735
	/home/mariell/go/pkg/mod/github.com/centrifugal/centrifuge@v0.33.3/internal/dissolve/dissolve.go:31 +0x25

goroutine 25374 [select]:
github.com/patrickmn/go-cache.(*janitor).Run(0xc00f961e10, 0xc002c81240)
	/home/mariell/go/pkg/mod/github.com/patrickmn/go-cache@v2.1.0+incompatible/cache.go:1079 +0x7b
created by github.com/patrickmn/go-cache.runJanitor in goroutine 24436
	/home/mariell/go/pkg/mod/github.com/patrickmn/go-cache@v2.1.0+incompatible/cache.go:1099 +0xdb

goroutine 20986 [sync.Cond.Wait]:
sync.runtime_notifyListWait(0xc00b15c310, 0x3e)
	/usr/lib/go/src/runtime/sema.go:597 +0x159
sync.(*Cond).Wait(0x0?)
	/usr/lib/go/src/sync/cond.go:71 +0x85
github.com/centrifugal/centrifuge/internal/dissolve.(*queueImpl).Wait(0xc00b2a7340)
	/home/mariell/go/pkg/mod/github.com/centrifugal/centrifuge@v0.33.3/internal/dissolve/queue.go:139 +0x4a
github.com/centrifugal/centrifuge/internal/dissolve.(*Dissolver).runWorker(0xc010c1ed20)
	/home/mariell/go/pkg/mod/github.com/centrifugal/centrifuge@v0.33.3/internal/dissolve/dissolve.go:52 +0x27
created by github.com/centrifugal/centrifuge/internal/dissolve.(*Dissolver).Run in goroutine 19735
	/home/mariell/go/pkg/mod/github.com/centrifugal/centrifuge@v0.33.3/internal/dissolve/dissolve.go:31 +0x25

goroutine 20983 [sync.Cond.Wait]:
sync.runtime_notifyListWait(0xc00b15c310, 0x39)
	/usr/lib/go/src/runtime/sema.go:597 +0x159
sync.(*Cond).Wait(0xc0067247d0?)
	/usr/lib/go/src/sync/cond.go:71 +0x85
github.com/centrifugal/centrifuge/internal/dissolve.(*queueImpl).Wait(0xc00b2a7340)
	/home/mariell/go/pkg/mod/github.com/centrifugal/centrifuge@v0.33.3/internal/dissolve/queue.go:139 +0x4a
github.com/centrifugal/centrifuge/internal/dissolve.(*Dissolver).runWorker(0xc010c1ed20)
	/home/mariell/go/pkg/mod/github.com/centrifugal/centrifuge@v0.33.3/internal/dissolve/dissolve.go:52 +0x27
created by github.com/centrifugal/centrifuge/internal/dissolve.(*Dissolver).Run in goroutine 19735
	/home/mariell/go/pkg/mod/github.com/centrifugal/centrifuge@v0.33.3/internal/dissolve/dissolve.go:31 +0x25

goroutine 40964 [select]:
github.com/grafana/grafana/pkg/storage/unified/resource.(*broadcaster[...]).stream(0xab113a0, 0xc023c8b6c0)
	/home/mariell/work/oss/grafana/pkg/storage/unified/resource/broadcaster.go:205 +0x13d
created by github.com/grafana/grafana/pkg/storage/unified/resource.(*broadcaster[...]).init in goroutine 39277
	/home/mariell/work/oss/grafana/pkg/storage/unified/resource/broadcaster.go:177 +0x219

goroutine 22883 [IO wait]:
internal/poll.runtime_pollWait(0x7775583a30e8, 0x72)
	/usr/lib/go/src/runtime/netpoll.go:351 +0x85
internal/poll.(*pollDesc).wait(0xc00e381a80?, 0xc00f308000?, 0x0)
	/usr/lib/go/src/internal/poll/fd_poll_runtime.go:84 +0x27
internal/poll.(*pollDesc).waitRead(...)
	/usr/lib/go/src/internal/poll/fd_poll_runtime.go:89
internal/poll.(*FD).Read(0xc00e381a80, {0xc00f308000, 0xa000, 0xa000})
	/usr/lib/go/src/internal/poll/fd_unix.go:165 +0x27a
net.(*netFD).Read(0xc00e381a80, {0xc00f308000?, 0xc00f308000?, 0x5?})
	/usr/lib/go/src/net/fd_posix.go:55 +0x25
net.(*conn).Read(0xc0088a6410, {0xc00f308000?, 0x7775591647a0?, 0x7775a8b28f30?})
	/usr/lib/go/src/net/net.go:194 +0x45
crypto/tls.(*atLeastReader).Read(0xc00ef38b40, {0xc00f308000?, 0x9ffb?, 0x12?})
	/usr/lib/go/src/crypto/tls/conn.go:809 +0x3b
bytes.(*Buffer).ReadFrom(0xc00e44ad38, {0xa94e300, 0xc00ef38b40})
	/usr/lib/go/src/bytes/buffer.go:211 +0x98
crypto/tls.(*Conn).readFromUntil(0xc00e44aa88, {0xa94dc00, 0xc0088a6410}, 0x444af4?)
	/usr/lib/go/src/crypto/tls/conn.go:831 +0xde
crypto/tls.(*Conn).readRecordOrCCS(0xc00e44aa88, 0x0)
	/usr/lib/go/src/crypto/tls/conn.go:629 +0x3cf
crypto/tls.(*Conn).readRecord(...)
	/usr/lib/go/src/crypto/tls/conn.go:591
crypto/tls.(*Conn).Read(0xc00e44aa88, {0xc00ef72000, 0x1000, 0xc00ebe00c0?})
	/usr/lib/go/src/crypto/tls/conn.go:1385 +0x145
net/http.(*persistConn).Read(0xc00e3e6900, {0xc00ef72000?, 0x81fe45?, 0xa94be80?})
	/usr/lib/go/src/net/http/transport.go:2122 +0x47
bufio.(*Reader).fill(0xc0140b0600)
	/usr/lib/go/src/bufio/bufio.go:113 +0x103
bufio.(*Reader).Peek(0xc0140b0600, 0x1)
	/usr/lib/go/src/bufio/bufio.go:152 +0x53
net/http.(*persistConn).readLoop(0xc00e3e6900)
	/usr/lib/go/src/net/http/transport.go:2275 +0x172
created by net/http.(*Transport).dialConn in goroutine 22766
	/usr/lib/go/src/net/http/transport.go:1944 +0x174f

goroutine 22496 [sync.Cond.Wait]:
sync.runtime_notifyListWait(0xc00a914410, 0x1a)
	/usr/lib/go/src/runtime/sema.go:597 +0x159
sync.(*Cond).Wait(0xc009739fd0?)
	/usr/lib/go/src/sync/cond.go:71 +0x85
github.com/centrifugal/centrifuge/internal/dissolve.(*queueImpl).Wait(0xc00de6dab0)
	/home/mariell/go/pkg/mod/github.com/centrifugal/centrifuge@v0.33.3/internal/dissolve/queue.go:139 +0x4a
github.com/centrifugal/centrifuge/internal/dissolve.(*Dissolver).runWorker(0xc00e20d1e8)
	/home/mariell/go/pkg/mod/github.com/centrifugal/centrifuge@v0.33.3/internal/dissolve/dissolve.go:52 +0x27
created by github.com/centrifugal/centrifuge/internal/dissolve.(*Dissolver).Run in goroutine 21352
	/home/mariell/go/pkg/mod/github.com/centrifugal/centrifuge@v0.33.3/internal/dissolve/dissolve.go:31 +0x25

goroutine 20988 [sync.Cond.Wait]:
sync.runtime_notifyListWait(0xc00b15c310, 0x2)
	/usr/lib/go/src/runtime/sema.go:597 +0x159
sync.(*Cond).Wait(0x0?)
	/usr/lib/go/src/sync/cond.go:71 +0x85
github.com/centrifugal/centrifuge/internal/dissolve.(*queueImpl).Wait(0xc00b2a7340)
	/home/mariell/go/pkg/mod/github.com/centrifugal/centrifuge@v0.33.3/internal/dissolve/queue.go:139 +0x4a
github.com/centrifugal/centrifuge/internal/dissolve.(*Dissolver).runWorker(0xc010c1ed20)
	/home/mariell/go/pkg/mod/github.com/centrifugal/centrifuge@v0.33.3/internal/dissolve/dissolve.go:52 +0x27
created by github.com/centrifugal/centrifuge/internal/dissolve.(*Dissolver).Run in goroutine 19735
	/home/mariell/go/pkg/mod/github.com/centrifugal/centrifuge@v0.33.3/internal/dissolve/dissolve.go:31 +0x25

goroutine 34365 [IO wait]:
internal/poll.runtime_pollWait(0x7775593743d0, 0x72)
	/usr/lib/go/src/runtime/netpoll.go:351 +0x85
internal/poll.(*pollDesc).wait(0xc01c30c000?, 0xc0125bec00?, 0x0)
	/usr/lib/go/src/internal/poll/fd_poll_runtime.go:84 +0x27
internal/poll.(*pollDesc).waitRead(...)
	/usr/lib/go/src/internal/poll/fd_poll_runtime.go:89
internal/poll.(*FD).Read(0xc01c30c000, {0xc0125bec00, 0x1300, 0x1300})
	/usr/lib/go/src/internal/poll/fd_unix.go:165 +0x27a
net.(*netFD).Read(0xc01c30c000, {0xc0125bec00?, 0xc0125bec00?, 0x5?})
	/usr/lib/go/src/net/fd_posix.go:55 +0x25
net.(*conn).Read(0xc019ffe030, {0xc0125bec00?, 0x7775584dd400?, 0x7775a8b40088?})
	/usr/lib/go/src/net/net.go:194 +0x45
crypto/tls.(*atLeastReader).Read(0xc00ff04588, {0xc0125bec00?, 0x12fb?, 0x1?})
	/usr/lib/go/src/crypto/tls/conn.go:809 +0x3b
bytes.(*Buffer).ReadFrom(0xc01c020d38, {0xa94e300, 0xc00ff04588})
	/usr/lib/go/src/bytes/buffer.go:211 +0x98
crypto/tls.(*Conn).readFromUntil(0xc01c020a88, {0xa94dc00, 0xc019ffe030}, 0x444af4?)
	/usr/lib/go/src/crypto/tls/conn.go:831 +0xde
crypto/tls.(*Conn).readRecordOrCCS(0xc01c020a88, 0x0)
	/usr/lib/go/src/crypto/tls/conn.go:629 +0x3cf
crypto/tls.(*Conn).readRecord(...)
	/usr/lib/go/src/crypto/tls/conn.go:591
crypto/tls.(*Conn).Read(0xc01c020a88, {0xc01bfd4000, 0x1000, 0xc01f2ec390?})
	/usr/lib/go/src/crypto/tls/conn.go:1385 +0x145
net/http.(*persistConn).Read(0xc00a4e4d80, {0xc01bfd4000?, 0x81fe45?, 0xa94be80?})
	/usr/lib/go/src/net/http/transport.go:2122 +0x47
bufio.(*Reader).fill(0xc01bfcf1a0)
	/usr/lib/go/src/bufio/bufio.go:113 +0x103
bufio.(*Reader).Peek(0xc01bfcf1a0, 0x1)
	/usr/lib/go/src/bufio/bufio.go:152 +0x53
net/http.(*persistConn).readLoop(0xc00a4e4d80)
	/usr/lib/go/src/net/http/transport.go:2275 +0x172
created by net/http.(*Transport).dialConn in goroutine 36255
	/usr/lib/go/src/net/http/transport.go:1944 +0x174f

goroutine 44050 [chan receive (nil chan)]:
k8s.io/apiserver/pkg/server.preparedGenericAPIServer.RunWithContext({0xc022d37300?}, {0xa9d1d00, 0xc016512050})
	/home/mariell/go/pkg/mod/k8s.io/apiserver@v0.32.1/pkg/server/genericapiserver.go:710 +0x9c5
github.com/grafana/grafana/pkg/services/apiserver.(*service).startCoreServer.func1()
	/home/mariell/work/oss/grafana/pkg/services/apiserver/service.go:448 +0x28
created by github.com/grafana/grafana/pkg/services/apiserver.(*service).startCoreServer in goroutine 42497
	/home/mariell/work/oss/grafana/pkg/services/apiserver/service.go:447 +0x125

goroutine 20982 [sync.Cond.Wait]:
sync.runtime_notifyListWait(0xc00b15c310, 0x38)
	/usr/lib/go/src/runtime/sema.go:597 +0x159
sync.(*Cond).Wait(0xc010328fd0?)
	/usr/lib/go/src/sync/cond.go:71 +0x85
github.com/centrifugal/centrifuge/internal/dissolve.(*queueImpl).Wait(0xc00b2a7340)
	/home/mariell/go/pkg/mod/github.com/centrifugal/centrifuge@v0.33.3/internal/dissolve/queue.go:139 +0x4a
github.com/centrifugal/centrifuge/internal/dissolve.(*Dissolver).runWorker(0xc010c1ed20)
	/home/mariell/go/pkg/mod/github.com/centrifugal/centrifuge@v0.33.3/internal/dissolve/dissolve.go:52 +0x27
created by github.com/centrifugal/centrifuge/internal/dissolve.(*Dissolver).Run in goroutine 19735
	/home/mariell/go/pkg/mod/github.com/centrifugal/centrifuge@v0.33.3/internal/dissolve/dissolve.go:31 +0x25

goroutine 22515 [sync.Cond.Wait]:
sync.runtime_notifyListWait(0xc00a914410, 0x2d)
	/usr/lib/go/src/runtime/sema.go:597 +0x159
sync.(*Cond).Wait(0x0?)
	/usr/lib/go/src/sync/cond.go:71 +0x85
github.com/centrifugal/centrifuge/internal/dissolve.(*queueImpl).Wait(0xc00de6dab0)
	/home/mariell/go/pkg/mod/github.com/centrifugal/centrifuge@v0.33.3/internal/dissolve/queue.go:139 +0x4a
github.com/centrifugal/centrifuge/internal/dissolve.(*Dissolver).runWorker(0xc00e20d1e8)
	/home/mariell/go/pkg/mod/github.com/centrifugal/centrifuge@v0.33.3/internal/dissolve/dissolve.go:52 +0x27
created by github.com/centrifugal/centrifuge/internal/dissolve.(*Dissolver).Run in goroutine 21352
	/home/mariell/go/pkg/mod/github.com/centrifugal/centrifuge@v0.33.3/internal/dissolve/dissolve.go:31 +0x25

goroutine 19242 [select]:
github.com/patrickmn/go-cache.(*janitor).Run(0xc00e0c48b0, 0xc0079d9140)
	/home/mariell/go/pkg/mod/github.com/patrickmn/go-cache@v2.1.0+incompatible/cache.go:1079 +0x7b
created by github.com/patrickmn/go-cache.runJanitor in goroutine 17793
	/home/mariell/go/pkg/mod/github.com/patrickmn/go-cache@v2.1.0+incompatible/cache.go:1099 +0xdb

goroutine 21002 [sync.Cond.Wait]:
sync.runtime_notifyListWait(0xc00b15c310, 0x10)
	/usr/lib/go/src/runtime/sema.go:597 +0x159
sync.(*Cond).Wait(0x0?)
	/usr/lib/go/src/sync/cond.go:71 +0x85
github.com/centrifugal/centrifuge/internal/dissolve.(*queueImpl).Wait(0xc00b2a7340)
	/home/mariell/go/pkg/mod/github.com/centrifugal/centrifuge@v0.33.3/internal/dissolve/queue.go:139 +0x4a
github.com/centrifugal/centrifuge/internal/dissolve.(*Dissolver).runWorker(0xc010c1ed20)
	/home/mariell/go/pkg/mod/github.com/centrifugal/centrifuge@v0.33.3/internal/dissolve/dissolve.go:52 +0x27
created by github.com/centrifugal/centrifuge/internal/dissolve.(*Dissolver).Run in goroutine 19735
	/home/mariell/go/pkg/mod/github.com/centrifugal/centrifuge@v0.33.3/internal/dissolve/dissolve.go:31 +0x25

goroutine 22889 [chan receive]:
github.com/grafana/grafana/pkg/registry/apis/dashboard/legacy.(*dashboardSqlAccess).WatchWriteEvents.func1()
	/home/mariell/work/oss/grafana/pkg/registry/apis/dashboard/legacy/storage.go:238 +0x50
created by github.com/grafana/grafana/pkg/registry/apis/dashboard/legacy.(*dashboardSqlAccess).WatchWriteEvents in goroutine 22757
	/home/mariell/work/oss/grafana/pkg/registry/apis/dashboard/legacy/storage.go:236 +0x1b6

goroutine 20985 [sync.Cond.Wait]:
sync.runtime_notifyListWait(0xc00b15c310, 0x3c)
	/usr/lib/go/src/runtime/sema.go:597 +0x159
sync.(*Cond).Wait(0x0?)
	/usr/lib/go/src/sync/cond.go:71 +0x85
github.com/centrifugal/centrifuge/internal/dissolve.(*queueImpl).Wait(0xc00b2a7340)
	/home/mariell/go/pkg/mod/github.com/centrifugal/centrifuge@v0.33.3/internal/dissolve/queue.go:139 +0x4a
github.com/centrifugal/centrifuge/internal/dissolve.(*Dissolver).runWorker(0xc010c1ed20)
	/home/mariell/go/pkg/mod/github.com/centrifugal/centrifuge@v0.33.3/internal/dissolve/dissolve.go:52 +0x27
created by github.com/centrifugal/centrifuge/internal/dissolve.(*Dissolver).Run in goroutine 19735
	/home/mariell/go/pkg/mod/github.com/centrifugal/centrifuge@v0.33.3/internal/dissolve/dissolve.go:31 +0x25

goroutine 20996 [sync.Cond.Wait]:
sync.runtime_notifyListWait(0xc00b15c310, 0xa)
	/usr/lib/go/src/runtime/sema.go:597 +0x159
sync.(*Cond).Wait(0xc00972afd0?)
	/usr/lib/go/src/sync/cond.go:71 +0x85
github.com/centrifugal/centrifuge/internal/dissolve.(*queueImpl).Wait(0xc00b2a7340)
	/home/mariell/go/pkg/mod/github.com/centrifugal/centrifuge@v0.33.3/internal/dissolve/queue.go:139 +0x4a
github.com/centrifugal/centrifuge/internal/dissolve.(*Dissolver).runWorker(0xc010c1ed20)
	/home/mariell/go/pkg/mod/github.com/centrifugal/centrifuge@v0.33.3/internal/dissolve/dissolve.go:52 +0x27
created by github.com/centrifugal/centrifuge/internal/dissolve.(*Dissolver).Run in goroutine 19735
	/home/mariell/go/pkg/mod/github.com/centrifugal/centrifuge@v0.33.3/internal/dissolve/dissolve.go:31 +0x25

goroutine 22880 [select]:
net/http.(*persistConn).writeLoop(0xc00e432120)
	/usr/lib/go/src/net/http/transport.go:2590 +0xe7
created by net/http.(*Transport).dialConn in goroutine 22872
	/usr/lib/go/src/net/http/transport.go:1945 +0x17a5

goroutine 20995 [sync.Cond.Wait]:
sync.runtime_notifyListWait(0xc00b15c310, 0x9)
	/usr/lib/go/src/runtime/sema.go:597 +0x159
sync.(*Cond).Wait(0x0?)
	/usr/lib/go/src/sync/cond.go:71 +0x85
github.com/centrifugal/centrifuge/internal/dissolve.(*queueImpl).Wait(0xc00b2a7340)
	/home/mariell/go/pkg/mod/github.com/centrifugal/centrifuge@v0.33.3/internal/dissolve/queue.go:139 +0x4a
github.com/centrifugal/centrifuge/internal/dissolve.(*Dissolver).runWorker(0xc010c1ed20)
	/home/mariell/go/pkg/mod/github.com/centrifugal/centrifuge@v0.33.3/internal/dissolve/dissolve.go:52 +0x27
created by github.com/centrifugal/centrifuge/internal/dissolve.(*Dissolver).Run in goroutine 19735
	/home/mariell/go/pkg/mod/github.com/centrifugal/centrifuge@v0.33.3/internal/dissolve/dissolve.go:31 +0x25

goroutine 20538 [IO wait]:
internal/poll.runtime_pollWait(0x77755832d038, 0x72)
	/usr/lib/go/src/runtime/netpoll.go:351 +0x85
internal/poll.(*pollDesc).wait(0xc00b246200?, 0xc009ab6600?, 0x0)
	/usr/lib/go/src/internal/poll/fd_poll_runtime.go:84 +0x27
internal/poll.(*pollDesc).waitRead(...)
	/usr/lib/go/src/internal/poll/fd_poll_runtime.go:89
internal/poll.(*FD).Read(0xc00b246200, {0xc009ab6600, 0x1300, 0x1300})
	/usr/lib/go/src/internal/poll/fd_unix.go:165 +0x27a
net.(*netFD).Read(0xc00b246200, {0xc009ab6600?, 0x0?, 0x0?})
	/usr/lib/go/src/net/fd_posix.go:55 +0x25
net.(*conn).Read(0xc00a18faa0, {0xc009ab6600?, 0x77756052d120?, 0x7775a8b293e8?})
	/usr/lib/go/src/net/net.go:194 +0x45
crypto/tls.(*atLeastReader).Read(0xc000e21d58, {0xc009ab6600?, 0x0?, 0x0?})
	/usr/lib/go/src/crypto/tls/conn.go:809 +0x3b
bytes.(*Buffer).ReadFrom(0xc011af77b8, {0xa94e300, 0xc000e21d58})
	/usr/lib/go/src/bytes/buffer.go:211 +0x98
crypto/tls.(*Conn).readFromUntil(0xc011af7508, {0xa94dc00, 0xc00a18faa0}, 0x444af4?)
	/usr/lib/go/src/crypto/tls/conn.go:831 +0xde
crypto/tls.(*Conn).readRecordOrCCS(0xc011af7508, 0x0)
	/usr/lib/go/src/crypto/tls/conn.go:629 +0x3cf
crypto/tls.(*Conn).readRecord(...)
	/usr/lib/go/src/crypto/tls/conn.go:591
crypto/tls.(*Conn).Read(0xc011af7508, {0xc00b6a6000, 0x1000, 0x7775a8b293e8?})
	/usr/lib/go/src/crypto/tls/conn.go:1385 +0x145
net/http.(*persistConn).Read(0xc001602000, {0xc00b6a6000?, 0x4141c5?, 0x68?})
	/usr/lib/go/src/net/http/transport.go:2122 +0x47
bufio.(*Reader).fill(0xc00e7818c0)
	/usr/lib/go/src/bufio/bufio.go:113 +0x103
bufio.(*Reader).Peek(0xc00e7818c0, 0x1)
	/usr/lib/go/src/bufio/bufio.go:152 +0x53
net/http.(*persistConn).readLoop(0xc001602000)
	/usr/lib/go/src/net/http/transport.go:2275 +0x172
created by net/http.(*Transport).dialConn in goroutine 20833
	/usr/lib/go/src/net/http/transport.go:1944 +0x174f

goroutine 20281 [chan receive (nil chan)]:
k8s.io/apiserver/pkg/server.preparedGenericAPIServer.RunWithContext.func5()
	/home/mariell/go/pkg/mod/k8s.io/apiserver@v0.32.1/pkg/server/genericapiserver.go:598 +0x37
created by k8s.io/apiserver/pkg/server.preparedGenericAPIServer.RunWithContext in goroutine 20274
	/home/mariell/go/pkg/mod/k8s.io/apiserver@v0.32.1/pkg/server/genericapiserver.go:597 +0x60b

goroutine 22514 [sync.Cond.Wait]:
sync.runtime_notifyListWait(0xc00a914410, 0x2c)
	/usr/lib/go/src/runtime/sema.go:597 +0x159
sync.(*Cond).Wait(0xc0067277d0?)
	/usr/lib/go/src/sync/cond.go:71 +0x85
github.com/centrifugal/centrifuge/internal/dissolve.(*queueImpl).Wait(0xc00de6dab0)
	/home/mariell/go/pkg/mod/github.com/centrifugal/centrifuge@v0.33.3/internal/dissolve/queue.go:139 +0x4a
github.com/centrifugal/centrifuge/internal/dissolve.(*Dissolver).runWorker(0xc00e20d1e8)
	/home/mariell/go/pkg/mod/github.com/centrifugal/centrifuge@v0.33.3/internal/dissolve/dissolve.go:52 +0x27
created by github.com/centrifugal/centrifuge/internal/dissolve.(*Dissolver).Run in goroutine 21352
	/home/mariell/go/pkg/mod/github.com/centrifugal/centrifuge@v0.33.3/internal/dissolve/dissolve.go:31 +0x25

goroutine 20980 [sync.Cond.Wait]:
sync.runtime_notifyListWait(0xc00b15c310, 0x34)
	/usr/lib/go/src/runtime/sema.go:597 +0x159
sync.(*Cond).Wait(0xc00a758fd0?)
	/usr/lib/go/src/sync/cond.go:71 +0x85
github.com/centrifugal/centrifuge/internal/dissolve.(*queueImpl).Wait(0xc00b2a7340)
	/home/mariell/go/pkg/mod/github.com/centrifugal/centrifuge@v0.33.3/internal/dissolve/queue.go:139 +0x4a
github.com/centrifugal/centrifuge/internal/dissolve.(*Dissolver).runWorker(0xc010c1ed20)
	/home/mariell/go/pkg/mod/github.com/centrifugal/centrifuge@v0.33.3/internal/dissolve/dissolve.go:52 +0x27
created by github.com/centrifugal/centrifuge/internal/dissolve.(*Dissolver).Run in goroutine 19735
	/home/mariell/go/pkg/mod/github.com/centrifugal/centrifuge@v0.33.3/internal/dissolve/dissolve.go:31 +0x25

goroutine 22513 [sync.Cond.Wait]:
sync.runtime_notifyListWait(0xc00a914410, 0x2b)
	/usr/lib/go/src/runtime/sema.go:597 +0x159
sync.(*Cond).Wait(0x0?)
	/usr/lib/go/src/sync/cond.go:71 +0x85
github.com/centrifugal/centrifuge/internal/dissolve.(*queueImpl).Wait(0xc00de6dab0)
	/home/mariell/go/pkg/mod/github.com/centrifugal/centrifuge@v0.33.3/internal/dissolve/queue.go:139 +0x4a
github.com/centrifugal/centrifuge/internal/dissolve.(*Dissolver).runWorker(0xc00e20d1e8)
	/home/mariell/go/pkg/mod/github.com/centrifugal/centrifuge@v0.33.3/internal/dissolve/dissolve.go:52 +0x27
created by github.com/centrifugal/centrifuge/internal/dissolve.(*Dissolver).Run in goroutine 21352
	/home/mariell/go/pkg/mod/github.com/centrifugal/centrifuge@v0.33.3/internal/dissolve/dissolve.go:31 +0x25

goroutine 22497 [sync.Cond.Wait]:
sync.runtime_notifyListWait(0xc00a914410, 0x1b)
	/usr/lib/go/src/runtime/sema.go:597 +0x159
sync.(*Cond).Wait(0xc006720fd0?)
	/usr/lib/go/src/sync/cond.go:71 +0x85
github.com/centrifugal/centrifuge/internal/dissolve.(*queueImpl).Wait(0xc00de6dab0)
	/home/mariell/go/pkg/mod/github.com/centrifugal/centrifuge@v0.33.3/internal/dissolve/queue.go:139 +0x4a
github.com/centrifugal/centrifuge/internal/dissolve.(*Dissolver).runWorker(0xc00e20d1e8)
	/home/mariell/go/pkg/mod/github.com/centrifugal/centrifuge@v0.33.3/internal/dissolve/dissolve.go:52 +0x27
created by github.com/centrifugal/centrifuge/internal/dissolve.(*Dissolver).Run in goroutine 21352
	/home/mariell/go/pkg/mod/github.com/centrifugal/centrifuge@v0.33.3/internal/dissolve/dissolve.go:31 +0x25

goroutine 21006 [sync.Cond.Wait]:
sync.runtime_notifyListWait(0xc00b15c310, 0x23)
	/usr/lib/go/src/runtime/sema.go:597 +0x159
sync.(*Cond).Wait(0x0?)
	/usr/lib/go/src/sync/cond.go:71 +0x85
github.com/centrifugal/centrifuge/internal/dissolve.(*queueImpl).Wait(0xc00b2a7340)
	/home/mariell/go/pkg/mod/github.com/centrifugal/centrifuge@v0.33.3/internal/dissolve/queue.go:139 +0x4a
github.com/centrifugal/centrifuge/internal/dissolve.(*Dissolver).runWorker(0xc010c1ed20)
	/home/mariell/go/pkg/mod/github.com/centrifugal/centrifuge@v0.33.3/internal/dissolve/dissolve.go:52 +0x27
created by github.com/centrifugal/centrifuge/internal/dissolve.(*Dissolver).Run in goroutine 19735
	/home/mariell/go/pkg/mod/github.com/centrifugal/centrifuge@v0.33.3/internal/dissolve/dissolve.go:31 +0x25

goroutine 44044 [select]:
k8s.io/apimachinery/pkg/util/wait.BackoffUntil(0xc0143abf00, {0xa95ac00, 0xc01df782d0}, 0x1, 0xc00e8df3b0)
	/home/mariell/go/pkg/mod/k8s.io/apimachinery@v0.32.1/pkg/util/wait/backoff.go:238 +0x12c
k8s.io/apimachinery/pkg/util/wait.JitterUntil(0xc0143abf00, 0x3b9aca00, 0x3ff3333333333333, 0x1, 0xc00e8df3b0)
	/home/mariell/go/pkg/mod/k8s.io/apimachinery@v0.32.1/pkg/util/wait/backoff.go:204 +0x7f
created by k8s.io/apiserver/pkg/registry/generic/registry.(*Store).startObservingCount in goroutine 42497
	/home/mariell/go/pkg/mod/k8s.io/apiserver@v0.32.1/pkg/registry/generic/registry/store.go:1666 +0x2f9

goroutine 22500 [sync.Cond.Wait]:
sync.runtime_notifyListWait(0xc00a914410, 0x0)
	/usr/lib/go/src/runtime/sema.go:597 +0x159
sync.(*Cond).Wait(0xc0067227d0?)
	/usr/lib/go/src/sync/cond.go:71 +0x85
github.com/centrifugal/centrifuge/internal/dissolve.(*queueImpl).Wait(0xc00de6dab0)
	/home/mariell/go/pkg/mod/github.com/centrifugal/centrifuge@v0.33.3/internal/dissolve/queue.go:139 +0x4a
github.com/centrifugal/centrifuge/internal/dissolve.(*Dissolver).runWorker(0xc00e20d1e8)
	/home/mariell/go/pkg/mod/github.com/centrifugal/centrifuge@v0.33.3/internal/dissolve/dissolve.go:52 +0x27
created by github.com/centrifugal/centrifuge/internal/dissolve.(*Dissolver).Run in goroutine 21352
	/home/mariell/go/pkg/mod/github.com/centrifugal/centrifuge@v0.33.3/internal/dissolve/dissolve.go:31 +0x25

goroutine 28542 [sync.Cond.Wait]:
sync.runtime_notifyListWait(0xc0024337d0, 0x1)
	/usr/lib/go/src/runtime/sema.go:597 +0x159
sync.(*Cond).Wait(0xc0071e9fd0?)
	/usr/lib/go/src/sync/cond.go:71 +0x85
github.com/centrifugal/centrifuge/internal/dissolve.(*queueImpl).Wait(0xc00d87b1f0)
	/home/mariell/go/pkg/mod/github.com/centrifugal/centrifuge@v0.33.3/internal/dissolve/queue.go:139 +0x4a
github.com/centrifugal/centrifuge/internal/dissolve.(*Dissolver).runWorker(0xc00f90a960)
	/home/mariell/go/pkg/mod/github.com/centrifugal/centrifuge@v0.33.3/internal/dissolve/dissolve.go:52 +0x27
created by github.com/centrifugal/centrifuge/internal/dissolve.(*Dissolver).Run in goroutine 27309
	/home/mariell/go/pkg/mod/github.com/centrifugal/centrifuge@v0.33.3/internal/dissolve/dissolve.go:31 +0x25

goroutine 20992 [sync.Cond.Wait]:
sync.runtime_notifyListWait(0xc00b15c310, 0x6)
	/usr/lib/go/src/runtime/sema.go:597 +0x159
sync.(*Cond).Wait(0x0?)
	/usr/lib/go/src/sync/cond.go:71 +0x85
github.com/centrifugal/centrifuge/internal/dissolve.(*queueImpl).Wait(0xc00b2a7340)
	/home/mariell/go/pkg/mod/github.com/centrifugal/centrifuge@v0.33.3/internal/dissolve/queue.go:139 +0x4a
github.com/centrifugal/centrifuge/internal/dissolve.(*Dissolver).runWorker(0xc010c1ed20)
	/home/mariell/go/pkg/mod/github.com/centrifugal/centrifuge@v0.33.3/internal/dissolve/dissolve.go:52 +0x27
created by github.com/centrifugal/centrifuge/internal/dissolve.(*Dissolver).Run in goroutine 19735
	/home/mariell/go/pkg/mod/github.com/centrifugal/centrifuge@v0.33.3/internal/dissolve/dissolve.go:31 +0x25

goroutine 31844 [select]:
go.opentelemetry.io/otel/sdk/trace.(*batchSpanProcessor).processQueue(0xc00d2fc460)
	/home/mariell/go/pkg/mod/go.opentelemetry.io/otel/sdk@v1.34.0/trace/batch_span_processor.go:302 +0x114
go.opentelemetry.io/otel/sdk/trace.NewBatchSpanProcessor.func1()
	/home/mariell/go/pkg/mod/go.opentelemetry.io/otel/sdk@v1.34.0/trace/batch_span_processor.go:117 +0x4e
created by go.opentelemetry.io/otel/sdk/trace.NewBatchSpanProcessor in goroutine 30466
	/home/mariell/go/pkg/mod/go.opentelemetry.io/otel/sdk@v1.34.0/trace/batch_span_processor.go:115 +0x2d9

goroutine 37412 [select]:
github.com/grafana/grafana/pkg/storage/unified/resource.(*cache[...]).run(0xc000a2f180)
	/home/mariell/work/oss/grafana/pkg/storage/unified/resource/broadcaster.go:291 +0xb0
created by github.com/grafana/grafana/pkg/storage/unified/resource.newChannelCache[...] in goroutine 36374
	/home/mariell/work/oss/grafana/pkg/storage/unified/resource/broadcaster.go:276 +0x189

goroutine 33483 [select]:
net/http.(*persistConn).writeLoop(0xc0047ec900)
	/usr/lib/go/src/net/http/transport.go:2590 +0xe7
created by net/http.(*Transport).dialConn in goroutine 29472
	/usr/lib/go/src/net/http/transport.go:1945 +0x17a5

goroutine 73844 [select]:
github.com/patrickmn/go-cache.(*janitor).Run(0xc040a6f7d0, 0xc02177b1c0)
	/home/mariell/go/pkg/mod/github.com/patrickmn/go-cache@v2.1.0+incompatible/cache.go:1079 +0x7b
created by github.com/patrickmn/go-cache.runJanitor in goroutine 22316
	/home/mariell/go/pkg/mod/github.com/patrickmn/go-cache@v2.1.0+incompatible/cache.go:1099 +0xdb

goroutine 37872 [sync.Cond.Wait]:
sync.runtime_notifyListWait(0xc01fe50bd0, 0x3)
	/usr/lib/go/src/runtime/sema.go:597 +0x159
sync.(*Cond).Wait(0xc003756fd0?)
	/usr/lib/go/src/sync/cond.go:71 +0x85
github.com/centrifugal/centrifuge/internal/dissolve.(*queueImpl).Wait(0xc00bf5ccb0)
	/home/mariell/go/pkg/mod/github.com/centrifugal/centrifuge@v0.33.3/internal/dissolve/queue.go:139 +0x4a
github.com/centrifugal/centrifuge/internal/dissolve.(*Dissolver).runWorker(0xc017ecc900)
	/home/mariell/go/pkg/mod/github.com/centrifugal/centrifuge@v0.33.3/internal/dissolve/dissolve.go:52 +0x27
created by github.com/centrifugal/centrifuge/internal/dissolve.(*Dissolver).Run in goroutine 37971
	/home/mariell/go/pkg/mod/github.com/centrifugal/centrifuge@v0.33.3/internal/dissolve/dissolve.go:31 +0x25

goroutine 40516 [select]:
github.com/centrifugal/centrifuge.(*historyHub).expireStreams(0xc0228c8b80)
	/home/mariell/go/pkg/mod/github.com/centrifugal/centrifuge@v0.33.3/broker_memory.go:298 +0x75
created by github.com/centrifugal/centrifuge.(*historyHub).runCleanups in goroutine 36287
	/home/mariell/go/pkg/mod/github.com/centrifugal/centrifuge@v0.33.3/broker_memory.go:252 +0x56

goroutine 39042 [sync.Cond.Wait]:
sync.runtime_notifyListWait(0xc01fe50bd0, 0x21)
	/usr/lib/go/src/runtime/sema.go:597 +0x159
sync.(*Cond).Wait(0xc01fc87fd0?)
	/usr/lib/go/src/sync/cond.go:71 +0x85
github.com/centrifugal/centrifuge/internal/dissolve.(*queueImpl).Wait(0xc00bf5ccb0)
	/home/mariell/go/pkg/mod/github.com/centrifugal/centrifuge@v0.33.3/internal/dissolve/queue.go:139 +0x4a
github.com/centrifugal/centrifuge/internal/dissolve.(*Dissolver).runWorker(0xc017ecc900)
	/home/mariell/go/pkg/mod/github.com/centrifugal/centrifuge@v0.33.3/internal/dissolve/dissolve.go:52 +0x27
created by github.com/centrifugal/centrifuge/internal/dissolve.(*Dissolver).Run in goroutine 37971
	/home/mariell/go/pkg/mod/github.com/centrifugal/centrifuge@v0.33.3/internal/dissolve/dissolve.go:31 +0x25

goroutine 33564 [select]:
go.opentelemetry.io/otel/sdk/trace.(*batchSpanProcessor).processQueue(0xc01f834640)
	/home/mariell/go/pkg/mod/go.opentelemetry.io/otel/sdk@v1.34.0/trace/batch_span_processor.go:302 +0x114
go.opentelemetry.io/otel/sdk/trace.NewBatchSpanProcessor.func1()
	/home/mariell/go/pkg/mod/go.opentelemetry.io/otel/sdk@v1.34.0/trace/batch_span_processor.go:117 +0x4e
created by go.opentelemetry.io/otel/sdk/trace.NewBatchSpanProcessor in goroutine 33562
	/home/mariell/go/pkg/mod/go.opentelemetry.io/otel/sdk@v1.34.0/trace/batch_span_processor.go:115 +0x2d9

goroutine 32955 [select]:
k8s.io/apimachinery/pkg/util/wait.BackoffUntil(0xc01ca90100, {0xa95ac00, 0xc01c302810}, 0x1, 0xc01c9a5810)
	/home/mariell/go/pkg/mod/k8s.io/apimachinery@v0.32.1/pkg/util/wait/backoff.go:238 +0x12c
k8s.io/apimachinery/pkg/util/wait.JitterUntil(0xc01ca90100, 0x3b9aca00, 0x3ff3333333333333, 0x1, 0xc01c9a5810)
	/home/mariell/go/pkg/mod/k8s.io/apimachinery@v0.32.1/pkg/util/wait/backoff.go:204 +0x7f
created by k8s.io/apiserver/pkg/registry/generic/registry.(*Store).startObservingCount in goroutine 32950
	/home/mariell/go/pkg/mod/k8s.io/apiserver@v0.32.1/pkg/registry/generic/registry/store.go:1666 +0x2f9

goroutine 33111 [sync.Cond.Wait]:
sync.runtime_notifyListWait(0xc019c7fcd0, 0x8)
	/usr/lib/go/src/runtime/sema.go:597 +0x159
sync.(*Cond).Wait(0x0?)
	/usr/lib/go/src/sync/cond.go:71 +0x85
github.com/centrifugal/centrifuge/internal/dissolve.(*queueImpl).Wait(0xc012092e00)
	/home/mariell/go/pkg/mod/github.com/centrifugal/centrifuge@v0.33.3/internal/dissolve/queue.go:139 +0x4a
github.com/centrifugal/centrifuge/internal/dissolve.(*Dissolver).runWorker(0xc01ba3c438)
	/home/mariell/go/pkg/mod/github.com/centrifugal/centrifuge@v0.33.3/internal/dissolve/dissolve.go:52 +0x27
created by github.com/centrifugal/centrifuge/internal/dissolve.(*Dissolver).Run in goroutine 31996
	/home/mariell/go/pkg/mod/github.com/centrifugal/centrifuge@v0.33.3/internal/dissolve/dissolve.go:31 +0x25

goroutine 37787 [select]:
github.com/patrickmn/go-cache.(*janitor).Run(0xc0145c6330, 0xc01c0da940)
	/home/mariell/go/pkg/mod/github.com/patrickmn/go-cache@v2.1.0+incompatible/cache.go:1079 +0x7b
created by github.com/patrickmn/go-cache.runJanitor in goroutine 37971
	/home/mariell/go/pkg/mod/github.com/patrickmn/go-cache@v2.1.0+incompatible/cache.go:1099 +0xdb

goroutine 40660 [select]:
github.com/patrickmn/go-cache.(*janitor).Run(0xc022cc57a0, 0xc022cd91c0)
	/home/mariell/go/pkg/mod/github.com/patrickmn/go-cache@v2.1.0+incompatible/cache.go:1079 +0x7b
created by github.com/patrickmn/go-cache.runJanitor in goroutine 36287
	/home/mariell/go/pkg/mod/github.com/patrickmn/go-cache@v2.1.0+incompatible/cache.go:1099 +0xdb

goroutine 22473 [sync.Cond.Wait]:
sync.runtime_notifyListWait(0xc00a914410, 0x3)
	/usr/lib/go/src/runtime/sema.go:597 +0x159
sync.(*Cond).Wait(0xc0025e8fd0?)
	/usr/lib/go/src/sync/cond.go:71 +0x85
github.com/centrifugal/centrifuge/internal/dissolve.(*queueImpl).Wait(0xc00de6dab0)
	/home/mariell/go/pkg/mod/github.com/centrifugal/centrifuge@v0.33.3/internal/dissolve/queue.go:139 +0x4a
github.com/centrifugal/centrifuge/internal/dissolve.(*Dissolver).runWorker(0xc00e20d1e8)
	/home/mariell/go/pkg/mod/github.com/centrifugal/centrifuge@v0.33.3/internal/dissolve/dissolve.go:52 +0x27
created by github.com/centrifugal/centrifuge/internal/dissolve.(*Dissolver).Run in goroutine 21352
	/home/mariell/go/pkg/mod/github.com/centrifugal/centrifuge@v0.33.3/internal/dissolve/dissolve.go:31 +0x25

goroutine 22360 [chan receive]:
github.com/grafana/grafana/pkg/storage/unified/sql.(*channelNotifier).notify.func1()
	/home/mariell/work/oss/grafana/pkg/storage/unified/sql/notifier.go:87 +0x39
created by github.com/grafana/grafana/pkg/storage/unified/sql.(*channelNotifier).notify in goroutine 21352
	/home/mariell/work/oss/grafana/pkg/storage/unified/sql/notifier.go:86 +0xdb

goroutine 25342 [sync.Cond.Wait]:
sync.runtime_notifyListWait(0xc012bf5590, 0x11)
	/usr/lib/go/src/runtime/sema.go:597 +0x159
sync.(*Cond).Wait(0xc013b757d0?)
	/usr/lib/go/src/sync/cond.go:71 +0x85
github.com/centrifugal/centrifuge/internal/dissolve.(*queueImpl).Wait(0xc013b4b110)
	/home/mariell/go/pkg/mod/github.com/centrifugal/centrifuge@v0.33.3/internal/dissolve/queue.go:139 +0x4a
github.com/centrifugal/centrifuge/internal/dissolve.(*Dissolver).runWorker(0xc00faede18)
	/home/mariell/go/pkg/mod/github.com/centrifugal/centrifuge@v0.33.3/internal/dissolve/dissolve.go:52 +0x27
created by github.com/centrifugal/centrifuge/internal/dissolve.(*Dissolver).Run in goroutine 24436
	/home/mariell/go/pkg/mod/github.com/centrifugal/centrifuge@v0.33.3/internal/dissolve/dissolve.go:31 +0x25

goroutine 22361 [chan receive]:
github.com/grafana/grafana/pkg/storage/unified/resource.(*server).initWatcher.func1.1()
	/home/mariell/work/oss/grafana/pkg/storage/unified/resource/server.go:922 +0x58
created by github.com/grafana/grafana/pkg/storage/unified/resource.(*server).initWatcher.func1 in goroutine 21352
	/home/mariell/work/oss/grafana/pkg/storage/unified/resource/server.go:921 +0xaa

goroutine 25341 [sync.Cond.Wait]:
sync.runtime_notifyListWait(0xc012bf5590, 0x17)
	/usr/lib/go/src/runtime/sema.go:597 +0x159
sync.(*Cond).Wait(0x0?)
	/usr/lib/go/src/sync/cond.go:71 +0x85
github.com/centrifugal/centrifuge/internal/dissolve.(*queueImpl).Wait(0xc013b4b110)
	/home/mariell/go/pkg/mod/github.com/centrifugal/centrifuge@v0.33.3/internal/dissolve/queue.go:139 +0x4a
github.com/centrifugal/centrifuge/internal/dissolve.(*Dissolver).runWorker(0xc00faede18)
	/home/mariell/go/pkg/mod/github.com/centrifugal/centrifuge@v0.33.3/internal/dissolve/dissolve.go:52 +0x27
created by github.com/centrifugal/centrifuge/internal/dissolve.(*Dissolver).Run in goroutine 24436
	/home/mariell/go/pkg/mod/github.com/centrifugal/centrifuge@v0.33.3/internal/dissolve/dissolve.go:31 +0x25

goroutine 22917 [chan receive (nil chan)]:
k8s.io/apiserver/pkg/server.preparedGenericAPIServer.RunWithContext({0xa9d1cc8?}, {0xa9d1d00, 0xc00e3822d0})
	/home/mariell/go/pkg/mod/k8s.io/apiserver@v0.32.1/pkg/server/genericapiserver.go:710 +0x9c5
github.com/grafana/grafana/pkg/services/apiserver.(*service).startCoreServer.func1()
	/home/mariell/work/oss/grafana/pkg/services/apiserver/service.go:448 +0x28
created by github.com/grafana/grafana/pkg/services/apiserver.(*service).startCoreServer in goroutine 22757
	/home/mariell/work/oss/grafana/pkg/services/apiserver/service.go:447 +0x125

goroutine 20967 [sync.Cond.Wait]:
sync.runtime_notifyListWait(0xc00b15c310, 0x1c)
	/usr/lib/go/src/runtime/sema.go:597 +0x159
sync.(*Cond).Wait(0x0?)
	/usr/lib/go/src/sync/cond.go:71 +0x85
github.com/centrifugal/centrifuge/internal/dissolve.(*queueImpl).Wait(0xc00b2a7340)
	/home/mariell/go/pkg/mod/github.com/centrifugal/centrifuge@v0.33.3/internal/dissolve/queue.go:139 +0x4a
github.com/centrifugal/centrifuge/internal/dissolve.(*Dissolver).runWorker(0xc010c1ed20)
	/home/mariell/go/pkg/mod/github.com/centrifugal/centrifuge@v0.33.3/internal/dissolve/dissolve.go:52 +0x27
created by github.com/centrifugal/centrifuge/internal/dissolve.(*Dissolver).Run in goroutine 19735
	/home/mariell/go/pkg/mod/github.com/centrifugal/centrifuge@v0.33.3/internal/dissolve/dissolve.go:31 +0x25

goroutine 19734 [select]:
net/http.(*persistConn).writeLoop(0xc004313680)
	/usr/lib/go/src/net/http/transport.go:2590 +0xe7
created by net/http.(*Transport).dialConn in goroutine 19699
	/usr/lib/go/src/net/http/transport.go:1945 +0x17a5

goroutine 19305 [select]:
github.com/grafana/grafana/pkg/storage/unified/resource.(*broadcaster[...]).stream(0xab113a0, 0xc00d941ce0)
	/home/mariell/work/oss/grafana/pkg/storage/unified/resource/broadcaster.go:205 +0x13d
created by github.com/grafana/grafana/pkg/storage/unified/resource.(*broadcaster[...]).init in goroutine 17793
	/home/mariell/work/oss/grafana/pkg/storage/unified/resource/broadcaster.go:177 +0x219

goroutine 20220 [select]:
k8s.io/apimachinery/pkg/util/wait.BackoffUntil(0xc00218fe80, {0xa95ac00, 0xc0023a4090}, 0x1, 0xc0093c6000)
	/home/mariell/go/pkg/mod/k8s.io/apimachinery@v0.32.1/pkg/util/wait/backoff.go:238 +0x12c
k8s.io/apimachinery/pkg/util/wait.JitterUntil(0xc00218fe80, 0x3b9aca00, 0x3ff3333333333333, 0x1, 0xc0093c6000)
	/home/mariell/go/pkg/mod/k8s.io/apimachinery@v0.32.1/pkg/util/wait/backoff.go:204 +0x7f
created by k8s.io/apiserver/pkg/registry/generic/registry.(*Store).startObservingCount in goroutine 19261
	/home/mariell/go/pkg/mod/k8s.io/apiserver@v0.32.1/pkg/registry/generic/registry/store.go:1666 +0x2f9

goroutine 19304 [select]:
github.com/grafana/grafana/pkg/storage/unified/resource.(*cache[...]).run(0xc009ce4600)
	/home/mariell/work/oss/grafana/pkg/storage/unified/resource/broadcaster.go:291 +0xb0
created by github.com/grafana/grafana/pkg/storage/unified/resource.newChannelCache[...] in goroutine 17793
	/home/mariell/work/oss/grafana/pkg/storage/unified/resource/broadcaster.go:276 +0x189

goroutine 19823 [select]:
database/sql.(*DB).connectionCleaner(0xc0078901a0, 0xc009bc67e0?)
	/usr/lib/go/src/database/sql/sql.go:1104 +0x9c
created by database/sql.(*DB).startCleanerLocked in goroutine 19735
	/usr/lib/go/src/database/sql/sql.go:1091 +0x105

goroutine 21391 [select]:
database/sql.(*DB).connectionCleaner(0xc011024a90, 0xc0110359d0?)
	/usr/lib/go/src/database/sql/sql.go:1104 +0x9c
created by database/sql.(*DB).startCleanerLocked in goroutine 21352
	/usr/lib/go/src/database/sql/sql.go:1091 +0x105

goroutine 19814 [select]:
net/http.(*persistConn).writeLoop(0xc00ecc6d80)
	/usr/lib/go/src/net/http/transport.go:2590 +0xe7
created by net/http.(*Transport).dialConn in goroutine 19826
	/usr/lib/go/src/net/http/transport.go:1945 +0x17a5

goroutine 18425 [IO wait]:
internal/poll.runtime_pollWait(0x77755832d5b0, 0x72)
	/usr/lib/go/src/runtime/netpoll.go:351 +0x85
internal/poll.(*pollDesc).wait(0xc00e591880?, 0xc006b04c00?, 0x0)
	/usr/lib/go/src/internal/poll/fd_poll_runtime.go:84 +0x27
internal/poll.(*pollDesc).waitRead(...)
	/usr/lib/go/src/internal/poll/fd_poll_runtime.go:89
internal/poll.(*FD).Read(0xc00e591880, {0xc006b04c00, 0x1300, 0x1300})
	/usr/lib/go/src/internal/poll/fd_unix.go:165 +0x27a
net.(*netFD).Read(0xc00e591880, {0xc006b04c00?, 0x11a751c0?, 0xc01000ecc0?})
	/usr/lib/go/src/net/fd_posix.go:55 +0x25
net.(*conn).Read(0xc003318778, {0xc006b04c00?, 0x77756005ef68?, 0x7775a8b293e8?})
	/usr/lib/go/src/net/net.go:194 +0x45
crypto/tls.(*atLeastReader).Read(0xc009d803f0, {0xc006b04c00?, 0x4a1385?, 0xc00de84998?})
	/usr/lib/go/src/crypto/tls/conn.go:809 +0x3b
bytes.(*Buffer).ReadFrom(0xc00eb989b8, {0xa94e300, 0xc009d803f0})
	/usr/lib/go/src/bytes/buffer.go:211 +0x98
crypto/tls.(*Conn).readFromUntil(0xc00eb98708, {0xa94dc00, 0xc003318778}, 0x444af4?)
	/usr/lib/go/src/crypto/tls/conn.go:831 +0xde
crypto/tls.(*Conn).readRecordOrCCS(0xc00eb98708, 0x0)
	/usr/lib/go/src/crypto/tls/conn.go:629 +0x3cf
crypto/tls.(*Conn).readRecord(...)
	/usr/lib/go/src/crypto/tls/conn.go:591
crypto/tls.(*Conn).Read(0xc00eb98708, {0xc00eeb1000, 0x1000, 0x7775a8b293e8?})
	/usr/lib/go/src/crypto/tls/conn.go:1385 +0x145
net/http.(*persistConn).Read(0xc00ecc6360, {0xc00eeb1000?, 0x4141c5?, 0x68?})
	/usr/lib/go/src/net/http/transport.go:2122 +0x47
bufio.(*Reader).fill(0xc00eddb200)
	/usr/lib/go/src/bufio/bufio.go:113 +0x103
bufio.(*Reader).Peek(0xc00eddb200, 0x1)
	/usr/lib/go/src/bufio/bufio.go:152 +0x53
net/http.(*persistConn).readLoop(0xc00ecc6360)
	/usr/lib/go/src/net/http/transport.go:2275 +0x172
created by net/http.(*Transport).dialConn in goroutine 19704
	/usr/lib/go/src/net/http/transport.go:1944 +0x174f

goroutine 20762 [select]:
github.com/patrickmn/go-cache.(*janitor).Run(0xc01129dbe0, 0xc00842e9c0)
	/home/mariell/go/pkg/mod/github.com/patrickmn/go-cache@v2.1.0+incompatible/cache.go:1079 +0x7b
created by github.com/patrickmn/go-cache.runJanitor in goroutine 19735
	/home/mariell/go/pkg/mod/github.com/patrickmn/go-cache@v2.1.0+incompatible/cache.go:1099 +0xdb

goroutine 19402 [select]:
github.com/centrifugal/centrifuge.(*MemoryBroker).expireResultCache(0xc009ce5800)
	/home/mariell/go/pkg/mod/github.com/centrifugal/centrifuge@v0.33.3/broker_memory.go:160 +0x68
created by github.com/centrifugal/centrifuge.(*MemoryBroker).Run in goroutine 17793
	/home/mariell/go/pkg/mod/github.com/centrifugal/centrifuge@v0.33.3/broker_memory.go:73 +0x7f

goroutine 19403 [select]:
github.com/centrifugal/centrifuge.(*historyHub).expireStreams(0xc009ce5780)
	/home/mariell/go/pkg/mod/github.com/centrifugal/centrifuge@v0.33.3/broker_memory.go:298 +0x75
created by github.com/centrifugal/centrifuge.(*historyHub).runCleanups in goroutine 17793
	/home/mariell/go/pkg/mod/github.com/centrifugal/centrifuge@v0.33.3/broker_memory.go:252 +0x56

goroutine 19404 [select]:
github.com/centrifugal/centrifuge.(*historyHub).removeStreams(0xc009ce5780)
	/home/mariell/go/pkg/mod/github.com/centrifugal/centrifuge@v0.33.3/broker_memory.go:259 +0x6f
created by github.com/centrifugal/centrifuge.(*historyHub).runCleanups in goroutine 17793
	/home/mariell/go/pkg/mod/github.com/centrifugal/centrifuge@v0.33.3/broker_memory.go:253 +0x96

goroutine 19405 [select]:
github.com/FZambia/eagle.(*Eagle).aggregate(0xc00e85a070)
	/home/mariell/go/pkg/mod/github.com/!f!zambia/eagle@v0.1.0/eagle.go:210 +0x6d
created by github.com/FZambia/eagle.New in goroutine 17793
	/home/mariell/go/pkg/mod/github.com/!f!zambia/eagle@v0.1.0/eagle.go:66 +0x176

goroutine 19411 [select]:
github.com/centrifugal/centrifuge.(*Node).sendNodePing(0xc009cf8008)
	/home/mariell/go/pkg/mod/github.com/centrifugal/centrifuge@v0.33.3/node.go:380 +0x85
created by github.com/centrifugal/centrifuge.(*Node).Run in goroutine 17793
	/home/mariell/go/pkg/mod/github.com/centrifugal/centrifuge@v0.33.3/node.go:260 +0x225

goroutine 19410 [select]:
github.com/centrifugal/centrifuge.(*Node).initMetrics.func1()
	/home/mariell/go/pkg/mod/github.com/centrifugal/centrifuge@v0.33.3/node.go:365 +0x8a
created by github.com/centrifugal/centrifuge.(*Node).initMetrics in goroutine 17793
	/home/mariell/go/pkg/mod/github.com/centrifugal/centrifuge@v0.33.3/node.go:363 +0x1f9

goroutine 19412 [select]:
github.com/centrifugal/centrifuge.(*Node).cleanNodeInfo(0xc009cf8008)
	/home/mariell/go/pkg/mod/github.com/centrifugal/centrifuge@v0.33.3/node.go:394 +0x90
created by github.com/centrifugal/centrifuge.(*Node).Run in goroutine 17793
	/home/mariell/go/pkg/mod/github.com/centrifugal/centrifuge@v0.33.3/node.go:261 +0x265

goroutine 19413 [select]:
github.com/centrifugal/centrifuge.(*Node).updateMetrics(0xc009cf8008)
	/home/mariell/go/pkg/mod/github.com/centrifugal/centrifuge@v0.33.3/node.go:335 +0x85
created by github.com/centrifugal/centrifuge.(*Node).Run in goroutine 17793
	/home/mariell/go/pkg/mod/github.com/centrifugal/centrifuge@v0.33.3/node.go:262 +0x2a5

goroutine 19414 [sync.Cond.Wait]:
sync.runtime_notifyListWait(0xc0087b59d0, 0x1)
	/usr/lib/go/src/runtime/sema.go:597 +0x159
sync.(*Cond).Wait(0x0?)
	/usr/lib/go/src/sync/cond.go:71 +0x85
github.com/centrifugal/centrifuge/internal/dissolve.(*queueImpl).Wait(0xc010cb7030)
	/home/mariell/go/pkg/mod/github.com/centrifugal/centrifuge@v0.33.3/internal/dissolve/queue.go:139 +0x4a
github.com/centrifugal/centrifuge/internal/dissolve.(*Dissolver).runWorker(0xc00b173b18)
	/home/mariell/go/pkg/mod/github.com/centrifugal/centrifuge@v0.33.3/internal/dissolve/dissolve.go:52 +0x27
created by github.com/centrifugal/centrifuge/internal/dissolve.(*Dissolver).Run in goroutine 17793
	/home/mariell/go/pkg/mod/github.com/centrifugal/centrifuge@v0.33.3/internal/dissolve/dissolve.go:31 +0x25

goroutine 19415 [sync.Cond.Wait]:
sync.runtime_notifyListWait(0xc0087b59d0, 0x2)
	/usr/lib/go/src/runtime/sema.go:597 +0x159
sync.(*Cond).Wait(0x0?)
	/usr/lib/go/src/sync/cond.go:71 +0x85
github.com/centrifugal/centrifuge/internal/dissolve.(*queueImpl).Wait(0xc010cb7030)
	/home/mariell/go/pkg/mod/github.com/centrifugal/centrifuge@v0.33.3/internal/dissolve/queue.go:139 +0x4a
github.com/centrifugal/centrifuge/internal/dissolve.(*Dissolver).runWorker(0xc00b173b18)
	/home/mariell/go/pkg/mod/github.com/centrifugal/centrifuge@v0.33.3/internal/dissolve/dissolve.go:52 +0x27
created by github.com/centrifugal/centrifuge/internal/dissolve.(*Dissolver).Run in goroutine 17793
	/home/mariell/go/pkg/mod/github.com/centrifugal/centrifuge@v0.33.3/internal/dissolve/dissolve.go:31 +0x25

goroutine 19416 [sync.Cond.Wait]:
sync.runtime_notifyListWait(0xc0087b59d0, 0x3)
	/usr/lib/go/src/runtime/sema.go:597 +0x159
sync.(*Cond).Wait(0x0?)
	/usr/lib/go/src/sync/cond.go:71 +0x85
github.com/centrifugal/centrifuge/internal/dissolve.(*queueImpl).Wait(0xc010cb7030)
	/home/mariell/go/pkg/mod/github.com/centrifugal/centrifuge@v0.33.3/internal/dissolve/queue.go:139 +0x4a
github.com/centrifugal/centrifuge/internal/dissolve.(*Dissolver).runWorker(0xc00b173b18)
	/home/mariell/go/pkg/mod/github.com/centrifugal/centrifuge@v0.33.3/internal/dissolve/dissolve.go:52 +0x27
created by github.com/centrifugal/centrifuge/internal/dissolve.(*Dissolver).Run in goroutine 17793
	/home/mariell/go/pkg/mod/github.com/centrifugal/centrifuge@v0.33.3/internal/dissolve/dissolve.go:31 +0x25

goroutine 19417 [sync.Cond.Wait]:
sync.runtime_notifyListWait(0xc0087b59d0, 0x4)
	/usr/lib/go/src/runtime/sema.go:597 +0x159
sync.(*Cond).Wait(0x0?)
	/usr/lib/go/src/sync/cond.go:71 +0x85
github.com/centrifugal/centrifuge/internal/dissolve.(*queueImpl).Wait(0xc010cb7030)
	/home/mariell/go/pkg/mod/github.com/centrifugal/centrifuge@v0.33.3/internal/dissolve/queue.go:139 +0x4a
github.com/centrifugal/centrifuge/internal/dissolve.(*Dissolver).runWorker(0xc00b173b18)
	/home/mariell/go/pkg/mod/github.com/centrifugal/centrifuge@v0.33.3/internal/dissolve/dissolve.go:52 +0x27
created by github.com/centrifugal/centrifuge/internal/dissolve.(*Dissolver).Run in goroutine 17793
	/home/mariell/go/pkg/mod/github.com/centrifugal/centrifuge@v0.33.3/internal/dissolve/dissolve.go:31 +0x25

goroutine 19418 [sync.Cond.Wait]:
sync.runtime_notifyListWait(0xc0087b59d0, 0x5)
	/usr/lib/go/src/runtime/sema.go:597 +0x159
sync.(*Cond).Wait(0x0?)
	/usr/lib/go/src/sync/cond.go:71 +0x85
github.com/centrifugal/centrifuge/internal/dissolve.(*queueImpl).Wait(0xc010cb7030)
	/home/mariell/go/pkg/mod/github.com/centrifugal/centrifuge@v0.33.3/internal/dissolve/queue.go:139 +0x4a
github.com/centrifugal/centrifuge/internal/dissolve.(*Dissolver).runWorker(0xc00b173b18)
	/home/mariell/go/pkg/mod/github.com/centrifugal/centrifuge@v0.33.3/internal/dissolve/dissolve.go:52 +0x27
created by github.com/centrifugal/centrifuge/internal/dissolve.(*Dissolver).Run in goroutine 17793
	/home/mariell/go/pkg/mod/github.com/centrifugal/centrifuge@v0.33.3/internal/dissolve/dissolve.go:31 +0x25

goroutine 19419 [sync.Cond.Wait]:
sync.runtime_notifyListWait(0xc0087b59d0, 0x6)
	/usr/lib/go/src/runtime/sema.go:597 +0x159
sync.(*Cond).Wait(0x7032332030203a6e?)
	/usr/lib/go/src/sync/cond.go:71 +0x85
github.com/centrifugal/centrifuge/internal/dissolve.(*queueImpl).Wait(0xc010cb7030)
	/home/mariell/go/pkg/mod/github.com/centrifugal/centrifuge@v0.33.3/internal/dissolve/queue.go:139 +0x4a
github.com/centrifugal/centrifuge/internal/dissolve.(*Dissolver).runWorker(0xc00b173b18)
	/home/mariell/go/pkg/mod/github.com/centrifugal/centrifuge@v0.33.3/internal/dissolve/dissolve.go:52 +0x27
created by github.com/centrifugal/centrifuge/internal/dissolve.(*Dissolver).Run in goroutine 17793
	/home/mariell/go/pkg/mod/github.com/centrifugal/centrifuge@v0.33.3/internal/dissolve/dissolve.go:31 +0x25

goroutine 19420 [sync.Cond.Wait]:
sync.runtime_notifyListWait(0xc0087b59d0, 0x7)
	/usr/lib/go/src/runtime/sema.go:597 +0x159
sync.(*Cond).Wait(0x2020200a3b293532?)
	/usr/lib/go/src/sync/cond.go:71 +0x85
github.com/centrifugal/centrifuge/internal/dissolve.(*queueImpl).Wait(0xc010cb7030)
	/home/mariell/go/pkg/mod/github.com/centrifugal/centrifuge@v0.33.3/internal/dissolve/queue.go:139 +0x4a
github.com/centrifugal/centrifuge/internal/dissolve.(*Dissolver).runWorker(0xc00b173b18)
	/home/mariell/go/pkg/mod/github.com/centrifugal/centrifuge@v0.33.3/internal/dissolve/dissolve.go:52 +0x27
created by github.com/centrifugal/centrifuge/internal/dissolve.(*Dissolver).Run in goroutine 17793
	/home/mariell/go/pkg/mod/github.com/centrifugal/centrifuge@v0.33.3/internal/dissolve/dissolve.go:31 +0x25

goroutine 19421 [sync.Cond.Wait]:
sync.runtime_notifyListWait(0xc0087b59d0, 0x8)
	/usr/lib/go/src/runtime/sema.go:597 +0x159
sync.(*Cond).Wait(0x616f6c657270223d?)
	/usr/lib/go/src/sync/cond.go:71 +0x85
github.com/centrifugal/centrifuge/internal/dissolve.(*queueImpl).Wait(0xc010cb7030)
	/home/mariell/go/pkg/mod/github.com/centrifugal/centrifuge@v0.33.3/internal/dissolve/queue.go:139 +0x4a
github.com/centrifugal/centrifuge/internal/dissolve.(*Dissolver).runWorker(0xc00b173b18)
	/home/mariell/go/pkg/mod/github.com/centrifugal/centrifuge@v0.33.3/internal/dissolve/dissolve.go:52 +0x27
created by github.com/centrifugal/centrifuge/internal/dissolve.(*Dissolver).Run in goroutine 17793
	/home/mariell/go/pkg/mod/github.com/centrifugal/centrifuge@v0.33.3/internal/dissolve/dissolve.go:31 +0x25

goroutine 19422 [sync.Cond.Wait]:
sync.runtime_notifyListWait(0xc0087b59d0, 0x9)
	/usr/lib/go/src/runtime/sema.go:597 +0x159
sync.(*Cond).Wait(0x6764457369202020?)
	/usr/lib/go/src/sync/cond.go:71 +0x85
github.com/centrifugal/centrifuge/internal/dissolve.(*queueImpl).Wait(0xc010cb7030)
	/home/mariell/go/pkg/mod/github.com/centrifugal/centrifuge@v0.33.3/internal/dissolve/queue.go:139 +0x4a
github.com/centrifugal/centrifuge/internal/dissolve.(*Dissolver).runWorker(0xc00b173b18)
	/home/mariell/go/pkg/mod/github.com/centrifugal/centrifuge@v0.33.3/internal/dissolve/dissolve.go:52 +0x27
created by github.com/centrifugal/centrifuge/internal/dissolve.(*Dissolver).Run in goroutine 17793
	/home/mariell/go/pkg/mod/github.com/centrifugal/centrifuge@v0.33.3/internal/dissolve/dissolve.go:31 +0x25

goroutine 19423 [sync.Cond.Wait]:
sync.runtime_notifyListWait(0xc0087b59d0, 0xa)
	/usr/lib/go/src/runtime/sema.go:597 +0x159
sync.(*Cond).Wait(0x6f6873206c6c6977?)
	/usr/lib/go/src/sync/cond.go:71 +0x85
github.com/centrifugal/centrifuge/internal/dissolve.(*queueImpl).Wait(0xc010cb7030)
	/home/mariell/go/pkg/mod/github.com/centrifugal/centrifuge@v0.33.3/internal/dissolve/queue.go:139 +0x4a
github.com/centrifugal/centrifuge/internal/dissolve.(*Dissolver).runWorker(0xc00b173b18)
	/home/mariell/go/pkg/mod/github.com/centrifugal/centrifuge@v0.33.3/internal/dissolve/dissolve.go:52 +0x27
created by github.com/centrifugal/centrifuge/internal/dissolve.(*Dissolver).Run in goroutine 17793
	/home/mariell/go/pkg/mod/github.com/centrifugal/centrifuge@v0.33.3/internal/dissolve/dissolve.go:31 +0x25

goroutine 19424 [sync.Cond.Wait]:
sync.runtime_notifyListWait(0xc0087b59d0, 0xb)
	/usr/lib/go/src/runtime/sema.go:597 +0x159
sync.(*Cond).Wait(0x0?)
	/usr/lib/go/src/sync/cond.go:71 +0x85
github.com/centrifugal/centrifuge/internal/dissolve.(*queueImpl).Wait(0xc010cb7030)
	/home/mariell/go/pkg/mod/github.com/centrifugal/centrifuge@v0.33.3/internal/dissolve/queue.go:139 +0x4a
github.com/centrifugal/centrifuge/internal/dissolve.(*Dissolver).runWorker(0xc00b173b18)
	/home/mariell/go/pkg/mod/github.com/centrifugal/centrifuge@v0.33.3/internal/dissolve/dissolve.go:52 +0x27
created by github.com/centrifugal/centrifuge/internal/dissolve.(*Dissolver).Run in goroutine 17793
	/home/mariell/go/pkg/mod/github.com/centrifugal/centrifuge@v0.33.3/internal/dissolve/dissolve.go:31 +0x25

goroutine 19425 [sync.Cond.Wait]:
sync.runtime_notifyListWait(0xc0087b59d0, 0xc)
	/usr/lib/go/src/runtime/sema.go:597 +0x159
sync.(*Cond).Wait(0x0?)
	/usr/lib/go/src/sync/cond.go:71 +0x85
github.com/centrifugal/centrifuge/internal/dissolve.(*queueImpl).Wait(0xc010cb7030)
	/home/mariell/go/pkg/mod/github.com/centrifugal/centrifuge@v0.33.3/internal/dissolve/queue.go:139 +0x4a
github.com/centrifugal/centrifuge/internal/dissolve.(*Dissolver).runWorker(0xc00b173b18)
	/home/mariell/go/pkg/mod/github.com/centrifugal/centrifuge@v0.33.3/internal/dissolve/dissolve.go:52 +0x27
created by github.com/centrifugal/centrifuge/internal/dissolve.(*Dissolver).Run in goroutine 17793
	/home/mariell/go/pkg/mod/github.com/centrifugal/centrifuge@v0.33.3/internal/dissolve/dissolve.go:31 +0x25

goroutine 19426 [sync.Cond.Wait]:
sync.runtime_notifyListWait(0xc0087b59d0, 0xd)
	/usr/lib/go/src/runtime/sema.go:597 +0x159
sync.(*Cond).Wait(0x0?)
	/usr/lib/go/src/sync/cond.go:71 +0x85
github.com/centrifugal/centrifuge/internal/dissolve.(*queueImpl).Wait(0xc010cb7030)
	/home/mariell/go/pkg/mod/github.com/centrifugal/centrifuge@v0.33.3/internal/dissolve/queue.go:139 +0x4a
github.com/centrifugal/centrifuge/internal/dissolve.(*Dissolver).runWorker(0xc00b173b18)
	/home/mariell/go/pkg/mod/github.com/centrifugal/centrifuge@v0.33.3/internal/dissolve/dissolve.go:52 +0x27
created by github.com/centrifugal/centrifuge/internal/dissolve.(*Dissolver).Run in goroutine 17793
	/home/mariell/go/pkg/mod/github.com/centrifugal/centrifuge@v0.33.3/internal/dissolve/dissolve.go:31 +0x25

goroutine 19427 [sync.Cond.Wait]:
sync.runtime_notifyListWait(0xc0087b59d0, 0xe)
	/usr/lib/go/src/runtime/sema.go:597 +0x159
sync.(*Cond).Wait(0x0?)
	/usr/lib/go/src/sync/cond.go:71 +0x85
github.com/centrifugal/centrifuge/internal/dissolve.(*queueImpl).Wait(0xc010cb7030)
	/home/mariell/go/pkg/mod/github.com/centrifugal/centrifuge@v0.33.3/internal/dissolve/queue.go:139 +0x4a
github.com/centrifugal/centrifuge/internal/dissolve.(*Dissolver).runWorker(0xc00b173b18)
	/home/mariell/go/pkg/mod/github.com/centrifugal/centrifuge@v0.33.3/internal/dissolve/dissolve.go:52 +0x27
created by github.com/centrifugal/centrifuge/internal/dissolve.(*Dissolver).Run in goroutine 17793
	/home/mariell/go/pkg/mod/github.com/centrifugal/centrifuge@v0.33.3/internal/dissolve/dissolve.go:31 +0x25

goroutine 19428 [sync.Cond.Wait]:
sync.runtime_notifyListWait(0xc0087b59d0, 0xf)
	/usr/lib/go/src/runtime/sema.go:597 +0x159
sync.(*Cond).Wait(0x0?)
	/usr/lib/go/src/sync/cond.go:71 +0x85
github.com/centrifugal/centrifuge/internal/dissolve.(*queueImpl).Wait(0xc010cb7030)
	/home/mariell/go/pkg/mod/github.com/centrifugal/centrifuge@v0.33.3/internal/dissolve/queue.go:139 +0x4a
github.com/centrifugal/centrifuge/internal/dissolve.(*Dissolver).runWorker(0xc00b173b18)
	/home/mariell/go/pkg/mod/github.com/centrifugal/centrifuge@v0.33.3/internal/dissolve/dissolve.go:52 +0x27
created by github.com/centrifugal/centrifuge/internal/dissolve.(*Dissolver).Run in goroutine 17793
	/home/mariell/go/pkg/mod/github.com/centrifugal/centrifuge@v0.33.3/internal/dissolve/dissolve.go:31 +0x25

goroutine 19429 [sync.Cond.Wait]:
sync.runtime_notifyListWait(0xc0087b59d0, 0x10)
	/usr/lib/go/src/runtime/sema.go:597 +0x159
sync.(*Cond).Wait(0x0?)
	/usr/lib/go/src/sync/cond.go:71 +0x85
github.com/centrifugal/centrifuge/internal/dissolve.(*queueImpl).Wait(0xc010cb7030)
	/home/mariell/go/pkg/mod/github.com/centrifugal/centrifuge@v0.33.3/internal/dissolve/queue.go:139 +0x4a
github.com/centrifugal/centrifuge/internal/dissolve.(*Dissolver).runWorker(0xc00b173b18)
	/home/mariell/go/pkg/mod/github.com/centrifugal/centrifuge@v0.33.3/internal/dissolve/dissolve.go:52 +0x27
created by github.com/centrifugal/centrifuge/internal/dissolve.(*Dissolver).Run in goroutine 17793
	/home/mariell/go/pkg/mod/github.com/centrifugal/centrifuge@v0.33.3/internal/dissolve/dissolve.go:31 +0x25

goroutine 19430 [sync.Cond.Wait]:
sync.runtime_notifyListWait(0xc0087b59d0, 0x11)
	/usr/lib/go/src/runtime/sema.go:597 +0x159
sync.(*Cond).Wait(0x0?)
	/usr/lib/go/src/sync/cond.go:71 +0x85
github.com/centrifugal/centrifuge/internal/dissolve.(*queueImpl).Wait(0xc010cb7030)
	/home/mariell/go/pkg/mod/github.com/centrifugal/centrifuge@v0.33.3/internal/dissolve/queue.go:139 +0x4a
github.com/centrifugal/centrifuge/internal/dissolve.(*Dissolver).runWorker(0xc00b173b18)
	/home/mariell/go/pkg/mod/github.com/centrifugal/centrifuge@v0.33.3/internal/dissolve/dissolve.go:52 +0x27
created by github.com/centrifugal/centrifuge/internal/dissolve.(*Dissolver).Run in goroutine 17793
	/home/mariell/go/pkg/mod/github.com/centrifugal/centrifuge@v0.33.3/internal/dissolve/dissolve.go:31 +0x25

goroutine 19431 [sync.Cond.Wait]:
sync.runtime_notifyListWait(0xc0087b59d0, 0x12)
	/usr/lib/go/src/runtime/sema.go:597 +0x159
sync.(*Cond).Wait(0x0?)
	/usr/lib/go/src/sync/cond.go:71 +0x85
github.com/centrifugal/centrifuge/internal/dissolve.(*queueImpl).Wait(0xc010cb7030)
	/home/mariell/go/pkg/mod/github.com/centrifugal/centrifuge@v0.33.3/internal/dissolve/queue.go:139 +0x4a
github.com/centrifugal/centrifuge/internal/dissolve.(*Dissolver).runWorker(0xc00b173b18)
	/home/mariell/go/pkg/mod/github.com/centrifugal/centrifuge@v0.33.3/internal/dissolve/dissolve.go:52 +0x27
created by github.com/centrifugal/centrifuge/internal/dissolve.(*Dissolver).Run in goroutine 17793
	/home/mariell/go/pkg/mod/github.com/centrifugal/centrifuge@v0.33.3/internal/dissolve/dissolve.go:31 +0x25

goroutine 19432 [sync.Cond.Wait]:
sync.runtime_notifyListWait(0xc0087b59d0, 0x13)
	/usr/lib/go/src/runtime/sema.go:597 +0x159
sync.(*Cond).Wait(0x0?)
	/usr/lib/go/src/sync/cond.go:71 +0x85
github.com/centrifugal/centrifuge/internal/dissolve.(*queueImpl).Wait(0xc010cb7030)
	/home/mariell/go/pkg/mod/github.com/centrifugal/centrifuge@v0.33.3/internal/dissolve/queue.go:139 +0x4a
github.com/centrifugal/centrifuge/internal/dissolve.(*Dissolver).runWorker(0xc00b173b18)
	/home/mariell/go/pkg/mod/github.com/centrifugal/centrifuge@v0.33.3/internal/dissolve/dissolve.go:52 +0x27
created by github.com/centrifugal/centrifuge/internal/dissolve.(*Dissolver).Run in goroutine 17793
	/home/mariell/go/pkg/mod/github.com/centrifugal/centrifuge@v0.33.3/internal/dissolve/dissolve.go:31 +0x25

goroutine 19433 [sync.Cond.Wait]:
sync.runtime_notifyListWait(0xc0087b59d0, 0x14)
	/usr/lib/go/src/runtime/sema.go:597 +0x159
sync.(*Cond).Wait(0x0?)
	/usr/lib/go/src/sync/cond.go:71 +0x85
github.com/centrifugal/centrifuge/internal/dissolve.(*queueImpl).Wait(0xc010cb7030)
	/home/mariell/go/pkg/mod/github.com/centrifugal/centrifuge@v0.33.3/internal/dissolve/queue.go:139 +0x4a
github.com/centrifugal/centrifuge/internal/dissolve.(*Dissolver).runWorker(0xc00b173b18)
	/home/mariell/go/pkg/mod/github.com/centrifugal/centrifuge@v0.33.3/internal/dissolve/dissolve.go:52 +0x27
created by github.com/centrifugal/centrifuge/internal/dissolve.(*Dissolver).Run in goroutine 17793
	/home/mariell/go/pkg/mod/github.com/centrifugal/centrifuge@v0.33.3/internal/dissolve/dissolve.go:31 +0x25

goroutine 19434 [sync.Cond.Wait]:
sync.runtime_notifyListWait(0xc0087b59d0, 0x15)
	/usr/lib/go/src/runtime/sema.go:597 +0x159
sync.(*Cond).Wait(0x0?)
	/usr/lib/go/src/sync/cond.go:71 +0x85
github.com/centrifugal/centrifuge/internal/dissolve.(*queueImpl).Wait(0xc010cb7030)
	/home/mariell/go/pkg/mod/github.com/centrifugal/centrifuge@v0.33.3/internal/dissolve/queue.go:139 +0x4a
github.com/centrifugal/centrifuge/internal/dissolve.(*Dissolver).runWorker(0xc00b173b18)
	/home/mariell/go/pkg/mod/github.com/centrifugal/centrifuge@v0.33.3/internal/dissolve/dissolve.go:52 +0x27
created by github.com/centrifugal/centrifuge/internal/dissolve.(*Dissolver).Run in goroutine 17793
	/home/mariell/go/pkg/mod/github.com/centrifugal/centrifuge@v0.33.3/internal/dissolve/dissolve.go:31 +0x25

goroutine 19435 [sync.Cond.Wait]:
sync.runtime_notifyListWait(0xc0087b59d0, 0x16)
	/usr/lib/go/src/runtime/sema.go:597 +0x159
sync.(*Cond).Wait(0x0?)
	/usr/lib/go/src/sync/cond.go:71 +0x85
github.com/centrifugal/centrifuge/internal/dissolve.(*queueImpl).Wait(0xc010cb7030)
	/home/mariell/go/pkg/mod/github.com/centrifugal/centrifuge@v0.33.3/internal/dissolve/queue.go:139 +0x4a
github.com/centrifugal/centrifuge/internal/dissolve.(*Dissolver).runWorker(0xc00b173b18)
	/home/mariell/go/pkg/mod/github.com/centrifugal/centrifuge@v0.33.3/internal/dissolve/dissolve.go:52 +0x27
created by github.com/centrifugal/centrifuge/internal/dissolve.(*Dissolver).Run in goroutine 17793
	/home/mariell/go/pkg/mod/github.com/centrifugal/centrifuge@v0.33.3/internal/dissolve/dissolve.go:31 +0x25

goroutine 19436 [sync.Cond.Wait]:
sync.runtime_notifyListWait(0xc0087b59d0, 0x17)
	/usr/lib/go/src/runtime/sema.go:597 +0x159
sync.(*Cond).Wait(0x0?)
	/usr/lib/go/src/sync/cond.go:71 +0x85
github.com/centrifugal/centrifuge/internal/dissolve.(*queueImpl).Wait(0xc010cb7030)
	/home/mariell/go/pkg/mod/github.com/centrifugal/centrifuge@v0.33.3/internal/dissolve/queue.go:139 +0x4a
github.com/centrifugal/centrifuge/internal/dissolve.(*Dissolver).runWorker(0xc00b173b18)
	/home/mariell/go/pkg/mod/github.com/centrifugal/centrifuge@v0.33.3/internal/dissolve/dissolve.go:52 +0x27
created by github.com/centrifugal/centrifuge/internal/dissolve.(*Dissolver).Run in goroutine 17793
	/home/mariell/go/pkg/mod/github.com/centrifugal/centrifuge@v0.33.3/internal/dissolve/dissolve.go:31 +0x25

goroutine 19437 [sync.Cond.Wait]:
sync.runtime_notifyListWait(0xc0087b59d0, 0x18)
	/usr/lib/go/src/runtime/sema.go:597 +0x159
sync.(*Cond).Wait(0x0?)
	/usr/lib/go/src/sync/cond.go:71 +0x85
github.com/centrifugal/centrifuge/internal/dissolve.(*queueImpl).Wait(0xc010cb7030)
	/home/mariell/go/pkg/mod/github.com/centrifugal/centrifuge@v0.33.3/internal/dissolve/queue.go:139 +0x4a
github.com/centrifugal/centrifuge/internal/dissolve.(*Dissolver).runWorker(0xc00b173b18)
	/home/mariell/go/pkg/mod/github.com/centrifugal/centrifuge@v0.33.3/internal/dissolve/dissolve.go:52 +0x27
created by github.com/centrifugal/centrifuge/internal/dissolve.(*Dissolver).Run in goroutine 17793
	/home/mariell/go/pkg/mod/github.com/centrifugal/centrifuge@v0.33.3/internal/dissolve/dissolve.go:31 +0x25

goroutine 19438 [sync.Cond.Wait]:
sync.runtime_notifyListWait(0xc0087b59d0, 0x19)
	/usr/lib/go/src/runtime/sema.go:597 +0x159
sync.(*Cond).Wait(0x0?)
	/usr/lib/go/src/sync/cond.go:71 +0x85
github.com/centrifugal/centrifuge/internal/dissolve.(*queueImpl).Wait(0xc010cb7030)
	/home/mariell/go/pkg/mod/github.com/centrifugal/centrifuge@v0.33.3/internal/dissolve/queue.go:139 +0x4a
github.com/centrifugal/centrifuge/internal/dissolve.(*Dissolver).runWorker(0xc00b173b18)
	/home/mariell/go/pkg/mod/github.com/centrifugal/centrifuge@v0.33.3/internal/dissolve/dissolve.go:52 +0x27
created by github.com/centrifugal/centrifuge/internal/dissolve.(*Dissolver).Run in goroutine 17793
	/home/mariell/go/pkg/mod/github.com/centrifugal/centrifuge@v0.33.3/internal/dissolve/dissolve.go:31 +0x25

goroutine 19439 [sync.Cond.Wait]:
sync.runtime_notifyListWait(0xc0087b59d0, 0x1a)
	/usr/lib/go/src/runtime/sema.go:597 +0x159
sync.(*Cond).Wait(0x0?)
	/usr/lib/go/src/sync/cond.go:71 +0x85
github.com/centrifugal/centrifuge/internal/dissolve.(*queueImpl).Wait(0xc010cb7030)
	/home/mariell/go/pkg/mod/github.com/centrifugal/centrifuge@v0.33.3/internal/dissolve/queue.go:139 +0x4a
github.com/centrifugal/centrifuge/internal/dissolve.(*Dissolver).runWorker(0xc00b173b18)
	/home/mariell/go/pkg/mod/github.com/centrifugal/centrifuge@v0.33.3/internal/dissolve/dissolve.go:52 +0x27
created by github.com/centrifugal/centrifuge/internal/dissolve.(*Dissolver).Run in goroutine 17793
	/home/mariell/go/pkg/mod/github.com/centrifugal/centrifuge@v0.33.3/internal/dissolve/dissolve.go:31 +0x25

goroutine 19440 [sync.Cond.Wait]:
sync.runtime_notifyListWait(0xc0087b59d0, 0x1b)
	/usr/lib/go/src/runtime/sema.go:597 +0x159
sync.(*Cond).Wait(0x0?)
	/usr/lib/go/src/sync/cond.go:71 +0x85
github.com/centrifugal/centrifuge/internal/dissolve.(*queueImpl).Wait(0xc010cb7030)
	/home/mariell/go/pkg/mod/github.com/centrifugal/centrifuge@v0.33.3/internal/dissolve/queue.go:139 +0x4a
github.com/centrifugal/centrifuge/internal/dissolve.(*Dissolver).runWorker(0xc00b173b18)
	/home/mariell/go/pkg/mod/github.com/centrifugal/centrifuge@v0.33.3/internal/dissolve/dissolve.go:52 +0x27
created by github.com/centrifugal/centrifuge/internal/dissolve.(*Dissolver).Run in goroutine 17793
	/home/mariell/go/pkg/mod/github.com/centrifugal/centrifuge@v0.33.3/internal/dissolve/dissolve.go:31 +0x25

goroutine 19441 [sync.Cond.Wait]:
sync.runtime_notifyListWait(0xc0087b59d0, 0x1c)
	/usr/lib/go/src/runtime/sema.go:597 +0x159
sync.(*Cond).Wait(0x0?)
	/usr/lib/go/src/sync/cond.go:71 +0x85
github.com/centrifugal/centrifuge/internal/dissolve.(*queueImpl).Wait(0xc010cb7030)
	/home/mariell/go/pkg/mod/github.com/centrifugal/centrifuge@v0.33.3/internal/dissolve/queue.go:139 +0x4a
github.com/centrifugal/centrifuge/internal/dissolve.(*Dissolver).runWorker(0xc00b173b18)
	/home/mariell/go/pkg/mod/github.com/centrifugal/centrifuge@v0.33.3/internal/dissolve/dissolve.go:52 +0x27
created by github.com/centrifugal/centrifuge/internal/dissolve.(*Dissolver).Run in goroutine 17793
	/home/mariell/go/pkg/mod/github.com/centrifugal/centrifuge@v0.33.3/internal/dissolve/dissolve.go:31 +0x25

goroutine 19442 [sync.Cond.Wait]:
sync.runtime_notifyListWait(0xc0087b59d0, 0x1d)
	/usr/lib/go/src/runtime/sema.go:597 +0x159
sync.(*Cond).Wait(0x0?)
	/usr/lib/go/src/sync/cond.go:71 +0x85
github.com/centrifugal/centrifuge/internal/dissolve.(*queueImpl).Wait(0xc010cb7030)
	/home/mariell/go/pkg/mod/github.com/centrifugal/centrifuge@v0.33.3/internal/dissolve/queue.go:139 +0x4a
github.com/centrifugal/centrifuge/internal/dissolve.(*Dissolver).runWorker(0xc00b173b18)
	/home/mariell/go/pkg/mod/github.com/centrifugal/centrifuge@v0.33.3/internal/dissolve/dissolve.go:52 +0x27
created by github.com/centrifugal/centrifuge/internal/dissolve.(*Dissolver).Run in goroutine 17793
	/home/mariell/go/pkg/mod/github.com/centrifugal/centrifuge@v0.33.3/internal/dissolve/dissolve.go:31 +0x25

goroutine 19443 [sync.Cond.Wait]:
sync.runtime_notifyListWait(0xc0087b59d0, 0x1e)
	/usr/lib/go/src/runtime/sema.go:597 +0x159
sync.(*Cond).Wait(0x0?)
	/usr/lib/go/src/sync/cond.go:71 +0x85
github.com/centrifugal/centrifuge/internal/dissolve.(*queueImpl).Wait(0xc010cb7030)
	/home/mariell/go/pkg/mod/github.com/centrifugal/centrifuge@v0.33.3/internal/dissolve/queue.go:139 +0x4a
github.com/centrifugal/centrifuge/internal/dissolve.(*Dissolver).runWorker(0xc00b173b18)
	/home/mariell/go/pkg/mod/github.com/centrifugal/centrifuge@v0.33.3/internal/dissolve/dissolve.go:52 +0x27
created by github.com/centrifugal/centrifuge/internal/dissolve.(*Dissolver).Run in goroutine 17793
	/home/mariell/go/pkg/mod/github.com/centrifugal/centrifuge@v0.33.3/internal/dissolve/dissolve.go:31 +0x25

goroutine 19444 [sync.Cond.Wait]:
sync.runtime_notifyListWait(0xc0087b59d0, 0x1f)
	/usr/lib/go/src/runtime/sema.go:597 +0x159
sync.(*Cond).Wait(0x0?)
	/usr/lib/go/src/sync/cond.go:71 +0x85
github.com/centrifugal/centrifuge/internal/dissolve.(*queueImpl).Wait(0xc010cb7030)
	/home/mariell/go/pkg/mod/github.com/centrifugal/centrifuge@v0.33.3/internal/dissolve/queue.go:139 +0x4a
github.com/centrifugal/centrifuge/internal/dissolve.(*Dissolver).runWorker(0xc00b173b18)
	/home/mariell/go/pkg/mod/github.com/centrifugal/centrifuge@v0.33.3/internal/dissolve/dissolve.go:52 +0x27
created by github.com/centrifugal/centrifuge/internal/dissolve.(*Dissolver).Run in goroutine 17793
	/home/mariell/go/pkg/mod/github.com/centrifugal/centrifuge@v0.33.3/internal/dissolve/dissolve.go:31 +0x25

goroutine 19445 [sync.Cond.Wait]:
sync.runtime_notifyListWait(0xc0087b59d0, 0x20)
	/usr/lib/go/src/runtime/sema.go:597 +0x159
sync.(*Cond).Wait(0x0?)
	/usr/lib/go/src/sync/cond.go:71 +0x85
github.com/centrifugal/centrifuge/internal/dissolve.(*queueImpl).Wait(0xc010cb7030)
	/home/mariell/go/pkg/mod/github.com/centrifugal/centrifuge@v0.33.3/internal/dissolve/queue.go:139 +0x4a
github.com/centrifugal/centrifuge/internal/dissolve.(*Dissolver).runWorker(0xc00b173b18)
	/home/mariell/go/pkg/mod/github.com/centrifugal/centrifuge@v0.33.3/internal/dissolve/dissolve.go:52 +0x27
created by github.com/centrifugal/centrifuge/internal/dissolve.(*Dissolver).Run in goroutine 17793
	/home/mariell/go/pkg/mod/github.com/centrifugal/centrifuge@v0.33.3/internal/dissolve/dissolve.go:31 +0x25

goroutine 19446 [sync.Cond.Wait]:
sync.runtime_notifyListWait(0xc0087b59d0, 0x21)
	/usr/lib/go/src/runtime/sema.go:597 +0x159
sync.(*Cond).Wait(0x0?)
	/usr/lib/go/src/sync/cond.go:71 +0x85
github.com/centrifugal/centrifuge/internal/dissolve.(*queueImpl).Wait(0xc010cb7030)
	/home/mariell/go/pkg/mod/github.com/centrifugal/centrifuge@v0.33.3/internal/dissolve/queue.go:139 +0x4a
github.com/centrifugal/centrifuge/internal/dissolve.(*Dissolver).runWorker(0xc00b173b18)
	/home/mariell/go/pkg/mod/github.com/centrifugal/centrifuge@v0.33.3/internal/dissolve/dissolve.go:52 +0x27
created by github.com/centrifugal/centrifuge/internal/dissolve.(*Dissolver).Run in goroutine 17793
	/home/mariell/go/pkg/mod/github.com/centrifugal/centrifuge@v0.33.3/internal/dissolve/dissolve.go:31 +0x25

goroutine 19447 [sync.Cond.Wait]:
sync.runtime_notifyListWait(0xc0087b59d0, 0x22)
	/usr/lib/go/src/runtime/sema.go:597 +0x159
sync.(*Cond).Wait(0x0?)
	/usr/lib/go/src/sync/cond.go:71 +0x85
github.com/centrifugal/centrifuge/internal/dissolve.(*queueImpl).Wait(0xc010cb7030)
	/home/mariell/go/pkg/mod/github.com/centrifugal/centrifuge@v0.33.3/internal/dissolve/queue.go:139 +0x4a
github.com/centrifugal/centrifuge/internal/dissolve.(*Dissolver).runWorker(0xc00b173b18)
	/home/mariell/go/pkg/mod/github.com/centrifugal/centrifuge@v0.33.3/internal/dissolve/dissolve.go:52 +0x27
created by github.com/centrifugal/centrifuge/internal/dissolve.(*Dissolver).Run in goroutine 17793
	/home/mariell/go/pkg/mod/github.com/centrifugal/centrifuge@v0.33.3/internal/dissolve/dissolve.go:31 +0x25

goroutine 19448 [sync.Cond.Wait]:
sync.runtime_notifyListWait(0xc0087b59d0, 0x0)
	/usr/lib/go/src/runtime/sema.go:597 +0x159
sync.(*Cond).Wait(0x0?)
	/usr/lib/go/src/sync/cond.go:71 +0x85
github.com/centrifugal/centrifuge/internal/dissolve.(*queueImpl).Wait(0xc010cb7030)
	/home/mariell/go/pkg/mod/github.com/centrifugal/centrifuge@v0.33.3/internal/dissolve/queue.go:139 +0x4a
github.com/centrifugal/centrifuge/internal/dissolve.(*Dissolver).runWorker(0xc00b173b18)
	/home/mariell/go/pkg/mod/github.com/centrifugal/centrifuge@v0.33.3/internal/dissolve/dissolve.go:52 +0x27
created by github.com/centrifugal/centrifuge/internal/dissolve.(*Dissolver).Run in goroutine 17793
	/home/mariell/go/pkg/mod/github.com/centrifugal/centrifuge@v0.33.3/internal/dissolve/dissolve.go:31 +0x25

goroutine 19449 [sync.Cond.Wait]:
sync.runtime_notifyListWait(0xc0087b59d0, 0x24)
	/usr/lib/go/src/runtime/sema.go:597 +0x159
sync.(*Cond).Wait(0x0?)
	/usr/lib/go/src/sync/cond.go:71 +0x85
github.com/centrifugal/centrifuge/internal/dissolve.(*queueImpl).Wait(0xc010cb7030)
	/home/mariell/go/pkg/mod/github.com/centrifugal/centrifuge@v0.33.3/internal/dissolve/queue.go:139 +0x4a
github.com/centrifugal/centrifuge/internal/dissolve.(*Dissolver).runWorker(0xc00b173b18)
	/home/mariell/go/pkg/mod/github.com/centrifugal/centrifuge@v0.33.3/internal/dissolve/dissolve.go:52 +0x27
created by github.com/centrifugal/centrifuge/internal/dissolve.(*Dissolver).Run in goroutine 17793
	/home/mariell/go/pkg/mod/github.com/centrifugal/centrifuge@v0.33.3/internal/dissolve/dissolve.go:31 +0x25

goroutine 19450 [sync.Cond.Wait]:
sync.runtime_notifyListWait(0xc0087b59d0, 0x25)
	/usr/lib/go/src/runtime/sema.go:597 +0x159
sync.(*Cond).Wait(0x0?)
	/usr/lib/go/src/sync/cond.go:71 +0x85
github.com/centrifugal/centrifuge/internal/dissolve.(*queueImpl).Wait(0xc010cb7030)
	/home/mariell/go/pkg/mod/github.com/centrifugal/centrifuge@v0.33.3/internal/dissolve/queue.go:139 +0x4a
github.com/centrifugal/centrifuge/internal/dissolve.(*Dissolver).runWorker(0xc00b173b18)
	/home/mariell/go/pkg/mod/github.com/centrifugal/centrifuge@v0.33.3/internal/dissolve/dissolve.go:52 +0x27
created by github.com/centrifugal/centrifuge/internal/dissolve.(*Dissolver).Run in goroutine 17793
	/home/mariell/go/pkg/mod/github.com/centrifugal/centrifuge@v0.33.3/internal/dissolve/dissolve.go:31 +0x25

goroutine 19451 [sync.Cond.Wait]:
sync.runtime_notifyListWait(0xc0087b59d0, 0x26)
	/usr/lib/go/src/runtime/sema.go:597 +0x159
sync.(*Cond).Wait(0x6f4373656372756f?)
	/usr/lib/go/src/sync/cond.go:71 +0x85
github.com/centrifugal/centrifuge/internal/dissolve.(*queueImpl).Wait(0xc010cb7030)
	/home/mariell/go/pkg/mod/github.com/centrifugal/centrifuge@v0.33.3/internal/dissolve/queue.go:139 +0x4a
github.com/centrifugal/centrifuge/internal/dissolve.(*Dissolver).runWorker(0xc00b173b18)
	/home/mariell/go/pkg/mod/github.com/centrifugal/centrifuge@v0.33.3/internal/dissolve/dissolve.go:52 +0x27
created by github.com/centrifugal/centrifuge/internal/dissolve.(*Dissolver).Run in goroutine 17793
	/home/mariell/go/pkg/mod/github.com/centrifugal/centrifuge@v0.33.3/internal/dissolve/dissolve.go:31 +0x25

goroutine 19452 [sync.Cond.Wait]:
sync.runtime_notifyListWait(0xc0087b59d0, 0x27)
	/usr/lib/go/src/runtime/sema.go:597 +0x159
sync.(*Cond).Wait(0x7d2020202020206e?)
	/usr/lib/go/src/sync/cond.go:71 +0x85
github.com/centrifugal/centrifuge/internal/dissolve.(*queueImpl).Wait(0xc010cb7030)
	/home/mariell/go/pkg/mod/github.com/centrifugal/centrifuge@v0.33.3/internal/dissolve/queue.go:139 +0x4a
github.com/centrifugal/centrifuge/internal/dissolve.(*Dissolver).runWorker(0xc00b173b18)
	/home/mariell/go/pkg/mod/github.com/centrifugal/centrifuge@v0.33.3/internal/dissolve/dissolve.go:52 +0x27
created by github.com/centrifugal/centrifuge/internal/dissolve.(*Dissolver).Run in goroutine 17793
	/home/mariell/go/pkg/mod/github.com/centrifugal/centrifuge@v0.33.3/internal/dissolve/dissolve.go:31 +0x25

goroutine 19453 [sync.Cond.Wait]:
sync.runtime_notifyListWait(0xc0087b59d0, 0x28)
	/usr/lib/go/src/runtime/sema.go:597 +0x159
sync.(*Cond).Wait(0x6f7040225c203a74?)
	/usr/lib/go/src/sync/cond.go:71 +0x85
github.com/centrifugal/centrifuge/internal/dissolve.(*queueImpl).Wait(0xc010cb7030)
	/home/mariell/go/pkg/mod/github.com/centrifugal/centrifuge@v0.33.3/internal/dissolve/queue.go:139 +0x4a
github.com/centrifugal/centrifuge/internal/dissolve.(*Dissolver).runWorker(0xc00b173b18)
	/home/mariell/go/pkg/mod/github.com/centrifugal/centrifuge@v0.33.3/internal/dissolve/dissolve.go:52 +0x27
created by github.com/centrifugal/centrifuge/internal/dissolve.(*Dissolver).Run in goroutine 17793
	/home/mariell/go/pkg/mod/github.com/centrifugal/centrifuge@v0.33.3/internal/dissolve/dissolve.go:31 +0x25

goroutine 19454 [sync.Cond.Wait]:
sync.runtime_notifyListWait(0xc0087b59d0, 0x29)
	/usr/lib/go/src/runtime/sema.go:597 +0x159
sync.(*Cond).Wait(0x0?)
	/usr/lib/go/src/sync/cond.go:71 +0x85
github.com/centrifugal/centrifuge/internal/dissolve.(*queueImpl).Wait(0xc010cb7030)
	/home/mariell/go/pkg/mod/github.com/centrifugal/centrifuge@v0.33.3/internal/dissolve/queue.go:139 +0x4a
github.com/centrifugal/centrifuge/internal/dissolve.(*Dissolver).runWorker(0xc00b173b18)
	/home/mariell/go/pkg/mod/github.com/centrifugal/centrifuge@v0.33.3/internal/dissolve/dissolve.go:52 +0x27
created by github.com/centrifugal/centrifuge/internal/dissolve.(*Dissolver).Run in goroutine 17793
	/home/mariell/go/pkg/mod/github.com/centrifugal/centrifuge@v0.33.3/internal/dissolve/dissolve.go:31 +0x25

goroutine 19455 [sync.Cond.Wait]:
sync.runtime_notifyListWait(0xc0087b59d0, 0x2a)
	/usr/lib/go/src/runtime/sema.go:597 +0x159
sync.(*Cond).Wait(0x0?)
	/usr/lib/go/src/sync/cond.go:71 +0x85
github.com/centrifugal/centrifuge/internal/dissolve.(*queueImpl).Wait(0xc010cb7030)
	/home/mariell/go/pkg/mod/github.com/centrifugal/centrifuge@v0.33.3/internal/dissolve/queue.go:139 +0x4a
github.com/centrifugal/centrifuge/internal/dissolve.(*Dissolver).runWorker(0xc00b173b18)
	/home/mariell/go/pkg/mod/github.com/centrifugal/centrifuge@v0.33.3/internal/dissolve/dissolve.go:52 +0x27
created by github.com/centrifugal/centrifuge/internal/dissolve.(*Dissolver).Run in goroutine 17793
	/home/mariell/go/pkg/mod/github.com/centrifugal/centrifuge@v0.33.3/internal/dissolve/dissolve.go:31 +0x25

goroutine 19456 [sync.Cond.Wait]:
sync.runtime_notifyListWait(0xc0087b59d0, 0x2b)
	/usr/lib/go/src/runtime/sema.go:597 +0x159
sync.(*Cond).Wait(0x0?)
	/usr/lib/go/src/sync/cond.go:71 +0x85
github.com/centrifugal/centrifuge/internal/dissolve.(*queueImpl).Wait(0xc010cb7030)
	/home/mariell/go/pkg/mod/github.com/centrifugal/centrifuge@v0.33.3/internal/dissolve/queue.go:139 +0x4a
github.com/centrifugal/centrifuge/internal/dissolve.(*Dissolver).runWorker(0xc00b173b18)
	/home/mariell/go/pkg/mod/github.com/centrifugal/centrifuge@v0.33.3/internal/dissolve/dissolve.go:52 +0x27
created by github.com/centrifugal/centrifuge/internal/dissolve.(*Dissolver).Run in goroutine 17793
	/home/mariell/go/pkg/mod/github.com/centrifugal/centrifuge@v0.33.3/internal/dissolve/dissolve.go:31 +0x25

goroutine 19457 [sync.Cond.Wait]:
sync.runtime_notifyListWait(0xc0087b59d0, 0x2c)
	/usr/lib/go/src/runtime/sema.go:597 +0x159
sync.(*Cond).Wait(0x0?)
	/usr/lib/go/src/sync/cond.go:71 +0x85
github.com/centrifugal/centrifuge/internal/dissolve.(*queueImpl).Wait(0xc010cb7030)
	/home/mariell/go/pkg/mod/github.com/centrifugal/centrifuge@v0.33.3/internal/dissolve/queue.go:139 +0x4a
github.com/centrifugal/centrifuge/internal/dissolve.(*Dissolver).runWorker(0xc00b173b18)
	/home/mariell/go/pkg/mod/github.com/centrifugal/centrifuge@v0.33.3/internal/dissolve/dissolve.go:52 +0x27
created by github.com/centrifugal/centrifuge/internal/dissolve.(*Dissolver).Run in goroutine 17793
	/home/mariell/go/pkg/mod/github.com/centrifugal/centrifuge@v0.33.3/internal/dissolve/dissolve.go:31 +0x25

goroutine 19458 [sync.Cond.Wait]:
sync.runtime_notifyListWait(0xc0087b59d0, 0x2d)
	/usr/lib/go/src/runtime/sema.go:597 +0x159
sync.(*Cond).Wait(0x0?)
	/usr/lib/go/src/sync/cond.go:71 +0x85
github.com/centrifugal/centrifuge/internal/dissolve.(*queueImpl).Wait(0xc010cb7030)
	/home/mariell/go/pkg/mod/github.com/centrifugal/centrifuge@v0.33.3/internal/dissolve/queue.go:139 +0x4a
github.com/centrifugal/centrifuge/internal/dissolve.(*Dissolver).runWorker(0xc00b173b18)
	/home/mariell/go/pkg/mod/github.com/centrifugal/centrifuge@v0.33.3/internal/dissolve/dissolve.go:52 +0x27
created by github.com/centrifugal/centrifuge/internal/dissolve.(*Dissolver).Run in goroutine 17793
	/home/mariell/go/pkg/mod/github.com/centrifugal/centrifuge@v0.33.3/internal/dissolve/dissolve.go:31 +0x25

goroutine 19459 [sync.Cond.Wait]:
sync.runtime_notifyListWait(0xc0087b59d0, 0x2e)
	/usr/lib/go/src/runtime/sema.go:597 +0x159
sync.(*Cond).Wait(0x0?)
	/usr/lib/go/src/sync/cond.go:71 +0x85
github.com/centrifugal/centrifuge/internal/dissolve.(*queueImpl).Wait(0xc010cb7030)
	/home/mariell/go/pkg/mod/github.com/centrifugal/centrifuge@v0.33.3/internal/dissolve/queue.go:139 +0x4a
github.com/centrifugal/centrifuge/internal/dissolve.(*Dissolver).runWorker(0xc00b173b18)
	/home/mariell/go/pkg/mod/github.com/centrifugal/centrifuge@v0.33.3/internal/dissolve/dissolve.go:52 +0x27
created by github.com/centrifugal/centrifuge/internal/dissolve.(*Dissolver).Run in goroutine 17793
	/home/mariell/go/pkg/mod/github.com/centrifugal/centrifuge@v0.33.3/internal/dissolve/dissolve.go:31 +0x25

goroutine 19460 [sync.Cond.Wait]:
sync.runtime_notifyListWait(0xc0087b59d0, 0x2f)
	/usr/lib/go/src/runtime/sema.go:597 +0x159
sync.(*Cond).Wait(0x0?)
	/usr/lib/go/src/sync/cond.go:71 +0x85
github.com/centrifugal/centrifuge/internal/dissolve.(*queueImpl).Wait(0xc010cb7030)
	/home/mariell/go/pkg/mod/github.com/centrifugal/centrifuge@v0.33.3/internal/dissolve/queue.go:139 +0x4a
github.com/centrifugal/centrifuge/internal/dissolve.(*Dissolver).runWorker(0xc00b173b18)
	/home/mariell/go/pkg/mod/github.com/centrifugal/centrifuge@v0.33.3/internal/dissolve/dissolve.go:52 +0x27
created by github.com/centrifugal/centrifuge/internal/dissolve.(*Dissolver).Run in goroutine 17793
	/home/mariell/go/pkg/mod/github.com/centrifugal/centrifuge@v0.33.3/internal/dissolve/dissolve.go:31 +0x25

goroutine 19461 [sync.Cond.Wait]:
sync.runtime_notifyListWait(0xc0087b59d0, 0x30)
	/usr/lib/go/src/runtime/sema.go:597 +0x159
sync.(*Cond).Wait(0x0?)
	/usr/lib/go/src/sync/cond.go:71 +0x85
github.com/centrifugal/centrifuge/internal/dissolve.(*queueImpl).Wait(0xc010cb7030)
	/home/mariell/go/pkg/mod/github.com/centrifugal/centrifuge@v0.33.3/internal/dissolve/queue.go:139 +0x4a
github.com/centrifugal/centrifuge/internal/dissolve.(*Dissolver).runWorker(0xc00b173b18)
	/home/mariell/go/pkg/mod/github.com/centrifugal/centrifuge@v0.33.3/internal/dissolve/dissolve.go:52 +0x27
created by github.com/centrifugal/centrifuge/internal/dissolve.(*Dissolver).Run in goroutine 17793
	/home/mariell/go/pkg/mod/github.com/centrifugal/centrifuge@v0.33.3/internal/dissolve/dissolve.go:31 +0x25

goroutine 19462 [sync.Cond.Wait]:
sync.runtime_notifyListWait(0xc0087b59d0, 0x31)
	/usr/lib/go/src/runtime/sema.go:597 +0x159
sync.(*Cond).Wait(0x0?)
	/usr/lib/go/src/sync/cond.go:71 +0x85
github.com/centrifugal/centrifuge/internal/dissolve.(*queueImpl).Wait(0xc010cb7030)
	/home/mariell/go/pkg/mod/github.com/centrifugal/centrifuge@v0.33.3/internal/dissolve/queue.go:139 +0x4a
github.com/centrifugal/centrifuge/internal/dissolve.(*Dissolver).runWorker(0xc00b173b18)
	/home/mariell/go/pkg/mod/github.com/centrifugal/centrifuge@v0.33.3/internal/dissolve/dissolve.go:52 +0x27
created by github.com/centrifugal/centrifuge/internal/dissolve.(*Dissolver).Run in goroutine 17793
	/home/mariell/go/pkg/mod/github.com/centrifugal/centrifuge@v0.33.3/internal/dissolve/dissolve.go:31 +0x25

goroutine 19463 [sync.Cond.Wait]:
sync.runtime_notifyListWait(0xc0087b59d0, 0x32)
	/usr/lib/go/src/runtime/sema.go:597 +0x159
sync.(*Cond).Wait(0x0?)
	/usr/lib/go/src/sync/cond.go:71 +0x85
github.com/centrifugal/centrifuge/internal/dissolve.(*queueImpl).Wait(0xc010cb7030)
	/home/mariell/go/pkg/mod/github.com/centrifugal/centrifuge@v0.33.3/internal/dissolve/queue.go:139 +0x4a
github.com/centrifugal/centrifuge/internal/dissolve.(*Dissolver).runWorker(0xc00b173b18)
	/home/mariell/go/pkg/mod/github.com/centrifugal/centrifuge@v0.33.3/internal/dissolve/dissolve.go:52 +0x27
created by github.com/centrifugal/centrifuge/internal/dissolve.(*Dissolver).Run in goroutine 17793
	/home/mariell/go/pkg/mod/github.com/centrifugal/centrifuge@v0.33.3/internal/dissolve/dissolve.go:31 +0x25

goroutine 19464 [sync.Cond.Wait]:
sync.runtime_notifyListWait(0xc0087b59d0, 0x33)
	/usr/lib/go/src/runtime/sema.go:597 +0x159
sync.(*Cond).Wait(0x0?)
	/usr/lib/go/src/sync/cond.go:71 +0x85
github.com/centrifugal/centrifuge/internal/dissolve.(*queueImpl).Wait(0xc010cb7030)
	/home/mariell/go/pkg/mod/github.com/centrifugal/centrifuge@v0.33.3/internal/dissolve/queue.go:139 +0x4a
github.com/centrifugal/centrifuge/internal/dissolve.(*Dissolver).runWorker(0xc00b173b18)
	/home/mariell/go/pkg/mod/github.com/centrifugal/centrifuge@v0.33.3/internal/dissolve/dissolve.go:52 +0x27
created by github.com/centrifugal/centrifuge/internal/dissolve.(*Dissolver).Run in goroutine 17793
	/home/mariell/go/pkg/mod/github.com/centrifugal/centrifuge@v0.33.3/internal/dissolve/dissolve.go:31 +0x25

goroutine 19465 [sync.Cond.Wait]:
sync.runtime_notifyListWait(0xc0087b59d0, 0x34)
	/usr/lib/go/src/runtime/sema.go:597 +0x159
sync.(*Cond).Wait(0x0?)
	/usr/lib/go/src/sync/cond.go:71 +0x85
github.com/centrifugal/centrifuge/internal/dissolve.(*queueImpl).Wait(0xc010cb7030)
	/home/mariell/go/pkg/mod/github.com/centrifugal/centrifuge@v0.33.3/internal/dissolve/queue.go:139 +0x4a
github.com/centrifugal/centrifuge/internal/dissolve.(*Dissolver).runWorker(0xc00b173b18)
	/home/mariell/go/pkg/mod/github.com/centrifugal/centrifuge@v0.33.3/internal/dissolve/dissolve.go:52 +0x27
created by github.com/centrifugal/centrifuge/internal/dissolve.(*Dissolver).Run in goroutine 17793
	/home/mariell/go/pkg/mod/github.com/centrifugal/centrifuge@v0.33.3/internal/dissolve/dissolve.go:31 +0x25

goroutine 19466 [sync.Cond.Wait]:
sync.runtime_notifyListWait(0xc0087b59d0, 0x35)
	/usr/lib/go/src/runtime/sema.go:597 +0x159
sync.(*Cond).Wait(0x0?)
	/usr/lib/go/src/sync/cond.go:71 +0x85
github.com/centrifugal/centrifuge/internal/dissolve.(*queueImpl).Wait(0xc010cb7030)
	/home/mariell/go/pkg/mod/github.com/centrifugal/centrifuge@v0.33.3/internal/dissolve/queue.go:139 +0x4a
github.com/centrifugal/centrifuge/internal/dissolve.(*Dissolver).runWorker(0xc00b173b18)
	/home/mariell/go/pkg/mod/github.com/centrifugal/centrifuge@v0.33.3/internal/dissolve/dissolve.go:52 +0x27
created by github.com/centrifugal/centrifuge/internal/dissolve.(*Dissolver).Run in goroutine 17793
	/home/mariell/go/pkg/mod/github.com/centrifugal/centrifuge@v0.33.3/internal/dissolve/dissolve.go:31 +0x25

goroutine 19467 [sync.Cond.Wait]:
sync.runtime_notifyListWait(0xc0087b59d0, 0x23)
	/usr/lib/go/src/runtime/sema.go:597 +0x159
sync.(*Cond).Wait(0x5c5c5c306e577776?)
	/usr/lib/go/src/sync/cond.go:71 +0x85
github.com/centrifugal/centrifuge/internal/dissolve.(*queueImpl).Wait(0xc010cb7030)
	/home/mariell/go/pkg/mod/github.com/centrifugal/centrifuge@v0.33.3/internal/dissolve/queue.go:139 +0x4a
github.com/centrifugal/centrifuge/internal/dissolve.(*Dissolver).runWorker(0xc00b173b18)
	/home/mariell/go/pkg/mod/github.com/centrifugal/centrifuge@v0.33.3/internal/dissolve/dissolve.go:52 +0x27
created by github.com/centrifugal/centrifuge/internal/dissolve.(*Dissolver).Run in goroutine 17793
	/home/mariell/go/pkg/mod/github.com/centrifugal/centrifuge@v0.33.3/internal/dissolve/dissolve.go:31 +0x25

goroutine 19468 [sync.Cond.Wait]:
sync.runtime_notifyListWait(0xc0087b59d0, 0x37)
	/usr/lib/go/src/runtime/sema.go:597 +0x159
sync.(*Cond).Wait(0x756f645f676e6972?)
	/usr/lib/go/src/sync/cond.go:71 +0x85
github.com/centrifugal/centrifuge/internal/dissolve.(*queueImpl).Wait(0xc010cb7030)
	/home/mariell/go/pkg/mod/github.com/centrifugal/centrifuge@v0.33.3/internal/dissolve/queue.go:139 +0x4a
github.com/centrifugal/centrifuge/internal/dissolve.(*Dissolver).runWorker(0xc00b173b18)
	/home/mariell/go/pkg/mod/github.com/centrifugal/centrifuge@v0.33.3/internal/dissolve/dissolve.go:52 +0x27
created by github.com/centrifugal/centrifuge/internal/dissolve.(*Dissolver).Run in goroutine 17793
	/home/mariell/go/pkg/mod/github.com/centrifugal/centrifuge@v0.33.3/internal/dissolve/dissolve.go:31 +0x25

goroutine 19469 [sync.Cond.Wait]:
sync.runtime_notifyListWait(0xc0087b59d0, 0x38)
	/usr/lib/go/src/runtime/sema.go:597 +0x159
sync.(*Cond).Wait(0x0?)
	/usr/lib/go/src/sync/cond.go:71 +0x85
github.com/centrifugal/centrifuge/internal/dissolve.(*queueImpl).Wait(0xc010cb7030)
	/home/mariell/go/pkg/mod/github.com/centrifugal/centrifuge@v0.33.3/internal/dissolve/queue.go:139 +0x4a
github.com/centrifugal/centrifuge/internal/dissolve.(*Dissolver).runWorker(0xc00b173b18)
	/home/mariell/go/pkg/mod/github.com/centrifugal/centrifuge@v0.33.3/internal/dissolve/dissolve.go:52 +0x27
created by github.com/centrifugal/centrifuge/internal/dissolve.(*Dissolver).Run in goroutine 17793
	/home/mariell/go/pkg/mod/github.com/centrifugal/centrifuge@v0.33.3/internal/dissolve/dissolve.go:31 +0x25

goroutine 19470 [sync.Cond.Wait]:
sync.runtime_notifyListWait(0xc0087b59d0, 0x39)
	/usr/lib/go/src/runtime/sema.go:597 +0x159
sync.(*Cond).Wait(0x0?)
	/usr/lib/go/src/sync/cond.go:71 +0x85
github.com/centrifugal/centrifuge/internal/dissolve.(*queueImpl).Wait(0xc010cb7030)
	/home/mariell/go/pkg/mod/github.com/centrifugal/centrifuge@v0.33.3/internal/dissolve/queue.go:139 +0x4a
github.com/centrifugal/centrifuge/internal/dissolve.(*Dissolver).runWorker(0xc00b173b18)
	/home/mariell/go/pkg/mod/github.com/centrifugal/centrifuge@v0.33.3/internal/dissolve/dissolve.go:52 +0x27
created by github.com/centrifugal/centrifuge/internal/dissolve.(*Dissolver).Run in goroutine 17793
	/home/mariell/go/pkg/mod/github.com/centrifugal/centrifuge@v0.33.3/internal/dissolve/dissolve.go:31 +0x25

goroutine 19471 [sync.Cond.Wait]:
sync.runtime_notifyListWait(0xc0087b59d0, 0x3a)
	/usr/lib/go/src/runtime/sema.go:597 +0x159
sync.(*Cond).Wait(0x0?)
	/usr/lib/go/src/sync/cond.go:71 +0x85
github.com/centrifugal/centrifuge/internal/dissolve.(*queueImpl).Wait(0xc010cb7030)
	/home/mariell/go/pkg/mod/github.com/centrifugal/centrifuge@v0.33.3/internal/dissolve/queue.go:139 +0x4a
github.com/centrifugal/centrifuge/internal/dissolve.(*Dissolver).runWorker(0xc00b173b18)
	/home/mariell/go/pkg/mod/github.com/centrifugal/centrifuge@v0.33.3/internal/dissolve/dissolve.go:52 +0x27
created by github.com/centrifugal/centrifuge/internal/dissolve.(*Dissolver).Run in goroutine 17793
	/home/mariell/go/pkg/mod/github.com/centrifugal/centrifuge@v0.33.3/internal/dissolve/dissolve.go:31 +0x25

goroutine 19472 [sync.Cond.Wait]:
sync.runtime_notifyListWait(0xc0087b59d0, 0x3b)
	/usr/lib/go/src/runtime/sema.go:597 +0x159
sync.(*Cond).Wait(0x0?)
	/usr/lib/go/src/sync/cond.go:71 +0x85
github.com/centrifugal/centrifuge/internal/dissolve.(*queueImpl).Wait(0xc010cb7030)
	/home/mariell/go/pkg/mod/github.com/centrifugal/centrifuge@v0.33.3/internal/dissolve/queue.go:139 +0x4a
github.com/centrifugal/centrifuge/internal/dissolve.(*Dissolver).runWorker(0xc00b173b18)
	/home/mariell/go/pkg/mod/github.com/centrifugal/centrifuge@v0.33.3/internal/dissolve/dissolve.go:52 +0x27
created by github.com/centrifugal/centrifuge/internal/dissolve.(*Dissolver).Run in goroutine 17793
	/home/mariell/go/pkg/mod/github.com/centrifugal/centrifuge@v0.33.3/internal/dissolve/dissolve.go:31 +0x25

goroutine 19473 [sync.Cond.Wait]:
sync.runtime_notifyListWait(0xc0087b59d0, 0x3c)
	/usr/lib/go/src/runtime/sema.go:597 +0x159
sync.(*Cond).Wait(0x0?)
	/usr/lib/go/src/sync/cond.go:71 +0x85
github.com/centrifugal/centrifuge/internal/dissolve.(*queueImpl).Wait(0xc010cb7030)
	/home/mariell/go/pkg/mod/github.com/centrifugal/centrifuge@v0.33.3/internal/dissolve/queue.go:139 +0x4a
github.com/centrifugal/centrifuge/internal/dissolve.(*Dissolver).runWorker(0xc00b173b18)
	/home/mariell/go/pkg/mod/github.com/centrifugal/centrifuge@v0.33.3/internal/dissolve/dissolve.go:52 +0x27
created by github.com/centrifugal/centrifuge/internal/dissolve.(*Dissolver).Run in goroutine 17793
	/home/mariell/go/pkg/mod/github.com/centrifugal/centrifuge@v0.33.3/internal/dissolve/dissolve.go:31 +0x25

goroutine 19474 [sync.Cond.Wait]:
sync.runtime_notifyListWait(0xc0087b59d0, 0x3d)
	/usr/lib/go/src/runtime/sema.go:597 +0x159
sync.(*Cond).Wait(0x0?)
	/usr/lib/go/src/sync/cond.go:71 +0x85
github.com/centrifugal/centrifuge/internal/dissolve.(*queueImpl).Wait(0xc010cb7030)
	/home/mariell/go/pkg/mod/github.com/centrifugal/centrifuge@v0.33.3/internal/dissolve/queue.go:139 +0x4a
github.com/centrifugal/centrifuge/internal/dissolve.(*Dissolver).runWorker(0xc00b173b18)
	/home/mariell/go/pkg/mod/github.com/centrifugal/centrifuge@v0.33.3/internal/dissolve/dissolve.go:52 +0x27
created by github.com/centrifugal/centrifuge/internal/dissolve.(*Dissolver).Run in goroutine 17793
	/home/mariell/go/pkg/mod/github.com/centrifugal/centrifuge@v0.33.3/internal/dissolve/dissolve.go:31 +0x25

goroutine 19475 [sync.Cond.Wait]:
sync.runtime_notifyListWait(0xc0087b59d0, 0x3e)
	/usr/lib/go/src/runtime/sema.go:597 +0x159
sync.(*Cond).Wait(0x0?)
	/usr/lib/go/src/sync/cond.go:71 +0x85
github.com/centrifugal/centrifuge/internal/dissolve.(*queueImpl).Wait(0xc010cb7030)
	/home/mariell/go/pkg/mod/github.com/centrifugal/centrifuge@v0.33.3/internal/dissolve/queue.go:139 +0x4a
github.com/centrifugal/centrifuge/internal/dissolve.(*Dissolver).runWorker(0xc00b173b18)
	/home/mariell/go/pkg/mod/github.com/centrifugal/centrifuge@v0.33.3/internal/dissolve/dissolve.go:52 +0x27
created by github.com/centrifugal/centrifuge/internal/dissolve.(*Dissolver).Run in goroutine 17793
	/home/mariell/go/pkg/mod/github.com/centrifugal/centrifuge@v0.33.3/internal/dissolve/dissolve.go:31 +0x25

goroutine 19476 [sync.Cond.Wait]:
sync.runtime_notifyListWait(0xc0087b59d0, 0x3f)
	/usr/lib/go/src/runtime/sema.go:597 +0x159
sync.(*Cond).Wait(0x0?)
	/usr/lib/go/src/sync/cond.go:71 +0x85
github.com/centrifugal/centrifuge/internal/dissolve.(*queueImpl).Wait(0xc010cb7030)
	/home/mariell/go/pkg/mod/github.com/centrifugal/centrifuge@v0.33.3/internal/dissolve/queue.go:139 +0x4a
github.com/centrifugal/centrifuge/internal/dissolve.(*Dissolver).runWorker(0xc00b173b18)
	/home/mariell/go/pkg/mod/github.com/centrifugal/centrifuge@v0.33.3/internal/dissolve/dissolve.go:52 +0x27
created by github.com/centrifugal/centrifuge/internal/dissolve.(*Dissolver).Run in goroutine 17793
	/home/mariell/go/pkg/mod/github.com/centrifugal/centrifuge@v0.33.3/internal/dissolve/dissolve.go:31 +0x25

goroutine 19477 [sync.Cond.Wait]:
sync.runtime_notifyListWait(0xc0087b59d0, 0x36)
	/usr/lib/go/src/runtime/sema.go:597 +0x159
sync.(*Cond).Wait(0x0?)
	/usr/lib/go/src/sync/cond.go:71 +0x85
github.com/centrifugal/centrifuge/internal/dissolve.(*queueImpl).Wait(0xc010cb7030)
	/home/mariell/go/pkg/mod/github.com/centrifugal/centrifuge@v0.33.3/internal/dissolve/queue.go:139 +0x4a
github.com/centrifugal/centrifuge/internal/dissolve.(*Dissolver).runWorker(0xc00b173b18)
	/home/mariell/go/pkg/mod/github.com/centrifugal/centrifuge@v0.33.3/internal/dissolve/dissolve.go:52 +0x27
created by github.com/centrifugal/centrifuge/internal/dissolve.(*Dissolver).Run in goroutine 17793
	/home/mariell/go/pkg/mod/github.com/centrifugal/centrifuge@v0.33.3/internal/dissolve/dissolve.go:31 +0x25

goroutine 27445 [select]:
k8s.io/apimachinery/pkg/util/wait.BackoffUntil(0xc01364b000, {0xa95ac00, 0xc01168c3c0}, 0x1, 0xc01177d260)
	/home/mariell/go/pkg/mod/k8s.io/apimachinery@v0.32.1/pkg/util/wait/backoff.go:238 +0x12c
k8s.io/apimachinery/pkg/util/wait.JitterUntil(0xc01364b000, 0x3b9aca00, 0x3ff3333333333333, 0x1, 0xc01177d260)
	/home/mariell/go/pkg/mod/k8s.io/apimachinery@v0.32.1/pkg/util/wait/backoff.go:204 +0x7f
created by k8s.io/apiserver/pkg/registry/generic/registry.(*Store).startObservingCount in goroutine 24423
	/home/mariell/go/pkg/mod/k8s.io/apiserver@v0.32.1/pkg/registry/generic/registry/store.go:1666 +0x2f9

goroutine 37870 [sync.Cond.Wait]:
sync.runtime_notifyListWait(0xc01fe50bd0, 0x1)
	/usr/lib/go/src/runtime/sema.go:597 +0x159
sync.(*Cond).Wait(0xc01bea3fd0?)
	/usr/lib/go/src/sync/cond.go:71 +0x85
github.com/centrifugal/centrifuge/internal/dissolve.(*queueImpl).Wait(0xc00bf5ccb0)
	/home/mariell/go/pkg/mod/github.com/centrifugal/centrifuge@v0.33.3/internal/dissolve/queue.go:139 +0x4a
github.com/centrifugal/centrifuge/internal/dissolve.(*Dissolver).runWorker(0xc017ecc900)
	/home/mariell/go/pkg/mod/github.com/centrifugal/centrifuge@v0.33.3/internal/dissolve/dissolve.go:52 +0x27
created by github.com/centrifugal/centrifuge/internal/dissolve.(*Dissolver).Run in goroutine 37971
	/home/mariell/go/pkg/mod/github.com/centrifugal/centrifuge@v0.33.3/internal/dissolve/dissolve.go:31 +0x25

goroutine 33120 [sync.Cond.Wait]:
sync.runtime_notifyListWait(0xc019c7fcd0, 0x11)
	/usr/lib/go/src/runtime/sema.go:597 +0x159
sync.(*Cond).Wait(0x0?)
	/usr/lib/go/src/sync/cond.go:71 +0x85
github.com/centrifugal/centrifuge/internal/dissolve.(*queueImpl).Wait(0xc012092e00)
	/home/mariell/go/pkg/mod/github.com/centrifugal/centrifuge@v0.33.3/internal/dissolve/queue.go:139 +0x4a
github.com/centrifugal/centrifuge/internal/dissolve.(*Dissolver).runWorker(0xc01ba3c438)
	/home/mariell/go/pkg/mod/github.com/centrifugal/centrifuge@v0.33.3/internal/dissolve/dissolve.go:52 +0x27
created by github.com/centrifugal/centrifuge/internal/dissolve.(*Dissolver).Run in goroutine 31996
	/home/mariell/go/pkg/mod/github.com/centrifugal/centrifuge@v0.33.3/internal/dissolve/dissolve.go:31 +0x25

goroutine 33135 [sync.Cond.Wait]:
sync.runtime_notifyListWait(0xc019c7fcd0, 0x1d)
	/usr/lib/go/src/runtime/sema.go:597 +0x159
sync.(*Cond).Wait(0x0?)
	/usr/lib/go/src/sync/cond.go:71 +0x85
github.com/centrifugal/centrifuge/internal/dissolve.(*queueImpl).Wait(0xc012092e00)
	/home/mariell/go/pkg/mod/github.com/centrifugal/centrifuge@v0.33.3/internal/dissolve/queue.go:139 +0x4a
github.com/centrifugal/centrifuge/internal/dissolve.(*Dissolver).runWorker(0xc01ba3c438)
	/home/mariell/go/pkg/mod/github.com/centrifugal/centrifuge@v0.33.3/internal/dissolve/dissolve.go:52 +0x27
created by github.com/centrifugal/centrifuge/internal/dissolve.(*Dissolver).Run in goroutine 31996
	/home/mariell/go/pkg/mod/github.com/centrifugal/centrifuge@v0.33.3/internal/dissolve/dissolve.go:31 +0x25

goroutine 19534 [select]:
github.com/patrickmn/go-cache.(*janitor).Run(0xc00e9c8040, 0xc00e9cc000)
	/home/mariell/go/pkg/mod/github.com/patrickmn/go-cache@v2.1.0+incompatible/cache.go:1079 +0x7b
created by github.com/patrickmn/go-cache.runJanitor in goroutine 17793
	/home/mariell/go/pkg/mod/github.com/patrickmn/go-cache@v2.1.0+incompatible/cache.go:1099 +0xdb

goroutine 19540 [select]:
github.com/patrickmn/go-cache.(*janitor).Run(0xc00ea3e2c0, 0xc00ea40040)
	/home/mariell/go/pkg/mod/github.com/patrickmn/go-cache@v2.1.0+incompatible/cache.go:1079 +0x7b
created by github.com/patrickmn/go-cache.runJanitor in goroutine 17793
	/home/mariell/go/pkg/mod/github.com/patrickmn/go-cache@v2.1.0+incompatible/cache.go:1099 +0xdb

goroutine 19541 [select]:
github.com/patrickmn/go-cache.(*janitor).Run(0xc00ea3e400, 0xc00ea40100)
	/home/mariell/go/pkg/mod/github.com/patrickmn/go-cache@v2.1.0+incompatible/cache.go:1079 +0x7b
created by github.com/patrickmn/go-cache.runJanitor in goroutine 17793
	/home/mariell/go/pkg/mod/github.com/patrickmn/go-cache@v2.1.0+incompatible/cache.go:1099 +0xdb

goroutine 19542 [select]:
github.com/patrickmn/go-cache.(*janitor).Run(0xc00ea3e410, 0xc00ea40140)
	/home/mariell/go/pkg/mod/github.com/patrickmn/go-cache@v2.1.0+incompatible/cache.go:1079 +0x7b
created by github.com/patrickmn/go-cache.runJanitor in goroutine 17793
	/home/mariell/go/pkg/mod/github.com/patrickmn/go-cache@v2.1.0+incompatible/cache.go:1099 +0xdb

goroutine 19620 [select]:
github.com/patrickmn/go-cache.(*janitor).Run(0xc00ea68b70, 0xc00ea5f880)
	/home/mariell/go/pkg/mod/github.com/patrickmn/go-cache@v2.1.0+incompatible/cache.go:1079 +0x7b
created by github.com/patrickmn/go-cache.runJanitor in goroutine 17793
	/home/mariell/go/pkg/mod/github.com/patrickmn/go-cache@v2.1.0+incompatible/cache.go:1099 +0xdb

goroutine 19622 [select]:
github.com/patrickmn/go-cache.(*janitor).Run(0xc00ea69ad0, 0xc00ea8e0c0)
	/home/mariell/go/pkg/mod/github.com/patrickmn/go-cache@v2.1.0+incompatible/cache.go:1079 +0x7b
created by github.com/patrickmn/go-cache.runJanitor in goroutine 17793
	/home/mariell/go/pkg/mod/github.com/patrickmn/go-cache@v2.1.0+incompatible/cache.go:1099 +0xdb

goroutine 19818 [select]:
database/sql.(*DB).connectionOpener(0xc0078901a0, {0xa9d1d00, 0xc00eb1ac30})
	/usr/lib/go/src/database/sql/sql.go:1261 +0x87
created by database/sql.OpenDB in goroutine 19735
	/usr/lib/go/src/database/sql/sql.go:841 +0x130

goroutine 20971 [sync.Cond.Wait]:
sync.runtime_notifyListWait(0xc00b15c310, 0x20)
	/usr/lib/go/src/runtime/sema.go:597 +0x159
sync.(*Cond).Wait(0x0?)
	/usr/lib/go/src/sync/cond.go:71 +0x85
github.com/centrifugal/centrifuge/internal/dissolve.(*queueImpl).Wait(0xc00b2a7340)
	/home/mariell/go/pkg/mod/github.com/centrifugal/centrifuge@v0.33.3/internal/dissolve/queue.go:139 +0x4a
github.com/centrifugal/centrifuge/internal/dissolve.(*Dissolver).runWorker(0xc010c1ed20)
	/home/mariell/go/pkg/mod/github.com/centrifugal/centrifuge@v0.33.3/internal/dissolve/dissolve.go:52 +0x27
created by github.com/centrifugal/centrifuge/internal/dissolve.(*Dissolver).Run in goroutine 19735
	/home/mariell/go/pkg/mod/github.com/centrifugal/centrifuge@v0.33.3/internal/dissolve/dissolve.go:31 +0x25

goroutine 20962 [sync.Cond.Wait]:
sync.runtime_notifyListWait(0xc00b15c310, 0x17)
	/usr/lib/go/src/runtime/sema.go:597 +0x159
sync.(*Cond).Wait(0x0?)
	/usr/lib/go/src/sync/cond.go:71 +0x85
github.com/centrifugal/centrifuge/internal/dissolve.(*queueImpl).Wait(0xc00b2a7340)
	/home/mariell/go/pkg/mod/github.com/centrifugal/centrifuge@v0.33.3/internal/dissolve/queue.go:139 +0x4a
github.com/centrifugal/centrifuge/internal/dissolve.(*Dissolver).runWorker(0xc010c1ed20)
	/home/mariell/go/pkg/mod/github.com/centrifugal/centrifuge@v0.33.3/internal/dissolve/dissolve.go:52 +0x27
created by github.com/centrifugal/centrifuge/internal/dissolve.(*Dissolver).Run in goroutine 19735
	/home/mariell/go/pkg/mod/github.com/centrifugal/centrifuge@v0.33.3/internal/dissolve/dissolve.go:31 +0x25

goroutine 22428 [select]:
github.com/patrickmn/go-cache.(*janitor).Run(0xc00e5c05e0, 0xc00dd84140)
	/home/mariell/go/pkg/mod/github.com/patrickmn/go-cache@v2.1.0+incompatible/cache.go:1079 +0x7b
created by github.com/patrickmn/go-cache.runJanitor in goroutine 21352
	/home/mariell/go/pkg/mod/github.com/patrickmn/go-cache@v2.1.0+incompatible/cache.go:1099 +0xdb

goroutine 20987 [sync.Cond.Wait]:
sync.runtime_notifyListWait(0xc00b15c310, 0x0)
	/usr/lib/go/src/runtime/sema.go:597 +0x159
sync.(*Cond).Wait(0x0?)
	/usr/lib/go/src/sync/cond.go:71 +0x85
github.com/centrifugal/centrifuge/internal/dissolve.(*queueImpl).Wait(0xc00b2a7340)
	/home/mariell/go/pkg/mod/github.com/centrifugal/centrifuge@v0.33.3/internal/dissolve/queue.go:139 +0x4a
github.com/centrifugal/centrifuge/internal/dissolve.(*Dissolver).runWorker(0xc010c1ed20)
	/home/mariell/go/pkg/mod/github.com/centrifugal/centrifuge@v0.33.3/internal/dissolve/dissolve.go:52 +0x27
created by github.com/centrifugal/centrifuge/internal/dissolve.(*Dissolver).Run in goroutine 19735
	/home/mariell/go/pkg/mod/github.com/centrifugal/centrifuge@v0.33.3/internal/dissolve/dissolve.go:31 +0x25

goroutine 22467 [select]:
github.com/centrifugal/centrifuge.(*Node).initMetrics.func1()
	/home/mariell/go/pkg/mod/github.com/centrifugal/centrifuge@v0.33.3/node.go:365 +0x8a
created by github.com/centrifugal/centrifuge.(*Node).initMetrics in goroutine 21352
	/home/mariell/go/pkg/mod/github.com/centrifugal/centrifuge@v0.33.3/node.go:363 +0x1f9

goroutine 20945 [sync.Cond.Wait]:
sync.runtime_notifyListWait(0xc00b15c310, 0x16)
	/usr/lib/go/src/runtime/sema.go:597 +0x159
sync.(*Cond).Wait(0x0?)
	/usr/lib/go/src/sync/cond.go:71 +0x85
github.com/centrifugal/centrifuge/internal/dissolve.(*queueImpl).Wait(0xc00b2a7340)
	/home/mariell/go/pkg/mod/github.com/centrifugal/centrifuge@v0.33.3/internal/dissolve/queue.go:139 +0x4a
github.com/centrifugal/centrifuge/internal/dissolve.(*Dissolver).runWorker(0xc010c1ed20)
	/home/mariell/go/pkg/mod/github.com/centrifugal/centrifuge@v0.33.3/internal/dissolve/dissolve.go:52 +0x27
created by github.com/centrifugal/centrifuge/internal/dissolve.(*Dissolver).Run in goroutine 19735
	/home/mariell/go/pkg/mod/github.com/centrifugal/centrifuge@v0.33.3/internal/dissolve/dissolve.go:31 +0x25

goroutine 51319 [sync.Cond.Wait]:
sync.runtime_notifyListWait(0xc01afe9210, 0x4)
	/usr/lib/go/src/runtime/sema.go:597 +0x159
sync.(*Cond).Wait(0x0?)
	/usr/lib/go/src/sync/cond.go:71 +0x85
github.com/centrifugal/centrifuge/internal/dissolve.(*queueImpl).Wait(0xc020f245b0)
	/home/mariell/go/pkg/mod/github.com/centrifugal/centrifuge@v0.33.3/internal/dissolve/queue.go:139 +0x4a
github.com/centrifugal/centrifuge/internal/dissolve.(*Dissolver).runWorker(0xc02834aab0)
	/home/mariell/go/pkg/mod/github.com/centrifugal/centrifuge@v0.33.3/internal/dissolve/dissolve.go:52 +0x27
created by github.com/centrifugal/centrifuge/internal/dissolve.(*Dissolver).Run in goroutine 50170
	/home/mariell/go/pkg/mod/github.com/centrifugal/centrifuge@v0.33.3/internal/dissolve/dissolve.go:31 +0x25

goroutine 22914 [select]:
k8s.io/apimachinery/pkg/util/wait.BackoffUntil(0xc002149300, {0xa95ac00, 0xc00f204300}, 0x1, 0xc00f8d1730)
	/home/mariell/go/pkg/mod/k8s.io/apimachinery@v0.32.1/pkg/util/wait/backoff.go:238 +0x12c
k8s.io/apimachinery/pkg/util/wait.JitterUntil(0xc002149300, 0x3b9aca00, 0x3ff3333333333333, 0x1, 0xc00f8d1730)
	/home/mariell/go/pkg/mod/k8s.io/apimachinery@v0.32.1/pkg/util/wait/backoff.go:204 +0x7f
created by k8s.io/apiserver/pkg/registry/generic/registry.(*Store).startObservingCount in goroutine 22757
	/home/mariell/go/pkg/mod/k8s.io/apiserver@v0.32.1/pkg/registry/generic/registry/store.go:1666 +0x2f9

goroutine 20984 [sync.Cond.Wait]:
sync.runtime_notifyListWait(0xc00b15c310, 0x3d)
	/usr/lib/go/src/runtime/sema.go:597 +0x159
sync.(*Cond).Wait(0xc006724fd0?)
	/usr/lib/go/src/sync/cond.go:71 +0x85
github.com/centrifugal/centrifuge/internal/dissolve.(*queueImpl).Wait(0xc00b2a7340)
	/home/mariell/go/pkg/mod/github.com/centrifugal/centrifuge@v0.33.3/internal/dissolve/queue.go:139 +0x4a
github.com/centrifugal/centrifuge/internal/dissolve.(*Dissolver).runWorker(0xc010c1ed20)
	/home/mariell/go/pkg/mod/github.com/centrifugal/centrifuge@v0.33.3/internal/dissolve/dissolve.go:52 +0x27
created by github.com/centrifugal/centrifuge/internal/dissolve.(*Dissolver).Run in goroutine 19735
	/home/mariell/go/pkg/mod/github.com/centrifugal/centrifuge@v0.33.3/internal/dissolve/dissolve.go:31 +0x25

goroutine 21385 [select]:
net/http.(*persistConn).writeLoop(0xc0015f0240)
	/usr/lib/go/src/net/http/transport.go:2590 +0xe7
created by net/http.(*Transport).dialConn in goroutine 21379
	/usr/lib/go/src/net/http/transport.go:1945 +0x17a5

goroutine 22597 [select]:
github.com/patrickmn/go-cache.(*janitor).Run(0xc00e2519b0, 0xc003fc90c0)
	/home/mariell/go/pkg/mod/github.com/patrickmn/go-cache@v2.1.0+incompatible/cache.go:1079 +0x7b
created by github.com/patrickmn/go-cache.runJanitor in goroutine 21352
	/home/mariell/go/pkg/mod/github.com/patrickmn/go-cache@v2.1.0+incompatible/cache.go:1099 +0xdb

goroutine 20998 [sync.Cond.Wait]:
sync.runtime_notifyListWait(0xc00b15c310, 0xc)
	/usr/lib/go/src/runtime/sema.go:597 +0x159
sync.(*Cond).Wait(0xc006725fd0?)
	/usr/lib/go/src/sync/cond.go:71 +0x85
github.com/centrifugal/centrifuge/internal/dissolve.(*queueImpl).Wait(0xc00b2a7340)
	/home/mariell/go/pkg/mod/github.com/centrifugal/centrifuge@v0.33.3/internal/dissolve/queue.go:139 +0x4a
github.com/centrifugal/centrifuge/internal/dissolve.(*Dissolver).runWorker(0xc010c1ed20)
	/home/mariell/go/pkg/mod/github.com/centrifugal/centrifuge@v0.33.3/internal/dissolve/dissolve.go:52 +0x27
created by github.com/centrifugal/centrifuge/internal/dissolve.(*Dissolver).Run in goroutine 19735
	/home/mariell/go/pkg/mod/github.com/centrifugal/centrifuge@v0.33.3/internal/dissolve/dissolve.go:31 +0x25

goroutine 25558 [sync.Cond.Wait]:
sync.runtime_notifyListWait(0xc012bf5590, 0x1d)
	/usr/lib/go/src/runtime/sema.go:597 +0x159
sync.(*Cond).Wait(0x0?)
	/usr/lib/go/src/sync/cond.go:71 +0x85
github.com/centrifugal/centrifuge/internal/dissolve.(*queueImpl).Wait(0xc013b4b110)
	/home/mariell/go/pkg/mod/github.com/centrifugal/centrifuge@v0.33.3/internal/dissolve/queue.go:139 +0x4a
github.com/centrifugal/centrifuge/internal/dissolve.(*Dissolver).runWorker(0xc00faede18)
	/home/mariell/go/pkg/mod/github.com/centrifugal/centrifuge@v0.33.3/internal/dissolve/dissolve.go:52 +0x27
created by github.com/centrifugal/centrifuge/internal/dissolve.(*Dissolver).Run in goroutine 24436
	/home/mariell/go/pkg/mod/github.com/centrifugal/centrifuge@v0.33.3/internal/dissolve/dissolve.go:31 +0x25

goroutine 24018 [sync.Cond.Wait]:
sync.runtime_notifyListWait(0xc0142c1350, 0x11)
	/usr/lib/go/src/runtime/sema.go:597 +0x159
sync.(*Cond).Wait(0x0?)
	/usr/lib/go/src/sync/cond.go:71 +0x85
github.com/centrifugal/centrifuge/internal/dissolve.(*queueImpl).Wait(0xc012834b60)
	/home/mariell/go/pkg/mod/github.com/centrifugal/centrifuge@v0.33.3/internal/dissolve/queue.go:139 +0x4a
github.com/centrifugal/centrifuge/internal/dissolve.(*Dissolver).runWorker(0xc010117b90)
	/home/mariell/go/pkg/mod/github.com/centrifugal/centrifuge@v0.33.3/internal/dissolve/dissolve.go:52 +0x27
created by github.com/centrifugal/centrifuge/internal/dissolve.(*Dissolver).Run in goroutine 22319
	/home/mariell/go/pkg/mod/github.com/centrifugal/centrifuge@v0.33.3/internal/dissolve/dissolve.go:31 +0x25

goroutine 37947 [select]:
k8s.io/apimachinery/pkg/util/wait.BackoffUntil(0xc01ba30940, {0xa95ac00, 0xc01d4fad50}, 0x1, 0xc01f4e0700)
	/home/mariell/go/pkg/mod/k8s.io/apimachinery@v0.32.1/pkg/util/wait/backoff.go:238 +0x12c
k8s.io/apimachinery/pkg/util/wait.JitterUntil(0xc01ba30940, 0x3b9aca00, 0x3ff3333333333333, 0x1, 0xc01f4e0700)
	/home/mariell/go/pkg/mod/k8s.io/apimachinery@v0.32.1/pkg/util/wait/backoff.go:204 +0x7f
created by k8s.io/apiserver/pkg/registry/generic/registry.(*Store).startObservingCount in goroutine 34907
	/home/mariell/go/pkg/mod/k8s.io/apiserver@v0.32.1/pkg/registry/generic/registry/store.go:1666 +0x2f9

goroutine 39036 [sync.Cond.Wait]:
sync.runtime_notifyListWait(0xc01fe50bd0, 0x1d)
	/usr/lib/go/src/runtime/sema.go:597 +0x159
sync.(*Cond).Wait(0x100000000000000?)
	/usr/lib/go/src/sync/cond.go:71 +0x85
github.com/centrifugal/centrifuge/internal/dissolve.(*queueImpl).Wait(0xc00bf5ccb0)
	/home/mariell/go/pkg/mod/github.com/centrifugal/centrifuge@v0.33.3/internal/dissolve/queue.go:139 +0x4a
github.com/centrifugal/centrifuge/internal/dissolve.(*Dissolver).runWorker(0xc017ecc900)
	/home/mariell/go/pkg/mod/github.com/centrifugal/centrifuge@v0.33.3/internal/dissolve/dissolve.go:52 +0x27
created by github.com/centrifugal/centrifuge/internal/dissolve.(*Dissolver).Run in goroutine 37971
	/home/mariell/go/pkg/mod/github.com/centrifugal/centrifuge@v0.33.3/internal/dissolve/dissolve.go:31 +0x25

goroutine 22484 [sync.Cond.Wait]:
sync.runtime_notifyListWait(0xc00a914410, 0xe)
	/usr/lib/go/src/runtime/sema.go:597 +0x159
sync.(*Cond).Wait(0xc0070aa7d0?)
	/usr/lib/go/src/sync/cond.go:71 +0x85
github.com/centrifugal/centrifuge/internal/dissolve.(*queueImpl).Wait(0xc00de6dab0)
	/home/mariell/go/pkg/mod/github.com/centrifugal/centrifuge@v0.33.3/internal/dissolve/queue.go:139 +0x4a
github.com/centrifugal/centrifuge/internal/dissolve.(*Dissolver).runWorker(0xc00e20d1e8)
	/home/mariell/go/pkg/mod/github.com/centrifugal/centrifuge@v0.33.3/internal/dissolve/dissolve.go:52 +0x27
created by github.com/centrifugal/centrifuge/internal/dissolve.(*Dissolver).Run in goroutine 21352
	/home/mariell/go/pkg/mod/github.com/centrifugal/centrifuge@v0.33.3/internal/dissolve/dissolve.go:31 +0x25

goroutine 22487 [sync.Cond.Wait]:
sync.runtime_notifyListWait(0xc00a914410, 0x11)
	/usr/lib/go/src/runtime/sema.go:597 +0x159
sync.(*Cond).Wait(0x0?)
	/usr/lib/go/src/sync/cond.go:71 +0x85
github.com/centrifugal/centrifuge/internal/dissolve.(*queueImpl).Wait(0xc00de6dab0)
	/home/mariell/go/pkg/mod/github.com/centrifugal/centrifuge@v0.33.3/internal/dissolve/queue.go:139 +0x4a
github.com/centrifugal/centrifuge/internal/dissolve.(*Dissolver).runWorker(0xc00e20d1e8)
	/home/mariell/go/pkg/mod/github.com/centrifugal/centrifuge@v0.33.3/internal/dissolve/dissolve.go:52 +0x27
created by github.com/centrifugal/centrifuge/internal/dissolve.(*Dissolver).Run in goroutine 21352
	/home/mariell/go/pkg/mod/github.com/centrifugal/centrifuge@v0.33.3/internal/dissolve/dissolve.go:31 +0x25

goroutine 20931 [select]:
github.com/centrifugal/centrifuge.(*historyHub).expireStreams(0xc00b28d580)
	/home/mariell/go/pkg/mod/github.com/centrifugal/centrifuge@v0.33.3/broker_memory.go:298 +0x75
created by github.com/centrifugal/centrifuge.(*historyHub).runCleanups in goroutine 19735
	/home/mariell/go/pkg/mod/github.com/centrifugal/centrifuge@v0.33.3/broker_memory.go:252 +0x56

goroutine 25567 [sync.Cond.Wait]:
sync.runtime_notifyListWait(0xc012bf5590, 0x2d)
	/usr/lib/go/src/runtime/sema.go:597 +0x159
sync.(*Cond).Wait(0x0?)
	/usr/lib/go/src/sync/cond.go:71 +0x85
github.com/centrifugal/centrifuge/internal/dissolve.(*queueImpl).Wait(0xc013b4b110)
	/home/mariell/go/pkg/mod/github.com/centrifugal/centrifuge@v0.33.3/internal/dissolve/queue.go:139 +0x4a
github.com/centrifugal/centrifuge/internal/dissolve.(*Dissolver).runWorker(0xc00faede18)
	/home/mariell/go/pkg/mod/github.com/centrifugal/centrifuge@v0.33.3/internal/dissolve/dissolve.go:52 +0x27
created by github.com/centrifugal/centrifuge/internal/dissolve.(*Dissolver).Run in goroutine 24436
	/home/mariell/go/pkg/mod/github.com/centrifugal/centrifuge@v0.33.3/internal/dissolve/dissolve.go:31 +0x25

goroutine 21261 [select]:
net/http.(*persistConn).writeLoop(0xc003902a20)
	/usr/lib/go/src/net/http/transport.go:2590 +0xe7
created by net/http.(*Transport).dialConn in goroutine 20906
	/usr/lib/go/src/net/http/transport.go:1945 +0x17a5

goroutine 21007 [sync.Cond.Wait]:
sync.runtime_notifyListWait(0xc00b15c310, 0x24)
	/usr/lib/go/src/runtime/sema.go:597 +0x159
sync.(*Cond).Wait(0x0?)
	/usr/lib/go/src/sync/cond.go:71 +0x85
github.com/centrifugal/centrifuge/internal/dissolve.(*queueImpl).Wait(0xc00b2a7340)
	/home/mariell/go/pkg/mod/github.com/centrifugal/centrifuge@v0.33.3/internal/dissolve/queue.go:139 +0x4a
github.com/centrifugal/centrifuge/internal/dissolve.(*Dissolver).runWorker(0xc010c1ed20)
	/home/mariell/go/pkg/mod/github.com/centrifugal/centrifuge@v0.33.3/internal/dissolve/dissolve.go:52 +0x27
created by github.com/centrifugal/centrifuge/internal/dissolve.(*Dissolver).Run in goroutine 19735
	/home/mariell/go/pkg/mod/github.com/centrifugal/centrifuge@v0.33.3/internal/dissolve/dissolve.go:31 +0x25

goroutine 22461 [select]:
github.com/centrifugal/centrifuge.(*historyHub).removeStreams(0xc00de5d580)
	/home/mariell/go/pkg/mod/github.com/centrifugal/centrifuge@v0.33.3/broker_memory.go:259 +0x6f
created by github.com/centrifugal/centrifuge.(*historyHub).runCleanups in goroutine 21352
	/home/mariell/go/pkg/mod/github.com/centrifugal/centrifuge@v0.33.3/broker_memory.go:253 +0x96

goroutine 20768 [select]:
github.com/patrickmn/go-cache.(*janitor).Run(0xc001107af0, 0xc00842ed40)
	/home/mariell/go/pkg/mod/github.com/patrickmn/go-cache@v2.1.0+incompatible/cache.go:1079 +0x7b
created by github.com/patrickmn/go-cache.runJanitor in goroutine 19735
	/home/mariell/go/pkg/mod/github.com/patrickmn/go-cache@v2.1.0+incompatible/cache.go:1099 +0xdb

goroutine 75250 [select]:
github.com/grafana/grafana/pkg/storage/unified/resource.(*broadcaster[...]).stream(0xab113a0, 0xc04270bab0)
	/home/mariell/work/oss/grafana/pkg/storage/unified/resource/broadcaster.go:205 +0x13d
created by github.com/grafana/grafana/pkg/storage/unified/resource.(*broadcaster[...]).init in goroutine 56143
	/home/mariell/work/oss/grafana/pkg/storage/unified/resource/broadcaster.go:177 +0x219

goroutine 22479 [sync.Cond.Wait]:
sync.runtime_notifyListWait(0xc00a914410, 0x9)
	/usr/lib/go/src/runtime/sema.go:597 +0x159
sync.(*Cond).Wait(0x0?)
	/usr/lib/go/src/sync/cond.go:71 +0x85
github.com/centrifugal/centrifuge/internal/dissolve.(*queueImpl).Wait(0xc00de6dab0)
	/home/mariell/go/pkg/mod/github.com/centrifugal/centrifuge@v0.33.3/internal/dissolve/queue.go:139 +0x4a
github.com/centrifugal/centrifuge/internal/dissolve.(*Dissolver).runWorker(0xc00e20d1e8)
	/home/mariell/go/pkg/mod/github.com/centrifugal/centrifuge@v0.33.3/internal/dissolve/dissolve.go:52 +0x27
created by github.com/centrifugal/centrifuge/internal/dissolve.(*Dissolver).Run in goroutine 21352
	/home/mariell/go/pkg/mod/github.com/centrifugal/centrifuge@v0.33.3/internal/dissolve/dissolve.go:31 +0x25

goroutine 22482 [sync.Cond.Wait]:
sync.runtime_notifyListWait(0xc00a914410, 0xc)
	/usr/lib/go/src/runtime/sema.go:597 +0x159
sync.(*Cond).Wait(0x0?)
	/usr/lib/go/src/sync/cond.go:71 +0x85
github.com/centrifugal/centrifuge/internal/dissolve.(*queueImpl).Wait(0xc00de6dab0)
	/home/mariell/go/pkg/mod/github.com/centrifugal/centrifuge@v0.33.3/internal/dissolve/queue.go:139 +0x4a
github.com/centrifugal/centrifuge/internal/dissolve.(*Dissolver).runWorker(0xc00e20d1e8)
	/home/mariell/go/pkg/mod/github.com/centrifugal/centrifuge@v0.33.3/internal/dissolve/dissolve.go:52 +0x27
created by github.com/centrifugal/centrifuge/internal/dissolve.(*Dissolver).Run in goroutine 21352
	/home/mariell/go/pkg/mod/github.com/centrifugal/centrifuge@v0.33.3/internal/dissolve/dissolve.go:31 +0x25

goroutine 22501 [sync.Cond.Wait]:
sync.runtime_notifyListWait(0xc00a914410, 0x1f)
	/usr/lib/go/src/runtime/sema.go:597 +0x159
sync.(*Cond).Wait(0x0?)
	/usr/lib/go/src/sync/cond.go:71 +0x85
github.com/centrifugal/centrifuge/internal/dissolve.(*queueImpl).Wait(0xc00de6dab0)
	/home/mariell/go/pkg/mod/github.com/centrifugal/centrifuge@v0.33.3/internal/dissolve/queue.go:139 +0x4a
github.com/centrifugal/centrifuge/internal/dissolve.(*Dissolver).runWorker(0xc00e20d1e8)
	/home/mariell/go/pkg/mod/github.com/centrifugal/centrifuge@v0.33.3/internal/dissolve/dissolve.go:52 +0x27
created by github.com/centrifugal/centrifuge/internal/dissolve.(*Dissolver).Run in goroutine 21352
	/home/mariell/go/pkg/mod/github.com/centrifugal/centrifuge@v0.33.3/internal/dissolve/dissolve.go:31 +0x25

goroutine 20999 [sync.Cond.Wait]:
sync.runtime_notifyListWait(0xc00b15c310, 0xd)
	/usr/lib/go/src/runtime/sema.go:597 +0x159
sync.(*Cond).Wait(0x0?)
	/usr/lib/go/src/sync/cond.go:71 +0x85
github.com/centrifugal/centrifuge/internal/dissolve.(*queueImpl).Wait(0xc00b2a7340)
	/home/mariell/go/pkg/mod/github.com/centrifugal/centrifuge@v0.33.3/internal/dissolve/queue.go:139 +0x4a
github.com/centrifugal/centrifuge/internal/dissolve.(*Dissolver).runWorker(0xc010c1ed20)
	/home/mariell/go/pkg/mod/github.com/centrifugal/centrifuge@v0.33.3/internal/dissolve/dissolve.go:52 +0x27
created by github.com/centrifugal/centrifuge/internal/dissolve.(*Dissolver).Run in goroutine 19735
	/home/mariell/go/pkg/mod/github.com/centrifugal/centrifuge@v0.33.3/internal/dissolve/dissolve.go:31 +0x25

goroutine 24010 [sync.Cond.Wait]:
sync.runtime_notifyListWait(0xc0142c1350, 0x9)
	/usr/lib/go/src/runtime/sema.go:597 +0x159
sync.(*Cond).Wait(0x0?)
	/usr/lib/go/src/sync/cond.go:71 +0x85
github.com/centrifugal/centrifuge/internal/dissolve.(*queueImpl).Wait(0xc012834b60)
	/home/mariell/go/pkg/mod/github.com/centrifugal/centrifuge@v0.33.3/internal/dissolve/queue.go:139 +0x4a
github.com/centrifugal/centrifuge/internal/dissolve.(*Dissolver).runWorker(0xc010117b90)
	/home/mariell/go/pkg/mod/github.com/centrifugal/centrifuge@v0.33.3/internal/dissolve/dissolve.go:52 +0x27
created by github.com/centrifugal/centrifuge/internal/dissolve.(*Dissolver).Run in goroutine 22319
	/home/mariell/go/pkg/mod/github.com/centrifugal/centrifuge@v0.33.3/internal/dissolve/dissolve.go:31 +0x25

goroutine 30121 [sync.Cond.Wait]:
sync.runtime_notifyListWait(0xc0029f6450, 0x32)
	/usr/lib/go/src/runtime/sema.go:597 +0x159
sync.(*Cond).Wait(0x0?)
	/usr/lib/go/src/sync/cond.go:71 +0x85
github.com/centrifugal/centrifuge/internal/dissolve.(*queueImpl).Wait(0xc00ccdc000)
	/home/mariell/go/pkg/mod/github.com/centrifugal/centrifuge@v0.33.3/internal/dissolve/queue.go:139 +0x4a
github.com/centrifugal/centrifuge/internal/dissolve.(*Dissolver).runWorker(0xc00e0b3c50)
	/home/mariell/go/pkg/mod/github.com/centrifugal/centrifuge@v0.33.3/internal/dissolve/dissolve.go:52 +0x27
created by github.com/centrifugal/centrifuge/internal/dissolve.(*Dissolver).Run in goroutine 28801
	/home/mariell/go/pkg/mod/github.com/centrifugal/centrifuge@v0.33.3/internal/dissolve/dissolve.go:31 +0x25

goroutine 22469 [select]:
github.com/centrifugal/centrifuge.(*Node).cleanNodeInfo(0xc00de7ed88)
	/home/mariell/go/pkg/mod/github.com/centrifugal/centrifuge@v0.33.3/node.go:394 +0x90
created by github.com/centrifugal/centrifuge.(*Node).Run in goroutine 21352
	/home/mariell/go/pkg/mod/github.com/centrifugal/centrifuge@v0.33.3/node.go:261 +0x265

goroutine 19813 [IO wait]:
internal/poll.runtime_pollWait(0x77755832d498, 0x72)
	/usr/lib/go/src/runtime/netpoll.go:351 +0x85
internal/poll.(*pollDesc).wait(0xc00e591a00?, 0xc00e73d300?, 0x0)
	/usr/lib/go/src/internal/poll/fd_poll_runtime.go:84 +0x27
internal/poll.(*pollDesc).waitRead(...)
	/usr/lib/go/src/internal/poll/fd_poll_runtime.go:89
internal/poll.(*FD).Read(0xc00e591a00, {0xc00e73d300, 0x1300, 0x1300})
	/usr/lib/go/src/internal/poll/fd_unix.go:165 +0x27a
net.(*netFD).Read(0xc00e591a00, {0xc00e73d300?, 0xc00e73d300?, 0x5?})
	/usr/lib/go/src/net/fd_posix.go:55 +0x25
net.(*conn).Read(0xc00d64d758, {0xc00e73d300?, 0x777558394d90?, 0x7775a8b2b038?})
	/usr/lib/go/src/net/net.go:194 +0x45
crypto/tls.(*atLeastReader).Read(0xc00f813e30, {0xc00e73d300?, 0x12fb?, 0xc00ecb69c8?})
	/usr/lib/go/src/crypto/tls/conn.go:809 +0x3b
bytes.(*Buffer).ReadFrom(0xc00ef322b8, {0xa94e300, 0xc00f813e30})
	/usr/lib/go/src/bytes/buffer.go:211 +0x98
crypto/tls.(*Conn).readFromUntil(0xc00ef32008, {0xa94dc00, 0xc00d64d758}, 0x444af4?)
	/usr/lib/go/src/crypto/tls/conn.go:831 +0xde
crypto/tls.(*Conn).readRecordOrCCS(0xc00ef32008, 0x0)
	/usr/lib/go/src/crypto/tls/conn.go:629 +0x3cf
crypto/tls.(*Conn).readRecord(...)
	/usr/lib/go/src/crypto/tls/conn.go:591
crypto/tls.(*Conn).Read(0xc00ef32008, {0xc00e759000, 0x1000, 0xc00ef282a0?})
	/usr/lib/go/src/crypto/tls/conn.go:1385 +0x145
net/http.(*persistConn).Read(0xc00ecc6d80, {0xc00e759000?, 0x81fe45?, 0xa94be80?})
	/usr/lib/go/src/net/http/transport.go:2122 +0x47
bufio.(*Reader).fill(0xc00e75e240)
	/usr/lib/go/src/bufio/bufio.go:113 +0x103
bufio.(*Reader).Peek(0xc00e75e240, 0x1)
	/usr/lib/go/src/bufio/bufio.go:152 +0x53
net/http.(*persistConn).readLoop(0xc00ecc6d80)
	/usr/lib/go/src/net/http/transport.go:2275 +0x172
created by net/http.(*Transport).dialConn in goroutine 19826
	/usr/lib/go/src/net/http/transport.go:1944 +0x174f

goroutine 19819 [select]:
go.opentelemetry.io/otel/sdk/trace.(*batchSpanProcessor).processQueue(0xc0099d3220)
	/home/mariell/go/pkg/mod/go.opentelemetry.io/otel/sdk@v1.34.0/trace/batch_span_processor.go:302 +0x114
go.opentelemetry.io/otel/sdk/trace.NewBatchSpanProcessor.func1()
	/home/mariell/go/pkg/mod/go.opentelemetry.io/otel/sdk@v1.34.0/trace/batch_span_processor.go:117 +0x4e
created by go.opentelemetry.io/otel/sdk/trace.NewBatchSpanProcessor in goroutine 19735
	/home/mariell/go/pkg/mod/go.opentelemetry.io/otel/sdk@v1.34.0/trace/batch_span_processor.go:115 +0x2d9

goroutine 28848 [select]:
github.com/centrifugal/centrifuge.(*Node).sendNodePing(0xc007e37d48)
	/home/mariell/go/pkg/mod/github.com/centrifugal/centrifuge@v0.33.3/node.go:380 +0x85
created by github.com/centrifugal/centrifuge.(*Node).Run in goroutine 28801
	/home/mariell/go/pkg/mod/github.com/centrifugal/centrifuge@v0.33.3/node.go:260 +0x225

goroutine 21387 [select]:
go.opentelemetry.io/otel/sdk/trace.(*batchSpanProcessor).processQueue(0xc01100f860)
	/home/mariell/go/pkg/mod/go.opentelemetry.io/otel/sdk@v1.34.0/trace/batch_span_processor.go:302 +0x114
go.opentelemetry.io/otel/sdk/trace.NewBatchSpanProcessor.func1()
	/home/mariell/go/pkg/mod/go.opentelemetry.io/otel/sdk@v1.34.0/trace/batch_span_processor.go:117 +0x4e
created by go.opentelemetry.io/otel/sdk/trace.NewBatchSpanProcessor in goroutine 21352
	/home/mariell/go/pkg/mod/go.opentelemetry.io/otel/sdk@v1.34.0/trace/batch_span_processor.go:115 +0x2d9

goroutine 22322 [select]:
github.com/patrickmn/go-cache.(*janitor).Run(0xc00d919af0, 0xc00ff83f00)
	/home/mariell/go/pkg/mod/github.com/patrickmn/go-cache@v2.1.0+incompatible/cache.go:1079 +0x7b
created by github.com/patrickmn/go-cache.runJanitor in goroutine 21352
	/home/mariell/go/pkg/mod/github.com/patrickmn/go-cache@v2.1.0+incompatible/cache.go:1099 +0xdb

goroutine 20978 [sync.Cond.Wait]:
sync.runtime_notifyListWait(0xc00b15c310, 0x3b)
	/usr/lib/go/src/runtime/sema.go:597 +0x159
sync.(*Cond).Wait(0xc0070ab7d0?)
	/usr/lib/go/src/sync/cond.go:71 +0x85
github.com/centrifugal/centrifuge/internal/dissolve.(*queueImpl).Wait(0xc00b2a7340)
	/home/mariell/go/pkg/mod/github.com/centrifugal/centrifuge@v0.33.3/internal/dissolve/queue.go:139 +0x4a
github.com/centrifugal/centrifuge/internal/dissolve.(*Dissolver).runWorker(0xc010c1ed20)
	/home/mariell/go/pkg/mod/github.com/centrifugal/centrifuge@v0.33.3/internal/dissolve/dissolve.go:52 +0x27
created by github.com/centrifugal/centrifuge/internal/dissolve.(*Dissolver).Run in goroutine 19735
	/home/mariell/go/pkg/mod/github.com/centrifugal/centrifuge@v0.33.3/internal/dissolve/dissolve.go:31 +0x25

goroutine 22307 [select]:
github.com/patrickmn/go-cache.(*janitor).Run(0xc0019e2d30, 0xc011316b40)
	/home/mariell/go/pkg/mod/github.com/patrickmn/go-cache@v2.1.0+incompatible/cache.go:1079 +0x7b
created by github.com/patrickmn/go-cache.runJanitor in goroutine 21352
	/home/mariell/go/pkg/mod/github.com/patrickmn/go-cache@v2.1.0+incompatible/cache.go:1099 +0xdb

goroutine 20997 [sync.Cond.Wait]:
sync.runtime_notifyListWait(0xc00b15c310, 0xb)
	/usr/lib/go/src/runtime/sema.go:597 +0x159
sync.(*Cond).Wait(0x0?)
	/usr/lib/go/src/sync/cond.go:71 +0x85
github.com/centrifugal/centrifuge/internal/dissolve.(*queueImpl).Wait(0xc00b2a7340)
	/home/mariell/go/pkg/mod/github.com/centrifugal/centrifuge@v0.33.3/internal/dissolve/queue.go:139 +0x4a
github.com/centrifugal/centrifuge/internal/dissolve.(*Dissolver).runWorker(0xc010c1ed20)
	/home/mariell/go/pkg/mod/github.com/centrifugal/centrifuge@v0.33.3/internal/dissolve/dissolve.go:52 +0x27
created by github.com/centrifugal/centrifuge/internal/dissolve.(*Dissolver).Run in goroutine 19735
	/home/mariell/go/pkg/mod/github.com/centrifugal/centrifuge@v0.33.3/internal/dissolve/dissolve.go:31 +0x25

goroutine 27453 [select]:
go.opentelemetry.io/otel/sdk/trace.(*batchSpanProcessor).processQueue(0xc0121fda40)
	/home/mariell/go/pkg/mod/go.opentelemetry.io/otel/sdk@v1.34.0/trace/batch_span_processor.go:302 +0x114
go.opentelemetry.io/otel/sdk/trace.NewBatchSpanProcessor.func1()
	/home/mariell/go/pkg/mod/go.opentelemetry.io/otel/sdk@v1.34.0/trace/batch_span_processor.go:117 +0x4e
created by go.opentelemetry.io/otel/sdk/trace.NewBatchSpanProcessor in goroutine 27309
	/home/mariell/go/pkg/mod/go.opentelemetry.io/otel/sdk@v1.34.0/trace/batch_span_processor.go:115 +0x2d9

goroutine 21938 [select]:
k8s.io/apimachinery/pkg/util/wait.BackoffUntil(0xc014100940, {0xa95ac00, 0xc013c0c060}, 0x1, 0xc014081490)
	/home/mariell/go/pkg/mod/k8s.io/apimachinery@v0.32.1/pkg/util/wait/backoff.go:238 +0x12c
k8s.io/apimachinery/pkg/util/wait.JitterUntil(0xc014100940, 0x3b9aca00, 0x3ff3333333333333, 0x1, 0xc014081490)
	/home/mariell/go/pkg/mod/k8s.io/apimachinery@v0.32.1/pkg/util/wait/backoff.go:204 +0x7f
created by k8s.io/apiserver/pkg/registry/generic/registry.(*Store).startObservingCount in goroutine 21243
	/home/mariell/go/pkg/mod/k8s.io/apiserver@v0.32.1/pkg/registry/generic/registry/store.go:1666 +0x2f9

goroutine 30116 [sync.Cond.Wait]:
sync.runtime_notifyListWait(0xc0029f6450, 0x2b)
	/usr/lib/go/src/runtime/sema.go:597 +0x159
sync.(*Cond).Wait(0x0?)
	/usr/lib/go/src/sync/cond.go:71 +0x85
github.com/centrifugal/centrifuge/internal/dissolve.(*queueImpl).Wait(0xc00ccdc000)
	/home/mariell/go/pkg/mod/github.com/centrifugal/centrifuge@v0.33.3/internal/dissolve/queue.go:139 +0x4a
github.com/centrifugal/centrifuge/internal/dissolve.(*Dissolver).runWorker(0xc00e0b3c50)
	/home/mariell/go/pkg/mod/github.com/centrifugal/centrifuge@v0.33.3/internal/dissolve/dissolve.go:52 +0x27
created by github.com/centrifugal/centrifuge/internal/dissolve.(*Dissolver).Run in goroutine 28801
	/home/mariell/go/pkg/mod/github.com/centrifugal/centrifuge@v0.33.3/internal/dissolve/dissolve.go:31 +0x25

goroutine 20834 [chan receive]:
github.com/grafana/grafana/pkg/storage/unified/resource.(*server).initWatcher.func1.1()
	/home/mariell/work/oss/grafana/pkg/storage/unified/resource/server.go:922 +0x58
created by github.com/grafana/grafana/pkg/storage/unified/resource.(*server).initWatcher.func1 in goroutine 19735
	/home/mariell/work/oss/grafana/pkg/storage/unified/resource/server.go:921 +0xaa

goroutine 19796 [select]:
go.opentelemetry.io/otel/sdk/trace.(*batchSpanProcessor).processQueue(0xc00b780140)
	/home/mariell/go/pkg/mod/go.opentelemetry.io/otel/sdk@v1.34.0/trace/batch_span_processor.go:302 +0x114
go.opentelemetry.io/otel/sdk/trace.NewBatchSpanProcessor.func1()
	/home/mariell/go/pkg/mod/go.opentelemetry.io/otel/sdk@v1.34.0/trace/batch_span_processor.go:117 +0x4e
created by go.opentelemetry.io/otel/sdk/trace.NewBatchSpanProcessor in goroutine 19735
	/home/mariell/go/pkg/mod/go.opentelemetry.io/otel/sdk@v1.34.0/trace/batch_span_processor.go:115 +0x2d9

goroutine 21009 [sync.Cond.Wait]:
sync.runtime_notifyListWait(0xc00b15c310, 0x26)
	/usr/lib/go/src/runtime/sema.go:597 +0x159
sync.(*Cond).Wait(0x0?)
	/usr/lib/go/src/sync/cond.go:71 +0x85
github.com/centrifugal/centrifuge/internal/dissolve.(*queueImpl).Wait(0xc00b2a7340)
	/home/mariell/go/pkg/mod/github.com/centrifugal/centrifuge@v0.33.3/internal/dissolve/queue.go:139 +0x4a
github.com/centrifugal/centrifuge/internal/dissolve.(*Dissolver).runWorker(0xc010c1ed20)
	/home/mariell/go/pkg/mod/github.com/centrifugal/centrifuge@v0.33.3/internal/dissolve/dissolve.go:52 +0x27
created by github.com/centrifugal/centrifuge/internal/dissolve.(*Dissolver).Run in goroutine 19735
	/home/mariell/go/pkg/mod/github.com/centrifugal/centrifuge@v0.33.3/internal/dissolve/dissolve.go:31 +0x25

goroutine 37579 [sync.Cond.Wait]:
sync.runtime_notifyListWait(0xc01affc250, 0x31)
	/usr/lib/go/src/runtime/sema.go:597 +0x159
sync.(*Cond).Wait(0x0?)
	/usr/lib/go/src/sync/cond.go:71 +0x85
github.com/centrifugal/centrifuge/internal/dissolve.(*queueImpl).Wait(0xc01821cd90)
	/home/mariell/go/pkg/mod/github.com/centrifugal/centrifuge@v0.33.3/internal/dissolve/queue.go:139 +0x4a
github.com/centrifugal/centrifuge/internal/dissolve.(*Dissolver).runWorker(0xc0024fff08)
	/home/mariell/go/pkg/mod/github.com/centrifugal/centrifuge@v0.33.3/internal/dissolve/dissolve.go:52 +0x27
created by github.com/centrifugal/centrifuge/internal/dissolve.(*Dissolver).Run in goroutine 36374
	/home/mariell/go/pkg/mod/github.com/centrifugal/centrifuge@v0.33.3/internal/dissolve/dissolve.go:31 +0x25

goroutine 22511 [sync.Cond.Wait]:
sync.runtime_notifyListWait(0xc00a914410, 0x29)
	/usr/lib/go/src/runtime/sema.go:597 +0x159
sync.(*Cond).Wait(0x0?)
	/usr/lib/go/src/sync/cond.go:71 +0x85
github.com/centrifugal/centrifuge/internal/dissolve.(*queueImpl).Wait(0xc00de6dab0)
	/home/mariell/go/pkg/mod/github.com/centrifugal/centrifuge@v0.33.3/internal/dissolve/queue.go:139 +0x4a
github.com/centrifugal/centrifuge/internal/dissolve.(*Dissolver).runWorker(0xc00e20d1e8)
	/home/mariell/go/pkg/mod/github.com/centrifugal/centrifuge@v0.33.3/internal/dissolve/dissolve.go:52 +0x27
created by github.com/centrifugal/centrifuge/internal/dissolve.(*Dissolver).Run in goroutine 21352
	/home/mariell/go/pkg/mod/github.com/centrifugal/centrifuge@v0.33.3/internal/dissolve/dissolve.go:31 +0x25

goroutine 24012 [sync.Cond.Wait]:
sync.runtime_notifyListWait(0xc0142c1350, 0xb)
	/usr/lib/go/src/runtime/sema.go:597 +0x159
sync.(*Cond).Wait(0x0?)
	/usr/lib/go/src/sync/cond.go:71 +0x85
github.com/centrifugal/centrifuge/internal/dissolve.(*queueImpl).Wait(0xc012834b60)
	/home/mariell/go/pkg/mod/github.com/centrifugal/centrifuge@v0.33.3/internal/dissolve/queue.go:139 +0x4a
github.com/centrifugal/centrifuge/internal/dissolve.(*Dissolver).runWorker(0xc010117b90)
	/home/mariell/go/pkg/mod/github.com/centrifugal/centrifuge@v0.33.3/internal/dissolve/dissolve.go:52 +0x27
created by github.com/centrifugal/centrifuge/internal/dissolve.(*Dissolver).Run in goroutine 22319
	/home/mariell/go/pkg/mod/github.com/centrifugal/centrifuge@v0.33.3/internal/dissolve/dissolve.go:31 +0x25

goroutine 25550 [sync.Cond.Wait]:
sync.runtime_notifyListWait(0xc012bf5590, 0xa)
	/usr/lib/go/src/runtime/sema.go:597 +0x159
sync.(*Cond).Wait(0x0?)
	/usr/lib/go/src/sync/cond.go:71 +0x85
github.com/centrifugal/centrifuge/internal/dissolve.(*queueImpl).Wait(0xc013b4b110)
	/home/mariell/go/pkg/mod/github.com/centrifugal/centrifuge@v0.33.3/internal/dissolve/queue.go:139 +0x4a
github.com/centrifugal/centrifuge/internal/dissolve.(*Dissolver).runWorker(0xc00faede18)
	/home/mariell/go/pkg/mod/github.com/centrifugal/centrifuge@v0.33.3/internal/dissolve/dissolve.go:52 +0x27
created by github.com/centrifugal/centrifuge/internal/dissolve.(*Dissolver).Run in goroutine 24436
	/home/mariell/go/pkg/mod/github.com/centrifugal/centrifuge@v0.33.3/internal/dissolve/dissolve.go:31 +0x25

goroutine 25577 [sync.Cond.Wait]:
sync.runtime_notifyListWait(0xc012bf5590, 0x2a)
	/usr/lib/go/src/runtime/sema.go:597 +0x159
sync.(*Cond).Wait(0x0?)
	/usr/lib/go/src/sync/cond.go:71 +0x85
github.com/centrifugal/centrifuge/internal/dissolve.(*queueImpl).Wait(0xc013b4b110)
	/home/mariell/go/pkg/mod/github.com/centrifugal/centrifuge@v0.33.3/internal/dissolve/queue.go:139 +0x4a
github.com/centrifugal/centrifuge/internal/dissolve.(*Dissolver).runWorker(0xc00faede18)
	/home/mariell/go/pkg/mod/github.com/centrifugal/centrifuge@v0.33.3/internal/dissolve/dissolve.go:52 +0x27
created by github.com/centrifugal/centrifuge/internal/dissolve.(*Dissolver).Run in goroutine 24436
	/home/mariell/go/pkg/mod/github.com/centrifugal/centrifuge@v0.33.3/internal/dissolve/dissolve.go:31 +0x25

goroutine 20539 [select]:
net/http.(*persistConn).writeLoop(0xc001602000)
	/usr/lib/go/src/net/http/transport.go:2590 +0xe7
created by net/http.(*Transport).dialConn in goroutine 20833
	/usr/lib/go/src/net/http/transport.go:1945 +0x17a5

goroutine 18427 [IO wait]:
internal/poll.runtime_pollWait(0x77755832d7e0, 0x72)
	/usr/lib/go/src/runtime/netpoll.go:351 +0x85
internal/poll.(*pollDesc).wait(0xc00e591580?, 0xc00eed8000?, 0x0)
	/usr/lib/go/src/internal/poll/fd_poll_runtime.go:84 +0x27
internal/poll.(*pollDesc).waitRead(...)
	/usr/lib/go/src/internal/poll/fd_poll_runtime.go:89
internal/poll.(*FD).Read(0xc00e591580, {0xc00eed8000, 0x1300, 0x1300})
	/usr/lib/go/src/internal/poll/fd_unix.go:165 +0x27a
net.(*netFD).Read(0xc00e591580, {0xc00eed8000?, 0x5?, 0x5?})
	/usr/lib/go/src/net/fd_posix.go:55 +0x25
net.(*conn).Read(0xc003318788, {0xc00eed8000?, 0x77756005ef68?, 0x7775a8b293e8?})
	/usr/lib/go/src/net/net.go:194 +0x45
crypto/tls.(*atLeastReader).Read(0xc009d807e0, {0xc00eed8000?, 0x11abda20?, 0xc0099dc9c8?})
	/usr/lib/go/src/crypto/tls/conn.go:809 +0x3b
bytes.(*Buffer).ReadFrom(0xc00eb990b8, {0xa94e300, 0xc009d807e0})
	/usr/lib/go/src/bytes/buffer.go:211 +0x98
crypto/tls.(*Conn).readFromUntil(0xc00eb98e08, {0xa94dc00, 0xc003318788}, 0x444af4?)
	/usr/lib/go/src/crypto/tls/conn.go:831 +0xde
crypto/tls.(*Conn).readRecordOrCCS(0xc00eb98e08, 0x0)
	/usr/lib/go/src/crypto/tls/conn.go:629 +0x3cf
crypto/tls.(*Conn).readRecord(...)
	/usr/lib/go/src/crypto/tls/conn.go:591
crypto/tls.(*Conn).Read(0xc00eb98e08, {0xc00eee6000, 0x1000, 0xc00eccccf0?})
	/usr/lib/go/src/crypto/tls/conn.go:1385 +0x145
net/http.(*persistConn).Read(0xc00ecc6b40, {0xc00eee6000?, 0x81fe45?, 0xa94be80?})
	/usr/lib/go/src/net/http/transport.go:2122 +0x47
bufio.(*Reader).fill(0xc00eee04e0)
	/usr/lib/go/src/bufio/bufio.go:113 +0x103
bufio.(*Reader).Peek(0xc00eee04e0, 0x1)
	/usr/lib/go/src/bufio/bufio.go:152 +0x53
net/http.(*persistConn).readLoop(0xc00ecc6b40)
	/usr/lib/go/src/net/http/transport.go:2275 +0x172
created by net/http.(*Transport).dialConn in goroutine 19709
	/usr/lib/go/src/net/http/transport.go:1944 +0x174f

goroutine 18428 [select]:
net/http.(*persistConn).writeLoop(0xc00ecc6b40)
	/usr/lib/go/src/net/http/transport.go:2590 +0xe7
created by net/http.(*Transport).dialConn in goroutine 19709
	/usr/lib/go/src/net/http/transport.go:1945 +0x17a5

goroutine 24039 [sync.Cond.Wait]:
sync.runtime_notifyListWait(0xc0142c1350, 0x26)
	/usr/lib/go/src/runtime/sema.go:597 +0x159
sync.(*Cond).Wait(0x0?)
	/usr/lib/go/src/sync/cond.go:71 +0x85
github.com/centrifugal/centrifuge/internal/dissolve.(*queueImpl).Wait(0xc012834b60)
	/home/mariell/go/pkg/mod/github.com/centrifugal/centrifuge@v0.33.3/internal/dissolve/queue.go:139 +0x4a
github.com/centrifugal/centrifuge/internal/dissolve.(*Dissolver).runWorker(0xc010117b90)
	/home/mariell/go/pkg/mod/github.com/centrifugal/centrifuge@v0.33.3/internal/dissolve/dissolve.go:52 +0x27
created by github.com/centrifugal/centrifuge/internal/dissolve.(*Dissolver).Run in goroutine 22319
	/home/mariell/go/pkg/mod/github.com/centrifugal/centrifuge@v0.33.3/internal/dissolve/dissolve.go:31 +0x25

goroutine 21256 [IO wait]:
internal/poll.runtime_pollWait(0x77755832d268, 0x72)
	/usr/lib/go/src/runtime/netpoll.go:351 +0x85
internal/poll.(*pollDesc).wait(0xc00b246000?, 0xc00eed9300?, 0x0)
	/usr/lib/go/src/internal/poll/fd_poll_runtime.go:84 +0x27
internal/poll.(*pollDesc).waitRead(...)
	/usr/lib/go/src/internal/poll/fd_poll_runtime.go:89
internal/poll.(*FD).Read(0xc00b246000, {0xc00eed9300, 0x1300, 0x1300})
	/usr/lib/go/src/internal/poll/fd_unix.go:165 +0x27a
net.(*netFD).Read(0xc00b246000, {0xc00eed9300?, 0xc00eed9300?, 0x5?})
	/usr/lib/go/src/net/fd_posix.go:55 +0x25
net.(*conn).Read(0xc002ec1f20, {0xc00eed9300?, 0x777558f84028?, 0x7775a8b2b4f0?})
	/usr/lib/go/src/net/net.go:194 +0x45
crypto/tls.(*atLeastReader).Read(0xc00faecc90, {0xc00eed9300?, 0x12fb?, 0x31092f2d00?})
	/usr/lib/go/src/crypto/tls/conn.go:809 +0x3b
bytes.(*Buffer).ReadFrom(0xc0100309b8, {0xa94e300, 0xc00faecc90})
	/usr/lib/go/src/bytes/buffer.go:211 +0x98
crypto/tls.(*Conn).readFromUntil(0xc010030708, {0xa94dc00, 0xc002ec1f20}, 0x444af4?)
	/usr/lib/go/src/crypto/tls/conn.go:831 +0xde
crypto/tls.(*Conn).readRecordOrCCS(0xc010030708, 0x0)
	/usr/lib/go/src/crypto/tls/conn.go:629 +0x3cf
crypto/tls.(*Conn).readRecord(...)
	/usr/lib/go/src/crypto/tls/conn.go:591
crypto/tls.(*Conn).Read(0xc010030708, {0xc00af77000, 0x1000, 0xc00eeb8630?})
	/usr/lib/go/src/crypto/tls/conn.go:1385 +0x145
net/http.(*persistConn).Read(0xc001602fc0, {0xc00af77000?, 0x81fe45?, 0xa94be80?})
	/usr/lib/go/src/net/http/transport.go:2122 +0x47
bufio.(*Reader).fill(0xc00e589320)
	/usr/lib/go/src/bufio/bufio.go:113 +0x103
bufio.(*Reader).Peek(0xc00e589320, 0x1)
	/usr/lib/go/src/bufio/bufio.go:152 +0x53
net/http.(*persistConn).readLoop(0xc001602fc0)
	/usr/lib/go/src/net/http/transport.go:2275 +0x172
created by net/http.(*Transport).dialConn in goroutine 21255
	/usr/lib/go/src/net/http/transport.go:1944 +0x174f

goroutine 22506 [sync.Cond.Wait]:
sync.runtime_notifyListWait(0xc00a914410, 0x24)
	/usr/lib/go/src/runtime/sema.go:597 +0x159
sync.(*Cond).Wait(0x0?)
	/usr/lib/go/src/sync/cond.go:71 +0x85
github.com/centrifugal/centrifuge/internal/dissolve.(*queueImpl).Wait(0xc00de6dab0)
	/home/mariell/go/pkg/mod/github.com/centrifugal/centrifuge@v0.33.3/internal/dissolve/queue.go:139 +0x4a
github.com/centrifugal/centrifuge/internal/dissolve.(*Dissolver).runWorker(0xc00e20d1e8)
	/home/mariell/go/pkg/mod/github.com/centrifugal/centrifuge@v0.33.3/internal/dissolve/dissolve.go:52 +0x27
created by github.com/centrifugal/centrifuge/internal/dissolve.(*Dissolver).Run in goroutine 21352
	/home/mariell/go/pkg/mod/github.com/centrifugal/centrifuge@v0.33.3/internal/dissolve/dissolve.go:31 +0x25

goroutine 22509 [sync.Cond.Wait]:
sync.runtime_notifyListWait(0xc00a914410, 0x27)
	/usr/lib/go/src/runtime/sema.go:597 +0x159
sync.(*Cond).Wait(0x0?)
	/usr/lib/go/src/sync/cond.go:71 +0x85
github.com/centrifugal/centrifuge/internal/dissolve.(*queueImpl).Wait(0xc00de6dab0)
	/home/mariell/go/pkg/mod/github.com/centrifugal/centrifuge@v0.33.3/internal/dissolve/queue.go:139 +0x4a
github.com/centrifugal/centrifuge/internal/dissolve.(*Dissolver).runWorker(0xc00e20d1e8)
	/home/mariell/go/pkg/mod/github.com/centrifugal/centrifuge@v0.33.3/internal/dissolve/dissolve.go:52 +0x27
created by github.com/centrifugal/centrifuge/internal/dissolve.(*Dissolver).Run in goroutine 21352
	/home/mariell/go/pkg/mod/github.com/centrifugal/centrifuge@v0.33.3/internal/dissolve/dissolve.go:31 +0x25

goroutine 45084 [select]:
github.com/patrickmn/go-cache.(*janitor).Run(0xc0269ede60, 0xc026ac95c0)
	/home/mariell/go/pkg/mod/github.com/patrickmn/go-cache@v2.1.0+incompatible/cache.go:1079 +0x7b
created by github.com/patrickmn/go-cache.runJanitor in goroutine 44067
	/home/mariell/go/pkg/mod/github.com/patrickmn/go-cache@v2.1.0+incompatible/cache.go:1099 +0xdb

goroutine 23994 [select]:
github.com/FZambia/eagle.(*Eagle).aggregate(0xc012835b20)
	/home/mariell/go/pkg/mod/github.com/!f!zambia/eagle@v0.1.0/eagle.go:210 +0x6d
created by github.com/FZambia/eagle.New in goroutine 22319
	/home/mariell/go/pkg/mod/github.com/!f!zambia/eagle@v0.1.0/eagle.go:66 +0x176

goroutine 20969 [sync.Cond.Wait]:
sync.runtime_notifyListWait(0xc00b15c310, 0x1e)
	/usr/lib/go/src/runtime/sema.go:597 +0x159
sync.(*Cond).Wait(0xc00c555fd0?)
	/usr/lib/go/src/sync/cond.go:71 +0x85
github.com/centrifugal/centrifuge/internal/dissolve.(*queueImpl).Wait(0xc00b2a7340)
	/home/mariell/go/pkg/mod/github.com/centrifugal/centrifuge@v0.33.3/internal/dissolve/queue.go:139 +0x4a
github.com/centrifugal/centrifuge/internal/dissolve.(*Dissolver).runWorker(0xc010c1ed20)
	/home/mariell/go/pkg/mod/github.com/centrifugal/centrifuge@v0.33.3/internal/dissolve/dissolve.go:52 +0x27
created by github.com/centrifugal/centrifuge/internal/dissolve.(*Dissolver).Run in goroutine 19735
	/home/mariell/go/pkg/mod/github.com/centrifugal/centrifuge@v0.33.3/internal/dissolve/dissolve.go:31 +0x25

goroutine 21948 [select]:
k8s.io/apimachinery/pkg/util/wait.BackoffUntil(0xc0142c0cc0, {0xa95ac00, 0xc012da19b0}, 0x1, 0xc014158af0)
	/home/mariell/go/pkg/mod/k8s.io/apimachinery@v0.32.1/pkg/util/wait/backoff.go:238 +0x12c
k8s.io/apimachinery/pkg/util/wait.JitterUntil(0xc0142c0cc0, 0x3b9aca00, 0x3ff3333333333333, 0x1, 0xc014158af0)
	/home/mariell/go/pkg/mod/k8s.io/apimachinery@v0.32.1/pkg/util/wait/backoff.go:204 +0x7f
created by k8s.io/apiserver/pkg/registry/generic/registry.(*Store).startObservingCount in goroutine 21243
	/home/mariell/go/pkg/mod/k8s.io/apiserver@v0.32.1/pkg/registry/generic/registry/store.go:1666 +0x2f9

goroutine 22503 [sync.Cond.Wait]:
sync.runtime_notifyListWait(0xc00a914410, 0x21)
	/usr/lib/go/src/runtime/sema.go:597 +0x159
sync.(*Cond).Wait(0x0?)
	/usr/lib/go/src/sync/cond.go:71 +0x85
github.com/centrifugal/centrifuge/internal/dissolve.(*queueImpl).Wait(0xc00de6dab0)
	/home/mariell/go/pkg/mod/github.com/centrifugal/centrifuge@v0.33.3/internal/dissolve/queue.go:139 +0x4a
github.com/centrifugal/centrifuge/internal/dissolve.(*Dissolver).runWorker(0xc00e20d1e8)
	/home/mariell/go/pkg/mod/github.com/centrifugal/centrifuge@v0.33.3/internal/dissolve/dissolve.go:52 +0x27
created by github.com/centrifugal/centrifuge/internal/dissolve.(*Dissolver).Run in goroutine 21352
	/home/mariell/go/pkg/mod/github.com/centrifugal/centrifuge@v0.33.3/internal/dissolve/dissolve.go:31 +0x25

goroutine 27425 [chan receive]:
github.com/grafana/grafana/pkg/storage/unified/resource.(*server).initWatcher.func1.1()
	/home/mariell/work/oss/grafana/pkg/storage/unified/resource/server.go:922 +0x58
created by github.com/grafana/grafana/pkg/storage/unified/resource.(*server).initWatcher.func1 in goroutine 24423
	/home/mariell/work/oss/grafana/pkg/storage/unified/resource/server.go:921 +0xaa

goroutine 74712 [chan receive]:
github.com/grafana/grafana/pkg/storage/unified/resource.(*server).initWatcher.func1.1()
	/home/mariell/work/oss/grafana/pkg/storage/unified/resource/server.go:922 +0x58
created by github.com/grafana/grafana/pkg/storage/unified/resource.(*server).initWatcher.func1 in goroutine 4437
	/home/mariell/work/oss/grafana/pkg/storage/unified/resource/server.go:921 +0xaa

goroutine 20817 [chan receive]:
github.com/grafana/grafana/pkg/storage/unified/sql.(*channelNotifier).notify.func1()
	/home/mariell/work/oss/grafana/pkg/storage/unified/sql/notifier.go:87 +0x39
created by github.com/grafana/grafana/pkg/storage/unified/sql.(*channelNotifier).notify in goroutine 19735
	/home/mariell/work/oss/grafana/pkg/storage/unified/sql/notifier.go:86 +0xdb

goroutine 22474 [sync.Cond.Wait]:
sync.runtime_notifyListWait(0xc00a914410, 0x4)
	/usr/lib/go/src/runtime/sema.go:597 +0x159
sync.(*Cond).Wait(0xc00779e7d0?)
	/usr/lib/go/src/sync/cond.go:71 +0x85
github.com/centrifugal/centrifuge/internal/dissolve.(*queueImpl).Wait(0xc00de6dab0)
	/home/mariell/go/pkg/mod/github.com/centrifugal/centrifuge@v0.33.3/internal/dissolve/queue.go:139 +0x4a
github.com/centrifugal/centrifuge/internal/dissolve.(*Dissolver).runWorker(0xc00e20d1e8)
	/home/mariell/go/pkg/mod/github.com/centrifugal/centrifuge@v0.33.3/internal/dissolve/dissolve.go:52 +0x27
created by github.com/centrifugal/centrifuge/internal/dissolve.(*Dissolver).Run in goroutine 21352
	/home/mariell/go/pkg/mod/github.com/centrifugal/centrifuge@v0.33.3/internal/dissolve/dissolve.go:31 +0x25

goroutine 22475 [sync.Cond.Wait]:
sync.runtime_notifyListWait(0xc00a914410, 0x5)
	/usr/lib/go/src/runtime/sema.go:597 +0x159
sync.(*Cond).Wait(0x0?)
	/usr/lib/go/src/sync/cond.go:71 +0x85
github.com/centrifugal/centrifuge/internal/dissolve.(*queueImpl).Wait(0xc00de6dab0)
	/home/mariell/go/pkg/mod/github.com/centrifugal/centrifuge@v0.33.3/internal/dissolve/queue.go:139 +0x4a
github.com/centrifugal/centrifuge/internal/dissolve.(*Dissolver).runWorker(0xc00e20d1e8)
	/home/mariell/go/pkg/mod/github.com/centrifugal/centrifuge@v0.33.3/internal/dissolve/dissolve.go:52 +0x27
created by github.com/centrifugal/centrifuge/internal/dissolve.(*Dissolver).Run in goroutine 21352
	/home/mariell/go/pkg/mod/github.com/centrifugal/centrifuge@v0.33.3/internal/dissolve/dissolve.go:31 +0x25

goroutine 22459 [select]:
github.com/centrifugal/centrifuge.(*MemoryBroker).expireResultCache(0xc00de5d600)
	/home/mariell/go/pkg/mod/github.com/centrifugal/centrifuge@v0.33.3/broker_memory.go:160 +0x68
created by github.com/centrifugal/centrifuge.(*MemoryBroker).Run in goroutine 21352
	/home/mariell/go/pkg/mod/github.com/centrifugal/centrifuge@v0.33.3/broker_memory.go:73 +0x7f

goroutine 22478 [sync.Cond.Wait]:
sync.runtime_notifyListWait(0xc00a914410, 0x8)
	/usr/lib/go/src/runtime/sema.go:597 +0x159
sync.(*Cond).Wait(0x0?)
	/usr/lib/go/src/sync/cond.go:71 +0x85
github.com/centrifugal/centrifuge/internal/dissolve.(*queueImpl).Wait(0xc00de6dab0)
	/home/mariell/go/pkg/mod/github.com/centrifugal/centrifuge@v0.33.3/internal/dissolve/queue.go:139 +0x4a
github.com/centrifugal/centrifuge/internal/dissolve.(*Dissolver).runWorker(0xc00e20d1e8)
	/home/mariell/go/pkg/mod/github.com/centrifugal/centrifuge@v0.33.3/internal/dissolve/dissolve.go:52 +0x27
created by github.com/centrifugal/centrifuge/internal/dissolve.(*Dissolver).Run in goroutine 21352
	/home/mariell/go/pkg/mod/github.com/centrifugal/centrifuge@v0.33.3/internal/dissolve/dissolve.go:31 +0x25

goroutine 22476 [sync.Cond.Wait]:
sync.runtime_notifyListWait(0xc00a914410, 0x6)
	/usr/lib/go/src/runtime/sema.go:597 +0x159
sync.(*Cond).Wait(0x0?)
	/usr/lib/go/src/sync/cond.go:71 +0x85
github.com/centrifugal/centrifuge/internal/dissolve.(*queueImpl).Wait(0xc00de6dab0)
	/home/mariell/go/pkg/mod/github.com/centrifugal/centrifuge@v0.33.3/internal/dissolve/queue.go:139 +0x4a
github.com/centrifugal/centrifuge/internal/dissolve.(*Dissolver).runWorker(0xc00e20d1e8)
	/home/mariell/go/pkg/mod/github.com/centrifugal/centrifuge@v0.33.3/internal/dissolve/dissolve.go:52 +0x27
created by github.com/centrifugal/centrifuge/internal/dissolve.(*Dissolver).Run in goroutine 21352
	/home/mariell/go/pkg/mod/github.com/centrifugal/centrifuge@v0.33.3/internal/dissolve/dissolve.go:31 +0x25

goroutine 20977 [sync.Cond.Wait]:
sync.runtime_notifyListWait(0xc00b15c310, 0x3a)
	/usr/lib/go/src/runtime/sema.go:597 +0x159
sync.(*Cond).Wait(0x0?)
	/usr/lib/go/src/sync/cond.go:71 +0x85
github.com/centrifugal/centrifuge/internal/dissolve.(*queueImpl).Wait(0xc00b2a7340)
	/home/mariell/go/pkg/mod/github.com/centrifugal/centrifuge@v0.33.3/internal/dissolve/queue.go:139 +0x4a
github.com/centrifugal/centrifuge/internal/dissolve.(*Dissolver).runWorker(0xc010c1ed20)
	/home/mariell/go/pkg/mod/github.com/centrifugal/centrifuge@v0.33.3/internal/dissolve/dissolve.go:52 +0x27
created by github.com/centrifugal/centrifuge/internal/dissolve.(*Dissolver).Run in goroutine 19735
	/home/mariell/go/pkg/mod/github.com/centrifugal/centrifuge@v0.33.3/internal/dissolve/dissolve.go:31 +0x25

goroutine 20968 [sync.Cond.Wait]:
sync.runtime_notifyListWait(0xc00b15c310, 0x1d)
	/usr/lib/go/src/runtime/sema.go:597 +0x159
sync.(*Cond).Wait(0x0?)
	/usr/lib/go/src/sync/cond.go:71 +0x85
github.com/centrifugal/centrifuge/internal/dissolve.(*queueImpl).Wait(0xc00b2a7340)
	/home/mariell/go/pkg/mod/github.com/centrifugal/centrifuge@v0.33.3/internal/dissolve/queue.go:139 +0x4a
github.com/centrifugal/centrifuge/internal/dissolve.(*Dissolver).runWorker(0xc010c1ed20)
	/home/mariell/go/pkg/mod/github.com/centrifugal/centrifuge@v0.33.3/internal/dissolve/dissolve.go:52 +0x27
created by github.com/centrifugal/centrifuge/internal/dissolve.(*Dissolver).Run in goroutine 19735
	/home/mariell/go/pkg/mod/github.com/centrifugal/centrifuge@v0.33.3/internal/dissolve/dissolve.go:31 +0x25

goroutine 22890 [chan receive]:
github.com/grafana/grafana/pkg/storage/unified/resource.(*server).initWatcher.func1.1()
	/home/mariell/work/oss/grafana/pkg/storage/unified/resource/server.go:922 +0x58
created by github.com/grafana/grafana/pkg/storage/unified/resource.(*server).initWatcher.func1 in goroutine 22757
	/home/mariell/work/oss/grafana/pkg/storage/unified/resource/server.go:921 +0xaa

goroutine 45352 [select]:
github.com/patrickmn/go-cache.(*janitor).Run(0xc027021e40, 0xc027070140)
	/home/mariell/go/pkg/mod/github.com/patrickmn/go-cache@v2.1.0+incompatible/cache.go:1079 +0x7b
created by github.com/patrickmn/go-cache.runJanitor in goroutine 44067
	/home/mariell/go/pkg/mod/github.com/patrickmn/go-cache@v2.1.0+incompatible/cache.go:1099 +0xdb

goroutine 22485 [sync.Cond.Wait]:
sync.runtime_notifyListWait(0xc00a914410, 0xf)
	/usr/lib/go/src/runtime/sema.go:597 +0x159
sync.(*Cond).Wait(0x0?)
	/usr/lib/go/src/sync/cond.go:71 +0x85
github.com/centrifugal/centrifuge/internal/dissolve.(*queueImpl).Wait(0xc00de6dab0)
	/home/mariell/go/pkg/mod/github.com/centrifugal/centrifuge@v0.33.3/internal/dissolve/queue.go:139 +0x4a
github.com/centrifugal/centrifuge/internal/dissolve.(*Dissolver).runWorker(0xc00e20d1e8)
	/home/mariell/go/pkg/mod/github.com/centrifugal/centrifuge@v0.33.3/internal/dissolve/dissolve.go:52 +0x27
created by github.com/centrifugal/centrifuge/internal/dissolve.(*Dissolver).Run in goroutine 21352
	/home/mariell/go/pkg/mod/github.com/centrifugal/centrifuge@v0.33.3/internal/dissolve/dissolve.go:31 +0x25

goroutine 22472 [sync.Cond.Wait]:
sync.runtime_notifyListWait(0xc00a914410, 0x2)
	/usr/lib/go/src/runtime/sema.go:597 +0x159
sync.(*Cond).Wait(0x0?)
	/usr/lib/go/src/sync/cond.go:71 +0x85
github.com/centrifugal/centrifuge/internal/dissolve.(*queueImpl).Wait(0xc00de6dab0)
	/home/mariell/go/pkg/mod/github.com/centrifugal/centrifuge@v0.33.3/internal/dissolve/queue.go:139 +0x4a
github.com/centrifugal/centrifuge/internal/dissolve.(*Dissolver).runWorker(0xc00e20d1e8)
	/home/mariell/go/pkg/mod/github.com/centrifugal/centrifuge@v0.33.3/internal/dissolve/dissolve.go:52 +0x27
created by github.com/centrifugal/centrifuge/internal/dissolve.(*Dissolver).Run in goroutine 21352
	/home/mariell/go/pkg/mod/github.com/centrifugal/centrifuge@v0.33.3/internal/dissolve/dissolve.go:31 +0x25

goroutine 22471 [sync.Cond.Wait]:
sync.runtime_notifyListWait(0xc00a914410, 0x1)
	/usr/lib/go/src/runtime/sema.go:597 +0x159
sync.(*Cond).Wait(0x0?)
	/usr/lib/go/src/sync/cond.go:71 +0x85
github.com/centrifugal/centrifuge/internal/dissolve.(*queueImpl).Wait(0xc00de6dab0)
	/home/mariell/go/pkg/mod/github.com/centrifugal/centrifuge@v0.33.3/internal/dissolve/queue.go:139 +0x4a
github.com/centrifugal/centrifuge/internal/dissolve.(*Dissolver).runWorker(0xc00e20d1e8)
	/home/mariell/go/pkg/mod/github.com/centrifugal/centrifuge@v0.33.3/internal/dissolve/dissolve.go:52 +0x27
created by github.com/centrifugal/centrifuge/internal/dissolve.(*Dissolver).Run in goroutine 21352
	/home/mariell/go/pkg/mod/github.com/centrifugal/centrifuge@v0.33.3/internal/dissolve/dissolve.go:31 +0x25

goroutine 21943 [select]:
k8s.io/apimachinery/pkg/util/wait.BackoffUntil(0xc014101b00, {0xa95ac00, 0xc012da18c0}, 0x1, 0xc014081f10)
	/home/mariell/go/pkg/mod/k8s.io/apimachinery@v0.32.1/pkg/util/wait/backoff.go:238 +0x12c
k8s.io/apimachinery/pkg/util/wait.JitterUntil(0xc014101b00, 0x3b9aca00, 0x3ff3333333333333, 0x1, 0xc014081f10)
	/home/mariell/go/pkg/mod/k8s.io/apimachinery@v0.32.1/pkg/util/wait/backoff.go:204 +0x7f
created by k8s.io/apiserver/pkg/registry/generic/registry.(*Store).startObservingCount in goroutine 21243
	/home/mariell/go/pkg/mod/k8s.io/apiserver@v0.32.1/pkg/registry/generic/registry/store.go:1666 +0x2f9

goroutine 22477 [sync.Cond.Wait]:
sync.runtime_notifyListWait(0xc00a914410, 0x7)
	/usr/lib/go/src/runtime/sema.go:597 +0x159
sync.(*Cond).Wait(0x0?)
	/usr/lib/go/src/sync/cond.go:71 +0x85
github.com/centrifugal/centrifuge/internal/dissolve.(*queueImpl).Wait(0xc00de6dab0)
	/home/mariell/go/pkg/mod/github.com/centrifugal/centrifuge@v0.33.3/internal/dissolve/queue.go:139 +0x4a
github.com/centrifugal/centrifuge/internal/dissolve.(*Dissolver).runWorker(0xc00e20d1e8)
	/home/mariell/go/pkg/mod/github.com/centrifugal/centrifuge@v0.33.3/internal/dissolve/dissolve.go:52 +0x27
created by github.com/centrifugal/centrifuge/internal/dissolve.(*Dissolver).Run in goroutine 21352
	/home/mariell/go/pkg/mod/github.com/centrifugal/centrifuge@v0.33.3/internal/dissolve/dissolve.go:31 +0x25

goroutine 22731 [IO wait]:
internal/poll.runtime_pollWait(0x7775583a3548, 0x72)
	/usr/lib/go/src/runtime/netpoll.go:351 +0x85
internal/poll.(*pollDesc).wait(0xc00dcb1d00?, 0x8636ea0?, 0x0)
	/usr/lib/go/src/internal/poll/fd_poll_runtime.go:84 +0x27
internal/poll.(*pollDesc).waitRead(...)
	/usr/lib/go/src/internal/poll/fd_poll_runtime.go:89
internal/poll.(*FD).Accept(0xc00dcb1d00)
	/usr/lib/go/src/internal/poll/fd_unix.go:620 +0x295
net.(*netFD).accept(0xc00dcb1d00)
	/usr/lib/go/src/net/fd_unix.go:172 +0x29
net.(*TCPListener).accept(0xc010a17ec0)
	/usr/lib/go/src/net/tcpsock_posix.go:159 +0x1b
net.(*TCPListener).Accept(0xc010a17ec0)
	/usr/lib/go/src/net/tcpsock.go:380 +0x30
net/http.(*Server).Serve(0xc00242ee00, {0xa9a7ef0, 0xc010a17ec0})
	/usr/lib/go/src/net/http/server.go:3424 +0x30c
github.com/grafana/grafana/pkg/tests/api/alerting.newMockNotificationChannel.func1()
	/home/mariell/work/oss/grafana/pkg/tests/api/alerting/api_notification_channel_test.go:1227 +0x2c
created by github.com/grafana/grafana/pkg/tests/api/alerting.newMockNotificationChannel in goroutine 21352
	/home/mariell/work/oss/grafana/pkg/tests/api/alerting/api_notification_channel_test.go:1226 +0x1dc

goroutine 22070 [chan receive (nil chan)]:
k8s.io/apiserver/pkg/server.preparedGenericAPIServer.RunWithContext.func5()
	/home/mariell/go/pkg/mod/k8s.io/apiserver@v0.32.1/pkg/server/genericapiserver.go:598 +0x37
created by k8s.io/apiserver/pkg/server.preparedGenericAPIServer.RunWithContext in goroutine 21279
	/home/mariell/go/pkg/mod/k8s.io/apiserver@v0.32.1/pkg/server/genericapiserver.go:597 +0x60b

goroutine 39004 [select]:
github.com/centrifugal/centrifuge.(*historyHub).removeStreams(0xc01b5b0280)
	/home/mariell/go/pkg/mod/github.com/centrifugal/centrifuge@v0.33.3/broker_memory.go:259 +0x6f
created by github.com/centrifugal/centrifuge.(*historyHub).runCleanups in goroutine 37971
	/home/mariell/go/pkg/mod/github.com/centrifugal/centrifuge@v0.33.3/broker_memory.go:253 +0x96

goroutine 20836 [select]:
github.com/grafana/grafana/pkg/storage/unified/resource.(*broadcaster[...]).stream(0xab113a0, 0xc00aeceb60)
	/home/mariell/work/oss/grafana/pkg/storage/unified/resource/broadcaster.go:205 +0x13d
created by github.com/grafana/grafana/pkg/storage/unified/resource.(*broadcaster[...]).init in goroutine 19735
	/home/mariell/work/oss/grafana/pkg/storage/unified/resource/broadcaster.go:177 +0x219

goroutine 22507 [sync.Cond.Wait]:
sync.runtime_notifyListWait(0xc00a914410, 0x25)
	/usr/lib/go/src/runtime/sema.go:597 +0x159
sync.(*Cond).Wait(0x0?)
	/usr/lib/go/src/sync/cond.go:71 +0x85
github.com/centrifugal/centrifuge/internal/dissolve.(*queueImpl).Wait(0xc00de6dab0)
	/home/mariell/go/pkg/mod/github.com/centrifugal/centrifuge@v0.33.3/internal/dissolve/queue.go:139 +0x4a
github.com/centrifugal/centrifuge/internal/dissolve.(*Dissolver).runWorker(0xc00e20d1e8)
	/home/mariell/go/pkg/mod/github.com/centrifugal/centrifuge@v0.33.3/internal/dissolve/dissolve.go:52 +0x27
created by github.com/centrifugal/centrifuge/internal/dissolve.(*Dissolver).Run in goroutine 21352
	/home/mariell/go/pkg/mod/github.com/centrifugal/centrifuge@v0.33.3/internal/dissolve/dissolve.go:31 +0x25

goroutine 22532 [sync.Cond.Wait]:
sync.runtime_notifyListWait(0xc00a914410, 0x3c)
	/usr/lib/go/src/runtime/sema.go:597 +0x159
sync.(*Cond).Wait(0x0?)
	/usr/lib/go/src/sync/cond.go:71 +0x85
github.com/centrifugal/centrifuge/internal/dissolve.(*queueImpl).Wait(0xc00de6dab0)
	/home/mariell/go/pkg/mod/github.com/centrifugal/centrifuge@v0.33.3/internal/dissolve/queue.go:139 +0x4a
github.com/centrifugal/centrifuge/internal/dissolve.(*Dissolver).runWorker(0xc00e20d1e8)
	/home/mariell/go/pkg/mod/github.com/centrifugal/centrifuge@v0.33.3/internal/dissolve/dissolve.go:52 +0x27
created by github.com/centrifugal/centrifuge/internal/dissolve.(*Dissolver).Run in goroutine 21352
	/home/mariell/go/pkg/mod/github.com/centrifugal/centrifuge@v0.33.3/internal/dissolve/dissolve.go:31 +0x25

goroutine 20963 [sync.Cond.Wait]:
sync.runtime_notifyListWait(0xc00b15c310, 0x18)
	/usr/lib/go/src/runtime/sema.go:597 +0x159
sync.(*Cond).Wait(0x0?)
	/usr/lib/go/src/sync/cond.go:71 +0x85
github.com/centrifugal/centrifuge/internal/dissolve.(*queueImpl).Wait(0xc00b2a7340)
	/home/mariell/go/pkg/mod/github.com/centrifugal/centrifuge@v0.33.3/internal/dissolve/queue.go:139 +0x4a
github.com/centrifugal/centrifuge/internal/dissolve.(*Dissolver).runWorker(0xc010c1ed20)
	/home/mariell/go/pkg/mod/github.com/centrifugal/centrifuge@v0.33.3/internal/dissolve/dissolve.go:52 +0x27
created by github.com/centrifugal/centrifuge/internal/dissolve.(*Dissolver).Run in goroutine 19735
	/home/mariell/go/pkg/mod/github.com/centrifugal/centrifuge@v0.33.3/internal/dissolve/dissolve.go:31 +0x25

goroutine 20974 [sync.Cond.Wait]:
sync.runtime_notifyListWait(0xc00b15c310, 0x33)
	/usr/lib/go/src/runtime/sema.go:597 +0x159
sync.(*Cond).Wait(0x0?)
	/usr/lib/go/src/sync/cond.go:71 +0x85
github.com/centrifugal/centrifuge/internal/dissolve.(*queueImpl).Wait(0xc00b2a7340)
	/home/mariell/go/pkg/mod/github.com/centrifugal/centrifuge@v0.33.3/internal/dissolve/queue.go:139 +0x4a
github.com/centrifugal/centrifuge/internal/dissolve.(*Dissolver).runWorker(0xc010c1ed20)
	/home/mariell/go/pkg/mod/github.com/centrifugal/centrifuge@v0.33.3/internal/dissolve/dissolve.go:52 +0x27
created by github.com/centrifugal/centrifuge/internal/dissolve.(*Dissolver).Run in goroutine 19735
	/home/mariell/go/pkg/mod/github.com/centrifugal/centrifuge@v0.33.3/internal/dissolve/dissolve.go:31 +0x25

goroutine 20790 [select]:
github.com/patrickmn/go-cache.(*janitor).Run(0xc011b92510, 0xc00ed05340)
	/home/mariell/go/pkg/mod/github.com/patrickmn/go-cache@v2.1.0+incompatible/cache.go:1079 +0x7b
created by github.com/patrickmn/go-cache.runJanitor in goroutine 19735
	/home/mariell/go/pkg/mod/github.com/patrickmn/go-cache@v2.1.0+incompatible/cache.go:1099 +0xdb

goroutine 20965 [sync.Cond.Wait]:
sync.runtime_notifyListWait(0xc00b15c310, 0x1a)
	/usr/lib/go/src/runtime/sema.go:597 +0x159
sync.(*Cond).Wait(0x0?)
	/usr/lib/go/src/sync/cond.go:71 +0x85
github.com/centrifugal/centrifuge/internal/dissolve.(*queueImpl).Wait(0xc00b2a7340)
	/home/mariell/go/pkg/mod/github.com/centrifugal/centrifuge@v0.33.3/internal/dissolve/queue.go:139 +0x4a
github.com/centrifugal/centrifuge/internal/dissolve.(*Dissolver).runWorker(0xc010c1ed20)
	/home/mariell/go/pkg/mod/github.com/centrifugal/centrifuge@v0.33.3/internal/dissolve/dissolve.go:52 +0x27
created by github.com/centrifugal/centrifuge/internal/dissolve.(*Dissolver).Run in goroutine 19735
	/home/mariell/go/pkg/mod/github.com/centrifugal/centrifuge@v0.33.3/internal/dissolve/dissolve.go:31 +0x25

goroutine 22508 [sync.Cond.Wait]:
sync.runtime_notifyListWait(0xc00a914410, 0x26)
	/usr/lib/go/src/runtime/sema.go:597 +0x159
sync.(*Cond).Wait(0x0?)
	/usr/lib/go/src/sync/cond.go:71 +0x85
github.com/centrifugal/centrifuge/internal/dissolve.(*queueImpl).Wait(0xc00de6dab0)
	/home/mariell/go/pkg/mod/github.com/centrifugal/centrifuge@v0.33.3/internal/dissolve/queue.go:139 +0x4a
github.com/centrifugal/centrifuge/internal/dissolve.(*Dissolver).runWorker(0xc00e20d1e8)
	/home/mariell/go/pkg/mod/github.com/centrifugal/centrifuge@v0.33.3/internal/dissolve/dissolve.go:52 +0x27
created by github.com/centrifugal/centrifuge/internal/dissolve.(*Dissolver).Run in goroutine 21352
	/home/mariell/go/pkg/mod/github.com/centrifugal/centrifuge@v0.33.3/internal/dissolve/dissolve.go:31 +0x25

goroutine 21947 [select]:
k8s.io/apimachinery/pkg/util/wait.BackoffUntil(0xc0142c0b40, {0xa95ac00, 0xc012da1980}, 0x1, 0xc014158a80)
	/home/mariell/go/pkg/mod/k8s.io/apimachinery@v0.32.1/pkg/util/wait/backoff.go:238 +0x12c
k8s.io/apimachinery/pkg/util/wait.JitterUntil(0xc0142c0b40, 0x3b9aca00, 0x3ff3333333333333, 0x1, 0xc014158a80)
	/home/mariell/go/pkg/mod/k8s.io/apimachinery@v0.32.1/pkg/util/wait/backoff.go:204 +0x7f
created by k8s.io/apiserver/pkg/registry/generic/registry.(*Store).startObservingCount in goroutine 21243
	/home/mariell/go/pkg/mod/k8s.io/apiserver@v0.32.1/pkg/registry/generic/registry/store.go:1666 +0x2f9

goroutine 21000 [sync.Cond.Wait]:
sync.runtime_notifyListWait(0xc00b15c310, 0xe)
	/usr/lib/go/src/runtime/sema.go:597 +0x159
sync.(*Cond).Wait(0x0?)
	/usr/lib/go/src/sync/cond.go:71 +0x85
github.com/centrifugal/centrifuge/internal/dissolve.(*queueImpl).Wait(0xc00b2a7340)
	/home/mariell/go/pkg/mod/github.com/centrifugal/centrifuge@v0.33.3/internal/dissolve/queue.go:139 +0x4a
github.com/centrifugal/centrifuge/internal/dissolve.(*Dissolver).runWorker(0xc010c1ed20)
	/home/mariell/go/pkg/mod/github.com/centrifugal/centrifuge@v0.33.3/internal/dissolve/dissolve.go:52 +0x27
created by github.com/centrifugal/centrifuge/internal/dissolve.(*Dissolver).Run in goroutine 19735
	/home/mariell/go/pkg/mod/github.com/centrifugal/centrifuge@v0.33.3/internal/dissolve/dissolve.go:31 +0x25

goroutine 77359 [sync.Cond.Wait]:
sync.runtime_notifyListWait(0xc045ae3d50, 0x29)
	/usr/lib/go/src/runtime/sema.go:597 +0x159
sync.(*Cond).Wait(0xc01b976fd0?)
	/usr/lib/go/src/sync/cond.go:71 +0x85
github.com/centrifugal/centrifuge/internal/dissolve.(*queueImpl).Wait(0xc045afb420)
	/home/mariell/go/pkg/mod/github.com/centrifugal/centrifuge@v0.33.3/internal/dissolve/queue.go:139 +0x4a
github.com/centrifugal/centrifuge/internal/dissolve.(*Dissolver).runWorker(0xc034b3a078)
	/home/mariell/go/pkg/mod/github.com/centrifugal/centrifuge@v0.33.3/internal/dissolve/dissolve.go:52 +0x27
created by github.com/centrifugal/centrifuge/internal/dissolve.(*Dissolver).Run in goroutine 4437
	/home/mariell/go/pkg/mod/github.com/centrifugal/centrifuge@v0.33.3/internal/dissolve/dissolve.go:31 +0x25

goroutine 20970 [sync.Cond.Wait]:
sync.runtime_notifyListWait(0xc00b15c310, 0x1f)
	/usr/lib/go/src/runtime/sema.go:597 +0x159
sync.(*Cond).Wait(0xc007009fd0?)
	/usr/lib/go/src/sync/cond.go:71 +0x85
github.com/centrifugal/centrifuge/internal/dissolve.(*queueImpl).Wait(0xc00b2a7340)
	/home/mariell/go/pkg/mod/github.com/centrifugal/centrifuge@v0.33.3/internal/dissolve/queue.go:139 +0x4a
github.com/centrifugal/centrifuge/internal/dissolve.(*Dissolver).runWorker(0xc010c1ed20)
	/home/mariell/go/pkg/mod/github.com/centrifugal/centrifuge@v0.33.3/internal/dissolve/dissolve.go:52 +0x27
created by github.com/centrifugal/centrifuge/internal/dissolve.(*Dissolver).Run in goroutine 19735
	/home/mariell/go/pkg/mod/github.com/centrifugal/centrifuge@v0.33.3/internal/dissolve/dissolve.go:31 +0x25

goroutine 20761 [select]:
github.com/patrickmn/go-cache.(*janitor).Run(0xc01129cae0, 0xc00842e380)
	/home/mariell/go/pkg/mod/github.com/patrickmn/go-cache@v2.1.0+incompatible/cache.go:1079 +0x7b
created by github.com/patrickmn/go-cache.runJanitor in goroutine 19735
	/home/mariell/go/pkg/mod/github.com/patrickmn/go-cache@v2.1.0+incompatible/cache.go:1099 +0xdb

goroutine 20966 [sync.Cond.Wait]:
sync.runtime_notifyListWait(0xc00b15c310, 0x1b)
	/usr/lib/go/src/runtime/sema.go:597 +0x159
sync.(*Cond).Wait(0xc011008fd0?)
	/usr/lib/go/src/sync/cond.go:71 +0x85
github.com/centrifugal/centrifuge/internal/dissolve.(*queueImpl).Wait(0xc00b2a7340)
	/home/mariell/go/pkg/mod/github.com/centrifugal/centrifuge@v0.33.3/internal/dissolve/queue.go:139 +0x4a
github.com/centrifugal/centrifuge/internal/dissolve.(*Dissolver).runWorker(0xc010c1ed20)
	/home/mariell/go/pkg/mod/github.com/centrifugal/centrifuge@v0.33.3/internal/dissolve/dissolve.go:52 +0x27
created by github.com/centrifugal/centrifuge/internal/dissolve.(*Dissolver).Run in goroutine 19735
	/home/mariell/go/pkg/mod/github.com/centrifugal/centrifuge@v0.33.3/internal/dissolve/dissolve.go:31 +0x25

goroutine 22504 [sync.Cond.Wait]:
sync.runtime_notifyListWait(0xc00a914410, 0x22)
	/usr/lib/go/src/runtime/sema.go:597 +0x159
sync.(*Cond).Wait(0x0?)
	/usr/lib/go/src/sync/cond.go:71 +0x85
github.com/centrifugal/centrifuge/internal/dissolve.(*queueImpl).Wait(0xc00de6dab0)
	/home/mariell/go/pkg/mod/github.com/centrifugal/centrifuge@v0.33.3/internal/dissolve/queue.go:139 +0x4a
github.com/centrifugal/centrifuge/internal/dissolve.(*Dissolver).runWorker(0xc00e20d1e8)
	/home/mariell/go/pkg/mod/github.com/centrifugal/centrifuge@v0.33.3/internal/dissolve/dissolve.go:52 +0x27
created by github.com/centrifugal/centrifuge/internal/dissolve.(*Dissolver).Run in goroutine 21352
	/home/mariell/go/pkg/mod/github.com/centrifugal/centrifuge@v0.33.3/internal/dissolve/dissolve.go:31 +0x25

goroutine 21010 [sync.Cond.Wait]:
sync.runtime_notifyListWait(0xc00b15c310, 0x27)
	/usr/lib/go/src/runtime/sema.go:597 +0x159
sync.(*Cond).Wait(0x0?)
	/usr/lib/go/src/sync/cond.go:71 +0x85
github.com/centrifugal/centrifuge/internal/dissolve.(*queueImpl).Wait(0xc00b2a7340)
	/home/mariell/go/pkg/mod/github.com/centrifugal/centrifuge@v0.33.3/internal/dissolve/queue.go:139 +0x4a
github.com/centrifugal/centrifuge/internal/dissolve.(*Dissolver).runWorker(0xc010c1ed20)
	/home/mariell/go/pkg/mod/github.com/centrifugal/centrifuge@v0.33.3/internal/dissolve/dissolve.go:52 +0x27
created by github.com/centrifugal/centrifuge/internal/dissolve.(*Dissolver).Run in goroutine 19735
	/home/mariell/go/pkg/mod/github.com/centrifugal/centrifuge@v0.33.3/internal/dissolve/dissolve.go:31 +0x25

goroutine 21011 [sync.Cond.Wait]:
sync.runtime_notifyListWait(0xc00b15c310, 0x28)
	/usr/lib/go/src/runtime/sema.go:597 +0x159
sync.(*Cond).Wait(0x0?)
	/usr/lib/go/src/sync/cond.go:71 +0x85
github.com/centrifugal/centrifuge/internal/dissolve.(*queueImpl).Wait(0xc00b2a7340)
	/home/mariell/go/pkg/mod/github.com/centrifugal/centrifuge@v0.33.3/internal/dissolve/queue.go:139 +0x4a
github.com/centrifugal/centrifuge/internal/dissolve.(*Dissolver).runWorker(0xc010c1ed20)
	/home/mariell/go/pkg/mod/github.com/centrifugal/centrifuge@v0.33.3/internal/dissolve/dissolve.go:52 +0x27
created by github.com/centrifugal/centrifuge/internal/dissolve.(*Dissolver).Run in goroutine 19735
	/home/mariell/go/pkg/mod/github.com/centrifugal/centrifuge@v0.33.3/internal/dissolve/dissolve.go:31 +0x25

goroutine 21012 [sync.Cond.Wait]:
sync.runtime_notifyListWait(0xc00b15c310, 0x21)
	/usr/lib/go/src/runtime/sema.go:597 +0x159
sync.(*Cond).Wait(0x0?)
	/usr/lib/go/src/sync/cond.go:71 +0x85
github.com/centrifugal/centrifuge/internal/dissolve.(*queueImpl).Wait(0xc00b2a7340)
	/home/mariell/go/pkg/mod/github.com/centrifugal/centrifuge@v0.33.3/internal/dissolve/queue.go:139 +0x4a
github.com/centrifugal/centrifuge/internal/dissolve.(*Dissolver).runWorker(0xc010c1ed20)
	/home/mariell/go/pkg/mod/github.com/centrifugal/centrifuge@v0.33.3/internal/dissolve/dissolve.go:52 +0x27
created by github.com/centrifugal/centrifuge/internal/dissolve.(*Dissolver).Run in goroutine 19735
	/home/mariell/go/pkg/mod/github.com/centrifugal/centrifuge@v0.33.3/internal/dissolve/dissolve.go:31 +0x25

goroutine 21013 [sync.Cond.Wait]:
sync.runtime_notifyListWait(0xc00b15c310, 0x2a)
	/usr/lib/go/src/runtime/sema.go:597 +0x159
sync.(*Cond).Wait(0x0?)
	/usr/lib/go/src/sync/cond.go:71 +0x85
github.com/centrifugal/centrifuge/internal/dissolve.(*queueImpl).Wait(0xc00b2a7340)
	/home/mariell/go/pkg/mod/github.com/centrifugal/centrifuge@v0.33.3/internal/dissolve/queue.go:139 +0x4a
github.com/centrifugal/centrifuge/internal/dissolve.(*Dissolver).runWorker(0xc010c1ed20)
	/home/mariell/go/pkg/mod/github.com/centrifugal/centrifuge@v0.33.3/internal/dissolve/dissolve.go:52 +0x27
created by github.com/centrifugal/centrifuge/internal/dissolve.(*Dissolver).Run in goroutine 19735
	/home/mariell/go/pkg/mod/github.com/centrifugal/centrifuge@v0.33.3/internal/dissolve/dissolve.go:31 +0x25

goroutine 21014 [sync.Cond.Wait]:
sync.runtime_notifyListWait(0xc00b15c310, 0x2b)
	/usr/lib/go/src/runtime/sema.go:597 +0x159
sync.(*Cond).Wait(0x0?)
	/usr/lib/go/src/sync/cond.go:71 +0x85
github.com/centrifugal/centrifuge/internal/dissolve.(*queueImpl).Wait(0xc00b2a7340)
	/home/mariell/go/pkg/mod/github.com/centrifugal/centrifuge@v0.33.3/internal/dissolve/queue.go:139 +0x4a
github.com/centrifugal/centrifuge/internal/dissolve.(*Dissolver).runWorker(0xc010c1ed20)
	/home/mariell/go/pkg/mod/github.com/centrifugal/centrifuge@v0.33.3/internal/dissolve/dissolve.go:52 +0x27
created by github.com/centrifugal/centrifuge/internal/dissolve.(*Dissolver).Run in goroutine 19735
	/home/mariell/go/pkg/mod/github.com/centrifugal/centrifuge@v0.33.3/internal/dissolve/dissolve.go:31 +0x25

goroutine 21015 [sync.Cond.Wait]:
sync.runtime_notifyListWait(0xc00b15c310, 0x2c)
	/usr/lib/go/src/runtime/sema.go:597 +0x159
sync.(*Cond).Wait(0x0?)
	/usr/lib/go/src/sync/cond.go:71 +0x85
github.com/centrifugal/centrifuge/internal/dissolve.(*queueImpl).Wait(0xc00b2a7340)
	/home/mariell/go/pkg/mod/github.com/centrifugal/centrifuge@v0.33.3/internal/dissolve/queue.go:139 +0x4a
github.com/centrifugal/centrifuge/internal/dissolve.(*Dissolver).runWorker(0xc010c1ed20)
	/home/mariell/go/pkg/mod/github.com/centrifugal/centrifuge@v0.33.3/internal/dissolve/dissolve.go:52 +0x27
created by github.com/centrifugal/centrifuge/internal/dissolve.(*Dissolver).Run in goroutine 19735
	/home/mariell/go/pkg/mod/github.com/centrifugal/centrifuge@v0.33.3/internal/dissolve/dissolve.go:31 +0x25

goroutine 21016 [sync.Cond.Wait]:
sync.runtime_notifyListWait(0xc00b15c310, 0x29)
	/usr/lib/go/src/runtime/sema.go:597 +0x159
sync.(*Cond).Wait(0x0?)
	/usr/lib/go/src/sync/cond.go:71 +0x85
github.com/centrifugal/centrifuge/internal/dissolve.(*queueImpl).Wait(0xc00b2a7340)
	/home/mariell/go/pkg/mod/github.com/centrifugal/centrifuge@v0.33.3/internal/dissolve/queue.go:139 +0x4a
github.com/centrifugal/centrifuge/internal/dissolve.(*Dissolver).runWorker(0xc010c1ed20)
	/home/mariell/go/pkg/mod/github.com/centrifugal/centrifuge@v0.33.3/internal/dissolve/dissolve.go:52 +0x27
created by github.com/centrifugal/centrifuge/internal/dissolve.(*Dissolver).Run in goroutine 19735
	/home/mariell/go/pkg/mod/github.com/centrifugal/centrifuge@v0.33.3/internal/dissolve/dissolve.go:31 +0x25

goroutine 21017 [sync.Cond.Wait]:
sync.runtime_notifyListWait(0xc00b15c310, 0x2e)
	/usr/lib/go/src/runtime/sema.go:597 +0x159
sync.(*Cond).Wait(0x0?)
	/usr/lib/go/src/sync/cond.go:71 +0x85
github.com/centrifugal/centrifuge/internal/dissolve.(*queueImpl).Wait(0xc00b2a7340)
	/home/mariell/go/pkg/mod/github.com/centrifugal/centrifuge@v0.33.3/internal/dissolve/queue.go:139 +0x4a
github.com/centrifugal/centrifuge/internal/dissolve.(*Dissolver).runWorker(0xc010c1ed20)
	/home/mariell/go/pkg/mod/github.com/centrifugal/centrifuge@v0.33.3/internal/dissolve/dissolve.go:52 +0x27
created by github.com/centrifugal/centrifuge/internal/dissolve.(*Dissolver).Run in goroutine 19735
	/home/mariell/go/pkg/mod/github.com/centrifugal/centrifuge@v0.33.3/internal/dissolve/dissolve.go:31 +0x25

goroutine 21018 [sync.Cond.Wait]:
sync.runtime_notifyListWait(0xc00b15c310, 0x2d)
	/usr/lib/go/src/runtime/sema.go:597 +0x159
sync.(*Cond).Wait(0x2020202020202020?)
	/usr/lib/go/src/sync/cond.go:71 +0x85
github.com/centrifugal/centrifuge/internal/dissolve.(*queueImpl).Wait(0xc00b2a7340)
	/home/mariell/go/pkg/mod/github.com/centrifugal/centrifuge@v0.33.3/internal/dissolve/queue.go:139 +0x4a
github.com/centrifugal/centrifuge/internal/dissolve.(*Dissolver).runWorker(0xc010c1ed20)
	/home/mariell/go/pkg/mod/github.com/centrifugal/centrifuge@v0.33.3/internal/dissolve/dissolve.go:52 +0x27
created by github.com/centrifugal/centrifuge/internal/dissolve.(*Dissolver).Run in goroutine 19735
	/home/mariell/go/pkg/mod/github.com/centrifugal/centrifuge@v0.33.3/internal/dissolve/dissolve.go:31 +0x25

goroutine 21019 [sync.Cond.Wait]:
sync.runtime_notifyListWait(0xc00b15c310, 0x2f)
	/usr/lib/go/src/runtime/sema.go:597 +0x159
sync.(*Cond).Wait(0x0?)
	/usr/lib/go/src/sync/cond.go:71 +0x85
github.com/centrifugal/centrifuge/internal/dissolve.(*queueImpl).Wait(0xc00b2a7340)
	/home/mariell/go/pkg/mod/github.com/centrifugal/centrifuge@v0.33.3/internal/dissolve/queue.go:139 +0x4a
github.com/centrifugal/centrifuge/internal/dissolve.(*Dissolver).runWorker(0xc010c1ed20)
	/home/mariell/go/pkg/mod/github.com/centrifugal/centrifuge@v0.33.3/internal/dissolve/dissolve.go:52 +0x27
created by github.com/centrifugal/centrifuge/internal/dissolve.(*Dissolver).Run in goroutine 19735
	/home/mariell/go/pkg/mod/github.com/centrifugal/centrifuge@v0.33.3/internal/dissolve/dissolve.go:31 +0x25

goroutine 21020 [sync.Cond.Wait]:
sync.runtime_notifyListWait(0xc00b15c310, 0x30)
	/usr/lib/go/src/runtime/sema.go:597 +0x159
sync.(*Cond).Wait(0x0?)
	/usr/lib/go/src/sync/cond.go:71 +0x85
github.com/centrifugal/centrifuge/internal/dissolve.(*queueImpl).Wait(0xc00b2a7340)
	/home/mariell/go/pkg/mod/github.com/centrifugal/centrifuge@v0.33.3/internal/dissolve/queue.go:139 +0x4a
github.com/centrifugal/centrifuge/internal/dissolve.(*Dissolver).runWorker(0xc010c1ed20)
	/home/mariell/go/pkg/mod/github.com/centrifugal/centrifuge@v0.33.3/internal/dissolve/dissolve.go:52 +0x27
created by github.com/centrifugal/centrifuge/internal/dissolve.(*Dissolver).Run in goroutine 19735
	/home/mariell/go/pkg/mod/github.com/centrifugal/centrifuge@v0.33.3/internal/dissolve/dissolve.go:31 +0x25

goroutine 21021 [sync.Cond.Wait]:
sync.runtime_notifyListWait(0xc00b15c310, 0x3f)
	/usr/lib/go/src/runtime/sema.go:597 +0x159
sync.(*Cond).Wait(0x0?)
	/usr/lib/go/src/sync/cond.go:71 +0x85
github.com/centrifugal/centrifuge/internal/dissolve.(*queueImpl).Wait(0xc00b2a7340)
	/home/mariell/go/pkg/mod/github.com/centrifugal/centrifuge@v0.33.3/internal/dissolve/queue.go:139 +0x4a
github.com/centrifugal/centrifuge/internal/dissolve.(*Dissolver).runWorker(0xc010c1ed20)
	/home/mariell/go/pkg/mod/github.com/centrifugal/centrifuge@v0.33.3/internal/dissolve/dissolve.go:52 +0x27
created by github.com/centrifugal/centrifuge/internal/dissolve.(*Dissolver).Run in goroutine 19735
	/home/mariell/go/pkg/mod/github.com/centrifugal/centrifuge@v0.33.3/internal/dissolve/dissolve.go:31 +0x25

goroutine 25583 [sync.Cond.Wait]:
sync.runtime_notifyListWait(0xc012bf5590, 0x3b)
	/usr/lib/go/src/runtime/sema.go:597 +0x159
sync.(*Cond).Wait(0xc0071a6fd0?)
	/usr/lib/go/src/sync/cond.go:71 +0x85
github.com/centrifugal/centrifuge/internal/dissolve.(*queueImpl).Wait(0xc013b4b110)
	/home/mariell/go/pkg/mod/github.com/centrifugal/centrifuge@v0.33.3/internal/dissolve/queue.go:139 +0x4a
github.com/centrifugal/centrifuge/internal/dissolve.(*Dissolver).runWorker(0xc00faede18)
	/home/mariell/go/pkg/mod/github.com/centrifugal/centrifuge@v0.33.3/internal/dissolve/dissolve.go:52 +0x27
created by github.com/centrifugal/centrifuge/internal/dissolve.(*Dissolver).Run in goroutine 24436
	/home/mariell/go/pkg/mod/github.com/centrifugal/centrifuge@v0.33.3/internal/dissolve/dissolve.go:31 +0x25

goroutine 33114 [sync.Cond.Wait]:
sync.runtime_notifyListWait(0xc019c7fcd0, 0xb)
	/usr/lib/go/src/runtime/sema.go:597 +0x159
sync.(*Cond).Wait(0x0?)
	/usr/lib/go/src/sync/cond.go:71 +0x85
github.com/centrifugal/centrifuge/internal/dissolve.(*queueImpl).Wait(0xc012092e00)
	/home/mariell/go/pkg/mod/github.com/centrifugal/centrifuge@v0.33.3/internal/dissolve/queue.go:139 +0x4a
github.com/centrifugal/centrifuge/internal/dissolve.(*Dissolver).runWorker(0xc01ba3c438)
	/home/mariell/go/pkg/mod/github.com/centrifugal/centrifuge@v0.33.3/internal/dissolve/dissolve.go:52 +0x27
created by github.com/centrifugal/centrifuge/internal/dissolve.(*Dissolver).Run in goroutine 31996
	/home/mariell/go/pkg/mod/github.com/centrifugal/centrifuge@v0.33.3/internal/dissolve/dissolve.go:31 +0x25

goroutine 30458 [chan receive (nil chan)]:
k8s.io/apiserver/pkg/server.preparedGenericAPIServer.RunWithContext.func5()
	/home/mariell/go/pkg/mod/k8s.io/apiserver@v0.32.1/pkg/server/genericapiserver.go:598 +0x37
created by k8s.io/apiserver/pkg/server.preparedGenericAPIServer.RunWithContext in goroutine 30451
	/home/mariell/go/pkg/mod/k8s.io/apiserver@v0.32.1/pkg/server/genericapiserver.go:597 +0x60b

goroutine 20536 [IO wait]:
internal/poll.runtime_pollWait(0x7775583a3bd8, 0x72)
	/usr/lib/go/src/runtime/netpoll.go:351 +0x85
internal/poll.(*pollDesc).wait(0xc00b246300?, 0xc009ab7900?, 0x0)
	/usr/lib/go/src/internal/poll/fd_poll_runtime.go:84 +0x27
internal/poll.(*pollDesc).waitRead(...)
	/usr/lib/go/src/internal/poll/fd_poll_runtime.go:89
internal/poll.(*FD).Read(0xc00b246300, {0xc009ab7900, 0x1300, 0x1300})
	/usr/lib/go/src/internal/poll/fd_unix.go:165 +0x27a
net.(*netFD).Read(0xc00b246300, {0xc009ab7900?, 0x77756052d120?, 0x6?})
	/usr/lib/go/src/net/fd_posix.go:55 +0x25
net.(*conn).Read(0xc002ec1f28, {0xc009ab7900?, 0x77756052d120?, 0x7775a8b293e8?})
	/usr/lib/go/src/net/net.go:194 +0x45
crypto/tls.(*atLeastReader).Read(0xc000e21818, {0xc009ab7900?, 0x0?, 0x0?})
	/usr/lib/go/src/crypto/tls/conn.go:809 +0x3b
bytes.(*Buffer).ReadFrom(0xc01006a638, {0xa94e300, 0xc000e21818})
	/usr/lib/go/src/bytes/buffer.go:211 +0x98
crypto/tls.(*Conn).readFromUntil(0xc01006a388, {0xa94dc00, 0xc002ec1f28}, 0x444af4?)
	/usr/lib/go/src/crypto/tls/conn.go:831 +0xde
crypto/tls.(*Conn).readRecordOrCCS(0xc01006a388, 0x0)
	/usr/lib/go/src/crypto/tls/conn.go:629 +0x3cf
crypto/tls.(*Conn).readRecord(...)
	/usr/lib/go/src/crypto/tls/conn.go:591
crypto/tls.(*Conn).Read(0xc01006a388, {0xc00b697000, 0x1000, 0x7775a8b293e8?})
	/usr/lib/go/src/crypto/tls/conn.go:1385 +0x145
net/http.(*persistConn).Read(0xc003f38900, {0xc00b697000?, 0x4141c5?, 0x68?})
	/usr/lib/go/src/net/http/transport.go:2122 +0x47
bufio.(*Reader).fill(0xc00e7811a0)
	/usr/lib/go/src/bufio/bufio.go:113 +0x103
bufio.(*Reader).Peek(0xc00e7811a0, 0x1)
	/usr/lib/go/src/bufio/bufio.go:152 +0x53
net/http.(*persistConn).readLoop(0xc003f38900)
	/usr/lib/go/src/net/http/transport.go:2275 +0x172
created by net/http.(*Transport).dialConn in goroutine 20952
	/usr/lib/go/src/net/http/transport.go:1944 +0x174f

goroutine 21078 [select]:
github.com/patrickmn/go-cache.(*janitor).Run(0xc00dc33300, 0xc00acf1500)
	/home/mariell/go/pkg/mod/github.com/patrickmn/go-cache@v2.1.0+incompatible/cache.go:1079 +0x7b
created by github.com/patrickmn/go-cache.runJanitor in goroutine 19735
	/home/mariell/go/pkg/mod/github.com/patrickmn/go-cache@v2.1.0+incompatible/cache.go:1099 +0xdb

goroutine 21084 [select]:
github.com/patrickmn/go-cache.(*janitor).Run(0xc006beb6c0, 0xc00eb2f940)
	/home/mariell/go/pkg/mod/github.com/patrickmn/go-cache@v2.1.0+incompatible/cache.go:1079 +0x7b
created by github.com/patrickmn/go-cache.runJanitor in goroutine 19735
	/home/mariell/go/pkg/mod/github.com/patrickmn/go-cache@v2.1.0+incompatible/cache.go:1099 +0xdb

goroutine 21085 [select]:
github.com/patrickmn/go-cache.(*janitor).Run(0xc006bebc00, 0xc00eb2fa00)
	/home/mariell/go/pkg/mod/github.com/patrickmn/go-cache@v2.1.0+incompatible/cache.go:1079 +0x7b
created by github.com/patrickmn/go-cache.runJanitor in goroutine 19735
	/home/mariell/go/pkg/mod/github.com/patrickmn/go-cache@v2.1.0+incompatible/cache.go:1099 +0xdb

goroutine 21086 [select]:
github.com/patrickmn/go-cache.(*janitor).Run(0xc006bebc50, 0xc00eb2fa40)
	/home/mariell/go/pkg/mod/github.com/patrickmn/go-cache@v2.1.0+incompatible/cache.go:1079 +0x7b
created by github.com/patrickmn/go-cache.runJanitor in goroutine 19735
	/home/mariell/go/pkg/mod/github.com/patrickmn/go-cache@v2.1.0+incompatible/cache.go:1099 +0xdb

goroutine 21164 [select]:
github.com/patrickmn/go-cache.(*janitor).Run(0xc003529db0, 0xc00a193b00)
	/home/mariell/go/pkg/mod/github.com/patrickmn/go-cache@v2.1.0+incompatible/cache.go:1079 +0x7b
created by github.com/patrickmn/go-cache.runJanitor in goroutine 19735
	/home/mariell/go/pkg/mod/github.com/patrickmn/go-cache@v2.1.0+incompatible/cache.go:1099 +0xdb

goroutine 21166 [select]:
github.com/patrickmn/go-cache.(*janitor).Run(0xc0019fda20, 0xc008f86340)
	/home/mariell/go/pkg/mod/github.com/patrickmn/go-cache@v2.1.0+incompatible/cache.go:1079 +0x7b
created by github.com/patrickmn/go-cache.runJanitor in goroutine 19735
	/home/mariell/go/pkg/mod/github.com/patrickmn/go-cache@v2.1.0+incompatible/cache.go:1099 +0xdb

goroutine 22897 [select]:
k8s.io/apimachinery/pkg/util/wait.BackoffUntil(0xc002149000, {0xa95ac00, 0xc00ec1c8a0}, 0x1, 0xc00f8d16c0)
	/home/mariell/go/pkg/mod/k8s.io/apimachinery@v0.32.1/pkg/util/wait/backoff.go:238 +0x12c
k8s.io/apimachinery/pkg/util/wait.JitterUntil(0xc002149000, 0x3b9aca00, 0x3ff3333333333333, 0x1, 0xc00f8d16c0)
	/home/mariell/go/pkg/mod/k8s.io/apimachinery@v0.32.1/pkg/util/wait/backoff.go:204 +0x7f
created by k8s.io/apiserver/pkg/registry/generic/registry.(*Store).startObservingCount in goroutine 22757
	/home/mariell/go/pkg/mod/k8s.io/apiserver@v0.32.1/pkg/registry/generic/registry/store.go:1666 +0x2f9

goroutine 22946 [select]:
database/sql.(*DB).connectionCleaner(0xc0063b0b60, 0xc00d96c540?)
	/usr/lib/go/src/database/sql/sql.go:1104 +0x9c
created by database/sql.(*DB).startCleanerLocked in goroutine 22319
	/usr/lib/go/src/database/sql/sql.go:1091 +0x105

goroutine 39033 [sync.Cond.Wait]:
sync.runtime_notifyListWait(0xc01fe50bd0, 0x15)
	/usr/lib/go/src/runtime/sema.go:597 +0x159
sync.(*Cond).Wait(0x100000000000000?)
	/usr/lib/go/src/sync/cond.go:71 +0x85
github.com/centrifugal/centrifuge/internal/dissolve.(*queueImpl).Wait(0xc00bf5ccb0)
	/home/mariell/go/pkg/mod/github.com/centrifugal/centrifuge@v0.33.3/internal/dissolve/queue.go:139 +0x4a
github.com/centrifugal/centrifuge/internal/dissolve.(*Dissolver).runWorker(0xc017ecc900)
	/home/mariell/go/pkg/mod/github.com/centrifugal/centrifuge@v0.33.3/internal/dissolve/dissolve.go:52 +0x27
created by github.com/centrifugal/centrifuge/internal/dissolve.(*Dissolver).Run in goroutine 37971
	/home/mariell/go/pkg/mod/github.com/centrifugal/centrifuge@v0.33.3/internal/dissolve/dissolve.go:31 +0x25

goroutine 22915 [select]:
k8s.io/apimachinery/pkg/util/wait.BackoffUntil(0xc0021494c0, {0xa95ac00, 0xc00ec1c8d0}, 0x1, 0xc00f8d17a0)
	/home/mariell/go/pkg/mod/k8s.io/apimachinery@v0.32.1/pkg/util/wait/backoff.go:238 +0x12c
k8s.io/apimachinery/pkg/util/wait.JitterUntil(0xc0021494c0, 0x3b9aca00, 0x3ff3333333333333, 0x1, 0xc00f8d17a0)
	/home/mariell/go/pkg/mod/k8s.io/apimachinery@v0.32.1/pkg/util/wait/backoff.go:204 +0x7f
created by k8s.io/apiserver/pkg/registry/generic/registry.(*Store).startObservingCount in goroutine 22757
	/home/mariell/go/pkg/mod/k8s.io/apiserver@v0.32.1/pkg/registry/generic/registry/store.go:1666 +0x2f9

goroutine 46709 [sync.Cond.Wait]:
sync.runtime_notifyListWait(0xc016303990, 0x17)
	/usr/lib/go/src/runtime/sema.go:597 +0x159
sync.(*Cond).Wait(0xc021253fd0?)
	/usr/lib/go/src/sync/cond.go:71 +0x85
github.com/centrifugal/centrifuge/internal/dissolve.(*queueImpl).Wait(0xc020154850)
	/home/mariell/go/pkg/mod/github.com/centrifugal/centrifuge@v0.33.3/internal/dissolve/queue.go:139 +0x4a
github.com/centrifugal/centrifuge/internal/dissolve.(*Dissolver).runWorker(0xc00b4e8b40)
	/home/mariell/go/pkg/mod/github.com/centrifugal/centrifuge@v0.33.3/internal/dissolve/dissolve.go:52 +0x27
created by github.com/centrifugal/centrifuge/internal/dissolve.(*Dissolver).Run in goroutine 45402
	/home/mariell/go/pkg/mod/github.com/centrifugal/centrifuge@v0.33.3/internal/dissolve/dissolve.go:31 +0x25

goroutine 40593 [sync.Cond.Wait]:
sync.runtime_notifyListWait(0xc0228a0b10, 0x3c)
	/usr/lib/go/src/runtime/sema.go:597 +0x159
sync.(*Cond).Wait(0x0?)
	/usr/lib/go/src/sync/cond.go:71 +0x85
github.com/centrifugal/centrifuge/internal/dissolve.(*queueImpl).Wait(0xc0228cc690)
	/home/mariell/go/pkg/mod/github.com/centrifugal/centrifuge@v0.33.3/internal/dissolve/queue.go:139 +0x4a
github.com/centrifugal/centrifuge/internal/dissolve.(*Dissolver).runWorker(0xc015fedd58)
	/home/mariell/go/pkg/mod/github.com/centrifugal/centrifuge@v0.33.3/internal/dissolve/dissolve.go:52 +0x27
created by github.com/centrifugal/centrifuge/internal/dissolve.(*Dissolver).Run in goroutine 36287
	/home/mariell/go/pkg/mod/github.com/centrifugal/centrifuge@v0.33.3/internal/dissolve/dissolve.go:31 +0x25

goroutine 22924 [chan receive (nil chan)]:
k8s.io/apiserver/pkg/server.preparedGenericAPIServer.RunWithContext.func5()
	/home/mariell/go/pkg/mod/k8s.io/apiserver@v0.32.1/pkg/server/genericapiserver.go:598 +0x37
created by k8s.io/apiserver/pkg/server.preparedGenericAPIServer.RunWithContext in goroutine 22917
	/home/mariell/go/pkg/mod/k8s.io/apiserver@v0.32.1/pkg/server/genericapiserver.go:597 +0x60b

goroutine 30097 [sync.Cond.Wait]:
sync.runtime_notifyListWait(0xc0029f6450, 0x1c)
	/usr/lib/go/src/runtime/sema.go:597 +0x159
sync.(*Cond).Wait(0x0?)
	/usr/lib/go/src/sync/cond.go:71 +0x85
github.com/centrifugal/centrifuge/internal/dissolve.(*queueImpl).Wait(0xc00ccdc000)
	/home/mariell/go/pkg/mod/github.com/centrifugal/centrifuge@v0.33.3/internal/dissolve/queue.go:139 +0x4a
github.com/centrifugal/centrifuge/internal/dissolve.(*Dissolver).runWorker(0xc00e0b3c50)
	/home/mariell/go/pkg/mod/github.com/centrifugal/centrifuge@v0.33.3/internal/dissolve/dissolve.go:52 +0x27
created by github.com/centrifugal/centrifuge/internal/dissolve.(*Dissolver).Run in goroutine 28801
	/home/mariell/go/pkg/mod/github.com/centrifugal/centrifuge@v0.33.3/internal/dissolve/dissolve.go:31 +0x25

goroutine 30129 [sync.Cond.Wait]:
sync.runtime_notifyListWait(0xc0029f6450, 0x3e)
	/usr/lib/go/src/runtime/sema.go:597 +0x159
sync.(*Cond).Wait(0x0?)
	/usr/lib/go/src/sync/cond.go:71 +0x85
github.com/centrifugal/centrifuge/internal/dissolve.(*queueImpl).Wait(0xc00ccdc000)
	/home/mariell/go/pkg/mod/github.com/centrifugal/centrifuge@v0.33.3/internal/dissolve/queue.go:139 +0x4a
github.com/centrifugal/centrifuge/internal/dissolve.(*Dissolver).runWorker(0xc00e0b3c50)
	/home/mariell/go/pkg/mod/github.com/centrifugal/centrifuge@v0.33.3/internal/dissolve/dissolve.go:52 +0x27
created by github.com/centrifugal/centrifuge/internal/dissolve.(*Dissolver).Run in goroutine 28801
	/home/mariell/go/pkg/mod/github.com/centrifugal/centrifuge@v0.33.3/internal/dissolve/dissolve.go:31 +0x25

goroutine 39034 [sync.Cond.Wait]:
sync.runtime_notifyListWait(0xc01fe50bd0, 0x1e)
	/usr/lib/go/src/runtime/sema.go:597 +0x159
sync.(*Cond).Wait(0xc01f3c9c00?)
	/usr/lib/go/src/sync/cond.go:71 +0x85
github.com/centrifugal/centrifuge/internal/dissolve.(*queueImpl).Wait(0xc00bf5ccb0)
	/home/mariell/go/pkg/mod/github.com/centrifugal/centrifuge@v0.33.3/internal/dissolve/queue.go:139 +0x4a
github.com/centrifugal/centrifuge/internal/dissolve.(*Dissolver).runWorker(0xc017ecc900)
	/home/mariell/go/pkg/mod/github.com/centrifugal/centrifuge@v0.33.3/internal/dissolve/dissolve.go:52 +0x27
created by github.com/centrifugal/centrifuge/internal/dissolve.(*Dissolver).Run in goroutine 37971
	/home/mariell/go/pkg/mod/github.com/centrifugal/centrifuge@v0.33.3/internal/dissolve/dissolve.go:31 +0x25

goroutine 34634 [select]:
github.com/centrifugal/centrifuge.(*Node).cleanNodeInfo(0xc00a630d88)
	/home/mariell/go/pkg/mod/github.com/centrifugal/centrifuge@v0.33.3/node.go:394 +0x90
created by github.com/centrifugal/centrifuge.(*Node).Run in goroutine 33524
	/home/mariell/go/pkg/mod/github.com/centrifugal/centrifuge@v0.33.3/node.go:261 +0x265

goroutine 39388 [IO wait]:
internal/poll.runtime_pollWait(0x7775581bc700, 0x72)
	/usr/lib/go/src/runtime/netpoll.go:351 +0x85
internal/poll.(*pollDesc).wait(0xc00cf90d00?, 0xc018f3d300?, 0x0)
	/usr/lib/go/src/internal/poll/fd_poll_runtime.go:84 +0x27
internal/poll.(*pollDesc).waitRead(...)
	/usr/lib/go/src/internal/poll/fd_poll_runtime.go:89
internal/poll.(*FD).Read(0xc00cf90d00, {0xc018f3d300, 0x1300, 0x1300})
	/usr/lib/go/src/internal/poll/fd_unix.go:165 +0x27a
net.(*netFD).Read(0xc00cf90d00, {0xc018f3d300?, 0x0?, 0x0?})
	/usr/lib/go/src/net/fd_posix.go:55 +0x25
net.(*conn).Read(0xc014b0a0c0, {0xc018f3d300?, 0x777558fb3fd8?, 0x7775a8b2b4f0?})
	/usr/lib/go/src/net/net.go:194 +0x45
crypto/tls.(*atLeastReader).Read(0xc003fc3d70, {0xc018f3d300?, 0x0?, 0x0?})
	/usr/lib/go/src/crypto/tls/conn.go:809 +0x3b
bytes.(*Buffer).ReadFrom(0xc019a310b8, {0xa94e300, 0xc003fc3d70})
	/usr/lib/go/src/bytes/buffer.go:211 +0x98
crypto/tls.(*Conn).readFromUntil(0xc019a30e08, {0xa94dc00, 0xc014b0a0c0}, 0x444af4?)
	/usr/lib/go/src/crypto/tls/conn.go:831 +0xde
crypto/tls.(*Conn).readRecordOrCCS(0xc019a30e08, 0x0)
	/usr/lib/go/src/crypto/tls/conn.go:629 +0x3cf
crypto/tls.(*Conn).readRecord(...)
	/usr/lib/go/src/crypto/tls/conn.go:591
crypto/tls.(*Conn).Read(0xc019a30e08, {0xc00c9e5000, 0x1000, 0x7775a8b2b4f0?})
	/usr/lib/go/src/crypto/tls/conn.go:1385 +0x145
net/http.(*persistConn).Read(0xc0048d0360, {0xc00c9e5000?, 0x4141c5?, 0x68?})
	/usr/lib/go/src/net/http/transport.go:2122 +0x47
bufio.(*Reader).fill(0xc01a7145a0)
	/usr/lib/go/src/bufio/bufio.go:113 +0x103
bufio.(*Reader).Peek(0xc01a7145a0, 0x1)
	/usr/lib/go/src/bufio/bufio.go:152 +0x53
net/http.(*persistConn).readLoop(0xc0048d0360)
	/usr/lib/go/src/net/http/transport.go:2275 +0x172
created by net/http.(*Transport).dialConn in goroutine 37423
	/usr/lib/go/src/net/http/transport.go:1944 +0x174f

goroutine 24013 [sync.Cond.Wait]:
sync.runtime_notifyListWait(0xc0142c1350, 0xc)
	/usr/lib/go/src/runtime/sema.go:597 +0x159
sync.(*Cond).Wait(0x0?)
	/usr/lib/go/src/sync/cond.go:71 +0x85
github.com/centrifugal/centrifuge/internal/dissolve.(*queueImpl).Wait(0xc012834b60)
	/home/mariell/go/pkg/mod/github.com/centrifugal/centrifuge@v0.33.3/internal/dissolve/queue.go:139 +0x4a
github.com/centrifugal/centrifuge/internal/dissolve.(*Dissolver).runWorker(0xc010117b90)
	/home/mariell/go/pkg/mod/github.com/centrifugal/centrifuge@v0.33.3/internal/dissolve/dissolve.go:52 +0x27
created by github.com/centrifugal/centrifuge/internal/dissolve.(*Dissolver).Run in goroutine 22319
	/home/mariell/go/pkg/mod/github.com/centrifugal/centrifuge@v0.33.3/internal/dissolve/dissolve.go:31 +0x25

goroutine 22534 [sync.Cond.Wait]:
sync.runtime_notifyListWait(0xc00a914410, 0x3f)
	/usr/lib/go/src/runtime/sema.go:597 +0x159
sync.(*Cond).Wait(0x0?)
	/usr/lib/go/src/sync/cond.go:71 +0x85
github.com/centrifugal/centrifuge/internal/dissolve.(*queueImpl).Wait(0xc00de6dab0)
	/home/mariell/go/pkg/mod/github.com/centrifugal/centrifuge@v0.33.3/internal/dissolve/queue.go:139 +0x4a
github.com/centrifugal/centrifuge/internal/dissolve.(*Dissolver).runWorker(0xc00e20d1e8)
	/home/mariell/go/pkg/mod/github.com/centrifugal/centrifuge@v0.33.3/internal/dissolve/dissolve.go:52 +0x27
created by github.com/centrifugal/centrifuge/internal/dissolve.(*Dissolver).Run in goroutine 21352
	/home/mariell/go/pkg/mod/github.com/centrifugal/centrifuge@v0.33.3/internal/dissolve/dissolve.go:31 +0x25

goroutine 35834 [select]:
github.com/patrickmn/go-cache.(*janitor).Run(0xc012321210, 0xc01b5fb6c0)
	/home/mariell/go/pkg/mod/github.com/patrickmn/go-cache@v2.1.0+incompatible/cache.go:1079 +0x7b
created by github.com/patrickmn/go-cache.runJanitor in goroutine 33562
	/home/mariell/go/pkg/mod/github.com/patrickmn/go-cache@v2.1.0+incompatible/cache.go:1099 +0xdb

goroutine 22529 [sync.Cond.Wait]:
sync.runtime_notifyListWait(0xc00a914410, 0x3b)
	/usr/lib/go/src/runtime/sema.go:597 +0x159
sync.(*Cond).Wait(0x0?)
	/usr/lib/go/src/sync/cond.go:71 +0x85
github.com/centrifugal/centrifuge/internal/dissolve.(*queueImpl).Wait(0xc00de6dab0)
	/home/mariell/go/pkg/mod/github.com/centrifugal/centrifuge@v0.33.3/internal/dissolve/queue.go:139 +0x4a
github.com/centrifugal/centrifuge/internal/dissolve.(*Dissolver).runWorker(0xc00e20d1e8)
	/home/mariell/go/pkg/mod/github.com/centrifugal/centrifuge@v0.33.3/internal/dissolve/dissolve.go:52 +0x27
created by github.com/centrifugal/centrifuge/internal/dissolve.(*Dissolver).Run in goroutine 21352
	/home/mariell/go/pkg/mod/github.com/centrifugal/centrifuge@v0.33.3/internal/dissolve/dissolve.go:31 +0x25

goroutine 22801 [chan receive]:
github.com/grafana/grafana/pkg/registry/apis/dashboard/legacy.(*dashboardSqlAccess).WatchWriteEvents.func1()
	/home/mariell/work/oss/grafana/pkg/registry/apis/dashboard/legacy/storage.go:238 +0x50
created by github.com/grafana/grafana/pkg/registry/apis/dashboard/legacy.(*dashboardSqlAccess).WatchWriteEvents in goroutine 23614
	/home/mariell/work/oss/grafana/pkg/registry/apis/dashboard/legacy/storage.go:236 +0x1b6

goroutine 52836 [select]:
github.com/centrifugal/centrifuge.(*Node).updateMetrics(0xc02b3ec908)
	/home/mariell/go/pkg/mod/github.com/centrifugal/centrifuge@v0.33.3/node.go:335 +0x85
created by github.com/centrifugal/centrifuge.(*Node).Run in goroutine 51765
	/home/mariell/go/pkg/mod/github.com/centrifugal/centrifuge@v0.33.3/node.go:262 +0x2a5

goroutine 25580 [sync.Cond.Wait]:
sync.runtime_notifyListWait(0xc012bf5590, 0x30)
	/usr/lib/go/src/runtime/sema.go:597 +0x159
sync.(*Cond).Wait(0x0?)
	/usr/lib/go/src/sync/cond.go:71 +0x85
github.com/centrifugal/centrifuge/internal/dissolve.(*queueImpl).Wait(0xc013b4b110)
	/home/mariell/go/pkg/mod/github.com/centrifugal/centrifuge@v0.33.3/internal/dissolve/queue.go:139 +0x4a
github.com/centrifugal/centrifuge/internal/dissolve.(*Dissolver).runWorker(0xc00faede18)
	/home/mariell/go/pkg/mod/github.com/centrifugal/centrifuge@v0.33.3/internal/dissolve/dissolve.go:52 +0x27
created by github.com/centrifugal/centrifuge/internal/dissolve.(*Dissolver).Run in goroutine 24436
	/home/mariell/go/pkg/mod/github.com/centrifugal/centrifuge@v0.33.3/internal/dissolve/dissolve.go:31 +0x25

goroutine 22030 [select]:
go.opentelemetry.io/otel/sdk/trace.(*batchSpanProcessor).processQueue(0xc00e511860)
	/home/mariell/go/pkg/mod/go.opentelemetry.io/otel/sdk@v1.34.0/trace/batch_span_processor.go:302 +0x114
go.opentelemetry.io/otel/sdk/trace.NewBatchSpanProcessor.func1()
	/home/mariell/go/pkg/mod/go.opentelemetry.io/otel/sdk@v1.34.0/trace/batch_span_processor.go:117 +0x4e
created by go.opentelemetry.io/otel/sdk/trace.NewBatchSpanProcessor in goroutine 22319
	/home/mariell/go/pkg/mod/go.opentelemetry.io/otel/sdk@v1.34.0/trace/batch_span_processor.go:115 +0x2d9

goroutine 22531 [sync.Cond.Wait]:
sync.runtime_notifyListWait(0xc00a914410, 0x3d)
	/usr/lib/go/src/runtime/sema.go:597 +0x159
sync.(*Cond).Wait(0x0?)
	/usr/lib/go/src/sync/cond.go:71 +0x85
github.com/centrifugal/centrifuge/internal/dissolve.(*queueImpl).Wait(0xc00de6dab0)
	/home/mariell/go/pkg/mod/github.com/centrifugal/centrifuge@v0.33.3/internal/dissolve/queue.go:139 +0x4a
github.com/centrifugal/centrifuge/internal/dissolve.(*Dissolver).runWorker(0xc00e20d1e8)
	/home/mariell/go/pkg/mod/github.com/centrifugal/centrifuge@v0.33.3/internal/dissolve/dissolve.go:52 +0x27
created by github.com/centrifugal/centrifuge/internal/dissolve.(*Dissolver).Run in goroutine 21352
	/home/mariell/go/pkg/mod/github.com/centrifugal/centrifuge@v0.33.3/internal/dissolve/dissolve.go:31 +0x25

goroutine 39059 [sync.Cond.Wait]:
sync.runtime_notifyListWait(0xc01fe50bd0, 0x35)
	/usr/lib/go/src/runtime/sema.go:597 +0x159
sync.(*Cond).Wait(0x0?)
	/usr/lib/go/src/sync/cond.go:71 +0x85
github.com/centrifugal/centrifuge/internal/dissolve.(*queueImpl).Wait(0xc00bf5ccb0)
	/home/mariell/go/pkg/mod/github.com/centrifugal/centrifuge@v0.33.3/internal/dissolve/queue.go:139 +0x4a
github.com/centrifugal/centrifuge/internal/dissolve.(*Dissolver).runWorker(0xc017ecc900)
	/home/mariell/go/pkg/mod/github.com/centrifugal/centrifuge@v0.33.3/internal/dissolve/dissolve.go:52 +0x27
created by github.com/centrifugal/centrifuge/internal/dissolve.(*Dissolver).Run in goroutine 37971
	/home/mariell/go/pkg/mod/github.com/centrifugal/centrifuge@v0.33.3/internal/dissolve/dissolve.go:31 +0x25

goroutine 22492 [sync.Cond.Wait]:
sync.runtime_notifyListWait(0xc00a914410, 0x16)
	/usr/lib/go/src/runtime/sema.go:597 +0x159
sync.(*Cond).Wait(0x0?)
	/usr/lib/go/src/sync/cond.go:71 +0x85
github.com/centrifugal/centrifuge/internal/dissolve.(*queueImpl).Wait(0xc00de6dab0)
	/home/mariell/go/pkg/mod/github.com/centrifugal/centrifuge@v0.33.3/internal/dissolve/queue.go:139 +0x4a
github.com/centrifugal/centrifuge/internal/dissolve.(*Dissolver).runWorker(0xc00e20d1e8)
	/home/mariell/go/pkg/mod/github.com/centrifugal/centrifuge@v0.33.3/internal/dissolve/dissolve.go:52 +0x27
created by github.com/centrifugal/centrifuge/internal/dissolve.(*Dissolver).Run in goroutine 21352
	/home/mariell/go/pkg/mod/github.com/centrifugal/centrifuge@v0.33.3/internal/dissolve/dissolve.go:31 +0x25

goroutine 58666 [sync.Cond.Wait]:
sync.runtime_notifyListWait(0xc01f861010, 0x23)
	/usr/lib/go/src/runtime/sema.go:597 +0x159
sync.(*Cond).Wait(0x0?)
	/usr/lib/go/src/sync/cond.go:71 +0x85
github.com/centrifugal/centrifuge/internal/dissolve.(*queueImpl).Wait(0xc01921b6c0)
	/home/mariell/go/pkg/mod/github.com/centrifugal/centrifuge@v0.33.3/internal/dissolve/queue.go:139 +0x4a
github.com/centrifugal/centrifuge/internal/dissolve.(*Dissolver).runWorker(0xc0243b2a20)
	/home/mariell/go/pkg/mod/github.com/centrifugal/centrifuge@v0.33.3/internal/dissolve/dissolve.go:52 +0x27
created by github.com/centrifugal/centrifuge/internal/dissolve.(*Dissolver).Run in goroutine 57831
	/home/mariell/go/pkg/mod/github.com/centrifugal/centrifuge@v0.33.3/internal/dissolve/dissolve.go:31 +0x25

goroutine 22235 [select]:
github.com/patrickmn/go-cache.(*janitor).Run(0xc01018f380, 0xc00ff82800)
	/home/mariell/go/pkg/mod/github.com/patrickmn/go-cache@v2.1.0+incompatible/cache.go:1079 +0x7b
created by github.com/patrickmn/go-cache.runJanitor in goroutine 21352
	/home/mariell/go/pkg/mod/github.com/patrickmn/go-cache@v2.1.0+incompatible/cache.go:1099 +0xdb

goroutine 22495 [sync.Cond.Wait]:
sync.runtime_notifyListWait(0xc00a914410, 0x19)
	/usr/lib/go/src/runtime/sema.go:597 +0x159
sync.(*Cond).Wait(0x0?)
	/usr/lib/go/src/sync/cond.go:71 +0x85
github.com/centrifugal/centrifuge/internal/dissolve.(*queueImpl).Wait(0xc00de6dab0)
	/home/mariell/go/pkg/mod/github.com/centrifugal/centrifuge@v0.33.3/internal/dissolve/queue.go:139 +0x4a
github.com/centrifugal/centrifuge/internal/dissolve.(*Dissolver).runWorker(0xc00e20d1e8)
	/home/mariell/go/pkg/mod/github.com/centrifugal/centrifuge@v0.33.3/internal/dissolve/dissolve.go:52 +0x27
created by github.com/centrifugal/centrifuge/internal/dissolve.(*Dissolver).Run in goroutine 21352
	/home/mariell/go/pkg/mod/github.com/centrifugal/centrifuge@v0.33.3/internal/dissolve/dissolve.go:31 +0x25

goroutine 22483 [sync.Cond.Wait]:
sync.runtime_notifyListWait(0xc00a914410, 0xd)
	/usr/lib/go/src/runtime/sema.go:597 +0x159
sync.(*Cond).Wait(0x0?)
	/usr/lib/go/src/sync/cond.go:71 +0x85
github.com/centrifugal/centrifuge/internal/dissolve.(*queueImpl).Wait(0xc00de6dab0)
	/home/mariell/go/pkg/mod/github.com/centrifugal/centrifuge@v0.33.3/internal/dissolve/queue.go:139 +0x4a
github.com/centrifugal/centrifuge/internal/dissolve.(*Dissolver).runWorker(0xc00e20d1e8)
	/home/mariell/go/pkg/mod/github.com/centrifugal/centrifuge@v0.33.3/internal/dissolve/dissolve.go:52 +0x27
created by github.com/centrifugal/centrifuge/internal/dissolve.(*Dissolver).Run in goroutine 21352
	/home/mariell/go/pkg/mod/github.com/centrifugal/centrifuge@v0.33.3/internal/dissolve/dissolve.go:31 +0x25

goroutine 31345 [IO wait]:
internal/poll.runtime_pollWait(0x777558599d60, 0x72)
	/usr/lib/go/src/runtime/netpoll.go:351 +0x85
internal/poll.(*pollDesc).wait(0xc00cc1c200?, 0xc00ece3300?, 0x0)
	/usr/lib/go/src/internal/poll/fd_poll_runtime.go:84 +0x27
internal/poll.(*pollDesc).waitRead(...)
	/usr/lib/go/src/internal/poll/fd_poll_runtime.go:89
internal/poll.(*FD).Read(0xc00cc1c200, {0xc00ece3300, 0x1300, 0x1300})
	/usr/lib/go/src/internal/poll/fd_unix.go:165 +0x27a
net.(*netFD).Read(0xc00cc1c200, {0xc00ece3300?, 0xc00ece3300?, 0x5?})
	/usr/lib/go/src/net/fd_posix.go:55 +0x25
net.(*conn).Read(0xc0036c5440, {0xc00ece3300?, 0x7775606ff4f8?, 0x7775a8b2a210?})
	/usr/lib/go/src/net/net.go:194 +0x45
crypto/tls.(*atLeastReader).Read(0xc0024ff650, {0xc00ece3300?, 0x12fb?, 0x0?})
	/usr/lib/go/src/crypto/tls/conn.go:809 +0x3b
bytes.(*Buffer).ReadFrom(0xc007e19438, {0xa94e300, 0xc0024ff650})
	/usr/lib/go/src/bytes/buffer.go:211 +0x98
crypto/tls.(*Conn).readFromUntil(0xc007e19188, {0xa94dc00, 0xc0036c5440}, 0x444af4?)
	/usr/lib/go/src/crypto/tls/conn.go:831 +0xde
crypto/tls.(*Conn).readRecordOrCCS(0xc007e19188, 0x0)
	/usr/lib/go/src/crypto/tls/conn.go:629 +0x3cf
crypto/tls.(*Conn).readRecord(...)
	/usr/lib/go/src/crypto/tls/conn.go:591
crypto/tls.(*Conn).Read(0xc007e19188, {0xc00d68c000, 0x1000, 0xc00dd731a0?})
	/usr/lib/go/src/crypto/tls/conn.go:1385 +0x145
net/http.(*persistConn).Read(0xc005ebbd40, {0xc00d68c000?, 0x81fe45?, 0xa94be80?})
	/usr/lib/go/src/net/http/transport.go:2122 +0x47
bufio.(*Reader).fill(0xc00e5884e0)
	/usr/lib/go/src/bufio/bufio.go:113 +0x103
bufio.(*Reader).Peek(0xc00e5884e0, 0x1)
	/usr/lib/go/src/bufio/bufio.go:152 +0x53
net/http.(*persistConn).readLoop(0xc005ebbd40)
	/usr/lib/go/src/net/http/transport.go:2275 +0x172
created by net/http.(*Transport).dialConn in goroutine 27324
	/usr/lib/go/src/net/http/transport.go:1944 +0x174f

goroutine 22857 [select]:
net/http.(*persistConn).writeLoop(0xc00e3ac000)
	/usr/lib/go/src/net/http/transport.go:2590 +0xe7
created by net/http.(*Transport).dialConn in goroutine 22755
	/usr/lib/go/src/net/http/transport.go:1945 +0x17a5

goroutine 22798 [select]:
k8s.io/apimachinery/pkg/util/wait.BackoffUntil(0xc01342f200, {0xa95ac00, 0xc012e65980}, 0x1, 0xc01339ab60)
	/home/mariell/go/pkg/mod/k8s.io/apimachinery@v0.32.1/pkg/util/wait/backoff.go:238 +0x12c
k8s.io/apimachinery/pkg/util/wait.JitterUntil(0xc01342f200, 0x3b9aca00, 0x3ff3333333333333, 0x1, 0xc01339ab60)
	/home/mariell/go/pkg/mod/k8s.io/apimachinery@v0.32.1/pkg/util/wait/backoff.go:204 +0x7f
created by k8s.io/apiserver/pkg/registry/generic/registry.(*Store).startObservingCount in goroutine 23614
	/home/mariell/go/pkg/mod/k8s.io/apiserver@v0.32.1/pkg/registry/generic/registry/store.go:1666 +0x2f9

goroutine 22236 [select]:
github.com/patrickmn/go-cache.(*janitor).Run(0xc00d9189b0, 0xc00ff83900)
	/home/mariell/go/pkg/mod/github.com/patrickmn/go-cache@v2.1.0+incompatible/cache.go:1079 +0x7b
created by github.com/patrickmn/go-cache.runJanitor in goroutine 21352
	/home/mariell/go/pkg/mod/github.com/patrickmn/go-cache@v2.1.0+incompatible/cache.go:1099 +0xdb

goroutine 24037 [sync.Cond.Wait]:
sync.runtime_notifyListWait(0xc0142c1350, 0x0)
	/usr/lib/go/src/runtime/sema.go:597 +0x159
sync.(*Cond).Wait(0x0?)
	/usr/lib/go/src/sync/cond.go:71 +0x85
github.com/centrifugal/centrifuge/internal/dissolve.(*queueImpl).Wait(0xc012834b60)
	/home/mariell/go/pkg/mod/github.com/centrifugal/centrifuge@v0.33.3/internal/dissolve/queue.go:139 +0x4a
github.com/centrifugal/centrifuge/internal/dissolve.(*Dissolver).runWorker(0xc010117b90)
	/home/mariell/go/pkg/mod/github.com/centrifugal/centrifuge@v0.33.3/internal/dissolve/dissolve.go:52 +0x27
created by github.com/centrifugal/centrifuge/internal/dissolve.(*Dissolver).Run in goroutine 22319
	/home/mariell/go/pkg/mod/github.com/centrifugal/centrifuge@v0.33.3/internal/dissolve/dissolve.go:31 +0x25

goroutine 22599 [select]:
github.com/patrickmn/go-cache.(*janitor).Run(0xc00e251ae0, 0xc003fc91c0)
	/home/mariell/go/pkg/mod/github.com/patrickmn/go-cache@v2.1.0+incompatible/cache.go:1079 +0x7b
created by github.com/patrickmn/go-cache.runJanitor in goroutine 21352
	/home/mariell/go/pkg/mod/github.com/patrickmn/go-cache@v2.1.0+incompatible/cache.go:1099 +0xdb

goroutine 22528 [sync.Cond.Wait]:
sync.runtime_notifyListWait(0xc00a914410, 0x3a)
	/usr/lib/go/src/runtime/sema.go:597 +0x159
sync.(*Cond).Wait(0x0?)
	/usr/lib/go/src/sync/cond.go:71 +0x85
github.com/centrifugal/centrifuge/internal/dissolve.(*queueImpl).Wait(0xc00de6dab0)
	/home/mariell/go/pkg/mod/github.com/centrifugal/centrifuge@v0.33.3/internal/dissolve/queue.go:139 +0x4a
github.com/centrifugal/centrifuge/internal/dissolve.(*Dissolver).runWorker(0xc00e20d1e8)
	/home/mariell/go/pkg/mod/github.com/centrifugal/centrifuge@v0.33.3/internal/dissolve/dissolve.go:52 +0x27
created by github.com/centrifugal/centrifuge/internal/dissolve.(*Dissolver).Run in goroutine 21352
	/home/mariell/go/pkg/mod/github.com/centrifugal/centrifuge@v0.33.3/internal/dissolve/dissolve.go:31 +0x25

goroutine 22318 [select]:
github.com/grafana/grafana/pkg/server.(*Server).Shutdown.func1()
	/home/mariell/work/oss/grafana/pkg/server/server.go:192 +0x14e
sync.(*Once).doSlow(0x4ad?, 0x5cdac0?)
	/usr/lib/go/src/sync/once.go:78 +0xab
sync.(*Once).Do(...)
	/usr/lib/go/src/sync/once.go:69
github.com/grafana/grafana/pkg/server.(*Server).Shutdown(0x5cdac0?, {0xa9d1b58?, 0x11ab5f60?}, {0x953d300?, 0x5ceebc?})
	/home/mariell/work/oss/grafana/pkg/server/server.go:187 +0x88
github.com/grafana/grafana/pkg/tests/testinfra.StartGrafanaEnv.func3()
	/home/mariell/work/oss/grafana/pkg/tests/testinfra/testinfra.go:126 +0x4d
testing.(*common).Cleanup.func1()
	/usr/lib/go/src/testing/testing.go:1211 +0x106
testing.(*common).runCleanup(0xc010464540, 0xc011a1e8c0?)
	/usr/lib/go/src/testing/testing.go:1445 +0xea
testing.tRunner.func2()
	/usr/lib/go/src/testing/testing.go:1786 +0x25
runtime.Goexit()
	/usr/lib/go/src/runtime/panic.go:631 +0x5e
testing.(*common).FailNow(0xc010464540)
	/usr/lib/go/src/testing/testing.go:1041 +0x4a
github.com/stretchr/testify/require.NoError({0xa9764f8, 0xc010464540}, {0xa94d280, 0xc047c3f100}, {0x0, 0x0, 0x0})
	/home/mariell/go/pkg/mod/github.com/stretchr/testify@v1.10.0/require/require.go:1357 +0xca
github.com/grafana/grafana/pkg/tests/api/alerting.createUser(0xc010464540, {0xaa95e40, 0xc00e510460}, 0xc028b7a008, {{0x0, 0x0}, {0x0, 0x0}, {0x951def1, 0x7}, ...})
	/home/mariell/work/oss/grafana/pkg/tests/api/alerting/testing.go:1268 +0x285
github.com/grafana/grafana/pkg/tests/api/alerting.TestIntegrationPrometheusRulesPermissions(0xc010464540)
	/home/mariell/work/oss/grafana/pkg/tests/api/alerting/api_prometheus_test.go:694 +0xe9
testing.tRunner(0xc010464540, 0x9e55a88)
	/usr/lib/go/src/testing/testing.go:1792 +0xf4
created by testing.(*T).Run in goroutine 1
	/usr/lib/go/src/testing/testing.go:1851 +0x413

goroutine 33523 [select]:
net/http.(*persistConn).writeLoop(0xc006305e60)
	/usr/lib/go/src/net/http/transport.go:2590 +0xe7
created by net/http.(*Transport).dialConn in goroutine 33506
	/usr/lib/go/src/net/http/transport.go:1945 +0x17a5

goroutine 22481 [sync.Cond.Wait]:
sync.runtime_notifyListWait(0xc00a914410, 0xb)
	/usr/lib/go/src/runtime/sema.go:597 +0x159
sync.(*Cond).Wait(0x0?)
	/usr/lib/go/src/sync/cond.go:71 +0x85
github.com/centrifugal/centrifuge/internal/dissolve.(*queueImpl).Wait(0xc00de6dab0)
	/home/mariell/go/pkg/mod/github.com/centrifugal/centrifuge@v0.33.3/internal/dissolve/queue.go:139 +0x4a
github.com/centrifugal/centrifuge/internal/dissolve.(*Dissolver).runWorker(0xc00e20d1e8)
	/home/mariell/go/pkg/mod/github.com/centrifugal/centrifuge@v0.33.3/internal/dissolve/dissolve.go:52 +0x27
created by github.com/centrifugal/centrifuge/internal/dissolve.(*Dissolver).Run in goroutine 21352
	/home/mariell/go/pkg/mod/github.com/centrifugal/centrifuge@v0.33.3/internal/dissolve/dissolve.go:31 +0x25

goroutine 46724 [sync.Cond.Wait]:
sync.runtime_notifyListWait(0xc016303990, 0x1f)
	/usr/lib/go/src/runtime/sema.go:597 +0x159
sync.(*Cond).Wait(0xc01e912fd0?)
	/usr/lib/go/src/sync/cond.go:71 +0x85
github.com/centrifugal/centrifuge/internal/dissolve.(*queueImpl).Wait(0xc020154850)
	/home/mariell/go/pkg/mod/github.com/centrifugal/centrifuge@v0.33.3/internal/dissolve/queue.go:139 +0x4a
github.com/centrifugal/centrifuge/internal/dissolve.(*Dissolver).runWorker(0xc00b4e8b40)
	/home/mariell/go/pkg/mod/github.com/centrifugal/centrifuge@v0.33.3/internal/dissolve/dissolve.go:52 +0x27
created by github.com/centrifugal/centrifuge/internal/dissolve.(*Dissolver).Run in goroutine 45402
	/home/mariell/go/pkg/mod/github.com/centrifugal/centrifuge@v0.33.3/internal/dissolve/dissolve.go:31 +0x25

goroutine 22480 [sync.Cond.Wait]:
sync.runtime_notifyListWait(0xc00a914410, 0xa)
	/usr/lib/go/src/runtime/sema.go:597 +0x159
sync.(*Cond).Wait(0xc013b5c7d0?)
	/usr/lib/go/src/sync/cond.go:71 +0x85
github.com/centrifugal/centrifuge/internal/dissolve.(*queueImpl).Wait(0xc00de6dab0)
	/home/mariell/go/pkg/mod/github.com/centrifugal/centrifuge@v0.33.3/internal/dissolve/queue.go:139 +0x4a
github.com/centrifugal/centrifuge/internal/dissolve.(*Dissolver).runWorker(0xc00e20d1e8)
	/home/mariell/go/pkg/mod/github.com/centrifugal/centrifuge@v0.33.3/internal/dissolve/dissolve.go:52 +0x27
created by github.com/centrifugal/centrifuge/internal/dissolve.(*Dissolver).Run in goroutine 21352
	/home/mariell/go/pkg/mod/github.com/centrifugal/centrifuge@v0.33.3/internal/dissolve/dissolve.go:31 +0x25

goroutine 22527 [sync.Cond.Wait]:
sync.runtime_notifyListWait(0xc00a914410, 0x39)
	/usr/lib/go/src/runtime/sema.go:597 +0x159
sync.(*Cond).Wait(0x0?)
	/usr/lib/go/src/sync/cond.go:71 +0x85
github.com/centrifugal/centrifuge/internal/dissolve.(*queueImpl).Wait(0xc00de6dab0)
	/home/mariell/go/pkg/mod/github.com/centrifugal/centrifuge@v0.33.3/internal/dissolve/queue.go:139 +0x4a
github.com/centrifugal/centrifuge/internal/dissolve.(*Dissolver).runWorker(0xc00e20d1e8)
	/home/mariell/go/pkg/mod/github.com/centrifugal/centrifuge@v0.33.3/internal/dissolve/dissolve.go:52 +0x27
created by github.com/centrifugal/centrifuge/internal/dissolve.(*Dissolver).Run in goroutine 21352
	/home/mariell/go/pkg/mod/github.com/centrifugal/centrifuge@v0.33.3/internal/dissolve/dissolve.go:31 +0x25

goroutine 22468 [select]:
github.com/centrifugal/centrifuge.(*Node).sendNodePing(0xc00de7ed88)
	/home/mariell/go/pkg/mod/github.com/centrifugal/centrifuge@v0.33.3/node.go:380 +0x85
created by github.com/centrifugal/centrifuge.(*Node).Run in goroutine 21352
	/home/mariell/go/pkg/mod/github.com/centrifugal/centrifuge@v0.33.3/node.go:260 +0x225

goroutine 40952 [chan receive (nil chan)]:
k8s.io/apiserver/pkg/server.preparedGenericAPIServer.RunWithContext({0xc00cfb8f90?}, {0xa9d1d00, 0xc01219ba40})
	/home/mariell/go/pkg/mod/k8s.io/apiserver@v0.32.1/pkg/server/genericapiserver.go:710 +0x9c5
github.com/grafana/grafana/pkg/services/apiserver.(*service).startCoreServer.func1()
	/home/mariell/work/oss/grafana/pkg/services/apiserver/service.go:448 +0x28
created by github.com/grafana/grafana/pkg/services/apiserver.(*service).startCoreServer in goroutine 39277
	/home/mariell/work/oss/grafana/pkg/services/apiserver/service.go:447 +0x125

goroutine 22462 [select]:
github.com/FZambia/eagle.(*Eagle).aggregate(0xc00df92af0)
	/home/mariell/go/pkg/mod/github.com/!f!zambia/eagle@v0.1.0/eagle.go:210 +0x6d
created by github.com/FZambia/eagle.New in goroutine 21352
	/home/mariell/go/pkg/mod/github.com/!f!zambia/eagle@v0.1.0/eagle.go:66 +0x176

goroutine 22521 [sync.Cond.Wait]:
sync.runtime_notifyListWait(0xc00a914410, 0x33)
	/usr/lib/go/src/runtime/sema.go:597 +0x159
sync.(*Cond).Wait(0x0?)
	/usr/lib/go/src/sync/cond.go:71 +0x85
github.com/centrifugal/centrifuge/internal/dissolve.(*queueImpl).Wait(0xc00de6dab0)
	/home/mariell/go/pkg/mod/github.com/centrifugal/centrifuge@v0.33.3/internal/dissolve/queue.go:139 +0x4a
github.com/centrifugal/centrifuge/internal/dissolve.(*Dissolver).runWorker(0xc00e20d1e8)
	/home/mariell/go/pkg/mod/github.com/centrifugal/centrifuge@v0.33.3/internal/dissolve/dissolve.go:52 +0x27
created by github.com/centrifugal/centrifuge/internal/dissolve.(*Dissolver).Run in goroutine 21352
	/home/mariell/go/pkg/mod/github.com/centrifugal/centrifuge@v0.33.3/internal/dissolve/dissolve.go:31 +0x25

goroutine 22239 [select]:
github.com/patrickmn/go-cache.(*janitor).Run(0xc00d9196d0, 0xc00ff83ec0)
	/home/mariell/go/pkg/mod/github.com/patrickmn/go-cache@v2.1.0+incompatible/cache.go:1079 +0x7b
created by github.com/patrickmn/go-cache.runJanitor in goroutine 21352
	/home/mariell/go/pkg/mod/github.com/patrickmn/go-cache@v2.1.0+incompatible/cache.go:1099 +0xdb

goroutine 22522 [sync.Cond.Wait]:
sync.runtime_notifyListWait(0xc00a914410, 0x34)
	/usr/lib/go/src/runtime/sema.go:597 +0x159
sync.(*Cond).Wait(0x0?)
	/usr/lib/go/src/sync/cond.go:71 +0x85
github.com/centrifugal/centrifuge/internal/dissolve.(*queueImpl).Wait(0xc00de6dab0)
	/home/mariell/go/pkg/mod/github.com/centrifugal/centrifuge@v0.33.3/internal/dissolve/queue.go:139 +0x4a
github.com/centrifugal/centrifuge/internal/dissolve.(*Dissolver).runWorker(0xc00e20d1e8)
	/home/mariell/go/pkg/mod/github.com/centrifugal/centrifuge@v0.33.3/internal/dissolve/dissolve.go:52 +0x27
created by github.com/centrifugal/centrifuge/internal/dissolve.(*Dissolver).Run in goroutine 21352
	/home/mariell/go/pkg/mod/github.com/centrifugal/centrifuge@v0.33.3/internal/dissolve/dissolve.go:31 +0x25

goroutine 22520 [sync.Cond.Wait]:
sync.runtime_notifyListWait(0xc00a914410, 0x32)
	/usr/lib/go/src/runtime/sema.go:597 +0x159
sync.(*Cond).Wait(0x0?)
	/usr/lib/go/src/sync/cond.go:71 +0x85
github.com/centrifugal/centrifuge/internal/dissolve.(*queueImpl).Wait(0xc00de6dab0)
	/home/mariell/go/pkg/mod/github.com/centrifugal/centrifuge@v0.33.3/internal/dissolve/queue.go:139 +0x4a
github.com/centrifugal/centrifuge/internal/dissolve.(*Dissolver).runWorker(0xc00e20d1e8)
	/home/mariell/go/pkg/mod/github.com/centrifugal/centrifuge@v0.33.3/internal/dissolve/dissolve.go:52 +0x27
created by github.com/centrifugal/centrifuge/internal/dissolve.(*Dissolver).Run in goroutine 21352
	/home/mariell/go/pkg/mod/github.com/centrifugal/centrifuge@v0.33.3/internal/dissolve/dissolve.go:31 +0x25

goroutine 22523 [sync.Cond.Wait]:
sync.runtime_notifyListWait(0xc00a914410, 0x35)
	/usr/lib/go/src/runtime/sema.go:597 +0x159
sync.(*Cond).Wait(0x0?)
	/usr/lib/go/src/sync/cond.go:71 +0x85
github.com/centrifugal/centrifuge/internal/dissolve.(*queueImpl).Wait(0xc00de6dab0)
	/home/mariell/go/pkg/mod/github.com/centrifugal/centrifuge@v0.33.3/internal/dissolve/queue.go:139 +0x4a
github.com/centrifugal/centrifuge/internal/dissolve.(*Dissolver).runWorker(0xc00e20d1e8)
	/home/mariell/go/pkg/mod/github.com/centrifugal/centrifuge@v0.33.3/internal/dissolve/dissolve.go:52 +0x27
created by github.com/centrifugal/centrifuge/internal/dissolve.(*Dissolver).Run in goroutine 21352
	/home/mariell/go/pkg/mod/github.com/centrifugal/centrifuge@v0.33.3/internal/dissolve/dissolve.go:31 +0x25

goroutine 22677 [select]:
github.com/patrickmn/go-cache.(*janitor).Run(0xc00e2902b0, 0xc004f0ab40)
	/home/mariell/go/pkg/mod/github.com/patrickmn/go-cache@v2.1.0+incompatible/cache.go:1079 +0x7b
created by github.com/patrickmn/go-cache.runJanitor in goroutine 21352
	/home/mariell/go/pkg/mod/github.com/patrickmn/go-cache@v2.1.0+incompatible/cache.go:1099 +0xdb

goroutine 22524 [sync.Cond.Wait]:
sync.runtime_notifyListWait(0xc00a914410, 0x36)
	/usr/lib/go/src/runtime/sema.go:597 +0x159
sync.(*Cond).Wait(0x0?)
	/usr/lib/go/src/sync/cond.go:71 +0x85
github.com/centrifugal/centrifuge/internal/dissolve.(*queueImpl).Wait(0xc00de6dab0)
	/home/mariell/go/pkg/mod/github.com/centrifugal/centrifuge@v0.33.3/internal/dissolve/queue.go:139 +0x4a
github.com/centrifugal/centrifuge/internal/dissolve.(*Dissolver).runWorker(0xc00e20d1e8)
	/home/mariell/go/pkg/mod/github.com/centrifugal/centrifuge@v0.33.3/internal/dissolve/dissolve.go:52 +0x27
created by github.com/centrifugal/centrifuge/internal/dissolve.(*Dissolver).Run in goroutine 21352
	/home/mariell/go/pkg/mod/github.com/centrifugal/centrifuge@v0.33.3/internal/dissolve/dissolve.go:31 +0x25

goroutine 27446 [select]:
k8s.io/apimachinery/pkg/util/wait.BackoffUntil(0xc01364b100, {0xa95ac00, 0xc01168c3f0}, 0x1, 0xc01177d2d0)
	/home/mariell/go/pkg/mod/k8s.io/apimachinery@v0.32.1/pkg/util/wait/backoff.go:238 +0x12c
k8s.io/apimachinery/pkg/util/wait.JitterUntil(0xc01364b100, 0x3b9aca00, 0x3ff3333333333333, 0x1, 0xc01177d2d0)
	/home/mariell/go/pkg/mod/k8s.io/apimachinery@v0.32.1/pkg/util/wait/backoff.go:204 +0x7f
created by k8s.io/apiserver/pkg/registry/generic/registry.(*Store).startObservingCount in goroutine 24423
	/home/mariell/go/pkg/mod/k8s.io/apiserver@v0.32.1/pkg/registry/generic/registry/store.go:1666 +0x2f9

goroutine 77076 [select]:
github.com/centrifugal/centrifuge.(*Node).sendNodePing(0xc0242646c8)
	/home/mariell/go/pkg/mod/github.com/centrifugal/centrifuge@v0.33.3/node.go:380 +0x85
created by github.com/centrifugal/centrifuge.(*Node).Run in goroutine 4437
	/home/mariell/go/pkg/mod/github.com/centrifugal/centrifuge@v0.33.3/node.go:260 +0x225

goroutine 22526 [sync.Cond.Wait]:
sync.runtime_notifyListWait(0xc00a914410, 0x2f)
	/usr/lib/go/src/runtime/sema.go:597 +0x159
sync.(*Cond).Wait(0x0?)
	/usr/lib/go/src/sync/cond.go:71 +0x85
github.com/centrifugal/centrifuge/internal/dissolve.(*queueImpl).Wait(0xc00de6dab0)
	/home/mariell/go/pkg/mod/github.com/centrifugal/centrifuge@v0.33.3/internal/dissolve/queue.go:139 +0x4a
github.com/centrifugal/centrifuge/internal/dissolve.(*Dissolver).runWorker(0xc00e20d1e8)
	/home/mariell/go/pkg/mod/github.com/centrifugal/centrifuge@v0.33.3/internal/dissolve/dissolve.go:52 +0x27
created by github.com/centrifugal/centrifuge/internal/dissolve.(*Dissolver).Run in goroutine 21352
	/home/mariell/go/pkg/mod/github.com/centrifugal/centrifuge@v0.33.3/internal/dissolve/dissolve.go:31 +0x25

goroutine 22879 [IO wait]:
internal/poll.runtime_pollWait(0x7775583a3200, 0x72)
	/usr/lib/go/src/runtime/netpoll.go:351 +0x85
internal/poll.(*pollDesc).wait(0xc00e402780?, 0xc00ec8a000?, 0x0)
	/usr/lib/go/src/internal/poll/fd_poll_runtime.go:84 +0x27
internal/poll.(*pollDesc).waitRead(...)
	/usr/lib/go/src/internal/poll/fd_poll_runtime.go:89
internal/poll.(*FD).Read(0xc00e402780, {0xc00ec8a000, 0x1300, 0x1300})
	/usr/lib/go/src/internal/poll/fd_unix.go:165 +0x27a
net.(*netFD).Read(0xc00e402780, {0xc00ec8a000?, 0x7775582f3730?, 0x6?})
	/usr/lib/go/src/net/fd_posix.go:55 +0x25
net.(*conn).Read(0xc0088a63b0, {0xc00ec8a000?, 0x7775582f3730?, 0x7775a8b2ab80?})
	/usr/lib/go/src/net/net.go:194 +0x45
crypto/tls.(*atLeastReader).Read(0xc0125a65e8, {0xc00ec8a000?, 0x12fb?, 0x0?})
	/usr/lib/go/src/crypto/tls/conn.go:809 +0x3b
bytes.(*Buffer).ReadFrom(0xc00e44a9b8, {0xa94e300, 0xc0125a65e8})
	/usr/lib/go/src/bytes/buffer.go:211 +0x98
crypto/tls.(*Conn).readFromUntil(0xc00e44a708, {0xa94dc00, 0xc0088a63b0}, 0x444af4?)
	/usr/lib/go/src/crypto/tls/conn.go:831 +0xde
crypto/tls.(*Conn).readRecordOrCCS(0xc00e44a708, 0x0)
	/usr/lib/go/src/crypto/tls/conn.go:629 +0x3cf
crypto/tls.(*Conn).readRecord(...)
	/usr/lib/go/src/crypto/tls/conn.go:591
crypto/tls.(*Conn).Read(0xc00e44a708, {0xc00ec9c000, 0x1000, 0xc00ebe00c0?})
	/usr/lib/go/src/crypto/tls/conn.go:1385 +0x145
net/http.(*persistConn).Read(0xc00e432120, {0xc00ec9c000?, 0x81fe45?, 0xa94be80?})
	/usr/lib/go/src/net/http/transport.go:2122 +0x47
bufio.(*Reader).fill(0xc00eb80f00)
	/usr/lib/go/src/bufio/bufio.go:113 +0x103
bufio.(*Reader).Peek(0xc00eb80f00, 0x1)
	/usr/lib/go/src/bufio/bufio.go:152 +0x53
net/http.(*persistConn).readLoop(0xc00e432120)
	/usr/lib/go/src/net/http/transport.go:2275 +0x172
created by net/http.(*Transport).dialConn in goroutine 22872
	/usr/lib/go/src/net/http/transport.go:1944 +0x174f

goroutine 22317 [select]:
net/http.(*Transport).getConn(0x100d9fe0, 0xc0495a3a40, {{}, 0x0, {0xc0495a6330, 0x4}, {0xc048fc3590, 0xf}, 0x0})
	/usr/lib/go/src/net/http/transport.go:1520 +0x4ae
net/http.(*Transport).roundTrip(0x100d9fe0, 0xc0471fb400)
	/usr/lib/go/src/net/http/transport.go:685 +0xb57
net/http.(*Transport).RoundTrip(0xc047da9808?, 0xa94cca0?)
	/usr/lib/go/src/net/http/roundtrip.go:30 +0x13
net/http.send(0xc0471fb400, {0xa94cca0, 0x100d9fe0}, {0x6f6501?, 0xc0495a6337?, 0x0?})
	/usr/lib/go/src/net/http/client.go:259 +0x5e2
net/http.(*Client).send(0x11a6bc60, 0xc0471fb400, {0xb?, 0x1?, 0x0?})
	/usr/lib/go/src/net/http/client.go:180 +0x91
net/http.(*Client).do(0x11a6bc60, 0xc0471fb400)
	/usr/lib/go/src/net/http/client.go:728 +0x989
net/http.(*Client).Do(...)
	/usr/lib/go/src/net/http/client.go:587
net/http.(*Client).Get(0x11a6bc60, {0xc0495a6330?, 0xc04280bae0?})
	/usr/lib/go/src/net/http/client.go:484 +0x5f
net/http.Get(...)
	/usr/lib/go/src/net/http/client.go:453
github.com/grafana/grafana/pkg/tests/testinfra.StartGrafanaEnv(0xc010464380, {0xc0145c8910, 0x41}, {0xc01791caf0, 0x4f})
	/home/mariell/work/oss/grafana/pkg/tests/testinfra/testinfra.go:136 +0xb85
github.com/grafana/grafana/pkg/tests/api/alerting.TestIntegrationPrometheusRulesFilterByDashboard(0xc010464380)
	/home/mariell/work/oss/grafana/pkg/tests/api/alerting/api_prometheus_test.go:367 +0xff
testing.tRunner(0xc010464380, 0x9e55a80)
	/usr/lib/go/src/testing/testing.go:1792 +0xf4
created by testing.(*T).Run in goroutine 1
	/usr/lib/go/src/testing/testing.go:1851 +0x413

goroutine 38556 [select]:
go.opentelemetry.io/otel/sdk/trace.(*batchSpanProcessor).processQueue(0xc00c688320)
	/home/mariell/go/pkg/mod/go.opentelemetry.io/otel/sdk@v1.34.0/trace/batch_span_processor.go:302 +0x114
go.opentelemetry.io/otel/sdk/trace.NewBatchSpanProcessor.func1()
	/home/mariell/go/pkg/mod/go.opentelemetry.io/otel/sdk@v1.34.0/trace/batch_span_processor.go:117 +0x4e
created by go.opentelemetry.io/otel/sdk/trace.NewBatchSpanProcessor in goroutine 37971
	/home/mariell/go/pkg/mod/go.opentelemetry.io/otel/sdk@v1.34.0/trace/batch_span_processor.go:115 +0x2d9

goroutine 22591 [select]:
github.com/patrickmn/go-cache.(*janitor).Run(0xc00e23b730, 0xc006f29d00)
	/home/mariell/go/pkg/mod/github.com/patrickmn/go-cache@v2.1.0+incompatible/cache.go:1079 +0x7b
created by github.com/patrickmn/go-cache.runJanitor in goroutine 21352
	/home/mariell/go/pkg/mod/github.com/patrickmn/go-cache@v2.1.0+incompatible/cache.go:1099 +0xdb

goroutine 30122 [sync.Cond.Wait]:
sync.runtime_notifyListWait(0xc0029f6450, 0x27)
	/usr/lib/go/src/runtime/sema.go:597 +0x159
sync.(*Cond).Wait(0xc0071e4fd0?)
	/usr/lib/go/src/sync/cond.go:71 +0x85
github.com/centrifugal/centrifuge/internal/dissolve.(*queueImpl).Wait(0xc00ccdc000)
	/home/mariell/go/pkg/mod/github.com/centrifugal/centrifuge@v0.33.3/internal/dissolve/queue.go:139 +0x4a
github.com/centrifugal/centrifuge/internal/dissolve.(*Dissolver).runWorker(0xc00e0b3c50)
	/home/mariell/go/pkg/mod/github.com/centrifugal/centrifuge@v0.33.3/internal/dissolve/dissolve.go:52 +0x27
created by github.com/centrifugal/centrifuge/internal/dissolve.(*Dissolver).Run in goroutine 28801
	/home/mariell/go/pkg/mod/github.com/centrifugal/centrifuge@v0.33.3/internal/dissolve/dissolve.go:31 +0x25

goroutine 22869 [select]:
net/http.(*persistConn).writeLoop(0xc00e432000)
	/usr/lib/go/src/net/http/transport.go:2590 +0xe7
created by net/http.(*Transport).dialConn in goroutine 18321
	/usr/lib/go/src/net/http/transport.go:1945 +0x17a5

goroutine 25579 [sync.Cond.Wait]:
sync.runtime_notifyListWait(0xc012bf5590, 0x2e)
	/usr/lib/go/src/runtime/sema.go:597 +0x159
sync.(*Cond).Wait(0xc0097377d0?)
	/usr/lib/go/src/sync/cond.go:71 +0x85
github.com/centrifugal/centrifuge/internal/dissolve.(*queueImpl).Wait(0xc013b4b110)
	/home/mariell/go/pkg/mod/github.com/centrifugal/centrifuge@v0.33.3/internal/dissolve/queue.go:139 +0x4a
github.com/centrifugal/centrifuge/internal/dissolve.(*Dissolver).runWorker(0xc00faede18)
	/home/mariell/go/pkg/mod/github.com/centrifugal/centrifuge@v0.33.3/internal/dissolve/dissolve.go:52 +0x27
created by github.com/centrifugal/centrifuge/internal/dissolve.(*Dissolver).Run in goroutine 24436
	/home/mariell/go/pkg/mod/github.com/centrifugal/centrifuge@v0.33.3/internal/dissolve/dissolve.go:31 +0x25

goroutine 27443 [select]:
github.com/grafana/grafana/pkg/storage/unified/resource.(*broadcaster[...]).stream(0xab113a0, 0xc011808230)
	/home/mariell/work/oss/grafana/pkg/storage/unified/resource/broadcaster.go:205 +0x13d
created by github.com/grafana/grafana/pkg/storage/unified/resource.(*broadcaster[...]).init in goroutine 24423
	/home/mariell/work/oss/grafana/pkg/storage/unified/resource/broadcaster.go:177 +0x219

goroutine 27048 [sync.Cond.Wait]:
sync.runtime_notifyListWait(0xc00d5304d0, 0x2a)
	/usr/lib/go/src/runtime/sema.go:597 +0x159
sync.(*Cond).Wait(0x0?)
	/usr/lib/go/src/sync/cond.go:71 +0x85
github.com/centrifugal/centrifuge/internal/dissolve.(*queueImpl).Wait(0xc00dc00930)
	/home/mariell/go/pkg/mod/github.com/centrifugal/centrifuge@v0.33.3/internal/dissolve/queue.go:139 +0x4a
github.com/centrifugal/centrifuge/internal/dissolve.(*Dissolver).runWorker(0xc0128109a8)
	/home/mariell/go/pkg/mod/github.com/centrifugal/centrifuge@v0.33.3/internal/dissolve/dissolve.go:52 +0x27
created by github.com/centrifugal/centrifuge/internal/dissolve.(*Dissolver).Run in goroutine 24637
	/home/mariell/go/pkg/mod/github.com/centrifugal/centrifuge@v0.33.3/internal/dissolve/dissolve.go:31 +0x25

goroutine 22891 [select]:
github.com/grafana/grafana/pkg/storage/unified/resource.(*cache[...]).run(0xc013b96280)
	/home/mariell/work/oss/grafana/pkg/storage/unified/resource/broadcaster.go:291 +0xb0
created by github.com/grafana/grafana/pkg/storage/unified/resource.newChannelCache[...] in goroutine 22757
	/home/mariell/work/oss/grafana/pkg/storage/unified/resource/broadcaster.go:276 +0x189

goroutine 25408 [select]:
net/http.(*persistConn).writeLoop(0xc005cdc6c0)
	/usr/lib/go/src/net/http/transport.go:2590 +0xe7
created by net/http.(*Transport).dialConn in goroutine 25845
	/usr/lib/go/src/net/http/transport.go:1945 +0x17a5

goroutine 22493 [sync.Cond.Wait]:
sync.runtime_notifyListWait(0xc00a914410, 0x17)
	/usr/lib/go/src/runtime/sema.go:597 +0x159
sync.(*Cond).Wait(0xc013b6d7d0?)
	/usr/lib/go/src/sync/cond.go:71 +0x85
github.com/centrifugal/centrifuge/internal/dissolve.(*queueImpl).Wait(0xc00de6dab0)
	/home/mariell/go/pkg/mod/github.com/centrifugal/centrifuge@v0.33.3/internal/dissolve/queue.go:139 +0x4a
github.com/centrifugal/centrifuge/internal/dissolve.(*Dissolver).runWorker(0xc00e20d1e8)
	/home/mariell/go/pkg/mod/github.com/centrifugal/centrifuge@v0.33.3/internal/dissolve/dissolve.go:52 +0x27
created by github.com/centrifugal/centrifuge/internal/dissolve.(*Dissolver).Run in goroutine 21352
	/home/mariell/go/pkg/mod/github.com/centrifugal/centrifuge@v0.33.3/internal/dissolve/dissolve.go:31 +0x25

goroutine 27049 [sync.Cond.Wait]:
sync.runtime_notifyListWait(0xc00d5304d0, 0x28)
	/usr/lib/go/src/runtime/sema.go:597 +0x159
sync.(*Cond).Wait(0x0?)
	/usr/lib/go/src/sync/cond.go:71 +0x85
github.com/centrifugal/centrifuge/internal/dissolve.(*queueImpl).Wait(0xc00dc00930)
	/home/mariell/go/pkg/mod/github.com/centrifugal/centrifuge@v0.33.3/internal/dissolve/queue.go:139 +0x4a
github.com/centrifugal/centrifuge/internal/dissolve.(*Dissolver).runWorker(0xc0128109a8)
	/home/mariell/go/pkg/mod/github.com/centrifugal/centrifuge@v0.33.3/internal/dissolve/dissolve.go:52 +0x27
created by github.com/centrifugal/centrifuge/internal/dissolve.(*Dissolver).Run in goroutine 24637
	/home/mariell/go/pkg/mod/github.com/centrifugal/centrifuge@v0.33.3/internal/dissolve/dissolve.go:31 +0x25

goroutine 24009 [sync.Cond.Wait]:
sync.runtime_notifyListWait(0xc0142c1350, 0x8)
	/usr/lib/go/src/runtime/sema.go:597 +0x159
sync.(*Cond).Wait(0x0?)
	/usr/lib/go/src/sync/cond.go:71 +0x85
github.com/centrifugal/centrifuge/internal/dissolve.(*queueImpl).Wait(0xc012834b60)
	/home/mariell/go/pkg/mod/github.com/centrifugal/centrifuge@v0.33.3/internal/dissolve/queue.go:139 +0x4a
github.com/centrifugal/centrifuge/internal/dissolve.(*Dissolver).runWorker(0xc010117b90)
	/home/mariell/go/pkg/mod/github.com/centrifugal/centrifuge@v0.33.3/internal/dissolve/dissolve.go:52 +0x27
created by github.com/centrifugal/centrifuge/internal/dissolve.(*Dissolver).Run in goroutine 22319
	/home/mariell/go/pkg/mod/github.com/centrifugal/centrifuge@v0.33.3/internal/dissolve/dissolve.go:31 +0x25

goroutine 30105 [sync.Cond.Wait]:
sync.runtime_notifyListWait(0xc0029f6450, 0x20)
	/usr/lib/go/src/runtime/sema.go:597 +0x159
sync.(*Cond).Wait(0xc00cd397d0?)
	/usr/lib/go/src/sync/cond.go:71 +0x85
github.com/centrifugal/centrifuge/internal/dissolve.(*queueImpl).Wait(0xc00ccdc000)
	/home/mariell/go/pkg/mod/github.com/centrifugal/centrifuge@v0.33.3/internal/dissolve/queue.go:139 +0x4a
github.com/centrifugal/centrifuge/internal/dissolve.(*Dissolver).runWorker(0xc00e0b3c50)
	/home/mariell/go/pkg/mod/github.com/centrifugal/centrifuge@v0.33.3/internal/dissolve/dissolve.go:52 +0x27
created by github.com/centrifugal/centrifuge/internal/dissolve.(*Dissolver).Run in goroutine 28801
	/home/mariell/go/pkg/mod/github.com/centrifugal/centrifuge@v0.33.3/internal/dissolve/dissolve.go:31 +0x25

goroutine 48695 [select]:
go.opentelemetry.io/otel/sdk/trace.(*batchSpanProcessor).processQueue(0xc01a1092c0)
	/home/mariell/go/pkg/mod/go.opentelemetry.io/otel/sdk@v1.34.0/trace/batch_span_processor.go:302 +0x114
go.opentelemetry.io/otel/sdk/trace.NewBatchSpanProcessor.func1()
	/home/mariell/go/pkg/mod/go.opentelemetry.io/otel/sdk@v1.34.0/trace/batch_span_processor.go:117 +0x4e
created by go.opentelemetry.io/otel/sdk/trace.NewBatchSpanProcessor in goroutine 48632
	/home/mariell/go/pkg/mod/go.opentelemetry.io/otel/sdk@v1.34.0/trace/batch_span_processor.go:115 +0x2d9

goroutine 22732 [select]:
go.opentelemetry.io/otel/sdk/trace.(*batchSpanProcessor).processQueue(0xc00dcde280)
	/home/mariell/go/pkg/mod/go.opentelemetry.io/otel/sdk@v1.34.0/trace/batch_span_processor.go:302 +0x114
go.opentelemetry.io/otel/sdk/trace.NewBatchSpanProcessor.func1()
	/home/mariell/go/pkg/mod/go.opentelemetry.io/otel/sdk@v1.34.0/trace/batch_span_processor.go:117 +0x4e
created by go.opentelemetry.io/otel/sdk/trace.NewBatchSpanProcessor in goroutine 21352
	/home/mariell/go/pkg/mod/go.opentelemetry.io/otel/sdk@v1.34.0/trace/batch_span_processor.go:115 +0x2d9

goroutine 32015 [select]:
k8s.io/apimachinery/pkg/util/wait.BackoffUntil(0xc00f402dc0, {0xa95ac00, 0xc01375a0f0}, 0x1, 0xc0123de700)
	/home/mariell/go/pkg/mod/k8s.io/apimachinery@v0.32.1/pkg/util/wait/backoff.go:238 +0x12c
k8s.io/apimachinery/pkg/util/wait.JitterUntil(0xc00f402dc0, 0x3b9aca00, 0x3ff3333333333333, 0x1, 0xc0123de700)
	/home/mariell/go/pkg/mod/k8s.io/apimachinery@v0.32.1/pkg/util/wait/backoff.go:204 +0x7f
created by k8s.io/apiserver/pkg/registry/generic/registry.(*Store).startObservingCount in goroutine 30401
	/home/mariell/go/pkg/mod/k8s.io/apiserver@v0.32.1/pkg/registry/generic/registry/store.go:1666 +0x2f9

goroutine 26901 [select]:
github.com/grafana/grafana/pkg/storage/unified/resource.(*broadcaster[...]).stream(0xab113a0, 0xc00d934d90)
	/home/mariell/work/oss/grafana/pkg/storage/unified/resource/broadcaster.go:205 +0x13d
created by github.com/grafana/grafana/pkg/storage/unified/resource.(*broadcaster[...]).init in goroutine 24637
	/home/mariell/work/oss/grafana/pkg/storage/unified/resource/broadcaster.go:177 +0x219

goroutine 32013 [select]:
k8s.io/apimachinery/pkg/util/wait.BackoffUntil(0xc00679e4c0, {0xa95ac00, 0xc01375a0c0}, 0x1, 0xc011583f10)
	/home/mariell/go/pkg/mod/k8s.io/apimachinery@v0.32.1/pkg/util/wait/backoff.go:238 +0x12c
k8s.io/apimachinery/pkg/util/wait.JitterUntil(0xc00679e4c0, 0x3b9aca00, 0x3ff3333333333333, 0x1, 0xc011583f10)
	/home/mariell/go/pkg/mod/k8s.io/apimachinery@v0.32.1/pkg/util/wait/backoff.go:204 +0x7f
created by k8s.io/apiserver/pkg/registry/generic/registry.(*Store).startObservingCount in goroutine 30401
	/home/mariell/go/pkg/mod/k8s.io/apiserver@v0.32.1/pkg/registry/generic/registry/store.go:1666 +0x2f9

goroutine 30104 [sync.Cond.Wait]:
sync.runtime_notifyListWait(0xc0029f6450, 0x23)
	/usr/lib/go/src/runtime/sema.go:597 +0x159
sync.(*Cond).Wait(0x0?)
	/usr/lib/go/src/sync/cond.go:71 +0x85
github.com/centrifugal/centrifuge/internal/dissolve.(*queueImpl).Wait(0xc00ccdc000)
	/home/mariell/go/pkg/mod/github.com/centrifugal/centrifuge@v0.33.3/internal/dissolve/queue.go:139 +0x4a
github.com/centrifugal/centrifuge/internal/dissolve.(*Dissolver).runWorker(0xc00e0b3c50)
	/home/mariell/go/pkg/mod/github.com/centrifugal/centrifuge@v0.33.3/internal/dissolve/dissolve.go:52 +0x27
created by github.com/centrifugal/centrifuge/internal/dissolve.(*Dissolver).Run in goroutine 28801
	/home/mariell/go/pkg/mod/github.com/centrifugal/centrifuge@v0.33.3/internal/dissolve/dissolve.go:31 +0x25

goroutine 30066 [select]:
github.com/centrifugal/centrifuge.(*Node).updateMetrics(0xc007e37d48)
	/home/mariell/go/pkg/mod/github.com/centrifugal/centrifuge@v0.33.3/node.go:335 +0x85
created by github.com/centrifugal/centrifuge.(*Node).Run in goroutine 28801
	/home/mariell/go/pkg/mod/github.com/centrifugal/centrifuge@v0.33.3/node.go:262 +0x2a5

goroutine 29946 [chan receive]:
github.com/grafana/grafana/pkg/storage/unified/sql.(*channelNotifier).notify.func1()
	/home/mariell/work/oss/grafana/pkg/storage/unified/sql/notifier.go:87 +0x39
created by github.com/grafana/grafana/pkg/storage/unified/sql.(*channelNotifier).notify in goroutine 28801
	/home/mariell/work/oss/grafana/pkg/storage/unified/sql/notifier.go:86 +0xdb

goroutine 32006 [chan receive]:
github.com/grafana/grafana/pkg/registry/apis/dashboard/legacy.(*dashboardSqlAccess).WatchWriteEvents.func1()
	/home/mariell/work/oss/grafana/pkg/registry/apis/dashboard/legacy/storage.go:238 +0x50
created by github.com/grafana/grafana/pkg/registry/apis/dashboard/legacy.(*dashboardSqlAccess).WatchWriteEvents in goroutine 30401
	/home/mariell/work/oss/grafana/pkg/registry/apis/dashboard/legacy/storage.go:236 +0x1b6

goroutine 25906 [select]:
net/http.(*persistConn).writeLoop(0xc005cb8000)
	/usr/lib/go/src/net/http/transport.go:2590 +0xe7
created by net/http.(*Transport).dialConn in goroutine 25796
	/usr/lib/go/src/net/http/transport.go:1945 +0x17a5

goroutine 27021 [sync.Cond.Wait]:
sync.runtime_notifyListWait(0xc00d5304d0, 0x16)
	/usr/lib/go/src/runtime/sema.go:597 +0x159
sync.(*Cond).Wait(0x0?)
	/usr/lib/go/src/sync/cond.go:71 +0x85
github.com/centrifugal/centrifuge/internal/dissolve.(*queueImpl).Wait(0xc00dc00930)
	/home/mariell/go/pkg/mod/github.com/centrifugal/centrifuge@v0.33.3/internal/dissolve/queue.go:139 +0x4a
github.com/centrifugal/centrifuge/internal/dissolve.(*Dissolver).runWorker(0xc0128109a8)
	/home/mariell/go/pkg/mod/github.com/centrifugal/centrifuge@v0.33.3/internal/dissolve/dissolve.go:52 +0x27
created by github.com/centrifugal/centrifuge/internal/dissolve.(*Dissolver).Run in goroutine 24637
	/home/mariell/go/pkg/mod/github.com/centrifugal/centrifuge@v0.33.3/internal/dissolve/dissolve.go:31 +0x25

goroutine 25575 [sync.Cond.Wait]:
sync.runtime_notifyListWait(0xc012bf5590, 0x28)
	/usr/lib/go/src/runtime/sema.go:597 +0x159
sync.(*Cond).Wait(0x0?)
	/usr/lib/go/src/sync/cond.go:71 +0x85
github.com/centrifugal/centrifuge/internal/dissolve.(*queueImpl).Wait(0xc013b4b110)
	/home/mariell/go/pkg/mod/github.com/centrifugal/centrifuge@v0.33.3/internal/dissolve/queue.go:139 +0x4a
github.com/centrifugal/centrifuge/internal/dissolve.(*Dissolver).runWorker(0xc00faede18)
	/home/mariell/go/pkg/mod/github.com/centrifugal/centrifuge@v0.33.3/internal/dissolve/dissolve.go:52 +0x27
created by github.com/centrifugal/centrifuge/internal/dissolve.(*Dissolver).Run in goroutine 24436
	/home/mariell/go/pkg/mod/github.com/centrifugal/centrifuge@v0.33.3/internal/dissolve/dissolve.go:31 +0x25

goroutine 26900 [select]:
github.com/grafana/grafana/pkg/storage/unified/resource.(*cache[...]).run(0xc00280af50)
	/home/mariell/work/oss/grafana/pkg/storage/unified/resource/broadcaster.go:291 +0xb0
created by github.com/grafana/grafana/pkg/storage/unified/resource.newChannelCache[...] in goroutine 24637
	/home/mariell/work/oss/grafana/pkg/storage/unified/resource/broadcaster.go:276 +0x189

goroutine 59397 [runnable]:
go.opentelemetry.io/otel/sdk/trace.(*batchSpanProcessor).processQueue(0xc00c709360)
	/home/mariell/go/pkg/mod/go.opentelemetry.io/otel/sdk@v1.34.0/trace/batch_span_processor.go:302 +0x114
go.opentelemetry.io/otel/sdk/trace.NewBatchSpanProcessor.func1()
	/home/mariell/go/pkg/mod/go.opentelemetry.io/otel/sdk@v1.34.0/trace/batch_span_processor.go:117 +0x4e
created by go.opentelemetry.io/otel/sdk/trace.NewBatchSpanProcessor in goroutine 3350
	/home/mariell/go/pkg/mod/go.opentelemetry.io/otel/sdk@v1.34.0/trace/batch_span_processor.go:115 +0x2d9

goroutine 25576 [sync.Cond.Wait]:
sync.runtime_notifyListWait(0xc012bf5590, 0x29)
	/usr/lib/go/src/runtime/sema.go:597 +0x159
sync.(*Cond).Wait(0xc0124c5fd0?)
	/usr/lib/go/src/sync/cond.go:71 +0x85
github.com/centrifugal/centrifuge/internal/dissolve.(*queueImpl).Wait(0xc013b4b110)
	/home/mariell/go/pkg/mod/github.com/centrifugal/centrifuge@v0.33.3/internal/dissolve/queue.go:139 +0x4a
github.com/centrifugal/centrifuge/internal/dissolve.(*Dissolver).runWorker(0xc00faede18)
	/home/mariell/go/pkg/mod/github.com/centrifugal/centrifuge@v0.33.3/internal/dissolve/dissolve.go:52 +0x27
created by github.com/centrifugal/centrifuge/internal/dissolve.(*Dissolver).Run in goroutine 24436
	/home/mariell/go/pkg/mod/github.com/centrifugal/centrifuge@v0.33.3/internal/dissolve/dissolve.go:31 +0x25

goroutine 25557 [sync.Cond.Wait]:
sync.runtime_notifyListWait(0xc012bf5590, 0x0)
	/usr/lib/go/src/runtime/sema.go:597 +0x159
sync.(*Cond).Wait(0xc0124c67d0?)
	/usr/lib/go/src/sync/cond.go:71 +0x85
github.com/centrifugal/centrifuge/internal/dissolve.(*queueImpl).Wait(0xc013b4b110)
	/home/mariell/go/pkg/mod/github.com/centrifugal/centrifuge@v0.33.3/internal/dissolve/queue.go:139 +0x4a
github.com/centrifugal/centrifuge/internal/dissolve.(*Dissolver).runWorker(0xc00faede18)
	/home/mariell/go/pkg/mod/github.com/centrifugal/centrifuge@v0.33.3/internal/dissolve/dissolve.go:52 +0x27
created by github.com/centrifugal/centrifuge/internal/dissolve.(*Dissolver).Run in goroutine 24436
	/home/mariell/go/pkg/mod/github.com/centrifugal/centrifuge@v0.33.3/internal/dissolve/dissolve.go:31 +0x25

goroutine 25548 [sync.Cond.Wait]:
sync.runtime_notifyListWait(0xc012bf5590, 0x8)
	/usr/lib/go/src/runtime/sema.go:597 +0x159
sync.(*Cond).Wait(0xc0124c6fd0?)
	/usr/lib/go/src/sync/cond.go:71 +0x85
github.com/centrifugal/centrifuge/internal/dissolve.(*queueImpl).Wait(0xc013b4b110)
	/home/mariell/go/pkg/mod/github.com/centrifugal/centrifuge@v0.33.3/internal/dissolve/queue.go:139 +0x4a
github.com/centrifugal/centrifuge/internal/dissolve.(*Dissolver).runWorker(0xc00faede18)
	/home/mariell/go/pkg/mod/github.com/centrifugal/centrifuge@v0.33.3/internal/dissolve/dissolve.go:52 +0x27
created by github.com/centrifugal/centrifuge/internal/dissolve.(*Dissolver).Run in goroutine 24436
	/home/mariell/go/pkg/mod/github.com/centrifugal/centrifuge@v0.33.3/internal/dissolve/dissolve.go:31 +0x25

goroutine 28828 [IO wait]:
internal/poll.runtime_pollWait(0x7775581710b0, 0x72)
	/usr/lib/go/src/runtime/netpoll.go:351 +0x85
internal/poll.(*pollDesc).wait(0xc00e261380?, 0xc014851900?, 0x0)
	/usr/lib/go/src/internal/poll/fd_poll_runtime.go:84 +0x27
internal/poll.(*pollDesc).waitRead(...)
	/usr/lib/go/src/internal/poll/fd_poll_runtime.go:89
internal/poll.(*FD).Read(0xc00e261380, {0xc014851900, 0x1300, 0x1300})
	/usr/lib/go/src/internal/poll/fd_unix.go:165 +0x27a
net.(*netFD).Read(0xc00e261380, {0xc014851900?, 0xc014851900?, 0x5?})
	/usr/lib/go/src/net/fd_posix.go:55 +0x25
net.(*conn).Read(0xc017e2ceb8, {0xc014851900?, 0x77755840eb30?, 0x7775a8b28f30?})
	/usr/lib/go/src/net/net.go:194 +0x45
crypto/tls.(*atLeastReader).Read(0xc0131d0e88, {0xc014851900?, 0x12fb?, 0x0?})
	/usr/lib/go/src/crypto/tls/conn.go:809 +0x3b
bytes.(*Buffer).ReadFrom(0xc00de66638, {0xa94e300, 0xc0131d0e88})
	/usr/lib/go/src/bytes/buffer.go:211 +0x98
crypto/tls.(*Conn).readFromUntil(0xc00de66388, {0xa94dc00, 0xc017e2ceb8}, 0x444af4?)
	/usr/lib/go/src/crypto/tls/conn.go:831 +0xde
crypto/tls.(*Conn).readRecordOrCCS(0xc00de66388, 0x0)
	/usr/lib/go/src/crypto/tls/conn.go:629 +0x3cf
crypto/tls.(*Conn).readRecord(...)
	/usr/lib/go/src/crypto/tls/conn.go:591
crypto/tls.(*Conn).Read(0xc00de66388, {0xc00e0df000, 0x1000, 0xc0127f65d0?})
	/usr/lib/go/src/crypto/tls/conn.go:1385 +0x145
net/http.(*persistConn).Read(0xc005ed70e0, {0xc00e0df000?, 0x81fe45?, 0xa94be80?})
	/usr/lib/go/src/net/http/transport.go:2122 +0x47
bufio.(*Reader).fill(0xc015d9c5a0)
	/usr/lib/go/src/bufio/bufio.go:113 +0x103
bufio.(*Reader).Peek(0xc015d9c5a0, 0x1)
	/usr/lib/go/src/bufio/bufio.go:152 +0x53
net/http.(*persistConn).readLoop(0xc005ed70e0)
	/usr/lib/go/src/net/http/transport.go:2275 +0x172
created by net/http.(*Transport).dialConn in goroutine 28790
	/usr/lib/go/src/net/http/transport.go:1944 +0x174f

goroutine 28905 [IO wait]:
internal/poll.runtime_pollWait(0x777558171628, 0x72)
	/usr/lib/go/src/runtime/netpoll.go:351 +0x85
internal/poll.(*pollDesc).wait(0xc00ed66280?, 0xc00f69a000?, 0x0)
	/usr/lib/go/src/internal/poll/fd_poll_runtime.go:84 +0x27
internal/poll.(*pollDesc).waitRead(...)
	/usr/lib/go/src/internal/poll/fd_poll_runtime.go:89
internal/poll.(*FD).Read(0xc00ed66280, {0xc00f69a000, 0x1300, 0x1300})
	/usr/lib/go/src/internal/poll/fd_unix.go:165 +0x27a
net.(*netFD).Read(0xc00ed66280, {0xc00f69a000?, 0xc00eca28f0?, 0x4252b6?})
	/usr/lib/go/src/net/fd_posix.go:55 +0x25
net.(*conn).Read(0xc0161f7640, {0xc00f69a000?, 0x77755832f830?, 0x7775a8b28f30?})
	/usr/lib/go/src/net/net.go:194 +0x45
crypto/tls.(*atLeastReader).Read(0xc0165fa9c0, {0xc00f69a000?, 0xc00eca2998?, 0xaaa0878?})
	/usr/lib/go/src/crypto/tls/conn.go:809 +0x3b
bytes.(*Buffer).ReadFrom(0xc00e1057b8, {0xa94e300, 0xc0165fa9c0})
	/usr/lib/go/src/bytes/buffer.go:211 +0x98
crypto/tls.(*Conn).readFromUntil(0xc00e105508, {0xa94dc00, 0xc0161f7640}, 0x444af4?)
	/usr/lib/go/src/crypto/tls/conn.go:831 +0xde
crypto/tls.(*Conn).readRecordOrCCS(0xc00e105508, 0x0)
	/usr/lib/go/src/crypto/tls/conn.go:629 +0x3cf
crypto/tls.(*Conn).readRecord(...)
	/usr/lib/go/src/crypto/tls/conn.go:591
crypto/tls.(*Conn).Read(0xc00e105508, {0xc00f2cd000, 0x1000, 0x7775a8b28f30?})
	/usr/lib/go/src/crypto/tls/conn.go:1385 +0x145
net/http.(*persistConn).Read(0xc0048a6fc0, {0xc00f2cd000?, 0x4141c5?, 0x68?})
	/usr/lib/go/src/net/http/transport.go:2122 +0x47
bufio.(*Reader).fill(0xc0115b5b00)
	/usr/lib/go/src/bufio/bufio.go:113 +0x103
bufio.(*Reader).Peek(0xc0115b5b00, 0x1)
	/usr/lib/go/src/bufio/bufio.go:152 +0x53
net/http.(*persistConn).readLoop(0xc0048a6fc0)
	/usr/lib/go/src/net/http/transport.go:2275 +0x172
created by net/http.(*Transport).dialConn in goroutine 28823
	/usr/lib/go/src/net/http/transport.go:1944 +0x174f

goroutine 25337 [sync.Cond.Wait]:
sync.runtime_notifyListWait(0xc012bf5590, 0x13)
	/usr/lib/go/src/runtime/sema.go:597 +0x159
sync.(*Cond).Wait(0x0?)
	/usr/lib/go/src/sync/cond.go:71 +0x85
github.com/centrifugal/centrifuge/internal/dissolve.(*queueImpl).Wait(0xc013b4b110)
	/home/mariell/go/pkg/mod/github.com/centrifugal/centrifuge@v0.33.3/internal/dissolve/queue.go:139 +0x4a
github.com/centrifugal/centrifuge/internal/dissolve.(*Dissolver).runWorker(0xc00faede18)
	/home/mariell/go/pkg/mod/github.com/centrifugal/centrifuge@v0.33.3/internal/dissolve/dissolve.go:52 +0x27
created by github.com/centrifugal/centrifuge/internal/dissolve.(*Dissolver).Run in goroutine 24436
	/home/mariell/go/pkg/mod/github.com/centrifugal/centrifuge@v0.33.3/internal/dissolve/dissolve.go:31 +0x25

goroutine 27053 [sync.Cond.Wait]:
sync.runtime_notifyListWait(0xc00d5304d0, 0x2e)
	/usr/lib/go/src/runtime/sema.go:597 +0x159
sync.(*Cond).Wait(0xc012bdcfd0?)
	/usr/lib/go/src/sync/cond.go:71 +0x85
github.com/centrifugal/centrifuge/internal/dissolve.(*queueImpl).Wait(0xc00dc00930)
	/home/mariell/go/pkg/mod/github.com/centrifugal/centrifuge@v0.33.3/internal/dissolve/queue.go:139 +0x4a
github.com/centrifugal/centrifuge/internal/dissolve.(*Dissolver).runWorker(0xc0128109a8)
	/home/mariell/go/pkg/mod/github.com/centrifugal/centrifuge@v0.33.3/internal/dissolve/dissolve.go:52 +0x27
created by github.com/centrifugal/centrifuge/internal/dissolve.(*Dissolver).Run in goroutine 24637
	/home/mariell/go/pkg/mod/github.com/centrifugal/centrifuge@v0.33.3/internal/dissolve/dissolve.go:31 +0x25

goroutine 25562 [sync.Cond.Wait]:
sync.runtime_notifyListWait(0xc012bf5590, 0x21)
	/usr/lib/go/src/runtime/sema.go:597 +0x159
sync.(*Cond).Wait(0x0?)
	/usr/lib/go/src/sync/cond.go:71 +0x85
github.com/centrifugal/centrifuge/internal/dissolve.(*queueImpl).Wait(0xc013b4b110)
	/home/mariell/go/pkg/mod/github.com/centrifugal/centrifuge@v0.33.3/internal/dissolve/queue.go:139 +0x4a
github.com/centrifugal/centrifuge/internal/dissolve.(*Dissolver).runWorker(0xc00faede18)
	/home/mariell/go/pkg/mod/github.com/centrifugal/centrifuge@v0.33.3/internal/dissolve/dissolve.go:52 +0x27
created by github.com/centrifugal/centrifuge/internal/dissolve.(*Dissolver).Run in goroutine 24436
	/home/mariell/go/pkg/mod/github.com/centrifugal/centrifuge@v0.33.3/internal/dissolve/dissolve.go:31 +0x25

goroutine 26999 [select]:
github.com/FZambia/eagle.(*Eagle).aggregate(0xc00dc018f0)
	/home/mariell/go/pkg/mod/github.com/!f!zambia/eagle@v0.1.0/eagle.go:210 +0x6d
created by github.com/FZambia/eagle.New in goroutine 24637
	/home/mariell/go/pkg/mod/github.com/!f!zambia/eagle@v0.1.0/eagle.go:66 +0x176

goroutine 25561 [sync.Cond.Wait]:
sync.runtime_notifyListWait(0xc012bf5590, 0x20)
	/usr/lib/go/src/runtime/sema.go:597 +0x159
sync.(*Cond).Wait(0x0?)
	/usr/lib/go/src/sync/cond.go:71 +0x85
github.com/centrifugal/centrifuge/internal/dissolve.(*queueImpl).Wait(0xc013b4b110)
	/home/mariell/go/pkg/mod/github.com/centrifugal/centrifuge@v0.33.3/internal/dissolve/queue.go:139 +0x4a
github.com/centrifugal/centrifuge/internal/dissolve.(*Dissolver).runWorker(0xc00faede18)
	/home/mariell/go/pkg/mod/github.com/centrifugal/centrifuge@v0.33.3/internal/dissolve/dissolve.go:52 +0x27
created by github.com/centrifugal/centrifuge/internal/dissolve.(*Dissolver).Run in goroutine 24436
	/home/mariell/go/pkg/mod/github.com/centrifugal/centrifuge@v0.33.3/internal/dissolve/dissolve.go:31 +0x25

goroutine 27036 [sync.Cond.Wait]:
sync.runtime_notifyListWait(0xc00d5304d0, 0x20)
	/usr/lib/go/src/runtime/sema.go:597 +0x159
sync.(*Cond).Wait(0x0?)
	/usr/lib/go/src/sync/cond.go:71 +0x85
github.com/centrifugal/centrifuge/internal/dissolve.(*queueImpl).Wait(0xc00dc00930)
	/home/mariell/go/pkg/mod/github.com/centrifugal/centrifuge@v0.33.3/internal/dissolve/queue.go:139 +0x4a
github.com/centrifugal/centrifuge/internal/dissolve.(*Dissolver).runWorker(0xc0128109a8)
	/home/mariell/go/pkg/mod/github.com/centrifugal/centrifuge@v0.33.3/internal/dissolve/dissolve.go:52 +0x27
created by github.com/centrifugal/centrifuge/internal/dissolve.(*Dissolver).Run in goroutine 24637
	/home/mariell/go/pkg/mod/github.com/centrifugal/centrifuge@v0.33.3/internal/dissolve/dissolve.go:31 +0x25

goroutine 27301 [select]:
net/http.(*persistConn).writeLoop(0xc0052ce120)
	/usr/lib/go/src/net/http/transport.go:2590 +0xe7
created by net/http.(*Transport).dialConn in goroutine 25918
	/usr/lib/go/src/net/http/transport.go:1945 +0x17a5

goroutine 26846 [sync.Cond.Wait]:
sync.runtime_notifyListWait(0xc00d5304d0, 0x1)
	/usr/lib/go/src/runtime/sema.go:597 +0x159
sync.(*Cond).Wait(0xc00cd34fd0?)
	/usr/lib/go/src/sync/cond.go:71 +0x85
github.com/centrifugal/centrifuge/internal/dissolve.(*queueImpl).Wait(0xc00dc00930)
	/home/mariell/go/pkg/mod/github.com/centrifugal/centrifuge@v0.33.3/internal/dissolve/queue.go:139 +0x4a
github.com/centrifugal/centrifuge/internal/dissolve.(*Dissolver).runWorker(0xc0128109a8)
	/home/mariell/go/pkg/mod/github.com/centrifugal/centrifuge@v0.33.3/internal/dissolve/dissolve.go:52 +0x27
created by github.com/centrifugal/centrifuge/internal/dissolve.(*Dissolver).Run in goroutine 24637
	/home/mariell/go/pkg/mod/github.com/centrifugal/centrifuge@v0.33.3/internal/dissolve/dissolve.go:31 +0x25

goroutine 33133 [sync.Cond.Wait]:
sync.runtime_notifyListWait(0xc019c7fcd0, 0x1a)
	/usr/lib/go/src/runtime/sema.go:597 +0x159
sync.(*Cond).Wait(0x0?)
	/usr/lib/go/src/sync/cond.go:71 +0x85
github.com/centrifugal/centrifuge/internal/dissolve.(*queueImpl).Wait(0xc012092e00)
	/home/mariell/go/pkg/mod/github.com/centrifugal/centrifuge@v0.33.3/internal/dissolve/queue.go:139 +0x4a
github.com/centrifugal/centrifuge/internal/dissolve.(*Dissolver).runWorker(0xc01ba3c438)
	/home/mariell/go/pkg/mod/github.com/centrifugal/centrifuge@v0.33.3/internal/dissolve/dissolve.go:52 +0x27
created by github.com/centrifugal/centrifuge/internal/dissolve.(*Dissolver).Run in goroutine 31996
	/home/mariell/go/pkg/mod/github.com/centrifugal/centrifuge@v0.33.3/internal/dissolve/dissolve.go:31 +0x25

goroutine 23858 [select]:
github.com/patrickmn/go-cache.(*janitor).Run(0xc00f8d4170, 0xc00ef58980)
	/home/mariell/go/pkg/mod/github.com/patrickmn/go-cache@v2.1.0+incompatible/cache.go:1079 +0x7b
created by github.com/patrickmn/go-cache.runJanitor in goroutine 22319
	/home/mariell/go/pkg/mod/github.com/patrickmn/go-cache@v2.1.0+incompatible/cache.go:1099 +0xdb

goroutine 28530 [select]:
github.com/centrifugal/centrifuge.(*historyHub).removeStreams(0xc00d87cd80)
	/home/mariell/go/pkg/mod/github.com/centrifugal/centrifuge@v0.33.3/broker_memory.go:259 +0x6f
created by github.com/centrifugal/centrifuge.(*historyHub).runCleanups in goroutine 27309
	/home/mariell/go/pkg/mod/github.com/centrifugal/centrifuge@v0.33.3/broker_memory.go:253 +0x96

goroutine 24044 [sync.Cond.Wait]:
sync.runtime_notifyListWait(0xc0142c1350, 0x2b)
	/usr/lib/go/src/runtime/sema.go:597 +0x159
sync.(*Cond).Wait(0x0?)
	/usr/lib/go/src/sync/cond.go:71 +0x85
github.com/centrifugal/centrifuge/internal/dissolve.(*queueImpl).Wait(0xc012834b60)
	/home/mariell/go/pkg/mod/github.com/centrifugal/centrifuge@v0.33.3/internal/dissolve/queue.go:139 +0x4a
github.com/centrifugal/centrifuge/internal/dissolve.(*Dissolver).runWorker(0xc010117b90)
	/home/mariell/go/pkg/mod/github.com/centrifugal/centrifuge@v0.33.3/internal/dissolve/dissolve.go:52 +0x27
created by github.com/centrifugal/centrifuge/internal/dissolve.(*Dissolver).Run in goroutine 22319
	/home/mariell/go/pkg/mod/github.com/centrifugal/centrifuge@v0.33.3/internal/dissolve/dissolve.go:31 +0x25

goroutine 24015 [sync.Cond.Wait]:
sync.runtime_notifyListWait(0xc0142c1350, 0xe)
	/usr/lib/go/src/runtime/sema.go:597 +0x159
sync.(*Cond).Wait(0xc00b618fd0?)
	/usr/lib/go/src/sync/cond.go:71 +0x85
github.com/centrifugal/centrifuge/internal/dissolve.(*queueImpl).Wait(0xc012834b60)
	/home/mariell/go/pkg/mod/github.com/centrifugal/centrifuge@v0.33.3/internal/dissolve/queue.go:139 +0x4a
github.com/centrifugal/centrifuge/internal/dissolve.(*Dissolver).runWorker(0xc010117b90)
	/home/mariell/go/pkg/mod/github.com/centrifugal/centrifuge@v0.33.3/internal/dissolve/dissolve.go:52 +0x27
created by github.com/centrifugal/centrifuge/internal/dissolve.(*Dissolver).Run in goroutine 22319
	/home/mariell/go/pkg/mod/github.com/centrifugal/centrifuge@v0.33.3/internal/dissolve/dissolve.go:31 +0x25

goroutine 37532 [sync.Cond.Wait]:
sync.runtime_notifyListWait(0xc01affc250, 0x9)
	/usr/lib/go/src/runtime/sema.go:597 +0x159
sync.(*Cond).Wait(0xc01aad7fd0?)
	/usr/lib/go/src/sync/cond.go:71 +0x85
github.com/centrifugal/centrifuge/internal/dissolve.(*queueImpl).Wait(0xc01821cd90)
	/home/mariell/go/pkg/mod/github.com/centrifugal/centrifuge@v0.33.3/internal/dissolve/queue.go:139 +0x4a
github.com/centrifugal/centrifuge/internal/dissolve.(*Dissolver).runWorker(0xc0024fff08)
	/home/mariell/go/pkg/mod/github.com/centrifugal/centrifuge@v0.33.3/internal/dissolve/dissolve.go:52 +0x27
created by github.com/centrifugal/centrifuge/internal/dissolve.(*Dissolver).Run in goroutine 36374
	/home/mariell/go/pkg/mod/github.com/centrifugal/centrifuge@v0.33.3/internal/dissolve/dissolve.go:31 +0x25

goroutine 24464 [chan receive (nil chan)]:
k8s.io/apiserver/pkg/server.preparedGenericAPIServer.RunWithContext.func5()
	/home/mariell/go/pkg/mod/k8s.io/apiserver@v0.32.1/pkg/server/genericapiserver.go:598 +0x37
created by k8s.io/apiserver/pkg/server.preparedGenericAPIServer.RunWithContext in goroutine 24457
	/home/mariell/go/pkg/mod/k8s.io/apiserver@v0.32.1/pkg/server/genericapiserver.go:597 +0x60b

goroutine 31563 [sync.Cond.Wait]:
sync.runtime_notifyListWait(0xc012c3ca90, 0x3)
	/usr/lib/go/src/runtime/sema.go:597 +0x159
sync.(*Cond).Wait(0x0?)
	/usr/lib/go/src/sync/cond.go:71 +0x85
github.com/centrifugal/centrifuge/internal/dissolve.(*queueImpl).Wait(0xc00c7c6e00)
	/home/mariell/go/pkg/mod/github.com/centrifugal/centrifuge@v0.33.3/internal/dissolve/queue.go:139 +0x4a
github.com/centrifugal/centrifuge/internal/dissolve.(*Dissolver).runWorker(0xc00e284af8)
	/home/mariell/go/pkg/mod/github.com/centrifugal/centrifuge@v0.33.3/internal/dissolve/dissolve.go:52 +0x27
created by github.com/centrifugal/centrifuge/internal/dissolve.(*Dissolver).Run in goroutine 30466
	/home/mariell/go/pkg/mod/github.com/centrifugal/centrifuge@v0.33.3/internal/dissolve/dissolve.go:31 +0x25

goroutine 22796 [select]:
k8s.io/apimachinery/pkg/util/wait.BackoffUntil(0xc01342ef40, {0xa95ac00, 0xc0131f6090}, 0x1, 0xc01339aa80)
	/home/mariell/go/pkg/mod/k8s.io/apimachinery@v0.32.1/pkg/util/wait/backoff.go:238 +0x12c
k8s.io/apimachinery/pkg/util/wait.JitterUntil(0xc01342ef40, 0x3b9aca00, 0x3ff3333333333333, 0x1, 0xc01339aa80)
	/home/mariell/go/pkg/mod/k8s.io/apimachinery@v0.32.1/pkg/util/wait/backoff.go:204 +0x7f
created by k8s.io/apiserver/pkg/registry/generic/registry.(*Store).startObservingCount in goroutine 23614
	/home/mariell/go/pkg/mod/k8s.io/apiserver@v0.32.1/pkg/registry/generic/registry/store.go:1666 +0x2f9

goroutine 36397 [IO wait]:
internal/poll.runtime_pollWait(0x777559373b10, 0x72)
	/usr/lib/go/src/runtime/netpoll.go:351 +0x85
internal/poll.(*pollDesc).wait(0xc018787300?, 0xc0189b7300?, 0x0)
	/usr/lib/go/src/internal/poll/fd_poll_runtime.go:84 +0x27
internal/poll.(*pollDesc).waitRead(...)
	/usr/lib/go/src/internal/poll/fd_poll_runtime.go:89
internal/poll.(*FD).Read(0xc018787300, {0xc0189b7300, 0x1300, 0x1300})
	/usr/lib/go/src/internal/poll/fd_unix.go:165 +0x27a
net.(*netFD).Read(0xc018787300, {0xc0189b7300?, 0xc0189b7300?, 0x5?})
	/usr/lib/go/src/net/fd_posix.go:55 +0x25
net.(*conn).Read(0xc007e700c8, {0xc0189b7300?, 0x7775603b51d8?, 0x7775a8b2b4f0?})
	/usr/lib/go/src/net/net.go:194 +0x45
crypto/tls.(*atLeastReader).Read(0xc017fd4d38, {0xc0189b7300?, 0x12fb?, 0xc0187b19c8?})
	/usr/lib/go/src/crypto/tls/conn.go:809 +0x3b
bytes.(*Buffer).ReadFrom(0xc01898e9b8, {0xa94e300, 0xc017fd4d38})
	/usr/lib/go/src/bytes/buffer.go:211 +0x98
crypto/tls.(*Conn).readFromUntil(0xc01898e708, {0xa94dc00, 0xc007e700c8}, 0x444af4?)
	/usr/lib/go/src/crypto/tls/conn.go:831 +0xde
crypto/tls.(*Conn).readRecordOrCCS(0xc01898e708, 0x0)
	/usr/lib/go/src/crypto/tls/conn.go:629 +0x3cf
crypto/tls.(*Conn).readRecord(...)
	/usr/lib/go/src/crypto/tls/conn.go:591
crypto/tls.(*Conn).Read(0xc01898e708, {0xc0189ce000, 0x1000, 0xc01d4fa1e0?})
	/usr/lib/go/src/crypto/tls/conn.go:1385 +0x145
net/http.(*persistConn).Read(0xc008d246c0, {0xc0189ce000?, 0x81fe45?, 0xa94be80?})
	/usr/lib/go/src/net/http/transport.go:2122 +0x47
bufio.(*Reader).fill(0xc01c98a840)
	/usr/lib/go/src/bufio/bufio.go:113 +0x103
bufio.(*Reader).Peek(0xc01c98a840, 0x1)
	/usr/lib/go/src/bufio/bufio.go:152 +0x53
net/http.(*persistConn).readLoop(0xc008d246c0)
	/usr/lib/go/src/net/http/transport.go:2275 +0x172
created by net/http.(*Transport).dialConn in goroutine 33515
	/usr/lib/go/src/net/http/transport.go:1944 +0x174f

goroutine 24006 [sync.Cond.Wait]:
sync.runtime_notifyListWait(0xc0142c1350, 0x5)
	/usr/lib/go/src/runtime/sema.go:597 +0x159
sync.(*Cond).Wait(0x0?)
	/usr/lib/go/src/sync/cond.go:71 +0x85
github.com/centrifugal/centrifuge/internal/dissolve.(*queueImpl).Wait(0xc012834b60)
	/home/mariell/go/pkg/mod/github.com/centrifugal/centrifuge@v0.33.3/internal/dissolve/queue.go:139 +0x4a
github.com/centrifugal/centrifuge/internal/dissolve.(*Dissolver).runWorker(0xc010117b90)
	/home/mariell/go/pkg/mod/github.com/centrifugal/centrifuge@v0.33.3/internal/dissolve/dissolve.go:52 +0x27
created by github.com/centrifugal/centrifuge/internal/dissolve.(*Dissolver).Run in goroutine 22319
	/home/mariell/go/pkg/mod/github.com/centrifugal/centrifuge@v0.33.3/internal/dissolve/dissolve.go:31 +0x25

goroutine 25339 [sync.Cond.Wait]:
sync.runtime_notifyListWait(0xc012bf5590, 0x15)
	/usr/lib/go/src/runtime/sema.go:597 +0x159
sync.(*Cond).Wait(0xc003753fd0?)
	/usr/lib/go/src/sync/cond.go:71 +0x85
github.com/centrifugal/centrifuge/internal/dissolve.(*queueImpl).Wait(0xc013b4b110)
	/home/mariell/go/pkg/mod/github.com/centrifugal/centrifuge@v0.33.3/internal/dissolve/queue.go:139 +0x4a
github.com/centrifugal/centrifuge/internal/dissolve.(*Dissolver).runWorker(0xc00faede18)
	/home/mariell/go/pkg/mod/github.com/centrifugal/centrifuge@v0.33.3/internal/dissolve/dissolve.go:52 +0x27
created by github.com/centrifugal/centrifuge/internal/dissolve.(*Dissolver).Run in goroutine 24436
	/home/mariell/go/pkg/mod/github.com/centrifugal/centrifuge@v0.33.3/internal/dissolve/dissolve.go:31 +0x25

goroutine 28748 [select]:
github.com/patrickmn/go-cache.(*janitor).Run(0xc00fb5d560, 0xc0140aa5c0)
	/home/mariell/go/pkg/mod/github.com/patrickmn/go-cache@v2.1.0+incompatible/cache.go:1079 +0x7b
created by github.com/patrickmn/go-cache.runJanitor in goroutine 27309
	/home/mariell/go/pkg/mod/github.com/patrickmn/go-cache@v2.1.0+incompatible/cache.go:1099 +0xdb

goroutine 24016 [sync.Cond.Wait]:
sync.runtime_notifyListWait(0xc0142c1350, 0xf)
	/usr/lib/go/src/runtime/sema.go:597 +0x159
sync.(*Cond).Wait(0x0?)
	/usr/lib/go/src/sync/cond.go:71 +0x85
github.com/centrifugal/centrifuge/internal/dissolve.(*queueImpl).Wait(0xc012834b60)
	/home/mariell/go/pkg/mod/github.com/centrifugal/centrifuge@v0.33.3/internal/dissolve/queue.go:139 +0x4a
github.com/centrifugal/centrifuge/internal/dissolve.(*Dissolver).runWorker(0xc010117b90)
	/home/mariell/go/pkg/mod/github.com/centrifugal/centrifuge@v0.33.3/internal/dissolve/dissolve.go:52 +0x27
created by github.com/centrifugal/centrifuge/internal/dissolve.(*Dissolver).Run in goroutine 22319
	/home/mariell/go/pkg/mod/github.com/centrifugal/centrifuge@v0.33.3/internal/dissolve/dissolve.go:31 +0x25

goroutine 37538 [sync.Cond.Wait]:
sync.runtime_notifyListWait(0xc01affc250, 0xf)
	/usr/lib/go/src/runtime/sema.go:597 +0x159
sync.(*Cond).Wait(0x0?)
	/usr/lib/go/src/sync/cond.go:71 +0x85
github.com/centrifugal/centrifuge/internal/dissolve.(*queueImpl).Wait(0xc01821cd90)
	/home/mariell/go/pkg/mod/github.com/centrifugal/centrifuge@v0.33.3/internal/dissolve/queue.go:139 +0x4a
github.com/centrifugal/centrifuge/internal/dissolve.(*Dissolver).runWorker(0xc0024fff08)
	/home/mariell/go/pkg/mod/github.com/centrifugal/centrifuge@v0.33.3/internal/dissolve/dissolve.go:52 +0x27
created by github.com/centrifugal/centrifuge/internal/dissolve.(*Dissolver).Run in goroutine 36374
	/home/mariell/go/pkg/mod/github.com/centrifugal/centrifuge@v0.33.3/internal/dissolve/dissolve.go:31 +0x25

goroutine 27449 [select]:
k8s.io/apimachinery/pkg/util/wait.BackoffUntil(0xc00515b740, {0xa95ac00, 0xc011642720}, 0x1, 0xc01181bdc0)
	/home/mariell/go/pkg/mod/k8s.io/apimachinery@v0.32.1/pkg/util/wait/backoff.go:238 +0x12c
k8s.io/apimachinery/pkg/util/wait.JitterUntil(0xc00515b740, 0x3b9aca00, 0x3ff3333333333333, 0x1, 0xc01181bdc0)
	/home/mariell/go/pkg/mod/k8s.io/apimachinery@v0.32.1/pkg/util/wait/backoff.go:204 +0x7f
created by k8s.io/apiserver/pkg/registry/generic/registry.(*Store).startObservingCount in goroutine 24423
	/home/mariell/go/pkg/mod/k8s.io/apiserver@v0.32.1/pkg/registry/generic/registry/store.go:1666 +0x2f9

goroutine 25516 [select]:
github.com/centrifugal/centrifuge.(*MemoryBroker).expireResultCache(0xc013b4ce00)
	/home/mariell/go/pkg/mod/github.com/centrifugal/centrifuge@v0.33.3/broker_memory.go:160 +0x68
created by github.com/centrifugal/centrifuge.(*MemoryBroker).Run in goroutine 24436
	/home/mariell/go/pkg/mod/github.com/centrifugal/centrifuge@v0.33.3/broker_memory.go:73 +0x7f

goroutine 24053 [sync.Cond.Wait]:
sync.runtime_notifyListWait(0xc0142c1350, 0x34)
	/usr/lib/go/src/runtime/sema.go:597 +0x159
sync.(*Cond).Wait(0xc013b5bfd0?)
	/usr/lib/go/src/sync/cond.go:71 +0x85
github.com/centrifugal/centrifuge/internal/dissolve.(*queueImpl).Wait(0xc012834b60)
	/home/mariell/go/pkg/mod/github.com/centrifugal/centrifuge@v0.33.3/internal/dissolve/queue.go:139 +0x4a
github.com/centrifugal/centrifuge/internal/dissolve.(*Dissolver).runWorker(0xc010117b90)
	/home/mariell/go/pkg/mod/github.com/centrifugal/centrifuge@v0.33.3/internal/dissolve/dissolve.go:52 +0x27
created by github.com/centrifugal/centrifuge/internal/dissolve.(*Dissolver).Run in goroutine 22319
	/home/mariell/go/pkg/mod/github.com/centrifugal/centrifuge@v0.33.3/internal/dissolve/dissolve.go:31 +0x25

goroutine 25345 [sync.Cond.Wait]:
sync.runtime_notifyListWait(0xc012bf5590, 0x23)
	/usr/lib/go/src/runtime/sema.go:597 +0x159
sync.(*Cond).Wait(0x0?)
	/usr/lib/go/src/sync/cond.go:71 +0x85
github.com/centrifugal/centrifuge/internal/dissolve.(*queueImpl).Wait(0xc013b4b110)
	/home/mariell/go/pkg/mod/github.com/centrifugal/centrifuge@v0.33.3/internal/dissolve/queue.go:139 +0x4a
github.com/centrifugal/centrifuge/internal/dissolve.(*Dissolver).runWorker(0xc00faede18)
	/home/mariell/go/pkg/mod/github.com/centrifugal/centrifuge@v0.33.3/internal/dissolve/dissolve.go:52 +0x27
created by github.com/centrifugal/centrifuge/internal/dissolve.(*Dissolver).Run in goroutine 24436
	/home/mariell/go/pkg/mod/github.com/centrifugal/centrifuge@v0.33.3/internal/dissolve/dissolve.go:31 +0x25

goroutine 24048 [sync.Cond.Wait]:
sync.runtime_notifyListWait(0xc0142c1350, 0x2f)
	/usr/lib/go/src/runtime/sema.go:597 +0x159
sync.(*Cond).Wait(0x0?)
	/usr/lib/go/src/sync/cond.go:71 +0x85
github.com/centrifugal/centrifuge/internal/dissolve.(*queueImpl).Wait(0xc012834b60)
	/home/mariell/go/pkg/mod/github.com/centrifugal/centrifuge@v0.33.3/internal/dissolve/queue.go:139 +0x4a
github.com/centrifugal/centrifuge/internal/dissolve.(*Dissolver).runWorker(0xc010117b90)
	/home/mariell/go/pkg/mod/github.com/centrifugal/centrifuge@v0.33.3/internal/dissolve/dissolve.go:52 +0x27
created by github.com/centrifugal/centrifuge/internal/dissolve.(*Dissolver).Run in goroutine 22319
	/home/mariell/go/pkg/mod/github.com/centrifugal/centrifuge@v0.33.3/internal/dissolve/dissolve.go:31 +0x25

goroutine 24457 [chan receive (nil chan)]:
k8s.io/apiserver/pkg/server.preparedGenericAPIServer.RunWithContext({0xa9d1cc8?}, {0xa9d1d00, 0xc00f6ef860})
	/home/mariell/go/pkg/mod/k8s.io/apiserver@v0.32.1/pkg/server/genericapiserver.go:710 +0x9c5
github.com/grafana/grafana/pkg/services/apiserver.(*service).startCoreServer.func1()
	/home/mariell/work/oss/grafana/pkg/services/apiserver/service.go:448 +0x28
created by github.com/grafana/grafana/pkg/services/apiserver.(*service).startCoreServer in goroutine 23614
	/home/mariell/work/oss/grafana/pkg/services/apiserver/service.go:447 +0x125

goroutine 24456 [select]:
k8s.io/apimachinery/pkg/util/wait.BackoffUntil(0xc013503740, {0xa95ac00, 0xc0131f61b0}, 0x1, 0xc01345f180)
	/home/mariell/go/pkg/mod/k8s.io/apimachinery@v0.32.1/pkg/util/wait/backoff.go:238 +0x12c
k8s.io/apimachinery/pkg/util/wait.JitterUntil(0xc013503740, 0x3b9aca00, 0x3ff3333333333333, 0x1, 0xc01345f180)
	/home/mariell/go/pkg/mod/k8s.io/apimachinery@v0.32.1/pkg/util/wait/backoff.go:204 +0x7f
created by k8s.io/apiserver/pkg/registry/generic/registry.(*Store).startObservingCount in goroutine 23614
	/home/mariell/go/pkg/mod/k8s.io/apiserver@v0.32.1/pkg/registry/generic/registry/store.go:1666 +0x2f9

goroutine 24455 [select]:
k8s.io/apimachinery/pkg/util/wait.BackoffUntil(0xc013503640, {0xa95ac00, 0xc0131f6180}, 0x1, 0xc01345f110)
	/home/mariell/go/pkg/mod/k8s.io/apimachinery@v0.32.1/pkg/util/wait/backoff.go:238 +0x12c
k8s.io/apimachinery/pkg/util/wait.JitterUntil(0xc013503640, 0x3b9aca00, 0x3ff3333333333333, 0x1, 0xc01345f110)
	/home/mariell/go/pkg/mod/k8s.io/apimachinery@v0.32.1/pkg/util/wait/backoff.go:204 +0x7f
created by k8s.io/apiserver/pkg/registry/generic/registry.(*Store).startObservingCount in goroutine 23614
	/home/mariell/go/pkg/mod/k8s.io/apiserver@v0.32.1/pkg/registry/generic/registry/store.go:1666 +0x2f9

goroutine 27031 [sync.Cond.Wait]:
sync.runtime_notifyListWait(0xc00d5304d0, 0x19)
	/usr/lib/go/src/runtime/sema.go:597 +0x159
sync.(*Cond).Wait(0x0?)
	/usr/lib/go/src/sync/cond.go:71 +0x85
github.com/centrifugal/centrifuge/internal/dissolve.(*queueImpl).Wait(0xc00dc00930)
	/home/mariell/go/pkg/mod/github.com/centrifugal/centrifuge@v0.33.3/internal/dissolve/queue.go:139 +0x4a
github.com/centrifugal/centrifuge/internal/dissolve.(*Dissolver).runWorker(0xc0128109a8)
	/home/mariell/go/pkg/mod/github.com/centrifugal/centrifuge@v0.33.3/internal/dissolve/dissolve.go:52 +0x27
created by github.com/centrifugal/centrifuge/internal/dissolve.(*Dissolver).Run in goroutine 24637
	/home/mariell/go/pkg/mod/github.com/centrifugal/centrifuge@v0.33.3/internal/dissolve/dissolve.go:31 +0x25

goroutine 24017 [sync.Cond.Wait]:
sync.runtime_notifyListWait(0xc0142c1350, 0x10)
	/usr/lib/go/src/runtime/sema.go:597 +0x159
sync.(*Cond).Wait(0x0?)
	/usr/lib/go/src/sync/cond.go:71 +0x85
github.com/centrifugal/centrifuge/internal/dissolve.(*queueImpl).Wait(0xc012834b60)
	/home/mariell/go/pkg/mod/github.com/centrifugal/centrifuge@v0.33.3/internal/dissolve/queue.go:139 +0x4a
github.com/centrifugal/centrifuge/internal/dissolve.(*Dissolver).runWorker(0xc010117b90)
	/home/mariell/go/pkg/mod/github.com/centrifugal/centrifuge@v0.33.3/internal/dissolve/dissolve.go:52 +0x27
created by github.com/centrifugal/centrifuge/internal/dissolve.(*Dissolver).Run in goroutine 22319
	/home/mariell/go/pkg/mod/github.com/centrifugal/centrifuge@v0.33.3/internal/dissolve/dissolve.go:31 +0x25

goroutine 22800 [select]:
k8s.io/apimachinery/pkg/util/wait.BackoffUntil(0xc013502240, {0xa95ac00, 0xc0131f6120}, 0x1, 0xc01345e5b0)
	/home/mariell/go/pkg/mod/k8s.io/apimachinery@v0.32.1/pkg/util/wait/backoff.go:238 +0x12c
k8s.io/apimachinery/pkg/util/wait.JitterUntil(0xc013502240, 0x3b9aca00, 0x3ff3333333333333, 0x1, 0xc01345e5b0)
	/home/mariell/go/pkg/mod/k8s.io/apimachinery@v0.32.1/pkg/util/wait/backoff.go:204 +0x7f
created by k8s.io/apiserver/pkg/registry/generic/registry.(*Store).startObservingCount in goroutine 23614
	/home/mariell/go/pkg/mod/k8s.io/apiserver@v0.32.1/pkg/registry/generic/registry/store.go:1666 +0x2f9

goroutine 24014 [sync.Cond.Wait]:
sync.runtime_notifyListWait(0xc0142c1350, 0xd)
	/usr/lib/go/src/runtime/sema.go:597 +0x159
sync.(*Cond).Wait(0x0?)
	/usr/lib/go/src/sync/cond.go:71 +0x85
github.com/centrifugal/centrifuge/internal/dissolve.(*queueImpl).Wait(0xc012834b60)
	/home/mariell/go/pkg/mod/github.com/centrifugal/centrifuge@v0.33.3/internal/dissolve/queue.go:139 +0x4a
github.com/centrifugal/centrifuge/internal/dissolve.(*Dissolver).runWorker(0xc010117b90)
	/home/mariell/go/pkg/mod/github.com/centrifugal/centrifuge@v0.33.3/internal/dissolve/dissolve.go:52 +0x27
created by github.com/centrifugal/centrifuge/internal/dissolve.(*Dissolver).Run in goroutine 22319
	/home/mariell/go/pkg/mod/github.com/centrifugal/centrifuge@v0.33.3/internal/dissolve/dissolve.go:31 +0x25

goroutine 44022 [select]:
database/sql.(*DB).connectionOpener(0xc01abf76c0, {0xa9d1d00, 0xc016497b30})
	/usr/lib/go/src/database/sql/sql.go:1261 +0x87
created by database/sql.OpenDB in goroutine 44067
	/usr/lib/go/src/database/sql/sql.go:841 +0x130

goroutine 23852 [select]:
github.com/patrickmn/go-cache.(*janitor).Run(0xc00f7b6ef0, 0xc00ef585c0)
	/home/mariell/go/pkg/mod/github.com/patrickmn/go-cache@v2.1.0+incompatible/cache.go:1079 +0x7b
created by github.com/patrickmn/go-cache.runJanitor in goroutine 22319
	/home/mariell/go/pkg/mod/github.com/patrickmn/go-cache@v2.1.0+incompatible/cache.go:1099 +0xdb

goroutine 24047 [sync.Cond.Wait]:
sync.runtime_notifyListWait(0xc0142c1350, 0x2e)
	/usr/lib/go/src/runtime/sema.go:597 +0x159
sync.(*Cond).Wait(0x0?)
	/usr/lib/go/src/sync/cond.go:71 +0x85
github.com/centrifugal/centrifuge/internal/dissolve.(*queueImpl).Wait(0xc012834b60)
	/home/mariell/go/pkg/mod/github.com/centrifugal/centrifuge@v0.33.3/internal/dissolve/queue.go:139 +0x4a
github.com/centrifugal/centrifuge/internal/dissolve.(*Dissolver).runWorker(0xc010117b90)
	/home/mariell/go/pkg/mod/github.com/centrifugal/centrifuge@v0.33.3/internal/dissolve/dissolve.go:52 +0x27
created by github.com/centrifugal/centrifuge/internal/dissolve.(*Dissolver).Run in goroutine 22319
	/home/mariell/go/pkg/mod/github.com/centrifugal/centrifuge@v0.33.3/internal/dissolve/dissolve.go:31 +0x25

goroutine 25369 [select]:
github.com/patrickmn/go-cache.(*janitor).Run(0xc0063f84f0, 0xc00d576f40)
	/home/mariell/go/pkg/mod/github.com/patrickmn/go-cache@v2.1.0+incompatible/cache.go:1079 +0x7b
created by github.com/patrickmn/go-cache.runJanitor in goroutine 24436
	/home/mariell/go/pkg/mod/github.com/patrickmn/go-cache@v2.1.0+incompatible/cache.go:1099 +0xdb

goroutine 24007 [sync.Cond.Wait]:
sync.runtime_notifyListWait(0xc0142c1350, 0x6)
	/usr/lib/go/src/runtime/sema.go:597 +0x159
sync.(*Cond).Wait(0x0?)
	/usr/lib/go/src/sync/cond.go:71 +0x85
github.com/centrifugal/centrifuge/internal/dissolve.(*queueImpl).Wait(0xc012834b60)
	/home/mariell/go/pkg/mod/github.com/centrifugal/centrifuge@v0.33.3/internal/dissolve/queue.go:139 +0x4a
github.com/centrifugal/centrifuge/internal/dissolve.(*Dissolver).runWorker(0xc010117b90)
	/home/mariell/go/pkg/mod/github.com/centrifugal/centrifuge@v0.33.3/internal/dissolve/dissolve.go:52 +0x27
created by github.com/centrifugal/centrifuge/internal/dissolve.(*Dissolver).Run in goroutine 22319
	/home/mariell/go/pkg/mod/github.com/centrifugal/centrifuge@v0.33.3/internal/dissolve/dissolve.go:31 +0x25

goroutine 42070 [sync.Cond.Wait]:
sync.runtime_notifyListWait(0xc01bc03e10, 0x4)
	/usr/lib/go/src/runtime/sema.go:597 +0x159
sync.(*Cond).Wait(0x0?)
	/usr/lib/go/src/sync/cond.go:71 +0x85
github.com/centrifugal/centrifuge/internal/dissolve.(*queueImpl).Wait(0xc01e10aa10)
	/home/mariell/go/pkg/mod/github.com/centrifugal/centrifuge@v0.33.3/internal/dissolve/queue.go:139 +0x4a
github.com/centrifugal/centrifuge/internal/dissolve.(*Dissolver).runWorker(0xc0122187e0)
	/home/mariell/go/pkg/mod/github.com/centrifugal/centrifuge@v0.33.3/internal/dissolve/dissolve.go:52 +0x27
created by github.com/centrifugal/centrifuge/internal/dissolve.(*Dissolver).Run in goroutine 40816
	/home/mariell/go/pkg/mod/github.com/centrifugal/centrifuge@v0.33.3/internal/dissolve/dissolve.go:31 +0x25

goroutine 27026 [sync.Cond.Wait]:
sync.runtime_notifyListWait(0xc00d5304d0, 0xc)
	/usr/lib/go/src/runtime/sema.go:597 +0x159
sync.(*Cond).Wait(0x0?)
	/usr/lib/go/src/sync/cond.go:71 +0x85
github.com/centrifugal/centrifuge/internal/dissolve.(*queueImpl).Wait(0xc00dc00930)
	/home/mariell/go/pkg/mod/github.com/centrifugal/centrifuge@v0.33.3/internal/dissolve/queue.go:139 +0x4a
github.com/centrifugal/centrifuge/internal/dissolve.(*Dissolver).runWorker(0xc0128109a8)
	/home/mariell/go/pkg/mod/github.com/centrifugal/centrifuge@v0.33.3/internal/dissolve/dissolve.go:52 +0x27
created by github.com/centrifugal/centrifuge/internal/dissolve.(*Dissolver).Run in goroutine 24637
	/home/mariell/go/pkg/mod/github.com/centrifugal/centrifuge@v0.33.3/internal/dissolve/dissolve.go:31 +0x25

goroutine 28841 [IO wait]:
internal/poll.runtime_pollWait(0x7775581712e0, 0x72)
	/usr/lib/go/src/runtime/netpoll.go:351 +0x85
internal/poll.(*pollDesc).wait(0xc00ed66400?, 0xc01166e000?, 0x0)
	/usr/lib/go/src/internal/poll/fd_poll_runtime.go:84 +0x27
internal/poll.(*pollDesc).waitRead(...)
	/usr/lib/go/src/internal/poll/fd_poll_runtime.go:89
internal/poll.(*FD).Read(0xc00ed66400, {0xc01166e000, 0x1300, 0x1300})
	/usr/lib/go/src/internal/poll/fd_unix.go:165 +0x27a
net.(*netFD).Read(0xc00ed66400, {0xc01166e000?, 0xc00e168000?, 0xa979528?})
	/usr/lib/go/src/net/fd_posix.go:55 +0x25
net.(*conn).Read(0xc009526028, {0xc01166e000?, 0x777558337a00?, 0x7775a8b28108?})
	/usr/lib/go/src/net/net.go:194 +0x45
crypto/tls.(*atLeastReader).Read(0xc014823b18, {0xc01166e000?, 0xc016194a20?, 0xc00e154230?})
	/usr/lib/go/src/crypto/tls/conn.go:809 +0x3b
bytes.(*Buffer).ReadFrom(0xc00ed5e638, {0xa94e300, 0xc014823b18})
	/usr/lib/go/src/bytes/buffer.go:211 +0x98
crypto/tls.(*Conn).readFromUntil(0xc00ed5e388, {0xa94dc00, 0xc009526028}, 0x444af4?)
	/usr/lib/go/src/crypto/tls/conn.go:831 +0xde
crypto/tls.(*Conn).readRecordOrCCS(0xc00ed5e388, 0x0)
	/usr/lib/go/src/crypto/tls/conn.go:629 +0x3cf
crypto/tls.(*Conn).readRecord(...)
	/usr/lib/go/src/crypto/tls/conn.go:591
crypto/tls.(*Conn).Read(0xc00ed5e388, {0xc00ef83000, 0x1000, 0x7775a8b28108?})
	/usr/lib/go/src/crypto/tls/conn.go:1385 +0x145
net/http.(*persistConn).Read(0xc0048b8000, {0xc00ef83000?, 0x4141c5?, 0x68?})
	/usr/lib/go/src/net/http/transport.go:2122 +0x47
bufio.(*Reader).fill(0xc00ed411a0)
	/usr/lib/go/src/bufio/bufio.go:113 +0x103
bufio.(*Reader).Peek(0xc00ed411a0, 0x1)
	/usr/lib/go/src/bufio/bufio.go:152 +0x53
net/http.(*persistConn).readLoop(0xc0048b8000)
	/usr/lib/go/src/net/http/transport.go:2275 +0x172
created by net/http.(*Transport).dialConn in goroutine 28041
	/usr/lib/go/src/net/http/transport.go:1944 +0x174f

goroutine 24032 [sync.Cond.Wait]:
sync.runtime_notifyListWait(0xc0142c1350, 0x1f)
	/usr/lib/go/src/runtime/sema.go:597 +0x159
sync.(*Cond).Wait(0xc011006fd0?)
	/usr/lib/go/src/sync/cond.go:71 +0x85
github.com/centrifugal/centrifuge/internal/dissolve.(*queueImpl).Wait(0xc012834b60)
	/home/mariell/go/pkg/mod/github.com/centrifugal/centrifuge@v0.33.3/internal/dissolve/queue.go:139 +0x4a
github.com/centrifugal/centrifuge/internal/dissolve.(*Dissolver).runWorker(0xc010117b90)
	/home/mariell/go/pkg/mod/github.com/centrifugal/centrifuge@v0.33.3/internal/dissolve/dissolve.go:52 +0x27
created by github.com/centrifugal/centrifuge/internal/dissolve.(*Dissolver).Run in goroutine 22319
	/home/mariell/go/pkg/mod/github.com/centrifugal/centrifuge@v0.33.3/internal/dissolve/dissolve.go:31 +0x25

goroutine 25544 [sync.Cond.Wait]:
sync.runtime_notifyListWait(0xc012bf5590, 0x3)
	/usr/lib/go/src/runtime/sema.go:597 +0x159
sync.(*Cond).Wait(0xc0110047d0?)
	/usr/lib/go/src/sync/cond.go:71 +0x85
github.com/centrifugal/centrifuge/internal/dissolve.(*queueImpl).Wait(0xc013b4b110)
	/home/mariell/go/pkg/mod/github.com/centrifugal/centrifuge@v0.33.3/internal/dissolve/queue.go:139 +0x4a
github.com/centrifugal/centrifuge/internal/dissolve.(*Dissolver).runWorker(0xc00faede18)
	/home/mariell/go/pkg/mod/github.com/centrifugal/centrifuge@v0.33.3/internal/dissolve/dissolve.go:52 +0x27
created by github.com/centrifugal/centrifuge/internal/dissolve.(*Dissolver).Run in goroutine 24436
	/home/mariell/go/pkg/mod/github.com/centrifugal/centrifuge@v0.33.3/internal/dissolve/dissolve.go:31 +0x25

goroutine 27011 [sync.Cond.Wait]:
sync.runtime_notifyListWait(0xc00d5304d0, 0x9)
	/usr/lib/go/src/runtime/sema.go:597 +0x159
sync.(*Cond).Wait(0x0?)
	/usr/lib/go/src/sync/cond.go:71 +0x85
github.com/centrifugal/centrifuge/internal/dissolve.(*queueImpl).Wait(0xc00dc00930)
	/home/mariell/go/pkg/mod/github.com/centrifugal/centrifuge@v0.33.3/internal/dissolve/queue.go:139 +0x4a
github.com/centrifugal/centrifuge/internal/dissolve.(*Dissolver).runWorker(0xc0128109a8)
	/home/mariell/go/pkg/mod/github.com/centrifugal/centrifuge@v0.33.3/internal/dissolve/dissolve.go:52 +0x27
created by github.com/centrifugal/centrifuge/internal/dissolve.(*Dissolver).Run in goroutine 24637
	/home/mariell/go/pkg/mod/github.com/centrifugal/centrifuge@v0.33.3/internal/dissolve/dissolve.go:31 +0x25

goroutine 24452 [select]:
github.com/grafana/grafana/pkg/storage/unified/resource.(*broadcaster[...]).stream(0xab113a0, 0xc01352f960)
	/home/mariell/work/oss/grafana/pkg/storage/unified/resource/broadcaster.go:205 +0x13d
created by github.com/grafana/grafana/pkg/storage/unified/resource.(*broadcaster[...]).init in goroutine 23614
	/home/mariell/work/oss/grafana/pkg/storage/unified/resource/broadcaster.go:177 +0x219

goroutine 28906 [select]:
net/http.(*persistConn).writeLoop(0xc0048a6fc0)
	/usr/lib/go/src/net/http/transport.go:2590 +0xe7
created by net/http.(*Transport).dialConn in goroutine 28823
	/usr/lib/go/src/net/http/transport.go:1945 +0x17a5

goroutine 25654 [select]:
github.com/patrickmn/go-cache.(*janitor).Run(0xc0109e41a0, 0xc0133fcb80)
	/home/mariell/go/pkg/mod/github.com/patrickmn/go-cache@v2.1.0+incompatible/cache.go:1079 +0x7b
created by github.com/patrickmn/go-cache.runJanitor in goroutine 24436
	/home/mariell/go/pkg/mod/github.com/patrickmn/go-cache@v2.1.0+incompatible/cache.go:1099 +0xdb

goroutine 27013 [sync.Cond.Wait]:
sync.runtime_notifyListWait(0xc00d5304d0, 0xd)
	/usr/lib/go/src/runtime/sema.go:597 +0x159
sync.(*Cond).Wait(0x0?)
	/usr/lib/go/src/sync/cond.go:71 +0x85
github.com/centrifugal/centrifuge/internal/dissolve.(*queueImpl).Wait(0xc00dc00930)
	/home/mariell/go/pkg/mod/github.com/centrifugal/centrifuge@v0.33.3/internal/dissolve/queue.go:139 +0x4a
github.com/centrifugal/centrifuge/internal/dissolve.(*Dissolver).runWorker(0xc0128109a8)
	/home/mariell/go/pkg/mod/github.com/centrifugal/centrifuge@v0.33.3/internal/dissolve/dissolve.go:52 +0x27
created by github.com/centrifugal/centrifuge/internal/dissolve.(*Dissolver).Run in goroutine 24637
	/home/mariell/go/pkg/mod/github.com/centrifugal/centrifuge@v0.33.3/internal/dissolve/dissolve.go:31 +0x25

goroutine 25541 [sync.Cond.Wait]:
sync.runtime_notifyListWait(0xc012bf5590, 0x6)
	/usr/lib/go/src/runtime/sema.go:597 +0x159
sync.(*Cond).Wait(0x0?)
	/usr/lib/go/src/sync/cond.go:71 +0x85
github.com/centrifugal/centrifuge/internal/dissolve.(*queueImpl).Wait(0xc013b4b110)
	/home/mariell/go/pkg/mod/github.com/centrifugal/centrifuge@v0.33.3/internal/dissolve/queue.go:139 +0x4a
github.com/centrifugal/centrifuge/internal/dissolve.(*Dissolver).runWorker(0xc00faede18)
	/home/mariell/go/pkg/mod/github.com/centrifugal/centrifuge@v0.33.3/internal/dissolve/dissolve.go:52 +0x27
created by github.com/centrifugal/centrifuge/internal/dissolve.(*Dissolver).Run in goroutine 24436
	/home/mariell/go/pkg/mod/github.com/centrifugal/centrifuge@v0.33.3/internal/dissolve/dissolve.go:31 +0x25

goroutine 25370 [select]:
github.com/patrickmn/go-cache.(*janitor).Run(0xc00f8d55c0, 0xc00d577bc0)
	/home/mariell/go/pkg/mod/github.com/patrickmn/go-cache@v2.1.0+incompatible/cache.go:1079 +0x7b
created by github.com/patrickmn/go-cache.runJanitor in goroutine 24436
	/home/mariell/go/pkg/mod/github.com/patrickmn/go-cache@v2.1.0+incompatible/cache.go:1099 +0xdb

goroutine 24008 [sync.Cond.Wait]:
sync.runtime_notifyListWait(0xc0142c1350, 0x7)
	/usr/lib/go/src/runtime/sema.go:597 +0x159
sync.(*Cond).Wait(0x0?)
	/usr/lib/go/src/sync/cond.go:71 +0x85
github.com/centrifugal/centrifuge/internal/dissolve.(*queueImpl).Wait(0xc012834b60)
	/home/mariell/go/pkg/mod/github.com/centrifugal/centrifuge@v0.33.3/internal/dissolve/queue.go:139 +0x4a
github.com/centrifugal/centrifuge/internal/dissolve.(*Dissolver).runWorker(0xc010117b90)
	/home/mariell/go/pkg/mod/github.com/centrifugal/centrifuge@v0.33.3/internal/dissolve/dissolve.go:52 +0x27
created by github.com/centrifugal/centrifuge/internal/dissolve.(*Dissolver).Run in goroutine 22319
	/home/mariell/go/pkg/mod/github.com/centrifugal/centrifuge@v0.33.3/internal/dissolve/dissolve.go:31 +0x25

goroutine 23998 [select]:
github.com/centrifugal/centrifuge.(*Node).initMetrics.func1()
	/home/mariell/go/pkg/mod/github.com/centrifugal/centrifuge@v0.33.3/node.go:365 +0x8a
created by github.com/centrifugal/centrifuge.(*Node).initMetrics in goroutine 22319
	/home/mariell/go/pkg/mod/github.com/centrifugal/centrifuge@v0.33.3/node.go:363 +0x1f9

goroutine 25543 [sync.Cond.Wait]:
sync.runtime_notifyListWait(0xc012bf5590, 0x2)
	/usr/lib/go/src/runtime/sema.go:597 +0x159
sync.(*Cond).Wait(0xc00700ffd0?)
	/usr/lib/go/src/sync/cond.go:71 +0x85
github.com/centrifugal/centrifuge/internal/dissolve.(*queueImpl).Wait(0xc013b4b110)
	/home/mariell/go/pkg/mod/github.com/centrifugal/centrifuge@v0.33.3/internal/dissolve/queue.go:139 +0x4a
github.com/centrifugal/centrifuge/internal/dissolve.(*Dissolver).runWorker(0xc00faede18)
	/home/mariell/go/pkg/mod/github.com/centrifugal/centrifuge@v0.33.3/internal/dissolve/dissolve.go:52 +0x27
created by github.com/centrifugal/centrifuge/internal/dissolve.(*Dissolver).Run in goroutine 24436
	/home/mariell/go/pkg/mod/github.com/centrifugal/centrifuge@v0.33.3/internal/dissolve/dissolve.go:31 +0x25

goroutine 24409 [select]:
net/http.(*persistConn).writeLoop(0xc005b99320)
	/usr/lib/go/src/net/http/transport.go:2590 +0xe7
created by net/http.(*Transport).dialConn in goroutine 24403
	/usr/lib/go/src/net/http/transport.go:1945 +0x17a5

goroutine 25540 [sync.Cond.Wait]:
sync.runtime_notifyListWait(0xc012bf5590, 0x1a)
	/usr/lib/go/src/runtime/sema.go:597 +0x159
sync.(*Cond).Wait(0x0?)
	/usr/lib/go/src/sync/cond.go:71 +0x85
github.com/centrifugal/centrifuge/internal/dissolve.(*queueImpl).Wait(0xc013b4b110)
	/home/mariell/go/pkg/mod/github.com/centrifugal/centrifuge@v0.33.3/internal/dissolve/queue.go:139 +0x4a
github.com/centrifugal/centrifuge/internal/dissolve.(*Dissolver).runWorker(0xc00faede18)
	/home/mariell/go/pkg/mod/github.com/centrifugal/centrifuge@v0.33.3/internal/dissolve/dissolve.go:52 +0x27
created by github.com/centrifugal/centrifuge/internal/dissolve.(*Dissolver).Run in goroutine 24436
	/home/mariell/go/pkg/mod/github.com/centrifugal/centrifuge@v0.33.3/internal/dissolve/dissolve.go:31 +0x25

goroutine 25539 [sync.Cond.Wait]:
sync.runtime_notifyListWait(0xc012bf5590, 0x18)
	/usr/lib/go/src/runtime/sema.go:597 +0x159
sync.(*Cond).Wait(0xc0025ebfd0?)
	/usr/lib/go/src/sync/cond.go:71 +0x85
github.com/centrifugal/centrifuge/internal/dissolve.(*queueImpl).Wait(0xc013b4b110)
	/home/mariell/go/pkg/mod/github.com/centrifugal/centrifuge@v0.33.3/internal/dissolve/queue.go:139 +0x4a
github.com/centrifugal/centrifuge/internal/dissolve.(*Dissolver).runWorker(0xc00faede18)
	/home/mariell/go/pkg/mod/github.com/centrifugal/centrifuge@v0.33.3/internal/dissolve/dissolve.go:52 +0x27
created by github.com/centrifugal/centrifuge/internal/dissolve.(*Dissolver).Run in goroutine 24436
	/home/mariell/go/pkg/mod/github.com/centrifugal/centrifuge@v0.33.3/internal/dissolve/dissolve.go:31 +0x25

goroutine 33000 [select]:
github.com/grafana/grafana/pkg/storage/unified/resource.(*broadcaster[...]).stream(0xab113a0, 0xc00ca0d810)
	/home/mariell/work/oss/grafana/pkg/storage/unified/resource/broadcaster.go:205 +0x13d
created by github.com/grafana/grafana/pkg/storage/unified/resource.(*broadcaster[...]).init in goroutine 31996
	/home/mariell/work/oss/grafana/pkg/storage/unified/resource/broadcaster.go:177 +0x219

goroutine 31553 [sync.Cond.Wait]:
sync.runtime_notifyListWait(0xc012c3ca90, 0x1c)
	/usr/lib/go/src/runtime/sema.go:597 +0x159
sync.(*Cond).Wait(0x0?)
	/usr/lib/go/src/sync/cond.go:71 +0x85
github.com/centrifugal/centrifuge/internal/dissolve.(*queueImpl).Wait(0xc00c7c6e00)
	/home/mariell/go/pkg/mod/github.com/centrifugal/centrifuge@v0.33.3/internal/dissolve/queue.go:139 +0x4a
github.com/centrifugal/centrifuge/internal/dissolve.(*Dissolver).runWorker(0xc00e284af8)
	/home/mariell/go/pkg/mod/github.com/centrifugal/centrifuge@v0.33.3/internal/dissolve/dissolve.go:52 +0x27
created by github.com/centrifugal/centrifuge/internal/dissolve.(*Dissolver).Run in goroutine 30466
	/home/mariell/go/pkg/mod/github.com/centrifugal/centrifuge@v0.33.3/internal/dissolve/dissolve.go:31 +0x25

goroutine 27025 [sync.Cond.Wait]:
sync.runtime_notifyListWait(0xc00d5304d0, 0xa)
	/usr/lib/go/src/runtime/sema.go:597 +0x159
sync.(*Cond).Wait(0x0?)
	/usr/lib/go/src/sync/cond.go:71 +0x85
github.com/centrifugal/centrifuge/internal/dissolve.(*queueImpl).Wait(0xc00dc00930)
	/home/mariell/go/pkg/mod/github.com/centrifugal/centrifuge@v0.33.3/internal/dissolve/queue.go:139 +0x4a
github.com/centrifugal/centrifuge/internal/dissolve.(*Dissolver).runWorker(0xc0128109a8)
	/home/mariell/go/pkg/mod/github.com/centrifugal/centrifuge@v0.33.3/internal/dissolve/dissolve.go:52 +0x27
created by github.com/centrifugal/centrifuge/internal/dissolve.(*Dissolver).Run in goroutine 24637
	/home/mariell/go/pkg/mod/github.com/centrifugal/centrifuge@v0.33.3/internal/dissolve/dissolve.go:31 +0x25

goroutine 25371 [select]:
github.com/patrickmn/go-cache.(*janitor).Run(0xc00f961130, 0xc002c80ec0)
	/home/mariell/go/pkg/mod/github.com/patrickmn/go-cache@v2.1.0+incompatible/cache.go:1079 +0x7b
created by github.com/patrickmn/go-cache.runJanitor in goroutine 24436
	/home/mariell/go/pkg/mod/github.com/patrickmn/go-cache@v2.1.0+incompatible/cache.go:1099 +0xdb

goroutine 25419 [chan receive]:
github.com/grafana/grafana/pkg/storage/unified/resource.(*server).initWatcher.func1.1()
	/home/mariell/work/oss/grafana/pkg/storage/unified/resource/server.go:922 +0x58
created by github.com/grafana/grafana/pkg/storage/unified/resource.(*server).initWatcher.func1 in goroutine 24436
	/home/mariell/work/oss/grafana/pkg/storage/unified/resource/server.go:921 +0xaa

goroutine 30328 [chan receive]:
github.com/grafana/grafana/pkg/storage/unified/resource.(*server).initWatcher.func1.1()
	/home/mariell/work/oss/grafana/pkg/storage/unified/resource/server.go:922 +0x58
created by github.com/grafana/grafana/pkg/storage/unified/resource.(*server).initWatcher.func1 in goroutine 30322
	/home/mariell/work/oss/grafana/pkg/storage/unified/resource/server.go:921 +0xaa

goroutine 26842 [select]:
github.com/centrifugal/centrifuge.(*Node).initMetrics.func1()
	/home/mariell/go/pkg/mod/github.com/centrifugal/centrifuge@v0.33.3/node.go:365 +0x8a
created by github.com/centrifugal/centrifuge.(*Node).initMetrics in goroutine 24637
	/home/mariell/go/pkg/mod/github.com/centrifugal/centrifuge@v0.33.3/node.go:363 +0x1f9

goroutine 24308 [IO wait]:
internal/poll.runtime_pollWait(0x7775583a2eb8, 0x72)
	/usr/lib/go/src/runtime/netpoll.go:351 +0x85
internal/poll.(*pollDesc).wait(0xc012e3c000?, 0xc009a58c00?, 0x0)
	/usr/lib/go/src/internal/poll/fd_poll_runtime.go:84 +0x27
internal/poll.(*pollDesc).waitRead(...)
	/usr/lib/go/src/internal/poll/fd_poll_runtime.go:89
internal/poll.(*FD).Read(0xc012e3c000, {0xc009a58c00, 0x1300, 0x1300})
	/usr/lib/go/src/internal/poll/fd_unix.go:165 +0x27a
net.(*netFD).Read(0xc012e3c000, {0xc009a58c00?, 0xc00c6918e8?, 0x777558f6d278?})
	/usr/lib/go/src/net/fd_posix.go:55 +0x25
net.(*conn).Read(0xc00d71fea8, {0xc009a58c00?, 0x7775600b8f60?, 0x7775a8b2a210?})
	/usr/lib/go/src/net/net.go:194 +0x45
crypto/tls.(*atLeastReader).Read(0xc007750510, {0xc009a58c00?, 0xc00c691948?, 0xa?})
	/usr/lib/go/src/crypto/tls/conn.go:809 +0x3b
bytes.(*Buffer).ReadFrom(0xc012c709b8, {0xa94e300, 0xc007750510})
	/usr/lib/go/src/bytes/buffer.go:211 +0x98
crypto/tls.(*Conn).readFromUntil(0xc012c70708, {0xa94dc00, 0xc00d71fea8}, 0x444af4?)
	/usr/lib/go/src/crypto/tls/conn.go:831 +0xde
crypto/tls.(*Conn).readRecordOrCCS(0xc012c70708, 0x0)
	/usr/lib/go/src/crypto/tls/conn.go:629 +0x3cf
crypto/tls.(*Conn).readRecord(...)
	/usr/lib/go/src/crypto/tls/conn.go:591
crypto/tls.(*Conn).Read(0xc012c70708, {0xc012db1000, 0x1000, 0xc012d96cf0?})
	/usr/lib/go/src/crypto/tls/conn.go:1385 +0x145
net/http.(*persistConn).Read(0xc0059e6900, {0xc012db1000?, 0x81fe45?, 0xa94be80?})
	/usr/lib/go/src/net/http/transport.go:2122 +0x47
bufio.(*Reader).fill(0xc012dacae0)
	/usr/lib/go/src/bufio/bufio.go:113 +0x103
bufio.(*Reader).Peek(0xc012dacae0, 0x1)
	/usr/lib/go/src/bufio/bufio.go:152 +0x53
net/http.(*persistConn).readLoop(0xc0059e6900)
	/usr/lib/go/src/net/http/transport.go:2275 +0x172
created by net/http.(*Transport).dialConn in goroutine 24307
	/usr/lib/go/src/net/http/transport.go:1944 +0x174f

goroutine 25648 [select]:
github.com/patrickmn/go-cache.(*janitor).Run(0xc0108c5c90, 0xc012e01d80)
	/home/mariell/go/pkg/mod/github.com/patrickmn/go-cache@v2.1.0+incompatible/cache.go:1079 +0x7b
created by github.com/patrickmn/go-cache.runJanitor in goroutine 24436
	/home/mariell/go/pkg/mod/github.com/patrickmn/go-cache@v2.1.0+incompatible/cache.go:1099 +0xdb

goroutine 24309 [select]:
net/http.(*persistConn).writeLoop(0xc0059e6900)
	/usr/lib/go/src/net/http/transport.go:2590 +0xe7
created by net/http.(*Transport).dialConn in goroutine 24307
	/usr/lib/go/src/net/http/transport.go:1945 +0x17a5

goroutine 25420 [select]:
github.com/grafana/grafana/pkg/storage/unified/resource.(*cache[...]).run(0xc0132a4800)
	/home/mariell/work/oss/grafana/pkg/storage/unified/resource/broadcaster.go:291 +0xb0
created by github.com/grafana/grafana/pkg/storage/unified/resource.newChannelCache[...] in goroutine 24436
	/home/mariell/work/oss/grafana/pkg/storage/unified/resource/broadcaster.go:276 +0x189

goroutine 26997 [select]:
github.com/centrifugal/centrifuge.(*historyHub).expireStreams(0xc00db7bb00)
	/home/mariell/go/pkg/mod/github.com/centrifugal/centrifuge@v0.33.3/broker_memory.go:298 +0x75
created by github.com/centrifugal/centrifuge.(*historyHub).runCleanups in goroutine 24637
	/home/mariell/go/pkg/mod/github.com/centrifugal/centrifuge@v0.33.3/broker_memory.go:252 +0x56

goroutine 30334 [select]:
k8s.io/apimachinery/pkg/util/wait.BackoffUntil(0xc010a17840, {0xa95ac00, 0xc01383e4b0}, 0x1, 0xc00fcb25b0)
	/home/mariell/go/pkg/mod/k8s.io/apimachinery@v0.32.1/pkg/util/wait/backoff.go:238 +0x12c
k8s.io/apimachinery/pkg/util/wait.JitterUntil(0xc010a17840, 0x3b9aca00, 0x3ff3333333333333, 0x1, 0xc00fcb25b0)
	/home/mariell/go/pkg/mod/k8s.io/apimachinery@v0.32.1/pkg/util/wait/backoff.go:204 +0x7f
created by k8s.io/apiserver/pkg/registry/generic/registry.(*Store).startObservingCount in goroutine 30322
	/home/mariell/go/pkg/mod/k8s.io/apiserver@v0.32.1/pkg/registry/generic/registry/store.go:1666 +0x2f9

goroutine 37582 [sync.Cond.Wait]:
sync.runtime_notifyListWait(0xc01affc250, 0x3b)
	/usr/lib/go/src/runtime/sema.go:597 +0x159
sync.(*Cond).Wait(0x0?)
	/usr/lib/go/src/sync/cond.go:71 +0x85
github.com/centrifugal/centrifuge/internal/dissolve.(*queueImpl).Wait(0xc01821cd90)
	/home/mariell/go/pkg/mod/github.com/centrifugal/centrifuge@v0.33.3/internal/dissolve/queue.go:139 +0x4a
github.com/centrifugal/centrifuge/internal/dissolve.(*Dissolver).runWorker(0xc0024fff08)
	/home/mariell/go/pkg/mod/github.com/centrifugal/centrifuge@v0.33.3/internal/dissolve/dissolve.go:52 +0x27
created by github.com/centrifugal/centrifuge/internal/dissolve.(*Dissolver).Run in goroutine 36374
	/home/mariell/go/pkg/mod/github.com/centrifugal/centrifuge@v0.33.3/internal/dissolve/dissolve.go:31 +0x25

goroutine 33134 [sync.Cond.Wait]:
sync.runtime_notifyListWait(0xc019c7fcd0, 0x1b)
	/usr/lib/go/src/runtime/sema.go:597 +0x159
sync.(*Cond).Wait(0xc0071eb7d0?)
	/usr/lib/go/src/sync/cond.go:71 +0x85
github.com/centrifugal/centrifuge/internal/dissolve.(*queueImpl).Wait(0xc012092e00)
	/home/mariell/go/pkg/mod/github.com/centrifugal/centrifuge@v0.33.3/internal/dissolve/queue.go:139 +0x4a
github.com/centrifugal/centrifuge/internal/dissolve.(*Dissolver).runWorker(0xc01ba3c438)
	/home/mariell/go/pkg/mod/github.com/centrifugal/centrifuge@v0.33.3/internal/dissolve/dissolve.go:52 +0x27
created by github.com/centrifugal/centrifuge/internal/dissolve.(*Dissolver).Run in goroutine 31996
	/home/mariell/go/pkg/mod/github.com/centrifugal/centrifuge@v0.33.3/internal/dissolve/dissolve.go:31 +0x25

goroutine 30326 [select]:
k8s.io/apimachinery/pkg/util/wait.BackoffUntil(0xc010a16100, {0xa95ac00, 0xc01234b4d0}, 0x1, 0xc0052f9030)
	/home/mariell/go/pkg/mod/k8s.io/apimachinery@v0.32.1/pkg/util/wait/backoff.go:238 +0x12c
k8s.io/apimachinery/pkg/util/wait.JitterUntil(0xc010a16100, 0x3b9aca00, 0x3ff3333333333333, 0x1, 0xc0052f9030)
	/home/mariell/go/pkg/mod/k8s.io/apimachinery@v0.32.1/pkg/util/wait/backoff.go:204 +0x7f
created by k8s.io/apiserver/pkg/registry/generic/registry.(*Store).startObservingCount in goroutine 30322
	/home/mariell/go/pkg/mod/k8s.io/apiserver@v0.32.1/pkg/registry/generic/registry/store.go:1666 +0x2f9

goroutine 25421 [select]:
github.com/grafana/grafana/pkg/storage/unified/resource.(*broadcaster[...]).stream(0xab113a0, 0xc00a681490)
	/home/mariell/work/oss/grafana/pkg/storage/unified/resource/broadcaster.go:205 +0x13d
created by github.com/grafana/grafana/pkg/storage/unified/resource.(*broadcaster[...]).init in goroutine 24436
	/home/mariell/work/oss/grafana/pkg/storage/unified/resource/broadcaster.go:177 +0x219

goroutine 30330 [select]:
github.com/grafana/grafana/pkg/storage/unified/resource.(*broadcaster[...]).stream(0xab113a0, 0xc00edc0ee0)
	/home/mariell/work/oss/grafana/pkg/storage/unified/resource/broadcaster.go:205 +0x13d
created by github.com/grafana/grafana/pkg/storage/unified/resource.(*broadcaster[...]).init in goroutine 30322
	/home/mariell/work/oss/grafana/pkg/storage/unified/resource/broadcaster.go:177 +0x219

goroutine 30332 [select]:
k8s.io/apimachinery/pkg/util/wait.BackoffUntil(0xc010a17600, {0xa95ac00, 0xc01234b500}, 0x1, 0xc00fcb23f0)
	/home/mariell/go/pkg/mod/k8s.io/apimachinery@v0.32.1/pkg/util/wait/backoff.go:238 +0x12c
k8s.io/apimachinery/pkg/util/wait.JitterUntil(0xc010a17600, 0x3b9aca00, 0x3ff3333333333333, 0x1, 0xc00fcb23f0)
	/home/mariell/go/pkg/mod/k8s.io/apimachinery@v0.32.1/pkg/util/wait/backoff.go:204 +0x7f
created by k8s.io/apiserver/pkg/registry/generic/registry.(*Store).startObservingCount in goroutine 30322
	/home/mariell/go/pkg/mod/k8s.io/apiserver@v0.32.1/pkg/registry/generic/registry/store.go:1666 +0x2f9

goroutine 30327 [chan receive]:
github.com/grafana/grafana/pkg/registry/apis/dashboard/legacy.(*dashboardSqlAccess).WatchWriteEvents.func1()
	/home/mariell/work/oss/grafana/pkg/registry/apis/dashboard/legacy/storage.go:238 +0x50
created by github.com/grafana/grafana/pkg/registry/apis/dashboard/legacy.(*dashboardSqlAccess).WatchWriteEvents in goroutine 30322
	/home/mariell/work/oss/grafana/pkg/registry/apis/dashboard/legacy/storage.go:236 +0x1b6

goroutine 26847 [sync.Cond.Wait]:
sync.runtime_notifyListWait(0xc00d5304d0, 0x2)
	/usr/lib/go/src/runtime/sema.go:597 +0x159
sync.(*Cond).Wait(0x0?)
	/usr/lib/go/src/sync/cond.go:71 +0x85
github.com/centrifugal/centrifuge/internal/dissolve.(*queueImpl).Wait(0xc00dc00930)
	/home/mariell/go/pkg/mod/github.com/centrifugal/centrifuge@v0.33.3/internal/dissolve/queue.go:139 +0x4a
github.com/centrifugal/centrifuge/internal/dissolve.(*Dissolver).runWorker(0xc0128109a8)
	/home/mariell/go/pkg/mod/github.com/centrifugal/centrifuge@v0.33.3/internal/dissolve/dissolve.go:52 +0x27
created by github.com/centrifugal/centrifuge/internal/dissolve.(*Dissolver).Run in goroutine 24637
	/home/mariell/go/pkg/mod/github.com/centrifugal/centrifuge@v0.33.3/internal/dissolve/dissolve.go:31 +0x25

goroutine 24033 [sync.Cond.Wait]:
sync.runtime_notifyListWait(0xc0142c1350, 0x20)
	/usr/lib/go/src/runtime/sema.go:597 +0x159
sync.(*Cond).Wait(0x0?)
	/usr/lib/go/src/sync/cond.go:71 +0x85
github.com/centrifugal/centrifuge/internal/dissolve.(*queueImpl).Wait(0xc012834b60)
	/home/mariell/go/pkg/mod/github.com/centrifugal/centrifuge@v0.33.3/internal/dissolve/queue.go:139 +0x4a
github.com/centrifugal/centrifuge/internal/dissolve.(*Dissolver).runWorker(0xc010117b90)
	/home/mariell/go/pkg/mod/github.com/centrifugal/centrifuge@v0.33.3/internal/dissolve/dissolve.go:52 +0x27
created by github.com/centrifugal/centrifuge/internal/dissolve.(*Dissolver).Run in goroutine 22319
	/home/mariell/go/pkg/mod/github.com/centrifugal/centrifuge@v0.33.3/internal/dissolve/dissolve.go:31 +0x25

goroutine 24042 [sync.Cond.Wait]:
sync.runtime_notifyListWait(0xc0142c1350, 0x29)
	/usr/lib/go/src/runtime/sema.go:597 +0x159
sync.(*Cond).Wait(0x0?)
	/usr/lib/go/src/sync/cond.go:71 +0x85
github.com/centrifugal/centrifuge/internal/dissolve.(*queueImpl).Wait(0xc012834b60)
	/home/mariell/go/pkg/mod/github.com/centrifugal/centrifuge@v0.33.3/internal/dissolve/queue.go:139 +0x4a
github.com/centrifugal/centrifuge/internal/dissolve.(*Dissolver).runWorker(0xc010117b90)
	/home/mariell/go/pkg/mod/github.com/centrifugal/centrifuge@v0.33.3/internal/dissolve/dissolve.go:52 +0x27
created by github.com/centrifugal/centrifuge/internal/dissolve.(*Dissolver).Run in goroutine 22319
	/home/mariell/go/pkg/mod/github.com/centrifugal/centrifuge@v0.33.3/internal/dissolve/dissolve.go:31 +0x25

goroutine 24020 [sync.Cond.Wait]:
sync.runtime_notifyListWait(0xc0142c1350, 0x13)
	/usr/lib/go/src/runtime/sema.go:597 +0x159
sync.(*Cond).Wait(0xc013b747d0?)
	/usr/lib/go/src/sync/cond.go:71 +0x85
github.com/centrifugal/centrifuge/internal/dissolve.(*queueImpl).Wait(0xc012834b60)
	/home/mariell/go/pkg/mod/github.com/centrifugal/centrifuge@v0.33.3/internal/dissolve/queue.go:139 +0x4a
github.com/centrifugal/centrifuge/internal/dissolve.(*Dissolver).runWorker(0xc010117b90)
	/home/mariell/go/pkg/mod/github.com/centrifugal/centrifuge@v0.33.3/internal/dissolve/dissolve.go:52 +0x27
created by github.com/centrifugal/centrifuge/internal/dissolve.(*Dissolver).Run in goroutine 22319
	/home/mariell/go/pkg/mod/github.com/centrifugal/centrifuge@v0.33.3/internal/dissolve/dissolve.go:31 +0x25

goroutine 25905 [IO wait]:
internal/poll.runtime_pollWait(0x7775581b1ca0, 0x72)
	/usr/lib/go/src/runtime/netpoll.go:351 +0x85
internal/poll.(*pollDesc).wait(0xc01374e800?, 0xc01482b300?, 0x0)
	/usr/lib/go/src/internal/poll/fd_poll_runtime.go:84 +0x27
internal/poll.(*pollDesc).waitRead(...)
	/usr/lib/go/src/internal/poll/fd_poll_runtime.go:89
internal/poll.(*FD).Read(0xc01374e800, {0xc01482b300, 0x1300, 0x1300})
	/usr/lib/go/src/internal/poll/fd_unix.go:165 +0x27a
net.(*netFD).Read(0xc01374e800, {0xc01482b300?, 0x5251a7?, 0x0?})
	/usr/lib/go/src/net/fd_posix.go:55 +0x25
net.(*conn).Read(0xc00a18f690, {0xc01482b300?, 0x77756038b528?, 0x7775a8b2ab80?})
	/usr/lib/go/src/net/net.go:194 +0x45
crypto/tls.(*atLeastReader).Read(0xc0110817b8, {0xc01482b300?, 0xc00b78a9f0?, 0x528dc5?})
	/usr/lib/go/src/crypto/tls/conn.go:809 +0x3b
bytes.(*Buffer).ReadFrom(0xc014620d38, {0xa94e300, 0xc0110817b8})
	/usr/lib/go/src/bytes/buffer.go:211 +0x98
crypto/tls.(*Conn).readFromUntil(0xc014620a88, {0xa94dc00, 0xc00a18f690}, 0x444af4?)
	/usr/lib/go/src/crypto/tls/conn.go:831 +0xde
crypto/tls.(*Conn).readRecordOrCCS(0xc014620a88, 0x0)
	/usr/lib/go/src/crypto/tls/conn.go:629 +0x3cf
crypto/tls.(*Conn).readRecord(...)
	/usr/lib/go/src/crypto/tls/conn.go:591
crypto/tls.(*Conn).Read(0xc014620a88, {0xc014803000, 0x1000, 0x7775a8b2ab80?})
	/usr/lib/go/src/crypto/tls/conn.go:1385 +0x145
net/http.(*persistConn).Read(0xc005cb8000, {0xc014803000?, 0x4141c5?, 0x68?})
	/usr/lib/go/src/net/http/transport.go:2122 +0x47
bufio.(*Reader).fill(0xc014810300)
	/usr/lib/go/src/bufio/bufio.go:113 +0x103
bufio.(*Reader).Peek(0xc014810300, 0x1)
	/usr/lib/go/src/bufio/bufio.go:152 +0x53
net/http.(*persistConn).readLoop(0xc005cb8000)
	/usr/lib/go/src/net/http/transport.go:2275 +0x172
created by net/http.(*Transport).dialConn in goroutine 25796
	/usr/lib/go/src/net/http/transport.go:1944 +0x174f

goroutine 28842 [select]:
net/http.(*persistConn).writeLoop(0xc0048b8000)
	/usr/lib/go/src/net/http/transport.go:2590 +0xe7
created by net/http.(*Transport).dialConn in goroutine 28041
	/usr/lib/go/src/net/http/transport.go:1945 +0x17a5

goroutine 24043 [sync.Cond.Wait]:
sync.runtime_notifyListWait(0xc0142c1350, 0x2a)
	/usr/lib/go/src/runtime/sema.go:597 +0x159
sync.(*Cond).Wait(0xc00eac9fd0?)
	/usr/lib/go/src/sync/cond.go:71 +0x85
github.com/centrifugal/centrifuge/internal/dissolve.(*queueImpl).Wait(0xc012834b60)
	/home/mariell/go/pkg/mod/github.com/centrifugal/centrifuge@v0.33.3/internal/dissolve/queue.go:139 +0x4a
github.com/centrifugal/centrifuge/internal/dissolve.(*Dissolver).runWorker(0xc010117b90)
	/home/mariell/go/pkg/mod/github.com/centrifugal/centrifuge@v0.33.3/internal/dissolve/dissolve.go:52 +0x27
created by github.com/centrifugal/centrifuge/internal/dissolve.(*Dissolver).Run in goroutine 22319
	/home/mariell/go/pkg/mod/github.com/centrifugal/centrifuge@v0.33.3/internal/dissolve/dissolve.go:31 +0x25

goroutine 23991 [select]:
github.com/centrifugal/centrifuge.(*MemoryBroker).expireResultCache(0xc01282d000)
	/home/mariell/go/pkg/mod/github.com/centrifugal/centrifuge@v0.33.3/broker_memory.go:160 +0x68
created by github.com/centrifugal/centrifuge.(*MemoryBroker).Run in goroutine 22319
	/home/mariell/go/pkg/mod/github.com/centrifugal/centrifuge@v0.33.3/broker_memory.go:73 +0x7f

goroutine 30117 [sync.Cond.Wait]:
sync.runtime_notifyListWait(0xc0029f6450, 0x2c)
	/usr/lib/go/src/runtime/sema.go:597 +0x159
sync.(*Cond).Wait(0x0?)
	/usr/lib/go/src/sync/cond.go:71 +0x85
github.com/centrifugal/centrifuge/internal/dissolve.(*queueImpl).Wait(0xc00ccdc000)
	/home/mariell/go/pkg/mod/github.com/centrifugal/centrifuge@v0.33.3/internal/dissolve/queue.go:139 +0x4a
github.com/centrifugal/centrifuge/internal/dissolve.(*Dissolver).runWorker(0xc00e0b3c50)
	/home/mariell/go/pkg/mod/github.com/centrifugal/centrifuge@v0.33.3/internal/dissolve/dissolve.go:52 +0x27
created by github.com/centrifugal/centrifuge/internal/dissolve.(*Dissolver).Run in goroutine 28801
	/home/mariell/go/pkg/mod/github.com/centrifugal/centrifuge@v0.33.3/internal/dissolve/dissolve.go:31 +0x25

goroutine 24049 [sync.Cond.Wait]:
sync.runtime_notifyListWait(0xc0142c1350, 0x30)
	/usr/lib/go/src/runtime/sema.go:597 +0x159
sync.(*Cond).Wait(0xc00eac87d0?)
	/usr/lib/go/src/sync/cond.go:71 +0x85
github.com/centrifugal/centrifuge/internal/dissolve.(*queueImpl).Wait(0xc012834b60)
	/home/mariell/go/pkg/mod/github.com/centrifugal/centrifuge@v0.33.3/internal/dissolve/queue.go:139 +0x4a
github.com/centrifugal/centrifuge/internal/dissolve.(*Dissolver).runWorker(0xc010117b90)
	/home/mariell/go/pkg/mod/github.com/centrifugal/centrifuge@v0.33.3/internal/dissolve/dissolve.go:52 +0x27
created by github.com/centrifugal/centrifuge/internal/dissolve.(*Dissolver).Run in goroutine 22319
	/home/mariell/go/pkg/mod/github.com/centrifugal/centrifuge@v0.33.3/internal/dissolve/dissolve.go:31 +0x25

goroutine 24021 [sync.Cond.Wait]:
sync.runtime_notifyListWait(0xc0142c1350, 0x14)
	/usr/lib/go/src/runtime/sema.go:597 +0x159
sync.(*Cond).Wait(0xc00ea247d0?)
	/usr/lib/go/src/sync/cond.go:71 +0x85
github.com/centrifugal/centrifuge/internal/dissolve.(*queueImpl).Wait(0xc012834b60)
	/home/mariell/go/pkg/mod/github.com/centrifugal/centrifuge@v0.33.3/internal/dissolve/queue.go:139 +0x4a
github.com/centrifugal/centrifuge/internal/dissolve.(*Dissolver).runWorker(0xc010117b90)
	/home/mariell/go/pkg/mod/github.com/centrifugal/centrifuge@v0.33.3/internal/dissolve/dissolve.go:52 +0x27
created by github.com/centrifugal/centrifuge/internal/dissolve.(*Dissolver).Run in goroutine 22319
	/home/mariell/go/pkg/mod/github.com/centrifugal/centrifuge@v0.33.3/internal/dissolve/dissolve.go:31 +0x25

goroutine 43445 [select]:
github.com/patrickmn/go-cache.(*janitor).Run(0xc008809ce0, 0xc00fcd4640)
	/home/mariell/go/pkg/mod/github.com/patrickmn/go-cache@v2.1.0+incompatible/cache.go:1079 +0x7b
created by github.com/patrickmn/go-cache.runJanitor in goroutine 42495
	/home/mariell/go/pkg/mod/github.com/patrickmn/go-cache@v2.1.0+incompatible/cache.go:1099 +0xdb

goroutine 24035 [sync.Cond.Wait]:
sync.runtime_notifyListWait(0xc0142c1350, 0x22)
	/usr/lib/go/src/runtime/sema.go:597 +0x159
sync.(*Cond).Wait(0x0?)
	/usr/lib/go/src/sync/cond.go:71 +0x85
github.com/centrifugal/centrifuge/internal/dissolve.(*queueImpl).Wait(0xc012834b60)
	/home/mariell/go/pkg/mod/github.com/centrifugal/centrifuge@v0.33.3/internal/dissolve/queue.go:139 +0x4a
github.com/centrifugal/centrifuge/internal/dissolve.(*Dissolver).runWorker(0xc010117b90)
	/home/mariell/go/pkg/mod/github.com/centrifugal/centrifuge@v0.33.3/internal/dissolve/dissolve.go:52 +0x27
created by github.com/centrifugal/centrifuge/internal/dissolve.(*Dissolver).Run in goroutine 22319
	/home/mariell/go/pkg/mod/github.com/centrifugal/centrifuge@v0.33.3/internal/dissolve/dissolve.go:31 +0x25

goroutine 24022 [sync.Cond.Wait]:
sync.runtime_notifyListWait(0xc0142c1350, 0x15)
	/usr/lib/go/src/runtime/sema.go:597 +0x159
sync.(*Cond).Wait(0xc0098a5fd0?)
	/usr/lib/go/src/sync/cond.go:71 +0x85
github.com/centrifugal/centrifuge/internal/dissolve.(*queueImpl).Wait(0xc012834b60)
	/home/mariell/go/pkg/mod/github.com/centrifugal/centrifuge@v0.33.3/internal/dissolve/queue.go:139 +0x4a
github.com/centrifugal/centrifuge/internal/dissolve.(*Dissolver).runWorker(0xc010117b90)
	/home/mariell/go/pkg/mod/github.com/centrifugal/centrifuge@v0.33.3/internal/dissolve/dissolve.go:52 +0x27
created by github.com/centrifugal/centrifuge/internal/dissolve.(*Dissolver).Run in goroutine 22319
	/home/mariell/go/pkg/mod/github.com/centrifugal/centrifuge@v0.33.3/internal/dissolve/dissolve.go:31 +0x25

goroutine 24050 [sync.Cond.Wait]:
sync.runtime_notifyListWait(0xc0142c1350, 0x31)
	/usr/lib/go/src/runtime/sema.go:597 +0x159
sync.(*Cond).Wait(0xc0098a4fd0?)
	/usr/lib/go/src/sync/cond.go:71 +0x85
github.com/centrifugal/centrifuge/internal/dissolve.(*queueImpl).Wait(0xc012834b60)
	/home/mariell/go/pkg/mod/github.com/centrifugal/centrifuge@v0.33.3/internal/dissolve/queue.go:139 +0x4a
github.com/centrifugal/centrifuge/internal/dissolve.(*Dissolver).runWorker(0xc010117b90)
	/home/mariell/go/pkg/mod/github.com/centrifugal/centrifuge@v0.33.3/internal/dissolve/dissolve.go:52 +0x27
created by github.com/centrifugal/centrifuge/internal/dissolve.(*Dissolver).Run in goroutine 22319
	/home/mariell/go/pkg/mod/github.com/centrifugal/centrifuge@v0.33.3/internal/dissolve/dissolve.go:31 +0x25

goroutine 24057 [sync.Cond.Wait]:
sync.runtime_notifyListWait(0xc0142c1350, 0x24)
	/usr/lib/go/src/runtime/sema.go:597 +0x159
sync.(*Cond).Wait(0x0?)
	/usr/lib/go/src/sync/cond.go:71 +0x85
github.com/centrifugal/centrifuge/internal/dissolve.(*queueImpl).Wait(0xc012834b60)
	/home/mariell/go/pkg/mod/github.com/centrifugal/centrifuge@v0.33.3/internal/dissolve/queue.go:139 +0x4a
github.com/centrifugal/centrifuge/internal/dissolve.(*Dissolver).runWorker(0xc010117b90)
	/home/mariell/go/pkg/mod/github.com/centrifugal/centrifuge@v0.33.3/internal/dissolve/dissolve.go:52 +0x27
created by github.com/centrifugal/centrifuge/internal/dissolve.(*Dissolver).Run in goroutine 22319
	/home/mariell/go/pkg/mod/github.com/centrifugal/centrifuge@v0.33.3/internal/dissolve/dissolve.go:31 +0x25

goroutine 24056 [sync.Cond.Wait]:
sync.runtime_notifyListWait(0xc0142c1350, 0x37)
	/usr/lib/go/src/runtime/sema.go:597 +0x159
sync.(*Cond).Wait(0x0?)
	/usr/lib/go/src/sync/cond.go:71 +0x85
github.com/centrifugal/centrifuge/internal/dissolve.(*queueImpl).Wait(0xc012834b60)
	/home/mariell/go/pkg/mod/github.com/centrifugal/centrifuge@v0.33.3/internal/dissolve/queue.go:139 +0x4a
github.com/centrifugal/centrifuge/internal/dissolve.(*Dissolver).runWorker(0xc010117b90)
	/home/mariell/go/pkg/mod/github.com/centrifugal/centrifuge@v0.33.3/internal/dissolve/dissolve.go:52 +0x27
created by github.com/centrifugal/centrifuge/internal/dissolve.(*Dissolver).Run in goroutine 22319
	/home/mariell/go/pkg/mod/github.com/centrifugal/centrifuge@v0.33.3/internal/dissolve/dissolve.go:31 +0x25

goroutine 25546 [sync.Cond.Wait]:
sync.runtime_notifyListWait(0xc012bf5590, 0x5)
	/usr/lib/go/src/runtime/sema.go:597 +0x159
sync.(*Cond).Wait(0x0?)
	/usr/lib/go/src/sync/cond.go:71 +0x85
github.com/centrifugal/centrifuge/internal/dissolve.(*queueImpl).Wait(0xc013b4b110)
	/home/mariell/go/pkg/mod/github.com/centrifugal/centrifuge@v0.33.3/internal/dissolve/queue.go:139 +0x4a
github.com/centrifugal/centrifuge/internal/dissolve.(*Dissolver).runWorker(0xc00faede18)
	/home/mariell/go/pkg/mod/github.com/centrifugal/centrifuge@v0.33.3/internal/dissolve/dissolve.go:52 +0x27
created by github.com/centrifugal/centrifuge/internal/dissolve.(*Dissolver).Run in goroutine 24436
	/home/mariell/go/pkg/mod/github.com/centrifugal/centrifuge@v0.33.3/internal/dissolve/dissolve.go:31 +0x25

goroutine 30451 [chan receive (nil chan)]:
k8s.io/apiserver/pkg/server.preparedGenericAPIServer.RunWithContext({0x10212da?}, {0xa9d1d00, 0xc00d10a050})
	/home/mariell/go/pkg/mod/k8s.io/apiserver@v0.32.1/pkg/server/genericapiserver.go:710 +0x9c5
github.com/grafana/grafana/pkg/services/apiserver.(*service).startCoreServer.func1()
	/home/mariell/work/oss/grafana/pkg/services/apiserver/service.go:448 +0x28
created by github.com/grafana/grafana/pkg/services/apiserver.(*service).startCoreServer in goroutine 30322
	/home/mariell/work/oss/grafana/pkg/services/apiserver/service.go:447 +0x125

goroutine 24045 [sync.Cond.Wait]:
sync.runtime_notifyListWait(0xc0142c1350, 0x2c)
	/usr/lib/go/src/runtime/sema.go:597 +0x159
sync.(*Cond).Wait(0x0?)
	/usr/lib/go/src/sync/cond.go:71 +0x85
github.com/centrifugal/centrifuge/internal/dissolve.(*queueImpl).Wait(0xc012834b60)
	/home/mariell/go/pkg/mod/github.com/centrifugal/centrifuge@v0.33.3/internal/dissolve/queue.go:139 +0x4a
github.com/centrifugal/centrifuge/internal/dissolve.(*Dissolver).runWorker(0xc010117b90)
	/home/mariell/go/pkg/mod/github.com/centrifugal/centrifuge@v0.33.3/internal/dissolve/dissolve.go:52 +0x27
created by github.com/centrifugal/centrifuge/internal/dissolve.(*Dissolver).Run in goroutine 22319
	/home/mariell/go/pkg/mod/github.com/centrifugal/centrifuge@v0.33.3/internal/dissolve/dissolve.go:31 +0x25

goroutine 24051 [sync.Cond.Wait]:
sync.runtime_notifyListWait(0xc0142c1350, 0x32)
	/usr/lib/go/src/runtime/sema.go:597 +0x159
sync.(*Cond).Wait(0x0?)
	/usr/lib/go/src/sync/cond.go:71 +0x85
github.com/centrifugal/centrifuge/internal/dissolve.(*queueImpl).Wait(0xc012834b60)
	/home/mariell/go/pkg/mod/github.com/centrifugal/centrifuge@v0.33.3/internal/dissolve/queue.go:139 +0x4a
github.com/centrifugal/centrifuge/internal/dissolve.(*Dissolver).runWorker(0xc010117b90)
	/home/mariell/go/pkg/mod/github.com/centrifugal/centrifuge@v0.33.3/internal/dissolve/dissolve.go:52 +0x27
created by github.com/centrifugal/centrifuge/internal/dissolve.(*Dissolver).Run in goroutine 22319
	/home/mariell/go/pkg/mod/github.com/centrifugal/centrifuge@v0.33.3/internal/dissolve/dissolve.go:31 +0x25

goroutine 24023 [sync.Cond.Wait]:
sync.runtime_notifyListWait(0xc0142c1350, 0x16)
	/usr/lib/go/src/runtime/sema.go:597 +0x159
sync.(*Cond).Wait(0x0?)
	/usr/lib/go/src/sync/cond.go:71 +0x85
github.com/centrifugal/centrifuge/internal/dissolve.(*queueImpl).Wait(0xc012834b60)
	/home/mariell/go/pkg/mod/github.com/centrifugal/centrifuge@v0.33.3/internal/dissolve/queue.go:139 +0x4a
github.com/centrifugal/centrifuge/internal/dissolve.(*Dissolver).runWorker(0xc010117b90)
	/home/mariell/go/pkg/mod/github.com/centrifugal/centrifuge@v0.33.3/internal/dissolve/dissolve.go:52 +0x27
created by github.com/centrifugal/centrifuge/internal/dissolve.(*Dissolver).Run in goroutine 22319
	/home/mariell/go/pkg/mod/github.com/centrifugal/centrifuge@v0.33.3/internal/dissolve/dissolve.go:31 +0x25

goroutine 24034 [sync.Cond.Wait]:
sync.runtime_notifyListWait(0xc0142c1350, 0x21)
	/usr/lib/go/src/runtime/sema.go:597 +0x159
sync.(*Cond).Wait(0xc01404c7d0?)
	/usr/lib/go/src/sync/cond.go:71 +0x85
github.com/centrifugal/centrifuge/internal/dissolve.(*queueImpl).Wait(0xc012834b60)
	/home/mariell/go/pkg/mod/github.com/centrifugal/centrifuge@v0.33.3/internal/dissolve/queue.go:139 +0x4a
github.com/centrifugal/centrifuge/internal/dissolve.(*Dissolver).runWorker(0xc010117b90)
	/home/mariell/go/pkg/mod/github.com/centrifugal/centrifuge@v0.33.3/internal/dissolve/dissolve.go:52 +0x27
created by github.com/centrifugal/centrifuge/internal/dissolve.(*Dissolver).Run in goroutine 22319
	/home/mariell/go/pkg/mod/github.com/centrifugal/centrifuge@v0.33.3/internal/dissolve/dissolve.go:31 +0x25

goroutine 22799 [select]:
k8s.io/apimachinery/pkg/util/wait.BackoffUntil(0xc0134b4cc0, {0xa95ac00, 0xc0131f60f0}, 0x1, 0xc01345e540)
	/home/mariell/go/pkg/mod/k8s.io/apimachinery@v0.32.1/pkg/util/wait/backoff.go:238 +0x12c
k8s.io/apimachinery/pkg/util/wait.JitterUntil(0xc0134b4cc0, 0x3b9aca00, 0x3ff3333333333333, 0x1, 0xc01345e540)
	/home/mariell/go/pkg/mod/k8s.io/apimachinery@v0.32.1/pkg/util/wait/backoff.go:204 +0x7f
created by k8s.io/apiserver/pkg/registry/generic/registry.(*Store).startObservingCount in goroutine 23614
	/home/mariell/go/pkg/mod/k8s.io/apiserver@v0.32.1/pkg/registry/generic/registry/store.go:1666 +0x2f9

goroutine 23896 [chan receive]:
github.com/grafana/grafana/pkg/storage/unified/sql.(*channelNotifier).notify.func1()
	/home/mariell/work/oss/grafana/pkg/storage/unified/sql/notifier.go:87 +0x39
created by github.com/grafana/grafana/pkg/storage/unified/sql.(*channelNotifier).notify in goroutine 22319
	/home/mariell/work/oss/grafana/pkg/storage/unified/sql/notifier.go:86 +0xdb

goroutine 24025 [sync.Cond.Wait]:
sync.runtime_notifyListWait(0xc0142c1350, 0x18)
	/usr/lib/go/src/runtime/sema.go:597 +0x159
sync.(*Cond).Wait(0xc01404e7d0?)
	/usr/lib/go/src/sync/cond.go:71 +0x85
github.com/centrifugal/centrifuge/internal/dissolve.(*queueImpl).Wait(0xc012834b60)
	/home/mariell/go/pkg/mod/github.com/centrifugal/centrifuge@v0.33.3/internal/dissolve/queue.go:139 +0x4a
github.com/centrifugal/centrifuge/internal/dissolve.(*Dissolver).runWorker(0xc010117b90)
	/home/mariell/go/pkg/mod/github.com/centrifugal/centrifuge@v0.33.3/internal/dissolve/dissolve.go:52 +0x27
created by github.com/centrifugal/centrifuge/internal/dissolve.(*Dissolver).Run in goroutine 22319
	/home/mariell/go/pkg/mod/github.com/centrifugal/centrifuge@v0.33.3/internal/dissolve/dissolve.go:31 +0x25

goroutine 24024 [sync.Cond.Wait]:
sync.runtime_notifyListWait(0xc0142c1350, 0x17)
	/usr/lib/go/src/runtime/sema.go:597 +0x159
sync.(*Cond).Wait(0x0?)
	/usr/lib/go/src/sync/cond.go:71 +0x85
github.com/centrifugal/centrifuge/internal/dissolve.(*queueImpl).Wait(0xc012834b60)
	/home/mariell/go/pkg/mod/github.com/centrifugal/centrifuge@v0.33.3/internal/dissolve/queue.go:139 +0x4a
github.com/centrifugal/centrifuge/internal/dissolve.(*Dissolver).runWorker(0xc010117b90)
	/home/mariell/go/pkg/mod/github.com/centrifugal/centrifuge@v0.33.3/internal/dissolve/dissolve.go:52 +0x27
created by github.com/centrifugal/centrifuge/internal/dissolve.(*Dissolver).Run in goroutine 22319
	/home/mariell/go/pkg/mod/github.com/centrifugal/centrifuge@v0.33.3/internal/dissolve/dissolve.go:31 +0x25

goroutine 27052 [sync.Cond.Wait]:
sync.runtime_notifyListWait(0xc00d5304d0, 0x1d)
	/usr/lib/go/src/runtime/sema.go:597 +0x159
sync.(*Cond).Wait(0x0?)
	/usr/lib/go/src/sync/cond.go:71 +0x85
github.com/centrifugal/centrifuge/internal/dissolve.(*queueImpl).Wait(0xc00dc00930)
	/home/mariell/go/pkg/mod/github.com/centrifugal/centrifuge@v0.33.3/internal/dissolve/queue.go:139 +0x4a
github.com/centrifugal/centrifuge/internal/dissolve.(*Dissolver).runWorker(0xc0128109a8)
	/home/mariell/go/pkg/mod/github.com/centrifugal/centrifuge@v0.33.3/internal/dissolve/dissolve.go:52 +0x27
created by github.com/centrifugal/centrifuge/internal/dissolve.(*Dissolver).Run in goroutine 24637
	/home/mariell/go/pkg/mod/github.com/centrifugal/centrifuge@v0.33.3/internal/dissolve/dissolve.go:31 +0x25

goroutine 27023 [sync.Cond.Wait]:
sync.runtime_notifyListWait(0xc00d5304d0, 0x6)
	/usr/lib/go/src/runtime/sema.go:597 +0x159
sync.(*Cond).Wait(0xc00cd57fd0?)
	/usr/lib/go/src/sync/cond.go:71 +0x85
github.com/centrifugal/centrifuge/internal/dissolve.(*queueImpl).Wait(0xc00dc00930)
	/home/mariell/go/pkg/mod/github.com/centrifugal/centrifuge@v0.33.3/internal/dissolve/queue.go:139 +0x4a
github.com/centrifugal/centrifuge/internal/dissolve.(*Dissolver).runWorker(0xc0128109a8)
	/home/mariell/go/pkg/mod/github.com/centrifugal/centrifuge@v0.33.3/internal/dissolve/dissolve.go:52 +0x27
created by github.com/centrifugal/centrifuge/internal/dissolve.(*Dissolver).Run in goroutine 24637
	/home/mariell/go/pkg/mod/github.com/centrifugal/centrifuge@v0.33.3/internal/dissolve/dissolve.go:31 +0x25

goroutine 25333 [select]:
github.com/centrifugal/centrifuge.(*Node).sendNodePing(0xc007e27448)
	/home/mariell/go/pkg/mod/github.com/centrifugal/centrifuge@v0.33.3/node.go:380 +0x85
created by github.com/centrifugal/centrifuge.(*Node).Run in goroutine 24436
	/home/mariell/go/pkg/mod/github.com/centrifugal/centrifuge@v0.33.3/node.go:260 +0x225

goroutine 40585 [sync.Cond.Wait]:
sync.runtime_notifyListWait(0xc0228a0b10, 0x34)
	/usr/lib/go/src/runtime/sema.go:597 +0x159
sync.(*Cond).Wait(0xc01ec227d0?)
	/usr/lib/go/src/sync/cond.go:71 +0x85
github.com/centrifugal/centrifuge/internal/dissolve.(*queueImpl).Wait(0xc0228cc690)
	/home/mariell/go/pkg/mod/github.com/centrifugal/centrifuge@v0.33.3/internal/dissolve/queue.go:139 +0x4a
github.com/centrifugal/centrifuge/internal/dissolve.(*Dissolver).runWorker(0xc015fedd58)
	/home/mariell/go/pkg/mod/github.com/centrifugal/centrifuge@v0.33.3/internal/dissolve/dissolve.go:52 +0x27
created by github.com/centrifugal/centrifuge/internal/dissolve.(*Dissolver).Run in goroutine 36287
	/home/mariell/go/pkg/mod/github.com/centrifugal/centrifuge@v0.33.3/internal/dissolve/dissolve.go:31 +0x25

goroutine 23897 [chan receive]:
github.com/grafana/grafana/pkg/storage/unified/resource.(*server).initWatcher.func1.1()
	/home/mariell/work/oss/grafana/pkg/storage/unified/resource/server.go:922 +0x58
created by github.com/grafana/grafana/pkg/storage/unified/resource.(*server).initWatcher.func1 in goroutine 22319
	/home/mariell/work/oss/grafana/pkg/storage/unified/resource/server.go:921 +0xaa

goroutine 36446 [chan receive (nil chan)]:
k8s.io/apiserver/pkg/server.preparedGenericAPIServer.RunWithContext.func5()
	/home/mariell/go/pkg/mod/k8s.io/apiserver@v0.32.1/pkg/server/genericapiserver.go:598 +0x37
created by k8s.io/apiserver/pkg/server.preparedGenericAPIServer.RunWithContext in goroutine 36439
	/home/mariell/go/pkg/mod/k8s.io/apiserver@v0.32.1/pkg/server/genericapiserver.go:597 +0x60b

goroutine 24029 [sync.Cond.Wait]:
sync.runtime_notifyListWait(0xc0142c1350, 0x1c)
	/usr/lib/go/src/runtime/sema.go:597 +0x159
sync.(*Cond).Wait(0x0?)
	/usr/lib/go/src/sync/cond.go:71 +0x85
github.com/centrifugal/centrifuge/internal/dissolve.(*queueImpl).Wait(0xc012834b60)
	/home/mariell/go/pkg/mod/github.com/centrifugal/centrifuge@v0.33.3/internal/dissolve/queue.go:139 +0x4a
github.com/centrifugal/centrifuge/internal/dissolve.(*Dissolver).runWorker(0xc010117b90)
	/home/mariell/go/pkg/mod/github.com/centrifugal/centrifuge@v0.33.3/internal/dissolve/dissolve.go:52 +0x27
created by github.com/centrifugal/centrifuge/internal/dissolve.(*Dissolver).Run in goroutine 22319
	/home/mariell/go/pkg/mod/github.com/centrifugal/centrifuge@v0.33.3/internal/dissolve/dissolve.go:31 +0x25

goroutine 23960 [select]:
github.com/patrickmn/go-cache.(*janitor).Run(0xc0105609c0, 0xc0140aa200)
	/home/mariell/go/pkg/mod/github.com/patrickmn/go-cache@v2.1.0+incompatible/cache.go:1079 +0x7b
created by github.com/patrickmn/go-cache.runJanitor in goroutine 22319
	/home/mariell/go/pkg/mod/github.com/patrickmn/go-cache@v2.1.0+incompatible/cache.go:1099 +0xdb

goroutine 25545 [sync.Cond.Wait]:
sync.runtime_notifyListWait(0xc012bf5590, 0x4)
	/usr/lib/go/src/runtime/sema.go:597 +0x159
sync.(*Cond).Wait(0xc00c0eafd0?)
	/usr/lib/go/src/sync/cond.go:71 +0x85
github.com/centrifugal/centrifuge/internal/dissolve.(*queueImpl).Wait(0xc013b4b110)
	/home/mariell/go/pkg/mod/github.com/centrifugal/centrifuge@v0.33.3/internal/dissolve/queue.go:139 +0x4a
github.com/centrifugal/centrifuge/internal/dissolve.(*Dissolver).runWorker(0xc00faede18)
	/home/mariell/go/pkg/mod/github.com/centrifugal/centrifuge@v0.33.3/internal/dissolve/dissolve.go:52 +0x27
created by github.com/centrifugal/centrifuge/internal/dissolve.(*Dissolver).Run in goroutine 24436
	/home/mariell/go/pkg/mod/github.com/centrifugal/centrifuge@v0.33.3/internal/dissolve/dissolve.go:31 +0x25

goroutine 26965 [select]:
github.com/patrickmn/go-cache.(*janitor).Run(0xc00f40ac40, 0xc00f38c440)
	/home/mariell/go/pkg/mod/github.com/patrickmn/go-cache@v2.1.0+incompatible/cache.go:1079 +0x7b
created by github.com/patrickmn/go-cache.runJanitor in goroutine 24637
	/home/mariell/go/pkg/mod/github.com/patrickmn/go-cache@v2.1.0+incompatible/cache.go:1099 +0xdb

goroutine 34659 [sync.Cond.Wait]:
sync.runtime_notifyListWait(0xc00dfe4bd0, 0x18)
	/usr/lib/go/src/runtime/sema.go:597 +0x159
sync.(*Cond).Wait(0x0?)
	/usr/lib/go/src/sync/cond.go:71 +0x85
github.com/centrifugal/centrifuge/internal/dissolve.(*queueImpl).Wait(0xc01277aee0)
	/home/mariell/go/pkg/mod/github.com/centrifugal/centrifuge@v0.33.3/internal/dissolve/queue.go:139 +0x4a
github.com/centrifugal/centrifuge/internal/dissolve.(*Dissolver).runWorker(0xc015fec510)
	/home/mariell/go/pkg/mod/github.com/centrifugal/centrifuge@v0.33.3/internal/dissolve/dissolve.go:52 +0x27
created by github.com/centrifugal/centrifuge/internal/dissolve.(*Dissolver).Run in goroutine 33524
	/home/mariell/go/pkg/mod/github.com/centrifugal/centrifuge@v0.33.3/internal/dissolve/dissolve.go:31 +0x25

goroutine 25343 [sync.Cond.Wait]:
sync.runtime_notifyListWait(0xc012bf5590, 0x1b)
	/usr/lib/go/src/runtime/sema.go:597 +0x159
sync.(*Cond).Wait(0x0?)
	/usr/lib/go/src/sync/cond.go:71 +0x85
github.com/centrifugal/centrifuge/internal/dissolve.(*queueImpl).Wait(0xc013b4b110)
	/home/mariell/go/pkg/mod/github.com/centrifugal/centrifuge@v0.33.3/internal/dissolve/queue.go:139 +0x4a
github.com/centrifugal/centrifuge/internal/dissolve.(*Dissolver).runWorker(0xc00faede18)
	/home/mariell/go/pkg/mod/github.com/centrifugal/centrifuge@v0.33.3/internal/dissolve/dissolve.go:52 +0x27
created by github.com/centrifugal/centrifuge/internal/dissolve.(*Dissolver).Run in goroutine 24436
	/home/mariell/go/pkg/mod/github.com/centrifugal/centrifuge@v0.33.3/internal/dissolve/dissolve.go:31 +0x25

goroutine 34469 [select]:
github.com/patrickmn/go-cache.(*janitor).Run(0xc01b34eee0, 0xc01bb1ef00)
	/home/mariell/go/pkg/mod/github.com/patrickmn/go-cache@v2.1.0+incompatible/cache.go:1079 +0x7b
created by github.com/patrickmn/go-cache.runJanitor in goroutine 33524
	/home/mariell/go/pkg/mod/github.com/patrickmn/go-cache@v2.1.0+incompatible/cache.go:1099 +0xdb

goroutine 40594 [sync.Cond.Wait]:
sync.runtime_notifyListWait(0xc0228a0b10, 0x3a)
	/usr/lib/go/src/runtime/sema.go:597 +0x159
sync.(*Cond).Wait(0x0?)
	/usr/lib/go/src/sync/cond.go:71 +0x85
github.com/centrifugal/centrifuge/internal/dissolve.(*queueImpl).Wait(0xc0228cc690)
	/home/mariell/go/pkg/mod/github.com/centrifugal/centrifuge@v0.33.3/internal/dissolve/queue.go:139 +0x4a
github.com/centrifugal/centrifuge/internal/dissolve.(*Dissolver).runWorker(0xc015fedd58)
	/home/mariell/go/pkg/mod/github.com/centrifugal/centrifuge@v0.33.3/internal/dissolve/dissolve.go:52 +0x27
created by github.com/centrifugal/centrifuge/internal/dissolve.(*Dissolver).Run in goroutine 36287
	/home/mariell/go/pkg/mod/github.com/centrifugal/centrifuge@v0.33.3/internal/dissolve/dissolve.go:31 +0x25

goroutine 37868 [select]:
github.com/centrifugal/centrifuge.(*Node).cleanNodeInfo(0xc007eb18c8)
	/home/mariell/go/pkg/mod/github.com/centrifugal/centrifuge@v0.33.3/node.go:394 +0x90
created by github.com/centrifugal/centrifuge.(*Node).Run in goroutine 37971
	/home/mariell/go/pkg/mod/github.com/centrifugal/centrifuge@v0.33.3/node.go:261 +0x265

goroutine 31389 [select]:
github.com/patrickmn/go-cache.(*janitor).Run(0xc0146806e0, 0xc0147fb5c0)
	/home/mariell/go/pkg/mod/github.com/patrickmn/go-cache@v2.1.0+incompatible/cache.go:1079 +0x7b
created by github.com/patrickmn/go-cache.runJanitor in goroutine 30466
	/home/mariell/go/pkg/mod/github.com/patrickmn/go-cache@v2.1.0+incompatible/cache.go:1099 +0xdb

goroutine 26853 [select]:
github.com/patrickmn/go-cache.(*janitor).Run(0xc00df96f10, 0xc00880ba00)
	/home/mariell/go/pkg/mod/github.com/patrickmn/go-cache@v2.1.0+incompatible/cache.go:1079 +0x7b
created by github.com/patrickmn/go-cache.runJanitor in goroutine 24637
	/home/mariell/go/pkg/mod/github.com/patrickmn/go-cache@v2.1.0+incompatible/cache.go:1099 +0xdb

goroutine 24030 [sync.Cond.Wait]:
sync.runtime_notifyListWait(0xc0142c1350, 0x1d)
	/usr/lib/go/src/runtime/sema.go:597 +0x159
sync.(*Cond).Wait(0xc00c0e77d0?)
	/usr/lib/go/src/sync/cond.go:71 +0x85
github.com/centrifugal/centrifuge/internal/dissolve.(*queueImpl).Wait(0xc012834b60)
	/home/mariell/go/pkg/mod/github.com/centrifugal/centrifuge@v0.33.3/internal/dissolve/queue.go:139 +0x4a
github.com/centrifugal/centrifuge/internal/dissolve.(*Dissolver).runWorker(0xc010117b90)
	/home/mariell/go/pkg/mod/github.com/centrifugal/centrifuge@v0.33.3/internal/dissolve/dissolve.go:52 +0x27
created by github.com/centrifugal/centrifuge/internal/dissolve.(*Dissolver).Run in goroutine 22319
	/home/mariell/go/pkg/mod/github.com/centrifugal/centrifuge@v0.33.3/internal/dissolve/dissolve.go:31 +0x25

goroutine 24026 [sync.Cond.Wait]:
sync.runtime_notifyListWait(0xc0142c1350, 0x19)
	/usr/lib/go/src/runtime/sema.go:597 +0x159
sync.(*Cond).Wait(0xc00c0e7fd0?)
	/usr/lib/go/src/sync/cond.go:71 +0x85
github.com/centrifugal/centrifuge/internal/dissolve.(*queueImpl).Wait(0xc012834b60)
	/home/mariell/go/pkg/mod/github.com/centrifugal/centrifuge@v0.33.3/internal/dissolve/queue.go:139 +0x4a
github.com/centrifugal/centrifuge/internal/dissolve.(*Dissolver).runWorker(0xc010117b90)
	/home/mariell/go/pkg/mod/github.com/centrifugal/centrifuge@v0.33.3/internal/dissolve/dissolve.go:52 +0x27
created by github.com/centrifugal/centrifuge/internal/dissolve.(*Dissolver).Run in goroutine 22319
	/home/mariell/go/pkg/mod/github.com/centrifugal/centrifuge@v0.33.3/internal/dissolve/dissolve.go:31 +0x25

goroutine 42537 [chan receive (nil chan)]:
k8s.io/apiserver/pkg/server.preparedGenericAPIServer.RunWithContext.func5()
	/home/mariell/go/pkg/mod/k8s.io/apiserver@v0.32.1/pkg/server/genericapiserver.go:598 +0x37
created by k8s.io/apiserver/pkg/server.preparedGenericAPIServer.RunWithContext in goroutine 42530
	/home/mariell/go/pkg/mod/k8s.io/apiserver@v0.32.1/pkg/server/genericapiserver.go:597 +0x60b

goroutine 24311 [select]:
net/http.(*persistConn).writeLoop(0xc005b99200)
	/usr/lib/go/src/net/http/transport.go:2590 +0xe7
created by net/http.(*Transport).dialConn in goroutine 24284
	/usr/lib/go/src/net/http/transport.go:1945 +0x17a5

goroutine 25542 [sync.Cond.Wait]:
sync.runtime_notifyListWait(0xc012bf5590, 0x1)
	/usr/lib/go/src/runtime/sema.go:597 +0x159
sync.(*Cond).Wait(0x0?)
	/usr/lib/go/src/sync/cond.go:71 +0x85
github.com/centrifugal/centrifuge/internal/dissolve.(*queueImpl).Wait(0xc013b4b110)
	/home/mariell/go/pkg/mod/github.com/centrifugal/centrifuge@v0.33.3/internal/dissolve/queue.go:139 +0x4a
github.com/centrifugal/centrifuge/internal/dissolve.(*Dissolver).runWorker(0xc00faede18)
	/home/mariell/go/pkg/mod/github.com/centrifugal/centrifuge@v0.33.3/internal/dissolve/dissolve.go:52 +0x27
created by github.com/centrifugal/centrifuge/internal/dissolve.(*Dissolver).Run in goroutine 24436
	/home/mariell/go/pkg/mod/github.com/centrifugal/centrifuge@v0.33.3/internal/dissolve/dissolve.go:31 +0x25

goroutine 30405 [select]:
net/http.(*persistConn).writeLoop(0xc0053d4000)
	/usr/lib/go/src/net/http/transport.go:2590 +0xe7
created by net/http.(*Transport).dialConn in goroutine 25960
	/usr/lib/go/src/net/http/transport.go:1945 +0x17a5

goroutine 32017 [select]:
k8s.io/apimachinery/pkg/util/wait.BackoffUntil(0xc0026d7300, {0xa95ac00, 0xc01375a120}, 0x1, 0xc011dd5030)
	/home/mariell/go/pkg/mod/k8s.io/apimachinery@v0.32.1/pkg/util/wait/backoff.go:238 +0x12c
k8s.io/apimachinery/pkg/util/wait.JitterUntil(0xc0026d7300, 0x3b9aca00, 0x3ff3333333333333, 0x1, 0xc011dd5030)
	/home/mariell/go/pkg/mod/k8s.io/apimachinery@v0.32.1/pkg/util/wait/backoff.go:204 +0x7f
created by k8s.io/apiserver/pkg/registry/generic/registry.(*Store).startObservingCount in goroutine 30401
	/home/mariell/go/pkg/mod/k8s.io/apiserver@v0.32.1/pkg/registry/generic/registry/store.go:1666 +0x2f9

goroutine 24052 [sync.Cond.Wait]:
sync.runtime_notifyListWait(0xc0142c1350, 0x33)
	/usr/lib/go/src/runtime/sema.go:597 +0x159
sync.(*Cond).Wait(0x0?)
	/usr/lib/go/src/sync/cond.go:71 +0x85
github.com/centrifugal/centrifuge/internal/dissolve.(*queueImpl).Wait(0xc012834b60)
	/home/mariell/go/pkg/mod/github.com/centrifugal/centrifuge@v0.33.3/internal/dissolve/queue.go:139 +0x4a
github.com/centrifugal/centrifuge/internal/dissolve.(*Dissolver).runWorker(0xc010117b90)
	/home/mariell/go/pkg/mod/github.com/centrifugal/centrifuge@v0.33.3/internal/dissolve/dissolve.go:52 +0x27
created by github.com/centrifugal/centrifuge/internal/dissolve.(*Dissolver).Run in goroutine 22319
	/home/mariell/go/pkg/mod/github.com/centrifugal/centrifuge@v0.33.3/internal/dissolve/dissolve.go:31 +0x25

goroutine 23992 [select]:
github.com/centrifugal/centrifuge.(*historyHub).expireStreams(0xc01282cf80)
	/home/mariell/go/pkg/mod/github.com/centrifugal/centrifuge@v0.33.3/broker_memory.go:298 +0x75
created by github.com/centrifugal/centrifuge.(*historyHub).runCleanups in goroutine 22319
	/home/mariell/go/pkg/mod/github.com/centrifugal/centrifuge@v0.33.3/broker_memory.go:252 +0x56

goroutine 23898 [select]:
github.com/grafana/grafana/pkg/storage/unified/resource.(*cache[...]).run(0xc0059633b0)
	/home/mariell/work/oss/grafana/pkg/storage/unified/resource/broadcaster.go:291 +0xb0
created by github.com/grafana/grafana/pkg/storage/unified/resource.newChannelCache[...] in goroutine 22319
	/home/mariell/work/oss/grafana/pkg/storage/unified/resource/broadcaster.go:276 +0x189

goroutine 24028 [sync.Cond.Wait]:
sync.runtime_notifyListWait(0xc0142c1350, 0x1b)
	/usr/lib/go/src/runtime/sema.go:597 +0x159
sync.(*Cond).Wait(0x0?)
	/usr/lib/go/src/sync/cond.go:71 +0x85
github.com/centrifugal/centrifuge/internal/dissolve.(*queueImpl).Wait(0xc012834b60)
	/home/mariell/go/pkg/mod/github.com/centrifugal/centrifuge@v0.33.3/internal/dissolve/queue.go:139 +0x4a
github.com/centrifugal/centrifuge/internal/dissolve.(*Dissolver).runWorker(0xc010117b90)
	/home/mariell/go/pkg/mod/github.com/centrifugal/centrifuge@v0.33.3/internal/dissolve/dissolve.go:52 +0x27
created by github.com/centrifugal/centrifuge/internal/dissolve.(*Dissolver).Run in goroutine 22319
	/home/mariell/go/pkg/mod/github.com/centrifugal/centrifuge@v0.33.3/internal/dissolve/dissolve.go:31 +0x25

goroutine 24027 [sync.Cond.Wait]:
sync.runtime_notifyListWait(0xc0142c1350, 0x1a)
	/usr/lib/go/src/runtime/sema.go:597 +0x159
sync.(*Cond).Wait(0x0?)
	/usr/lib/go/src/sync/cond.go:71 +0x85
github.com/centrifugal/centrifuge/internal/dissolve.(*queueImpl).Wait(0xc012834b60)
	/home/mariell/go/pkg/mod/github.com/centrifugal/centrifuge@v0.33.3/internal/dissolve/queue.go:139 +0x4a
github.com/centrifugal/centrifuge/internal/dissolve.(*Dissolver).runWorker(0xc010117b90)
	/home/mariell/go/pkg/mod/github.com/centrifugal/centrifuge@v0.33.3/internal/dissolve/dissolve.go:52 +0x27
created by github.com/centrifugal/centrifuge/internal/dissolve.(*Dissolver).Run in goroutine 22319
	/home/mariell/go/pkg/mod/github.com/centrifugal/centrifuge@v0.33.3/internal/dissolve/dissolve.go:31 +0x25

goroutine 25578 [sync.Cond.Wait]:
sync.runtime_notifyListWait(0xc012bf5590, 0x2c)
	/usr/lib/go/src/runtime/sema.go:597 +0x159
sync.(*Cond).Wait(0x0?)
	/usr/lib/go/src/sync/cond.go:71 +0x85
github.com/centrifugal/centrifuge/internal/dissolve.(*queueImpl).Wait(0xc013b4b110)
	/home/mariell/go/pkg/mod/github.com/centrifugal/centrifuge@v0.33.3/internal/dissolve/queue.go:139 +0x4a
github.com/centrifugal/centrifuge/internal/dissolve.(*Dissolver).runWorker(0xc00faede18)
	/home/mariell/go/pkg/mod/github.com/centrifugal/centrifuge@v0.33.3/internal/dissolve/dissolve.go:52 +0x27
created by github.com/centrifugal/centrifuge/internal/dissolve.(*Dissolver).Run in goroutine 24436
	/home/mariell/go/pkg/mod/github.com/centrifugal/centrifuge@v0.33.3/internal/dissolve/dissolve.go:31 +0x25

goroutine 40419 [select]:
github.com/grafana/grafana/pkg/storage/unified/resource.(*cache[...]).run(0xc01ebc0e80)
	/home/mariell/work/oss/grafana/pkg/storage/unified/resource/broadcaster.go:291 +0xb0
created by github.com/grafana/grafana/pkg/storage/unified/resource.newChannelCache[...] in goroutine 36287
	/home/mariell/work/oss/grafana/pkg/storage/unified/resource/broadcaster.go:276 +0x189

goroutine 24046 [sync.Cond.Wait]:
sync.runtime_notifyListWait(0xc0142c1350, 0x2d)
	/usr/lib/go/src/runtime/sema.go:597 +0x159
sync.(*Cond).Wait(0xc00c0ee7d0?)
	/usr/lib/go/src/sync/cond.go:71 +0x85
github.com/centrifugal/centrifuge/internal/dissolve.(*queueImpl).Wait(0xc012834b60)
	/home/mariell/go/pkg/mod/github.com/centrifugal/centrifuge@v0.33.3/internal/dissolve/queue.go:139 +0x4a
github.com/centrifugal/centrifuge/internal/dissolve.(*Dissolver).runWorker(0xc010117b90)
	/home/mariell/go/pkg/mod/github.com/centrifugal/centrifuge@v0.33.3/internal/dissolve/dissolve.go:52 +0x27
created by github.com/centrifugal/centrifuge/internal/dissolve.(*Dissolver).Run in goroutine 22319
	/home/mariell/go/pkg/mod/github.com/centrifugal/centrifuge@v0.33.3/internal/dissolve/dissolve.go:31 +0x25

goroutine 30045 [select]:
github.com/centrifugal/centrifuge.(*historyHub).expireStreams(0xc00cc71580)
	/home/mariell/go/pkg/mod/github.com/centrifugal/centrifuge@v0.33.3/broker_memory.go:298 +0x75
created by github.com/centrifugal/centrifuge.(*historyHub).runCleanups in goroutine 28801
	/home/mariell/go/pkg/mod/github.com/centrifugal/centrifuge@v0.33.3/broker_memory.go:252 +0x56

goroutine 24031 [sync.Cond.Wait]:
sync.runtime_notifyListWait(0xc0142c1350, 0x1e)
	/usr/lib/go/src/runtime/sema.go:597 +0x159
sync.(*Cond).Wait(0x0?)
	/usr/lib/go/src/sync/cond.go:71 +0x85
github.com/centrifugal/centrifuge/internal/dissolve.(*queueImpl).Wait(0xc012834b60)
	/home/mariell/go/pkg/mod/github.com/centrifugal/centrifuge@v0.33.3/internal/dissolve/queue.go:139 +0x4a
github.com/centrifugal/centrifuge/internal/dissolve.(*Dissolver).runWorker(0xc010117b90)
	/home/mariell/go/pkg/mod/github.com/centrifugal/centrifuge@v0.33.3/internal/dissolve/dissolve.go:52 +0x27
created by github.com/centrifugal/centrifuge/internal/dissolve.(*Dissolver).Run in goroutine 22319
	/home/mariell/go/pkg/mod/github.com/centrifugal/centrifuge@v0.33.3/internal/dissolve/dissolve.go:31 +0x25

goroutine 25332 [select]:
github.com/centrifugal/centrifuge.(*Node).initMetrics.func1()
	/home/mariell/go/pkg/mod/github.com/centrifugal/centrifuge@v0.33.3/node.go:365 +0x8a
created by github.com/centrifugal/centrifuge.(*Node).initMetrics in goroutine 24436
	/home/mariell/go/pkg/mod/github.com/centrifugal/centrifuge@v0.33.3/node.go:363 +0x1f9

goroutine 46669 [select]:
github.com/centrifugal/centrifuge.(*MemoryBroker).expireResultCache(0xc016494d00)
	/home/mariell/go/pkg/mod/github.com/centrifugal/centrifuge@v0.33.3/broker_memory.go:160 +0x68
created by github.com/centrifugal/centrifuge.(*MemoryBroker).Run in goroutine 45402
	/home/mariell/go/pkg/mod/github.com/centrifugal/centrifuge@v0.33.3/broker_memory.go:73 +0x7f

goroutine 23850 [select]:
github.com/patrickmn/go-cache.(*janitor).Run(0xc00db1fa20, 0xc00cfe8fc0)
	/home/mariell/go/pkg/mod/github.com/patrickmn/go-cache@v2.1.0+incompatible/cache.go:1079 +0x7b
created by github.com/patrickmn/go-cache.runJanitor in goroutine 22319
	/home/mariell/go/pkg/mod/github.com/patrickmn/go-cache@v2.1.0+incompatible/cache.go:1099 +0xdb

goroutine 23899 [select]:
github.com/grafana/grafana/pkg/storage/unified/resource.(*broadcaster[...]).stream(0xab113a0, 0xc012375a40)
	/home/mariell/work/oss/grafana/pkg/storage/unified/resource/broadcaster.go:205 +0x13d
created by github.com/grafana/grafana/pkg/storage/unified/resource.(*broadcaster[...]).init in goroutine 22319
	/home/mariell/work/oss/grafana/pkg/storage/unified/resource/broadcaster.go:177 +0x219

goroutine 24432 [select]:
net/http.(*persistConn).writeLoop(0xc0053df8c0)
	/usr/lib/go/src/net/http/transport.go:2590 +0xe7
created by net/http.(*Transport).dialConn in goroutine 24426
	/usr/lib/go/src/net/http/transport.go:1945 +0x17a5

goroutine 24059 [sync.Cond.Wait]:
sync.runtime_notifyListWait(0xc0142c1350, 0x39)
	/usr/lib/go/src/runtime/sema.go:597 +0x159
sync.(*Cond).Wait(0xc00c0fa7d0?)
	/usr/lib/go/src/sync/cond.go:71 +0x85
github.com/centrifugal/centrifuge/internal/dissolve.(*queueImpl).Wait(0xc012834b60)
	/home/mariell/go/pkg/mod/github.com/centrifugal/centrifuge@v0.33.3/internal/dissolve/queue.go:139 +0x4a
github.com/centrifugal/centrifuge/internal/dissolve.(*Dissolver).runWorker(0xc010117b90)
	/home/mariell/go/pkg/mod/github.com/centrifugal/centrifuge@v0.33.3/internal/dissolve/dissolve.go:52 +0x27
created by github.com/centrifugal/centrifuge/internal/dissolve.(*Dissolver).Run in goroutine 22319
	/home/mariell/go/pkg/mod/github.com/centrifugal/centrifuge@v0.33.3/internal/dissolve/dissolve.go:31 +0x25

goroutine 40597 [sync.Cond.Wait]:
sync.runtime_notifyListWait(0xc0228a0b10, 0x3f)
	/usr/lib/go/src/runtime/sema.go:597 +0x159
sync.(*Cond).Wait(0x0?)
	/usr/lib/go/src/sync/cond.go:71 +0x85
github.com/centrifugal/centrifuge/internal/dissolve.(*queueImpl).Wait(0xc0228cc690)
	/home/mariell/go/pkg/mod/github.com/centrifugal/centrifuge@v0.33.3/internal/dissolve/queue.go:139 +0x4a
github.com/centrifugal/centrifuge/internal/dissolve.(*Dissolver).runWorker(0xc015fedd58)
	/home/mariell/go/pkg/mod/github.com/centrifugal/centrifuge@v0.33.3/internal/dissolve/dissolve.go:52 +0x27
created by github.com/centrifugal/centrifuge/internal/dissolve.(*Dissolver).Run in goroutine 36287
	/home/mariell/go/pkg/mod/github.com/centrifugal/centrifuge@v0.33.3/internal/dissolve/dissolve.go:31 +0x25

goroutine 40662 [select]:
github.com/patrickmn/go-cache.(*janitor).Run(0xc022cc58f0, 0xc022cd92c0)
	/home/mariell/go/pkg/mod/github.com/patrickmn/go-cache@v2.1.0+incompatible/cache.go:1079 +0x7b
created by github.com/patrickmn/go-cache.runJanitor in goroutine 36287
	/home/mariell/go/pkg/mod/github.com/patrickmn/go-cache@v2.1.0+incompatible/cache.go:1099 +0xdb

goroutine 24054 [sync.Cond.Wait]:
sync.runtime_notifyListWait(0xc0142c1350, 0x35)
	/usr/lib/go/src/runtime/sema.go:597 +0x159
sync.(*Cond).Wait(0x0?)
	/usr/lib/go/src/sync/cond.go:71 +0x85
github.com/centrifugal/centrifuge/internal/dissolve.(*queueImpl).Wait(0xc012834b60)
	/home/mariell/go/pkg/mod/github.com/centrifugal/centrifuge@v0.33.3/internal/dissolve/queue.go:139 +0x4a
github.com/centrifugal/centrifuge/internal/dissolve.(*Dissolver).runWorker(0xc010117b90)
	/home/mariell/go/pkg/mod/github.com/centrifugal/centrifuge@v0.33.3/internal/dissolve/dissolve.go:52 +0x27
created by github.com/centrifugal/centrifuge/internal/dissolve.(*Dissolver).Run in goroutine 22319
	/home/mariell/go/pkg/mod/github.com/centrifugal/centrifuge@v0.33.3/internal/dissolve/dissolve.go:31 +0x25

goroutine 24310 [IO wait]:
internal/poll.runtime_pollWait(0x7775583a2fd0, 0x72)
	/usr/lib/go/src/runtime/netpoll.go:351 +0x85
internal/poll.(*pollDesc).wait(0xc012e3c100?, 0xc00deaf900?, 0x0)
	/usr/lib/go/src/internal/poll/fd_poll_runtime.go:84 +0x27
internal/poll.(*pollDesc).waitRead(...)
	/usr/lib/go/src/internal/poll/fd_poll_runtime.go:89
internal/poll.(*FD).Read(0xc012e3c100, {0xc00deaf900, 0x1300, 0x1300})
	/usr/lib/go/src/internal/poll/fd_unix.go:165 +0x27a
net.(*netFD).Read(0xc012e3c100, {0xc00deaf900?, 0x0?, 0x0?})
	/usr/lib/go/src/net/fd_posix.go:55 +0x25
net.(*conn).Read(0xc00d71fec0, {0xc00deaf900?, 0x7775600b8f60?, 0x7775a8b2a210?})
	/usr/lib/go/src/net/net.go:194 +0x45
crypto/tls.(*atLeastReader).Read(0xc0077501e0, {0xc00deaf900?, 0x0?, 0x41f8ae?})
	/usr/lib/go/src/crypto/tls/conn.go:809 +0x3b
bytes.(*Buffer).ReadFrom(0xc012c710b8, {0xa94e300, 0xc0077501e0})
	/usr/lib/go/src/bytes/buffer.go:211 +0x98
crypto/tls.(*Conn).readFromUntil(0xc012c70e08, {0xa94dc00, 0xc00d71fec0}, 0x444af4?)
	/usr/lib/go/src/crypto/tls/conn.go:831 +0xde
crypto/tls.(*Conn).readRecordOrCCS(0xc012c70e08, 0x0)
	/usr/lib/go/src/crypto/tls/conn.go:629 +0x3cf
crypto/tls.(*Conn).readRecord(...)
	/usr/lib/go/src/crypto/tls/conn.go:591
crypto/tls.(*Conn).Read(0xc012c70e08, {0xc012dc4000, 0x1000, 0x7775a8b2a210?})
	/usr/lib/go/src/crypto/tls/conn.go:1385 +0x145
net/http.(*persistConn).Read(0xc005b99200, {0xc012dc4000?, 0x4141c5?, 0x68?})
	/usr/lib/go/src/net/http/transport.go:2122 +0x47
bufio.(*Reader).fill(0xc012dadd40)
	/usr/lib/go/src/bufio/bufio.go:113 +0x103
bufio.(*Reader).Peek(0xc012dadd40, 0x1)
	/usr/lib/go/src/bufio/bufio.go:152 +0x53
net/http.(*persistConn).readLoop(0xc005b99200)
	/usr/lib/go/src/net/http/transport.go:2275 +0x172
created by net/http.(*Transport).dialConn in goroutine 24284
	/usr/lib/go/src/net/http/transport.go:1944 +0x174f

goroutine 24420 [IO wait]:
internal/poll.runtime_pollWait(0x7775581b1db8, 0x72)
	/usr/lib/go/src/runtime/netpoll.go:351 +0x85
internal/poll.(*pollDesc).wait(0xc012e80300?, 0xc012fc4000?, 0x0)
	/usr/lib/go/src/internal/poll/fd_poll_runtime.go:84 +0x27
internal/poll.(*pollDesc).waitRead(...)
	/usr/lib/go/src/internal/poll/fd_poll_runtime.go:89
internal/poll.(*FD).Read(0xc012e80300, {0xc012fc4000, 0xa000, 0xa000})
	/usr/lib/go/src/internal/poll/fd_unix.go:165 +0x27a
net.(*netFD).Read(0xc012e80300, {0xc012fc4000?, 0xc012fc4000?, 0x5?})
	/usr/lib/go/src/net/fd_posix.go:55 +0x25
net.(*conn).Read(0xc0095878b8, {0xc012fc4000?, 0x777559380788?, 0x7775a8b28f30?})
	/usr/lib/go/src/net/net.go:194 +0x45
crypto/tls.(*atLeastReader).Read(0xc003e12738, {0xc012fc4000?, 0x9ffb?, 0x0?})
	/usr/lib/go/src/crypto/tls/conn.go:809 +0x3b
bytes.(*Buffer).ReadFrom(0xc012639eb8, {0xa94e300, 0xc003e12738})
	/usr/lib/go/src/bytes/buffer.go:211 +0x98
crypto/tls.(*Conn).readFromUntil(0xc012639c08, {0xa94dc00, 0xc0095878b8}, 0x444af4?)
	/usr/lib/go/src/crypto/tls/conn.go:831 +0xde
crypto/tls.(*Conn).readRecordOrCCS(0xc012639c08, 0x0)
	/usr/lib/go/src/crypto/tls/conn.go:629 +0x3cf
crypto/tls.(*Conn).readRecord(...)
	/usr/lib/go/src/crypto/tls/conn.go:591
crypto/tls.(*Conn).Read(0xc012639c08, {0xc012fb6000, 0x1000, 0xc012d29080?})
	/usr/lib/go/src/crypto/tls/conn.go:1385 +0x145
net/http.(*persistConn).Read(0xc005b06000, {0xc012fb6000?, 0x81fe45?, 0xa94be80?})
	/usr/lib/go/src/net/http/transport.go:2122 +0x47
bufio.(*Reader).fill(0xc012f970e0)
	/usr/lib/go/src/bufio/bufio.go:113 +0x103
bufio.(*Reader).Peek(0xc012f970e0, 0x1)
	/usr/lib/go/src/bufio/bufio.go:152 +0x53
net/http.(*persistConn).readLoop(0xc005b06000)
	/usr/lib/go/src/net/http/transport.go:2275 +0x172
created by net/http.(*Transport).dialConn in goroutine 22788
	/usr/lib/go/src/net/http/transport.go:1944 +0x174f

goroutine 27050 [sync.Cond.Wait]:
sync.runtime_notifyListWait(0xc00d5304d0, 0x29)
	/usr/lib/go/src/runtime/sema.go:597 +0x159
sync.(*Cond).Wait(0x0?)
	/usr/lib/go/src/sync/cond.go:71 +0x85
github.com/centrifugal/centrifuge/internal/dissolve.(*queueImpl).Wait(0xc00dc00930)
	/home/mariell/go/pkg/mod/github.com/centrifugal/centrifuge@v0.33.3/internal/dissolve/queue.go:139 +0x4a
github.com/centrifugal/centrifuge/internal/dissolve.(*Dissolver).runWorker(0xc0128109a8)
	/home/mariell/go/pkg/mod/github.com/centrifugal/centrifuge@v0.33.3/internal/dissolve/dissolve.go:52 +0x27
created by github.com/centrifugal/centrifuge/internal/dissolve.(*Dissolver).Run in goroutine 24637
	/home/mariell/go/pkg/mod/github.com/centrifugal/centrifuge@v0.33.3/internal/dissolve/dissolve.go:31 +0x25

goroutine 24064 [sync.Cond.Wait]:
sync.runtime_notifyListWait(0xc0142c1350, 0x3e)
	/usr/lib/go/src/runtime/sema.go:597 +0x159
sync.(*Cond).Wait(0x0?)
	/usr/lib/go/src/sync/cond.go:71 +0x85
github.com/centrifugal/centrifuge/internal/dissolve.(*queueImpl).Wait(0xc012834b60)
	/home/mariell/go/pkg/mod/github.com/centrifugal/centrifuge@v0.33.3/internal/dissolve/queue.go:139 +0x4a
github.com/centrifugal/centrifuge/internal/dissolve.(*Dissolver).runWorker(0xc010117b90)
	/home/mariell/go/pkg/mod/github.com/centrifugal/centrifuge@v0.33.3/internal/dissolve/dissolve.go:52 +0x27
created by github.com/centrifugal/centrifuge/internal/dissolve.(*Dissolver).Run in goroutine 22319
	/home/mariell/go/pkg/mod/github.com/centrifugal/centrifuge@v0.33.3/internal/dissolve/dissolve.go:31 +0x25

goroutine 24065 [sync.Cond.Wait]:
sync.runtime_notifyListWait(0xc0142c1350, 0x3f)
	/usr/lib/go/src/runtime/sema.go:597 +0x159
sync.(*Cond).Wait(0xc00c0f67d0?)
	/usr/lib/go/src/sync/cond.go:71 +0x85
github.com/centrifugal/centrifuge/internal/dissolve.(*queueImpl).Wait(0xc012834b60)
	/home/mariell/go/pkg/mod/github.com/centrifugal/centrifuge@v0.33.3/internal/dissolve/queue.go:139 +0x4a
github.com/centrifugal/centrifuge/internal/dissolve.(*Dissolver).runWorker(0xc010117b90)
	/home/mariell/go/pkg/mod/github.com/centrifugal/centrifuge@v0.33.3/internal/dissolve/dissolve.go:52 +0x27
created by github.com/centrifugal/centrifuge/internal/dissolve.(*Dissolver).Run in goroutine 22319
	/home/mariell/go/pkg/mod/github.com/centrifugal/centrifuge@v0.33.3/internal/dissolve/dissolve.go:31 +0x25

goroutine 24060 [sync.Cond.Wait]:
sync.runtime_notifyListWait(0xc0142c1350, 0x3a)
	/usr/lib/go/src/runtime/sema.go:597 +0x159
sync.(*Cond).Wait(0x0?)
	/usr/lib/go/src/sync/cond.go:71 +0x85
github.com/centrifugal/centrifuge/internal/dissolve.(*queueImpl).Wait(0xc012834b60)
	/home/mariell/go/pkg/mod/github.com/centrifugal/centrifuge@v0.33.3/internal/dissolve/queue.go:139 +0x4a
github.com/centrifugal/centrifuge/internal/dissolve.(*Dissolver).runWorker(0xc010117b90)
	/home/mariell/go/pkg/mod/github.com/centrifugal/centrifuge@v0.33.3/internal/dissolve/dissolve.go:52 +0x27
created by github.com/centrifugal/centrifuge/internal/dissolve.(*Dissolver).Run in goroutine 22319
	/home/mariell/go/pkg/mod/github.com/centrifugal/centrifuge@v0.33.3/internal/dissolve/dissolve.go:31 +0x25

goroutine 33484 [IO wait]:
internal/poll.runtime_pollWait(0x7775585994a0, 0x72)
	/usr/lib/go/src/runtime/netpoll.go:351 +0x85
internal/poll.(*pollDesc).wait(0xc01267a000?, 0xc00b99e000?, 0x0)
	/usr/lib/go/src/internal/poll/fd_poll_runtime.go:84 +0x27
internal/poll.(*pollDesc).waitRead(...)
	/usr/lib/go/src/internal/poll/fd_poll_runtime.go:89
internal/poll.(*FD).Read(0xc01267a000, {0xc00b99e000, 0x1300, 0x1300})
	/usr/lib/go/src/internal/poll/fd_unix.go:165 +0x27a
net.(*netFD).Read(0xc01267a000, {0xc00b99e000?, 0x5?, 0x11ab1bc8?})
	/usr/lib/go/src/net/fd_posix.go:55 +0x25
net.(*conn).Read(0xc010044040, {0xc00b99e000?, 0x7775593eaab0?, 0x7775a8b2a210?})
	/usr/lib/go/src/net/net.go:194 +0x45
crypto/tls.(*atLeastReader).Read(0xc00a1cafa8, {0xc00b99e000?, 0x11abda20?, 0xc00b6939c8?})
	/usr/lib/go/src/crypto/tls/conn.go:809 +0x3b
bytes.(*Buffer).ReadFrom(0xc011077eb8, {0xa94e300, 0xc00a1cafa8})
	/usr/lib/go/src/bytes/buffer.go:211 +0x98
crypto/tls.(*Conn).readFromUntil(0xc011077c08, {0xa94dc00, 0xc010044040}, 0x444af4?)
	/usr/lib/go/src/crypto/tls/conn.go:831 +0xde
crypto/tls.(*Conn).readRecordOrCCS(0xc011077c08, 0x0)
	/usr/lib/go/src/crypto/tls/conn.go:629 +0x3cf
crypto/tls.(*Conn).readRecord(...)
	/usr/lib/go/src/crypto/tls/conn.go:591
crypto/tls.(*Conn).Read(0xc011077c08, {0xc00b9a5000, 0x1000, 0xc00a50a480?})
	/usr/lib/go/src/crypto/tls/conn.go:1385 +0x145
net/http.(*persistConn).Read(0xc004952000, {0xc00b9a5000?, 0x81fe45?, 0xa94be80?})
	/usr/lib/go/src/net/http/transport.go:2122 +0x47
bufio.(*Reader).fill(0xc01a932cc0)
	/usr/lib/go/src/bufio/bufio.go:113 +0x103
bufio.(*Reader).Peek(0xc01a932cc0, 0x1)
	/usr/lib/go/src/bufio/bufio.go:152 +0x53
net/http.(*persistConn).readLoop(0xc004952000)
	/usr/lib/go/src/net/http/transport.go:2275 +0x172
created by net/http.(*Transport).dialConn in goroutine 32483
	/usr/lib/go/src/net/http/transport.go:1944 +0x174f

goroutine 24063 [sync.Cond.Wait]:
sync.runtime_notifyListWait(0xc0142c1350, 0x3d)
	/usr/lib/go/src/runtime/sema.go:597 +0x159
sync.(*Cond).Wait(0x0?)
	/usr/lib/go/src/sync/cond.go:71 +0x85
github.com/centrifugal/centrifuge/internal/dissolve.(*queueImpl).Wait(0xc012834b60)
	/home/mariell/go/pkg/mod/github.com/centrifugal/centrifuge@v0.33.3/internal/dissolve/queue.go:139 +0x4a
github.com/centrifugal/centrifuge/internal/dissolve.(*Dissolver).runWorker(0xc010117b90)
	/home/mariell/go/pkg/mod/github.com/centrifugal/centrifuge@v0.33.3/internal/dissolve/dissolve.go:52 +0x27
created by github.com/centrifugal/centrifuge/internal/dissolve.(*Dissolver).Run in goroutine 22319
	/home/mariell/go/pkg/mod/github.com/centrifugal/centrifuge@v0.33.3/internal/dissolve/dissolve.go:31 +0x25

goroutine 24061 [sync.Cond.Wait]:
sync.runtime_notifyListWait(0xc0142c1350, 0x3b)
	/usr/lib/go/src/runtime/sema.go:597 +0x159
sync.(*Cond).Wait(0x0?)
	/usr/lib/go/src/sync/cond.go:71 +0x85
github.com/centrifugal/centrifuge/internal/dissolve.(*queueImpl).Wait(0xc012834b60)
	/home/mariell/go/pkg/mod/github.com/centrifugal/centrifuge@v0.33.3/internal/dissolve/queue.go:139 +0x4a
github.com/centrifugal/centrifuge/internal/dissolve.(*Dissolver).runWorker(0xc010117b90)
	/home/mariell/go/pkg/mod/github.com/centrifugal/centrifuge@v0.33.3/internal/dissolve/dissolve.go:52 +0x27
created by github.com/centrifugal/centrifuge/internal/dissolve.(*Dissolver).Run in goroutine 22319
	/home/mariell/go/pkg/mod/github.com/centrifugal/centrifuge@v0.33.3/internal/dissolve/dissolve.go:31 +0x25

goroutine 24062 [sync.Cond.Wait]:
sync.runtime_notifyListWait(0xc0142c1350, 0x3c)
	/usr/lib/go/src/runtime/sema.go:597 +0x159
sync.(*Cond).Wait(0x0?)
	/usr/lib/go/src/sync/cond.go:71 +0x85
github.com/centrifugal/centrifuge/internal/dissolve.(*queueImpl).Wait(0xc012834b60)
	/home/mariell/go/pkg/mod/github.com/centrifugal/centrifuge@v0.33.3/internal/dissolve/queue.go:139 +0x4a
github.com/centrifugal/centrifuge/internal/dissolve.(*Dissolver).runWorker(0xc010117b90)
	/home/mariell/go/pkg/mod/github.com/centrifugal/centrifuge@v0.33.3/internal/dissolve/dissolve.go:52 +0x27
created by github.com/centrifugal/centrifuge/internal/dissolve.(*Dissolver).Run in goroutine 22319
	/home/mariell/go/pkg/mod/github.com/centrifugal/centrifuge@v0.33.3/internal/dissolve/dissolve.go:31 +0x25

goroutine 24058 [sync.Cond.Wait]:
sync.runtime_notifyListWait(0xc0142c1350, 0x38)
	/usr/lib/go/src/runtime/sema.go:597 +0x159
sync.(*Cond).Wait(0xc00c1017d0?)
	/usr/lib/go/src/sync/cond.go:71 +0x85
github.com/centrifugal/centrifuge/internal/dissolve.(*queueImpl).Wait(0xc012834b60)
	/home/mariell/go/pkg/mod/github.com/centrifugal/centrifuge@v0.33.3/internal/dissolve/queue.go:139 +0x4a
github.com/centrifugal/centrifuge/internal/dissolve.(*Dissolver).runWorker(0xc010117b90)
	/home/mariell/go/pkg/mod/github.com/centrifugal/centrifuge@v0.33.3/internal/dissolve/dissolve.go:52 +0x27
created by github.com/centrifugal/centrifuge/internal/dissolve.(*Dissolver).Run in goroutine 22319
	/home/mariell/go/pkg/mod/github.com/centrifugal/centrifuge@v0.33.3/internal/dissolve/dissolve.go:31 +0x25

goroutine 25549 [sync.Cond.Wait]:
sync.runtime_notifyListWait(0xc012bf5590, 0x9)
	/usr/lib/go/src/runtime/sema.go:597 +0x159
sync.(*Cond).Wait(0xc00cd41fd0?)
	/usr/lib/go/src/sync/cond.go:71 +0x85
github.com/centrifugal/centrifuge/internal/dissolve.(*queueImpl).Wait(0xc013b4b110)
	/home/mariell/go/pkg/mod/github.com/centrifugal/centrifuge@v0.33.3/internal/dissolve/queue.go:139 +0x4a
github.com/centrifugal/centrifuge/internal/dissolve.(*Dissolver).runWorker(0xc00faede18)
	/home/mariell/go/pkg/mod/github.com/centrifugal/centrifuge@v0.33.3/internal/dissolve/dissolve.go:52 +0x27
created by github.com/centrifugal/centrifuge/internal/dissolve.(*Dissolver).Run in goroutine 24436
	/home/mariell/go/pkg/mod/github.com/centrifugal/centrifuge@v0.33.3/internal/dissolve/dissolve.go:31 +0x25

goroutine 39039 [sync.Cond.Wait]:
sync.runtime_notifyListWait(0xc01fe50bd0, 0x22)
	/usr/lib/go/src/runtime/sema.go:597 +0x159
sync.(*Cond).Wait(0xc00b4ecfd0?)
	/usr/lib/go/src/sync/cond.go:71 +0x85
github.com/centrifugal/centrifuge/internal/dissolve.(*queueImpl).Wait(0xc00bf5ccb0)
	/home/mariell/go/pkg/mod/github.com/centrifugal/centrifuge@v0.33.3/internal/dissolve/queue.go:139 +0x4a
github.com/centrifugal/centrifuge/internal/dissolve.(*Dissolver).runWorker(0xc017ecc900)
	/home/mariell/go/pkg/mod/github.com/centrifugal/centrifuge@v0.33.3/internal/dissolve/dissolve.go:52 +0x27
created by github.com/centrifugal/centrifuge/internal/dissolve.(*Dissolver).Run in goroutine 37971
	/home/mariell/go/pkg/mod/github.com/centrifugal/centrifuge@v0.33.3/internal/dissolve/dissolve.go:31 +0x25

goroutine 24122 [select]:
github.com/patrickmn/go-cache.(*janitor).Run(0xc010763210, 0xc012bcc640)
	/home/mariell/go/pkg/mod/github.com/patrickmn/go-cache@v2.1.0+incompatible/cache.go:1079 +0x7b
created by github.com/patrickmn/go-cache.runJanitor in goroutine 22319
	/home/mariell/go/pkg/mod/github.com/patrickmn/go-cache@v2.1.0+incompatible/cache.go:1099 +0xdb

goroutine 24128 [select]:
github.com/patrickmn/go-cache.(*janitor).Run(0xc01077b510, 0xc012bf4680)
	/home/mariell/go/pkg/mod/github.com/patrickmn/go-cache@v2.1.0+incompatible/cache.go:1079 +0x7b
created by github.com/patrickmn/go-cache.runJanitor in goroutine 22319
	/home/mariell/go/pkg/mod/github.com/patrickmn/go-cache@v2.1.0+incompatible/cache.go:1099 +0xdb

goroutine 24129 [select]:
github.com/patrickmn/go-cache.(*janitor).Run(0xc01077b630, 0xc012bf4740)
	/home/mariell/go/pkg/mod/github.com/patrickmn/go-cache@v2.1.0+incompatible/cache.go:1079 +0x7b
created by github.com/patrickmn/go-cache.runJanitor in goroutine 22319
	/home/mariell/go/pkg/mod/github.com/patrickmn/go-cache@v2.1.0+incompatible/cache.go:1099 +0xdb

goroutine 24130 [select]:
github.com/patrickmn/go-cache.(*janitor).Run(0xc01077b640, 0xc012bf4780)
	/home/mariell/go/pkg/mod/github.com/patrickmn/go-cache@v2.1.0+incompatible/cache.go:1079 +0x7b
created by github.com/patrickmn/go-cache.runJanitor in goroutine 22319
	/home/mariell/go/pkg/mod/github.com/patrickmn/go-cache@v2.1.0+incompatible/cache.go:1099 +0xdb

goroutine 24208 [select]:
github.com/patrickmn/go-cache.(*janitor).Run(0xc0108726b0, 0xc012c1bec0)
	/home/mariell/go/pkg/mod/github.com/patrickmn/go-cache@v2.1.0+incompatible/cache.go:1079 +0x7b
created by github.com/patrickmn/go-cache.runJanitor in goroutine 22319
	/home/mariell/go/pkg/mod/github.com/patrickmn/go-cache@v2.1.0+incompatible/cache.go:1099 +0xdb

goroutine 24210 [select]:
github.com/patrickmn/go-cache.(*janitor).Run(0xc010873610, 0xc012c3c700)
	/home/mariell/go/pkg/mod/github.com/patrickmn/go-cache@v2.1.0+incompatible/cache.go:1079 +0x7b
created by github.com/patrickmn/go-cache.runJanitor in goroutine 22319
	/home/mariell/go/pkg/mod/github.com/patrickmn/go-cache@v2.1.0+incompatible/cache.go:1099 +0xdb

goroutine 24471 [select]:
database/sql.(*DB).connectionOpener(0xc008fa15f0, {0xa9d1d00, 0xc00e48a640})
	/usr/lib/go/src/database/sql/sql.go:1261 +0x87
created by database/sql.OpenDB in goroutine 24436
	/usr/lib/go/src/database/sql/sql.go:841 +0x130

goroutine 24219 [select]:
go.opentelemetry.io/otel/sdk/trace.(*batchSpanProcessor).processQueue(0xc012c42640)
	/home/mariell/go/pkg/mod/go.opentelemetry.io/otel/sdk@v1.34.0/trace/batch_span_processor.go:302 +0x114
go.opentelemetry.io/otel/sdk/trace.NewBatchSpanProcessor.func1()
	/home/mariell/go/pkg/mod/go.opentelemetry.io/otel/sdk@v1.34.0/trace/batch_span_processor.go:117 +0x4e
created by go.opentelemetry.io/otel/sdk/trace.NewBatchSpanProcessor in goroutine 22319
	/home/mariell/go/pkg/mod/go.opentelemetry.io/otel/sdk@v1.34.0/trace/batch_span_processor.go:115 +0x2d9

goroutine 27027 [sync.Cond.Wait]:
sync.runtime_notifyListWait(0xc00d5304d0, 0xe)
	/usr/lib/go/src/runtime/sema.go:597 +0x159
sync.(*Cond).Wait(0x0?)
	/usr/lib/go/src/sync/cond.go:71 +0x85
github.com/centrifugal/centrifuge/internal/dissolve.(*queueImpl).Wait(0xc00dc00930)
	/home/mariell/go/pkg/mod/github.com/centrifugal/centrifuge@v0.33.3/internal/dissolve/queue.go:139 +0x4a
github.com/centrifugal/centrifuge/internal/dissolve.(*Dissolver).runWorker(0xc0128109a8)
	/home/mariell/go/pkg/mod/github.com/centrifugal/centrifuge@v0.33.3/internal/dissolve/dissolve.go:52 +0x27
created by github.com/centrifugal/centrifuge/internal/dissolve.(*Dissolver).Run in goroutine 24637
	/home/mariell/go/pkg/mod/github.com/centrifugal/centrifuge@v0.33.3/internal/dissolve/dissolve.go:31 +0x25

goroutine 25551 [sync.Cond.Wait]:
sync.runtime_notifyListWait(0xc012bf5590, 0xb)
	/usr/lib/go/src/runtime/sema.go:597 +0x159
sync.(*Cond).Wait(0xc00cd407d0?)
	/usr/lib/go/src/sync/cond.go:71 +0x85
github.com/centrifugal/centrifuge/internal/dissolve.(*queueImpl).Wait(0xc013b4b110)
	/home/mariell/go/pkg/mod/github.com/centrifugal/centrifuge@v0.33.3/internal/dissolve/queue.go:139 +0x4a
github.com/centrifugal/centrifuge/internal/dissolve.(*Dissolver).runWorker(0xc00faede18)
	/home/mariell/go/pkg/mod/github.com/centrifugal/centrifuge@v0.33.3/internal/dissolve/dissolve.go:52 +0x27
created by github.com/centrifugal/centrifuge/internal/dissolve.(*Dissolver).Run in goroutine 24436
	/home/mariell/go/pkg/mod/github.com/centrifugal/centrifuge@v0.33.3/internal/dissolve/dissolve.go:31 +0x25

goroutine 25518 [select]:
github.com/centrifugal/centrifuge.(*historyHub).removeStreams(0xc013b4cd80)
	/home/mariell/go/pkg/mod/github.com/centrifugal/centrifuge@v0.33.3/broker_memory.go:259 +0x6f
created by github.com/centrifugal/centrifuge.(*historyHub).runCleanups in goroutine 24436
	/home/mariell/go/pkg/mod/github.com/centrifugal/centrifuge@v0.33.3/broker_memory.go:253 +0x96

goroutine 31870 [sync.Cond.Wait]:
sync.runtime_notifyListWait(0xc019c7fcd0, 0x2e)
	/usr/lib/go/src/runtime/sema.go:597 +0x159
sync.(*Cond).Wait(0xc01bea07d0?)
	/usr/lib/go/src/sync/cond.go:71 +0x85
github.com/centrifugal/centrifuge/internal/dissolve.(*queueImpl).Wait(0xc012092e00)
	/home/mariell/go/pkg/mod/github.com/centrifugal/centrifuge@v0.33.3/internal/dissolve/queue.go:139 +0x4a
github.com/centrifugal/centrifuge/internal/dissolve.(*Dissolver).runWorker(0xc01ba3c438)
	/home/mariell/go/pkg/mod/github.com/centrifugal/centrifuge@v0.33.3/internal/dissolve/dissolve.go:52 +0x27
created by github.com/centrifugal/centrifuge/internal/dissolve.(*Dissolver).Run in goroutine 31996
	/home/mariell/go/pkg/mod/github.com/centrifugal/centrifuge@v0.33.3/internal/dissolve/dissolve.go:31 +0x25

goroutine 33095 [select]:
github.com/centrifugal/centrifuge.(*MemoryBroker).expireResultCache(0xc00dcb0b80)
	/home/mariell/go/pkg/mod/github.com/centrifugal/centrifuge@v0.33.3/broker_memory.go:160 +0x68
created by github.com/centrifugal/centrifuge.(*MemoryBroker).Run in goroutine 31996
	/home/mariell/go/pkg/mod/github.com/centrifugal/centrifuge@v0.33.3/broker_memory.go:73 +0x7f

goroutine 30331 [select]:
k8s.io/apimachinery/pkg/util/wait.BackoffUntil(0xc010a17500, {0xa95ac00, 0xc01385a120}, 0x1, 0xc00fcb2380)
	/home/mariell/go/pkg/mod/k8s.io/apimachinery@v0.32.1/pkg/util/wait/backoff.go:238 +0x12c
k8s.io/apimachinery/pkg/util/wait.JitterUntil(0xc010a17500, 0x3b9aca00, 0x3ff3333333333333, 0x1, 0xc00fcb2380)
	/home/mariell/go/pkg/mod/k8s.io/apimachinery@v0.32.1/pkg/util/wait/backoff.go:204 +0x7f
created by k8s.io/apiserver/pkg/registry/generic/registry.(*Store).startObservingCount in goroutine 30322
	/home/mariell/go/pkg/mod/k8s.io/apiserver@v0.32.1/pkg/registry/generic/registry/store.go:1666 +0x2f9

goroutine 25519 [select]:
github.com/FZambia/eagle.(*Eagle).aggregate(0xc013cfe150)
	/home/mariell/go/pkg/mod/github.com/!f!zambia/eagle@v0.1.0/eagle.go:210 +0x6d
created by github.com/FZambia/eagle.New in goroutine 24436
	/home/mariell/go/pkg/mod/github.com/!f!zambia/eagle@v0.1.0/eagle.go:66 +0x176

goroutine 39292 [select]:
go.opentelemetry.io/otel/sdk/trace.(*batchSpanProcessor).processQueue(0xc01876e140)
	/home/mariell/go/pkg/mod/go.opentelemetry.io/otel/sdk@v1.34.0/trace/batch_span_processor.go:302 +0x114
go.opentelemetry.io/otel/sdk/trace.NewBatchSpanProcessor.func1()
	/home/mariell/go/pkg/mod/go.opentelemetry.io/otel/sdk@v1.34.0/trace/batch_span_processor.go:117 +0x4e
created by go.opentelemetry.io/otel/sdk/trace.NewBatchSpanProcessor in goroutine 36287
	/home/mariell/go/pkg/mod/go.opentelemetry.io/otel/sdk@v1.34.0/trace/batch_span_processor.go:115 +0x2d9

goroutine 27434 [IO wait]:
internal/poll.runtime_pollWait(0x777558170b38, 0x72)
	/usr/lib/go/src/runtime/netpoll.go:351 +0x85
internal/poll.(*pollDesc).wait(0xc00d290d00?, 0xc014852c00?, 0x0)
	/usr/lib/go/src/internal/poll/fd_poll_runtime.go:84 +0x27
internal/poll.(*pollDesc).waitRead(...)
	/usr/lib/go/src/internal/poll/fd_poll_runtime.go:89
internal/poll.(*FD).Read(0xc00d290d00, {0xc014852c00, 0x1300, 0x1300})
	/usr/lib/go/src/internal/poll/fd_unix.go:165 +0x27a
net.(*netFD).Read(0xc00d290d00, {0xc014852c00?, 0x5?, 0x11ab1bc8?})
	/usr/lib/go/src/net/fd_posix.go:55 +0x25
net.(*conn).Read(0xc00f62c028, {0xc014852c00?, 0x77756039abb0?, 0x7775a8b2b4f0?})
	/usr/lib/go/src/net/net.go:194 +0x45
crypto/tls.(*atLeastReader).Read(0xc015c4a150, {0xc014852c00?, 0x11abda20?, 0xc00ec9f9c8?})
	/usr/lib/go/src/crypto/tls/conn.go:809 +0x3b
bytes.(*Buffer).ReadFrom(0xc00d1c0638, {0xa94e300, 0xc015c4a150})
	/usr/lib/go/src/bytes/buffer.go:211 +0x98
crypto/tls.(*Conn).readFromUntil(0xc00d1c0388, {0xa94dc00, 0xc00f62c028}, 0x444af4?)
	/usr/lib/go/src/crypto/tls/conn.go:831 +0xde
crypto/tls.(*Conn).readRecordOrCCS(0xc00d1c0388, 0x0)
	/usr/lib/go/src/crypto/tls/conn.go:629 +0x3cf
crypto/tls.(*Conn).readRecord(...)
	/usr/lib/go/src/crypto/tls/conn.go:591
crypto/tls.(*Conn).Read(0xc00d1c0388, {0xc00d720000, 0x1000, 0xc01234a1e0?})
	/usr/lib/go/src/crypto/tls/conn.go:1385 +0x145
net/http.(*persistConn).Read(0xc005ac07e0, {0xc00d720000?, 0x81fe45?, 0xa94be80?})
	/usr/lib/go/src/net/http/transport.go:2122 +0x47
bufio.(*Reader).fill(0xc011734780)
	/usr/lib/go/src/bufio/bufio.go:113 +0x103
bufio.(*Reader).Peek(0xc011734780, 0x1)
	/usr/lib/go/src/bufio/bufio.go:152 +0x53
net/http.(*persistConn).readLoop(0xc005ac07e0)
	/usr/lib/go/src/net/http/transport.go:2275 +0x172
created by net/http.(*Transport).dialConn in goroutine 26469
	/usr/lib/go/src/net/http/transport.go:1944 +0x174f

goroutine 25582 [sync.Cond.Wait]:
sync.runtime_notifyListWait(0xc012bf5590, 0x26)
	/usr/lib/go/src/runtime/sema.go:597 +0x159
sync.(*Cond).Wait(0x0?)
	/usr/lib/go/src/sync/cond.go:71 +0x85
github.com/centrifugal/centrifuge/internal/dissolve.(*queueImpl).Wait(0xc013b4b110)
	/home/mariell/go/pkg/mod/github.com/centrifugal/centrifuge@v0.33.3/internal/dissolve/queue.go:139 +0x4a
github.com/centrifugal/centrifuge/internal/dissolve.(*Dissolver).runWorker(0xc00faede18)
	/home/mariell/go/pkg/mod/github.com/centrifugal/centrifuge@v0.33.3/internal/dissolve/dissolve.go:52 +0x27
created by github.com/centrifugal/centrifuge/internal/dissolve.(*Dissolver).Run in goroutine 24436
	/home/mariell/go/pkg/mod/github.com/centrifugal/centrifuge@v0.33.3/internal/dissolve/dissolve.go:31 +0x25

goroutine 24472 [select]:
go.opentelemetry.io/otel/sdk/trace.(*batchSpanProcessor).processQueue(0xc00e510b40)
	/home/mariell/go/pkg/mod/go.opentelemetry.io/otel/sdk@v1.34.0/trace/batch_span_processor.go:302 +0x114
go.opentelemetry.io/otel/sdk/trace.NewBatchSpanProcessor.func1()
	/home/mariell/go/pkg/mod/go.opentelemetry.io/otel/sdk@v1.34.0/trace/batch_span_processor.go:117 +0x4e
created by go.opentelemetry.io/otel/sdk/trace.NewBatchSpanProcessor in goroutine 24436
	/home/mariell/go/pkg/mod/go.opentelemetry.io/otel/sdk@v1.34.0/trace/batch_span_processor.go:115 +0x2d9

goroutine 24431 [IO wait]:
internal/poll.runtime_pollWait(0x7775581b13e0, 0x72)
	/usr/lib/go/src/runtime/netpoll.go:351 +0x85
internal/poll.(*pollDesc).wait(0xc00e502d00?, 0xc00f846600?, 0x0)
	/usr/lib/go/src/internal/poll/fd_poll_runtime.go:84 +0x27
internal/poll.(*pollDesc).waitRead(...)
	/usr/lib/go/src/internal/poll/fd_poll_runtime.go:89
internal/poll.(*FD).Read(0xc00e502d00, {0xc00f846600, 0x1300, 0x1300})
	/usr/lib/go/src/internal/poll/fd_unix.go:165 +0x27a
net.(*netFD).Read(0xc00e502d00, {0xc00f846600?, 0xc00f846600?, 0x5?})
	/usr/lib/go/src/net/fd_posix.go:55 +0x25
net.(*conn).Read(0xc004b2ab58, {0xc00f846600?, 0x777559162908?, 0x7775a8b28f30?})
	/usr/lib/go/src/net/net.go:194 +0x45
crypto/tls.(*atLeastReader).Read(0xc010d0a120, {0xc00f846600?, 0x43f787?, 0xc00e5c79c8?})
	/usr/lib/go/src/crypto/tls/conn.go:809 +0x3b
bytes.(*Buffer).ReadFrom(0xc00f2b9eb8, {0xa94e300, 0xc010d0a120})
	/usr/lib/go/src/bytes/buffer.go:211 +0x98
crypto/tls.(*Conn).readFromUntil(0xc00f2b9c08, {0xa94dc00, 0xc004b2ab58}, 0x444af4?)
	/usr/lib/go/src/crypto/tls/conn.go:831 +0xde
crypto/tls.(*Conn).readRecordOrCCS(0xc00f2b9c08, 0x0)
	/usr/lib/go/src/crypto/tls/conn.go:629 +0x3cf
crypto/tls.(*Conn).readRecord(...)
	/usr/lib/go/src/crypto/tls/conn.go:591
crypto/tls.(*Conn).Read(0xc00f2b9c08, {0xc00fb34000, 0x1000, 0xc00f7bc570?})
	/usr/lib/go/src/crypto/tls/conn.go:1385 +0x145
net/http.(*persistConn).Read(0xc0053df8c0, {0xc00fb34000?, 0x81fe45?, 0xa94be80?})
	/usr/lib/go/src/net/http/transport.go:2122 +0x47
bufio.(*Reader).fill(0xc00fb02180)
	/usr/lib/go/src/bufio/bufio.go:113 +0x103
bufio.(*Reader).Peek(0xc00fb02180, 0x1)
	/usr/lib/go/src/bufio/bufio.go:152 +0x53
net/http.(*persistConn).readLoop(0xc0053df8c0)
	/usr/lib/go/src/net/http/transport.go:2275 +0x172
created by net/http.(*Transport).dialConn in goroutine 24426
	/usr/lib/go/src/net/http/transport.go:1944 +0x174f

goroutine 25566 [sync.Cond.Wait]:
sync.runtime_notifyListWait(0xc012bf5590, 0x2b)
	/usr/lib/go/src/runtime/sema.go:597 +0x159
sync.(*Cond).Wait(0x0?)
	/usr/lib/go/src/sync/cond.go:71 +0x85
github.com/centrifugal/centrifuge/internal/dissolve.(*queueImpl).Wait(0xc013b4b110)
	/home/mariell/go/pkg/mod/github.com/centrifugal/centrifuge@v0.33.3/internal/dissolve/queue.go:139 +0x4a
github.com/centrifugal/centrifuge/internal/dissolve.(*Dissolver).runWorker(0xc00faede18)
	/home/mariell/go/pkg/mod/github.com/centrifugal/centrifuge@v0.33.3/internal/dissolve/dissolve.go:52 +0x27
created by github.com/centrifugal/centrifuge/internal/dissolve.(*Dissolver).Run in goroutine 24436
	/home/mariell/go/pkg/mod/github.com/centrifugal/centrifuge@v0.33.3/internal/dissolve/dissolve.go:31 +0x25

goroutine 25338 [sync.Cond.Wait]:
sync.runtime_notifyListWait(0xc012bf5590, 0x14)
	/usr/lib/go/src/runtime/sema.go:597 +0x159
sync.(*Cond).Wait(0x0?)
	/usr/lib/go/src/sync/cond.go:71 +0x85
github.com/centrifugal/centrifuge/internal/dissolve.(*queueImpl).Wait(0xc013b4b110)
	/home/mariell/go/pkg/mod/github.com/centrifugal/centrifuge@v0.33.3/internal/dissolve/queue.go:139 +0x4a
github.com/centrifugal/centrifuge/internal/dissolve.(*Dissolver).runWorker(0xc00faede18)
	/home/mariell/go/pkg/mod/github.com/centrifugal/centrifuge@v0.33.3/internal/dissolve/dissolve.go:52 +0x27
created by github.com/centrifugal/centrifuge/internal/dissolve.(*Dissolver).Run in goroutine 24436
	/home/mariell/go/pkg/mod/github.com/centrifugal/centrifuge@v0.33.3/internal/dissolve/dissolve.go:31 +0x25

goroutine 28537 [select]:
github.com/centrifugal/centrifuge.(*Node).sendNodePing(0xc00e24cd88)
	/home/mariell/go/pkg/mod/github.com/centrifugal/centrifuge@v0.33.3/node.go:380 +0x85
created by github.com/centrifugal/centrifuge.(*Node).Run in goroutine 27309
	/home/mariell/go/pkg/mod/github.com/centrifugal/centrifuge@v0.33.3/node.go:260 +0x225

goroutine 30450 [select]:
k8s.io/apimachinery/pkg/util/wait.BackoffUntil(0xc00f292cc0, {0xa95ac00, 0xc01234b590}, 0x1, 0xc0100696c0)
	/home/mariell/go/pkg/mod/k8s.io/apimachinery@v0.32.1/pkg/util/wait/backoff.go:238 +0x12c
k8s.io/apimachinery/pkg/util/wait.JitterUntil(0xc00f292cc0, 0x3b9aca00, 0x3ff3333333333333, 0x1, 0xc0100696c0)
	/home/mariell/go/pkg/mod/k8s.io/apimachinery@v0.32.1/pkg/util/wait/backoff.go:204 +0x7f
created by k8s.io/apiserver/pkg/registry/generic/registry.(*Store).startObservingCount in goroutine 30322
	/home/mariell/go/pkg/mod/k8s.io/apiserver@v0.32.1/pkg/registry/generic/registry/store.go:1666 +0x2f9

goroutine 30337 [select]:
k8s.io/apimachinery/pkg/util/wait.BackoffUntil(0xc00ed76700, {0xa95ac00, 0xc01234b560}, 0x1, 0xc010035b20)
	/home/mariell/go/pkg/mod/k8s.io/apimachinery@v0.32.1/pkg/util/wait/backoff.go:238 +0x12c
k8s.io/apimachinery/pkg/util/wait.JitterUntil(0xc00ed76700, 0x3b9aca00, 0x3ff3333333333333, 0x1, 0xc010035b20)
	/home/mariell/go/pkg/mod/k8s.io/apimachinery@v0.32.1/pkg/util/wait/backoff.go:204 +0x7f
created by k8s.io/apiserver/pkg/registry/generic/registry.(*Store).startObservingCount in goroutine 30322
	/home/mariell/go/pkg/mod/k8s.io/apiserver@v0.32.1/pkg/registry/generic/registry/store.go:1666 +0x2f9

goroutine 30336 [select]:
k8s.io/apimachinery/pkg/util/wait.BackoffUntil(0xc00ed76580, {0xa95ac00, 0xc01383e4e0}, 0x1, 0xc010035ab0)
	/home/mariell/go/pkg/mod/k8s.io/apimachinery@v0.32.1/pkg/util/wait/backoff.go:238 +0x12c
k8s.io/apimachinery/pkg/util/wait.JitterUntil(0xc00ed76580, 0x3b9aca00, 0x3ff3333333333333, 0x1, 0xc010035ab0)
	/home/mariell/go/pkg/mod/k8s.io/apimachinery@v0.32.1/pkg/util/wait/backoff.go:204 +0x7f
created by k8s.io/apiserver/pkg/registry/generic/registry.(*Store).startObservingCount in goroutine 30322
	/home/mariell/go/pkg/mod/k8s.io/apiserver@v0.32.1/pkg/registry/generic/registry/store.go:1666 +0x2f9

goroutine 30335 [select]:
k8s.io/apimachinery/pkg/util/wait.BackoffUntil(0xc00ed76400, {0xa95ac00, 0xc01234b530}, 0x1, 0xc010035a40)
	/home/mariell/go/pkg/mod/k8s.io/apimachinery@v0.32.1/pkg/util/wait/backoff.go:238 +0x12c
k8s.io/apimachinery/pkg/util/wait.JitterUntil(0xc00ed76400, 0x3b9aca00, 0x3ff3333333333333, 0x1, 0xc010035a40)
	/home/mariell/go/pkg/mod/k8s.io/apimachinery@v0.32.1/pkg/util/wait/backoff.go:204 +0x7f
created by k8s.io/apiserver/pkg/registry/generic/registry.(*Store).startObservingCount in goroutine 30322
	/home/mariell/go/pkg/mod/k8s.io/apiserver@v0.32.1/pkg/registry/generic/registry/store.go:1666 +0x2f9

goroutine 30333 [select]:
k8s.io/apimachinery/pkg/util/wait.BackoffUntil(0xc010a17740, {0xa95ac00, 0xc01383e480}, 0x1, 0xc00fcb2540)
	/home/mariell/go/pkg/mod/k8s.io/apimachinery@v0.32.1/pkg/util/wait/backoff.go:238 +0x12c
k8s.io/apimachinery/pkg/util/wait.JitterUntil(0xc010a17740, 0x3b9aca00, 0x3ff3333333333333, 0x1, 0xc00fcb2540)
	/home/mariell/go/pkg/mod/k8s.io/apimachinery@v0.32.1/pkg/util/wait/backoff.go:204 +0x7f
created by k8s.io/apiserver/pkg/registry/generic/registry.(*Store).startObservingCount in goroutine 30322
	/home/mariell/go/pkg/mod/k8s.io/apiserver@v0.32.1/pkg/registry/generic/registry/store.go:1666 +0x2f9

goroutine 24408 [IO wait]:
internal/poll.runtime_pollWait(0x7775581b1ed0, 0x72)
	/usr/lib/go/src/runtime/netpoll.go:351 +0x85
internal/poll.(*pollDesc).wait(0xc012d03780?, 0xc00ec8d900?, 0x0)
	/usr/lib/go/src/internal/poll/fd_poll_runtime.go:84 +0x27
internal/poll.(*pollDesc).waitRead(...)
	/usr/lib/go/src/internal/poll/fd_poll_runtime.go:89
internal/poll.(*FD).Read(0xc012d03780, {0xc00ec8d900, 0x1300, 0x1300})
	/usr/lib/go/src/internal/poll/fd_unix.go:165 +0x27a
net.(*netFD).Read(0xc012d03780, {0xc00ec8d900?, 0xc00ec8d900?, 0x5?})
	/usr/lib/go/src/net/fd_posix.go:55 +0x25
net.(*conn).Read(0xc006551a98, {0xc00ec8d900?, 0x77756008a250?, 0x7775a8b28a78?})
	/usr/lib/go/src/net/net.go:194 +0x45
crypto/tls.(*atLeastReader).Read(0xc0087f46d8, {0xc00ec8d900?, 0xc00c693988?, 0x41f436?})
	/usr/lib/go/src/crypto/tls/conn.go:809 +0x3b
bytes.(*Buffer).ReadFrom(0xc012de4638, {0xa94e300, 0xc0087f46d8})
	/usr/lib/go/src/bytes/buffer.go:211 +0x98
crypto/tls.(*Conn).readFromUntil(0xc012de4388, {0xa94dc00, 0xc006551a98}, 0x444af4?)
	/usr/lib/go/src/crypto/tls/conn.go:831 +0xde
crypto/tls.(*Conn).readRecordOrCCS(0xc012de4388, 0x0)
	/usr/lib/go/src/crypto/tls/conn.go:629 +0x3cf
crypto/tls.(*Conn).readRecord(...)
	/usr/lib/go/src/crypto/tls/conn.go:591
crypto/tls.(*Conn).Read(0xc012de4388, {0xc012d7f000, 0x1000, 0xc012d29080?})
	/usr/lib/go/src/crypto/tls/conn.go:1385 +0x145
net/http.(*persistConn).Read(0xc005b99320, {0xc012d7f000?, 0x81fe45?, 0xa94be80?})
	/usr/lib/go/src/net/http/transport.go:2122 +0x47
bufio.(*Reader).fill(0xc012d473e0)
	/usr/lib/go/src/bufio/bufio.go:113 +0x103
bufio.(*Reader).Peek(0xc012d473e0, 0x1)
	/usr/lib/go/src/bufio/bufio.go:152 +0x53
net/http.(*persistConn).readLoop(0xc005b99320)
	/usr/lib/go/src/net/http/transport.go:2275 +0x172
created by net/http.(*Transport).dialConn in goroutine 24403
	/usr/lib/go/src/net/http/transport.go:1944 +0x174f

goroutine 28844 [select]:
net/http.(*persistConn).writeLoop(0xc0048b8a20)
	/usr/lib/go/src/net/http/transport.go:2590 +0xe7
created by net/http.(*Transport).dialConn in goroutine 28044
	/usr/lib/go/src/net/http/transport.go:1945 +0x17a5

goroutine 32014 [select]:
k8s.io/apimachinery/pkg/util/wait.BackoffUntil(0xc00f402c40, {0xa95ac00, 0xc0136f9230}, 0x1, 0xc0123de690)
	/home/mariell/go/pkg/mod/k8s.io/apimachinery@v0.32.1/pkg/util/wait/backoff.go:238 +0x12c
k8s.io/apimachinery/pkg/util/wait.JitterUntil(0xc00f402c40, 0x3b9aca00, 0x3ff3333333333333, 0x1, 0xc0123de690)
	/home/mariell/go/pkg/mod/k8s.io/apimachinery@v0.32.1/pkg/util/wait/backoff.go:204 +0x7f
created by k8s.io/apiserver/pkg/registry/generic/registry.(*Store).startObservingCount in goroutine 30401
	/home/mariell/go/pkg/mod/k8s.io/apiserver@v0.32.1/pkg/registry/generic/registry/store.go:1666 +0x2f9

goroutine 25574 [sync.Cond.Wait]:
sync.runtime_notifyListWait(0xc012bf5590, 0x1c)
	/usr/lib/go/src/runtime/sema.go:597 +0x159
sync.(*Cond).Wait(0x0?)
	/usr/lib/go/src/sync/cond.go:71 +0x85
github.com/centrifugal/centrifuge/internal/dissolve.(*queueImpl).Wait(0xc013b4b110)
	/home/mariell/go/pkg/mod/github.com/centrifugal/centrifuge@v0.33.3/internal/dissolve/queue.go:139 +0x4a
github.com/centrifugal/centrifuge/internal/dissolve.(*Dissolver).runWorker(0xc00faede18)
	/home/mariell/go/pkg/mod/github.com/centrifugal/centrifuge@v0.33.3/internal/dissolve/dissolve.go:52 +0x27
created by github.com/centrifugal/centrifuge/internal/dissolve.(*Dissolver).Run in goroutine 24436
	/home/mariell/go/pkg/mod/github.com/centrifugal/centrifuge@v0.33.3/internal/dissolve/dissolve.go:31 +0x25

goroutine 40532 [select]:
github.com/centrifugal/centrifuge.(*Node).cleanNodeInfo(0xc0228eafc8)
	/home/mariell/go/pkg/mod/github.com/centrifugal/centrifuge@v0.33.3/node.go:394 +0x90
created by github.com/centrifugal/centrifuge.(*Node).Run in goroutine 36287
	/home/mariell/go/pkg/mod/github.com/centrifugal/centrifuge@v0.33.3/node.go:261 +0x265

goroutine 25590 [sync.Cond.Wait]:
sync.runtime_notifyListWait(0xc012bf5590, 0x3d)
	/usr/lib/go/src/runtime/sema.go:597 +0x159
sync.(*Cond).Wait(0xc00c0f9fd0?)
	/usr/lib/go/src/sync/cond.go:71 +0x85
github.com/centrifugal/centrifuge/internal/dissolve.(*queueImpl).Wait(0xc013b4b110)
	/home/mariell/go/pkg/mod/github.com/centrifugal/centrifuge@v0.33.3/internal/dissolve/queue.go:139 +0x4a
github.com/centrifugal/centrifuge/internal/dissolve.(*Dissolver).runWorker(0xc00faede18)
	/home/mariell/go/pkg/mod/github.com/centrifugal/centrifuge@v0.33.3/internal/dissolve/dissolve.go:52 +0x27
created by github.com/centrifugal/centrifuge/internal/dissolve.(*Dissolver).Run in goroutine 24436
	/home/mariell/go/pkg/mod/github.com/centrifugal/centrifuge@v0.33.3/internal/dissolve/dissolve.go:31 +0x25

goroutine 28926 [select]:
net/http.(*persistConn).writeLoop(0xc0048ab320)
	/usr/lib/go/src/net/http/transport.go:2590 +0xe7
created by net/http.(*Transport).dialConn in goroutine 28836
	/usr/lib/go/src/net/http/transport.go:1945 +0x17a5

goroutine 45168 [sync.Cond.Wait]:
sync.runtime_notifyListWait(0xc026bf9c10, 0x1d)
	/usr/lib/go/src/runtime/sema.go:597 +0x159
sync.(*Cond).Wait(0x0?)
	/usr/lib/go/src/sync/cond.go:71 +0x85
github.com/centrifugal/centrifuge/internal/dissolve.(*queueImpl).Wait(0xc026c14c40)
	/home/mariell/go/pkg/mod/github.com/centrifugal/centrifuge@v0.33.3/internal/dissolve/queue.go:139 +0x4a
github.com/centrifugal/centrifuge/internal/dissolve.(*Dissolver).runWorker(0xc026b0b128)
	/home/mariell/go/pkg/mod/github.com/centrifugal/centrifuge@v0.33.3/internal/dissolve/dissolve.go:52 +0x27
created by github.com/centrifugal/centrifuge/internal/dissolve.(*Dissolver).Run in goroutine 44067
	/home/mariell/go/pkg/mod/github.com/centrifugal/centrifuge@v0.33.3/internal/dissolve/dissolve.go:31 +0x25

goroutine 32008 [select]:
github.com/grafana/grafana/pkg/storage/unified/resource.(*cache[...]).run(0xc01ba4c780)
	/home/mariell/work/oss/grafana/pkg/storage/unified/resource/broadcaster.go:291 +0xb0
created by github.com/grafana/grafana/pkg/storage/unified/resource.newChannelCache[...] in goroutine 30401
	/home/mariell/work/oss/grafana/pkg/storage/unified/resource/broadcaster.go:276 +0x189

goroutine 25344 [sync.Cond.Wait]:
sync.runtime_notifyListWait(0xc012bf5590, 0x25)
	/usr/lib/go/src/runtime/sema.go:597 +0x159
sync.(*Cond).Wait(0x0?)
	/usr/lib/go/src/sync/cond.go:71 +0x85
github.com/centrifugal/centrifuge/internal/dissolve.(*queueImpl).Wait(0xc013b4b110)
	/home/mariell/go/pkg/mod/github.com/centrifugal/centrifuge@v0.33.3/internal/dissolve/queue.go:139 +0x4a
github.com/centrifugal/centrifuge/internal/dissolve.(*Dissolver).runWorker(0xc00faede18)
	/home/mariell/go/pkg/mod/github.com/centrifugal/centrifuge@v0.33.3/internal/dissolve/dissolve.go:52 +0x27
created by github.com/centrifugal/centrifuge/internal/dissolve.(*Dissolver).Run in goroutine 24436
	/home/mariell/go/pkg/mod/github.com/centrifugal/centrifuge@v0.33.3/internal/dissolve/dissolve.go:31 +0x25

goroutine 25336 [sync.Cond.Wait]:
sync.runtime_notifyListWait(0xc012bf5590, 0x12)
	/usr/lib/go/src/runtime/sema.go:597 +0x159
sync.(*Cond).Wait(0xc00f247fd0?)
	/usr/lib/go/src/sync/cond.go:71 +0x85
github.com/centrifugal/centrifuge/internal/dissolve.(*queueImpl).Wait(0xc013b4b110)
	/home/mariell/go/pkg/mod/github.com/centrifugal/centrifuge@v0.33.3/internal/dissolve/queue.go:139 +0x4a
github.com/centrifugal/centrifuge/internal/dissolve.(*Dissolver).runWorker(0xc00faede18)
	/home/mariell/go/pkg/mod/github.com/centrifugal/centrifuge@v0.33.3/internal/dissolve/dissolve.go:52 +0x27
created by github.com/centrifugal/centrifuge/internal/dissolve.(*Dissolver).Run in goroutine 24436
	/home/mariell/go/pkg/mod/github.com/centrifugal/centrifuge@v0.33.3/internal/dissolve/dissolve.go:31 +0x25

goroutine 33550 [chan receive (nil chan)]:
k8s.io/apiserver/pkg/server.preparedGenericAPIServer.RunWithContext({0x10212da?}, {0xa9d1d00, 0xc00d6099f0})
	/home/mariell/go/pkg/mod/k8s.io/apiserver@v0.32.1/pkg/server/genericapiserver.go:710 +0x9c5
github.com/grafana/grafana/pkg/services/apiserver.(*service).startCoreServer.func1()
	/home/mariell/work/oss/grafana/pkg/services/apiserver/service.go:448 +0x28
created by github.com/grafana/grafana/pkg/services/apiserver.(*service).startCoreServer in goroutine 31757
	/home/mariell/work/oss/grafana/pkg/services/apiserver/service.go:447 +0x125

goroutine 30111 [sync.Cond.Wait]:
sync.runtime_notifyListWait(0xc0029f6450, 0x36)
	/usr/lib/go/src/runtime/sema.go:597 +0x159
sync.(*Cond).Wait(0x0?)
	/usr/lib/go/src/sync/cond.go:71 +0x85
github.com/centrifugal/centrifuge/internal/dissolve.(*queueImpl).Wait(0xc00ccdc000)
	/home/mariell/go/pkg/mod/github.com/centrifugal/centrifuge@v0.33.3/internal/dissolve/queue.go:139 +0x4a
github.com/centrifugal/centrifuge/internal/dissolve.(*Dissolver).runWorker(0xc00e0b3c50)
	/home/mariell/go/pkg/mod/github.com/centrifugal/centrifuge@v0.33.3/internal/dissolve/dissolve.go:52 +0x27
created by github.com/centrifugal/centrifuge/internal/dissolve.(*Dissolver).Run in goroutine 28801
	/home/mariell/go/pkg/mod/github.com/centrifugal/centrifuge@v0.33.3/internal/dissolve/dissolve.go:31 +0x25

goroutine 25560 [sync.Cond.Wait]:
sync.runtime_notifyListWait(0xc012bf5590, 0x1f)
	/usr/lib/go/src/runtime/sema.go:597 +0x159
sync.(*Cond).Wait(0x0?)
	/usr/lib/go/src/sync/cond.go:71 +0x85
github.com/centrifugal/centrifuge/internal/dissolve.(*queueImpl).Wait(0xc013b4b110)
	/home/mariell/go/pkg/mod/github.com/centrifugal/centrifuge@v0.33.3/internal/dissolve/queue.go:139 +0x4a
github.com/centrifugal/centrifuge/internal/dissolve.(*Dissolver).runWorker(0xc00faede18)
	/home/mariell/go/pkg/mod/github.com/centrifugal/centrifuge@v0.33.3/internal/dissolve/dissolve.go:52 +0x27
created by github.com/centrifugal/centrifuge/internal/dissolve.(*Dissolver).Run in goroutine 24436
	/home/mariell/go/pkg/mod/github.com/centrifugal/centrifuge@v0.33.3/internal/dissolve/dissolve.go:31 +0x25

goroutine 32025 [chan receive (nil chan)]:
k8s.io/apiserver/pkg/server.preparedGenericAPIServer.RunWithContext.func5()
	/home/mariell/go/pkg/mod/k8s.io/apiserver@v0.32.1/pkg/server/genericapiserver.go:598 +0x37
created by k8s.io/apiserver/pkg/server.preparedGenericAPIServer.RunWithContext in goroutine 32018
	/home/mariell/go/pkg/mod/k8s.io/apiserver@v0.32.1/pkg/server/genericapiserver.go:597 +0x60b

goroutine 39437 [chan receive (nil chan)]:
k8s.io/apiserver/pkg/server.preparedGenericAPIServer.RunWithContext({0xa9d1cc8?}, {0xa9d1d00, 0xc00daa2050})
	/home/mariell/go/pkg/mod/k8s.io/apiserver@v0.32.1/pkg/server/genericapiserver.go:710 +0x9c5
github.com/grafana/grafana/pkg/services/apiserver.(*service).startCoreServer.func1()
	/home/mariell/work/oss/grafana/pkg/services/apiserver/service.go:448 +0x28
created by github.com/grafana/grafana/pkg/services/apiserver.(*service).startCoreServer in goroutine 37964
	/home/mariell/work/oss/grafana/pkg/services/apiserver/service.go:447 +0x125

goroutine 26848 [sync.Cond.Wait]:
sync.runtime_notifyListWait(0xc00d5304d0, 0x3)
	/usr/lib/go/src/runtime/sema.go:597 +0x159
sync.(*Cond).Wait(0x0?)
	/usr/lib/go/src/sync/cond.go:71 +0x85
github.com/centrifugal/centrifuge/internal/dissolve.(*queueImpl).Wait(0xc00dc00930)
	/home/mariell/go/pkg/mod/github.com/centrifugal/centrifuge@v0.33.3/internal/dissolve/queue.go:139 +0x4a
github.com/centrifugal/centrifuge/internal/dissolve.(*Dissolver).runWorker(0xc0128109a8)
	/home/mariell/go/pkg/mod/github.com/centrifugal/centrifuge@v0.33.3/internal/dissolve/dissolve.go:52 +0x27
created by github.com/centrifugal/centrifuge/internal/dissolve.(*Dissolver).Run in goroutine 24637
	/home/mariell/go/pkg/mod/github.com/centrifugal/centrifuge@v0.33.3/internal/dissolve/dissolve.go:31 +0x25

goroutine 27014 [sync.Cond.Wait]:
sync.runtime_notifyListWait(0xc00d5304d0, 0xf)
	/usr/lib/go/src/runtime/sema.go:597 +0x159
sync.(*Cond).Wait(0x0?)
	/usr/lib/go/src/sync/cond.go:71 +0x85
github.com/centrifugal/centrifuge/internal/dissolve.(*queueImpl).Wait(0xc00dc00930)
	/home/mariell/go/pkg/mod/github.com/centrifugal/centrifuge@v0.33.3/internal/dissolve/queue.go:139 +0x4a
github.com/centrifugal/centrifuge/internal/dissolve.(*Dissolver).runWorker(0xc0128109a8)
	/home/mariell/go/pkg/mod/github.com/centrifugal/centrifuge@v0.33.3/internal/dissolve/dissolve.go:52 +0x27
created by github.com/centrifugal/centrifuge/internal/dissolve.(*Dissolver).Run in goroutine 24637
	/home/mariell/go/pkg/mod/github.com/centrifugal/centrifuge@v0.33.3/internal/dissolve/dissolve.go:31 +0x25

goroutine 26849 [sync.Cond.Wait]:
sync.runtime_notifyListWait(0xc00d5304d0, 0x0)
	/usr/lib/go/src/runtime/sema.go:597 +0x159
sync.(*Cond).Wait(0x0?)
	/usr/lib/go/src/sync/cond.go:71 +0x85
github.com/centrifugal/centrifuge/internal/dissolve.(*queueImpl).Wait(0xc00dc00930)
	/home/mariell/go/pkg/mod/github.com/centrifugal/centrifuge@v0.33.3/internal/dissolve/queue.go:139 +0x4a
github.com/centrifugal/centrifuge/internal/dissolve.(*Dissolver).runWorker(0xc0128109a8)
	/home/mariell/go/pkg/mod/github.com/centrifugal/centrifuge@v0.33.3/internal/dissolve/dissolve.go:52 +0x27
created by github.com/centrifugal/centrifuge/internal/dissolve.(*Dissolver).Run in goroutine 24637
	/home/mariell/go/pkg/mod/github.com/centrifugal/centrifuge@v0.33.3/internal/dissolve/dissolve.go:31 +0x25

goroutine 30113 [sync.Cond.Wait]:
sync.runtime_notifyListWait(0xc0029f6450, 0x35)
	/usr/lib/go/src/runtime/sema.go:597 +0x159
sync.(*Cond).Wait(0x0?)
	/usr/lib/go/src/sync/cond.go:71 +0x85
github.com/centrifugal/centrifuge/internal/dissolve.(*queueImpl).Wait(0xc00ccdc000)
	/home/mariell/go/pkg/mod/github.com/centrifugal/centrifuge@v0.33.3/internal/dissolve/queue.go:139 +0x4a
github.com/centrifugal/centrifuge/internal/dissolve.(*Dissolver).runWorker(0xc00e0b3c50)
	/home/mariell/go/pkg/mod/github.com/centrifugal/centrifuge@v0.33.3/internal/dissolve/dissolve.go:52 +0x27
created by github.com/centrifugal/centrifuge/internal/dissolve.(*Dissolver).Run in goroutine 28801
	/home/mariell/go/pkg/mod/github.com/centrifugal/centrifuge@v0.33.3/internal/dissolve/dissolve.go:31 +0x25

goroutine 31567 [sync.Cond.Wait]:
sync.runtime_notifyListWait(0xc012c3ca90, 0x7)
	/usr/lib/go/src/runtime/sema.go:597 +0x159
sync.(*Cond).Wait(0x0?)
	/usr/lib/go/src/sync/cond.go:71 +0x85
github.com/centrifugal/centrifuge/internal/dissolve.(*queueImpl).Wait(0xc00c7c6e00)
	/home/mariell/go/pkg/mod/github.com/centrifugal/centrifuge@v0.33.3/internal/dissolve/queue.go:139 +0x4a
github.com/centrifugal/centrifuge/internal/dissolve.(*Dissolver).runWorker(0xc00e284af8)
	/home/mariell/go/pkg/mod/github.com/centrifugal/centrifuge@v0.33.3/internal/dissolve/dissolve.go:52 +0x27
created by github.com/centrifugal/centrifuge/internal/dissolve.(*Dissolver).Run in goroutine 30466
	/home/mariell/go/pkg/mod/github.com/centrifugal/centrifuge@v0.33.3/internal/dissolve/dissolve.go:31 +0x25

goroutine 25517 [select]:
github.com/centrifugal/centrifuge.(*historyHub).expireStreams(0xc013b4cd80)
	/home/mariell/go/pkg/mod/github.com/centrifugal/centrifuge@v0.33.3/broker_memory.go:298 +0x75
created by github.com/centrifugal/centrifuge.(*historyHub).runCleanups in goroutine 24436
	/home/mariell/go/pkg/mod/github.com/centrifugal/centrifuge@v0.33.3/broker_memory.go:252 +0x56

goroutine 27024 [sync.Cond.Wait]:
sync.runtime_notifyListWait(0xc00d5304d0, 0x8)
	/usr/lib/go/src/runtime/sema.go:597 +0x159
sync.(*Cond).Wait(0x0?)
	/usr/lib/go/src/sync/cond.go:71 +0x85
github.com/centrifugal/centrifuge/internal/dissolve.(*queueImpl).Wait(0xc00dc00930)
	/home/mariell/go/pkg/mod/github.com/centrifugal/centrifuge@v0.33.3/internal/dissolve/queue.go:139 +0x4a
github.com/centrifugal/centrifuge/internal/dissolve.(*Dissolver).runWorker(0xc0128109a8)
	/home/mariell/go/pkg/mod/github.com/centrifugal/centrifuge@v0.33.3/internal/dissolve/dissolve.go:52 +0x27
created by github.com/centrifugal/centrifuge/internal/dissolve.(*Dissolver).Run in goroutine 24637
	/home/mariell/go/pkg/mod/github.com/centrifugal/centrifuge@v0.33.3/internal/dissolve/dissolve.go:31 +0x25

goroutine 28829 [select]:
net/http.(*persistConn).writeLoop(0xc005ed70e0)
	/usr/lib/go/src/net/http/transport.go:2590 +0xe7
created by net/http.(*Transport).dialConn in goroutine 28790
	/usr/lib/go/src/net/http/transport.go:1945 +0x17a5

goroutine 25569 [sync.Cond.Wait]:
sync.runtime_notifyListWait(0xc012bf5590, 0x31)
	/usr/lib/go/src/runtime/sema.go:597 +0x159
sync.(*Cond).Wait(0xc00b6597d0?)
	/usr/lib/go/src/sync/cond.go:71 +0x85
github.com/centrifugal/centrifuge/internal/dissolve.(*queueImpl).Wait(0xc013b4b110)
	/home/mariell/go/pkg/mod/github.com/centrifugal/centrifuge@v0.33.3/internal/dissolve/queue.go:139 +0x4a
github.com/centrifugal/centrifuge/internal/dissolve.(*Dissolver).runWorker(0xc00faede18)
	/home/mariell/go/pkg/mod/github.com/centrifugal/centrifuge@v0.33.3/internal/dissolve/dissolve.go:52 +0x27
created by github.com/centrifugal/centrifuge/internal/dissolve.(*Dissolver).Run in goroutine 24436
	/home/mariell/go/pkg/mod/github.com/centrifugal/centrifuge@v0.33.3/internal/dissolve/dissolve.go:31 +0x25

goroutine 25572 [sync.Cond.Wait]:
sync.runtime_notifyListWait(0xc012bf5590, 0x36)
	/usr/lib/go/src/runtime/sema.go:597 +0x159
sync.(*Cond).Wait(0x0?)
	/usr/lib/go/src/sync/cond.go:71 +0x85
github.com/centrifugal/centrifuge/internal/dissolve.(*queueImpl).Wait(0xc013b4b110)
	/home/mariell/go/pkg/mod/github.com/centrifugal/centrifuge@v0.33.3/internal/dissolve/queue.go:139 +0x4a
github.com/centrifugal/centrifuge/internal/dissolve.(*Dissolver).runWorker(0xc00faede18)
	/home/mariell/go/pkg/mod/github.com/centrifugal/centrifuge@v0.33.3/internal/dissolve/dissolve.go:52 +0x27
created by github.com/centrifugal/centrifuge/internal/dissolve.(*Dissolver).Run in goroutine 24436
	/home/mariell/go/pkg/mod/github.com/centrifugal/centrifuge@v0.33.3/internal/dissolve/dissolve.go:31 +0x25

goroutine 25555 [sync.Cond.Wait]:
sync.runtime_notifyListWait(0xc012bf5590, 0xf)
	/usr/lib/go/src/runtime/sema.go:597 +0x159
sync.(*Cond).Wait(0xc012e0e7d0?)
	/usr/lib/go/src/sync/cond.go:71 +0x85
github.com/centrifugal/centrifuge/internal/dissolve.(*queueImpl).Wait(0xc013b4b110)
	/home/mariell/go/pkg/mod/github.com/centrifugal/centrifuge@v0.33.3/internal/dissolve/queue.go:139 +0x4a
github.com/centrifugal/centrifuge/internal/dissolve.(*Dissolver).runWorker(0xc00faede18)
	/home/mariell/go/pkg/mod/github.com/centrifugal/centrifuge@v0.33.3/internal/dissolve/dissolve.go:52 +0x27
created by github.com/centrifugal/centrifuge/internal/dissolve.(*Dissolver).Run in goroutine 24436
	/home/mariell/go/pkg/mod/github.com/centrifugal/centrifuge@v0.33.3/internal/dissolve/dissolve.go:31 +0x25

goroutine 25559 [sync.Cond.Wait]:
sync.runtime_notifyListWait(0xc012bf5590, 0x1e)
	/usr/lib/go/src/runtime/sema.go:597 +0x159
sync.(*Cond).Wait(0x0?)
	/usr/lib/go/src/sync/cond.go:71 +0x85
github.com/centrifugal/centrifuge/internal/dissolve.(*queueImpl).Wait(0xc013b4b110)
	/home/mariell/go/pkg/mod/github.com/centrifugal/centrifuge@v0.33.3/internal/dissolve/queue.go:139 +0x4a
github.com/centrifugal/centrifuge/internal/dissolve.(*Dissolver).runWorker(0xc00faede18)
	/home/mariell/go/pkg/mod/github.com/centrifugal/centrifuge@v0.33.3/internal/dissolve/dissolve.go:52 +0x27
created by github.com/centrifugal/centrifuge/internal/dissolve.(*Dissolver).Run in goroutine 24436
	/home/mariell/go/pkg/mod/github.com/centrifugal/centrifuge@v0.33.3/internal/dissolve/dissolve.go:31 +0x25

goroutine 27035 [sync.Cond.Wait]:
sync.runtime_notifyListWait(0xc00d5304d0, 0x4)
	/usr/lib/go/src/runtime/sema.go:597 +0x159
sync.(*Cond).Wait(0x0?)
	/usr/lib/go/src/sync/cond.go:71 +0x85
github.com/centrifugal/centrifuge/internal/dissolve.(*queueImpl).Wait(0xc00dc00930)
	/home/mariell/go/pkg/mod/github.com/centrifugal/centrifuge@v0.33.3/internal/dissolve/queue.go:139 +0x4a
github.com/centrifugal/centrifuge/internal/dissolve.(*Dissolver).runWorker(0xc0128109a8)
	/home/mariell/go/pkg/mod/github.com/centrifugal/centrifuge@v0.33.3/internal/dissolve/dissolve.go:52 +0x27
created by github.com/centrifugal/centrifuge/internal/dissolve.(*Dissolver).Run in goroutine 24637
	/home/mariell/go/pkg/mod/github.com/centrifugal/centrifuge@v0.33.3/internal/dissolve/dissolve.go:31 +0x25

goroutine 25335 [select]:
github.com/centrifugal/centrifuge.(*Node).updateMetrics(0xc007e27448)
	/home/mariell/go/pkg/mod/github.com/centrifugal/centrifuge@v0.33.3/node.go:335 +0x85
created by github.com/centrifugal/centrifuge.(*Node).Run in goroutine 24436
	/home/mariell/go/pkg/mod/github.com/centrifugal/centrifuge@v0.33.3/node.go:262 +0x2a5

goroutine 25655 [select]:
github.com/patrickmn/go-cache.(*janitor).Run(0xc0109e42d0, 0xc0133fcd00)
	/home/mariell/go/pkg/mod/github.com/patrickmn/go-cache@v2.1.0+incompatible/cache.go:1079 +0x7b
created by github.com/patrickmn/go-cache.runJanitor in goroutine 24436
	/home/mariell/go/pkg/mod/github.com/patrickmn/go-cache@v2.1.0+incompatible/cache.go:1099 +0xdb

goroutine 24402 [select]:
net/http.(*persistConn).writeLoop(0xc00341f7a0)
	/usr/lib/go/src/net/http/transport.go:2590 +0xe7
created by net/http.(*Transport).dialConn in goroutine 24303
	/usr/lib/go/src/net/http/transport.go:1945 +0x17a5

goroutine 24289 [IO wait]:
internal/poll.runtime_pollWait(0x7775581b1fe8, 0x72)
	/usr/lib/go/src/runtime/netpoll.go:351 +0x85
internal/poll.(*pollDesc).wait(0xc012e3c300?, 0xc00ec8c600?, 0x0)
	/usr/lib/go/src/internal/poll/fd_poll_runtime.go:84 +0x27
internal/poll.(*pollDesc).waitRead(...)
	/usr/lib/go/src/internal/poll/fd_poll_runtime.go:89
internal/poll.(*FD).Read(0xc012e3c300, {0xc00ec8c600, 0x1300, 0x1300})
	/usr/lib/go/src/internal/poll/fd_unix.go:165 +0x27a
net.(*netFD).Read(0xc012e3c300, {0xc00ec8c600?, 0xc00ec8c600?, 0x5?})
	/usr/lib/go/src/net/fd_posix.go:55 +0x25
net.(*conn).Read(0xc009587840, {0xc00ec8c600?, 0x777558fc22a0?, 0x7775a8b285c0?})
	/usr/lib/go/src/net/net.go:194 +0x45
crypto/tls.(*atLeastReader).Read(0xc003da9b18, {0xc00ec8c600?, 0x12fb?, 0xc00e50a9c8?})
	/usr/lib/go/src/crypto/tls/conn.go:809 +0x3b
bytes.(*Buffer).ReadFrom(0xc012639b38, {0xa94e300, 0xc003da9b18})
	/usr/lib/go/src/bytes/buffer.go:211 +0x98
crypto/tls.(*Conn).readFromUntil(0xc012639888, {0xa94dc00, 0xc009587840}, 0x444af4?)
	/usr/lib/go/src/crypto/tls/conn.go:831 +0xde
crypto/tls.(*Conn).readRecordOrCCS(0xc012639888, 0x0)
	/usr/lib/go/src/crypto/tls/conn.go:629 +0x3cf
crypto/tls.(*Conn).readRecord(...)
	/usr/lib/go/src/crypto/tls/conn.go:591
crypto/tls.(*Conn).Read(0xc012639888, {0xc012d4a000, 0x1000, 0xc012d96150?})
	/usr/lib/go/src/crypto/tls/conn.go:1385 +0x145
net/http.(*persistConn).Read(0xc00341f7a0, {0xc012d4a000?, 0x81fe45?, 0xa94be80?})
	/usr/lib/go/src/net/http/transport.go:2122 +0x47
bufio.(*Reader).fill(0xc012d46060)
	/usr/lib/go/src/bufio/bufio.go:113 +0x103
bufio.(*Reader).Peek(0xc012d46060, 0x1)
	/usr/lib/go/src/bufio/bufio.go:152 +0x53
net/http.(*persistConn).readLoop(0xc00341f7a0)
	/usr/lib/go/src/net/http/transport.go:2275 +0x172
created by net/http.(*Transport).dialConn in goroutine 24303
	/usr/lib/go/src/net/http/transport.go:1944 +0x174f

goroutine 24313 [select]:
net/http.(*persistConn).writeLoop(0xc0053bea20)
	/usr/lib/go/src/net/http/transport.go:2590 +0xe7
created by net/http.(*Transport).dialConn in goroutine 23610
	/usr/lib/go/src/net/http/transport.go:1945 +0x17a5

goroutine 24312 [IO wait]:
internal/poll.runtime_pollWait(0x7775581b2100, 0x72)
	/usr/lib/go/src/runtime/netpoll.go:351 +0x85
internal/poll.(*pollDesc).wait(0xc012e3c280?, 0xc00deb0c00?, 0x0)
	/usr/lib/go/src/internal/poll/fd_poll_runtime.go:84 +0x27
internal/poll.(*pollDesc).waitRead(...)
	/usr/lib/go/src/internal/poll/fd_poll_runtime.go:89
internal/poll.(*FD).Read(0xc012e3c280, {0xc00deb0c00, 0x1300, 0x1300})
	/usr/lib/go/src/internal/poll/fd_unix.go:165 +0x27a
net.(*netFD).Read(0xc012e3c280, {0xc00deb0c00?, 0xffb3510?, 0xc00b5f7908?})
	/usr/lib/go/src/net/fd_posix.go:55 +0x25
net.(*conn).Read(0xc00d71ff38, {0xc00deb0c00?, 0x7775600b8f60?, 0x7775a8b2a210?})
	/usr/lib/go/src/net/net.go:194 +0x45
crypto/tls.(*atLeastReader).Read(0xc0077504e0, {0xc00deb0c00?, 0x1007fe60?, 0x92f2d80?})
	/usr/lib/go/src/crypto/tls/conn.go:809 +0x3b
bytes.(*Buffer).ReadFrom(0xc012c71438, {0xa94e300, 0xc0077504e0})
	/usr/lib/go/src/bytes/buffer.go:211 +0x98
crypto/tls.(*Conn).readFromUntil(0xc012c71188, {0xa94dc00, 0xc00d71ff38}, 0x444af4?)
	/usr/lib/go/src/crypto/tls/conn.go:831 +0xde
crypto/tls.(*Conn).readRecordOrCCS(0xc012c71188, 0x0)
	/usr/lib/go/src/crypto/tls/conn.go:629 +0x3cf
crypto/tls.(*Conn).readRecord(...)
	/usr/lib/go/src/crypto/tls/conn.go:591
crypto/tls.(*Conn).Read(0xc012c71188, {0xc012dcb000, 0x1000, 0x7775a8b2a210?})
	/usr/lib/go/src/crypto/tls/conn.go:1385 +0x145
net/http.(*persistConn).Read(0xc0053bea20, {0xc012dcb000?, 0x4141c5?, 0x68?})
	/usr/lib/go/src/net/http/transport.go:2122 +0x47
bufio.(*Reader).fill(0xc012dc7020)
	/usr/lib/go/src/bufio/bufio.go:113 +0x103
bufio.(*Reader).Peek(0xc012dc7020, 0x1)
	/usr/lib/go/src/bufio/bufio.go:152 +0x53
net/http.(*persistConn).readLoop(0xc0053bea20)
	/usr/lib/go/src/net/http/transport.go:2275 +0x172
created by net/http.(*Transport).dialConn in goroutine 23610
	/usr/lib/go/src/net/http/transport.go:1944 +0x174f

goroutine 24288 [select]:
net/http.(*persistConn).writeLoop(0xc0058697a0)
	/usr/lib/go/src/net/http/transport.go:2590 +0xe7
created by net/http.(*Transport).dialConn in goroutine 24300
	/usr/lib/go/src/net/http/transport.go:1945 +0x17a5

goroutine 24287 [IO wait]:
internal/poll.runtime_pollWait(0x7775583a2da0, 0x72)
	/usr/lib/go/src/runtime/netpoll.go:351 +0x85
internal/poll.(*pollDesc).wait(0xc012e3c200?, 0xc00ec8b300?, 0x0)
	/usr/lib/go/src/internal/poll/fd_poll_runtime.go:84 +0x27
internal/poll.(*pollDesc).waitRead(...)
	/usr/lib/go/src/internal/poll/fd_poll_runtime.go:89
internal/poll.(*FD).Read(0xc012e3c200, {0xc00ec8b300, 0x1300, 0x1300})
	/usr/lib/go/src/internal/poll/fd_unix.go:165 +0x27a
net.(*netFD).Read(0xc012e3c200, {0xc00ec8b300?, 0x0?, 0x0?})
	/usr/lib/go/src/net/fd_posix.go:55 +0x25
net.(*conn).Read(0xc00d71feb0, {0xc00ec8b300?, 0x777558335ff0?, 0x7775a8b28108?})
	/usr/lib/go/src/net/net.go:194 +0x45
crypto/tls.(*atLeastReader).Read(0xc00f905950, {0xc00ec8b300?, 0x0?, 0x0?})
	/usr/lib/go/src/crypto/tls/conn.go:809 +0x3b
bytes.(*Buffer).ReadFrom(0xc012c70d38, {0xa94e300, 0xc00f905950})
	/usr/lib/go/src/bytes/buffer.go:211 +0x98
crypto/tls.(*Conn).readFromUntil(0xc012c70a88, {0xa94dc00, 0xc00d71feb0}, 0x444af4?)
	/usr/lib/go/src/crypto/tls/conn.go:831 +0xde
crypto/tls.(*Conn).readRecordOrCCS(0xc012c70a88, 0x0)
	/usr/lib/go/src/crypto/tls/conn.go:629 +0x3cf
crypto/tls.(*Conn).readRecord(...)
	/usr/lib/go/src/crypto/tls/conn.go:591
crypto/tls.(*Conn).Read(0xc012c70a88, {0xc012d2f000, 0x1000, 0x7775a8b28108?})
	/usr/lib/go/src/crypto/tls/conn.go:1385 +0x145
net/http.(*persistConn).Read(0xc0058697a0, {0xc012d2f000?, 0x4141c5?, 0x68?})
	/usr/lib/go/src/net/http/transport.go:2122 +0x47
bufio.(*Reader).fill(0xc012d2ad80)
	/usr/lib/go/src/bufio/bufio.go:113 +0x103
bufio.(*Reader).Peek(0xc012d2ad80, 0x1)
	/usr/lib/go/src/bufio/bufio.go:152 +0x53
net/http.(*persistConn).readLoop(0xc0058697a0)
	/usr/lib/go/src/net/http/transport.go:2275 +0x172
created by net/http.(*Transport).dialConn in goroutine 24300
	/usr/lib/go/src/net/http/transport.go:1944 +0x174f

goroutine 25565 [sync.Cond.Wait]:
sync.runtime_notifyListWait(0xc012bf5590, 0x27)
	/usr/lib/go/src/runtime/sema.go:597 +0x159
sync.(*Cond).Wait(0x0?)
	/usr/lib/go/src/sync/cond.go:71 +0x85
github.com/centrifugal/centrifuge/internal/dissolve.(*queueImpl).Wait(0xc013b4b110)
	/home/mariell/go/pkg/mod/github.com/centrifugal/centrifuge@v0.33.3/internal/dissolve/queue.go:139 +0x4a
github.com/centrifugal/centrifuge/internal/dissolve.(*Dissolver).runWorker(0xc00faede18)
	/home/mariell/go/pkg/mod/github.com/centrifugal/centrifuge@v0.33.3/internal/dissolve/dissolve.go:52 +0x27
created by github.com/centrifugal/centrifuge/internal/dissolve.(*Dissolver).Run in goroutine 24436
	/home/mariell/go/pkg/mod/github.com/centrifugal/centrifuge@v0.33.3/internal/dissolve/dissolve.go:31 +0x25

goroutine 25554 [sync.Cond.Wait]:
sync.runtime_notifyListWait(0xc012bf5590, 0xe)
	/usr/lib/go/src/runtime/sema.go:597 +0x159
sync.(*Cond).Wait(0x0?)
	/usr/lib/go/src/sync/cond.go:71 +0x85
github.com/centrifugal/centrifuge/internal/dissolve.(*queueImpl).Wait(0xc013b4b110)
	/home/mariell/go/pkg/mod/github.com/centrifugal/centrifuge@v0.33.3/internal/dissolve/queue.go:139 +0x4a
github.com/centrifugal/centrifuge/internal/dissolve.(*Dissolver).runWorker(0xc00faede18)
	/home/mariell/go/pkg/mod/github.com/centrifugal/centrifuge@v0.33.3/internal/dissolve/dissolve.go:52 +0x27
created by github.com/centrifugal/centrifuge/internal/dissolve.(*Dissolver).Run in goroutine 24436
	/home/mariell/go/pkg/mod/github.com/centrifugal/centrifuge@v0.33.3/internal/dissolve/dissolve.go:31 +0x25

goroutine 25556 [sync.Cond.Wait]:
sync.runtime_notifyListWait(0xc012bf5590, 0x10)
	/usr/lib/go/src/runtime/sema.go:597 +0x159
sync.(*Cond).Wait(0x0?)
	/usr/lib/go/src/sync/cond.go:71 +0x85
github.com/centrifugal/centrifuge/internal/dissolve.(*queueImpl).Wait(0xc013b4b110)
	/home/mariell/go/pkg/mod/github.com/centrifugal/centrifuge@v0.33.3/internal/dissolve/queue.go:139 +0x4a
github.com/centrifugal/centrifuge/internal/dissolve.(*Dissolver).runWorker(0xc00faede18)
	/home/mariell/go/pkg/mod/github.com/centrifugal/centrifuge@v0.33.3/internal/dissolve/dissolve.go:52 +0x27
created by github.com/centrifugal/centrifuge/internal/dissolve.(*Dissolver).Run in goroutine 24436
	/home/mariell/go/pkg/mod/github.com/centrifugal/centrifuge@v0.33.3/internal/dissolve/dissolve.go:31 +0x25

goroutine 26845 [select]:
github.com/centrifugal/centrifuge.(*Node).updateMetrics(0xc00a493688)
	/home/mariell/go/pkg/mod/github.com/centrifugal/centrifuge@v0.33.3/node.go:335 +0x85
created by github.com/centrifugal/centrifuge.(*Node).Run in goroutine 24637
	/home/mariell/go/pkg/mod/github.com/centrifugal/centrifuge@v0.33.3/node.go:262 +0x2a5

goroutine 25591 [sync.Cond.Wait]:
sync.runtime_notifyListWait(0xc012bf5590, 0x3f)
	/usr/lib/go/src/runtime/sema.go:597 +0x159
sync.(*Cond).Wait(0x0?)
	/usr/lib/go/src/sync/cond.go:71 +0x85
github.com/centrifugal/centrifuge/internal/dissolve.(*queueImpl).Wait(0xc013b4b110)
	/home/mariell/go/pkg/mod/github.com/centrifugal/centrifuge@v0.33.3/internal/dissolve/queue.go:139 +0x4a
github.com/centrifugal/centrifuge/internal/dissolve.(*Dissolver).runWorker(0xc00faede18)
	/home/mariell/go/pkg/mod/github.com/centrifugal/centrifuge@v0.33.3/internal/dissolve/dissolve.go:52 +0x27
created by github.com/centrifugal/centrifuge/internal/dissolve.(*Dissolver).Run in goroutine 24436
	/home/mariell/go/pkg/mod/github.com/centrifugal/centrifuge@v0.33.3/internal/dissolve/dissolve.go:31 +0x25

goroutine 40589 [sync.Cond.Wait]:
sync.runtime_notifyListWait(0xc0228a0b10, 0x38)
	/usr/lib/go/src/runtime/sema.go:597 +0x159
sync.(*Cond).Wait(0xc01ec257d0?)
	/usr/lib/go/src/sync/cond.go:71 +0x85
github.com/centrifugal/centrifuge/internal/dissolve.(*queueImpl).Wait(0xc0228cc690)
	/home/mariell/go/pkg/mod/github.com/centrifugal/centrifuge@v0.33.3/internal/dissolve/queue.go:139 +0x4a
github.com/centrifugal/centrifuge/internal/dissolve.(*Dissolver).runWorker(0xc015fedd58)
	/home/mariell/go/pkg/mod/github.com/centrifugal/centrifuge@v0.33.3/internal/dissolve/dissolve.go:52 +0x27
created by github.com/centrifugal/centrifuge/internal/dissolve.(*Dissolver).Run in goroutine 36287
	/home/mariell/go/pkg/mod/github.com/centrifugal/centrifuge@v0.33.3/internal/dissolve/dissolve.go:31 +0x25

goroutine 25586 [sync.Cond.Wait]:
sync.runtime_notifyListWait(0xc012bf5590, 0x3e)
	/usr/lib/go/src/runtime/sema.go:597 +0x159
sync.(*Cond).Wait(0xc00c104fd0?)
	/usr/lib/go/src/sync/cond.go:71 +0x85
github.com/centrifugal/centrifuge/internal/dissolve.(*queueImpl).Wait(0xc013b4b110)
	/home/mariell/go/pkg/mod/github.com/centrifugal/centrifuge@v0.33.3/internal/dissolve/queue.go:139 +0x4a
github.com/centrifugal/centrifuge/internal/dissolve.(*Dissolver).runWorker(0xc00faede18)
	/home/mariell/go/pkg/mod/github.com/centrifugal/centrifuge@v0.33.3/internal/dissolve/dissolve.go:52 +0x27
created by github.com/centrifugal/centrifuge/internal/dissolve.(*Dissolver).Run in goroutine 24436
	/home/mariell/go/pkg/mod/github.com/centrifugal/centrifuge@v0.33.3/internal/dissolve/dissolve.go:31 +0x25

goroutine 37866 [select]:
github.com/centrifugal/centrifuge.(*Node).initMetrics.func1()
	/home/mariell/go/pkg/mod/github.com/centrifugal/centrifuge@v0.33.3/node.go:365 +0x8a
created by github.com/centrifugal/centrifuge.(*Node).initMetrics in goroutine 37971
	/home/mariell/go/pkg/mod/github.com/centrifugal/centrifuge@v0.33.3/node.go:363 +0x1f9

goroutine 25538 [sync.Cond.Wait]:
sync.runtime_notifyListWait(0xc012bf5590, 0x19)
	/usr/lib/go/src/runtime/sema.go:597 +0x159
sync.(*Cond).Wait(0x0?)
	/usr/lib/go/src/sync/cond.go:71 +0x85
github.com/centrifugal/centrifuge/internal/dissolve.(*queueImpl).Wait(0xc013b4b110)
	/home/mariell/go/pkg/mod/github.com/centrifugal/centrifuge@v0.33.3/internal/dissolve/queue.go:139 +0x4a
github.com/centrifugal/centrifuge/internal/dissolve.(*Dissolver).runWorker(0xc00faede18)
	/home/mariell/go/pkg/mod/github.com/centrifugal/centrifuge@v0.33.3/internal/dissolve/dissolve.go:52 +0x27
created by github.com/centrifugal/centrifuge/internal/dissolve.(*Dissolver).Run in goroutine 24436
	/home/mariell/go/pkg/mod/github.com/centrifugal/centrifuge@v0.33.3/internal/dissolve/dissolve.go:31 +0x25

goroutine 27010 [sync.Cond.Wait]:
sync.runtime_notifyListWait(0xc00d5304d0, 0x7)
	/usr/lib/go/src/runtime/sema.go:597 +0x159
sync.(*Cond).Wait(0x0?)
	/usr/lib/go/src/sync/cond.go:71 +0x85
github.com/centrifugal/centrifuge/internal/dissolve.(*queueImpl).Wait(0xc00dc00930)
	/home/mariell/go/pkg/mod/github.com/centrifugal/centrifuge@v0.33.3/internal/dissolve/queue.go:139 +0x4a
github.com/centrifugal/centrifuge/internal/dissolve.(*Dissolver).runWorker(0xc0128109a8)
	/home/mariell/go/pkg/mod/github.com/centrifugal/centrifuge@v0.33.3/internal/dissolve/dissolve.go:52 +0x27
created by github.com/centrifugal/centrifuge/internal/dissolve.(*Dissolver).Run in goroutine 24637
	/home/mariell/go/pkg/mod/github.com/centrifugal/centrifuge@v0.33.3/internal/dissolve/dissolve.go:31 +0x25

goroutine 25340 [sync.Cond.Wait]:
sync.runtime_notifyListWait(0xc012bf5590, 0x16)
	/usr/lib/go/src/runtime/sema.go:597 +0x159
sync.(*Cond).Wait(0x0?)
	/usr/lib/go/src/sync/cond.go:71 +0x85
github.com/centrifugal/centrifuge/internal/dissolve.(*queueImpl).Wait(0xc013b4b110)
	/home/mariell/go/pkg/mod/github.com/centrifugal/centrifuge@v0.33.3/internal/dissolve/queue.go:139 +0x4a
github.com/centrifugal/centrifuge/internal/dissolve.(*Dissolver).runWorker(0xc00faede18)
	/home/mariell/go/pkg/mod/github.com/centrifugal/centrifuge@v0.33.3/internal/dissolve/dissolve.go:52 +0x27
created by github.com/centrifugal/centrifuge/internal/dissolve.(*Dissolver).Run in goroutine 24436
	/home/mariell/go/pkg/mod/github.com/centrifugal/centrifuge@v0.33.3/internal/dissolve/dissolve.go:31 +0x25

goroutine 27012 [sync.Cond.Wait]:
sync.runtime_notifyListWait(0xc00d5304d0, 0xb)
	/usr/lib/go/src/runtime/sema.go:597 +0x159
sync.(*Cond).Wait(0x0?)
	/usr/lib/go/src/sync/cond.go:71 +0x85
github.com/centrifugal/centrifuge/internal/dissolve.(*queueImpl).Wait(0xc00dc00930)
	/home/mariell/go/pkg/mod/github.com/centrifugal/centrifuge@v0.33.3/internal/dissolve/queue.go:139 +0x4a
github.com/centrifugal/centrifuge/internal/dissolve.(*Dissolver).runWorker(0xc0128109a8)
	/home/mariell/go/pkg/mod/github.com/centrifugal/centrifuge@v0.33.3/internal/dissolve/dissolve.go:52 +0x27
created by github.com/centrifugal/centrifuge/internal/dissolve.(*Dissolver).Run in goroutine 24637
	/home/mariell/go/pkg/mod/github.com/centrifugal/centrifuge@v0.33.3/internal/dissolve/dissolve.go:31 +0x25

goroutine 25485 [select]:
github.com/patrickmn/go-cache.(*janitor).Run(0xc0105ac4e0, 0xc004525a40)
	/home/mariell/go/pkg/mod/github.com/patrickmn/go-cache@v2.1.0+incompatible/cache.go:1079 +0x7b
created by github.com/patrickmn/go-cache.runJanitor in goroutine 24436
	/home/mariell/go/pkg/mod/github.com/patrickmn/go-cache@v2.1.0+incompatible/cache.go:1099 +0xdb

goroutine 25571 [sync.Cond.Wait]:
sync.runtime_notifyListWait(0xc012bf5590, 0x34)
	/usr/lib/go/src/runtime/sema.go:597 +0x159
sync.(*Cond).Wait(0x0?)
	/usr/lib/go/src/sync/cond.go:71 +0x85
github.com/centrifugal/centrifuge/internal/dissolve.(*queueImpl).Wait(0xc013b4b110)
	/home/mariell/go/pkg/mod/github.com/centrifugal/centrifuge@v0.33.3/internal/dissolve/queue.go:139 +0x4a
github.com/centrifugal/centrifuge/internal/dissolve.(*Dissolver).runWorker(0xc00faede18)
	/home/mariell/go/pkg/mod/github.com/centrifugal/centrifuge@v0.33.3/internal/dissolve/dissolve.go:52 +0x27
created by github.com/centrifugal/centrifuge/internal/dissolve.(*Dissolver).Run in goroutine 24436
	/home/mariell/go/pkg/mod/github.com/centrifugal/centrifuge@v0.33.3/internal/dissolve/dissolve.go:31 +0x25

goroutine 25563 [sync.Cond.Wait]:
sync.runtime_notifyListWait(0xc012bf5590, 0x22)
	/usr/lib/go/src/runtime/sema.go:597 +0x159
sync.(*Cond).Wait(0x0?)
	/usr/lib/go/src/sync/cond.go:71 +0x85
github.com/centrifugal/centrifuge/internal/dissolve.(*queueImpl).Wait(0xc013b4b110)
	/home/mariell/go/pkg/mod/github.com/centrifugal/centrifuge@v0.33.3/internal/dissolve/queue.go:139 +0x4a
github.com/centrifugal/centrifuge/internal/dissolve.(*Dissolver).runWorker(0xc00faede18)
	/home/mariell/go/pkg/mod/github.com/centrifugal/centrifuge@v0.33.3/internal/dissolve/dissolve.go:52 +0x27
created by github.com/centrifugal/centrifuge/internal/dissolve.(*Dissolver).Run in goroutine 24436
	/home/mariell/go/pkg/mod/github.com/centrifugal/centrifuge@v0.33.3/internal/dissolve/dissolve.go:31 +0x25

goroutine 25573 [sync.Cond.Wait]:
sync.runtime_notifyListWait(0xc012bf5590, 0x38)
	/usr/lib/go/src/runtime/sema.go:597 +0x159
sync.(*Cond).Wait(0x0?)
	/usr/lib/go/src/sync/cond.go:71 +0x85
github.com/centrifugal/centrifuge/internal/dissolve.(*queueImpl).Wait(0xc013b4b110)
	/home/mariell/go/pkg/mod/github.com/centrifugal/centrifuge@v0.33.3/internal/dissolve/queue.go:139 +0x4a
github.com/centrifugal/centrifuge/internal/dissolve.(*Dissolver).runWorker(0xc00faede18)
	/home/mariell/go/pkg/mod/github.com/centrifugal/centrifuge@v0.33.3/internal/dissolve/dissolve.go:52 +0x27
created by github.com/centrifugal/centrifuge/internal/dissolve.(*Dissolver).Run in goroutine 24436
	/home/mariell/go/pkg/mod/github.com/centrifugal/centrifuge@v0.33.3/internal/dissolve/dissolve.go:31 +0x25

goroutine 25552 [sync.Cond.Wait]:
sync.runtime_notifyListWait(0xc012bf5590, 0xc)
	/usr/lib/go/src/runtime/sema.go:597 +0x159
sync.(*Cond).Wait(0x0?)
	/usr/lib/go/src/sync/cond.go:71 +0x85
github.com/centrifugal/centrifuge/internal/dissolve.(*queueImpl).Wait(0xc013b4b110)
	/home/mariell/go/pkg/mod/github.com/centrifugal/centrifuge@v0.33.3/internal/dissolve/queue.go:139 +0x4a
github.com/centrifugal/centrifuge/internal/dissolve.(*Dissolver).runWorker(0xc00faede18)
	/home/mariell/go/pkg/mod/github.com/centrifugal/centrifuge@v0.33.3/internal/dissolve/dissolve.go:52 +0x27
created by github.com/centrifugal/centrifuge/internal/dissolve.(*Dissolver).Run in goroutine 24436
	/home/mariell/go/pkg/mod/github.com/centrifugal/centrifuge@v0.33.3/internal/dissolve/dissolve.go:31 +0x25

goroutine 33545 [select]:
github.com/grafana/grafana/pkg/storage/unified/resource.(*broadcaster[...]).stream(0xab113a0, 0xc0113e37a0)
	/home/mariell/work/oss/grafana/pkg/storage/unified/resource/broadcaster.go:205 +0x13d
created by github.com/grafana/grafana/pkg/storage/unified/resource.(*broadcaster[...]).init in goroutine 31757
	/home/mariell/work/oss/grafana/pkg/storage/unified/resource/broadcaster.go:177 +0x219

goroutine 25418 [chan receive]:
github.com/grafana/grafana/pkg/storage/unified/sql.(*channelNotifier).notify.func1()
	/home/mariell/work/oss/grafana/pkg/storage/unified/sql/notifier.go:87 +0x39
created by github.com/grafana/grafana/pkg/storage/unified/sql.(*channelNotifier).notify in goroutine 24436
	/home/mariell/work/oss/grafana/pkg/storage/unified/sql/notifier.go:86 +0xdb

goroutine 25570 [sync.Cond.Wait]:
sync.runtime_notifyListWait(0xc012bf5590, 0x32)
	/usr/lib/go/src/runtime/sema.go:597 +0x159
sync.(*Cond).Wait(0x0?)
	/usr/lib/go/src/sync/cond.go:71 +0x85
github.com/centrifugal/centrifuge/internal/dissolve.(*queueImpl).Wait(0xc013b4b110)
	/home/mariell/go/pkg/mod/github.com/centrifugal/centrifuge@v0.33.3/internal/dissolve/queue.go:139 +0x4a
github.com/centrifugal/centrifuge/internal/dissolve.(*Dissolver).runWorker(0xc00faede18)
	/home/mariell/go/pkg/mod/github.com/centrifugal/centrifuge@v0.33.3/internal/dissolve/dissolve.go:52 +0x27
created by github.com/centrifugal/centrifuge/internal/dissolve.(*Dissolver).Run in goroutine 24436
	/home/mariell/go/pkg/mod/github.com/centrifugal/centrifuge@v0.33.3/internal/dissolve/dissolve.go:31 +0x25

goroutine 30112 [sync.Cond.Wait]:
sync.runtime_notifyListWait(0xc0029f6450, 0x34)
	/usr/lib/go/src/runtime/sema.go:597 +0x159
sync.(*Cond).Wait(0x0?)
	/usr/lib/go/src/sync/cond.go:71 +0x85
github.com/centrifugal/centrifuge/internal/dissolve.(*queueImpl).Wait(0xc00ccdc000)
	/home/mariell/go/pkg/mod/github.com/centrifugal/centrifuge@v0.33.3/internal/dissolve/queue.go:139 +0x4a
github.com/centrifugal/centrifuge/internal/dissolve.(*Dissolver).runWorker(0xc00e0b3c50)
	/home/mariell/go/pkg/mod/github.com/centrifugal/centrifuge@v0.33.3/internal/dissolve/dissolve.go:52 +0x27
created by github.com/centrifugal/centrifuge/internal/dissolve.(*Dissolver).Run in goroutine 28801
	/home/mariell/go/pkg/mod/github.com/centrifugal/centrifuge@v0.33.3/internal/dissolve/dissolve.go:31 +0x25

goroutine 27433 [select]:
net/http.(*persistConn).writeLoop(0xc00e77d440)
	/usr/lib/go/src/net/http/transport.go:2590 +0xe7
created by net/http.(*Transport).dialConn in goroutine 30053
	/usr/lib/go/src/net/http/transport.go:1945 +0x17a5

goroutine 26898 [chan receive]:
github.com/grafana/grafana/pkg/storage/unified/sql.(*channelNotifier).notify.func1()
	/home/mariell/work/oss/grafana/pkg/storage/unified/sql/notifier.go:87 +0x39
created by github.com/grafana/grafana/pkg/storage/unified/sql.(*channelNotifier).notify in goroutine 24637
	/home/mariell/work/oss/grafana/pkg/storage/unified/sql/notifier.go:86 +0xdb

goroutine 28907 [IO wait]:
internal/poll.runtime_pollWait(0x777558171510, 0x72)
	/usr/lib/go/src/runtime/netpoll.go:351 +0x85
internal/poll.(*pollDesc).wait(0xc00ed66380?, 0xc00f69b300?, 0x0)
	/usr/lib/go/src/internal/poll/fd_poll_runtime.go:84 +0x27
internal/poll.(*pollDesc).waitRead(...)
	/usr/lib/go/src/internal/poll/fd_poll_runtime.go:89
internal/poll.(*FD).Read(0xc00ed66380, {0xc00f69b300, 0x1300, 0x1300})
	/usr/lib/go/src/internal/poll/fd_unix.go:165 +0x27a
net.(*netFD).Read(0xc00ed66380, {0xc00f69b300?, 0x0?, 0x0?})
	/usr/lib/go/src/net/fd_posix.go:55 +0x25
net.(*conn).Read(0xc0095260b8, {0xc00f69b300?, 0x77755832f830?, 0x7775a8b28f30?})
	/usr/lib/go/src/net/net.go:194 +0x45
crypto/tls.(*atLeastReader).Read(0xc0165fac30, {0xc00f69b300?, 0xc00ebcdf80?, 0x10?})
	/usr/lib/go/src/crypto/tls/conn.go:809 +0x3b
bytes.(*Buffer).ReadFrom(0xc00ed5ed38, {0xa94e300, 0xc0165fac30})
	/usr/lib/go/src/bytes/buffer.go:211 +0x98
crypto/tls.(*Conn).readFromUntil(0xc00ed5ea88, {0xa94dc00, 0xc0095260b8}, 0x444af4?)
	/usr/lib/go/src/crypto/tls/conn.go:831 +0xde
crypto/tls.(*Conn).readRecordOrCCS(0xc00ed5ea88, 0x0)
	/usr/lib/go/src/crypto/tls/conn.go:629 +0x3cf
crypto/tls.(*Conn).readRecord(...)
	/usr/lib/go/src/crypto/tls/conn.go:591
crypto/tls.(*Conn).Read(0xc00ed5ea88, {0xc00f432000, 0x1000, 0x7775a8b28f30?})
	/usr/lib/go/src/crypto/tls/conn.go:1385 +0x145
net/http.(*persistConn).Read(0xc0048aa240, {0xc00f432000?, 0x4141c5?, 0x68?})
	/usr/lib/go/src/net/http/transport.go:2122 +0x47
bufio.(*Reader).fill(0xc014f1af60)
	/usr/lib/go/src/bufio/bufio.go:113 +0x103
bufio.(*Reader).Peek(0xc014f1af60, 0x1)
	/usr/lib/go/src/bufio/bufio.go:152 +0x53
net/http.(*persistConn).readLoop(0xc0048aa240)
	/usr/lib/go/src/net/http/transport.go:2275 +0x172
created by net/http.(*Transport).dialConn in goroutine 27797
	/usr/lib/go/src/net/http/transport.go:1944 +0x174f

goroutine 25588 [sync.Cond.Wait]:
sync.runtime_notifyListWait(0xc012bf5590, 0x35)
	/usr/lib/go/src/runtime/sema.go:597 +0x159
sync.(*Cond).Wait(0xc00cd56fd0?)
	/usr/lib/go/src/sync/cond.go:71 +0x85
github.com/centrifugal/centrifuge/internal/dissolve.(*queueImpl).Wait(0xc013b4b110)
	/home/mariell/go/pkg/mod/github.com/centrifugal/centrifuge@v0.33.3/internal/dissolve/queue.go:139 +0x4a
github.com/centrifugal/centrifuge/internal/dissolve.(*Dissolver).runWorker(0xc00faede18)
	/home/mariell/go/pkg/mod/github.com/centrifugal/centrifuge@v0.33.3/internal/dissolve/dissolve.go:52 +0x27
created by github.com/centrifugal/centrifuge/internal/dissolve.(*Dissolver).Run in goroutine 24436
	/home/mariell/go/pkg/mod/github.com/centrifugal/centrifuge@v0.33.3/internal/dissolve/dissolve.go:31 +0x25

goroutine 25547 [sync.Cond.Wait]:
sync.runtime_notifyListWait(0xc012bf5590, 0x7)
	/usr/lib/go/src/runtime/sema.go:597 +0x159
sync.(*Cond).Wait(0x0?)
	/usr/lib/go/src/sync/cond.go:71 +0x85
github.com/centrifugal/centrifuge/internal/dissolve.(*queueImpl).Wait(0xc013b4b110)
	/home/mariell/go/pkg/mod/github.com/centrifugal/centrifuge@v0.33.3/internal/dissolve/queue.go:139 +0x4a
github.com/centrifugal/centrifuge/internal/dissolve.(*Dissolver).runWorker(0xc00faede18)
	/home/mariell/go/pkg/mod/github.com/centrifugal/centrifuge@v0.33.3/internal/dissolve/dissolve.go:52 +0x27
created by github.com/centrifugal/centrifuge/internal/dissolve.(*Dissolver).Run in goroutine 24436
	/home/mariell/go/pkg/mod/github.com/centrifugal/centrifuge@v0.33.3/internal/dissolve/dissolve.go:31 +0x25

goroutine 25587 [sync.Cond.Wait]:
sync.runtime_notifyListWait(0xc012bf5590, 0x37)
	/usr/lib/go/src/runtime/sema.go:597 +0x159
sync.(*Cond).Wait(0x0?)
	/usr/lib/go/src/sync/cond.go:71 +0x85
github.com/centrifugal/centrifuge/internal/dissolve.(*queueImpl).Wait(0xc013b4b110)
	/home/mariell/go/pkg/mod/github.com/centrifugal/centrifuge@v0.33.3/internal/dissolve/queue.go:139 +0x4a
github.com/centrifugal/centrifuge/internal/dissolve.(*Dissolver).runWorker(0xc00faede18)
	/home/mariell/go/pkg/mod/github.com/centrifugal/centrifuge@v0.33.3/internal/dissolve/dissolve.go:52 +0x27
created by github.com/centrifugal/centrifuge/internal/dissolve.(*Dissolver).Run in goroutine 24436
	/home/mariell/go/pkg/mod/github.com/centrifugal/centrifuge@v0.33.3/internal/dissolve/dissolve.go:31 +0x25

goroutine 25564 [sync.Cond.Wait]:
sync.runtime_notifyListWait(0xc012bf5590, 0x24)
	/usr/lib/go/src/runtime/sema.go:597 +0x159
sync.(*Cond).Wait(0x0?)
	/usr/lib/go/src/sync/cond.go:71 +0x85
github.com/centrifugal/centrifuge/internal/dissolve.(*queueImpl).Wait(0xc013b4b110)
	/home/mariell/go/pkg/mod/github.com/centrifugal/centrifuge@v0.33.3/internal/dissolve/queue.go:139 +0x4a
github.com/centrifugal/centrifuge/internal/dissolve.(*Dissolver).runWorker(0xc00faede18)
	/home/mariell/go/pkg/mod/github.com/centrifugal/centrifuge@v0.33.3/internal/dissolve/dissolve.go:52 +0x27
created by github.com/centrifugal/centrifuge/internal/dissolve.(*Dissolver).Run in goroutine 24436
	/home/mariell/go/pkg/mod/github.com/centrifugal/centrifuge@v0.33.3/internal/dissolve/dissolve.go:31 +0x25

goroutine 26998 [select]:
github.com/centrifugal/centrifuge.(*historyHub).removeStreams(0xc00db7bb00)
	/home/mariell/go/pkg/mod/github.com/centrifugal/centrifuge@v0.33.3/broker_memory.go:259 +0x6f
created by github.com/centrifugal/centrifuge.(*historyHub).runCleanups in goroutine 24637
	/home/mariell/go/pkg/mod/github.com/centrifugal/centrifuge@v0.33.3/broker_memory.go:253 +0x96

goroutine 28925 [IO wait]:
internal/poll.runtime_pollWait(0x7775581711c8, 0x72)
	/usr/lib/go/src/runtime/netpoll.go:351 +0x85
internal/poll.(*pollDesc).wait(0xc00ed66480?, 0xc00f847900?, 0x0)
	/usr/lib/go/src/internal/poll/fd_poll_runtime.go:84 +0x27
internal/poll.(*pollDesc).waitRead(...)
	/usr/lib/go/src/internal/poll/fd_poll_runtime.go:89
internal/poll.(*FD).Read(0xc00ed66480, {0xc00f847900, 0x1300, 0x1300})
	/usr/lib/go/src/internal/poll/fd_unix.go:165 +0x27a
net.(*netFD).Read(0xc00ed66480, {0xc00f847900?, 0xc00f847900?, 0x5?})
	/usr/lib/go/src/net/fd_posix.go:55 +0x25
net.(*conn).Read(0xc010e13ca0, {0xc00f847900?, 0x7775583bcc30?, 0x7775a8b28108?})
	/usr/lib/go/src/net/net.go:194 +0x45
crypto/tls.(*atLeastReader).Read(0xc013148af8, {0xc00f847900?, 0x12fb?, 0x5?})
	/usr/lib/go/src/crypto/tls/conn.go:809 +0x3b
bytes.(*Buffer).ReadFrom(0xc00e07a638, {0xa94e300, 0xc013148af8})
	/usr/lib/go/src/bytes/buffer.go:211 +0x98
crypto/tls.(*Conn).readFromUntil(0xc00e07a388, {0xa94dc00, 0xc010e13ca0}, 0x444af4?)
	/usr/lib/go/src/crypto/tls/conn.go:831 +0xde
crypto/tls.(*Conn).readRecordOrCCS(0xc00e07a388, 0x0)
	/usr/lib/go/src/crypto/tls/conn.go:629 +0x3cf
crypto/tls.(*Conn).readRecord(...)
	/usr/lib/go/src/crypto/tls/conn.go:591
crypto/tls.(*Conn).Read(0xc00e07a388, {0xc00ef15000, 0x1000, 0xc0123ccc30?})
	/usr/lib/go/src/crypto/tls/conn.go:1385 +0x145
net/http.(*persistConn).Read(0xc0048ab320, {0xc00ef15000?, 0x81fe45?, 0xa94be80?})
	/usr/lib/go/src/net/http/transport.go:2122 +0x47
bufio.(*Reader).fill(0xc011637da0)
	/usr/lib/go/src/bufio/bufio.go:113 +0x103
bufio.(*Reader).Peek(0xc011637da0, 0x1)
	/usr/lib/go/src/bufio/bufio.go:152 +0x53
net/http.(*persistConn).readLoop(0xc0048ab320)
	/usr/lib/go/src/net/http/transport.go:2275 +0x172
created by net/http.(*Transport).dialConn in goroutine 28836
	/usr/lib/go/src/net/http/transport.go:1944 +0x174f

goroutine 25589 [sync.Cond.Wait]:
sync.runtime_notifyListWait(0xc012bf5590, 0x3c)
	/usr/lib/go/src/runtime/sema.go:597 +0x159
sync.(*Cond).Wait(0x0?)
	/usr/lib/go/src/sync/cond.go:71 +0x85
github.com/centrifugal/centrifuge/internal/dissolve.(*queueImpl).Wait(0xc013b4b110)
	/home/mariell/go/pkg/mod/github.com/centrifugal/centrifuge@v0.33.3/internal/dissolve/queue.go:139 +0x4a
github.com/centrifugal/centrifuge/internal/dissolve.(*Dissolver).runWorker(0xc00faede18)
	/home/mariell/go/pkg/mod/github.com/centrifugal/centrifuge@v0.33.3/internal/dissolve/dissolve.go:52 +0x27
created by github.com/centrifugal/centrifuge/internal/dissolve.(*Dissolver).Run in goroutine 24436
	/home/mariell/go/pkg/mod/github.com/centrifugal/centrifuge@v0.33.3/internal/dissolve/dissolve.go:31 +0x25

goroutine 28430 [chan receive]:
github.com/grafana/grafana/pkg/storage/unified/sql.(*channelNotifier).notify.func1()
	/home/mariell/work/oss/grafana/pkg/storage/unified/sql/notifier.go:87 +0x39
created by github.com/grafana/grafana/pkg/storage/unified/sql.(*channelNotifier).notify in goroutine 27309
	/home/mariell/work/oss/grafana/pkg/storage/unified/sql/notifier.go:86 +0xdb

goroutine 25734 [select]:
github.com/patrickmn/go-cache.(*janitor).Run(0xc010b7ed20, 0xc0134b4480)
	/home/mariell/go/pkg/mod/github.com/patrickmn/go-cache@v2.1.0+incompatible/cache.go:1079 +0x7b
created by github.com/patrickmn/go-cache.runJanitor in goroutine 24436
	/home/mariell/go/pkg/mod/github.com/patrickmn/go-cache@v2.1.0+incompatible/cache.go:1099 +0xdb

goroutine 25736 [select]:
github.com/patrickmn/go-cache.(*janitor).Run(0xc010b7fd20, 0xc0134b5180)
	/home/mariell/go/pkg/mod/github.com/patrickmn/go-cache@v2.1.0+incompatible/cache.go:1079 +0x7b
created by github.com/patrickmn/go-cache.runJanitor in goroutine 24436
	/home/mariell/go/pkg/mod/github.com/patrickmn/go-cache@v2.1.0+incompatible/cache.go:1099 +0xdb

goroutine 28913 [chan receive]:
github.com/grafana/grafana/pkg/registry/apis/dashboard/legacy.(*dashboardSqlAccess).WatchWriteEvents.func1()
	/home/mariell/work/oss/grafana/pkg/registry/apis/dashboard/legacy/storage.go:238 +0x50
created by github.com/grafana/grafana/pkg/registry/apis/dashboard/legacy.(*dashboardSqlAccess).WatchWriteEvents in goroutine 28838
	/home/mariell/work/oss/grafana/pkg/registry/apis/dashboard/legacy/storage.go:236 +0x1b6

goroutine 42530 [chan receive (nil chan)]:
k8s.io/apiserver/pkg/server.preparedGenericAPIServer.RunWithContext({0x10212da?}, {0xa9d1d00, 0xc01e7020a0})
	/home/mariell/go/pkg/mod/k8s.io/apiserver@v0.32.1/pkg/server/genericapiserver.go:710 +0x9c5
github.com/grafana/grafana/pkg/services/apiserver.(*service).startCoreServer.func1()
	/home/mariell/work/oss/grafana/pkg/services/apiserver/service.go:448 +0x28
created by github.com/grafana/grafana/pkg/services/apiserver.(*service).startCoreServer in goroutine 38865
	/home/mariell/work/oss/grafana/pkg/services/apiserver/service.go:447 +0x125

goroutine 42492 [select]:
net/http.(*persistConn).writeLoop(0xc010ab9440)
	/usr/lib/go/src/net/http/transport.go:2590 +0xe7
created by net/http.(*Transport).dialConn in goroutine 42484
	/usr/lib/go/src/net/http/transport.go:1945 +0x17a5

goroutine 55905 [sync.Cond.Wait]:
sync.runtime_notifyListWait(0xc022793e10, 0x29)
	/usr/lib/go/src/runtime/sema.go:597 +0x159
sync.(*Cond).Wait(0xc02ac5efd0?)
	/usr/lib/go/src/sync/cond.go:71 +0x85
github.com/centrifugal/centrifuge/internal/dissolve.(*queueImpl).Wait(0xc01100c540)
	/home/mariell/go/pkg/mod/github.com/centrifugal/centrifuge@v0.33.3/internal/dissolve/queue.go:139 +0x4a
github.com/centrifugal/centrifuge/internal/dissolve.(*Dissolver).runWorker(0xc02431b8f0)
	/home/mariell/go/pkg/mod/github.com/centrifugal/centrifuge@v0.33.3/internal/dissolve/dissolve.go:52 +0x27
created by github.com/centrifugal/centrifuge/internal/dissolve.(*Dissolver).Run in goroutine 54803
	/home/mariell/go/pkg/mod/github.com/centrifugal/centrifuge@v0.33.3/internal/dissolve/dissolve.go:31 +0x25

goroutine 27307 [select]:
net/http.(*persistConn).writeLoop(0xc003631c20)
	/usr/lib/go/src/net/http/transport.go:2590 +0xe7
created by net/http.(*Transport).dialConn in goroutine 16783
	/usr/lib/go/src/net/http/transport.go:1945 +0x17a5

goroutine 40583 [sync.Cond.Wait]:
sync.runtime_notifyListWait(0xc0228a0b10, 0x32)
	/usr/lib/go/src/runtime/sema.go:597 +0x159
sync.(*Cond).Wait(0xc01c0157d0?)
	/usr/lib/go/src/sync/cond.go:71 +0x85
github.com/centrifugal/centrifuge/internal/dissolve.(*queueImpl).Wait(0xc0228cc690)
	/home/mariell/go/pkg/mod/github.com/centrifugal/centrifuge@v0.33.3/internal/dissolve/queue.go:139 +0x4a
github.com/centrifugal/centrifuge/internal/dissolve.(*Dissolver).runWorker(0xc015fedd58)
	/home/mariell/go/pkg/mod/github.com/centrifugal/centrifuge@v0.33.3/internal/dissolve/dissolve.go:52 +0x27
created by github.com/centrifugal/centrifuge/internal/dissolve.(*Dissolver).Run in goroutine 36287
	/home/mariell/go/pkg/mod/github.com/centrifugal/centrifuge@v0.33.3/internal/dissolve/dissolve.go:31 +0x25

goroutine 40586 [sync.Cond.Wait]:
sync.runtime_notifyListWait(0xc0228a0b10, 0x35)
	/usr/lib/go/src/runtime/sema.go:597 +0x159
sync.(*Cond).Wait(0x0?)
	/usr/lib/go/src/sync/cond.go:71 +0x85
github.com/centrifugal/centrifuge/internal/dissolve.(*queueImpl).Wait(0xc0228cc690)
	/home/mariell/go/pkg/mod/github.com/centrifugal/centrifuge@v0.33.3/internal/dissolve/queue.go:139 +0x4a
github.com/centrifugal/centrifuge/internal/dissolve.(*Dissolver).runWorker(0xc015fedd58)
	/home/mariell/go/pkg/mod/github.com/centrifugal/centrifuge@v0.33.3/internal/dissolve/dissolve.go:52 +0x27
created by github.com/centrifugal/centrifuge/internal/dissolve.(*Dissolver).Run in goroutine 36287
	/home/mariell/go/pkg/mod/github.com/centrifugal/centrifuge@v0.33.3/internal/dissolve/dissolve.go:31 +0x25

goroutine 28431 [chan receive]:
github.com/grafana/grafana/pkg/storage/unified/resource.(*server).initWatcher.func1.1()
	/home/mariell/work/oss/grafana/pkg/storage/unified/resource/server.go:922 +0x58
created by github.com/grafana/grafana/pkg/storage/unified/resource.(*server).initWatcher.func1 in goroutine 27309
	/home/mariell/work/oss/grafana/pkg/storage/unified/resource/server.go:921 +0xaa

goroutine 42080 [sync.Cond.Wait]:
sync.runtime_notifyListWait(0xc01bc03e10, 0x1f)
	/usr/lib/go/src/runtime/sema.go:597 +0x159
sync.(*Cond).Wait(0x0?)
	/usr/lib/go/src/sync/cond.go:71 +0x85
github.com/centrifugal/centrifuge/internal/dissolve.(*queueImpl).Wait(0xc01e10aa10)
	/home/mariell/go/pkg/mod/github.com/centrifugal/centrifuge@v0.33.3/internal/dissolve/queue.go:139 +0x4a
github.com/centrifugal/centrifuge/internal/dissolve.(*Dissolver).runWorker(0xc0122187e0)
	/home/mariell/go/pkg/mod/github.com/centrifugal/centrifuge@v0.33.3/internal/dissolve/dissolve.go:52 +0x27
created by github.com/centrifugal/centrifuge/internal/dissolve.(*Dissolver).Run in goroutine 40816
	/home/mariell/go/pkg/mod/github.com/centrifugal/centrifuge@v0.33.3/internal/dissolve/dissolve.go:31 +0x25

goroutine 41895 [select]:
github.com/patrickmn/go-cache.(*janitor).Run(0xc00e9a9810, 0xc015fdea40)
	/home/mariell/go/pkg/mod/github.com/patrickmn/go-cache@v2.1.0+incompatible/cache.go:1079 +0x7b
created by github.com/patrickmn/go-cache.runJanitor in goroutine 40816
	/home/mariell/go/pkg/mod/github.com/patrickmn/go-cache@v2.1.0+incompatible/cache.go:1099 +0xdb

goroutine 25847 [select]:
database/sql.(*DB).connectionOpener(0xc019e74ea0, {0xa9d1d00, 0xc019e58690})
	/usr/lib/go/src/database/sql/sql.go:1261 +0x87
created by database/sql.OpenDB in goroutine 24637
	/usr/lib/go/src/database/sql/sql.go:841 +0x130

goroutine 25898 [select]:
github.com/grafana/grafana/pkg/util/ticker.(*T).run(0xc014678ff0)
	/home/mariell/work/oss/grafana/pkg/util/ticker/ticker.go:59 +0x2c5
created by github.com/grafana/grafana/pkg/util/ticker.New in goroutine 25778
	/home/mariell/work/oss/grafana/pkg/util/ticker/ticker.go:40 +0x1e6

goroutine 31344 [select]:
net/http.(*persistConn).writeLoop(0xc0063130e0)
	/usr/lib/go/src/net/http/transport.go:2590 +0xe7
created by net/http.(*Transport).dialConn in goroutine 31790
	/usr/lib/go/src/net/http/transport.go:1945 +0x17a5

goroutine 31382 [select]:
github.com/patrickmn/go-cache.(*janitor).Run(0xc00115f740, 0xc0147fab00)
	/home/mariell/go/pkg/mod/github.com/patrickmn/go-cache@v2.1.0+incompatible/cache.go:1079 +0x7b
created by github.com/patrickmn/go-cache.runJanitor in goroutine 30466
	/home/mariell/go/pkg/mod/github.com/patrickmn/go-cache@v2.1.0+incompatible/cache.go:1099 +0xdb

goroutine 27442 [select]:
github.com/grafana/grafana/pkg/storage/unified/resource.(*cache[...]).run(0xc00e2ed590)
	/home/mariell/work/oss/grafana/pkg/storage/unified/resource/broadcaster.go:291 +0xb0
created by github.com/grafana/grafana/pkg/storage/unified/resource.newChannelCache[...] in goroutine 24423
	/home/mariell/work/oss/grafana/pkg/storage/unified/resource/broadcaster.go:276 +0x189

goroutine 25852 [select]:
database/sql.(*DB).connectionCleaner(0xc019e74ea0, 0xc019e86cb0?)
	/usr/lib/go/src/database/sql/sql.go:1104 +0x9c
created by database/sql.(*DB).startCleanerLocked in goroutine 24637
	/usr/lib/go/src/database/sql/sql.go:1091 +0x105

goroutine 25848 [select]:
go.opentelemetry.io/otel/sdk/trace.(*batchSpanProcessor).processQueue(0xc019e7abe0)
	/home/mariell/go/pkg/mod/go.opentelemetry.io/otel/sdk@v1.34.0/trace/batch_span_processor.go:302 +0x114
go.opentelemetry.io/otel/sdk/trace.NewBatchSpanProcessor.func1()
	/home/mariell/go/pkg/mod/go.opentelemetry.io/otel/sdk@v1.34.0/trace/batch_span_processor.go:117 +0x4e
created by go.opentelemetry.io/otel/sdk/trace.NewBatchSpanProcessor in goroutine 24637
	/home/mariell/go/pkg/mod/go.opentelemetry.io/otel/sdk@v1.34.0/trace/batch_span_processor.go:115 +0x2d9

goroutine 40579 [sync.Cond.Wait]:
sync.runtime_notifyListWait(0xc0228a0b10, 0x2e)
	/usr/lib/go/src/runtime/sema.go:597 +0x159
sync.(*Cond).Wait(0x1?)
	/usr/lib/go/src/sync/cond.go:71 +0x85
github.com/centrifugal/centrifuge/internal/dissolve.(*queueImpl).Wait(0xc0228cc690)
	/home/mariell/go/pkg/mod/github.com/centrifugal/centrifuge@v0.33.3/internal/dissolve/queue.go:139 +0x4a
github.com/centrifugal/centrifuge/internal/dissolve.(*Dissolver).runWorker(0xc015fedd58)
	/home/mariell/go/pkg/mod/github.com/centrifugal/centrifuge@v0.33.3/internal/dissolve/dissolve.go:52 +0x27
created by github.com/centrifugal/centrifuge/internal/dissolve.(*Dissolver).Run in goroutine 36287
	/home/mariell/go/pkg/mod/github.com/centrifugal/centrifuge@v0.33.3/internal/dissolve/dissolve.go:31 +0x25

goroutine 25407 [IO wait]:
internal/poll.runtime_pollWait(0x7775581b1b88, 0x72)
	/usr/lib/go/src/runtime/netpoll.go:351 +0x85
internal/poll.(*pollDesc).wait(0xc013fd0300?, 0xc01484e000?, 0x0)
	/usr/lib/go/src/internal/poll/fd_poll_runtime.go:84 +0x27
internal/poll.(*pollDesc).waitRead(...)
	/usr/lib/go/src/internal/poll/fd_poll_runtime.go:89
internal/poll.(*FD).Read(0xc013fd0300, {0xc01484e000, 0x1300, 0x1300})
	/usr/lib/go/src/internal/poll/fd_unix.go:165 +0x27a
net.(*netFD).Read(0xc013fd0300, {0xc01484e000?, 0x77756038b528?, 0x6?})
	/usr/lib/go/src/net/fd_posix.go:55 +0x25
net.(*conn).Read(0xc00a18f688, {0xc01484e000?, 0x77756038b528?, 0x7775a8b2ab80?})
	/usr/lib/go/src/net/net.go:194 +0x45
crypto/tls.(*atLeastReader).Read(0xc0110817e8, {0xc01484e000?, 0x43f787?, 0x0?})
	/usr/lib/go/src/crypto/tls/conn.go:809 +0x3b
bytes.(*Buffer).ReadFrom(0xc0146209b8, {0xa94e300, 0xc0110817e8})
	/usr/lib/go/src/bytes/buffer.go:211 +0x98
crypto/tls.(*Conn).readFromUntil(0xc014620708, {0xa94dc00, 0xc00a18f688}, 0x444af4?)
	/usr/lib/go/src/crypto/tls/conn.go:831 +0xde
crypto/tls.(*Conn).readRecordOrCCS(0xc014620708, 0x0)
	/usr/lib/go/src/crypto/tls/conn.go:629 +0x3cf
crypto/tls.(*Conn).readRecord(...)
	/usr/lib/go/src/crypto/tls/conn.go:591
crypto/tls.(*Conn).Read(0xc014620708, {0xc013869000, 0x1000, 0xc0144f0720?})
	/usr/lib/go/src/crypto/tls/conn.go:1385 +0x145
net/http.(*persistConn).Read(0xc005cdc6c0, {0xc013869000?, 0x81fe45?, 0xa94be80?})
	/usr/lib/go/src/net/http/transport.go:2122 +0x47
bufio.(*Reader).fill(0xc013864a80)
	/usr/lib/go/src/bufio/bufio.go:113 +0x103
bufio.(*Reader).Peek(0xc013864a80, 0x1)
	/usr/lib/go/src/bufio/bufio.go:152 +0x53
net/http.(*persistConn).readLoop(0xc005cdc6c0)
	/usr/lib/go/src/net/http/transport.go:2275 +0x172
created by net/http.(*Transport).dialConn in goroutine 25845
	/usr/lib/go/src/net/http/transport.go:1944 +0x174f

goroutine 33123 [sync.Cond.Wait]:
sync.runtime_notifyListWait(0xc019c7fcd0, 0x1)
	/usr/lib/go/src/runtime/sema.go:597 +0x159
sync.(*Cond).Wait(0x0?)
	/usr/lib/go/src/sync/cond.go:71 +0x85
github.com/centrifugal/centrifuge/internal/dissolve.(*queueImpl).Wait(0xc012092e00)
	/home/mariell/go/pkg/mod/github.com/centrifugal/centrifuge@v0.33.3/internal/dissolve/queue.go:139 +0x4a
github.com/centrifugal/centrifuge/internal/dissolve.(*Dissolver).runWorker(0xc01ba3c438)
	/home/mariell/go/pkg/mod/github.com/centrifugal/centrifuge@v0.33.3/internal/dissolve/dissolve.go:52 +0x27
created by github.com/centrifugal/centrifuge/internal/dissolve.(*Dissolver).Run in goroutine 31996
	/home/mariell/go/pkg/mod/github.com/centrifugal/centrifuge@v0.33.3/internal/dissolve/dissolve.go:31 +0x25

goroutine 30077 [sync.Cond.Wait]:
sync.runtime_notifyListWait(0xc0029f6450, 0xb)
	/usr/lib/go/src/runtime/sema.go:597 +0x159
sync.(*Cond).Wait(0x0?)
	/usr/lib/go/src/sync/cond.go:71 +0x85
github.com/centrifugal/centrifuge/internal/dissolve.(*queueImpl).Wait(0xc00ccdc000)
	/home/mariell/go/pkg/mod/github.com/centrifugal/centrifuge@v0.33.3/internal/dissolve/queue.go:139 +0x4a
github.com/centrifugal/centrifuge/internal/dissolve.(*Dissolver).runWorker(0xc00e0b3c50)
	/home/mariell/go/pkg/mod/github.com/centrifugal/centrifuge@v0.33.3/internal/dissolve/dissolve.go:52 +0x27
created by github.com/centrifugal/centrifuge/internal/dissolve.(*Dissolver).Run in goroutine 28801
	/home/mariell/go/pkg/mod/github.com/centrifugal/centrifuge@v0.33.3/internal/dissolve/dissolve.go:31 +0x25

goroutine 33125 [sync.Cond.Wait]:
sync.runtime_notifyListWait(0xc019c7fcd0, 0x19)
	/usr/lib/go/src/runtime/sema.go:597 +0x159
sync.(*Cond).Wait(0x0?)
	/usr/lib/go/src/sync/cond.go:71 +0x85
github.com/centrifugal/centrifuge/internal/dissolve.(*queueImpl).Wait(0xc012092e00)
	/home/mariell/go/pkg/mod/github.com/centrifugal/centrifuge@v0.33.3/internal/dissolve/queue.go:139 +0x4a
github.com/centrifugal/centrifuge/internal/dissolve.(*Dissolver).runWorker(0xc01ba3c438)
	/home/mariell/go/pkg/mod/github.com/centrifugal/centrifuge@v0.33.3/internal/dissolve/dissolve.go:52 +0x27
created by github.com/centrifugal/centrifuge/internal/dissolve.(*Dissolver).Run in goroutine 31996
	/home/mariell/go/pkg/mod/github.com/centrifugal/centrifuge@v0.33.3/internal/dissolve/dissolve.go:31 +0x25

goroutine 43614 [sync.Cond.Wait]:
sync.runtime_notifyListWait(0xc00d19c890, 0x5)
	/usr/lib/go/src/runtime/sema.go:597 +0x159
sync.(*Cond).Wait(0x0?)
	/usr/lib/go/src/sync/cond.go:71 +0x85
github.com/centrifugal/centrifuge/internal/dissolve.(*queueImpl).Wait(0xc015e6a930)
	/home/mariell/go/pkg/mod/github.com/centrifugal/centrifuge@v0.33.3/internal/dissolve/queue.go:139 +0x4a
github.com/centrifugal/centrifuge/internal/dissolve.(*Dissolver).runWorker(0xc0132189d8)
	/home/mariell/go/pkg/mod/github.com/centrifugal/centrifuge@v0.33.3/internal/dissolve/dissolve.go:52 +0x27
created by github.com/centrifugal/centrifuge/internal/dissolve.(*Dissolver).Run in goroutine 42495
	/home/mariell/go/pkg/mod/github.com/centrifugal/centrifuge@v0.33.3/internal/dissolve/dissolve.go:31 +0x25

goroutine 37968 [select]:
k8s.io/apimachinery/pkg/util/wait.BackoffUntil(0xc019c7ef00, {0xa95ac00, 0xc016323e90}, 0x1, 0xc01444c7e0)
	/home/mariell/go/pkg/mod/k8s.io/apimachinery@v0.32.1/pkg/util/wait/backoff.go:238 +0x12c
k8s.io/apimachinery/pkg/util/wait.JitterUntil(0xc019c7ef00, 0x3b9aca00, 0x3ff3333333333333, 0x1, 0xc01444c7e0)
	/home/mariell/go/pkg/mod/k8s.io/apimachinery@v0.32.1/pkg/util/wait/backoff.go:204 +0x7f
created by k8s.io/apiserver/pkg/registry/generic/registry.(*Store).startObservingCount in goroutine 37964
	/home/mariell/go/pkg/mod/k8s.io/apiserver@v0.32.1/pkg/registry/generic/registry/store.go:1666 +0x2f9

goroutine 43607 [sync.Cond.Wait]:
sync.runtime_notifyListWait(0xc00d19c890, 0x24)
	/usr/lib/go/src/runtime/sema.go:597 +0x159
sync.(*Cond).Wait(0x0?)
	/usr/lib/go/src/sync/cond.go:71 +0x85
github.com/centrifugal/centrifuge/internal/dissolve.(*queueImpl).Wait(0xc015e6a930)
	/home/mariell/go/pkg/mod/github.com/centrifugal/centrifuge@v0.33.3/internal/dissolve/queue.go:139 +0x4a
github.com/centrifugal/centrifuge/internal/dissolve.(*Dissolver).runWorker(0xc0132189d8)
	/home/mariell/go/pkg/mod/github.com/centrifugal/centrifuge@v0.33.3/internal/dissolve/dissolve.go:52 +0x27
created by github.com/centrifugal/centrifuge/internal/dissolve.(*Dissolver).Run in goroutine 42495
	/home/mariell/go/pkg/mod/github.com/centrifugal/centrifuge@v0.33.3/internal/dissolve/dissolve.go:31 +0x25

goroutine 42529 [select]:
k8s.io/apimachinery/pkg/util/wait.BackoffUntil(0xc02223e4c0, {0xa95ac00, 0xc019f217d0}, 0x1, 0xc01ecc9c00)
	/home/mariell/go/pkg/mod/k8s.io/apimachinery@v0.32.1/pkg/util/wait/backoff.go:238 +0x12c
k8s.io/apimachinery/pkg/util/wait.JitterUntil(0xc02223e4c0, 0x3b9aca00, 0x3ff3333333333333, 0x1, 0xc01ecc9c00)
	/home/mariell/go/pkg/mod/k8s.io/apimachinery@v0.32.1/pkg/util/wait/backoff.go:204 +0x7f
created by k8s.io/apiserver/pkg/registry/generic/registry.(*Store).startObservingCount in goroutine 38865
	/home/mariell/go/pkg/mod/k8s.io/apiserver@v0.32.1/pkg/registry/generic/registry/store.go:1666 +0x2f9

goroutine 39393 [select]:
go.opentelemetry.io/otel/sdk/trace.(*batchSpanProcessor).processQueue(0xc0197f1900)
	/home/mariell/go/pkg/mod/go.opentelemetry.io/otel/sdk@v1.34.0/trace/batch_span_processor.go:302 +0x114
go.opentelemetry.io/otel/sdk/trace.NewBatchSpanProcessor.func1()
	/home/mariell/go/pkg/mod/go.opentelemetry.io/otel/sdk@v1.34.0/trace/batch_span_processor.go:117 +0x4e
created by go.opentelemetry.io/otel/sdk/trace.NewBatchSpanProcessor in goroutine 36287
	/home/mariell/go/pkg/mod/go.opentelemetry.io/otel/sdk@v1.34.0/trace/batch_span_processor.go:115 +0x2d9

goroutine 40484 [select]:
github.com/patrickmn/go-cache.(*janitor).Run(0xc022704040, 0xc0226fc4c0)
	/home/mariell/go/pkg/mod/github.com/patrickmn/go-cache@v2.1.0+incompatible/cache.go:1079 +0x7b
created by github.com/patrickmn/go-cache.runJanitor in goroutine 36287
	/home/mariell/go/pkg/mod/github.com/patrickmn/go-cache@v2.1.0+incompatible/cache.go:1099 +0xdb

goroutine 31550 [sync.Cond.Wait]:
sync.runtime_notifyListWait(0xc012c3ca90, 0x15)
	/usr/lib/go/src/runtime/sema.go:597 +0x159
sync.(*Cond).Wait(0x0?)
	/usr/lib/go/src/sync/cond.go:71 +0x85
github.com/centrifugal/centrifuge/internal/dissolve.(*queueImpl).Wait(0xc00c7c6e00)
	/home/mariell/go/pkg/mod/github.com/centrifugal/centrifuge@v0.33.3/internal/dissolve/queue.go:139 +0x4a
github.com/centrifugal/centrifuge/internal/dissolve.(*Dissolver).runWorker(0xc00e284af8)
	/home/mariell/go/pkg/mod/github.com/centrifugal/centrifuge@v0.33.3/internal/dissolve/dissolve.go:52 +0x27
created by github.com/centrifugal/centrifuge/internal/dissolve.(*Dissolver).Run in goroutine 30466
	/home/mariell/go/pkg/mod/github.com/centrifugal/centrifuge@v0.33.3/internal/dissolve/dissolve.go:31 +0x25

goroutine 40534 [sync.Cond.Wait]:
sync.runtime_notifyListWait(0xc0228a0b10, 0xe)
	/usr/lib/go/src/runtime/sema.go:597 +0x159
sync.(*Cond).Wait(0x0?)
	/usr/lib/go/src/sync/cond.go:71 +0x85
github.com/centrifugal/centrifuge/internal/dissolve.(*queueImpl).Wait(0xc0228cc690)
	/home/mariell/go/pkg/mod/github.com/centrifugal/centrifuge@v0.33.3/internal/dissolve/queue.go:139 +0x4a
github.com/centrifugal/centrifuge/internal/dissolve.(*Dissolver).runWorker(0xc015fedd58)
	/home/mariell/go/pkg/mod/github.com/centrifugal/centrifuge@v0.33.3/internal/dissolve/dissolve.go:52 +0x27
created by github.com/centrifugal/centrifuge/internal/dissolve.(*Dissolver).Run in goroutine 36287
	/home/mariell/go/pkg/mod/github.com/centrifugal/centrifuge@v0.33.3/internal/dissolve/dissolve.go:31 +0x25

goroutine 39426 [chan receive]:
github.com/grafana/grafana/pkg/registry/apis/dashboard/legacy.(*dashboardSqlAccess).WatchWriteEvents.func1()
	/home/mariell/work/oss/grafana/pkg/registry/apis/dashboard/legacy/storage.go:238 +0x50
created by github.com/grafana/grafana/pkg/registry/apis/dashboard/legacy.(*dashboardSqlAccess).WatchWriteEvents in goroutine 37964
	/home/mariell/work/oss/grafana/pkg/registry/apis/dashboard/legacy/storage.go:236 +0x1b6

goroutine 25826 [select]:
go.opentelemetry.io/otel/sdk/trace.(*batchSpanProcessor).processQueue(0xc013ecf9a0)
	/home/mariell/go/pkg/mod/go.opentelemetry.io/otel/sdk@v1.34.0/trace/batch_span_processor.go:302 +0x114
go.opentelemetry.io/otel/sdk/trace.NewBatchSpanProcessor.func1()
	/home/mariell/go/pkg/mod/go.opentelemetry.io/otel/sdk@v1.34.0/trace/batch_span_processor.go:117 +0x4e
created by go.opentelemetry.io/otel/sdk/trace.NewBatchSpanProcessor in goroutine 24436
	/home/mariell/go/pkg/mod/go.opentelemetry.io/otel/sdk@v1.34.0/trace/batch_span_processor.go:115 +0x2d9

goroutine 28389 [select]:
github.com/patrickmn/go-cache.(*janitor).Run(0xc00edcc010, 0xc0038af500)
	/home/mariell/go/pkg/mod/github.com/patrickmn/go-cache@v2.1.0+incompatible/cache.go:1079 +0x7b
created by github.com/patrickmn/go-cache.runJanitor in goroutine 27309
	/home/mariell/go/pkg/mod/github.com/patrickmn/go-cache@v2.1.0+incompatible/cache.go:1099 +0xdb

goroutine 42523 [select]:
k8s.io/apimachinery/pkg/util/wait.BackoffUntil(0xc0229b4c40, {0xa95ac00, 0xc021c91d70}, 0x1, 0xc01eba1650)
	/home/mariell/go/pkg/mod/k8s.io/apimachinery@v0.32.1/pkg/util/wait/backoff.go:238 +0x12c
k8s.io/apimachinery/pkg/util/wait.JitterUntil(0xc0229b4c40, 0x3b9aca00, 0x3ff3333333333333, 0x1, 0xc01eba1650)
	/home/mariell/go/pkg/mod/k8s.io/apimachinery@v0.32.1/pkg/util/wait/backoff.go:204 +0x7f
created by k8s.io/apiserver/pkg/registry/generic/registry.(*Store).startObservingCount in goroutine 38865
	/home/mariell/go/pkg/mod/k8s.io/apiserver@v0.32.1/pkg/registry/generic/registry/store.go:1666 +0x2f9

goroutine 39429 [select]:
github.com/grafana/grafana/pkg/storage/unified/resource.(*broadcaster[...]).stream(0xab113a0, 0xc00cc18b60)
	/home/mariell/work/oss/grafana/pkg/storage/unified/resource/broadcaster.go:205 +0x13d
created by github.com/grafana/grafana/pkg/storage/unified/resource.(*broadcaster[...]).init in goroutine 37964
	/home/mariell/work/oss/grafana/pkg/storage/unified/resource/broadcaster.go:177 +0x219

goroutine 27043 [sync.Cond.Wait]:
sync.runtime_notifyListWait(0xc00d5304d0, 0x1e)
	/usr/lib/go/src/runtime/sema.go:597 +0x159
sync.(*Cond).Wait(0x0?)
	/usr/lib/go/src/sync/cond.go:71 +0x85
github.com/centrifugal/centrifuge/internal/dissolve.(*queueImpl).Wait(0xc00dc00930)
	/home/mariell/go/pkg/mod/github.com/centrifugal/centrifuge@v0.33.3/internal/dissolve/queue.go:139 +0x4a
github.com/centrifugal/centrifuge/internal/dissolve.(*Dissolver).runWorker(0xc0128109a8)
	/home/mariell/go/pkg/mod/github.com/centrifugal/centrifuge@v0.33.3/internal/dissolve/dissolve.go:52 +0x27
created by github.com/centrifugal/centrifuge/internal/dissolve.(*Dissolver).Run in goroutine 24637
	/home/mariell/go/pkg/mod/github.com/centrifugal/centrifuge@v0.33.3/internal/dissolve/dissolve.go:31 +0x25

goroutine 28531 [select]:
github.com/FZambia/eagle.(*Eagle).aggregate(0xc00d8ce230)
	/home/mariell/go/pkg/mod/github.com/!f!zambia/eagle@v0.1.0/eagle.go:210 +0x6d
created by github.com/FZambia/eagle.New in goroutine 27309
	/home/mariell/go/pkg/mod/github.com/!f!zambia/eagle@v0.1.0/eagle.go:66 +0x176

goroutine 30067 [sync.Cond.Wait]:
sync.runtime_notifyListWait(0xc0029f6450, 0x0)
	/usr/lib/go/src/runtime/sema.go:597 +0x159
sync.(*Cond).Wait(0x0?)
	/usr/lib/go/src/sync/cond.go:71 +0x85
github.com/centrifugal/centrifuge/internal/dissolve.(*queueImpl).Wait(0xc00ccdc000)
	/home/mariell/go/pkg/mod/github.com/centrifugal/centrifuge@v0.33.3/internal/dissolve/queue.go:139 +0x4a
github.com/centrifugal/centrifuge/internal/dissolve.(*Dissolver).runWorker(0xc00e0b3c50)
	/home/mariell/go/pkg/mod/github.com/centrifugal/centrifuge@v0.33.3/internal/dissolve/dissolve.go:52 +0x27
created by github.com/centrifugal/centrifuge/internal/dissolve.(*Dissolver).Run in goroutine 28801
	/home/mariell/go/pkg/mod/github.com/centrifugal/centrifuge@v0.33.3/internal/dissolve/dissolve.go:31 +0x25

goroutine 33126 [sync.Cond.Wait]:
sync.runtime_notifyListWait(0xc019c7fcd0, 0x1c)
	/usr/lib/go/src/runtime/sema.go:597 +0x159
sync.(*Cond).Wait(0xc0070937d0?)
	/usr/lib/go/src/sync/cond.go:71 +0x85
github.com/centrifugal/centrifuge/internal/dissolve.(*queueImpl).Wait(0xc012092e00)
	/home/mariell/go/pkg/mod/github.com/centrifugal/centrifuge@v0.33.3/internal/dissolve/queue.go:139 +0x4a
github.com/centrifugal/centrifuge/internal/dissolve.(*Dissolver).runWorker(0xc01ba3c438)
	/home/mariell/go/pkg/mod/github.com/centrifugal/centrifuge@v0.33.3/internal/dissolve/dissolve.go:52 +0x27
created by github.com/centrifugal/centrifuge/internal/dissolve.(*Dissolver).Run in goroutine 31996
	/home/mariell/go/pkg/mod/github.com/centrifugal/centrifuge@v0.33.3/internal/dissolve/dissolve.go:31 +0x25

goroutine 28978 [select]:
database/sql.(*DB).connectionOpener(0xc01af5edd0, {0xa9d1d00, 0xc014a95a40})
	/usr/lib/go/src/database/sql/sql.go:1261 +0x87
created by database/sql.OpenDB in goroutine 28801
	/usr/lib/go/src/database/sql/sql.go:841 +0x130

goroutine 31558 [sync.Cond.Wait]:
sync.runtime_notifyListWait(0xc012c3ca90, 0x25)
	/usr/lib/go/src/runtime/sema.go:597 +0x159
sync.(*Cond).Wait(0x0?)
	/usr/lib/go/src/sync/cond.go:71 +0x85
github.com/centrifugal/centrifuge/internal/dissolve.(*queueImpl).Wait(0xc00c7c6e00)
	/home/mariell/go/pkg/mod/github.com/centrifugal/centrifuge@v0.33.3/internal/dissolve/queue.go:139 +0x4a
github.com/centrifugal/centrifuge/internal/dissolve.(*Dissolver).runWorker(0xc00e284af8)
	/home/mariell/go/pkg/mod/github.com/centrifugal/centrifuge@v0.33.3/internal/dissolve/dissolve.go:52 +0x27
created by github.com/centrifugal/centrifuge/internal/dissolve.(*Dissolver).Run in goroutine 30466
	/home/mariell/go/pkg/mod/github.com/centrifugal/centrifuge@v0.33.3/internal/dissolve/dissolve.go:31 +0x25

goroutine 73805 [select]:
github.com/patrickmn/go-cache.(*janitor).Run(0xc01a2b6ec0, 0xc0162331c0)
	/home/mariell/go/pkg/mod/github.com/patrickmn/go-cache@v2.1.0+incompatible/cache.go:1079 +0x7b
created by github.com/patrickmn/go-cache.runJanitor in goroutine 22318
	/home/mariell/go/pkg/mod/github.com/patrickmn/go-cache@v2.1.0+incompatible/cache.go:1099 +0xdb

goroutine 40371 [select]:
github.com/patrickmn/go-cache.(*janitor).Run(0xc01f6114e0, 0xc01ec616c0)
	/home/mariell/go/pkg/mod/github.com/patrickmn/go-cache@v2.1.0+incompatible/cache.go:1079 +0x7b
created by github.com/patrickmn/go-cache.runJanitor in goroutine 36287
	/home/mariell/go/pkg/mod/github.com/patrickmn/go-cache@v2.1.0+incompatible/cache.go:1099 +0xdb

goroutine 28528 [select]:
github.com/centrifugal/centrifuge.(*MemoryBroker).expireResultCache(0xc00d87ce00)
	/home/mariell/go/pkg/mod/github.com/centrifugal/centrifuge@v0.33.3/broker_memory.go:160 +0x68
created by github.com/centrifugal/centrifuge.(*MemoryBroker).Run in goroutine 27309
	/home/mariell/go/pkg/mod/github.com/centrifugal/centrifuge@v0.33.3/broker_memory.go:73 +0x7f

goroutine 30130 [sync.Cond.Wait]:
sync.runtime_notifyListWait(0xc0029f6450, 0x3f)
	/usr/lib/go/src/runtime/sema.go:597 +0x159
sync.(*Cond).Wait(0x0?)
	/usr/lib/go/src/sync/cond.go:71 +0x85
github.com/centrifugal/centrifuge/internal/dissolve.(*queueImpl).Wait(0xc00ccdc000)
	/home/mariell/go/pkg/mod/github.com/centrifugal/centrifuge@v0.33.3/internal/dissolve/queue.go:139 +0x4a
github.com/centrifugal/centrifuge/internal/dissolve.(*Dissolver).runWorker(0xc00e0b3c50)
	/home/mariell/go/pkg/mod/github.com/centrifugal/centrifuge@v0.33.3/internal/dissolve/dissolve.go:52 +0x27
created by github.com/centrifugal/centrifuge/internal/dissolve.(*Dissolver).Run in goroutine 28801
	/home/mariell/go/pkg/mod/github.com/centrifugal/centrifuge@v0.33.3/internal/dissolve/dissolve.go:31 +0x25

goroutine 30068 [sync.Cond.Wait]:
sync.runtime_notifyListWait(0xc0029f6450, 0x2)
	/usr/lib/go/src/runtime/sema.go:597 +0x159
sync.(*Cond).Wait(0xc00c54c7d0?)
	/usr/lib/go/src/sync/cond.go:71 +0x85
github.com/centrifugal/centrifuge/internal/dissolve.(*queueImpl).Wait(0xc00ccdc000)
	/home/mariell/go/pkg/mod/github.com/centrifugal/centrifuge@v0.33.3/internal/dissolve/queue.go:139 +0x4a
github.com/centrifugal/centrifuge/internal/dissolve.(*Dissolver).runWorker(0xc00e0b3c50)
	/home/mariell/go/pkg/mod/github.com/centrifugal/centrifuge@v0.33.3/internal/dissolve/dissolve.go:52 +0x27
created by github.com/centrifugal/centrifuge/internal/dissolve.(*Dissolver).Run in goroutine 28801
	/home/mariell/go/pkg/mod/github.com/centrifugal/centrifuge@v0.33.3/internal/dissolve/dissolve.go:31 +0x25

goroutine 30089 [sync.Cond.Wait]:
sync.runtime_notifyListWait(0xc0029f6450, 0x17)
	/usr/lib/go/src/runtime/sema.go:597 +0x159
sync.(*Cond).Wait(0xc00ea12fd0?)
	/usr/lib/go/src/sync/cond.go:71 +0x85
github.com/centrifugal/centrifuge/internal/dissolve.(*queueImpl).Wait(0xc00ccdc000)
	/home/mariell/go/pkg/mod/github.com/centrifugal/centrifuge@v0.33.3/internal/dissolve/queue.go:139 +0x4a
github.com/centrifugal/centrifuge/internal/dissolve.(*Dissolver).runWorker(0xc00e0b3c50)
	/home/mariell/go/pkg/mod/github.com/centrifugal/centrifuge@v0.33.3/internal/dissolve/dissolve.go:52 +0x27
created by github.com/centrifugal/centrifuge/internal/dissolve.(*Dissolver).Run in goroutine 28801
	/home/mariell/go/pkg/mod/github.com/centrifugal/centrifuge@v0.33.3/internal/dissolve/dissolve.go:31 +0x25

goroutine 51557 [IO wait]:
internal/poll.runtime_pollWait(0x7775504bedf0, 0x72)
	/usr/lib/go/src/runtime/netpoll.go:351 +0x85
internal/poll.(*pollDesc).wait(0xc01e680900?, 0xc01f122600?, 0x0)
	/usr/lib/go/src/internal/poll/fd_poll_runtime.go:84 +0x27
internal/poll.(*pollDesc).waitRead(...)
	/usr/lib/go/src/internal/poll/fd_poll_runtime.go:89
internal/poll.(*FD).Read(0xc01e680900, {0xc01f122600, 0x1300, 0x1300})
	/usr/lib/go/src/internal/poll/fd_unix.go:165 +0x27a
net.(*netFD).Read(0xc01e680900, {0xc01f122600?, 0xc016451928?, 0x4f2bd1?})
	/usr/lib/go/src/net/fd_posix.go:55 +0x25
net.(*conn).Read(0xc022330048, {0xc01f122600?, 0x7775584ed268?, 0x7775a8b28a78?})
	/usr/lib/go/src/net/net.go:194 +0x45
crypto/tls.(*atLeastReader).Read(0xc010298780, {0xc01f122600?, 0x956d61c?, 0x12?})
	/usr/lib/go/src/crypto/tls/conn.go:809 +0x3b
bytes.(*Buffer).ReadFrom(0xc01a9f3b38, {0xa94e300, 0xc010298780})
	/usr/lib/go/src/bytes/buffer.go:211 +0x98
crypto/tls.(*Conn).readFromUntil(0xc01a9f3888, {0xa94dc00, 0xc022330048}, 0x444af4?)
	/usr/lib/go/src/crypto/tls/conn.go:831 +0xde
crypto/tls.(*Conn).readRecordOrCCS(0xc01a9f3888, 0x0)
	/usr/lib/go/src/crypto/tls/conn.go:629 +0x3cf
crypto/tls.(*Conn).readRecord(...)
	/usr/lib/go/src/crypto/tls/conn.go:591
crypto/tls.(*Conn).Read(0xc01a9f3888, {0xc029a35000, 0x1000, 0x7775a8b28a78?})
	/usr/lib/go/src/crypto/tls/conn.go:1385 +0x145
net/http.(*persistConn).Read(0xc02a440000, {0xc029a35000?, 0x4141c5?, 0x68?})
	/usr/lib/go/src/net/http/transport.go:2122 +0x47
bufio.(*Reader).fill(0xc020f3e540)
	/usr/lib/go/src/bufio/bufio.go:113 +0x103
bufio.(*Reader).Peek(0xc020f3e540, 0x1)
	/usr/lib/go/src/bufio/bufio.go:152 +0x53
net/http.(*persistConn).readLoop(0xc02a440000)
	/usr/lib/go/src/net/http/transport.go:2275 +0x172
created by net/http.(*Transport).dialConn in goroutine 53112
	/usr/lib/go/src/net/http/transport.go:1944 +0x174f

goroutine 30096 [sync.Cond.Wait]:
sync.runtime_notifyListWait(0xc0029f6450, 0x37)
	/usr/lib/go/src/runtime/sema.go:597 +0x159
sync.(*Cond).Wait(0x0?)
	/usr/lib/go/src/sync/cond.go:71 +0x85
github.com/centrifugal/centrifuge/internal/dissolve.(*queueImpl).Wait(0xc00ccdc000)
	/home/mariell/go/pkg/mod/github.com/centrifugal/centrifuge@v0.33.3/internal/dissolve/queue.go:139 +0x4a
github.com/centrifugal/centrifuge/internal/dissolve.(*Dissolver).runWorker(0xc00e0b3c50)
	/home/mariell/go/pkg/mod/github.com/centrifugal/centrifuge@v0.33.3/internal/dissolve/dissolve.go:52 +0x27
created by github.com/centrifugal/centrifuge/internal/dissolve.(*Dissolver).Run in goroutine 28801
	/home/mariell/go/pkg/mod/github.com/centrifugal/centrifuge@v0.33.3/internal/dissolve/dissolve.go:31 +0x25

goroutine 33110 [sync.Cond.Wait]:
sync.runtime_notifyListWait(0xc019c7fcd0, 0x7)
	/usr/lib/go/src/runtime/sema.go:597 +0x159
sync.(*Cond).Wait(0xc0124c0fd0?)
	/usr/lib/go/src/sync/cond.go:71 +0x85
github.com/centrifugal/centrifuge/internal/dissolve.(*queueImpl).Wait(0xc012092e00)
	/home/mariell/go/pkg/mod/github.com/centrifugal/centrifuge@v0.33.3/internal/dissolve/queue.go:139 +0x4a
github.com/centrifugal/centrifuge/internal/dissolve.(*Dissolver).runWorker(0xc01ba3c438)
	/home/mariell/go/pkg/mod/github.com/centrifugal/centrifuge@v0.33.3/internal/dissolve/dissolve.go:52 +0x27
created by github.com/centrifugal/centrifuge/internal/dissolve.(*Dissolver).Run in goroutine 31996
	/home/mariell/go/pkg/mod/github.com/centrifugal/centrifuge@v0.33.3/internal/dissolve/dissolve.go:31 +0x25

goroutine 30119 [sync.Cond.Wait]:
sync.runtime_notifyListWait(0xc0029f6450, 0x2e)
	/usr/lib/go/src/runtime/sema.go:597 +0x159
sync.(*Cond).Wait(0xc0124c17d0?)
	/usr/lib/go/src/sync/cond.go:71 +0x85
github.com/centrifugal/centrifuge/internal/dissolve.(*queueImpl).Wait(0xc00ccdc000)
	/home/mariell/go/pkg/mod/github.com/centrifugal/centrifuge@v0.33.3/internal/dissolve/queue.go:139 +0x4a
github.com/centrifugal/centrifuge/internal/dissolve.(*Dissolver).runWorker(0xc00e0b3c50)
	/home/mariell/go/pkg/mod/github.com/centrifugal/centrifuge@v0.33.3/internal/dissolve/dissolve.go:52 +0x27
created by github.com/centrifugal/centrifuge/internal/dissolve.(*Dissolver).Run in goroutine 28801
	/home/mariell/go/pkg/mod/github.com/centrifugal/centrifuge@v0.33.3/internal/dissolve/dissolve.go:31 +0x25

goroutine 27030 [sync.Cond.Wait]:
sync.runtime_notifyListWait(0xc00d5304d0, 0x17)
	/usr/lib/go/src/runtime/sema.go:597 +0x159
sync.(*Cond).Wait(0x0?)
	/usr/lib/go/src/sync/cond.go:71 +0x85
github.com/centrifugal/centrifuge/internal/dissolve.(*queueImpl).Wait(0xc00dc00930)
	/home/mariell/go/pkg/mod/github.com/centrifugal/centrifuge@v0.33.3/internal/dissolve/queue.go:139 +0x4a
github.com/centrifugal/centrifuge/internal/dissolve.(*Dissolver).runWorker(0xc0128109a8)
	/home/mariell/go/pkg/mod/github.com/centrifugal/centrifuge@v0.33.3/internal/dissolve/dissolve.go:52 +0x27
created by github.com/centrifugal/centrifuge/internal/dissolve.(*Dissolver).Run in goroutine 24637
	/home/mariell/go/pkg/mod/github.com/centrifugal/centrifuge@v0.33.3/internal/dissolve/dissolve.go:31 +0x25

goroutine 31960 [select]:
net/http.(*persistConn).writeLoop(0xc0046a4000)
	/usr/lib/go/src/net/http/transport.go:2590 +0xe7
created by net/http.(*Transport).dialConn in goroutine 25945
	/usr/lib/go/src/net/http/transport.go:1945 +0x17a5

goroutine 27032 [sync.Cond.Wait]:
sync.runtime_notifyListWait(0xc00d5304d0, 0x1c)
	/usr/lib/go/src/runtime/sema.go:597 +0x159
sync.(*Cond).Wait(0x0?)
	/usr/lib/go/src/sync/cond.go:71 +0x85
github.com/centrifugal/centrifuge/internal/dissolve.(*queueImpl).Wait(0xc00dc00930)
	/home/mariell/go/pkg/mod/github.com/centrifugal/centrifuge@v0.33.3/internal/dissolve/queue.go:139 +0x4a
github.com/centrifugal/centrifuge/internal/dissolve.(*Dissolver).runWorker(0xc0128109a8)
	/home/mariell/go/pkg/mod/github.com/centrifugal/centrifuge@v0.33.3/internal/dissolve/dissolve.go:52 +0x27
created by github.com/centrifugal/centrifuge/internal/dissolve.(*Dissolver).Run in goroutine 24637
	/home/mariell/go/pkg/mod/github.com/centrifugal/centrifuge@v0.33.3/internal/dissolve/dissolve.go:31 +0x25

goroutine 40537 [sync.Cond.Wait]:
sync.runtime_notifyListWait(0xc0228a0b10, 0x0)
	/usr/lib/go/src/runtime/sema.go:597 +0x159
sync.(*Cond).Wait(0x0?)
	/usr/lib/go/src/sync/cond.go:71 +0x85
github.com/centrifugal/centrifuge/internal/dissolve.(*queueImpl).Wait(0xc0228cc690)
	/home/mariell/go/pkg/mod/github.com/centrifugal/centrifuge@v0.33.3/internal/dissolve/queue.go:139 +0x4a
github.com/centrifugal/centrifuge/internal/dissolve.(*Dissolver).runWorker(0xc015fedd58)
	/home/mariell/go/pkg/mod/github.com/centrifugal/centrifuge@v0.33.3/internal/dissolve/dissolve.go:52 +0x27
created by github.com/centrifugal/centrifuge/internal/dissolve.(*Dissolver).Run in goroutine 36287
	/home/mariell/go/pkg/mod/github.com/centrifugal/centrifuge@v0.33.3/internal/dissolve/dissolve.go:31 +0x25

goroutine 40544 [sync.Cond.Wait]:
sync.runtime_notifyListWait(0xc0228a0b10, 0x8)
	/usr/lib/go/src/runtime/sema.go:597 +0x159
sync.(*Cond).Wait(0xc009714fd0?)
	/usr/lib/go/src/sync/cond.go:71 +0x85
github.com/centrifugal/centrifuge/internal/dissolve.(*queueImpl).Wait(0xc0228cc690)
	/home/mariell/go/pkg/mod/github.com/centrifugal/centrifuge@v0.33.3/internal/dissolve/queue.go:139 +0x4a
github.com/centrifugal/centrifuge/internal/dissolve.(*Dissolver).runWorker(0xc015fedd58)
	/home/mariell/go/pkg/mod/github.com/centrifugal/centrifuge@v0.33.3/internal/dissolve/dissolve.go:52 +0x27
created by github.com/centrifugal/centrifuge/internal/dissolve.(*Dissolver).Run in goroutine 36287
	/home/mariell/go/pkg/mod/github.com/centrifugal/centrifuge@v0.33.3/internal/dissolve/dissolve.go:31 +0x25

goroutine 41164 [sync.Cond.Wait]:
sync.runtime_notifyListWait(0xc01bc03e10, 0xc)
	/usr/lib/go/src/runtime/sema.go:597 +0x159
sync.(*Cond).Wait(0xc01e909fd0?)
	/usr/lib/go/src/sync/cond.go:71 +0x85
github.com/centrifugal/centrifuge/internal/dissolve.(*queueImpl).Wait(0xc01e10aa10)
	/home/mariell/go/pkg/mod/github.com/centrifugal/centrifuge@v0.33.3/internal/dissolve/queue.go:139 +0x4a
github.com/centrifugal/centrifuge/internal/dissolve.(*Dissolver).runWorker(0xc0122187e0)
	/home/mariell/go/pkg/mod/github.com/centrifugal/centrifuge@v0.33.3/internal/dissolve/dissolve.go:52 +0x27
created by github.com/centrifugal/centrifuge/internal/dissolve.(*Dissolver).Run in goroutine 40816
	/home/mariell/go/pkg/mod/github.com/centrifugal/centrifuge@v0.33.3/internal/dissolve/dissolve.go:31 +0x25

goroutine 34653 [sync.Cond.Wait]:
sync.runtime_notifyListWait(0xc00dfe4bd0, 0x12)
	/usr/lib/go/src/runtime/sema.go:597 +0x159
sync.(*Cond).Wait(0x100000000000000?)
	/usr/lib/go/src/sync/cond.go:71 +0x85
github.com/centrifugal/centrifuge/internal/dissolve.(*queueImpl).Wait(0xc01277aee0)
	/home/mariell/go/pkg/mod/github.com/centrifugal/centrifuge@v0.33.3/internal/dissolve/queue.go:139 +0x4a
github.com/centrifugal/centrifuge/internal/dissolve.(*Dissolver).runWorker(0xc015fec510)
	/home/mariell/go/pkg/mod/github.com/centrifugal/centrifuge@v0.33.3/internal/dissolve/dissolve.go:52 +0x27
created by github.com/centrifugal/centrifuge/internal/dissolve.(*Dissolver).Run in goroutine 33524
	/home/mariell/go/pkg/mod/github.com/centrifugal/centrifuge@v0.33.3/internal/dissolve/dissolve.go:31 +0x25

goroutine 34663 [sync.Cond.Wait]:
sync.runtime_notifyListWait(0xc00dfe4bd0, 0x1c)
	/usr/lib/go/src/runtime/sema.go:597 +0x159
sync.(*Cond).Wait(0xc013b727d0?)
	/usr/lib/go/src/sync/cond.go:71 +0x85
github.com/centrifugal/centrifuge/internal/dissolve.(*queueImpl).Wait(0xc01277aee0)
	/home/mariell/go/pkg/mod/github.com/centrifugal/centrifuge@v0.33.3/internal/dissolve/queue.go:139 +0x4a
github.com/centrifugal/centrifuge/internal/dissolve.(*Dissolver).runWorker(0xc015fec510)
	/home/mariell/go/pkg/mod/github.com/centrifugal/centrifuge@v0.33.3/internal/dissolve/dissolve.go:52 +0x27
created by github.com/centrifugal/centrifuge/internal/dissolve.(*Dissolver).Run in goroutine 33524
	/home/mariell/go/pkg/mod/github.com/centrifugal/centrifuge@v0.33.3/internal/dissolve/dissolve.go:31 +0x25

goroutine 27019 [sync.Cond.Wait]:
sync.runtime_notifyListWait(0xc00d5304d0, 0x18)
	/usr/lib/go/src/runtime/sema.go:597 +0x159
sync.(*Cond).Wait(0x0?)
	/usr/lib/go/src/sync/cond.go:71 +0x85
github.com/centrifugal/centrifuge/internal/dissolve.(*queueImpl).Wait(0xc00dc00930)
	/home/mariell/go/pkg/mod/github.com/centrifugal/centrifuge@v0.33.3/internal/dissolve/queue.go:139 +0x4a
github.com/centrifugal/centrifuge/internal/dissolve.(*Dissolver).runWorker(0xc0128109a8)
	/home/mariell/go/pkg/mod/github.com/centrifugal/centrifuge@v0.33.3/internal/dissolve/dissolve.go:52 +0x27
created by github.com/centrifugal/centrifuge/internal/dissolve.(*Dissolver).Run in goroutine 24637
	/home/mariell/go/pkg/mod/github.com/centrifugal/centrifuge@v0.33.3/internal/dissolve/dissolve.go:31 +0x25

goroutine 40570 [sync.Cond.Wait]:
sync.runtime_notifyListWait(0xc0228a0b10, 0x24)
	/usr/lib/go/src/runtime/sema.go:597 +0x159
sync.(*Cond).Wait(0x1?)
	/usr/lib/go/src/sync/cond.go:71 +0x85
github.com/centrifugal/centrifuge/internal/dissolve.(*queueImpl).Wait(0xc0228cc690)
	/home/mariell/go/pkg/mod/github.com/centrifugal/centrifuge@v0.33.3/internal/dissolve/queue.go:139 +0x4a
github.com/centrifugal/centrifuge/internal/dissolve.(*Dissolver).runWorker(0xc015fedd58)
	/home/mariell/go/pkg/mod/github.com/centrifugal/centrifuge@v0.33.3/internal/dissolve/dissolve.go:52 +0x27
created by github.com/centrifugal/centrifuge/internal/dissolve.(*Dissolver).Run in goroutine 36287
	/home/mariell/go/pkg/mod/github.com/centrifugal/centrifuge@v0.33.3/internal/dissolve/dissolve.go:31 +0x25

goroutine 72589 [select]:
github.com/patrickmn/go-cache.(*janitor).Run(0xc012ffdf10, 0xc01f521680)
	/home/mariell/go/pkg/mod/github.com/patrickmn/go-cache@v2.1.0+incompatible/cache.go:1079 +0x7b
created by github.com/patrickmn/go-cache.runJanitor in goroutine 56144
	/home/mariell/go/pkg/mod/github.com/patrickmn/go-cache@v2.1.0+incompatible/cache.go:1099 +0xdb

goroutine 45171 [sync.Cond.Wait]:
sync.runtime_notifyListWait(0xc026bf9c10, 0x20)
	/usr/lib/go/src/runtime/sema.go:597 +0x159
sync.(*Cond).Wait(0xc021251fd0?)
	/usr/lib/go/src/sync/cond.go:71 +0x85
github.com/centrifugal/centrifuge/internal/dissolve.(*queueImpl).Wait(0xc026c14c40)
	/home/mariell/go/pkg/mod/github.com/centrifugal/centrifuge@v0.33.3/internal/dissolve/queue.go:139 +0x4a
github.com/centrifugal/centrifuge/internal/dissolve.(*Dissolver).runWorker(0xc026b0b128)
	/home/mariell/go/pkg/mod/github.com/centrifugal/centrifuge@v0.33.3/internal/dissolve/dissolve.go:52 +0x27
created by github.com/centrifugal/centrifuge/internal/dissolve.(*Dissolver).Run in goroutine 44067
	/home/mariell/go/pkg/mod/github.com/centrifugal/centrifuge@v0.33.3/internal/dissolve/dissolve.go:31 +0x25

goroutine 40540 [sync.Cond.Wait]:
sync.runtime_notifyListWait(0xc0228a0b10, 0x4)
	/usr/lib/go/src/runtime/sema.go:597 +0x159
sync.(*Cond).Wait(0x0?)
	/usr/lib/go/src/sync/cond.go:71 +0x85
github.com/centrifugal/centrifuge/internal/dissolve.(*queueImpl).Wait(0xc0228cc690)
	/home/mariell/go/pkg/mod/github.com/centrifugal/centrifuge@v0.33.3/internal/dissolve/queue.go:139 +0x4a
github.com/centrifugal/centrifuge/internal/dissolve.(*Dissolver).runWorker(0xc015fedd58)
	/home/mariell/go/pkg/mod/github.com/centrifugal/centrifuge@v0.33.3/internal/dissolve/dissolve.go:52 +0x27
created by github.com/centrifugal/centrifuge/internal/dissolve.(*Dissolver).Run in goroutine 36287
	/home/mariell/go/pkg/mod/github.com/centrifugal/centrifuge@v0.33.3/internal/dissolve/dissolve.go:31 +0x25

goroutine 39263 [IO wait]:
internal/poll.runtime_pollWait(0x7775581bc3b8, 0x72)
	/usr/lib/go/src/runtime/netpoll.go:351 +0x85
internal/poll.(*pollDesc).wait(0xc00d1eb000?, 0xc0189b9900?, 0x0)
	/usr/lib/go/src/internal/poll/fd_poll_runtime.go:84 +0x27
internal/poll.(*pollDesc).waitRead(...)
	/usr/lib/go/src/internal/poll/fd_poll_runtime.go:89
internal/poll.(*FD).Read(0xc00d1eb000, {0xc0189b9900, 0x1300, 0x1300})
	/usr/lib/go/src/internal/poll/fd_unix.go:165 +0x27a
net.(*netFD).Read(0xc00d1eb000, {0xc0189b9900?, 0x0?, 0x0?})
	/usr/lib/go/src/net/fd_posix.go:55 +0x25
net.(*conn).Read(0xc003654000, {0xc0189b9900?, 0x7775603e67a0?, 0x7775a8b285c0?})
	/usr/lib/go/src/net/net.go:194 +0x45
crypto/tls.(*atLeastReader).Read(0xc017ecdd58, {0xc0189b9900?, 0xc01bb679b0?, 0x83c1a9?})
	/usr/lib/go/src/crypto/tls/conn.go:809 +0x3b
bytes.(*Buffer).ReadFrom(0xc019a57438, {0xa94e300, 0xc017ecdd58})
	/usr/lib/go/src/bytes/buffer.go:211 +0x98
crypto/tls.(*Conn).readFromUntil(0xc019a57188, {0xa94dc00, 0xc003654000}, 0x444af4?)
	/usr/lib/go/src/crypto/tls/conn.go:831 +0xde
crypto/tls.(*Conn).readRecordOrCCS(0xc019a57188, 0x0)
	/usr/lib/go/src/crypto/tls/conn.go:629 +0x3cf
crypto/tls.(*Conn).readRecord(...)
	/usr/lib/go/src/crypto/tls/conn.go:591
crypto/tls.(*Conn).Read(0xc019a57188, {0xc00c1d2000, 0x1000, 0x7775a8b285c0?})
	/usr/lib/go/src/crypto/tls/conn.go:1385 +0x145
net/http.(*persistConn).Read(0xc0046a4240, {0xc00c1d2000?, 0x4141c5?, 0x68?})
	/usr/lib/go/src/net/http/transport.go:2122 +0x47
bufio.(*Reader).fill(0xc01a82de60)
	/usr/lib/go/src/bufio/bufio.go:113 +0x103
bufio.(*Reader).Peek(0xc01a82de60, 0x1)
	/usr/lib/go/src/bufio/bufio.go:152 +0x53
net/http.(*persistConn).readLoop(0xc0046a4240)
	/usr/lib/go/src/net/http/transport.go:2275 +0x172
created by net/http.(*Transport).dialConn in goroutine 37877
	/usr/lib/go/src/net/http/transport.go:1944 +0x174f

goroutine 27051 [sync.Cond.Wait]:
sync.runtime_notifyListWait(0xc00d5304d0, 0x2c)
	/usr/lib/go/src/runtime/sema.go:597 +0x159
sync.(*Cond).Wait(0x0?)
	/usr/lib/go/src/sync/cond.go:71 +0x85
github.com/centrifugal/centrifuge/internal/dissolve.(*queueImpl).Wait(0xc00dc00930)
	/home/mariell/go/pkg/mod/github.com/centrifugal/centrifuge@v0.33.3/internal/dissolve/queue.go:139 +0x4a
github.com/centrifugal/centrifuge/internal/dissolve.(*Dissolver).runWorker(0xc0128109a8)
	/home/mariell/go/pkg/mod/github.com/centrifugal/centrifuge@v0.33.3/internal/dissolve/dissolve.go:52 +0x27
created by github.com/centrifugal/centrifuge/internal/dissolve.(*Dissolver).Run in goroutine 24637
	/home/mariell/go/pkg/mod/github.com/centrifugal/centrifuge@v0.33.3/internal/dissolve/dissolve.go:31 +0x25

goroutine 30086 [sync.Cond.Wait]:
sync.runtime_notifyListWait(0xc0029f6450, 0x14)
	/usr/lib/go/src/runtime/sema.go:597 +0x159
sync.(*Cond).Wait(0x0?)
	/usr/lib/go/src/sync/cond.go:71 +0x85
github.com/centrifugal/centrifuge/internal/dissolve.(*queueImpl).Wait(0xc00ccdc000)
	/home/mariell/go/pkg/mod/github.com/centrifugal/centrifuge@v0.33.3/internal/dissolve/queue.go:139 +0x4a
github.com/centrifugal/centrifuge/internal/dissolve.(*Dissolver).runWorker(0xc00e0b3c50)
	/home/mariell/go/pkg/mod/github.com/centrifugal/centrifuge@v0.33.3/internal/dissolve/dissolve.go:52 +0x27
created by github.com/centrifugal/centrifuge/internal/dissolve.(*Dissolver).Run in goroutine 28801
	/home/mariell/go/pkg/mod/github.com/centrifugal/centrifuge@v0.33.3/internal/dissolve/dissolve.go:31 +0x25

goroutine 30080 [sync.Cond.Wait]:
sync.runtime_notifyListWait(0xc0029f6450, 0xe)
	/usr/lib/go/src/runtime/sema.go:597 +0x159
sync.(*Cond).Wait(0x0?)
	/usr/lib/go/src/sync/cond.go:71 +0x85
github.com/centrifugal/centrifuge/internal/dissolve.(*queueImpl).Wait(0xc00ccdc000)
	/home/mariell/go/pkg/mod/github.com/centrifugal/centrifuge@v0.33.3/internal/dissolve/queue.go:139 +0x4a
github.com/centrifugal/centrifuge/internal/dissolve.(*Dissolver).runWorker(0xc00e0b3c50)
	/home/mariell/go/pkg/mod/github.com/centrifugal/centrifuge@v0.33.3/internal/dissolve/dissolve.go:52 +0x27
created by github.com/centrifugal/centrifuge/internal/dissolve.(*Dissolver).Run in goroutine 28801
	/home/mariell/go/pkg/mod/github.com/centrifugal/centrifuge@v0.33.3/internal/dissolve/dissolve.go:31 +0x25

goroutine 32012 [select]:
k8s.io/apimachinery/pkg/util/wait.BackoffUntil(0xc00679e380, {0xa95ac00, 0xc01375a090}, 0x1, 0xc011583ea0)
	/home/mariell/go/pkg/mod/k8s.io/apimachinery@v0.32.1/pkg/util/wait/backoff.go:238 +0x12c
k8s.io/apimachinery/pkg/util/wait.JitterUntil(0xc00679e380, 0x3b9aca00, 0x3ff3333333333333, 0x1, 0xc011583ea0)
	/home/mariell/go/pkg/mod/k8s.io/apimachinery@v0.32.1/pkg/util/wait/backoff.go:204 +0x7f
created by k8s.io/apiserver/pkg/registry/generic/registry.(*Store).startObservingCount in goroutine 30401
	/home/mariell/go/pkg/mod/k8s.io/apiserver@v0.32.1/pkg/registry/generic/registry/store.go:1666 +0x2f9

goroutine 27459 [chan receive (nil chan)]:
k8s.io/apiserver/pkg/server.preparedGenericAPIServer.RunWithContext.func5()
	/home/mariell/go/pkg/mod/k8s.io/apiserver@v0.32.1/pkg/server/genericapiserver.go:598 +0x37
created by k8s.io/apiserver/pkg/server.preparedGenericAPIServer.RunWithContext in goroutine 27404
	/home/mariell/go/pkg/mod/k8s.io/apiserver@v0.32.1/pkg/server/genericapiserver.go:597 +0x60b

goroutine 51290 [sync.Cond.Wait]:
sync.runtime_notifyListWait(0xc01afe9210, 0x2e)
	/usr/lib/go/src/runtime/sema.go:597 +0x159
sync.(*Cond).Wait(0xc0161f87d0?)
	/usr/lib/go/src/sync/cond.go:71 +0x85
github.com/centrifugal/centrifuge/internal/dissolve.(*queueImpl).Wait(0xc020f245b0)
	/home/mariell/go/pkg/mod/github.com/centrifugal/centrifuge@v0.33.3/internal/dissolve/queue.go:139 +0x4a
github.com/centrifugal/centrifuge/internal/dissolve.(*Dissolver).runWorker(0xc02834aab0)
	/home/mariell/go/pkg/mod/github.com/centrifugal/centrifuge@v0.33.3/internal/dissolve/dissolve.go:52 +0x27
created by github.com/centrifugal/centrifuge/internal/dissolve.(*Dissolver).Run in goroutine 50170
	/home/mariell/go/pkg/mod/github.com/centrifugal/centrifuge@v0.33.3/internal/dissolve/dissolve.go:31 +0x25

goroutine 48659 [IO wait]:
internal/poll.runtime_pollWait(0x777550274be8, 0x72)
	/usr/lib/go/src/runtime/netpoll.go:351 +0x85
internal/poll.(*pollDesc).wait(0xc01e681200?, 0xc016562000?, 0x0)
	/usr/lib/go/src/internal/poll/fd_poll_runtime.go:84 +0x27
internal/poll.(*pollDesc).waitRead(...)
	/usr/lib/go/src/internal/poll/fd_poll_runtime.go:89
internal/poll.(*FD).Read(0xc01e681200, {0xc016562000, 0xa000, 0xa000})
	/usr/lib/go/src/internal/poll/fd_unix.go:165 +0x27a
net.(*netFD).Read(0xc01e681200, {0xc016562000?, 0xc016562000?, 0x5?})
	/usr/lib/go/src/net/fd_posix.go:55 +0x25
net.(*conn).Read(0xc0088a6388, {0xc016562000?, 0x7775591762e0?, 0x7775a8b29d58?})
	/usr/lib/go/src/net/net.go:194 +0x45
crypto/tls.(*atLeastReader).Read(0xc0131e4f78, {0xc016562000?, 0x9ffb?, 0x4000000000?})
	/usr/lib/go/src/crypto/tls/conn.go:809 +0x3b
bytes.(*Buffer).ReadFrom(0xc00ba06638, {0xa94e300, 0xc0131e4f78})
	/usr/lib/go/src/bytes/buffer.go:211 +0x98
crypto/tls.(*Conn).readFromUntil(0xc00ba06388, {0xa94dc00, 0xc0088a6388}, 0x444af4?)
	/usr/lib/go/src/crypto/tls/conn.go:831 +0xde
crypto/tls.(*Conn).readRecordOrCCS(0xc00ba06388, 0x0)
	/usr/lib/go/src/crypto/tls/conn.go:629 +0x3cf
crypto/tls.(*Conn).readRecord(...)
	/usr/lib/go/src/crypto/tls/conn.go:591
crypto/tls.(*Conn).Read(0xc00ba06388, {0xc015a01000, 0x1000, 0xc01b3e5920?})
	/usr/lib/go/src/crypto/tls/conn.go:1385 +0x145
net/http.(*persistConn).Read(0xc0275566c0, {0xc015a01000?, 0x81fe45?, 0xa94be80?})
	/usr/lib/go/src/net/http/transport.go:2122 +0x47
bufio.(*Reader).fill(0xc025837980)
	/usr/lib/go/src/bufio/bufio.go:113 +0x103
bufio.(*Reader).Peek(0xc025837980, 0x1)
	/usr/lib/go/src/bufio/bufio.go:152 +0x53
net/http.(*persistConn).readLoop(0xc0275566c0)
	/usr/lib/go/src/net/http/transport.go:2275 +0x172
created by net/http.(*Transport).dialConn in goroutine 47806
	/usr/lib/go/src/net/http/transport.go:1944 +0x174f

goroutine 28548 [sync.Cond.Wait]:
sync.runtime_notifyListWait(0xc0024337d0, 0x0)
	/usr/lib/go/src/runtime/sema.go:597 +0x159
sync.(*Cond).Wait(0x0?)
	/usr/lib/go/src/sync/cond.go:71 +0x85
github.com/centrifugal/centrifuge/internal/dissolve.(*queueImpl).Wait(0xc00d87b1f0)
	/home/mariell/go/pkg/mod/github.com/centrifugal/centrifuge@v0.33.3/internal/dissolve/queue.go:139 +0x4a
github.com/centrifugal/centrifuge/internal/dissolve.(*Dissolver).runWorker(0xc00f90a960)
	/home/mariell/go/pkg/mod/github.com/centrifugal/centrifuge@v0.33.3/internal/dissolve/dissolve.go:52 +0x27
created by github.com/centrifugal/centrifuge/internal/dissolve.(*Dissolver).Run in goroutine 27309
	/home/mariell/go/pkg/mod/github.com/centrifugal/centrifuge@v0.33.3/internal/dissolve/dissolve.go:31 +0x25

goroutine 33127 [sync.Cond.Wait]:
sync.runtime_notifyListWait(0xc019c7fcd0, 0x1e)
	/usr/lib/go/src/runtime/sema.go:597 +0x159
sync.(*Cond).Wait(0x0?)
	/usr/lib/go/src/sync/cond.go:71 +0x85
github.com/centrifugal/centrifuge/internal/dissolve.(*queueImpl).Wait(0xc012092e00)
	/home/mariell/go/pkg/mod/github.com/centrifugal/centrifuge@v0.33.3/internal/dissolve/queue.go:139 +0x4a
github.com/centrifugal/centrifuge/internal/dissolve.(*Dissolver).runWorker(0xc01ba3c438)
	/home/mariell/go/pkg/mod/github.com/centrifugal/centrifuge@v0.33.3/internal/dissolve/dissolve.go:52 +0x27
created by github.com/centrifugal/centrifuge/internal/dissolve.(*Dissolver).Run in goroutine 31996
	/home/mariell/go/pkg/mod/github.com/centrifugal/centrifuge@v0.33.3/internal/dissolve/dissolve.go:31 +0x25

goroutine 31381 [select]:
github.com/patrickmn/go-cache.(*janitor).Run(0xc00ef94220, 0xc0147fa240)
	/home/mariell/go/pkg/mod/github.com/patrickmn/go-cache@v2.1.0+incompatible/cache.go:1079 +0x7b
created by github.com/patrickmn/go-cache.runJanitor in goroutine 30466
	/home/mariell/go/pkg/mod/github.com/patrickmn/go-cache@v2.1.0+incompatible/cache.go:1099 +0xdb

goroutine 27404 [chan receive (nil chan)]:
k8s.io/apiserver/pkg/server.preparedGenericAPIServer.RunWithContext({0x4763455?}, {0xa9d1d00, 0xc00e50c0a0})
	/home/mariell/go/pkg/mod/k8s.io/apiserver@v0.32.1/pkg/server/genericapiserver.go:710 +0x9c5
github.com/grafana/grafana/pkg/services/apiserver.(*service).startCoreServer.func1()
	/home/mariell/work/oss/grafana/pkg/services/apiserver/service.go:448 +0x28
created by github.com/grafana/grafana/pkg/services/apiserver.(*service).startCoreServer in goroutine 24423
	/home/mariell/work/oss/grafana/pkg/services/apiserver/service.go:447 +0x125

goroutine 27303 [select]:
net/http.(*persistConn).writeLoop(0xc004041680)
	/usr/lib/go/src/net/http/transport.go:2590 +0xe7
created by net/http.(*Transport).dialConn in goroutine 26554
	/usr/lib/go/src/net/http/transport.go:1945 +0x17a5

goroutine 27302 [IO wait]:
internal/poll.runtime_pollWait(0x7775581b14f8, 0x72)
	/usr/lib/go/src/runtime/netpoll.go:351 +0x85
internal/poll.(*pollDesc).wait(0xc00e744600?, 0xc00f844000?, 0x0)
	/usr/lib/go/src/internal/poll/fd_poll_runtime.go:84 +0x27
internal/poll.(*pollDesc).waitRead(...)
	/usr/lib/go/src/internal/poll/fd_poll_runtime.go:89
internal/poll.(*FD).Read(0xc00e744600, {0xc00f844000, 0x1300, 0x1300})
	/usr/lib/go/src/internal/poll/fd_unix.go:165 +0x27a
net.(*netFD).Read(0xc00e744600, {0xc00f844000?, 0x0?, 0x0?})
	/usr/lib/go/src/net/fd_posix.go:55 +0x25
net.(*conn).Read(0xc004b2a458, {0xc00f844000?, 0x777558335ff0?, 0x7775a8b28f30?})
	/usr/lib/go/src/net/net.go:194 +0x45
crypto/tls.(*atLeastReader).Read(0xc00f905980, {0xc00f844000?, 0xc00e50b9b0?, 0x83c1a9?})
	/usr/lib/go/src/crypto/tls/conn.go:809 +0x3b
bytes.(*Buffer).ReadFrom(0xc00f2b8638, {0xa94e300, 0xc00f905980})
	/usr/lib/go/src/bytes/buffer.go:211 +0x98
crypto/tls.(*Conn).readFromUntil(0xc00f2b8388, {0xa94dc00, 0xc004b2a458}, 0x444af4?)
	/usr/lib/go/src/crypto/tls/conn.go:831 +0xde
crypto/tls.(*Conn).readRecordOrCCS(0xc00f2b8388, 0x0)
	/usr/lib/go/src/crypto/tls/conn.go:629 +0x3cf
crypto/tls.(*Conn).readRecord(...)
	/usr/lib/go/src/crypto/tls/conn.go:591
crypto/tls.(*Conn).Read(0xc00f2b8388, {0xc00f709000, 0x1000, 0x7775a8b28f30?})
	/usr/lib/go/src/crypto/tls/conn.go:1385 +0x145
net/http.(*persistConn).Read(0xc004041680, {0xc00f709000?, 0x4141c5?, 0x68?})
	/usr/lib/go/src/net/http/transport.go:2122 +0x47
bufio.(*Reader).fill(0xc014893e60)
	/usr/lib/go/src/bufio/bufio.go:113 +0x103
bufio.(*Reader).Peek(0xc014893e60, 0x1)
	/usr/lib/go/src/bufio/bufio.go:152 +0x53
net/http.(*persistConn).readLoop(0xc004041680)
	/usr/lib/go/src/net/http/transport.go:2275 +0x172
created by net/http.(*Transport).dialConn in goroutine 26554
	/usr/lib/go/src/net/http/transport.go:1944 +0x174f

goroutine 24425 [select]:
net/http.(*persistConn).writeLoop(0xc0040418c0)
	/usr/lib/go/src/net/http/transport.go:2590 +0xe7
created by net/http.(*Transport).dialConn in goroutine 27270
	/usr/lib/go/src/net/http/transport.go:1945 +0x17a5

goroutine 33112 [sync.Cond.Wait]:
sync.runtime_notifyListWait(0xc019c7fcd0, 0x9)
	/usr/lib/go/src/runtime/sema.go:597 +0x159
sync.(*Cond).Wait(0x0?)
	/usr/lib/go/src/sync/cond.go:71 +0x85
github.com/centrifugal/centrifuge/internal/dissolve.(*queueImpl).Wait(0xc012092e00)
	/home/mariell/go/pkg/mod/github.com/centrifugal/centrifuge@v0.33.3/internal/dissolve/queue.go:139 +0x4a
github.com/centrifugal/centrifuge/internal/dissolve.(*Dissolver).runWorker(0xc01ba3c438)
	/home/mariell/go/pkg/mod/github.com/centrifugal/centrifuge@v0.33.3/internal/dissolve/dissolve.go:52 +0x27
created by github.com/centrifugal/centrifuge/internal/dissolve.(*Dissolver).Run in goroutine 31996
	/home/mariell/go/pkg/mod/github.com/centrifugal/centrifuge@v0.33.3/internal/dissolve/dissolve.go:31 +0x25

goroutine 45154 [sync.Cond.Wait]:
sync.runtime_notifyListWait(0xc026bf9c10, 0xf)
	/usr/lib/go/src/runtime/sema.go:597 +0x159
sync.(*Cond).Wait(0x0?)
	/usr/lib/go/src/sync/cond.go:71 +0x85
github.com/centrifugal/centrifuge/internal/dissolve.(*queueImpl).Wait(0xc026c14c40)
	/home/mariell/go/pkg/mod/github.com/centrifugal/centrifuge@v0.33.3/internal/dissolve/queue.go:139 +0x4a
github.com/centrifugal/centrifuge/internal/dissolve.(*Dissolver).runWorker(0xc026b0b128)
	/home/mariell/go/pkg/mod/github.com/centrifugal/centrifuge@v0.33.3/internal/dissolve/dissolve.go:52 +0x27
created by github.com/centrifugal/centrifuge/internal/dissolve.(*Dissolver).Run in goroutine 44067
	/home/mariell/go/pkg/mod/github.com/centrifugal/centrifuge@v0.33.3/internal/dissolve/dissolve.go:31 +0x25

goroutine 30101 [sync.Cond.Wait]:
sync.runtime_notifyListWait(0xc0029f6450, 0x21)
	/usr/lib/go/src/runtime/sema.go:597 +0x159
sync.(*Cond).Wait(0xc014745fd0?)
	/usr/lib/go/src/sync/cond.go:71 +0x85
github.com/centrifugal/centrifuge/internal/dissolve.(*queueImpl).Wait(0xc00ccdc000)
	/home/mariell/go/pkg/mod/github.com/centrifugal/centrifuge@v0.33.3/internal/dissolve/queue.go:139 +0x4a
github.com/centrifugal/centrifuge/internal/dissolve.(*Dissolver).runWorker(0xc00e0b3c50)
	/home/mariell/go/pkg/mod/github.com/centrifugal/centrifuge@v0.33.3/internal/dissolve/dissolve.go:52 +0x27
created by github.com/centrifugal/centrifuge/internal/dissolve.(*Dissolver).Run in goroutine 28801
	/home/mariell/go/pkg/mod/github.com/centrifugal/centrifuge@v0.33.3/internal/dissolve/dissolve.go:31 +0x25

goroutine 30102 [sync.Cond.Wait]:
sync.runtime_notifyListWait(0xc0029f6450, 0x24)
	/usr/lib/go/src/runtime/sema.go:597 +0x159
sync.(*Cond).Wait(0x0?)
	/usr/lib/go/src/sync/cond.go:71 +0x85
github.com/centrifugal/centrifuge/internal/dissolve.(*queueImpl).Wait(0xc00ccdc000)
	/home/mariell/go/pkg/mod/github.com/centrifugal/centrifuge@v0.33.3/internal/dissolve/queue.go:139 +0x4a
github.com/centrifugal/centrifuge/internal/dissolve.(*Dissolver).runWorker(0xc00e0b3c50)
	/home/mariell/go/pkg/mod/github.com/centrifugal/centrifuge@v0.33.3/internal/dissolve/dissolve.go:52 +0x27
created by github.com/centrifugal/centrifuge/internal/dissolve.(*Dissolver).Run in goroutine 28801
	/home/mariell/go/pkg/mod/github.com/centrifugal/centrifuge@v0.33.3/internal/dissolve/dissolve.go:31 +0x25

goroutine 46706 [sync.Cond.Wait]:
sync.runtime_notifyListWait(0xc016303990, 0x12)
	/usr/lib/go/src/runtime/sema.go:597 +0x159
sync.(*Cond).Wait(0xc021738fd0?)
	/usr/lib/go/src/sync/cond.go:71 +0x85
github.com/centrifugal/centrifuge/internal/dissolve.(*queueImpl).Wait(0xc020154850)
	/home/mariell/go/pkg/mod/github.com/centrifugal/centrifuge@v0.33.3/internal/dissolve/queue.go:139 +0x4a
github.com/centrifugal/centrifuge/internal/dissolve.(*Dissolver).runWorker(0xc00b4e8b40)
	/home/mariell/go/pkg/mod/github.com/centrifugal/centrifuge@v0.33.3/internal/dissolve/dissolve.go:52 +0x27
created by github.com/centrifugal/centrifuge/internal/dissolve.(*Dissolver).Run in goroutine 45402
	/home/mariell/go/pkg/mod/github.com/centrifugal/centrifuge@v0.33.3/internal/dissolve/dissolve.go:31 +0x25

goroutine 30118 [sync.Cond.Wait]:
sync.runtime_notifyListWait(0xc0029f6450, 0x2d)
	/usr/lib/go/src/runtime/sema.go:597 +0x159
sync.(*Cond).Wait(0x0?)
	/usr/lib/go/src/sync/cond.go:71 +0x85
github.com/centrifugal/centrifuge/internal/dissolve.(*queueImpl).Wait(0xc00ccdc000)
	/home/mariell/go/pkg/mod/github.com/centrifugal/centrifuge@v0.33.3/internal/dissolve/queue.go:139 +0x4a
github.com/centrifugal/centrifuge/internal/dissolve.(*Dissolver).runWorker(0xc00e0b3c50)
	/home/mariell/go/pkg/mod/github.com/centrifugal/centrifuge@v0.33.3/internal/dissolve/dissolve.go:52 +0x27
created by github.com/centrifugal/centrifuge/internal/dissolve.(*Dissolver).Run in goroutine 28801
	/home/mariell/go/pkg/mod/github.com/centrifugal/centrifuge@v0.33.3/internal/dissolve/dissolve.go:31 +0x25

goroutine 51322 [sync.Cond.Wait]:
sync.runtime_notifyListWait(0xc01afe9210, 0x21)
	/usr/lib/go/src/runtime/sema.go:597 +0x159
sync.(*Cond).Wait(0x0?)
	/usr/lib/go/src/sync/cond.go:71 +0x85
github.com/centrifugal/centrifuge/internal/dissolve.(*queueImpl).Wait(0xc020f245b0)
	/home/mariell/go/pkg/mod/github.com/centrifugal/centrifuge@v0.33.3/internal/dissolve/queue.go:139 +0x4a
github.com/centrifugal/centrifuge/internal/dissolve.(*Dissolver).runWorker(0xc02834aab0)
	/home/mariell/go/pkg/mod/github.com/centrifugal/centrifuge@v0.33.3/internal/dissolve/dissolve.go:52 +0x27
created by github.com/centrifugal/centrifuge/internal/dissolve.(*Dissolver).Run in goroutine 50170
	/home/mariell/go/pkg/mod/github.com/centrifugal/centrifuge@v0.33.3/internal/dissolve/dissolve.go:31 +0x25

goroutine 26860 [select]:
github.com/patrickmn/go-cache.(*janitor).Run(0xc00e23ac40, 0xc014806300)
	/home/mariell/go/pkg/mod/github.com/patrickmn/go-cache@v2.1.0+incompatible/cache.go:1079 +0x7b
created by github.com/patrickmn/go-cache.runJanitor in goroutine 24637
	/home/mariell/go/pkg/mod/github.com/patrickmn/go-cache@v2.1.0+incompatible/cache.go:1099 +0xdb

goroutine 28543 [sync.Cond.Wait]:
sync.runtime_notifyListWait(0xc0024337d0, 0x2)
	/usr/lib/go/src/runtime/sema.go:597 +0x159
sync.(*Cond).Wait(0xc0146bd7d0?)
	/usr/lib/go/src/sync/cond.go:71 +0x85
github.com/centrifugal/centrifuge/internal/dissolve.(*queueImpl).Wait(0xc00d87b1f0)
	/home/mariell/go/pkg/mod/github.com/centrifugal/centrifuge@v0.33.3/internal/dissolve/queue.go:139 +0x4a
github.com/centrifugal/centrifuge/internal/dissolve.(*Dissolver).runWorker(0xc00f90a960)
	/home/mariell/go/pkg/mod/github.com/centrifugal/centrifuge@v0.33.3/internal/dissolve/dissolve.go:52 +0x27
created by github.com/centrifugal/centrifuge/internal/dissolve.(*Dissolver).Run in goroutine 27309
	/home/mariell/go/pkg/mod/github.com/centrifugal/centrifuge@v0.33.3/internal/dissolve/dissolve.go:31 +0x25

goroutine 39259 [IO wait]:
internal/poll.runtime_pollWait(0x7775581bc5e8, 0x72)
	/usr/lib/go/src/runtime/netpoll.go:351 +0x85
internal/poll.(*pollDesc).wait(0xc00cd6bf00?, 0xc01fdb2c00?, 0x0)
	/usr/lib/go/src/internal/poll/fd_poll_runtime.go:84 +0x27
internal/poll.(*pollDesc).waitRead(...)
	/usr/lib/go/src/internal/poll/fd_poll_runtime.go:89
internal/poll.(*FD).Read(0xc00cd6bf00, {0xc01fdb2c00, 0x1300, 0x1300})
	/usr/lib/go/src/internal/poll/fd_unix.go:165 +0x27a
net.(*netFD).Read(0xc00cd6bf00, {0xc01fdb2c00?, 0xc01fdb2c00?, 0x5?})
	/usr/lib/go/src/net/fd_posix.go:55 +0x25
net.(*conn).Read(0xc0161f6a10, {0xc01fdb2c00?, 0x77755820a588?, 0x7775a8b2b9a8?})
	/usr/lib/go/src/net/net.go:194 +0x45
crypto/tls.(*atLeastReader).Read(0xc0124403f0, {0xc01fdb2c00?, 0x12fb?, 0xc00c4109c8?})
	/usr/lib/go/src/crypto/tls/conn.go:809 +0x3b
bytes.(*Buffer).ReadFrom(0xc007028638, {0xa94e300, 0xc0124403f0})
	/usr/lib/go/src/bytes/buffer.go:211 +0x98
crypto/tls.(*Conn).readFromUntil(0xc007028388, {0xa94dc00, 0xc0161f6a10}, 0x444af4?)
	/usr/lib/go/src/crypto/tls/conn.go:831 +0xde
crypto/tls.(*Conn).readRecordOrCCS(0xc007028388, 0x0)
	/usr/lib/go/src/crypto/tls/conn.go:629 +0x3cf
crypto/tls.(*Conn).readRecord(...)
	/usr/lib/go/src/crypto/tls/conn.go:591
crypto/tls.(*Conn).Read(0xc007028388, {0xc00c1cc000, 0x1000, 0xc011e4ed80?})
	/usr/lib/go/src/crypto/tls/conn.go:1385 +0x145
net/http.(*persistConn).Read(0xc0063eaea0, {0xc00c1cc000?, 0x81fe45?, 0xa94be80?})
	/usr/lib/go/src/net/http/transport.go:2122 +0x47
bufio.(*Reader).fill(0xc01b0adbc0)
	/usr/lib/go/src/bufio/bufio.go:113 +0x103
bufio.(*Reader).Peek(0xc01b0adbc0, 0x1)
	/usr/lib/go/src/bufio/bufio.go:152 +0x53
net/http.(*persistConn).readLoop(0xc0063eaea0)
	/usr/lib/go/src/net/http/transport.go:2275 +0x172
created by net/http.(*Transport).dialConn in goroutine 39249
	/usr/lib/go/src/net/http/transport.go:1944 +0x174f

goroutine 30100 [sync.Cond.Wait]:
sync.runtime_notifyListWait(0xc0029f6450, 0x1f)
	/usr/lib/go/src/runtime/sema.go:597 +0x159
sync.(*Cond).Wait(0x0?)
	/usr/lib/go/src/sync/cond.go:71 +0x85
github.com/centrifugal/centrifuge/internal/dissolve.(*queueImpl).Wait(0xc00ccdc000)
	/home/mariell/go/pkg/mod/github.com/centrifugal/centrifuge@v0.33.3/internal/dissolve/queue.go:139 +0x4a
github.com/centrifugal/centrifuge/internal/dissolve.(*Dissolver).runWorker(0xc00e0b3c50)
	/home/mariell/go/pkg/mod/github.com/centrifugal/centrifuge@v0.33.3/internal/dissolve/dissolve.go:52 +0x27
created by github.com/centrifugal/centrifuge/internal/dissolve.(*Dissolver).Run in goroutine 28801
	/home/mariell/go/pkg/mod/github.com/centrifugal/centrifuge@v0.33.3/internal/dissolve/dissolve.go:31 +0x25

goroutine 30110 [sync.Cond.Wait]:
sync.runtime_notifyListWait(0xc0029f6450, 0x33)
	/usr/lib/go/src/runtime/sema.go:597 +0x159
sync.(*Cond).Wait(0x0?)
	/usr/lib/go/src/sync/cond.go:71 +0x85
github.com/centrifugal/centrifuge/internal/dissolve.(*queueImpl).Wait(0xc00ccdc000)
	/home/mariell/go/pkg/mod/github.com/centrifugal/centrifuge@v0.33.3/internal/dissolve/queue.go:139 +0x4a
github.com/centrifugal/centrifuge/internal/dissolve.(*Dissolver).runWorker(0xc00e0b3c50)
	/home/mariell/go/pkg/mod/github.com/centrifugal/centrifuge@v0.33.3/internal/dissolve/dissolve.go:52 +0x27
created by github.com/centrifugal/centrifuge/internal/dissolve.(*Dissolver).Run in goroutine 28801
	/home/mariell/go/pkg/mod/github.com/centrifugal/centrifuge@v0.33.3/internal/dissolve/dissolve.go:31 +0x25

goroutine 30109 [sync.Cond.Wait]:
sync.runtime_notifyListWait(0xc0029f6450, 0x31)
	/usr/lib/go/src/runtime/sema.go:597 +0x159
sync.(*Cond).Wait(0xc0147437d0?)
	/usr/lib/go/src/sync/cond.go:71 +0x85
github.com/centrifugal/centrifuge/internal/dissolve.(*queueImpl).Wait(0xc00ccdc000)
	/home/mariell/go/pkg/mod/github.com/centrifugal/centrifuge@v0.33.3/internal/dissolve/queue.go:139 +0x4a
github.com/centrifugal/centrifuge/internal/dissolve.(*Dissolver).runWorker(0xc00e0b3c50)
	/home/mariell/go/pkg/mod/github.com/centrifugal/centrifuge@v0.33.3/internal/dissolve/dissolve.go:52 +0x27
created by github.com/centrifugal/centrifuge/internal/dissolve.(*Dissolver).Run in goroutine 28801
	/home/mariell/go/pkg/mod/github.com/centrifugal/centrifuge@v0.33.3/internal/dissolve/dissolve.go:31 +0x25

goroutine 30099 [sync.Cond.Wait]:
sync.runtime_notifyListWait(0xc0029f6450, 0x1d)
	/usr/lib/go/src/runtime/sema.go:597 +0x159
sync.(*Cond).Wait(0x0?)
	/usr/lib/go/src/sync/cond.go:71 +0x85
github.com/centrifugal/centrifuge/internal/dissolve.(*queueImpl).Wait(0xc00ccdc000)
	/home/mariell/go/pkg/mod/github.com/centrifugal/centrifuge@v0.33.3/internal/dissolve/queue.go:139 +0x4a
github.com/centrifugal/centrifuge/internal/dissolve.(*Dissolver).runWorker(0xc00e0b3c50)
	/home/mariell/go/pkg/mod/github.com/centrifugal/centrifuge@v0.33.3/internal/dissolve/dissolve.go:52 +0x27
created by github.com/centrifugal/centrifuge/internal/dissolve.(*Dissolver).Run in goroutine 28801
	/home/mariell/go/pkg/mod/github.com/centrifugal/centrifuge@v0.33.3/internal/dissolve/dissolve.go:31 +0x25

goroutine 30114 [sync.Cond.Wait]:
sync.runtime_notifyListWait(0xc0029f6450, 0x1a)
	/usr/lib/go/src/runtime/sema.go:597 +0x159
sync.(*Cond).Wait(0x0?)
	/usr/lib/go/src/sync/cond.go:71 +0x85
github.com/centrifugal/centrifuge/internal/dissolve.(*queueImpl).Wait(0xc00ccdc000)
	/home/mariell/go/pkg/mod/github.com/centrifugal/centrifuge@v0.33.3/internal/dissolve/queue.go:139 +0x4a
github.com/centrifugal/centrifuge/internal/dissolve.(*Dissolver).runWorker(0xc00e0b3c50)
	/home/mariell/go/pkg/mod/github.com/centrifugal/centrifuge@v0.33.3/internal/dissolve/dissolve.go:52 +0x27
created by github.com/centrifugal/centrifuge/internal/dissolve.(*Dissolver).Run in goroutine 28801
	/home/mariell/go/pkg/mod/github.com/centrifugal/centrifuge@v0.33.3/internal/dissolve/dissolve.go:31 +0x25

goroutine 77349 [sync.Cond.Wait]:
sync.runtime_notifyListWait(0xc045ae3d50, 0x1f)
	/usr/lib/go/src/runtime/sema.go:597 +0x159
sync.(*Cond).Wait(0xc021252fd0?)
	/usr/lib/go/src/sync/cond.go:71 +0x85
github.com/centrifugal/centrifuge/internal/dissolve.(*queueImpl).Wait(0xc045afb420)
	/home/mariell/go/pkg/mod/github.com/centrifugal/centrifuge@v0.33.3/internal/dissolve/queue.go:139 +0x4a
github.com/centrifugal/centrifuge/internal/dissolve.(*Dissolver).runWorker(0xc034b3a078)
	/home/mariell/go/pkg/mod/github.com/centrifugal/centrifuge@v0.33.3/internal/dissolve/dissolve.go:52 +0x27
created by github.com/centrifugal/centrifuge/internal/dissolve.(*Dissolver).Run in goroutine 4437
	/home/mariell/go/pkg/mod/github.com/centrifugal/centrifuge@v0.33.3/internal/dissolve/dissolve.go:31 +0x25

goroutine 45144 [sync.Cond.Wait]:
sync.runtime_notifyListWait(0xc026bf9c10, 0x5)
	/usr/lib/go/src/runtime/sema.go:597 +0x159
sync.(*Cond).Wait(0x0?)
	/usr/lib/go/src/sync/cond.go:71 +0x85
github.com/centrifugal/centrifuge/internal/dissolve.(*queueImpl).Wait(0xc026c14c40)
	/home/mariell/go/pkg/mod/github.com/centrifugal/centrifuge@v0.33.3/internal/dissolve/queue.go:139 +0x4a
github.com/centrifugal/centrifuge/internal/dissolve.(*Dissolver).runWorker(0xc026b0b128)
	/home/mariell/go/pkg/mod/github.com/centrifugal/centrifuge@v0.33.3/internal/dissolve/dissolve.go:52 +0x27
created by github.com/centrifugal/centrifuge/internal/dissolve.(*Dissolver).Run in goroutine 44067
	/home/mariell/go/pkg/mod/github.com/centrifugal/centrifuge@v0.33.3/internal/dissolve/dissolve.go:31 +0x25

goroutine 28946 [chan receive]:
github.com/grafana/grafana/pkg/storage/unified/resource.(*server).initWatcher.func1.1()
	/home/mariell/work/oss/grafana/pkg/storage/unified/resource/server.go:922 +0x58
created by github.com/grafana/grafana/pkg/storage/unified/resource.(*server).initWatcher.func1 in goroutine 28838
	/home/mariell/work/oss/grafana/pkg/storage/unified/resource/server.go:921 +0xaa

goroutine 45121 [select]:
github.com/centrifugal/centrifuge.(*historyHub).removeStreams(0xc026c03100)
	/home/mariell/go/pkg/mod/github.com/centrifugal/centrifuge@v0.33.3/broker_memory.go:259 +0x6f
created by github.com/centrifugal/centrifuge.(*historyHub).runCleanups in goroutine 44067
	/home/mariell/go/pkg/mod/github.com/centrifugal/centrifuge@v0.33.3/broker_memory.go:253 +0x96

goroutine 33122 [sync.Cond.Wait]:
sync.runtime_notifyListWait(0xc019c7fcd0, 0x13)
	/usr/lib/go/src/runtime/sema.go:597 +0x159
sync.(*Cond).Wait(0x0?)
	/usr/lib/go/src/sync/cond.go:71 +0x85
github.com/centrifugal/centrifuge/internal/dissolve.(*queueImpl).Wait(0xc012092e00)
	/home/mariell/go/pkg/mod/github.com/centrifugal/centrifuge@v0.33.3/internal/dissolve/queue.go:139 +0x4a
github.com/centrifugal/centrifuge/internal/dissolve.(*Dissolver).runWorker(0xc01ba3c438)
	/home/mariell/go/pkg/mod/github.com/centrifugal/centrifuge@v0.33.3/internal/dissolve/dissolve.go:52 +0x27
created by github.com/centrifugal/centrifuge/internal/dissolve.(*Dissolver).Run in goroutine 31996
	/home/mariell/go/pkg/mod/github.com/centrifugal/centrifuge@v0.33.3/internal/dissolve/dissolve.go:31 +0x25

goroutine 30075 [sync.Cond.Wait]:
sync.runtime_notifyListWait(0xc0029f6450, 0x9)
	/usr/lib/go/src/runtime/sema.go:597 +0x159
sync.(*Cond).Wait(0xc014741fd0?)
	/usr/lib/go/src/sync/cond.go:71 +0x85
github.com/centrifugal/centrifuge/internal/dissolve.(*queueImpl).Wait(0xc00ccdc000)
	/home/mariell/go/pkg/mod/github.com/centrifugal/centrifuge@v0.33.3/internal/dissolve/queue.go:139 +0x4a
github.com/centrifugal/centrifuge/internal/dissolve.(*Dissolver).runWorker(0xc00e0b3c50)
	/home/mariell/go/pkg/mod/github.com/centrifugal/centrifuge@v0.33.3/internal/dissolve/dissolve.go:52 +0x27
created by github.com/centrifugal/centrifuge/internal/dissolve.(*Dissolver).Run in goroutine 28801
	/home/mariell/go/pkg/mod/github.com/centrifugal/centrifuge@v0.33.3/internal/dissolve/dissolve.go:31 +0x25

goroutine 31549 [sync.Cond.Wait]:
sync.runtime_notifyListWait(0xc012c3ca90, 0x26)
	/usr/lib/go/src/runtime/sema.go:597 +0x159
sync.(*Cond).Wait(0x0?)
	/usr/lib/go/src/sync/cond.go:71 +0x85
github.com/centrifugal/centrifuge/internal/dissolve.(*queueImpl).Wait(0xc00c7c6e00)
	/home/mariell/go/pkg/mod/github.com/centrifugal/centrifuge@v0.33.3/internal/dissolve/queue.go:139 +0x4a
github.com/centrifugal/centrifuge/internal/dissolve.(*Dissolver).runWorker(0xc00e284af8)
	/home/mariell/go/pkg/mod/github.com/centrifugal/centrifuge@v0.33.3/internal/dissolve/dissolve.go:52 +0x27
created by github.com/centrifugal/centrifuge/internal/dissolve.(*Dissolver).Run in goroutine 30466
	/home/mariell/go/pkg/mod/github.com/centrifugal/centrifuge@v0.33.3/internal/dissolve/dissolve.go:31 +0x25

goroutine 46747 [sync.Cond.Wait]:
sync.runtime_notifyListWait(0xc016303990, 0x3d)
	/usr/lib/go/src/runtime/sema.go:597 +0x159
sync.(*Cond).Wait(0x0?)
	/usr/lib/go/src/sync/cond.go:71 +0x85
github.com/centrifugal/centrifuge/internal/dissolve.(*queueImpl).Wait(0xc020154850)
	/home/mariell/go/pkg/mod/github.com/centrifugal/centrifuge@v0.33.3/internal/dissolve/queue.go:139 +0x4a
github.com/centrifugal/centrifuge/internal/dissolve.(*Dissolver).runWorker(0xc00b4e8b40)
	/home/mariell/go/pkg/mod/github.com/centrifugal/centrifuge@v0.33.3/internal/dissolve/dissolve.go:52 +0x27
created by github.com/centrifugal/centrifuge/internal/dissolve.(*Dissolver).Run in goroutine 45402
	/home/mariell/go/pkg/mod/github.com/centrifugal/centrifuge@v0.33.3/internal/dissolve/dissolve.go:31 +0x25

goroutine 54371 [sync.Cond.Wait]:
sync.runtime_notifyListWait(0xc02667f850, 0x26)
	/usr/lib/go/src/runtime/sema.go:597 +0x159
sync.(*Cond).Wait(0x0?)
	/usr/lib/go/src/sync/cond.go:71 +0x85
github.com/centrifugal/centrifuge/internal/dissolve.(*queueImpl).Wait(0xc029e6aa10)
	/home/mariell/go/pkg/mod/github.com/centrifugal/centrifuge@v0.33.3/internal/dissolve/queue.go:139 +0x4a
github.com/centrifugal/centrifuge/internal/dissolve.(*Dissolver).runWorker(0xc015fed548)
	/home/mariell/go/pkg/mod/github.com/centrifugal/centrifuge@v0.33.3/internal/dissolve/dissolve.go:52 +0x27
created by github.com/centrifugal/centrifuge/internal/dissolve.(*Dissolver).Run in goroutine 53243
	/home/mariell/go/pkg/mod/github.com/centrifugal/centrifuge@v0.33.3/internal/dissolve/dissolve.go:31 +0x25

goroutine 32018 [chan receive (nil chan)]:
k8s.io/apiserver/pkg/server.preparedGenericAPIServer.RunWithContext({0x10212da?}, {0xa9d1d00, 0xc00cf920a0})
	/home/mariell/go/pkg/mod/k8s.io/apiserver@v0.32.1/pkg/server/genericapiserver.go:710 +0x9c5
github.com/grafana/grafana/pkg/services/apiserver.(*service).startCoreServer.func1()
	/home/mariell/work/oss/grafana/pkg/services/apiserver/service.go:448 +0x28
created by github.com/grafana/grafana/pkg/services/apiserver.(*service).startCoreServer in goroutine 30401
	/home/mariell/work/oss/grafana/pkg/services/apiserver/service.go:447 +0x125

goroutine 27045 [sync.Cond.Wait]:
sync.runtime_notifyListWait(0xc00d5304d0, 0x21)
	/usr/lib/go/src/runtime/sema.go:597 +0x159
sync.(*Cond).Wait(0x0?)
	/usr/lib/go/src/sync/cond.go:71 +0x85
github.com/centrifugal/centrifuge/internal/dissolve.(*queueImpl).Wait(0xc00dc00930)
	/home/mariell/go/pkg/mod/github.com/centrifugal/centrifuge@v0.33.3/internal/dissolve/queue.go:139 +0x4a
github.com/centrifugal/centrifuge/internal/dissolve.(*Dissolver).runWorker(0xc0128109a8)
	/home/mariell/go/pkg/mod/github.com/centrifugal/centrifuge@v0.33.3/internal/dissolve/dissolve.go:52 +0x27
created by github.com/centrifugal/centrifuge/internal/dissolve.(*Dissolver).Run in goroutine 24637
	/home/mariell/go/pkg/mod/github.com/centrifugal/centrifuge@v0.33.3/internal/dissolve/dissolve.go:31 +0x25

goroutine 27028 [sync.Cond.Wait]:
sync.runtime_notifyListWait(0xc00d5304d0, 0x12)
	/usr/lib/go/src/runtime/sema.go:597 +0x159
sync.(*Cond).Wait(0x0?)
	/usr/lib/go/src/sync/cond.go:71 +0x85
github.com/centrifugal/centrifuge/internal/dissolve.(*queueImpl).Wait(0xc00dc00930)
	/home/mariell/go/pkg/mod/github.com/centrifugal/centrifuge@v0.33.3/internal/dissolve/queue.go:139 +0x4a
github.com/centrifugal/centrifuge/internal/dissolve.(*Dissolver).runWorker(0xc0128109a8)
	/home/mariell/go/pkg/mod/github.com/centrifugal/centrifuge@v0.33.3/internal/dissolve/dissolve.go:52 +0x27
created by github.com/centrifugal/centrifuge/internal/dissolve.(*Dissolver).Run in goroutine 24637
	/home/mariell/go/pkg/mod/github.com/centrifugal/centrifuge@v0.33.3/internal/dissolve/dissolve.go:31 +0x25

goroutine 49764 [sync.Cond.Wait]:
sync.runtime_notifyListWait(0xc028e24c90, 0x2)
	/usr/lib/go/src/runtime/sema.go:597 +0x159
sync.(*Cond).Wait(0xc00990f7d0?)
	/usr/lib/go/src/sync/cond.go:71 +0x85
github.com/centrifugal/centrifuge/internal/dissolve.(*queueImpl).Wait(0xc028e3d810)
	/home/mariell/go/pkg/mod/github.com/centrifugal/centrifuge@v0.33.3/internal/dissolve/queue.go:139 +0x4a
github.com/centrifugal/centrifuge/internal/dissolve.(*Dissolver).runWorker(0xc028d11578)
	/home/mariell/go/pkg/mod/github.com/centrifugal/centrifuge@v0.33.3/internal/dissolve/dissolve.go:52 +0x27
created by github.com/centrifugal/centrifuge/internal/dissolve.(*Dissolver).Run in goroutine 48632
	/home/mariell/go/pkg/mod/github.com/centrifugal/centrifuge@v0.33.3/internal/dissolve/dissolve.go:31 +0x25

goroutine 38906 [select]:
github.com/grafana/grafana/pkg/storage/unified/resource.(*cache[...]).run(0xc018162408)
	/home/mariell/work/oss/grafana/pkg/storage/unified/resource/broadcaster.go:291 +0xb0
created by github.com/grafana/grafana/pkg/storage/unified/resource.newChannelCache[...] in goroutine 37971
	/home/mariell/work/oss/grafana/pkg/storage/unified/resource/broadcaster.go:276 +0x189

goroutine 27046 [sync.Cond.Wait]:
sync.runtime_notifyListWait(0xc00d5304d0, 0x26)
	/usr/lib/go/src/runtime/sema.go:597 +0x159
sync.(*Cond).Wait(0xc01483efd0?)
	/usr/lib/go/src/sync/cond.go:71 +0x85
github.com/centrifugal/centrifuge/internal/dissolve.(*queueImpl).Wait(0xc00dc00930)
	/home/mariell/go/pkg/mod/github.com/centrifugal/centrifuge@v0.33.3/internal/dissolve/queue.go:139 +0x4a
github.com/centrifugal/centrifuge/internal/dissolve.(*Dissolver).runWorker(0xc0128109a8)
	/home/mariell/go/pkg/mod/github.com/centrifugal/centrifuge@v0.33.3/internal/dissolve/dissolve.go:52 +0x27
created by github.com/centrifugal/centrifuge/internal/dissolve.(*Dissolver).Run in goroutine 24637
	/home/mariell/go/pkg/mod/github.com/centrifugal/centrifuge@v0.33.3/internal/dissolve/dissolve.go:31 +0x25

goroutine 27047 [sync.Cond.Wait]:
sync.runtime_notifyListWait(0xc00d5304d0, 0x27)
	/usr/lib/go/src/runtime/sema.go:597 +0x159
sync.(*Cond).Wait(0xc01483e7d0?)
	/usr/lib/go/src/sync/cond.go:71 +0x85
github.com/centrifugal/centrifuge/internal/dissolve.(*queueImpl).Wait(0xc00dc00930)
	/home/mariell/go/pkg/mod/github.com/centrifugal/centrifuge@v0.33.3/internal/dissolve/queue.go:139 +0x4a
github.com/centrifugal/centrifuge/internal/dissolve.(*Dissolver).runWorker(0xc0128109a8)
	/home/mariell/go/pkg/mod/github.com/centrifugal/centrifuge@v0.33.3/internal/dissolve/dissolve.go:52 +0x27
created by github.com/centrifugal/centrifuge/internal/dissolve.(*Dissolver).Run in goroutine 24637
	/home/mariell/go/pkg/mod/github.com/centrifugal/centrifuge@v0.33.3/internal/dissolve/dissolve.go:31 +0x25

goroutine 45142 [sync.Cond.Wait]:
sync.runtime_notifyListWait(0xc026bf9c10, 0x3)
	/usr/lib/go/src/runtime/sema.go:597 +0x159
sync.(*Cond).Wait(0x0?)
	/usr/lib/go/src/sync/cond.go:71 +0x85
github.com/centrifugal/centrifuge/internal/dissolve.(*queueImpl).Wait(0xc026c14c40)
	/home/mariell/go/pkg/mod/github.com/centrifugal/centrifuge@v0.33.3/internal/dissolve/queue.go:139 +0x4a
github.com/centrifugal/centrifuge/internal/dissolve.(*Dissolver).runWorker(0xc026b0b128)
	/home/mariell/go/pkg/mod/github.com/centrifugal/centrifuge@v0.33.3/internal/dissolve/dissolve.go:52 +0x27
created by github.com/centrifugal/centrifuge/internal/dissolve.(*Dissolver).Run in goroutine 44067
	/home/mariell/go/pkg/mod/github.com/centrifugal/centrifuge@v0.33.3/internal/dissolve/dissolve.go:31 +0x25

goroutine 26852 [select]:
github.com/patrickmn/go-cache.(*janitor).Run(0xc0082b1e10, 0xc000a77480)
	/home/mariell/go/pkg/mod/github.com/patrickmn/go-cache@v2.1.0+incompatible/cache.go:1079 +0x7b
created by github.com/patrickmn/go-cache.runJanitor in goroutine 24637
	/home/mariell/go/pkg/mod/github.com/patrickmn/go-cache@v2.1.0+incompatible/cache.go:1099 +0xdb

goroutine 31569 [sync.Cond.Wait]:
sync.runtime_notifyListWait(0xc012c3ca90, 0x9)
	/usr/lib/go/src/runtime/sema.go:597 +0x159
sync.(*Cond).Wait(0x0?)
	/usr/lib/go/src/sync/cond.go:71 +0x85
github.com/centrifugal/centrifuge/internal/dissolve.(*queueImpl).Wait(0xc00c7c6e00)
	/home/mariell/go/pkg/mod/github.com/centrifugal/centrifuge@v0.33.3/internal/dissolve/queue.go:139 +0x4a
github.com/centrifugal/centrifuge/internal/dissolve.(*Dissolver).runWorker(0xc00e284af8)
	/home/mariell/go/pkg/mod/github.com/centrifugal/centrifuge@v0.33.3/internal/dissolve/dissolve.go:52 +0x27
created by github.com/centrifugal/centrifuge/internal/dissolve.(*Dissolver).Run in goroutine 30466
	/home/mariell/go/pkg/mod/github.com/centrifugal/centrifuge@v0.33.3/internal/dissolve/dissolve.go:31 +0x25

goroutine 30472 [select]:
database/sql.(*DB).connectionCleaner(0xc01a83a0d0, 0xc01a83ee00?)
	/usr/lib/go/src/database/sql/sql.go:1104 +0x9c
created by database/sql.(*DB).startCleanerLocked in goroutine 30466
	/usr/lib/go/src/database/sql/sql.go:1091 +0x105

goroutine 28908 [select]:
net/http.(*persistConn).writeLoop(0xc0048aa240)
	/usr/lib/go/src/net/http/transport.go:2590 +0xe7
created by net/http.(*Transport).dialConn in goroutine 27797
	/usr/lib/go/src/net/http/transport.go:1945 +0x17a5

goroutine 31386 [select]:
github.com/patrickmn/go-cache.(*janitor).Run(0xc014680480, 0xc0147fb580)
	/home/mariell/go/pkg/mod/github.com/patrickmn/go-cache@v2.1.0+incompatible/cache.go:1079 +0x7b
created by github.com/patrickmn/go-cache.runJanitor in goroutine 30466
	/home/mariell/go/pkg/mod/github.com/patrickmn/go-cache@v2.1.0+incompatible/cache.go:1099 +0xdb

goroutine 27016 [sync.Cond.Wait]:
sync.runtime_notifyListWait(0xc00d5304d0, 0x11)
	/usr/lib/go/src/runtime/sema.go:597 +0x159
sync.(*Cond).Wait(0x0?)
	/usr/lib/go/src/sync/cond.go:71 +0x85
github.com/centrifugal/centrifuge/internal/dissolve.(*queueImpl).Wait(0xc00dc00930)
	/home/mariell/go/pkg/mod/github.com/centrifugal/centrifuge@v0.33.3/internal/dissolve/queue.go:139 +0x4a
github.com/centrifugal/centrifuge/internal/dissolve.(*Dissolver).runWorker(0xc0128109a8)
	/home/mariell/go/pkg/mod/github.com/centrifugal/centrifuge@v0.33.3/internal/dissolve/dissolve.go:52 +0x27
created by github.com/centrifugal/centrifuge/internal/dissolve.(*Dissolver).Run in goroutine 24637
	/home/mariell/go/pkg/mod/github.com/centrifugal/centrifuge@v0.33.3/internal/dissolve/dissolve.go:31 +0x25

goroutine 30415 [select]:
net/http.(*persistConn).writeLoop(0xc005ac0a20)
	/usr/lib/go/src/net/http/transport.go:2590 +0xe7
created by net/http.(*Transport).dialConn in goroutine 26480
	/usr/lib/go/src/net/http/transport.go:1945 +0x17a5

goroutine 41903 [select]:
github.com/patrickmn/go-cache.(*janitor).Run(0xc015c6ef20, 0xc015fdfd00)
	/home/mariell/go/pkg/mod/github.com/patrickmn/go-cache@v2.1.0+incompatible/cache.go:1079 +0x7b
created by github.com/patrickmn/go-cache.runJanitor in goroutine 40816
	/home/mariell/go/pkg/mod/github.com/patrickmn/go-cache@v2.1.0+incompatible/cache.go:1099 +0xdb

goroutine 30107 [sync.Cond.Wait]:
sync.runtime_notifyListWait(0xc0029f6450, 0x25)
	/usr/lib/go/src/runtime/sema.go:597 +0x159
sync.(*Cond).Wait(0xc01483bfd0?)
	/usr/lib/go/src/sync/cond.go:71 +0x85
github.com/centrifugal/centrifuge/internal/dissolve.(*queueImpl).Wait(0xc00ccdc000)
	/home/mariell/go/pkg/mod/github.com/centrifugal/centrifuge@v0.33.3/internal/dissolve/queue.go:139 +0x4a
github.com/centrifugal/centrifuge/internal/dissolve.(*Dissolver).runWorker(0xc00e0b3c50)
	/home/mariell/go/pkg/mod/github.com/centrifugal/centrifuge@v0.33.3/internal/dissolve/dissolve.go:52 +0x27
created by github.com/centrifugal/centrifuge/internal/dissolve.(*Dissolver).Run in goroutine 28801
	/home/mariell/go/pkg/mod/github.com/centrifugal/centrifuge@v0.33.3/internal/dissolve/dissolve.go:31 +0x25

goroutine 30414 [IO wait]:
internal/poll.runtime_pollWait(0x7775581707f0, 0x72)
	/usr/lib/go/src/runtime/netpoll.go:351 +0x85
internal/poll.(*pollDesc).wait(0xc01be02500?, 0xc01be50000?, 0x0)
	/usr/lib/go/src/internal/poll/fd_poll_runtime.go:84 +0x27
internal/poll.(*pollDesc).waitRead(...)
	/usr/lib/go/src/internal/poll/fd_poll_runtime.go:89
internal/poll.(*FD).Read(0xc01be02500, {0xc01be50000, 0xa000, 0xa000})
	/usr/lib/go/src/internal/poll/fd_unix.go:165 +0x27a
net.(*netFD).Read(0xc01be02500, {0xc01be50000?, 0xc01be50000?, 0x5?})
	/usr/lib/go/src/net/fd_posix.go:55 +0x25
net.(*conn).Read(0xc0030820f0, {0xc01be50000?, 0x77756039abb0?, 0x7775a8b2b4f0?})
	/usr/lib/go/src/net/net.go:194 +0x45
crypto/tls.(*atLeastReader).Read(0xc015c4adf8, {0xc01be50000?, 0x9ffb?, 0xc00f3da998?})
	/usr/lib/go/src/crypto/tls/conn.go:809 +0x3b
bytes.(*Buffer).ReadFrom(0xc01be16d38, {0xa94e300, 0xc015c4adf8})
	/usr/lib/go/src/bytes/buffer.go:211 +0x98
crypto/tls.(*Conn).readFromUntil(0xc01be16a88, {0xa94dc00, 0xc0030820f0}, 0x444af4?)
	/usr/lib/go/src/crypto/tls/conn.go:831 +0xde
crypto/tls.(*Conn).readRecordOrCCS(0xc01be16a88, 0x0)
	/usr/lib/go/src/crypto/tls/conn.go:629 +0x3cf
crypto/tls.(*Conn).readRecord(...)
	/usr/lib/go/src/crypto/tls/conn.go:591
crypto/tls.(*Conn).Read(0xc01be16a88, {0xc00d6fa000, 0x1000, 0xc01383e3f0?})
	/usr/lib/go/src/crypto/tls/conn.go:1385 +0x145
net/http.(*persistConn).Read(0xc005ac0a20, {0xc00d6fa000?, 0x81fe45?, 0xa94be80?})
	/usr/lib/go/src/net/http/transport.go:2122 +0x47
bufio.(*Reader).fill(0xc012fd3680)
	/usr/lib/go/src/bufio/bufio.go:113 +0x103
bufio.(*Reader).Peek(0xc012fd3680, 0x1)
	/usr/lib/go/src/bufio/bufio.go:152 +0x53
net/http.(*persistConn).readLoop(0xc005ac0a20)
	/usr/lib/go/src/net/http/transport.go:2275 +0x172
created by net/http.(*Transport).dialConn in goroutine 26480
	/usr/lib/go/src/net/http/transport.go:1944 +0x174f

goroutine 27015 [sync.Cond.Wait]:
sync.runtime_notifyListWait(0xc00d5304d0, 0x10)
	/usr/lib/go/src/runtime/sema.go:597 +0x159
sync.(*Cond).Wait(0xc01483cfd0?)
	/usr/lib/go/src/sync/cond.go:71 +0x85
github.com/centrifugal/centrifuge/internal/dissolve.(*queueImpl).Wait(0xc00dc00930)
	/home/mariell/go/pkg/mod/github.com/centrifugal/centrifuge@v0.33.3/internal/dissolve/queue.go:139 +0x4a
github.com/centrifugal/centrifuge/internal/dissolve.(*Dissolver).runWorker(0xc0128109a8)
	/home/mariell/go/pkg/mod/github.com/centrifugal/centrifuge@v0.33.3/internal/dissolve/dissolve.go:52 +0x27
created by github.com/centrifugal/centrifuge/internal/dissolve.(*Dissolver).Run in goroutine 24637
	/home/mariell/go/pkg/mod/github.com/centrifugal/centrifuge@v0.33.3/internal/dissolve/dissolve.go:31 +0x25

goroutine 31555 [sync.Cond.Wait]:
sync.runtime_notifyListWait(0xc012c3ca90, 0x20)
	/usr/lib/go/src/runtime/sema.go:597 +0x159
sync.(*Cond).Wait(0x0?)
	/usr/lib/go/src/sync/cond.go:71 +0x85
github.com/centrifugal/centrifuge/internal/dissolve.(*queueImpl).Wait(0xc00c7c6e00)
	/home/mariell/go/pkg/mod/github.com/centrifugal/centrifuge@v0.33.3/internal/dissolve/queue.go:139 +0x4a
github.com/centrifugal/centrifuge/internal/dissolve.(*Dissolver).runWorker(0xc00e284af8)
	/home/mariell/go/pkg/mod/github.com/centrifugal/centrifuge@v0.33.3/internal/dissolve/dissolve.go:52 +0x27
created by github.com/centrifugal/centrifuge/internal/dissolve.(*Dissolver).Run in goroutine 30466
	/home/mariell/go/pkg/mod/github.com/centrifugal/centrifuge@v0.33.3/internal/dissolve/dissolve.go:31 +0x25

goroutine 30098 [sync.Cond.Wait]:
sync.runtime_notifyListWait(0xc0029f6450, 0x1b)
	/usr/lib/go/src/runtime/sema.go:597 +0x159
sync.(*Cond).Wait(0x0?)
	/usr/lib/go/src/sync/cond.go:71 +0x85
github.com/centrifugal/centrifuge/internal/dissolve.(*queueImpl).Wait(0xc00ccdc000)
	/home/mariell/go/pkg/mod/github.com/centrifugal/centrifuge@v0.33.3/internal/dissolve/queue.go:139 +0x4a
github.com/centrifugal/centrifuge/internal/dissolve.(*Dissolver).runWorker(0xc00e0b3c50)
	/home/mariell/go/pkg/mod/github.com/centrifugal/centrifuge@v0.33.3/internal/dissolve/dissolve.go:52 +0x27
created by github.com/centrifugal/centrifuge/internal/dissolve.(*Dissolver).Run in goroutine 28801
	/home/mariell/go/pkg/mod/github.com/centrifugal/centrifuge@v0.33.3/internal/dissolve/dissolve.go:31 +0x25

goroutine 28540 [sync.Cond.Wait]:
sync.runtime_notifyListWait(0xc0024337d0, 0x28)
	/usr/lib/go/src/runtime/sema.go:597 +0x159
sync.(*Cond).Wait(0x0?)
	/usr/lib/go/src/sync/cond.go:71 +0x85
github.com/centrifugal/centrifuge/internal/dissolve.(*queueImpl).Wait(0xc00d87b1f0)
	/home/mariell/go/pkg/mod/github.com/centrifugal/centrifuge@v0.33.3/internal/dissolve/queue.go:139 +0x4a
github.com/centrifugal/centrifuge/internal/dissolve.(*Dissolver).runWorker(0xc00f90a960)
	/home/mariell/go/pkg/mod/github.com/centrifugal/centrifuge@v0.33.3/internal/dissolve/dissolve.go:52 +0x27
created by github.com/centrifugal/centrifuge/internal/dissolve.(*Dissolver).Run in goroutine 27309
	/home/mariell/go/pkg/mod/github.com/centrifugal/centrifuge@v0.33.3/internal/dissolve/dissolve.go:31 +0x25

goroutine 30108 [sync.Cond.Wait]:
sync.runtime_notifyListWait(0xc0029f6450, 0x2f)
	/usr/lib/go/src/runtime/sema.go:597 +0x159
sync.(*Cond).Wait(0x0?)
	/usr/lib/go/src/sync/cond.go:71 +0x85
github.com/centrifugal/centrifuge/internal/dissolve.(*queueImpl).Wait(0xc00ccdc000)
	/home/mariell/go/pkg/mod/github.com/centrifugal/centrifuge@v0.33.3/internal/dissolve/queue.go:139 +0x4a
github.com/centrifugal/centrifuge/internal/dissolve.(*Dissolver).runWorker(0xc00e0b3c50)
	/home/mariell/go/pkg/mod/github.com/centrifugal/centrifuge@v0.33.3/internal/dissolve/dissolve.go:52 +0x27
created by github.com/centrifugal/centrifuge/internal/dissolve.(*Dissolver).Run in goroutine 28801
	/home/mariell/go/pkg/mod/github.com/centrifugal/centrifuge@v0.33.3/internal/dissolve/dissolve.go:31 +0x25

goroutine 26857 [select]:
github.com/patrickmn/go-cache.(*janitor).Run(0xc00e23a990, 0xc0148062c0)
	/home/mariell/go/pkg/mod/github.com/patrickmn/go-cache@v2.1.0+incompatible/cache.go:1079 +0x7b
created by github.com/patrickmn/go-cache.runJanitor in goroutine 24637
	/home/mariell/go/pkg/mod/github.com/patrickmn/go-cache@v2.1.0+incompatible/cache.go:1099 +0xdb

goroutine 27054 [sync.Cond.Wait]:
sync.runtime_notifyListWait(0xc00d5304d0, 0x2f)
	/usr/lib/go/src/runtime/sema.go:597 +0x159
sync.(*Cond).Wait(0x73652e62696c225b?)
	/usr/lib/go/src/sync/cond.go:71 +0x85
github.com/centrifugal/centrifuge/internal/dissolve.(*queueImpl).Wait(0xc00dc00930)
	/home/mariell/go/pkg/mod/github.com/centrifugal/centrifuge@v0.33.3/internal/dissolve/queue.go:139 +0x4a
github.com/centrifugal/centrifuge/internal/dissolve.(*Dissolver).runWorker(0xc0128109a8)
	/home/mariell/go/pkg/mod/github.com/centrifugal/centrifuge@v0.33.3/internal/dissolve/dissolve.go:52 +0x27
created by github.com/centrifugal/centrifuge/internal/dissolve.(*Dissolver).Run in goroutine 24637
	/home/mariell/go/pkg/mod/github.com/centrifugal/centrifuge@v0.33.3/internal/dissolve/dissolve.go:31 +0x25

goroutine 27055 [sync.Cond.Wait]:
sync.runtime_notifyListWait(0xc00d5304d0, 0x30)
	/usr/lib/go/src/runtime/sema.go:597 +0x159
sync.(*Cond).Wait(0x66697b3e3d653d72?)
	/usr/lib/go/src/sync/cond.go:71 +0x85
github.com/centrifugal/centrifuge/internal/dissolve.(*queueImpl).Wait(0xc00dc00930)
	/home/mariell/go/pkg/mod/github.com/centrifugal/centrifuge@v0.33.3/internal/dissolve/queue.go:139 +0x4a
github.com/centrifugal/centrifuge/internal/dissolve.(*Dissolver).runWorker(0xc0128109a8)
	/home/mariell/go/pkg/mod/github.com/centrifugal/centrifuge@v0.33.3/internal/dissolve/dissolve.go:52 +0x27
created by github.com/centrifugal/centrifuge/internal/dissolve.(*Dissolver).Run in goroutine 24637
	/home/mariell/go/pkg/mod/github.com/centrifugal/centrifuge@v0.33.3/internal/dissolve/dissolve.go:31 +0x25

goroutine 27056 [sync.Cond.Wait]:
sync.runtime_notifyListWait(0xc00d5304d0, 0x31)
	/usr/lib/go/src/runtime/sema.go:597 +0x159
sync.(*Cond).Wait(0x286465736f707369?)
	/usr/lib/go/src/sync/cond.go:71 +0x85
github.com/centrifugal/centrifuge/internal/dissolve.(*queueImpl).Wait(0xc00dc00930)
	/home/mariell/go/pkg/mod/github.com/centrifugal/centrifuge@v0.33.3/internal/dissolve/queue.go:139 +0x4a
github.com/centrifugal/centrifuge/internal/dissolve.(*Dissolver).runWorker(0xc0128109a8)
	/home/mariell/go/pkg/mod/github.com/centrifugal/centrifuge@v0.33.3/internal/dissolve/dissolve.go:52 +0x27
created by github.com/centrifugal/centrifuge/internal/dissolve.(*Dissolver).Run in goroutine 24637
	/home/mariell/go/pkg/mod/github.com/centrifugal/centrifuge@v0.33.3/internal/dissolve/dissolve.go:31 +0x25

goroutine 27057 [sync.Cond.Wait]:
sync.runtime_notifyListWait(0xc00d5304d0, 0x32)
	/usr/lib/go/src/runtime/sema.go:597 +0x159
sync.(*Cond).Wait(0x4b747265766e6f63?)
	/usr/lib/go/src/sync/cond.go:71 +0x85
github.com/centrifugal/centrifuge/internal/dissolve.(*queueImpl).Wait(0xc00dc00930)
	/home/mariell/go/pkg/mod/github.com/centrifugal/centrifuge@v0.33.3/internal/dissolve/queue.go:139 +0x4a
github.com/centrifugal/centrifuge/internal/dissolve.(*Dissolver).runWorker(0xc0128109a8)
	/home/mariell/go/pkg/mod/github.com/centrifugal/centrifuge@v0.33.3/internal/dissolve/dissolve.go:52 +0x27
created by github.com/centrifugal/centrifuge/internal/dissolve.(*Dissolver).Run in goroutine 24637
	/home/mariell/go/pkg/mod/github.com/centrifugal/centrifuge@v0.33.3/internal/dissolve/dissolve.go:31 +0x25

goroutine 27058 [sync.Cond.Wait]:
sync.runtime_notifyListWait(0xc00d5304d0, 0x33)
	/usr/lib/go/src/runtime/sema.go:597 +0x159
sync.(*Cond).Wait(0x4b72656767697254?)
	/usr/lib/go/src/sync/cond.go:71 +0x85
github.com/centrifugal/centrifuge/internal/dissolve.(*queueImpl).Wait(0xc00dc00930)
	/home/mariell/go/pkg/mod/github.com/centrifugal/centrifuge@v0.33.3/internal/dissolve/queue.go:139 +0x4a
github.com/centrifugal/centrifuge/internal/dissolve.(*Dissolver).runWorker(0xc0128109a8)
	/home/mariell/go/pkg/mod/github.com/centrifugal/centrifuge@v0.33.3/internal/dissolve/dissolve.go:52 +0x27
created by github.com/centrifugal/centrifuge/internal/dissolve.(*Dissolver).Run in goroutine 24637
	/home/mariell/go/pkg/mod/github.com/centrifugal/centrifuge@v0.33.3/internal/dissolve/dissolve.go:31 +0x25

goroutine 27059 [sync.Cond.Wait]:
sync.runtime_notifyListWait(0xc00d5304d0, 0x34)
	/usr/lib/go/src/runtime/sema.go:597 +0x159
sync.(*Cond).Wait(0x43724f7465672e73?)
	/usr/lib/go/src/sync/cond.go:71 +0x85
github.com/centrifugal/centrifuge/internal/dissolve.(*queueImpl).Wait(0xc00dc00930)
	/home/mariell/go/pkg/mod/github.com/centrifugal/centrifuge@v0.33.3/internal/dissolve/queue.go:139 +0x4a
github.com/centrifugal/centrifuge/internal/dissolve.(*Dissolver).runWorker(0xc0128109a8)
	/home/mariell/go/pkg/mod/github.com/centrifugal/centrifuge@v0.33.3/internal/dissolve/dissolve.go:52 +0x27
created by github.com/centrifugal/centrifuge/internal/dissolve.(*Dissolver).Run in goroutine 24637
	/home/mariell/go/pkg/mod/github.com/centrifugal/centrifuge@v0.33.3/internal/dissolve/dissolve.go:31 +0x25

goroutine 27060 [sync.Cond.Wait]:
sync.runtime_notifyListWait(0xc00d5304d0, 0x2d)
	/usr/lib/go/src/runtime/sema.go:597 +0x159
sync.(*Cond).Wait(0x8421084210842108?)
	/usr/lib/go/src/sync/cond.go:71 +0x85
github.com/centrifugal/centrifuge/internal/dissolve.(*queueImpl).Wait(0xc00dc00930)
	/home/mariell/go/pkg/mod/github.com/centrifugal/centrifuge@v0.33.3/internal/dissolve/queue.go:139 +0x4a
github.com/centrifugal/centrifuge/internal/dissolve.(*Dissolver).runWorker(0xc0128109a8)
	/home/mariell/go/pkg/mod/github.com/centrifugal/centrifuge@v0.33.3/internal/dissolve/dissolve.go:52 +0x27
created by github.com/centrifugal/centrifuge/internal/dissolve.(*Dissolver).Run in goroutine 24637
	/home/mariell/go/pkg/mod/github.com/centrifugal/centrifuge@v0.33.3/internal/dissolve/dissolve.go:31 +0x25

goroutine 27061 [sync.Cond.Wait]:
sync.runtime_notifyListWait(0xc00d5304d0, 0x3a)
	/usr/lib/go/src/runtime/sema.go:597 +0x159
sync.(*Cond).Wait(0x15?)
	/usr/lib/go/src/sync/cond.go:71 +0x85
github.com/centrifugal/centrifuge/internal/dissolve.(*queueImpl).Wait(0xc00dc00930)
	/home/mariell/go/pkg/mod/github.com/centrifugal/centrifuge@v0.33.3/internal/dissolve/queue.go:139 +0x4a
github.com/centrifugal/centrifuge/internal/dissolve.(*Dissolver).runWorker(0xc0128109a8)
	/home/mariell/go/pkg/mod/github.com/centrifugal/centrifuge@v0.33.3/internal/dissolve/dissolve.go:52 +0x27
created by github.com/centrifugal/centrifuge/internal/dissolve.(*Dissolver).Run in goroutine 24637
	/home/mariell/go/pkg/mod/github.com/centrifugal/centrifuge@v0.33.3/internal/dissolve/dissolve.go:31 +0x25

goroutine 27062 [sync.Cond.Wait]:
sync.runtime_notifyListWait(0xc00d5304d0, 0x38)
	/usr/lib/go/src/runtime/sema.go:597 +0x159
sync.(*Cond).Wait(0x0?)
	/usr/lib/go/src/sync/cond.go:71 +0x85
github.com/centrifugal/centrifuge/internal/dissolve.(*queueImpl).Wait(0xc00dc00930)
	/home/mariell/go/pkg/mod/github.com/centrifugal/centrifuge@v0.33.3/internal/dissolve/queue.go:139 +0x4a
github.com/centrifugal/centrifuge/internal/dissolve.(*Dissolver).runWorker(0xc0128109a8)
	/home/mariell/go/pkg/mod/github.com/centrifugal/centrifuge@v0.33.3/internal/dissolve/dissolve.go:52 +0x27
created by github.com/centrifugal/centrifuge/internal/dissolve.(*Dissolver).Run in goroutine 24637
	/home/mariell/go/pkg/mod/github.com/centrifugal/centrifuge@v0.33.3/internal/dissolve/dissolve.go:31 +0x25

goroutine 27063 [sync.Cond.Wait]:
sync.runtime_notifyListWait(0xc00d5304d0, 0x37)
	/usr/lib/go/src/runtime/sema.go:597 +0x159
sync.(*Cond).Wait(0x1?)
	/usr/lib/go/src/sync/cond.go:71 +0x85
github.com/centrifugal/centrifuge/internal/dissolve.(*queueImpl).Wait(0xc00dc00930)
	/home/mariell/go/pkg/mod/github.com/centrifugal/centrifuge@v0.33.3/internal/dissolve/queue.go:139 +0x4a
github.com/centrifugal/centrifuge/internal/dissolve.(*Dissolver).runWorker(0xc0128109a8)
	/home/mariell/go/pkg/mod/github.com/centrifugal/centrifuge@v0.33.3/internal/dissolve/dissolve.go:52 +0x27
created by github.com/centrifugal/centrifuge/internal/dissolve.(*Dissolver).Run in goroutine 24637
	/home/mariell/go/pkg/mod/github.com/centrifugal/centrifuge@v0.33.3/internal/dissolve/dissolve.go:31 +0x25

goroutine 27064 [sync.Cond.Wait]:
sync.runtime_notifyListWait(0xc00d5304d0, 0x36)
	/usr/lib/go/src/runtime/sema.go:597 +0x159
sync.(*Cond).Wait(0x0?)
	/usr/lib/go/src/sync/cond.go:71 +0x85
github.com/centrifugal/centrifuge/internal/dissolve.(*queueImpl).Wait(0xc00dc00930)
	/home/mariell/go/pkg/mod/github.com/centrifugal/centrifuge@v0.33.3/internal/dissolve/queue.go:139 +0x4a
github.com/centrifugal/centrifuge/internal/dissolve.(*Dissolver).runWorker(0xc0128109a8)
	/home/mariell/go/pkg/mod/github.com/centrifugal/centrifuge@v0.33.3/internal/dissolve/dissolve.go:52 +0x27
created by github.com/centrifugal/centrifuge/internal/dissolve.(*Dissolver).Run in goroutine 24637
	/home/mariell/go/pkg/mod/github.com/centrifugal/centrifuge@v0.33.3/internal/dissolve/dissolve.go:31 +0x25

goroutine 27065 [sync.Cond.Wait]:
sync.runtime_notifyListWait(0xc00d5304d0, 0x3b)
	/usr/lib/go/src/runtime/sema.go:597 +0x159
sync.(*Cond).Wait(0xc0102e0914?)
	/usr/lib/go/src/sync/cond.go:71 +0x85
github.com/centrifugal/centrifuge/internal/dissolve.(*queueImpl).Wait(0xc00dc00930)
	/home/mariell/go/pkg/mod/github.com/centrifugal/centrifuge@v0.33.3/internal/dissolve/queue.go:139 +0x4a
github.com/centrifugal/centrifuge/internal/dissolve.(*Dissolver).runWorker(0xc0128109a8)
	/home/mariell/go/pkg/mod/github.com/centrifugal/centrifuge@v0.33.3/internal/dissolve/dissolve.go:52 +0x27
created by github.com/centrifugal/centrifuge/internal/dissolve.(*Dissolver).Run in goroutine 24637
	/home/mariell/go/pkg/mod/github.com/centrifugal/centrifuge@v0.33.3/internal/dissolve/dissolve.go:31 +0x25

goroutine 27066 [sync.Cond.Wait]:
sync.runtime_notifyListWait(0xc00d5304d0, 0x3d)
	/usr/lib/go/src/runtime/sema.go:597 +0x159
sync.(*Cond).Wait(0x0?)
	/usr/lib/go/src/sync/cond.go:71 +0x85
github.com/centrifugal/centrifuge/internal/dissolve.(*queueImpl).Wait(0xc00dc00930)
	/home/mariell/go/pkg/mod/github.com/centrifugal/centrifuge@v0.33.3/internal/dissolve/queue.go:139 +0x4a
github.com/centrifugal/centrifuge/internal/dissolve.(*Dissolver).runWorker(0xc0128109a8)
	/home/mariell/go/pkg/mod/github.com/centrifugal/centrifuge@v0.33.3/internal/dissolve/dissolve.go:52 +0x27
created by github.com/centrifugal/centrifuge/internal/dissolve.(*Dissolver).Run in goroutine 24637
	/home/mariell/go/pkg/mod/github.com/centrifugal/centrifuge@v0.33.3/internal/dissolve/dissolve.go:31 +0x25

goroutine 27067 [sync.Cond.Wait]:
sync.runtime_notifyListWait(0xc00d5304d0, 0x3c)
	/usr/lib/go/src/runtime/sema.go:597 +0x159
sync.(*Cond).Wait(0x0?)
	/usr/lib/go/src/sync/cond.go:71 +0x85
github.com/centrifugal/centrifuge/internal/dissolve.(*queueImpl).Wait(0xc00dc00930)
	/home/mariell/go/pkg/mod/github.com/centrifugal/centrifuge@v0.33.3/internal/dissolve/queue.go:139 +0x4a
github.com/centrifugal/centrifuge/internal/dissolve.(*Dissolver).runWorker(0xc0128109a8)
	/home/mariell/go/pkg/mod/github.com/centrifugal/centrifuge@v0.33.3/internal/dissolve/dissolve.go:52 +0x27
created by github.com/centrifugal/centrifuge/internal/dissolve.(*Dissolver).Run in goroutine 24637
	/home/mariell/go/pkg/mod/github.com/centrifugal/centrifuge@v0.33.3/internal/dissolve/dissolve.go:31 +0x25

goroutine 27068 [sync.Cond.Wait]:
sync.runtime_notifyListWait(0xc00d5304d0, 0x3e)
	/usr/lib/go/src/runtime/sema.go:597 +0x159
sync.(*Cond).Wait(0x73222c227265746c?)
	/usr/lib/go/src/sync/cond.go:71 +0x85
github.com/centrifugal/centrifuge/internal/dissolve.(*queueImpl).Wait(0xc00dc00930)
	/home/mariell/go/pkg/mod/github.com/centrifugal/centrifuge@v0.33.3/internal/dissolve/queue.go:139 +0x4a
github.com/centrifugal/centrifuge/internal/dissolve.(*Dissolver).runWorker(0xc0128109a8)
	/home/mariell/go/pkg/mod/github.com/centrifugal/centrifuge@v0.33.3/internal/dissolve/dissolve.go:52 +0x27
created by github.com/centrifugal/centrifuge/internal/dissolve.(*Dissolver).Run in goroutine 24637
	/home/mariell/go/pkg/mod/github.com/centrifugal/centrifuge@v0.33.3/internal/dissolve/dissolve.go:31 +0x25

goroutine 27069 [sync.Cond.Wait]:
sync.runtime_notifyListWait(0xc00d5304d0, 0x3f)
	/usr/lib/go/src/runtime/sema.go:597 +0x159
sync.(*Cond).Wait(0x0?)
	/usr/lib/go/src/sync/cond.go:71 +0x85
github.com/centrifugal/centrifuge/internal/dissolve.(*queueImpl).Wait(0xc00dc00930)
	/home/mariell/go/pkg/mod/github.com/centrifugal/centrifuge@v0.33.3/internal/dissolve/queue.go:139 +0x4a
github.com/centrifugal/centrifuge/internal/dissolve.(*Dissolver).runWorker(0xc0128109a8)
	/home/mariell/go/pkg/mod/github.com/centrifugal/centrifuge@v0.33.3/internal/dissolve/dissolve.go:52 +0x27
created by github.com/centrifugal/centrifuge/internal/dissolve.(*Dissolver).Run in goroutine 24637
	/home/mariell/go/pkg/mod/github.com/centrifugal/centrifuge@v0.33.3/internal/dissolve/dissolve.go:31 +0x25

goroutine 30079 [sync.Cond.Wait]:
sync.runtime_notifyListWait(0xc0029f6450, 0xd)
	/usr/lib/go/src/runtime/sema.go:597 +0x159
sync.(*Cond).Wait(0x0?)
	/usr/lib/go/src/sync/cond.go:71 +0x85
github.com/centrifugal/centrifuge/internal/dissolve.(*queueImpl).Wait(0xc00ccdc000)
	/home/mariell/go/pkg/mod/github.com/centrifugal/centrifuge@v0.33.3/internal/dissolve/queue.go:139 +0x4a
github.com/centrifugal/centrifuge/internal/dissolve.(*Dissolver).runWorker(0xc00e0b3c50)
	/home/mariell/go/pkg/mod/github.com/centrifugal/centrifuge@v0.33.3/internal/dissolve/dissolve.go:52 +0x27
created by github.com/centrifugal/centrifuge/internal/dissolve.(*Dissolver).Run in goroutine 28801
	/home/mariell/go/pkg/mod/github.com/centrifugal/centrifuge@v0.33.3/internal/dissolve/dissolve.go:31 +0x25

goroutine 33132 [sync.Cond.Wait]:
sync.runtime_notifyListWait(0xc019c7fcd0, 0x23)
	/usr/lib/go/src/runtime/sema.go:597 +0x159
sync.(*Cond).Wait(0x0?)
	/usr/lib/go/src/sync/cond.go:71 +0x85
github.com/centrifugal/centrifuge/internal/dissolve.(*queueImpl).Wait(0xc012092e00)
	/home/mariell/go/pkg/mod/github.com/centrifugal/centrifuge@v0.33.3/internal/dissolve/queue.go:139 +0x4a
github.com/centrifugal/centrifuge/internal/dissolve.(*Dissolver).runWorker(0xc01ba3c438)
	/home/mariell/go/pkg/mod/github.com/centrifugal/centrifuge@v0.33.3/internal/dissolve/dissolve.go:52 +0x27
created by github.com/centrifugal/centrifuge/internal/dissolve.(*Dissolver).Run in goroutine 31996
	/home/mariell/go/pkg/mod/github.com/centrifugal/centrifuge@v0.33.3/internal/dissolve/dissolve.go:31 +0x25

goroutine 28545 [sync.Cond.Wait]:
sync.runtime_notifyListWait(0xc0024337d0, 0x4)
	/usr/lib/go/src/runtime/sema.go:597 +0x159
sync.(*Cond).Wait(0xc00e427fd0?)
	/usr/lib/go/src/sync/cond.go:71 +0x85
github.com/centrifugal/centrifuge/internal/dissolve.(*queueImpl).Wait(0xc00d87b1f0)
	/home/mariell/go/pkg/mod/github.com/centrifugal/centrifuge@v0.33.3/internal/dissolve/queue.go:139 +0x4a
github.com/centrifugal/centrifuge/internal/dissolve.(*Dissolver).runWorker(0xc00f90a960)
	/home/mariell/go/pkg/mod/github.com/centrifugal/centrifuge@v0.33.3/internal/dissolve/dissolve.go:52 +0x27
created by github.com/centrifugal/centrifuge/internal/dissolve.(*Dissolver).Run in goroutine 27309
	/home/mariell/go/pkg/mod/github.com/centrifugal/centrifuge@v0.33.3/internal/dissolve/dissolve.go:31 +0x25

goroutine 28541 [sync.Cond.Wait]:
sync.runtime_notifyListWait(0xc0024337d0, 0x3e)
	/usr/lib/go/src/runtime/sema.go:597 +0x159
sync.(*Cond).Wait(0x0?)
	/usr/lib/go/src/sync/cond.go:71 +0x85
github.com/centrifugal/centrifuge/internal/dissolve.(*queueImpl).Wait(0xc00d87b1f0)
	/home/mariell/go/pkg/mod/github.com/centrifugal/centrifuge@v0.33.3/internal/dissolve/queue.go:139 +0x4a
github.com/centrifugal/centrifuge/internal/dissolve.(*Dissolver).runWorker(0xc00f90a960)
	/home/mariell/go/pkg/mod/github.com/centrifugal/centrifuge@v0.33.3/internal/dissolve/dissolve.go:52 +0x27
created by github.com/centrifugal/centrifuge/internal/dissolve.(*Dissolver).Run in goroutine 27309
	/home/mariell/go/pkg/mod/github.com/centrifugal/centrifuge@v0.33.3/internal/dissolve/dissolve.go:31 +0x25

goroutine 27126 [select]:
github.com/patrickmn/go-cache.(*janitor).Run(0xc0105cac70, 0xc008de47c0)
	/home/mariell/go/pkg/mod/github.com/patrickmn/go-cache@v2.1.0+incompatible/cache.go:1079 +0x7b
created by github.com/patrickmn/go-cache.runJanitor in goroutine 24637
	/home/mariell/go/pkg/mod/github.com/patrickmn/go-cache@v2.1.0+incompatible/cache.go:1099 +0xdb

goroutine 27132 [select]:
github.com/patrickmn/go-cache.(*janitor).Run(0xc01063f530, 0xc00cddf2c0)
	/home/mariell/go/pkg/mod/github.com/patrickmn/go-cache@v2.1.0+incompatible/cache.go:1079 +0x7b
created by github.com/patrickmn/go-cache.runJanitor in goroutine 24637
	/home/mariell/go/pkg/mod/github.com/patrickmn/go-cache@v2.1.0+incompatible/cache.go:1099 +0xdb

goroutine 27133 [select]:
github.com/patrickmn/go-cache.(*janitor).Run(0xc01063f790, 0xc00cddf380)
	/home/mariell/go/pkg/mod/github.com/patrickmn/go-cache@v2.1.0+incompatible/cache.go:1079 +0x7b
created by github.com/patrickmn/go-cache.runJanitor in goroutine 24637
	/home/mariell/go/pkg/mod/github.com/patrickmn/go-cache@v2.1.0+incompatible/cache.go:1099 +0xdb

goroutine 27134 [select]:
github.com/patrickmn/go-cache.(*janitor).Run(0xc01063f7a0, 0xc00cddf3c0)
	/home/mariell/go/pkg/mod/github.com/patrickmn/go-cache@v2.1.0+incompatible/cache.go:1079 +0x7b
created by github.com/patrickmn/go-cache.runJanitor in goroutine 24637
	/home/mariell/go/pkg/mod/github.com/patrickmn/go-cache@v2.1.0+incompatible/cache.go:1099 +0xdb

goroutine 27212 [select]:
github.com/patrickmn/go-cache.(*janitor).Run(0xc01070a330, 0xc00ec822c0)
	/home/mariell/go/pkg/mod/github.com/patrickmn/go-cache@v2.1.0+incompatible/cache.go:1079 +0x7b
created by github.com/patrickmn/go-cache.runJanitor in goroutine 24637
	/home/mariell/go/pkg/mod/github.com/patrickmn/go-cache@v2.1.0+incompatible/cache.go:1099 +0xdb

goroutine 27214 [select]:
github.com/patrickmn/go-cache.(*janitor).Run(0xc01070b2a0, 0xc00ec82b80)
	/home/mariell/go/pkg/mod/github.com/patrickmn/go-cache@v2.1.0+incompatible/cache.go:1079 +0x7b
created by github.com/patrickmn/go-cache.runJanitor in goroutine 24637
	/home/mariell/go/pkg/mod/github.com/patrickmn/go-cache@v2.1.0+incompatible/cache.go:1099 +0xdb

goroutine 30085 [sync.Cond.Wait]:
sync.runtime_notifyListWait(0xc0029f6450, 0x13)
	/usr/lib/go/src/runtime/sema.go:597 +0x159
sync.(*Cond).Wait(0x0?)
	/usr/lib/go/src/sync/cond.go:71 +0x85
github.com/centrifugal/centrifuge/internal/dissolve.(*queueImpl).Wait(0xc00ccdc000)
	/home/mariell/go/pkg/mod/github.com/centrifugal/centrifuge@v0.33.3/internal/dissolve/queue.go:139 +0x4a
github.com/centrifugal/centrifuge/internal/dissolve.(*Dissolver).runWorker(0xc00e0b3c50)
	/home/mariell/go/pkg/mod/github.com/centrifugal/centrifuge@v0.33.3/internal/dissolve/dissolve.go:52 +0x27
created by github.com/centrifugal/centrifuge/internal/dissolve.(*Dissolver).Run in goroutine 28801
	/home/mariell/go/pkg/mod/github.com/centrifugal/centrifuge@v0.33.3/internal/dissolve/dissolve.go:31 +0x25

goroutine 27316 [select]:
go.opentelemetry.io/otel/sdk/trace.(*batchSpanProcessor).processQueue(0xc00ec1e640)
	/home/mariell/go/pkg/mod/go.opentelemetry.io/otel/sdk@v1.34.0/trace/batch_span_processor.go:302 +0x114
go.opentelemetry.io/otel/sdk/trace.NewBatchSpanProcessor.func1()
	/home/mariell/go/pkg/mod/go.opentelemetry.io/otel/sdk@v1.34.0/trace/batch_span_processor.go:117 +0x4e
created by go.opentelemetry.io/otel/sdk/trace.NewBatchSpanProcessor in goroutine 24637
	/home/mariell/go/pkg/mod/go.opentelemetry.io/otel/sdk@v1.34.0/trace/batch_span_processor.go:115 +0x2d9

goroutine 27447 [select]:
k8s.io/apimachinery/pkg/util/wait.BackoffUntil(0xc01364b200, {0xa95ac00, 0xc01168c420}, 0x1, 0xc01177d340)
	/home/mariell/go/pkg/mod/k8s.io/apimachinery@v0.32.1/pkg/util/wait/backoff.go:238 +0x12c
k8s.io/apimachinery/pkg/util/wait.JitterUntil(0xc01364b200, 0x3b9aca00, 0x3ff3333333333333, 0x1, 0xc01177d340)
	/home/mariell/go/pkg/mod/k8s.io/apimachinery@v0.32.1/pkg/util/wait/backoff.go:204 +0x7f
created by k8s.io/apiserver/pkg/registry/generic/registry.(*Store).startObservingCount in goroutine 24423
	/home/mariell/go/pkg/mod/k8s.io/apiserver@v0.32.1/pkg/registry/generic/registry/store.go:1666 +0x2f9

goroutine 27448 [select]:
k8s.io/apimachinery/pkg/util/wait.BackoffUntil(0xc00515b540, {0xa95ac00, 0xc0116426f0}, 0x1, 0xc01181bd50)
	/home/mariell/go/pkg/mod/k8s.io/apimachinery@v0.32.1/pkg/util/wait/backoff.go:238 +0x12c
k8s.io/apimachinery/pkg/util/wait.JitterUntil(0xc00515b540, 0x3b9aca00, 0x3ff3333333333333, 0x1, 0xc01181bd50)
	/home/mariell/go/pkg/mod/k8s.io/apimachinery@v0.32.1/pkg/util/wait/backoff.go:204 +0x7f
created by k8s.io/apiserver/pkg/registry/generic/registry.(*Store).startObservingCount in goroutine 24423
	/home/mariell/go/pkg/mod/k8s.io/apiserver@v0.32.1/pkg/registry/generic/registry/store.go:1666 +0x2f9

goroutine 27451 [select]:
k8s.io/apimachinery/pkg/util/wait.BackoffUntil(0xc013ff7bc0, {0xa95ac00, 0xc011642780}, 0x1, 0xc011dd5810)
	/home/mariell/go/pkg/mod/k8s.io/apimachinery@v0.32.1/pkg/util/wait/backoff.go:238 +0x12c
k8s.io/apimachinery/pkg/util/wait.JitterUntil(0xc013ff7bc0, 0x3b9aca00, 0x3ff3333333333333, 0x1, 0xc011dd5810)
	/home/mariell/go/pkg/mod/k8s.io/apimachinery@v0.32.1/pkg/util/wait/backoff.go:204 +0x7f
created by k8s.io/apiserver/pkg/registry/generic/registry.(*Store).startObservingCount in goroutine 24423
	/home/mariell/go/pkg/mod/k8s.io/apiserver@v0.32.1/pkg/registry/generic/registry/store.go:1666 +0x2f9

goroutine 27450 [select]:
k8s.io/apimachinery/pkg/util/wait.BackoffUntil(0xc00515b900, {0xa95ac00, 0xc011642750}, 0x1, 0xc01181be30)
	/home/mariell/go/pkg/mod/k8s.io/apimachinery@v0.32.1/pkg/util/wait/backoff.go:238 +0x12c
k8s.io/apimachinery/pkg/util/wait.JitterUntil(0xc00515b900, 0x3b9aca00, 0x3ff3333333333333, 0x1, 0xc01181be30)
	/home/mariell/go/pkg/mod/k8s.io/apimachinery@v0.32.1/pkg/util/wait/backoff.go:204 +0x7f
created by k8s.io/apiserver/pkg/registry/generic/registry.(*Store).startObservingCount in goroutine 24423
	/home/mariell/go/pkg/mod/k8s.io/apiserver@v0.32.1/pkg/registry/generic/registry/store.go:1666 +0x2f9

goroutine 30070 [sync.Cond.Wait]:
sync.runtime_notifyListWait(0xc0029f6450, 0x4)
	/usr/lib/go/src/runtime/sema.go:597 +0x159
sync.(*Cond).Wait(0xc001f2ffd0?)
	/usr/lib/go/src/sync/cond.go:71 +0x85
github.com/centrifugal/centrifuge/internal/dissolve.(*queueImpl).Wait(0xc00ccdc000)
	/home/mariell/go/pkg/mod/github.com/centrifugal/centrifuge@v0.33.3/internal/dissolve/queue.go:139 +0x4a
github.com/centrifugal/centrifuge/internal/dissolve.(*Dissolver).runWorker(0xc00e0b3c50)
	/home/mariell/go/pkg/mod/github.com/centrifugal/centrifuge@v0.33.3/internal/dissolve/dissolve.go:52 +0x27
created by github.com/centrifugal/centrifuge/internal/dissolve.(*Dissolver).Run in goroutine 28801
	/home/mariell/go/pkg/mod/github.com/centrifugal/centrifuge@v0.33.3/internal/dissolve/dissolve.go:31 +0x25

goroutine 33113 [sync.Cond.Wait]:
sync.runtime_notifyListWait(0xc019c7fcd0, 0xa)
	/usr/lib/go/src/runtime/sema.go:597 +0x159
sync.(*Cond).Wait(0x0?)
	/usr/lib/go/src/sync/cond.go:71 +0x85
github.com/centrifugal/centrifuge/internal/dissolve.(*queueImpl).Wait(0xc012092e00)
	/home/mariell/go/pkg/mod/github.com/centrifugal/centrifuge@v0.33.3/internal/dissolve/queue.go:139 +0x4a
github.com/centrifugal/centrifuge/internal/dissolve.(*Dissolver).runWorker(0xc01ba3c438)
	/home/mariell/go/pkg/mod/github.com/centrifugal/centrifuge@v0.33.3/internal/dissolve/dissolve.go:52 +0x27
created by github.com/centrifugal/centrifuge/internal/dissolve.(*Dissolver).Run in goroutine 31996
	/home/mariell/go/pkg/mod/github.com/centrifugal/centrifuge@v0.33.3/internal/dissolve/dissolve.go:31 +0x25

goroutine 39392 [select]:
database/sql.(*DB).connectionOpener(0xc019856c30, {0xa9d1d00, 0xc00db09ea0})
	/usr/lib/go/src/database/sql/sql.go:1261 +0x87
created by database/sql.OpenDB in goroutine 36287
	/usr/lib/go/src/database/sql/sql.go:841 +0x130

goroutine 27452 [select]:
database/sql.(*DB).connectionOpener(0xc017e3ed00, {0xa9d1d00, 0xc01219aaa0})
	/usr/lib/go/src/database/sql/sql.go:1261 +0x87
created by database/sql.OpenDB in goroutine 27309
	/usr/lib/go/src/database/sql/sql.go:841 +0x130

goroutine 39427 [chan receive]:
github.com/grafana/grafana/pkg/storage/unified/resource.(*server).initWatcher.func1.1()
	/home/mariell/work/oss/grafana/pkg/storage/unified/resource/server.go:922 +0x58
created by github.com/grafana/grafana/pkg/storage/unified/resource.(*server).initWatcher.func1 in goroutine 37964
	/home/mariell/work/oss/grafana/pkg/storage/unified/resource/server.go:921 +0xaa

goroutine 31968 [select]:
net/http.(*persistConn).writeLoop(0xc005868ea0)
	/usr/lib/go/src/net/http/transport.go:2590 +0xe7
created by net/http.(*Transport).dialConn in goroutine 31971
	/usr/lib/go/src/net/http/transport.go:1945 +0x17a5

goroutine 27424 [chan receive]:
github.com/grafana/grafana/pkg/registry/apis/dashboard/legacy.(*dashboardSqlAccess).WatchWriteEvents.func1()
	/home/mariell/work/oss/grafana/pkg/registry/apis/dashboard/legacy/storage.go:238 +0x50
created by github.com/grafana/grafana/pkg/registry/apis/dashboard/legacy.(*dashboardSqlAccess).WatchWriteEvents in goroutine 24423
	/home/mariell/work/oss/grafana/pkg/registry/apis/dashboard/legacy/storage.go:236 +0x1b6

goroutine 27306 [IO wait]:
internal/poll.runtime_pollWait(0x7775581b1610, 0x72)
	/usr/lib/go/src/runtime/netpoll.go:351 +0x85
internal/poll.(*pollDesc).wait(0xc00ee6b800?, 0xc01482ec00?, 0x0)
	/usr/lib/go/src/internal/poll/fd_poll_runtime.go:84 +0x27
internal/poll.(*pollDesc).waitRead(...)
	/usr/lib/go/src/internal/poll/fd_poll_runtime.go:89
internal/poll.(*FD).Read(0xc00ee6b800, {0xc01482ec00, 0x1300, 0x1300})
	/usr/lib/go/src/internal/poll/fd_unix.go:165 +0x27a
net.(*netFD).Read(0xc00ee6b800, {0xc01482ec00?, 0x11a751c0?, 0x4a157d?})
	/usr/lib/go/src/net/fd_posix.go:55 +0x25
net.(*conn).Read(0xc004b2a468, {0xc01482ec00?, 0x777558335ff0?, 0x7775a8b28f30?})
	/usr/lib/go/src/net/net.go:194 +0x45
crypto/tls.(*atLeastReader).Read(0xc00f905f50, {0xc01482ec00?, 0x2?, 0x3?})
	/usr/lib/go/src/crypto/tls/conn.go:809 +0x3b
bytes.(*Buffer).ReadFrom(0xc00f2b8d38, {0xa94e300, 0xc00f905f50})
	/usr/lib/go/src/bytes/buffer.go:211 +0x98
crypto/tls.(*Conn).readFromUntil(0xc00f2b8a88, {0xa94dc00, 0xc004b2a468}, 0x444af4?)
	/usr/lib/go/src/crypto/tls/conn.go:831 +0xde
crypto/tls.(*Conn).readRecordOrCCS(0xc00f2b8a88, 0x0)
	/usr/lib/go/src/crypto/tls/conn.go:629 +0x3cf
crypto/tls.(*Conn).readRecord(...)
	/usr/lib/go/src/crypto/tls/conn.go:591
crypto/tls.(*Conn).Read(0xc00f2b8a88, {0xc00f809000, 0x1000, 0x7775a8b28f30?})
	/usr/lib/go/src/crypto/tls/conn.go:1385 +0x145
net/http.(*persistConn).Read(0xc003631c20, {0xc00f809000?, 0x4141c5?, 0x68?})
	/usr/lib/go/src/net/http/transport.go:2122 +0x47
bufio.(*Reader).fill(0xc00f80e420)
	/usr/lib/go/src/bufio/bufio.go:113 +0x103
bufio.(*Reader).Peek(0xc00f80e420, 0x1)
	/usr/lib/go/src/bufio/bufio.go:152 +0x53
net/http.(*persistConn).readLoop(0xc003631c20)
	/usr/lib/go/src/net/http/transport.go:2275 +0x172
created by net/http.(*Transport).dialConn in goroutine 16783
	/usr/lib/go/src/net/http/transport.go:1944 +0x174f

goroutine 27444 [select]:
k8s.io/apimachinery/pkg/util/wait.BackoffUntil(0xc01364af00, {0xa95ac00, 0xc01168c390}, 0x1, 0xc01177d1f0)
	/home/mariell/go/pkg/mod/k8s.io/apimachinery@v0.32.1/pkg/util/wait/backoff.go:238 +0x12c
k8s.io/apimachinery/pkg/util/wait.JitterUntil(0xc01364af00, 0x3b9aca00, 0x3ff3333333333333, 0x1, 0xc01177d1f0)
	/home/mariell/go/pkg/mod/k8s.io/apimachinery@v0.32.1/pkg/util/wait/backoff.go:204 +0x7f
created by k8s.io/apiserver/pkg/registry/generic/registry.(*Store).startObservingCount in goroutine 24423
	/home/mariell/go/pkg/mod/k8s.io/apiserver@v0.32.1/pkg/registry/generic/registry/store.go:1666 +0x2f9

goroutine 28549 [sync.Cond.Wait]:
sync.runtime_notifyListWait(0xc0024337d0, 0x8)
	/usr/lib/go/src/runtime/sema.go:597 +0x159
sync.(*Cond).Wait(0x0?)
	/usr/lib/go/src/sync/cond.go:71 +0x85
github.com/centrifugal/centrifuge/internal/dissolve.(*queueImpl).Wait(0xc00d87b1f0)
	/home/mariell/go/pkg/mod/github.com/centrifugal/centrifuge@v0.33.3/internal/dissolve/queue.go:139 +0x4a
github.com/centrifugal/centrifuge/internal/dissolve.(*Dissolver).runWorker(0xc00f90a960)
	/home/mariell/go/pkg/mod/github.com/centrifugal/centrifuge@v0.33.3/internal/dissolve/dissolve.go:52 +0x27
created by github.com/centrifugal/centrifuge/internal/dissolve.(*Dissolver).Run in goroutine 27309
	/home/mariell/go/pkg/mod/github.com/centrifugal/centrifuge@v0.33.3/internal/dissolve/dissolve.go:31 +0x25

goroutine 28550 [sync.Cond.Wait]:
sync.runtime_notifyListWait(0xc0024337d0, 0x9)
	/usr/lib/go/src/runtime/sema.go:597 +0x159
sync.(*Cond).Wait(0x0?)
	/usr/lib/go/src/sync/cond.go:71 +0x85
github.com/centrifugal/centrifuge/internal/dissolve.(*queueImpl).Wait(0xc00d87b1f0)
	/home/mariell/go/pkg/mod/github.com/centrifugal/centrifuge@v0.33.3/internal/dissolve/queue.go:139 +0x4a
github.com/centrifugal/centrifuge/internal/dissolve.(*Dissolver).runWorker(0xc00f90a960)
	/home/mariell/go/pkg/mod/github.com/centrifugal/centrifuge@v0.33.3/internal/dissolve/dissolve.go:52 +0x27
created by github.com/centrifugal/centrifuge/internal/dissolve.(*Dissolver).Run in goroutine 27309
	/home/mariell/go/pkg/mod/github.com/centrifugal/centrifuge@v0.33.3/internal/dissolve/dissolve.go:31 +0x25

goroutine 30071 [sync.Cond.Wait]:
sync.runtime_notifyListWait(0xc0029f6450, 0x5)
	/usr/lib/go/src/runtime/sema.go:597 +0x159
sync.(*Cond).Wait(0xc00eac5fd0?)
	/usr/lib/go/src/sync/cond.go:71 +0x85
github.com/centrifugal/centrifuge/internal/dissolve.(*queueImpl).Wait(0xc00ccdc000)
	/home/mariell/go/pkg/mod/github.com/centrifugal/centrifuge@v0.33.3/internal/dissolve/queue.go:139 +0x4a
github.com/centrifugal/centrifuge/internal/dissolve.(*Dissolver).runWorker(0xc00e0b3c50)
	/home/mariell/go/pkg/mod/github.com/centrifugal/centrifuge@v0.33.3/internal/dissolve/dissolve.go:52 +0x27
created by github.com/centrifugal/centrifuge/internal/dissolve.(*Dissolver).Run in goroutine 28801
	/home/mariell/go/pkg/mod/github.com/centrifugal/centrifuge@v0.33.3/internal/dissolve/dissolve.go:31 +0x25

goroutine 28972 [select]:
net/http.(*persistConn).writeLoop(0xc0048a7200)
	/usr/lib/go/src/net/http/transport.go:2590 +0xe7
created by net/http.(*Transport).dialConn in goroutine 28830
	/usr/lib/go/src/net/http/transport.go:1945 +0x17a5

goroutine 40556 [sync.Cond.Wait]:
sync.runtime_notifyListWait(0xc0228a0b10, 0x16)
	/usr/lib/go/src/runtime/sema.go:597 +0x159
sync.(*Cond).Wait(0x0?)
	/usr/lib/go/src/sync/cond.go:71 +0x85
github.com/centrifugal/centrifuge/internal/dissolve.(*queueImpl).Wait(0xc0228cc690)
	/home/mariell/go/pkg/mod/github.com/centrifugal/centrifuge@v0.33.3/internal/dissolve/queue.go:139 +0x4a
github.com/centrifugal/centrifuge/internal/dissolve.(*Dissolver).runWorker(0xc015fedd58)
	/home/mariell/go/pkg/mod/github.com/centrifugal/centrifuge@v0.33.3/internal/dissolve/dissolve.go:52 +0x27
created by github.com/centrifugal/centrifuge/internal/dissolve.(*Dissolver).Run in goroutine 36287
	/home/mariell/go/pkg/mod/github.com/centrifugal/centrifuge@v0.33.3/internal/dissolve/dissolve.go:31 +0x25

goroutine 30084 [sync.Cond.Wait]:
sync.runtime_notifyListWait(0xc0029f6450, 0x12)
	/usr/lib/go/src/runtime/sema.go:597 +0x159
sync.(*Cond).Wait(0xc00c0f27d0?)
	/usr/lib/go/src/sync/cond.go:71 +0x85
github.com/centrifugal/centrifuge/internal/dissolve.(*queueImpl).Wait(0xc00ccdc000)
	/home/mariell/go/pkg/mod/github.com/centrifugal/centrifuge@v0.33.3/internal/dissolve/queue.go:139 +0x4a
github.com/centrifugal/centrifuge/internal/dissolve.(*Dissolver).runWorker(0xc00e0b3c50)
	/home/mariell/go/pkg/mod/github.com/centrifugal/centrifuge@v0.33.3/internal/dissolve/dissolve.go:52 +0x27
created by github.com/centrifugal/centrifuge/internal/dissolve.(*Dissolver).Run in goroutine 28801
	/home/mariell/go/pkg/mod/github.com/centrifugal/centrifuge@v0.33.3/internal/dissolve/dissolve.go:31 +0x25

goroutine 31554 [sync.Cond.Wait]:
sync.runtime_notifyListWait(0xc012c3ca90, 0x1e)
	/usr/lib/go/src/runtime/sema.go:597 +0x159
sync.(*Cond).Wait(0xc013b5efd0?)
	/usr/lib/go/src/sync/cond.go:71 +0x85
github.com/centrifugal/centrifuge/internal/dissolve.(*queueImpl).Wait(0xc00c7c6e00)
	/home/mariell/go/pkg/mod/github.com/centrifugal/centrifuge@v0.33.3/internal/dissolve/queue.go:139 +0x4a
github.com/centrifugal/centrifuge/internal/dissolve.(*Dissolver).runWorker(0xc00e284af8)
	/home/mariell/go/pkg/mod/github.com/centrifugal/centrifuge@v0.33.3/internal/dissolve/dissolve.go:52 +0x27
created by github.com/centrifugal/centrifuge/internal/dissolve.(*Dissolver).Run in goroutine 30466
	/home/mariell/go/pkg/mod/github.com/centrifugal/centrifuge@v0.33.3/internal/dissolve/dissolve.go:31 +0x25

goroutine 28912 [select]:
k8s.io/apimachinery/pkg/util/wait.BackoffUntil(0xc00fdf9080, {0xa95ac00, 0xc0127f6960}, 0x1, 0xc00e1df570)
	/home/mariell/go/pkg/mod/k8s.io/apimachinery@v0.32.1/pkg/util/wait/backoff.go:238 +0x12c
k8s.io/apimachinery/pkg/util/wait.JitterUntil(0xc00fdf9080, 0x3b9aca00, 0x3ff3333333333333, 0x1, 0xc00e1df570)
	/home/mariell/go/pkg/mod/k8s.io/apimachinery@v0.32.1/pkg/util/wait/backoff.go:204 +0x7f
created by k8s.io/apiserver/pkg/registry/generic/registry.(*Store).startObservingCount in goroutine 28838
	/home/mariell/go/pkg/mod/k8s.io/apiserver@v0.32.1/pkg/registry/generic/registry/store.go:1666 +0x2f9

goroutine 28538 [select]:
github.com/centrifugal/centrifuge.(*Node).cleanNodeInfo(0xc00e24cd88)
	/home/mariell/go/pkg/mod/github.com/centrifugal/centrifuge@v0.33.3/node.go:394 +0x90
created by github.com/centrifugal/centrifuge.(*Node).Run in goroutine 27309
	/home/mariell/go/pkg/mod/github.com/centrifugal/centrifuge@v0.33.3/node.go:261 +0x265

goroutine 48225 [sync.Cond.Wait]:
sync.runtime_notifyListWait(0xc01fca58d0, 0x12)
	/usr/lib/go/src/runtime/sema.go:597 +0x159
sync.(*Cond).Wait(0xc01473e7d0?)
	/usr/lib/go/src/sync/cond.go:71 +0x85
github.com/centrifugal/centrifuge/internal/dissolve.(*queueImpl).Wait(0xc020dbf5e0)
	/home/mariell/go/pkg/mod/github.com/centrifugal/centrifuge@v0.33.3/internal/dissolve/queue.go:139 +0x4a
github.com/centrifugal/centrifuge/internal/dissolve.(*Dissolver).runWorker(0xc0271f1da0)
	/home/mariell/go/pkg/mod/github.com/centrifugal/centrifuge@v0.33.3/internal/dissolve/dissolve.go:52 +0x27
created by github.com/centrifugal/centrifuge/internal/dissolve.(*Dissolver).Run in goroutine 47137
	/home/mariell/go/pkg/mod/github.com/centrifugal/centrifuge@v0.33.3/internal/dissolve/dissolve.go:31 +0x25

goroutine 28497 [select]:
github.com/patrickmn/go-cache.(*janitor).Run(0xc011af9f50, 0xc00d71c100)
	/home/mariell/go/pkg/mod/github.com/patrickmn/go-cache@v2.1.0+incompatible/cache.go:1079 +0x7b
created by github.com/patrickmn/go-cache.runJanitor in goroutine 27309
	/home/mariell/go/pkg/mod/github.com/patrickmn/go-cache@v2.1.0+incompatible/cache.go:1099 +0xdb

goroutine 44021 [select]:
net/http.(*persistConn).writeLoop(0xc0254b8fc0)
	/usr/lib/go/src/net/http/transport.go:2590 +0xe7
created by net/http.(*Transport).dialConn in goroutine 43989
	/usr/lib/go/src/net/http/transport.go:1945 +0x17a5

goroutine 28045 [select]:
go.opentelemetry.io/otel/sdk/trace.(*batchSpanProcessor).processQueue(0xc00d974960)
	/home/mariell/go/pkg/mod/go.opentelemetry.io/otel/sdk@v1.34.0/trace/batch_span_processor.go:302 +0x114
go.opentelemetry.io/otel/sdk/trace.NewBatchSpanProcessor.func1()
	/home/mariell/go/pkg/mod/go.opentelemetry.io/otel/sdk@v1.34.0/trace/batch_span_processor.go:117 +0x4e
created by go.opentelemetry.io/otel/sdk/trace.NewBatchSpanProcessor in goroutine 27309
	/home/mariell/go/pkg/mod/go.opentelemetry.io/otel/sdk@v1.34.0/trace/batch_span_processor.go:115 +0x2d9

goroutine 37534 [sync.Cond.Wait]:
sync.runtime_notifyListWait(0xc01affc250, 0xb)
	/usr/lib/go/src/runtime/sema.go:597 +0x159
sync.(*Cond).Wait(0xc012bdafd0?)
	/usr/lib/go/src/sync/cond.go:71 +0x85
github.com/centrifugal/centrifuge/internal/dissolve.(*queueImpl).Wait(0xc01821cd90)
	/home/mariell/go/pkg/mod/github.com/centrifugal/centrifuge@v0.33.3/internal/dissolve/queue.go:139 +0x4a
github.com/centrifugal/centrifuge/internal/dissolve.(*Dissolver).runWorker(0xc0024fff08)
	/home/mariell/go/pkg/mod/github.com/centrifugal/centrifuge@v0.33.3/internal/dissolve/dissolve.go:52 +0x27
created by github.com/centrifugal/centrifuge/internal/dissolve.(*Dissolver).Run in goroutine 36374
	/home/mariell/go/pkg/mod/github.com/centrifugal/centrifuge@v0.33.3/internal/dissolve/dissolve.go:31 +0x25

goroutine 30095 [sync.Cond.Wait]:
sync.runtime_notifyListWait(0xc0029f6450, 0x2a)
	/usr/lib/go/src/runtime/sema.go:597 +0x159
sync.(*Cond).Wait(0x0?)
	/usr/lib/go/src/sync/cond.go:71 +0x85
github.com/centrifugal/centrifuge/internal/dissolve.(*queueImpl).Wait(0xc00ccdc000)
	/home/mariell/go/pkg/mod/github.com/centrifugal/centrifuge@v0.33.3/internal/dissolve/queue.go:139 +0x4a
github.com/centrifugal/centrifuge/internal/dissolve.(*Dissolver).runWorker(0xc00e0b3c50)
	/home/mariell/go/pkg/mod/github.com/centrifugal/centrifuge@v0.33.3/internal/dissolve/dissolve.go:52 +0x27
created by github.com/centrifugal/centrifuge/internal/dissolve.(*Dissolver).Run in goroutine 28801
	/home/mariell/go/pkg/mod/github.com/centrifugal/centrifuge@v0.33.3/internal/dissolve/dissolve.go:31 +0x25

goroutine 51240 [select]:
github.com/patrickmn/go-cache.(*janitor).Run(0xc0109e4170, 0xc016233d80)
	/home/mariell/go/pkg/mod/github.com/patrickmn/go-cache@v2.1.0+incompatible/cache.go:1079 +0x7b
created by github.com/patrickmn/go-cache.runJanitor in goroutine 50170
	/home/mariell/go/pkg/mod/github.com/patrickmn/go-cache@v2.1.0+incompatible/cache.go:1099 +0xdb

goroutine 30083 [sync.Cond.Wait]:
sync.runtime_notifyListWait(0xc0029f6450, 0x1)
	/usr/lib/go/src/runtime/sema.go:597 +0x159
sync.(*Cond).Wait(0x0?)
	/usr/lib/go/src/sync/cond.go:71 +0x85
github.com/centrifugal/centrifuge/internal/dissolve.(*queueImpl).Wait(0xc00ccdc000)
	/home/mariell/go/pkg/mod/github.com/centrifugal/centrifuge@v0.33.3/internal/dissolve/queue.go:139 +0x4a
github.com/centrifugal/centrifuge/internal/dissolve.(*Dissolver).runWorker(0xc00e0b3c50)
	/home/mariell/go/pkg/mod/github.com/centrifugal/centrifuge@v0.33.3/internal/dissolve/dissolve.go:52 +0x27
created by github.com/centrifugal/centrifuge/internal/dissolve.(*Dissolver).Run in goroutine 28801
	/home/mariell/go/pkg/mod/github.com/centrifugal/centrifuge@v0.33.3/internal/dissolve/dissolve.go:31 +0x25

goroutine 40550 [sync.Cond.Wait]:
sync.runtime_notifyListWait(0xc0228a0b10, 0x10)
	/usr/lib/go/src/runtime/sema.go:597 +0x159
sync.(*Cond).Wait(0x0?)
	/usr/lib/go/src/sync/cond.go:71 +0x85
github.com/centrifugal/centrifuge/internal/dissolve.(*queueImpl).Wait(0xc0228cc690)
	/home/mariell/go/pkg/mod/github.com/centrifugal/centrifuge@v0.33.3/internal/dissolve/queue.go:139 +0x4a
github.com/centrifugal/centrifuge/internal/dissolve.(*Dissolver).runWorker(0xc015fedd58)
	/home/mariell/go/pkg/mod/github.com/centrifugal/centrifuge@v0.33.3/internal/dissolve/dissolve.go:52 +0x27
created by github.com/centrifugal/centrifuge/internal/dissolve.(*Dissolver).Run in goroutine 36287
	/home/mariell/go/pkg/mod/github.com/centrifugal/centrifuge@v0.33.3/internal/dissolve/dissolve.go:31 +0x25

goroutine 30082 [sync.Cond.Wait]:
sync.runtime_notifyListWait(0xc0029f6450, 0x10)
	/usr/lib/go/src/runtime/sema.go:597 +0x159
sync.(*Cond).Wait(0x0?)
	/usr/lib/go/src/sync/cond.go:71 +0x85
github.com/centrifugal/centrifuge/internal/dissolve.(*queueImpl).Wait(0xc00ccdc000)
	/home/mariell/go/pkg/mod/github.com/centrifugal/centrifuge@v0.33.3/internal/dissolve/queue.go:139 +0x4a
github.com/centrifugal/centrifuge/internal/dissolve.(*Dissolver).runWorker(0xc00e0b3c50)
	/home/mariell/go/pkg/mod/github.com/centrifugal/centrifuge@v0.33.3/internal/dissolve/dissolve.go:52 +0x27
created by github.com/centrifugal/centrifuge/internal/dissolve.(*Dissolver).Run in goroutine 28801
	/home/mariell/go/pkg/mod/github.com/centrifugal/centrifuge@v0.33.3/internal/dissolve/dissolve.go:31 +0x25

goroutine 28849 [select]:
github.com/centrifugal/centrifuge.(*Node).cleanNodeInfo(0xc007e37d48)
	/home/mariell/go/pkg/mod/github.com/centrifugal/centrifuge@v0.33.3/node.go:394 +0x90
created by github.com/centrifugal/centrifuge.(*Node).Run in goroutine 28801
	/home/mariell/go/pkg/mod/github.com/centrifugal/centrifuge@v0.33.3/node.go:261 +0x265

goroutine 43637 [sync.Cond.Wait]:
sync.runtime_notifyListWait(0xc00d19c890, 0x1f)
	/usr/lib/go/src/runtime/sema.go:597 +0x159
sync.(*Cond).Wait(0x0?)
	/usr/lib/go/src/sync/cond.go:71 +0x85
github.com/centrifugal/centrifuge/internal/dissolve.(*queueImpl).Wait(0xc015e6a930)
	/home/mariell/go/pkg/mod/github.com/centrifugal/centrifuge@v0.33.3/internal/dissolve/queue.go:139 +0x4a
github.com/centrifugal/centrifuge/internal/dissolve.(*Dissolver).runWorker(0xc0132189d8)
	/home/mariell/go/pkg/mod/github.com/centrifugal/centrifuge@v0.33.3/internal/dissolve/dissolve.go:52 +0x27
created by github.com/centrifugal/centrifuge/internal/dissolve.(*Dissolver).Run in goroutine 42495
	/home/mariell/go/pkg/mod/github.com/centrifugal/centrifuge@v0.33.3/internal/dissolve/dissolve.go:31 +0x25

goroutine 49808 [sync.Cond.Wait]:
sync.runtime_notifyListWait(0xc028e24c90, 0x1f)
	/usr/lib/go/src/runtime/sema.go:597 +0x159
sync.(*Cond).Wait(0x0?)
	/usr/lib/go/src/sync/cond.go:71 +0x85
github.com/centrifugal/centrifuge/internal/dissolve.(*queueImpl).Wait(0xc028e3d810)
	/home/mariell/go/pkg/mod/github.com/centrifugal/centrifuge@v0.33.3/internal/dissolve/queue.go:139 +0x4a
github.com/centrifugal/centrifuge/internal/dissolve.(*Dissolver).runWorker(0xc028d11578)
	/home/mariell/go/pkg/mod/github.com/centrifugal/centrifuge@v0.33.3/internal/dissolve/dissolve.go:52 +0x27
created by github.com/centrifugal/centrifuge/internal/dissolve.(*Dissolver).Run in goroutine 48632
	/home/mariell/go/pkg/mod/github.com/centrifugal/centrifuge@v0.33.3/internal/dissolve/dissolve.go:31 +0x25

goroutine 30081 [sync.Cond.Wait]:
sync.runtime_notifyListWait(0xc0029f6450, 0xf)
	/usr/lib/go/src/runtime/sema.go:597 +0x159
sync.(*Cond).Wait(0xc00cd717d0?)
	/usr/lib/go/src/sync/cond.go:71 +0x85
github.com/centrifugal/centrifuge/internal/dissolve.(*queueImpl).Wait(0xc00ccdc000)
	/home/mariell/go/pkg/mod/github.com/centrifugal/centrifuge@v0.33.3/internal/dissolve/queue.go:139 +0x4a
github.com/centrifugal/centrifuge/internal/dissolve.(*Dissolver).runWorker(0xc00e0b3c50)
	/home/mariell/go/pkg/mod/github.com/centrifugal/centrifuge@v0.33.3/internal/dissolve/dissolve.go:52 +0x27
created by github.com/centrifugal/centrifuge/internal/dissolve.(*Dissolver).Run in goroutine 28801
	/home/mariell/go/pkg/mod/github.com/centrifugal/centrifuge@v0.33.3/internal/dissolve/dissolve.go:31 +0x25

goroutine 28546 [sync.Cond.Wait]:
sync.runtime_notifyListWait(0xc0024337d0, 0x5)
	/usr/lib/go/src/runtime/sema.go:597 +0x159
sync.(*Cond).Wait(0x0?)
	/usr/lib/go/src/sync/cond.go:71 +0x85
github.com/centrifugal/centrifuge/internal/dissolve.(*queueImpl).Wait(0xc00d87b1f0)
	/home/mariell/go/pkg/mod/github.com/centrifugal/centrifuge@v0.33.3/internal/dissolve/queue.go:139 +0x4a
github.com/centrifugal/centrifuge/internal/dissolve.(*Dissolver).runWorker(0xc00f90a960)
	/home/mariell/go/pkg/mod/github.com/centrifugal/centrifuge@v0.33.3/internal/dissolve/dissolve.go:52 +0x27
created by github.com/centrifugal/centrifuge/internal/dissolve.(*Dissolver).Run in goroutine 27309
	/home/mariell/go/pkg/mod/github.com/centrifugal/centrifuge@v0.33.3/internal/dissolve/dissolve.go:31 +0x25

goroutine 54364 [sync.Cond.Wait]:
sync.runtime_notifyListWait(0xc02667f850, 0x12)
	/usr/lib/go/src/runtime/sema.go:597 +0x159
sync.(*Cond).Wait(0x0?)
	/usr/lib/go/src/sync/cond.go:71 +0x85
github.com/centrifugal/centrifuge/internal/dissolve.(*queueImpl).Wait(0xc029e6aa10)
	/home/mariell/go/pkg/mod/github.com/centrifugal/centrifuge@v0.33.3/internal/dissolve/queue.go:139 +0x4a
github.com/centrifugal/centrifuge/internal/dissolve.(*Dissolver).runWorker(0xc015fed548)
	/home/mariell/go/pkg/mod/github.com/centrifugal/centrifuge@v0.33.3/internal/dissolve/dissolve.go:52 +0x27
created by github.com/centrifugal/centrifuge/internal/dissolve.(*Dissolver).Run in goroutine 53243
	/home/mariell/go/pkg/mod/github.com/centrifugal/centrifuge@v0.33.3/internal/dissolve/dissolve.go:31 +0x25

goroutine 31556 [sync.Cond.Wait]:
sync.runtime_notifyListWait(0xc012c3ca90, 0x21)
	/usr/lib/go/src/runtime/sema.go:597 +0x159
sync.(*Cond).Wait(0x0?)
	/usr/lib/go/src/sync/cond.go:71 +0x85
github.com/centrifugal/centrifuge/internal/dissolve.(*queueImpl).Wait(0xc00c7c6e00)
	/home/mariell/go/pkg/mod/github.com/centrifugal/centrifuge@v0.33.3/internal/dissolve/queue.go:139 +0x4a
github.com/centrifugal/centrifuge/internal/dissolve.(*Dissolver).runWorker(0xc00e284af8)
	/home/mariell/go/pkg/mod/github.com/centrifugal/centrifuge@v0.33.3/internal/dissolve/dissolve.go:52 +0x27
created by github.com/centrifugal/centrifuge/internal/dissolve.(*Dissolver).Run in goroutine 30466
	/home/mariell/go/pkg/mod/github.com/centrifugal/centrifuge@v0.33.3/internal/dissolve/dissolve.go:31 +0x25

goroutine 28539 [select]:
github.com/centrifugal/centrifuge.(*Node).updateMetrics(0xc00e24cd88)
	/home/mariell/go/pkg/mod/github.com/centrifugal/centrifuge@v0.33.3/node.go:335 +0x85
created by github.com/centrifugal/centrifuge.(*Node).Run in goroutine 27309
	/home/mariell/go/pkg/mod/github.com/centrifugal/centrifuge@v0.33.3/node.go:262 +0x2a5

goroutine 42061 [sync.Cond.Wait]:
sync.runtime_notifyListWait(0xc01bc03e10, 0x21)
	/usr/lib/go/src/runtime/sema.go:597 +0x159
sync.(*Cond).Wait(0xc003758fd0?)
	/usr/lib/go/src/sync/cond.go:71 +0x85
github.com/centrifugal/centrifuge/internal/dissolve.(*queueImpl).Wait(0xc01e10aa10)
	/home/mariell/go/pkg/mod/github.com/centrifugal/centrifuge@v0.33.3/internal/dissolve/queue.go:139 +0x4a
github.com/centrifugal/centrifuge/internal/dissolve.(*Dissolver).runWorker(0xc0122187e0)
	/home/mariell/go/pkg/mod/github.com/centrifugal/centrifuge@v0.33.3/internal/dissolve/dissolve.go:52 +0x27
created by github.com/centrifugal/centrifuge/internal/dissolve.(*Dissolver).Run in goroutine 40816
	/home/mariell/go/pkg/mod/github.com/centrifugal/centrifuge@v0.33.3/internal/dissolve/dissolve.go:31 +0x25

goroutine 31383 [select]:
github.com/patrickmn/go-cache.(*janitor).Run(0xc003c819b0, 0xc0147fb200)
	/home/mariell/go/pkg/mod/github.com/patrickmn/go-cache@v2.1.0+incompatible/cache.go:1079 +0x7b
created by github.com/patrickmn/go-cache.runJanitor in goroutine 30466
	/home/mariell/go/pkg/mod/github.com/patrickmn/go-cache@v2.1.0+incompatible/cache.go:1099 +0xdb

goroutine 28544 [sync.Cond.Wait]:
sync.runtime_notifyListWait(0xc0024337d0, 0x3)
	/usr/lib/go/src/runtime/sema.go:597 +0x159
sync.(*Cond).Wait(0x0?)
	/usr/lib/go/src/sync/cond.go:71 +0x85
github.com/centrifugal/centrifuge/internal/dissolve.(*queueImpl).Wait(0xc00d87b1f0)
	/home/mariell/go/pkg/mod/github.com/centrifugal/centrifuge@v0.33.3/internal/dissolve/queue.go:139 +0x4a
github.com/centrifugal/centrifuge/internal/dissolve.(*Dissolver).runWorker(0xc00f90a960)
	/home/mariell/go/pkg/mod/github.com/centrifugal/centrifuge@v0.33.3/internal/dissolve/dissolve.go:52 +0x27
created by github.com/centrifugal/centrifuge/internal/dissolve.(*Dissolver).Run in goroutine 27309
	/home/mariell/go/pkg/mod/github.com/centrifugal/centrifuge@v0.33.3/internal/dissolve/dissolve.go:31 +0x25

goroutine 30419 [IO wait]:
internal/poll.runtime_pollWait(0x777558170e80, 0x72)
	/usr/lib/go/src/runtime/netpoll.go:351 +0x85
internal/poll.(*pollDesc).wait(0xc01be02180?, 0xc011541300?, 0x0)
	/usr/lib/go/src/internal/poll/fd_poll_runtime.go:84 +0x27
internal/poll.(*pollDesc).waitRead(...)
	/usr/lib/go/src/internal/poll/fd_poll_runtime.go:89
internal/poll.(*FD).Read(0xc01be02180, {0xc011541300, 0x1300, 0x1300})
	/usr/lib/go/src/internal/poll/fd_unix.go:165 +0x27a
net.(*netFD).Read(0xc01be02180, {0xc011541300?, 0x0?, 0x1c00f466100?})
	/usr/lib/go/src/net/fd_posix.go:55 +0x25
net.(*conn).Read(0xc003082068, {0xc011541300?, 0x777558443ac8?, 0x7775a8b2b038?})
	/usr/lib/go/src/net/net.go:194 +0x45
crypto/tls.(*atLeastReader).Read(0xc010d28468, {0xc011541300?, 0x4247a5?, 0x0?})
	/usr/lib/go/src/crypto/tls/conn.go:809 +0x3b
bytes.(*Buffer).ReadFrom(0xc01be162b8, {0xa94e300, 0xc010d28468})
	/usr/lib/go/src/bytes/buffer.go:211 +0x98
crypto/tls.(*Conn).readFromUntil(0xc01be16008, {0xa94dc00, 0xc003082068}, 0x444af4?)
	/usr/lib/go/src/crypto/tls/conn.go:831 +0xde
crypto/tls.(*Conn).readRecordOrCCS(0xc01be16008, 0x0)
	/usr/lib/go/src/crypto/tls/conn.go:629 +0x3cf
crypto/tls.(*Conn).readRecord(...)
	/usr/lib/go/src/crypto/tls/conn.go:591
crypto/tls.(*Conn).Read(0xc01be16008, {0xc00d1e7000, 0x1000, 0x7775a8b2b038?})
	/usr/lib/go/src/crypto/tls/conn.go:1385 +0x145
net/http.(*persistConn).Read(0xc004088240, {0xc00d1e7000?, 0x4141c5?, 0x68?})
	/usr/lib/go/src/net/http/transport.go:2122 +0x47
bufio.(*Reader).fill(0xc013864d80)
	/usr/lib/go/src/bufio/bufio.go:113 +0x103
bufio.(*Reader).Peek(0xc013864d80, 0x1)
	/usr/lib/go/src/bufio/bufio.go:152 +0x53
net/http.(*persistConn).readLoop(0xc004088240)
	/usr/lib/go/src/net/http/transport.go:2275 +0x172
created by net/http.(*Transport).dialConn in goroutine 30347
	/usr/lib/go/src/net/http/transport.go:1944 +0x174f

goroutine 28386 [select]:
github.com/patrickmn/go-cache.(*janitor).Run(0xc008fa7840, 0xc0038aeec0)
	/home/mariell/go/pkg/mod/github.com/patrickmn/go-cache@v2.1.0+incompatible/cache.go:1079 +0x7b
created by github.com/patrickmn/go-cache.runJanitor in goroutine 27309
	/home/mariell/go/pkg/mod/github.com/patrickmn/go-cache@v2.1.0+incompatible/cache.go:1099 +0xdb

goroutine 36349 [select]:
net/http.(*persistConn).writeLoop(0xc00aa4fc20)
	/usr/lib/go/src/net/http/transport.go:2590 +0xe7
created by net/http.(*Transport).dialConn in goroutine 34369
	/usr/lib/go/src/net/http/transport.go:1945 +0x17a5

goroutine 28547 [sync.Cond.Wait]:
sync.runtime_notifyListWait(0xc0024337d0, 0x6)
	/usr/lib/go/src/runtime/sema.go:597 +0x159
sync.(*Cond).Wait(0xc00e4db7d0?)
	/usr/lib/go/src/sync/cond.go:71 +0x85
github.com/centrifugal/centrifuge/internal/dissolve.(*queueImpl).Wait(0xc00d87b1f0)
	/home/mariell/go/pkg/mod/github.com/centrifugal/centrifuge@v0.33.3/internal/dissolve/queue.go:139 +0x4a
github.com/centrifugal/centrifuge/internal/dissolve.(*Dissolver).runWorker(0xc00f90a960)
	/home/mariell/go/pkg/mod/github.com/centrifugal/centrifuge@v0.33.3/internal/dissolve/dissolve.go:52 +0x27
created by github.com/centrifugal/centrifuge/internal/dissolve.(*Dissolver).Run in goroutine 27309
	/home/mariell/go/pkg/mod/github.com/centrifugal/centrifuge@v0.33.3/internal/dissolve/dissolve.go:31 +0x25

goroutine 28385 [select]:
github.com/patrickmn/go-cache.(*janitor).Run(0xc00e497800, 0xc0038ae600)
	/home/mariell/go/pkg/mod/github.com/patrickmn/go-cache@v2.1.0+incompatible/cache.go:1079 +0x7b
created by github.com/patrickmn/go-cache.runJanitor in goroutine 27309
	/home/mariell/go/pkg/mod/github.com/patrickmn/go-cache@v2.1.0+incompatible/cache.go:1099 +0xdb

goroutine 31559 [sync.Cond.Wait]:
sync.runtime_notifyListWait(0xc012c3ca90, 0x27)
	/usr/lib/go/src/runtime/sema.go:597 +0x159
sync.(*Cond).Wait(0x0?)
	/usr/lib/go/src/sync/cond.go:71 +0x85
github.com/centrifugal/centrifuge/internal/dissolve.(*queueImpl).Wait(0xc00c7c6e00)
	/home/mariell/go/pkg/mod/github.com/centrifugal/centrifuge@v0.33.3/internal/dissolve/queue.go:139 +0x4a
github.com/centrifugal/centrifuge/internal/dissolve.(*Dissolver).runWorker(0xc00e284af8)
	/home/mariell/go/pkg/mod/github.com/centrifugal/centrifuge@v0.33.3/internal/dissolve/dissolve.go:52 +0x27
created by github.com/centrifugal/centrifuge/internal/dissolve.(*Dissolver).Run in goroutine 30466
	/home/mariell/go/pkg/mod/github.com/centrifugal/centrifuge@v0.33.3/internal/dissolve/dissolve.go:31 +0x25

goroutine 30088 [sync.Cond.Wait]:
sync.runtime_notifyListWait(0xc0029f6450, 0x16)
	/usr/lib/go/src/runtime/sema.go:597 +0x159
sync.(*Cond).Wait(0x0?)
	/usr/lib/go/src/sync/cond.go:71 +0x85
github.com/centrifugal/centrifuge/internal/dissolve.(*queueImpl).Wait(0xc00ccdc000)
	/home/mariell/go/pkg/mod/github.com/centrifugal/centrifuge@v0.33.3/internal/dissolve/queue.go:139 +0x4a
github.com/centrifugal/centrifuge/internal/dissolve.(*Dissolver).runWorker(0xc00e0b3c50)
	/home/mariell/go/pkg/mod/github.com/centrifugal/centrifuge@v0.33.3/internal/dissolve/dissolve.go:52 +0x27
created by github.com/centrifugal/centrifuge/internal/dissolve.(*Dissolver).Run in goroutine 28801
	/home/mariell/go/pkg/mod/github.com/centrifugal/centrifuge@v0.33.3/internal/dissolve/dissolve.go:31 +0x25

goroutine 28433 [select]:
github.com/grafana/grafana/pkg/storage/unified/resource.(*broadcaster[...]).stream(0xab113a0, 0xc00d69b650)
	/home/mariell/work/oss/grafana/pkg/storage/unified/resource/broadcaster.go:205 +0x13d
created by github.com/grafana/grafana/pkg/storage/unified/resource.(*broadcaster[...]).init in goroutine 27309
	/home/mariell/work/oss/grafana/pkg/storage/unified/resource/broadcaster.go:177 +0x219

goroutine 28432 [select]:
github.com/grafana/grafana/pkg/storage/unified/resource.(*cache[...]).run(0xc00d699580)
	/home/mariell/work/oss/grafana/pkg/storage/unified/resource/broadcaster.go:291 +0xb0
created by github.com/grafana/grafana/pkg/storage/unified/resource.newChannelCache[...] in goroutine 27309
	/home/mariell/work/oss/grafana/pkg/storage/unified/resource/broadcaster.go:276 +0x189

goroutine 28843 [IO wait]:
internal/poll.runtime_pollWait(0x7775581713f8, 0x72)
	/usr/lib/go/src/runtime/netpoll.go:351 +0x85
internal/poll.(*pollDesc).wait(0xc00ed66180?, 0xc011670600?, 0x0)
	/usr/lib/go/src/internal/poll/fd_poll_runtime.go:84 +0x27
internal/poll.(*pollDesc).waitRead(...)
	/usr/lib/go/src/internal/poll/fd_poll_runtime.go:89
internal/poll.(*FD).Read(0xc00ed66180, {0xc011670600, 0x1300, 0x1300})
	/usr/lib/go/src/internal/poll/fd_unix.go:165 +0x27a
net.(*netFD).Read(0xc00ed66180, {0xc011670600?, 0x0?, 0x5?})
	/usr/lib/go/src/net/fd_posix.go:55 +0x25
net.(*conn).Read(0xc0095260b0, {0xc011670600?, 0x7775582e9a88?, 0x7775a8b293e8?})
	/usr/lib/go/src/net/net.go:194 +0x45
crypto/tls.(*atLeastReader).Read(0xc011360f18, {0xc011670600?, 0x43f787?, 0xc00e8ac9c8?})
	/usr/lib/go/src/crypto/tls/conn.go:809 +0x3b
bytes.(*Buffer).ReadFrom(0xc00ed5e9b8, {0xa94e300, 0xc011360f18})
	/usr/lib/go/src/bytes/buffer.go:211 +0x98
crypto/tls.(*Conn).readFromUntil(0xc00ed5e708, {0xa94dc00, 0xc0095260b0}, 0x444af4?)
	/usr/lib/go/src/crypto/tls/conn.go:831 +0xde
crypto/tls.(*Conn).readRecordOrCCS(0xc00ed5e708, 0x0)
	/usr/lib/go/src/crypto/tls/conn.go:629 +0x3cf
crypto/tls.(*Conn).readRecord(...)
	/usr/lib/go/src/crypto/tls/conn.go:591
crypto/tls.(*Conn).Read(0xc00ed5e708, {0xc00f23c000, 0x1000, 0xc0124ceab0?})
	/usr/lib/go/src/crypto/tls/conn.go:1385 +0x145
net/http.(*persistConn).Read(0xc0048b8a20, {0xc00f23c000?, 0x81fe45?, 0xa94be80?})
	/usr/lib/go/src/net/http/transport.go:2122 +0x47
bufio.(*Reader).fill(0xc0120b17a0)
	/usr/lib/go/src/bufio/bufio.go:113 +0x103
bufio.(*Reader).Peek(0xc0120b17a0, 0x1)
	/usr/lib/go/src/bufio/bufio.go:152 +0x53
net/http.(*persistConn).readLoop(0xc0048b8a20)
	/usr/lib/go/src/net/http/transport.go:2275 +0x172
created by net/http.(*Transport).dialConn in goroutine 28044
	/usr/lib/go/src/net/http/transport.go:1944 +0x174f

goroutine 28536 [select]:
github.com/centrifugal/centrifuge.(*Node).initMetrics.func1()
	/home/mariell/go/pkg/mod/github.com/centrifugal/centrifuge@v0.33.3/node.go:365 +0x8a
created by github.com/centrifugal/centrifuge.(*Node).initMetrics in goroutine 27309
	/home/mariell/go/pkg/mod/github.com/centrifugal/centrifuge@v0.33.3/node.go:363 +0x1f9

goroutine 44978 [select]:
github.com/patrickmn/go-cache.(*janitor).Run(0xc02665b130, 0xc021d37a40)
	/home/mariell/go/pkg/mod/github.com/patrickmn/go-cache@v2.1.0+incompatible/cache.go:1079 +0x7b
created by github.com/patrickmn/go-cache.runJanitor in goroutine 44067
	/home/mariell/go/pkg/mod/github.com/patrickmn/go-cache@v2.1.0+incompatible/cache.go:1099 +0xdb

goroutine 30074 [sync.Cond.Wait]:
sync.runtime_notifyListWait(0xc0029f6450, 0x8)
	/usr/lib/go/src/runtime/sema.go:597 +0x159
sync.(*Cond).Wait(0x0?)
	/usr/lib/go/src/sync/cond.go:71 +0x85
github.com/centrifugal/centrifuge/internal/dissolve.(*queueImpl).Wait(0xc00ccdc000)
	/home/mariell/go/pkg/mod/github.com/centrifugal/centrifuge@v0.33.3/internal/dissolve/queue.go:139 +0x4a
github.com/centrifugal/centrifuge/internal/dissolve.(*Dissolver).runWorker(0xc00e0b3c50)
	/home/mariell/go/pkg/mod/github.com/centrifugal/centrifuge@v0.33.3/internal/dissolve/dissolve.go:52 +0x27
created by github.com/centrifugal/centrifuge/internal/dissolve.(*Dissolver).Run in goroutine 28801
	/home/mariell/go/pkg/mod/github.com/centrifugal/centrifuge@v0.33.3/internal/dissolve/dissolve.go:31 +0x25

goroutine 44046 [select]:
k8s.io/apimachinery/pkg/util/wait.BackoffUntil(0xc015c60c40, {0xa95ac00, 0xc021cd6990}, 0x1, 0xc011dd5730)
	/home/mariell/go/pkg/mod/k8s.io/apimachinery@v0.32.1/pkg/util/wait/backoff.go:238 +0x12c
k8s.io/apimachinery/pkg/util/wait.JitterUntil(0xc015c60c40, 0x3b9aca00, 0x3ff3333333333333, 0x1, 0xc011dd5730)
	/home/mariell/go/pkg/mod/k8s.io/apimachinery@v0.32.1/pkg/util/wait/backoff.go:204 +0x7f
created by k8s.io/apiserver/pkg/registry/generic/registry.(*Store).startObservingCount in goroutine 42497
	/home/mariell/go/pkg/mod/k8s.io/apiserver@v0.32.1/pkg/registry/generic/registry/store.go:1666 +0x2f9

goroutine 40561 [sync.Cond.Wait]:
sync.runtime_notifyListWait(0xc0228a0b10, 0x1b)
	/usr/lib/go/src/runtime/sema.go:597 +0x159
sync.(*Cond).Wait(0x0?)
	/usr/lib/go/src/sync/cond.go:71 +0x85
github.com/centrifugal/centrifuge/internal/dissolve.(*queueImpl).Wait(0xc0228cc690)
	/home/mariell/go/pkg/mod/github.com/centrifugal/centrifuge@v0.33.3/internal/dissolve/queue.go:139 +0x4a
github.com/centrifugal/centrifuge/internal/dissolve.(*Dissolver).runWorker(0xc015fedd58)
	/home/mariell/go/pkg/mod/github.com/centrifugal/centrifuge@v0.33.3/internal/dissolve/dissolve.go:52 +0x27
created by github.com/centrifugal/centrifuge/internal/dissolve.(*Dissolver).Run in goroutine 36287
	/home/mariell/go/pkg/mod/github.com/centrifugal/centrifuge@v0.33.3/internal/dissolve/dissolve.go:31 +0x25

goroutine 75153 [select]:
github.com/grafana/grafana/pkg/storage/unified/resource.(*cache[...]).run(0xc042712d00)
	/home/mariell/work/oss/grafana/pkg/storage/unified/resource/broadcaster.go:291 +0xb0
created by github.com/grafana/grafana/pkg/storage/unified/resource.newChannelCache[...] in goroutine 3350
	/home/mariell/work/oss/grafana/pkg/storage/unified/resource/broadcaster.go:276 +0x189

goroutine 40558 [sync.Cond.Wait]:
sync.runtime_notifyListWait(0xc0228a0b10, 0x18)
	/usr/lib/go/src/runtime/sema.go:597 +0x159
sync.(*Cond).Wait(0x0?)
	/usr/lib/go/src/sync/cond.go:71 +0x85
github.com/centrifugal/centrifuge/internal/dissolve.(*queueImpl).Wait(0xc0228cc690)
	/home/mariell/go/pkg/mod/github.com/centrifugal/centrifuge@v0.33.3/internal/dissolve/queue.go:139 +0x4a
github.com/centrifugal/centrifuge/internal/dissolve.(*Dissolver).runWorker(0xc015fedd58)
	/home/mariell/go/pkg/mod/github.com/centrifugal/centrifuge@v0.33.3/internal/dissolve/dissolve.go:52 +0x27
created by github.com/centrifugal/centrifuge/internal/dissolve.(*Dissolver).Run in goroutine 36287
	/home/mariell/go/pkg/mod/github.com/centrifugal/centrifuge@v0.33.3/internal/dissolve/dissolve.go:31 +0x25

goroutine 41165 [sync.Cond.Wait]:
sync.runtime_notifyListWait(0xc01bc03e10, 0xe)
	/usr/lib/go/src/runtime/sema.go:597 +0x159
sync.(*Cond).Wait(0xc0227497d0?)
	/usr/lib/go/src/sync/cond.go:71 +0x85
github.com/centrifugal/centrifuge/internal/dissolve.(*queueImpl).Wait(0xc01e10aa10)
	/home/mariell/go/pkg/mod/github.com/centrifugal/centrifuge@v0.33.3/internal/dissolve/queue.go:139 +0x4a
github.com/centrifugal/centrifuge/internal/dissolve.(*Dissolver).runWorker(0xc0122187e0)
	/home/mariell/go/pkg/mod/github.com/centrifugal/centrifuge@v0.33.3/internal/dissolve/dissolve.go:52 +0x27
created by github.com/centrifugal/centrifuge/internal/dissolve.(*Dissolver).Run in goroutine 40816
	/home/mariell/go/pkg/mod/github.com/centrifugal/centrifuge@v0.33.3/internal/dissolve/dissolve.go:31 +0x25

goroutine 34654 [sync.Cond.Wait]:
sync.runtime_notifyListWait(0xc00dfe4bd0, 0x13)
	/usr/lib/go/src/runtime/sema.go:597 +0x159
sync.(*Cond).Wait(0x961cc91?)
	/usr/lib/go/src/sync/cond.go:71 +0x85
github.com/centrifugal/centrifuge/internal/dissolve.(*queueImpl).Wait(0xc01277aee0)
	/home/mariell/go/pkg/mod/github.com/centrifugal/centrifuge@v0.33.3/internal/dissolve/queue.go:139 +0x4a
github.com/centrifugal/centrifuge/internal/dissolve.(*Dissolver).runWorker(0xc015fec510)
	/home/mariell/go/pkg/mod/github.com/centrifugal/centrifuge@v0.33.3/internal/dissolve/dissolve.go:52 +0x27
created by github.com/centrifugal/centrifuge/internal/dissolve.(*Dissolver).Run in goroutine 33524
	/home/mariell/go/pkg/mod/github.com/centrifugal/centrifuge@v0.33.3/internal/dissolve/dissolve.go:31 +0x25

goroutine 46736 [sync.Cond.Wait]:
sync.runtime_notifyListWait(0xc016303990, 0x2d)
	/usr/lib/go/src/runtime/sema.go:597 +0x159
sync.(*Cond).Wait(0x0?)
	/usr/lib/go/src/sync/cond.go:71 +0x85
github.com/centrifugal/centrifuge/internal/dissolve.(*queueImpl).Wait(0xc020154850)
	/home/mariell/go/pkg/mod/github.com/centrifugal/centrifuge@v0.33.3/internal/dissolve/queue.go:139 +0x4a
github.com/centrifugal/centrifuge/internal/dissolve.(*Dissolver).runWorker(0xc00b4e8b40)
	/home/mariell/go/pkg/mod/github.com/centrifugal/centrifuge@v0.33.3/internal/dissolve/dissolve.go:52 +0x27
created by github.com/centrifugal/centrifuge/internal/dissolve.(*Dissolver).Run in goroutine 45402
	/home/mariell/go/pkg/mod/github.com/centrifugal/centrifuge@v0.33.3/internal/dissolve/dissolve.go:31 +0x25

goroutine 28551 [sync.Cond.Wait]:
sync.runtime_notifyListWait(0xc0024337d0, 0xa)
	/usr/lib/go/src/runtime/sema.go:597 +0x159
sync.(*Cond).Wait(0xc00d6bbfd0?)
	/usr/lib/go/src/sync/cond.go:71 +0x85
github.com/centrifugal/centrifuge/internal/dissolve.(*queueImpl).Wait(0xc00d87b1f0)
	/home/mariell/go/pkg/mod/github.com/centrifugal/centrifuge@v0.33.3/internal/dissolve/queue.go:139 +0x4a
github.com/centrifugal/centrifuge/internal/dissolve.(*Dissolver).runWorker(0xc00f90a960)
	/home/mariell/go/pkg/mod/github.com/centrifugal/centrifuge@v0.33.3/internal/dissolve/dissolve.go:52 +0x27
created by github.com/centrifugal/centrifuge/internal/dissolve.(*Dissolver).Run in goroutine 27309
	/home/mariell/go/pkg/mod/github.com/centrifugal/centrifuge@v0.33.3/internal/dissolve/dissolve.go:31 +0x25

goroutine 28552 [sync.Cond.Wait]:
sync.runtime_notifyListWait(0xc0024337d0, 0xb)
	/usr/lib/go/src/runtime/sema.go:597 +0x159
sync.(*Cond).Wait(0x15?)
	/usr/lib/go/src/sync/cond.go:71 +0x85
github.com/centrifugal/centrifuge/internal/dissolve.(*queueImpl).Wait(0xc00d87b1f0)
	/home/mariell/go/pkg/mod/github.com/centrifugal/centrifuge@v0.33.3/internal/dissolve/queue.go:139 +0x4a
github.com/centrifugal/centrifuge/internal/dissolve.(*Dissolver).runWorker(0xc00f90a960)
	/home/mariell/go/pkg/mod/github.com/centrifugal/centrifuge@v0.33.3/internal/dissolve/dissolve.go:52 +0x27
created by github.com/centrifugal/centrifuge/internal/dissolve.(*Dissolver).Run in goroutine 27309
	/home/mariell/go/pkg/mod/github.com/centrifugal/centrifuge@v0.33.3/internal/dissolve/dissolve.go:31 +0x25

goroutine 28553 [sync.Cond.Wait]:
sync.runtime_notifyListWait(0xc0024337d0, 0xc)
	/usr/lib/go/src/runtime/sema.go:597 +0x159
sync.(*Cond).Wait(0x0?)
	/usr/lib/go/src/sync/cond.go:71 +0x85
github.com/centrifugal/centrifuge/internal/dissolve.(*queueImpl).Wait(0xc00d87b1f0)
	/home/mariell/go/pkg/mod/github.com/centrifugal/centrifuge@v0.33.3/internal/dissolve/queue.go:139 +0x4a
github.com/centrifugal/centrifuge/internal/dissolve.(*Dissolver).runWorker(0xc00f90a960)
	/home/mariell/go/pkg/mod/github.com/centrifugal/centrifuge@v0.33.3/internal/dissolve/dissolve.go:52 +0x27
created by github.com/centrifugal/centrifuge/internal/dissolve.(*Dissolver).Run in goroutine 27309
	/home/mariell/go/pkg/mod/github.com/centrifugal/centrifuge@v0.33.3/internal/dissolve/dissolve.go:31 +0x25

goroutine 28554 [sync.Cond.Wait]:
sync.runtime_notifyListWait(0xc0024337d0, 0xd)
	/usr/lib/go/src/runtime/sema.go:597 +0x159
sync.(*Cond).Wait(0x1?)
	/usr/lib/go/src/sync/cond.go:71 +0x85
github.com/centrifugal/centrifuge/internal/dissolve.(*queueImpl).Wait(0xc00d87b1f0)
	/home/mariell/go/pkg/mod/github.com/centrifugal/centrifuge@v0.33.3/internal/dissolve/queue.go:139 +0x4a
github.com/centrifugal/centrifuge/internal/dissolve.(*Dissolver).runWorker(0xc00f90a960)
	/home/mariell/go/pkg/mod/github.com/centrifugal/centrifuge@v0.33.3/internal/dissolve/dissolve.go:52 +0x27
created by github.com/centrifugal/centrifuge/internal/dissolve.(*Dissolver).Run in goroutine 27309
	/home/mariell/go/pkg/mod/github.com/centrifugal/centrifuge@v0.33.3/internal/dissolve/dissolve.go:31 +0x25

goroutine 28555 [sync.Cond.Wait]:
sync.runtime_notifyListWait(0xc0024337d0, 0xe)
	/usr/lib/go/src/runtime/sema.go:597 +0x159
sync.(*Cond).Wait(0x0?)
	/usr/lib/go/src/sync/cond.go:71 +0x85
github.com/centrifugal/centrifuge/internal/dissolve.(*queueImpl).Wait(0xc00d87b1f0)
	/home/mariell/go/pkg/mod/github.com/centrifugal/centrifuge@v0.33.3/internal/dissolve/queue.go:139 +0x4a
github.com/centrifugal/centrifuge/internal/dissolve.(*Dissolver).runWorker(0xc00f90a960)
	/home/mariell/go/pkg/mod/github.com/centrifugal/centrifuge@v0.33.3/internal/dissolve/dissolve.go:52 +0x27
created by github.com/centrifugal/centrifuge/internal/dissolve.(*Dissolver).Run in goroutine 27309
	/home/mariell/go/pkg/mod/github.com/centrifugal/centrifuge@v0.33.3/internal/dissolve/dissolve.go:31 +0x25

goroutine 28556 [sync.Cond.Wait]:
sync.runtime_notifyListWait(0xc0024337d0, 0xf)
	/usr/lib/go/src/runtime/sema.go:597 +0x159
sync.(*Cond).Wait(0xc0098abfd0?)
	/usr/lib/go/src/sync/cond.go:71 +0x85
github.com/centrifugal/centrifuge/internal/dissolve.(*queueImpl).Wait(0xc00d87b1f0)
	/home/mariell/go/pkg/mod/github.com/centrifugal/centrifuge@v0.33.3/internal/dissolve/queue.go:139 +0x4a
github.com/centrifugal/centrifuge/internal/dissolve.(*Dissolver).runWorker(0xc00f90a960)
	/home/mariell/go/pkg/mod/github.com/centrifugal/centrifuge@v0.33.3/internal/dissolve/dissolve.go:52 +0x27
created by github.com/centrifugal/centrifuge/internal/dissolve.(*Dissolver).Run in goroutine 27309
	/home/mariell/go/pkg/mod/github.com/centrifugal/centrifuge@v0.33.3/internal/dissolve/dissolve.go:31 +0x25

goroutine 28557 [sync.Cond.Wait]:
sync.runtime_notifyListWait(0xc0024337d0, 0x10)
	/usr/lib/go/src/runtime/sema.go:597 +0x159
sync.(*Cond).Wait(0x0?)
	/usr/lib/go/src/sync/cond.go:71 +0x85
github.com/centrifugal/centrifuge/internal/dissolve.(*queueImpl).Wait(0xc00d87b1f0)
	/home/mariell/go/pkg/mod/github.com/centrifugal/centrifuge@v0.33.3/internal/dissolve/queue.go:139 +0x4a
github.com/centrifugal/centrifuge/internal/dissolve.(*Dissolver).runWorker(0xc00f90a960)
	/home/mariell/go/pkg/mod/github.com/centrifugal/centrifuge@v0.33.3/internal/dissolve/dissolve.go:52 +0x27
created by github.com/centrifugal/centrifuge/internal/dissolve.(*Dissolver).Run in goroutine 27309
	/home/mariell/go/pkg/mod/github.com/centrifugal/centrifuge@v0.33.3/internal/dissolve/dissolve.go:31 +0x25

goroutine 28558 [sync.Cond.Wait]:
sync.runtime_notifyListWait(0xc0024337d0, 0x11)
	/usr/lib/go/src/runtime/sema.go:597 +0x159
sync.(*Cond).Wait(0x1?)
	/usr/lib/go/src/sync/cond.go:71 +0x85
github.com/centrifugal/centrifuge/internal/dissolve.(*queueImpl).Wait(0xc00d87b1f0)
	/home/mariell/go/pkg/mod/github.com/centrifugal/centrifuge@v0.33.3/internal/dissolve/queue.go:139 +0x4a
github.com/centrifugal/centrifuge/internal/dissolve.(*Dissolver).runWorker(0xc00f90a960)
	/home/mariell/go/pkg/mod/github.com/centrifugal/centrifuge@v0.33.3/internal/dissolve/dissolve.go:52 +0x27
created by github.com/centrifugal/centrifuge/internal/dissolve.(*Dissolver).Run in goroutine 27309
	/home/mariell/go/pkg/mod/github.com/centrifugal/centrifuge@v0.33.3/internal/dissolve/dissolve.go:31 +0x25

goroutine 28559 [sync.Cond.Wait]:
sync.runtime_notifyListWait(0xc0024337d0, 0x12)
	/usr/lib/go/src/runtime/sema.go:597 +0x159
sync.(*Cond).Wait(0x8421084210842108?)
	/usr/lib/go/src/sync/cond.go:71 +0x85
github.com/centrifugal/centrifuge/internal/dissolve.(*queueImpl).Wait(0xc00d87b1f0)
	/home/mariell/go/pkg/mod/github.com/centrifugal/centrifuge@v0.33.3/internal/dissolve/queue.go:139 +0x4a
github.com/centrifugal/centrifuge/internal/dissolve.(*Dissolver).runWorker(0xc00f90a960)
	/home/mariell/go/pkg/mod/github.com/centrifugal/centrifuge@v0.33.3/internal/dissolve/dissolve.go:52 +0x27
created by github.com/centrifugal/centrifuge/internal/dissolve.(*Dissolver).Run in goroutine 27309
	/home/mariell/go/pkg/mod/github.com/centrifugal/centrifuge@v0.33.3/internal/dissolve/dissolve.go:31 +0x25

goroutine 28560 [sync.Cond.Wait]:
sync.runtime_notifyListWait(0xc0024337d0, 0x13)
	/usr/lib/go/src/runtime/sema.go:597 +0x159
sync.(*Cond).Wait(0xc011b920c0?)
	/usr/lib/go/src/sync/cond.go:71 +0x85
github.com/centrifugal/centrifuge/internal/dissolve.(*queueImpl).Wait(0xc00d87b1f0)
	/home/mariell/go/pkg/mod/github.com/centrifugal/centrifuge@v0.33.3/internal/dissolve/queue.go:139 +0x4a
github.com/centrifugal/centrifuge/internal/dissolve.(*Dissolver).runWorker(0xc00f90a960)
	/home/mariell/go/pkg/mod/github.com/centrifugal/centrifuge@v0.33.3/internal/dissolve/dissolve.go:52 +0x27
created by github.com/centrifugal/centrifuge/internal/dissolve.(*Dissolver).Run in goroutine 27309
	/home/mariell/go/pkg/mod/github.com/centrifugal/centrifuge@v0.33.3/internal/dissolve/dissolve.go:31 +0x25

goroutine 28561 [sync.Cond.Wait]:
sync.runtime_notifyListWait(0xc0024337d0, 0x14)
	/usr/lib/go/src/runtime/sema.go:597 +0x159
sync.(*Cond).Wait(0xc011b923f0?)
	/usr/lib/go/src/sync/cond.go:71 +0x85
github.com/centrifugal/centrifuge/internal/dissolve.(*queueImpl).Wait(0xc00d87b1f0)
	/home/mariell/go/pkg/mod/github.com/centrifugal/centrifuge@v0.33.3/internal/dissolve/queue.go:139 +0x4a
github.com/centrifugal/centrifuge/internal/dissolve.(*Dissolver).runWorker(0xc00f90a960)
	/home/mariell/go/pkg/mod/github.com/centrifugal/centrifuge@v0.33.3/internal/dissolve/dissolve.go:52 +0x27
created by github.com/centrifugal/centrifuge/internal/dissolve.(*Dissolver).Run in goroutine 27309
	/home/mariell/go/pkg/mod/github.com/centrifugal/centrifuge@v0.33.3/internal/dissolve/dissolve.go:31 +0x25

goroutine 28562 [sync.Cond.Wait]:
sync.runtime_notifyListWait(0xc0024337d0, 0x15)
	/usr/lib/go/src/runtime/sema.go:597 +0x159
sync.(*Cond).Wait(0xc011b926b0?)
	/usr/lib/go/src/sync/cond.go:71 +0x85
github.com/centrifugal/centrifuge/internal/dissolve.(*queueImpl).Wait(0xc00d87b1f0)
	/home/mariell/go/pkg/mod/github.com/centrifugal/centrifuge@v0.33.3/internal/dissolve/queue.go:139 +0x4a
github.com/centrifugal/centrifuge/internal/dissolve.(*Dissolver).runWorker(0xc00f90a960)
	/home/mariell/go/pkg/mod/github.com/centrifugal/centrifuge@v0.33.3/internal/dissolve/dissolve.go:52 +0x27
created by github.com/centrifugal/centrifuge/internal/dissolve.(*Dissolver).Run in goroutine 27309
	/home/mariell/go/pkg/mod/github.com/centrifugal/centrifuge@v0.33.3/internal/dissolve/dissolve.go:31 +0x25

goroutine 28563 [sync.Cond.Wait]:
sync.runtime_notifyListWait(0xc0024337d0, 0x16)
	/usr/lib/go/src/runtime/sema.go:597 +0x159
sync.(*Cond).Wait(0xc152c152c152c152?)
	/usr/lib/go/src/sync/cond.go:71 +0x85
github.com/centrifugal/centrifuge/internal/dissolve.(*queueImpl).Wait(0xc00d87b1f0)
	/home/mariell/go/pkg/mod/github.com/centrifugal/centrifuge@v0.33.3/internal/dissolve/queue.go:139 +0x4a
github.com/centrifugal/centrifuge/internal/dissolve.(*Dissolver).runWorker(0xc00f90a960)
	/home/mariell/go/pkg/mod/github.com/centrifugal/centrifuge@v0.33.3/internal/dissolve/dissolve.go:52 +0x27
created by github.com/centrifugal/centrifuge/internal/dissolve.(*Dissolver).Run in goroutine 27309
	/home/mariell/go/pkg/mod/github.com/centrifugal/centrifuge@v0.33.3/internal/dissolve/dissolve.go:31 +0x25

goroutine 28564 [sync.Cond.Wait]:
sync.runtime_notifyListWait(0xc0024337d0, 0x7)
	/usr/lib/go/src/runtime/sema.go:597 +0x159
sync.(*Cond).Wait(0x0?)
	/usr/lib/go/src/sync/cond.go:71 +0x85
github.com/centrifugal/centrifuge/internal/dissolve.(*queueImpl).Wait(0xc00d87b1f0)
	/home/mariell/go/pkg/mod/github.com/centrifugal/centrifuge@v0.33.3/internal/dissolve/queue.go:139 +0x4a
github.com/centrifugal/centrifuge/internal/dissolve.(*Dissolver).runWorker(0xc00f90a960)
	/home/mariell/go/pkg/mod/github.com/centrifugal/centrifuge@v0.33.3/internal/dissolve/dissolve.go:52 +0x27
created by github.com/centrifugal/centrifuge/internal/dissolve.(*Dissolver).Run in goroutine 27309
	/home/mariell/go/pkg/mod/github.com/centrifugal/centrifuge@v0.33.3/internal/dissolve/dissolve.go:31 +0x25

goroutine 28565 [sync.Cond.Wait]:
sync.runtime_notifyListWait(0xc0024337d0, 0x18)
	/usr/lib/go/src/runtime/sema.go:597 +0x159
sync.(*Cond).Wait(0x1?)
	/usr/lib/go/src/sync/cond.go:71 +0x85
github.com/centrifugal/centrifuge/internal/dissolve.(*queueImpl).Wait(0xc00d87b1f0)
	/home/mariell/go/pkg/mod/github.com/centrifugal/centrifuge@v0.33.3/internal/dissolve/queue.go:139 +0x4a
github.com/centrifugal/centrifuge/internal/dissolve.(*Dissolver).runWorker(0xc00f90a960)
	/home/mariell/go/pkg/mod/github.com/centrifugal/centrifuge@v0.33.3/internal/dissolve/dissolve.go:52 +0x27
created by github.com/centrifugal/centrifuge/internal/dissolve.(*Dissolver).Run in goroutine 27309
	/home/mariell/go/pkg/mod/github.com/centrifugal/centrifuge@v0.33.3/internal/dissolve/dissolve.go:31 +0x25

goroutine 28566 [sync.Cond.Wait]:
sync.runtime_notifyListWait(0xc0024337d0, 0x19)
	/usr/lib/go/src/runtime/sema.go:597 +0x159
sync.(*Cond).Wait(0x0?)
	/usr/lib/go/src/sync/cond.go:71 +0x85
github.com/centrifugal/centrifuge/internal/dissolve.(*queueImpl).Wait(0xc00d87b1f0)
	/home/mariell/go/pkg/mod/github.com/centrifugal/centrifuge@v0.33.3/internal/dissolve/queue.go:139 +0x4a
github.com/centrifugal/centrifuge/internal/dissolve.(*Dissolver).runWorker(0xc00f90a960)
	/home/mariell/go/pkg/mod/github.com/centrifugal/centrifuge@v0.33.3/internal/dissolve/dissolve.go:52 +0x27
created by github.com/centrifugal/centrifuge/internal/dissolve.(*Dissolver).Run in goroutine 27309
	/home/mariell/go/pkg/mod/github.com/centrifugal/centrifuge@v0.33.3/internal/dissolve/dissolve.go:31 +0x25

goroutine 28567 [sync.Cond.Wait]:
sync.runtime_notifyListWait(0xc0024337d0, 0x1a)
	/usr/lib/go/src/runtime/sema.go:597 +0x159
sync.(*Cond).Wait(0xc00cd707d0?)
	/usr/lib/go/src/sync/cond.go:71 +0x85
github.com/centrifugal/centrifuge/internal/dissolve.(*queueImpl).Wait(0xc00d87b1f0)
	/home/mariell/go/pkg/mod/github.com/centrifugal/centrifuge@v0.33.3/internal/dissolve/queue.go:139 +0x4a
github.com/centrifugal/centrifuge/internal/dissolve.(*Dissolver).runWorker(0xc00f90a960)
	/home/mariell/go/pkg/mod/github.com/centrifugal/centrifuge@v0.33.3/internal/dissolve/dissolve.go:52 +0x27
created by github.com/centrifugal/centrifuge/internal/dissolve.(*Dissolver).Run in goroutine 27309
	/home/mariell/go/pkg/mod/github.com/centrifugal/centrifuge@v0.33.3/internal/dissolve/dissolve.go:31 +0x25

goroutine 28568 [sync.Cond.Wait]:
sync.runtime_notifyListWait(0xc0024337d0, 0x1b)
	/usr/lib/go/src/runtime/sema.go:597 +0x159
sync.(*Cond).Wait(0xc002397c20?)
	/usr/lib/go/src/sync/cond.go:71 +0x85
github.com/centrifugal/centrifuge/internal/dissolve.(*queueImpl).Wait(0xc00d87b1f0)
	/home/mariell/go/pkg/mod/github.com/centrifugal/centrifuge@v0.33.3/internal/dissolve/queue.go:139 +0x4a
github.com/centrifugal/centrifuge/internal/dissolve.(*Dissolver).runWorker(0xc00f90a960)
	/home/mariell/go/pkg/mod/github.com/centrifugal/centrifuge@v0.33.3/internal/dissolve/dissolve.go:52 +0x27
created by github.com/centrifugal/centrifuge/internal/dissolve.(*Dissolver).Run in goroutine 27309
	/home/mariell/go/pkg/mod/github.com/centrifugal/centrifuge@v0.33.3/internal/dissolve/dissolve.go:31 +0x25

goroutine 28569 [sync.Cond.Wait]:
sync.runtime_notifyListWait(0xc0024337d0, 0x1c)
	/usr/lib/go/src/runtime/sema.go:597 +0x159
sync.(*Cond).Wait(0xffffffffffffffff?)
	/usr/lib/go/src/sync/cond.go:71 +0x85
github.com/centrifugal/centrifuge/internal/dissolve.(*queueImpl).Wait(0xc00d87b1f0)
	/home/mariell/go/pkg/mod/github.com/centrifugal/centrifuge@v0.33.3/internal/dissolve/queue.go:139 +0x4a
github.com/centrifugal/centrifuge/internal/dissolve.(*Dissolver).runWorker(0xc00f90a960)
	/home/mariell/go/pkg/mod/github.com/centrifugal/centrifuge@v0.33.3/internal/dissolve/dissolve.go:52 +0x27
created by github.com/centrifugal/centrifuge/internal/dissolve.(*Dissolver).Run in goroutine 27309
	/home/mariell/go/pkg/mod/github.com/centrifugal/centrifuge@v0.33.3/internal/dissolve/dissolve.go:31 +0x25

goroutine 28570 [sync.Cond.Wait]:
sync.runtime_notifyListWait(0xc0024337d0, 0x1d)
	/usr/lib/go/src/runtime/sema.go:597 +0x159
sync.(*Cond).Wait(0x2?)
	/usr/lib/go/src/sync/cond.go:71 +0x85
github.com/centrifugal/centrifuge/internal/dissolve.(*queueImpl).Wait(0xc00d87b1f0)
	/home/mariell/go/pkg/mod/github.com/centrifugal/centrifuge@v0.33.3/internal/dissolve/queue.go:139 +0x4a
github.com/centrifugal/centrifuge/internal/dissolve.(*Dissolver).runWorker(0xc00f90a960)
	/home/mariell/go/pkg/mod/github.com/centrifugal/centrifuge@v0.33.3/internal/dissolve/dissolve.go:52 +0x27
created by github.com/centrifugal/centrifuge/internal/dissolve.(*Dissolver).Run in goroutine 27309
	/home/mariell/go/pkg/mod/github.com/centrifugal/centrifuge@v0.33.3/internal/dissolve/dissolve.go:31 +0x25

goroutine 28571 [sync.Cond.Wait]:
sync.runtime_notifyListWait(0xc0024337d0, 0x1e)
	/usr/lib/go/src/runtime/sema.go:597 +0x159
sync.(*Cond).Wait(0xc013b71fd0?)
	/usr/lib/go/src/sync/cond.go:71 +0x85
github.com/centrifugal/centrifuge/internal/dissolve.(*queueImpl).Wait(0xc00d87b1f0)
	/home/mariell/go/pkg/mod/github.com/centrifugal/centrifuge@v0.33.3/internal/dissolve/queue.go:139 +0x4a
github.com/centrifugal/centrifuge/internal/dissolve.(*Dissolver).runWorker(0xc00f90a960)
	/home/mariell/go/pkg/mod/github.com/centrifugal/centrifuge@v0.33.3/internal/dissolve/dissolve.go:52 +0x27
created by github.com/centrifugal/centrifuge/internal/dissolve.(*Dissolver).Run in goroutine 27309
	/home/mariell/go/pkg/mod/github.com/centrifugal/centrifuge@v0.33.3/internal/dissolve/dissolve.go:31 +0x25

goroutine 28572 [sync.Cond.Wait]:
sync.runtime_notifyListWait(0xc0024337d0, 0x1f)
	/usr/lib/go/src/runtime/sema.go:597 +0x159
sync.(*Cond).Wait(0x5?)
	/usr/lib/go/src/sync/cond.go:71 +0x85
github.com/centrifugal/centrifuge/internal/dissolve.(*queueImpl).Wait(0xc00d87b1f0)
	/home/mariell/go/pkg/mod/github.com/centrifugal/centrifuge@v0.33.3/internal/dissolve/queue.go:139 +0x4a
github.com/centrifugal/centrifuge/internal/dissolve.(*Dissolver).runWorker(0xc00f90a960)
	/home/mariell/go/pkg/mod/github.com/centrifugal/centrifuge@v0.33.3/internal/dissolve/dissolve.go:52 +0x27
created by github.com/centrifugal/centrifuge/internal/dissolve.(*Dissolver).Run in goroutine 27309
	/home/mariell/go/pkg/mod/github.com/centrifugal/centrifuge@v0.33.3/internal/dissolve/dissolve.go:31 +0x25

goroutine 28573 [sync.Cond.Wait]:
sync.runtime_notifyListWait(0xc0024337d0, 0x20)
	/usr/lib/go/src/runtime/sema.go:597 +0x159
sync.(*Cond).Wait(0x0?)
	/usr/lib/go/src/sync/cond.go:71 +0x85
github.com/centrifugal/centrifuge/internal/dissolve.(*queueImpl).Wait(0xc00d87b1f0)
	/home/mariell/go/pkg/mod/github.com/centrifugal/centrifuge@v0.33.3/internal/dissolve/queue.go:139 +0x4a
github.com/centrifugal/centrifuge/internal/dissolve.(*Dissolver).runWorker(0xc00f90a960)
	/home/mariell/go/pkg/mod/github.com/centrifugal/centrifuge@v0.33.3/internal/dissolve/dissolve.go:52 +0x27
created by github.com/centrifugal/centrifuge/internal/dissolve.(*Dissolver).Run in goroutine 27309
	/home/mariell/go/pkg/mod/github.com/centrifugal/centrifuge@v0.33.3/internal/dissolve/dissolve.go:31 +0x25

goroutine 28574 [sync.Cond.Wait]:
sync.runtime_notifyListWait(0xc0024337d0, 0x21)
	/usr/lib/go/src/runtime/sema.go:597 +0x159
sync.(*Cond).Wait(0x1?)
	/usr/lib/go/src/sync/cond.go:71 +0x85
github.com/centrifugal/centrifuge/internal/dissolve.(*queueImpl).Wait(0xc00d87b1f0)
	/home/mariell/go/pkg/mod/github.com/centrifugal/centrifuge@v0.33.3/internal/dissolve/queue.go:139 +0x4a
github.com/centrifugal/centrifuge/internal/dissolve.(*Dissolver).runWorker(0xc00f90a960)
	/home/mariell/go/pkg/mod/github.com/centrifugal/centrifuge@v0.33.3/internal/dissolve/dissolve.go:52 +0x27
created by github.com/centrifugal/centrifuge/internal/dissolve.(*Dissolver).Run in goroutine 27309
	/home/mariell/go/pkg/mod/github.com/centrifugal/centrifuge@v0.33.3/internal/dissolve/dissolve.go:31 +0x25

goroutine 28575 [sync.Cond.Wait]:
sync.runtime_notifyListWait(0xc0024337d0, 0x22)
	/usr/lib/go/src/runtime/sema.go:597 +0x159
sync.(*Cond).Wait(0x8421084210842108?)
	/usr/lib/go/src/sync/cond.go:71 +0x85
github.com/centrifugal/centrifuge/internal/dissolve.(*queueImpl).Wait(0xc00d87b1f0)
	/home/mariell/go/pkg/mod/github.com/centrifugal/centrifuge@v0.33.3/internal/dissolve/queue.go:139 +0x4a
github.com/centrifugal/centrifuge/internal/dissolve.(*Dissolver).runWorker(0xc00f90a960)
	/home/mariell/go/pkg/mod/github.com/centrifugal/centrifuge@v0.33.3/internal/dissolve/dissolve.go:52 +0x27
created by github.com/centrifugal/centrifuge/internal/dissolve.(*Dissolver).Run in goroutine 27309
	/home/mariell/go/pkg/mod/github.com/centrifugal/centrifuge@v0.33.3/internal/dissolve/dissolve.go:31 +0x25

goroutine 28576 [sync.Cond.Wait]:
sync.runtime_notifyListWait(0xc0024337d0, 0x23)
	/usr/lib/go/src/runtime/sema.go:597 +0x159
sync.(*Cond).Wait(0x0?)
	/usr/lib/go/src/sync/cond.go:71 +0x85
github.com/centrifugal/centrifuge/internal/dissolve.(*queueImpl).Wait(0xc00d87b1f0)
	/home/mariell/go/pkg/mod/github.com/centrifugal/centrifuge@v0.33.3/internal/dissolve/queue.go:139 +0x4a
github.com/centrifugal/centrifuge/internal/dissolve.(*Dissolver).runWorker(0xc00f90a960)
	/home/mariell/go/pkg/mod/github.com/centrifugal/centrifuge@v0.33.3/internal/dissolve/dissolve.go:52 +0x27
created by github.com/centrifugal/centrifuge/internal/dissolve.(*Dissolver).Run in goroutine 27309
	/home/mariell/go/pkg/mod/github.com/centrifugal/centrifuge@v0.33.3/internal/dissolve/dissolve.go:31 +0x25

goroutine 28577 [sync.Cond.Wait]:
sync.runtime_notifyListWait(0xc0024337d0, 0x24)
	/usr/lib/go/src/runtime/sema.go:597 +0x159
sync.(*Cond).Wait(0x0?)
	/usr/lib/go/src/sync/cond.go:71 +0x85
github.com/centrifugal/centrifuge/internal/dissolve.(*queueImpl).Wait(0xc00d87b1f0)
	/home/mariell/go/pkg/mod/github.com/centrifugal/centrifuge@v0.33.3/internal/dissolve/queue.go:139 +0x4a
github.com/centrifugal/centrifuge/internal/dissolve.(*Dissolver).runWorker(0xc00f90a960)
	/home/mariell/go/pkg/mod/github.com/centrifugal/centrifuge@v0.33.3/internal/dissolve/dissolve.go:52 +0x27
created by github.com/centrifugal/centrifuge/internal/dissolve.(*Dissolver).Run in goroutine 27309
	/home/mariell/go/pkg/mod/github.com/centrifugal/centrifuge@v0.33.3/internal/dissolve/dissolve.go:31 +0x25

goroutine 28578 [sync.Cond.Wait]:
sync.runtime_notifyListWait(0xc0024337d0, 0x25)
	/usr/lib/go/src/runtime/sema.go:597 +0x159
sync.(*Cond).Wait(0x0?)
	/usr/lib/go/src/sync/cond.go:71 +0x85
github.com/centrifugal/centrifuge/internal/dissolve.(*queueImpl).Wait(0xc00d87b1f0)
	/home/mariell/go/pkg/mod/github.com/centrifugal/centrifuge@v0.33.3/internal/dissolve/queue.go:139 +0x4a
github.com/centrifugal/centrifuge/internal/dissolve.(*Dissolver).runWorker(0xc00f90a960)
	/home/mariell/go/pkg/mod/github.com/centrifugal/centrifuge@v0.33.3/internal/dissolve/dissolve.go:52 +0x27
created by github.com/centrifugal/centrifuge/internal/dissolve.(*Dissolver).Run in goroutine 27309
	/home/mariell/go/pkg/mod/github.com/centrifugal/centrifuge@v0.33.3/internal/dissolve/dissolve.go:31 +0x25

goroutine 28579 [sync.Cond.Wait]:
sync.runtime_notifyListWait(0xc0024337d0, 0x26)
	/usr/lib/go/src/runtime/sema.go:597 +0x159
sync.(*Cond).Wait(0x0?)
	/usr/lib/go/src/sync/cond.go:71 +0x85
github.com/centrifugal/centrifuge/internal/dissolve.(*queueImpl).Wait(0xc00d87b1f0)
	/home/mariell/go/pkg/mod/github.com/centrifugal/centrifuge@v0.33.3/internal/dissolve/queue.go:139 +0x4a
github.com/centrifugal/centrifuge/internal/dissolve.(*Dissolver).runWorker(0xc00f90a960)
	/home/mariell/go/pkg/mod/github.com/centrifugal/centrifuge@v0.33.3/internal/dissolve/dissolve.go:52 +0x27
created by github.com/centrifugal/centrifuge/internal/dissolve.(*Dissolver).Run in goroutine 27309
	/home/mariell/go/pkg/mod/github.com/centrifugal/centrifuge@v0.33.3/internal/dissolve/dissolve.go:31 +0x25

goroutine 28580 [sync.Cond.Wait]:
sync.runtime_notifyListWait(0xc0024337d0, 0x27)
	/usr/lib/go/src/runtime/sema.go:597 +0x159
sync.(*Cond).Wait(0x2?)
	/usr/lib/go/src/sync/cond.go:71 +0x85
github.com/centrifugal/centrifuge/internal/dissolve.(*queueImpl).Wait(0xc00d87b1f0)
	/home/mariell/go/pkg/mod/github.com/centrifugal/centrifuge@v0.33.3/internal/dissolve/queue.go:139 +0x4a
github.com/centrifugal/centrifuge/internal/dissolve.(*Dissolver).runWorker(0xc00f90a960)
	/home/mariell/go/pkg/mod/github.com/centrifugal/centrifuge@v0.33.3/internal/dissolve/dissolve.go:52 +0x27
created by github.com/centrifugal/centrifuge/internal/dissolve.(*Dissolver).Run in goroutine 27309
	/home/mariell/go/pkg/mod/github.com/centrifugal/centrifuge@v0.33.3/internal/dissolve/dissolve.go:31 +0x25

goroutine 28581 [sync.Cond.Wait]:
sync.runtime_notifyListWait(0xc0024337d0, 0x17)
	/usr/lib/go/src/runtime/sema.go:597 +0x159
sync.(*Cond).Wait(0x41238b?)
	/usr/lib/go/src/sync/cond.go:71 +0x85
github.com/centrifugal/centrifuge/internal/dissolve.(*queueImpl).Wait(0xc00d87b1f0)
	/home/mariell/go/pkg/mod/github.com/centrifugal/centrifuge@v0.33.3/internal/dissolve/queue.go:139 +0x4a
github.com/centrifugal/centrifuge/internal/dissolve.(*Dissolver).runWorker(0xc00f90a960)
	/home/mariell/go/pkg/mod/github.com/centrifugal/centrifuge@v0.33.3/internal/dissolve/dissolve.go:52 +0x27
created by github.com/centrifugal/centrifuge/internal/dissolve.(*Dissolver).Run in goroutine 27309
	/home/mariell/go/pkg/mod/github.com/centrifugal/centrifuge@v0.33.3/internal/dissolve/dissolve.go:31 +0x25

goroutine 28582 [sync.Cond.Wait]:
sync.runtime_notifyListWait(0xc0024337d0, 0x2a)
	/usr/lib/go/src/runtime/sema.go:597 +0x159
sync.(*Cond).Wait(0x41df05?)
	/usr/lib/go/src/sync/cond.go:71 +0x85
github.com/centrifugal/centrifuge/internal/dissolve.(*queueImpl).Wait(0xc00d87b1f0)
	/home/mariell/go/pkg/mod/github.com/centrifugal/centrifuge@v0.33.3/internal/dissolve/queue.go:139 +0x4a
github.com/centrifugal/centrifuge/internal/dissolve.(*Dissolver).runWorker(0xc00f90a960)
	/home/mariell/go/pkg/mod/github.com/centrifugal/centrifuge@v0.33.3/internal/dissolve/dissolve.go:52 +0x27
created by github.com/centrifugal/centrifuge/internal/dissolve.(*Dissolver).Run in goroutine 27309
	/home/mariell/go/pkg/mod/github.com/centrifugal/centrifuge@v0.33.3/internal/dissolve/dissolve.go:31 +0x25

goroutine 28583 [sync.Cond.Wait]:
sync.runtime_notifyListWait(0xc0024337d0, 0x2b)
	/usr/lib/go/src/runtime/sema.go:597 +0x159
sync.(*Cond).Wait(0xc013b73fd0?)
	/usr/lib/go/src/sync/cond.go:71 +0x85
github.com/centrifugal/centrifuge/internal/dissolve.(*queueImpl).Wait(0xc00d87b1f0)
	/home/mariell/go/pkg/mod/github.com/centrifugal/centrifuge@v0.33.3/internal/dissolve/queue.go:139 +0x4a
github.com/centrifugal/centrifuge/internal/dissolve.(*Dissolver).runWorker(0xc00f90a960)
	/home/mariell/go/pkg/mod/github.com/centrifugal/centrifuge@v0.33.3/internal/dissolve/dissolve.go:52 +0x27
created by github.com/centrifugal/centrifuge/internal/dissolve.(*Dissolver).Run in goroutine 27309
	/home/mariell/go/pkg/mod/github.com/centrifugal/centrifuge@v0.33.3/internal/dissolve/dissolve.go:31 +0x25

goroutine 28584 [sync.Cond.Wait]:
sync.runtime_notifyListWait(0xc0024337d0, 0x2c)
	/usr/lib/go/src/runtime/sema.go:597 +0x159
sync.(*Cond).Wait(0xc010ca7520?)
	/usr/lib/go/src/sync/cond.go:71 +0x85
github.com/centrifugal/centrifuge/internal/dissolve.(*queueImpl).Wait(0xc00d87b1f0)
	/home/mariell/go/pkg/mod/github.com/centrifugal/centrifuge@v0.33.3/internal/dissolve/queue.go:139 +0x4a
github.com/centrifugal/centrifuge/internal/dissolve.(*Dissolver).runWorker(0xc00f90a960)
	/home/mariell/go/pkg/mod/github.com/centrifugal/centrifuge@v0.33.3/internal/dissolve/dissolve.go:52 +0x27
created by github.com/centrifugal/centrifuge/internal/dissolve.(*Dissolver).Run in goroutine 27309
	/home/mariell/go/pkg/mod/github.com/centrifugal/centrifuge@v0.33.3/internal/dissolve/dissolve.go:31 +0x25

goroutine 28585 [sync.Cond.Wait]:
sync.runtime_notifyListWait(0xc0024337d0, 0x2d)
	/usr/lib/go/src/runtime/sema.go:597 +0x159
sync.(*Cond).Wait(0x17?)
	/usr/lib/go/src/sync/cond.go:71 +0x85
github.com/centrifugal/centrifuge/internal/dissolve.(*queueImpl).Wait(0xc00d87b1f0)
	/home/mariell/go/pkg/mod/github.com/centrifugal/centrifuge@v0.33.3/internal/dissolve/queue.go:139 +0x4a
github.com/centrifugal/centrifuge/internal/dissolve.(*Dissolver).runWorker(0xc00f90a960)
	/home/mariell/go/pkg/mod/github.com/centrifugal/centrifuge@v0.33.3/internal/dissolve/dissolve.go:52 +0x27
created by github.com/centrifugal/centrifuge/internal/dissolve.(*Dissolver).Run in goroutine 27309
	/home/mariell/go/pkg/mod/github.com/centrifugal/centrifuge@v0.33.3/internal/dissolve/dissolve.go:31 +0x25

goroutine 28586 [sync.Cond.Wait]:
sync.runtime_notifyListWait(0xc0024337d0, 0x2e)
	/usr/lib/go/src/runtime/sema.go:597 +0x159
sync.(*Cond).Wait(0x0?)
	/usr/lib/go/src/sync/cond.go:71 +0x85
github.com/centrifugal/centrifuge/internal/dissolve.(*queueImpl).Wait(0xc00d87b1f0)
	/home/mariell/go/pkg/mod/github.com/centrifugal/centrifuge@v0.33.3/internal/dissolve/queue.go:139 +0x4a
github.com/centrifugal/centrifuge/internal/dissolve.(*Dissolver).runWorker(0xc00f90a960)
	/home/mariell/go/pkg/mod/github.com/centrifugal/centrifuge@v0.33.3/internal/dissolve/dissolve.go:52 +0x27
created by github.com/centrifugal/centrifuge/internal/dissolve.(*Dissolver).Run in goroutine 27309
	/home/mariell/go/pkg/mod/github.com/centrifugal/centrifuge@v0.33.3/internal/dissolve/dissolve.go:31 +0x25

goroutine 28587 [sync.Cond.Wait]:
sync.runtime_notifyListWait(0xc0024337d0, 0x2f)
	/usr/lib/go/src/runtime/sema.go:597 +0x159
sync.(*Cond).Wait(0x8234b8?)
	/usr/lib/go/src/sync/cond.go:71 +0x85
github.com/centrifugal/centrifuge/internal/dissolve.(*queueImpl).Wait(0xc00d87b1f0)
	/home/mariell/go/pkg/mod/github.com/centrifugal/centrifuge@v0.33.3/internal/dissolve/queue.go:139 +0x4a
github.com/centrifugal/centrifuge/internal/dissolve.(*Dissolver).runWorker(0xc00f90a960)
	/home/mariell/go/pkg/mod/github.com/centrifugal/centrifuge@v0.33.3/internal/dissolve/dissolve.go:52 +0x27
created by github.com/centrifugal/centrifuge/internal/dissolve.(*Dissolver).Run in goroutine 27309
	/home/mariell/go/pkg/mod/github.com/centrifugal/centrifuge@v0.33.3/internal/dissolve/dissolve.go:31 +0x25

goroutine 28588 [sync.Cond.Wait]:
sync.runtime_notifyListWait(0xc0024337d0, 0x30)
	/usr/lib/go/src/runtime/sema.go:597 +0x159
sync.(*Cond).Wait(0x0?)
	/usr/lib/go/src/sync/cond.go:71 +0x85
github.com/centrifugal/centrifuge/internal/dissolve.(*queueImpl).Wait(0xc00d87b1f0)
	/home/mariell/go/pkg/mod/github.com/centrifugal/centrifuge@v0.33.3/internal/dissolve/queue.go:139 +0x4a
github.com/centrifugal/centrifuge/internal/dissolve.(*Dissolver).runWorker(0xc00f90a960)
	/home/mariell/go/pkg/mod/github.com/centrifugal/centrifuge@v0.33.3/internal/dissolve/dissolve.go:52 +0x27
created by github.com/centrifugal/centrifuge/internal/dissolve.(*Dissolver).Run in goroutine 27309
	/home/mariell/go/pkg/mod/github.com/centrifugal/centrifuge@v0.33.3/internal/dissolve/dissolve.go:31 +0x25

goroutine 28589 [sync.Cond.Wait]:
sync.runtime_notifyListWait(0xc0024337d0, 0x31)
	/usr/lib/go/src/runtime/sema.go:597 +0x159
sync.(*Cond).Wait(0xc009b27588?)
	/usr/lib/go/src/sync/cond.go:71 +0x85
github.com/centrifugal/centrifuge/internal/dissolve.(*queueImpl).Wait(0xc00d87b1f0)
	/home/mariell/go/pkg/mod/github.com/centrifugal/centrifuge@v0.33.3/internal/dissolve/queue.go:139 +0x4a
github.com/centrifugal/centrifuge/internal/dissolve.(*Dissolver).runWorker(0xc00f90a960)
	/home/mariell/go/pkg/mod/github.com/centrifugal/centrifuge@v0.33.3/internal/dissolve/dissolve.go:52 +0x27
created by github.com/centrifugal/centrifuge/internal/dissolve.(*Dissolver).Run in goroutine 27309
	/home/mariell/go/pkg/mod/github.com/centrifugal/centrifuge@v0.33.3/internal/dissolve/dissolve.go:31 +0x25

goroutine 28590 [sync.Cond.Wait]:
sync.runtime_notifyListWait(0xc0024337d0, 0x32)
	/usr/lib/go/src/runtime/sema.go:597 +0x159
sync.(*Cond).Wait(0x1?)
	/usr/lib/go/src/sync/cond.go:71 +0x85
github.com/centrifugal/centrifuge/internal/dissolve.(*queueImpl).Wait(0xc00d87b1f0)
	/home/mariell/go/pkg/mod/github.com/centrifugal/centrifuge@v0.33.3/internal/dissolve/queue.go:139 +0x4a
github.com/centrifugal/centrifuge/internal/dissolve.(*Dissolver).runWorker(0xc00f90a960)
	/home/mariell/go/pkg/mod/github.com/centrifugal/centrifuge@v0.33.3/internal/dissolve/dissolve.go:52 +0x27
created by github.com/centrifugal/centrifuge/internal/dissolve.(*Dissolver).Run in goroutine 27309
	/home/mariell/go/pkg/mod/github.com/centrifugal/centrifuge@v0.33.3/internal/dissolve/dissolve.go:31 +0x25

goroutine 28591 [sync.Cond.Wait]:
sync.runtime_notifyListWait(0xc0024337d0, 0x33)
	/usr/lib/go/src/runtime/sema.go:597 +0x159
sync.(*Cond).Wait(0x0?)
	/usr/lib/go/src/sync/cond.go:71 +0x85
github.com/centrifugal/centrifuge/internal/dissolve.(*queueImpl).Wait(0xc00d87b1f0)
	/home/mariell/go/pkg/mod/github.com/centrifugal/centrifuge@v0.33.3/internal/dissolve/queue.go:139 +0x4a
github.com/centrifugal/centrifuge/internal/dissolve.(*Dissolver).runWorker(0xc00f90a960)
	/home/mariell/go/pkg/mod/github.com/centrifugal/centrifuge@v0.33.3/internal/dissolve/dissolve.go:52 +0x27
created by github.com/centrifugal/centrifuge/internal/dissolve.(*Dissolver).Run in goroutine 27309
	/home/mariell/go/pkg/mod/github.com/centrifugal/centrifuge@v0.33.3/internal/dissolve/dissolve.go:31 +0x25

goroutine 28592 [sync.Cond.Wait]:
sync.runtime_notifyListWait(0xc0024337d0, 0x29)
	/usr/lib/go/src/runtime/sema.go:597 +0x159
sync.(*Cond).Wait(0x0?)
	/usr/lib/go/src/sync/cond.go:71 +0x85
github.com/centrifugal/centrifuge/internal/dissolve.(*queueImpl).Wait(0xc00d87b1f0)
	/home/mariell/go/pkg/mod/github.com/centrifugal/centrifuge@v0.33.3/internal/dissolve/queue.go:139 +0x4a
github.com/centrifugal/centrifuge/internal/dissolve.(*Dissolver).runWorker(0xc00f90a960)
	/home/mariell/go/pkg/mod/github.com/centrifugal/centrifuge@v0.33.3/internal/dissolve/dissolve.go:52 +0x27
created by github.com/centrifugal/centrifuge/internal/dissolve.(*Dissolver).Run in goroutine 27309
	/home/mariell/go/pkg/mod/github.com/centrifugal/centrifuge@v0.33.3/internal/dissolve/dissolve.go:31 +0x25

goroutine 28593 [sync.Cond.Wait]:
sync.runtime_notifyListWait(0xc0024337d0, 0x35)
	/usr/lib/go/src/runtime/sema.go:597 +0x159
sync.(*Cond).Wait(0x545e?)
	/usr/lib/go/src/sync/cond.go:71 +0x85
github.com/centrifugal/centrifuge/internal/dissolve.(*queueImpl).Wait(0xc00d87b1f0)
	/home/mariell/go/pkg/mod/github.com/centrifugal/centrifuge@v0.33.3/internal/dissolve/queue.go:139 +0x4a
github.com/centrifugal/centrifuge/internal/dissolve.(*Dissolver).runWorker(0xc00f90a960)
	/home/mariell/go/pkg/mod/github.com/centrifugal/centrifuge@v0.33.3/internal/dissolve/dissolve.go:52 +0x27
created by github.com/centrifugal/centrifuge/internal/dissolve.(*Dissolver).Run in goroutine 27309
	/home/mariell/go/pkg/mod/github.com/centrifugal/centrifuge@v0.33.3/internal/dissolve/dissolve.go:31 +0x25

goroutine 28594 [sync.Cond.Wait]:
sync.runtime_notifyListWait(0xc0024337d0, 0x36)
	/usr/lib/go/src/runtime/sema.go:597 +0x159
sync.(*Cond).Wait(0x0?)
	/usr/lib/go/src/sync/cond.go:71 +0x85
github.com/centrifugal/centrifuge/internal/dissolve.(*queueImpl).Wait(0xc00d87b1f0)
	/home/mariell/go/pkg/mod/github.com/centrifugal/centrifuge@v0.33.3/internal/dissolve/queue.go:139 +0x4a
github.com/centrifugal/centrifuge/internal/dissolve.(*Dissolver).runWorker(0xc00f90a960)
	/home/mariell/go/pkg/mod/github.com/centrifugal/centrifuge@v0.33.3/internal/dissolve/dissolve.go:52 +0x27
created by github.com/centrifugal/centrifuge/internal/dissolve.(*Dissolver).Run in goroutine 27309
	/home/mariell/go/pkg/mod/github.com/centrifugal/centrifuge@v0.33.3/internal/dissolve/dissolve.go:31 +0x25

goroutine 28595 [sync.Cond.Wait]:
sync.runtime_notifyListWait(0xc0024337d0, 0x37)
	/usr/lib/go/src/runtime/sema.go:597 +0x159
sync.(*Cond).Wait(0xc009702fd0?)
	/usr/lib/go/src/sync/cond.go:71 +0x85
github.com/centrifugal/centrifuge/internal/dissolve.(*queueImpl).Wait(0xc00d87b1f0)
	/home/mariell/go/pkg/mod/github.com/centrifugal/centrifuge@v0.33.3/internal/dissolve/queue.go:139 +0x4a
github.com/centrifugal/centrifuge/internal/dissolve.(*Dissolver).runWorker(0xc00f90a960)
	/home/mariell/go/pkg/mod/github.com/centrifugal/centrifuge@v0.33.3/internal/dissolve/dissolve.go:52 +0x27
created by github.com/centrifugal/centrifuge/internal/dissolve.(*Dissolver).Run in goroutine 27309
	/home/mariell/go/pkg/mod/github.com/centrifugal/centrifuge@v0.33.3/internal/dissolve/dissolve.go:31 +0x25

goroutine 28596 [sync.Cond.Wait]:
sync.runtime_notifyListWait(0xc0024337d0, 0x38)
	/usr/lib/go/src/runtime/sema.go:597 +0x159
sync.(*Cond).Wait(0x0?)
	/usr/lib/go/src/sync/cond.go:71 +0x85
github.com/centrifugal/centrifuge/internal/dissolve.(*queueImpl).Wait(0xc00d87b1f0)
	/home/mariell/go/pkg/mod/github.com/centrifugal/centrifuge@v0.33.3/internal/dissolve/queue.go:139 +0x4a
github.com/centrifugal/centrifuge/internal/dissolve.(*Dissolver).runWorker(0xc00f90a960)
	/home/mariell/go/pkg/mod/github.com/centrifugal/centrifuge@v0.33.3/internal/dissolve/dissolve.go:52 +0x27
created by github.com/centrifugal/centrifuge/internal/dissolve.(*Dissolver).Run in goroutine 27309
	/home/mariell/go/pkg/mod/github.com/centrifugal/centrifuge@v0.33.3/internal/dissolve/dissolve.go:31 +0x25

goroutine 28597 [sync.Cond.Wait]:
sync.runtime_notifyListWait(0xc0024337d0, 0x34)
	/usr/lib/go/src/runtime/sema.go:597 +0x159
sync.(*Cond).Wait(0x486ffa?)
	/usr/lib/go/src/sync/cond.go:71 +0x85
github.com/centrifugal/centrifuge/internal/dissolve.(*queueImpl).Wait(0xc00d87b1f0)
	/home/mariell/go/pkg/mod/github.com/centrifugal/centrifuge@v0.33.3/internal/dissolve/queue.go:139 +0x4a
github.com/centrifugal/centrifuge/internal/dissolve.(*Dissolver).runWorker(0xc00f90a960)
	/home/mariell/go/pkg/mod/github.com/centrifugal/centrifuge@v0.33.3/internal/dissolve/dissolve.go:52 +0x27
created by github.com/centrifugal/centrifuge/internal/dissolve.(*Dissolver).Run in goroutine 27309
	/home/mariell/go/pkg/mod/github.com/centrifugal/centrifuge@v0.33.3/internal/dissolve/dissolve.go:31 +0x25

goroutine 28598 [sync.Cond.Wait]:
sync.runtime_notifyListWait(0xc0024337d0, 0x3a)
	/usr/lib/go/src/runtime/sema.go:597 +0x159
sync.(*Cond).Wait(0x1?)
	/usr/lib/go/src/sync/cond.go:71 +0x85
github.com/centrifugal/centrifuge/internal/dissolve.(*queueImpl).Wait(0xc00d87b1f0)
	/home/mariell/go/pkg/mod/github.com/centrifugal/centrifuge@v0.33.3/internal/dissolve/queue.go:139 +0x4a
github.com/centrifugal/centrifuge/internal/dissolve.(*Dissolver).runWorker(0xc00f90a960)
	/home/mariell/go/pkg/mod/github.com/centrifugal/centrifuge@v0.33.3/internal/dissolve/dissolve.go:52 +0x27
created by github.com/centrifugal/centrifuge/internal/dissolve.(*Dissolver).Run in goroutine 27309
	/home/mariell/go/pkg/mod/github.com/centrifugal/centrifuge@v0.33.3/internal/dissolve/dissolve.go:31 +0x25

goroutine 28599 [sync.Cond.Wait]:
sync.runtime_notifyListWait(0xc0024337d0, 0x3b)
	/usr/lib/go/src/runtime/sema.go:597 +0x159
sync.(*Cond).Wait(0x5300000053?)
	/usr/lib/go/src/sync/cond.go:71 +0x85
github.com/centrifugal/centrifuge/internal/dissolve.(*queueImpl).Wait(0xc00d87b1f0)
	/home/mariell/go/pkg/mod/github.com/centrifugal/centrifuge@v0.33.3/internal/dissolve/queue.go:139 +0x4a
github.com/centrifugal/centrifuge/internal/dissolve.(*Dissolver).runWorker(0xc00f90a960)
	/home/mariell/go/pkg/mod/github.com/centrifugal/centrifuge@v0.33.3/internal/dissolve/dissolve.go:52 +0x27
created by github.com/centrifugal/centrifuge/internal/dissolve.(*Dissolver).Run in goroutine 27309
	/home/mariell/go/pkg/mod/github.com/centrifugal/centrifuge@v0.33.3/internal/dissolve/dissolve.go:31 +0x25

goroutine 28600 [sync.Cond.Wait]:
sync.runtime_notifyListWait(0xc0024337d0, 0x39)
	/usr/lib/go/src/runtime/sema.go:597 +0x159
sync.(*Cond).Wait(0x11ab5f60?)
	/usr/lib/go/src/sync/cond.go:71 +0x85
github.com/centrifugal/centrifuge/internal/dissolve.(*queueImpl).Wait(0xc00d87b1f0)
	/home/mariell/go/pkg/mod/github.com/centrifugal/centrifuge@v0.33.3/internal/dissolve/queue.go:139 +0x4a
github.com/centrifugal/centrifuge/internal/dissolve.(*Dissolver).runWorker(0xc00f90a960)
	/home/mariell/go/pkg/mod/github.com/centrifugal/centrifuge@v0.33.3/internal/dissolve/dissolve.go:52 +0x27
created by github.com/centrifugal/centrifuge/internal/dissolve.(*Dissolver).Run in goroutine 27309
	/home/mariell/go/pkg/mod/github.com/centrifugal/centrifuge@v0.33.3/internal/dissolve/dissolve.go:31 +0x25

goroutine 28601 [sync.Cond.Wait]:
sync.runtime_notifyListWait(0xc0024337d0, 0x3c)
	/usr/lib/go/src/runtime/sema.go:597 +0x159
sync.(*Cond).Wait(0xc00ea48210?)
	/usr/lib/go/src/sync/cond.go:71 +0x85
github.com/centrifugal/centrifuge/internal/dissolve.(*queueImpl).Wait(0xc00d87b1f0)
	/home/mariell/go/pkg/mod/github.com/centrifugal/centrifuge@v0.33.3/internal/dissolve/queue.go:139 +0x4a
github.com/centrifugal/centrifuge/internal/dissolve.(*Dissolver).runWorker(0xc00f90a960)
	/home/mariell/go/pkg/mod/github.com/centrifugal/centrifuge@v0.33.3/internal/dissolve/dissolve.go:52 +0x27
created by github.com/centrifugal/centrifuge/internal/dissolve.(*Dissolver).Run in goroutine 27309
	/home/mariell/go/pkg/mod/github.com/centrifugal/centrifuge@v0.33.3/internal/dissolve/dissolve.go:31 +0x25

goroutine 28602 [sync.Cond.Wait]:
sync.runtime_notifyListWait(0xc0024337d0, 0x3d)
	/usr/lib/go/src/runtime/sema.go:597 +0x159
sync.(*Cond).Wait(0x0?)
	/usr/lib/go/src/sync/cond.go:71 +0x85
github.com/centrifugal/centrifuge/internal/dissolve.(*queueImpl).Wait(0xc00d87b1f0)
	/home/mariell/go/pkg/mod/github.com/centrifugal/centrifuge@v0.33.3/internal/dissolve/queue.go:139 +0x4a
github.com/centrifugal/centrifuge/internal/dissolve.(*Dissolver).runWorker(0xc00f90a960)
	/home/mariell/go/pkg/mod/github.com/centrifugal/centrifuge@v0.33.3/internal/dissolve/dissolve.go:52 +0x27
created by github.com/centrifugal/centrifuge/internal/dissolve.(*Dissolver).Run in goroutine 27309
	/home/mariell/go/pkg/mod/github.com/centrifugal/centrifuge@v0.33.3/internal/dissolve/dissolve.go:31 +0x25

goroutine 28603 [sync.Cond.Wait]:
sync.runtime_notifyListWait(0xc0024337d0, 0x3f)
	/usr/lib/go/src/runtime/sema.go:597 +0x159
sync.(*Cond).Wait(0x8234b8?)
	/usr/lib/go/src/sync/cond.go:71 +0x85
github.com/centrifugal/centrifuge/internal/dissolve.(*queueImpl).Wait(0xc00d87b1f0)
	/home/mariell/go/pkg/mod/github.com/centrifugal/centrifuge@v0.33.3/internal/dissolve/queue.go:139 +0x4a
github.com/centrifugal/centrifuge/internal/dissolve.(*Dissolver).runWorker(0xc00f90a960)
	/home/mariell/go/pkg/mod/github.com/centrifugal/centrifuge@v0.33.3/internal/dissolve/dissolve.go:52 +0x27
created by github.com/centrifugal/centrifuge/internal/dissolve.(*Dissolver).Run in goroutine 27309
	/home/mariell/go/pkg/mod/github.com/centrifugal/centrifuge@v0.33.3/internal/dissolve/dissolve.go:31 +0x25

goroutine 28668 [select]:
github.com/patrickmn/go-cache.(*janitor).Run(0xc00f46eda0, 0xc00e9cdec0)
	/home/mariell/go/pkg/mod/github.com/patrickmn/go-cache@v2.1.0+incompatible/cache.go:1079 +0x7b
created by github.com/patrickmn/go-cache.runJanitor in goroutine 27309
	/home/mariell/go/pkg/mod/github.com/patrickmn/go-cache@v2.1.0+incompatible/cache.go:1099 +0xdb

goroutine 28746 [select]:
github.com/patrickmn/go-cache.(*janitor).Run(0xc00fa15880, 0xc0142c07c0)
	/home/mariell/go/pkg/mod/github.com/patrickmn/go-cache@v2.1.0+incompatible/cache.go:1079 +0x7b
created by github.com/patrickmn/go-cache.runJanitor in goroutine 27309
	/home/mariell/go/pkg/mod/github.com/patrickmn/go-cache@v2.1.0+incompatible/cache.go:1099 +0xdb

goroutine 28979 [select]:
go.opentelemetry.io/otel/sdk/trace.(*batchSpanProcessor).processQueue(0xc01af66dc0)
	/home/mariell/go/pkg/mod/go.opentelemetry.io/otel/sdk@v1.34.0/trace/batch_span_processor.go:302 +0x114
go.opentelemetry.io/otel/sdk/trace.NewBatchSpanProcessor.func1()
	/home/mariell/go/pkg/mod/go.opentelemetry.io/otel/sdk@v1.34.0/trace/batch_span_processor.go:117 +0x4e
created by go.opentelemetry.io/otel/sdk/trace.NewBatchSpanProcessor in goroutine 28801
	/home/mariell/go/pkg/mod/go.opentelemetry.io/otel/sdk@v1.34.0/trace/batch_span_processor.go:115 +0x2d9

goroutine 28667 [select]:
github.com/patrickmn/go-cache.(*janitor).Run(0xc00f46e2b0, 0xc00e9cde00)
	/home/mariell/go/pkg/mod/github.com/patrickmn/go-cache@v2.1.0+incompatible/cache.go:1079 +0x7b
created by github.com/patrickmn/go-cache.runJanitor in goroutine 27309
	/home/mariell/go/pkg/mod/github.com/patrickmn/go-cache@v2.1.0+incompatible/cache.go:1099 +0xdb

goroutine 28660 [select]:
github.com/patrickmn/go-cache.(*janitor).Run(0xc00ef7d170, 0xc00f500480)
	/home/mariell/go/pkg/mod/github.com/patrickmn/go-cache@v2.1.0+incompatible/cache.go:1079 +0x7b
created by github.com/patrickmn/go-cache.runJanitor in goroutine 27309
	/home/mariell/go/pkg/mod/github.com/patrickmn/go-cache@v2.1.0+incompatible/cache.go:1099 +0xdb

goroutine 28666 [select]:
github.com/patrickmn/go-cache.(*janitor).Run(0xc00f40bea0, 0xc00e9cd940)
	/home/mariell/go/pkg/mod/github.com/patrickmn/go-cache@v2.1.0+incompatible/cache.go:1079 +0x7b
created by github.com/patrickmn/go-cache.runJanitor in goroutine 27309
	/home/mariell/go/pkg/mod/github.com/patrickmn/go-cache@v2.1.0+incompatible/cache.go:1099 +0xdb

goroutine 33098 [select]:
github.com/FZambia/eagle.(*Eagle).aggregate(0xc012093e30)
	/home/mariell/go/pkg/mod/github.com/!f!zambia/eagle@v0.1.0/eagle.go:210 +0x6d
created by github.com/FZambia/eagle.New in goroutine 31996
	/home/mariell/go/pkg/mod/github.com/!f!zambia/eagle@v0.1.0/eagle.go:66 +0x176

goroutine 51320 [sync.Cond.Wait]:
sync.runtime_notifyListWait(0xc01afe9210, 0x1f)
	/usr/lib/go/src/runtime/sema.go:597 +0x159
sync.(*Cond).Wait(0x0?)
	/usr/lib/go/src/sync/cond.go:71 +0x85
github.com/centrifugal/centrifuge/internal/dissolve.(*queueImpl).Wait(0xc020f245b0)
	/home/mariell/go/pkg/mod/github.com/centrifugal/centrifuge@v0.33.3/internal/dissolve/queue.go:139 +0x4a
github.com/centrifugal/centrifuge/internal/dissolve.(*Dissolver).runWorker(0xc02834aab0)
	/home/mariell/go/pkg/mod/github.com/centrifugal/centrifuge@v0.33.3/internal/dissolve/dissolve.go:52 +0x27
created by github.com/centrifugal/centrifuge/internal/dissolve.(*Dissolver).Run in goroutine 50170
	/home/mariell/go/pkg/mod/github.com/centrifugal/centrifuge@v0.33.3/internal/dissolve/dissolve.go:31 +0x25

goroutine 40577 [sync.Cond.Wait]:
sync.runtime_notifyListWait(0xc0228a0b10, 0x2c)
	/usr/lib/go/src/runtime/sema.go:597 +0x159
sync.(*Cond).Wait(0x88a04a0?)
	/usr/lib/go/src/sync/cond.go:71 +0x85
github.com/centrifugal/centrifuge/internal/dissolve.(*queueImpl).Wait(0xc0228cc690)
	/home/mariell/go/pkg/mod/github.com/centrifugal/centrifuge@v0.33.3/internal/dissolve/queue.go:139 +0x4a
github.com/centrifugal/centrifuge/internal/dissolve.(*Dissolver).runWorker(0xc015fedd58)
	/home/mariell/go/pkg/mod/github.com/centrifugal/centrifuge@v0.33.3/internal/dissolve/dissolve.go:52 +0x27
created by github.com/centrifugal/centrifuge/internal/dissolve.(*Dissolver).Run in goroutine 36287
	/home/mariell/go/pkg/mod/github.com/centrifugal/centrifuge@v0.33.3/internal/dissolve/dissolve.go:31 +0x25

goroutine 77086 [sync.Cond.Wait]:
sync.runtime_notifyListWait(0xc045ae3d50, 0x18)
	/usr/lib/go/src/runtime/sema.go:597 +0x159
sync.(*Cond).Wait(0x0?)
	/usr/lib/go/src/sync/cond.go:71 +0x85
github.com/centrifugal/centrifuge/internal/dissolve.(*queueImpl).Wait(0xc045afb420)
	/home/mariell/go/pkg/mod/github.com/centrifugal/centrifuge@v0.33.3/internal/dissolve/queue.go:139 +0x4a
github.com/centrifugal/centrifuge/internal/dissolve.(*Dissolver).runWorker(0xc034b3a078)
	/home/mariell/go/pkg/mod/github.com/centrifugal/centrifuge@v0.33.3/internal/dissolve/dissolve.go:52 +0x27
created by github.com/centrifugal/centrifuge/internal/dissolve.(*Dissolver).Run in goroutine 4437
	/home/mariell/go/pkg/mod/github.com/centrifugal/centrifuge@v0.33.3/internal/dissolve/dissolve.go:31 +0x25

goroutine 48212 [sync.Cond.Wait]:
sync.runtime_notifyListWait(0xc01fca58d0, 0x5)
	/usr/lib/go/src/runtime/sema.go:597 +0x159
sync.(*Cond).Wait(0x0?)
	/usr/lib/go/src/sync/cond.go:71 +0x85
github.com/centrifugal/centrifuge/internal/dissolve.(*queueImpl).Wait(0xc020dbf5e0)
	/home/mariell/go/pkg/mod/github.com/centrifugal/centrifuge@v0.33.3/internal/dissolve/queue.go:139 +0x4a
github.com/centrifugal/centrifuge/internal/dissolve.(*Dissolver).runWorker(0xc0271f1da0)
	/home/mariell/go/pkg/mod/github.com/centrifugal/centrifuge@v0.33.3/internal/dissolve/dissolve.go:52 +0x27
created by github.com/centrifugal/centrifuge/internal/dissolve.(*Dissolver).Run in goroutine 47137
	/home/mariell/go/pkg/mod/github.com/centrifugal/centrifuge@v0.33.3/internal/dissolve/dissolve.go:31 +0x25

goroutine 33124 [sync.Cond.Wait]:
sync.runtime_notifyListWait(0xc019c7fcd0, 0x17)
	/usr/lib/go/src/runtime/sema.go:597 +0x159
sync.(*Cond).Wait(0x0?)
	/usr/lib/go/src/sync/cond.go:71 +0x85
github.com/centrifugal/centrifuge/internal/dissolve.(*queueImpl).Wait(0xc012092e00)
	/home/mariell/go/pkg/mod/github.com/centrifugal/centrifuge@v0.33.3/internal/dissolve/queue.go:139 +0x4a
github.com/centrifugal/centrifuge/internal/dissolve.(*Dissolver).runWorker(0xc01ba3c438)
	/home/mariell/go/pkg/mod/github.com/centrifugal/centrifuge@v0.33.3/internal/dissolve/dissolve.go:52 +0x27
created by github.com/centrifugal/centrifuge/internal/dissolve.(*Dissolver).Run in goroutine 31996
	/home/mariell/go/pkg/mod/github.com/centrifugal/centrifuge@v0.33.3/internal/dissolve/dissolve.go:31 +0x25

goroutine 39436 [select]:
k8s.io/apimachinery/pkg/util/wait.BackoffUntil(0xc008215b40, {0xa95ac00, 0xc012fea270}, 0x1, 0xc00f640cb0)
	/home/mariell/go/pkg/mod/k8s.io/apimachinery@v0.32.1/pkg/util/wait/backoff.go:238 +0x12c
k8s.io/apimachinery/pkg/util/wait.JitterUntil(0xc008215b40, 0x3b9aca00, 0x3ff3333333333333, 0x1, 0xc00f640cb0)
	/home/mariell/go/pkg/mod/k8s.io/apimachinery@v0.32.1/pkg/util/wait/backoff.go:204 +0x7f
created by k8s.io/apiserver/pkg/registry/generic/registry.(*Store).startObservingCount in goroutine 37964
	/home/mariell/go/pkg/mod/k8s.io/apiserver@v0.32.1/pkg/registry/generic/registry/store.go:1666 +0x2f9

goroutine 45172 [sync.Cond.Wait]:
sync.runtime_notifyListWait(0xc026bf9c10, 0x21)
	/usr/lib/go/src/runtime/sema.go:597 +0x159
sync.(*Cond).Wait(0x0?)
	/usr/lib/go/src/sync/cond.go:71 +0x85
github.com/centrifugal/centrifuge/internal/dissolve.(*queueImpl).Wait(0xc026c14c40)
	/home/mariell/go/pkg/mod/github.com/centrifugal/centrifuge@v0.33.3/internal/dissolve/queue.go:139 +0x4a
github.com/centrifugal/centrifuge/internal/dissolve.(*Dissolver).runWorker(0xc026b0b128)
	/home/mariell/go/pkg/mod/github.com/centrifugal/centrifuge@v0.33.3/internal/dissolve/dissolve.go:52 +0x27
created by github.com/centrifugal/centrifuge/internal/dissolve.(*Dissolver).Run in goroutine 44067
	/home/mariell/go/pkg/mod/github.com/centrifugal/centrifuge@v0.33.3/internal/dissolve/dissolve.go:31 +0x25

goroutine 39428 [select]:
github.com/grafana/grafana/pkg/storage/unified/resource.(*cache[...]).run(0xc022bd0b40)
	/home/mariell/work/oss/grafana/pkg/storage/unified/resource/broadcaster.go:291 +0xb0
created by github.com/grafana/grafana/pkg/storage/unified/resource.newChannelCache[...] in goroutine 37964
	/home/mariell/work/oss/grafana/pkg/storage/unified/resource/broadcaster.go:276 +0x189

goroutine 28964 [chan receive (nil chan)]:
k8s.io/apiserver/pkg/server.preparedGenericAPIServer.RunWithContext.func5()
	/home/mariell/go/pkg/mod/k8s.io/apiserver@v0.32.1/pkg/server/genericapiserver.go:598 +0x37
created by k8s.io/apiserver/pkg/server.preparedGenericAPIServer.RunWithContext in goroutine 28957
	/home/mariell/go/pkg/mod/k8s.io/apiserver@v0.32.1/pkg/server/genericapiserver.go:597 +0x60b

goroutine 43728 [select]:
github.com/patrickmn/go-cache.(*janitor).Run(0xc013841800, 0xc00f293e80)
	/home/mariell/go/pkg/mod/github.com/patrickmn/go-cache@v2.1.0+incompatible/cache.go:1079 +0x7b
created by github.com/patrickmn/go-cache.runJanitor in goroutine 42495
	/home/mariell/go/pkg/mod/github.com/patrickmn/go-cache@v2.1.0+incompatible/cache.go:1099 +0xdb

goroutine 44020 [IO wait]:
internal/poll.runtime_pollWait(0x7775504fec08, 0x72)
	/usr/lib/go/src/runtime/netpoll.go:351 +0x85
internal/poll.(*pollDesc).wait(0xc016830d00?, 0xc016ad0000?, 0x0)
	/usr/lib/go/src/internal/poll/fd_poll_runtime.go:84 +0x27
internal/poll.(*pollDesc).waitRead(...)
	/usr/lib/go/src/internal/poll/fd_poll_runtime.go:89
internal/poll.(*FD).Read(0xc016830d00, {0xc016ad0000, 0xa000, 0xa000})
	/usr/lib/go/src/internal/poll/fd_unix.go:165 +0x27a
net.(*netFD).Read(0xc016830d00, {0xc016ad0000?, 0x0?, 0x11ab24a0?})
	/usr/lib/go/src/net/fd_posix.go:55 +0x25
net.(*conn).Read(0xc00f62c598, {0xc016ad0000?, 0x77755830d3f0?, 0x7775a8b29d58?})
	/usr/lib/go/src/net/net.go:194 +0x45
crypto/tls.(*atLeastReader).Read(0xc0125f9d28, {0xc016ad0000?, 0x11abda20?, 0xc0169019c8?})
	/usr/lib/go/src/crypto/tls/conn.go:809 +0x3b
bytes.(*Buffer).ReadFrom(0xc01cd722b8, {0xa94e300, 0xc0125f9d28})
	/usr/lib/go/src/bytes/buffer.go:211 +0x98
crypto/tls.(*Conn).readFromUntil(0xc01cd72008, {0xa94dc00, 0xc00f62c598}, 0x444af4?)
	/usr/lib/go/src/crypto/tls/conn.go:831 +0xde
crypto/tls.(*Conn).readRecordOrCCS(0xc01cd72008, 0x0)
	/usr/lib/go/src/crypto/tls/conn.go:629 +0x3cf
crypto/tls.(*Conn).readRecord(...)
	/usr/lib/go/src/crypto/tls/conn.go:591
crypto/tls.(*Conn).Read(0xc01cd72008, {0xc016b8a000, 0x1000, 0xc019f4a780?})
	/usr/lib/go/src/crypto/tls/conn.go:1385 +0x145
net/http.(*persistConn).Read(0xc0254b8fc0, {0xc016b8a000?, 0x81fe45?, 0xa94be80?})
	/usr/lib/go/src/net/http/transport.go:2122 +0x47
bufio.(*Reader).fill(0xc01a9fa1e0)
	/usr/lib/go/src/bufio/bufio.go:113 +0x103
bufio.(*Reader).Peek(0xc01a9fa1e0, 0x1)
	/usr/lib/go/src/bufio/bufio.go:152 +0x53
net/http.(*persistConn).readLoop(0xc0254b8fc0)
	/usr/lib/go/src/net/http/transport.go:2275 +0x172
created by net/http.(*Transport).dialConn in goroutine 43989
	/usr/lib/go/src/net/http/transport.go:1944 +0x174f

goroutine 30044 [select]:
github.com/centrifugal/centrifuge.(*MemoryBroker).expireResultCache(0xc00cc71600)
	/home/mariell/go/pkg/mod/github.com/centrifugal/centrifuge@v0.33.3/broker_memory.go:160 +0x68
created by github.com/centrifugal/centrifuge.(*MemoryBroker).Run in goroutine 28801
	/home/mariell/go/pkg/mod/github.com/centrifugal/centrifuge@v0.33.3/broker_memory.go:73 +0x7f

goroutine 39261 [IO wait]:
internal/poll.runtime_pollWait(0x7775581bc4d0, 0x72)
	/usr/lib/go/src/runtime/netpoll.go:351 +0x85
internal/poll.(*pollDesc).wait(0xc00d29b780?, 0xc0189b8600?, 0x0)
	/usr/lib/go/src/internal/poll/fd_poll_runtime.go:84 +0x27
internal/poll.(*pollDesc).waitRead(...)
	/usr/lib/go/src/internal/poll/fd_poll_runtime.go:89
internal/poll.(*FD).Read(0xc00d29b780, {0xc0189b8600, 0x1300, 0x1300})
	/usr/lib/go/src/internal/poll/fd_unix.go:165 +0x27a
net.(*netFD).Read(0xc00d29b780, {0xc0189b8600?, 0x0?, 0x1c01a7f8000?})
	/usr/lib/go/src/net/fd_posix.go:55 +0x25
net.(*conn).Read(0xc011254150, {0xc0189b8600?, 0x7775603e67a0?, 0x7775a8b285c0?})
	/usr/lib/go/src/net/net.go:194 +0x45
crypto/tls.(*atLeastReader).Read(0xc017ecdb00, {0xc0189b8600?, 0x4247a5?, 0x0?})
	/usr/lib/go/src/crypto/tls/conn.go:809 +0x3b
bytes.(*Buffer).ReadFrom(0xc0163edeb8, {0xa94e300, 0xc017ecdb00})
	/usr/lib/go/src/bytes/buffer.go:211 +0x98
crypto/tls.(*Conn).readFromUntil(0xc0163edc08, {0xa94dc00, 0xc011254150}, 0x444af4?)
	/usr/lib/go/src/crypto/tls/conn.go:831 +0xde
crypto/tls.(*Conn).readRecordOrCCS(0xc0163edc08, 0x0)
	/usr/lib/go/src/crypto/tls/conn.go:629 +0x3cf
crypto/tls.(*Conn).readRecord(...)
	/usr/lib/go/src/crypto/tls/conn.go:591
crypto/tls.(*Conn).Read(0xc0163edc08, {0xc00c1cf000, 0x1000, 0x7775a8b285c0?})
	/usr/lib/go/src/crypto/tls/conn.go:1385 +0x145
net/http.(*persistConn).Read(0xc01d84e7e0, {0xc00c1cf000?, 0x4141c5?, 0x68?})
	/usr/lib/go/src/net/http/transport.go:2122 +0x47
bufio.(*Reader).fill(0xc01b41db60)
	/usr/lib/go/src/bufio/bufio.go:113 +0x103
bufio.(*Reader).Peek(0xc01b41db60, 0x1)
	/usr/lib/go/src/bufio/bufio.go:152 +0x53
net/http.(*persistConn).readLoop(0xc01d84e7e0)
	/usr/lib/go/src/net/http/transport.go:2275 +0x172
created by net/http.(*Transport).dialConn in goroutine 39269
	/usr/lib/go/src/net/http/transport.go:1944 +0x174f

goroutine 46743 [sync.Cond.Wait]:
sync.runtime_notifyListWait(0xc016303990, 0x36)
	/usr/lib/go/src/runtime/sema.go:597 +0x159
sync.(*Cond).Wait(0x0?)
	/usr/lib/go/src/sync/cond.go:71 +0x85
github.com/centrifugal/centrifuge/internal/dissolve.(*queueImpl).Wait(0xc020154850)
	/home/mariell/go/pkg/mod/github.com/centrifugal/centrifuge@v0.33.3/internal/dissolve/queue.go:139 +0x4a
github.com/centrifugal/centrifuge/internal/dissolve.(*Dissolver).runWorker(0xc00b4e8b40)
	/home/mariell/go/pkg/mod/github.com/centrifugal/centrifuge@v0.33.3/internal/dissolve/dissolve.go:52 +0x27
created by github.com/centrifugal/centrifuge/internal/dissolve.(*Dissolver).Run in goroutine 45402
	/home/mariell/go/pkg/mod/github.com/centrifugal/centrifuge@v0.33.3/internal/dissolve/dissolve.go:31 +0x25

goroutine 28957 [chan receive (nil chan)]:
k8s.io/apiserver/pkg/server.preparedGenericAPIServer.RunWithContext({0x0?}, {0xa9d1d00, 0xc00dc31ef0})
	/home/mariell/go/pkg/mod/k8s.io/apiserver@v0.32.1/pkg/server/genericapiserver.go:710 +0x9c5
github.com/grafana/grafana/pkg/services/apiserver.(*service).startCoreServer.func1()
	/home/mariell/work/oss/grafana/pkg/services/apiserver/service.go:448 +0x28
created by github.com/grafana/grafana/pkg/services/apiserver.(*service).startCoreServer in goroutine 28838
	/home/mariell/work/oss/grafana/pkg/services/apiserver/service.go:447 +0x125

goroutine 28956 [select]:
k8s.io/apimachinery/pkg/util/wait.BackoffUntil(0xc00515ba40, {0xa95ac00, 0xc0127f69c0}, 0x1, 0xc011583c00)
	/home/mariell/go/pkg/mod/k8s.io/apimachinery@v0.32.1/pkg/util/wait/backoff.go:238 +0x12c
k8s.io/apimachinery/pkg/util/wait.JitterUntil(0xc00515ba40, 0x3b9aca00, 0x3ff3333333333333, 0x1, 0xc011583c00)
	/home/mariell/go/pkg/mod/k8s.io/apimachinery@v0.32.1/pkg/util/wait/backoff.go:204 +0x7f
created by k8s.io/apiserver/pkg/registry/generic/registry.(*Store).startObservingCount in goroutine 28838
	/home/mariell/go/pkg/mod/k8s.io/apiserver@v0.32.1/pkg/registry/generic/registry/store.go:1666 +0x2f9

goroutine 28955 [select]:
k8s.io/apimachinery/pkg/util/wait.BackoffUntil(0xc014640b40, {0xa95ac00, 0xc012b3e870}, 0x1, 0xc011582150)
	/home/mariell/go/pkg/mod/k8s.io/apimachinery@v0.32.1/pkg/util/wait/backoff.go:238 +0x12c
k8s.io/apimachinery/pkg/util/wait.JitterUntil(0xc014640b40, 0x3b9aca00, 0x3ff3333333333333, 0x1, 0xc011582150)
	/home/mariell/go/pkg/mod/k8s.io/apimachinery@v0.32.1/pkg/util/wait/backoff.go:204 +0x7f
created by k8s.io/apiserver/pkg/registry/generic/registry.(*Store).startObservingCount in goroutine 28838
	/home/mariell/go/pkg/mod/k8s.io/apiserver@v0.32.1/pkg/registry/generic/registry/store.go:1666 +0x2f9

goroutine 28954 [select]:
k8s.io/apimachinery/pkg/util/wait.BackoffUntil(0xc0146408c0, {0xa95ac00, 0xc012b3e840}, 0x1, 0xc0115820e0)
	/home/mariell/go/pkg/mod/k8s.io/apimachinery@v0.32.1/pkg/util/wait/backoff.go:238 +0x12c
k8s.io/apimachinery/pkg/util/wait.JitterUntil(0xc0146408c0, 0x3b9aca00, 0x3ff3333333333333, 0x1, 0xc0115820e0)
	/home/mariell/go/pkg/mod/k8s.io/apimachinery@v0.32.1/pkg/util/wait/backoff.go:204 +0x7f
created by k8s.io/apiserver/pkg/registry/generic/registry.(*Store).startObservingCount in goroutine 28838
	/home/mariell/go/pkg/mod/k8s.io/apiserver@v0.32.1/pkg/registry/generic/registry/store.go:1666 +0x2f9

goroutine 28953 [select]:
k8s.io/apimachinery/pkg/util/wait.BackoffUntil(0xc014640740, {0xa95ac00, 0xc0127ea1e0}, 0x1, 0xc011582070)
	/home/mariell/go/pkg/mod/k8s.io/apimachinery@v0.32.1/pkg/util/wait/backoff.go:238 +0x12c
k8s.io/apimachinery/pkg/util/wait.JitterUntil(0xc014640740, 0x3b9aca00, 0x3ff3333333333333, 0x1, 0xc011582070)
	/home/mariell/go/pkg/mod/k8s.io/apimachinery@v0.32.1/pkg/util/wait/backoff.go:204 +0x7f
created by k8s.io/apiserver/pkg/registry/generic/registry.(*Store).startObservingCount in goroutine 28838
	/home/mariell/go/pkg/mod/k8s.io/apiserver@v0.32.1/pkg/registry/generic/registry/store.go:1666 +0x2f9

goroutine 28952 [select]:
k8s.io/apimachinery/pkg/util/wait.BackoffUntil(0xc0124d7780, {0xa95ac00, 0xc0127ea1b0}, 0x1, 0xc010de4150)
	/home/mariell/go/pkg/mod/k8s.io/apimachinery@v0.32.1/pkg/util/wait/backoff.go:238 +0x12c
k8s.io/apimachinery/pkg/util/wait.JitterUntil(0xc0124d7780, 0x3b9aca00, 0x3ff3333333333333, 0x1, 0xc010de4150)
	/home/mariell/go/pkg/mod/k8s.io/apimachinery@v0.32.1/pkg/util/wait/backoff.go:204 +0x7f
created by k8s.io/apiserver/pkg/registry/generic/registry.(*Store).startObservingCount in goroutine 28838
	/home/mariell/go/pkg/mod/k8s.io/apiserver@v0.32.1/pkg/registry/generic/registry/store.go:1666 +0x2f9

goroutine 28951 [select]:
k8s.io/apimachinery/pkg/util/wait.BackoffUntil(0xc0124d6e00, {0xa95ac00, 0xc012b3e810}, 0x1, 0xc010de40e0)
	/home/mariell/go/pkg/mod/k8s.io/apimachinery@v0.32.1/pkg/util/wait/backoff.go:238 +0x12c
k8s.io/apimachinery/pkg/util/wait.JitterUntil(0xc0124d6e00, 0x3b9aca00, 0x3ff3333333333333, 0x1, 0xc010de40e0)
	/home/mariell/go/pkg/mod/k8s.io/apimachinery@v0.32.1/pkg/util/wait/backoff.go:204 +0x7f
created by k8s.io/apiserver/pkg/registry/generic/registry.(*Store).startObservingCount in goroutine 28838
	/home/mariell/go/pkg/mod/k8s.io/apiserver@v0.32.1/pkg/registry/generic/registry/store.go:1666 +0x2f9

goroutine 28950 [select]:
k8s.io/apimachinery/pkg/util/wait.BackoffUntil(0xc01347dd80, {0xa95ac00, 0xc012b3e7e0}, 0x1, 0xc010de4070)
	/home/mariell/go/pkg/mod/k8s.io/apimachinery@v0.32.1/pkg/util/wait/backoff.go:238 +0x12c
k8s.io/apimachinery/pkg/util/wait.JitterUntil(0xc01347dd80, 0x3b9aca00, 0x3ff3333333333333, 0x1, 0xc010de4070)
	/home/mariell/go/pkg/mod/k8s.io/apimachinery@v0.32.1/pkg/util/wait/backoff.go:204 +0x7f
created by k8s.io/apiserver/pkg/registry/generic/registry.(*Store).startObservingCount in goroutine 28838
	/home/mariell/go/pkg/mod/k8s.io/apiserver@v0.32.1/pkg/registry/generic/registry/store.go:1666 +0x2f9

goroutine 51332 [sync.Cond.Wait]:
sync.runtime_notifyListWait(0xc01afe9210, 0x2b)
	/usr/lib/go/src/runtime/sema.go:597 +0x159
sync.(*Cond).Wait(0x0?)
	/usr/lib/go/src/sync/cond.go:71 +0x85
github.com/centrifugal/centrifuge/internal/dissolve.(*queueImpl).Wait(0xc020f245b0)
	/home/mariell/go/pkg/mod/github.com/centrifugal/centrifuge@v0.33.3/internal/dissolve/queue.go:139 +0x4a
github.com/centrifugal/centrifuge/internal/dissolve.(*Dissolver).runWorker(0xc02834aab0)
	/home/mariell/go/pkg/mod/github.com/centrifugal/centrifuge@v0.33.3/internal/dissolve/dissolve.go:52 +0x27
created by github.com/centrifugal/centrifuge/internal/dissolve.(*Dissolver).Run in goroutine 50170
	/home/mariell/go/pkg/mod/github.com/centrifugal/centrifuge@v0.33.3/internal/dissolve/dissolve.go:31 +0x25

goroutine 40565 [sync.Cond.Wait]:
sync.runtime_notifyListWait(0xc0228a0b10, 0xf)
	/usr/lib/go/src/runtime/sema.go:597 +0x159
sync.(*Cond).Wait(0x0?)
	/usr/lib/go/src/sync/cond.go:71 +0x85
github.com/centrifugal/centrifuge/internal/dissolve.(*queueImpl).Wait(0xc0228cc690)
	/home/mariell/go/pkg/mod/github.com/centrifugal/centrifuge@v0.33.3/internal/dissolve/queue.go:139 +0x4a
github.com/centrifugal/centrifuge/internal/dissolve.(*Dissolver).runWorker(0xc015fedd58)
	/home/mariell/go/pkg/mod/github.com/centrifugal/centrifuge@v0.33.3/internal/dissolve/dissolve.go:52 +0x27
created by github.com/centrifugal/centrifuge/internal/dissolve.(*Dissolver).Run in goroutine 36287
	/home/mariell/go/pkg/mod/github.com/centrifugal/centrifuge@v0.33.3/internal/dissolve/dissolve.go:31 +0x25

goroutine 45470 [IO wait]:
internal/poll.runtime_pollWait(0x77755073a5d0, 0x72)
	/usr/lib/go/src/runtime/netpoll.go:351 +0x85
internal/poll.(*pollDesc).wait(0xc027259e00?, 0xc0167d6000?, 0x0)
	/usr/lib/go/src/internal/poll/fd_poll_runtime.go:84 +0x27
internal/poll.(*pollDesc).waitRead(...)
	/usr/lib/go/src/internal/poll/fd_poll_runtime.go:89
internal/poll.(*FD).Read(0xc027259e00, {0xc0167d6000, 0x1300, 0x1300})
	/usr/lib/go/src/internal/poll/fd_unix.go:165 +0x27a
net.(*netFD).Read(0xc027259e00, {0xc0167d6000?, 0x5251a7?, 0x0?})
	/usr/lib/go/src/net/fd_posix.go:55 +0x25
net.(*conn).Read(0xc01b6220f8, {0xc0167d6000?, 0x7775501ff348?, 0x7775a8b40088?})
	/usr/lib/go/src/net/net.go:194 +0x45
crypto/tls.(*atLeastReader).Read(0xc027268270, {0xc0167d6000?, 0xc0237ca9f0?, 0x528dc5?})
	/usr/lib/go/src/crypto/tls/conn.go:809 +0x3b
bytes.(*Buffer).ReadFrom(0xc01689c638, {0xa94e300, 0xc027268270})
	/usr/lib/go/src/bytes/buffer.go:211 +0x98
crypto/tls.(*Conn).readFromUntil(0xc01689c388, {0xa94dc00, 0xc01b6220f8}, 0x444af4?)
	/usr/lib/go/src/crypto/tls/conn.go:831 +0xde
crypto/tls.(*Conn).readRecordOrCCS(0xc01689c388, 0x0)
	/usr/lib/go/src/crypto/tls/conn.go:629 +0x3cf
crypto/tls.(*Conn).readRecord(...)
	/usr/lib/go/src/crypto/tls/conn.go:591
crypto/tls.(*Conn).Read(0xc01689c388, {0xc0167dd000, 0x1000, 0x7775a8b40088?})
	/usr/lib/go/src/crypto/tls/conn.go:1385 +0x145
net/http.(*persistConn).Read(0xc025522360, {0xc0167dd000?, 0x4141c5?, 0x68?})
	/usr/lib/go/src/net/http/transport.go:2122 +0x47
bufio.(*Reader).fill(0xc0167ea060)
	/usr/lib/go/src/bufio/bufio.go:113 +0x103
bufio.(*Reader).Peek(0xc0167ea060, 0x1)
	/usr/lib/go/src/bufio/bufio.go:152 +0x53
net/http.(*persistConn).readLoop(0xc025522360)
	/usr/lib/go/src/net/http/transport.go:2275 +0x172
created by net/http.(*Transport).dialConn in goroutine 42412
	/usr/lib/go/src/net/http/transport.go:1944 +0x174f

goroutine 40554 [sync.Cond.Wait]:
sync.runtime_notifyListWait(0xc0228a0b10, 0x14)
	/usr/lib/go/src/runtime/sema.go:597 +0x159
sync.(*Cond).Wait(0x0?)
	/usr/lib/go/src/sync/cond.go:71 +0x85
github.com/centrifugal/centrifuge/internal/dissolve.(*queueImpl).Wait(0xc0228cc690)
	/home/mariell/go/pkg/mod/github.com/centrifugal/centrifuge@v0.33.3/internal/dissolve/queue.go:139 +0x4a
github.com/centrifugal/centrifuge/internal/dissolve.(*Dissolver).runWorker(0xc015fedd58)
	/home/mariell/go/pkg/mod/github.com/centrifugal/centrifuge@v0.33.3/internal/dissolve/dissolve.go:52 +0x27
created by github.com/centrifugal/centrifuge/internal/dissolve.(*Dissolver).Run in goroutine 36287
	/home/mariell/go/pkg/mod/github.com/centrifugal/centrifuge@v0.33.3/internal/dissolve/dissolve.go:31 +0x25

goroutine 37522 [select]:
github.com/centrifugal/centrifuge.(*Node).cleanNodeInfo(0xc00f5638c8)
	/home/mariell/go/pkg/mod/github.com/centrifugal/centrifuge@v0.33.3/node.go:394 +0x90
created by github.com/centrifugal/centrifuge.(*Node).Run in goroutine 36374
	/home/mariell/go/pkg/mod/github.com/centrifugal/centrifuge@v0.33.3/node.go:261 +0x265

goroutine 33543 [chan receive]:
github.com/grafana/grafana/pkg/storage/unified/resource.(*server).initWatcher.func1.1()
	/home/mariell/work/oss/grafana/pkg/storage/unified/resource/server.go:922 +0x58
created by github.com/grafana/grafana/pkg/storage/unified/resource.(*server).initWatcher.func1 in goroutine 31757
	/home/mariell/work/oss/grafana/pkg/storage/unified/resource/server.go:921 +0xaa

goroutine 30072 [sync.Cond.Wait]:
sync.runtime_notifyListWait(0xc0029f6450, 0x6)
	/usr/lib/go/src/runtime/sema.go:597 +0x159
sync.(*Cond).Wait(0x0?)
	/usr/lib/go/src/sync/cond.go:71 +0x85
github.com/centrifugal/centrifuge/internal/dissolve.(*queueImpl).Wait(0xc00ccdc000)
	/home/mariell/go/pkg/mod/github.com/centrifugal/centrifuge@v0.33.3/internal/dissolve/queue.go:139 +0x4a
github.com/centrifugal/centrifuge/internal/dissolve.(*Dissolver).runWorker(0xc00e0b3c50)
	/home/mariell/go/pkg/mod/github.com/centrifugal/centrifuge@v0.33.3/internal/dissolve/dissolve.go:52 +0x27
created by github.com/centrifugal/centrifuge/internal/dissolve.(*Dissolver).Run in goroutine 28801
	/home/mariell/go/pkg/mod/github.com/centrifugal/centrifuge@v0.33.3/internal/dissolve/dissolve.go:31 +0x25

goroutine 44975 [select]:
github.com/patrickmn/go-cache.(*janitor).Run(0xc02665aed0, 0xc021d37a00)
	/home/mariell/go/pkg/mod/github.com/patrickmn/go-cache@v2.1.0+incompatible/cache.go:1079 +0x7b
created by github.com/patrickmn/go-cache.runJanitor in goroutine 44067
	/home/mariell/go/pkg/mod/github.com/patrickmn/go-cache@v2.1.0+incompatible/cache.go:1099 +0xdb

goroutine 36342 [IO wait]:
internal/poll.runtime_pollWait(0x777559374600, 0x72)
	/usr/lib/go/src/runtime/netpoll.go:351 +0x85
internal/poll.(*pollDesc).wait(0xc01c1af300?, 0xc011671900?, 0x0)
	/usr/lib/go/src/internal/poll/fd_poll_runtime.go:84 +0x27
internal/poll.(*pollDesc).waitRead(...)
	/usr/lib/go/src/internal/poll/fd_poll_runtime.go:89
internal/poll.(*FD).Read(0xc01c1af300, {0xc011671900, 0x1300, 0x1300})
	/usr/lib/go/src/internal/poll/fd_unix.go:165 +0x27a
net.(*netFD).Read(0xc01c1af300, {0xc011671900?, 0x0?, 0x0?})
	/usr/lib/go/src/net/fd_posix.go:55 +0x25
net.(*conn).Read(0xc01b1d2020, {0xc011671900?, 0x777559316210?, 0x7775a8b2a6c8?})
	/usr/lib/go/src/net/net.go:194 +0x45
crypto/tls.(*atLeastReader).Read(0xc008ba60f0, {0xc011671900?, 0x0?, 0xc0132f354c?})
	/usr/lib/go/src/crypto/tls/conn.go:809 +0x3b
bytes.(*Buffer).ReadFrom(0xc01bfb42b8, {0xa94e300, 0xc008ba60f0})
	/usr/lib/go/src/bytes/buffer.go:211 +0x98
crypto/tls.(*Conn).readFromUntil(0xc01bfb4008, {0xa94dc00, 0xc01b1d2020}, 0x444af4?)
	/usr/lib/go/src/crypto/tls/conn.go:831 +0xde
crypto/tls.(*Conn).readRecordOrCCS(0xc01bfb4008, 0x0)
	/usr/lib/go/src/crypto/tls/conn.go:629 +0x3cf
crypto/tls.(*Conn).readRecord(...)
	/usr/lib/go/src/crypto/tls/conn.go:591
crypto/tls.(*Conn).Read(0xc01bfb4008, {0xc01c384000, 0x1000, 0x7775a8b2a6c8?})
	/usr/lib/go/src/crypto/tls/conn.go:1385 +0x145
net/http.(*persistConn).Read(0xc00aa4e5a0, {0xc01c384000?, 0x4141c5?, 0x68?})
	/usr/lib/go/src/net/http/transport.go:2122 +0x47
bufio.(*Reader).fill(0xc01c383680)
	/usr/lib/go/src/bufio/bufio.go:113 +0x103
bufio.(*Reader).Peek(0xc01c383680, 0x1)
	/usr/lib/go/src/bufio/bufio.go:152 +0x53
net/http.(*persistConn).readLoop(0xc00aa4e5a0)
	/usr/lib/go/src/net/http/transport.go:2275 +0x172
created by net/http.(*Transport).dialConn in goroutine 34360
	/usr/lib/go/src/net/http/transport.go:1944 +0x174f

goroutine 45173 [sync.Cond.Wait]:
sync.runtime_notifyListWait(0xc026bf9c10, 0x16)
	/usr/lib/go/src/runtime/sema.go:597 +0x159
sync.(*Cond).Wait(0x0?)
	/usr/lib/go/src/sync/cond.go:71 +0x85
github.com/centrifugal/centrifuge/internal/dissolve.(*queueImpl).Wait(0xc026c14c40)
	/home/mariell/go/pkg/mod/github.com/centrifugal/centrifuge@v0.33.3/internal/dissolve/queue.go:139 +0x4a
github.com/centrifugal/centrifuge/internal/dissolve.(*Dissolver).runWorker(0xc026b0b128)
	/home/mariell/go/pkg/mod/github.com/centrifugal/centrifuge@v0.33.3/internal/dissolve/dissolve.go:52 +0x27
created by github.com/centrifugal/centrifuge/internal/dissolve.(*Dissolver).Run in goroutine 44067
	/home/mariell/go/pkg/mod/github.com/centrifugal/centrifuge@v0.33.3/internal/dissolve/dissolve.go:31 +0x25

goroutine 29900 [select]:
github.com/patrickmn/go-cache.(*janitor).Run(0xc00e958440, 0xc00f724140)
	/home/mariell/go/pkg/mod/github.com/patrickmn/go-cache@v2.1.0+incompatible/cache.go:1079 +0x7b
created by github.com/patrickmn/go-cache.runJanitor in goroutine 28801
	/home/mariell/go/pkg/mod/github.com/patrickmn/go-cache@v2.1.0+incompatible/cache.go:1099 +0xdb

goroutine 27436 [IO wait]:
internal/poll.runtime_pollWait(0x777558170a20, 0x72)
	/usr/lib/go/src/runtime/netpoll.go:351 +0x85
internal/poll.(*pollDesc).wait(0xc00d181180?, 0xc00f69c600?, 0x0)
	/usr/lib/go/src/internal/poll/fd_poll_runtime.go:84 +0x27
internal/poll.(*pollDesc).waitRead(...)
	/usr/lib/go/src/internal/poll/fd_poll_runtime.go:89
internal/poll.(*FD).Read(0xc00d181180, {0xc00f69c600, 0x1300, 0x1300})
	/usr/lib/go/src/internal/poll/fd_unix.go:165 +0x27a
net.(*netFD).Read(0xc00d181180, {0xc00f69c600?, 0x5?, 0x5?})
	/usr/lib/go/src/net/fd_posix.go:55 +0x25
net.(*conn).Read(0xc010044000, {0xc00f69c600?, 0x77756005bfe8?, 0x7775a8b2b4f0?})
	/usr/lib/go/src/net/net.go:194 +0x45
crypto/tls.(*atLeastReader).Read(0xc003374810, {0xc00f69c600?, 0x11abda20?, 0xc00d23a9c8?})
	/usr/lib/go/src/crypto/tls/conn.go:809 +0x3b
bytes.(*Buffer).ReadFrom(0xc00d2a62b8, {0xa94e300, 0xc003374810})
	/usr/lib/go/src/bytes/buffer.go:211 +0x98
crypto/tls.(*Conn).readFromUntil(0xc00d2a6008, {0xa94dc00, 0xc010044000}, 0x444af4?)
	/usr/lib/go/src/crypto/tls/conn.go:831 +0xde
crypto/tls.(*Conn).readRecordOrCCS(0xc00d2a6008, 0x0)
	/usr/lib/go/src/crypto/tls/conn.go:629 +0x3cf
crypto/tls.(*Conn).readRecord(...)
	/usr/lib/go/src/crypto/tls/conn.go:591
crypto/tls.(*Conn).Read(0xc00d2a6008, {0xc00d725000, 0x1000, 0xc0126ec720?})
	/usr/lib/go/src/crypto/tls/conn.go:1385 +0x145
net/http.(*persistConn).Read(0xc0053d4120, {0xc00d725000?, 0x81fe45?, 0xa94be80?})
	/usr/lib/go/src/net/http/transport.go:2122 +0x47
bufio.(*Reader).fill(0xc011735b00)
	/usr/lib/go/src/bufio/bufio.go:113 +0x103
bufio.(*Reader).Peek(0xc011735b00, 0x1)
	/usr/lib/go/src/bufio/bufio.go:152 +0x53
net/http.(*persistConn).readLoop(0xc0053d4120)
	/usr/lib/go/src/net/http/transport.go:2275 +0x172
created by net/http.(*Transport).dialConn in goroutine 25961
	/usr/lib/go/src/net/http/transport.go:1944 +0x174f

goroutine 27437 [select]:
net/http.(*persistConn).writeLoop(0xc0053d4120)
	/usr/lib/go/src/net/http/transport.go:2590 +0xe7
created by net/http.(*Transport).dialConn in goroutine 25961
	/usr/lib/go/src/net/http/transport.go:1945 +0x17a5

goroutine 45018 [select]:
github.com/grafana/grafana/pkg/storage/unified/resource.(*cache[...]).run(0xc021d01c00)
	/home/mariell/work/oss/grafana/pkg/storage/unified/resource/broadcaster.go:291 +0xb0
created by github.com/grafana/grafana/pkg/storage/unified/resource.newChannelCache[...] in goroutine 44067
	/home/mariell/work/oss/grafana/pkg/storage/unified/resource/broadcaster.go:276 +0x189

goroutine 34632 [select]:
github.com/centrifugal/centrifuge.(*Node).initMetrics.func1()
	/home/mariell/go/pkg/mod/github.com/centrifugal/centrifuge@v0.33.3/node.go:365 +0x8a
created by github.com/centrifugal/centrifuge.(*Node).initMetrics in goroutine 33524
	/home/mariell/go/pkg/mod/github.com/centrifugal/centrifuge@v0.33.3/node.go:363 +0x1f9

goroutine 34661 [sync.Cond.Wait]:
sync.runtime_notifyListWait(0xc00dfe4bd0, 0x1a)
	/usr/lib/go/src/runtime/sema.go:597 +0x159
sync.(*Cond).Wait(0x0?)
	/usr/lib/go/src/sync/cond.go:71 +0x85
github.com/centrifugal/centrifuge/internal/dissolve.(*queueImpl).Wait(0xc01277aee0)
	/home/mariell/go/pkg/mod/github.com/centrifugal/centrifuge@v0.33.3/internal/dissolve/queue.go:139 +0x4a
github.com/centrifugal/centrifuge/internal/dissolve.(*Dissolver).runWorker(0xc015fec510)
	/home/mariell/go/pkg/mod/github.com/centrifugal/centrifuge@v0.33.3/internal/dissolve/dissolve.go:52 +0x27
created by github.com/centrifugal/centrifuge/internal/dissolve.(*Dissolver).Run in goroutine 33524
	/home/mariell/go/pkg/mod/github.com/centrifugal/centrifuge@v0.33.3/internal/dissolve/dissolve.go:31 +0x25

goroutine 29901 [select]:
github.com/patrickmn/go-cache.(*janitor).Run(0xc0064ba7d0, 0xc00f724ec0)
	/home/mariell/go/pkg/mod/github.com/patrickmn/go-cache@v2.1.0+incompatible/cache.go:1079 +0x7b
created by github.com/patrickmn/go-cache.runJanitor in goroutine 28801
	/home/mariell/go/pkg/mod/github.com/patrickmn/go-cache@v2.1.0+incompatible/cache.go:1099 +0xdb

goroutine 37788 [select]:
github.com/patrickmn/go-cache.(*janitor).Run(0xc0145c74f0, 0xc01c0db1c0)
	/home/mariell/go/pkg/mod/github.com/patrickmn/go-cache@v2.1.0+incompatible/cache.go:1079 +0x7b
created by github.com/patrickmn/go-cache.runJanitor in goroutine 37971
	/home/mariell/go/pkg/mod/github.com/patrickmn/go-cache@v2.1.0+incompatible/cache.go:1099 +0xdb

goroutine 33549 [select]:
k8s.io/apimachinery/pkg/util/wait.BackoffUntil(0xc012bcd500, {0xa95ac00, 0xc00cb5e150}, 0x1, 0xc0113fc000)
	/home/mariell/go/pkg/mod/k8s.io/apimachinery@v0.32.1/pkg/util/wait/backoff.go:238 +0x12c
k8s.io/apimachinery/pkg/util/wait.JitterUntil(0xc012bcd500, 0x3b9aca00, 0x3ff3333333333333, 0x1, 0xc0113fc000)
	/home/mariell/go/pkg/mod/k8s.io/apimachinery@v0.32.1/pkg/util/wait/backoff.go:204 +0x7f
created by k8s.io/apiserver/pkg/registry/generic/registry.(*Store).startObservingCount in goroutine 31757
	/home/mariell/go/pkg/mod/k8s.io/apiserver@v0.32.1/pkg/registry/generic/registry/store.go:1666 +0x2f9

goroutine 43869 [IO wait]:
internal/poll.runtime_pollWait(0x7775504ff180, 0x72)
	/usr/lib/go/src/runtime/netpoll.go:351 +0x85
internal/poll.(*pollDesc).wait(0xc016495780?, 0xc023b21900?, 0x0)
	/usr/lib/go/src/internal/poll/fd_poll_runtime.go:84 +0x27
internal/poll.(*pollDesc).waitRead(...)
	/usr/lib/go/src/internal/poll/fd_poll_runtime.go:89
internal/poll.(*FD).Read(0xc016495780, {0xc023b21900, 0x1300, 0x1300})
	/usr/lib/go/src/internal/poll/fd_unix.go:165 +0x27a
net.(*netFD).Read(0xc016495780, {0xc023b21900?, 0x0?, 0x5?})
	/usr/lib/go/src/net/fd_posix.go:55 +0x25
net.(*conn).Read(0xc0046d40f8, {0xc023b21900?, 0x7775582f3730?, 0x7775a8b28a78?})
	/usr/lib/go/src/net/net.go:194 +0x45
crypto/tls.(*atLeastReader).Read(0xc0125a6b40, {0xc023b21900?, 0x11abda20?, 0xc0166b39c8?})
	/usr/lib/go/src/crypto/tls/conn.go:809 +0x3b
bytes.(*Buffer).ReadFrom(0xc01cbda2b8, {0xa94e300, 0xc0125a6b40})
	/usr/lib/go/src/bytes/buffer.go:211 +0x98
crypto/tls.(*Conn).readFromUntil(0xc01cbda008, {0xa94dc00, 0xc0046d40f8}, 0x444af4?)
	/usr/lib/go/src/crypto/tls/conn.go:831 +0xde
crypto/tls.(*Conn).readRecordOrCCS(0xc01cbda008, 0x0)
	/usr/lib/go/src/crypto/tls/conn.go:629 +0x3cf
crypto/tls.(*Conn).readRecord(...)
	/usr/lib/go/src/crypto/tls/conn.go:591
crypto/tls.(*Conn).Read(0xc01cbda008, {0xc0164d0000, 0x1000, 0xc01d74b740?})
	/usr/lib/go/src/crypto/tls/conn.go:1385 +0x145
net/http.(*persistConn).Read(0xc0254b0480, {0xc0164d0000?, 0x81fe45?, 0xa94be80?})
	/usr/lib/go/src/net/http/transport.go:2122 +0x47
bufio.(*Reader).fill(0xc01dac5980)
	/usr/lib/go/src/bufio/bufio.go:113 +0x103
bufio.(*Reader).Peek(0xc01dac5980, 0x1)
	/usr/lib/go/src/bufio/bufio.go:152 +0x53
net/http.(*persistConn).readLoop(0xc0254b0480)
	/usr/lib/go/src/net/http/transport.go:2275 +0x172
created by net/http.(*Transport).dialConn in goroutine 43895
	/usr/lib/go/src/net/http/transport.go:1944 +0x174f

goroutine 48251 [sync.Cond.Wait]:
sync.runtime_notifyListWait(0xc01fca58d0, 0x26)
	/usr/lib/go/src/runtime/sema.go:597 +0x159
sync.(*Cond).Wait(0xc0190517d0?)
	/usr/lib/go/src/sync/cond.go:71 +0x85
github.com/centrifugal/centrifuge/internal/dissolve.(*queueImpl).Wait(0xc020dbf5e0)
	/home/mariell/go/pkg/mod/github.com/centrifugal/centrifuge@v0.33.3/internal/dissolve/queue.go:139 +0x4a
github.com/centrifugal/centrifuge/internal/dissolve.(*Dissolver).runWorker(0xc0271f1da0)
	/home/mariell/go/pkg/mod/github.com/centrifugal/centrifuge@v0.33.3/internal/dissolve/dissolve.go:52 +0x27
created by github.com/centrifugal/centrifuge/internal/dissolve.(*Dissolver).Run in goroutine 47137
	/home/mariell/go/pkg/mod/github.com/centrifugal/centrifuge@v0.33.3/internal/dissolve/dissolve.go:31 +0x25

goroutine 50158 [select]:
database/sql.(*DB).connectionOpener(0xc02293a9c0, {0xa9d1d00, 0xc0294446e0})
	/usr/lib/go/src/database/sql/sql.go:1261 +0x87
created by database/sql.OpenDB in goroutine 50170
	/usr/lib/go/src/database/sql/sql.go:841 +0x130

goroutine 30076 [sync.Cond.Wait]:
sync.runtime_notifyListWait(0xc0029f6450, 0xa)
	/usr/lib/go/src/runtime/sema.go:597 +0x159
sync.(*Cond).Wait(0xc01047cfd0?)
	/usr/lib/go/src/sync/cond.go:71 +0x85
github.com/centrifugal/centrifuge/internal/dissolve.(*queueImpl).Wait(0xc00ccdc000)
	/home/mariell/go/pkg/mod/github.com/centrifugal/centrifuge@v0.33.3/internal/dissolve/queue.go:139 +0x4a
github.com/centrifugal/centrifuge/internal/dissolve.(*Dissolver).runWorker(0xc00e0b3c50)
	/home/mariell/go/pkg/mod/github.com/centrifugal/centrifuge@v0.33.3/internal/dissolve/dissolve.go:52 +0x27
created by github.com/centrifugal/centrifuge/internal/dissolve.(*Dissolver).Run in goroutine 28801
	/home/mariell/go/pkg/mod/github.com/centrifugal/centrifuge@v0.33.3/internal/dissolve/dissolve.go:31 +0x25

goroutine 39281 [chan receive]:
github.com/grafana/grafana/pkg/registry/apis/dashboard/legacy.(*dashboardSqlAccess).WatchWriteEvents.func1()
	/home/mariell/work/oss/grafana/pkg/registry/apis/dashboard/legacy/storage.go:238 +0x50
created by github.com/grafana/grafana/pkg/registry/apis/dashboard/legacy.(*dashboardSqlAccess).WatchWriteEvents in goroutine 39277
	/home/mariell/work/oss/grafana/pkg/registry/apis/dashboard/legacy/storage.go:236 +0x1b6

goroutine 45600 [select]:
k8s.io/apimachinery/pkg/util/wait.BackoffUntil(0xc027b62d40, {0xa95ac00, 0xc0167a5d10}, 0x1, 0xc0279ef030)
	/home/mariell/go/pkg/mod/k8s.io/apimachinery@v0.32.1/pkg/util/wait/backoff.go:238 +0x12c
k8s.io/apimachinery/pkg/util/wait.JitterUntil(0xc027b62d40, 0x3b9aca00, 0x3ff3333333333333, 0x1, 0xc0279ef030)
	/home/mariell/go/pkg/mod/k8s.io/apimachinery@v0.32.1/pkg/util/wait/backoff.go:204 +0x7f
created by k8s.io/apiserver/pkg/registry/generic/registry.(*Store).startObservingCount in goroutine 45410
	/home/mariell/go/pkg/mod/k8s.io/apiserver@v0.32.1/pkg/registry/generic/registry/store.go:1666 +0x2f9

goroutine 29905 [select]:
github.com/patrickmn/go-cache.(*janitor).Run(0xc0079cc4c0, 0xc00f725a80)
	/home/mariell/go/pkg/mod/github.com/patrickmn/go-cache@v2.1.0+incompatible/cache.go:1079 +0x7b
created by github.com/patrickmn/go-cache.runJanitor in goroutine 28801
	/home/mariell/go/pkg/mod/github.com/patrickmn/go-cache@v2.1.0+incompatible/cache.go:1099 +0xdb

goroutine 31571 [sync.Cond.Wait]:
sync.runtime_notifyListWait(0xc012c3ca90, 0xb)
	/usr/lib/go/src/runtime/sema.go:597 +0x159
sync.(*Cond).Wait(0xc0071ebfd0?)
	/usr/lib/go/src/sync/cond.go:71 +0x85
github.com/centrifugal/centrifuge/internal/dissolve.(*queueImpl).Wait(0xc00c7c6e00)
	/home/mariell/go/pkg/mod/github.com/centrifugal/centrifuge@v0.33.3/internal/dissolve/queue.go:139 +0x4a
github.com/centrifugal/centrifuge/internal/dissolve.(*Dissolver).runWorker(0xc00e284af8)
	/home/mariell/go/pkg/mod/github.com/centrifugal/centrifuge@v0.33.3/internal/dissolve/dissolve.go:52 +0x27
created by github.com/centrifugal/centrifuge/internal/dissolve.(*Dissolver).Run in goroutine 30466
	/home/mariell/go/pkg/mod/github.com/centrifugal/centrifuge@v0.33.3/internal/dissolve/dissolve.go:31 +0x25

goroutine 30404 [IO wait]:
internal/poll.runtime_pollWait(0x777558170d68, 0x72)
	/usr/lib/go/src/runtime/netpoll.go:351 +0x85
internal/poll.(*pollDesc).wait(0xc00d4ba880?, 0xc00f848c00?, 0x0)
	/usr/lib/go/src/internal/poll/fd_poll_runtime.go:84 +0x27
internal/poll.(*pollDesc).waitRead(...)
	/usr/lib/go/src/internal/poll/fd_poll_runtime.go:89
internal/poll.(*FD).Read(0xc00d4ba880, {0xc00f848c00, 0x1300, 0x1300})
	/usr/lib/go/src/internal/poll/fd_unix.go:165 +0x27a
net.(*netFD).Read(0xc00d4ba880, {0xc00f848c00?, 0x777558443ac8?, 0x6?})
	/usr/lib/go/src/net/fd_posix.go:55 +0x25
net.(*conn).Read(0xc003082070, {0xc00f848c00?, 0x777558443ac8?, 0x7775a8b2b038?})
	/usr/lib/go/src/net/net.go:194 +0x45
crypto/tls.(*atLeastReader).Read(0xc010d285e8, {0xc00f848c00?, 0x1?, 0x1f?})
	/usr/lib/go/src/crypto/tls/conn.go:809 +0x3b
bytes.(*Buffer).ReadFrom(0xc01be16638, {0xa94e300, 0xc010d285e8})
	/usr/lib/go/src/bytes/buffer.go:211 +0x98
crypto/tls.(*Conn).readFromUntil(0xc01be16388, {0xa94dc00, 0xc003082070}, 0x444af4?)
	/usr/lib/go/src/crypto/tls/conn.go:831 +0xde
crypto/tls.(*Conn).readRecordOrCCS(0xc01be16388, 0x0)
	/usr/lib/go/src/crypto/tls/conn.go:629 +0x3cf
crypto/tls.(*Conn).readRecord(...)
	/usr/lib/go/src/crypto/tls/conn.go:591
crypto/tls.(*Conn).Read(0xc01be16388, {0xc00d68b000, 0x1000, 0x7775a8b2b038?})
	/usr/lib/go/src/crypto/tls/conn.go:1385 +0x145
net/http.(*persistConn).Read(0xc0053d4000, {0xc00d68b000?, 0x4141c5?, 0x68?})
	/usr/lib/go/src/net/http/transport.go:2122 +0x47
bufio.(*Reader).fill(0xc010db7ec0)
	/usr/lib/go/src/bufio/bufio.go:113 +0x103
bufio.(*Reader).Peek(0xc010db7ec0, 0x1)
	/usr/lib/go/src/bufio/bufio.go:152 +0x53
net/http.(*persistConn).readLoop(0xc0053d4000)
	/usr/lib/go/src/net/http/transport.go:2275 +0x172
created by net/http.(*Transport).dialConn in goroutine 25960
	/usr/lib/go/src/net/http/transport.go:1944 +0x174f

goroutine 44449 [select]:
github.com/centrifugal/centrifuge.(*Node).sendNodePing(0xc026c2f8c8)
	/home/mariell/go/pkg/mod/github.com/centrifugal/centrifuge@v0.33.3/node.go:380 +0x85
created by github.com/centrifugal/centrifuge.(*Node).Run in goroutine 44067
	/home/mariell/go/pkg/mod/github.com/centrifugal/centrifuge@v0.33.3/node.go:260 +0x225

goroutine 51337 [sync.Cond.Wait]:
sync.runtime_notifyListWait(0xc01afe9210, 0x35)
	/usr/lib/go/src/runtime/sema.go:597 +0x159
sync.(*Cond).Wait(0xc02a6c8fd0?)
	/usr/lib/go/src/sync/cond.go:71 +0x85
github.com/centrifugal/centrifuge/internal/dissolve.(*queueImpl).Wait(0xc020f245b0)
	/home/mariell/go/pkg/mod/github.com/centrifugal/centrifuge@v0.33.3/internal/dissolve/queue.go:139 +0x4a
github.com/centrifugal/centrifuge/internal/dissolve.(*Dissolver).runWorker(0xc02834aab0)
	/home/mariell/go/pkg/mod/github.com/centrifugal/centrifuge@v0.33.3/internal/dissolve/dissolve.go:52 +0x27
created by github.com/centrifugal/centrifuge/internal/dissolve.(*Dissolver).Run in goroutine 50170
	/home/mariell/go/pkg/mod/github.com/centrifugal/centrifuge@v0.33.3/internal/dissolve/dissolve.go:31 +0x25

goroutine 45120 [select]:
github.com/centrifugal/centrifuge.(*historyHub).expireStreams(0xc026c03100)
	/home/mariell/go/pkg/mod/github.com/centrifugal/centrifuge@v0.33.3/broker_memory.go:298 +0x75
created by github.com/centrifugal/centrifuge.(*historyHub).runCleanups in goroutine 44067
	/home/mariell/go/pkg/mod/github.com/centrifugal/centrifuge@v0.33.3/broker_memory.go:252 +0x56

goroutine 44043 [select]:
k8s.io/apimachinery/pkg/util/wait.BackoffUntil(0xc0143abdc0, {0xa95ac00, 0xc021cd6930}, 0x1, 0xc00e8df2d0)
	/home/mariell/go/pkg/mod/k8s.io/apimachinery@v0.32.1/pkg/util/wait/backoff.go:238 +0x12c
k8s.io/apimachinery/pkg/util/wait.JitterUntil(0xc0143abdc0, 0x3b9aca00, 0x3ff3333333333333, 0x1, 0xc00e8df2d0)
	/home/mariell/go/pkg/mod/k8s.io/apimachinery@v0.32.1/pkg/util/wait/backoff.go:204 +0x7f
created by k8s.io/apiserver/pkg/registry/generic/registry.(*Store).startObservingCount in goroutine 42497
	/home/mariell/go/pkg/mod/k8s.io/apiserver@v0.32.1/pkg/registry/generic/registry/store.go:1666 +0x2f9

goroutine 76010 [select]:
net.(*netFD).connect.func2()
	/usr/lib/go/src/net/fd_unix.go:118 +0x7a
created by net.(*netFD).connect in goroutine 76009
	/usr/lib/go/src/net/fd_unix.go:117 +0x349

goroutine 36459 [select]:
database/sql.(*DB).connectionCleaner(0xc01c3ceea0, 0xc00d096ee0?)
	/usr/lib/go/src/database/sql/sql.go:1104 +0x9c
created by database/sql.(*DB).startCleanerLocked in goroutine 36374
	/usr/lib/go/src/database/sql/sql.go:1091 +0x105

goroutine 34671 [sync.Cond.Wait]:
sync.runtime_notifyListWait(0xc00dfe4bd0, 0x24)
	/usr/lib/go/src/runtime/sema.go:597 +0x159
sync.(*Cond).Wait(0x7f66560?)
	/usr/lib/go/src/sync/cond.go:71 +0x85
github.com/centrifugal/centrifuge/internal/dissolve.(*queueImpl).Wait(0xc01277aee0)
	/home/mariell/go/pkg/mod/github.com/centrifugal/centrifuge@v0.33.3/internal/dissolve/queue.go:139 +0x4a
github.com/centrifugal/centrifuge/internal/dissolve.(*Dissolver).runWorker(0xc015fec510)
	/home/mariell/go/pkg/mod/github.com/centrifugal/centrifuge@v0.33.3/internal/dissolve/dissolve.go:52 +0x27
created by github.com/centrifugal/centrifuge/internal/dissolve.(*Dissolver).Run in goroutine 33524
	/home/mariell/go/pkg/mod/github.com/centrifugal/centrifuge@v0.33.3/internal/dissolve/dissolve.go:31 +0x25

goroutine 45403 [select]:
database/sql.(*DB).connectionOpener(0xc0078a2d00, {0xa9d1d00, 0xc016467d60})
	/usr/lib/go/src/database/sql/sql.go:1261 +0x87
created by database/sql.OpenDB in goroutine 45402
	/usr/lib/go/src/database/sql/sql.go:841 +0x130

goroutine 45202 [sync.Cond.Wait]:
sync.runtime_notifyListWait(0xc026bf9c10, 0x3d)
	/usr/lib/go/src/runtime/sema.go:597 +0x159
sync.(*Cond).Wait(0x0?)
	/usr/lib/go/src/sync/cond.go:71 +0x85
github.com/centrifugal/centrifuge/internal/dissolve.(*queueImpl).Wait(0xc026c14c40)
	/home/mariell/go/pkg/mod/github.com/centrifugal/centrifuge@v0.33.3/internal/dissolve/queue.go:139 +0x4a
github.com/centrifugal/centrifuge/internal/dissolve.(*Dissolver).runWorker(0xc026b0b128)
	/home/mariell/go/pkg/mod/github.com/centrifugal/centrifuge@v0.33.3/internal/dissolve/dissolve.go:52 +0x27
created by github.com/centrifugal/centrifuge/internal/dissolve.(*Dissolver).Run in goroutine 44067
	/home/mariell/go/pkg/mod/github.com/centrifugal/centrifuge@v0.33.3/internal/dissolve/dissolve.go:31 +0x25

goroutine 31564 [sync.Cond.Wait]:
sync.runtime_notifyListWait(0xc012c3ca90, 0x4)
	/usr/lib/go/src/runtime/sema.go:597 +0x159
sync.(*Cond).Wait(0x0?)
	/usr/lib/go/src/sync/cond.go:71 +0x85
github.com/centrifugal/centrifuge/internal/dissolve.(*queueImpl).Wait(0xc00c7c6e00)
	/home/mariell/go/pkg/mod/github.com/centrifugal/centrifuge@v0.33.3/internal/dissolve/queue.go:139 +0x4a
github.com/centrifugal/centrifuge/internal/dissolve.(*Dissolver).runWorker(0xc00e284af8)
	/home/mariell/go/pkg/mod/github.com/centrifugal/centrifuge@v0.33.3/internal/dissolve/dissolve.go:52 +0x27
created by github.com/centrifugal/centrifuge/internal/dissolve.(*Dissolver).Run in goroutine 30466
	/home/mariell/go/pkg/mod/github.com/centrifugal/centrifuge@v0.33.3/internal/dissolve/dissolve.go:31 +0x25

goroutine 37527 [sync.Cond.Wait]:
sync.runtime_notifyListWait(0xc01affc250, 0x4)
	/usr/lib/go/src/runtime/sema.go:597 +0x159
sync.(*Cond).Wait(0x0?)
	/usr/lib/go/src/sync/cond.go:71 +0x85
github.com/centrifugal/centrifuge/internal/dissolve.(*queueImpl).Wait(0xc01821cd90)
	/home/mariell/go/pkg/mod/github.com/centrifugal/centrifuge@v0.33.3/internal/dissolve/queue.go:139 +0x4a
github.com/centrifugal/centrifuge/internal/dissolve.(*Dissolver).runWorker(0xc0024fff08)
	/home/mariell/go/pkg/mod/github.com/centrifugal/centrifuge@v0.33.3/internal/dissolve/dissolve.go:52 +0x27
created by github.com/centrifugal/centrifuge/internal/dissolve.(*Dissolver).Run in goroutine 36374
	/home/mariell/go/pkg/mod/github.com/centrifugal/centrifuge@v0.33.3/internal/dissolve/dissolve.go:31 +0x25

goroutine 31819 [IO wait]:
internal/poll.runtime_pollWait(0x777558599c48, 0x72)
	/usr/lib/go/src/runtime/netpoll.go:351 +0x85
internal/poll.(*pollDesc).wait(0xc00d602780?, 0xc00ece6c00?, 0x0)
	/usr/lib/go/src/internal/poll/fd_poll_runtime.go:84 +0x27
internal/poll.(*pollDesc).waitRead(...)
	/usr/lib/go/src/internal/poll/fd_poll_runtime.go:89
internal/poll.(*FD).Read(0xc00d602780, {0xc00ece6c00, 0x1300, 0x1300})
	/usr/lib/go/src/internal/poll/fd_unix.go:165 +0x27a
net.(*netFD).Read(0xc00d602780, {0xc00ece6c00?, 0x0?, 0x1c00f434000?})
	/usr/lib/go/src/net/fd_posix.go:55 +0x25
net.(*conn).Read(0xc00e96e298, {0xc00ece6c00?, 0x7775606ff4f8?, 0x7775a8b2a210?})
	/usr/lib/go/src/net/net.go:194 +0x45
crypto/tls.(*atLeastReader).Read(0xc0024ff5f0, {0xc00ece6c00?, 0x4247a5?, 0x0?})
	/usr/lib/go/src/crypto/tls/conn.go:809 +0x3b
bytes.(*Buffer).ReadFrom(0xc00808e638, {0xa94e300, 0xc0024ff5f0})
	/usr/lib/go/src/bytes/buffer.go:211 +0x98
crypto/tls.(*Conn).readFromUntil(0xc00808e388, {0xa94dc00, 0xc00e96e298}, 0x444af4?)
	/usr/lib/go/src/crypto/tls/conn.go:831 +0xde
crypto/tls.(*Conn).readRecordOrCCS(0xc00808e388, 0x0)
	/usr/lib/go/src/crypto/tls/conn.go:629 +0x3cf
crypto/tls.(*Conn).readRecord(...)
	/usr/lib/go/src/crypto/tls/conn.go:591
crypto/tls.(*Conn).Read(0xc00808e388, {0xc00d1d5000, 0x1000, 0x7775a8b2a210?})
	/usr/lib/go/src/crypto/tls/conn.go:1385 +0x145
net/http.(*persistConn).Read(0xc003ecc6c0, {0xc00d1d5000?, 0x4141c5?, 0x68?})
	/usr/lib/go/src/net/http/transport.go:2122 +0x47
bufio.(*Reader).fill(0xc010c2aea0)
	/usr/lib/go/src/bufio/bufio.go:113 +0x103
bufio.(*Reader).Peek(0xc010c2aea0, 0x1)
	/usr/lib/go/src/bufio/bufio.go:152 +0x53
net/http.(*persistConn).readLoop(0xc003ecc6c0)
	/usr/lib/go/src/net/http/transport.go:2275 +0x172
created by net/http.(*Transport).dialConn in goroutine 28977
	/usr/lib/go/src/net/http/transport.go:1944 +0x174f

goroutine 27432 [IO wait]:
internal/poll.runtime_pollWait(0x777558170c50, 0x72)
	/usr/lib/go/src/runtime/netpoll.go:351 +0x85
internal/poll.(*pollDesc).wait(0xc00cffa900?, 0xc014850600?, 0x0)
	/usr/lib/go/src/internal/poll/fd_poll_runtime.go:84 +0x27
internal/poll.(*pollDesc).waitRead(...)
	/usr/lib/go/src/internal/poll/fd_poll_runtime.go:89
internal/poll.(*FD).Read(0xc00cffa900, {0xc014850600, 0x1300, 0x1300})
	/usr/lib/go/src/internal/poll/fd_unix.go:165 +0x27a
net.(*netFD).Read(0xc00cffa900, {0xc014850600?, 0x0?, 0x0?})
	/usr/lib/go/src/net/fd_posix.go:55 +0x25
net.(*conn).Read(0xc003082088, {0xc014850600?, 0x777558443ac8?, 0x7775a8b2b038?})
	/usr/lib/go/src/net/net.go:194 +0x45
crypto/tls.(*atLeastReader).Read(0xc010d28fc0, {0xc014850600?, 0x0?, 0x0?})
	/usr/lib/go/src/crypto/tls/conn.go:809 +0x3b
bytes.(*Buffer).ReadFrom(0xc01be169b8, {0xa94e300, 0xc010d28fc0})
	/usr/lib/go/src/bytes/buffer.go:211 +0x98
crypto/tls.(*Conn).readFromUntil(0xc01be16708, {0xa94dc00, 0xc003082088}, 0x444af4?)
	/usr/lib/go/src/crypto/tls/conn.go:831 +0xde
crypto/tls.(*Conn).readRecordOrCCS(0xc01be16708, 0x0)
	/usr/lib/go/src/crypto/tls/conn.go:629 +0x3cf
crypto/tls.(*Conn).readRecord(...)
	/usr/lib/go/src/crypto/tls/conn.go:591
crypto/tls.(*Conn).Read(0xc01be16708, {0xc00d703000, 0x1000, 0x7775a8b2b038?})
	/usr/lib/go/src/crypto/tls/conn.go:1385 +0x145
net/http.(*persistConn).Read(0xc00e77d440, {0xc00d703000?, 0x4141c5?, 0x68?})
	/usr/lib/go/src/net/http/transport.go:2122 +0x47
bufio.(*Reader).fill(0xc0143c93e0)
	/usr/lib/go/src/bufio/bufio.go:113 +0x103
bufio.(*Reader).Peek(0xc0143c93e0, 0x1)
	/usr/lib/go/src/bufio/bufio.go:152 +0x53
net/http.(*persistConn).readLoop(0xc00e77d440)
	/usr/lib/go/src/net/http/transport.go:2275 +0x172
created by net/http.(*Transport).dialConn in goroutine 30053
	/usr/lib/go/src/net/http/transport.go:1944 +0x174f

goroutine 41162 [select]:
github.com/centrifugal/centrifuge.(*Node).updateMetrics(0xc013182908)
	/home/mariell/go/pkg/mod/github.com/centrifugal/centrifuge@v0.33.3/node.go:335 +0x85
created by github.com/centrifugal/centrifuge.(*Node).Run in goroutine 40816
	/home/mariell/go/pkg/mod/github.com/centrifugal/centrifuge@v0.33.3/node.go:262 +0x2a5

goroutine 39047 [sync.Cond.Wait]:
sync.runtime_notifyListWait(0xc01fe50bd0, 0x29)
	/usr/lib/go/src/runtime/sema.go:597 +0x159
sync.(*Cond).Wait(0x0?)
	/usr/lib/go/src/sync/cond.go:71 +0x85
github.com/centrifugal/centrifuge/internal/dissolve.(*queueImpl).Wait(0xc00bf5ccb0)
	/home/mariell/go/pkg/mod/github.com/centrifugal/centrifuge@v0.33.3/internal/dissolve/queue.go:139 +0x4a
github.com/centrifugal/centrifuge/internal/dissolve.(*Dissolver).runWorker(0xc017ecc900)
	/home/mariell/go/pkg/mod/github.com/centrifugal/centrifuge@v0.33.3/internal/dissolve/dissolve.go:52 +0x27
created by github.com/centrifugal/centrifuge/internal/dissolve.(*Dissolver).Run in goroutine 37971
	/home/mariell/go/pkg/mod/github.com/centrifugal/centrifuge@v0.33.3/internal/dissolve/dissolve.go:31 +0x25

goroutine 43636 [sync.Cond.Wait]:
sync.runtime_notifyListWait(0xc00d19c890, 0x1e)
	/usr/lib/go/src/runtime/sema.go:597 +0x159
sync.(*Cond).Wait(0x0?)
	/usr/lib/go/src/sync/cond.go:71 +0x85
github.com/centrifugal/centrifuge/internal/dissolve.(*queueImpl).Wait(0xc015e6a930)
	/home/mariell/go/pkg/mod/github.com/centrifugal/centrifuge@v0.33.3/internal/dissolve/queue.go:139 +0x4a
github.com/centrifugal/centrifuge/internal/dissolve.(*Dissolver).runWorker(0xc0132189d8)
	/home/mariell/go/pkg/mod/github.com/centrifugal/centrifuge@v0.33.3/internal/dissolve/dissolve.go:52 +0x27
created by github.com/centrifugal/centrifuge/internal/dissolve.(*Dissolver).Run in goroutine 42495
	/home/mariell/go/pkg/mod/github.com/centrifugal/centrifuge@v0.33.3/internal/dissolve/dissolve.go:31 +0x25

goroutine 30093 [sync.Cond.Wait]:
sync.runtime_notifyListWait(0xc0029f6450, 0x26)
	/usr/lib/go/src/runtime/sema.go:597 +0x159
sync.(*Cond).Wait(0x0?)
	/usr/lib/go/src/sync/cond.go:71 +0x85
github.com/centrifugal/centrifuge/internal/dissolve.(*queueImpl).Wait(0xc00ccdc000)
	/home/mariell/go/pkg/mod/github.com/centrifugal/centrifuge@v0.33.3/internal/dissolve/queue.go:139 +0x4a
github.com/centrifugal/centrifuge/internal/dissolve.(*Dissolver).runWorker(0xc00e0b3c50)
	/home/mariell/go/pkg/mod/github.com/centrifugal/centrifuge@v0.33.3/internal/dissolve/dissolve.go:52 +0x27
created by github.com/centrifugal/centrifuge/internal/dissolve.(*Dissolver).Run in goroutine 28801
	/home/mariell/go/pkg/mod/github.com/centrifugal/centrifuge@v0.33.3/internal/dissolve/dissolve.go:31 +0x25

goroutine 33119 [sync.Cond.Wait]:
sync.runtime_notifyListWait(0xc019c7fcd0, 0x10)
	/usr/lib/go/src/runtime/sema.go:597 +0x159
sync.(*Cond).Wait(0x0?)
	/usr/lib/go/src/sync/cond.go:71 +0x85
github.com/centrifugal/centrifuge/internal/dissolve.(*queueImpl).Wait(0xc012092e00)
	/home/mariell/go/pkg/mod/github.com/centrifugal/centrifuge@v0.33.3/internal/dissolve/queue.go:139 +0x4a
github.com/centrifugal/centrifuge/internal/dissolve.(*Dissolver).runWorker(0xc01ba3c438)
	/home/mariell/go/pkg/mod/github.com/centrifugal/centrifuge@v0.33.3/internal/dissolve/dissolve.go:52 +0x27
created by github.com/centrifugal/centrifuge/internal/dissolve.(*Dissolver).Run in goroutine 31996
	/home/mariell/go/pkg/mod/github.com/centrifugal/centrifuge@v0.33.3/internal/dissolve/dissolve.go:31 +0x25

goroutine 30069 [sync.Cond.Wait]:
sync.runtime_notifyListWait(0xc0029f6450, 0x3)
	/usr/lib/go/src/runtime/sema.go:597 +0x159
sync.(*Cond).Wait(0x0?)
	/usr/lib/go/src/sync/cond.go:71 +0x85
github.com/centrifugal/centrifuge/internal/dissolve.(*queueImpl).Wait(0xc00ccdc000)
	/home/mariell/go/pkg/mod/github.com/centrifugal/centrifuge@v0.33.3/internal/dissolve/queue.go:139 +0x4a
github.com/centrifugal/centrifuge/internal/dissolve.(*Dissolver).runWorker(0xc00e0b3c50)
	/home/mariell/go/pkg/mod/github.com/centrifugal/centrifuge@v0.33.3/internal/dissolve/dissolve.go:52 +0x27
created by github.com/centrifugal/centrifuge/internal/dissolve.(*Dissolver).Run in goroutine 28801
	/home/mariell/go/pkg/mod/github.com/centrifugal/centrifuge@v0.33.3/internal/dissolve/dissolve.go:31 +0x25

goroutine 33115 [sync.Cond.Wait]:
sync.runtime_notifyListWait(0xc019c7fcd0, 0xc)
	/usr/lib/go/src/runtime/sema.go:597 +0x159
sync.(*Cond).Wait(0x0?)
	/usr/lib/go/src/sync/cond.go:71 +0x85
github.com/centrifugal/centrifuge/internal/dissolve.(*queueImpl).Wait(0xc012092e00)
	/home/mariell/go/pkg/mod/github.com/centrifugal/centrifuge@v0.33.3/internal/dissolve/queue.go:139 +0x4a
github.com/centrifugal/centrifuge/internal/dissolve.(*Dissolver).runWorker(0xc01ba3c438)
	/home/mariell/go/pkg/mod/github.com/centrifugal/centrifuge@v0.33.3/internal/dissolve/dissolve.go:52 +0x27
created by github.com/centrifugal/centrifuge/internal/dissolve.(*Dissolver).Run in goroutine 31996
	/home/mariell/go/pkg/mod/github.com/centrifugal/centrifuge@v0.33.3/internal/dissolve/dissolve.go:31 +0x25

goroutine 30094 [sync.Cond.Wait]:
sync.runtime_notifyListWait(0xc0029f6450, 0x28)
	/usr/lib/go/src/runtime/sema.go:597 +0x159
sync.(*Cond).Wait(0x0?)
	/usr/lib/go/src/sync/cond.go:71 +0x85
github.com/centrifugal/centrifuge/internal/dissolve.(*queueImpl).Wait(0xc00ccdc000)
	/home/mariell/go/pkg/mod/github.com/centrifugal/centrifuge@v0.33.3/internal/dissolve/queue.go:139 +0x4a
github.com/centrifugal/centrifuge/internal/dissolve.(*Dissolver).runWorker(0xc00e0b3c50)
	/home/mariell/go/pkg/mod/github.com/centrifugal/centrifuge@v0.33.3/internal/dissolve/dissolve.go:52 +0x27
created by github.com/centrifugal/centrifuge/internal/dissolve.(*Dissolver).Run in goroutine 28801
	/home/mariell/go/pkg/mod/github.com/centrifugal/centrifuge@v0.33.3/internal/dissolve/dissolve.go:31 +0x25

goroutine 28847 [select]:
github.com/centrifugal/centrifuge.(*Node).initMetrics.func1()
	/home/mariell/go/pkg/mod/github.com/centrifugal/centrifuge@v0.33.3/node.go:365 +0x8a
created by github.com/centrifugal/centrifuge.(*Node).initMetrics in goroutine 28801
	/home/mariell/go/pkg/mod/github.com/centrifugal/centrifuge@v0.33.3/node.go:363 +0x1f9

goroutine 31557 [sync.Cond.Wait]:
sync.runtime_notifyListWait(0xc012c3ca90, 0x23)
	/usr/lib/go/src/runtime/sema.go:597 +0x159
sync.(*Cond).Wait(0x0?)
	/usr/lib/go/src/sync/cond.go:71 +0x85
github.com/centrifugal/centrifuge/internal/dissolve.(*queueImpl).Wait(0xc00c7c6e00)
	/home/mariell/go/pkg/mod/github.com/centrifugal/centrifuge@v0.33.3/internal/dissolve/queue.go:139 +0x4a
github.com/centrifugal/centrifuge/internal/dissolve.(*Dissolver).runWorker(0xc00e284af8)
	/home/mariell/go/pkg/mod/github.com/centrifugal/centrifuge@v0.33.3/internal/dissolve/dissolve.go:52 +0x27
created by github.com/centrifugal/centrifuge/internal/dissolve.(*Dissolver).Run in goroutine 30466
	/home/mariell/go/pkg/mod/github.com/centrifugal/centrifuge@v0.33.3/internal/dissolve/dissolve.go:31 +0x25

goroutine 30090 [sync.Cond.Wait]:
sync.runtime_notifyListWait(0xc0029f6450, 0x18)
	/usr/lib/go/src/runtime/sema.go:597 +0x159
sync.(*Cond).Wait(0x0?)
	/usr/lib/go/src/sync/cond.go:71 +0x85
github.com/centrifugal/centrifuge/internal/dissolve.(*queueImpl).Wait(0xc00ccdc000)
	/home/mariell/go/pkg/mod/github.com/centrifugal/centrifuge@v0.33.3/internal/dissolve/queue.go:139 +0x4a
github.com/centrifugal/centrifuge/internal/dissolve.(*Dissolver).runWorker(0xc00e0b3c50)
	/home/mariell/go/pkg/mod/github.com/centrifugal/centrifuge@v0.33.3/internal/dissolve/dissolve.go:52 +0x27
created by github.com/centrifugal/centrifuge/internal/dissolve.(*Dissolver).Run in goroutine 28801
	/home/mariell/go/pkg/mod/github.com/centrifugal/centrifuge@v0.33.3/internal/dissolve/dissolve.go:31 +0x25

goroutine 30073 [sync.Cond.Wait]:
sync.runtime_notifyListWait(0xc0029f6450, 0x7)
	/usr/lib/go/src/runtime/sema.go:597 +0x159
sync.(*Cond).Wait(0xc013b5d7d0?)
	/usr/lib/go/src/sync/cond.go:71 +0x85
github.com/centrifugal/centrifuge/internal/dissolve.(*queueImpl).Wait(0xc00ccdc000)
	/home/mariell/go/pkg/mod/github.com/centrifugal/centrifuge@v0.33.3/internal/dissolve/queue.go:139 +0x4a
github.com/centrifugal/centrifuge/internal/dissolve.(*Dissolver).runWorker(0xc00e0b3c50)
	/home/mariell/go/pkg/mod/github.com/centrifugal/centrifuge@v0.33.3/internal/dissolve/dissolve.go:52 +0x27
created by github.com/centrifugal/centrifuge/internal/dissolve.(*Dissolver).Run in goroutine 28801
	/home/mariell/go/pkg/mod/github.com/centrifugal/centrifuge@v0.33.3/internal/dissolve/dissolve.go:31 +0x25

goroutine 29948 [select]:
github.com/grafana/grafana/pkg/storage/unified/resource.(*cache[...]).run(0xc010e237c0)
	/home/mariell/work/oss/grafana/pkg/storage/unified/resource/broadcaster.go:291 +0xb0
created by github.com/grafana/grafana/pkg/storage/unified/resource.newChannelCache[...] in goroutine 28801
	/home/mariell/work/oss/grafana/pkg/storage/unified/resource/broadcaster.go:276 +0x189

goroutine 30078 [sync.Cond.Wait]:
sync.runtime_notifyListWait(0xc0029f6450, 0xc)
	/usr/lib/go/src/runtime/sema.go:597 +0x159
sync.(*Cond).Wait(0xc01904dfd0?)
	/usr/lib/go/src/sync/cond.go:71 +0x85
github.com/centrifugal/centrifuge/internal/dissolve.(*queueImpl).Wait(0xc00ccdc000)
	/home/mariell/go/pkg/mod/github.com/centrifugal/centrifuge@v0.33.3/internal/dissolve/queue.go:139 +0x4a
github.com/centrifugal/centrifuge/internal/dissolve.(*Dissolver).runWorker(0xc00e0b3c50)
	/home/mariell/go/pkg/mod/github.com/centrifugal/centrifuge@v0.33.3/internal/dissolve/dissolve.go:52 +0x27
created by github.com/centrifugal/centrifuge/internal/dissolve.(*Dissolver).Run in goroutine 28801
	/home/mariell/go/pkg/mod/github.com/centrifugal/centrifuge@v0.33.3/internal/dissolve/dissolve.go:31 +0x25

goroutine 33128 [sync.Cond.Wait]:
sync.runtime_notifyListWait(0xc019c7fcd0, 0x20)
	/usr/lib/go/src/runtime/sema.go:597 +0x159
sync.(*Cond).Wait(0x0?)
	/usr/lib/go/src/sync/cond.go:71 +0x85
github.com/centrifugal/centrifuge/internal/dissolve.(*queueImpl).Wait(0xc012092e00)
	/home/mariell/go/pkg/mod/github.com/centrifugal/centrifuge@v0.33.3/internal/dissolve/queue.go:139 +0x4a
github.com/centrifugal/centrifuge/internal/dissolve.(*Dissolver).runWorker(0xc01ba3c438)
	/home/mariell/go/pkg/mod/github.com/centrifugal/centrifuge@v0.33.3/internal/dissolve/dissolve.go:52 +0x27
created by github.com/centrifugal/centrifuge/internal/dissolve.(*Dissolver).Run in goroutine 31996
	/home/mariell/go/pkg/mod/github.com/centrifugal/centrifuge@v0.33.3/internal/dissolve/dissolve.go:31 +0x25

goroutine 33117 [sync.Cond.Wait]:
sync.runtime_notifyListWait(0xc019c7fcd0, 0xe)
	/usr/lib/go/src/runtime/sema.go:597 +0x159
sync.(*Cond).Wait(0xc00c0ecfd0?)
	/usr/lib/go/src/sync/cond.go:71 +0x85
github.com/centrifugal/centrifuge/internal/dissolve.(*queueImpl).Wait(0xc012092e00)
	/home/mariell/go/pkg/mod/github.com/centrifugal/centrifuge@v0.33.3/internal/dissolve/queue.go:139 +0x4a
github.com/centrifugal/centrifuge/internal/dissolve.(*Dissolver).runWorker(0xc01ba3c438)
	/home/mariell/go/pkg/mod/github.com/centrifugal/centrifuge@v0.33.3/internal/dissolve/dissolve.go:52 +0x27
created by github.com/centrifugal/centrifuge/internal/dissolve.(*Dissolver).Run in goroutine 31996
	/home/mariell/go/pkg/mod/github.com/centrifugal/centrifuge@v0.33.3/internal/dissolve/dissolve.go:31 +0x25

goroutine 29908 [select]:
github.com/patrickmn/go-cache.(*janitor).Run(0xc0079cc720, 0xc00f725ac0)
	/home/mariell/go/pkg/mod/github.com/patrickmn/go-cache@v2.1.0+incompatible/cache.go:1079 +0x7b
created by github.com/patrickmn/go-cache.runJanitor in goroutine 28801
	/home/mariell/go/pkg/mod/github.com/patrickmn/go-cache@v2.1.0+incompatible/cache.go:1099 +0xdb

goroutine 40814 [IO wait]:
internal/poll.runtime_pollWait(0x7775581bbf58, 0x72)
	/usr/lib/go/src/runtime/netpoll.go:351 +0x85
internal/poll.(*pollDesc).wait(0xc01f2e5880?, 0xc023802600?, 0x0)
	/usr/lib/go/src/internal/poll/fd_poll_runtime.go:84 +0x27
internal/poll.(*pollDesc).waitRead(...)
	/usr/lib/go/src/internal/poll/fd_poll_runtime.go:89
internal/poll.(*FD).Read(0xc01f2e5880, {0xc023802600, 0x1300, 0x1300})
	/usr/lib/go/src/internal/poll/fd_unix.go:165 +0x27a
net.(*netFD).Read(0xc01f2e5880, {0xc023802600?, 0x0?, 0x0?})
	/usr/lib/go/src/net/fd_posix.go:55 +0x25
net.(*conn).Read(0xc01d762080, {0xc023802600?, 0x777550600808?, 0x7775a8b40088?})
	/usr/lib/go/src/net/net.go:194 +0x45
crypto/tls.(*atLeastReader).Read(0xc01a116348, {0xc023802600?, 0x0?, 0x0?})
	/usr/lib/go/src/crypto/tls/conn.go:809 +0x3b
bytes.(*Buffer).ReadFrom(0xc0132ca638, {0xa94e300, 0xc01a116348})
	/usr/lib/go/src/bytes/buffer.go:211 +0x98
crypto/tls.(*Conn).readFromUntil(0xc0132ca388, {0xa94dc00, 0xc01d762080}, 0x444af4?)
	/usr/lib/go/src/crypto/tls/conn.go:831 +0xde
crypto/tls.(*Conn).readRecordOrCCS(0xc0132ca388, 0x0)
	/usr/lib/go/src/crypto/tls/conn.go:629 +0x3cf
crypto/tls.(*Conn).readRecord(...)
	/usr/lib/go/src/crypto/tls/conn.go:591
crypto/tls.(*Conn).Read(0xc0132ca388, {0xc02382b000, 0x1000, 0x7775a8b40088?})
	/usr/lib/go/src/crypto/tls/conn.go:1385 +0x145
net/http.(*persistConn).Read(0xc022d8ed80, {0xc02382b000?, 0x4141c5?, 0x68?})
	/usr/lib/go/src/net/http/transport.go:2122 +0x47
bufio.(*Reader).fill(0xc023821800)
	/usr/lib/go/src/bufio/bufio.go:113 +0x103
bufio.(*Reader).Peek(0xc023821800, 0x1)
	/usr/lib/go/src/bufio/bufio.go:152 +0x53
net/http.(*persistConn).readLoop(0xc022d8ed80)
	/usr/lib/go/src/net/http/transport.go:2275 +0x172
created by net/http.(*Transport).dialConn in goroutine 40803
	/usr/lib/go/src/net/http/transport.go:1944 +0x174f

goroutine 33129 [sync.Cond.Wait]:
sync.runtime_notifyListWait(0xc019c7fcd0, 0x21)
	/usr/lib/go/src/runtime/sema.go:597 +0x159
sync.(*Cond).Wait(0x0?)
	/usr/lib/go/src/sync/cond.go:71 +0x85
github.com/centrifugal/centrifuge/internal/dissolve.(*queueImpl).Wait(0xc012092e00)
	/home/mariell/go/pkg/mod/github.com/centrifugal/centrifuge@v0.33.3/internal/dissolve/queue.go:139 +0x4a
github.com/centrifugal/centrifuge/internal/dissolve.(*Dissolver).runWorker(0xc01ba3c438)
	/home/mariell/go/pkg/mod/github.com/centrifugal/centrifuge@v0.33.3/internal/dissolve/dissolve.go:52 +0x27
created by github.com/centrifugal/centrifuge/internal/dissolve.(*Dissolver).Run in goroutine 31996
	/home/mariell/go/pkg/mod/github.com/centrifugal/centrifuge@v0.33.3/internal/dissolve/dissolve.go:31 +0x25

goroutine 33116 [sync.Cond.Wait]:
sync.runtime_notifyListWait(0xc019c7fcd0, 0xd)
	/usr/lib/go/src/runtime/sema.go:597 +0x159
sync.(*Cond).Wait(0x0?)
	/usr/lib/go/src/sync/cond.go:71 +0x85
github.com/centrifugal/centrifuge/internal/dissolve.(*queueImpl).Wait(0xc012092e00)
	/home/mariell/go/pkg/mod/github.com/centrifugal/centrifuge@v0.33.3/internal/dissolve/queue.go:139 +0x4a
github.com/centrifugal/centrifuge/internal/dissolve.(*Dissolver).runWorker(0xc01ba3c438)
	/home/mariell/go/pkg/mod/github.com/centrifugal/centrifuge@v0.33.3/internal/dissolve/dissolve.go:52 +0x27
created by github.com/centrifugal/centrifuge/internal/dissolve.(*Dissolver).Run in goroutine 31996
	/home/mariell/go/pkg/mod/github.com/centrifugal/centrifuge@v0.33.3/internal/dissolve/dissolve.go:31 +0x25

goroutine 33118 [sync.Cond.Wait]:
sync.runtime_notifyListWait(0xc019c7fcd0, 0xf)
	/usr/lib/go/src/runtime/sema.go:597 +0x159
sync.(*Cond).Wait(0xc0025effd0?)
	/usr/lib/go/src/sync/cond.go:71 +0x85
github.com/centrifugal/centrifuge/internal/dissolve.(*queueImpl).Wait(0xc012092e00)
	/home/mariell/go/pkg/mod/github.com/centrifugal/centrifuge@v0.33.3/internal/dissolve/queue.go:139 +0x4a
github.com/centrifugal/centrifuge/internal/dissolve.(*Dissolver).runWorker(0xc01ba3c438)
	/home/mariell/go/pkg/mod/github.com/centrifugal/centrifuge@v0.33.3/internal/dissolve/dissolve.go:52 +0x27
created by github.com/centrifugal/centrifuge/internal/dissolve.(*Dissolver).Run in goroutine 31996
	/home/mariell/go/pkg/mod/github.com/centrifugal/centrifuge@v0.33.3/internal/dissolve/dissolve.go:31 +0x25

goroutine 30092 [sync.Cond.Wait]:
sync.runtime_notifyListWait(0xc0029f6450, 0x1e)
	/usr/lib/go/src/runtime/sema.go:597 +0x159
sync.(*Cond).Wait(0x0?)
	/usr/lib/go/src/sync/cond.go:71 +0x85
github.com/centrifugal/centrifuge/internal/dissolve.(*queueImpl).Wait(0xc00ccdc000)
	/home/mariell/go/pkg/mod/github.com/centrifugal/centrifuge@v0.33.3/internal/dissolve/queue.go:139 +0x4a
github.com/centrifugal/centrifuge/internal/dissolve.(*Dissolver).runWorker(0xc00e0b3c50)
	/home/mariell/go/pkg/mod/github.com/centrifugal/centrifuge@v0.33.3/internal/dissolve/dissolve.go:52 +0x27
created by github.com/centrifugal/centrifuge/internal/dissolve.(*Dissolver).Run in goroutine 28801
	/home/mariell/go/pkg/mod/github.com/centrifugal/centrifuge@v0.33.3/internal/dissolve/dissolve.go:31 +0x25

goroutine 33136 [sync.Cond.Wait]:
sync.runtime_notifyListWait(0xc019c7fcd0, 0x1f)
	/usr/lib/go/src/runtime/sema.go:597 +0x159
sync.(*Cond).Wait(0x0?)
	/usr/lib/go/src/sync/cond.go:71 +0x85
github.com/centrifugal/centrifuge/internal/dissolve.(*queueImpl).Wait(0xc012092e00)
	/home/mariell/go/pkg/mod/github.com/centrifugal/centrifuge@v0.33.3/internal/dissolve/queue.go:139 +0x4a
github.com/centrifugal/centrifuge/internal/dissolve.(*Dissolver).runWorker(0xc01ba3c438)
	/home/mariell/go/pkg/mod/github.com/centrifugal/centrifuge@v0.33.3/internal/dissolve/dissolve.go:52 +0x27
created by github.com/centrifugal/centrifuge/internal/dissolve.(*Dissolver).Run in goroutine 31996
	/home/mariell/go/pkg/mod/github.com/centrifugal/centrifuge@v0.33.3/internal/dissolve/dissolve.go:31 +0x25

goroutine 29947 [chan receive]:
github.com/grafana/grafana/pkg/storage/unified/resource.(*server).initWatcher.func1.1()
	/home/mariell/work/oss/grafana/pkg/storage/unified/resource/server.go:922 +0x58
created by github.com/grafana/grafana/pkg/storage/unified/resource.(*server).initWatcher.func1 in goroutine 28801
	/home/mariell/work/oss/grafana/pkg/storage/unified/resource/server.go:921 +0xaa

goroutine 33137 [sync.Cond.Wait]:
sync.runtime_notifyListWait(0xc019c7fcd0, 0x22)
	/usr/lib/go/src/runtime/sema.go:597 +0x159
sync.(*Cond).Wait(0x0?)
	/usr/lib/go/src/sync/cond.go:71 +0x85
github.com/centrifugal/centrifuge/internal/dissolve.(*queueImpl).Wait(0xc012092e00)
	/home/mariell/go/pkg/mod/github.com/centrifugal/centrifuge@v0.33.3/internal/dissolve/queue.go:139 +0x4a
github.com/centrifugal/centrifuge/internal/dissolve.(*Dissolver).runWorker(0xc01ba3c438)
	/home/mariell/go/pkg/mod/github.com/centrifugal/centrifuge@v0.33.3/internal/dissolve/dissolve.go:52 +0x27
created by github.com/centrifugal/centrifuge/internal/dissolve.(*Dissolver).Run in goroutine 31996
	/home/mariell/go/pkg/mod/github.com/centrifugal/centrifuge@v0.33.3/internal/dissolve/dissolve.go:31 +0x25

goroutine 33138 [sync.Cond.Wait]:
sync.runtime_notifyListWait(0xc019c7fcd0, 0x25)
	/usr/lib/go/src/runtime/sema.go:597 +0x159
sync.(*Cond).Wait(0x0?)
	/usr/lib/go/src/sync/cond.go:71 +0x85
github.com/centrifugal/centrifuge/internal/dissolve.(*queueImpl).Wait(0xc012092e00)
	/home/mariell/go/pkg/mod/github.com/centrifugal/centrifuge@v0.33.3/internal/dissolve/queue.go:139 +0x4a
github.com/centrifugal/centrifuge/internal/dissolve.(*Dissolver).runWorker(0xc01ba3c438)
	/home/mariell/go/pkg/mod/github.com/centrifugal/centrifuge@v0.33.3/internal/dissolve/dissolve.go:52 +0x27
created by github.com/centrifugal/centrifuge/internal/dissolve.(*Dissolver).Run in goroutine 31996
	/home/mariell/go/pkg/mod/github.com/centrifugal/centrifuge@v0.33.3/internal/dissolve/dissolve.go:31 +0x25

goroutine 30091 [sync.Cond.Wait]:
sync.runtime_notifyListWait(0xc0029f6450, 0x19)
	/usr/lib/go/src/runtime/sema.go:597 +0x159
sync.(*Cond).Wait(0x0?)
	/usr/lib/go/src/sync/cond.go:71 +0x85
github.com/centrifugal/centrifuge/internal/dissolve.(*queueImpl).Wait(0xc00ccdc000)
	/home/mariell/go/pkg/mod/github.com/centrifugal/centrifuge@v0.33.3/internal/dissolve/queue.go:139 +0x4a
github.com/centrifugal/centrifuge/internal/dissolve.(*Dissolver).runWorker(0xc00e0b3c50)
	/home/mariell/go/pkg/mod/github.com/centrifugal/centrifuge@v0.33.3/internal/dissolve/dissolve.go:52 +0x27
created by github.com/centrifugal/centrifuge/internal/dissolve.(*Dissolver).Run in goroutine 28801
	/home/mariell/go/pkg/mod/github.com/centrifugal/centrifuge@v0.33.3/internal/dissolve/dissolve.go:31 +0x25

goroutine 30128 [sync.Cond.Wait]:
sync.runtime_notifyListWait(0xc0029f6450, 0x39)
	/usr/lib/go/src/runtime/sema.go:597 +0x159
sync.(*Cond).Wait(0x0?)
	/usr/lib/go/src/sync/cond.go:71 +0x85
github.com/centrifugal/centrifuge/internal/dissolve.(*queueImpl).Wait(0xc00ccdc000)
	/home/mariell/go/pkg/mod/github.com/centrifugal/centrifuge@v0.33.3/internal/dissolve/queue.go:139 +0x4a
github.com/centrifugal/centrifuge/internal/dissolve.(*Dissolver).runWorker(0xc00e0b3c50)
	/home/mariell/go/pkg/mod/github.com/centrifugal/centrifuge@v0.33.3/internal/dissolve/dissolve.go:52 +0x27
created by github.com/centrifugal/centrifuge/internal/dissolve.(*Dissolver).Run in goroutine 28801
	/home/mariell/go/pkg/mod/github.com/centrifugal/centrifuge@v0.33.3/internal/dissolve/dissolve.go:31 +0x25

goroutine 33130 [sync.Cond.Wait]:
sync.runtime_notifyListWait(0xc019c7fcd0, 0x2d)
	/usr/lib/go/src/runtime/sema.go:597 +0x159
sync.(*Cond).Wait(0x0?)
	/usr/lib/go/src/sync/cond.go:71 +0x85
github.com/centrifugal/centrifuge/internal/dissolve.(*queueImpl).Wait(0xc012092e00)
	/home/mariell/go/pkg/mod/github.com/centrifugal/centrifuge@v0.33.3/internal/dissolve/queue.go:139 +0x4a
github.com/centrifugal/centrifuge/internal/dissolve.(*Dissolver).runWorker(0xc01ba3c438)
	/home/mariell/go/pkg/mod/github.com/centrifugal/centrifuge@v0.33.3/internal/dissolve/dissolve.go:52 +0x27
created by github.com/centrifugal/centrifuge/internal/dissolve.(*Dissolver).Run in goroutine 31996
	/home/mariell/go/pkg/mod/github.com/centrifugal/centrifuge@v0.33.3/internal/dissolve/dissolve.go:31 +0x25

goroutine 30127 [sync.Cond.Wait]:
sync.runtime_notifyListWait(0xc0029f6450, 0x3b)
	/usr/lib/go/src/runtime/sema.go:597 +0x159
sync.(*Cond).Wait(0xc01047a7d0?)
	/usr/lib/go/src/sync/cond.go:71 +0x85
github.com/centrifugal/centrifuge/internal/dissolve.(*queueImpl).Wait(0xc00ccdc000)
	/home/mariell/go/pkg/mod/github.com/centrifugal/centrifuge@v0.33.3/internal/dissolve/queue.go:139 +0x4a
github.com/centrifugal/centrifuge/internal/dissolve.(*Dissolver).runWorker(0xc00e0b3c50)
	/home/mariell/go/pkg/mod/github.com/centrifugal/centrifuge@v0.33.3/internal/dissolve/dissolve.go:52 +0x27
created by github.com/centrifugal/centrifuge/internal/dissolve.(*Dissolver).Run in goroutine 28801
	/home/mariell/go/pkg/mod/github.com/centrifugal/centrifuge@v0.33.3/internal/dissolve/dissolve.go:31 +0x25

goroutine 36391 [IO wait]:
internal/poll.runtime_pollWait(0x777559373d40, 0x72)
	/usr/lib/go/src/runtime/netpoll.go:351 +0x85
internal/poll.(*pollDesc).wait(0xc018a83980?, 0xc0125bc600?, 0x0)
	/usr/lib/go/src/internal/poll/fd_poll_runtime.go:84 +0x27
internal/poll.(*pollDesc).waitRead(...)
	/usr/lib/go/src/internal/poll/fd_poll_runtime.go:89
internal/poll.(*FD).Read(0xc018a83980, {0xc0125bc600, 0x1300, 0x1300})
	/usr/lib/go/src/internal/poll/fd_unix.go:165 +0x27a
net.(*netFD).Read(0xc018a83980, {0xc0125bc600?, 0xc0125bc600?, 0x5?})
	/usr/lib/go/src/net/fd_posix.go:55 +0x25
net.(*conn).Read(0xc007e70008, {0xc0125bc600?, 0x77755830d3f0?, 0x7775a8b2a210?})
	/usr/lib/go/src/net/net.go:194 +0x45
crypto/tls.(*atLeastReader).Read(0xc0125f9e18, {0xc0125bc600?, 0x12fb?, 0xc0187b09c8?})
	/usr/lib/go/src/crypto/tls/conn.go:809 +0x3b
bytes.(*Buffer).ReadFrom(0xc01898e638, {0xa94e300, 0xc0125f9e18})
	/usr/lib/go/src/bytes/buffer.go:211 +0x98
crypto/tls.(*Conn).readFromUntil(0xc01898e388, {0xa94dc00, 0xc007e70008}, 0x444af4?)
	/usr/lib/go/src/crypto/tls/conn.go:831 +0xde
crypto/tls.(*Conn).readRecordOrCCS(0xc01898e388, 0x0)
	/usr/lib/go/src/crypto/tls/conn.go:629 +0x3cf
crypto/tls.(*Conn).readRecord(...)
	/usr/lib/go/src/crypto/tls/conn.go:591
crypto/tls.(*Conn).Read(0xc01898e388, {0xc0189a7000, 0x1000, 0xc01cd64150?})
	/usr/lib/go/src/crypto/tls/conn.go:1385 +0x145
net/http.(*persistConn).Read(0xc008b806c0, {0xc0189a7000?, 0x81fe45?, 0xa94be80?})
	/usr/lib/go/src/net/http/transport.go:2122 +0x47
bufio.(*Reader).fill(0xc01c38e4e0)
	/usr/lib/go/src/bufio/bufio.go:113 +0x103
bufio.(*Reader).Peek(0xc01c38e4e0, 0x1)
	/usr/lib/go/src/bufio/bufio.go:152 +0x53
net/http.(*persistConn).readLoop(0xc008b806c0)
	/usr/lib/go/src/net/http/transport.go:2275 +0x172
created by net/http.(*Transport).dialConn in goroutine 37776
	/usr/lib/go/src/net/http/transport.go:1944 +0x174f

goroutine 33139 [sync.Cond.Wait]:
sync.runtime_notifyListWait(0xc019c7fcd0, 0x27)
	/usr/lib/go/src/runtime/sema.go:597 +0x159
sync.(*Cond).Wait(0x0?)
	/usr/lib/go/src/sync/cond.go:71 +0x85
github.com/centrifugal/centrifuge/internal/dissolve.(*queueImpl).Wait(0xc012092e00)
	/home/mariell/go/pkg/mod/github.com/centrifugal/centrifuge@v0.33.3/internal/dissolve/queue.go:139 +0x4a
github.com/centrifugal/centrifuge/internal/dissolve.(*Dissolver).runWorker(0xc01ba3c438)
	/home/mariell/go/pkg/mod/github.com/centrifugal/centrifuge@v0.33.3/internal/dissolve/dissolve.go:52 +0x27
created by github.com/centrifugal/centrifuge/internal/dissolve.(*Dissolver).Run in goroutine 31996
	/home/mariell/go/pkg/mod/github.com/centrifugal/centrifuge@v0.33.3/internal/dissolve/dissolve.go:31 +0x25

goroutine 30126 [sync.Cond.Wait]:
sync.runtime_notifyListWait(0xc0029f6450, 0x38)
	/usr/lib/go/src/runtime/sema.go:597 +0x159
sync.(*Cond).Wait(0x0?)
	/usr/lib/go/src/sync/cond.go:71 +0x85
github.com/centrifugal/centrifuge/internal/dissolve.(*queueImpl).Wait(0xc00ccdc000)
	/home/mariell/go/pkg/mod/github.com/centrifugal/centrifuge@v0.33.3/internal/dissolve/queue.go:139 +0x4a
github.com/centrifugal/centrifuge/internal/dissolve.(*Dissolver).runWorker(0xc00e0b3c50)
	/home/mariell/go/pkg/mod/github.com/centrifugal/centrifuge@v0.33.3/internal/dissolve/dissolve.go:52 +0x27
created by github.com/centrifugal/centrifuge/internal/dissolve.(*Dissolver).Run in goroutine 28801
	/home/mariell/go/pkg/mod/github.com/centrifugal/centrifuge@v0.33.3/internal/dissolve/dissolve.go:31 +0x25

goroutine 31804 [select]:
github.com/patrickmn/go-cache.(*janitor).Run(0xc014902bf0, 0xc00842f2c0)
	/home/mariell/go/pkg/mod/github.com/patrickmn/go-cache@v2.1.0+incompatible/cache.go:1079 +0x7b
created by github.com/patrickmn/go-cache.runJanitor in goroutine 31996
	/home/mariell/go/pkg/mod/github.com/patrickmn/go-cache@v2.1.0+incompatible/cache.go:1099 +0xdb

goroutine 42072 [sync.Cond.Wait]:
sync.runtime_notifyListWait(0xc01bc03e10, 0x6)
	/usr/lib/go/src/runtime/sema.go:597 +0x159
sync.(*Cond).Wait(0xc022746fd0?)
	/usr/lib/go/src/sync/cond.go:71 +0x85
github.com/centrifugal/centrifuge/internal/dissolve.(*queueImpl).Wait(0xc01e10aa10)
	/home/mariell/go/pkg/mod/github.com/centrifugal/centrifuge@v0.33.3/internal/dissolve/queue.go:139 +0x4a
github.com/centrifugal/centrifuge/internal/dissolve.(*Dissolver).runWorker(0xc0122187e0)
	/home/mariell/go/pkg/mod/github.com/centrifugal/centrifuge@v0.33.3/internal/dissolve/dissolve.go:52 +0x27
created by github.com/centrifugal/centrifuge/internal/dissolve.(*Dissolver).Run in goroutine 40816
	/home/mariell/go/pkg/mod/github.com/centrifugal/centrifuge@v0.33.3/internal/dissolve/dissolve.go:31 +0x25

goroutine 31575 [sync.Cond.Wait]:
sync.runtime_notifyListWait(0xc012c3ca90, 0xf)
	/usr/lib/go/src/runtime/sema.go:597 +0x159
sync.(*Cond).Wait(0x0?)
	/usr/lib/go/src/sync/cond.go:71 +0x85
github.com/centrifugal/centrifuge/internal/dissolve.(*queueImpl).Wait(0xc00c7c6e00)
	/home/mariell/go/pkg/mod/github.com/centrifugal/centrifuge@v0.33.3/internal/dissolve/queue.go:139 +0x4a
github.com/centrifugal/centrifuge/internal/dissolve.(*Dissolver).runWorker(0xc00e284af8)
	/home/mariell/go/pkg/mod/github.com/centrifugal/centrifuge@v0.33.3/internal/dissolve/dissolve.go:52 +0x27
created by github.com/centrifugal/centrifuge/internal/dissolve.(*Dissolver).Run in goroutine 30466
	/home/mariell/go/pkg/mod/github.com/centrifugal/centrifuge@v0.33.3/internal/dissolve/dissolve.go:31 +0x25

goroutine 30187 [select]:
github.com/patrickmn/go-cache.(*janitor).Run(0xc0066551b0, 0xc0035b5b80)
	/home/mariell/go/pkg/mod/github.com/patrickmn/go-cache@v2.1.0+incompatible/cache.go:1079 +0x7b
created by github.com/patrickmn/go-cache.runJanitor in goroutine 28801
	/home/mariell/go/pkg/mod/github.com/patrickmn/go-cache@v2.1.0+incompatible/cache.go:1099 +0xdb

goroutine 30193 [select]:
github.com/patrickmn/go-cache.(*janitor).Run(0xc00ebb66c0, 0xc00880bb40)
	/home/mariell/go/pkg/mod/github.com/patrickmn/go-cache@v2.1.0+incompatible/cache.go:1079 +0x7b
created by github.com/patrickmn/go-cache.runJanitor in goroutine 28801
	/home/mariell/go/pkg/mod/github.com/patrickmn/go-cache@v2.1.0+incompatible/cache.go:1099 +0xdb

goroutine 30194 [select]:
github.com/patrickmn/go-cache.(*janitor).Run(0xc00ebb6810, 0xc00880bc80)
	/home/mariell/go/pkg/mod/github.com/patrickmn/go-cache@v2.1.0+incompatible/cache.go:1079 +0x7b
created by github.com/patrickmn/go-cache.runJanitor in goroutine 28801
	/home/mariell/go/pkg/mod/github.com/patrickmn/go-cache@v2.1.0+incompatible/cache.go:1099 +0xdb

goroutine 30195 [select]:
github.com/patrickmn/go-cache.(*janitor).Run(0xc00ebb6820, 0xc00880bd00)
	/home/mariell/go/pkg/mod/github.com/patrickmn/go-cache@v2.1.0+incompatible/cache.go:1079 +0x7b
created by github.com/patrickmn/go-cache.runJanitor in goroutine 28801
	/home/mariell/go/pkg/mod/github.com/patrickmn/go-cache@v2.1.0+incompatible/cache.go:1099 +0xdb

goroutine 30273 [select]:
github.com/patrickmn/go-cache.(*janitor).Run(0xc00ef7ea90, 0xc010f83640)
	/home/mariell/go/pkg/mod/github.com/patrickmn/go-cache@v2.1.0+incompatible/cache.go:1079 +0x7b
created by github.com/patrickmn/go-cache.runJanitor in goroutine 28801
	/home/mariell/go/pkg/mod/github.com/patrickmn/go-cache@v2.1.0+incompatible/cache.go:1099 +0xdb

goroutine 30275 [select]:
github.com/patrickmn/go-cache.(*janitor).Run(0xc00ef7fa00, 0xc010f83e00)
	/home/mariell/go/pkg/mod/github.com/patrickmn/go-cache@v2.1.0+incompatible/cache.go:1079 +0x7b
created by github.com/patrickmn/go-cache.runJanitor in goroutine 28801
	/home/mariell/go/pkg/mod/github.com/patrickmn/go-cache@v2.1.0+incompatible/cache.go:1099 +0xdb

goroutine 30467 [select]:
database/sql.(*DB).connectionOpener(0xc01a83a0d0, {0xa9d1d00, 0xc015120d70})
	/usr/lib/go/src/database/sql/sql.go:1261 +0x87
created by database/sql.OpenDB in goroutine 30466
	/usr/lib/go/src/database/sql/sql.go:841 +0x130

goroutine 75141 [select]:
github.com/grafana/grafana/pkg/storage/unified/resource.(*cache[...]).run(0xc01b6e0690)
	/home/mariell/work/oss/grafana/pkg/storage/unified/resource/broadcaster.go:291 +0xb0
created by github.com/grafana/grafana/pkg/storage/unified/resource.newChannelCache[...] in goroutine 22316
	/home/mariell/work/oss/grafana/pkg/storage/unified/resource/broadcaster.go:276 +0x189

goroutine 33109 [sync.Cond.Wait]:
sync.runtime_notifyListWait(0xc019c7fcd0, 0x6)
	/usr/lib/go/src/runtime/sema.go:597 +0x159
sync.(*Cond).Wait(0xc010097a40?)
	/usr/lib/go/src/sync/cond.go:71 +0x85
github.com/centrifugal/centrifuge/internal/dissolve.(*queueImpl).Wait(0xc012092e00)
	/home/mariell/go/pkg/mod/github.com/centrifugal/centrifuge@v0.33.3/internal/dissolve/queue.go:139 +0x4a
github.com/centrifugal/centrifuge/internal/dissolve.(*Dissolver).runWorker(0xc01ba3c438)
	/home/mariell/go/pkg/mod/github.com/centrifugal/centrifuge@v0.33.3/internal/dissolve/dissolve.go:52 +0x27
created by github.com/centrifugal/centrifuge/internal/dissolve.(*Dissolver).Run in goroutine 31996
	/home/mariell/go/pkg/mod/github.com/centrifugal/centrifuge@v0.33.3/internal/dissolve/dissolve.go:31 +0x25

goroutine 31570 [sync.Cond.Wait]:
sync.runtime_notifyListWait(0xc012c3ca90, 0xa)
	/usr/lib/go/src/runtime/sema.go:597 +0x159
sync.(*Cond).Wait(0x21084210842108?)
	/usr/lib/go/src/sync/cond.go:71 +0x85
github.com/centrifugal/centrifuge/internal/dissolve.(*queueImpl).Wait(0xc00c7c6e00)
	/home/mariell/go/pkg/mod/github.com/centrifugal/centrifuge@v0.33.3/internal/dissolve/queue.go:139 +0x4a
github.com/centrifugal/centrifuge/internal/dissolve.(*Dissolver).runWorker(0xc00e284af8)
	/home/mariell/go/pkg/mod/github.com/centrifugal/centrifuge@v0.33.3/internal/dissolve/dissolve.go:52 +0x27
created by github.com/centrifugal/centrifuge/internal/dissolve.(*Dissolver).Run in goroutine 30466
	/home/mariell/go/pkg/mod/github.com/centrifugal/centrifuge@v0.33.3/internal/dissolve/dissolve.go:31 +0x25

goroutine 31572 [sync.Cond.Wait]:
sync.runtime_notifyListWait(0xc012c3ca90, 0xc)
	/usr/lib/go/src/runtime/sema.go:597 +0x159
sync.(*Cond).Wait(0xf?)
	/usr/lib/go/src/sync/cond.go:71 +0x85
github.com/centrifugal/centrifuge/internal/dissolve.(*queueImpl).Wait(0xc00c7c6e00)
	/home/mariell/go/pkg/mod/github.com/centrifugal/centrifuge@v0.33.3/internal/dissolve/queue.go:139 +0x4a
github.com/centrifugal/centrifuge/internal/dissolve.(*Dissolver).runWorker(0xc00e284af8)
	/home/mariell/go/pkg/mod/github.com/centrifugal/centrifuge@v0.33.3/internal/dissolve/dissolve.go:52 +0x27
created by github.com/centrifugal/centrifuge/internal/dissolve.(*Dissolver).Run in goroutine 30466
	/home/mariell/go/pkg/mod/github.com/centrifugal/centrifuge@v0.33.3/internal/dissolve/dissolve.go:31 +0x25

goroutine 34657 [sync.Cond.Wait]:
sync.runtime_notifyListWait(0xc00dfe4bd0, 0x16)
	/usr/lib/go/src/runtime/sema.go:597 +0x159
sync.(*Cond).Wait(0x95832ad?)
	/usr/lib/go/src/sync/cond.go:71 +0x85
github.com/centrifugal/centrifuge/internal/dissolve.(*queueImpl).Wait(0xc01277aee0)
	/home/mariell/go/pkg/mod/github.com/centrifugal/centrifuge@v0.33.3/internal/dissolve/queue.go:139 +0x4a
github.com/centrifugal/centrifuge/internal/dissolve.(*Dissolver).runWorker(0xc015fec510)
	/home/mariell/go/pkg/mod/github.com/centrifugal/centrifuge@v0.33.3/internal/dissolve/dissolve.go:52 +0x27
created by github.com/centrifugal/centrifuge/internal/dissolve.(*Dissolver).Run in goroutine 33524
	/home/mariell/go/pkg/mod/github.com/centrifugal/centrifuge@v0.33.3/internal/dissolve/dissolve.go:31 +0x25

goroutine 30468 [select]:
go.opentelemetry.io/otel/sdk/trace.(*batchSpanProcessor).processQueue(0xc01a818d20)
	/home/mariell/go/pkg/mod/go.opentelemetry.io/otel/sdk@v1.34.0/trace/batch_span_processor.go:302 +0x114
go.opentelemetry.io/otel/sdk/trace.NewBatchSpanProcessor.func1()
	/home/mariell/go/pkg/mod/go.opentelemetry.io/otel/sdk@v1.34.0/trace/batch_span_processor.go:117 +0x4e
created by go.opentelemetry.io/otel/sdk/trace.NewBatchSpanProcessor in goroutine 30466
	/home/mariell/go/pkg/mod/go.opentelemetry.io/otel/sdk@v1.34.0/trace/batch_span_processor.go:115 +0x2d9

goroutine 33097 [select]:
github.com/centrifugal/centrifuge.(*historyHub).removeStreams(0xc00dcb0b00)
	/home/mariell/go/pkg/mod/github.com/centrifugal/centrifuge@v0.33.3/broker_memory.go:259 +0x6f
created by github.com/centrifugal/centrifuge.(*historyHub).runCleanups in goroutine 31996
	/home/mariell/go/pkg/mod/github.com/centrifugal/centrifuge@v0.33.3/broker_memory.go:253 +0x96

goroutine 40560 [sync.Cond.Wait]:
sync.runtime_notifyListWait(0xc0228a0b10, 0x1a)
	/usr/lib/go/src/runtime/sema.go:597 +0x159
sync.(*Cond).Wait(0x0?)
	/usr/lib/go/src/sync/cond.go:71 +0x85
github.com/centrifugal/centrifuge/internal/dissolve.(*queueImpl).Wait(0xc0228cc690)
	/home/mariell/go/pkg/mod/github.com/centrifugal/centrifuge@v0.33.3/internal/dissolve/queue.go:139 +0x4a
github.com/centrifugal/centrifuge/internal/dissolve.(*Dissolver).runWorker(0xc015fedd58)
	/home/mariell/go/pkg/mod/github.com/centrifugal/centrifuge@v0.33.3/internal/dissolve/dissolve.go:52 +0x27
created by github.com/centrifugal/centrifuge/internal/dissolve.(*Dissolver).Run in goroutine 36287
	/home/mariell/go/pkg/mod/github.com/centrifugal/centrifuge@v0.33.3/internal/dissolve/dissolve.go:31 +0x25

goroutine 55749 [select]:
github.com/grafana/grafana/pkg/storage/unified/resource.(*cache[...]).run(0xc020526408)
	/home/mariell/work/oss/grafana/pkg/storage/unified/resource/broadcaster.go:291 +0xb0
created by github.com/grafana/grafana/pkg/storage/unified/resource.newChannelCache[...] in goroutine 54803
	/home/mariell/work/oss/grafana/pkg/storage/unified/resource/broadcaster.go:276 +0x189

goroutine 31568 [sync.Cond.Wait]:
sync.runtime_notifyListWait(0xc012c3ca90, 0x8)
	/usr/lib/go/src/runtime/sema.go:597 +0x159
sync.(*Cond).Wait(0x0?)
	/usr/lib/go/src/sync/cond.go:71 +0x85
github.com/centrifugal/centrifuge/internal/dissolve.(*queueImpl).Wait(0xc00c7c6e00)
	/home/mariell/go/pkg/mod/github.com/centrifugal/centrifuge@v0.33.3/internal/dissolve/queue.go:139 +0x4a
github.com/centrifugal/centrifuge/internal/dissolve.(*Dissolver).runWorker(0xc00e284af8)
	/home/mariell/go/pkg/mod/github.com/centrifugal/centrifuge@v0.33.3/internal/dissolve/dissolve.go:52 +0x27
created by github.com/centrifugal/centrifuge/internal/dissolve.(*Dissolver).Run in goroutine 30466
	/home/mariell/go/pkg/mod/github.com/centrifugal/centrifuge@v0.33.3/internal/dissolve/dissolve.go:31 +0x25

goroutine 31994 [IO wait]:
internal/poll.runtime_pollWait(0x7775585997e8, 0x72)
	/usr/lib/go/src/runtime/netpoll.go:351 +0x85
internal/poll.(*pollDesc).wait(0xc00d1ea200?, 0xc00f69d900?, 0x0)
	/usr/lib/go/src/internal/poll/fd_poll_runtime.go:84 +0x27
internal/poll.(*pollDesc).waitRead(...)
	/usr/lib/go/src/internal/poll/fd_poll_runtime.go:89
internal/poll.(*FD).Read(0xc00d1ea200, {0xc00f69d900, 0x1300, 0x1300})
	/usr/lib/go/src/internal/poll/fd_unix.go:165 +0x27a
net.(*netFD).Read(0xc00d1ea200, {0xc00f69d900?, 0xc00f69d900?, 0x5?})
	/usr/lib/go/src/net/fd_posix.go:55 +0x25
net.(*conn).Read(0xc00e96e360, {0xc00f69d900?, 0x777558fcfcb0?, 0x7775a8b293e8?})
	/usr/lib/go/src/net/net.go:194 +0x45
crypto/tls.(*atLeastReader).Read(0xc012afae70, {0xc00f69d900?, 0x12fb?, 0xc00d53d9c8?})
	/usr/lib/go/src/crypto/tls/conn.go:809 +0x3b
bytes.(*Buffer).ReadFrom(0xc00808e9b8, {0xa94e300, 0xc012afae70})
	/usr/lib/go/src/bytes/buffer.go:211 +0x98
crypto/tls.(*Conn).readFromUntil(0xc00808e708, {0xa94dc00, 0xc00e96e360}, 0x444af4?)
	/usr/lib/go/src/crypto/tls/conn.go:831 +0xde
crypto/tls.(*Conn).readRecordOrCCS(0xc00808e708, 0x0)
	/usr/lib/go/src/crypto/tls/conn.go:629 +0x3cf
crypto/tls.(*Conn).readRecord(...)
	/usr/lib/go/src/crypto/tls/conn.go:591
crypto/tls.(*Conn).Read(0xc00808e708, {0xc00d79b000, 0x1000, 0xc01372f7a0?})
	/usr/lib/go/src/crypto/tls/conn.go:1385 +0x145
net/http.(*persistConn).Read(0xc006407560, {0xc00d79b000?, 0x81fe45?, 0xa94be80?})
	/usr/lib/go/src/net/http/transport.go:2122 +0x47
bufio.(*Reader).fill(0xc0138645a0)
	/usr/lib/go/src/bufio/bufio.go:113 +0x103
bufio.(*Reader).Peek(0xc0138645a0, 0x1)
	/usr/lib/go/src/bufio/bufio.go:152 +0x53
net/http.(*persistConn).readLoop(0xc006407560)
	/usr/lib/go/src/net/http/transport.go:2275 +0x172
created by net/http.(*Transport).dialConn in goroutine 31989
	/usr/lib/go/src/net/http/transport.go:1944 +0x174f

goroutine 31574 [sync.Cond.Wait]:
sync.runtime_notifyListWait(0xc012c3ca90, 0xe)
	/usr/lib/go/src/runtime/sema.go:597 +0x159
sync.(*Cond).Wait(0xc00cf787d0?)
	/usr/lib/go/src/sync/cond.go:71 +0x85
github.com/centrifugal/centrifuge/internal/dissolve.(*queueImpl).Wait(0xc00c7c6e00)
	/home/mariell/go/pkg/mod/github.com/centrifugal/centrifuge@v0.33.3/internal/dissolve/queue.go:139 +0x4a
github.com/centrifugal/centrifuge/internal/dissolve.(*Dissolver).runWorker(0xc00e284af8)
	/home/mariell/go/pkg/mod/github.com/centrifugal/centrifuge@v0.33.3/internal/dissolve/dissolve.go:52 +0x27
created by github.com/centrifugal/centrifuge/internal/dissolve.(*Dissolver).Run in goroutine 30466
	/home/mariell/go/pkg/mod/github.com/centrifugal/centrifuge@v0.33.3/internal/dissolve/dissolve.go:31 +0x25

goroutine 31560 [sync.Cond.Wait]:
sync.runtime_notifyListWait(0xc012c3ca90, 0x28)
	/usr/lib/go/src/runtime/sema.go:597 +0x159
sync.(*Cond).Wait(0x0?)
	/usr/lib/go/src/sync/cond.go:71 +0x85
github.com/centrifugal/centrifuge/internal/dissolve.(*queueImpl).Wait(0xc00c7c6e00)
	/home/mariell/go/pkg/mod/github.com/centrifugal/centrifuge@v0.33.3/internal/dissolve/queue.go:139 +0x4a
github.com/centrifugal/centrifuge/internal/dissolve.(*Dissolver).runWorker(0xc00e284af8)
	/home/mariell/go/pkg/mod/github.com/centrifugal/centrifuge@v0.33.3/internal/dissolve/dissolve.go:52 +0x27
created by github.com/centrifugal/centrifuge/internal/dissolve.(*Dissolver).Run in goroutine 30466
	/home/mariell/go/pkg/mod/github.com/centrifugal/centrifuge@v0.33.3/internal/dissolve/dissolve.go:31 +0x25

goroutine 34368 [select]:
net/http.(*persistConn).writeLoop(0xc007ed9560)
	/usr/lib/go/src/net/http/transport.go:2590 +0xe7
created by net/http.(*Transport).dialConn in goroutine 36223
	/usr/lib/go/src/net/http/transport.go:1945 +0x17a5

goroutine 31566 [sync.Cond.Wait]:
sync.runtime_notifyListWait(0xc012c3ca90, 0x6)
	/usr/lib/go/src/runtime/sema.go:597 +0x159
sync.(*Cond).Wait(0x0?)
	/usr/lib/go/src/sync/cond.go:71 +0x85
github.com/centrifugal/centrifuge/internal/dissolve.(*queueImpl).Wait(0xc00c7c6e00)
	/home/mariell/go/pkg/mod/github.com/centrifugal/centrifuge@v0.33.3/internal/dissolve/queue.go:139 +0x4a
github.com/centrifugal/centrifuge/internal/dissolve.(*Dissolver).runWorker(0xc00e284af8)
	/home/mariell/go/pkg/mod/github.com/centrifugal/centrifuge@v0.33.3/internal/dissolve/dissolve.go:52 +0x27
created by github.com/centrifugal/centrifuge/internal/dissolve.(*Dissolver).Run in goroutine 30466
	/home/mariell/go/pkg/mod/github.com/centrifugal/centrifuge@v0.33.3/internal/dissolve/dissolve.go:31 +0x25

goroutine 40563 [sync.Cond.Wait]:
sync.runtime_notifyListWait(0xc0228a0b10, 0x1d)
	/usr/lib/go/src/runtime/sema.go:597 +0x159
sync.(*Cond).Wait(0x0?)
	/usr/lib/go/src/sync/cond.go:71 +0x85
github.com/centrifugal/centrifuge/internal/dissolve.(*queueImpl).Wait(0xc0228cc690)
	/home/mariell/go/pkg/mod/github.com/centrifugal/centrifuge@v0.33.3/internal/dissolve/queue.go:139 +0x4a
github.com/centrifugal/centrifuge/internal/dissolve.(*Dissolver).runWorker(0xc015fedd58)
	/home/mariell/go/pkg/mod/github.com/centrifugal/centrifuge@v0.33.3/internal/dissolve/dissolve.go:52 +0x27
created by github.com/centrifugal/centrifuge/internal/dissolve.(*Dissolver).Run in goroutine 36287
	/home/mariell/go/pkg/mod/github.com/centrifugal/centrifuge@v0.33.3/internal/dissolve/dissolve.go:31 +0x25

goroutine 31565 [sync.Cond.Wait]:
sync.runtime_notifyListWait(0xc012c3ca90, 0x5)
	/usr/lib/go/src/runtime/sema.go:597 +0x159
sync.(*Cond).Wait(0x0?)
	/usr/lib/go/src/sync/cond.go:71 +0x85
github.com/centrifugal/centrifuge/internal/dissolve.(*queueImpl).Wait(0xc00c7c6e00)
	/home/mariell/go/pkg/mod/github.com/centrifugal/centrifuge@v0.33.3/internal/dissolve/queue.go:139 +0x4a
github.com/centrifugal/centrifuge/internal/dissolve.(*Dissolver).runWorker(0xc00e284af8)
	/home/mariell/go/pkg/mod/github.com/centrifugal/centrifuge@v0.33.3/internal/dissolve/dissolve.go:52 +0x27
created by github.com/centrifugal/centrifuge/internal/dissolve.(*Dissolver).Run in goroutine 30466
	/home/mariell/go/pkg/mod/github.com/centrifugal/centrifuge@v0.33.3/internal/dissolve/dissolve.go:31 +0x25

goroutine 36408 [IO wait]:
internal/poll.runtime_pollWait(0x7775593741a0, 0x72)
	/usr/lib/go/src/runtime/netpoll.go:351 +0x85
internal/poll.(*pollDesc).wait(0xc01bd9b280?, 0xc01c524000?, 0x0)
	/usr/lib/go/src/internal/poll/fd_poll_runtime.go:84 +0x27
internal/poll.(*pollDesc).waitRead(...)
	/usr/lib/go/src/internal/poll/fd_poll_runtime.go:89
internal/poll.(*FD).Read(0xc01bd9b280, {0xc01c524000, 0xa000, 0xa000})
	/usr/lib/go/src/internal/poll/fd_unix.go:165 +0x27a
net.(*netFD).Read(0xc01bd9b280, {0xc01c524000?, 0xc01c524000?, 0x5?})
	/usr/lib/go/src/net/fd_posix.go:55 +0x25
net.(*conn).Read(0xc01b1d2180, {0xc01c524000?, 0x7775584dd400?, 0x7775a8b40088?})
	/usr/lib/go/src/net/net.go:194 +0x45
crypto/tls.(*atLeastReader).Read(0xc00ff055a8, {0xc01c524000?, 0x9ffb?, 0x0?})
	/usr/lib/go/src/crypto/tls/conn.go:809 +0x3b
bytes.(*Buffer).ReadFrom(0xc01bfb4638, {0xa94e300, 0xc00ff055a8})
	/usr/lib/go/src/bytes/buffer.go:211 +0x98
crypto/tls.(*Conn).readFromUntil(0xc01bfb4388, {0xa94dc00, 0xc01b1d2180}, 0x444af4?)
	/usr/lib/go/src/crypto/tls/conn.go:831 +0xde
crypto/tls.(*Conn).readRecordOrCCS(0xc01bfb4388, 0x0)
	/usr/lib/go/src/crypto/tls/conn.go:629 +0x3cf
crypto/tls.(*Conn).readRecord(...)
	/usr/lib/go/src/crypto/tls/conn.go:591
crypto/tls.(*Conn).Read(0xc01bfb4388, {0xc01c501000, 0x1000, 0xc01bf99b60?})
	/usr/lib/go/src/crypto/tls/conn.go:1385 +0x145
net/http.(*persistConn).Read(0xc00431c000, {0xc01c501000?, 0x81fe45?, 0xa94be80?})
	/usr/lib/go/src/net/http/transport.go:2122 +0x47
bufio.(*Reader).fill(0xc01bfff440)
	/usr/lib/go/src/bufio/bufio.go:113 +0x103
bufio.(*Reader).Peek(0xc01bfff440, 0x1)
	/usr/lib/go/src/bufio/bufio.go:152 +0x53
net/http.(*persistConn).readLoop(0xc00431c000)
	/usr/lib/go/src/net/http/transport.go:2275 +0x172
created by net/http.(*Transport).dialConn in goroutine 36366
	/usr/lib/go/src/net/http/transport.go:1944 +0x174f

goroutine 40564 [sync.Cond.Wait]:
sync.runtime_notifyListWait(0xc0228a0b10, 0x1e)
	/usr/lib/go/src/runtime/sema.go:597 +0x159
sync.(*Cond).Wait(0x0?)
	/usr/lib/go/src/sync/cond.go:71 +0x85
github.com/centrifugal/centrifuge/internal/dissolve.(*queueImpl).Wait(0xc0228cc690)
	/home/mariell/go/pkg/mod/github.com/centrifugal/centrifuge@v0.33.3/internal/dissolve/queue.go:139 +0x4a
github.com/centrifugal/centrifuge/internal/dissolve.(*Dissolver).runWorker(0xc015fedd58)
	/home/mariell/go/pkg/mod/github.com/centrifugal/centrifuge@v0.33.3/internal/dissolve/dissolve.go:52 +0x27
created by github.com/centrifugal/centrifuge/internal/dissolve.(*Dissolver).Run in goroutine 36287
	/home/mariell/go/pkg/mod/github.com/centrifugal/centrifuge@v0.33.3/internal/dissolve/dissolve.go:31 +0x25

goroutine 31562 [sync.Cond.Wait]:
sync.runtime_notifyListWait(0xc012c3ca90, 0x2)
	/usr/lib/go/src/runtime/sema.go:597 +0x159
sync.(*Cond).Wait(0x0?)
	/usr/lib/go/src/sync/cond.go:71 +0x85
github.com/centrifugal/centrifuge/internal/dissolve.(*queueImpl).Wait(0xc00c7c6e00)
	/home/mariell/go/pkg/mod/github.com/centrifugal/centrifuge@v0.33.3/internal/dissolve/queue.go:139 +0x4a
github.com/centrifugal/centrifuge/internal/dissolve.(*Dissolver).runWorker(0xc00e284af8)
	/home/mariell/go/pkg/mod/github.com/centrifugal/centrifuge@v0.33.3/internal/dissolve/dissolve.go:52 +0x27
created by github.com/centrifugal/centrifuge/internal/dissolve.(*Dissolver).Run in goroutine 30466
	/home/mariell/go/pkg/mod/github.com/centrifugal/centrifuge@v0.33.3/internal/dissolve/dissolve.go:31 +0x25

goroutine 31573 [sync.Cond.Wait]:
sync.runtime_notifyListWait(0xc012c3ca90, 0xd)
	/usr/lib/go/src/runtime/sema.go:597 +0x159
sync.(*Cond).Wait(0x0?)
	/usr/lib/go/src/sync/cond.go:71 +0x85
github.com/centrifugal/centrifuge/internal/dissolve.(*queueImpl).Wait(0xc00c7c6e00)
	/home/mariell/go/pkg/mod/github.com/centrifugal/centrifuge@v0.33.3/internal/dissolve/queue.go:139 +0x4a
github.com/centrifugal/centrifuge/internal/dissolve.(*Dissolver).runWorker(0xc00e284af8)
	/home/mariell/go/pkg/mod/github.com/centrifugal/centrifuge@v0.33.3/internal/dissolve/dissolve.go:52 +0x27
created by github.com/centrifugal/centrifuge/internal/dissolve.(*Dissolver).Run in goroutine 30466
	/home/mariell/go/pkg/mod/github.com/centrifugal/centrifuge@v0.33.3/internal/dissolve/dissolve.go:31 +0x25

goroutine 44045 [select]:
k8s.io/apimachinery/pkg/util/wait.BackoffUntil(0xc013ff6180, {0xa95ac00, 0xc021cd6960}, 0x1, 0xc00e8df7a0)
	/home/mariell/go/pkg/mod/k8s.io/apimachinery@v0.32.1/pkg/util/wait/backoff.go:238 +0x12c
k8s.io/apimachinery/pkg/util/wait.JitterUntil(0xc013ff6180, 0x3b9aca00, 0x3ff3333333333333, 0x1, 0xc00e8df7a0)
	/home/mariell/go/pkg/mod/k8s.io/apimachinery@v0.32.1/pkg/util/wait/backoff.go:204 +0x7f
created by k8s.io/apiserver/pkg/registry/generic/registry.(*Store).startObservingCount in goroutine 42497
	/home/mariell/go/pkg/mod/k8s.io/apiserver@v0.32.1/pkg/registry/generic/registry/store.go:1666 +0x2f9

goroutine 76262 [select]:
github.com/patrickmn/go-cache.(*janitor).Run(0xc047084a20, 0xc046dc9300)
	/home/mariell/go/pkg/mod/github.com/patrickmn/go-cache@v2.1.0+incompatible/cache.go:1079 +0x7b
created by github.com/patrickmn/go-cache.runJanitor in goroutine 22318
	/home/mariell/go/pkg/mod/github.com/patrickmn/go-cache@v2.1.0+incompatible/cache.go:1099 +0xdb

goroutine 48694 [select]:
database/sql.(*DB).connectionOpener(0xc01a128340, {0xa9d1d00, 0xc01de0c1e0})
	/usr/lib/go/src/database/sql/sql.go:1261 +0x87
created by database/sql.OpenDB in goroutine 48632
	/usr/lib/go/src/database/sql/sql.go:841 +0x130

goroutine 57679 [select]:
go.opentelemetry.io/otel/sdk/trace.(*batchSpanProcessor).processQueue(0xc028d80fa0)
	/home/mariell/go/pkg/mod/go.opentelemetry.io/otel/sdk@v1.34.0/trace/batch_span_processor.go:302 +0x114
go.opentelemetry.io/otel/sdk/trace.NewBatchSpanProcessor.func1()
	/home/mariell/go/pkg/mod/go.opentelemetry.io/otel/sdk@v1.34.0/trace/batch_span_processor.go:117 +0x4e
created by go.opentelemetry.io/otel/sdk/trace.NewBatchSpanProcessor in goroutine 56288
	/home/mariell/go/pkg/mod/go.opentelemetry.io/otel/sdk@v1.34.0/trace/batch_span_processor.go:115 +0x2d9

goroutine 54367 [sync.Cond.Wait]:
sync.runtime_notifyListWait(0xc02667f850, 0x21)
	/usr/lib/go/src/runtime/sema.go:597 +0x159
sync.(*Cond).Wait(0x100000000000000?)
	/usr/lib/go/src/sync/cond.go:71 +0x85
github.com/centrifugal/centrifuge/internal/dissolve.(*queueImpl).Wait(0xc029e6aa10)
	/home/mariell/go/pkg/mod/github.com/centrifugal/centrifuge@v0.33.3/internal/dissolve/queue.go:139 +0x4a
github.com/centrifugal/centrifuge/internal/dissolve.(*Dissolver).runWorker(0xc015fed548)
	/home/mariell/go/pkg/mod/github.com/centrifugal/centrifuge@v0.33.3/internal/dissolve/dissolve.go:52 +0x27
created by github.com/centrifugal/centrifuge/internal/dissolve.(*Dissolver).Run in goroutine 53243
	/home/mariell/go/pkg/mod/github.com/centrifugal/centrifuge@v0.33.3/internal/dissolve/dissolve.go:31 +0x25

goroutine 74616 [sync.Cond.Wait]:
sync.runtime_notifyListWait(0xc022369b10, 0x20)
	/usr/lib/go/src/runtime/sema.go:597 +0x159
sync.(*Cond).Wait(0x0?)
	/usr/lib/go/src/sync/cond.go:71 +0x85
github.com/centrifugal/centrifuge/internal/dissolve.(*queueImpl).Wait(0xc0429f7180)
	/home/mariell/go/pkg/mod/github.com/centrifugal/centrifuge@v0.33.3/internal/dissolve/queue.go:139 +0x4a
github.com/centrifugal/centrifuge/internal/dissolve.(*Dissolver).runWorker(0xc02391be18)
	/home/mariell/go/pkg/mod/github.com/centrifugal/centrifuge@v0.33.3/internal/dissolve/dissolve.go:52 +0x27
created by github.com/centrifugal/centrifuge/internal/dissolve.(*Dissolver).Run in goroutine 4438
	/home/mariell/go/pkg/mod/github.com/centrifugal/centrifuge@v0.33.3/internal/dissolve/dissolve.go:31 +0x25

goroutine 33544 [select]:
github.com/grafana/grafana/pkg/storage/unified/resource.(*cache[...]).run(0xc00b625a00)
	/home/mariell/work/oss/grafana/pkg/storage/unified/resource/broadcaster.go:291 +0xb0
created by github.com/grafana/grafana/pkg/storage/unified/resource.newChannelCache[...] in goroutine 31757
	/home/mariell/work/oss/grafana/pkg/storage/unified/resource/broadcaster.go:276 +0x189

goroutine 41159 [select]:
github.com/centrifugal/centrifuge.(*Node).initMetrics.func1()
	/home/mariell/go/pkg/mod/github.com/centrifugal/centrifuge@v0.33.3/node.go:365 +0x8a
created by github.com/centrifugal/centrifuge.(*Node).initMetrics in goroutine 40816
	/home/mariell/go/pkg/mod/github.com/centrifugal/centrifuge@v0.33.3/node.go:363 +0x1f9

goroutine 31800 [select]:
github.com/patrickmn/go-cache.(*janitor).Run(0xc0147f1340, 0xc00842e0c0)
	/home/mariell/go/pkg/mod/github.com/patrickmn/go-cache@v2.1.0+incompatible/cache.go:1079 +0x7b
created by github.com/patrickmn/go-cache.runJanitor in goroutine 31996
	/home/mariell/go/pkg/mod/github.com/patrickmn/go-cache@v2.1.0+incompatible/cache.go:1099 +0xdb

goroutine 34664 [sync.Cond.Wait]:
sync.runtime_notifyListWait(0xc00dfe4bd0, 0x1d)
	/usr/lib/go/src/runtime/sema.go:597 +0x159
sync.(*Cond).Wait(0xc014e69fd0?)
	/usr/lib/go/src/sync/cond.go:71 +0x85
github.com/centrifugal/centrifuge/internal/dissolve.(*queueImpl).Wait(0xc01277aee0)
	/home/mariell/go/pkg/mod/github.com/centrifugal/centrifuge@v0.33.3/internal/dissolve/queue.go:139 +0x4a
github.com/centrifugal/centrifuge/internal/dissolve.(*Dissolver).runWorker(0xc015fec510)
	/home/mariell/go/pkg/mod/github.com/centrifugal/centrifuge@v0.33.3/internal/dissolve/dissolve.go:52 +0x27
created by github.com/centrifugal/centrifuge/internal/dissolve.(*Dissolver).Run in goroutine 33524
	/home/mariell/go/pkg/mod/github.com/centrifugal/centrifuge@v0.33.3/internal/dissolve/dissolve.go:31 +0x25

goroutine 40966 [select]:
k8s.io/apimachinery/pkg/util/wait.BackoffUntil(0xc023c3b300, {0xa95ac00, 0xc00ca85380}, 0x1, 0xc023b65340)
	/home/mariell/go/pkg/mod/k8s.io/apimachinery@v0.32.1/pkg/util/wait/backoff.go:238 +0x12c
k8s.io/apimachinery/pkg/util/wait.JitterUntil(0xc023c3b300, 0x3b9aca00, 0x3ff3333333333333, 0x1, 0xc023b65340)
	/home/mariell/go/pkg/mod/k8s.io/apimachinery@v0.32.1/pkg/util/wait/backoff.go:204 +0x7f
created by k8s.io/apiserver/pkg/registry/generic/registry.(*Store).startObservingCount in goroutine 39277
	/home/mariell/go/pkg/mod/k8s.io/apiserver@v0.32.1/pkg/registry/generic/registry/store.go:1666 +0x2f9

goroutine 39444 [chan receive (nil chan)]:
k8s.io/apiserver/pkg/server.preparedGenericAPIServer.RunWithContext.func5()
	/home/mariell/go/pkg/mod/k8s.io/apiserver@v0.32.1/pkg/server/genericapiserver.go:598 +0x37
created by k8s.io/apiserver/pkg/server.preparedGenericAPIServer.RunWithContext in goroutine 39437
	/home/mariell/go/pkg/mod/k8s.io/apiserver@v0.32.1/pkg/server/genericapiserver.go:597 +0x60b

goroutine 45136 [select]:
net/http.(*persistConn).writeLoop(0xc01f4ac900)
	/usr/lib/go/src/net/http/transport.go:2590 +0xe7
created by net/http.(*Transport).dialConn in goroutine 45265
	/usr/lib/go/src/net/http/transport.go:1945 +0x17a5

goroutine 33480 [IO wait]:
internal/poll.runtime_pollWait(0x777558599388, 0x72)
	/usr/lib/go/src/runtime/netpoll.go:351 +0x85
internal/poll.(*pollDesc).wait(0xc012348d00?, 0xc00f69ec00?, 0x0)
	/usr/lib/go/src/internal/poll/fd_poll_runtime.go:84 +0x27
internal/poll.(*pollDesc).waitRead(...)
	/usr/lib/go/src/internal/poll/fd_poll_runtime.go:89
internal/poll.(*FD).Read(0xc012348d00, {0xc00f69ec00, 0x1300, 0x1300})
	/usr/lib/go/src/internal/poll/fd_unix.go:165 +0x27a
net.(*netFD).Read(0xc012348d00, {0xc00f69ec00?, 0x0?, 0x1c006a04000?})
	/usr/lib/go/src/net/fd_posix.go:55 +0x25
net.(*conn).Read(0xc010044020, {0xc00f69ec00?, 0x7775584ea748?, 0x7775a8b2a210?})
	/usr/lib/go/src/net/net.go:194 +0x45
crypto/tls.(*atLeastReader).Read(0xc0101f61e0, {0xc00f69ec00?, 0x4247a5?, 0x0?})
	/usr/lib/go/src/crypto/tls/conn.go:809 +0x3b
bytes.(*Buffer).ReadFrom(0xc010e42638, {0xa94e300, 0xc0101f61e0})
	/usr/lib/go/src/bytes/buffer.go:211 +0x98
crypto/tls.(*Conn).readFromUntil(0xc010e42388, {0xa94dc00, 0xc010044020}, 0x444af4?)
	/usr/lib/go/src/crypto/tls/conn.go:831 +0xde
crypto/tls.(*Conn).readRecordOrCCS(0xc010e42388, 0x0)
	/usr/lib/go/src/crypto/tls/conn.go:629 +0x3cf
crypto/tls.(*Conn).readRecord(...)
	/usr/lib/go/src/crypto/tls/conn.go:591
crypto/tls.(*Conn).Read(0xc010e42388, {0xc00b993000, 0x1000, 0x7775a8b2a210?})
	/usr/lib/go/src/crypto/tls/conn.go:1385 +0x145
net/http.(*persistConn).Read(0xc003f0c7e0, {0xc00b993000?, 0x4141c5?, 0x68?})
	/usr/lib/go/src/net/http/transport.go:2122 +0x47
bufio.(*Reader).fill(0xc01b41c3c0)
	/usr/lib/go/src/bufio/bufio.go:113 +0x103
bufio.(*Reader).Peek(0xc01b41c3c0, 0x1)
	/usr/lib/go/src/bufio/bufio.go:152 +0x53
net/http.(*persistConn).readLoop(0xc003f0c7e0)
	/usr/lib/go/src/net/http/transport.go:2275 +0x172
created by net/http.(*Transport).dialConn in goroutine 33362
	/usr/lib/go/src/net/http/transport.go:1944 +0x174f

goroutine 36438 [select]:
k8s.io/apimachinery/pkg/util/wait.BackoffUntil(0xc01cba8700, {0xa95ac00, 0xc01c5029c0}, 0x1, 0xc01ca99ea0)
	/home/mariell/go/pkg/mod/k8s.io/apimachinery@v0.32.1/pkg/util/wait/backoff.go:238 +0x12c
k8s.io/apimachinery/pkg/util/wait.JitterUntil(0xc01cba8700, 0x3b9aca00, 0x3ff3333333333333, 0x1, 0xc01ca99ea0)
	/home/mariell/go/pkg/mod/k8s.io/apimachinery@v0.32.1/pkg/util/wait/backoff.go:204 +0x7f
created by k8s.io/apiserver/pkg/registry/generic/registry.(*Store).startObservingCount in goroutine 32950
	/home/mariell/go/pkg/mod/k8s.io/apiserver@v0.32.1/pkg/registry/generic/registry/store.go:1666 +0x2f9

goroutine 45138 [select]:
github.com/centrifugal/centrifuge.(*Node).cleanNodeInfo(0xc026c2f8c8)
	/home/mariell/go/pkg/mod/github.com/centrifugal/centrifuge@v0.33.3/node.go:394 +0x90
created by github.com/centrifugal/centrifuge.(*Node).Run in goroutine 44067
	/home/mariell/go/pkg/mod/github.com/centrifugal/centrifuge@v0.33.3/node.go:261 +0x265

goroutine 58918 [sync.Cond.Wait]:
sync.runtime_notifyListWait(0xc01f861010, 0x30)
	/usr/lib/go/src/runtime/sema.go:597 +0x159
sync.(*Cond).Wait(0x10000c0236417d0?)
	/usr/lib/go/src/sync/cond.go:71 +0x85
github.com/centrifugal/centrifuge/internal/dissolve.(*queueImpl).Wait(0xc01921b6c0)
	/home/mariell/go/pkg/mod/github.com/centrifugal/centrifuge@v0.33.3/internal/dissolve/queue.go:139 +0x4a
github.com/centrifugal/centrifuge/internal/dissolve.(*Dissolver).runWorker(0xc0243b2a20)
	/home/mariell/go/pkg/mod/github.com/centrifugal/centrifuge@v0.33.3/internal/dissolve/dissolve.go:52 +0x27
created by github.com/centrifugal/centrifuge/internal/dissolve.(*Dissolver).Run in goroutine 57831
	/home/mariell/go/pkg/mod/github.com/centrifugal/centrifuge@v0.33.3/internal/dissolve/dissolve.go:31 +0x25

goroutine 27435 [select]:
net/http.(*persistConn).writeLoop(0xc005ac07e0)
	/usr/lib/go/src/net/http/transport.go:2590 +0xe7
created by net/http.(*Transport).dialConn in goroutine 26469
	/usr/lib/go/src/net/http/transport.go:1945 +0x17a5

goroutine 31873 [sync.Cond.Wait]:
sync.runtime_notifyListWait(0xc019c7fcd0, 0x2)
	/usr/lib/go/src/runtime/sema.go:597 +0x159
sync.(*Cond).Wait(0xc01b5b5fd0?)
	/usr/lib/go/src/sync/cond.go:71 +0x85
github.com/centrifugal/centrifuge/internal/dissolve.(*queueImpl).Wait(0xc012092e00)
	/home/mariell/go/pkg/mod/github.com/centrifugal/centrifuge@v0.33.3/internal/dissolve/queue.go:139 +0x4a
github.com/centrifugal/centrifuge/internal/dissolve.(*Dissolver).runWorker(0xc01ba3c438)
	/home/mariell/go/pkg/mod/github.com/centrifugal/centrifuge@v0.33.3/internal/dissolve/dissolve.go:52 +0x27
created by github.com/centrifugal/centrifuge/internal/dissolve.(*Dissolver).Run in goroutine 31996
	/home/mariell/go/pkg/mod/github.com/centrifugal/centrifuge@v0.33.3/internal/dissolve/dissolve.go:31 +0x25

goroutine 73821 [select]:
github.com/patrickmn/go-cache.(*janitor).Run(0xc020782430, 0xc0228a02c0)
	/home/mariell/go/pkg/mod/github.com/patrickmn/go-cache@v2.1.0+incompatible/cache.go:1079 +0x7b
created by github.com/patrickmn/go-cache.runJanitor in goroutine 22316
	/home/mariell/go/pkg/mod/github.com/patrickmn/go-cache@v2.1.0+incompatible/cache.go:1099 +0xdb

goroutine 40959 [chan receive (nil chan)]:
k8s.io/apiserver/pkg/server.preparedGenericAPIServer.RunWithContext.func5()
	/home/mariell/go/pkg/mod/k8s.io/apiserver@v0.32.1/pkg/server/genericapiserver.go:598 +0x37
created by k8s.io/apiserver/pkg/server.preparedGenericAPIServer.RunWithContext in goroutine 40952
	/home/mariell/go/pkg/mod/k8s.io/apiserver@v0.32.1/pkg/server/genericapiserver.go:597 +0x60b

goroutine 78275 [runnable]:
golang.org/x/sync/errgroup.(*Group).Go.func1()
	/home/mariell/go/pkg/mod/golang.org/x/sync@v0.11.0/errgroup/errgroup.go:75
created by golang.org/x/sync/errgroup.(*Group).Go in goroutine 77705
	/home/mariell/go/pkg/mod/golang.org/x/sync@v0.11.0/errgroup/errgroup.go:75 +0x93

goroutine 34470 [select]:
github.com/patrickmn/go-cache.(*janitor).Run(0xc01f2454b0, 0xc01bb1f7c0)
	/home/mariell/go/pkg/mod/github.com/patrickmn/go-cache@v2.1.0+incompatible/cache.go:1079 +0x7b
created by github.com/patrickmn/go-cache.runJanitor in goroutine 33524
	/home/mariell/go/pkg/mod/github.com/patrickmn/go-cache@v2.1.0+incompatible/cache.go:1099 +0xdb

goroutine 78051 [runnable]:
github.com/centrifugal/centrifuge/internal/dissolve.(*Dissolver).Run.gowrap1()
	/home/mariell/go/pkg/mod/github.com/centrifugal/centrifuge@v0.33.3/internal/dissolve/dissolve.go:31
runtime.goexit({})
	/usr/lib/go/src/runtime/asm_amd64.s:1700 +0x1
created by github.com/centrifugal/centrifuge/internal/dissolve.(*Dissolver).Run in goroutine 3350
	/home/mariell/go/pkg/mod/github.com/centrifugal/centrifuge@v0.33.3/internal/dissolve/dissolve.go:31 +0x25

goroutine 45179 [sync.Cond.Wait]:
sync.runtime_notifyListWait(0xc026bf9c10, 0x22)
	/usr/lib/go/src/runtime/sema.go:597 +0x159
sync.(*Cond).Wait(0x0?)
	/usr/lib/go/src/sync/cond.go:71 +0x85
github.com/centrifugal/centrifuge/internal/dissolve.(*queueImpl).Wait(0xc026c14c40)
	/home/mariell/go/pkg/mod/github.com/centrifugal/centrifuge@v0.33.3/internal/dissolve/queue.go:139 +0x4a
github.com/centrifugal/centrifuge/internal/dissolve.(*Dissolver).runWorker(0xc026b0b128)
	/home/mariell/go/pkg/mod/github.com/centrifugal/centrifuge@v0.33.3/internal/dissolve/dissolve.go:52 +0x27
created by github.com/centrifugal/centrifuge/internal/dissolve.(*Dissolver).Run in goroutine 44067
	/home/mariell/go/pkg/mod/github.com/centrifugal/centrifuge@v0.33.3/internal/dissolve/dissolve.go:31 +0x25

goroutine 45166 [sync.Cond.Wait]:
sync.runtime_notifyListWait(0xc026bf9c10, 0x1b)
	/usr/lib/go/src/runtime/sema.go:597 +0x159
sync.(*Cond).Wait(0x0?)
	/usr/lib/go/src/sync/cond.go:71 +0x85
github.com/centrifugal/centrifuge/internal/dissolve.(*queueImpl).Wait(0xc026c14c40)
	/home/mariell/go/pkg/mod/github.com/centrifugal/centrifuge@v0.33.3/internal/dissolve/queue.go:139 +0x4a
github.com/centrifugal/centrifuge/internal/dissolve.(*Dissolver).runWorker(0xc026b0b128)
	/home/mariell/go/pkg/mod/github.com/centrifugal/centrifuge@v0.33.3/internal/dissolve/dissolve.go:52 +0x27
created by github.com/centrifugal/centrifuge/internal/dissolve.(*Dissolver).Run in goroutine 44067
	/home/mariell/go/pkg/mod/github.com/centrifugal/centrifuge@v0.33.3/internal/dissolve/dissolve.go:31 +0x25

goroutine 32007 [chan receive]:
github.com/grafana/grafana/pkg/storage/unified/resource.(*server).initWatcher.func1.1()
	/home/mariell/work/oss/grafana/pkg/storage/unified/resource/server.go:922 +0x58
created by github.com/grafana/grafana/pkg/storage/unified/resource.(*server).initWatcher.func1 in goroutine 30401
	/home/mariell/work/oss/grafana/pkg/storage/unified/resource/server.go:921 +0xaa

goroutine 46713 [sync.Cond.Wait]:
sync.runtime_notifyListWait(0xc016303990, 0x16)
	/usr/lib/go/src/runtime/sema.go:597 +0x159
sync.(*Cond).Wait(0xc01649a4d0?)
	/usr/lib/go/src/sync/cond.go:71 +0x85
github.com/centrifugal/centrifuge/internal/dissolve.(*queueImpl).Wait(0xc020154850)
	/home/mariell/go/pkg/mod/github.com/centrifugal/centrifuge@v0.33.3/internal/dissolve/queue.go:139 +0x4a
github.com/centrifugal/centrifuge/internal/dissolve.(*Dissolver).runWorker(0xc00b4e8b40)
	/home/mariell/go/pkg/mod/github.com/centrifugal/centrifuge@v0.33.3/internal/dissolve/dissolve.go:52 +0x27
created by github.com/centrifugal/centrifuge/internal/dissolve.(*Dissolver).Run in goroutine 45402
	/home/mariell/go/pkg/mod/github.com/centrifugal/centrifuge@v0.33.3/internal/dissolve/dissolve.go:31 +0x25

goroutine 37536 [sync.Cond.Wait]:
sync.runtime_notifyListWait(0xc01affc250, 0xd)
	/usr/lib/go/src/runtime/sema.go:597 +0x159
sync.(*Cond).Wait(0x0?)
	/usr/lib/go/src/sync/cond.go:71 +0x85
github.com/centrifugal/centrifuge/internal/dissolve.(*queueImpl).Wait(0xc01821cd90)
	/home/mariell/go/pkg/mod/github.com/centrifugal/centrifuge@v0.33.3/internal/dissolve/queue.go:139 +0x4a
github.com/centrifugal/centrifuge/internal/dissolve.(*Dissolver).runWorker(0xc0024fff08)
	/home/mariell/go/pkg/mod/github.com/centrifugal/centrifuge@v0.33.3/internal/dissolve/dissolve.go:52 +0x27
created by github.com/centrifugal/centrifuge/internal/dissolve.(*Dissolver).Run in goroutine 36374
	/home/mariell/go/pkg/mod/github.com/centrifugal/centrifuge@v0.33.3/internal/dissolve/dissolve.go:31 +0x25

goroutine 31959 [IO wait]:
internal/poll.runtime_pollWait(0x777558599900, 0x72)
	/usr/lib/go/src/runtime/netpoll.go:351 +0x85
internal/poll.(*pollDesc).wait(0xc00cd6a480?, 0xc00ece2000?, 0x0)
	/usr/lib/go/src/internal/poll/fd_poll_runtime.go:84 +0x27
internal/poll.(*pollDesc).waitRead(...)
	/usr/lib/go/src/internal/poll/fd_poll_runtime.go:89
internal/poll.(*FD).Read(0xc00cd6a480, {0xc00ece2000, 0x1300, 0x1300})
	/usr/lib/go/src/internal/poll/fd_unix.go:165 +0x27a
net.(*netFD).Read(0xc00cd6a480, {0xc00ece2000?, 0xc000da2008?, 0xc01333e2a0?})
	/usr/lib/go/src/net/fd_posix.go:55 +0x25
net.(*conn).Read(0xc00e96e288, {0xc00ece2000?, 0x77755820a588?, 0x7775a8b293e8?})
	/usr/lib/go/src/net/net.go:194 +0x45
crypto/tls.(*atLeastReader).Read(0xc0124409c0, {0xc00ece2000?, 0x2a?, 0x5?})
	/usr/lib/go/src/crypto/tls/conn.go:809 +0x3b
bytes.(*Buffer).ReadFrom(0xc007bd3b38, {0xa94e300, 0xc0124409c0})
	/usr/lib/go/src/bytes/buffer.go:211 +0x98
crypto/tls.(*Conn).readFromUntil(0xc007bd3888, {0xa94dc00, 0xc00e96e288}, 0x444af4?)
	/usr/lib/go/src/crypto/tls/conn.go:831 +0xde
crypto/tls.(*Conn).readRecordOrCCS(0xc007bd3888, 0x0)
	/usr/lib/go/src/crypto/tls/conn.go:629 +0x3cf
crypto/tls.(*Conn).readRecord(...)
	/usr/lib/go/src/crypto/tls/conn.go:591
crypto/tls.(*Conn).Read(0xc007bd3888, {0xc01bec9000, 0x1000, 0x7775a8b293e8?})
	/usr/lib/go/src/crypto/tls/conn.go:1385 +0x145
net/http.(*persistConn).Read(0xc0046a4000, {0xc01bec9000?, 0x4141c5?, 0x68?})
	/usr/lib/go/src/net/http/transport.go:2122 +0x47
bufio.(*Reader).fill(0xc011cf9740)
	/usr/lib/go/src/bufio/bufio.go:113 +0x103
bufio.(*Reader).Peek(0xc011cf9740, 0x1)
	/usr/lib/go/src/bufio/bufio.go:152 +0x53
net/http.(*persistConn).readLoop(0xc0046a4000)
	/usr/lib/go/src/net/http/transport.go:2275 +0x172
created by net/http.(*Transport).dialConn in goroutine 25945
	/usr/lib/go/src/net/http/transport.go:1944 +0x174f

goroutine 46634 [select]:
github.com/patrickmn/go-cache.(*janitor).Run(0xc01ce50ee0, 0xc01b726680)
	/home/mariell/go/pkg/mod/github.com/patrickmn/go-cache@v2.1.0+incompatible/cache.go:1079 +0x7b
created by github.com/patrickmn/go-cache.runJanitor in goroutine 45402
	/home/mariell/go/pkg/mod/github.com/patrickmn/go-cache@v2.1.0+incompatible/cache.go:1099 +0xdb

goroutine 31552 [sync.Cond.Wait]:
sync.runtime_notifyListWait(0xc012c3ca90, 0x1a)
	/usr/lib/go/src/runtime/sema.go:597 +0x159
sync.(*Cond).Wait(0x0?)
	/usr/lib/go/src/sync/cond.go:71 +0x85
github.com/centrifugal/centrifuge/internal/dissolve.(*queueImpl).Wait(0xc00c7c6e00)
	/home/mariell/go/pkg/mod/github.com/centrifugal/centrifuge@v0.33.3/internal/dissolve/queue.go:139 +0x4a
github.com/centrifugal/centrifuge/internal/dissolve.(*Dissolver).runWorker(0xc00e284af8)
	/home/mariell/go/pkg/mod/github.com/centrifugal/centrifuge@v0.33.3/internal/dissolve/dissolve.go:52 +0x27
created by github.com/centrifugal/centrifuge/internal/dissolve.(*Dissolver).Run in goroutine 30466
	/home/mariell/go/pkg/mod/github.com/centrifugal/centrifuge@v0.33.3/internal/dissolve/dissolve.go:31 +0x25

goroutine 34665 [sync.Cond.Wait]:
sync.runtime_notifyListWait(0xc00dfe4bd0, 0x1e)
	/usr/lib/go/src/runtime/sema.go:597 +0x159
sync.(*Cond).Wait(0x0?)
	/usr/lib/go/src/sync/cond.go:71 +0x85
github.com/centrifugal/centrifuge/internal/dissolve.(*queueImpl).Wait(0xc01277aee0)
	/home/mariell/go/pkg/mod/github.com/centrifugal/centrifuge@v0.33.3/internal/dissolve/queue.go:139 +0x4a
github.com/centrifugal/centrifuge/internal/dissolve.(*Dissolver).runWorker(0xc015fec510)
	/home/mariell/go/pkg/mod/github.com/centrifugal/centrifuge@v0.33.3/internal/dissolve/dissolve.go:52 +0x27
created by github.com/centrifugal/centrifuge/internal/dissolve.(*Dissolver).Run in goroutine 33524
	/home/mariell/go/pkg/mod/github.com/centrifugal/centrifuge@v0.33.3/internal/dissolve/dissolve.go:31 +0x25

goroutine 46746 [sync.Cond.Wait]:
sync.runtime_notifyListWait(0xc016303990, 0x37)
	/usr/lib/go/src/runtime/sema.go:597 +0x159
sync.(*Cond).Wait(0x0?)
	/usr/lib/go/src/sync/cond.go:71 +0x85
github.com/centrifugal/centrifuge/internal/dissolve.(*queueImpl).Wait(0xc020154850)
	/home/mariell/go/pkg/mod/github.com/centrifugal/centrifuge@v0.33.3/internal/dissolve/queue.go:139 +0x4a
github.com/centrifugal/centrifuge/internal/dissolve.(*Dissolver).runWorker(0xc00b4e8b40)
	/home/mariell/go/pkg/mod/github.com/centrifugal/centrifuge@v0.33.3/internal/dissolve/dissolve.go:52 +0x27
created by github.com/centrifugal/centrifuge/internal/dissolve.(*Dissolver).Run in goroutine 45402
	/home/mariell/go/pkg/mod/github.com/centrifugal/centrifuge@v0.33.3/internal/dissolve/dissolve.go:31 +0x25

goroutine 39021 [sync.Cond.Wait]:
sync.runtime_notifyListWait(0xc01fe50bd0, 0xd)
	/usr/lib/go/src/runtime/sema.go:597 +0x159
sync.(*Cond).Wait(0x10000c00f2467d0?)
	/usr/lib/go/src/sync/cond.go:71 +0x85
github.com/centrifugal/centrifuge/internal/dissolve.(*queueImpl).Wait(0xc00bf5ccb0)
	/home/mariell/go/pkg/mod/github.com/centrifugal/centrifuge@v0.33.3/internal/dissolve/queue.go:139 +0x4a
github.com/centrifugal/centrifuge/internal/dissolve.(*Dissolver).runWorker(0xc017ecc900)
	/home/mariell/go/pkg/mod/github.com/centrifugal/centrifuge@v0.33.3/internal/dissolve/dissolve.go:52 +0x27
created by github.com/centrifugal/centrifuge/internal/dissolve.(*Dissolver).Run in goroutine 37971
	/home/mariell/go/pkg/mod/github.com/centrifugal/centrifuge@v0.33.3/internal/dissolve/dissolve.go:31 +0x25

goroutine 32011 [select]:
k8s.io/apimachinery/pkg/util/wait.BackoffUntil(0xc00679e180, {0xa95ac00, 0xc01375a060}, 0x1, 0xc011583e30)
	/home/mariell/go/pkg/mod/k8s.io/apimachinery@v0.32.1/pkg/util/wait/backoff.go:238 +0x12c
k8s.io/apimachinery/pkg/util/wait.JitterUntil(0xc00679e180, 0x3b9aca00, 0x3ff3333333333333, 0x1, 0xc011583e30)
	/home/mariell/go/pkg/mod/k8s.io/apimachinery@v0.32.1/pkg/util/wait/backoff.go:204 +0x7f
created by k8s.io/apiserver/pkg/registry/generic/registry.(*Store).startObservingCount in goroutine 30401
	/home/mariell/go/pkg/mod/k8s.io/apiserver@v0.32.1/pkg/registry/generic/registry/store.go:1666 +0x2f9

goroutine 39019 [sync.Cond.Wait]:
sync.runtime_notifyListWait(0xc01fe50bd0, 0x11)
	/usr/lib/go/src/runtime/sema.go:597 +0x159
sync.(*Cond).Wait(0xc01fc85fd0?)
	/usr/lib/go/src/sync/cond.go:71 +0x85
github.com/centrifugal/centrifuge/internal/dissolve.(*queueImpl).Wait(0xc00bf5ccb0)
	/home/mariell/go/pkg/mod/github.com/centrifugal/centrifuge@v0.33.3/internal/dissolve/queue.go:139 +0x4a
github.com/centrifugal/centrifuge/internal/dissolve.(*Dissolver).runWorker(0xc017ecc900)
	/home/mariell/go/pkg/mod/github.com/centrifugal/centrifuge@v0.33.3/internal/dissolve/dissolve.go:52 +0x27
created by github.com/centrifugal/centrifuge/internal/dissolve.(*Dissolver).Run in goroutine 37971
	/home/mariell/go/pkg/mod/github.com/centrifugal/centrifuge@v0.33.3/internal/dissolve/dissolve.go:31 +0x25

goroutine 34656 [sync.Cond.Wait]:
sync.runtime_notifyListWait(0xc00dfe4bd0, 0x15)
	/usr/lib/go/src/runtime/sema.go:597 +0x159
sync.(*Cond).Wait(0xc01af23c70?)
	/usr/lib/go/src/sync/cond.go:71 +0x85
github.com/centrifugal/centrifuge/internal/dissolve.(*queueImpl).Wait(0xc01277aee0)
	/home/mariell/go/pkg/mod/github.com/centrifugal/centrifuge@v0.33.3/internal/dissolve/queue.go:139 +0x4a
github.com/centrifugal/centrifuge/internal/dissolve.(*Dissolver).runWorker(0xc015fec510)
	/home/mariell/go/pkg/mod/github.com/centrifugal/centrifuge@v0.33.3/internal/dissolve/dissolve.go:52 +0x27
created by github.com/centrifugal/centrifuge/internal/dissolve.(*Dissolver).Run in goroutine 33524
	/home/mariell/go/pkg/mod/github.com/centrifugal/centrifuge@v0.33.3/internal/dissolve/dissolve.go:31 +0x25

goroutine 54666 [select]:
github.com/grafana/grafana/pkg/storage/unified/resource.(*cache[...]).run(0xc029414c30)
	/home/mariell/work/oss/grafana/pkg/storage/unified/resource/broadcaster.go:291 +0xb0
created by github.com/grafana/grafana/pkg/storage/unified/resource.newChannelCache[...] in goroutine 56256
	/home/mariell/work/oss/grafana/pkg/storage/unified/resource/broadcaster.go:276 +0x189

goroutine 39419 [IO wait]:
internal/poll.runtime_pollWait(0x7775581bc2a0, 0x72)
	/usr/lib/go/src/runtime/netpoll.go:351 +0x85
internal/poll.(*pollDesc).wait(0xc00cf90f00?, 0xc0189bac00?, 0x0)
	/usr/lib/go/src/internal/poll/fd_poll_runtime.go:84 +0x27
internal/poll.(*pollDesc).waitRead(...)
	/usr/lib/go/src/internal/poll/fd_poll_runtime.go:89
internal/poll.(*FD).Read(0xc00cf90f00, {0xc0189bac00, 0x1300, 0x1300})
	/usr/lib/go/src/internal/poll/fd_unix.go:165 +0x27a
net.(*netFD).Read(0xc00cf90f00, {0xc0189bac00?, 0xc0189bac00?, 0x5?})
	/usr/lib/go/src/net/fd_posix.go:55 +0x25
net.(*conn).Read(0xc0161f6be8, {0xc0189bac00?, 0x77755820a588?, 0x7775a8b2b9a8?})
	/usr/lib/go/src/net/net.go:194 +0x45
crypto/tls.(*atLeastReader).Read(0xc0124404e0, {0xc0189bac00?, 0x12fb?, 0x0?})
	/usr/lib/go/src/crypto/tls/conn.go:809 +0x3b
bytes.(*Buffer).ReadFrom(0xc0126389b8, {0xa94e300, 0xc0124404e0})
	/usr/lib/go/src/bytes/buffer.go:211 +0x98
crypto/tls.(*Conn).readFromUntil(0xc012638708, {0xa94dc00, 0xc0161f6be8}, 0x444af4?)
	/usr/lib/go/src/crypto/tls/conn.go:831 +0xde
crypto/tls.(*Conn).readRecordOrCCS(0xc012638708, 0x0)
	/usr/lib/go/src/crypto/tls/conn.go:629 +0x3cf
crypto/tls.(*Conn).readRecord(...)
	/usr/lib/go/src/crypto/tls/conn.go:591
crypto/tls.(*Conn).Read(0xc012638708, {0xc00c1e6000, 0x1000, 0xc0163001b0?})
	/usr/lib/go/src/crypto/tls/conn.go:1385 +0x145
net/http.(*persistConn).Read(0xc004040fc0, {0xc00c1e6000?, 0x81fe45?, 0xa94be80?})
	/usr/lib/go/src/net/http/transport.go:2122 +0x47
bufio.(*Reader).fill(0xc014cdcc60)
	/usr/lib/go/src/bufio/bufio.go:113 +0x103
bufio.(*Reader).Peek(0xc014cdcc60, 0x1)
	/usr/lib/go/src/bufio/bufio.go:152 +0x53
net/http.(*persistConn).readLoop(0xc004040fc0)
	/usr/lib/go/src/net/http/transport.go:2275 +0x172
created by net/http.(*Transport).dialConn in goroutine 36281
	/usr/lib/go/src/net/http/transport.go:1944 +0x174f

goroutine 32016 [select]:
k8s.io/apimachinery/pkg/util/wait.BackoffUntil(0xc00f402f00, {0xa95ac00, 0xc0136f9260}, 0x1, 0xc0123de770)
	/home/mariell/go/pkg/mod/k8s.io/apimachinery@v0.32.1/pkg/util/wait/backoff.go:238 +0x12c
k8s.io/apimachinery/pkg/util/wait.JitterUntil(0xc00f402f00, 0x3b9aca00, 0x3ff3333333333333, 0x1, 0xc0123de770)
	/home/mariell/go/pkg/mod/k8s.io/apimachinery@v0.32.1/pkg/util/wait/backoff.go:204 +0x7f
created by k8s.io/apiserver/pkg/registry/generic/registry.(*Store).startObservingCount in goroutine 30401
	/home/mariell/go/pkg/mod/k8s.io/apiserver@v0.32.1/pkg/registry/generic/registry/store.go:1666 +0x2f9

goroutine 32010 [select]:
k8s.io/apimachinery/pkg/util/wait.BackoffUntil(0xc00679e080, {0xa95ac00, 0xc01375a030}, 0x1, 0xc011583b90)
	/home/mariell/go/pkg/mod/k8s.io/apimachinery@v0.32.1/pkg/util/wait/backoff.go:238 +0x12c
k8s.io/apimachinery/pkg/util/wait.JitterUntil(0xc00679e080, 0x3b9aca00, 0x3ff3333333333333, 0x1, 0xc011583b90)
	/home/mariell/go/pkg/mod/k8s.io/apimachinery@v0.32.1/pkg/util/wait/backoff.go:204 +0x7f
created by k8s.io/apiserver/pkg/registry/generic/registry.(*Store).startObservingCount in goroutine 30401
	/home/mariell/go/pkg/mod/k8s.io/apiserver@v0.32.1/pkg/registry/generic/registry/store.go:1666 +0x2f9

goroutine 45192 [sync.Cond.Wait]:
sync.runtime_notifyListWait(0xc026bf9c10, 0x35)
	/usr/lib/go/src/runtime/sema.go:597 +0x159
sync.(*Cond).Wait(0xc01c012fd0?)
	/usr/lib/go/src/sync/cond.go:71 +0x85
github.com/centrifugal/centrifuge/internal/dissolve.(*queueImpl).Wait(0xc026c14c40)
	/home/mariell/go/pkg/mod/github.com/centrifugal/centrifuge@v0.33.3/internal/dissolve/queue.go:139 +0x4a
github.com/centrifugal/centrifuge/internal/dissolve.(*Dissolver).runWorker(0xc026b0b128)
	/home/mariell/go/pkg/mod/github.com/centrifugal/centrifuge@v0.33.3/internal/dissolve/dissolve.go:52 +0x27
created by github.com/centrifugal/centrifuge/internal/dissolve.(*Dissolver).Run in goroutine 44067
	/home/mariell/go/pkg/mod/github.com/centrifugal/centrifuge@v0.33.3/internal/dissolve/dissolve.go:31 +0x25

goroutine 73808 [select]:
github.com/patrickmn/go-cache.(*janitor).Run(0xc01a2b7120, 0xc016233240)
	/home/mariell/go/pkg/mod/github.com/patrickmn/go-cache@v2.1.0+incompatible/cache.go:1079 +0x7b
created by github.com/patrickmn/go-cache.runJanitor in goroutine 22318
	/home/mariell/go/pkg/mod/github.com/patrickmn/go-cache@v2.1.0+incompatible/cache.go:1099 +0xdb

goroutine 40542 [sync.Cond.Wait]:
sync.runtime_notifyListWait(0xc0228a0b10, 0x6)
	/usr/lib/go/src/runtime/sema.go:597 +0x159
sync.(*Cond).Wait(0x0?)
	/usr/lib/go/src/sync/cond.go:71 +0x85
github.com/centrifugal/centrifuge/internal/dissolve.(*queueImpl).Wait(0xc0228cc690)
	/home/mariell/go/pkg/mod/github.com/centrifugal/centrifuge@v0.33.3/internal/dissolve/queue.go:139 +0x4a
github.com/centrifugal/centrifuge/internal/dissolve.(*Dissolver).runWorker(0xc015fedd58)
	/home/mariell/go/pkg/mod/github.com/centrifugal/centrifuge@v0.33.3/internal/dissolve/dissolve.go:52 +0x27
created by github.com/centrifugal/centrifuge/internal/dissolve.(*Dissolver).Run in goroutine 36287
	/home/mariell/go/pkg/mod/github.com/centrifugal/centrifuge@v0.33.3/internal/dissolve/dissolve.go:31 +0x25

goroutine 33096 [select]:
github.com/centrifugal/centrifuge.(*historyHub).expireStreams(0xc00dcb0b00)
	/home/mariell/go/pkg/mod/github.com/centrifugal/centrifuge@v0.33.3/broker_memory.go:298 +0x75
created by github.com/centrifugal/centrifuge.(*historyHub).runCleanups in goroutine 31996
	/home/mariell/go/pkg/mod/github.com/centrifugal/centrifuge@v0.33.3/broker_memory.go:252 +0x56

goroutine 32009 [select]:
github.com/grafana/grafana/pkg/storage/unified/resource.(*broadcaster[...]).stream(0xab113a0, 0xc012452fc0)
	/home/mariell/work/oss/grafana/pkg/storage/unified/resource/broadcaster.go:205 +0x13d
created by github.com/grafana/grafana/pkg/storage/unified/resource.(*broadcaster[...]).init in goroutine 30401
	/home/mariell/work/oss/grafana/pkg/storage/unified/resource/broadcaster.go:177 +0x219

goroutine 42068 [sync.Cond.Wait]:
sync.runtime_notifyListWait(0xc01bc03e10, 0x2)
	/usr/lib/go/src/runtime/sema.go:597 +0x159
sync.(*Cond).Wait(0x0?)
	/usr/lib/go/src/sync/cond.go:71 +0x85
github.com/centrifugal/centrifuge/internal/dissolve.(*queueImpl).Wait(0xc01e10aa10)
	/home/mariell/go/pkg/mod/github.com/centrifugal/centrifuge@v0.33.3/internal/dissolve/queue.go:139 +0x4a
github.com/centrifugal/centrifuge/internal/dissolve.(*Dissolver).runWorker(0xc0122187e0)
	/home/mariell/go/pkg/mod/github.com/centrifugal/centrifuge@v0.33.3/internal/dissolve/dissolve.go:52 +0x27
created by github.com/centrifugal/centrifuge/internal/dissolve.(*Dissolver).Run in goroutine 40816
	/home/mariell/go/pkg/mod/github.com/centrifugal/centrifuge@v0.33.3/internal/dissolve/dissolve.go:31 +0x25

goroutine 51330 [sync.Cond.Wait]:
sync.runtime_notifyListWait(0xc01afe9210, 0x29)
	/usr/lib/go/src/runtime/sema.go:597 +0x159
sync.(*Cond).Wait(0x0?)
	/usr/lib/go/src/sync/cond.go:71 +0x85
github.com/centrifugal/centrifuge/internal/dissolve.(*queueImpl).Wait(0xc020f245b0)
	/home/mariell/go/pkg/mod/github.com/centrifugal/centrifuge@v0.33.3/internal/dissolve/queue.go:139 +0x4a
github.com/centrifugal/centrifuge/internal/dissolve.(*Dissolver).runWorker(0xc02834aab0)
	/home/mariell/go/pkg/mod/github.com/centrifugal/centrifuge@v0.33.3/internal/dissolve/dissolve.go:52 +0x27
created by github.com/centrifugal/centrifuge/internal/dissolve.(*Dissolver).Run in goroutine 50170
	/home/mariell/go/pkg/mod/github.com/centrifugal/centrifuge@v0.33.3/internal/dissolve/dissolve.go:31 +0x25

goroutine 37544 [sync.Cond.Wait]:
sync.runtime_notifyListWait(0xc01affc250, 0x15)
	/usr/lib/go/src/runtime/sema.go:597 +0x159
sync.(*Cond).Wait(0x0?)
	/usr/lib/go/src/sync/cond.go:71 +0x85
github.com/centrifugal/centrifuge/internal/dissolve.(*queueImpl).Wait(0xc01821cd90)
	/home/mariell/go/pkg/mod/github.com/centrifugal/centrifuge@v0.33.3/internal/dissolve/queue.go:139 +0x4a
github.com/centrifugal/centrifuge/internal/dissolve.(*Dissolver).runWorker(0xc0024fff08)
	/home/mariell/go/pkg/mod/github.com/centrifugal/centrifuge@v0.33.3/internal/dissolve/dissolve.go:52 +0x27
created by github.com/centrifugal/centrifuge/internal/dissolve.(*Dissolver).Run in goroutine 36374
	/home/mariell/go/pkg/mod/github.com/centrifugal/centrifuge@v0.33.3/internal/dissolve/dissolve.go:31 +0x25

goroutine 34660 [sync.Cond.Wait]:
sync.runtime_notifyListWait(0xc00dfe4bd0, 0x19)
	/usr/lib/go/src/runtime/sema.go:597 +0x159
sync.(*Cond).Wait(0x0?)
	/usr/lib/go/src/sync/cond.go:71 +0x85
github.com/centrifugal/centrifuge/internal/dissolve.(*queueImpl).Wait(0xc01277aee0)
	/home/mariell/go/pkg/mod/github.com/centrifugal/centrifuge@v0.33.3/internal/dissolve/queue.go:139 +0x4a
github.com/centrifugal/centrifuge/internal/dissolve.(*Dissolver).runWorker(0xc015fec510)
	/home/mariell/go/pkg/mod/github.com/centrifugal/centrifuge@v0.33.3/internal/dissolve/dissolve.go:52 +0x27
created by github.com/centrifugal/centrifuge/internal/dissolve.(*Dissolver).Run in goroutine 33524
	/home/mariell/go/pkg/mod/github.com/centrifugal/centrifuge@v0.33.3/internal/dissolve/dissolve.go:31 +0x25

goroutine 31998 [select]:
go.opentelemetry.io/otel/sdk/trace.(*batchSpanProcessor).processQueue(0xc01afe4280)
	/home/mariell/go/pkg/mod/go.opentelemetry.io/otel/sdk@v1.34.0/trace/batch_span_processor.go:302 +0x114
go.opentelemetry.io/otel/sdk/trace.NewBatchSpanProcessor.func1()
	/home/mariell/go/pkg/mod/go.opentelemetry.io/otel/sdk@v1.34.0/trace/batch_span_processor.go:117 +0x4e
created by go.opentelemetry.io/otel/sdk/trace.NewBatchSpanProcessor in goroutine 31996
	/home/mariell/go/pkg/mod/go.opentelemetry.io/otel/sdk@v1.34.0/trace/batch_span_processor.go:115 +0x2d9

goroutine 45525 [select]:
net/http.(*persistConn).writeLoop(0xc0254bc480)
	/usr/lib/go/src/net/http/transport.go:2590 +0xe7
created by net/http.(*Transport).dialConn in goroutine 45546
	/usr/lib/go/src/net/http/transport.go:1945 +0x17a5

goroutine 33540 [select]:
k8s.io/apimachinery/pkg/util/wait.BackoffUntil(0xc0070ff640, {0xa95ac00, 0xc00eb676e0}, 0x1, 0xc00d9a53b0)
	/home/mariell/go/pkg/mod/k8s.io/apimachinery@v0.32.1/pkg/util/wait/backoff.go:238 +0x12c
k8s.io/apimachinery/pkg/util/wait.JitterUntil(0xc0070ff640, 0x3b9aca00, 0x3ff3333333333333, 0x1, 0xc00d9a53b0)
	/home/mariell/go/pkg/mod/k8s.io/apimachinery@v0.32.1/pkg/util/wait/backoff.go:204 +0x7f
created by k8s.io/apiserver/pkg/registry/generic/registry.(*Store).startObservingCount in goroutine 31757
	/home/mariell/go/pkg/mod/k8s.io/apiserver@v0.32.1/pkg/registry/generic/registry/store.go:1666 +0x2f9

goroutine 34655 [sync.Cond.Wait]:
sync.runtime_notifyListWait(0xc00dfe4bd0, 0x14)
	/usr/lib/go/src/runtime/sema.go:597 +0x159
sync.(*Cond).Wait(0x0?)
	/usr/lib/go/src/sync/cond.go:71 +0x85
github.com/centrifugal/centrifuge/internal/dissolve.(*queueImpl).Wait(0xc01277aee0)
	/home/mariell/go/pkg/mod/github.com/centrifugal/centrifuge@v0.33.3/internal/dissolve/queue.go:139 +0x4a
github.com/centrifugal/centrifuge/internal/dissolve.(*Dissolver).runWorker(0xc015fec510)
	/home/mariell/go/pkg/mod/github.com/centrifugal/centrifuge@v0.33.3/internal/dissolve/dissolve.go:52 +0x27
created by github.com/centrifugal/centrifuge/internal/dissolve.(*Dissolver).Run in goroutine 33524
	/home/mariell/go/pkg/mod/github.com/centrifugal/centrifuge@v0.33.3/internal/dissolve/dissolve.go:31 +0x25

goroutine 32999 [select]:
github.com/grafana/grafana/pkg/storage/unified/resource.(*cache[...]).run(0xc00c671280)
	/home/mariell/work/oss/grafana/pkg/storage/unified/resource/broadcaster.go:291 +0xb0
created by github.com/grafana/grafana/pkg/storage/unified/resource.newChannelCache[...] in goroutine 31996
	/home/mariell/work/oss/grafana/pkg/storage/unified/resource/broadcaster.go:276 +0x189

goroutine 31548 [sync.Cond.Wait]:
sync.runtime_notifyListWait(0xc012c3ca90, 0x24)
	/usr/lib/go/src/runtime/sema.go:597 +0x159
sync.(*Cond).Wait(0xc014e687d0?)
	/usr/lib/go/src/sync/cond.go:71 +0x85
github.com/centrifugal/centrifuge/internal/dissolve.(*queueImpl).Wait(0xc00c7c6e00)
	/home/mariell/go/pkg/mod/github.com/centrifugal/centrifuge@v0.33.3/internal/dissolve/queue.go:139 +0x4a
github.com/centrifugal/centrifuge/internal/dissolve.(*Dissolver).runWorker(0xc00e284af8)
	/home/mariell/go/pkg/mod/github.com/centrifugal/centrifuge@v0.33.3/internal/dissolve/dissolve.go:52 +0x27
created by github.com/centrifugal/centrifuge/internal/dissolve.(*Dissolver).Run in goroutine 30466
	/home/mariell/go/pkg/mod/github.com/centrifugal/centrifuge@v0.33.3/internal/dissolve/dissolve.go:31 +0x25

goroutine 32998 [chan receive]:
github.com/grafana/grafana/pkg/storage/unified/resource.(*server).initWatcher.func1.1()
	/home/mariell/work/oss/grafana/pkg/storage/unified/resource/server.go:922 +0x58
created by github.com/grafana/grafana/pkg/storage/unified/resource.(*server).initWatcher.func1 in goroutine 31996
	/home/mariell/work/oss/grafana/pkg/storage/unified/resource/server.go:921 +0xaa

goroutine 31547 [sync.Cond.Wait]:
sync.runtime_notifyListWait(0xc012c3ca90, 0x22)
	/usr/lib/go/src/runtime/sema.go:597 +0x159
sync.(*Cond).Wait(0xc014e647d0?)
	/usr/lib/go/src/sync/cond.go:71 +0x85
github.com/centrifugal/centrifuge/internal/dissolve.(*queueImpl).Wait(0xc00c7c6e00)
	/home/mariell/go/pkg/mod/github.com/centrifugal/centrifuge@v0.33.3/internal/dissolve/queue.go:139 +0x4a
github.com/centrifugal/centrifuge/internal/dissolve.(*Dissolver).runWorker(0xc00e284af8)
	/home/mariell/go/pkg/mod/github.com/centrifugal/centrifuge@v0.33.3/internal/dissolve/dissolve.go:52 +0x27
created by github.com/centrifugal/centrifuge/internal/dissolve.(*Dissolver).Run in goroutine 30466
	/home/mariell/go/pkg/mod/github.com/centrifugal/centrifuge@v0.33.3/internal/dissolve/dissolve.go:31 +0x25

goroutine 32997 [chan receive]:
github.com/grafana/grafana/pkg/storage/unified/sql.(*channelNotifier).notify.func1()
	/home/mariell/work/oss/grafana/pkg/storage/unified/sql/notifier.go:87 +0x39
created by github.com/grafana/grafana/pkg/storage/unified/sql.(*channelNotifier).notify in goroutine 31996
	/home/mariell/work/oss/grafana/pkg/storage/unified/sql/notifier.go:86 +0xdb

goroutine 31864 [select]:
github.com/centrifugal/centrifuge.(*Node).cleanNodeInfo(0xc01af5b8c8)
	/home/mariell/go/pkg/mod/github.com/centrifugal/centrifuge@v0.33.3/node.go:394 +0x90
created by github.com/centrifugal/centrifuge.(*Node).Run in goroutine 31996
	/home/mariell/go/pkg/mod/github.com/centrifugal/centrifuge@v0.33.3/node.go:261 +0x265

goroutine 31866 [sync.Cond.Wait]:
sync.runtime_notifyListWait(0xc019c7fcd0, 0x15)
	/usr/lib/go/src/runtime/sema.go:597 +0x159
sync.(*Cond).Wait(0xc0106157d0?)
	/usr/lib/go/src/sync/cond.go:71 +0x85
github.com/centrifugal/centrifuge/internal/dissolve.(*queueImpl).Wait(0xc012092e00)
	/home/mariell/go/pkg/mod/github.com/centrifugal/centrifuge@v0.33.3/internal/dissolve/queue.go:139 +0x4a
github.com/centrifugal/centrifuge/internal/dissolve.(*Dissolver).runWorker(0xc01ba3c438)
	/home/mariell/go/pkg/mod/github.com/centrifugal/centrifuge@v0.33.3/internal/dissolve/dissolve.go:52 +0x27
created by github.com/centrifugal/centrifuge/internal/dissolve.(*Dissolver).Run in goroutine 31996
	/home/mariell/go/pkg/mod/github.com/centrifugal/centrifuge@v0.33.3/internal/dissolve/dissolve.go:31 +0x25

goroutine 31546 [sync.Cond.Wait]:
sync.runtime_notifyListWait(0xc012c3ca90, 0x1f)
	/usr/lib/go/src/runtime/sema.go:597 +0x159
sync.(*Cond).Wait(0xc0106137d0?)
	/usr/lib/go/src/sync/cond.go:71 +0x85
github.com/centrifugal/centrifuge/internal/dissolve.(*queueImpl).Wait(0xc00c7c6e00)
	/home/mariell/go/pkg/mod/github.com/centrifugal/centrifuge@v0.33.3/internal/dissolve/queue.go:139 +0x4a
github.com/centrifugal/centrifuge/internal/dissolve.(*Dissolver).runWorker(0xc00e284af8)
	/home/mariell/go/pkg/mod/github.com/centrifugal/centrifuge@v0.33.3/internal/dissolve/dissolve.go:52 +0x27
created by github.com/centrifugal/centrifuge/internal/dissolve.(*Dissolver).Run in goroutine 30466
	/home/mariell/go/pkg/mod/github.com/centrifugal/centrifuge@v0.33.3/internal/dissolve/dissolve.go:31 +0x25

goroutine 42062 [sync.Cond.Wait]:
sync.runtime_notifyListWait(0xc01bc03e10, 0x23)
	/usr/lib/go/src/runtime/sema.go:597 +0x159
sync.(*Cond).Wait(0xc01c015fd0?)
	/usr/lib/go/src/sync/cond.go:71 +0x85
github.com/centrifugal/centrifuge/internal/dissolve.(*queueImpl).Wait(0xc01e10aa10)
	/home/mariell/go/pkg/mod/github.com/centrifugal/centrifuge@v0.33.3/internal/dissolve/queue.go:139 +0x4a
github.com/centrifugal/centrifuge/internal/dissolve.(*Dissolver).runWorker(0xc0122187e0)
	/home/mariell/go/pkg/mod/github.com/centrifugal/centrifuge@v0.33.3/internal/dissolve/dissolve.go:52 +0x27
created by github.com/centrifugal/centrifuge/internal/dissolve.(*Dissolver).Run in goroutine 40816
	/home/mariell/go/pkg/mod/github.com/centrifugal/centrifuge@v0.33.3/internal/dissolve/dissolve.go:31 +0x25

goroutine 51588 [select]:
go.opentelemetry.io/otel/sdk/trace.(*batchSpanProcessor).processQueue(0xc01e68cdc0)
	/home/mariell/go/pkg/mod/go.opentelemetry.io/otel/sdk@v1.34.0/trace/batch_span_processor.go:302 +0x114
go.opentelemetry.io/otel/sdk/trace.NewBatchSpanProcessor.func1()
	/home/mariell/go/pkg/mod/go.opentelemetry.io/otel/sdk@v1.34.0/trace/batch_span_processor.go:117 +0x4e
created by go.opentelemetry.io/otel/sdk/trace.NewBatchSpanProcessor in goroutine 50170
	/home/mariell/go/pkg/mod/go.opentelemetry.io/otel/sdk@v1.34.0/trace/batch_span_processor.go:115 +0x2d9

goroutine 31761 [select]:
k8s.io/apimachinery/pkg/util/wait.BackoffUntil(0xc008de4500, {0xa95ac00, 0xc00eb67650}, 0x1, 0xc01ae298f0)
	/home/mariell/go/pkg/mod/k8s.io/apimachinery@v0.32.1/pkg/util/wait/backoff.go:238 +0x12c
k8s.io/apimachinery/pkg/util/wait.JitterUntil(0xc008de4500, 0x3b9aca00, 0x3ff3333333333333, 0x1, 0xc01ae298f0)
	/home/mariell/go/pkg/mod/k8s.io/apimachinery@v0.32.1/pkg/util/wait/backoff.go:204 +0x7f
created by k8s.io/apiserver/pkg/registry/generic/registry.(*Store).startObservingCount in goroutine 31757
	/home/mariell/go/pkg/mod/k8s.io/apiserver@v0.32.1/pkg/registry/generic/registry/store.go:1666 +0x2f9

goroutine 31545 [sync.Cond.Wait]:
sync.runtime_notifyListWait(0xc012c3ca90, 0x1d)
	/usr/lib/go/src/runtime/sema.go:597 +0x159
sync.(*Cond).Wait(0xc01904d7d0?)
	/usr/lib/go/src/sync/cond.go:71 +0x85
github.com/centrifugal/centrifuge/internal/dissolve.(*queueImpl).Wait(0xc00c7c6e00)
	/home/mariell/go/pkg/mod/github.com/centrifugal/centrifuge@v0.33.3/internal/dissolve/queue.go:139 +0x4a
github.com/centrifugal/centrifuge/internal/dissolve.(*Dissolver).runWorker(0xc00e284af8)
	/home/mariell/go/pkg/mod/github.com/centrifugal/centrifuge@v0.33.3/internal/dissolve/dissolve.go:52 +0x27
created by github.com/centrifugal/centrifuge/internal/dissolve.(*Dissolver).Run in goroutine 30466
	/home/mariell/go/pkg/mod/github.com/centrifugal/centrifuge@v0.33.3/internal/dissolve/dissolve.go:31 +0x25

goroutine 33538 [select]:
k8s.io/apimachinery/pkg/util/wait.BackoffUntil(0xc008de4d00, {0xa95ac00, 0xc00eb67680}, 0x1, 0xc01ae29960)
	/home/mariell/go/pkg/mod/k8s.io/apimachinery@v0.32.1/pkg/util/wait/backoff.go:238 +0x12c
k8s.io/apimachinery/pkg/util/wait.JitterUntil(0xc008de4d00, 0x3b9aca00, 0x3ff3333333333333, 0x1, 0xc01ae29960)
	/home/mariell/go/pkg/mod/k8s.io/apimachinery@v0.32.1/pkg/util/wait/backoff.go:204 +0x7f
created by k8s.io/apiserver/pkg/registry/generic/registry.(*Store).startObservingCount in goroutine 31757
	/home/mariell/go/pkg/mod/k8s.io/apiserver@v0.32.1/pkg/registry/generic/registry/store.go:1666 +0x2f9

goroutine 31544 [sync.Cond.Wait]:
sync.runtime_notifyListWait(0xc012c3ca90, 0x1b)
	/usr/lib/go/src/runtime/sema.go:597 +0x159
sync.(*Cond).Wait(0xc00eb72fd0?)
	/usr/lib/go/src/sync/cond.go:71 +0x85
github.com/centrifugal/centrifuge/internal/dissolve.(*queueImpl).Wait(0xc00c7c6e00)
	/home/mariell/go/pkg/mod/github.com/centrifugal/centrifuge@v0.33.3/internal/dissolve/queue.go:139 +0x4a
github.com/centrifugal/centrifuge/internal/dissolve.(*Dissolver).runWorker(0xc00e284af8)
	/home/mariell/go/pkg/mod/github.com/centrifugal/centrifuge@v0.33.3/internal/dissolve/dissolve.go:52 +0x27
created by github.com/centrifugal/centrifuge/internal/dissolve.(*Dissolver).Run in goroutine 30466
	/home/mariell/go/pkg/mod/github.com/centrifugal/centrifuge@v0.33.3/internal/dissolve/dissolve.go:31 +0x25

goroutine 31543 [sync.Cond.Wait]:
sync.runtime_notifyListWait(0xc012c3ca90, 0x19)
	/usr/lib/go/src/runtime/sema.go:597 +0x159
sync.(*Cond).Wait(0x0?)
	/usr/lib/go/src/sync/cond.go:71 +0x85
github.com/centrifugal/centrifuge/internal/dissolve.(*queueImpl).Wait(0xc00c7c6e00)
	/home/mariell/go/pkg/mod/github.com/centrifugal/centrifuge@v0.33.3/internal/dissolve/queue.go:139 +0x4a
github.com/centrifugal/centrifuge/internal/dissolve.(*Dissolver).runWorker(0xc00e284af8)
	/home/mariell/go/pkg/mod/github.com/centrifugal/centrifuge@v0.33.3/internal/dissolve/dissolve.go:52 +0x27
created by github.com/centrifugal/centrifuge/internal/dissolve.(*Dissolver).Run in goroutine 30466
	/home/mariell/go/pkg/mod/github.com/centrifugal/centrifuge@v0.33.3/internal/dissolve/dissolve.go:31 +0x25

goroutine 31542 [sync.Cond.Wait]:
sync.runtime_notifyListWait(0xc012c3ca90, 0x17)
	/usr/lib/go/src/runtime/sema.go:597 +0x159
sync.(*Cond).Wait(0x0?)
	/usr/lib/go/src/sync/cond.go:71 +0x85
github.com/centrifugal/centrifuge/internal/dissolve.(*queueImpl).Wait(0xc00c7c6e00)
	/home/mariell/go/pkg/mod/github.com/centrifugal/centrifuge@v0.33.3/internal/dissolve/queue.go:139 +0x4a
github.com/centrifugal/centrifuge/internal/dissolve.(*Dissolver).runWorker(0xc00e284af8)
	/home/mariell/go/pkg/mod/github.com/centrifugal/centrifuge@v0.33.3/internal/dissolve/dissolve.go:52 +0x27
created by github.com/centrifugal/centrifuge/internal/dissolve.(*Dissolver).Run in goroutine 30466
	/home/mariell/go/pkg/mod/github.com/centrifugal/centrifuge@v0.33.3/internal/dissolve/dissolve.go:31 +0x25

goroutine 31541 [sync.Cond.Wait]:
sync.runtime_notifyListWait(0xc012c3ca90, 0x16)
	/usr/lib/go/src/runtime/sema.go:597 +0x159
sync.(*Cond).Wait(0x0?)
	/usr/lib/go/src/sync/cond.go:71 +0x85
github.com/centrifugal/centrifuge/internal/dissolve.(*queueImpl).Wait(0xc00c7c6e00)
	/home/mariell/go/pkg/mod/github.com/centrifugal/centrifuge@v0.33.3/internal/dissolve/queue.go:139 +0x4a
github.com/centrifugal/centrifuge/internal/dissolve.(*Dissolver).runWorker(0xc00e284af8)
	/home/mariell/go/pkg/mod/github.com/centrifugal/centrifuge@v0.33.3/internal/dissolve/dissolve.go:52 +0x27
created by github.com/centrifugal/centrifuge/internal/dissolve.(*Dissolver).Run in goroutine 30466
	/home/mariell/go/pkg/mod/github.com/centrifugal/centrifuge@v0.33.3/internal/dissolve/dissolve.go:31 +0x25

goroutine 31867 [sync.Cond.Wait]:
sync.runtime_notifyListWait(0xc019c7fcd0, 0x18)
	/usr/lib/go/src/runtime/sema.go:597 +0x159
sync.(*Cond).Wait(0x0?)
	/usr/lib/go/src/sync/cond.go:71 +0x85
github.com/centrifugal/centrifuge/internal/dissolve.(*queueImpl).Wait(0xc012092e00)
	/home/mariell/go/pkg/mod/github.com/centrifugal/centrifuge@v0.33.3/internal/dissolve/queue.go:139 +0x4a
github.com/centrifugal/centrifuge/internal/dissolve.(*Dissolver).runWorker(0xc01ba3c438)
	/home/mariell/go/pkg/mod/github.com/centrifugal/centrifuge@v0.33.3/internal/dissolve/dissolve.go:52 +0x27
created by github.com/centrifugal/centrifuge/internal/dissolve.(*Dissolver).Run in goroutine 31996
	/home/mariell/go/pkg/mod/github.com/centrifugal/centrifuge@v0.33.3/internal/dissolve/dissolve.go:31 +0x25

goroutine 33539 [select]:
k8s.io/apimachinery/pkg/util/wait.BackoffUntil(0xc008de5280, {0xa95ac00, 0xc00eb676b0}, 0x1, 0xc01ae299d0)
	/home/mariell/go/pkg/mod/k8s.io/apimachinery@v0.32.1/pkg/util/wait/backoff.go:238 +0x12c
k8s.io/apimachinery/pkg/util/wait.JitterUntil(0xc008de5280, 0x3b9aca00, 0x3ff3333333333333, 0x1, 0xc01ae299d0)
	/home/mariell/go/pkg/mod/k8s.io/apimachinery@v0.32.1/pkg/util/wait/backoff.go:204 +0x7f
created by k8s.io/apiserver/pkg/registry/generic/registry.(*Store).startObservingCount in goroutine 31757
	/home/mariell/go/pkg/mod/k8s.io/apiserver@v0.32.1/pkg/registry/generic/registry/store.go:1666 +0x2f9

goroutine 31868 [sync.Cond.Wait]:
sync.runtime_notifyListWait(0xc019c7fcd0, 0x14)
	/usr/lib/go/src/runtime/sema.go:597 +0x159
sync.(*Cond).Wait(0xc01047d7d0?)
	/usr/lib/go/src/sync/cond.go:71 +0x85
github.com/centrifugal/centrifuge/internal/dissolve.(*queueImpl).Wait(0xc012092e00)
	/home/mariell/go/pkg/mod/github.com/centrifugal/centrifuge@v0.33.3/internal/dissolve/queue.go:139 +0x4a
github.com/centrifugal/centrifuge/internal/dissolve.(*Dissolver).runWorker(0xc01ba3c438)
	/home/mariell/go/pkg/mod/github.com/centrifugal/centrifuge@v0.33.3/internal/dissolve/dissolve.go:52 +0x27
created by github.com/centrifugal/centrifuge/internal/dissolve.(*Dissolver).Run in goroutine 31996
	/home/mariell/go/pkg/mod/github.com/centrifugal/centrifuge@v0.33.3/internal/dissolve/dissolve.go:31 +0x25

goroutine 31540 [select]:
github.com/centrifugal/centrifuge.(*Node).updateMetrics(0xc007ead208)
	/home/mariell/go/pkg/mod/github.com/centrifugal/centrifuge@v0.33.3/node.go:335 +0x85
created by github.com/centrifugal/centrifuge.(*Node).Run in goroutine 30466
	/home/mariell/go/pkg/mod/github.com/centrifugal/centrifuge@v0.33.3/node.go:262 +0x2a5

goroutine 31539 [select]:
github.com/centrifugal/centrifuge.(*Node).cleanNodeInfo(0xc007ead208)
	/home/mariell/go/pkg/mod/github.com/centrifugal/centrifuge@v0.33.3/node.go:394 +0x90
created by github.com/centrifugal/centrifuge.(*Node).Run in goroutine 30466
	/home/mariell/go/pkg/mod/github.com/centrifugal/centrifuge@v0.33.3/node.go:261 +0x265

goroutine 30289 [select]:
github.com/centrifugal/centrifuge.(*Node).initMetrics.func1()
	/home/mariell/go/pkg/mod/github.com/centrifugal/centrifuge@v0.33.3/node.go:365 +0x8a
created by github.com/centrifugal/centrifuge.(*Node).initMetrics in goroutine 30466
	/home/mariell/go/pkg/mod/github.com/centrifugal/centrifuge@v0.33.3/node.go:363 +0x1f9

goroutine 31538 [select]:
github.com/centrifugal/centrifuge.(*Node).sendNodePing(0xc007ead208)
	/home/mariell/go/pkg/mod/github.com/centrifugal/centrifuge@v0.33.3/node.go:380 +0x85
created by github.com/centrifugal/centrifuge.(*Node).Run in goroutine 30466
	/home/mariell/go/pkg/mod/github.com/centrifugal/centrifuge@v0.33.3/node.go:260 +0x225

goroutine 33541 [select]:
k8s.io/apimachinery/pkg/util/wait.BackoffUntil(0xc00e4b6d40, {0xa95ac00, 0xc0125236e0}, 0x1, 0xc00d9a5420)
	/home/mariell/go/pkg/mod/k8s.io/apimachinery@v0.32.1/pkg/util/wait/backoff.go:238 +0x12c
k8s.io/apimachinery/pkg/util/wait.JitterUntil(0xc00e4b6d40, 0x3b9aca00, 0x3ff3333333333333, 0x1, 0xc00d9a5420)
	/home/mariell/go/pkg/mod/k8s.io/apimachinery@v0.32.1/pkg/util/wait/backoff.go:204 +0x7f
created by k8s.io/apiserver/pkg/registry/generic/registry.(*Store).startObservingCount in goroutine 31757
	/home/mariell/go/pkg/mod/k8s.io/apiserver@v0.32.1/pkg/registry/generic/registry/store.go:1666 +0x2f9

goroutine 31427 [chan receive]:
github.com/grafana/grafana/pkg/storage/unified/sql.(*channelNotifier).notify.func1()
	/home/mariell/work/oss/grafana/pkg/storage/unified/sql/notifier.go:87 +0x39
created by github.com/grafana/grafana/pkg/storage/unified/sql.(*channelNotifier).notify in goroutine 30466
	/home/mariell/work/oss/grafana/pkg/storage/unified/sql/notifier.go:86 +0xdb

goroutine 31428 [chan receive]:
github.com/grafana/grafana/pkg/storage/unified/resource.(*server).initWatcher.func1.1()
	/home/mariell/work/oss/grafana/pkg/storage/unified/resource/server.go:922 +0x58
created by github.com/grafana/grafana/pkg/storage/unified/resource.(*server).initWatcher.func1 in goroutine 30466
	/home/mariell/work/oss/grafana/pkg/storage/unified/resource/server.go:921 +0xaa

goroutine 31429 [select]:
github.com/grafana/grafana/pkg/storage/unified/resource.(*cache[...]).run(0xc014219808)
	/home/mariell/work/oss/grafana/pkg/storage/unified/resource/broadcaster.go:291 +0xb0
created by github.com/grafana/grafana/pkg/storage/unified/resource.newChannelCache[...] in goroutine 30466
	/home/mariell/work/oss/grafana/pkg/storage/unified/resource/broadcaster.go:276 +0x189

goroutine 31430 [select]:
github.com/grafana/grafana/pkg/storage/unified/resource.(*broadcaster[...]).stream(0xab113a0, 0xc00c66f260)
	/home/mariell/work/oss/grafana/pkg/storage/unified/resource/broadcaster.go:205 +0x13d
created by github.com/grafana/grafana/pkg/storage/unified/resource.(*broadcaster[...]).init in goroutine 30466
	/home/mariell/work/oss/grafana/pkg/storage/unified/resource/broadcaster.go:177 +0x219

goroutine 31494 [select]:
github.com/patrickmn/go-cache.(*janitor).Run(0xc00841de00, 0xc014197640)
	/home/mariell/go/pkg/mod/github.com/patrickmn/go-cache@v2.1.0+incompatible/cache.go:1079 +0x7b
created by github.com/patrickmn/go-cache.runJanitor in goroutine 30466
	/home/mariell/go/pkg/mod/github.com/patrickmn/go-cache@v2.1.0+incompatible/cache.go:1099 +0xdb

goroutine 31525 [select]:
github.com/centrifugal/centrifuge.(*MemoryBroker).expireResultCache(0xc00c777b00)
	/home/mariell/go/pkg/mod/github.com/centrifugal/centrifuge@v0.33.3/broker_memory.go:160 +0x68
created by github.com/centrifugal/centrifuge.(*MemoryBroker).Run in goroutine 30466
	/home/mariell/go/pkg/mod/github.com/centrifugal/centrifuge@v0.33.3/broker_memory.go:73 +0x7f

goroutine 31526 [select]:
github.com/centrifugal/centrifuge.(*historyHub).expireStreams(0xc00c777a80)
	/home/mariell/go/pkg/mod/github.com/centrifugal/centrifuge@v0.33.3/broker_memory.go:298 +0x75
created by github.com/centrifugal/centrifuge.(*historyHub).runCleanups in goroutine 30466
	/home/mariell/go/pkg/mod/github.com/centrifugal/centrifuge@v0.33.3/broker_memory.go:252 +0x56

goroutine 31527 [select]:
github.com/centrifugal/centrifuge.(*historyHub).removeStreams(0xc00c777a80)
	/home/mariell/go/pkg/mod/github.com/centrifugal/centrifuge@v0.33.3/broker_memory.go:259 +0x6f
created by github.com/centrifugal/centrifuge.(*historyHub).runCleanups in goroutine 30466
	/home/mariell/go/pkg/mod/github.com/centrifugal/centrifuge@v0.33.3/broker_memory.go:253 +0x96

goroutine 31528 [select]:
github.com/FZambia/eagle.(*Eagle).aggregate(0xc00c7c7dc0)
	/home/mariell/go/pkg/mod/github.com/!f!zambia/eagle@v0.1.0/eagle.go:210 +0x6d
created by github.com/FZambia/eagle.New in goroutine 30466
	/home/mariell/go/pkg/mod/github.com/!f!zambia/eagle@v0.1.0/eagle.go:66 +0x176

goroutine 33106 [sync.Cond.Wait]:
sync.runtime_notifyListWait(0xc019c7fcd0, 0x3)
	/usr/lib/go/src/runtime/sema.go:597 +0x159
sync.(*Cond).Wait(0x0?)
	/usr/lib/go/src/sync/cond.go:71 +0x85
github.com/centrifugal/centrifuge/internal/dissolve.(*queueImpl).Wait(0xc012092e00)
	/home/mariell/go/pkg/mod/github.com/centrifugal/centrifuge@v0.33.3/internal/dissolve/queue.go:139 +0x4a
github.com/centrifugal/centrifuge/internal/dissolve.(*Dissolver).runWorker(0xc01ba3c438)
	/home/mariell/go/pkg/mod/github.com/centrifugal/centrifuge@v0.33.3/internal/dissolve/dissolve.go:52 +0x27
created by github.com/centrifugal/centrifuge/internal/dissolve.(*Dissolver).Run in goroutine 31996
	/home/mariell/go/pkg/mod/github.com/centrifugal/centrifuge@v0.33.3/internal/dissolve/dissolve.go:31 +0x25

goroutine 31997 [select]:
database/sql.(*DB).connectionOpener(0xc01af85040, {0xa9d1d00, 0xc01afec050})
	/usr/lib/go/src/database/sql/sql.go:1261 +0x87
created by database/sql.OpenDB in goroutine 31996
	/usr/lib/go/src/database/sql/sql.go:841 +0x130

goroutine 34650 [sync.Cond.Wait]:
sync.runtime_notifyListWait(0xc00dfe4bd0, 0xf)
	/usr/lib/go/src/runtime/sema.go:597 +0x159
sync.(*Cond).Wait(0x0?)
	/usr/lib/go/src/sync/cond.go:71 +0x85
github.com/centrifugal/centrifuge/internal/dissolve.(*queueImpl).Wait(0xc01277aee0)
	/home/mariell/go/pkg/mod/github.com/centrifugal/centrifuge@v0.33.3/internal/dissolve/queue.go:139 +0x4a
github.com/centrifugal/centrifuge/internal/dissolve.(*Dissolver).runWorker(0xc015fec510)
	/home/mariell/go/pkg/mod/github.com/centrifugal/centrifuge@v0.33.3/internal/dissolve/dissolve.go:52 +0x27
created by github.com/centrifugal/centrifuge/internal/dissolve.(*Dissolver).Run in goroutine 33524
	/home/mariell/go/pkg/mod/github.com/centrifugal/centrifuge@v0.33.3/internal/dissolve/dissolve.go:31 +0x25

goroutine 34651 [sync.Cond.Wait]:
sync.runtime_notifyListWait(0xc00dfe4bd0, 0x10)
	/usr/lib/go/src/runtime/sema.go:597 +0x159
sync.(*Cond).Wait(0x0?)
	/usr/lib/go/src/sync/cond.go:71 +0x85
github.com/centrifugal/centrifuge/internal/dissolve.(*queueImpl).Wait(0xc01277aee0)
	/home/mariell/go/pkg/mod/github.com/centrifugal/centrifuge@v0.33.3/internal/dissolve/queue.go:139 +0x4a
github.com/centrifugal/centrifuge/internal/dissolve.(*Dissolver).runWorker(0xc015fec510)
	/home/mariell/go/pkg/mod/github.com/centrifugal/centrifuge@v0.33.3/internal/dissolve/dissolve.go:52 +0x27
created by github.com/centrifugal/centrifuge/internal/dissolve.(*Dissolver).Run in goroutine 33524
	/home/mariell/go/pkg/mod/github.com/centrifugal/centrifuge@v0.33.3/internal/dissolve/dissolve.go:31 +0x25

goroutine 31576 [sync.Cond.Wait]:
sync.runtime_notifyListWait(0xc012c3ca90, 0x10)
	/usr/lib/go/src/runtime/sema.go:597 +0x159
sync.(*Cond).Wait(0x0?)
	/usr/lib/go/src/sync/cond.go:71 +0x85
github.com/centrifugal/centrifuge/internal/dissolve.(*queueImpl).Wait(0xc00c7c6e00)
	/home/mariell/go/pkg/mod/github.com/centrifugal/centrifuge@v0.33.3/internal/dissolve/queue.go:139 +0x4a
github.com/centrifugal/centrifuge/internal/dissolve.(*Dissolver).runWorker(0xc00e284af8)
	/home/mariell/go/pkg/mod/github.com/centrifugal/centrifuge@v0.33.3/internal/dissolve/dissolve.go:52 +0x27
created by github.com/centrifugal/centrifuge/internal/dissolve.(*Dissolver).Run in goroutine 30466
	/home/mariell/go/pkg/mod/github.com/centrifugal/centrifuge@v0.33.3/internal/dissolve/dissolve.go:31 +0x25

goroutine 31577 [sync.Cond.Wait]:
sync.runtime_notifyListWait(0xc012c3ca90, 0x11)
	/usr/lib/go/src/runtime/sema.go:597 +0x159
sync.(*Cond).Wait(0xc00cd437d0?)
	/usr/lib/go/src/sync/cond.go:71 +0x85
github.com/centrifugal/centrifuge/internal/dissolve.(*queueImpl).Wait(0xc00c7c6e00)
	/home/mariell/go/pkg/mod/github.com/centrifugal/centrifuge@v0.33.3/internal/dissolve/queue.go:139 +0x4a
github.com/centrifugal/centrifuge/internal/dissolve.(*Dissolver).runWorker(0xc00e284af8)
	/home/mariell/go/pkg/mod/github.com/centrifugal/centrifuge@v0.33.3/internal/dissolve/dissolve.go:52 +0x27
created by github.com/centrifugal/centrifuge/internal/dissolve.(*Dissolver).Run in goroutine 30466
	/home/mariell/go/pkg/mod/github.com/centrifugal/centrifuge@v0.33.3/internal/dissolve/dissolve.go:31 +0x25

goroutine 31578 [sync.Cond.Wait]:
sync.runtime_notifyListWait(0xc012c3ca90, 0x12)
	/usr/lib/go/src/runtime/sema.go:597 +0x159
sync.(*Cond).Wait(0x100000000000000?)
	/usr/lib/go/src/sync/cond.go:71 +0x85
github.com/centrifugal/centrifuge/internal/dissolve.(*queueImpl).Wait(0xc00c7c6e00)
	/home/mariell/go/pkg/mod/github.com/centrifugal/centrifuge@v0.33.3/internal/dissolve/queue.go:139 +0x4a
github.com/centrifugal/centrifuge/internal/dissolve.(*Dissolver).runWorker(0xc00e284af8)
	/home/mariell/go/pkg/mod/github.com/centrifugal/centrifuge@v0.33.3/internal/dissolve/dissolve.go:52 +0x27
created by github.com/centrifugal/centrifuge/internal/dissolve.(*Dissolver).Run in goroutine 30466
	/home/mariell/go/pkg/mod/github.com/centrifugal/centrifuge@v0.33.3/internal/dissolve/dissolve.go:31 +0x25

goroutine 31579 [sync.Cond.Wait]:
sync.runtime_notifyListWait(0xc012c3ca90, 0x13)
	/usr/lib/go/src/runtime/sema.go:597 +0x159
sync.(*Cond).Wait(0x0?)
	/usr/lib/go/src/sync/cond.go:71 +0x85
github.com/centrifugal/centrifuge/internal/dissolve.(*queueImpl).Wait(0xc00c7c6e00)
	/home/mariell/go/pkg/mod/github.com/centrifugal/centrifuge@v0.33.3/internal/dissolve/queue.go:139 +0x4a
github.com/centrifugal/centrifuge/internal/dissolve.(*Dissolver).runWorker(0xc00e284af8)
	/home/mariell/go/pkg/mod/github.com/centrifugal/centrifuge@v0.33.3/internal/dissolve/dissolve.go:52 +0x27
created by github.com/centrifugal/centrifuge/internal/dissolve.(*Dissolver).Run in goroutine 30466
	/home/mariell/go/pkg/mod/github.com/centrifugal/centrifuge@v0.33.3/internal/dissolve/dissolve.go:31 +0x25

goroutine 31580 [sync.Cond.Wait]:
sync.runtime_notifyListWait(0xc012c3ca90, 0x14)
	/usr/lib/go/src/runtime/sema.go:597 +0x159
sync.(*Cond).Wait(0x0?)
	/usr/lib/go/src/sync/cond.go:71 +0x85
github.com/centrifugal/centrifuge/internal/dissolve.(*queueImpl).Wait(0xc00c7c6e00)
	/home/mariell/go/pkg/mod/github.com/centrifugal/centrifuge@v0.33.3/internal/dissolve/queue.go:139 +0x4a
github.com/centrifugal/centrifuge/internal/dissolve.(*Dissolver).runWorker(0xc00e284af8)
	/home/mariell/go/pkg/mod/github.com/centrifugal/centrifuge@v0.33.3/internal/dissolve/dissolve.go:52 +0x27
created by github.com/centrifugal/centrifuge/internal/dissolve.(*Dissolver).Run in goroutine 30466
	/home/mariell/go/pkg/mod/github.com/centrifugal/centrifuge@v0.33.3/internal/dissolve/dissolve.go:31 +0x25

goroutine 31581 [sync.Cond.Wait]:
sync.runtime_notifyListWait(0xc012c3ca90, 0x1)
	/usr/lib/go/src/runtime/sema.go:597 +0x159
sync.(*Cond).Wait(0x8421084210842108?)
	/usr/lib/go/src/sync/cond.go:71 +0x85
github.com/centrifugal/centrifuge/internal/dissolve.(*queueImpl).Wait(0xc00c7c6e00)
	/home/mariell/go/pkg/mod/github.com/centrifugal/centrifuge@v0.33.3/internal/dissolve/queue.go:139 +0x4a
github.com/centrifugal/centrifuge/internal/dissolve.(*Dissolver).runWorker(0xc00e284af8)
	/home/mariell/go/pkg/mod/github.com/centrifugal/centrifuge@v0.33.3/internal/dissolve/dissolve.go:52 +0x27
created by github.com/centrifugal/centrifuge/internal/dissolve.(*Dissolver).Run in goroutine 30466
	/home/mariell/go/pkg/mod/github.com/centrifugal/centrifuge@v0.33.3/internal/dissolve/dissolve.go:31 +0x25

goroutine 31582 [sync.Cond.Wait]:
sync.runtime_notifyListWait(0xc012c3ca90, 0x2a)
	/usr/lib/go/src/runtime/sema.go:597 +0x159
sync.(*Cond).Wait(0x1?)
	/usr/lib/go/src/sync/cond.go:71 +0x85
github.com/centrifugal/centrifuge/internal/dissolve.(*queueImpl).Wait(0xc00c7c6e00)
	/home/mariell/go/pkg/mod/github.com/centrifugal/centrifuge@v0.33.3/internal/dissolve/queue.go:139 +0x4a
github.com/centrifugal/centrifuge/internal/dissolve.(*Dissolver).runWorker(0xc00e284af8)
	/home/mariell/go/pkg/mod/github.com/centrifugal/centrifuge@v0.33.3/internal/dissolve/dissolve.go:52 +0x27
created by github.com/centrifugal/centrifuge/internal/dissolve.(*Dissolver).Run in goroutine 30466
	/home/mariell/go/pkg/mod/github.com/centrifugal/centrifuge@v0.33.3/internal/dissolve/dissolve.go:31 +0x25

goroutine 31583 [sync.Cond.Wait]:
sync.runtime_notifyListWait(0xc012c3ca90, 0x2d)
	/usr/lib/go/src/runtime/sema.go:597 +0x159
sync.(*Cond).Wait(0xc009cf2df0?)
	/usr/lib/go/src/sync/cond.go:71 +0x85
github.com/centrifugal/centrifuge/internal/dissolve.(*queueImpl).Wait(0xc00c7c6e00)
	/home/mariell/go/pkg/mod/github.com/centrifugal/centrifuge@v0.33.3/internal/dissolve/queue.go:139 +0x4a
github.com/centrifugal/centrifuge/internal/dissolve.(*Dissolver).runWorker(0xc00e284af8)
	/home/mariell/go/pkg/mod/github.com/centrifugal/centrifuge@v0.33.3/internal/dissolve/dissolve.go:52 +0x27
created by github.com/centrifugal/centrifuge/internal/dissolve.(*Dissolver).Run in goroutine 30466
	/home/mariell/go/pkg/mod/github.com/centrifugal/centrifuge@v0.33.3/internal/dissolve/dissolve.go:31 +0x25

goroutine 31584 [sync.Cond.Wait]:
sync.runtime_notifyListWait(0xc012c3ca90, 0x2f)
	/usr/lib/go/src/runtime/sema.go:597 +0x159
sync.(*Cond).Wait(0xc152c152c152c152?)
	/usr/lib/go/src/sync/cond.go:71 +0x85
github.com/centrifugal/centrifuge/internal/dissolve.(*queueImpl).Wait(0xc00c7c6e00)
	/home/mariell/go/pkg/mod/github.com/centrifugal/centrifuge@v0.33.3/internal/dissolve/queue.go:139 +0x4a
github.com/centrifugal/centrifuge/internal/dissolve.(*Dissolver).runWorker(0xc00e284af8)
	/home/mariell/go/pkg/mod/github.com/centrifugal/centrifuge@v0.33.3/internal/dissolve/dissolve.go:52 +0x27
created by github.com/centrifugal/centrifuge/internal/dissolve.(*Dissolver).Run in goroutine 30466
	/home/mariell/go/pkg/mod/github.com/centrifugal/centrifuge@v0.33.3/internal/dissolve/dissolve.go:31 +0x25

goroutine 31585 [sync.Cond.Wait]:
sync.runtime_notifyListWait(0xc012c3ca90, 0x30)
	/usr/lib/go/src/runtime/sema.go:597 +0x159
sync.(*Cond).Wait(0xb?)
	/usr/lib/go/src/sync/cond.go:71 +0x85
github.com/centrifugal/centrifuge/internal/dissolve.(*queueImpl).Wait(0xc00c7c6e00)
	/home/mariell/go/pkg/mod/github.com/centrifugal/centrifuge@v0.33.3/internal/dissolve/queue.go:139 +0x4a
github.com/centrifugal/centrifuge/internal/dissolve.(*Dissolver).runWorker(0xc00e284af8)
	/home/mariell/go/pkg/mod/github.com/centrifugal/centrifuge@v0.33.3/internal/dissolve/dissolve.go:52 +0x27
created by github.com/centrifugal/centrifuge/internal/dissolve.(*Dissolver).Run in goroutine 30466
	/home/mariell/go/pkg/mod/github.com/centrifugal/centrifuge@v0.33.3/internal/dissolve/dissolve.go:31 +0x25

goroutine 31586 [sync.Cond.Wait]:
sync.runtime_notifyListWait(0xc012c3ca90, 0x32)
	/usr/lib/go/src/runtime/sema.go:597 +0x159
sync.(*Cond).Wait(0x0?)
	/usr/lib/go/src/sync/cond.go:71 +0x85
github.com/centrifugal/centrifuge/internal/dissolve.(*queueImpl).Wait(0xc00c7c6e00)
	/home/mariell/go/pkg/mod/github.com/centrifugal/centrifuge@v0.33.3/internal/dissolve/queue.go:139 +0x4a
github.com/centrifugal/centrifuge/internal/dissolve.(*Dissolver).runWorker(0xc00e284af8)
	/home/mariell/go/pkg/mod/github.com/centrifugal/centrifuge@v0.33.3/internal/dissolve/dissolve.go:52 +0x27
created by github.com/centrifugal/centrifuge/internal/dissolve.(*Dissolver).Run in goroutine 30466
	/home/mariell/go/pkg/mod/github.com/centrifugal/centrifuge@v0.33.3/internal/dissolve/dissolve.go:31 +0x25

goroutine 31587 [sync.Cond.Wait]:
sync.runtime_notifyListWait(0xc012c3ca90, 0x2b)
	/usr/lib/go/src/runtime/sema.go:597 +0x159
sync.(*Cond).Wait(0xc00d226388?)
	/usr/lib/go/src/sync/cond.go:71 +0x85
github.com/centrifugal/centrifuge/internal/dissolve.(*queueImpl).Wait(0xc00c7c6e00)
	/home/mariell/go/pkg/mod/github.com/centrifugal/centrifuge@v0.33.3/internal/dissolve/queue.go:139 +0x4a
github.com/centrifugal/centrifuge/internal/dissolve.(*Dissolver).runWorker(0xc00e284af8)
	/home/mariell/go/pkg/mod/github.com/centrifugal/centrifuge@v0.33.3/internal/dissolve/dissolve.go:52 +0x27
created by github.com/centrifugal/centrifuge/internal/dissolve.(*Dissolver).Run in goroutine 30466
	/home/mariell/go/pkg/mod/github.com/centrifugal/centrifuge@v0.33.3/internal/dissolve/dissolve.go:31 +0x25

goroutine 31588 [sync.Cond.Wait]:
sync.runtime_notifyListWait(0xc012c3ca90, 0x2c)
	/usr/lib/go/src/runtime/sema.go:597 +0x159
sync.(*Cond).Wait(0x100000000000000?)
	/usr/lib/go/src/sync/cond.go:71 +0x85
github.com/centrifugal/centrifuge/internal/dissolve.(*queueImpl).Wait(0xc00c7c6e00)
	/home/mariell/go/pkg/mod/github.com/centrifugal/centrifuge@v0.33.3/internal/dissolve/queue.go:139 +0x4a
github.com/centrifugal/centrifuge/internal/dissolve.(*Dissolver).runWorker(0xc00e284af8)
	/home/mariell/go/pkg/mod/github.com/centrifugal/centrifuge@v0.33.3/internal/dissolve/dissolve.go:52 +0x27
created by github.com/centrifugal/centrifuge/internal/dissolve.(*Dissolver).Run in goroutine 30466
	/home/mariell/go/pkg/mod/github.com/centrifugal/centrifuge@v0.33.3/internal/dissolve/dissolve.go:31 +0x25

goroutine 31589 [sync.Cond.Wait]:
sync.runtime_notifyListWait(0xc012c3ca90, 0x2e)
	/usr/lib/go/src/runtime/sema.go:597 +0x159
sync.(*Cond).Wait(0x0?)
	/usr/lib/go/src/sync/cond.go:71 +0x85
github.com/centrifugal/centrifuge/internal/dissolve.(*queueImpl).Wait(0xc00c7c6e00)
	/home/mariell/go/pkg/mod/github.com/centrifugal/centrifuge@v0.33.3/internal/dissolve/queue.go:139 +0x4a
github.com/centrifugal/centrifuge/internal/dissolve.(*Dissolver).runWorker(0xc00e284af8)
	/home/mariell/go/pkg/mod/github.com/centrifugal/centrifuge@v0.33.3/internal/dissolve/dissolve.go:52 +0x27
created by github.com/centrifugal/centrifuge/internal/dissolve.(*Dissolver).Run in goroutine 30466
	/home/mariell/go/pkg/mod/github.com/centrifugal/centrifuge@v0.33.3/internal/dissolve/dissolve.go:31 +0x25

goroutine 31590 [sync.Cond.Wait]:
sync.runtime_notifyListWait(0xc012c3ca90, 0x31)
	/usr/lib/go/src/runtime/sema.go:597 +0x159
sync.(*Cond).Wait(0x10?)
	/usr/lib/go/src/sync/cond.go:71 +0x85
github.com/centrifugal/centrifuge/internal/dissolve.(*queueImpl).Wait(0xc00c7c6e00)
	/home/mariell/go/pkg/mod/github.com/centrifugal/centrifuge@v0.33.3/internal/dissolve/queue.go:139 +0x4a
github.com/centrifugal/centrifuge/internal/dissolve.(*Dissolver).runWorker(0xc00e284af8)
	/home/mariell/go/pkg/mod/github.com/centrifugal/centrifuge@v0.33.3/internal/dissolve/dissolve.go:52 +0x27
created by github.com/centrifugal/centrifuge/internal/dissolve.(*Dissolver).Run in goroutine 30466
	/home/mariell/go/pkg/mod/github.com/centrifugal/centrifuge@v0.33.3/internal/dissolve/dissolve.go:31 +0x25

goroutine 31591 [sync.Cond.Wait]:
sync.runtime_notifyListWait(0xc012c3ca90, 0x33)
	/usr/lib/go/src/runtime/sema.go:597 +0x159
sync.(*Cond).Wait(0x15?)
	/usr/lib/go/src/sync/cond.go:71 +0x85
github.com/centrifugal/centrifuge/internal/dissolve.(*queueImpl).Wait(0xc00c7c6e00)
	/home/mariell/go/pkg/mod/github.com/centrifugal/centrifuge@v0.33.3/internal/dissolve/queue.go:139 +0x4a
github.com/centrifugal/centrifuge/internal/dissolve.(*Dissolver).runWorker(0xc00e284af8)
	/home/mariell/go/pkg/mod/github.com/centrifugal/centrifuge@v0.33.3/internal/dissolve/dissolve.go:52 +0x27
created by github.com/centrifugal/centrifuge/internal/dissolve.(*Dissolver).Run in goroutine 30466
	/home/mariell/go/pkg/mod/github.com/centrifugal/centrifuge@v0.33.3/internal/dissolve/dissolve.go:31 +0x25

goroutine 31592 [sync.Cond.Wait]:
sync.runtime_notifyListWait(0xc012c3ca90, 0x29)
	/usr/lib/go/src/runtime/sema.go:597 +0x159
sync.(*Cond).Wait(0x0?)
	/usr/lib/go/src/sync/cond.go:71 +0x85
github.com/centrifugal/centrifuge/internal/dissolve.(*queueImpl).Wait(0xc00c7c6e00)
	/home/mariell/go/pkg/mod/github.com/centrifugal/centrifuge@v0.33.3/internal/dissolve/queue.go:139 +0x4a
github.com/centrifugal/centrifuge/internal/dissolve.(*Dissolver).runWorker(0xc00e284af8)
	/home/mariell/go/pkg/mod/github.com/centrifugal/centrifuge@v0.33.3/internal/dissolve/dissolve.go:52 +0x27
created by github.com/centrifugal/centrifuge/internal/dissolve.(*Dissolver).Run in goroutine 30466
	/home/mariell/go/pkg/mod/github.com/centrifugal/centrifuge@v0.33.3/internal/dissolve/dissolve.go:31 +0x25

goroutine 31593 [sync.Cond.Wait]:
sync.runtime_notifyListWait(0xc012c3ca90, 0x35)
	/usr/lib/go/src/runtime/sema.go:597 +0x159
sync.(*Cond).Wait(0xc152c152c152c152?)
	/usr/lib/go/src/sync/cond.go:71 +0x85
github.com/centrifugal/centrifuge/internal/dissolve.(*queueImpl).Wait(0xc00c7c6e00)
	/home/mariell/go/pkg/mod/github.com/centrifugal/centrifuge@v0.33.3/internal/dissolve/queue.go:139 +0x4a
github.com/centrifugal/centrifuge/internal/dissolve.(*Dissolver).runWorker(0xc00e284af8)
	/home/mariell/go/pkg/mod/github.com/centrifugal/centrifuge@v0.33.3/internal/dissolve/dissolve.go:52 +0x27
created by github.com/centrifugal/centrifuge/internal/dissolve.(*Dissolver).Run in goroutine 30466
	/home/mariell/go/pkg/mod/github.com/centrifugal/centrifuge@v0.33.3/internal/dissolve/dissolve.go:31 +0x25

goroutine 31594 [sync.Cond.Wait]:
sync.runtime_notifyListWait(0xc012c3ca90, 0x36)
	/usr/lib/go/src/runtime/sema.go:597 +0x159
sync.(*Cond).Wait(0xc009cf23d0?)
	/usr/lib/go/src/sync/cond.go:71 +0x85
github.com/centrifugal/centrifuge/internal/dissolve.(*queueImpl).Wait(0xc00c7c6e00)
	/home/mariell/go/pkg/mod/github.com/centrifugal/centrifuge@v0.33.3/internal/dissolve/queue.go:139 +0x4a
github.com/centrifugal/centrifuge/internal/dissolve.(*Dissolver).runWorker(0xc00e284af8)
	/home/mariell/go/pkg/mod/github.com/centrifugal/centrifuge@v0.33.3/internal/dissolve/dissolve.go:52 +0x27
created by github.com/centrifugal/centrifuge/internal/dissolve.(*Dissolver).Run in goroutine 30466
	/home/mariell/go/pkg/mod/github.com/centrifugal/centrifuge@v0.33.3/internal/dissolve/dissolve.go:31 +0x25

goroutine 31595 [sync.Cond.Wait]:
sync.runtime_notifyListWait(0xc012c3ca90, 0x38)
	/usr/lib/go/src/runtime/sema.go:597 +0x159
sync.(*Cond).Wait(0x1?)
	/usr/lib/go/src/sync/cond.go:71 +0x85
github.com/centrifugal/centrifuge/internal/dissolve.(*queueImpl).Wait(0xc00c7c6e00)
	/home/mariell/go/pkg/mod/github.com/centrifugal/centrifuge@v0.33.3/internal/dissolve/queue.go:139 +0x4a
github.com/centrifugal/centrifuge/internal/dissolve.(*Dissolver).runWorker(0xc00e284af8)
	/home/mariell/go/pkg/mod/github.com/centrifugal/centrifuge@v0.33.3/internal/dissolve/dissolve.go:52 +0x27
created by github.com/centrifugal/centrifuge/internal/dissolve.(*Dissolver).Run in goroutine 30466
	/home/mariell/go/pkg/mod/github.com/centrifugal/centrifuge@v0.33.3/internal/dissolve/dissolve.go:31 +0x25

goroutine 31596 [sync.Cond.Wait]:
sync.runtime_notifyListWait(0xc012c3ca90, 0x3b)
	/usr/lib/go/src/runtime/sema.go:597 +0x159
sync.(*Cond).Wait(0xc00d292780?)
	/usr/lib/go/src/sync/cond.go:71 +0x85
github.com/centrifugal/centrifuge/internal/dissolve.(*queueImpl).Wait(0xc00c7c6e00)
	/home/mariell/go/pkg/mod/github.com/centrifugal/centrifuge@v0.33.3/internal/dissolve/queue.go:139 +0x4a
github.com/centrifugal/centrifuge/internal/dissolve.(*Dissolver).runWorker(0xc00e284af8)
	/home/mariell/go/pkg/mod/github.com/centrifugal/centrifuge@v0.33.3/internal/dissolve/dissolve.go:52 +0x27
created by github.com/centrifugal/centrifuge/internal/dissolve.(*Dissolver).Run in goroutine 30466
	/home/mariell/go/pkg/mod/github.com/centrifugal/centrifuge@v0.33.3/internal/dissolve/dissolve.go:31 +0x25

goroutine 31597 [sync.Cond.Wait]:
sync.runtime_notifyListWait(0xc012c3ca90, 0x3c)
	/usr/lib/go/src/runtime/sema.go:597 +0x159
sync.(*Cond).Wait(0x0?)
	/usr/lib/go/src/sync/cond.go:71 +0x85
github.com/centrifugal/centrifuge/internal/dissolve.(*queueImpl).Wait(0xc00c7c6e00)
	/home/mariell/go/pkg/mod/github.com/centrifugal/centrifuge@v0.33.3/internal/dissolve/queue.go:139 +0x4a
github.com/centrifugal/centrifuge/internal/dissolve.(*Dissolver).runWorker(0xc00e284af8)
	/home/mariell/go/pkg/mod/github.com/centrifugal/centrifuge@v0.33.3/internal/dissolve/dissolve.go:52 +0x27
created by github.com/centrifugal/centrifuge/internal/dissolve.(*Dissolver).Run in goroutine 30466
	/home/mariell/go/pkg/mod/github.com/centrifugal/centrifuge@v0.33.3/internal/dissolve/dissolve.go:31 +0x25

goroutine 31598 [sync.Cond.Wait]:
sync.runtime_notifyListWait(0xc012c3ca90, 0x34)
	/usr/lib/go/src/runtime/sema.go:597 +0x159
sync.(*Cond).Wait(0x4500000049?)
	/usr/lib/go/src/sync/cond.go:71 +0x85
github.com/centrifugal/centrifuge/internal/dissolve.(*queueImpl).Wait(0xc00c7c6e00)
	/home/mariell/go/pkg/mod/github.com/centrifugal/centrifuge@v0.33.3/internal/dissolve/queue.go:139 +0x4a
github.com/centrifugal/centrifuge/internal/dissolve.(*Dissolver).runWorker(0xc00e284af8)
	/home/mariell/go/pkg/mod/github.com/centrifugal/centrifuge@v0.33.3/internal/dissolve/dissolve.go:52 +0x27
created by github.com/centrifugal/centrifuge/internal/dissolve.(*Dissolver).Run in goroutine 30466
	/home/mariell/go/pkg/mod/github.com/centrifugal/centrifuge@v0.33.3/internal/dissolve/dissolve.go:31 +0x25

goroutine 31599 [sync.Cond.Wait]:
sync.runtime_notifyListWait(0xc012c3ca90, 0x39)
	/usr/lib/go/src/runtime/sema.go:597 +0x159
sync.(*Cond).Wait(0x560000004f?)
	/usr/lib/go/src/sync/cond.go:71 +0x85
github.com/centrifugal/centrifuge/internal/dissolve.(*queueImpl).Wait(0xc00c7c6e00)
	/home/mariell/go/pkg/mod/github.com/centrifugal/centrifuge@v0.33.3/internal/dissolve/queue.go:139 +0x4a
github.com/centrifugal/centrifuge/internal/dissolve.(*Dissolver).runWorker(0xc00e284af8)
	/home/mariell/go/pkg/mod/github.com/centrifugal/centrifuge@v0.33.3/internal/dissolve/dissolve.go:52 +0x27
created by github.com/centrifugal/centrifuge/internal/dissolve.(*Dissolver).Run in goroutine 30466
	/home/mariell/go/pkg/mod/github.com/centrifugal/centrifuge@v0.33.3/internal/dissolve/dissolve.go:31 +0x25

goroutine 31600 [sync.Cond.Wait]:
sync.runtime_notifyListWait(0xc012c3ca90, 0x3a)
	/usr/lib/go/src/runtime/sema.go:597 +0x159
sync.(*Cond).Wait(0x0?)
	/usr/lib/go/src/sync/cond.go:71 +0x85
github.com/centrifugal/centrifuge/internal/dissolve.(*queueImpl).Wait(0xc00c7c6e00)
	/home/mariell/go/pkg/mod/github.com/centrifugal/centrifuge@v0.33.3/internal/dissolve/queue.go:139 +0x4a
github.com/centrifugal/centrifuge/internal/dissolve.(*Dissolver).runWorker(0xc00e284af8)
	/home/mariell/go/pkg/mod/github.com/centrifugal/centrifuge@v0.33.3/internal/dissolve/dissolve.go:52 +0x27
created by github.com/centrifugal/centrifuge/internal/dissolve.(*Dissolver).Run in goroutine 30466
	/home/mariell/go/pkg/mod/github.com/centrifugal/centrifuge@v0.33.3/internal/dissolve/dissolve.go:31 +0x25

goroutine 31601 [sync.Cond.Wait]:
sync.runtime_notifyListWait(0xc012c3ca90, 0x37)
	/usr/lib/go/src/runtime/sema.go:597 +0x159
sync.(*Cond).Wait(0x1?)
	/usr/lib/go/src/sync/cond.go:71 +0x85
github.com/centrifugal/centrifuge/internal/dissolve.(*queueImpl).Wait(0xc00c7c6e00)
	/home/mariell/go/pkg/mod/github.com/centrifugal/centrifuge@v0.33.3/internal/dissolve/queue.go:139 +0x4a
github.com/centrifugal/centrifuge/internal/dissolve.(*Dissolver).runWorker(0xc00e284af8)
	/home/mariell/go/pkg/mod/github.com/centrifugal/centrifuge@v0.33.3/internal/dissolve/dissolve.go:52 +0x27
created by github.com/centrifugal/centrifuge/internal/dissolve.(*Dissolver).Run in goroutine 30466
	/home/mariell/go/pkg/mod/github.com/centrifugal/centrifuge@v0.33.3/internal/dissolve/dissolve.go:31 +0x25

goroutine 31602 [sync.Cond.Wait]:
sync.runtime_notifyListWait(0xc012c3ca90, 0x3d)
	/usr/lib/go/src/runtime/sema.go:597 +0x159
sync.(*Cond).Wait(0x5200000043?)
	/usr/lib/go/src/sync/cond.go:71 +0x85
github.com/centrifugal/centrifuge/internal/dissolve.(*queueImpl).Wait(0xc00c7c6e00)
	/home/mariell/go/pkg/mod/github.com/centrifugal/centrifuge@v0.33.3/internal/dissolve/queue.go:139 +0x4a
github.com/centrifugal/centrifuge/internal/dissolve.(*Dissolver).runWorker(0xc00e284af8)
	/home/mariell/go/pkg/mod/github.com/centrifugal/centrifuge@v0.33.3/internal/dissolve/dissolve.go:52 +0x27
created by github.com/centrifugal/centrifuge/internal/dissolve.(*Dissolver).Run in goroutine 30466
	/home/mariell/go/pkg/mod/github.com/centrifugal/centrifuge@v0.33.3/internal/dissolve/dissolve.go:31 +0x25

goroutine 31603 [sync.Cond.Wait]:
sync.runtime_notifyListWait(0xc012c3ca90, 0x3e)
	/usr/lib/go/src/runtime/sema.go:597 +0x159
sync.(*Cond).Wait(0x0?)
	/usr/lib/go/src/sync/cond.go:71 +0x85
github.com/centrifugal/centrifuge/internal/dissolve.(*queueImpl).Wait(0xc00c7c6e00)
	/home/mariell/go/pkg/mod/github.com/centrifugal/centrifuge@v0.33.3/internal/dissolve/queue.go:139 +0x4a
github.com/centrifugal/centrifuge/internal/dissolve.(*Dissolver).runWorker(0xc00e284af8)
	/home/mariell/go/pkg/mod/github.com/centrifugal/centrifuge@v0.33.3/internal/dissolve/dissolve.go:52 +0x27
created by github.com/centrifugal/centrifuge/internal/dissolve.(*Dissolver).Run in goroutine 30466
	/home/mariell/go/pkg/mod/github.com/centrifugal/centrifuge@v0.33.3/internal/dissolve/dissolve.go:31 +0x25

goroutine 31604 [sync.Cond.Wait]:
sync.runtime_notifyListWait(0xc012c3ca90, 0x3f)
	/usr/lib/go/src/runtime/sema.go:597 +0x159
sync.(*Cond).Wait(0x0?)
	/usr/lib/go/src/sync/cond.go:71 +0x85
github.com/centrifugal/centrifuge/internal/dissolve.(*queueImpl).Wait(0xc00c7c6e00)
	/home/mariell/go/pkg/mod/github.com/centrifugal/centrifuge@v0.33.3/internal/dissolve/queue.go:139 +0x4a
github.com/centrifugal/centrifuge/internal/dissolve.(*Dissolver).runWorker(0xc00e284af8)
	/home/mariell/go/pkg/mod/github.com/centrifugal/centrifuge@v0.33.3/internal/dissolve/dissolve.go:52 +0x27
created by github.com/centrifugal/centrifuge/internal/dissolve.(*Dissolver).Run in goroutine 30466
	/home/mariell/go/pkg/mod/github.com/centrifugal/centrifuge@v0.33.3/internal/dissolve/dissolve.go:31 +0x25

goroutine 45181 [sync.Cond.Wait]:
sync.runtime_notifyListWait(0xc026bf9c10, 0x2a)
	/usr/lib/go/src/runtime/sema.go:597 +0x159
sync.(*Cond).Wait(0x0?)
	/usr/lib/go/src/sync/cond.go:71 +0x85
github.com/centrifugal/centrifuge/internal/dissolve.(*queueImpl).Wait(0xc026c14c40)
	/home/mariell/go/pkg/mod/github.com/centrifugal/centrifuge@v0.33.3/internal/dissolve/queue.go:139 +0x4a
github.com/centrifugal/centrifuge/internal/dissolve.(*Dissolver).runWorker(0xc026b0b128)
	/home/mariell/go/pkg/mod/github.com/centrifugal/centrifuge@v0.33.3/internal/dissolve/dissolve.go:52 +0x27
created by github.com/centrifugal/centrifuge/internal/dissolve.(*Dissolver).Run in goroutine 44067
	/home/mariell/go/pkg/mod/github.com/centrifugal/centrifuge@v0.33.3/internal/dissolve/dissolve.go:31 +0x25

goroutine 43660 [sync.Cond.Wait]:
sync.runtime_notifyListWait(0xc00d19c890, 0x3c)
	/usr/lib/go/src/runtime/sema.go:597 +0x159
sync.(*Cond).Wait(0xc01be9dfd0?)
	/usr/lib/go/src/sync/cond.go:71 +0x85
github.com/centrifugal/centrifuge/internal/dissolve.(*queueImpl).Wait(0xc015e6a930)
	/home/mariell/go/pkg/mod/github.com/centrifugal/centrifuge@v0.33.3/internal/dissolve/queue.go:139 +0x4a
github.com/centrifugal/centrifuge/internal/dissolve.(*Dissolver).runWorker(0xc0132189d8)
	/home/mariell/go/pkg/mod/github.com/centrifugal/centrifuge@v0.33.3/internal/dissolve/dissolve.go:52 +0x27
created by github.com/centrifugal/centrifuge/internal/dissolve.(*Dissolver).Run in goroutine 42495
	/home/mariell/go/pkg/mod/github.com/centrifugal/centrifuge@v0.33.3/internal/dissolve/dissolve.go:31 +0x25

goroutine 40963 [select]:
github.com/grafana/grafana/pkg/storage/unified/resource.(*cache[...]).run(0xc01a85df01)
	/home/mariell/work/oss/grafana/pkg/storage/unified/resource/broadcaster.go:291 +0xb0
created by github.com/grafana/grafana/pkg/storage/unified/resource.newChannelCache[...] in goroutine 39277
	/home/mariell/work/oss/grafana/pkg/storage/unified/resource/broadcaster.go:276 +0x189

goroutine 59395 [runnable]:
github.com/mattn/go-sqlite3._Cfunc__sqlite3_prepare_v2_internal(0x77753c030ab8, 0x77753c299460, 0xffffffff, 0xc04898bcd8, 0xc048da8e78)
	_cgo_gotypes.go:339 +0x46
github.com/mattn/go-sqlite3.(*SQLiteConn).prepare.func2(...)
	/home/mariell/go/pkg/mod/github.com/mattn/go-sqlite3@v1.14.22/sqlite3.go:1816
github.com/mattn/go-sqlite3.(*SQLiteConn).prepare(0xc024d0b5c0, {0xc043205b30?, 0xc043205b38?}, {0xc0489a2d90?, 0x10?})
	/home/mariell/go/pkg/mod/github.com/mattn/go-sqlite3@v1.14.22/sqlite3.go:1816 +0x15a
github.com/mattn/go-sqlite3.(*SQLiteConn).query(0xc024d0b5c0, {0xa9d1cc8, 0xc04931ff50}, {0xc0489a2d90?, 0x0?}, {0xc0493384b0, 0x1, 0x1})
	/home/mariell/go/pkg/mod/github.com/mattn/go-sqlite3@v1.14.22/sqlite3.go:925 +0xfe
github.com/mattn/go-sqlite3.(*SQLiteConn).QueryContext(0x0?, {0xa9d1cc8?, 0xc04931ff50?}, {0xc0489a2d90?, 0xc043205db0?}, {0xc0493384b0?, 0x7c45303?, 0x9?})
	/home/mariell/go/pkg/mod/github.com/mattn/go-sqlite3@v1.14.22/sqlite3_go18.go:28 +0x27
database/sql.ctxDriverQuery({0xa9d1cc8?, 0xc04931ff50?}, {0x7775606f7c90?, 0xc024d0b5c0?}, {0x0?, 0x0?}, {0xc0489a2d90?, 0x14b?}, {0xc0493384b0, 0x1, ...})
	/usr/lib/go/src/database/sql/ctxutil.go:48 +0xd7
database/sql.(*DB).queryDC.func1()
	/usr/lib/go/src/database/sql/sql.go:1786 +0x159
database/sql.withLock({0xa97ec70, 0xc01ff43a00}, 0xc043205f08)
	/usr/lib/go/src/database/sql/sql.go:3574 +0x71
database/sql.(*DB).queryDC(0xc0489a2d01?, {0xa9d1cc8, 0xc04931ff50}, {0x0, 0x0}, 0xc01ff43a00, 0xc04932d520, {0xc0489a2d90, 0x6f}, {0xc04932d4d0, ...})
	/usr/lib/go/src/database/sql/sql.go:1781 +0x1de
database/sql.(*DB).query(0xc02464fa00, {0xa9d1cc8, 0xc04931ff50}, {0xc0489a2d90, 0x6f}, {0xc04932d4d0, 0x1, 0x1}, 0x90?)
	/usr/lib/go/src/database/sql/sql.go:1764 +0xfc
database/sql.(*DB).QueryContext.func1(0x6?)
	/usr/lib/go/src/database/sql/sql.go:1742 +0x4f
database/sql.(*DB).retry(0x7775a8b2a210?, 0xc0432060e8)
	/usr/lib/go/src/database/sql/sql.go:1576 +0x42
database/sql.(*DB).QueryContext(0xe?, {0xa9d1cc8?, 0xc04931ff50?}, {0xc0489a2d90?, 0xc043206180?}, {0xc04932d4d0?, 0xc0432061a8?, 0x47c9c5?})
	/usr/lib/go/src/database/sql/sql.go:1741 +0xc5
xorm.io/core.(*DB).QueryContext(0xc01e0d3d40, {0xa9d1cc8?, 0xc04931ff50?}, {0xc0489a2d90?, 0x1?}, {0xc04932d4d0?, 0xc0489a2d90?, 0x49?})
	/home/mariell/go/pkg/mod/xorm.io/core@v0.7.3/db.go:121 +0x39
xorm.io/xorm.(*Session).queryRows(0xc049336008, {0xc0489a2d90, 0x6f}, {0xc04932d4d0, 0x1, 0x1})
	/home/mariell/work/oss/grafana/pkg/util/xorm/session_raw.go:68 +0x613
xorm.io/xorm.(*Session).noCacheFind(0xc049336008, 0xc026013d00, {0x7e7c540?, 0xc02b8cc0f0?, 0x47c699?}, {0xc0489a2d90?, 0x87cb4c0?}, {0xc04932d4d0, 0x1, 0x1})
	/home/mariell/work/oss/grafana/pkg/util/xorm/session_find.go:187 +0x98
xorm.io/xorm.(*Session).find(0xc049336008, {0x7e7c500?, 0xc02b8cc0f0?}, {0xc043206610, 0x1, 0xc04932d2f0?})
	/home/mariell/work/oss/grafana/pkg/util/xorm/session_find.go:183 +0xa95
xorm.io/xorm.(*Session).Find(0xc049336008?, {0x7e7c500?, 0xc02b8cc0f0?}, {0xc043206610?, 0xa8000000a8da20?, 0x7774de781700?})
	/home/mariell/work/oss/grafana/pkg/util/xorm/session_find.go:28 +0x6d
github.com/grafana/grafana/pkg/services/ssosettings/database.(*SSOSettingsStore).List.func1(0xc049338120)
	/home/mariell/work/oss/grafana/pkg/services/ssosettings/database/database.go:72 +0x99
github.com/grafana/grafana/pkg/services/sqlstore.(*SQLStore).withDbSession.(*SQLStore).retryOnLocks.func1()
	/home/mariell/work/oss/grafana/pkg/services/sqlstore/session.go:87 +0x62
github.com/grafana/grafana/pkg/util/retryer.Retry(0xc0432068d0, 0x3, 0xc029824e70?, 0x3b9aca00)
	/home/mariell/work/oss/grafana/pkg/util/retryer/retryer.go:24 +0x70
github.com/grafana/grafana/pkg/services/sqlstore.(*SQLStore).withDbSession(0xc01f834fa0, {0xa9d1b58, 0x11ab5f60}, 0xffffffffffffffff?, 0xc04932d2e0)
	/home/mariell/work/oss/grafana/pkg/services/sqlstore/session.go:122 +0x1e5
github.com/grafana/grafana/pkg/services/sqlstore.(*SQLStore).WithDbSession(0xc0432069c0?, {0xa9d1b58?, 0x11ab5f60?}, 0x870f820?)
	/home/mariell/work/oss/grafana/pkg/services/sqlstore/session.go:80 +0x27
github.com/grafana/grafana/pkg/services/ssosettings/database.(*SSOSettingsStore).List(0xc01ca580c0, {0xa9d1b58, 0x11ab5f60})
	/home/mariell/work/oss/grafana/pkg/services/ssosettings/database/database.go:67 +0x95
github.com/grafana/grafana/pkg/services/ssosettings/ssosettingsimpl.(*Service).List(0xc04931c500, {0xa9d1b58, 0x11ab5f60})
	/home/mariell/work/oss/grafana/pkg/services/ssosettings/ssosettingsimpl/service.go:145 +0x7a
github.com/grafana/grafana/pkg/login/social/socialimpl.ProvideService(0xc0282be008, {0xa9a6a80, 0xc00b581b20}, {0xa9d35a8, 0xc01692efc0}, {0xa951ca0, 0xc024519a10}, {0xa9aad50, 0xc02a3e8750}, 0xc04931fa70, ...)
	/home/mariell/work/oss/grafana/pkg/login/social/socialimpl/service.go:57 +0x1dd
github.com/grafana/grafana/pkg/server.InitializeForTest({0xa9e3920, 0xc00c48ea80}, 0xc0282be008, {{0xc0043f9570, 0x67}, {0x0, 0x0}, {0x0, 0x0}, {0x0, ...}, ...}, ...)
	/home/mariell/work/oss/grafana/pkg/server/wire_gen.go:1030 +0x4cac
github.com/grafana/grafana/pkg/tests/testinfra.StartGrafanaEnv(0xc00c48ea80, {0xc0043f9570, 0x67}, {0xc01071cf00, 0x75})
	/home/mariell/work/oss/grafana/pkg/tests/testinfra/testinfra.go:83 +0x565
github.com/grafana/grafana/pkg/tests/api/alerting.TestIntegrationTestReceivers.func7(0xc00c48ea80)
	/home/mariell/work/oss/grafana/pkg/tests/api/alerting/api_notification_channel_test.go:524 +0x7e
testing.tRunner(0xc00c48ea80, 0x9e55dc8)
	/usr/lib/go/src/testing/testing.go:1792 +0xf4
created by testing.(*T).Run in goroutine 13126
	/usr/lib/go/src/testing/testing.go:1851 +0x413

goroutine 31661 [select]:
github.com/patrickmn/go-cache.(*janitor).Run(0xc006b83c10, 0xc00fd97340)
	/home/mariell/go/pkg/mod/github.com/patrickmn/go-cache@v2.1.0+incompatible/cache.go:1079 +0x7b
created by github.com/patrickmn/go-cache.runJanitor in goroutine 30466
	/home/mariell/go/pkg/mod/github.com/patrickmn/go-cache@v2.1.0+incompatible/cache.go:1099 +0xdb

goroutine 31667 [select]:
github.com/patrickmn/go-cache.(*janitor).Run(0xc011088f90, 0xc00f20a2c0)
	/home/mariell/go/pkg/mod/github.com/patrickmn/go-cache@v2.1.0+incompatible/cache.go:1079 +0x7b
created by github.com/patrickmn/go-cache.runJanitor in goroutine 30466
	/home/mariell/go/pkg/mod/github.com/patrickmn/go-cache@v2.1.0+incompatible/cache.go:1099 +0xdb

goroutine 31668 [select]:
github.com/patrickmn/go-cache.(*janitor).Run(0xc0110890b0, 0xc00f20a380)
	/home/mariell/go/pkg/mod/github.com/patrickmn/go-cache@v2.1.0+incompatible/cache.go:1079 +0x7b
created by github.com/patrickmn/go-cache.runJanitor in goroutine 30466
	/home/mariell/go/pkg/mod/github.com/patrickmn/go-cache@v2.1.0+incompatible/cache.go:1099 +0xdb

goroutine 31669 [select]:
github.com/patrickmn/go-cache.(*janitor).Run(0xc0110890c0, 0xc00f20a3c0)
	/home/mariell/go/pkg/mod/github.com/patrickmn/go-cache@v2.1.0+incompatible/cache.go:1079 +0x7b
created by github.com/patrickmn/go-cache.runJanitor in goroutine 30466
	/home/mariell/go/pkg/mod/github.com/patrickmn/go-cache@v2.1.0+incompatible/cache.go:1099 +0xdb

goroutine 31747 [select]:
github.com/patrickmn/go-cache.(*janitor).Run(0xc010c8d430, 0xc00a5d4000)
	/home/mariell/go/pkg/mod/github.com/patrickmn/go-cache@v2.1.0+incompatible/cache.go:1079 +0x7b
created by github.com/patrickmn/go-cache.runJanitor in goroutine 30466
	/home/mariell/go/pkg/mod/github.com/patrickmn/go-cache@v2.1.0+incompatible/cache.go:1099 +0xdb

goroutine 31749 [select]:
github.com/patrickmn/go-cache.(*janitor).Run(0xc010ccc510, 0xc00a5d4800)
	/home/mariell/go/pkg/mod/github.com/patrickmn/go-cache@v2.1.0+incompatible/cache.go:1079 +0x7b
created by github.com/patrickmn/go-cache.runJanitor in goroutine 30466
	/home/mariell/go/pkg/mod/github.com/patrickmn/go-cache@v2.1.0+incompatible/cache.go:1099 +0xdb

goroutine 33548 [select]:
k8s.io/apimachinery/pkg/util/wait.BackoffUntil(0xc012bcd300, {0xa95ac00, 0xc00eb67770}, 0x1, 0xc00d9a5f80)
	/home/mariell/go/pkg/mod/k8s.io/apimachinery@v0.32.1/pkg/util/wait/backoff.go:238 +0x12c
k8s.io/apimachinery/pkg/util/wait.JitterUntil(0xc012bcd300, 0x3b9aca00, 0x3ff3333333333333, 0x1, 0xc00d9a5f80)
	/home/mariell/go/pkg/mod/k8s.io/apimachinery@v0.32.1/pkg/util/wait/backoff.go:204 +0x7f
created by k8s.io/apiserver/pkg/registry/generic/registry.(*Store).startObservingCount in goroutine 31757
	/home/mariell/go/pkg/mod/k8s.io/apiserver@v0.32.1/pkg/registry/generic/registry/store.go:1666 +0x2f9

goroutine 40566 [sync.Cond.Wait]:
sync.runtime_notifyListWait(0xc0228a0b10, 0x20)
	/usr/lib/go/src/runtime/sema.go:597 +0x159
sync.(*Cond).Wait(0xc00c1defc0?)
	/usr/lib/go/src/sync/cond.go:71 +0x85
github.com/centrifugal/centrifuge/internal/dissolve.(*queueImpl).Wait(0xc0228cc690)
	/home/mariell/go/pkg/mod/github.com/centrifugal/centrifuge@v0.33.3/internal/dissolve/queue.go:139 +0x4a
github.com/centrifugal/centrifuge/internal/dissolve.(*Dissolver).runWorker(0xc015fedd58)
	/home/mariell/go/pkg/mod/github.com/centrifugal/centrifuge@v0.33.3/internal/dissolve/dissolve.go:52 +0x27
created by github.com/centrifugal/centrifuge/internal/dissolve.(*Dissolver).Run in goroutine 36287
	/home/mariell/go/pkg/mod/github.com/centrifugal/centrifuge@v0.33.3/internal/dissolve/dissolve.go:31 +0x25

goroutine 31807 [select]:
github.com/patrickmn/go-cache.(*janitor).Run(0xc014902e50, 0xc00842f480)
	/home/mariell/go/pkg/mod/github.com/patrickmn/go-cache@v2.1.0+incompatible/cache.go:1079 +0x7b
created by github.com/patrickmn/go-cache.runJanitor in goroutine 31996
	/home/mariell/go/pkg/mod/github.com/patrickmn/go-cache@v2.1.0+incompatible/cache.go:1099 +0xdb

goroutine 45157 [sync.Cond.Wait]:
sync.runtime_notifyListWait(0xc026bf9c10, 0x12)
	/usr/lib/go/src/runtime/sema.go:597 +0x159
sync.(*Cond).Wait(0x0?)
	/usr/lib/go/src/sync/cond.go:71 +0x85
github.com/centrifugal/centrifuge/internal/dissolve.(*queueImpl).Wait(0xc026c14c40)
	/home/mariell/go/pkg/mod/github.com/centrifugal/centrifuge@v0.33.3/internal/dissolve/queue.go:139 +0x4a
github.com/centrifugal/centrifuge/internal/dissolve.(*Dissolver).runWorker(0xc026b0b128)
	/home/mariell/go/pkg/mod/github.com/centrifugal/centrifuge@v0.33.3/internal/dissolve/dissolve.go:52 +0x27
created by github.com/centrifugal/centrifuge/internal/dissolve.(*Dissolver).Run in goroutine 44067
	/home/mariell/go/pkg/mod/github.com/centrifugal/centrifuge@v0.33.3/internal/dissolve/dissolve.go:31 +0x25

goroutine 31962 [select]:
net/http.(*persistConn).writeLoop(0xc008e0ea20)
	/usr/lib/go/src/net/http/transport.go:2590 +0xe7
created by net/http.(*Transport).dialConn in goroutine 31755
	/usr/lib/go/src/net/http/transport.go:1945 +0x17a5

goroutine 32958 [select]:
k8s.io/apimachinery/pkg/util/wait.BackoffUntil(0xc01cb45180, {0xa95ac00, 0xc01c302840}, 0x1, 0xc01ca992d0)
	/home/mariell/go/pkg/mod/k8s.io/apimachinery@v0.32.1/pkg/util/wait/backoff.go:238 +0x12c
k8s.io/apimachinery/pkg/util/wait.JitterUntil(0xc01cb45180, 0x3b9aca00, 0x3ff3333333333333, 0x1, 0xc01ca992d0)
	/home/mariell/go/pkg/mod/k8s.io/apimachinery@v0.32.1/pkg/util/wait/backoff.go:204 +0x7f
created by k8s.io/apiserver/pkg/registry/generic/registry.(*Store).startObservingCount in goroutine 32950
	/home/mariell/go/pkg/mod/k8s.io/apiserver@v0.32.1/pkg/registry/generic/registry/store.go:1666 +0x2f9

goroutine 31863 [select]:
github.com/centrifugal/centrifuge.(*Node).sendNodePing(0xc01af5b8c8)
	/home/mariell/go/pkg/mod/github.com/centrifugal/centrifuge@v0.33.3/node.go:380 +0x85
created by github.com/centrifugal/centrifuge.(*Node).Run in goroutine 31996
	/home/mariell/go/pkg/mod/github.com/centrifugal/centrifuge@v0.33.3/node.go:260 +0x225

goroutine 78029 [runnable]:
github.com/centrifugal/centrifuge/internal/dissolve.(*Dissolver).Run.gowrap1()
	/home/mariell/go/pkg/mod/github.com/centrifugal/centrifuge@v0.33.3/internal/dissolve/dissolve.go:31
runtime.goexit({})
	/usr/lib/go/src/runtime/asm_amd64.s:1700 +0x1
created by github.com/centrifugal/centrifuge/internal/dissolve.(*Dissolver).Run in goroutine 3350
	/home/mariell/go/pkg/mod/github.com/centrifugal/centrifuge@v0.33.3/internal/dissolve/dissolve.go:31 +0x25

goroutine 48205 [chan receive]:
github.com/grafana/grafana/pkg/storage/unified/resource.(*server).initWatcher.func1.1()
	/home/mariell/work/oss/grafana/pkg/storage/unified/resource/server.go:922 +0x58
created by github.com/grafana/grafana/pkg/storage/unified/resource.(*server).initWatcher.func1 in goroutine 48200
	/home/mariell/work/oss/grafana/pkg/storage/unified/resource/server.go:921 +0xaa

goroutine 31995 [select]:
net/http.(*persistConn).writeLoop(0xc006407560)
	/usr/lib/go/src/net/http/transport.go:2590 +0xe7
created by net/http.(*Transport).dialConn in goroutine 31989
	/usr/lib/go/src/net/http/transport.go:1945 +0x17a5

goroutine 31801 [select]:
github.com/patrickmn/go-cache.(*janitor).Run(0xc0149024e0, 0xc00842eec0)
	/home/mariell/go/pkg/mod/github.com/patrickmn/go-cache@v2.1.0+incompatible/cache.go:1079 +0x7b
created by github.com/patrickmn/go-cache.runJanitor in goroutine 31996
	/home/mariell/go/pkg/mod/github.com/patrickmn/go-cache@v2.1.0+incompatible/cache.go:1099 +0xdb

goroutine 76394 [sync.Cond.Wait]:
sync.runtime_notifyListWait(0xc045376a50, 0x2a)
	/usr/lib/go/src/runtime/sema.go:597 +0x159
sync.(*Cond).Wait(0x0?)
	/usr/lib/go/src/sync/cond.go:71 +0x85
github.com/centrifugal/centrifuge/internal/dissolve.(*queueImpl).Wait(0xc0425a5ce0)
	/home/mariell/go/pkg/mod/github.com/centrifugal/centrifuge@v0.33.3/internal/dissolve/queue.go:139 +0x4a
github.com/centrifugal/centrifuge/internal/dissolve.(*Dissolver).runWorker(0xc0272822a0)
	/home/mariell/go/pkg/mod/github.com/centrifugal/centrifuge@v0.33.3/internal/dissolve/dissolve.go:52 +0x27
created by github.com/centrifugal/centrifuge/internal/dissolve.(*Dissolver).Run in goroutine 3349
	/home/mariell/go/pkg/mod/github.com/centrifugal/centrifuge@v0.33.3/internal/dissolve/dissolve.go:31 +0x25

goroutine 33107 [sync.Cond.Wait]:
sync.runtime_notifyListWait(0xc019c7fcd0, 0x4)
	/usr/lib/go/src/runtime/sema.go:597 +0x159
sync.(*Cond).Wait(0xc01404a7d0?)
	/usr/lib/go/src/sync/cond.go:71 +0x85
github.com/centrifugal/centrifuge/internal/dissolve.(*queueImpl).Wait(0xc012092e00)
	/home/mariell/go/pkg/mod/github.com/centrifugal/centrifuge@v0.33.3/internal/dissolve/queue.go:139 +0x4a
github.com/centrifugal/centrifuge/internal/dissolve.(*Dissolver).runWorker(0xc01ba3c438)
	/home/mariell/go/pkg/mod/github.com/centrifugal/centrifuge@v0.33.3/internal/dissolve/dissolve.go:52 +0x27
created by github.com/centrifugal/centrifuge/internal/dissolve.(*Dissolver).Run in goroutine 31996
	/home/mariell/go/pkg/mod/github.com/centrifugal/centrifuge@v0.33.3/internal/dissolve/dissolve.go:31 +0x25

goroutine 33568 [select]:
database/sql.(*DB).connectionCleaner(0xc0053cb860, 0xc00d096a10?)
	/usr/lib/go/src/database/sql/sql.go:1104 +0x9c
created by database/sql.(*DB).startCleanerLocked in goroutine 33562
	/usr/lib/go/src/database/sql/sql.go:1091 +0x105

goroutine 40553 [sync.Cond.Wait]:
sync.runtime_notifyListWait(0xc0228a0b10, 0x13)
	/usr/lib/go/src/runtime/sema.go:597 +0x159
sync.(*Cond).Wait(0x0?)
	/usr/lib/go/src/sync/cond.go:71 +0x85
github.com/centrifugal/centrifuge/internal/dissolve.(*queueImpl).Wait(0xc0228cc690)
	/home/mariell/go/pkg/mod/github.com/centrifugal/centrifuge@v0.33.3/internal/dissolve/queue.go:139 +0x4a
github.com/centrifugal/centrifuge/internal/dissolve.(*Dissolver).runWorker(0xc015fedd58)
	/home/mariell/go/pkg/mod/github.com/centrifugal/centrifuge@v0.33.3/internal/dissolve/dissolve.go:52 +0x27
created by github.com/centrifugal/centrifuge/internal/dissolve.(*Dissolver).Run in goroutine 36287
	/home/mariell/go/pkg/mod/github.com/centrifugal/centrifuge@v0.33.3/internal/dissolve/dissolve.go:31 +0x25

goroutine 74478 [chan receive]:
github.com/grafana/grafana/pkg/storage/unified/resource.(*server).initWatcher.func1.1()
	/home/mariell/work/oss/grafana/pkg/storage/unified/resource/server.go:922 +0x58
created by github.com/grafana/grafana/pkg/storage/unified/resource.(*server).initWatcher.func1 in goroutine 22317
	/home/mariell/work/oss/grafana/pkg/storage/unified/resource/server.go:921 +0xaa

goroutine 73709 [select]:
github.com/patrickmn/go-cache.(*janitor).Run(0xc03425d1f0, 0xc00ed054c0)
	/home/mariell/go/pkg/mod/github.com/patrickmn/go-cache@v2.1.0+incompatible/cache.go:1079 +0x7b
created by github.com/patrickmn/go-cache.runJanitor in goroutine 3351
	/home/mariell/go/pkg/mod/github.com/patrickmn/go-cache@v2.1.0+incompatible/cache.go:1099 +0xdb

goroutine 40654 [select]:
github.com/patrickmn/go-cache.(*janitor).Run(0xc022c95520, 0xc022c65180)
	/home/mariell/go/pkg/mod/github.com/patrickmn/go-cache@v2.1.0+incompatible/cache.go:1079 +0x7b
created by github.com/patrickmn/go-cache.runJanitor in goroutine 36287
	/home/mariell/go/pkg/mod/github.com/patrickmn/go-cache@v2.1.0+incompatible/cache.go:1099 +0xdb

goroutine 45554 [select]:
net/http.(*persistConn).writeLoop(0xc0169c0000)
	/usr/lib/go/src/net/http/transport.go:2590 +0xe7
created by net/http.(*Transport).dialConn in goroutine 45426
	/usr/lib/go/src/net/http/transport.go:1945 +0x17a5

goroutine 34658 [sync.Cond.Wait]:
sync.runtime_notifyListWait(0xc00dfe4bd0, 0x17)
	/usr/lib/go/src/runtime/sema.go:597 +0x159
sync.(*Cond).Wait(0x0?)
	/usr/lib/go/src/sync/cond.go:71 +0x85
github.com/centrifugal/centrifuge/internal/dissolve.(*queueImpl).Wait(0xc01277aee0)
	/home/mariell/go/pkg/mod/github.com/centrifugal/centrifuge@v0.33.3/internal/dissolve/queue.go:139 +0x4a
github.com/centrifugal/centrifuge/internal/dissolve.(*Dissolver).runWorker(0xc015fec510)
	/home/mariell/go/pkg/mod/github.com/centrifugal/centrifuge@v0.33.3/internal/dissolve/dissolve.go:52 +0x27
created by github.com/centrifugal/centrifuge/internal/dissolve.(*Dissolver).Run in goroutine 33524
	/home/mariell/go/pkg/mod/github.com/centrifugal/centrifuge@v0.33.3/internal/dissolve/dissolve.go:31 +0x25

goroutine 51286 [select]:
github.com/centrifugal/centrifuge.(*Node).updateMetrics(0xc02799cb48)
	/home/mariell/go/pkg/mod/github.com/centrifugal/centrifuge@v0.33.3/node.go:335 +0x85
created by github.com/centrifugal/centrifuge.(*Node).Run in goroutine 50170
	/home/mariell/go/pkg/mod/github.com/centrifugal/centrifuge@v0.33.3/node.go:262 +0x2a5

goroutine 36345 [select]:
net/http.(*persistConn).writeLoop(0xc00abdfb00)
	/usr/lib/go/src/net/http/transport.go:2590 +0xe7
created by net/http.(*Transport).dialConn in goroutine 34923
	/usr/lib/go/src/net/http/transport.go:1945 +0x17a5

goroutine 45145 [sync.Cond.Wait]:
sync.runtime_notifyListWait(0xc026bf9c10, 0x6)
	/usr/lib/go/src/runtime/sema.go:597 +0x159
sync.(*Cond).Wait(0x0?)
	/usr/lib/go/src/sync/cond.go:71 +0x85
github.com/centrifugal/centrifuge/internal/dissolve.(*queueImpl).Wait(0xc026c14c40)
	/home/mariell/go/pkg/mod/github.com/centrifugal/centrifuge@v0.33.3/internal/dissolve/queue.go:139 +0x4a
github.com/centrifugal/centrifuge/internal/dissolve.(*Dissolver).runWorker(0xc026b0b128)
	/home/mariell/go/pkg/mod/github.com/centrifugal/centrifuge@v0.33.3/internal/dissolve/dissolve.go:52 +0x27
created by github.com/centrifugal/centrifuge/internal/dissolve.(*Dissolver).Run in goroutine 44067
	/home/mariell/go/pkg/mod/github.com/centrifugal/centrifuge@v0.33.3/internal/dissolve/dissolve.go:31 +0x25

goroutine 45143 [sync.Cond.Wait]:
sync.runtime_notifyListWait(0xc026bf9c10, 0x4)
	/usr/lib/go/src/runtime/sema.go:597 +0x159
sync.(*Cond).Wait(0x0?)
	/usr/lib/go/src/sync/cond.go:71 +0x85
github.com/centrifugal/centrifuge/internal/dissolve.(*queueImpl).Wait(0xc026c14c40)
	/home/mariell/go/pkg/mod/github.com/centrifugal/centrifuge@v0.33.3/internal/dissolve/queue.go:139 +0x4a
github.com/centrifugal/centrifuge/internal/dissolve.(*Dissolver).runWorker(0xc026b0b128)
	/home/mariell/go/pkg/mod/github.com/centrifugal/centrifuge@v0.33.3/internal/dissolve/dissolve.go:52 +0x27
created by github.com/centrifugal/centrifuge/internal/dissolve.(*Dissolver).Run in goroutine 44067
	/home/mariell/go/pkg/mod/github.com/centrifugal/centrifuge@v0.33.3/internal/dissolve/dissolve.go:31 +0x25

goroutine 31865 [select]:
github.com/centrifugal/centrifuge.(*Node).updateMetrics(0xc01af5b8c8)
	/home/mariell/go/pkg/mod/github.com/centrifugal/centrifuge@v0.33.3/node.go:335 +0x85
created by github.com/centrifugal/centrifuge.(*Node).Run in goroutine 31996
	/home/mariell/go/pkg/mod/github.com/centrifugal/centrifuge@v0.33.3/node.go:262 +0x2a5

goroutine 40592 [sync.Cond.Wait]:
sync.runtime_notifyListWait(0xc0228a0b10, 0x3b)
	/usr/lib/go/src/runtime/sema.go:597 +0x159
sync.(*Cond).Wait(0x0?)
	/usr/lib/go/src/sync/cond.go:71 +0x85
github.com/centrifugal/centrifuge/internal/dissolve.(*queueImpl).Wait(0xc0228cc690)
	/home/mariell/go/pkg/mod/github.com/centrifugal/centrifuge@v0.33.3/internal/dissolve/queue.go:139 +0x4a
github.com/centrifugal/centrifuge/internal/dissolve.(*Dissolver).runWorker(0xc015fedd58)
	/home/mariell/go/pkg/mod/github.com/centrifugal/centrifuge@v0.33.3/internal/dissolve/dissolve.go:52 +0x27
created by github.com/centrifugal/centrifuge/internal/dissolve.(*Dissolver).Run in goroutine 36287
	/home/mariell/go/pkg/mod/github.com/centrifugal/centrifuge@v0.33.3/internal/dissolve/dissolve.go:31 +0x25

goroutine 34635 [select]:
github.com/centrifugal/centrifuge.(*Node).updateMetrics(0xc00a630d88)
	/home/mariell/go/pkg/mod/github.com/centrifugal/centrifuge@v0.33.3/node.go:335 +0x85
created by github.com/centrifugal/centrifuge.(*Node).Run in goroutine 33524
	/home/mariell/go/pkg/mod/github.com/centrifugal/centrifuge@v0.33.3/node.go:262 +0x2a5

goroutine 40582 [sync.Cond.Wait]:
sync.runtime_notifyListWait(0xc0228a0b10, 0x31)
	/usr/lib/go/src/runtime/sema.go:597 +0x159
sync.(*Cond).Wait(0x0?)
	/usr/lib/go/src/sync/cond.go:71 +0x85
github.com/centrifugal/centrifuge/internal/dissolve.(*queueImpl).Wait(0xc0228cc690)
	/home/mariell/go/pkg/mod/github.com/centrifugal/centrifuge@v0.33.3/internal/dissolve/queue.go:139 +0x4a
github.com/centrifugal/centrifuge/internal/dissolve.(*Dissolver).runWorker(0xc015fedd58)
	/home/mariell/go/pkg/mod/github.com/centrifugal/centrifuge@v0.33.3/internal/dissolve/dissolve.go:52 +0x27
created by github.com/centrifugal/centrifuge/internal/dissolve.(*Dissolver).Run in goroutine 36287
	/home/mariell/go/pkg/mod/github.com/centrifugal/centrifuge@v0.33.3/internal/dissolve/dissolve.go:31 +0x25

goroutine 47099 [select]:
net/http.(*persistConn).writeLoop(0xc01a210000)
	/usr/lib/go/src/net/http/transport.go:2590 +0xe7
created by net/http.(*Transport).dialConn in goroutine 47063
	/usr/lib/go/src/net/http/transport.go:1945 +0x17a5

goroutine 54672 [select]:
k8s.io/apimachinery/pkg/util/wait.BackoffUntil(0xc02a4903c0, {0xa95ac00, 0xc00a4f2d50}, 0x1, 0xc029a89d50)
	/home/mariell/go/pkg/mod/k8s.io/apimachinery@v0.32.1/pkg/util/wait/backoff.go:238 +0x12c
k8s.io/apimachinery/pkg/util/wait.JitterUntil(0xc02a4903c0, 0x3b9aca00, 0x3ff3333333333333, 0x1, 0xc029a89d50)
	/home/mariell/go/pkg/mod/k8s.io/apimachinery@v0.32.1/pkg/util/wait/backoff.go:204 +0x7f
created by k8s.io/apiserver/pkg/registry/generic/registry.(*Store).startObservingCount in goroutine 56256
	/home/mariell/go/pkg/mod/k8s.io/apiserver@v0.32.1/pkg/registry/generic/registry/store.go:1666 +0x2f9

goroutine 34647 [sync.Cond.Wait]:
sync.runtime_notifyListWait(0xc00dfe4bd0, 0xc)
	/usr/lib/go/src/runtime/sema.go:597 +0x159
sync.(*Cond).Wait(0x0?)
	/usr/lib/go/src/sync/cond.go:71 +0x85
github.com/centrifugal/centrifuge/internal/dissolve.(*queueImpl).Wait(0xc01277aee0)
	/home/mariell/go/pkg/mod/github.com/centrifugal/centrifuge@v0.33.3/internal/dissolve/queue.go:139 +0x4a
github.com/centrifugal/centrifuge/internal/dissolve.(*Dissolver).runWorker(0xc015fec510)
	/home/mariell/go/pkg/mod/github.com/centrifugal/centrifuge@v0.33.3/internal/dissolve/dissolve.go:52 +0x27
created by github.com/centrifugal/centrifuge/internal/dissolve.(*Dissolver).Run in goroutine 33524
	/home/mariell/go/pkg/mod/github.com/centrifugal/centrifuge@v0.33.3/internal/dissolve/dissolve.go:31 +0x25

goroutine 34363 [IO wait]:
internal/poll.runtime_pollWait(0x7775593744e8, 0x72)
	/usr/lib/go/src/runtime/netpoll.go:351 +0x85
internal/poll.(*pollDesc).wait(0xc01bd9a600?, 0xc0125bd900?, 0x0)
	/usr/lib/go/src/internal/poll/fd_poll_runtime.go:84 +0x27
internal/poll.(*pollDesc).waitRead(...)
	/usr/lib/go/src/internal/poll/fd_poll_runtime.go:89
internal/poll.(*FD).Read(0xc01bd9a600, {0xc0125bd900, 0x1300, 0x1300})
	/usr/lib/go/src/internal/poll/fd_unix.go:165 +0x27a
net.(*netFD).Read(0xc01bd9a600, {0xc0125bd900?, 0xc006d98008?, 0xc01bfb2030?})
	/usr/lib/go/src/net/fd_posix.go:55 +0x25
net.(*conn).Read(0xc01b33a008, {0xc0125bd900?, 0x7775584e5068?, 0x7775a8b2b038?})
	/usr/lib/go/src/net/net.go:194 +0x45
crypto/tls.(*atLeastReader).Read(0xc0100cde78, {0xc0125bd900?, 0x2a?, 0x5?})
	/usr/lib/go/src/crypto/tls/conn.go:809 +0x3b
bytes.(*Buffer).ReadFrom(0xc01bda22b8, {0xa94e300, 0xc0100cde78})
	/usr/lib/go/src/bytes/buffer.go:211 +0x98
crypto/tls.(*Conn).readFromUntil(0xc01bda2008, {0xa94dc00, 0xc01b33a008}, 0x444af4?)
	/usr/lib/go/src/crypto/tls/conn.go:831 +0xde
crypto/tls.(*Conn).readRecordOrCCS(0xc01bda2008, 0x0)
	/usr/lib/go/src/crypto/tls/conn.go:629 +0x3cf
crypto/tls.(*Conn).readRecord(...)
	/usr/lib/go/src/crypto/tls/conn.go:591
crypto/tls.(*Conn).Read(0xc01bda2008, {0xc01bfbf000, 0x1000, 0x7775a8b2b038?})
	/usr/lib/go/src/crypto/tls/conn.go:1385 +0x145
net/http.(*persistConn).Read(0xc00d5b18c0, {0xc01bfbf000?, 0x4141c5?, 0x68?})
	/usr/lib/go/src/net/http/transport.go:2122 +0x47
bufio.(*Reader).fill(0xc01bf8dec0)
	/usr/lib/go/src/bufio/bufio.go:113 +0x103
bufio.(*Reader).Peek(0xc01bf8dec0, 0x1)
	/usr/lib/go/src/bufio/bufio.go:152 +0x53
net/http.(*persistConn).readLoop(0xc00d5b18c0)
	/usr/lib/go/src/net/http/transport.go:2275 +0x172
created by net/http.(*Transport).dialConn in goroutine 31927
	/usr/lib/go/src/net/http/transport.go:1944 +0x174f

goroutine 43870 [select]:
net/http.(*persistConn).writeLoop(0xc0254b0480)
	/usr/lib/go/src/net/http/transport.go:2590 +0xe7
created by net/http.(*Transport).dialConn in goroutine 43895
	/usr/lib/go/src/net/http/transport.go:1945 +0x17a5

goroutine 33504 [select]:
go.opentelemetry.io/otel/sdk/trace.(*batchSpanProcessor).processQueue(0xc00b795540)
	/home/mariell/go/pkg/mod/go.opentelemetry.io/otel/sdk@v1.34.0/trace/batch_span_processor.go:302 +0x114
go.opentelemetry.io/otel/sdk/trace.NewBatchSpanProcessor.func1()
	/home/mariell/go/pkg/mod/go.opentelemetry.io/otel/sdk@v1.34.0/trace/batch_span_processor.go:117 +0x4e
created by go.opentelemetry.io/otel/sdk/trace.NewBatchSpanProcessor in goroutine 33524
	/home/mariell/go/pkg/mod/go.opentelemetry.io/otel/sdk@v1.34.0/trace/batch_span_processor.go:115 +0x2d9

goroutine 32959 [chan receive]:
github.com/grafana/grafana/pkg/registry/apis/dashboard/legacy.(*dashboardSqlAccess).WatchWriteEvents.func1()
	/home/mariell/work/oss/grafana/pkg/registry/apis/dashboard/legacy/storage.go:238 +0x50
created by github.com/grafana/grafana/pkg/registry/apis/dashboard/legacy.(*dashboardSqlAccess).WatchWriteEvents in goroutine 32950
	/home/mariell/work/oss/grafana/pkg/registry/apis/dashboard/legacy/storage.go:236 +0x1b6

goroutine 37530 [sync.Cond.Wait]:
sync.runtime_notifyListWait(0xc01affc250, 0x7)
	/usr/lib/go/src/runtime/sema.go:597 +0x159
sync.(*Cond).Wait(0x0?)
	/usr/lib/go/src/sync/cond.go:71 +0x85
github.com/centrifugal/centrifuge/internal/dissolve.(*queueImpl).Wait(0xc01821cd90)
	/home/mariell/go/pkg/mod/github.com/centrifugal/centrifuge@v0.33.3/internal/dissolve/queue.go:139 +0x4a
github.com/centrifugal/centrifuge/internal/dissolve.(*Dissolver).runWorker(0xc0024fff08)
	/home/mariell/go/pkg/mod/github.com/centrifugal/centrifuge@v0.33.3/internal/dissolve/dissolve.go:52 +0x27
created by github.com/centrifugal/centrifuge/internal/dissolve.(*Dissolver).Run in goroutine 36374
	/home/mariell/go/pkg/mod/github.com/centrifugal/centrifuge@v0.33.3/internal/dissolve/dissolve.go:31 +0x25

goroutine 59402 [select]:
go.opentelemetry.io/otel/sdk/trace.(*batchSpanProcessor).processQueue(0xc02420be00)
	/home/mariell/go/pkg/mod/go.opentelemetry.io/otel/sdk@v1.34.0/trace/batch_span_processor.go:302 +0x114
go.opentelemetry.io/otel/sdk/trace.NewBatchSpanProcessor.func1()
	/home/mariell/go/pkg/mod/go.opentelemetry.io/otel/sdk@v1.34.0/trace/batch_span_processor.go:117 +0x4e
created by go.opentelemetry.io/otel/sdk/trace.NewBatchSpanProcessor in goroutine 22317
	/home/mariell/go/pkg/mod/go.opentelemetry.io/otel/sdk@v1.34.0/trace/batch_span_processor.go:115 +0x2d9

goroutine 37365 [select]:
github.com/patrickmn/go-cache.(*janitor).Run(0xc0143990f0, 0xc00d530240)
	/home/mariell/go/pkg/mod/github.com/patrickmn/go-cache@v2.1.0+incompatible/cache.go:1079 +0x7b
created by github.com/patrickmn/go-cache.runJanitor in goroutine 36374
	/home/mariell/go/pkg/mod/github.com/patrickmn/go-cache@v2.1.0+incompatible/cache.go:1099 +0xdb

goroutine 34652 [sync.Cond.Wait]:
sync.runtime_notifyListWait(0xc00dfe4bd0, 0x11)
	/usr/lib/go/src/runtime/sema.go:597 +0x159
sync.(*Cond).Wait(0xc01b4217d0?)
	/usr/lib/go/src/sync/cond.go:71 +0x85
github.com/centrifugal/centrifuge/internal/dissolve.(*queueImpl).Wait(0xc01277aee0)
	/home/mariell/go/pkg/mod/github.com/centrifugal/centrifuge@v0.33.3/internal/dissolve/queue.go:139 +0x4a
github.com/centrifugal/centrifuge/internal/dissolve.(*Dissolver).runWorker(0xc015fec510)
	/home/mariell/go/pkg/mod/github.com/centrifugal/centrifuge@v0.33.3/internal/dissolve/dissolve.go:52 +0x27
created by github.com/centrifugal/centrifuge/internal/dissolve.(*Dissolver).Run in goroutine 33524
	/home/mariell/go/pkg/mod/github.com/centrifugal/centrifuge@v0.33.3/internal/dissolve/dissolve.go:31 +0x25

goroutine 34586 [select]:
github.com/patrickmn/go-cache.(*janitor).Run(0xc01f681cb0, 0xc01f6dfd00)
	/home/mariell/go/pkg/mod/github.com/patrickmn/go-cache@v2.1.0+incompatible/cache.go:1079 +0x7b
created by github.com/patrickmn/go-cache.runJanitor in goroutine 33524
	/home/mariell/go/pkg/mod/github.com/patrickmn/go-cache@v2.1.0+incompatible/cache.go:1099 +0xdb

goroutine 42491 [IO wait]:
internal/poll.runtime_pollWait(0x7775504ff3b0, 0x72)
	/usr/lib/go/src/runtime/netpoll.go:351 +0x85
internal/poll.(*pollDesc).wait(0xc01e680d80?, 0xc01eb74000?, 0x0)
	/usr/lib/go/src/internal/poll/fd_poll_runtime.go:84 +0x27
internal/poll.(*pollDesc).waitRead(...)
	/usr/lib/go/src/internal/poll/fd_poll_runtime.go:89
internal/poll.(*FD).Read(0xc01e680d80, {0xc01eb74000, 0xa000, 0xa000})
	/usr/lib/go/src/internal/poll/fd_unix.go:165 +0x27a
net.(*netFD).Read(0xc01e680d80, {0xc01eb74000?, 0x5?, 0x11ab24c8?})
	/usr/lib/go/src/net/fd_posix.go:55 +0x25
net.(*conn).Read(0xc01c1b2148, {0xc01eb74000?, 0x7775603b51d8?, 0x7775a8b29d58?})
	/usr/lib/go/src/net/net.go:194 +0x45
crypto/tls.(*atLeastReader).Read(0xc017fd5f20, {0xc01eb74000?, 0x11abda20?, 0xc00c39d9c8?})
	/usr/lib/go/src/crypto/tls/conn.go:809 +0x3b
bytes.(*Buffer).ReadFrom(0xc0246c82b8, {0xa94e300, 0xc017fd5f20})
	/usr/lib/go/src/bytes/buffer.go:211 +0x98
crypto/tls.(*Conn).readFromUntil(0xc0246c8008, {0xa94dc00, 0xc01c1b2148}, 0x444af4?)
	/usr/lib/go/src/crypto/tls/conn.go:831 +0xde
crypto/tls.(*Conn).readRecordOrCCS(0xc0246c8008, 0x0)
	/usr/lib/go/src/crypto/tls/conn.go:629 +0x3cf
crypto/tls.(*Conn).readRecord(...)
	/usr/lib/go/src/crypto/tls/conn.go:591
crypto/tls.(*Conn).Read(0xc0246c8008, {0xc01e6ff000, 0x1000, 0xc021c91440?})
	/usr/lib/go/src/crypto/tls/conn.go:1385 +0x145
net/http.(*persistConn).Read(0xc010ab9440, {0xc01e6ff000?, 0x81fe45?, 0xa94be80?})
	/usr/lib/go/src/net/http/transport.go:2122 +0x47
bufio.(*Reader).fill(0xc01e6d1b60)
	/usr/lib/go/src/bufio/bufio.go:113 +0x103
bufio.(*Reader).Peek(0xc01e6d1b60, 0x1)
	/usr/lib/go/src/bufio/bufio.go:152 +0x53
net/http.(*persistConn).readLoop(0xc010ab9440)
	/usr/lib/go/src/net/http/transport.go:2275 +0x172
created by net/http.(*Transport).dialConn in goroutine 42484
	/usr/lib/go/src/net/http/transport.go:1944 +0x174f

goroutine 43620 [sync.Cond.Wait]:
sync.runtime_notifyListWait(0xc00d19c890, 0xb)
	/usr/lib/go/src/runtime/sema.go:597 +0x159
sync.(*Cond).Wait(0x0?)
	/usr/lib/go/src/sync/cond.go:71 +0x85
github.com/centrifugal/centrifuge/internal/dissolve.(*queueImpl).Wait(0xc015e6a930)
	/home/mariell/go/pkg/mod/github.com/centrifugal/centrifuge@v0.33.3/internal/dissolve/queue.go:139 +0x4a
github.com/centrifugal/centrifuge/internal/dissolve.(*Dissolver).runWorker(0xc0132189d8)
	/home/mariell/go/pkg/mod/github.com/centrifugal/centrifuge@v0.33.3/internal/dissolve/dissolve.go:52 +0x27
created by github.com/centrifugal/centrifuge/internal/dissolve.(*Dissolver).Run in goroutine 42495
	/home/mariell/go/pkg/mod/github.com/centrifugal/centrifuge@v0.33.3/internal/dissolve/dissolve.go:31 +0x25

goroutine 34668 [sync.Cond.Wait]:
sync.runtime_notifyListWait(0xc00dfe4bd0, 0x0)
	/usr/lib/go/src/runtime/sema.go:597 +0x159
sync.(*Cond).Wait(0x0?)
	/usr/lib/go/src/sync/cond.go:71 +0x85
github.com/centrifugal/centrifuge/internal/dissolve.(*queueImpl).Wait(0xc01277aee0)
	/home/mariell/go/pkg/mod/github.com/centrifugal/centrifuge@v0.33.3/internal/dissolve/queue.go:139 +0x4a
github.com/centrifugal/centrifuge/internal/dissolve.(*Dissolver).runWorker(0xc015fec510)
	/home/mariell/go/pkg/mod/github.com/centrifugal/centrifuge@v0.33.3/internal/dissolve/dissolve.go:52 +0x27
created by github.com/centrifugal/centrifuge/internal/dissolve.(*Dissolver).Run in goroutine 33524
	/home/mariell/go/pkg/mod/github.com/centrifugal/centrifuge@v0.33.3/internal/dissolve/dissolve.go:31 +0x25

goroutine 48213 [sync.Cond.Wait]:
sync.runtime_notifyListWait(0xc01fca58d0, 0x6)
	/usr/lib/go/src/runtime/sema.go:597 +0x159
sync.(*Cond).Wait(0xc01c011fd0?)
	/usr/lib/go/src/sync/cond.go:71 +0x85
github.com/centrifugal/centrifuge/internal/dissolve.(*queueImpl).Wait(0xc020dbf5e0)
	/home/mariell/go/pkg/mod/github.com/centrifugal/centrifuge@v0.33.3/internal/dissolve/queue.go:139 +0x4a
github.com/centrifugal/centrifuge/internal/dissolve.(*Dissolver).runWorker(0xc0271f1da0)
	/home/mariell/go/pkg/mod/github.com/centrifugal/centrifuge@v0.33.3/internal/dissolve/dissolve.go:52 +0x27
created by github.com/centrifugal/centrifuge/internal/dissolve.(*Dissolver).Run in goroutine 47137
	/home/mariell/go/pkg/mod/github.com/centrifugal/centrifuge@v0.33.3/internal/dissolve/dissolve.go:31 +0x25

goroutine 43977 [select]:
net/http.(*persistConn).writeLoop(0xc02559c240)
	/usr/lib/go/src/net/http/transport.go:2590 +0xe7
created by net/http.(*Transport).dialConn in goroutine 43852
	/usr/lib/go/src/net/http/transport.go:1945 +0x17a5

goroutine 40595 [sync.Cond.Wait]:
sync.runtime_notifyListWait(0xc0228a0b10, 0x3d)
	/usr/lib/go/src/runtime/sema.go:597 +0x159
sync.(*Cond).Wait(0x0?)
	/usr/lib/go/src/sync/cond.go:71 +0x85
github.com/centrifugal/centrifuge/internal/dissolve.(*queueImpl).Wait(0xc0228cc690)
	/home/mariell/go/pkg/mod/github.com/centrifugal/centrifuge@v0.33.3/internal/dissolve/queue.go:139 +0x4a
github.com/centrifugal/centrifuge/internal/dissolve.(*Dissolver).runWorker(0xc015fedd58)
	/home/mariell/go/pkg/mod/github.com/centrifugal/centrifuge@v0.33.3/internal/dissolve/dissolve.go:52 +0x27
created by github.com/centrifugal/centrifuge/internal/dissolve.(*Dissolver).Run in goroutine 36287
	/home/mariell/go/pkg/mod/github.com/centrifugal/centrifuge@v0.33.3/internal/dissolve/dissolve.go:31 +0x25

goroutine 38860 [select]:
github.com/patrickmn/go-cache.(*janitor).Run(0xc022d161a0, 0xc022cd5480)
	/home/mariell/go/pkg/mod/github.com/patrickmn/go-cache@v2.1.0+incompatible/cache.go:1079 +0x7b
created by github.com/patrickmn/go-cache.runJanitor in goroutine 37971
	/home/mariell/go/pkg/mod/github.com/patrickmn/go-cache@v2.1.0+incompatible/cache.go:1099 +0xdb

goroutine 39262 [select]:
net/http.(*persistConn).writeLoop(0xc01d84e7e0)
	/usr/lib/go/src/net/http/transport.go:2590 +0xe7
created by net/http.(*Transport).dialConn in goroutine 39269
	/usr/lib/go/src/net/http/transport.go:1945 +0x17a5

goroutine 31869 [sync.Cond.Wait]:
sync.runtime_notifyListWait(0xc019c7fcd0, 0x2c)
	/usr/lib/go/src/runtime/sema.go:597 +0x159
sync.(*Cond).Wait(0x0?)
	/usr/lib/go/src/sync/cond.go:71 +0x85
github.com/centrifugal/centrifuge/internal/dissolve.(*queueImpl).Wait(0xc012092e00)
	/home/mariell/go/pkg/mod/github.com/centrifugal/centrifuge@v0.33.3/internal/dissolve/queue.go:139 +0x4a
github.com/centrifugal/centrifuge/internal/dissolve.(*Dissolver).runWorker(0xc01ba3c438)
	/home/mariell/go/pkg/mod/github.com/centrifugal/centrifuge@v0.33.3/internal/dissolve/dissolve.go:52 +0x27
created by github.com/centrifugal/centrifuge/internal/dissolve.(*Dissolver).Run in goroutine 31996
	/home/mariell/go/pkg/mod/github.com/centrifugal/centrifuge@v0.33.3/internal/dissolve/dissolve.go:31 +0x25

goroutine 39422 [select]:
net/http.(*persistConn).writeLoop(0xc015b9b320)
	/usr/lib/go/src/net/http/transport.go:2590 +0xe7
created by net/http.(*Transport).dialConn in goroutine 39451
	/usr/lib/go/src/net/http/transport.go:1945 +0x17a5

goroutine 36437 [select]:
k8s.io/apimachinery/pkg/util/wait.BackoffUntil(0xc01cba8600, {0xa95ac00, 0xc01c3028a0}, 0x1, 0xc01ca99e30)
	/home/mariell/go/pkg/mod/k8s.io/apimachinery@v0.32.1/pkg/util/wait/backoff.go:238 +0x12c
k8s.io/apimachinery/pkg/util/wait.JitterUntil(0xc01cba8600, 0x3b9aca00, 0x3ff3333333333333, 0x1, 0xc01ca99e30)
	/home/mariell/go/pkg/mod/k8s.io/apimachinery@v0.32.1/pkg/util/wait/backoff.go:204 +0x7f
created by k8s.io/apiserver/pkg/registry/generic/registry.(*Store).startObservingCount in goroutine 32950
	/home/mariell/go/pkg/mod/k8s.io/apiserver@v0.32.1/pkg/registry/generic/registry/store.go:1666 +0x2f9

goroutine 40517 [select]:
github.com/centrifugal/centrifuge.(*historyHub).removeStreams(0xc0228c8b80)
	/home/mariell/go/pkg/mod/github.com/centrifugal/centrifuge@v0.33.3/broker_memory.go:259 +0x6f
created by github.com/centrifugal/centrifuge.(*historyHub).runCleanups in goroutine 36287
	/home/mariell/go/pkg/mod/github.com/centrifugal/centrifuge@v0.33.3/broker_memory.go:253 +0x96

goroutine 37523 [select]:
github.com/centrifugal/centrifuge.(*Node).updateMetrics(0xc00f5638c8)
	/home/mariell/go/pkg/mod/github.com/centrifugal/centrifuge@v0.33.3/node.go:335 +0x85
created by github.com/centrifugal/centrifuge.(*Node).Run in goroutine 36374
	/home/mariell/go/pkg/mod/github.com/centrifugal/centrifuge@v0.33.3/node.go:262 +0x2a5

goroutine 40815 [select]:
net/http.(*persistConn).writeLoop(0xc022d8ed80)
	/usr/lib/go/src/net/http/transport.go:2590 +0xe7
created by net/http.(*Transport).dialConn in goroutine 40803
	/usr/lib/go/src/net/http/transport.go:1945 +0x17a5

goroutine 31871 [sync.Cond.Wait]:
sync.runtime_notifyListWait(0xc019c7fcd0, 0x30)
	/usr/lib/go/src/runtime/sema.go:597 +0x159
sync.(*Cond).Wait(0xc0103347d0?)
	/usr/lib/go/src/sync/cond.go:71 +0x85
github.com/centrifugal/centrifuge/internal/dissolve.(*queueImpl).Wait(0xc012092e00)
	/home/mariell/go/pkg/mod/github.com/centrifugal/centrifuge@v0.33.3/internal/dissolve/queue.go:139 +0x4a
github.com/centrifugal/centrifuge/internal/dissolve.(*Dissolver).runWorker(0xc01ba3c438)
	/home/mariell/go/pkg/mod/github.com/centrifugal/centrifuge@v0.33.3/internal/dissolve/dissolve.go:52 +0x27
created by github.com/centrifugal/centrifuge/internal/dissolve.(*Dissolver).Run in goroutine 31996
	/home/mariell/go/pkg/mod/github.com/centrifugal/centrifuge@v0.33.3/internal/dissolve/dissolve.go:31 +0x25

goroutine 45161 [sync.Cond.Wait]:
sync.runtime_notifyListWait(0xc026bf9c10, 0x2)
	/usr/lib/go/src/runtime/sema.go:597 +0x159
sync.(*Cond).Wait(0xc01646ffd0?)
	/usr/lib/go/src/sync/cond.go:71 +0x85
github.com/centrifugal/centrifuge/internal/dissolve.(*queueImpl).Wait(0xc026c14c40)
	/home/mariell/go/pkg/mod/github.com/centrifugal/centrifuge@v0.33.3/internal/dissolve/queue.go:139 +0x4a
github.com/centrifugal/centrifuge/internal/dissolve.(*Dissolver).runWorker(0xc026b0b128)
	/home/mariell/go/pkg/mod/github.com/centrifugal/centrifuge@v0.33.3/internal/dissolve/dissolve.go:52 +0x27
created by github.com/centrifugal/centrifuge/internal/dissolve.(*Dissolver).Run in goroutine 44067
	/home/mariell/go/pkg/mod/github.com/centrifugal/centrifuge@v0.33.3/internal/dissolve/dissolve.go:31 +0x25

goroutine 39260 [select]:
net/http.(*persistConn).writeLoop(0xc0063eaea0)
	/usr/lib/go/src/net/http/transport.go:2590 +0xe7
created by net/http.(*Transport).dialConn in goroutine 39249
	/usr/lib/go/src/net/http/transport.go:1945 +0x17a5

goroutine 42519 [select]:
github.com/grafana/grafana/pkg/storage/unified/resource.(*cache[...]).run(0x7f66560)
	/home/mariell/work/oss/grafana/pkg/storage/unified/resource/broadcaster.go:291 +0xb0
created by github.com/grafana/grafana/pkg/storage/unified/resource.newChannelCache[...] in goroutine 38865
	/home/mariell/work/oss/grafana/pkg/storage/unified/resource/broadcaster.go:276 +0x189

goroutine 33530 [select]:
database/sql.(*DB).connectionCleaner(0xc01a9e6c30, 0xc01aa01030?)
	/usr/lib/go/src/database/sql/sql.go:1104 +0x9c
created by database/sql.(*DB).startCleanerLocked in goroutine 33524
	/usr/lib/go/src/database/sql/sql.go:1091 +0x105

goroutine 40571 [sync.Cond.Wait]:
sync.runtime_notifyListWait(0xc0228a0b10, 0x25)
	/usr/lib/go/src/runtime/sema.go:597 +0x159
sync.(*Cond).Wait(0xc021b78701?)
	/usr/lib/go/src/sync/cond.go:71 +0x85
github.com/centrifugal/centrifuge/internal/dissolve.(*queueImpl).Wait(0xc0228cc690)
	/home/mariell/go/pkg/mod/github.com/centrifugal/centrifuge@v0.33.3/internal/dissolve/queue.go:139 +0x4a
github.com/centrifugal/centrifuge/internal/dissolve.(*Dissolver).runWorker(0xc015fedd58)
	/home/mariell/go/pkg/mod/github.com/centrifugal/centrifuge@v0.33.3/internal/dissolve/dissolve.go:52 +0x27
created by github.com/centrifugal/centrifuge/internal/dissolve.(*Dissolver).Run in goroutine 36287
	/home/mariell/go/pkg/mod/github.com/centrifugal/centrifuge@v0.33.3/internal/dissolve/dissolve.go:31 +0x25

goroutine 40552 [sync.Cond.Wait]:
sync.runtime_notifyListWait(0xc0228a0b10, 0x12)
	/usr/lib/go/src/runtime/sema.go:597 +0x159
sync.(*Cond).Wait(0x0?)
	/usr/lib/go/src/sync/cond.go:71 +0x85
github.com/centrifugal/centrifuge/internal/dissolve.(*queueImpl).Wait(0xc0228cc690)
	/home/mariell/go/pkg/mod/github.com/centrifugal/centrifuge@v0.33.3/internal/dissolve/queue.go:139 +0x4a
github.com/centrifugal/centrifuge/internal/dissolve.(*Dissolver).runWorker(0xc015fedd58)
	/home/mariell/go/pkg/mod/github.com/centrifugal/centrifuge@v0.33.3/internal/dissolve/dissolve.go:52 +0x27
created by github.com/centrifugal/centrifuge/internal/dissolve.(*Dissolver).Run in goroutine 36287
	/home/mariell/go/pkg/mod/github.com/centrifugal/centrifuge@v0.33.3/internal/dissolve/dissolve.go:31 +0x25

goroutine 42081 [sync.Cond.Wait]:
sync.runtime_notifyListWait(0xc01bc03e10, 0x22)
	/usr/lib/go/src/runtime/sema.go:597 +0x159
sync.(*Cond).Wait(0xc010345fd0?)
	/usr/lib/go/src/sync/cond.go:71 +0x85
github.com/centrifugal/centrifuge/internal/dissolve.(*queueImpl).Wait(0xc01e10aa10)
	/home/mariell/go/pkg/mod/github.com/centrifugal/centrifuge@v0.33.3/internal/dissolve/queue.go:139 +0x4a
github.com/centrifugal/centrifuge/internal/dissolve.(*Dissolver).runWorker(0xc0122187e0)
	/home/mariell/go/pkg/mod/github.com/centrifugal/centrifuge@v0.33.3/internal/dissolve/dissolve.go:52 +0x27
created by github.com/centrifugal/centrifuge/internal/dissolve.(*Dissolver).Run in goroutine 40816
	/home/mariell/go/pkg/mod/github.com/centrifugal/centrifuge@v0.33.3/internal/dissolve/dissolve.go:31 +0x25

goroutine 40785 [select]:
github.com/patrickmn/go-cache.(*janitor).Run(0xc014442a80, 0xc019b76800)
	/home/mariell/go/pkg/mod/github.com/patrickmn/go-cache@v2.1.0+incompatible/cache.go:1079 +0x7b
created by github.com/patrickmn/go-cache.runJanitor in goroutine 44067
	/home/mariell/go/pkg/mod/github.com/patrickmn/go-cache@v2.1.0+incompatible/cache.go:1099 +0xdb

goroutine 42040 [select]:
github.com/centrifugal/centrifuge.(*historyHub).expireStreams(0xc01e0fd600)
	/home/mariell/go/pkg/mod/github.com/centrifugal/centrifuge@v0.33.3/broker_memory.go:298 +0x75
created by github.com/centrifugal/centrifuge.(*historyHub).runCleanups in goroutine 40816
	/home/mariell/go/pkg/mod/github.com/centrifugal/centrifuge@v0.33.3/broker_memory.go:252 +0x56

goroutine 72593 [select]:
github.com/patrickmn/go-cache.(*janitor).Run(0xc0187e37a0, 0xc016967280)
	/home/mariell/go/pkg/mod/github.com/patrickmn/go-cache@v2.1.0+incompatible/cache.go:1079 +0x7b
created by github.com/patrickmn/go-cache.runJanitor in goroutine 56144
	/home/mariell/go/pkg/mod/github.com/patrickmn/go-cache@v2.1.0+incompatible/cache.go:1099 +0xdb

goroutine 42526 [select]:
k8s.io/apimachinery/pkg/util/wait.BackoffUntil(0xc01eac1d40, {0xa95ac00, 0xc019edd1d0}, 0x1, 0xc01ecc8150)
	/home/mariell/go/pkg/mod/k8s.io/apimachinery@v0.32.1/pkg/util/wait/backoff.go:238 +0x12c
k8s.io/apimachinery/pkg/util/wait.JitterUntil(0xc01eac1d40, 0x3b9aca00, 0x3ff3333333333333, 0x1, 0xc01ecc8150)
	/home/mariell/go/pkg/mod/k8s.io/apimachinery@v0.32.1/pkg/util/wait/backoff.go:204 +0x7f
created by k8s.io/apiserver/pkg/registry/generic/registry.(*Store).startObservingCount in goroutine 38865
	/home/mariell/go/pkg/mod/k8s.io/apiserver@v0.32.1/pkg/registry/generic/registry/store.go:1666 +0x2f9

goroutine 33482 [IO wait]:
internal/poll.runtime_pollWait(0x777558599158, 0x72)
	/usr/lib/go/src/runtime/netpoll.go:351 +0x85
internal/poll.(*pollDesc).wait(0xc005399d80?, 0xc00ece5900?, 0x0)
	/usr/lib/go/src/internal/poll/fd_poll_runtime.go:84 +0x27
internal/poll.(*pollDesc).waitRead(...)
	/usr/lib/go/src/internal/poll/fd_poll_runtime.go:89
internal/poll.(*FD).Read(0xc005399d80, {0xc00ece5900, 0x1300, 0x1300})
	/usr/lib/go/src/internal/poll/fd_unix.go:165 +0x27a
net.(*netFD).Read(0xc005399d80, {0xc00ece5900?, 0xc000e80008?, 0xc011b46300?})
	/usr/lib/go/src/net/fd_posix.go:55 +0x25
net.(*conn).Read(0xc010044030, {0xc00ece5900?, 0x7775584ea748?, 0x7775a8b2a210?})
	/usr/lib/go/src/net/net.go:194 +0x45
crypto/tls.(*atLeastReader).Read(0xc0101f6468, {0xc00ece5900?, 0x2a?, 0x5?})
	/usr/lib/go/src/crypto/tls/conn.go:809 +0x3b
bytes.(*Buffer).ReadFrom(0xc010e437b8, {0xa94e300, 0xc0101f6468})
	/usr/lib/go/src/bytes/buffer.go:211 +0x98
crypto/tls.(*Conn).readFromUntil(0xc010e43508, {0xa94dc00, 0xc010044030}, 0x444af4?)
	/usr/lib/go/src/crypto/tls/conn.go:831 +0xde
crypto/tls.(*Conn).readRecordOrCCS(0xc010e43508, 0x0)
	/usr/lib/go/src/crypto/tls/conn.go:629 +0x3cf
crypto/tls.(*Conn).readRecord(...)
	/usr/lib/go/src/crypto/tls/conn.go:591
crypto/tls.(*Conn).Read(0xc010e43508, {0xc00b99c000, 0x1000, 0x7775a8b2a210?})
	/usr/lib/go/src/crypto/tls/conn.go:1385 +0x145
net/http.(*persistConn).Read(0xc0047ec900, {0xc00b99c000?, 0x4141c5?, 0x68?})
	/usr/lib/go/src/net/http/transport.go:2122 +0x47
bufio.(*Reader).fill(0xc01a7141e0)
	/usr/lib/go/src/bufio/bufio.go:113 +0x103
bufio.(*Reader).Peek(0xc01a7141e0, 0x1)
	/usr/lib/go/src/bufio/bufio.go:152 +0x53
net/http.(*persistConn).readLoop(0xc0047ec900)
	/usr/lib/go/src/net/http/transport.go:2275 +0x172
created by net/http.(*Transport).dialConn in goroutine 29472
	/usr/lib/go/src/net/http/transport.go:1944 +0x174f

goroutine 37528 [sync.Cond.Wait]:
sync.runtime_notifyListWait(0xc01affc250, 0x5)
	/usr/lib/go/src/runtime/sema.go:597 +0x159
sync.(*Cond).Wait(0xc01b47bfd0?)
	/usr/lib/go/src/sync/cond.go:71 +0x85
github.com/centrifugal/centrifuge/internal/dissolve.(*queueImpl).Wait(0xc01821cd90)
	/home/mariell/go/pkg/mod/github.com/centrifugal/centrifuge@v0.33.3/internal/dissolve/queue.go:139 +0x4a
github.com/centrifugal/centrifuge/internal/dissolve.(*Dissolver).runWorker(0xc0024fff08)
	/home/mariell/go/pkg/mod/github.com/centrifugal/centrifuge@v0.33.3/internal/dissolve/dissolve.go:52 +0x27
created by github.com/centrifugal/centrifuge/internal/dissolve.(*Dissolver).Run in goroutine 36374
	/home/mariell/go/pkg/mod/github.com/centrifugal/centrifuge@v0.33.3/internal/dissolve/dissolve.go:31 +0x25

goroutine 32948 [select]:
github.com/patrickmn/go-cache.(*janitor).Run(0xc01b6d27a0, 0xc01c523780)
	/home/mariell/go/pkg/mod/github.com/patrickmn/go-cache@v2.1.0+incompatible/cache.go:1079 +0x7b
created by github.com/patrickmn/go-cache.runJanitor in goroutine 31996
	/home/mariell/go/pkg/mod/github.com/patrickmn/go-cache@v2.1.0+incompatible/cache.go:1099 +0xdb

goroutine 58735 [select]:
k8s.io/apimachinery/pkg/util/wait.BackoffUntil(0xc00caee900, {0xa95ac00, 0xc0130a7ce0}, 0x1, 0xc00dd76c40)
	/home/mariell/go/pkg/mod/k8s.io/apimachinery@v0.32.1/pkg/util/wait/backoff.go:238 +0x12c
k8s.io/apimachinery/pkg/util/wait.JitterUntil(0xc00caee900, 0x3b9aca00, 0x3ff3333333333333, 0x1, 0xc00dd76c40)
	/home/mariell/go/pkg/mod/k8s.io/apimachinery@v0.32.1/pkg/util/wait/backoff.go:204 +0x7f
created by k8s.io/apiserver/pkg/registry/generic/registry.(*Store).startObservingCount in goroutine 58731
	/home/mariell/go/pkg/mod/k8s.io/apiserver@v0.32.1/pkg/registry/generic/registry/store.go:1666 +0x2f9

goroutine 42527 [select]:
k8s.io/apimachinery/pkg/util/wait.BackoffUntil(0xc01eac1e80, {0xa95ac00, 0xc019f21770}, 0x1, 0xc01ecc81c0)
	/home/mariell/go/pkg/mod/k8s.io/apimachinery@v0.32.1/pkg/util/wait/backoff.go:238 +0x12c
k8s.io/apimachinery/pkg/util/wait.JitterUntil(0xc01eac1e80, 0x3b9aca00, 0x3ff3333333333333, 0x1, 0xc01ecc81c0)
	/home/mariell/go/pkg/mod/k8s.io/apimachinery@v0.32.1/pkg/util/wait/backoff.go:204 +0x7f
created by k8s.io/apiserver/pkg/registry/generic/registry.(*Store).startObservingCount in goroutine 38865
	/home/mariell/go/pkg/mod/k8s.io/apiserver@v0.32.1/pkg/registry/generic/registry/store.go:1666 +0x2f9

goroutine 54368 [sync.Cond.Wait]:
sync.runtime_notifyListWait(0xc02667f850, 0x22)
	/usr/lib/go/src/runtime/sema.go:597 +0x159
sync.(*Cond).Wait(0x100000000000000?)
	/usr/lib/go/src/sync/cond.go:71 +0x85
github.com/centrifugal/centrifuge/internal/dissolve.(*queueImpl).Wait(0xc029e6aa10)
	/home/mariell/go/pkg/mod/github.com/centrifugal/centrifuge@v0.33.3/internal/dissolve/queue.go:139 +0x4a
github.com/centrifugal/centrifuge/internal/dissolve.(*Dissolver).runWorker(0xc015fed548)
	/home/mariell/go/pkg/mod/github.com/centrifugal/centrifuge@v0.33.3/internal/dissolve/dissolve.go:52 +0x27
created by github.com/centrifugal/centrifuge/internal/dissolve.(*Dissolver).Run in goroutine 53243
	/home/mariell/go/pkg/mod/github.com/centrifugal/centrifuge@v0.33.3/internal/dissolve/dissolve.go:31 +0x25

goroutine 34645 [sync.Cond.Wait]:
sync.runtime_notifyListWait(0xc00dfe4bd0, 0xa)
	/usr/lib/go/src/runtime/sema.go:597 +0x159
sync.(*Cond).Wait(0x0?)
	/usr/lib/go/src/sync/cond.go:71 +0x85
github.com/centrifugal/centrifuge/internal/dissolve.(*queueImpl).Wait(0xc01277aee0)
	/home/mariell/go/pkg/mod/github.com/centrifugal/centrifuge@v0.33.3/internal/dissolve/queue.go:139 +0x4a
github.com/centrifugal/centrifuge/internal/dissolve.(*Dissolver).runWorker(0xc015fec510)
	/home/mariell/go/pkg/mod/github.com/centrifugal/centrifuge@v0.33.3/internal/dissolve/dissolve.go:52 +0x27
created by github.com/centrifugal/centrifuge/internal/dissolve.(*Dissolver).Run in goroutine 33524
	/home/mariell/go/pkg/mod/github.com/centrifugal/centrifuge@v0.33.3/internal/dissolve/dissolve.go:31 +0x25

goroutine 34644 [sync.Cond.Wait]:
sync.runtime_notifyListWait(0xc00dfe4bd0, 0x9)
	/usr/lib/go/src/runtime/sema.go:597 +0x159
sync.(*Cond).Wait(0xc01b476fd0?)
	/usr/lib/go/src/sync/cond.go:71 +0x85
github.com/centrifugal/centrifuge/internal/dissolve.(*queueImpl).Wait(0xc01277aee0)
	/home/mariell/go/pkg/mod/github.com/centrifugal/centrifuge@v0.33.3/internal/dissolve/queue.go:139 +0x4a
github.com/centrifugal/centrifuge/internal/dissolve.(*Dissolver).runWorker(0xc015fec510)
	/home/mariell/go/pkg/mod/github.com/centrifugal/centrifuge@v0.33.3/internal/dissolve/dissolve.go:52 +0x27
created by github.com/centrifugal/centrifuge/internal/dissolve.(*Dissolver).Run in goroutine 33524
	/home/mariell/go/pkg/mod/github.com/centrifugal/centrifuge@v0.33.3/internal/dissolve/dissolve.go:31 +0x25

goroutine 34643 [sync.Cond.Wait]:
sync.runtime_notifyListWait(0xc00dfe4bd0, 0x8)
	/usr/lib/go/src/runtime/sema.go:597 +0x159
sync.(*Cond).Wait(0x0?)
	/usr/lib/go/src/sync/cond.go:71 +0x85
github.com/centrifugal/centrifuge/internal/dissolve.(*queueImpl).Wait(0xc01277aee0)
	/home/mariell/go/pkg/mod/github.com/centrifugal/centrifuge@v0.33.3/internal/dissolve/queue.go:139 +0x4a
github.com/centrifugal/centrifuge/internal/dissolve.(*Dissolver).runWorker(0xc015fec510)
	/home/mariell/go/pkg/mod/github.com/centrifugal/centrifuge@v0.33.3/internal/dissolve/dissolve.go:52 +0x27
created by github.com/centrifugal/centrifuge/internal/dissolve.(*Dissolver).Run in goroutine 33524
	/home/mariell/go/pkg/mod/github.com/centrifugal/centrifuge@v0.33.3/internal/dissolve/dissolve.go:31 +0x25

goroutine 34642 [sync.Cond.Wait]:
sync.runtime_notifyListWait(0xc00dfe4bd0, 0x7)
	/usr/lib/go/src/runtime/sema.go:597 +0x159
sync.(*Cond).Wait(0x0?)
	/usr/lib/go/src/sync/cond.go:71 +0x85
github.com/centrifugal/centrifuge/internal/dissolve.(*queueImpl).Wait(0xc01277aee0)
	/home/mariell/go/pkg/mod/github.com/centrifugal/centrifuge@v0.33.3/internal/dissolve/queue.go:139 +0x4a
github.com/centrifugal/centrifuge/internal/dissolve.(*Dissolver).runWorker(0xc015fec510)
	/home/mariell/go/pkg/mod/github.com/centrifugal/centrifuge@v0.33.3/internal/dissolve/dissolve.go:52 +0x27
created by github.com/centrifugal/centrifuge/internal/dissolve.(*Dissolver).Run in goroutine 33524
	/home/mariell/go/pkg/mod/github.com/centrifugal/centrifuge@v0.33.3/internal/dissolve/dissolve.go:31 +0x25

goroutine 44047 [select]:
k8s.io/apimachinery/pkg/util/wait.BackoffUntil(0xc015c60e00, {0xa95ac00, 0xc021cd69c0}, 0x1, 0xc011dd57a0)
	/home/mariell/go/pkg/mod/k8s.io/apimachinery@v0.32.1/pkg/util/wait/backoff.go:238 +0x12c
k8s.io/apimachinery/pkg/util/wait.JitterUntil(0xc015c60e00, 0x3b9aca00, 0x3ff3333333333333, 0x1, 0xc011dd57a0)
	/home/mariell/go/pkg/mod/k8s.io/apimachinery@v0.32.1/pkg/util/wait/backoff.go:204 +0x7f
created by k8s.io/apiserver/pkg/registry/generic/registry.(*Store).startObservingCount in goroutine 42497
	/home/mariell/go/pkg/mod/k8s.io/apiserver@v0.32.1/pkg/registry/generic/registry/store.go:1666 +0x2f9

goroutine 40567 [sync.Cond.Wait]:
sync.runtime_notifyListWait(0xc0228a0b10, 0x21)
	/usr/lib/go/src/runtime/sema.go:597 +0x159
sync.(*Cond).Wait(0xc00f286330?)
	/usr/lib/go/src/sync/cond.go:71 +0x85
github.com/centrifugal/centrifuge/internal/dissolve.(*queueImpl).Wait(0xc0228cc690)
	/home/mariell/go/pkg/mod/github.com/centrifugal/centrifuge@v0.33.3/internal/dissolve/queue.go:139 +0x4a
github.com/centrifugal/centrifuge/internal/dissolve.(*Dissolver).runWorker(0xc015fedd58)
	/home/mariell/go/pkg/mod/github.com/centrifugal/centrifuge@v0.33.3/internal/dissolve/dissolve.go:52 +0x27
created by github.com/centrifugal/centrifuge/internal/dissolve.(*Dissolver).Run in goroutine 36287
	/home/mariell/go/pkg/mod/github.com/centrifugal/centrifuge@v0.33.3/internal/dissolve/dissolve.go:31 +0x25

goroutine 34641 [sync.Cond.Wait]:
sync.runtime_notifyListWait(0xc00dfe4bd0, 0x6)
	/usr/lib/go/src/runtime/sema.go:597 +0x159
sync.(*Cond).Wait(0x0?)
	/usr/lib/go/src/sync/cond.go:71 +0x85
github.com/centrifugal/centrifuge/internal/dissolve.(*queueImpl).Wait(0xc01277aee0)
	/home/mariell/go/pkg/mod/github.com/centrifugal/centrifuge@v0.33.3/internal/dissolve/queue.go:139 +0x4a
github.com/centrifugal/centrifuge/internal/dissolve.(*Dissolver).runWorker(0xc015fec510)
	/home/mariell/go/pkg/mod/github.com/centrifugal/centrifuge@v0.33.3/internal/dissolve/dissolve.go:52 +0x27
created by github.com/centrifugal/centrifuge/internal/dissolve.(*Dissolver).Run in goroutine 33524
	/home/mariell/go/pkg/mod/github.com/centrifugal/centrifuge@v0.33.3/internal/dissolve/dissolve.go:31 +0x25

goroutine 34640 [sync.Cond.Wait]:
sync.runtime_notifyListWait(0xc00dfe4bd0, 0x5)
	/usr/lib/go/src/runtime/sema.go:597 +0x159
sync.(*Cond).Wait(0xc01b5b7fd0?)
	/usr/lib/go/src/sync/cond.go:71 +0x85
github.com/centrifugal/centrifuge/internal/dissolve.(*queueImpl).Wait(0xc01277aee0)
	/home/mariell/go/pkg/mod/github.com/centrifugal/centrifuge@v0.33.3/internal/dissolve/queue.go:139 +0x4a
github.com/centrifugal/centrifuge/internal/dissolve.(*Dissolver).runWorker(0xc015fec510)
	/home/mariell/go/pkg/mod/github.com/centrifugal/centrifuge@v0.33.3/internal/dissolve/dissolve.go:52 +0x27
created by github.com/centrifugal/centrifuge/internal/dissolve.(*Dissolver).Run in goroutine 33524
	/home/mariell/go/pkg/mod/github.com/centrifugal/centrifuge@v0.33.3/internal/dissolve/dissolve.go:31 +0x25

goroutine 38971 [select]:
github.com/patrickmn/go-cache.(*janitor).Run(0xc00397b440, 0xc00fe55840)
	/home/mariell/go/pkg/mod/github.com/patrickmn/go-cache@v2.1.0+incompatible/cache.go:1079 +0x7b
created by github.com/patrickmn/go-cache.runJanitor in goroutine 37971
	/home/mariell/go/pkg/mod/github.com/patrickmn/go-cache@v2.1.0+incompatible/cache.go:1099 +0xdb

goroutine 45019 [select]:
github.com/grafana/grafana/pkg/storage/unified/resource.(*broadcaster[...]).stream(0xab113a0, 0xc0266530a0)
	/home/mariell/work/oss/grafana/pkg/storage/unified/resource/broadcaster.go:205 +0x13d
created by github.com/grafana/grafana/pkg/storage/unified/resource.(*broadcaster[...]).init in goroutine 44067
	/home/mariell/work/oss/grafana/pkg/storage/unified/resource/broadcaster.go:177 +0x219

goroutine 49811 [sync.Cond.Wait]:
sync.runtime_notifyListWait(0xc028e24c90, 0x2f)
	/usr/lib/go/src/runtime/sema.go:597 +0x159
sync.(*Cond).Wait(0x0?)
	/usr/lib/go/src/sync/cond.go:71 +0x85
github.com/centrifugal/centrifuge/internal/dissolve.(*queueImpl).Wait(0xc028e3d810)
	/home/mariell/go/pkg/mod/github.com/centrifugal/centrifuge@v0.33.3/internal/dissolve/queue.go:139 +0x4a
github.com/centrifugal/centrifuge/internal/dissolve.(*Dissolver).runWorker(0xc028d11578)
	/home/mariell/go/pkg/mod/github.com/centrifugal/centrifuge@v0.33.3/internal/dissolve/dissolve.go:52 +0x27
created by github.com/centrifugal/centrifuge/internal/dissolve.(*Dissolver).Run in goroutine 48632
	/home/mariell/go/pkg/mod/github.com/centrifugal/centrifuge@v0.33.3/internal/dissolve/dissolve.go:31 +0x25

goroutine 34639 [sync.Cond.Wait]:
sync.runtime_notifyListWait(0xc00dfe4bd0, 0x4)
	/usr/lib/go/src/runtime/sema.go:597 +0x159
sync.(*Cond).Wait(0x0?)
	/usr/lib/go/src/sync/cond.go:71 +0x85
github.com/centrifugal/centrifuge/internal/dissolve.(*queueImpl).Wait(0xc01277aee0)
	/home/mariell/go/pkg/mod/github.com/centrifugal/centrifuge@v0.33.3/internal/dissolve/queue.go:139 +0x4a
github.com/centrifugal/centrifuge/internal/dissolve.(*Dissolver).runWorker(0xc015fec510)
	/home/mariell/go/pkg/mod/github.com/centrifugal/centrifuge@v0.33.3/internal/dissolve/dissolve.go:52 +0x27
created by github.com/centrifugal/centrifuge/internal/dissolve.(*Dissolver).Run in goroutine 33524
	/home/mariell/go/pkg/mod/github.com/centrifugal/centrifuge@v0.33.3/internal/dissolve/dissolve.go:31 +0x25

goroutine 36434 [select]:
github.com/grafana/grafana/pkg/storage/unified/resource.(*broadcaster[...]).stream(0xab113a0, 0xc01cbab0a0)
	/home/mariell/work/oss/grafana/pkg/storage/unified/resource/broadcaster.go:205 +0x13d
created by github.com/grafana/grafana/pkg/storage/unified/resource.(*broadcaster[...]).init in goroutine 32950
	/home/mariell/work/oss/grafana/pkg/storage/unified/resource/broadcaster.go:177 +0x219

goroutine 42528 [select]:
k8s.io/apimachinery/pkg/util/wait.BackoffUntil(0xc022204dc0, {0xa95ac00, 0xc019f217a0}, 0x1, 0xc01ecc9b90)
	/home/mariell/go/pkg/mod/k8s.io/apimachinery@v0.32.1/pkg/util/wait/backoff.go:238 +0x12c
k8s.io/apimachinery/pkg/util/wait.JitterUntil(0xc022204dc0, 0x3b9aca00, 0x3ff3333333333333, 0x1, 0xc01ecc9b90)
	/home/mariell/go/pkg/mod/k8s.io/apimachinery@v0.32.1/pkg/util/wait/backoff.go:204 +0x7f
created by k8s.io/apiserver/pkg/registry/generic/registry.(*Store).startObservingCount in goroutine 38865
	/home/mariell/go/pkg/mod/k8s.io/apiserver@v0.32.1/pkg/registry/generic/registry/store.go:1666 +0x2f9

goroutine 40792 [select]:
go.opentelemetry.io/otel/sdk/trace.(*batchSpanProcessor).processQueue(0xc01eb32000)
	/home/mariell/go/pkg/mod/go.opentelemetry.io/otel/sdk@v1.34.0/trace/batch_span_processor.go:302 +0x114
go.opentelemetry.io/otel/sdk/trace.NewBatchSpanProcessor.func1()
	/home/mariell/go/pkg/mod/go.opentelemetry.io/otel/sdk@v1.34.0/trace/batch_span_processor.go:117 +0x4e
created by go.opentelemetry.io/otel/sdk/trace.NewBatchSpanProcessor in goroutine 40816
	/home/mariell/go/pkg/mod/go.opentelemetry.io/otel/sdk@v1.34.0/trace/batch_span_processor.go:115 +0x2d9

goroutine 75123 [select]:
net/http.(*persistConn).writeLoop(0xc01572e240)
	/usr/lib/go/src/net/http/transport.go:2590 +0xe7
created by net/http.(*Transport).dialConn in goroutine 74429
	/usr/lib/go/src/net/http/transport.go:1945 +0x17a5

goroutine 74614 [sync.Cond.Wait]:
sync.runtime_notifyListWait(0xc022369b10, 0x1e)
	/usr/lib/go/src/runtime/sema.go:597 +0x159
sync.(*Cond).Wait(0xc01ba54fd0?)
	/usr/lib/go/src/sync/cond.go:71 +0x85
github.com/centrifugal/centrifuge/internal/dissolve.(*queueImpl).Wait(0xc0429f7180)
	/home/mariell/go/pkg/mod/github.com/centrifugal/centrifuge@v0.33.3/internal/dissolve/queue.go:139 +0x4a
github.com/centrifugal/centrifuge/internal/dissolve.(*Dissolver).runWorker(0xc02391be18)
	/home/mariell/go/pkg/mod/github.com/centrifugal/centrifuge@v0.33.3/internal/dissolve/dissolve.go:52 +0x27
created by github.com/centrifugal/centrifuge/internal/dissolve.(*Dissolver).Run in goroutine 4438
	/home/mariell/go/pkg/mod/github.com/centrifugal/centrifuge@v0.33.3/internal/dissolve/dissolve.go:31 +0x25

goroutine 40549 [sync.Cond.Wait]:
sync.runtime_notifyListWait(0xc0228a0b10, 0x1)
	/usr/lib/go/src/runtime/sema.go:597 +0x159
sync.(*Cond).Wait(0x0?)
	/usr/lib/go/src/sync/cond.go:71 +0x85
github.com/centrifugal/centrifuge/internal/dissolve.(*queueImpl).Wait(0xc0228cc690)
	/home/mariell/go/pkg/mod/github.com/centrifugal/centrifuge@v0.33.3/internal/dissolve/queue.go:139 +0x4a
github.com/centrifugal/centrifuge/internal/dissolve.(*Dissolver).runWorker(0xc015fedd58)
	/home/mariell/go/pkg/mod/github.com/centrifugal/centrifuge@v0.33.3/internal/dissolve/dissolve.go:52 +0x27
created by github.com/centrifugal/centrifuge/internal/dissolve.(*Dissolver).Run in goroutine 36287
	/home/mariell/go/pkg/mod/github.com/centrifugal/centrifuge@v0.33.3/internal/dissolve/dissolve.go:31 +0x25

goroutine 42417 [IO wait]:
internal/poll.runtime_pollWait(0x777550739e28, 0x72)
	/usr/lib/go/src/runtime/netpoll.go:351 +0x85
internal/poll.(*pollDesc).wait(0xc020684000?, 0xc0168ad300?, 0x0)
	/usr/lib/go/src/internal/poll/fd_poll_runtime.go:84 +0x27
internal/poll.(*pollDesc).waitRead(...)
	/usr/lib/go/src/internal/poll/fd_poll_runtime.go:89
internal/poll.(*FD).Read(0xc020684000, {0xc0168ad300, 0x1300, 0x1300})
	/usr/lib/go/src/internal/poll/fd_unix.go:165 +0x27a
net.(*netFD).Read(0xc020684000, {0xc0168ad300?, 0xc000800008?, 0xc021d492f0?})
	/usr/lib/go/src/net/fd_posix.go:55 +0x25
net.(*conn).Read(0xc0067b0030, {0xc0168ad300?, 0x77755911a888?, 0x7775a8b2b038?})
	/usr/lib/go/src/net/net.go:194 +0x45
crypto/tls.(*atLeastReader).Read(0xc0087944b0, {0xc0168ad300?, 0x2a?, 0x5?})
	/usr/lib/go/src/crypto/tls/conn.go:809 +0x3b
bytes.(*Buffer).ReadFrom(0xc0266ba638, {0xa94e300, 0xc0087944b0})
	/usr/lib/go/src/bytes/buffer.go:211 +0x98
crypto/tls.(*Conn).readFromUntil(0xc0266ba388, {0xa94dc00, 0xc0067b0030}, 0x444af4?)
	/usr/lib/go/src/crypto/tls/conn.go:831 +0xde
crypto/tls.(*Conn).readRecordOrCCS(0xc0266ba388, 0x0)
	/usr/lib/go/src/crypto/tls/conn.go:629 +0x3cf
crypto/tls.(*Conn).readRecord(...)
	/usr/lib/go/src/crypto/tls/conn.go:591
crypto/tls.(*Conn).Read(0xc0266ba388, {0xc0206ad000, 0x1000, 0x7775a8b2b038?})
	/usr/lib/go/src/crypto/tls/conn.go:1385 +0x145
net/http.(*persistConn).Read(0xc01a106000, {0xc0206ad000?, 0x4141c5?, 0x68?})
	/usr/lib/go/src/net/http/transport.go:2122 +0x47
bufio.(*Reader).fill(0xc02725a720)
	/usr/lib/go/src/bufio/bufio.go:113 +0x103
bufio.(*Reader).Peek(0xc02725a720, 0x1)
	/usr/lib/go/src/bufio/bufio.go:152 +0x53
net/http.(*persistConn).readLoop(0xc01a106000)
	/usr/lib/go/src/net/http/transport.go:2275 +0x172
created by net/http.(*Transport).dialConn in goroutine 44080
	/usr/lib/go/src/net/http/transport.go:1944 +0x174f

goroutine 45158 [sync.Cond.Wait]:
sync.runtime_notifyListWait(0xc026bf9c10, 0x13)
	/usr/lib/go/src/runtime/sema.go:597 +0x159
sync.(*Cond).Wait(0xc01be9f7d0?)
	/usr/lib/go/src/sync/cond.go:71 +0x85
github.com/centrifugal/centrifuge/internal/dissolve.(*queueImpl).Wait(0xc026c14c40)
	/home/mariell/go/pkg/mod/github.com/centrifugal/centrifuge@v0.33.3/internal/dissolve/queue.go:139 +0x4a
github.com/centrifugal/centrifuge/internal/dissolve.(*Dissolver).runWorker(0xc026b0b128)
	/home/mariell/go/pkg/mod/github.com/centrifugal/centrifuge@v0.33.3/internal/dissolve/dissolve.go:52 +0x27
created by github.com/centrifugal/centrifuge/internal/dissolve.(*Dissolver).Run in goroutine 44067
	/home/mariell/go/pkg/mod/github.com/centrifugal/centrifuge@v0.33.3/internal/dissolve/dissolve.go:31 +0x25

goroutine 35630 [select]:
go.opentelemetry.io/otel/sdk/trace.(*batchSpanProcessor).processQueue(0xc01c246460)
	/home/mariell/go/pkg/mod/go.opentelemetry.io/otel/sdk@v1.34.0/trace/batch_span_processor.go:302 +0x114
go.opentelemetry.io/otel/sdk/trace.NewBatchSpanProcessor.func1()
	/home/mariell/go/pkg/mod/go.opentelemetry.io/otel/sdk@v1.34.0/trace/batch_span_processor.go:117 +0x4e
created by go.opentelemetry.io/otel/sdk/trace.NewBatchSpanProcessor in goroutine 33562
	/home/mariell/go/pkg/mod/go.opentelemetry.io/otel/sdk@v1.34.0/trace/batch_span_processor.go:115 +0x2d9

goroutine 40546 [sync.Cond.Wait]:
sync.runtime_notifyListWait(0xc0228a0b10, 0xa)
	/usr/lib/go/src/runtime/sema.go:597 +0x159
sync.(*Cond).Wait(0x0?)
	/usr/lib/go/src/sync/cond.go:71 +0x85
github.com/centrifugal/centrifuge/internal/dissolve.(*queueImpl).Wait(0xc0228cc690)
	/home/mariell/go/pkg/mod/github.com/centrifugal/centrifuge@v0.33.3/internal/dissolve/queue.go:139 +0x4a
github.com/centrifugal/centrifuge/internal/dissolve.(*Dissolver).runWorker(0xc015fedd58)
	/home/mariell/go/pkg/mod/github.com/centrifugal/centrifuge@v0.33.3/internal/dissolve/dissolve.go:52 +0x27
created by github.com/centrifugal/centrifuge/internal/dissolve.(*Dissolver).Run in goroutine 36287
	/home/mariell/go/pkg/mod/github.com/centrifugal/centrifuge@v0.33.3/internal/dissolve/dissolve.go:31 +0x25

goroutine 33547 [select]:
k8s.io/apimachinery/pkg/util/wait.BackoffUntil(0xc012bcd100, {0xa95ac00, 0xc00eb67740}, 0x1, 0xc00d9a5f10)
	/home/mariell/go/pkg/mod/k8s.io/apimachinery@v0.32.1/pkg/util/wait/backoff.go:238 +0x12c
k8s.io/apimachinery/pkg/util/wait.JitterUntil(0xc012bcd100, 0x3b9aca00, 0x3ff3333333333333, 0x1, 0xc00d9a5f10)
	/home/mariell/go/pkg/mod/k8s.io/apimachinery@v0.32.1/pkg/util/wait/backoff.go:204 +0x7f
created by k8s.io/apiserver/pkg/registry/generic/registry.(*Store).startObservingCount in goroutine 31757
	/home/mariell/go/pkg/mod/k8s.io/apiserver@v0.32.1/pkg/registry/generic/registry/store.go:1666 +0x2f9

goroutine 33526 [select]:
go.opentelemetry.io/otel/sdk/trace.(*batchSpanProcessor).processQueue(0xc01a9cdae0)
	/home/mariell/go/pkg/mod/go.opentelemetry.io/otel/sdk@v1.34.0/trace/batch_span_processor.go:302 +0x114
go.opentelemetry.io/otel/sdk/trace.NewBatchSpanProcessor.func1()
	/home/mariell/go/pkg/mod/go.opentelemetry.io/otel/sdk@v1.34.0/trace/batch_span_processor.go:117 +0x4e
created by go.opentelemetry.io/otel/sdk/trace.NewBatchSpanProcessor in goroutine 33524
	/home/mariell/go/pkg/mod/go.opentelemetry.io/otel/sdk@v1.34.0/trace/batch_span_processor.go:115 +0x2d9

goroutine 40588 [sync.Cond.Wait]:
sync.runtime_notifyListWait(0xc0228a0b10, 0x33)
	/usr/lib/go/src/runtime/sema.go:597 +0x159
sync.(*Cond).Wait(0x0?)
	/usr/lib/go/src/sync/cond.go:71 +0x85
github.com/centrifugal/centrifuge/internal/dissolve.(*queueImpl).Wait(0xc0228cc690)
	/home/mariell/go/pkg/mod/github.com/centrifugal/centrifuge@v0.33.3/internal/dissolve/queue.go:139 +0x4a
github.com/centrifugal/centrifuge/internal/dissolve.(*Dissolver).runWorker(0xc015fedd58)
	/home/mariell/go/pkg/mod/github.com/centrifugal/centrifuge@v0.33.3/internal/dissolve/dissolve.go:52 +0x27
created by github.com/centrifugal/centrifuge/internal/dissolve.(*Dissolver).Run in goroutine 36287
	/home/mariell/go/pkg/mod/github.com/centrifugal/centrifuge@v0.33.3/internal/dissolve/dissolve.go:31 +0x25

goroutine 40539 [sync.Cond.Wait]:
sync.runtime_notifyListWait(0xc0228a0b10, 0x3)
	/usr/lib/go/src/runtime/sema.go:597 +0x159
sync.(*Cond).Wait(0x0?)
	/usr/lib/go/src/sync/cond.go:71 +0x85
github.com/centrifugal/centrifuge/internal/dissolve.(*queueImpl).Wait(0xc0228cc690)
	/home/mariell/go/pkg/mod/github.com/centrifugal/centrifuge@v0.33.3/internal/dissolve/queue.go:139 +0x4a
github.com/centrifugal/centrifuge/internal/dissolve.(*Dissolver).runWorker(0xc015fedd58)
	/home/mariell/go/pkg/mod/github.com/centrifugal/centrifuge@v0.33.3/internal/dissolve/dissolve.go:52 +0x27
created by github.com/centrifugal/centrifuge/internal/dissolve.(*Dissolver).Run in goroutine 36287
	/home/mariell/go/pkg/mod/github.com/centrifugal/centrifuge@v0.33.3/internal/dissolve/dissolve.go:31 +0x25

goroutine 46711 [sync.Cond.Wait]:
sync.runtime_notifyListWait(0xc016303990, 0x10)
	/usr/lib/go/src/runtime/sema.go:597 +0x159
sync.(*Cond).Wait(0x0?)
	/usr/lib/go/src/sync/cond.go:71 +0x85
github.com/centrifugal/centrifuge/internal/dissolve.(*queueImpl).Wait(0xc020154850)
	/home/mariell/go/pkg/mod/github.com/centrifugal/centrifuge@v0.33.3/internal/dissolve/queue.go:139 +0x4a
github.com/centrifugal/centrifuge/internal/dissolve.(*Dissolver).runWorker(0xc00b4e8b40)
	/home/mariell/go/pkg/mod/github.com/centrifugal/centrifuge@v0.33.3/internal/dissolve/dissolve.go:52 +0x27
created by github.com/centrifugal/centrifuge/internal/dissolve.(*Dissolver).Run in goroutine 45402
	/home/mariell/go/pkg/mod/github.com/centrifugal/centrifuge@v0.33.3/internal/dissolve/dissolve.go:31 +0x25

goroutine 40813 [select]:
net/http.(*persistConn).writeLoop(0xc00c41c000)
	/usr/lib/go/src/net/http/transport.go:2590 +0xe7
created by net/http.(*Transport).dialConn in goroutine 39325
	/usr/lib/go/src/net/http/transport.go:1945 +0x17a5

goroutine 42357 [select]:
database/sql.(*DB).connectionOpener(0xc01e497c70, {0xa9d1d00, 0xc01e48eb40})
	/usr/lib/go/src/database/sql/sql.go:1261 +0x87
created by database/sql.OpenDB in goroutine 42495
	/usr/lib/go/src/database/sql/sql.go:841 +0x130

goroutine 43618 [sync.Cond.Wait]:
sync.runtime_notifyListWait(0xc00d19c890, 0x9)
	/usr/lib/go/src/runtime/sema.go:597 +0x159
sync.(*Cond).Wait(0x0?)
	/usr/lib/go/src/sync/cond.go:71 +0x85
github.com/centrifugal/centrifuge/internal/dissolve.(*queueImpl).Wait(0xc015e6a930)
	/home/mariell/go/pkg/mod/github.com/centrifugal/centrifuge@v0.33.3/internal/dissolve/queue.go:139 +0x4a
github.com/centrifugal/centrifuge/internal/dissolve.(*Dissolver).runWorker(0xc0132189d8)
	/home/mariell/go/pkg/mod/github.com/centrifugal/centrifuge@v0.33.3/internal/dissolve/dissolve.go:52 +0x27
created by github.com/centrifugal/centrifuge/internal/dissolve.(*Dissolver).Run in goroutine 42495
	/home/mariell/go/pkg/mod/github.com/centrifugal/centrifuge@v0.33.3/internal/dissolve/dissolve.go:31 +0x25

goroutine 45165 [sync.Cond.Wait]:
sync.runtime_notifyListWait(0xc026bf9c10, 0x1a)
	/usr/lib/go/src/runtime/sema.go:597 +0x159
sync.(*Cond).Wait(0xc01b728fd0?)
	/usr/lib/go/src/sync/cond.go:71 +0x85
github.com/centrifugal/centrifuge/internal/dissolve.(*queueImpl).Wait(0xc026c14c40)
	/home/mariell/go/pkg/mod/github.com/centrifugal/centrifuge@v0.33.3/internal/dissolve/queue.go:139 +0x4a
github.com/centrifugal/centrifuge/internal/dissolve.(*Dissolver).runWorker(0xc026b0b128)
	/home/mariell/go/pkg/mod/github.com/centrifugal/centrifuge@v0.33.3/internal/dissolve/dissolve.go:52 +0x27
created by github.com/centrifugal/centrifuge/internal/dissolve.(*Dissolver).Run in goroutine 44067
	/home/mariell/go/pkg/mod/github.com/centrifugal/centrifuge@v0.33.3/internal/dissolve/dissolve.go:31 +0x25

goroutine 34519 [chan receive]:
github.com/grafana/grafana/pkg/storage/unified/resource.(*server).initWatcher.func1.1()
	/home/mariell/work/oss/grafana/pkg/storage/unified/resource/server.go:922 +0x58
created by github.com/grafana/grafana/pkg/storage/unified/resource.(*server).initWatcher.func1 in goroutine 33524
	/home/mariell/work/oss/grafana/pkg/storage/unified/resource/server.go:921 +0xaa

goroutine 36439 [chan receive (nil chan)]:
k8s.io/apiserver/pkg/server.preparedGenericAPIServer.RunWithContext({0xa9d1cc8?}, {0xa9d1d00, 0xc01bcb2050})
	/home/mariell/go/pkg/mod/k8s.io/apiserver@v0.32.1/pkg/server/genericapiserver.go:710 +0x9c5
github.com/grafana/grafana/pkg/services/apiserver.(*service).startCoreServer.func1()
	/home/mariell/work/oss/grafana/pkg/services/apiserver/service.go:448 +0x28
created by github.com/grafana/grafana/pkg/services/apiserver.(*service).startCoreServer in goroutine 32950
	/home/mariell/work/oss/grafana/pkg/services/apiserver/service.go:447 +0x125

goroutine 34627 [select]:
github.com/FZambia/eagle.(*Eagle).aggregate(0xc01fb70070)
	/home/mariell/go/pkg/mod/github.com/!f!zambia/eagle@v0.1.0/eagle.go:210 +0x6d
created by github.com/FZambia/eagle.New in goroutine 33524
	/home/mariell/go/pkg/mod/github.com/!f!zambia/eagle@v0.1.0/eagle.go:66 +0x176

goroutine 37364 [select]:
github.com/patrickmn/go-cache.(*janitor).Run(0xc00868dda0, 0xc00f38dd00)
	/home/mariell/go/pkg/mod/github.com/patrickmn/go-cache@v2.1.0+incompatible/cache.go:1079 +0x7b
created by github.com/patrickmn/go-cache.runJanitor in goroutine 36374
	/home/mariell/go/pkg/mod/github.com/patrickmn/go-cache@v2.1.0+incompatible/cache.go:1099 +0xdb

goroutine 36435 [select]:
k8s.io/apimachinery/pkg/util/wait.BackoffUntil(0xc01cba8400, {0xa95ac00, 0xc01c7b7c50}, 0x1, 0xc01ca99d50)
	/home/mariell/go/pkg/mod/k8s.io/apimachinery@v0.32.1/pkg/util/wait/backoff.go:238 +0x12c
k8s.io/apimachinery/pkg/util/wait.JitterUntil(0xc01cba8400, 0x3b9aca00, 0x3ff3333333333333, 0x1, 0xc01ca99d50)
	/home/mariell/go/pkg/mod/k8s.io/apimachinery@v0.32.1/pkg/util/wait/backoff.go:204 +0x7f
created by k8s.io/apiserver/pkg/registry/generic/registry.(*Store).startObservingCount in goroutine 32950
	/home/mariell/go/pkg/mod/k8s.io/apiserver@v0.32.1/pkg/registry/generic/registry/store.go:1666 +0x2f9

goroutine 45159 [sync.Cond.Wait]:
sync.runtime_notifyListWait(0xc026bf9c10, 0x14)
	/usr/lib/go/src/runtime/sema.go:597 +0x159
sync.(*Cond).Wait(0xc00b4f6fd0?)
	/usr/lib/go/src/sync/cond.go:71 +0x85
github.com/centrifugal/centrifuge/internal/dissolve.(*queueImpl).Wait(0xc026c14c40)
	/home/mariell/go/pkg/mod/github.com/centrifugal/centrifuge@v0.33.3/internal/dissolve/queue.go:139 +0x4a
github.com/centrifugal/centrifuge/internal/dissolve.(*Dissolver).runWorker(0xc026b0b128)
	/home/mariell/go/pkg/mod/github.com/centrifugal/centrifuge@v0.33.3/internal/dissolve/dissolve.go:52 +0x27
created by github.com/centrifugal/centrifuge/internal/dissolve.(*Dissolver).Run in goroutine 44067
	/home/mariell/go/pkg/mod/github.com/centrifugal/centrifuge@v0.33.3/internal/dissolve/dissolve.go:31 +0x25

goroutine 34633 [select]:
github.com/centrifugal/centrifuge.(*Node).sendNodePing(0xc00a630d88)
	/home/mariell/go/pkg/mod/github.com/centrifugal/centrifuge@v0.33.3/node.go:380 +0x85
created by github.com/centrifugal/centrifuge.(*Node).Run in goroutine 33524
	/home/mariell/go/pkg/mod/github.com/centrifugal/centrifuge@v0.33.3/node.go:260 +0x225

goroutine 40515 [select]:
github.com/centrifugal/centrifuge.(*MemoryBroker).expireResultCache(0xc0228c8c00)
	/home/mariell/go/pkg/mod/github.com/centrifugal/centrifuge@v0.33.3/broker_memory.go:160 +0x68
created by github.com/centrifugal/centrifuge.(*MemoryBroker).Run in goroutine 36287
	/home/mariell/go/pkg/mod/github.com/centrifugal/centrifuge@v0.33.3/broker_memory.go:73 +0x7f

goroutine 45274 [select]:
github.com/patrickmn/go-cache.(*janitor).Run(0xc0169556f0, 0xc016966980)
	/home/mariell/go/pkg/mod/github.com/patrickmn/go-cache@v2.1.0+incompatible/cache.go:1079 +0x7b
created by github.com/patrickmn/go-cache.runJanitor in goroutine 44067
	/home/mariell/go/pkg/mod/github.com/patrickmn/go-cache@v2.1.0+incompatible/cache.go:1099 +0xdb

goroutine 33488 [IO wait]:
internal/poll.runtime_pollWait(0x777558599040, 0x72)
	/usr/lib/go/src/runtime/netpoll.go:351 +0x85
internal/poll.(*pollDesc).wait(0xc01462e200?, 0xc00b99f300?, 0x0)
	/usr/lib/go/src/internal/poll/fd_poll_runtime.go:84 +0x27
internal/poll.(*pollDesc).waitRead(...)
	/usr/lib/go/src/internal/poll/fd_poll_runtime.go:89
internal/poll.(*FD).Read(0xc01462e200, {0xc00b99f300, 0x1300, 0x1300})
	/usr/lib/go/src/internal/poll/fd_unix.go:165 +0x27a
net.(*netFD).Read(0xc01462e200, {0xc00b99f300?, 0xc00b99f300?, 0x5?})
	/usr/lib/go/src/net/fd_posix.go:55 +0x25
net.(*conn).Read(0xc0100441a8, {0xc00b99f300?, 0x7775593eaab0?, 0x7775a8b2a210?})
	/usr/lib/go/src/net/net.go:194 +0x45
crypto/tls.(*atLeastReader).Read(0xc00a1cb068, {0xc00b99f300?, 0x12fb?, 0xc008ed79c8?})
	/usr/lib/go/src/crypto/tls/conn.go:809 +0x3b
bytes.(*Buffer).ReadFrom(0xc00ef32d38, {0xa94e300, 0xc00a1cb068})
	/usr/lib/go/src/bytes/buffer.go:211 +0x98
crypto/tls.(*Conn).readFromUntil(0xc00ef32a88, {0xa94dc00, 0xc0100441a8}, 0x444af4?)
	/usr/lib/go/src/crypto/tls/conn.go:831 +0xde
crypto/tls.(*Conn).readRecordOrCCS(0xc00ef32a88, 0x0)
	/usr/lib/go/src/crypto/tls/conn.go:629 +0x3cf
crypto/tls.(*Conn).readRecord(...)
	/usr/lib/go/src/crypto/tls/conn.go:591
crypto/tls.(*Conn).Read(0xc00ef32a88, {0xc00b9b2000, 0x1000, 0xc00ecccf30?})
	/usr/lib/go/src/crypto/tls/conn.go:1385 +0x145
net/http.(*persistConn).Read(0xc006313560, {0xc00b9b2000?, 0x81fe45?, 0xa94be80?})
	/usr/lib/go/src/net/http/transport.go:2122 +0x47
bufio.(*Reader).fill(0xc011735140)
	/usr/lib/go/src/bufio/bufio.go:113 +0x103
bufio.(*Reader).Peek(0xc011735140, 0x1)
	/usr/lib/go/src/bufio/bufio.go:152 +0x53
net/http.(*persistConn).readLoop(0xc006313560)
	/usr/lib/go/src/net/http/transport.go:2275 +0x172
created by net/http.(*Transport).dialConn in goroutine 33471
	/usr/lib/go/src/net/http/transport.go:1944 +0x174f

goroutine 45147 [sync.Cond.Wait]:
sync.runtime_notifyListWait(0xc026bf9c10, 0x8)
	/usr/lib/go/src/runtime/sema.go:597 +0x159
sync.(*Cond).Wait(0xc0097147d0?)
	/usr/lib/go/src/sync/cond.go:71 +0x85
github.com/centrifugal/centrifuge/internal/dissolve.(*queueImpl).Wait(0xc026c14c40)
	/home/mariell/go/pkg/mod/github.com/centrifugal/centrifuge@v0.33.3/internal/dissolve/queue.go:139 +0x4a
github.com/centrifugal/centrifuge/internal/dissolve.(*Dissolver).runWorker(0xc026b0b128)
	/home/mariell/go/pkg/mod/github.com/centrifugal/centrifuge@v0.33.3/internal/dissolve/dissolve.go:52 +0x27
created by github.com/centrifugal/centrifuge/internal/dissolve.(*Dissolver).Run in goroutine 44067
	/home/mariell/go/pkg/mod/github.com/centrifugal/centrifuge@v0.33.3/internal/dissolve/dissolve.go:31 +0x25

goroutine 33108 [sync.Cond.Wait]:
sync.runtime_notifyListWait(0xc019c7fcd0, 0x5)
	/usr/lib/go/src/runtime/sema.go:597 +0x159
sync.(*Cond).Wait(0x0?)
	/usr/lib/go/src/sync/cond.go:71 +0x85
github.com/centrifugal/centrifuge/internal/dissolve.(*queueImpl).Wait(0xc012092e00)
	/home/mariell/go/pkg/mod/github.com/centrifugal/centrifuge@v0.33.3/internal/dissolve/queue.go:139 +0x4a
github.com/centrifugal/centrifuge/internal/dissolve.(*Dissolver).runWorker(0xc01ba3c438)
	/home/mariell/go/pkg/mod/github.com/centrifugal/centrifuge@v0.33.3/internal/dissolve/dissolve.go:52 +0x27
created by github.com/centrifugal/centrifuge/internal/dissolve.(*Dissolver).Run in goroutine 31996
	/home/mariell/go/pkg/mod/github.com/centrifugal/centrifuge@v0.33.3/internal/dissolve/dissolve.go:31 +0x25

goroutine 31872 [sync.Cond.Wait]:
sync.runtime_notifyListWait(0xc019c7fcd0, 0x0)
	/usr/lib/go/src/runtime/sema.go:597 +0x159
sync.(*Cond).Wait(0x0?)
	/usr/lib/go/src/sync/cond.go:71 +0x85
github.com/centrifugal/centrifuge/internal/dissolve.(*queueImpl).Wait(0xc012092e00)
	/home/mariell/go/pkg/mod/github.com/centrifugal/centrifuge@v0.33.3/internal/dissolve/queue.go:139 +0x4a
github.com/centrifugal/centrifuge/internal/dissolve.(*Dissolver).runWorker(0xc01ba3c438)
	/home/mariell/go/pkg/mod/github.com/centrifugal/centrifuge@v0.33.3/internal/dissolve/dissolve.go:52 +0x27
created by github.com/centrifugal/centrifuge/internal/dissolve.(*Dissolver).Run in goroutine 31996
	/home/mariell/go/pkg/mod/github.com/centrifugal/centrifuge@v0.33.3/internal/dissolve/dissolve.go:31 +0x25

goroutine 31862 [select]:
github.com/centrifugal/centrifuge.(*Node).initMetrics.func1()
	/home/mariell/go/pkg/mod/github.com/centrifugal/centrifuge@v0.33.3/node.go:365 +0x8a
created by github.com/centrifugal/centrifuge.(*Node).initMetrics in goroutine 31996
	/home/mariell/go/pkg/mod/github.com/centrifugal/centrifuge@v0.33.3/node.go:363 +0x1f9

goroutine 54363 [sync.Cond.Wait]:
sync.runtime_notifyListWait(0xc02667f850, 0x1d)
	/usr/lib/go/src/runtime/sema.go:597 +0x159
sync.(*Cond).Wait(0x0?)
	/usr/lib/go/src/sync/cond.go:71 +0x85
github.com/centrifugal/centrifuge/internal/dissolve.(*queueImpl).Wait(0xc029e6aa10)
	/home/mariell/go/pkg/mod/github.com/centrifugal/centrifuge@v0.33.3/internal/dissolve/queue.go:139 +0x4a
github.com/centrifugal/centrifuge/internal/dissolve.(*Dissolver).runWorker(0xc015fed548)
	/home/mariell/go/pkg/mod/github.com/centrifugal/centrifuge@v0.33.3/internal/dissolve/dissolve.go:52 +0x27
created by github.com/centrifugal/centrifuge/internal/dissolve.(*Dissolver).Run in goroutine 53243
	/home/mariell/go/pkg/mod/github.com/centrifugal/centrifuge@v0.33.3/internal/dissolve/dissolve.go:31 +0x25

goroutine 33140 [sync.Cond.Wait]:
sync.runtime_notifyListWait(0xc019c7fcd0, 0x2a)
	/usr/lib/go/src/runtime/sema.go:597 +0x159
sync.(*Cond).Wait(0x0?)
	/usr/lib/go/src/sync/cond.go:71 +0x85
github.com/centrifugal/centrifuge/internal/dissolve.(*queueImpl).Wait(0xc012092e00)
	/home/mariell/go/pkg/mod/github.com/centrifugal/centrifuge@v0.33.3/internal/dissolve/queue.go:139 +0x4a
github.com/centrifugal/centrifuge/internal/dissolve.(*Dissolver).runWorker(0xc01ba3c438)
	/home/mariell/go/pkg/mod/github.com/centrifugal/centrifuge@v0.33.3/internal/dissolve/dissolve.go:52 +0x27
created by github.com/centrifugal/centrifuge/internal/dissolve.(*Dissolver).Run in goroutine 31996
	/home/mariell/go/pkg/mod/github.com/centrifugal/centrifuge@v0.33.3/internal/dissolve/dissolve.go:31 +0x25

goroutine 33141 [sync.Cond.Wait]:
sync.runtime_notifyListWait(0xc019c7fcd0, 0x31)
	/usr/lib/go/src/runtime/sema.go:597 +0x159
sync.(*Cond).Wait(0x4708880?)
	/usr/lib/go/src/sync/cond.go:71 +0x85
github.com/centrifugal/centrifuge/internal/dissolve.(*queueImpl).Wait(0xc012092e00)
	/home/mariell/go/pkg/mod/github.com/centrifugal/centrifuge@v0.33.3/internal/dissolve/queue.go:139 +0x4a
github.com/centrifugal/centrifuge/internal/dissolve.(*Dissolver).runWorker(0xc01ba3c438)
	/home/mariell/go/pkg/mod/github.com/centrifugal/centrifuge@v0.33.3/internal/dissolve/dissolve.go:52 +0x27
created by github.com/centrifugal/centrifuge/internal/dissolve.(*Dissolver).Run in goroutine 31996
	/home/mariell/go/pkg/mod/github.com/centrifugal/centrifuge@v0.33.3/internal/dissolve/dissolve.go:31 +0x25

goroutine 33142 [sync.Cond.Wait]:
sync.runtime_notifyListWait(0xc019c7fcd0, 0x16)
	/usr/lib/go/src/runtime/sema.go:597 +0x159
sync.(*Cond).Wait(0x0?)
	/usr/lib/go/src/sync/cond.go:71 +0x85
github.com/centrifugal/centrifuge/internal/dissolve.(*queueImpl).Wait(0xc012092e00)
	/home/mariell/go/pkg/mod/github.com/centrifugal/centrifuge@v0.33.3/internal/dissolve/queue.go:139 +0x4a
github.com/centrifugal/centrifuge/internal/dissolve.(*Dissolver).runWorker(0xc01ba3c438)
	/home/mariell/go/pkg/mod/github.com/centrifugal/centrifuge@v0.33.3/internal/dissolve/dissolve.go:52 +0x27
created by github.com/centrifugal/centrifuge/internal/dissolve.(*Dissolver).Run in goroutine 31996
	/home/mariell/go/pkg/mod/github.com/centrifugal/centrifuge@v0.33.3/internal/dissolve/dissolve.go:31 +0x25

goroutine 33143 [sync.Cond.Wait]:
sync.runtime_notifyListWait(0xc019c7fcd0, 0x26)
	/usr/lib/go/src/runtime/sema.go:597 +0x159
sync.(*Cond).Wait(0x0?)
	/usr/lib/go/src/sync/cond.go:71 +0x85
github.com/centrifugal/centrifuge/internal/dissolve.(*queueImpl).Wait(0xc012092e00)
	/home/mariell/go/pkg/mod/github.com/centrifugal/centrifuge@v0.33.3/internal/dissolve/queue.go:139 +0x4a
github.com/centrifugal/centrifuge/internal/dissolve.(*Dissolver).runWorker(0xc01ba3c438)
	/home/mariell/go/pkg/mod/github.com/centrifugal/centrifuge@v0.33.3/internal/dissolve/dissolve.go:52 +0x27
created by github.com/centrifugal/centrifuge/internal/dissolve.(*Dissolver).Run in goroutine 31996
	/home/mariell/go/pkg/mod/github.com/centrifugal/centrifuge@v0.33.3/internal/dissolve/dissolve.go:31 +0x25

goroutine 33144 [sync.Cond.Wait]:
sync.runtime_notifyListWait(0xc019c7fcd0, 0x28)
	/usr/lib/go/src/runtime/sema.go:597 +0x159
sync.(*Cond).Wait(0x100000000000000?)
	/usr/lib/go/src/sync/cond.go:71 +0x85
github.com/centrifugal/centrifuge/internal/dissolve.(*queueImpl).Wait(0xc012092e00)
	/home/mariell/go/pkg/mod/github.com/centrifugal/centrifuge@v0.33.3/internal/dissolve/queue.go:139 +0x4a
github.com/centrifugal/centrifuge/internal/dissolve.(*Dissolver).runWorker(0xc01ba3c438)
	/home/mariell/go/pkg/mod/github.com/centrifugal/centrifuge@v0.33.3/internal/dissolve/dissolve.go:52 +0x27
created by github.com/centrifugal/centrifuge/internal/dissolve.(*Dissolver).Run in goroutine 31996
	/home/mariell/go/pkg/mod/github.com/centrifugal/centrifuge@v0.33.3/internal/dissolve/dissolve.go:31 +0x25

goroutine 33145 [sync.Cond.Wait]:
sync.runtime_notifyListWait(0xc019c7fcd0, 0x2b)
	/usr/lib/go/src/runtime/sema.go:597 +0x159
sync.(*Cond).Wait(0xc0108fb490?)
	/usr/lib/go/src/sync/cond.go:71 +0x85
github.com/centrifugal/centrifuge/internal/dissolve.(*queueImpl).Wait(0xc012092e00)
	/home/mariell/go/pkg/mod/github.com/centrifugal/centrifuge@v0.33.3/internal/dissolve/queue.go:139 +0x4a
github.com/centrifugal/centrifuge/internal/dissolve.(*Dissolver).runWorker(0xc01ba3c438)
	/home/mariell/go/pkg/mod/github.com/centrifugal/centrifuge@v0.33.3/internal/dissolve/dissolve.go:52 +0x27
created by github.com/centrifugal/centrifuge/internal/dissolve.(*Dissolver).Run in goroutine 31996
	/home/mariell/go/pkg/mod/github.com/centrifugal/centrifuge@v0.33.3/internal/dissolve/dissolve.go:31 +0x25

goroutine 33146 [sync.Cond.Wait]:
sync.runtime_notifyListWait(0xc019c7fcd0, 0x36)
	/usr/lib/go/src/runtime/sema.go:597 +0x159
sync.(*Cond).Wait(0x823435?)
	/usr/lib/go/src/sync/cond.go:71 +0x85
github.com/centrifugal/centrifuge/internal/dissolve.(*queueImpl).Wait(0xc012092e00)
	/home/mariell/go/pkg/mod/github.com/centrifugal/centrifuge@v0.33.3/internal/dissolve/queue.go:139 +0x4a
github.com/centrifugal/centrifuge/internal/dissolve.(*Dissolver).runWorker(0xc01ba3c438)
	/home/mariell/go/pkg/mod/github.com/centrifugal/centrifuge@v0.33.3/internal/dissolve/dissolve.go:52 +0x27
created by github.com/centrifugal/centrifuge/internal/dissolve.(*Dissolver).Run in goroutine 31996
	/home/mariell/go/pkg/mod/github.com/centrifugal/centrifuge@v0.33.3/internal/dissolve/dissolve.go:31 +0x25

goroutine 33147 [sync.Cond.Wait]:
sync.runtime_notifyListWait(0xc019c7fcd0, 0x37)
	/usr/lib/go/src/runtime/sema.go:597 +0x159
sync.(*Cond).Wait(0x0?)
	/usr/lib/go/src/sync/cond.go:71 +0x85
github.com/centrifugal/centrifuge/internal/dissolve.(*queueImpl).Wait(0xc012092e00)
	/home/mariell/go/pkg/mod/github.com/centrifugal/centrifuge@v0.33.3/internal/dissolve/queue.go:139 +0x4a
github.com/centrifugal/centrifuge/internal/dissolve.(*Dissolver).runWorker(0xc01ba3c438)
	/home/mariell/go/pkg/mod/github.com/centrifugal/centrifuge@v0.33.3/internal/dissolve/dissolve.go:52 +0x27
created by github.com/centrifugal/centrifuge/internal/dissolve.(*Dissolver).Run in goroutine 31996
	/home/mariell/go/pkg/mod/github.com/centrifugal/centrifuge@v0.33.3/internal/dissolve/dissolve.go:31 +0x25

goroutine 33148 [sync.Cond.Wait]:
sync.runtime_notifyListWait(0xc019c7fcd0, 0x35)
	/usr/lib/go/src/runtime/sema.go:597 +0x159
sync.(*Cond).Wait(0x0?)
	/usr/lib/go/src/sync/cond.go:71 +0x85
github.com/centrifugal/centrifuge/internal/dissolve.(*queueImpl).Wait(0xc012092e00)
	/home/mariell/go/pkg/mod/github.com/centrifugal/centrifuge@v0.33.3/internal/dissolve/queue.go:139 +0x4a
github.com/centrifugal/centrifuge/internal/dissolve.(*Dissolver).runWorker(0xc01ba3c438)
	/home/mariell/go/pkg/mod/github.com/centrifugal/centrifuge@v0.33.3/internal/dissolve/dissolve.go:52 +0x27
created by github.com/centrifugal/centrifuge/internal/dissolve.(*Dissolver).Run in goroutine 31996
	/home/mariell/go/pkg/mod/github.com/centrifugal/centrifuge@v0.33.3/internal/dissolve/dissolve.go:31 +0x25

goroutine 33149 [sync.Cond.Wait]:
sync.runtime_notifyListWait(0xc019c7fcd0, 0x39)
	/usr/lib/go/src/runtime/sema.go:597 +0x159
sync.(*Cond).Wait(0xc01225d101?)
	/usr/lib/go/src/sync/cond.go:71 +0x85
github.com/centrifugal/centrifuge/internal/dissolve.(*queueImpl).Wait(0xc012092e00)
	/home/mariell/go/pkg/mod/github.com/centrifugal/centrifuge@v0.33.3/internal/dissolve/queue.go:139 +0x4a
github.com/centrifugal/centrifuge/internal/dissolve.(*Dissolver).runWorker(0xc01ba3c438)
	/home/mariell/go/pkg/mod/github.com/centrifugal/centrifuge@v0.33.3/internal/dissolve/dissolve.go:52 +0x27
created by github.com/centrifugal/centrifuge/internal/dissolve.(*Dissolver).Run in goroutine 31996
	/home/mariell/go/pkg/mod/github.com/centrifugal/centrifuge@v0.33.3/internal/dissolve/dissolve.go:31 +0x25

goroutine 33150 [sync.Cond.Wait]:
sync.runtime_notifyListWait(0xc019c7fcd0, 0x3c)
	/usr/lib/go/src/runtime/sema.go:597 +0x159
sync.(*Cond).Wait(0xc0025edfd0?)
	/usr/lib/go/src/sync/cond.go:71 +0x85
github.com/centrifugal/centrifuge/internal/dissolve.(*queueImpl).Wait(0xc012092e00)
	/home/mariell/go/pkg/mod/github.com/centrifugal/centrifuge@v0.33.3/internal/dissolve/queue.go:139 +0x4a
github.com/centrifugal/centrifuge/internal/dissolve.(*Dissolver).runWorker(0xc01ba3c438)
	/home/mariell/go/pkg/mod/github.com/centrifugal/centrifuge@v0.33.3/internal/dissolve/dissolve.go:52 +0x27
created by github.com/centrifugal/centrifuge/internal/dissolve.(*Dissolver).Run in goroutine 31996
	/home/mariell/go/pkg/mod/github.com/centrifugal/centrifuge@v0.33.3/internal/dissolve/dissolve.go:31 +0x25

goroutine 33151 [sync.Cond.Wait]:
sync.runtime_notifyListWait(0xc019c7fcd0, 0x24)
	/usr/lib/go/src/runtime/sema.go:597 +0x159
sync.(*Cond).Wait(0x10000c010097b90?)
	/usr/lib/go/src/sync/cond.go:71 +0x85
github.com/centrifugal/centrifuge/internal/dissolve.(*queueImpl).Wait(0xc012092e00)
	/home/mariell/go/pkg/mod/github.com/centrifugal/centrifuge@v0.33.3/internal/dissolve/queue.go:139 +0x4a
github.com/centrifugal/centrifuge/internal/dissolve.(*Dissolver).runWorker(0xc01ba3c438)
	/home/mariell/go/pkg/mod/github.com/centrifugal/centrifuge@v0.33.3/internal/dissolve/dissolve.go:52 +0x27
created by github.com/centrifugal/centrifuge/internal/dissolve.(*Dissolver).Run in goroutine 31996
	/home/mariell/go/pkg/mod/github.com/centrifugal/centrifuge@v0.33.3/internal/dissolve/dissolve.go:31 +0x25

goroutine 33152 [sync.Cond.Wait]:
sync.runtime_notifyListWait(0xc019c7fcd0, 0x34)
	/usr/lib/go/src/runtime/sema.go:597 +0x159
sync.(*Cond).Wait(0xc014742fd0?)
	/usr/lib/go/src/sync/cond.go:71 +0x85
github.com/centrifugal/centrifuge/internal/dissolve.(*queueImpl).Wait(0xc012092e00)
	/home/mariell/go/pkg/mod/github.com/centrifugal/centrifuge@v0.33.3/internal/dissolve/queue.go:139 +0x4a
github.com/centrifugal/centrifuge/internal/dissolve.(*Dissolver).runWorker(0xc01ba3c438)
	/home/mariell/go/pkg/mod/github.com/centrifugal/centrifuge@v0.33.3/internal/dissolve/dissolve.go:52 +0x27
created by github.com/centrifugal/centrifuge/internal/dissolve.(*Dissolver).Run in goroutine 31996
	/home/mariell/go/pkg/mod/github.com/centrifugal/centrifuge@v0.33.3/internal/dissolve/dissolve.go:31 +0x25

goroutine 33153 [sync.Cond.Wait]:
sync.runtime_notifyListWait(0xc019c7fcd0, 0x32)
	/usr/lib/go/src/runtime/sema.go:597 +0x159
sync.(*Cond).Wait(0x100000000000000?)
	/usr/lib/go/src/sync/cond.go:71 +0x85
github.com/centrifugal/centrifuge/internal/dissolve.(*queueImpl).Wait(0xc012092e00)
	/home/mariell/go/pkg/mod/github.com/centrifugal/centrifuge@v0.33.3/internal/dissolve/queue.go:139 +0x4a
github.com/centrifugal/centrifuge/internal/dissolve.(*Dissolver).runWorker(0xc01ba3c438)
	/home/mariell/go/pkg/mod/github.com/centrifugal/centrifuge@v0.33.3/internal/dissolve/dissolve.go:52 +0x27
created by github.com/centrifugal/centrifuge/internal/dissolve.(*Dissolver).Run in goroutine 31996
	/home/mariell/go/pkg/mod/github.com/centrifugal/centrifuge@v0.33.3/internal/dissolve/dissolve.go:31 +0x25

goroutine 33154 [sync.Cond.Wait]:
sync.runtime_notifyListWait(0xc019c7fcd0, 0x33)
	/usr/lib/go/src/runtime/sema.go:597 +0x159
sync.(*Cond).Wait(0x0?)
	/usr/lib/go/src/sync/cond.go:71 +0x85
github.com/centrifugal/centrifuge/internal/dissolve.(*queueImpl).Wait(0xc012092e00)
	/home/mariell/go/pkg/mod/github.com/centrifugal/centrifuge@v0.33.3/internal/dissolve/queue.go:139 +0x4a
github.com/centrifugal/centrifuge/internal/dissolve.(*Dissolver).runWorker(0xc01ba3c438)
	/home/mariell/go/pkg/mod/github.com/centrifugal/centrifuge@v0.33.3/internal/dissolve/dissolve.go:52 +0x27
created by github.com/centrifugal/centrifuge/internal/dissolve.(*Dissolver).Run in goroutine 31996
	/home/mariell/go/pkg/mod/github.com/centrifugal/centrifuge@v0.33.3/internal/dissolve/dissolve.go:31 +0x25

goroutine 33155 [sync.Cond.Wait]:
sync.runtime_notifyListWait(0xc019c7fcd0, 0x3d)
	/usr/lib/go/src/runtime/sema.go:597 +0x159
sync.(*Cond).Wait(0x1?)
	/usr/lib/go/src/sync/cond.go:71 +0x85
github.com/centrifugal/centrifuge/internal/dissolve.(*queueImpl).Wait(0xc012092e00)
	/home/mariell/go/pkg/mod/github.com/centrifugal/centrifuge@v0.33.3/internal/dissolve/queue.go:139 +0x4a
github.com/centrifugal/centrifuge/internal/dissolve.(*Dissolver).runWorker(0xc01ba3c438)
	/home/mariell/go/pkg/mod/github.com/centrifugal/centrifuge@v0.33.3/internal/dissolve/dissolve.go:52 +0x27
created by github.com/centrifugal/centrifuge/internal/dissolve.(*Dissolver).Run in goroutine 31996
	/home/mariell/go/pkg/mod/github.com/centrifugal/centrifuge@v0.33.3/internal/dissolve/dissolve.go:31 +0x25

goroutine 33156 [sync.Cond.Wait]:
sync.runtime_notifyListWait(0xc019c7fcd0, 0x2f)
	/usr/lib/go/src/runtime/sema.go:597 +0x159
sync.(*Cond).Wait(0x0?)
	/usr/lib/go/src/sync/cond.go:71 +0x85
github.com/centrifugal/centrifuge/internal/dissolve.(*queueImpl).Wait(0xc012092e00)
	/home/mariell/go/pkg/mod/github.com/centrifugal/centrifuge@v0.33.3/internal/dissolve/queue.go:139 +0x4a
github.com/centrifugal/centrifuge/internal/dissolve.(*Dissolver).runWorker(0xc01ba3c438)
	/home/mariell/go/pkg/mod/github.com/centrifugal/centrifuge@v0.33.3/internal/dissolve/dissolve.go:52 +0x27
created by github.com/centrifugal/centrifuge/internal/dissolve.(*Dissolver).Run in goroutine 31996
	/home/mariell/go/pkg/mod/github.com/centrifugal/centrifuge@v0.33.3/internal/dissolve/dissolve.go:31 +0x25

goroutine 33157 [sync.Cond.Wait]:
sync.runtime_notifyListWait(0xc019c7fcd0, 0x3b)
	/usr/lib/go/src/runtime/sema.go:597 +0x159
sync.(*Cond).Wait(0x8?)
	/usr/lib/go/src/sync/cond.go:71 +0x85
github.com/centrifugal/centrifuge/internal/dissolve.(*queueImpl).Wait(0xc012092e00)
	/home/mariell/go/pkg/mod/github.com/centrifugal/centrifuge@v0.33.3/internal/dissolve/queue.go:139 +0x4a
github.com/centrifugal/centrifuge/internal/dissolve.(*Dissolver).runWorker(0xc01ba3c438)
	/home/mariell/go/pkg/mod/github.com/centrifugal/centrifuge@v0.33.3/internal/dissolve/dissolve.go:52 +0x27
created by github.com/centrifugal/centrifuge/internal/dissolve.(*Dissolver).Run in goroutine 31996
	/home/mariell/go/pkg/mod/github.com/centrifugal/centrifuge@v0.33.3/internal/dissolve/dissolve.go:31 +0x25

goroutine 33158 [sync.Cond.Wait]:
sync.runtime_notifyListWait(0xc019c7fcd0, 0x38)
	/usr/lib/go/src/runtime/sema.go:597 +0x159
sync.(*Cond).Wait(0x1?)
	/usr/lib/go/src/sync/cond.go:71 +0x85
github.com/centrifugal/centrifuge/internal/dissolve.(*queueImpl).Wait(0xc012092e00)
	/home/mariell/go/pkg/mod/github.com/centrifugal/centrifuge@v0.33.3/internal/dissolve/queue.go:139 +0x4a
github.com/centrifugal/centrifuge/internal/dissolve.(*Dissolver).runWorker(0xc01ba3c438)
	/home/mariell/go/pkg/mod/github.com/centrifugal/centrifuge@v0.33.3/internal/dissolve/dissolve.go:52 +0x27
created by github.com/centrifugal/centrifuge/internal/dissolve.(*Dissolver).Run in goroutine 31996
	/home/mariell/go/pkg/mod/github.com/centrifugal/centrifuge@v0.33.3/internal/dissolve/dissolve.go:31 +0x25

goroutine 33159 [sync.Cond.Wait]:
sync.runtime_notifyListWait(0xc019c7fcd0, 0x3e)
	/usr/lib/go/src/runtime/sema.go:597 +0x159
sync.(*Cond).Wait(0x1?)
	/usr/lib/go/src/sync/cond.go:71 +0x85
github.com/centrifugal/centrifuge/internal/dissolve.(*queueImpl).Wait(0xc012092e00)
	/home/mariell/go/pkg/mod/github.com/centrifugal/centrifuge@v0.33.3/internal/dissolve/queue.go:139 +0x4a
github.com/centrifugal/centrifuge/internal/dissolve.(*Dissolver).runWorker(0xc01ba3c438)
	/home/mariell/go/pkg/mod/github.com/centrifugal/centrifuge@v0.33.3/internal/dissolve/dissolve.go:52 +0x27
created by github.com/centrifugal/centrifuge/internal/dissolve.(*Dissolver).Run in goroutine 31996
	/home/mariell/go/pkg/mod/github.com/centrifugal/centrifuge@v0.33.3/internal/dissolve/dissolve.go:31 +0x25

goroutine 33160 [sync.Cond.Wait]:
sync.runtime_notifyListWait(0xc019c7fcd0, 0x3a)
	/usr/lib/go/src/runtime/sema.go:597 +0x159
sync.(*Cond).Wait(0x8400a4d2108400a4?)
	/usr/lib/go/src/sync/cond.go:71 +0x85
github.com/centrifugal/centrifuge/internal/dissolve.(*queueImpl).Wait(0xc012092e00)
	/home/mariell/go/pkg/mod/github.com/centrifugal/centrifuge@v0.33.3/internal/dissolve/queue.go:139 +0x4a
github.com/centrifugal/centrifuge/internal/dissolve.(*Dissolver).runWorker(0xc01ba3c438)
	/home/mariell/go/pkg/mod/github.com/centrifugal/centrifuge@v0.33.3/internal/dissolve/dissolve.go:52 +0x27
created by github.com/centrifugal/centrifuge/internal/dissolve.(*Dissolver).Run in goroutine 31996
	/home/mariell/go/pkg/mod/github.com/centrifugal/centrifuge@v0.33.3/internal/dissolve/dissolve.go:31 +0x25

goroutine 33161 [sync.Cond.Wait]:
sync.runtime_notifyListWait(0xc019c7fcd0, 0x3f)
	/usr/lib/go/src/runtime/sema.go:597 +0x159
sync.(*Cond).Wait(0x0?)
	/usr/lib/go/src/sync/cond.go:71 +0x85
github.com/centrifugal/centrifuge/internal/dissolve.(*queueImpl).Wait(0xc012092e00)
	/home/mariell/go/pkg/mod/github.com/centrifugal/centrifuge@v0.33.3/internal/dissolve/queue.go:139 +0x4a
github.com/centrifugal/centrifuge/internal/dissolve.(*Dissolver).runWorker(0xc01ba3c438)
	/home/mariell/go/pkg/mod/github.com/centrifugal/centrifuge@v0.33.3/internal/dissolve/dissolve.go:52 +0x27
created by github.com/centrifugal/centrifuge/internal/dissolve.(*Dissolver).Run in goroutine 31996
	/home/mariell/go/pkg/mod/github.com/centrifugal/centrifuge@v0.33.3/internal/dissolve/dissolve.go:31 +0x25

goroutine 39264 [select]:
net/http.(*persistConn).writeLoop(0xc0046a4240)
	/usr/lib/go/src/net/http/transport.go:2590 +0xe7
created by net/http.(*Transport).dialConn in goroutine 37877
	/usr/lib/go/src/net/http/transport.go:1945 +0x17a5

goroutine 34673 [sync.Cond.Wait]:
sync.runtime_notifyListWait(0xc00dfe4bd0, 0x26)
	/usr/lib/go/src/runtime/sema.go:597 +0x159
sync.(*Cond).Wait(0x0?)
	/usr/lib/go/src/sync/cond.go:71 +0x85
github.com/centrifugal/centrifuge/internal/dissolve.(*queueImpl).Wait(0xc01277aee0)
	/home/mariell/go/pkg/mod/github.com/centrifugal/centrifuge@v0.33.3/internal/dissolve/queue.go:139 +0x4a
github.com/centrifugal/centrifuge/internal/dissolve.(*Dissolver).runWorker(0xc015fec510)
	/home/mariell/go/pkg/mod/github.com/centrifugal/centrifuge@v0.33.3/internal/dissolve/dissolve.go:52 +0x27
created by github.com/centrifugal/centrifuge/internal/dissolve.(*Dissolver).Run in goroutine 33524
	/home/mariell/go/pkg/mod/github.com/centrifugal/centrifuge@v0.33.3/internal/dissolve/dissolve.go:31 +0x25

goroutine 52854 [sync.Cond.Wait]:
sync.runtime_notifyListWait(0xc0301d0dd0, 0x12)
	/usr/lib/go/src/runtime/sema.go:597 +0x159
sync.(*Cond).Wait(0x0?)
	/usr/lib/go/src/sync/cond.go:71 +0x85
github.com/centrifugal/centrifuge/internal/dissolve.(*queueImpl).Wait(0xc030230380)
	/home/mariell/go/pkg/mod/github.com/centrifugal/centrifuge@v0.33.3/internal/dissolve/queue.go:139 +0x4a
github.com/centrifugal/centrifuge/internal/dissolve.(*Dissolver).runWorker(0xc008ba75c0)
	/home/mariell/go/pkg/mod/github.com/centrifugal/centrifuge@v0.33.3/internal/dissolve/dissolve.go:52 +0x27
created by github.com/centrifugal/centrifuge/internal/dissolve.(*Dissolver).Run in goroutine 51765
	/home/mariell/go/pkg/mod/github.com/centrifugal/centrifuge@v0.33.3/internal/dissolve/dissolve.go:31 +0x25

goroutine 34472 [select]:
github.com/patrickmn/go-cache.(*janitor).Run(0xc01f28a610, 0xc01bb1fe00)
	/home/mariell/go/pkg/mod/github.com/patrickmn/go-cache@v2.1.0+incompatible/cache.go:1079 +0x7b
created by github.com/patrickmn/go-cache.runJanitor in goroutine 33524
	/home/mariell/go/pkg/mod/github.com/patrickmn/go-cache@v2.1.0+incompatible/cache.go:1099 +0xdb

goroutine 33218 [select]:
github.com/patrickmn/go-cache.(*janitor).Run(0xc010cb5f60, 0xc01407c140)
	/home/mariell/go/pkg/mod/github.com/patrickmn/go-cache@v2.1.0+incompatible/cache.go:1079 +0x7b
created by github.com/patrickmn/go-cache.runJanitor in goroutine 31996
	/home/mariell/go/pkg/mod/github.com/patrickmn/go-cache@v2.1.0+incompatible/cache.go:1099 +0xdb

goroutine 33224 [select]:
github.com/patrickmn/go-cache.(*janitor).Run(0xc010a4a220, 0xc00aa61200)
	/home/mariell/go/pkg/mod/github.com/patrickmn/go-cache@v2.1.0+incompatible/cache.go:1079 +0x7b
created by github.com/patrickmn/go-cache.runJanitor in goroutine 31996
	/home/mariell/go/pkg/mod/github.com/patrickmn/go-cache@v2.1.0+incompatible/cache.go:1099 +0xdb

goroutine 33225 [select]:
github.com/patrickmn/go-cache.(*janitor).Run(0xc010a4a380, 0xc00aa61380)
	/home/mariell/go/pkg/mod/github.com/patrickmn/go-cache@v2.1.0+incompatible/cache.go:1079 +0x7b
created by github.com/patrickmn/go-cache.runJanitor in goroutine 31996
	/home/mariell/go/pkg/mod/github.com/patrickmn/go-cache@v2.1.0+incompatible/cache.go:1099 +0xdb

goroutine 33226 [select]:
github.com/patrickmn/go-cache.(*janitor).Run(0xc010a4a390, 0xc00aa61400)
	/home/mariell/go/pkg/mod/github.com/patrickmn/go-cache@v2.1.0+incompatible/cache.go:1079 +0x7b
created by github.com/patrickmn/go-cache.runJanitor in goroutine 31996
	/home/mariell/go/pkg/mod/github.com/patrickmn/go-cache@v2.1.0+incompatible/cache.go:1099 +0xdb

goroutine 33304 [select]:
github.com/patrickmn/go-cache.(*janitor).Run(0xc010e03b20, 0xc00ff83580)
	/home/mariell/go/pkg/mod/github.com/patrickmn/go-cache@v2.1.0+incompatible/cache.go:1079 +0x7b
created by github.com/patrickmn/go-cache.runJanitor in goroutine 31996
	/home/mariell/go/pkg/mod/github.com/patrickmn/go-cache@v2.1.0+incompatible/cache.go:1099 +0xdb

goroutine 33306 [select]:
github.com/patrickmn/go-cache.(*janitor).Run(0xc010eb2c60, 0xc004c96a40)
	/home/mariell/go/pkg/mod/github.com/patrickmn/go-cache@v2.1.0+incompatible/cache.go:1079 +0x7b
created by github.com/patrickmn/go-cache.runJanitor in goroutine 31996
	/home/mariell/go/pkg/mod/github.com/patrickmn/go-cache@v2.1.0+incompatible/cache.go:1099 +0xdb

goroutine 33563 [select]:
database/sql.(*DB).connectionOpener(0xc0053cb860, {0xa9d1d00, 0xc00b6827d0})
	/usr/lib/go/src/database/sql/sql.go:1261 +0x87
created by database/sql.OpenDB in goroutine 33562
	/usr/lib/go/src/database/sql/sql.go:841 +0x130

goroutine 46712 [sync.Cond.Wait]:
sync.runtime_notifyListWait(0xc016303990, 0x14)
	/usr/lib/go/src/runtime/sema.go:597 +0x159
sync.(*Cond).Wait(0x0?)
	/usr/lib/go/src/sync/cond.go:71 +0x85
github.com/centrifugal/centrifuge/internal/dissolve.(*queueImpl).Wait(0xc020154850)
	/home/mariell/go/pkg/mod/github.com/centrifugal/centrifuge@v0.33.3/internal/dissolve/queue.go:139 +0x4a
github.com/centrifugal/centrifuge/internal/dissolve.(*Dissolver).runWorker(0xc00b4e8b40)
	/home/mariell/go/pkg/mod/github.com/centrifugal/centrifuge@v0.33.3/internal/dissolve/dissolve.go:52 +0x27
created by github.com/centrifugal/centrifuge/internal/dissolve.(*Dissolver).Run in goroutine 45402
	/home/mariell/go/pkg/mod/github.com/centrifugal/centrifuge@v0.33.3/internal/dissolve/dissolve.go:31 +0x25

goroutine 34637 [sync.Cond.Wait]:
sync.runtime_notifyListWait(0xc00dfe4bd0, 0x2)
	/usr/lib/go/src/runtime/sema.go:597 +0x159
sync.(*Cond).Wait(0xc00ca404d0?)
	/usr/lib/go/src/sync/cond.go:71 +0x85
github.com/centrifugal/centrifuge/internal/dissolve.(*queueImpl).Wait(0xc01277aee0)
	/home/mariell/go/pkg/mod/github.com/centrifugal/centrifuge@v0.33.3/internal/dissolve/queue.go:139 +0x4a
github.com/centrifugal/centrifuge/internal/dissolve.(*Dissolver).runWorker(0xc015fec510)
	/home/mariell/go/pkg/mod/github.com/centrifugal/centrifuge@v0.33.3/internal/dissolve/dissolve.go:52 +0x27
created by github.com/centrifugal/centrifuge/internal/dissolve.(*Dissolver).Run in goroutine 33524
	/home/mariell/go/pkg/mod/github.com/centrifugal/centrifuge@v0.33.3/internal/dissolve/dissolve.go:31 +0x25

goroutine 32960 [chan receive]:
github.com/grafana/grafana/pkg/storage/unified/resource.(*server).initWatcher.func1.1()
	/home/mariell/work/oss/grafana/pkg/storage/unified/resource/server.go:922 +0x58
created by github.com/grafana/grafana/pkg/storage/unified/resource.(*server).initWatcher.func1 in goroutine 32950
	/home/mariell/work/oss/grafana/pkg/storage/unified/resource/server.go:921 +0xaa

goroutine 34636 [sync.Cond.Wait]:
sync.runtime_notifyListWait(0xc00dfe4bd0, 0x1)
	/usr/lib/go/src/runtime/sema.go:597 +0x159
sync.(*Cond).Wait(0x823435?)
	/usr/lib/go/src/sync/cond.go:71 +0x85
github.com/centrifugal/centrifuge/internal/dissolve.(*queueImpl).Wait(0xc01277aee0)
	/home/mariell/go/pkg/mod/github.com/centrifugal/centrifuge@v0.33.3/internal/dissolve/queue.go:139 +0x4a
github.com/centrifugal/centrifuge/internal/dissolve.(*Dissolver).runWorker(0xc015fec510)
	/home/mariell/go/pkg/mod/github.com/centrifugal/centrifuge@v0.33.3/internal/dissolve/dissolve.go:52 +0x27
created by github.com/centrifugal/centrifuge/internal/dissolve.(*Dissolver).Run in goroutine 33524
	/home/mariell/go/pkg/mod/github.com/centrifugal/centrifuge@v0.33.3/internal/dissolve/dissolve.go:31 +0x25

goroutine 40538 [sync.Cond.Wait]:
sync.runtime_notifyListWait(0xc0228a0b10, 0x2)
	/usr/lib/go/src/runtime/sema.go:597 +0x159
sync.(*Cond).Wait(0x0?)
	/usr/lib/go/src/sync/cond.go:71 +0x85
github.com/centrifugal/centrifuge/internal/dissolve.(*queueImpl).Wait(0xc0228cc690)
	/home/mariell/go/pkg/mod/github.com/centrifugal/centrifuge@v0.33.3/internal/dissolve/queue.go:139 +0x4a
github.com/centrifugal/centrifuge/internal/dissolve.(*Dissolver).runWorker(0xc015fedd58)
	/home/mariell/go/pkg/mod/github.com/centrifugal/centrifuge@v0.33.3/internal/dissolve/dissolve.go:52 +0x27
created by github.com/centrifugal/centrifuge/internal/dissolve.(*Dissolver).Run in goroutine 36287
	/home/mariell/go/pkg/mod/github.com/centrifugal/centrifuge@v0.33.3/internal/dissolve/dissolve.go:31 +0x25

goroutine 32961 [select]:
github.com/grafana/grafana/pkg/storage/unified/resource.(*cache[...]).run(0xc0049361e0)
	/home/mariell/work/oss/grafana/pkg/storage/unified/resource/broadcaster.go:291 +0xb0
created by github.com/grafana/grafana/pkg/storage/unified/resource.newChannelCache[...] in goroutine 32950
	/home/mariell/work/oss/grafana/pkg/storage/unified/resource/broadcaster.go:276 +0x189

goroutine 33557 [chan receive (nil chan)]:
k8s.io/apiserver/pkg/server.preparedGenericAPIServer.RunWithContext.func5()
	/home/mariell/go/pkg/mod/k8s.io/apiserver@v0.32.1/pkg/server/genericapiserver.go:598 +0x37
created by k8s.io/apiserver/pkg/server.preparedGenericAPIServer.RunWithContext in goroutine 33550
	/home/mariell/go/pkg/mod/k8s.io/apiserver@v0.32.1/pkg/server/genericapiserver.go:597 +0x60b

goroutine 33368 [IO wait]:
internal/poll.runtime_pollWait(0x7775585995b8, 0x72)
	/usr/lib/go/src/runtime/netpoll.go:351 +0x85
internal/poll.(*pollDesc).wait(0xc011cfc580?, 0xc0125ba000?, 0x0)
	/usr/lib/go/src/internal/poll/fd_poll_runtime.go:84 +0x27
internal/poll.(*pollDesc).waitRead(...)
	/usr/lib/go/src/internal/poll/fd_poll_runtime.go:89
internal/poll.(*FD).Read(0xc011cfc580, {0xc0125ba000, 0x1300, 0x1300})
	/usr/lib/go/src/internal/poll/fd_unix.go:165 +0x27a
net.(*netFD).Read(0xc011cfc580, {0xc0125ba000?, 0x5?, 0x5?})
	/usr/lib/go/src/net/fd_posix.go:55 +0x25
net.(*conn).Read(0xc010044028, {0xc0125ba000?, 0x77755840eb30?, 0x7775a8b2b9a8?})
	/usr/lib/go/src/net/net.go:194 +0x45
crypto/tls.(*atLeastReader).Read(0xc0131d0540, {0xc0125ba000?, 0x11abda20?, 0xc00d5419c8?})
	/usr/lib/go/src/crypto/tls/conn.go:809 +0x3b
bytes.(*Buffer).ReadFrom(0xc010e43438, {0xa94e300, 0xc0131d0540})
	/usr/lib/go/src/bytes/buffer.go:211 +0x98
crypto/tls.(*Conn).readFromUntil(0xc010e43188, {0xa94dc00, 0xc010044028}, 0x444af4?)
	/usr/lib/go/src/crypto/tls/conn.go:831 +0xde
crypto/tls.(*Conn).readRecordOrCCS(0xc010e43188, 0x0)
	/usr/lib/go/src/crypto/tls/conn.go:629 +0x3cf
crypto/tls.(*Conn).readRecord(...)
	/usr/lib/go/src/crypto/tls/conn.go:591
crypto/tls.(*Conn).Read(0xc010e43188, {0xc00b921000, 0x1000, 0xc00e4ee270?})
	/usr/lib/go/src/crypto/tls/conn.go:1385 +0x145
net/http.(*persistConn).Read(0xc0052e0120, {0xc00b921000?, 0x81fe45?, 0xa94be80?})
	/usr/lib/go/src/net/http/transport.go:2122 +0x47
bufio.(*Reader).fill(0xc0120b0f60)
	/usr/lib/go/src/bufio/bufio.go:113 +0x103
bufio.(*Reader).Peek(0xc0120b0f60, 0x1)
	/usr/lib/go/src/bufio/bufio.go:152 +0x53
net/http.(*persistConn).readLoop(0xc0052e0120)
	/usr/lib/go/src/net/http/transport.go:2275 +0x172
created by net/http.(*Transport).dialConn in goroutine 33400
	/usr/lib/go/src/net/http/transport.go:1944 +0x174f

goroutine 33369 [select]:
net/http.(*persistConn).writeLoop(0xc0052e0120)
	/usr/lib/go/src/net/http/transport.go:2590 +0xe7
created by net/http.(*Transport).dialConn in goroutine 33400
	/usr/lib/go/src/net/http/transport.go:1945 +0x17a5

goroutine 38866 [select]:
github.com/patrickmn/go-cache.(*janitor).Run(0xc0145c7e80, 0xc01c0db540)
	/home/mariell/go/pkg/mod/github.com/patrickmn/go-cache@v2.1.0+incompatible/cache.go:1079 +0x7b
created by github.com/patrickmn/go-cache.runJanitor in goroutine 37971
	/home/mariell/go/pkg/mod/github.com/patrickmn/go-cache@v2.1.0+incompatible/cache.go:1099 +0xdb

goroutine 45594 [chan receive]:
github.com/grafana/grafana/pkg/registry/apis/dashboard/legacy.(*dashboardSqlAccess).WatchWriteEvents.func1()
	/home/mariell/work/oss/grafana/pkg/registry/apis/dashboard/legacy/storage.go:238 +0x50
created by github.com/grafana/grafana/pkg/registry/apis/dashboard/legacy.(*dashboardSqlAccess).WatchWriteEvents in goroutine 45410
	/home/mariell/work/oss/grafana/pkg/registry/apis/dashboard/legacy/storage.go:236 +0x1b6

goroutine 33413 [select]:
go.opentelemetry.io/otel/sdk/trace.(*batchSpanProcessor).processQueue(0xc00b680640)
	/home/mariell/go/pkg/mod/go.opentelemetry.io/otel/sdk@v1.34.0/trace/batch_span_processor.go:302 +0x114
go.opentelemetry.io/otel/sdk/trace.NewBatchSpanProcessor.func1()
	/home/mariell/go/pkg/mod/go.opentelemetry.io/otel/sdk@v1.34.0/trace/batch_span_processor.go:117 +0x4e
created by go.opentelemetry.io/otel/sdk/trace.NewBatchSpanProcessor in goroutine 31996
	/home/mariell/go/pkg/mod/go.opentelemetry.io/otel/sdk@v1.34.0/trace/batch_span_processor.go:115 +0x2d9

goroutine 42358 [select]:
go.opentelemetry.io/otel/sdk/trace.(*batchSpanProcessor).processQueue(0xc01e48bea0)
	/home/mariell/go/pkg/mod/go.opentelemetry.io/otel/sdk@v1.34.0/trace/batch_span_processor.go:302 +0x114
go.opentelemetry.io/otel/sdk/trace.NewBatchSpanProcessor.func1()
	/home/mariell/go/pkg/mod/go.opentelemetry.io/otel/sdk@v1.34.0/trace/batch_span_processor.go:117 +0x4e
created by go.opentelemetry.io/otel/sdk/trace.NewBatchSpanProcessor in goroutine 42495
	/home/mariell/go/pkg/mod/go.opentelemetry.io/otel/sdk@v1.34.0/trace/batch_span_processor.go:115 +0x2d9

goroutine 39058 [sync.Cond.Wait]:
sync.runtime_notifyListWait(0xc01fe50bd0, 0x32)
	/usr/lib/go/src/runtime/sema.go:597 +0x159
sync.(*Cond).Wait(0x0?)
	/usr/lib/go/src/sync/cond.go:71 +0x85
github.com/centrifugal/centrifuge/internal/dissolve.(*queueImpl).Wait(0xc00bf5ccb0)
	/home/mariell/go/pkg/mod/github.com/centrifugal/centrifuge@v0.33.3/internal/dissolve/queue.go:139 +0x4a
github.com/centrifugal/centrifuge/internal/dissolve.(*Dissolver).runWorker(0xc017ecc900)
	/home/mariell/go/pkg/mod/github.com/centrifugal/centrifuge@v0.33.3/internal/dissolve/dissolve.go:52 +0x27
created by github.com/centrifugal/centrifuge/internal/dissolve.(*Dissolver).Run in goroutine 37971
	/home/mariell/go/pkg/mod/github.com/centrifugal/centrifuge@v0.33.3/internal/dissolve/dissolve.go:31 +0x25

goroutine 47135 [select]:
net/http.(*persistConn).writeLoop(0xc0206e0000)
	/usr/lib/go/src/net/http/transport.go:2590 +0xe7
created by net/http.(*Transport).dialConn in goroutine 47077
	/usr/lib/go/src/net/http/transport.go:1945 +0x17a5

goroutine 37531 [sync.Cond.Wait]:
sync.runtime_notifyListWait(0xc01affc250, 0x8)
	/usr/lib/go/src/runtime/sema.go:597 +0x159
sync.(*Cond).Wait(0x0?)
	/usr/lib/go/src/sync/cond.go:71 +0x85
github.com/centrifugal/centrifuge/internal/dissolve.(*queueImpl).Wait(0xc01821cd90)
	/home/mariell/go/pkg/mod/github.com/centrifugal/centrifuge@v0.33.3/internal/dissolve/queue.go:139 +0x4a
github.com/centrifugal/centrifuge/internal/dissolve.(*Dissolver).runWorker(0xc0024fff08)
	/home/mariell/go/pkg/mod/github.com/centrifugal/centrifuge@v0.33.3/internal/dissolve/dissolve.go:52 +0x27
created by github.com/centrifugal/centrifuge/internal/dissolve.(*Dissolver).Run in goroutine 36374
	/home/mariell/go/pkg/mod/github.com/centrifugal/centrifuge@v0.33.3/internal/dissolve/dissolve.go:31 +0x25

goroutine 46720 [sync.Cond.Wait]:
sync.runtime_notifyListWait(0xc016303990, 0x1e)
	/usr/lib/go/src/runtime/sema.go:597 +0x159
sync.(*Cond).Wait(0x0?)
	/usr/lib/go/src/sync/cond.go:71 +0x85
github.com/centrifugal/centrifuge/internal/dissolve.(*queueImpl).Wait(0xc020154850)
	/home/mariell/go/pkg/mod/github.com/centrifugal/centrifuge@v0.33.3/internal/dissolve/queue.go:139 +0x4a
github.com/centrifugal/centrifuge/internal/dissolve.(*Dissolver).runWorker(0xc00b4e8b40)
	/home/mariell/go/pkg/mod/github.com/centrifugal/centrifuge@v0.33.3/internal/dissolve/dissolve.go:52 +0x27
created by github.com/centrifugal/centrifuge/internal/dissolve.(*Dissolver).Run in goroutine 45402
	/home/mariell/go/pkg/mod/github.com/centrifugal/centrifuge@v0.33.3/internal/dissolve/dissolve.go:31 +0x25

goroutine 34521 [select]:
github.com/grafana/grafana/pkg/storage/unified/resource.(*broadcaster[...]).stream(0xab113a0, 0xc01f27d650)
	/home/mariell/work/oss/grafana/pkg/storage/unified/resource/broadcaster.go:205 +0x13d
created by github.com/grafana/grafana/pkg/storage/unified/resource.(*broadcaster[...]).init in goroutine 33524
	/home/mariell/work/oss/grafana/pkg/storage/unified/resource/broadcaster.go:177 +0x219

goroutine 45590 [select]:
k8s.io/apimachinery/pkg/util/wait.BackoffUntil(0xc02794c7c0, {0xa95ac00, 0xc01d58cf00}, 0x1, 0xc0169bca10)
	/home/mariell/go/pkg/mod/k8s.io/apimachinery@v0.32.1/pkg/util/wait/backoff.go:238 +0x12c
k8s.io/apimachinery/pkg/util/wait.JitterUntil(0xc02794c7c0, 0x3b9aca00, 0x3ff3333333333333, 0x1, 0xc0169bca10)
	/home/mariell/go/pkg/mod/k8s.io/apimachinery@v0.32.1/pkg/util/wait/backoff.go:204 +0x7f
created by k8s.io/apiserver/pkg/registry/generic/registry.(*Store).startObservingCount in goroutine 45410
	/home/mariell/go/pkg/mod/k8s.io/apiserver@v0.32.1/pkg/registry/generic/registry/store.go:1666 +0x2f9

goroutine 45175 [sync.Cond.Wait]:
sync.runtime_notifyListWait(0xc026bf9c10, 0x24)
	/usr/lib/go/src/runtime/sema.go:597 +0x159
sync.(*Cond).Wait(0x0?)
	/usr/lib/go/src/sync/cond.go:71 +0x85
github.com/centrifugal/centrifuge/internal/dissolve.(*queueImpl).Wait(0xc026c14c40)
	/home/mariell/go/pkg/mod/github.com/centrifugal/centrifuge@v0.33.3/internal/dissolve/queue.go:139 +0x4a
github.com/centrifugal/centrifuge/internal/dissolve.(*Dissolver).runWorker(0xc026b0b128)
	/home/mariell/go/pkg/mod/github.com/centrifugal/centrifuge@v0.33.3/internal/dissolve/dissolve.go:52 +0x27
created by github.com/centrifugal/centrifuge/internal/dissolve.(*Dissolver).Run in goroutine 44067
	/home/mariell/go/pkg/mod/github.com/centrifugal/centrifuge@v0.33.3/internal/dissolve/dissolve.go:31 +0x25

goroutine 43974 [IO wait]:
internal/poll.runtime_pollWait(0x7775504ff068, 0x72)
	/usr/lib/go/src/runtime/netpoll.go:351 +0x85
internal/poll.(*pollDesc).wait(0xc016830a80?, 0xc018f40c00?, 0x0)
	/usr/lib/go/src/internal/poll/fd_poll_runtime.go:84 +0x27
internal/poll.(*pollDesc).waitRead(...)
	/usr/lib/go/src/internal/poll/fd_poll_runtime.go:89
internal/poll.(*FD).Read(0xc016830a80, {0xc018f40c00, 0x1300, 0x1300})
	/usr/lib/go/src/internal/poll/fd_unix.go:165 +0x27a
net.(*netFD).Read(0xc016830a80, {0xc018f40c00?, 0x0?, 0x0?})
	/usr/lib/go/src/net/fd_posix.go:55 +0x25
net.(*conn).Read(0xc0046d40c0, {0xc018f40c00?, 0x7775580a3a98?, 0x7775a8b40088?})
	/usr/lib/go/src/net/net.go:194 +0x45
crypto/tls.(*atLeastReader).Read(0xc01c4d24c8, {0xc018f40c00?, 0xc0237ce9b0?, 0x83c1a9?})
	/usr/lib/go/src/crypto/tls/conn.go:809 +0x3b
bytes.(*Buffer).ReadFrom(0xc0149bfeb8, {0xa94e300, 0xc01c4d24c8})
	/usr/lib/go/src/bytes/buffer.go:211 +0x98
crypto/tls.(*Conn).readFromUntil(0xc0149bfc08, {0xa94dc00, 0xc0046d40c0}, 0x444af4?)
	/usr/lib/go/src/crypto/tls/conn.go:831 +0xde
crypto/tls.(*Conn).readRecordOrCCS(0xc0149bfc08, 0x0)
	/usr/lib/go/src/crypto/tls/conn.go:629 +0x3cf
crypto/tls.(*Conn).readRecord(...)
	/usr/lib/go/src/crypto/tls/conn.go:591
crypto/tls.(*Conn).Read(0xc0149bfc08, {0xc016a96000, 0x1000, 0x7775a8b40088?})
	/usr/lib/go/src/crypto/tls/conn.go:1385 +0x145
net/http.(*persistConn).Read(0xc0255fe000, {0xc016a96000?, 0x4141c5?, 0x68?})
	/usr/lib/go/src/net/http/transport.go:2122 +0x47
bufio.(*Reader).fill(0xc019cde720)
	/usr/lib/go/src/bufio/bufio.go:113 +0x103
bufio.(*Reader).Peek(0xc019cde720, 0x1)
	/usr/lib/go/src/bufio/bufio.go:152 +0x53
net/http.(*persistConn).readLoop(0xc0255fe000)
	/usr/lib/go/src/net/http/transport.go:2275 +0x172
created by net/http.(*Transport).dialConn in goroutine 43858
	/usr/lib/go/src/net/http/transport.go:1944 +0x174f

goroutine 77738 [runnable]:
github.com/centrifugal/centrifuge/internal/dissolve.(*Dissolver).Run.gowrap1()
	/home/mariell/go/pkg/mod/github.com/centrifugal/centrifuge@v0.33.3/internal/dissolve/dissolve.go:31
runtime.goexit({})
	/usr/lib/go/src/runtime/asm_amd64.s:1700 +0x1
created by github.com/centrifugal/centrifuge/internal/dissolve.(*Dissolver).Run in goroutine 56142
	/home/mariell/go/pkg/mod/github.com/centrifugal/centrifuge@v0.33.3/internal/dissolve/dissolve.go:31 +0x25

goroutine 54372 [sync.Cond.Wait]:
sync.runtime_notifyListWait(0xc02667f850, 0x28)
	/usr/lib/go/src/runtime/sema.go:597 +0x159
sync.(*Cond).Wait(0x0?)
	/usr/lib/go/src/sync/cond.go:71 +0x85
github.com/centrifugal/centrifuge/internal/dissolve.(*queueImpl).Wait(0xc029e6aa10)
	/home/mariell/go/pkg/mod/github.com/centrifugal/centrifuge@v0.33.3/internal/dissolve/queue.go:139 +0x4a
github.com/centrifugal/centrifuge/internal/dissolve.(*Dissolver).runWorker(0xc015fed548)
	/home/mariell/go/pkg/mod/github.com/centrifugal/centrifuge@v0.33.3/internal/dissolve/dissolve.go:52 +0x27
created by github.com/centrifugal/centrifuge/internal/dissolve.(*Dissolver).Run in goroutine 53243
	/home/mariell/go/pkg/mod/github.com/centrifugal/centrifuge@v0.33.3/internal/dissolve/dissolve.go:31 +0x25

goroutine 34670 [sync.Cond.Wait]:
sync.runtime_notifyListWait(0xc00dfe4bd0, 0x23)
	/usr/lib/go/src/runtime/sema.go:597 +0x159
sync.(*Cond).Wait(0x0?)
	/usr/lib/go/src/sync/cond.go:71 +0x85
github.com/centrifugal/centrifuge/internal/dissolve.(*queueImpl).Wait(0xc01277aee0)
	/home/mariell/go/pkg/mod/github.com/centrifugal/centrifuge@v0.33.3/internal/dissolve/queue.go:139 +0x4a
github.com/centrifugal/centrifuge/internal/dissolve.(*Dissolver).runWorker(0xc015fec510)
	/home/mariell/go/pkg/mod/github.com/centrifugal/centrifuge@v0.33.3/internal/dissolve/dissolve.go:52 +0x27
created by github.com/centrifugal/centrifuge/internal/dissolve.(*Dissolver).Run in goroutine 33524
	/home/mariell/go/pkg/mod/github.com/centrifugal/centrifuge@v0.33.3/internal/dissolve/dissolve.go:31 +0x25

goroutine 45164 [sync.Cond.Wait]:
sync.runtime_notifyListWait(0xc026bf9c10, 0x19)
	/usr/lib/go/src/runtime/sema.go:597 +0x159
sync.(*Cond).Wait(0x0?)
	/usr/lib/go/src/sync/cond.go:71 +0x85
github.com/centrifugal/centrifuge/internal/dissolve.(*queueImpl).Wait(0xc026c14c40)
	/home/mariell/go/pkg/mod/github.com/centrifugal/centrifuge@v0.33.3/internal/dissolve/queue.go:139 +0x4a
github.com/centrifugal/centrifuge/internal/dissolve.(*Dissolver).runWorker(0xc026b0b128)
	/home/mariell/go/pkg/mod/github.com/centrifugal/centrifuge@v0.33.3/internal/dissolve/dissolve.go:52 +0x27
created by github.com/centrifugal/centrifuge/internal/dissolve.(*Dissolver).Run in goroutine 44067
	/home/mariell/go/pkg/mod/github.com/centrifugal/centrifuge@v0.33.3/internal/dissolve/dissolve.go:31 +0x25

goroutine 34518 [chan receive]:
github.com/grafana/grafana/pkg/storage/unified/sql.(*channelNotifier).notify.func1()
	/home/mariell/work/oss/grafana/pkg/storage/unified/sql/notifier.go:87 +0x39
created by github.com/grafana/grafana/pkg/storage/unified/sql.(*channelNotifier).notify in goroutine 33524
	/home/mariell/work/oss/grafana/pkg/storage/unified/sql/notifier.go:86 +0xdb

goroutine 50211 [select]:
database/sql.(*DB).connectionCleaner(0xc02293a9c0, 0xc02787ccb0?)
	/usr/lib/go/src/database/sql/sql.go:1104 +0x9c
created by database/sql.(*DB).startCleanerLocked in goroutine 50170
	/usr/lib/go/src/database/sql/sql.go:1091 +0x105

goroutine 73471 [select]:
github.com/patrickmn/go-cache.(*janitor).Run(0xc01aa987d0, 0xc01b901ec0)
	/home/mariell/go/pkg/mod/github.com/patrickmn/go-cache@v2.1.0+incompatible/cache.go:1079 +0x7b
created by github.com/patrickmn/go-cache.runJanitor in goroutine 4439
	/home/mariell/go/pkg/mod/github.com/patrickmn/go-cache@v2.1.0+incompatible/cache.go:1099 +0xdb

goroutine 58772 [chan receive]:
github.com/grafana/grafana/pkg/storage/unified/resource.(*server).initWatcher.func1.1()
	/home/mariell/work/oss/grafana/pkg/storage/unified/resource/server.go:922 +0x58
created by github.com/grafana/grafana/pkg/storage/unified/resource.(*server).initWatcher.func1 in goroutine 57831
	/home/mariell/work/oss/grafana/pkg/storage/unified/resource/server.go:921 +0xaa

goroutine 40965 [select]:
k8s.io/apimachinery/pkg/util/wait.BackoffUntil(0xc023c3b200, {0xa95ac00, 0xc00ca85350}, 0x1, 0xc023b652d0)
	/home/mariell/go/pkg/mod/k8s.io/apimachinery@v0.32.1/pkg/util/wait/backoff.go:238 +0x12c
k8s.io/apimachinery/pkg/util/wait.JitterUntil(0xc023c3b200, 0x3b9aca00, 0x3ff3333333333333, 0x1, 0xc023b652d0)
	/home/mariell/go/pkg/mod/k8s.io/apimachinery@v0.32.1/pkg/util/wait/backoff.go:204 +0x7f
created by k8s.io/apiserver/pkg/registry/generic/registry.(*Store).startObservingCount in goroutine 39277
	/home/mariell/go/pkg/mod/k8s.io/apiserver@v0.32.1/pkg/registry/generic/registry/store.go:1666 +0x2f9

goroutine 34674 [sync.Cond.Wait]:
sync.runtime_notifyListWait(0xc00dfe4bd0, 0x27)
	/usr/lib/go/src/runtime/sema.go:597 +0x159
sync.(*Cond).Wait(0x7f66560?)
	/usr/lib/go/src/sync/cond.go:71 +0x85
github.com/centrifugal/centrifuge/internal/dissolve.(*queueImpl).Wait(0xc01277aee0)
	/home/mariell/go/pkg/mod/github.com/centrifugal/centrifuge@v0.33.3/internal/dissolve/queue.go:139 +0x4a
github.com/centrifugal/centrifuge/internal/dissolve.(*Dissolver).runWorker(0xc015fec510)
	/home/mariell/go/pkg/mod/github.com/centrifugal/centrifuge@v0.33.3/internal/dissolve/dissolve.go:52 +0x27
created by github.com/centrifugal/centrifuge/internal/dissolve.(*Dissolver).Run in goroutine 33524
	/home/mariell/go/pkg/mod/github.com/centrifugal/centrifuge@v0.33.3/internal/dissolve/dissolve.go:31 +0x25

goroutine 77830 [runnable]:
github.com/FZambia/eagle.New.gowrap1()
	/home/mariell/go/pkg/mod/github.com/!f!zambia/eagle@v0.1.0/eagle.go:66
runtime.goexit({})
	/usr/lib/go/src/runtime/asm_amd64.s:1700 +0x1
created by github.com/FZambia/eagle.New in goroutine 56143
	/home/mariell/go/pkg/mod/github.com/!f!zambia/eagle@v0.1.0/eagle.go:66 +0x176

goroutine 43616 [sync.Cond.Wait]:
sync.runtime_notifyListWait(0xc00d19c890, 0x7)
	/usr/lib/go/src/runtime/sema.go:597 +0x159
sync.(*Cond).Wait(0x0?)
	/usr/lib/go/src/sync/cond.go:71 +0x85
github.com/centrifugal/centrifuge/internal/dissolve.(*queueImpl).Wait(0xc015e6a930)
	/home/mariell/go/pkg/mod/github.com/centrifugal/centrifuge@v0.33.3/internal/dissolve/queue.go:139 +0x4a
github.com/centrifugal/centrifuge/internal/dissolve.(*Dissolver).runWorker(0xc0132189d8)
	/home/mariell/go/pkg/mod/github.com/centrifugal/centrifuge@v0.33.3/internal/dissolve/dissolve.go:52 +0x27
created by github.com/centrifugal/centrifuge/internal/dissolve.(*Dissolver).Run in goroutine 42495
	/home/mariell/go/pkg/mod/github.com/centrifugal/centrifuge@v0.33.3/internal/dissolve/dissolve.go:31 +0x25

goroutine 57797 [chan receive (nil chan)]:
k8s.io/apiserver/pkg/server.preparedGenericAPIServer.RunWithContext({0xc02728f500?}, {0xa9d1d00, 0xc0023b6be0})
	/home/mariell/go/pkg/mod/k8s.io/apiserver@v0.32.1/pkg/server/genericapiserver.go:710 +0x9c5
github.com/grafana/grafana/pkg/services/apiserver.(*service).startCoreServer.func1()
	/home/mariell/work/oss/grafana/pkg/services/apiserver/service.go:448 +0x28
created by github.com/grafana/grafana/pkg/services/apiserver.(*service).startCoreServer in goroutine 56256
	/home/mariell/work/oss/grafana/pkg/services/apiserver/service.go:447 +0x125

goroutine 34520 [select]:
github.com/grafana/grafana/pkg/storage/unified/resource.(*cache[...]).run(0xc01ba8ad80)
	/home/mariell/work/oss/grafana/pkg/storage/unified/resource/broadcaster.go:291 +0xb0
created by github.com/grafana/grafana/pkg/storage/unified/resource.newChannelCache[...] in goroutine 33524
	/home/mariell/work/oss/grafana/pkg/storage/unified/resource/broadcaster.go:276 +0x189

goroutine 34480 [select]:
github.com/patrickmn/go-cache.(*janitor).Run(0xc01f28af80, 0xc01f29e200)
	/home/mariell/go/pkg/mod/github.com/patrickmn/go-cache@v2.1.0+incompatible/cache.go:1079 +0x7b
created by github.com/patrickmn/go-cache.runJanitor in goroutine 33524
	/home/mariell/go/pkg/mod/github.com/patrickmn/go-cache@v2.1.0+incompatible/cache.go:1099 +0xdb

goroutine 45016 [chan receive]:
github.com/grafana/grafana/pkg/storage/unified/sql.(*channelNotifier).notify.func1()
	/home/mariell/work/oss/grafana/pkg/storage/unified/sql/notifier.go:87 +0x39
created by github.com/grafana/grafana/pkg/storage/unified/sql.(*channelNotifier).notify in goroutine 44067
	/home/mariell/work/oss/grafana/pkg/storage/unified/sql/notifier.go:86 +0xdb

goroutine 45133 [IO wait]:
internal/poll.runtime_pollWait(0x77755073a800, 0x72)
	/usr/lib/go/src/runtime/netpoll.go:351 +0x85
internal/poll.(*pollDesc).wait(0xc0167c4580?, 0xc00b9a2c00?, 0x0)
	/usr/lib/go/src/internal/poll/fd_poll_runtime.go:84 +0x27
internal/poll.(*pollDesc).waitRead(...)
	/usr/lib/go/src/internal/poll/fd_poll_runtime.go:89
internal/poll.(*FD).Read(0xc0167c4580, {0xc00b9a2c00, 0x1300, 0x1300})
	/usr/lib/go/src/internal/poll/fd_unix.go:165 +0x27a
net.(*netFD).Read(0xc0167c4580, {0xc00b9a2c00?, 0xe0?, 0xc009f00008?})
	/usr/lib/go/src/net/fd_posix.go:55 +0x25
net.(*conn).Read(0xc01b6220f0, {0xc00b9a2c00?, 0x7775501ff348?, 0x7775a8b40088?})
	/usr/lib/go/src/net/net.go:194 +0x45
crypto/tls.(*atLeastReader).Read(0xc027268018, {0xc00b9a2c00?, 0xc015e30700?, 0xc00c7079a0?})
	/usr/lib/go/src/crypto/tls/conn.go:809 +0x3b
bytes.(*Buffer).ReadFrom(0xc01689c2b8, {0xa94e300, 0xc027268018})
	/usr/lib/go/src/bytes/buffer.go:211 +0x98
crypto/tls.(*Conn).readFromUntil(0xc01689c008, {0xa94dc00, 0xc01b6220f0}, 0x444af4?)
	/usr/lib/go/src/crypto/tls/conn.go:831 +0xde
crypto/tls.(*Conn).readRecordOrCCS(0xc01689c008, 0x0)
	/usr/lib/go/src/crypto/tls/conn.go:629 +0x3cf
crypto/tls.(*Conn).readRecord(...)
	/usr/lib/go/src/crypto/tls/conn.go:591
crypto/tls.(*Conn).Read(0xc01689c008, {0xc02726a000, 0x1000, 0x7775a8b40088?})
	/usr/lib/go/src/crypto/tls/conn.go:1385 +0x145
net/http.(*persistConn).Read(0xc02471e480, {0xc02726a000?, 0x4141c5?, 0x68?})
	/usr/lib/go/src/net/http/transport.go:2122 +0x47
bufio.(*Reader).fill(0xc02725b0e0)
	/usr/lib/go/src/bufio/bufio.go:113 +0x103
bufio.(*Reader).Peek(0xc02725b0e0, 0x1)
	/usr/lib/go/src/bufio/bufio.go:152 +0x53
net/http.(*persistConn).readLoop(0xc02471e480)
	/usr/lib/go/src/net/http/transport.go:2275 +0x172
created by net/http.(*Transport).dialConn in goroutine 44072
	/usr/lib/go/src/net/http/transport.go:1944 +0x174f

goroutine 42075 [sync.Cond.Wait]:
sync.runtime_notifyListWait(0xc01bc03e10, 0x9)
	/usr/lib/go/src/runtime/sema.go:597 +0x159
sync.(*Cond).Wait(0x0?)
	/usr/lib/go/src/sync/cond.go:71 +0x85
github.com/centrifugal/centrifuge/internal/dissolve.(*queueImpl).Wait(0xc01e10aa10)
	/home/mariell/go/pkg/mod/github.com/centrifugal/centrifuge@v0.33.3/internal/dissolve/queue.go:139 +0x4a
github.com/centrifugal/centrifuge/internal/dissolve.(*Dissolver).runWorker(0xc0122187e0)
	/home/mariell/go/pkg/mod/github.com/centrifugal/centrifuge@v0.33.3/internal/dissolve/dissolve.go:52 +0x27
created by github.com/centrifugal/centrifuge/internal/dissolve.(*Dissolver).Run in goroutine 40816
	/home/mariell/go/pkg/mod/github.com/centrifugal/centrifuge@v0.33.3/internal/dissolve/dissolve.go:31 +0x25

goroutine 44448 [select]:
github.com/centrifugal/centrifuge.(*Node).initMetrics.func1()
	/home/mariell/go/pkg/mod/github.com/centrifugal/centrifuge@v0.33.3/node.go:365 +0x8a
created by github.com/centrifugal/centrifuge.(*Node).initMetrics in goroutine 44067
	/home/mariell/go/pkg/mod/github.com/centrifugal/centrifuge@v0.33.3/node.go:363 +0x1f9

goroutine 54369 [sync.Cond.Wait]:
sync.runtime_notifyListWait(0xc02667f850, 0x23)
	/usr/lib/go/src/runtime/sema.go:597 +0x159
sync.(*Cond).Wait(0x100000000000000?)
	/usr/lib/go/src/sync/cond.go:71 +0x85
github.com/centrifugal/centrifuge/internal/dissolve.(*queueImpl).Wait(0xc029e6aa10)
	/home/mariell/go/pkg/mod/github.com/centrifugal/centrifuge@v0.33.3/internal/dissolve/queue.go:139 +0x4a
github.com/centrifugal/centrifuge/internal/dissolve.(*Dissolver).runWorker(0xc015fed548)
	/home/mariell/go/pkg/mod/github.com/centrifugal/centrifuge@v0.33.3/internal/dissolve/dissolve.go:52 +0x27
created by github.com/centrifugal/centrifuge/internal/dissolve.(*Dissolver).Run in goroutine 53243
	/home/mariell/go/pkg/mod/github.com/centrifugal/centrifuge@v0.33.3/internal/dissolve/dissolve.go:31 +0x25

goroutine 45201 [sync.Cond.Wait]:
sync.runtime_notifyListWait(0xc026bf9c10, 0x3b)
	/usr/lib/go/src/runtime/sema.go:597 +0x159
sync.(*Cond).Wait(0xc01aada7d0?)
	/usr/lib/go/src/sync/cond.go:71 +0x85
github.com/centrifugal/centrifuge/internal/dissolve.(*queueImpl).Wait(0xc026c14c40)
	/home/mariell/go/pkg/mod/github.com/centrifugal/centrifuge@v0.33.3/internal/dissolve/queue.go:139 +0x4a
github.com/centrifugal/centrifuge/internal/dissolve.(*Dissolver).runWorker(0xc026b0b128)
	/home/mariell/go/pkg/mod/github.com/centrifugal/centrifuge@v0.33.3/internal/dissolve/dissolve.go:52 +0x27
created by github.com/centrifugal/centrifuge/internal/dissolve.(*Dissolver).Run in goroutine 44067
	/home/mariell/go/pkg/mod/github.com/centrifugal/centrifuge@v0.33.3/internal/dissolve/dissolve.go:31 +0x25

goroutine 55915 [sync.Cond.Wait]:
sync.runtime_notifyListWait(0xc022793e10, 0x35)
	/usr/lib/go/src/runtime/sema.go:597 +0x159
sync.(*Cond).Wait(0xc02be747d0?)
	/usr/lib/go/src/sync/cond.go:71 +0x85
github.com/centrifugal/centrifuge/internal/dissolve.(*queueImpl).Wait(0xc01100c540)
	/home/mariell/go/pkg/mod/github.com/centrifugal/centrifuge@v0.33.3/internal/dissolve/queue.go:139 +0x4a
github.com/centrifugal/centrifuge/internal/dissolve.(*Dissolver).runWorker(0xc02431b8f0)
	/home/mariell/go/pkg/mod/github.com/centrifugal/centrifuge@v0.33.3/internal/dissolve/dissolve.go:52 +0x27
created by github.com/centrifugal/centrifuge/internal/dissolve.(*Dissolver).Run in goroutine 54803
	/home/mariell/go/pkg/mod/github.com/centrifugal/centrifuge@v0.33.3/internal/dissolve/dissolve.go:31 +0x25

goroutine 37526 [sync.Cond.Wait]:
sync.runtime_notifyListWait(0xc01affc250, 0x3)
	/usr/lib/go/src/runtime/sema.go:597 +0x159
sync.(*Cond).Wait(0x0?)
	/usr/lib/go/src/sync/cond.go:71 +0x85
github.com/centrifugal/centrifuge/internal/dissolve.(*queueImpl).Wait(0xc01821cd90)
	/home/mariell/go/pkg/mod/github.com/centrifugal/centrifuge@v0.33.3/internal/dissolve/queue.go:139 +0x4a
github.com/centrifugal/centrifuge/internal/dissolve.(*Dissolver).runWorker(0xc0024fff08)
	/home/mariell/go/pkg/mod/github.com/centrifugal/centrifuge@v0.33.3/internal/dissolve/dissolve.go:52 +0x27
created by github.com/centrifugal/centrifuge/internal/dissolve.(*Dissolver).Run in goroutine 36374
	/home/mariell/go/pkg/mod/github.com/centrifugal/centrifuge@v0.33.3/internal/dissolve/dissolve.go:31 +0x25

goroutine 43888 [IO wait]:
internal/poll.runtime_pollWait(0x77755073a4b8, 0x72)
	/usr/lib/go/src/runtime/netpoll.go:351 +0x85
internal/poll.(*pollDesc).wait(0xc002476100?, 0xc0168ac000?, 0x0)
	/usr/lib/go/src/internal/poll/fd_poll_runtime.go:84 +0x27
internal/poll.(*pollDesc).waitRead(...)
	/usr/lib/go/src/internal/poll/fd_poll_runtime.go:89
internal/poll.(*FD).Read(0xc002476100, {0xc0168ac000, 0x1300, 0x1300})
	/usr/lib/go/src/internal/poll/fd_unix.go:165 +0x27a
net.(*netFD).Read(0xc002476100, {0xc0168ac000?, 0x0?, 0x0?})
	/usr/lib/go/src/net/fd_posix.go:55 +0x25
net.(*conn).Read(0xc01678e0f0, {0xc0168ac000?, 0x7775501ff348?, 0x7775a8b40088?})
	/usr/lib/go/src/net/net.go:194 +0x45
crypto/tls.(*atLeastReader).Read(0xc027268288, {0xc0168ac000?, 0xc00ca119b0?, 0x83c1a9?})
	/usr/lib/go/src/crypto/tls/conn.go:809 +0x3b
bytes.(*Buffer).ReadFrom(0xc01c9597b8, {0xa94e300, 0xc027268288})
	/usr/lib/go/src/bytes/buffer.go:211 +0x98
crypto/tls.(*Conn).readFromUntil(0xc01c959508, {0xa94dc00, 0xc01678e0f0}, 0x444af4?)
	/usr/lib/go/src/crypto/tls/conn.go:831 +0xde
crypto/tls.(*Conn).readRecordOrCCS(0xc01c959508, 0x0)
	/usr/lib/go/src/crypto/tls/conn.go:629 +0x3cf
crypto/tls.(*Conn).readRecord(...)
	/usr/lib/go/src/crypto/tls/conn.go:591
crypto/tls.(*Conn).Read(0xc01c959508, {0xc0168b3000, 0x1000, 0x7775a8b40088?})
	/usr/lib/go/src/crypto/tls/conn.go:1385 +0x145
net/http.(*persistConn).Read(0xc0255db200, {0xc0168b3000?, 0x4141c5?, 0x68?})
	/usr/lib/go/src/net/http/transport.go:2122 +0x47
bufio.(*Reader).fill(0xc0168a9920)
	/usr/lib/go/src/bufio/bufio.go:113 +0x103
bufio.(*Reader).Peek(0xc0168a9920, 0x1)
	/usr/lib/go/src/bufio/bufio.go:152 +0x53
net/http.(*persistConn).readLoop(0xc0255db200)
	/usr/lib/go/src/net/http/transport.go:2275 +0x172
created by net/http.(*Transport).dialConn in goroutine 42346
	/usr/lib/go/src/net/http/transport.go:1944 +0x174f

goroutine 46710 [sync.Cond.Wait]:
sync.runtime_notifyListWait(0xc016303990, 0x18)
	/usr/lib/go/src/runtime/sema.go:597 +0x159
sync.(*Cond).Wait(0xc02289e3f0?)
	/usr/lib/go/src/sync/cond.go:71 +0x85
github.com/centrifugal/centrifuge/internal/dissolve.(*queueImpl).Wait(0xc020154850)
	/home/mariell/go/pkg/mod/github.com/centrifugal/centrifuge@v0.33.3/internal/dissolve/queue.go:139 +0x4a
github.com/centrifugal/centrifuge/internal/dissolve.(*Dissolver).runWorker(0xc00b4e8b40)
	/home/mariell/go/pkg/mod/github.com/centrifugal/centrifuge@v0.33.3/internal/dissolve/dissolve.go:52 +0x27
created by github.com/centrifugal/centrifuge/internal/dissolve.(*Dissolver).Run in goroutine 45402
	/home/mariell/go/pkg/mod/github.com/centrifugal/centrifuge@v0.33.3/internal/dissolve/dissolve.go:31 +0x25

goroutine 34669 [sync.Cond.Wait]:
sync.runtime_notifyListWait(0xc00dfe4bd0, 0x22)
	/usr/lib/go/src/runtime/sema.go:597 +0x159
sync.(*Cond).Wait(0x0?)
	/usr/lib/go/src/sync/cond.go:71 +0x85
github.com/centrifugal/centrifuge/internal/dissolve.(*queueImpl).Wait(0xc01277aee0)
	/home/mariell/go/pkg/mod/github.com/centrifugal/centrifuge@v0.33.3/internal/dissolve/queue.go:139 +0x4a
github.com/centrifugal/centrifuge/internal/dissolve.(*Dissolver).runWorker(0xc015fec510)
	/home/mariell/go/pkg/mod/github.com/centrifugal/centrifuge@v0.33.3/internal/dissolve/dissolve.go:52 +0x27
created by github.com/centrifugal/centrifuge/internal/dissolve.(*Dissolver).Run in goroutine 33524
	/home/mariell/go/pkg/mod/github.com/centrifugal/centrifuge@v0.33.3/internal/dissolve/dissolve.go:31 +0x25

goroutine 39020 [sync.Cond.Wait]:
sync.runtime_notifyListWait(0xc01fe50bd0, 0x13)
	/usr/lib/go/src/runtime/sema.go:597 +0x159
sync.(*Cond).Wait(0x0?)
	/usr/lib/go/src/sync/cond.go:71 +0x85
github.com/centrifugal/centrifuge/internal/dissolve.(*queueImpl).Wait(0xc00bf5ccb0)
	/home/mariell/go/pkg/mod/github.com/centrifugal/centrifuge@v0.33.3/internal/dissolve/queue.go:139 +0x4a
github.com/centrifugal/centrifuge/internal/dissolve.(*Dissolver).runWorker(0xc017ecc900)
	/home/mariell/go/pkg/mod/github.com/centrifugal/centrifuge@v0.33.3/internal/dissolve/dissolve.go:52 +0x27
created by github.com/centrifugal/centrifuge/internal/dissolve.(*Dissolver).Run in goroutine 37971
	/home/mariell/go/pkg/mod/github.com/centrifugal/centrifuge@v0.33.3/internal/dissolve/dissolve.go:31 +0x25

goroutine 59363 [select]:
k8s.io/apimachinery/pkg/util/wait.BackoffUntil(0xc01b5ad480, {0xa95ac00, 0xc00dd72300}, 0x1, 0xc00e55bea0)
	/home/mariell/go/pkg/mod/k8s.io/apimachinery@v0.32.1/pkg/util/wait/backoff.go:238 +0x12c
k8s.io/apimachinery/pkg/util/wait.JitterUntil(0xc01b5ad480, 0x3b9aca00, 0x3ff3333333333333, 0x1, 0xc00e55bea0)
	/home/mariell/go/pkg/mod/k8s.io/apimachinery@v0.32.1/pkg/util/wait/backoff.go:204 +0x7f
created by k8s.io/apiserver/pkg/registry/generic/registry.(*Store).startObservingCount in goroutine 58731
	/home/mariell/go/pkg/mod/k8s.io/apiserver@v0.32.1/pkg/registry/generic/registry/store.go:1666 +0x2f9

goroutine 45190 [sync.Cond.Wait]:
sync.runtime_notifyListWait(0xc026bf9c10, 0x33)
	/usr/lib/go/src/runtime/sema.go:597 +0x159
sync.(*Cond).Wait(0xc01ab097d0?)
	/usr/lib/go/src/sync/cond.go:71 +0x85
github.com/centrifugal/centrifuge/internal/dissolve.(*queueImpl).Wait(0xc026c14c40)
	/home/mariell/go/pkg/mod/github.com/centrifugal/centrifuge@v0.33.3/internal/dissolve/queue.go:139 +0x4a
github.com/centrifugal/centrifuge/internal/dissolve.(*Dissolver).runWorker(0xc026b0b128)
	/home/mariell/go/pkg/mod/github.com/centrifugal/centrifuge@v0.33.3/internal/dissolve/dissolve.go:52 +0x27
created by github.com/centrifugal/centrifuge/internal/dissolve.(*Dissolver).Run in goroutine 44067
	/home/mariell/go/pkg/mod/github.com/centrifugal/centrifuge@v0.33.3/internal/dissolve/dissolve.go:31 +0x25

goroutine 54766 [IO wait]:
internal/poll.runtime_pollWait(0x777550501310, 0x72)
	/usr/lib/go/src/runtime/netpoll.go:351 +0x85
internal/poll.(*pollDesc).wait(0xc02380b400?, 0xc0237df900?, 0x0)
	/usr/lib/go/src/internal/poll/fd_poll_runtime.go:84 +0x27
internal/poll.(*pollDesc).waitRead(...)
	/usr/lib/go/src/internal/poll/fd_poll_runtime.go:89
internal/poll.(*FD).Read(0xc02380b400, {0xc0237df900, 0x1300, 0x1300})
	/usr/lib/go/src/internal/poll/fd_unix.go:165 +0x27a
net.(*netFD).Read(0xc02380b400, {0xc0237df900?, 0xc0237df900?, 0x5?})
	/usr/lib/go/src/net/fd_posix.go:55 +0x25
net.(*conn).Read(0xc004b2ad08, {0xc0237df900?, 0x777558206b70?, 0x7775a8b285c0?})
	/usr/lib/go/src/net/net.go:194 +0x45
crypto/tls.(*atLeastReader).Read(0xc026f13530, {0xc0237df900?, 0x12fb?, 0x1?})
	/usr/lib/go/src/crypto/tls/conn.go:809 +0x3b
bytes.(*Buffer).ReadFrom(0xc023847b38, {0xa94e300, 0xc026f13530})
	/usr/lib/go/src/bytes/buffer.go:211 +0x98
crypto/tls.(*Conn).readFromUntil(0xc023847888, {0xa94dc00, 0xc004b2ad08}, 0x444af4?)
	/usr/lib/go/src/crypto/tls/conn.go:831 +0xde
crypto/tls.(*Conn).readRecordOrCCS(0xc023847888, 0x0)
	/usr/lib/go/src/crypto/tls/conn.go:629 +0x3cf
crypto/tls.(*Conn).readRecord(...)
	/usr/lib/go/src/crypto/tls/conn.go:591
crypto/tls.(*Conn).Read(0xc023847888, {0xc023a20000, 0x1000, 0xc02b6d0d20?})
	/usr/lib/go/src/crypto/tls/conn.go:1385 +0x145
net/http.(*persistConn).Read(0xc02a4ad560, {0xc023a20000?, 0x81fe45?, 0xa94be80?})
	/usr/lib/go/src/net/http/transport.go:2122 +0x47
bufio.(*Reader).fill(0xc023a14a20)
	/usr/lib/go/src/bufio/bufio.go:113 +0x103
bufio.(*Reader).Peek(0xc023a14a20, 0x1)
	/usr/lib/go/src/bufio/bufio.go:152 +0x53
net/http.(*persistConn).readLoop(0xc02a4ad560)
	/usr/lib/go/src/net/http/transport.go:2275 +0x172
created by net/http.(*Transport).dialConn in goroutine 54759
	/usr/lib/go/src/net/http/transport.go:1944 +0x174f

goroutine 54361 [sync.Cond.Wait]:
sync.runtime_notifyListWait(0xc02667f850, 0x1b)
	/usr/lib/go/src/runtime/sema.go:597 +0x159
sync.(*Cond).Wait(0x0?)
	/usr/lib/go/src/sync/cond.go:71 +0x85
github.com/centrifugal/centrifuge/internal/dissolve.(*queueImpl).Wait(0xc029e6aa10)
	/home/mariell/go/pkg/mod/github.com/centrifugal/centrifuge@v0.33.3/internal/dissolve/queue.go:139 +0x4a
github.com/centrifugal/centrifuge/internal/dissolve.(*Dissolver).runWorker(0xc015fed548)
	/home/mariell/go/pkg/mod/github.com/centrifugal/centrifuge@v0.33.3/internal/dissolve/dissolve.go:52 +0x27
created by github.com/centrifugal/centrifuge/internal/dissolve.(*Dissolver).Run in goroutine 53243
	/home/mariell/go/pkg/mod/github.com/centrifugal/centrifuge@v0.33.3/internal/dissolve/dissolve.go:31 +0x25

goroutine 44048 [select]:
k8s.io/apimachinery/pkg/util/wait.BackoffUntil(0xc015c60f80, {0xa95ac00, 0xc019b68a80}, 0x1, 0xc011dd5880)
	/home/mariell/go/pkg/mod/k8s.io/apimachinery@v0.32.1/pkg/util/wait/backoff.go:238 +0x12c
k8s.io/apimachinery/pkg/util/wait.JitterUntil(0xc015c60f80, 0x3b9aca00, 0x3ff3333333333333, 0x1, 0xc011dd5880)
	/home/mariell/go/pkg/mod/k8s.io/apimachinery@v0.32.1/pkg/util/wait/backoff.go:204 +0x7f
created by k8s.io/apiserver/pkg/registry/generic/registry.(*Store).startObservingCount in goroutine 42497
	/home/mariell/go/pkg/mod/k8s.io/apiserver@v0.32.1/pkg/registry/generic/registry/store.go:1666 +0x2f9

goroutine 34675 [sync.Cond.Wait]:
sync.runtime_notifyListWait(0xc00dfe4bd0, 0x28)
	/usr/lib/go/src/runtime/sema.go:597 +0x159
sync.(*Cond).Wait(0x0?)
	/usr/lib/go/src/sync/cond.go:71 +0x85
github.com/centrifugal/centrifuge/internal/dissolve.(*queueImpl).Wait(0xc01277aee0)
	/home/mariell/go/pkg/mod/github.com/centrifugal/centrifuge@v0.33.3/internal/dissolve/queue.go:139 +0x4a
github.com/centrifugal/centrifuge/internal/dissolve.(*Dissolver).runWorker(0xc015fec510)
	/home/mariell/go/pkg/mod/github.com/centrifugal/centrifuge@v0.33.3/internal/dissolve/dissolve.go:52 +0x27
created by github.com/centrifugal/centrifuge/internal/dissolve.(*Dissolver).Run in goroutine 33524
	/home/mariell/go/pkg/mod/github.com/centrifugal/centrifuge@v0.33.3/internal/dissolve/dissolve.go:31 +0x25

goroutine 42059 [sync.Cond.Wait]:
sync.runtime_notifyListWait(0xc01bc03e10, 0x1d)
	/usr/lib/go/src/runtime/sema.go:597 +0x159
sync.(*Cond).Wait(0xc01ad337d0?)
	/usr/lib/go/src/sync/cond.go:71 +0x85
github.com/centrifugal/centrifuge/internal/dissolve.(*queueImpl).Wait(0xc01e10aa10)
	/home/mariell/go/pkg/mod/github.com/centrifugal/centrifuge@v0.33.3/internal/dissolve/queue.go:139 +0x4a
github.com/centrifugal/centrifuge/internal/dissolve.(*Dissolver).runWorker(0xc0122187e0)
	/home/mariell/go/pkg/mod/github.com/centrifugal/centrifuge@v0.33.3/internal/dissolve/dissolve.go:52 +0x27
created by github.com/centrifugal/centrifuge/internal/dissolve.(*Dissolver).Run in goroutine 40816
	/home/mariell/go/pkg/mod/github.com/centrifugal/centrifuge@v0.33.3/internal/dissolve/dissolve.go:31 +0x25

goroutine 46671 [select]:
github.com/centrifugal/centrifuge.(*historyHub).removeStreams(0xc016494c80)
	/home/mariell/go/pkg/mod/github.com/centrifugal/centrifuge@v0.33.3/broker_memory.go:259 +0x6f
created by github.com/centrifugal/centrifuge.(*historyHub).runCleanups in goroutine 45402
	/home/mariell/go/pkg/mod/github.com/centrifugal/centrifuge@v0.33.3/broker_memory.go:253 +0x96

goroutine 34477 [select]:
github.com/patrickmn/go-cache.(*janitor).Run(0xc01f28ad20, 0xc01f29e1c0)
	/home/mariell/go/pkg/mod/github.com/patrickmn/go-cache@v2.1.0+incompatible/cache.go:1079 +0x7b
created by github.com/patrickmn/go-cache.runJanitor in goroutine 33524
	/home/mariell/go/pkg/mod/github.com/patrickmn/go-cache@v2.1.0+incompatible/cache.go:1099 +0xdb

goroutine 45146 [sync.Cond.Wait]:
sync.runtime_notifyListWait(0xc026bf9c10, 0x7)
	/usr/lib/go/src/runtime/sema.go:597 +0x159
sync.(*Cond).Wait(0x0?)
	/usr/lib/go/src/sync/cond.go:71 +0x85
github.com/centrifugal/centrifuge/internal/dissolve.(*queueImpl).Wait(0xc026c14c40)
	/home/mariell/go/pkg/mod/github.com/centrifugal/centrifuge@v0.33.3/internal/dissolve/queue.go:139 +0x4a
github.com/centrifugal/centrifuge/internal/dissolve.(*Dissolver).runWorker(0xc026b0b128)
	/home/mariell/go/pkg/mod/github.com/centrifugal/centrifuge@v0.33.3/internal/dissolve/dissolve.go:52 +0x27
created by github.com/centrifugal/centrifuge/internal/dissolve.(*Dissolver).Run in goroutine 44067
	/home/mariell/go/pkg/mod/github.com/centrifugal/centrifuge@v0.33.3/internal/dissolve/dissolve.go:31 +0x25

goroutine 46692 [sync.Cond.Wait]:
sync.runtime_notifyListWait(0xc016303990, 0x3)
	/usr/lib/go/src/runtime/sema.go:597 +0x159
sync.(*Cond).Wait(0x0?)
	/usr/lib/go/src/sync/cond.go:71 +0x85
github.com/centrifugal/centrifuge/internal/dissolve.(*queueImpl).Wait(0xc020154850)
	/home/mariell/go/pkg/mod/github.com/centrifugal/centrifuge@v0.33.3/internal/dissolve/queue.go:139 +0x4a
github.com/centrifugal/centrifuge/internal/dissolve.(*Dissolver).runWorker(0xc00b4e8b40)
	/home/mariell/go/pkg/mod/github.com/centrifugal/centrifuge@v0.33.3/internal/dissolve/dissolve.go:52 +0x27
created by github.com/centrifugal/centrifuge/internal/dissolve.(*Dissolver).Run in goroutine 45402
	/home/mariell/go/pkg/mod/github.com/centrifugal/centrifuge@v0.33.3/internal/dissolve/dissolve.go:31 +0x25

goroutine 45198 [sync.Cond.Wait]:
sync.runtime_notifyListWait(0xc026bf9c10, 0x37)
	/usr/lib/go/src/runtime/sema.go:597 +0x159
sync.(*Cond).Wait(0x0?)
	/usr/lib/go/src/sync/cond.go:71 +0x85
github.com/centrifugal/centrifuge/internal/dissolve.(*queueImpl).Wait(0xc026c14c40)
	/home/mariell/go/pkg/mod/github.com/centrifugal/centrifuge@v0.33.3/internal/dissolve/queue.go:139 +0x4a
github.com/centrifugal/centrifuge/internal/dissolve.(*Dissolver).runWorker(0xc026b0b128)
	/home/mariell/go/pkg/mod/github.com/centrifugal/centrifuge@v0.33.3/internal/dissolve/dissolve.go:52 +0x27
created by github.com/centrifugal/centrifuge/internal/dissolve.(*Dissolver).Run in goroutine 44067
	/home/mariell/go/pkg/mod/github.com/centrifugal/centrifuge@v0.33.3/internal/dissolve/dissolve.go:31 +0x25

goroutine 45163 [sync.Cond.Wait]:
sync.runtime_notifyListWait(0xc026bf9c10, 0x18)
	/usr/lib/go/src/runtime/sema.go:597 +0x159
sync.(*Cond).Wait(0x0?)
	/usr/lib/go/src/sync/cond.go:71 +0x85
github.com/centrifugal/centrifuge/internal/dissolve.(*queueImpl).Wait(0xc026c14c40)
	/home/mariell/go/pkg/mod/github.com/centrifugal/centrifuge@v0.33.3/internal/dissolve/queue.go:139 +0x4a
github.com/centrifugal/centrifuge/internal/dissolve.(*Dissolver).runWorker(0xc026b0b128)
	/home/mariell/go/pkg/mod/github.com/centrifugal/centrifuge@v0.33.3/internal/dissolve/dissolve.go:52 +0x27
created by github.com/centrifugal/centrifuge/internal/dissolve.(*Dissolver).Run in goroutine 44067
	/home/mariell/go/pkg/mod/github.com/centrifugal/centrifuge@v0.33.3/internal/dissolve/dissolve.go:31 +0x25

goroutine 40740 [select]:
github.com/patrickmn/go-cache.(*janitor).Run(0xc022dbc0d0, 0xc022d36a80)
	/home/mariell/go/pkg/mod/github.com/patrickmn/go-cache@v2.1.0+incompatible/cache.go:1079 +0x7b
created by github.com/patrickmn/go-cache.runJanitor in goroutine 36287
	/home/mariell/go/pkg/mod/github.com/patrickmn/go-cache@v2.1.0+incompatible/cache.go:1099 +0xdb

goroutine 55903 [sync.Cond.Wait]:
sync.runtime_notifyListWait(0xc022793e10, 0x28)
	/usr/lib/go/src/runtime/sema.go:597 +0x159
sync.(*Cond).Wait(0x0?)
	/usr/lib/go/src/sync/cond.go:71 +0x85
github.com/centrifugal/centrifuge/internal/dissolve.(*queueImpl).Wait(0xc01100c540)
	/home/mariell/go/pkg/mod/github.com/centrifugal/centrifuge@v0.33.3/internal/dissolve/queue.go:139 +0x4a
github.com/centrifugal/centrifuge/internal/dissolve.(*Dissolver).runWorker(0xc02431b8f0)
	/home/mariell/go/pkg/mod/github.com/centrifugal/centrifuge@v0.33.3/internal/dissolve/dissolve.go:52 +0x27
created by github.com/centrifugal/centrifuge/internal/dissolve.(*Dissolver).Run in goroutine 54803
	/home/mariell/go/pkg/mod/github.com/centrifugal/centrifuge@v0.33.3/internal/dissolve/dissolve.go:31 +0x25

goroutine 46708 [sync.Cond.Wait]:
sync.runtime_notifyListWait(0xc016303990, 0x15)
	/usr/lib/go/src/runtime/sema.go:597 +0x159
sync.(*Cond).Wait(0x0?)
	/usr/lib/go/src/sync/cond.go:71 +0x85
github.com/centrifugal/centrifuge/internal/dissolve.(*queueImpl).Wait(0xc020154850)
	/home/mariell/go/pkg/mod/github.com/centrifugal/centrifuge@v0.33.3/internal/dissolve/queue.go:139 +0x4a
github.com/centrifugal/centrifuge/internal/dissolve.(*Dissolver).runWorker(0xc00b4e8b40)
	/home/mariell/go/pkg/mod/github.com/centrifugal/centrifuge@v0.33.3/internal/dissolve/dissolve.go:52 +0x27
created by github.com/centrifugal/centrifuge/internal/dissolve.(*Dissolver).Run in goroutine 45402
	/home/mariell/go/pkg/mod/github.com/centrifugal/centrifuge@v0.33.3/internal/dissolve/dissolve.go:31 +0x25

goroutine 74843 [runnable]:
crypto/internal/fips140/bigmod.(*Nat).maybeSubtractModulus(0xc042e0fda8, 0x0, 0xc042e0fd28)
	/usr/lib/go/src/crypto/internal/fips140/bigmod/nat.go:698 +0x207
crypto/internal/fips140/bigmod.(*Nat).Add(0xc042e0fda8, 0x0?, 0x0?)
	/usr/lib/go/src/crypto/internal/fips140/bigmod/nat.go:741 +0x5a
crypto/internal/fips140/bigmod.extendedGCD(0xc042e0ffa0, 0xc02527d6c8)
	/usr/lib/go/src/crypto/internal/fips140/bigmod/nat.go:1162 +0x103c
crypto/internal/fips140/bigmod.(*Nat).InverseVarTime(0xc042e0ffa0, 0xc0000ba740?, 0x40?)
	/usr/lib/go/src/crypto/internal/fips140/bigmod/nat.go:1068 +0x25
crypto/internal/fips140/rsa.isPrime({0xc041549300?, 0xc0003b07a0?, 0xc041549300?})
	/usr/lib/go/src/crypto/internal/fips140/rsa/keygen.go:228 +0xb2
crypto/internal/fips140/rsa.randomPrime({0xa94e420, 0xc0003b07a0}, 0x400)
	/usr/lib/go/src/crypto/internal/fips140/rsa/keygen.go:204 +0x18c
crypto/internal/fips140/rsa.GenerateKey({0xa94e420, 0xc0003b07a0}, 0x800)
	/usr/lib/go/src/crypto/internal/fips140/rsa/keygen.go:31 +0x146
crypto/rsa.GenerateKey({0xa94e420, 0xc0003b07a0}, 0x800)
	/usr/lib/go/src/crypto/rsa/rsa.go:329 +0x15c
k8s.io/client-go/util/cert.GenerateSelfSignedCertKeyWithFixtures({0x95baa53, 0x19}, {0x0, 0x0, 0xc04154d600?}, {0x0, 0x0, 0x0}, {0x0, 0x0})
	/home/mariell/go/pkg/mod/k8s.io/client-go@v0.32.1/util/cert/cert.go:127 +0x450
k8s.io/client-go/util/cert.GenerateSelfSignedCertKey(...)
	/home/mariell/go/pkg/mod/k8s.io/client-go@v0.32.1/util/cert/cert.go:97
k8s.io/apiserver/pkg/server/options.(*SecureServingOptionsWithLoopback).ApplyTo(0xc04154b3b0?, 0xc01eb16408, 0xc01eb16450)
	/home/mariell/go/pkg/mod/k8s.io/apiserver@v0.32.1/pkg/server/options/serving_with_loopback.go:54 +0xa6
github.com/grafana/grafana/pkg/services/apiserver/options.(*Options).ApplyTo(0xc0111a6900, 0xc01eb16408)
	/home/mariell/work/oss/grafana/pkg/services/apiserver/options/options.go:109 +0x15b
github.com/grafana/grafana/pkg/services/apiserver.(*service).start(0xc00fdccdc0, {0xa9d1d00, 0xc0415473b0})
	/home/mariell/work/oss/grafana/pkg/services/apiserver/service.go:324 +0x485
github.com/grafana/dskit/services.(*BasicService).main(0xc0429468c0)
	/home/mariell/go/pkg/mod/github.com/grafana/dskit@v0.0.0-20241105154643-a6b453a88040/services/basic_service.go:160 +0x59
created by github.com/grafana/dskit/services.(*BasicService).StartAsync.func1 in goroutine 74858
	/home/mariell/go/pkg/mod/github.com/grafana/dskit@v0.0.0-20241105154643-a6b453a88040/services/basic_service.go:122 +0x105

goroutine 74454 [chan receive]:
github.com/grafana/grafana/pkg/storage/unified/resource.(*server).initWatcher.func1.1()
	/home/mariell/work/oss/grafana/pkg/storage/unified/resource/server.go:922 +0x58
created by github.com/grafana/grafana/pkg/storage/unified/resource.(*server).initWatcher.func1 in goroutine 56144
	/home/mariell/work/oss/grafana/pkg/storage/unified/resource/server.go:921 +0xaa

goroutine 34672 [sync.Cond.Wait]:
sync.runtime_notifyListWait(0xc00dfe4bd0, 0x25)
	/usr/lib/go/src/runtime/sema.go:597 +0x159
sync.(*Cond).Wait(0x0?)
	/usr/lib/go/src/sync/cond.go:71 +0x85
github.com/centrifugal/centrifuge/internal/dissolve.(*queueImpl).Wait(0xc01277aee0)
	/home/mariell/go/pkg/mod/github.com/centrifugal/centrifuge@v0.33.3/internal/dissolve/queue.go:139 +0x4a
github.com/centrifugal/centrifuge/internal/dissolve.(*Dissolver).runWorker(0xc015fec510)
	/home/mariell/go/pkg/mod/github.com/centrifugal/centrifuge@v0.33.3/internal/dissolve/dissolve.go:52 +0x27
created by github.com/centrifugal/centrifuge/internal/dissolve.(*Dissolver).Run in goroutine 33524
	/home/mariell/go/pkg/mod/github.com/centrifugal/centrifuge@v0.33.3/internal/dissolve/dissolve.go:31 +0x25

goroutine 34667 [sync.Cond.Wait]:
sync.runtime_notifyListWait(0xc00dfe4bd0, 0x20)
	/usr/lib/go/src/runtime/sema.go:597 +0x159
sync.(*Cond).Wait(0x0?)
	/usr/lib/go/src/sync/cond.go:71 +0x85
github.com/centrifugal/centrifuge/internal/dissolve.(*queueImpl).Wait(0xc01277aee0)
	/home/mariell/go/pkg/mod/github.com/centrifugal/centrifuge@v0.33.3/internal/dissolve/queue.go:139 +0x4a
github.com/centrifugal/centrifuge/internal/dissolve.(*Dissolver).runWorker(0xc015fec510)
	/home/mariell/go/pkg/mod/github.com/centrifugal/centrifuge@v0.33.3/internal/dissolve/dissolve.go:52 +0x27
created by github.com/centrifugal/centrifuge/internal/dissolve.(*Dissolver).Run in goroutine 33524
	/home/mariell/go/pkg/mod/github.com/centrifugal/centrifuge@v0.33.3/internal/dissolve/dissolve.go:31 +0x25

goroutine 34676 [sync.Cond.Wait]:
sync.runtime_notifyListWait(0xc00dfe4bd0, 0x29)
	/usr/lib/go/src/runtime/sema.go:597 +0x159
sync.(*Cond).Wait(0x0?)
	/usr/lib/go/src/sync/cond.go:71 +0x85
github.com/centrifugal/centrifuge/internal/dissolve.(*queueImpl).Wait(0xc01277aee0)
	/home/mariell/go/pkg/mod/github.com/centrifugal/centrifuge@v0.33.3/internal/dissolve/queue.go:139 +0x4a
github.com/centrifugal/centrifuge/internal/dissolve.(*Dissolver).runWorker(0xc015fec510)
	/home/mariell/go/pkg/mod/github.com/centrifugal/centrifuge@v0.33.3/internal/dissolve/dissolve.go:52 +0x27
created by github.com/centrifugal/centrifuge/internal/dissolve.(*Dissolver).Run in goroutine 33524
	/home/mariell/go/pkg/mod/github.com/centrifugal/centrifuge@v0.33.3/internal/dissolve/dissolve.go:31 +0x25

goroutine 34677 [sync.Cond.Wait]:
sync.runtime_notifyListWait(0xc00dfe4bd0, 0x2a)
	/usr/lib/go/src/runtime/sema.go:597 +0x159
sync.(*Cond).Wait(0x0?)
	/usr/lib/go/src/sync/cond.go:71 +0x85
github.com/centrifugal/centrifuge/internal/dissolve.(*queueImpl).Wait(0xc01277aee0)
	/home/mariell/go/pkg/mod/github.com/centrifugal/centrifuge@v0.33.3/internal/dissolve/queue.go:139 +0x4a
github.com/centrifugal/centrifuge/internal/dissolve.(*Dissolver).runWorker(0xc015fec510)
	/home/mariell/go/pkg/mod/github.com/centrifugal/centrifuge@v0.33.3/internal/dissolve/dissolve.go:52 +0x27
created by github.com/centrifugal/centrifuge/internal/dissolve.(*Dissolver).Run in goroutine 33524
	/home/mariell/go/pkg/mod/github.com/centrifugal/centrifuge@v0.33.3/internal/dissolve/dissolve.go:31 +0x25

goroutine 34678 [sync.Cond.Wait]:
sync.runtime_notifyListWait(0xc00dfe4bd0, 0x2b)
	/usr/lib/go/src/runtime/sema.go:597 +0x159
sync.(*Cond).Wait(0x0?)
	/usr/lib/go/src/sync/cond.go:71 +0x85
github.com/centrifugal/centrifuge/internal/dissolve.(*queueImpl).Wait(0xc01277aee0)
	/home/mariell/go/pkg/mod/github.com/centrifugal/centrifuge@v0.33.3/internal/dissolve/queue.go:139 +0x4a
github.com/centrifugal/centrifuge/internal/dissolve.(*Dissolver).runWorker(0xc015fec510)
	/home/mariell/go/pkg/mod/github.com/centrifugal/centrifuge@v0.33.3/internal/dissolve/dissolve.go:52 +0x27
created by github.com/centrifugal/centrifuge/internal/dissolve.(*Dissolver).Run in goroutine 33524
	/home/mariell/go/pkg/mod/github.com/centrifugal/centrifuge@v0.33.3/internal/dissolve/dissolve.go:31 +0x25

goroutine 34679 [sync.Cond.Wait]:
sync.runtime_notifyListWait(0xc00dfe4bd0, 0x2c)
	/usr/lib/go/src/runtime/sema.go:597 +0x159
sync.(*Cond).Wait(0x0?)
	/usr/lib/go/src/sync/cond.go:71 +0x85
github.com/centrifugal/centrifuge/internal/dissolve.(*queueImpl).Wait(0xc01277aee0)
	/home/mariell/go/pkg/mod/github.com/centrifugal/centrifuge@v0.33.3/internal/dissolve/queue.go:139 +0x4a
github.com/centrifugal/centrifuge/internal/dissolve.(*Dissolver).runWorker(0xc015fec510)
	/home/mariell/go/pkg/mod/github.com/centrifugal/centrifuge@v0.33.3/internal/dissolve/dissolve.go:52 +0x27
created by github.com/centrifugal/centrifuge/internal/dissolve.(*Dissolver).Run in goroutine 33524
	/home/mariell/go/pkg/mod/github.com/centrifugal/centrifuge@v0.33.3/internal/dissolve/dissolve.go:31 +0x25

goroutine 34680 [sync.Cond.Wait]:
sync.runtime_notifyListWait(0xc00dfe4bd0, 0x2d)
	/usr/lib/go/src/runtime/sema.go:597 +0x159
sync.(*Cond).Wait(0x0?)
	/usr/lib/go/src/sync/cond.go:71 +0x85
github.com/centrifugal/centrifuge/internal/dissolve.(*queueImpl).Wait(0xc01277aee0)
	/home/mariell/go/pkg/mod/github.com/centrifugal/centrifuge@v0.33.3/internal/dissolve/queue.go:139 +0x4a
github.com/centrifugal/centrifuge/internal/dissolve.(*Dissolver).runWorker(0xc015fec510)
	/home/mariell/go/pkg/mod/github.com/centrifugal/centrifuge@v0.33.3/internal/dissolve/dissolve.go:52 +0x27
created by github.com/centrifugal/centrifuge/internal/dissolve.(*Dissolver).Run in goroutine 33524
	/home/mariell/go/pkg/mod/github.com/centrifugal/centrifuge@v0.33.3/internal/dissolve/dissolve.go:31 +0x25

goroutine 34681 [sync.Cond.Wait]:
sync.runtime_notifyListWait(0xc00dfe4bd0, 0x2e)
	/usr/lib/go/src/runtime/sema.go:597 +0x159
sync.(*Cond).Wait(0x0?)
	/usr/lib/go/src/sync/cond.go:71 +0x85
github.com/centrifugal/centrifuge/internal/dissolve.(*queueImpl).Wait(0xc01277aee0)
	/home/mariell/go/pkg/mod/github.com/centrifugal/centrifuge@v0.33.3/internal/dissolve/queue.go:139 +0x4a
github.com/centrifugal/centrifuge/internal/dissolve.(*Dissolver).runWorker(0xc015fec510)
	/home/mariell/go/pkg/mod/github.com/centrifugal/centrifuge@v0.33.3/internal/dissolve/dissolve.go:52 +0x27
created by github.com/centrifugal/centrifuge/internal/dissolve.(*Dissolver).Run in goroutine 33524
	/home/mariell/go/pkg/mod/github.com/centrifugal/centrifuge@v0.33.3/internal/dissolve/dissolve.go:31 +0x25

goroutine 34682 [sync.Cond.Wait]:
sync.runtime_notifyListWait(0xc00dfe4bd0, 0x2f)
	/usr/lib/go/src/runtime/sema.go:597 +0x159
sync.(*Cond).Wait(0x0?)
	/usr/lib/go/src/sync/cond.go:71 +0x85
github.com/centrifugal/centrifuge/internal/dissolve.(*queueImpl).Wait(0xc01277aee0)
	/home/mariell/go/pkg/mod/github.com/centrifugal/centrifuge@v0.33.3/internal/dissolve/queue.go:139 +0x4a
github.com/centrifugal/centrifuge/internal/dissolve.(*Dissolver).runWorker(0xc015fec510)
	/home/mariell/go/pkg/mod/github.com/centrifugal/centrifuge@v0.33.3/internal/dissolve/dissolve.go:52 +0x27
created by github.com/centrifugal/centrifuge/internal/dissolve.(*Dissolver).Run in goroutine 33524
	/home/mariell/go/pkg/mod/github.com/centrifugal/centrifuge@v0.33.3/internal/dissolve/dissolve.go:31 +0x25

goroutine 34683 [sync.Cond.Wait]:
sync.runtime_notifyListWait(0xc00dfe4bd0, 0x30)
	/usr/lib/go/src/runtime/sema.go:597 +0x159
sync.(*Cond).Wait(0x0?)
	/usr/lib/go/src/sync/cond.go:71 +0x85
github.com/centrifugal/centrifuge/internal/dissolve.(*queueImpl).Wait(0xc01277aee0)
	/home/mariell/go/pkg/mod/github.com/centrifugal/centrifuge@v0.33.3/internal/dissolve/queue.go:139 +0x4a
github.com/centrifugal/centrifuge/internal/dissolve.(*Dissolver).runWorker(0xc015fec510)
	/home/mariell/go/pkg/mod/github.com/centrifugal/centrifuge@v0.33.3/internal/dissolve/dissolve.go:52 +0x27
created by github.com/centrifugal/centrifuge/internal/dissolve.(*Dissolver).Run in goroutine 33524
	/home/mariell/go/pkg/mod/github.com/centrifugal/centrifuge@v0.33.3/internal/dissolve/dissolve.go:31 +0x25

goroutine 34684 [sync.Cond.Wait]:
sync.runtime_notifyListWait(0xc00dfe4bd0, 0x31)
	/usr/lib/go/src/runtime/sema.go:597 +0x159
sync.(*Cond).Wait(0x0?)
	/usr/lib/go/src/sync/cond.go:71 +0x85
github.com/centrifugal/centrifuge/internal/dissolve.(*queueImpl).Wait(0xc01277aee0)
	/home/mariell/go/pkg/mod/github.com/centrifugal/centrifuge@v0.33.3/internal/dissolve/queue.go:139 +0x4a
github.com/centrifugal/centrifuge/internal/dissolve.(*Dissolver).runWorker(0xc015fec510)
	/home/mariell/go/pkg/mod/github.com/centrifugal/centrifuge@v0.33.3/internal/dissolve/dissolve.go:52 +0x27
created by github.com/centrifugal/centrifuge/internal/dissolve.(*Dissolver).Run in goroutine 33524
	/home/mariell/go/pkg/mod/github.com/centrifugal/centrifuge@v0.33.3/internal/dissolve/dissolve.go:31 +0x25

goroutine 34685 [sync.Cond.Wait]:
sync.runtime_notifyListWait(0xc00dfe4bd0, 0x32)
	/usr/lib/go/src/runtime/sema.go:597 +0x159
sync.(*Cond).Wait(0x0?)
	/usr/lib/go/src/sync/cond.go:71 +0x85
github.com/centrifugal/centrifuge/internal/dissolve.(*queueImpl).Wait(0xc01277aee0)
	/home/mariell/go/pkg/mod/github.com/centrifugal/centrifuge@v0.33.3/internal/dissolve/queue.go:139 +0x4a
github.com/centrifugal/centrifuge/internal/dissolve.(*Dissolver).runWorker(0xc015fec510)
	/home/mariell/go/pkg/mod/github.com/centrifugal/centrifuge@v0.33.3/internal/dissolve/dissolve.go:52 +0x27
created by github.com/centrifugal/centrifuge/internal/dissolve.(*Dissolver).Run in goroutine 33524
	/home/mariell/go/pkg/mod/github.com/centrifugal/centrifuge@v0.33.3/internal/dissolve/dissolve.go:31 +0x25

goroutine 34686 [sync.Cond.Wait]:
sync.runtime_notifyListWait(0xc00dfe4bd0, 0x21)
	/usr/lib/go/src/runtime/sema.go:597 +0x159
sync.(*Cond).Wait(0x0?)
	/usr/lib/go/src/sync/cond.go:71 +0x85
github.com/centrifugal/centrifuge/internal/dissolve.(*queueImpl).Wait(0xc01277aee0)
	/home/mariell/go/pkg/mod/github.com/centrifugal/centrifuge@v0.33.3/internal/dissolve/queue.go:139 +0x4a
github.com/centrifugal/centrifuge/internal/dissolve.(*Dissolver).runWorker(0xc015fec510)
	/home/mariell/go/pkg/mod/github.com/centrifugal/centrifuge@v0.33.3/internal/dissolve/dissolve.go:52 +0x27
created by github.com/centrifugal/centrifuge/internal/dissolve.(*Dissolver).Run in goroutine 33524
	/home/mariell/go/pkg/mod/github.com/centrifugal/centrifuge@v0.33.3/internal/dissolve/dissolve.go:31 +0x25

goroutine 34687 [sync.Cond.Wait]:
sync.runtime_notifyListWait(0xc00dfe4bd0, 0x34)
	/usr/lib/go/src/runtime/sema.go:597 +0x159
sync.(*Cond).Wait(0x0?)
	/usr/lib/go/src/sync/cond.go:71 +0x85
github.com/centrifugal/centrifuge/internal/dissolve.(*queueImpl).Wait(0xc01277aee0)
	/home/mariell/go/pkg/mod/github.com/centrifugal/centrifuge@v0.33.3/internal/dissolve/queue.go:139 +0x4a
github.com/centrifugal/centrifuge/internal/dissolve.(*Dissolver).runWorker(0xc015fec510)
	/home/mariell/go/pkg/mod/github.com/centrifugal/centrifuge@v0.33.3/internal/dissolve/dissolve.go:52 +0x27
created by github.com/centrifugal/centrifuge/internal/dissolve.(*Dissolver).Run in goroutine 33524
	/home/mariell/go/pkg/mod/github.com/centrifugal/centrifuge@v0.33.3/internal/dissolve/dissolve.go:31 +0x25

goroutine 34688 [sync.Cond.Wait]:
sync.runtime_notifyListWait(0xc00dfe4bd0, 0x35)
	/usr/lib/go/src/runtime/sema.go:597 +0x159
sync.(*Cond).Wait(0x0?)
	/usr/lib/go/src/sync/cond.go:71 +0x85
github.com/centrifugal/centrifuge/internal/dissolve.(*queueImpl).Wait(0xc01277aee0)
	/home/mariell/go/pkg/mod/github.com/centrifugal/centrifuge@v0.33.3/internal/dissolve/queue.go:139 +0x4a
github.com/centrifugal/centrifuge/internal/dissolve.(*Dissolver).runWorker(0xc015fec510)
	/home/mariell/go/pkg/mod/github.com/centrifugal/centrifuge@v0.33.3/internal/dissolve/dissolve.go:52 +0x27
created by github.com/centrifugal/centrifuge/internal/dissolve.(*Dissolver).Run in goroutine 33524
	/home/mariell/go/pkg/mod/github.com/centrifugal/centrifuge@v0.33.3/internal/dissolve/dissolve.go:31 +0x25

goroutine 34689 [sync.Cond.Wait]:
sync.runtime_notifyListWait(0xc00dfe4bd0, 0x36)
	/usr/lib/go/src/runtime/sema.go:597 +0x159
sync.(*Cond).Wait(0x0?)
	/usr/lib/go/src/sync/cond.go:71 +0x85
github.com/centrifugal/centrifuge/internal/dissolve.(*queueImpl).Wait(0xc01277aee0)
	/home/mariell/go/pkg/mod/github.com/centrifugal/centrifuge@v0.33.3/internal/dissolve/queue.go:139 +0x4a
github.com/centrifugal/centrifuge/internal/dissolve.(*Dissolver).runWorker(0xc015fec510)
	/home/mariell/go/pkg/mod/github.com/centrifugal/centrifuge@v0.33.3/internal/dissolve/dissolve.go:52 +0x27
created by github.com/centrifugal/centrifuge/internal/dissolve.(*Dissolver).Run in goroutine 33524
	/home/mariell/go/pkg/mod/github.com/centrifugal/centrifuge@v0.33.3/internal/dissolve/dissolve.go:31 +0x25

goroutine 34690 [sync.Cond.Wait]:
sync.runtime_notifyListWait(0xc00dfe4bd0, 0x37)
	/usr/lib/go/src/runtime/sema.go:597 +0x159
sync.(*Cond).Wait(0x0?)
	/usr/lib/go/src/sync/cond.go:71 +0x85
github.com/centrifugal/centrifuge/internal/dissolve.(*queueImpl).Wait(0xc01277aee0)
	/home/mariell/go/pkg/mod/github.com/centrifugal/centrifuge@v0.33.3/internal/dissolve/queue.go:139 +0x4a
github.com/centrifugal/centrifuge/internal/dissolve.(*Dissolver).runWorker(0xc015fec510)
	/home/mariell/go/pkg/mod/github.com/centrifugal/centrifuge@v0.33.3/internal/dissolve/dissolve.go:52 +0x27
created by github.com/centrifugal/centrifuge/internal/dissolve.(*Dissolver).Run in goroutine 33524
	/home/mariell/go/pkg/mod/github.com/centrifugal/centrifuge@v0.33.3/internal/dissolve/dissolve.go:31 +0x25

goroutine 34691 [sync.Cond.Wait]:
sync.runtime_notifyListWait(0xc00dfe4bd0, 0x38)
	/usr/lib/go/src/runtime/sema.go:597 +0x159
sync.(*Cond).Wait(0x0?)
	/usr/lib/go/src/sync/cond.go:71 +0x85
github.com/centrifugal/centrifuge/internal/dissolve.(*queueImpl).Wait(0xc01277aee0)
	/home/mariell/go/pkg/mod/github.com/centrifugal/centrifuge@v0.33.3/internal/dissolve/queue.go:139 +0x4a
github.com/centrifugal/centrifuge/internal/dissolve.(*Dissolver).runWorker(0xc015fec510)
	/home/mariell/go/pkg/mod/github.com/centrifugal/centrifuge@v0.33.3/internal/dissolve/dissolve.go:52 +0x27
created by github.com/centrifugal/centrifuge/internal/dissolve.(*Dissolver).Run in goroutine 33524
	/home/mariell/go/pkg/mod/github.com/centrifugal/centrifuge@v0.33.3/internal/dissolve/dissolve.go:31 +0x25

goroutine 34692 [sync.Cond.Wait]:
sync.runtime_notifyListWait(0xc00dfe4bd0, 0x39)
	/usr/lib/go/src/runtime/sema.go:597 +0x159
sync.(*Cond).Wait(0x0?)
	/usr/lib/go/src/sync/cond.go:71 +0x85
github.com/centrifugal/centrifuge/internal/dissolve.(*queueImpl).Wait(0xc01277aee0)
	/home/mariell/go/pkg/mod/github.com/centrifugal/centrifuge@v0.33.3/internal/dissolve/queue.go:139 +0x4a
github.com/centrifugal/centrifuge/internal/dissolve.(*Dissolver).runWorker(0xc015fec510)
	/home/mariell/go/pkg/mod/github.com/centrifugal/centrifuge@v0.33.3/internal/dissolve/dissolve.go:52 +0x27
created by github.com/centrifugal/centrifuge/internal/dissolve.(*Dissolver).Run in goroutine 33524
	/home/mariell/go/pkg/mod/github.com/centrifugal/centrifuge@v0.33.3/internal/dissolve/dissolve.go:31 +0x25

goroutine 34693 [sync.Cond.Wait]:
sync.runtime_notifyListWait(0xc00dfe4bd0, 0x3a)
	/usr/lib/go/src/runtime/sema.go:597 +0x159
sync.(*Cond).Wait(0x0?)
	/usr/lib/go/src/sync/cond.go:71 +0x85
github.com/centrifugal/centrifuge/internal/dissolve.(*queueImpl).Wait(0xc01277aee0)
	/home/mariell/go/pkg/mod/github.com/centrifugal/centrifuge@v0.33.3/internal/dissolve/queue.go:139 +0x4a
github.com/centrifugal/centrifuge/internal/dissolve.(*Dissolver).runWorker(0xc015fec510)
	/home/mariell/go/pkg/mod/github.com/centrifugal/centrifuge@v0.33.3/internal/dissolve/dissolve.go:52 +0x27
created by github.com/centrifugal/centrifuge/internal/dissolve.(*Dissolver).Run in goroutine 33524
	/home/mariell/go/pkg/mod/github.com/centrifugal/centrifuge@v0.33.3/internal/dissolve/dissolve.go:31 +0x25

goroutine 34694 [sync.Cond.Wait]:
sync.runtime_notifyListWait(0xc00dfe4bd0, 0x3b)
	/usr/lib/go/src/runtime/sema.go:597 +0x159
sync.(*Cond).Wait(0x0?)
	/usr/lib/go/src/sync/cond.go:71 +0x85
github.com/centrifugal/centrifuge/internal/dissolve.(*queueImpl).Wait(0xc01277aee0)
	/home/mariell/go/pkg/mod/github.com/centrifugal/centrifuge@v0.33.3/internal/dissolve/queue.go:139 +0x4a
github.com/centrifugal/centrifuge/internal/dissolve.(*Dissolver).runWorker(0xc015fec510)
	/home/mariell/go/pkg/mod/github.com/centrifugal/centrifuge@v0.33.3/internal/dissolve/dissolve.go:52 +0x27
created by github.com/centrifugal/centrifuge/internal/dissolve.(*Dissolver).Run in goroutine 33524
	/home/mariell/go/pkg/mod/github.com/centrifugal/centrifuge@v0.33.3/internal/dissolve/dissolve.go:31 +0x25

goroutine 34695 [sync.Cond.Wait]:
sync.runtime_notifyListWait(0xc00dfe4bd0, 0x33)
	/usr/lib/go/src/runtime/sema.go:597 +0x159
sync.(*Cond).Wait(0x0?)
	/usr/lib/go/src/sync/cond.go:71 +0x85
github.com/centrifugal/centrifuge/internal/dissolve.(*queueImpl).Wait(0xc01277aee0)
	/home/mariell/go/pkg/mod/github.com/centrifugal/centrifuge@v0.33.3/internal/dissolve/queue.go:139 +0x4a
github.com/centrifugal/centrifuge/internal/dissolve.(*Dissolver).runWorker(0xc015fec510)
	/home/mariell/go/pkg/mod/github.com/centrifugal/centrifuge@v0.33.3/internal/dissolve/dissolve.go:52 +0x27
created by github.com/centrifugal/centrifuge/internal/dissolve.(*Dissolver).Run in goroutine 33524
	/home/mariell/go/pkg/mod/github.com/centrifugal/centrifuge@v0.33.3/internal/dissolve/dissolve.go:31 +0x25

goroutine 34696 [sync.Cond.Wait]:
sync.runtime_notifyListWait(0xc00dfe4bd0, 0x3c)
	/usr/lib/go/src/runtime/sema.go:597 +0x159
sync.(*Cond).Wait(0x0?)
	/usr/lib/go/src/sync/cond.go:71 +0x85
github.com/centrifugal/centrifuge/internal/dissolve.(*queueImpl).Wait(0xc01277aee0)
	/home/mariell/go/pkg/mod/github.com/centrifugal/centrifuge@v0.33.3/internal/dissolve/queue.go:139 +0x4a
github.com/centrifugal/centrifuge/internal/dissolve.(*Dissolver).runWorker(0xc015fec510)
	/home/mariell/go/pkg/mod/github.com/centrifugal/centrifuge@v0.33.3/internal/dissolve/dissolve.go:52 +0x27
created by github.com/centrifugal/centrifuge/internal/dissolve.(*Dissolver).Run in goroutine 33524
	/home/mariell/go/pkg/mod/github.com/centrifugal/centrifuge@v0.33.3/internal/dissolve/dissolve.go:31 +0x25

goroutine 34697 [sync.Cond.Wait]:
sync.runtime_notifyListWait(0xc00dfe4bd0, 0x3d)
	/usr/lib/go/src/runtime/sema.go:597 +0x159
sync.(*Cond).Wait(0x0?)
	/usr/lib/go/src/sync/cond.go:71 +0x85
github.com/centrifugal/centrifuge/internal/dissolve.(*queueImpl).Wait(0xc01277aee0)
	/home/mariell/go/pkg/mod/github.com/centrifugal/centrifuge@v0.33.3/internal/dissolve/queue.go:139 +0x4a
github.com/centrifugal/centrifuge/internal/dissolve.(*Dissolver).runWorker(0xc015fec510)
	/home/mariell/go/pkg/mod/github.com/centrifugal/centrifuge@v0.33.3/internal/dissolve/dissolve.go:52 +0x27
created by github.com/centrifugal/centrifuge/internal/dissolve.(*Dissolver).Run in goroutine 33524
	/home/mariell/go/pkg/mod/github.com/centrifugal/centrifuge@v0.33.3/internal/dissolve/dissolve.go:31 +0x25

goroutine 34698 [sync.Cond.Wait]:
sync.runtime_notifyListWait(0xc00dfe4bd0, 0x3e)
	/usr/lib/go/src/runtime/sema.go:597 +0x159
sync.(*Cond).Wait(0x0?)
	/usr/lib/go/src/sync/cond.go:71 +0x85
github.com/centrifugal/centrifuge/internal/dissolve.(*queueImpl).Wait(0xc01277aee0)
	/home/mariell/go/pkg/mod/github.com/centrifugal/centrifuge@v0.33.3/internal/dissolve/queue.go:139 +0x4a
github.com/centrifugal/centrifuge/internal/dissolve.(*Dissolver).runWorker(0xc015fec510)
	/home/mariell/go/pkg/mod/github.com/centrifugal/centrifuge@v0.33.3/internal/dissolve/dissolve.go:52 +0x27
created by github.com/centrifugal/centrifuge/internal/dissolve.(*Dissolver).Run in goroutine 33524
	/home/mariell/go/pkg/mod/github.com/centrifugal/centrifuge@v0.33.3/internal/dissolve/dissolve.go:31 +0x25

goroutine 34699 [sync.Cond.Wait]:
sync.runtime_notifyListWait(0xc00dfe4bd0, 0x3f)
	/usr/lib/go/src/runtime/sema.go:597 +0x159
sync.(*Cond).Wait(0x0?)
	/usr/lib/go/src/sync/cond.go:71 +0x85
github.com/centrifugal/centrifuge/internal/dissolve.(*queueImpl).Wait(0xc01277aee0)
	/home/mariell/go/pkg/mod/github.com/centrifugal/centrifuge@v0.33.3/internal/dissolve/queue.go:139 +0x4a
github.com/centrifugal/centrifuge/internal/dissolve.(*Dissolver).runWorker(0xc015fec510)
	/home/mariell/go/pkg/mod/github.com/centrifugal/centrifuge@v0.33.3/internal/dissolve/dissolve.go:52 +0x27
created by github.com/centrifugal/centrifuge/internal/dissolve.(*Dissolver).Run in goroutine 33524
	/home/mariell/go/pkg/mod/github.com/centrifugal/centrifuge@v0.33.3/internal/dissolve/dissolve.go:31 +0x25

goroutine 37542 [sync.Cond.Wait]:
sync.runtime_notifyListWait(0xc01affc250, 0x13)
	/usr/lib/go/src/runtime/sema.go:597 +0x159
sync.(*Cond).Wait(0x0?)
	/usr/lib/go/src/sync/cond.go:71 +0x85
github.com/centrifugal/centrifuge/internal/dissolve.(*queueImpl).Wait(0xc01821cd90)
	/home/mariell/go/pkg/mod/github.com/centrifugal/centrifuge@v0.33.3/internal/dissolve/queue.go:139 +0x4a
github.com/centrifugal/centrifuge/internal/dissolve.(*Dissolver).runWorker(0xc0024fff08)
	/home/mariell/go/pkg/mod/github.com/centrifugal/centrifuge@v0.33.3/internal/dissolve/dissolve.go:52 +0x27
created by github.com/centrifugal/centrifuge/internal/dissolve.(*Dissolver).Run in goroutine 36374
	/home/mariell/go/pkg/mod/github.com/centrifugal/centrifuge@v0.33.3/internal/dissolve/dissolve.go:31 +0x25

goroutine 45354 [select]:
github.com/patrickmn/go-cache.(*janitor).Run(0xc027076e20, 0xc027070900)
	/home/mariell/go/pkg/mod/github.com/patrickmn/go-cache@v2.1.0+incompatible/cache.go:1079 +0x7b
created by github.com/patrickmn/go-cache.runJanitor in goroutine 44067
	/home/mariell/go/pkg/mod/github.com/patrickmn/go-cache@v2.1.0+incompatible/cache.go:1099 +0xdb

goroutine 42063 [sync.Cond.Wait]:
sync.runtime_notifyListWait(0xc01bc03e10, 0x26)
	/usr/lib/go/src/runtime/sema.go:597 +0x159
sync.(*Cond).Wait(0xc01b44a7d0?)
	/usr/lib/go/src/sync/cond.go:71 +0x85
github.com/centrifugal/centrifuge/internal/dissolve.(*queueImpl).Wait(0xc01e10aa10)
	/home/mariell/go/pkg/mod/github.com/centrifugal/centrifuge@v0.33.3/internal/dissolve/queue.go:139 +0x4a
github.com/centrifugal/centrifuge/internal/dissolve.(*Dissolver).runWorker(0xc0122187e0)
	/home/mariell/go/pkg/mod/github.com/centrifugal/centrifuge@v0.33.3/internal/dissolve/dissolve.go:52 +0x27
created by github.com/centrifugal/centrifuge/internal/dissolve.(*Dissolver).Run in goroutine 40816
	/home/mariell/go/pkg/mod/github.com/centrifugal/centrifuge@v0.33.3/internal/dissolve/dissolve.go:31 +0x25

goroutine 34756 [select]:
github.com/patrickmn/go-cache.(*janitor).Run(0xc01fc4fbd0, 0xc01fc4dc00)
	/home/mariell/go/pkg/mod/github.com/patrickmn/go-cache@v2.1.0+incompatible/cache.go:1079 +0x7b
created by github.com/patrickmn/go-cache.runJanitor in goroutine 33524
	/home/mariell/go/pkg/mod/github.com/patrickmn/go-cache@v2.1.0+incompatible/cache.go:1099 +0xdb

goroutine 34763 [select]:
github.com/patrickmn/go-cache.(*janitor).Run(0xc01fca9e50, 0xc01fcbfc40)
	/home/mariell/go/pkg/mod/github.com/patrickmn/go-cache@v2.1.0+incompatible/cache.go:1079 +0x7b
created by github.com/patrickmn/go-cache.runJanitor in goroutine 33524
	/home/mariell/go/pkg/mod/github.com/patrickmn/go-cache@v2.1.0+incompatible/cache.go:1099 +0xdb

goroutine 34764 [select]:
github.com/patrickmn/go-cache.(*janitor).Run(0xc01fca9f70, 0xc01fcbfd00)
	/home/mariell/go/pkg/mod/github.com/patrickmn/go-cache@v2.1.0+incompatible/cache.go:1079 +0x7b
created by github.com/patrickmn/go-cache.runJanitor in goroutine 33524
	/home/mariell/go/pkg/mod/github.com/patrickmn/go-cache@v2.1.0+incompatible/cache.go:1099 +0xdb

goroutine 34765 [select]:
github.com/patrickmn/go-cache.(*janitor).Run(0xc01fcea000, 0xc01fcbfd40)
	/home/mariell/go/pkg/mod/github.com/patrickmn/go-cache@v2.1.0+incompatible/cache.go:1079 +0x7b
created by github.com/patrickmn/go-cache.runJanitor in goroutine 33524
	/home/mariell/go/pkg/mod/github.com/patrickmn/go-cache@v2.1.0+incompatible/cache.go:1099 +0xdb

goroutine 34843 [select]:
github.com/patrickmn/go-cache.(*janitor).Run(0xc01fd3c750, 0xc01fd0b500)
	/home/mariell/go/pkg/mod/github.com/patrickmn/go-cache@v2.1.0+incompatible/cache.go:1079 +0x7b
created by github.com/patrickmn/go-cache.runJanitor in goroutine 33524
	/home/mariell/go/pkg/mod/github.com/patrickmn/go-cache@v2.1.0+incompatible/cache.go:1099 +0xdb

goroutine 34845 [select]:
github.com/patrickmn/go-cache.(*janitor).Run(0xc01fd3d6b0, 0xc01fd0bcc0)
	/home/mariell/go/pkg/mod/github.com/patrickmn/go-cache@v2.1.0+incompatible/cache.go:1079 +0x7b
created by github.com/patrickmn/go-cache.runJanitor in goroutine 33524
	/home/mariell/go/pkg/mod/github.com/patrickmn/go-cache@v2.1.0+incompatible/cache.go:1099 +0xdb

goroutine 36398 [select]:
net/http.(*persistConn).writeLoop(0xc008d246c0)
	/usr/lib/go/src/net/http/transport.go:2590 +0xe7
created by net/http.(*Transport).dialConn in goroutine 33515
	/usr/lib/go/src/net/http/transport.go:1945 +0x17a5

goroutine 45537 [select]:
net/http.(*persistConn).writeLoop(0xc01a0ca000)
	/usr/lib/go/src/net/http/transport.go:2590 +0xe7
created by net/http.(*Transport).dialConn in goroutine 42349
	/usr/lib/go/src/net/http/transport.go:1945 +0x17a5

goroutine 37540 [sync.Cond.Wait]:
sync.runtime_notifyListWait(0xc01affc250, 0x11)
	/usr/lib/go/src/runtime/sema.go:597 +0x159
sync.(*Cond).Wait(0x0?)
	/usr/lib/go/src/sync/cond.go:71 +0x85
github.com/centrifugal/centrifuge/internal/dissolve.(*queueImpl).Wait(0xc01821cd90)
	/home/mariell/go/pkg/mod/github.com/centrifugal/centrifuge@v0.33.3/internal/dissolve/queue.go:139 +0x4a
github.com/centrifugal/centrifuge/internal/dissolve.(*Dissolver).runWorker(0xc0024fff08)
	/home/mariell/go/pkg/mod/github.com/centrifugal/centrifuge@v0.33.3/internal/dissolve/dissolve.go:52 +0x27
created by github.com/centrifugal/centrifuge/internal/dissolve.(*Dissolver).Run in goroutine 36374
	/home/mariell/go/pkg/mod/github.com/centrifugal/centrifuge@v0.33.3/internal/dissolve/dissolve.go:31 +0x25

goroutine 37939 [select]:
github.com/grafana/grafana/pkg/storage/unified/resource.(*broadcaster[...]).stream(0xab113a0, 0xc018fb9030)
	/home/mariell/work/oss/grafana/pkg/storage/unified/resource/broadcaster.go:205 +0x13d
created by github.com/grafana/grafana/pkg/storage/unified/resource.(*broadcaster[...]).init in goroutine 34907
	/home/mariell/work/oss/grafana/pkg/storage/unified/resource/broadcaster.go:177 +0x219

goroutine 46699 [sync.Cond.Wait]:
sync.runtime_notifyListWait(0xc016303990, 0xa)
	/usr/lib/go/src/runtime/sema.go:597 +0x159
sync.(*Cond).Wait(0x0?)
	/usr/lib/go/src/sync/cond.go:71 +0x85
github.com/centrifugal/centrifuge/internal/dissolve.(*queueImpl).Wait(0xc020154850)
	/home/mariell/go/pkg/mod/github.com/centrifugal/centrifuge@v0.33.3/internal/dissolve/queue.go:139 +0x4a
github.com/centrifugal/centrifuge/internal/dissolve.(*Dissolver).runWorker(0xc00b4e8b40)
	/home/mariell/go/pkg/mod/github.com/centrifugal/centrifuge@v0.33.3/internal/dissolve/dissolve.go:52 +0x27
created by github.com/centrifugal/centrifuge/internal/dissolve.(*Dissolver).Run in goroutine 45402
	/home/mariell/go/pkg/mod/github.com/centrifugal/centrifuge@v0.33.3/internal/dissolve/dissolve.go:31 +0x25

goroutine 34913 [chan receive]:
github.com/grafana/grafana/pkg/storage/unified/resource.(*server).initWatcher.func1.1()
	/home/mariell/work/oss/grafana/pkg/storage/unified/resource/server.go:922 +0x58
created by github.com/grafana/grafana/pkg/storage/unified/resource.(*server).initWatcher.func1 in goroutine 34907
	/home/mariell/work/oss/grafana/pkg/storage/unified/resource/server.go:921 +0xaa

goroutine 39054 [sync.Cond.Wait]:
sync.runtime_notifyListWait(0xc01fe50bd0, 0x33)
	/usr/lib/go/src/runtime/sema.go:597 +0x159
sync.(*Cond).Wait(0x0?)
	/usr/lib/go/src/sync/cond.go:71 +0x85
github.com/centrifugal/centrifuge/internal/dissolve.(*queueImpl).Wait(0xc00bf5ccb0)
	/home/mariell/go/pkg/mod/github.com/centrifugal/centrifuge@v0.33.3/internal/dissolve/queue.go:139 +0x4a
github.com/centrifugal/centrifuge/internal/dissolve.(*Dissolver).runWorker(0xc017ecc900)
	/home/mariell/go/pkg/mod/github.com/centrifugal/centrifuge@v0.33.3/internal/dissolve/dissolve.go:52 +0x27
created by github.com/centrifugal/centrifuge/internal/dissolve.(*Dissolver).Run in goroutine 37971
	/home/mariell/go/pkg/mod/github.com/centrifugal/centrifuge@v0.33.3/internal/dissolve/dissolve.go:31 +0x25

goroutine 36210 [select]:
github.com/patrickmn/go-cache.(*janitor).Run(0xc0162fcd00, 0xc01bab1f00)
	/home/mariell/go/pkg/mod/github.com/patrickmn/go-cache@v2.1.0+incompatible/cache.go:1079 +0x7b
created by github.com/patrickmn/go-cache.runJanitor in goroutine 33562
	/home/mariell/go/pkg/mod/github.com/patrickmn/go-cache@v2.1.0+incompatible/cache.go:1099 +0xdb

goroutine 37898 [select]:
net/http.(*persistConn).writeLoop(0xc00a4c0120)
	/usr/lib/go/src/net/http/transport.go:2590 +0xe7
created by net/http.(*Transport).dialConn in goroutine 37783
	/usr/lib/go/src/net/http/transport.go:1945 +0x17a5

goroutine 37943 [select]:
k8s.io/apimachinery/pkg/util/wait.BackoffUntil(0xc01f520a80, {0xa95ac00, 0xc01d4fa630}, 0x1, 0xc01f4ca150)
	/home/mariell/go/pkg/mod/k8s.io/apimachinery@v0.32.1/pkg/util/wait/backoff.go:238 +0x12c
k8s.io/apimachinery/pkg/util/wait.JitterUntil(0xc01f520a80, 0x3b9aca00, 0x3ff3333333333333, 0x1, 0xc01f4ca150)
	/home/mariell/go/pkg/mod/k8s.io/apimachinery@v0.32.1/pkg/util/wait/backoff.go:204 +0x7f
created by k8s.io/apiserver/pkg/registry/generic/registry.(*Store).startObservingCount in goroutine 34907
	/home/mariell/go/pkg/mod/k8s.io/apiserver@v0.32.1/pkg/registry/generic/registry/store.go:1666 +0x2f9

goroutine 46693 [sync.Cond.Wait]:
sync.runtime_notifyListWait(0xc016303990, 0x4)
	/usr/lib/go/src/runtime/sema.go:597 +0x159
sync.(*Cond).Wait(0xc01fc81fd0?)
	/usr/lib/go/src/sync/cond.go:71 +0x85
github.com/centrifugal/centrifuge/internal/dissolve.(*queueImpl).Wait(0xc020154850)
	/home/mariell/go/pkg/mod/github.com/centrifugal/centrifuge@v0.33.3/internal/dissolve/queue.go:139 +0x4a
github.com/centrifugal/centrifuge/internal/dissolve.(*Dissolver).runWorker(0xc00b4e8b40)
	/home/mariell/go/pkg/mod/github.com/centrifugal/centrifuge@v0.33.3/internal/dissolve/dissolve.go:52 +0x27
created by github.com/centrifugal/centrifuge/internal/dissolve.(*Dissolver).Run in goroutine 45402
	/home/mariell/go/pkg/mod/github.com/centrifugal/centrifuge@v0.33.3/internal/dissolve/dissolve.go:31 +0x25

goroutine 37578 [sync.Cond.Wait]:
sync.runtime_notifyListWait(0xc01affc250, 0x37)
	/usr/lib/go/src/runtime/sema.go:597 +0x159
sync.(*Cond).Wait(0x0?)
	/usr/lib/go/src/sync/cond.go:71 +0x85
github.com/centrifugal/centrifuge/internal/dissolve.(*queueImpl).Wait(0xc01821cd90)
	/home/mariell/go/pkg/mod/github.com/centrifugal/centrifuge@v0.33.3/internal/dissolve/queue.go:139 +0x4a
github.com/centrifugal/centrifuge/internal/dissolve.(*Dissolver).runWorker(0xc0024fff08)
	/home/mariell/go/pkg/mod/github.com/centrifugal/centrifuge@v0.33.3/internal/dissolve/dissolve.go:52 +0x27
created by github.com/centrifugal/centrifuge/internal/dissolve.(*Dissolver).Run in goroutine 36374
	/home/mariell/go/pkg/mod/github.com/centrifugal/centrifuge@v0.33.3/internal/dissolve/dissolve.go:31 +0x25

goroutine 45174 [sync.Cond.Wait]:
sync.runtime_notifyListWait(0xc026bf9c10, 0x23)
	/usr/lib/go/src/runtime/sema.go:597 +0x159
sync.(*Cond).Wait(0x0?)
	/usr/lib/go/src/sync/cond.go:71 +0x85
github.com/centrifugal/centrifuge/internal/dissolve.(*queueImpl).Wait(0xc026c14c40)
	/home/mariell/go/pkg/mod/github.com/centrifugal/centrifuge@v0.33.3/internal/dissolve/queue.go:139 +0x4a
github.com/centrifugal/centrifuge/internal/dissolve.(*Dissolver).runWorker(0xc026b0b128)
	/home/mariell/go/pkg/mod/github.com/centrifugal/centrifuge@v0.33.3/internal/dissolve/dissolve.go:52 +0x27
created by github.com/centrifugal/centrifuge/internal/dissolve.(*Dissolver).Run in goroutine 44067
	/home/mariell/go/pkg/mod/github.com/centrifugal/centrifuge@v0.33.3/internal/dissolve/dissolve.go:31 +0x25

goroutine 39012 [sync.Cond.Wait]:
sync.runtime_notifyListWait(0xc01fe50bd0, 0x7)
	/usr/lib/go/src/runtime/sema.go:597 +0x159
sync.(*Cond).Wait(0x0?)
	/usr/lib/go/src/sync/cond.go:71 +0x85
github.com/centrifugal/centrifuge/internal/dissolve.(*queueImpl).Wait(0xc00bf5ccb0)
	/home/mariell/go/pkg/mod/github.com/centrifugal/centrifuge@v0.33.3/internal/dissolve/queue.go:139 +0x4a
github.com/centrifugal/centrifuge/internal/dissolve.(*Dissolver).runWorker(0xc017ecc900)
	/home/mariell/go/pkg/mod/github.com/centrifugal/centrifuge@v0.33.3/internal/dissolve/dissolve.go:52 +0x27
created by github.com/centrifugal/centrifuge/internal/dissolve.(*Dissolver).Run in goroutine 37971
	/home/mariell/go/pkg/mod/github.com/centrifugal/centrifuge@v0.33.3/internal/dissolve/dissolve.go:31 +0x25

goroutine 35884 [select]:
github.com/grafana/grafana/pkg/storage/unified/resource.(*cache[...]).run(0xc00a5e2f00)
	/home/mariell/work/oss/grafana/pkg/storage/unified/resource/broadcaster.go:291 +0xb0
created by github.com/grafana/grafana/pkg/storage/unified/resource.newChannelCache[...] in goroutine 33562
	/home/mariell/work/oss/grafana/pkg/storage/unified/resource/broadcaster.go:276 +0x189

goroutine 35632 [select]:
github.com/centrifugal/centrifuge.(*Node).initMetrics.func1()
	/home/mariell/go/pkg/mod/github.com/centrifugal/centrifuge@v0.33.3/node.go:365 +0x8a
created by github.com/centrifugal/centrifuge.(*Node).initMetrics in goroutine 36374
	/home/mariell/go/pkg/mod/github.com/centrifugal/centrifuge@v0.33.3/node.go:363 +0x1f9

goroutine 37563 [sync.Cond.Wait]:
sync.runtime_notifyListWait(0xc01affc250, 0x28)
	/usr/lib/go/src/runtime/sema.go:597 +0x159
sync.(*Cond).Wait(0x0?)
	/usr/lib/go/src/sync/cond.go:71 +0x85
github.com/centrifugal/centrifuge/internal/dissolve.(*queueImpl).Wait(0xc01821cd90)
	/home/mariell/go/pkg/mod/github.com/centrifugal/centrifuge@v0.33.3/internal/dissolve/queue.go:139 +0x4a
github.com/centrifugal/centrifuge/internal/dissolve.(*Dissolver).runWorker(0xc0024fff08)
	/home/mariell/go/pkg/mod/github.com/centrifugal/centrifuge@v0.33.3/internal/dissolve/dissolve.go:52 +0x27
created by github.com/centrifugal/centrifuge/internal/dissolve.(*Dissolver).Run in goroutine 36374
	/home/mariell/go/pkg/mod/github.com/centrifugal/centrifuge@v0.33.3/internal/dissolve/dissolve.go:31 +0x25

goroutine 74453 [chan receive]:
github.com/grafana/grafana/pkg/storage/unified/sql.(*channelNotifier).notify.func1()
	/home/mariell/work/oss/grafana/pkg/storage/unified/sql/notifier.go:87 +0x39
created by github.com/grafana/grafana/pkg/storage/unified/sql.(*channelNotifier).notify in goroutine 56144
	/home/mariell/work/oss/grafana/pkg/storage/unified/sql/notifier.go:86 +0xdb

goroutine 52819 [select]:
github.com/centrifugal/centrifuge.(*historyHub).expireStreams(0xc030191880)
	/home/mariell/go/pkg/mod/github.com/centrifugal/centrifuge@v0.33.3/broker_memory.go:298 +0x75
created by github.com/centrifugal/centrifuge.(*historyHub).runCleanups in goroutine 51765
	/home/mariell/go/pkg/mod/github.com/centrifugal/centrifuge@v0.33.3/broker_memory.go:252 +0x56

goroutine 45148 [sync.Cond.Wait]:
sync.runtime_notifyListWait(0xc026bf9c10, 0x9)
	/usr/lib/go/src/runtime/sema.go:597 +0x159
sync.(*Cond).Wait(0xc00ea16fd0?)
	/usr/lib/go/src/sync/cond.go:71 +0x85
github.com/centrifugal/centrifuge/internal/dissolve.(*queueImpl).Wait(0xc026c14c40)
	/home/mariell/go/pkg/mod/github.com/centrifugal/centrifuge@v0.33.3/internal/dissolve/queue.go:139 +0x4a
github.com/centrifugal/centrifuge/internal/dissolve.(*Dissolver).runWorker(0xc026b0b128)
	/home/mariell/go/pkg/mod/github.com/centrifugal/centrifuge@v0.33.3/internal/dissolve/dissolve.go:52 +0x27
created by github.com/centrifugal/centrifuge/internal/dissolve.(*Dissolver).Run in goroutine 44067
	/home/mariell/go/pkg/mod/github.com/centrifugal/centrifuge@v0.33.3/internal/dissolve/dissolve.go:31 +0x25

goroutine 52855 [sync.Cond.Wait]:
sync.runtime_notifyListWait(0xc0301d0dd0, 0x13)
	/usr/lib/go/src/runtime/sema.go:597 +0x159
sync.(*Cond).Wait(0x0?)
	/usr/lib/go/src/sync/cond.go:71 +0x85
github.com/centrifugal/centrifuge/internal/dissolve.(*queueImpl).Wait(0xc030230380)
	/home/mariell/go/pkg/mod/github.com/centrifugal/centrifuge@v0.33.3/internal/dissolve/queue.go:139 +0x4a
github.com/centrifugal/centrifuge/internal/dissolve.(*Dissolver).runWorker(0xc008ba75c0)
	/home/mariell/go/pkg/mod/github.com/centrifugal/centrifuge@v0.33.3/internal/dissolve/dissolve.go:52 +0x27
created by github.com/centrifugal/centrifuge/internal/dissolve.(*Dissolver).Run in goroutine 51765
	/home/mariell/go/pkg/mod/github.com/centrifugal/centrifuge@v0.33.3/internal/dissolve/dissolve.go:31 +0x25

goroutine 39041 [sync.Cond.Wait]:
sync.runtime_notifyListWait(0xc01fe50bd0, 0x24)
	/usr/lib/go/src/runtime/sema.go:597 +0x159
sync.(*Cond).Wait(0xc0124c2fd0?)
	/usr/lib/go/src/sync/cond.go:71 +0x85
github.com/centrifugal/centrifuge/internal/dissolve.(*queueImpl).Wait(0xc00bf5ccb0)
	/home/mariell/go/pkg/mod/github.com/centrifugal/centrifuge@v0.33.3/internal/dissolve/queue.go:139 +0x4a
github.com/centrifugal/centrifuge/internal/dissolve.(*Dissolver).runWorker(0xc017ecc900)
	/home/mariell/go/pkg/mod/github.com/centrifugal/centrifuge@v0.33.3/internal/dissolve/dissolve.go:52 +0x27
created by github.com/centrifugal/centrifuge/internal/dissolve.(*Dissolver).Run in goroutine 37971
	/home/mariell/go/pkg/mod/github.com/centrifugal/centrifuge@v0.33.3/internal/dissolve/dissolve.go:31 +0x25

goroutine 37546 [sync.Cond.Wait]:
sync.runtime_notifyListWait(0xc01affc250, 0x17)
	/usr/lib/go/src/runtime/sema.go:597 +0x159
sync.(*Cond).Wait(0x0?)
	/usr/lib/go/src/sync/cond.go:71 +0x85
github.com/centrifugal/centrifuge/internal/dissolve.(*queueImpl).Wait(0xc01821cd90)
	/home/mariell/go/pkg/mod/github.com/centrifugal/centrifuge@v0.33.3/internal/dissolve/queue.go:139 +0x4a
github.com/centrifugal/centrifuge/internal/dissolve.(*Dissolver).runWorker(0xc0024fff08)
	/home/mariell/go/pkg/mod/github.com/centrifugal/centrifuge@v0.33.3/internal/dissolve/dissolve.go:52 +0x27
created by github.com/centrifugal/centrifuge/internal/dissolve.(*Dissolver).Run in goroutine 36374
	/home/mariell/go/pkg/mod/github.com/centrifugal/centrifuge@v0.33.3/internal/dissolve/dissolve.go:31 +0x25

goroutine 37545 [sync.Cond.Wait]:
sync.runtime_notifyListWait(0xc01affc250, 0x16)
	/usr/lib/go/src/runtime/sema.go:597 +0x159
sync.(*Cond).Wait(0xc01fd80fd0?)
	/usr/lib/go/src/sync/cond.go:71 +0x85
github.com/centrifugal/centrifuge/internal/dissolve.(*queueImpl).Wait(0xc01821cd90)
	/home/mariell/go/pkg/mod/github.com/centrifugal/centrifuge@v0.33.3/internal/dissolve/queue.go:139 +0x4a
github.com/centrifugal/centrifuge/internal/dissolve.(*Dissolver).runWorker(0xc0024fff08)
	/home/mariell/go/pkg/mod/github.com/centrifugal/centrifuge@v0.33.3/internal/dissolve/dissolve.go:52 +0x27
created by github.com/centrifugal/centrifuge/internal/dissolve.(*Dissolver).Run in goroutine 36374
	/home/mariell/go/pkg/mod/github.com/centrifugal/centrifuge@v0.33.3/internal/dissolve/dissolve.go:31 +0x25

goroutine 37556 [sync.Cond.Wait]:
sync.runtime_notifyListWait(0xc01affc250, 0x21)
	/usr/lib/go/src/runtime/sema.go:597 +0x159
sync.(*Cond).Wait(0x0?)
	/usr/lib/go/src/sync/cond.go:71 +0x85
github.com/centrifugal/centrifuge/internal/dissolve.(*queueImpl).Wait(0xc01821cd90)
	/home/mariell/go/pkg/mod/github.com/centrifugal/centrifuge@v0.33.3/internal/dissolve/queue.go:139 +0x4a
github.com/centrifugal/centrifuge/internal/dissolve.(*Dissolver).runWorker(0xc0024fff08)
	/home/mariell/go/pkg/mod/github.com/centrifugal/centrifuge@v0.33.3/internal/dissolve/dissolve.go:52 +0x27
created by github.com/centrifugal/centrifuge/internal/dissolve.(*Dissolver).Run in goroutine 36374
	/home/mariell/go/pkg/mod/github.com/centrifugal/centrifuge@v0.33.3/internal/dissolve/dissolve.go:31 +0x25

goroutine 56261 [IO wait]:
internal/poll.runtime_pollWait(0x777550500fc8, 0x72)
	/usr/lib/go/src/runtime/netpoll.go:351 +0x85
internal/poll.(*pollDesc).wait(0xc0099ce080?, 0xc0167d7300?, 0x0)
	/usr/lib/go/src/internal/poll/fd_poll_runtime.go:84 +0x27
internal/poll.(*pollDesc).waitRead(...)
	/usr/lib/go/src/internal/poll/fd_poll_runtime.go:89
internal/poll.(*FD).Read(0xc0099ce080, {0xc0167d7300, 0x1300, 0x1300})
	/usr/lib/go/src/internal/poll/fd_unix.go:165 +0x27a
net.(*netFD).Read(0xc0099ce080, {0xc0167d7300?, 0x0?, 0x1c014a99d00?})
	/usr/lib/go/src/net/fd_posix.go:55 +0x25
net.(*conn).Read(0xc02969e000, {0xc0167d7300?, 0x77755034be30?, 0x7775a8b298a0?})
	/usr/lib/go/src/net/net.go:194 +0x45
crypto/tls.(*atLeastReader).Read(0xc031b00918, {0xc0167d7300?, 0x4247a5?, 0x0?})
	/usr/lib/go/src/crypto/tls/conn.go:809 +0x3b
bytes.(*Buffer).ReadFrom(0xc01fdfc638, {0xa94e300, 0xc031b00918})
	/usr/lib/go/src/bytes/buffer.go:211 +0x98
crypto/tls.(*Conn).readFromUntil(0xc01fdfc388, {0xa94dc00, 0xc02969e000}, 0x444af4?)
	/usr/lib/go/src/crypto/tls/conn.go:831 +0xde
crypto/tls.(*Conn).readRecordOrCCS(0xc01fdfc388, 0x0)
	/usr/lib/go/src/crypto/tls/conn.go:629 +0x3cf
crypto/tls.(*Conn).readRecord(...)
	/usr/lib/go/src/crypto/tls/conn.go:591
crypto/tls.(*Conn).Read(0xc01fdfc388, {0xc009ca7000, 0x1000, 0x7775a8b298a0?})
	/usr/lib/go/src/crypto/tls/conn.go:1385 +0x145
net/http.(*persistConn).Read(0xc025372120, {0xc009ca7000?, 0x4141c5?, 0x68?})
	/usr/lib/go/src/net/http/transport.go:2122 +0x47
bufio.(*Reader).fill(0xc0237f0240)
	/usr/lib/go/src/bufio/bufio.go:113 +0x103
bufio.(*Reader).Peek(0xc0237f0240, 0x1)
	/usr/lib/go/src/bufio/bufio.go:152 +0x53
net/http.(*persistConn).readLoop(0xc025372120)
	/usr/lib/go/src/net/http/transport.go:2275 +0x172
created by net/http.(*Transport).dialConn in goroutine 54557
	/usr/lib/go/src/net/http/transport.go:1944 +0x174f

goroutine 35883 [chan receive]:
github.com/grafana/grafana/pkg/storage/unified/resource.(*server).initWatcher.func1.1()
	/home/mariell/work/oss/grafana/pkg/storage/unified/resource/server.go:922 +0x58
created by github.com/grafana/grafana/pkg/storage/unified/resource.(*server).initWatcher.func1 in goroutine 33562
	/home/mariell/work/oss/grafana/pkg/storage/unified/resource/server.go:921 +0xaa

goroutine 37410 [chan receive]:
github.com/grafana/grafana/pkg/storage/unified/sql.(*channelNotifier).notify.func1()
	/home/mariell/work/oss/grafana/pkg/storage/unified/sql/notifier.go:87 +0x39
created by github.com/grafana/grafana/pkg/storage/unified/sql.(*channelNotifier).notify in goroutine 36374
	/home/mariell/work/oss/grafana/pkg/storage/unified/sql/notifier.go:86 +0xdb

goroutine 37577 [sync.Cond.Wait]:
sync.runtime_notifyListWait(0xc01affc250, 0x36)
	/usr/lib/go/src/runtime/sema.go:597 +0x159
sync.(*Cond).Wait(0xc01fd8b7d0?)
	/usr/lib/go/src/sync/cond.go:71 +0x85
github.com/centrifugal/centrifuge/internal/dissolve.(*queueImpl).Wait(0xc01821cd90)
	/home/mariell/go/pkg/mod/github.com/centrifugal/centrifuge@v0.33.3/internal/dissolve/queue.go:139 +0x4a
github.com/centrifugal/centrifuge/internal/dissolve.(*Dissolver).runWorker(0xc0024fff08)
	/home/mariell/go/pkg/mod/github.com/centrifugal/centrifuge@v0.33.3/internal/dissolve/dissolve.go:52 +0x27
created by github.com/centrifugal/centrifuge/internal/dissolve.(*Dissolver).Run in goroutine 36374
	/home/mariell/go/pkg/mod/github.com/centrifugal/centrifuge@v0.33.3/internal/dissolve/dissolve.go:31 +0x25

goroutine 45156 [sync.Cond.Wait]:
sync.runtime_notifyListWait(0xc026bf9c10, 0x11)
	/usr/lib/go/src/runtime/sema.go:597 +0x159
sync.(*Cond).Wait(0x0?)
	/usr/lib/go/src/sync/cond.go:71 +0x85
github.com/centrifugal/centrifuge/internal/dissolve.(*queueImpl).Wait(0xc026c14c40)
	/home/mariell/go/pkg/mod/github.com/centrifugal/centrifuge@v0.33.3/internal/dissolve/queue.go:139 +0x4a
github.com/centrifugal/centrifuge/internal/dissolve.(*Dissolver).runWorker(0xc026b0b128)
	/home/mariell/go/pkg/mod/github.com/centrifugal/centrifuge@v0.33.3/internal/dissolve/dissolve.go:52 +0x27
created by github.com/centrifugal/centrifuge/internal/dissolve.(*Dissolver).Run in goroutine 44067
	/home/mariell/go/pkg/mod/github.com/centrifugal/centrifuge@v0.33.3/internal/dissolve/dissolve.go:31 +0x25

goroutine 46717 [sync.Cond.Wait]:
sync.runtime_notifyListWait(0xc016303990, 0x23)
	/usr/lib/go/src/runtime/sema.go:597 +0x159
sync.(*Cond).Wait(0x2020200a3b736e6d?)
	/usr/lib/go/src/sync/cond.go:71 +0x85
github.com/centrifugal/centrifuge/internal/dissolve.(*queueImpl).Wait(0xc020154850)
	/home/mariell/go/pkg/mod/github.com/centrifugal/centrifuge@v0.33.3/internal/dissolve/queue.go:139 +0x4a
github.com/centrifugal/centrifuge/internal/dissolve.(*Dissolver).runWorker(0xc00b4e8b40)
	/home/mariell/go/pkg/mod/github.com/centrifugal/centrifuge@v0.33.3/internal/dissolve/dissolve.go:52 +0x27
created by github.com/centrifugal/centrifuge/internal/dissolve.(*Dissolver).Run in goroutine 45402
	/home/mariell/go/pkg/mod/github.com/centrifugal/centrifuge@v0.33.3/internal/dissolve/dissolve.go:31 +0x25

goroutine 39055 [sync.Cond.Wait]:
sync.runtime_notifyListWait(0xc01fe50bd0, 0x34)
	/usr/lib/go/src/runtime/sema.go:597 +0x159
sync.(*Cond).Wait(0x0?)
	/usr/lib/go/src/sync/cond.go:71 +0x85
github.com/centrifugal/centrifuge/internal/dissolve.(*queueImpl).Wait(0xc00bf5ccb0)
	/home/mariell/go/pkg/mod/github.com/centrifugal/centrifuge@v0.33.3/internal/dissolve/queue.go:139 +0x4a
github.com/centrifugal/centrifuge/internal/dissolve.(*Dissolver).runWorker(0xc017ecc900)
	/home/mariell/go/pkg/mod/github.com/centrifugal/centrifuge@v0.33.3/internal/dissolve/dissolve.go:52 +0x27
created by github.com/centrifugal/centrifuge/internal/dissolve.(*Dissolver).Run in goroutine 37971
	/home/mariell/go/pkg/mod/github.com/centrifugal/centrifuge@v0.33.3/internal/dissolve/dissolve.go:31 +0x25

goroutine 37896 [select]:
net/http.(*persistConn).writeLoop(0xc0083edb00)
	/usr/lib/go/src/net/http/transport.go:2590 +0xe7
created by net/http.(*Transport).dialConn in goroutine 37739
	/usr/lib/go/src/net/http/transport.go:1945 +0x17a5

goroutine 41163 [sync.Cond.Wait]:
sync.runtime_notifyListWait(0xc01bc03e10, 0xa)
	/usr/lib/go/src/runtime/sema.go:597 +0x159
sync.(*Cond).Wait(0xc01b5627d0?)
	/usr/lib/go/src/sync/cond.go:71 +0x85
github.com/centrifugal/centrifuge/internal/dissolve.(*queueImpl).Wait(0xc01e10aa10)
	/home/mariell/go/pkg/mod/github.com/centrifugal/centrifuge@v0.33.3/internal/dissolve/queue.go:139 +0x4a
github.com/centrifugal/centrifuge/internal/dissolve.(*Dissolver).runWorker(0xc0122187e0)
	/home/mariell/go/pkg/mod/github.com/centrifugal/centrifuge@v0.33.3/internal/dissolve/dissolve.go:52 +0x27
created by github.com/centrifugal/centrifuge/internal/dissolve.(*Dissolver).Run in goroutine 40816
	/home/mariell/go/pkg/mod/github.com/centrifugal/centrifuge@v0.33.3/internal/dissolve/dissolve.go:31 +0x25

goroutine 46718 [sync.Cond.Wait]:
sync.runtime_notifyListWait(0xc016303990, 0x25)
	/usr/lib/go/src/runtime/sema.go:597 +0x159
sync.(*Cond).Wait(0xc012b37650?)
	/usr/lib/go/src/sync/cond.go:71 +0x85
github.com/centrifugal/centrifuge/internal/dissolve.(*queueImpl).Wait(0xc020154850)
	/home/mariell/go/pkg/mod/github.com/centrifugal/centrifuge@v0.33.3/internal/dissolve/queue.go:139 +0x4a
github.com/centrifugal/centrifuge/internal/dissolve.(*Dissolver).runWorker(0xc00b4e8b40)
	/home/mariell/go/pkg/mod/github.com/centrifugal/centrifuge@v0.33.3/internal/dissolve/dissolve.go:52 +0x27
created by github.com/centrifugal/centrifuge/internal/dissolve.(*Dissolver).Run in goroutine 45402
	/home/mariell/go/pkg/mod/github.com/centrifugal/centrifuge@v0.33.3/internal/dissolve/dissolve.go:31 +0x25

goroutine 36392 [select]:
net/http.(*persistConn).writeLoop(0xc008b806c0)
	/usr/lib/go/src/net/http/transport.go:2590 +0xe7
created by net/http.(*Transport).dialConn in goroutine 37776
	/usr/lib/go/src/net/http/transport.go:1945 +0x17a5

goroutine 37537 [sync.Cond.Wait]:
sync.runtime_notifyListWait(0xc01affc250, 0xe)
	/usr/lib/go/src/runtime/sema.go:597 +0x159
sync.(*Cond).Wait(0x0?)
	/usr/lib/go/src/sync/cond.go:71 +0x85
github.com/centrifugal/centrifuge/internal/dissolve.(*queueImpl).Wait(0xc01821cd90)
	/home/mariell/go/pkg/mod/github.com/centrifugal/centrifuge@v0.33.3/internal/dissolve/queue.go:139 +0x4a
github.com/centrifugal/centrifuge/internal/dissolve.(*Dissolver).runWorker(0xc0024fff08)
	/home/mariell/go/pkg/mod/github.com/centrifugal/centrifuge@v0.33.3/internal/dissolve/dissolve.go:52 +0x27
created by github.com/centrifugal/centrifuge/internal/dissolve.(*Dissolver).Run in goroutine 36374
	/home/mariell/go/pkg/mod/github.com/centrifugal/centrifuge@v0.33.3/internal/dissolve/dissolve.go:31 +0x25

goroutine 37369 [select]:
github.com/patrickmn/go-cache.(*janitor).Run(0xc0143f4b80, 0xc00dcab680)
	/home/mariell/go/pkg/mod/github.com/patrickmn/go-cache@v2.1.0+incompatible/cache.go:1079 +0x7b
created by github.com/patrickmn/go-cache.runJanitor in goroutine 36374
	/home/mariell/go/pkg/mod/github.com/patrickmn/go-cache@v2.1.0+incompatible/cache.go:1099 +0xdb

goroutine 37942 [select]:
k8s.io/apimachinery/pkg/util/wait.BackoffUntil(0xc01f520980, {0xa95ac00, 0xc01dac0060}, 0x1, 0xc01f4ca0e0)
	/home/mariell/go/pkg/mod/k8s.io/apimachinery@v0.32.1/pkg/util/wait/backoff.go:238 +0x12c
k8s.io/apimachinery/pkg/util/wait.JitterUntil(0xc01f520980, 0x3b9aca00, 0x3ff3333333333333, 0x1, 0xc01f4ca0e0)
	/home/mariell/go/pkg/mod/k8s.io/apimachinery@v0.32.1/pkg/util/wait/backoff.go:204 +0x7f
created by k8s.io/apiserver/pkg/registry/generic/registry.(*Store).startObservingCount in goroutine 34907
	/home/mariell/go/pkg/mod/k8s.io/apiserver@v0.32.1/pkg/registry/generic/registry/store.go:1666 +0x2f9

goroutine 37941 [select]:
k8s.io/apimachinery/pkg/util/wait.BackoffUntil(0xc01f520880, {0xa95ac00, 0xc01dac0030}, 0x1, 0xc01f4ca070)
	/home/mariell/go/pkg/mod/k8s.io/apimachinery@v0.32.1/pkg/util/wait/backoff.go:238 +0x12c
k8s.io/apimachinery/pkg/util/wait.JitterUntil(0xc01f520880, 0x3b9aca00, 0x3ff3333333333333, 0x1, 0xc01f4ca070)
	/home/mariell/go/pkg/mod/k8s.io/apimachinery@v0.32.1/pkg/util/wait/backoff.go:204 +0x7f
created by k8s.io/apiserver/pkg/registry/generic/registry.(*Store).startObservingCount in goroutine 34907
	/home/mariell/go/pkg/mod/k8s.io/apiserver@v0.32.1/pkg/registry/generic/registry/store.go:1666 +0x2f9

goroutine 34905 [select]:
github.com/grafana/grafana/pkg/util/ticker.(*T).run(0xc01fe2ccd0)
	/home/mariell/work/oss/grafana/pkg/util/ticker/ticker.go:59 +0x2c5
created by github.com/grafana/grafana/pkg/util/ticker.New in goroutine 34896
	/home/mariell/work/oss/grafana/pkg/util/ticker/ticker.go:40 +0x1e6

goroutine 37940 [select]:
k8s.io/apimachinery/pkg/util/wait.BackoffUntil(0xc01f520780, {0xa95ac00, 0xc01dac0000}, 0x1, 0xc01f4ca000)
	/home/mariell/go/pkg/mod/k8s.io/apimachinery@v0.32.1/pkg/util/wait/backoff.go:238 +0x12c
k8s.io/apimachinery/pkg/util/wait.JitterUntil(0xc01f520780, 0x3b9aca00, 0x3ff3333333333333, 0x1, 0xc01f4ca000)
	/home/mariell/go/pkg/mod/k8s.io/apimachinery@v0.32.1/pkg/util/wait/backoff.go:204 +0x7f
created by k8s.io/apiserver/pkg/registry/generic/registry.(*Store).startObservingCount in goroutine 34907
	/home/mariell/go/pkg/mod/k8s.io/apiserver@v0.32.1/pkg/registry/generic/registry/store.go:1666 +0x2f9

goroutine 37938 [select]:
github.com/grafana/grafana/pkg/storage/unified/resource.(*cache[...]).run(0xc01fd86f98)
	/home/mariell/work/oss/grafana/pkg/storage/unified/resource/broadcaster.go:291 +0xb0
created by github.com/grafana/grafana/pkg/storage/unified/resource.newChannelCache[...] in goroutine 34907
	/home/mariell/work/oss/grafana/pkg/storage/unified/resource/broadcaster.go:276 +0x189

goroutine 39051 [sync.Cond.Wait]:
sync.runtime_notifyListWait(0xc01fe50bd0, 0x2d)
	/usr/lib/go/src/runtime/sema.go:597 +0x159
sync.(*Cond).Wait(0x0?)
	/usr/lib/go/src/sync/cond.go:71 +0x85
github.com/centrifugal/centrifuge/internal/dissolve.(*queueImpl).Wait(0xc00bf5ccb0)
	/home/mariell/go/pkg/mod/github.com/centrifugal/centrifuge@v0.33.3/internal/dissolve/queue.go:139 +0x4a
github.com/centrifugal/centrifuge/internal/dissolve.(*Dissolver).runWorker(0xc017ecc900)
	/home/mariell/go/pkg/mod/github.com/centrifugal/centrifuge@v0.33.3/internal/dissolve/dissolve.go:52 +0x27
created by github.com/centrifugal/centrifuge/internal/dissolve.(*Dissolver).Run in goroutine 37971
	/home/mariell/go/pkg/mod/github.com/centrifugal/centrifuge@v0.33.3/internal/dissolve/dissolve.go:31 +0x25

goroutine 34912 [chan receive]:
github.com/grafana/grafana/pkg/registry/apis/dashboard/legacy.(*dashboardSqlAccess).WatchWriteEvents.func1()
	/home/mariell/work/oss/grafana/pkg/registry/apis/dashboard/legacy/storage.go:238 +0x50
created by github.com/grafana/grafana/pkg/registry/apis/dashboard/legacy.(*dashboardSqlAccess).WatchWriteEvents in goroutine 34907
	/home/mariell/work/oss/grafana/pkg/registry/apis/dashboard/legacy/storage.go:236 +0x1b6

goroutine 34911 [select]:
k8s.io/apimachinery/pkg/util/wait.BackoffUntil(0xc01f2d4f40, {0xa95ac00, 0xc01d4fa600}, 0x1, 0xc01f4c1500)
	/home/mariell/go/pkg/mod/k8s.io/apimachinery@v0.32.1/pkg/util/wait/backoff.go:238 +0x12c
k8s.io/apimachinery/pkg/util/wait.JitterUntil(0xc01f2d4f40, 0x3b9aca00, 0x3ff3333333333333, 0x1, 0xc01f4c1500)
	/home/mariell/go/pkg/mod/k8s.io/apimachinery@v0.32.1/pkg/util/wait/backoff.go:204 +0x7f
created by k8s.io/apiserver/pkg/registry/generic/registry.(*Store).startObservingCount in goroutine 34907
	/home/mariell/go/pkg/mod/k8s.io/apiserver@v0.32.1/pkg/registry/generic/registry/store.go:1666 +0x2f9

goroutine 37944 [select]:
k8s.io/apimachinery/pkg/util/wait.BackoffUntil(0xc00ed04700, {0xa95ac00, 0xc01d4fad20}, 0x1, 0xc01f4dcc40)
	/home/mariell/go/pkg/mod/k8s.io/apimachinery@v0.32.1/pkg/util/wait/backoff.go:238 +0x12c
k8s.io/apimachinery/pkg/util/wait.JitterUntil(0xc00ed04700, 0x3b9aca00, 0x3ff3333333333333, 0x1, 0xc01f4dcc40)
	/home/mariell/go/pkg/mod/k8s.io/apimachinery@v0.32.1/pkg/util/wait/backoff.go:204 +0x7f
created by k8s.io/apiserver/pkg/registry/generic/registry.(*Store).startObservingCount in goroutine 34907
	/home/mariell/go/pkg/mod/k8s.io/apiserver@v0.32.1/pkg/registry/generic/registry/store.go:1666 +0x2f9

goroutine 37411 [chan receive]:
github.com/grafana/grafana/pkg/storage/unified/resource.(*server).initWatcher.func1.1()
	/home/mariell/work/oss/grafana/pkg/storage/unified/resource/server.go:922 +0x58
created by github.com/grafana/grafana/pkg/storage/unified/resource.(*server).initWatcher.func1 in goroutine 36374
	/home/mariell/work/oss/grafana/pkg/storage/unified/resource/server.go:921 +0xaa

goroutine 39016 [sync.Cond.Wait]:
sync.runtime_notifyListWait(0xc01fe50bd0, 0xb)
	/usr/lib/go/src/runtime/sema.go:597 +0x159
sync.(*Cond).Wait(0xc00eb71fd0?)
	/usr/lib/go/src/sync/cond.go:71 +0x85
github.com/centrifugal/centrifuge/internal/dissolve.(*queueImpl).Wait(0xc00bf5ccb0)
	/home/mariell/go/pkg/mod/github.com/centrifugal/centrifuge@v0.33.3/internal/dissolve/queue.go:139 +0x4a
github.com/centrifugal/centrifuge/internal/dissolve.(*Dissolver).runWorker(0xc017ecc900)
	/home/mariell/go/pkg/mod/github.com/centrifugal/centrifuge@v0.33.3/internal/dissolve/dissolve.go:52 +0x27
created by github.com/centrifugal/centrifuge/internal/dissolve.(*Dissolver).Run in goroutine 37971
	/home/mariell/go/pkg/mod/github.com/centrifugal/centrifuge@v0.33.3/internal/dissolve/dissolve.go:31 +0x25

goroutine 39015 [sync.Cond.Wait]:
sync.runtime_notifyListWait(0xc01fe50bd0, 0xa)
	/usr/lib/go/src/runtime/sema.go:597 +0x159
sync.(*Cond).Wait(0x0?)
	/usr/lib/go/src/sync/cond.go:71 +0x85
github.com/centrifugal/centrifuge/internal/dissolve.(*queueImpl).Wait(0xc00bf5ccb0)
	/home/mariell/go/pkg/mod/github.com/centrifugal/centrifuge@v0.33.3/internal/dissolve/queue.go:139 +0x4a
github.com/centrifugal/centrifuge/internal/dissolve.(*Dissolver).runWorker(0xc017ecc900)
	/home/mariell/go/pkg/mod/github.com/centrifugal/centrifuge@v0.33.3/internal/dissolve/dissolve.go:52 +0x27
created by github.com/centrifugal/centrifuge/internal/dissolve.(*Dissolver).Run in goroutine 37971
	/home/mariell/go/pkg/mod/github.com/centrifugal/centrifuge@v0.33.3/internal/dissolve/dissolve.go:31 +0x25

goroutine 37509 [select]:
github.com/centrifugal/centrifuge.(*historyHub).expireStreams(0xc018226700)
	/home/mariell/go/pkg/mod/github.com/centrifugal/centrifuge@v0.33.3/broker_memory.go:298 +0x75
created by github.com/centrifugal/centrifuge.(*historyHub).runCleanups in goroutine 36374
	/home/mariell/go/pkg/mod/github.com/centrifugal/centrifuge@v0.33.3/broker_memory.go:252 +0x56

goroutine 35882 [chan receive]:
github.com/grafana/grafana/pkg/storage/unified/sql.(*channelNotifier).notify.func1()
	/home/mariell/work/oss/grafana/pkg/storage/unified/sql/notifier.go:87 +0x39
created by github.com/grafana/grafana/pkg/storage/unified/sql.(*channelNotifier).notify in goroutine 33562
	/home/mariell/work/oss/grafana/pkg/storage/unified/sql/notifier.go:86 +0xdb

goroutine 44042 [select]:
k8s.io/apimachinery/pkg/util/wait.BackoffUntil(0xc0143abb80, {0xa95ac00, 0xc01df78360}, 0x1, 0xc00e8df260)
	/home/mariell/go/pkg/mod/k8s.io/apimachinery@v0.32.1/pkg/util/wait/backoff.go:238 +0x12c
k8s.io/apimachinery/pkg/util/wait.JitterUntil(0xc0143abb80, 0x3b9aca00, 0x3ff3333333333333, 0x1, 0xc00e8df260)
	/home/mariell/go/pkg/mod/k8s.io/apimachinery@v0.32.1/pkg/util/wait/backoff.go:204 +0x7f
created by k8s.io/apiserver/pkg/registry/generic/registry.(*Store).startObservingCount in goroutine 42497
	/home/mariell/go/pkg/mod/k8s.io/apiserver@v0.32.1/pkg/registry/generic/registry/store.go:1666 +0x2f9

goroutine 40573 [sync.Cond.Wait]:
sync.runtime_notifyListWait(0xc0228a0b10, 0x27)
	/usr/lib/go/src/runtime/sema.go:597 +0x159
sync.(*Cond).Wait(0xc01b5637d0?)
	/usr/lib/go/src/sync/cond.go:71 +0x85
github.com/centrifugal/centrifuge/internal/dissolve.(*queueImpl).Wait(0xc0228cc690)
	/home/mariell/go/pkg/mod/github.com/centrifugal/centrifuge@v0.33.3/internal/dissolve/queue.go:139 +0x4a
github.com/centrifugal/centrifuge/internal/dissolve.(*Dissolver).runWorker(0xc015fedd58)
	/home/mariell/go/pkg/mod/github.com/centrifugal/centrifuge@v0.33.3/internal/dissolve/dissolve.go:52 +0x27
created by github.com/centrifugal/centrifuge/internal/dissolve.(*Dissolver).Run in goroutine 36287
	/home/mariell/go/pkg/mod/github.com/centrifugal/centrifuge@v0.33.3/internal/dissolve/dissolve.go:31 +0x25

goroutine 35833 [select]:
github.com/patrickmn/go-cache.(*janitor).Run(0xc00cd91cb0, 0xc01b5fac80)
	/home/mariell/go/pkg/mod/github.com/patrickmn/go-cache@v2.1.0+incompatible/cache.go:1079 +0x7b
created by github.com/patrickmn/go-cache.runJanitor in goroutine 33562
	/home/mariell/go/pkg/mod/github.com/patrickmn/go-cache@v2.1.0+incompatible/cache.go:1099 +0xdb

goroutine 37553 [sync.Cond.Wait]:
sync.runtime_notifyListWait(0xc01affc250, 0x1e)
	/usr/lib/go/src/runtime/sema.go:597 +0x159
sync.(*Cond).Wait(0xc00d22ffd0?)
	/usr/lib/go/src/sync/cond.go:71 +0x85
github.com/centrifugal/centrifuge/internal/dissolve.(*queueImpl).Wait(0xc01821cd90)
	/home/mariell/go/pkg/mod/github.com/centrifugal/centrifuge@v0.33.3/internal/dissolve/queue.go:139 +0x4a
github.com/centrifugal/centrifuge/internal/dissolve.(*Dissolver).runWorker(0xc0024fff08)
	/home/mariell/go/pkg/mod/github.com/centrifugal/centrifuge@v0.33.3/internal/dissolve/dissolve.go:52 +0x27
created by github.com/centrifugal/centrifuge/internal/dissolve.(*Dissolver).Run in goroutine 36374
	/home/mariell/go/pkg/mod/github.com/centrifugal/centrifuge@v0.33.3/internal/dissolve/dissolve.go:31 +0x25

goroutine 39049 [sync.Cond.Wait]:
sync.runtime_notifyListWait(0xc01fe50bd0, 0x28)
	/usr/lib/go/src/runtime/sema.go:597 +0x159
sync.(*Cond).Wait(0x0?)
	/usr/lib/go/src/sync/cond.go:71 +0x85
github.com/centrifugal/centrifuge/internal/dissolve.(*queueImpl).Wait(0xc00bf5ccb0)
	/home/mariell/go/pkg/mod/github.com/centrifugal/centrifuge@v0.33.3/internal/dissolve/queue.go:139 +0x4a
github.com/centrifugal/centrifuge/internal/dissolve.(*Dissolver).runWorker(0xc017ecc900)
	/home/mariell/go/pkg/mod/github.com/centrifugal/centrifuge@v0.33.3/internal/dissolve/dissolve.go:52 +0x27
created by github.com/centrifugal/centrifuge/internal/dissolve.(*Dissolver).Run in goroutine 37971
	/home/mariell/go/pkg/mod/github.com/centrifugal/centrifuge@v0.33.3/internal/dissolve/dissolve.go:31 +0x25

goroutine 37565 [sync.Cond.Wait]:
sync.runtime_notifyListWait(0xc01affc250, 0x2a)
	/usr/lib/go/src/runtime/sema.go:597 +0x159
sync.(*Cond).Wait(0x0?)
	/usr/lib/go/src/sync/cond.go:71 +0x85
github.com/centrifugal/centrifuge/internal/dissolve.(*queueImpl).Wait(0xc01821cd90)
	/home/mariell/go/pkg/mod/github.com/centrifugal/centrifuge@v0.33.3/internal/dissolve/queue.go:139 +0x4a
github.com/centrifugal/centrifuge/internal/dissolve.(*Dissolver).runWorker(0xc0024fff08)
	/home/mariell/go/pkg/mod/github.com/centrifugal/centrifuge@v0.33.3/internal/dissolve/dissolve.go:52 +0x27
created by github.com/centrifugal/centrifuge/internal/dissolve.(*Dissolver).Run in goroutine 36374
	/home/mariell/go/pkg/mod/github.com/centrifugal/centrifuge@v0.33.3/internal/dissolve/dissolve.go:31 +0x25

goroutine 36130 [select]:
github.com/patrickmn/go-cache.(*janitor).Run(0xc010eb3d70, 0xc01499c6c0)
	/home/mariell/go/pkg/mod/github.com/patrickmn/go-cache@v2.1.0+incompatible/cache.go:1079 +0x7b
created by github.com/patrickmn/go-cache.runJanitor in goroutine 33562
	/home/mariell/go/pkg/mod/github.com/patrickmn/go-cache@v2.1.0+incompatible/cache.go:1099 +0xdb

goroutine 37554 [sync.Cond.Wait]:
sync.runtime_notifyListWait(0xc01affc250, 0x1f)
	/usr/lib/go/src/runtime/sema.go:597 +0x159
sync.(*Cond).Wait(0xc0070a97d0?)
	/usr/lib/go/src/sync/cond.go:71 +0x85
github.com/centrifugal/centrifuge/internal/dissolve.(*queueImpl).Wait(0xc01821cd90)
	/home/mariell/go/pkg/mod/github.com/centrifugal/centrifuge@v0.33.3/internal/dissolve/queue.go:139 +0x4a
github.com/centrifugal/centrifuge/internal/dissolve.(*Dissolver).runWorker(0xc0024fff08)
	/home/mariell/go/pkg/mod/github.com/centrifugal/centrifuge@v0.33.3/internal/dissolve/dissolve.go:52 +0x27
created by github.com/centrifugal/centrifuge/internal/dissolve.(*Dissolver).Run in goroutine 36374
	/home/mariell/go/pkg/mod/github.com/centrifugal/centrifuge@v0.33.3/internal/dissolve/dissolve.go:31 +0x25

goroutine 43491 [chan receive]:
github.com/grafana/grafana/pkg/storage/unified/sql.(*channelNotifier).notify.func1()
	/home/mariell/work/oss/grafana/pkg/storage/unified/sql/notifier.go:87 +0x39
created by github.com/grafana/grafana/pkg/storage/unified/sql.(*channelNotifier).notify in goroutine 42495
	/home/mariell/work/oss/grafana/pkg/storage/unified/sql/notifier.go:86 +0xdb

goroutine 39013 [sync.Cond.Wait]:
sync.runtime_notifyListWait(0xc01fe50bd0, 0x8)
	/usr/lib/go/src/runtime/sema.go:597 +0x159
sync.(*Cond).Wait(0xc01b9757d0?)
	/usr/lib/go/src/sync/cond.go:71 +0x85
github.com/centrifugal/centrifuge/internal/dissolve.(*queueImpl).Wait(0xc00bf5ccb0)
	/home/mariell/go/pkg/mod/github.com/centrifugal/centrifuge@v0.33.3/internal/dissolve/queue.go:139 +0x4a
github.com/centrifugal/centrifuge/internal/dissolve.(*Dissolver).runWorker(0xc017ecc900)
	/home/mariell/go/pkg/mod/github.com/centrifugal/centrifuge@v0.33.3/internal/dissolve/dissolve.go:52 +0x27
created by github.com/centrifugal/centrifuge/internal/dissolve.(*Dissolver).Run in goroutine 37971
	/home/mariell/go/pkg/mod/github.com/centrifugal/centrifuge@v0.33.3/internal/dissolve/dissolve.go:31 +0x25

goroutine 48232 [sync.Cond.Wait]:
sync.runtime_notifyListWait(0xc01fca58d0, 0x19)
	/usr/lib/go/src/runtime/sema.go:597 +0x159
sync.(*Cond).Wait(0x0?)
	/usr/lib/go/src/sync/cond.go:71 +0x85
github.com/centrifugal/centrifuge/internal/dissolve.(*queueImpl).Wait(0xc020dbf5e0)
	/home/mariell/go/pkg/mod/github.com/centrifugal/centrifuge@v0.33.3/internal/dissolve/queue.go:139 +0x4a
github.com/centrifugal/centrifuge/internal/dissolve.(*Dissolver).runWorker(0xc0271f1da0)
	/home/mariell/go/pkg/mod/github.com/centrifugal/centrifuge@v0.33.3/internal/dissolve/dissolve.go:52 +0x27
created by github.com/centrifugal/centrifuge/internal/dissolve.(*Dissolver).Run in goroutine 47137
	/home/mariell/go/pkg/mod/github.com/centrifugal/centrifuge@v0.33.3/internal/dissolve/dissolve.go:31 +0x25

goroutine 40812 [IO wait]:
internal/poll.runtime_pollWait(0x7775581bc070, 0x72)
	/usr/lib/go/src/runtime/netpoll.go:351 +0x85
internal/poll.(*pollDesc).wait(0xc023582c80?, 0xc023801300?, 0x0)
	/usr/lib/go/src/internal/poll/fd_poll_runtime.go:84 +0x27
internal/poll.(*pollDesc).waitRead(...)
	/usr/lib/go/src/internal/poll/fd_poll_runtime.go:89
internal/poll.(*FD).Read(0xc023582c80, {0xc023801300, 0x1300, 0x1300})
	/usr/lib/go/src/internal/poll/fd_unix.go:165 +0x27a
net.(*netFD).Read(0xc023582c80, {0xc023801300?, 0x0?, 0x0?})
	/usr/lib/go/src/net/fd_posix.go:55 +0x25
net.(*conn).Read(0xc0088a6088, {0xc023801300?, 0x777558f2eaa8?, 0x7775a8b285c0?})
	/usr/lib/go/src/net/net.go:194 +0x45
crypto/tls.(*atLeastReader).Read(0xc01da267e0, {0xc023801300?, 0xc00b6909b0?, 0x83c1a9?})
	/usr/lib/go/src/crypto/tls/conn.go:809 +0x3b
bytes.(*Buffer).ReadFrom(0xc015dc97b8, {0xa94e300, 0xc01da267e0})
	/usr/lib/go/src/bytes/buffer.go:211 +0x98
crypto/tls.(*Conn).readFromUntil(0xc015dc9508, {0xa94dc00, 0xc0088a6088}, 0x444af4?)
	/usr/lib/go/src/crypto/tls/conn.go:831 +0xde
crypto/tls.(*Conn).readRecordOrCCS(0xc015dc9508, 0x0)
	/usr/lib/go/src/crypto/tls/conn.go:629 +0x3cf
crypto/tls.(*Conn).readRecord(...)
	/usr/lib/go/src/crypto/tls/conn.go:591
crypto/tls.(*Conn).Read(0xc015dc9508, {0xc023824000, 0x1000, 0x7775a8b285c0?})
	/usr/lib/go/src/crypto/tls/conn.go:1385 +0x145
net/http.(*persistConn).Read(0xc00c41c000, {0xc023824000?, 0x4141c5?, 0x68?})
	/usr/lib/go/src/net/http/transport.go:2122 +0x47
bufio.(*Reader).fill(0xc0238205a0)
	/usr/lib/go/src/bufio/bufio.go:113 +0x103
bufio.(*Reader).Peek(0xc0238205a0, 0x1)
	/usr/lib/go/src/bufio/bufio.go:152 +0x53
net/http.(*persistConn).readLoop(0xc00c41c000)
	/usr/lib/go/src/net/http/transport.go:2275 +0x172
created by net/http.(*Transport).dialConn in goroutine 39325
	/usr/lib/go/src/net/http/transport.go:1944 +0x174f

goroutine 37552 [sync.Cond.Wait]:
sync.runtime_notifyListWait(0xc01affc250, 0x1d)
	/usr/lib/go/src/runtime/sema.go:597 +0x159
sync.(*Cond).Wait(0x0?)
	/usr/lib/go/src/sync/cond.go:71 +0x85
github.com/centrifugal/centrifuge/internal/dissolve.(*queueImpl).Wait(0xc01821cd90)
	/home/mariell/go/pkg/mod/github.com/centrifugal/centrifuge@v0.33.3/internal/dissolve/queue.go:139 +0x4a
github.com/centrifugal/centrifuge/internal/dissolve.(*Dissolver).runWorker(0xc0024fff08)
	/home/mariell/go/pkg/mod/github.com/centrifugal/centrifuge@v0.33.3/internal/dissolve/dissolve.go:52 +0x27
created by github.com/centrifugal/centrifuge/internal/dissolve.(*Dissolver).Run in goroutine 36374
	/home/mariell/go/pkg/mod/github.com/centrifugal/centrifuge@v0.33.3/internal/dissolve/dissolve.go:31 +0x25

goroutine 35836 [select]:
github.com/patrickmn/go-cache.(*janitor).Run(0xc0136e0f10, 0xc01b5fbd00)
	/home/mariell/go/pkg/mod/github.com/patrickmn/go-cache@v2.1.0+incompatible/cache.go:1079 +0x7b
created by github.com/patrickmn/go-cache.runJanitor in goroutine 33562
	/home/mariell/go/pkg/mod/github.com/patrickmn/go-cache@v2.1.0+incompatible/cache.go:1099 +0xdb

goroutine 39052 [sync.Cond.Wait]:
sync.runtime_notifyListWait(0xc01fe50bd0, 0x2e)
	/usr/lib/go/src/runtime/sema.go:597 +0x159
sync.(*Cond).Wait(0x0?)
	/usr/lib/go/src/sync/cond.go:71 +0x85
github.com/centrifugal/centrifuge/internal/dissolve.(*queueImpl).Wait(0xc00bf5ccb0)
	/home/mariell/go/pkg/mod/github.com/centrifugal/centrifuge@v0.33.3/internal/dissolve/queue.go:139 +0x4a
github.com/centrifugal/centrifuge/internal/dissolve.(*Dissolver).runWorker(0xc017ecc900)
	/home/mariell/go/pkg/mod/github.com/centrifugal/centrifuge@v0.33.3/internal/dissolve/dissolve.go:52 +0x27
created by github.com/centrifugal/centrifuge/internal/dissolve.(*Dissolver).Run in goroutine 37971
	/home/mariell/go/pkg/mod/github.com/centrifugal/centrifuge@v0.33.3/internal/dissolve/dissolve.go:31 +0x25

goroutine 37511 [select]:
github.com/FZambia/eagle.(*Eagle).aggregate(0xc01821dd50)
	/home/mariell/go/pkg/mod/github.com/!f!zambia/eagle@v0.1.0/eagle.go:210 +0x6d
created by github.com/FZambia/eagle.New in goroutine 36374
	/home/mariell/go/pkg/mod/github.com/!f!zambia/eagle@v0.1.0/eagle.go:66 +0x176

goroutine 37566 [sync.Cond.Wait]:
sync.runtime_notifyListWait(0xc01affc250, 0x2b)
	/usr/lib/go/src/runtime/sema.go:597 +0x159
sync.(*Cond).Wait(0x0?)
	/usr/lib/go/src/sync/cond.go:71 +0x85
github.com/centrifugal/centrifuge/internal/dissolve.(*queueImpl).Wait(0xc01821cd90)
	/home/mariell/go/pkg/mod/github.com/centrifugal/centrifuge@v0.33.3/internal/dissolve/queue.go:139 +0x4a
github.com/centrifugal/centrifuge/internal/dissolve.(*Dissolver).runWorker(0xc0024fff08)
	/home/mariell/go/pkg/mod/github.com/centrifugal/centrifuge@v0.33.3/internal/dissolve/dissolve.go:52 +0x27
created by github.com/centrifugal/centrifuge/internal/dissolve.(*Dissolver).Run in goroutine 36374
	/home/mariell/go/pkg/mod/github.com/centrifugal/centrifuge@v0.33.3/internal/dissolve/dissolve.go:31 +0x25

goroutine 39046 [sync.Cond.Wait]:
sync.runtime_notifyListWait(0xc01fe50bd0, 0x2b)
	/usr/lib/go/src/runtime/sema.go:597 +0x159
sync.(*Cond).Wait(0xc00708d7d0?)
	/usr/lib/go/src/sync/cond.go:71 +0x85
github.com/centrifugal/centrifuge/internal/dissolve.(*queueImpl).Wait(0xc00bf5ccb0)
	/home/mariell/go/pkg/mod/github.com/centrifugal/centrifuge@v0.33.3/internal/dissolve/queue.go:139 +0x4a
github.com/centrifugal/centrifuge/internal/dissolve.(*Dissolver).runWorker(0xc017ecc900)
	/home/mariell/go/pkg/mod/github.com/centrifugal/centrifuge@v0.33.3/internal/dissolve/dissolve.go:52 +0x27
created by github.com/centrifugal/centrifuge/internal/dissolve.(*Dissolver).Run in goroutine 37971
	/home/mariell/go/pkg/mod/github.com/centrifugal/centrifuge@v0.33.3/internal/dissolve/dissolve.go:31 +0x25

goroutine 45558 [select]:
net/http.(*persistConn).writeLoop(0xc0254bc360)
	/usr/lib/go/src/net/http/transport.go:2590 +0xe7
created by net/http.(*Transport).dialConn in goroutine 45541
	/usr/lib/go/src/net/http/transport.go:1945 +0x17a5

goroutine 37550 [sync.Cond.Wait]:
sync.runtime_notifyListWait(0xc01affc250, 0x1b)
	/usr/lib/go/src/runtime/sema.go:597 +0x159
sync.(*Cond).Wait(0xc0070907d0?)
	/usr/lib/go/src/sync/cond.go:71 +0x85
github.com/centrifugal/centrifuge/internal/dissolve.(*queueImpl).Wait(0xc01821cd90)
	/home/mariell/go/pkg/mod/github.com/centrifugal/centrifuge@v0.33.3/internal/dissolve/queue.go:139 +0x4a
github.com/centrifugal/centrifuge/internal/dissolve.(*Dissolver).runWorker(0xc0024fff08)
	/home/mariell/go/pkg/mod/github.com/centrifugal/centrifuge@v0.33.3/internal/dissolve/dissolve.go:52 +0x27
created by github.com/centrifugal/centrifuge/internal/dissolve.(*Dissolver).Run in goroutine 36374
	/home/mariell/go/pkg/mod/github.com/centrifugal/centrifuge@v0.33.3/internal/dissolve/dissolve.go:31 +0x25

goroutine 35844 [select]:
github.com/patrickmn/go-cache.(*janitor).Run(0xc0136e1ac0, 0xc01b75a100)
	/home/mariell/go/pkg/mod/github.com/patrickmn/go-cache@v2.1.0+incompatible/cache.go:1079 +0x7b
created by github.com/patrickmn/go-cache.runJanitor in goroutine 33562
	/home/mariell/go/pkg/mod/github.com/patrickmn/go-cache@v2.1.0+incompatible/cache.go:1099 +0xdb

goroutine 37567 [sync.Cond.Wait]:
sync.runtime_notifyListWait(0xc01affc250, 0x2c)
	/usr/lib/go/src/runtime/sema.go:597 +0x159
sync.(*Cond).Wait(0x0?)
	/usr/lib/go/src/sync/cond.go:71 +0x85
github.com/centrifugal/centrifuge/internal/dissolve.(*queueImpl).Wait(0xc01821cd90)
	/home/mariell/go/pkg/mod/github.com/centrifugal/centrifuge@v0.33.3/internal/dissolve/queue.go:139 +0x4a
github.com/centrifugal/centrifuge/internal/dissolve.(*Dissolver).runWorker(0xc0024fff08)
	/home/mariell/go/pkg/mod/github.com/centrifugal/centrifuge@v0.33.3/internal/dissolve/dissolve.go:52 +0x27
created by github.com/centrifugal/centrifuge/internal/dissolve.(*Dissolver).Run in goroutine 36374
	/home/mariell/go/pkg/mod/github.com/centrifugal/centrifuge@v0.33.3/internal/dissolve/dissolve.go:31 +0x25

goroutine 45199 [sync.Cond.Wait]:
sync.runtime_notifyListWait(0xc026bf9c10, 0x3c)
	/usr/lib/go/src/runtime/sema.go:597 +0x159
sync.(*Cond).Wait(0xc02124a7d0?)
	/usr/lib/go/src/sync/cond.go:71 +0x85
github.com/centrifugal/centrifuge/internal/dissolve.(*queueImpl).Wait(0xc026c14c40)
	/home/mariell/go/pkg/mod/github.com/centrifugal/centrifuge@v0.33.3/internal/dissolve/queue.go:139 +0x4a
github.com/centrifugal/centrifuge/internal/dissolve.(*Dissolver).runWorker(0xc026b0b128)
	/home/mariell/go/pkg/mod/github.com/centrifugal/centrifuge@v0.33.3/internal/dissolve/dissolve.go:52 +0x27
created by github.com/centrifugal/centrifuge/internal/dissolve.(*Dissolver).Run in goroutine 44067
	/home/mariell/go/pkg/mod/github.com/centrifugal/centrifuge@v0.33.3/internal/dissolve/dissolve.go:31 +0x25

goroutine 37570 [sync.Cond.Wait]:
sync.runtime_notifyListWait(0xc01affc250, 0x2f)
	/usr/lib/go/src/runtime/sema.go:597 +0x159
sync.(*Cond).Wait(0x0?)
	/usr/lib/go/src/sync/cond.go:71 +0x85
github.com/centrifugal/centrifuge/internal/dissolve.(*queueImpl).Wait(0xc01821cd90)
	/home/mariell/go/pkg/mod/github.com/centrifugal/centrifuge@v0.33.3/internal/dissolve/queue.go:139 +0x4a
github.com/centrifugal/centrifuge/internal/dissolve.(*Dissolver).runWorker(0xc0024fff08)
	/home/mariell/go/pkg/mod/github.com/centrifugal/centrifuge@v0.33.3/internal/dissolve/dissolve.go:52 +0x27
created by github.com/centrifugal/centrifuge/internal/dissolve.(*Dissolver).Run in goroutine 36374
	/home/mariell/go/pkg/mod/github.com/centrifugal/centrifuge@v0.33.3/internal/dissolve/dissolve.go:31 +0x25

goroutine 39048 [sync.Cond.Wait]:
sync.runtime_notifyListWait(0xc01fe50bd0, 0x2a)
	/usr/lib/go/src/runtime/sema.go:597 +0x159
sync.(*Cond).Wait(0x0?)
	/usr/lib/go/src/sync/cond.go:71 +0x85
github.com/centrifugal/centrifuge/internal/dissolve.(*queueImpl).Wait(0xc00bf5ccb0)
	/home/mariell/go/pkg/mod/github.com/centrifugal/centrifuge@v0.33.3/internal/dissolve/queue.go:139 +0x4a
github.com/centrifugal/centrifuge/internal/dissolve.(*Dissolver).runWorker(0xc017ecc900)
	/home/mariell/go/pkg/mod/github.com/centrifugal/centrifuge@v0.33.3/internal/dissolve/dissolve.go:52 +0x27
created by github.com/centrifugal/centrifuge/internal/dissolve.(*Dissolver).Run in goroutine 37971
	/home/mariell/go/pkg/mod/github.com/centrifugal/centrifuge@v0.33.3/internal/dissolve/dissolve.go:31 +0x25

goroutine 36131 [select]:
github.com/patrickmn/go-cache.(*janitor).Run(0xc010eb3e90, 0xc01499c780)
	/home/mariell/go/pkg/mod/github.com/patrickmn/go-cache@v2.1.0+incompatible/cache.go:1079 +0x7b
created by github.com/patrickmn/go-cache.runJanitor in goroutine 33562
	/home/mariell/go/pkg/mod/github.com/patrickmn/go-cache@v2.1.0+incompatible/cache.go:1099 +0xdb

goroutine 37584 [sync.Cond.Wait]:
sync.runtime_notifyListWait(0xc01affc250, 0x3d)
	/usr/lib/go/src/runtime/sema.go:597 +0x159
sync.(*Cond).Wait(0x0?)
	/usr/lib/go/src/sync/cond.go:71 +0x85
github.com/centrifugal/centrifuge/internal/dissolve.(*queueImpl).Wait(0xc01821cd90)
	/home/mariell/go/pkg/mod/github.com/centrifugal/centrifuge@v0.33.3/internal/dissolve/queue.go:139 +0x4a
github.com/centrifugal/centrifuge/internal/dissolve.(*Dissolver).runWorker(0xc0024fff08)
	/home/mariell/go/pkg/mod/github.com/centrifugal/centrifuge@v0.33.3/internal/dissolve/dissolve.go:52 +0x27
created by github.com/centrifugal/centrifuge/internal/dissolve.(*Dissolver).Run in goroutine 36374
	/home/mariell/go/pkg/mod/github.com/centrifugal/centrifuge@v0.33.3/internal/dissolve/dissolve.go:31 +0x25

goroutine 37549 [sync.Cond.Wait]:
sync.runtime_notifyListWait(0xc01affc250, 0x1a)
	/usr/lib/go/src/runtime/sema.go:597 +0x159
sync.(*Cond).Wait(0x0?)
	/usr/lib/go/src/sync/cond.go:71 +0x85
github.com/centrifugal/centrifuge/internal/dissolve.(*queueImpl).Wait(0xc01821cd90)
	/home/mariell/go/pkg/mod/github.com/centrifugal/centrifuge@v0.33.3/internal/dissolve/queue.go:139 +0x4a
github.com/centrifugal/centrifuge/internal/dissolve.(*Dissolver).runWorker(0xc0024fff08)
	/home/mariell/go/pkg/mod/github.com/centrifugal/centrifuge@v0.33.3/internal/dissolve/dissolve.go:52 +0x27
created by github.com/centrifugal/centrifuge/internal/dissolve.(*Dissolver).Run in goroutine 36374
	/home/mariell/go/pkg/mod/github.com/centrifugal/centrifuge@v0.33.3/internal/dissolve/dissolve.go:31 +0x25

goroutine 36343 [select]:
net/http.(*persistConn).writeLoop(0xc00aa4e5a0)
	/usr/lib/go/src/net/http/transport.go:2590 +0xe7
created by net/http.(*Transport).dialConn in goroutine 34360
	/usr/lib/go/src/net/http/transport.go:1945 +0x17a5

goroutine 39014 [sync.Cond.Wait]:
sync.runtime_notifyListWait(0xc01fe50bd0, 0x9)
	/usr/lib/go/src/runtime/sema.go:597 +0x159
sync.(*Cond).Wait(0xc00cd40fd0?)
	/usr/lib/go/src/sync/cond.go:71 +0x85
github.com/centrifugal/centrifuge/internal/dissolve.(*queueImpl).Wait(0xc00bf5ccb0)
	/home/mariell/go/pkg/mod/github.com/centrifugal/centrifuge@v0.33.3/internal/dissolve/queue.go:139 +0x4a
github.com/centrifugal/centrifuge/internal/dissolve.(*Dissolver).runWorker(0xc017ecc900)
	/home/mariell/go/pkg/mod/github.com/centrifugal/centrifuge@v0.33.3/internal/dissolve/dissolve.go:52 +0x27
created by github.com/centrifugal/centrifuge/internal/dissolve.(*Dissolver).Run in goroutine 37971
	/home/mariell/go/pkg/mod/github.com/centrifugal/centrifuge@v0.33.3/internal/dissolve/dissolve.go:31 +0x25

goroutine 37557 [sync.Cond.Wait]:
sync.runtime_notifyListWait(0xc01affc250, 0x22)
	/usr/lib/go/src/runtime/sema.go:597 +0x159
sync.(*Cond).Wait(0x0?)
	/usr/lib/go/src/sync/cond.go:71 +0x85
github.com/centrifugal/centrifuge/internal/dissolve.(*queueImpl).Wait(0xc01821cd90)
	/home/mariell/go/pkg/mod/github.com/centrifugal/centrifuge@v0.33.3/internal/dissolve/queue.go:139 +0x4a
github.com/centrifugal/centrifuge/internal/dissolve.(*Dissolver).runWorker(0xc0024fff08)
	/home/mariell/go/pkg/mod/github.com/centrifugal/centrifuge@v0.33.3/internal/dissolve/dissolve.go:52 +0x27
created by github.com/centrifugal/centrifuge/internal/dissolve.(*Dissolver).Run in goroutine 36374
	/home/mariell/go/pkg/mod/github.com/centrifugal/centrifuge@v0.33.3/internal/dissolve/dissolve.go:31 +0x25

goroutine 42319 [select]:
github.com/centrifugal/centrifuge.(*Node).cleanNodeInfo(0xc024df5208)
	/home/mariell/go/pkg/mod/github.com/centrifugal/centrifuge@v0.33.3/node.go:394 +0x90
created by github.com/centrifugal/centrifuge.(*Node).Run in goroutine 42495
	/home/mariell/go/pkg/mod/github.com/centrifugal/centrifuge@v0.33.3/node.go:261 +0x265

goroutine 37555 [sync.Cond.Wait]:
sync.runtime_notifyListWait(0xc01affc250, 0x20)
	/usr/lib/go/src/runtime/sema.go:597 +0x159
sync.(*Cond).Wait(0xc01be9efd0?)
	/usr/lib/go/src/sync/cond.go:71 +0x85
github.com/centrifugal/centrifuge/internal/dissolve.(*queueImpl).Wait(0xc01821cd90)
	/home/mariell/go/pkg/mod/github.com/centrifugal/centrifuge@v0.33.3/internal/dissolve/queue.go:139 +0x4a
github.com/centrifugal/centrifuge/internal/dissolve.(*Dissolver).runWorker(0xc0024fff08)
	/home/mariell/go/pkg/mod/github.com/centrifugal/centrifuge@v0.33.3/internal/dissolve/dissolve.go:52 +0x27
created by github.com/centrifugal/centrifuge/internal/dissolve.(*Dissolver).Run in goroutine 36374
	/home/mariell/go/pkg/mod/github.com/centrifugal/centrifuge@v0.33.3/internal/dissolve/dissolve.go:31 +0x25

goroutine 37569 [sync.Cond.Wait]:
sync.runtime_notifyListWait(0xc01affc250, 0x2e)
	/usr/lib/go/src/runtime/sema.go:597 +0x159
sync.(*Cond).Wait(0x0?)
	/usr/lib/go/src/sync/cond.go:71 +0x85
github.com/centrifugal/centrifuge/internal/dissolve.(*queueImpl).Wait(0xc01821cd90)
	/home/mariell/go/pkg/mod/github.com/centrifugal/centrifuge@v0.33.3/internal/dissolve/queue.go:139 +0x4a
github.com/centrifugal/centrifuge/internal/dissolve.(*Dissolver).runWorker(0xc0024fff08)
	/home/mariell/go/pkg/mod/github.com/centrifugal/centrifuge@v0.33.3/internal/dissolve/dissolve.go:52 +0x27
created by github.com/centrifugal/centrifuge/internal/dissolve.(*Dissolver).Run in goroutine 36374
	/home/mariell/go/pkg/mod/github.com/centrifugal/centrifuge@v0.33.3/internal/dissolve/dissolve.go:31 +0x25

goroutine 37543 [sync.Cond.Wait]:
sync.runtime_notifyListWait(0xc01affc250, 0x14)
	/usr/lib/go/src/runtime/sema.go:597 +0x159
sync.(*Cond).Wait(0xc01be9d7d0?)
	/usr/lib/go/src/sync/cond.go:71 +0x85
github.com/centrifugal/centrifuge/internal/dissolve.(*queueImpl).Wait(0xc01821cd90)
	/home/mariell/go/pkg/mod/github.com/centrifugal/centrifuge@v0.33.3/internal/dissolve/queue.go:139 +0x4a
github.com/centrifugal/centrifuge/internal/dissolve.(*Dissolver).runWorker(0xc0024fff08)
	/home/mariell/go/pkg/mod/github.com/centrifugal/centrifuge@v0.33.3/internal/dissolve/dissolve.go:52 +0x27
created by github.com/centrifugal/centrifuge/internal/dissolve.(*Dissolver).Run in goroutine 36374
	/home/mariell/go/pkg/mod/github.com/centrifugal/centrifuge@v0.33.3/internal/dissolve/dissolve.go:31 +0x25

goroutine 39057 [sync.Cond.Wait]:
sync.runtime_notifyListWait(0xc01fe50bd0, 0x31)
	/usr/lib/go/src/runtime/sema.go:597 +0x159
sync.(*Cond).Wait(0x0?)
	/usr/lib/go/src/sync/cond.go:71 +0x85
github.com/centrifugal/centrifuge/internal/dissolve.(*queueImpl).Wait(0xc00bf5ccb0)
	/home/mariell/go/pkg/mod/github.com/centrifugal/centrifuge@v0.33.3/internal/dissolve/queue.go:139 +0x4a
github.com/centrifugal/centrifuge/internal/dissolve.(*Dissolver).runWorker(0xc017ecc900)
	/home/mariell/go/pkg/mod/github.com/centrifugal/centrifuge@v0.33.3/internal/dissolve/dissolve.go:52 +0x27
created by github.com/centrifugal/centrifuge/internal/dissolve.(*Dissolver).Run in goroutine 37971
	/home/mariell/go/pkg/mod/github.com/centrifugal/centrifuge@v0.33.3/internal/dissolve/dissolve.go:31 +0x25

goroutine 37568 [sync.Cond.Wait]:
sync.runtime_notifyListWait(0xc01affc250, 0x2d)
	/usr/lib/go/src/runtime/sema.go:597 +0x159
sync.(*Cond).Wait(0x0?)
	/usr/lib/go/src/sync/cond.go:71 +0x85
github.com/centrifugal/centrifuge/internal/dissolve.(*queueImpl).Wait(0xc01821cd90)
	/home/mariell/go/pkg/mod/github.com/centrifugal/centrifuge@v0.33.3/internal/dissolve/queue.go:139 +0x4a
github.com/centrifugal/centrifuge/internal/dissolve.(*Dissolver).runWorker(0xc0024fff08)
	/home/mariell/go/pkg/mod/github.com/centrifugal/centrifuge@v0.33.3/internal/dissolve/dissolve.go:52 +0x27
created by github.com/centrifugal/centrifuge/internal/dissolve.(*Dissolver).Run in goroutine 36374
	/home/mariell/go/pkg/mod/github.com/centrifugal/centrifuge@v0.33.3/internal/dissolve/dissolve.go:31 +0x25

goroutine 37571 [sync.Cond.Wait]:
sync.runtime_notifyListWait(0xc01affc250, 0x30)
	/usr/lib/go/src/runtime/sema.go:597 +0x159
sync.(*Cond).Wait(0x0?)
	/usr/lib/go/src/sync/cond.go:71 +0x85
github.com/centrifugal/centrifuge/internal/dissolve.(*queueImpl).Wait(0xc01821cd90)
	/home/mariell/go/pkg/mod/github.com/centrifugal/centrifuge@v0.33.3/internal/dissolve/queue.go:139 +0x4a
github.com/centrifugal/centrifuge/internal/dissolve.(*Dissolver).runWorker(0xc0024fff08)
	/home/mariell/go/pkg/mod/github.com/centrifugal/centrifuge@v0.33.3/internal/dissolve/dissolve.go:52 +0x27
created by github.com/centrifugal/centrifuge/internal/dissolve.(*Dissolver).Run in goroutine 36374
	/home/mariell/go/pkg/mod/github.com/centrifugal/centrifuge@v0.33.3/internal/dissolve/dissolve.go:31 +0x25

goroutine 39050 [sync.Cond.Wait]:
sync.runtime_notifyListWait(0xc01fe50bd0, 0x30)
	/usr/lib/go/src/runtime/sema.go:597 +0x159
sync.(*Cond).Wait(0x0?)
	/usr/lib/go/src/sync/cond.go:71 +0x85
github.com/centrifugal/centrifuge/internal/dissolve.(*queueImpl).Wait(0xc00bf5ccb0)
	/home/mariell/go/pkg/mod/github.com/centrifugal/centrifuge@v0.33.3/internal/dissolve/queue.go:139 +0x4a
github.com/centrifugal/centrifuge/internal/dissolve.(*Dissolver).runWorker(0xc017ecc900)
	/home/mariell/go/pkg/mod/github.com/centrifugal/centrifuge@v0.33.3/internal/dissolve/dissolve.go:52 +0x27
created by github.com/centrifugal/centrifuge/internal/dissolve.(*Dissolver).Run in goroutine 37971
	/home/mariell/go/pkg/mod/github.com/centrifugal/centrifuge@v0.33.3/internal/dissolve/dissolve.go:31 +0x25

goroutine 37564 [sync.Cond.Wait]:
sync.runtime_notifyListWait(0xc01affc250, 0x29)
	/usr/lib/go/src/runtime/sema.go:597 +0x159
sync.(*Cond).Wait(0x0?)
	/usr/lib/go/src/sync/cond.go:71 +0x85
github.com/centrifugal/centrifuge/internal/dissolve.(*queueImpl).Wait(0xc01821cd90)
	/home/mariell/go/pkg/mod/github.com/centrifugal/centrifuge@v0.33.3/internal/dissolve/queue.go:139 +0x4a
github.com/centrifugal/centrifuge/internal/dissolve.(*Dissolver).runWorker(0xc0024fff08)
	/home/mariell/go/pkg/mod/github.com/centrifugal/centrifuge@v0.33.3/internal/dissolve/dissolve.go:52 +0x27
created by github.com/centrifugal/centrifuge/internal/dissolve.(*Dissolver).Run in goroutine 36374
	/home/mariell/go/pkg/mod/github.com/centrifugal/centrifuge@v0.33.3/internal/dissolve/dissolve.go:31 +0x25

goroutine 39045 [sync.Cond.Wait]:
sync.runtime_notifyListWait(0xc01fe50bd0, 0x25)
	/usr/lib/go/src/runtime/sema.go:597 +0x159
sync.(*Cond).Wait(0x0?)
	/usr/lib/go/src/sync/cond.go:71 +0x85
github.com/centrifugal/centrifuge/internal/dissolve.(*queueImpl).Wait(0xc00bf5ccb0)
	/home/mariell/go/pkg/mod/github.com/centrifugal/centrifuge@v0.33.3/internal/dissolve/queue.go:139 +0x4a
github.com/centrifugal/centrifuge/internal/dissolve.(*Dissolver).runWorker(0xc017ecc900)
	/home/mariell/go/pkg/mod/github.com/centrifugal/centrifuge@v0.33.3/internal/dissolve/dissolve.go:52 +0x27
created by github.com/centrifugal/centrifuge/internal/dissolve.(*Dissolver).Run in goroutine 37971
	/home/mariell/go/pkg/mod/github.com/centrifugal/centrifuge@v0.33.3/internal/dissolve/dissolve.go:31 +0x25

goroutine 39044 [sync.Cond.Wait]:
sync.runtime_notifyListWait(0xc01fe50bd0, 0x27)
	/usr/lib/go/src/runtime/sema.go:597 +0x159
sync.(*Cond).Wait(0x0?)
	/usr/lib/go/src/sync/cond.go:71 +0x85
github.com/centrifugal/centrifuge/internal/dissolve.(*queueImpl).Wait(0xc00bf5ccb0)
	/home/mariell/go/pkg/mod/github.com/centrifugal/centrifuge@v0.33.3/internal/dissolve/queue.go:139 +0x4a
github.com/centrifugal/centrifuge/internal/dissolve.(*Dissolver).runWorker(0xc017ecc900)
	/home/mariell/go/pkg/mod/github.com/centrifugal/centrifuge@v0.33.3/internal/dissolve/dissolve.go:52 +0x27
created by github.com/centrifugal/centrifuge/internal/dissolve.(*Dissolver).Run in goroutine 37971
	/home/mariell/go/pkg/mod/github.com/centrifugal/centrifuge@v0.33.3/internal/dissolve/dissolve.go:31 +0x25

goroutine 43629 [sync.Cond.Wait]:
sync.runtime_notifyListWait(0xc00d19c890, 0x14)
	/usr/lib/go/src/runtime/sema.go:597 +0x159
sync.(*Cond).Wait(0x0?)
	/usr/lib/go/src/sync/cond.go:71 +0x85
github.com/centrifugal/centrifuge/internal/dissolve.(*queueImpl).Wait(0xc015e6a930)
	/home/mariell/go/pkg/mod/github.com/centrifugal/centrifuge@v0.33.3/internal/dissolve/queue.go:139 +0x4a
github.com/centrifugal/centrifuge/internal/dissolve.(*Dissolver).runWorker(0xc0132189d8)
	/home/mariell/go/pkg/mod/github.com/centrifugal/centrifuge@v0.33.3/internal/dissolve/dissolve.go:52 +0x27
created by github.com/centrifugal/centrifuge/internal/dissolve.(*Dissolver).Run in goroutine 42495
	/home/mariell/go/pkg/mod/github.com/centrifugal/centrifuge@v0.33.3/internal/dissolve/dissolve.go:31 +0x25

goroutine 37558 [sync.Cond.Wait]:
sync.runtime_notifyListWait(0xc01affc250, 0x6)
	/usr/lib/go/src/runtime/sema.go:597 +0x159
sync.(*Cond).Wait(0x0?)
	/usr/lib/go/src/sync/cond.go:71 +0x85
github.com/centrifugal/centrifuge/internal/dissolve.(*queueImpl).Wait(0xc01821cd90)
	/home/mariell/go/pkg/mod/github.com/centrifugal/centrifuge@v0.33.3/internal/dissolve/queue.go:139 +0x4a
github.com/centrifugal/centrifuge/internal/dissolve.(*Dissolver).runWorker(0xc0024fff08)
	/home/mariell/go/pkg/mod/github.com/centrifugal/centrifuge@v0.33.3/internal/dissolve/dissolve.go:52 +0x27
created by github.com/centrifugal/centrifuge/internal/dissolve.(*Dissolver).Run in goroutine 36374
	/home/mariell/go/pkg/mod/github.com/centrifugal/centrifuge@v0.33.3/internal/dissolve/dissolve.go:31 +0x25

goroutine 37559 [sync.Cond.Wait]:
sync.runtime_notifyListWait(0xc01affc250, 0x24)
	/usr/lib/go/src/runtime/sema.go:597 +0x159
sync.(*Cond).Wait(0x0?)
	/usr/lib/go/src/sync/cond.go:71 +0x85
github.com/centrifugal/centrifuge/internal/dissolve.(*queueImpl).Wait(0xc01821cd90)
	/home/mariell/go/pkg/mod/github.com/centrifugal/centrifuge@v0.33.3/internal/dissolve/queue.go:139 +0x4a
github.com/centrifugal/centrifuge/internal/dissolve.(*Dissolver).runWorker(0xc0024fff08)
	/home/mariell/go/pkg/mod/github.com/centrifugal/centrifuge@v0.33.3/internal/dissolve/dissolve.go:52 +0x27
created by github.com/centrifugal/centrifuge/internal/dissolve.(*Dissolver).Run in goroutine 36374
	/home/mariell/go/pkg/mod/github.com/centrifugal/centrifuge@v0.33.3/internal/dissolve/dissolve.go:31 +0x25

goroutine 73874 [select]:
github.com/patrickmn/go-cache.(*janitor).Run(0xc0211a4f40, 0xc00fd31000)
	/home/mariell/go/pkg/mod/github.com/patrickmn/go-cache@v2.1.0+incompatible/cache.go:1079 +0x7b
created by github.com/patrickmn/go-cache.runJanitor in goroutine 56141
	/home/mariell/go/pkg/mod/github.com/patrickmn/go-cache@v2.1.0+incompatible/cache.go:1099 +0xdb

goroutine 46748 [sync.Cond.Wait]:
sync.runtime_notifyListWait(0xc016303990, 0x33)
	/usr/lib/go/src/runtime/sema.go:597 +0x159
sync.(*Cond).Wait(0x0?)
	/usr/lib/go/src/sync/cond.go:71 +0x85
github.com/centrifugal/centrifuge/internal/dissolve.(*queueImpl).Wait(0xc020154850)
	/home/mariell/go/pkg/mod/github.com/centrifugal/centrifuge@v0.33.3/internal/dissolve/queue.go:139 +0x4a
github.com/centrifugal/centrifuge/internal/dissolve.(*Dissolver).runWorker(0xc00b4e8b40)
	/home/mariell/go/pkg/mod/github.com/centrifugal/centrifuge@v0.33.3/internal/dissolve/dissolve.go:52 +0x27
created by github.com/centrifugal/centrifuge/internal/dissolve.(*Dissolver).Run in goroutine 45402
	/home/mariell/go/pkg/mod/github.com/centrifugal/centrifuge@v0.33.3/internal/dissolve/dissolve.go:31 +0x25

goroutine 37560 [sync.Cond.Wait]:
sync.runtime_notifyListWait(0xc01affc250, 0x25)
	/usr/lib/go/src/runtime/sema.go:597 +0x159
sync.(*Cond).Wait(0x0?)
	/usr/lib/go/src/sync/cond.go:71 +0x85
github.com/centrifugal/centrifuge/internal/dissolve.(*queueImpl).Wait(0xc01821cd90)
	/home/mariell/go/pkg/mod/github.com/centrifugal/centrifuge@v0.33.3/internal/dissolve/queue.go:139 +0x4a
github.com/centrifugal/centrifuge/internal/dissolve.(*Dissolver).runWorker(0xc0024fff08)
	/home/mariell/go/pkg/mod/github.com/centrifugal/centrifuge@v0.33.3/internal/dissolve/dissolve.go:52 +0x27
created by github.com/centrifugal/centrifuge/internal/dissolve.(*Dissolver).Run in goroutine 36374
	/home/mariell/go/pkg/mod/github.com/centrifugal/centrifuge@v0.33.3/internal/dissolve/dissolve.go:31 +0x25

goroutine 34364 [select]:
net/http.(*persistConn).writeLoop(0xc00d5b18c0)
	/usr/lib/go/src/net/http/transport.go:2590 +0xe7
created by net/http.(*Transport).dialConn in goroutine 31927
	/usr/lib/go/src/net/http/transport.go:1945 +0x17a5

goroutine 37547 [sync.Cond.Wait]:
sync.runtime_notifyListWait(0xc01affc250, 0x18)
	/usr/lib/go/src/runtime/sema.go:597 +0x159
sync.(*Cond).Wait(0x0?)
	/usr/lib/go/src/sync/cond.go:71 +0x85
github.com/centrifugal/centrifuge/internal/dissolve.(*queueImpl).Wait(0xc01821cd90)
	/home/mariell/go/pkg/mod/github.com/centrifugal/centrifuge@v0.33.3/internal/dissolve/queue.go:139 +0x4a
github.com/centrifugal/centrifuge/internal/dissolve.(*Dissolver).runWorker(0xc0024fff08)
	/home/mariell/go/pkg/mod/github.com/centrifugal/centrifuge@v0.33.3/internal/dissolve/dissolve.go:52 +0x27
created by github.com/centrifugal/centrifuge/internal/dissolve.(*Dissolver).Run in goroutine 36374
	/home/mariell/go/pkg/mod/github.com/centrifugal/centrifuge@v0.33.3/internal/dissolve/dissolve.go:31 +0x25

goroutine 37561 [sync.Cond.Wait]:
sync.runtime_notifyListWait(0xc01affc250, 0x26)
	/usr/lib/go/src/runtime/sema.go:597 +0x159
sync.(*Cond).Wait(0xc01ad2c7d0?)
	/usr/lib/go/src/sync/cond.go:71 +0x85
github.com/centrifugal/centrifuge/internal/dissolve.(*queueImpl).Wait(0xc01821cd90)
	/home/mariell/go/pkg/mod/github.com/centrifugal/centrifuge@v0.33.3/internal/dissolve/queue.go:139 +0x4a
github.com/centrifugal/centrifuge/internal/dissolve.(*Dissolver).runWorker(0xc0024fff08)
	/home/mariell/go/pkg/mod/github.com/centrifugal/centrifuge@v0.33.3/internal/dissolve/dissolve.go:52 +0x27
created by github.com/centrifugal/centrifuge/internal/dissolve.(*Dissolver).Run in goroutine 36374
	/home/mariell/go/pkg/mod/github.com/centrifugal/centrifuge@v0.33.3/internal/dissolve/dissolve.go:31 +0x25

goroutine 45591 [select]:
k8s.io/apimachinery/pkg/util/wait.BackoffUntil(0xc02794c900, {0xa95ac00, 0xc01f2fdc80}, 0x1, 0xc0169bca80)
	/home/mariell/go/pkg/mod/k8s.io/apimachinery@v0.32.1/pkg/util/wait/backoff.go:238 +0x12c
k8s.io/apimachinery/pkg/util/wait.JitterUntil(0xc02794c900, 0x3b9aca00, 0x3ff3333333333333, 0x1, 0xc0169bca80)
	/home/mariell/go/pkg/mod/k8s.io/apimachinery@v0.32.1/pkg/util/wait/backoff.go:204 +0x7f
created by k8s.io/apiserver/pkg/registry/generic/registry.(*Store).startObservingCount in goroutine 45410
	/home/mariell/go/pkg/mod/k8s.io/apiserver@v0.32.1/pkg/registry/generic/registry/store.go:1666 +0x2f9

goroutine 37562 [sync.Cond.Wait]:
sync.runtime_notifyListWait(0xc01affc250, 0x27)
	/usr/lib/go/src/runtime/sema.go:597 +0x159
sync.(*Cond).Wait(0xc01ad2d7d0?)
	/usr/lib/go/src/sync/cond.go:71 +0x85
github.com/centrifugal/centrifuge/internal/dissolve.(*queueImpl).Wait(0xc01821cd90)
	/home/mariell/go/pkg/mod/github.com/centrifugal/centrifuge@v0.33.3/internal/dissolve/queue.go:139 +0x4a
github.com/centrifugal/centrifuge/internal/dissolve.(*Dissolver).runWorker(0xc0024fff08)
	/home/mariell/go/pkg/mod/github.com/centrifugal/centrifuge@v0.33.3/internal/dissolve/dissolve.go:52 +0x27
created by github.com/centrifugal/centrifuge/internal/dissolve.(*Dissolver).Run in goroutine 36374
	/home/mariell/go/pkg/mod/github.com/centrifugal/centrifuge@v0.33.3/internal/dissolve/dissolve.go:31 +0x25

goroutine 37572 [sync.Cond.Wait]:
sync.runtime_notifyListWait(0xc01affc250, 0x23)
	/usr/lib/go/src/runtime/sema.go:597 +0x159
sync.(*Cond).Wait(0x0?)
	/usr/lib/go/src/sync/cond.go:71 +0x85
github.com/centrifugal/centrifuge/internal/dissolve.(*queueImpl).Wait(0xc01821cd90)
	/home/mariell/go/pkg/mod/github.com/centrifugal/centrifuge@v0.33.3/internal/dissolve/queue.go:139 +0x4a
github.com/centrifugal/centrifuge/internal/dissolve.(*Dissolver).runWorker(0xc0024fff08)
	/home/mariell/go/pkg/mod/github.com/centrifugal/centrifuge@v0.33.3/internal/dissolve/dissolve.go:52 +0x27
created by github.com/centrifugal/centrifuge/internal/dissolve.(*Dissolver).Run in goroutine 36374
	/home/mariell/go/pkg/mod/github.com/centrifugal/centrifuge@v0.33.3/internal/dissolve/dissolve.go:31 +0x25

goroutine 37573 [sync.Cond.Wait]:
sync.runtime_notifyListWait(0xc01affc250, 0x32)
	/usr/lib/go/src/runtime/sema.go:597 +0x159
sync.(*Cond).Wait(0x0?)
	/usr/lib/go/src/sync/cond.go:71 +0x85
github.com/centrifugal/centrifuge/internal/dissolve.(*queueImpl).Wait(0xc01821cd90)
	/home/mariell/go/pkg/mod/github.com/centrifugal/centrifuge@v0.33.3/internal/dissolve/queue.go:139 +0x4a
github.com/centrifugal/centrifuge/internal/dissolve.(*Dissolver).runWorker(0xc0024fff08)
	/home/mariell/go/pkg/mod/github.com/centrifugal/centrifuge@v0.33.3/internal/dissolve/dissolve.go:52 +0x27
created by github.com/centrifugal/centrifuge/internal/dissolve.(*Dissolver).Run in goroutine 36374
	/home/mariell/go/pkg/mod/github.com/centrifugal/centrifuge@v0.33.3/internal/dissolve/dissolve.go:31 +0x25

goroutine 37574 [sync.Cond.Wait]:
sync.runtime_notifyListWait(0xc01affc250, 0x33)
	/usr/lib/go/src/runtime/sema.go:597 +0x159
sync.(*Cond).Wait(0x0?)
	/usr/lib/go/src/sync/cond.go:71 +0x85
github.com/centrifugal/centrifuge/internal/dissolve.(*queueImpl).Wait(0xc01821cd90)
	/home/mariell/go/pkg/mod/github.com/centrifugal/centrifuge@v0.33.3/internal/dissolve/queue.go:139 +0x4a
github.com/centrifugal/centrifuge/internal/dissolve.(*Dissolver).runWorker(0xc0024fff08)
	/home/mariell/go/pkg/mod/github.com/centrifugal/centrifuge@v0.33.3/internal/dissolve/dissolve.go:52 +0x27
created by github.com/centrifugal/centrifuge/internal/dissolve.(*Dissolver).Run in goroutine 36374
	/home/mariell/go/pkg/mod/github.com/centrifugal/centrifuge@v0.33.3/internal/dissolve/dissolve.go:31 +0x25

goroutine 35841 [select]:
github.com/patrickmn/go-cache.(*janitor).Run(0xc0136e1810, 0xc01b75a0c0)
	/home/mariell/go/pkg/mod/github.com/patrickmn/go-cache@v2.1.0+incompatible/cache.go:1079 +0x7b
created by github.com/patrickmn/go-cache.runJanitor in goroutine 33562
	/home/mariell/go/pkg/mod/github.com/patrickmn/go-cache@v2.1.0+incompatible/cache.go:1099 +0xdb

goroutine 37548 [sync.Cond.Wait]:
sync.runtime_notifyListWait(0xc01affc250, 0x19)
	/usr/lib/go/src/runtime/sema.go:597 +0x159
sync.(*Cond).Wait(0x0?)
	/usr/lib/go/src/sync/cond.go:71 +0x85
github.com/centrifugal/centrifuge/internal/dissolve.(*queueImpl).Wait(0xc01821cd90)
	/home/mariell/go/pkg/mod/github.com/centrifugal/centrifuge@v0.33.3/internal/dissolve/queue.go:139 +0x4a
github.com/centrifugal/centrifuge/internal/dissolve.(*Dissolver).runWorker(0xc0024fff08)
	/home/mariell/go/pkg/mod/github.com/centrifugal/centrifuge@v0.33.3/internal/dissolve/dissolve.go:52 +0x27
created by github.com/centrifugal/centrifuge/internal/dissolve.(*Dissolver).Run in goroutine 36374
	/home/mariell/go/pkg/mod/github.com/centrifugal/centrifuge@v0.33.3/internal/dissolve/dissolve.go:31 +0x25

goroutine 36132 [select]:
github.com/patrickmn/go-cache.(*janitor).Run(0xc010eb3ea0, 0xc01499c7c0)
	/home/mariell/go/pkg/mod/github.com/patrickmn/go-cache@v2.1.0+incompatible/cache.go:1079 +0x7b
created by github.com/patrickmn/go-cache.runJanitor in goroutine 33562
	/home/mariell/go/pkg/mod/github.com/patrickmn/go-cache@v2.1.0+incompatible/cache.go:1099 +0xdb

goroutine 39053 [sync.Cond.Wait]:
sync.runtime_notifyListWait(0xc01fe50bd0, 0x2c)
	/usr/lib/go/src/runtime/sema.go:597 +0x159
sync.(*Cond).Wait(0x0?)
	/usr/lib/go/src/sync/cond.go:71 +0x85
github.com/centrifugal/centrifuge/internal/dissolve.(*queueImpl).Wait(0xc00bf5ccb0)
	/home/mariell/go/pkg/mod/github.com/centrifugal/centrifuge@v0.33.3/internal/dissolve/queue.go:139 +0x4a
github.com/centrifugal/centrifuge/internal/dissolve.(*Dissolver).runWorker(0xc017ecc900)
	/home/mariell/go/pkg/mod/github.com/centrifugal/centrifuge@v0.33.3/internal/dissolve/dissolve.go:52 +0x27
created by github.com/centrifugal/centrifuge/internal/dissolve.(*Dissolver).Run in goroutine 37971
	/home/mariell/go/pkg/mod/github.com/centrifugal/centrifuge@v0.33.3/internal/dissolve/dissolve.go:31 +0x25

goroutine 37575 [sync.Cond.Wait]:
sync.runtime_notifyListWait(0xc01affc250, 0x34)
	/usr/lib/go/src/runtime/sema.go:597 +0x159
sync.(*Cond).Wait(0x0?)
	/usr/lib/go/src/sync/cond.go:71 +0x85
github.com/centrifugal/centrifuge/internal/dissolve.(*queueImpl).Wait(0xc01821cd90)
	/home/mariell/go/pkg/mod/github.com/centrifugal/centrifuge@v0.33.3/internal/dissolve/queue.go:139 +0x4a
github.com/centrifugal/centrifuge/internal/dissolve.(*Dissolver).runWorker(0xc0024fff08)
	/home/mariell/go/pkg/mod/github.com/centrifugal/centrifuge@v0.33.3/internal/dissolve/dissolve.go:52 +0x27
created by github.com/centrifugal/centrifuge/internal/dissolve.(*Dissolver).Run in goroutine 36374
	/home/mariell/go/pkg/mod/github.com/centrifugal/centrifuge@v0.33.3/internal/dissolve/dissolve.go:31 +0x25

goroutine 52853 [sync.Cond.Wait]:
sync.runtime_notifyListWait(0xc0301d0dd0, 0x11)
	/usr/lib/go/src/runtime/sema.go:597 +0x159
sync.(*Cond).Wait(0x0?)
	/usr/lib/go/src/sync/cond.go:71 +0x85
github.com/centrifugal/centrifuge/internal/dissolve.(*queueImpl).Wait(0xc030230380)
	/home/mariell/go/pkg/mod/github.com/centrifugal/centrifuge@v0.33.3/internal/dissolve/queue.go:139 +0x4a
github.com/centrifugal/centrifuge/internal/dissolve.(*Dissolver).runWorker(0xc008ba75c0)
	/home/mariell/go/pkg/mod/github.com/centrifugal/centrifuge@v0.33.3/internal/dissolve/dissolve.go:52 +0x27
created by github.com/centrifugal/centrifuge/internal/dissolve.(*Dissolver).Run in goroutine 51765
	/home/mariell/go/pkg/mod/github.com/centrifugal/centrifuge@v0.33.3/internal/dissolve/dissolve.go:31 +0x25

goroutine 46727 [sync.Cond.Wait]:
sync.runtime_notifyListWait(0xc016303990, 0x27)
	/usr/lib/go/src/runtime/sema.go:597 +0x159
sync.(*Cond).Wait(0x0?)
	/usr/lib/go/src/sync/cond.go:71 +0x85
github.com/centrifugal/centrifuge/internal/dissolve.(*queueImpl).Wait(0xc020154850)
	/home/mariell/go/pkg/mod/github.com/centrifugal/centrifuge@v0.33.3/internal/dissolve/queue.go:139 +0x4a
github.com/centrifugal/centrifuge/internal/dissolve.(*Dissolver).runWorker(0xc00b4e8b40)
	/home/mariell/go/pkg/mod/github.com/centrifugal/centrifuge@v0.33.3/internal/dissolve/dissolve.go:52 +0x27
created by github.com/centrifugal/centrifuge/internal/dissolve.(*Dissolver).Run in goroutine 45402
	/home/mariell/go/pkg/mod/github.com/centrifugal/centrifuge@v0.33.3/internal/dissolve/dissolve.go:31 +0x25

goroutine 36117 [select]:
github.com/patrickmn/go-cache.(*janitor).Run(0xc01626c020, 0xc01b9b6580)
	/home/mariell/go/pkg/mod/github.com/patrickmn/go-cache@v2.1.0+incompatible/cache.go:1079 +0x7b
created by github.com/patrickmn/go-cache.runJanitor in goroutine 33562
	/home/mariell/go/pkg/mod/github.com/patrickmn/go-cache@v2.1.0+incompatible/cache.go:1099 +0xdb

goroutine 37551 [sync.Cond.Wait]:
sync.runtime_notifyListWait(0xc01affc250, 0x1c)
	/usr/lib/go/src/runtime/sema.go:597 +0x159
sync.(*Cond).Wait(0x0?)
	/usr/lib/go/src/sync/cond.go:71 +0x85
github.com/centrifugal/centrifuge/internal/dissolve.(*queueImpl).Wait(0xc01821cd90)
	/home/mariell/go/pkg/mod/github.com/centrifugal/centrifuge@v0.33.3/internal/dissolve/queue.go:139 +0x4a
github.com/centrifugal/centrifuge/internal/dissolve.(*Dissolver).runWorker(0xc0024fff08)
	/home/mariell/go/pkg/mod/github.com/centrifugal/centrifuge@v0.33.3/internal/dissolve/dissolve.go:52 +0x27
created by github.com/centrifugal/centrifuge/internal/dissolve.(*Dissolver).Run in goroutine 36374
	/home/mariell/go/pkg/mod/github.com/centrifugal/centrifuge@v0.33.3/internal/dissolve/dissolve.go:31 +0x25

goroutine 35885 [select]:
github.com/grafana/grafana/pkg/storage/unified/resource.(*broadcaster[...]).stream(0xab113a0, 0xc01b2d9b90)
	/home/mariell/work/oss/grafana/pkg/storage/unified/resource/broadcaster.go:205 +0x13d
created by github.com/grafana/grafana/pkg/storage/unified/resource.(*broadcaster[...]).init in goroutine 33562
	/home/mariell/work/oss/grafana/pkg/storage/unified/resource/broadcaster.go:177 +0x219

goroutine 35950 [select]:
github.com/patrickmn/go-cache.(*janitor).Run(0xc015abd740, 0xc01f54ca00)
	/home/mariell/go/pkg/mod/github.com/patrickmn/go-cache@v2.1.0+incompatible/cache.go:1079 +0x7b
created by github.com/patrickmn/go-cache.runJanitor in goroutine 33562
	/home/mariell/go/pkg/mod/github.com/patrickmn/go-cache@v2.1.0+incompatible/cache.go:1099 +0xdb

goroutine 35985 [select]:
github.com/centrifugal/centrifuge.(*MemoryBroker).expireResultCache(0xc01b794c80)
	/home/mariell/go/pkg/mod/github.com/centrifugal/centrifuge@v0.33.3/broker_memory.go:160 +0x68
created by github.com/centrifugal/centrifuge.(*MemoryBroker).Run in goroutine 33562
	/home/mariell/go/pkg/mod/github.com/centrifugal/centrifuge@v0.33.3/broker_memory.go:73 +0x7f

goroutine 35986 [select]:
github.com/centrifugal/centrifuge.(*historyHub).expireStreams(0xc01b794c00)
	/home/mariell/go/pkg/mod/github.com/centrifugal/centrifuge@v0.33.3/broker_memory.go:298 +0x75
created by github.com/centrifugal/centrifuge.(*historyHub).runCleanups in goroutine 33562
	/home/mariell/go/pkg/mod/github.com/centrifugal/centrifuge@v0.33.3/broker_memory.go:252 +0x56

goroutine 35987 [select]:
github.com/centrifugal/centrifuge.(*historyHub).removeStreams(0xc01b794c00)
	/home/mariell/go/pkg/mod/github.com/centrifugal/centrifuge@v0.33.3/broker_memory.go:259 +0x6f
created by github.com/centrifugal/centrifuge.(*historyHub).runCleanups in goroutine 33562
	/home/mariell/go/pkg/mod/github.com/centrifugal/centrifuge@v0.33.3/broker_memory.go:253 +0x96

goroutine 35988 [select]:
github.com/FZambia/eagle.(*Eagle).aggregate(0xc01b8fa770)
	/home/mariell/go/pkg/mod/github.com/!f!zambia/eagle@v0.1.0/eagle.go:210 +0x6d
created by github.com/FZambia/eagle.New in goroutine 33562
	/home/mariell/go/pkg/mod/github.com/!f!zambia/eagle@v0.1.0/eagle.go:66 +0x176

goroutine 46517 [select]:
github.com/patrickmn/go-cache.(*janitor).Run(0xc00ec98b40, 0xc0121df8c0)
	/home/mariell/go/pkg/mod/github.com/patrickmn/go-cache@v2.1.0+incompatible/cache.go:1079 +0x7b
created by github.com/patrickmn/go-cache.runJanitor in goroutine 45402
	/home/mariell/go/pkg/mod/github.com/patrickmn/go-cache@v2.1.0+incompatible/cache.go:1099 +0xdb

goroutine 35992 [select]:
github.com/centrifugal/centrifuge.(*Node).initMetrics.func1()
	/home/mariell/go/pkg/mod/github.com/centrifugal/centrifuge@v0.33.3/node.go:365 +0x8a
created by github.com/centrifugal/centrifuge.(*Node).initMetrics in goroutine 33562
	/home/mariell/go/pkg/mod/github.com/centrifugal/centrifuge@v0.33.3/node.go:363 +0x1f9

goroutine 35993 [select]:
github.com/centrifugal/centrifuge.(*Node).sendNodePing(0xc008e4d208)
	/home/mariell/go/pkg/mod/github.com/centrifugal/centrifuge@v0.33.3/node.go:380 +0x85
created by github.com/centrifugal/centrifuge.(*Node).Run in goroutine 33562
	/home/mariell/go/pkg/mod/github.com/centrifugal/centrifuge@v0.33.3/node.go:260 +0x225

goroutine 35994 [select]:
github.com/centrifugal/centrifuge.(*Node).cleanNodeInfo(0xc008e4d208)
	/home/mariell/go/pkg/mod/github.com/centrifugal/centrifuge@v0.33.3/node.go:394 +0x90
created by github.com/centrifugal/centrifuge.(*Node).Run in goroutine 33562
	/home/mariell/go/pkg/mod/github.com/centrifugal/centrifuge@v0.33.3/node.go:261 +0x265

goroutine 35995 [select]:
github.com/centrifugal/centrifuge.(*Node).updateMetrics(0xc008e4d208)
	/home/mariell/go/pkg/mod/github.com/centrifugal/centrifuge@v0.33.3/node.go:335 +0x85
created by github.com/centrifugal/centrifuge.(*Node).Run in goroutine 33562
	/home/mariell/go/pkg/mod/github.com/centrifugal/centrifuge@v0.33.3/node.go:262 +0x2a5

goroutine 35996 [sync.Cond.Wait]:
sync.runtime_notifyListWait(0xc01b7ba250, 0x1)
	/usr/lib/go/src/runtime/sema.go:597 +0x159
sync.(*Cond).Wait(0x8?)
	/usr/lib/go/src/sync/cond.go:71 +0x85
github.com/centrifugal/centrifuge/internal/dissolve.(*queueImpl).Wait(0xc01b781730)
	/home/mariell/go/pkg/mod/github.com/centrifugal/centrifuge@v0.33.3/internal/dissolve/queue.go:139 +0x4a
github.com/centrifugal/centrifuge/internal/dissolve.(*Dissolver).runWorker(0xc00e0b2f30)
	/home/mariell/go/pkg/mod/github.com/centrifugal/centrifuge@v0.33.3/internal/dissolve/dissolve.go:52 +0x27
created by github.com/centrifugal/centrifuge/internal/dissolve.(*Dissolver).Run in goroutine 33562
	/home/mariell/go/pkg/mod/github.com/centrifugal/centrifuge@v0.33.3/internal/dissolve/dissolve.go:31 +0x25

goroutine 35997 [sync.Cond.Wait]:
sync.runtime_notifyListWait(0xc01b7ba250, 0x2)
	/usr/lib/go/src/runtime/sema.go:597 +0x159
sync.(*Cond).Wait(0x1?)
	/usr/lib/go/src/sync/cond.go:71 +0x85
github.com/centrifugal/centrifuge/internal/dissolve.(*queueImpl).Wait(0xc01b781730)
	/home/mariell/go/pkg/mod/github.com/centrifugal/centrifuge@v0.33.3/internal/dissolve/queue.go:139 +0x4a
github.com/centrifugal/centrifuge/internal/dissolve.(*Dissolver).runWorker(0xc00e0b2f30)
	/home/mariell/go/pkg/mod/github.com/centrifugal/centrifuge@v0.33.3/internal/dissolve/dissolve.go:52 +0x27
created by github.com/centrifugal/centrifuge/internal/dissolve.(*Dissolver).Run in goroutine 33562
	/home/mariell/go/pkg/mod/github.com/centrifugal/centrifuge@v0.33.3/internal/dissolve/dissolve.go:31 +0x25

goroutine 35998 [sync.Cond.Wait]:
sync.runtime_notifyListWait(0xc01b7ba250, 0x3)
	/usr/lib/go/src/runtime/sema.go:597 +0x159
sync.(*Cond).Wait(0x1?)
	/usr/lib/go/src/sync/cond.go:71 +0x85
github.com/centrifugal/centrifuge/internal/dissolve.(*queueImpl).Wait(0xc01b781730)
	/home/mariell/go/pkg/mod/github.com/centrifugal/centrifuge@v0.33.3/internal/dissolve/queue.go:139 +0x4a
github.com/centrifugal/centrifuge/internal/dissolve.(*Dissolver).runWorker(0xc00e0b2f30)
	/home/mariell/go/pkg/mod/github.com/centrifugal/centrifuge@v0.33.3/internal/dissolve/dissolve.go:52 +0x27
created by github.com/centrifugal/centrifuge/internal/dissolve.(*Dissolver).Run in goroutine 33562
	/home/mariell/go/pkg/mod/github.com/centrifugal/centrifuge@v0.33.3/internal/dissolve/dissolve.go:31 +0x25

goroutine 35999 [sync.Cond.Wait]:
sync.runtime_notifyListWait(0xc01b7ba250, 0x4)
	/usr/lib/go/src/runtime/sema.go:597 +0x159
sync.(*Cond).Wait(0x0?)
	/usr/lib/go/src/sync/cond.go:71 +0x85
github.com/centrifugal/centrifuge/internal/dissolve.(*queueImpl).Wait(0xc01b781730)
	/home/mariell/go/pkg/mod/github.com/centrifugal/centrifuge@v0.33.3/internal/dissolve/queue.go:139 +0x4a
github.com/centrifugal/centrifuge/internal/dissolve.(*Dissolver).runWorker(0xc00e0b2f30)
	/home/mariell/go/pkg/mod/github.com/centrifugal/centrifuge@v0.33.3/internal/dissolve/dissolve.go:52 +0x27
created by github.com/centrifugal/centrifuge/internal/dissolve.(*Dissolver).Run in goroutine 33562
	/home/mariell/go/pkg/mod/github.com/centrifugal/centrifuge@v0.33.3/internal/dissolve/dissolve.go:31 +0x25

goroutine 36000 [sync.Cond.Wait]:
sync.runtime_notifyListWait(0xc01b7ba250, 0x5)
	/usr/lib/go/src/runtime/sema.go:597 +0x159
sync.(*Cond).Wait(0x1?)
	/usr/lib/go/src/sync/cond.go:71 +0x85
github.com/centrifugal/centrifuge/internal/dissolve.(*queueImpl).Wait(0xc01b781730)
	/home/mariell/go/pkg/mod/github.com/centrifugal/centrifuge@v0.33.3/internal/dissolve/queue.go:139 +0x4a
github.com/centrifugal/centrifuge/internal/dissolve.(*Dissolver).runWorker(0xc00e0b2f30)
	/home/mariell/go/pkg/mod/github.com/centrifugal/centrifuge@v0.33.3/internal/dissolve/dissolve.go:52 +0x27
created by github.com/centrifugal/centrifuge/internal/dissolve.(*Dissolver).Run in goroutine 33562
	/home/mariell/go/pkg/mod/github.com/centrifugal/centrifuge@v0.33.3/internal/dissolve/dissolve.go:31 +0x25

goroutine 36001 [sync.Cond.Wait]:
sync.runtime_notifyListWait(0xc01b7ba250, 0x6)
	/usr/lib/go/src/runtime/sema.go:597 +0x159
sync.(*Cond).Wait(0x8421084210842108?)
	/usr/lib/go/src/sync/cond.go:71 +0x85
github.com/centrifugal/centrifuge/internal/dissolve.(*queueImpl).Wait(0xc01b781730)
	/home/mariell/go/pkg/mod/github.com/centrifugal/centrifuge@v0.33.3/internal/dissolve/queue.go:139 +0x4a
github.com/centrifugal/centrifuge/internal/dissolve.(*Dissolver).runWorker(0xc00e0b2f30)
	/home/mariell/go/pkg/mod/github.com/centrifugal/centrifuge@v0.33.3/internal/dissolve/dissolve.go:52 +0x27
created by github.com/centrifugal/centrifuge/internal/dissolve.(*Dissolver).Run in goroutine 33562
	/home/mariell/go/pkg/mod/github.com/centrifugal/centrifuge@v0.33.3/internal/dissolve/dissolve.go:31 +0x25

goroutine 36002 [sync.Cond.Wait]:
sync.runtime_notifyListWait(0xc01b7ba250, 0x7)
	/usr/lib/go/src/runtime/sema.go:597 +0x159
sync.(*Cond).Wait(0x5?)
	/usr/lib/go/src/sync/cond.go:71 +0x85
github.com/centrifugal/centrifuge/internal/dissolve.(*queueImpl).Wait(0xc01b781730)
	/home/mariell/go/pkg/mod/github.com/centrifugal/centrifuge@v0.33.3/internal/dissolve/queue.go:139 +0x4a
github.com/centrifugal/centrifuge/internal/dissolve.(*Dissolver).runWorker(0xc00e0b2f30)
	/home/mariell/go/pkg/mod/github.com/centrifugal/centrifuge@v0.33.3/internal/dissolve/dissolve.go:52 +0x27
created by github.com/centrifugal/centrifuge/internal/dissolve.(*Dissolver).Run in goroutine 33562
	/home/mariell/go/pkg/mod/github.com/centrifugal/centrifuge@v0.33.3/internal/dissolve/dissolve.go:31 +0x25

goroutine 36003 [sync.Cond.Wait]:
sync.runtime_notifyListWait(0xc01b7ba250, 0x8)
	/usr/lib/go/src/runtime/sema.go:597 +0x159
sync.(*Cond).Wait(0x7f66560?)
	/usr/lib/go/src/sync/cond.go:71 +0x85
github.com/centrifugal/centrifuge/internal/dissolve.(*queueImpl).Wait(0xc01b781730)
	/home/mariell/go/pkg/mod/github.com/centrifugal/centrifuge@v0.33.3/internal/dissolve/queue.go:139 +0x4a
github.com/centrifugal/centrifuge/internal/dissolve.(*Dissolver).runWorker(0xc00e0b2f30)
	/home/mariell/go/pkg/mod/github.com/centrifugal/centrifuge@v0.33.3/internal/dissolve/dissolve.go:52 +0x27
created by github.com/centrifugal/centrifuge/internal/dissolve.(*Dissolver).Run in goroutine 33562
	/home/mariell/go/pkg/mod/github.com/centrifugal/centrifuge@v0.33.3/internal/dissolve/dissolve.go:31 +0x25

goroutine 36004 [sync.Cond.Wait]:
sync.runtime_notifyListWait(0xc01b7ba250, 0x9)
	/usr/lib/go/src/runtime/sema.go:597 +0x159
sync.(*Cond).Wait(0x0?)
	/usr/lib/go/src/sync/cond.go:71 +0x85
github.com/centrifugal/centrifuge/internal/dissolve.(*queueImpl).Wait(0xc01b781730)
	/home/mariell/go/pkg/mod/github.com/centrifugal/centrifuge@v0.33.3/internal/dissolve/queue.go:139 +0x4a
github.com/centrifugal/centrifuge/internal/dissolve.(*Dissolver).runWorker(0xc00e0b2f30)
	/home/mariell/go/pkg/mod/github.com/centrifugal/centrifuge@v0.33.3/internal/dissolve/dissolve.go:52 +0x27
created by github.com/centrifugal/centrifuge/internal/dissolve.(*Dissolver).Run in goroutine 33562
	/home/mariell/go/pkg/mod/github.com/centrifugal/centrifuge@v0.33.3/internal/dissolve/dissolve.go:31 +0x25

goroutine 36005 [sync.Cond.Wait]:
sync.runtime_notifyListWait(0xc01b7ba250, 0xa)
	/usr/lib/go/src/runtime/sema.go:597 +0x159
sync.(*Cond).Wait(0x7f66560?)
	/usr/lib/go/src/sync/cond.go:71 +0x85
github.com/centrifugal/centrifuge/internal/dissolve.(*queueImpl).Wait(0xc01b781730)
	/home/mariell/go/pkg/mod/github.com/centrifugal/centrifuge@v0.33.3/internal/dissolve/queue.go:139 +0x4a
github.com/centrifugal/centrifuge/internal/dissolve.(*Dissolver).runWorker(0xc00e0b2f30)
	/home/mariell/go/pkg/mod/github.com/centrifugal/centrifuge@v0.33.3/internal/dissolve/dissolve.go:52 +0x27
created by github.com/centrifugal/centrifuge/internal/dissolve.(*Dissolver).Run in goroutine 33562
	/home/mariell/go/pkg/mod/github.com/centrifugal/centrifuge@v0.33.3/internal/dissolve/dissolve.go:31 +0x25

goroutine 36006 [sync.Cond.Wait]:
sync.runtime_notifyListWait(0xc01b7ba250, 0xb)
	/usr/lib/go/src/runtime/sema.go:597 +0x159
sync.(*Cond).Wait(0x0?)
	/usr/lib/go/src/sync/cond.go:71 +0x85
github.com/centrifugal/centrifuge/internal/dissolve.(*queueImpl).Wait(0xc01b781730)
	/home/mariell/go/pkg/mod/github.com/centrifugal/centrifuge@v0.33.3/internal/dissolve/queue.go:139 +0x4a
github.com/centrifugal/centrifuge/internal/dissolve.(*Dissolver).runWorker(0xc00e0b2f30)
	/home/mariell/go/pkg/mod/github.com/centrifugal/centrifuge@v0.33.3/internal/dissolve/dissolve.go:52 +0x27
created by github.com/centrifugal/centrifuge/internal/dissolve.(*Dissolver).Run in goroutine 33562
	/home/mariell/go/pkg/mod/github.com/centrifugal/centrifuge@v0.33.3/internal/dissolve/dissolve.go:31 +0x25

goroutine 36007 [sync.Cond.Wait]:
sync.runtime_notifyListWait(0xc01b7ba250, 0xc)
	/usr/lib/go/src/runtime/sema.go:597 +0x159
sync.(*Cond).Wait(0x8400a4d2108400a4?)
	/usr/lib/go/src/sync/cond.go:71 +0x85
github.com/centrifugal/centrifuge/internal/dissolve.(*queueImpl).Wait(0xc01b781730)
	/home/mariell/go/pkg/mod/github.com/centrifugal/centrifuge@v0.33.3/internal/dissolve/queue.go:139 +0x4a
github.com/centrifugal/centrifuge/internal/dissolve.(*Dissolver).runWorker(0xc00e0b2f30)
	/home/mariell/go/pkg/mod/github.com/centrifugal/centrifuge@v0.33.3/internal/dissolve/dissolve.go:52 +0x27
created by github.com/centrifugal/centrifuge/internal/dissolve.(*Dissolver).Run in goroutine 33562
	/home/mariell/go/pkg/mod/github.com/centrifugal/centrifuge@v0.33.3/internal/dissolve/dissolve.go:31 +0x25

goroutine 36008 [sync.Cond.Wait]:
sync.runtime_notifyListWait(0xc01b7ba250, 0xd)
	/usr/lib/go/src/runtime/sema.go:597 +0x159
sync.(*Cond).Wait(0x2?)
	/usr/lib/go/src/sync/cond.go:71 +0x85
github.com/centrifugal/centrifuge/internal/dissolve.(*queueImpl).Wait(0xc01b781730)
	/home/mariell/go/pkg/mod/github.com/centrifugal/centrifuge@v0.33.3/internal/dissolve/queue.go:139 +0x4a
github.com/centrifugal/centrifuge/internal/dissolve.(*Dissolver).runWorker(0xc00e0b2f30)
	/home/mariell/go/pkg/mod/github.com/centrifugal/centrifuge@v0.33.3/internal/dissolve/dissolve.go:52 +0x27
created by github.com/centrifugal/centrifuge/internal/dissolve.(*Dissolver).Run in goroutine 33562
	/home/mariell/go/pkg/mod/github.com/centrifugal/centrifuge@v0.33.3/internal/dissolve/dissolve.go:31 +0x25

goroutine 36009 [sync.Cond.Wait]:
sync.runtime_notifyListWait(0xc01b7ba250, 0xe)
	/usr/lib/go/src/runtime/sema.go:597 +0x159
sync.(*Cond).Wait(0x0?)
	/usr/lib/go/src/sync/cond.go:71 +0x85
github.com/centrifugal/centrifuge/internal/dissolve.(*queueImpl).Wait(0xc01b781730)
	/home/mariell/go/pkg/mod/github.com/centrifugal/centrifuge@v0.33.3/internal/dissolve/queue.go:139 +0x4a
github.com/centrifugal/centrifuge/internal/dissolve.(*Dissolver).runWorker(0xc00e0b2f30)
	/home/mariell/go/pkg/mod/github.com/centrifugal/centrifuge@v0.33.3/internal/dissolve/dissolve.go:52 +0x27
created by github.com/centrifugal/centrifuge/internal/dissolve.(*Dissolver).Run in goroutine 33562
	/home/mariell/go/pkg/mod/github.com/centrifugal/centrifuge@v0.33.3/internal/dissolve/dissolve.go:31 +0x25

goroutine 36010 [sync.Cond.Wait]:
sync.runtime_notifyListWait(0xc01b7ba250, 0xf)
	/usr/lib/go/src/runtime/sema.go:597 +0x159
sync.(*Cond).Wait(0x903240c903240c90?)
	/usr/lib/go/src/sync/cond.go:71 +0x85
github.com/centrifugal/centrifuge/internal/dissolve.(*queueImpl).Wait(0xc01b781730)
	/home/mariell/go/pkg/mod/github.com/centrifugal/centrifuge@v0.33.3/internal/dissolve/queue.go:139 +0x4a
github.com/centrifugal/centrifuge/internal/dissolve.(*Dissolver).runWorker(0xc00e0b2f30)
	/home/mariell/go/pkg/mod/github.com/centrifugal/centrifuge@v0.33.3/internal/dissolve/dissolve.go:52 +0x27
created by github.com/centrifugal/centrifuge/internal/dissolve.(*Dissolver).Run in goroutine 33562
	/home/mariell/go/pkg/mod/github.com/centrifugal/centrifuge@v0.33.3/internal/dissolve/dissolve.go:31 +0x25

goroutine 36011 [sync.Cond.Wait]:
sync.runtime_notifyListWait(0xc01b7ba250, 0x10)
	/usr/lib/go/src/runtime/sema.go:597 +0x159
sync.(*Cond).Wait(0xb?)
	/usr/lib/go/src/sync/cond.go:71 +0x85
github.com/centrifugal/centrifuge/internal/dissolve.(*queueImpl).Wait(0xc01b781730)
	/home/mariell/go/pkg/mod/github.com/centrifugal/centrifuge@v0.33.3/internal/dissolve/queue.go:139 +0x4a
github.com/centrifugal/centrifuge/internal/dissolve.(*Dissolver).runWorker(0xc00e0b2f30)
	/home/mariell/go/pkg/mod/github.com/centrifugal/centrifuge@v0.33.3/internal/dissolve/dissolve.go:52 +0x27
created by github.com/centrifugal/centrifuge/internal/dissolve.(*Dissolver).Run in goroutine 33562
	/home/mariell/go/pkg/mod/github.com/centrifugal/centrifuge@v0.33.3/internal/dissolve/dissolve.go:31 +0x25

goroutine 36012 [sync.Cond.Wait]:
sync.runtime_notifyListWait(0xc01b7ba250, 0x11)
	/usr/lib/go/src/runtime/sema.go:597 +0x159
sync.(*Cond).Wait(0x0?)
	/usr/lib/go/src/sync/cond.go:71 +0x85
github.com/centrifugal/centrifuge/internal/dissolve.(*queueImpl).Wait(0xc01b781730)
	/home/mariell/go/pkg/mod/github.com/centrifugal/centrifuge@v0.33.3/internal/dissolve/queue.go:139 +0x4a
github.com/centrifugal/centrifuge/internal/dissolve.(*Dissolver).runWorker(0xc00e0b2f30)
	/home/mariell/go/pkg/mod/github.com/centrifugal/centrifuge@v0.33.3/internal/dissolve/dissolve.go:52 +0x27
created by github.com/centrifugal/centrifuge/internal/dissolve.(*Dissolver).Run in goroutine 33562
	/home/mariell/go/pkg/mod/github.com/centrifugal/centrifuge@v0.33.3/internal/dissolve/dissolve.go:31 +0x25

goroutine 36013 [sync.Cond.Wait]:
sync.runtime_notifyListWait(0xc01b7ba250, 0x12)
	/usr/lib/go/src/runtime/sema.go:597 +0x159
sync.(*Cond).Wait(0x823435?)
	/usr/lib/go/src/sync/cond.go:71 +0x85
github.com/centrifugal/centrifuge/internal/dissolve.(*queueImpl).Wait(0xc01b781730)
	/home/mariell/go/pkg/mod/github.com/centrifugal/centrifuge@v0.33.3/internal/dissolve/queue.go:139 +0x4a
github.com/centrifugal/centrifuge/internal/dissolve.(*Dissolver).runWorker(0xc00e0b2f30)
	/home/mariell/go/pkg/mod/github.com/centrifugal/centrifuge@v0.33.3/internal/dissolve/dissolve.go:52 +0x27
created by github.com/centrifugal/centrifuge/internal/dissolve.(*Dissolver).Run in goroutine 33562
	/home/mariell/go/pkg/mod/github.com/centrifugal/centrifuge@v0.33.3/internal/dissolve/dissolve.go:31 +0x25

goroutine 36014 [sync.Cond.Wait]:
sync.runtime_notifyListWait(0xc01b7ba250, 0x13)
	/usr/lib/go/src/runtime/sema.go:597 +0x159
sync.(*Cond).Wait(0x0?)
	/usr/lib/go/src/sync/cond.go:71 +0x85
github.com/centrifugal/centrifuge/internal/dissolve.(*queueImpl).Wait(0xc01b781730)
	/home/mariell/go/pkg/mod/github.com/centrifugal/centrifuge@v0.33.3/internal/dissolve/queue.go:139 +0x4a
github.com/centrifugal/centrifuge/internal/dissolve.(*Dissolver).runWorker(0xc00e0b2f30)
	/home/mariell/go/pkg/mod/github.com/centrifugal/centrifuge@v0.33.3/internal/dissolve/dissolve.go:52 +0x27
created by github.com/centrifugal/centrifuge/internal/dissolve.(*Dissolver).Run in goroutine 33562
	/home/mariell/go/pkg/mod/github.com/centrifugal/centrifuge@v0.33.3/internal/dissolve/dissolve.go:31 +0x25

goroutine 36015 [sync.Cond.Wait]:
sync.runtime_notifyListWait(0xc01b7ba250, 0x14)
	/usr/lib/go/src/runtime/sema.go:597 +0x159
sync.(*Cond).Wait(0x0?)
	/usr/lib/go/src/sync/cond.go:71 +0x85
github.com/centrifugal/centrifuge/internal/dissolve.(*queueImpl).Wait(0xc01b781730)
	/home/mariell/go/pkg/mod/github.com/centrifugal/centrifuge@v0.33.3/internal/dissolve/queue.go:139 +0x4a
github.com/centrifugal/centrifuge/internal/dissolve.(*Dissolver).runWorker(0xc00e0b2f30)
	/home/mariell/go/pkg/mod/github.com/centrifugal/centrifuge@v0.33.3/internal/dissolve/dissolve.go:52 +0x27
created by github.com/centrifugal/centrifuge/internal/dissolve.(*Dissolver).Run in goroutine 33562
	/home/mariell/go/pkg/mod/github.com/centrifugal/centrifuge@v0.33.3/internal/dissolve/dissolve.go:31 +0x25

goroutine 36016 [sync.Cond.Wait]:
sync.runtime_notifyListWait(0xc01b7ba250, 0x15)
	/usr/lib/go/src/runtime/sema.go:597 +0x159
sync.(*Cond).Wait(0x0?)
	/usr/lib/go/src/sync/cond.go:71 +0x85
github.com/centrifugal/centrifuge/internal/dissolve.(*queueImpl).Wait(0xc01b781730)
	/home/mariell/go/pkg/mod/github.com/centrifugal/centrifuge@v0.33.3/internal/dissolve/queue.go:139 +0x4a
github.com/centrifugal/centrifuge/internal/dissolve.(*Dissolver).runWorker(0xc00e0b2f30)
	/home/mariell/go/pkg/mod/github.com/centrifugal/centrifuge@v0.33.3/internal/dissolve/dissolve.go:52 +0x27
created by github.com/centrifugal/centrifuge/internal/dissolve.(*Dissolver).Run in goroutine 33562
	/home/mariell/go/pkg/mod/github.com/centrifugal/centrifuge@v0.33.3/internal/dissolve/dissolve.go:31 +0x25

goroutine 36017 [sync.Cond.Wait]:
sync.runtime_notifyListWait(0xc01b7ba250, 0x16)
	/usr/lib/go/src/runtime/sema.go:597 +0x159
sync.(*Cond).Wait(0x0?)
	/usr/lib/go/src/sync/cond.go:71 +0x85
github.com/centrifugal/centrifuge/internal/dissolve.(*queueImpl).Wait(0xc01b781730)
	/home/mariell/go/pkg/mod/github.com/centrifugal/centrifuge@v0.33.3/internal/dissolve/queue.go:139 +0x4a
github.com/centrifugal/centrifuge/internal/dissolve.(*Dissolver).runWorker(0xc00e0b2f30)
	/home/mariell/go/pkg/mod/github.com/centrifugal/centrifuge@v0.33.3/internal/dissolve/dissolve.go:52 +0x27
created by github.com/centrifugal/centrifuge/internal/dissolve.(*Dissolver).Run in goroutine 33562
	/home/mariell/go/pkg/mod/github.com/centrifugal/centrifuge@v0.33.3/internal/dissolve/dissolve.go:31 +0x25

goroutine 36018 [sync.Cond.Wait]:
sync.runtime_notifyListWait(0xc01b7ba250, 0x17)
	/usr/lib/go/src/runtime/sema.go:597 +0x159
sync.(*Cond).Wait(0x0?)
	/usr/lib/go/src/sync/cond.go:71 +0x85
github.com/centrifugal/centrifuge/internal/dissolve.(*queueImpl).Wait(0xc01b781730)
	/home/mariell/go/pkg/mod/github.com/centrifugal/centrifuge@v0.33.3/internal/dissolve/queue.go:139 +0x4a
github.com/centrifugal/centrifuge/internal/dissolve.(*Dissolver).runWorker(0xc00e0b2f30)
	/home/mariell/go/pkg/mod/github.com/centrifugal/centrifuge@v0.33.3/internal/dissolve/dissolve.go:52 +0x27
created by github.com/centrifugal/centrifuge/internal/dissolve.(*Dissolver).Run in goroutine 33562
	/home/mariell/go/pkg/mod/github.com/centrifugal/centrifuge@v0.33.3/internal/dissolve/dissolve.go:31 +0x25

goroutine 36019 [sync.Cond.Wait]:
sync.runtime_notifyListWait(0xc01b7ba250, 0x18)
	/usr/lib/go/src/runtime/sema.go:597 +0x159
sync.(*Cond).Wait(0x0?)
	/usr/lib/go/src/sync/cond.go:71 +0x85
github.com/centrifugal/centrifuge/internal/dissolve.(*queueImpl).Wait(0xc01b781730)
	/home/mariell/go/pkg/mod/github.com/centrifugal/centrifuge@v0.33.3/internal/dissolve/queue.go:139 +0x4a
github.com/centrifugal/centrifuge/internal/dissolve.(*Dissolver).runWorker(0xc00e0b2f30)
	/home/mariell/go/pkg/mod/github.com/centrifugal/centrifuge@v0.33.3/internal/dissolve/dissolve.go:52 +0x27
created by github.com/centrifugal/centrifuge/internal/dissolve.(*Dissolver).Run in goroutine 33562
	/home/mariell/go/pkg/mod/github.com/centrifugal/centrifuge@v0.33.3/internal/dissolve/dissolve.go:31 +0x25

goroutine 36020 [sync.Cond.Wait]:
sync.runtime_notifyListWait(0xc01b7ba250, 0x19)
	/usr/lib/go/src/runtime/sema.go:597 +0x159
sync.(*Cond).Wait(0x0?)
	/usr/lib/go/src/sync/cond.go:71 +0x85
github.com/centrifugal/centrifuge/internal/dissolve.(*queueImpl).Wait(0xc01b781730)
	/home/mariell/go/pkg/mod/github.com/centrifugal/centrifuge@v0.33.3/internal/dissolve/queue.go:139 +0x4a
github.com/centrifugal/centrifuge/internal/dissolve.(*Dissolver).runWorker(0xc00e0b2f30)
	/home/mariell/go/pkg/mod/github.com/centrifugal/centrifuge@v0.33.3/internal/dissolve/dissolve.go:52 +0x27
created by github.com/centrifugal/centrifuge/internal/dissolve.(*Dissolver).Run in goroutine 33562
	/home/mariell/go/pkg/mod/github.com/centrifugal/centrifuge@v0.33.3/internal/dissolve/dissolve.go:31 +0x25

goroutine 36021 [sync.Cond.Wait]:
sync.runtime_notifyListWait(0xc01b7ba250, 0x1a)
	/usr/lib/go/src/runtime/sema.go:597 +0x159
sync.(*Cond).Wait(0x0?)
	/usr/lib/go/src/sync/cond.go:71 +0x85
github.com/centrifugal/centrifuge/internal/dissolve.(*queueImpl).Wait(0xc01b781730)
	/home/mariell/go/pkg/mod/github.com/centrifugal/centrifuge@v0.33.3/internal/dissolve/queue.go:139 +0x4a
github.com/centrifugal/centrifuge/internal/dissolve.(*Dissolver).runWorker(0xc00e0b2f30)
	/home/mariell/go/pkg/mod/github.com/centrifugal/centrifuge@v0.33.3/internal/dissolve/dissolve.go:52 +0x27
created by github.com/centrifugal/centrifuge/internal/dissolve.(*Dissolver).Run in goroutine 33562
	/home/mariell/go/pkg/mod/github.com/centrifugal/centrifuge@v0.33.3/internal/dissolve/dissolve.go:31 +0x25

goroutine 36022 [sync.Cond.Wait]:
sync.runtime_notifyListWait(0xc01b7ba250, 0x1b)
	/usr/lib/go/src/runtime/sema.go:597 +0x159
sync.(*Cond).Wait(0x0?)
	/usr/lib/go/src/sync/cond.go:71 +0x85
github.com/centrifugal/centrifuge/internal/dissolve.(*queueImpl).Wait(0xc01b781730)
	/home/mariell/go/pkg/mod/github.com/centrifugal/centrifuge@v0.33.3/internal/dissolve/queue.go:139 +0x4a
github.com/centrifugal/centrifuge/internal/dissolve.(*Dissolver).runWorker(0xc00e0b2f30)
	/home/mariell/go/pkg/mod/github.com/centrifugal/centrifuge@v0.33.3/internal/dissolve/dissolve.go:52 +0x27
created by github.com/centrifugal/centrifuge/internal/dissolve.(*Dissolver).Run in goroutine 33562
	/home/mariell/go/pkg/mod/github.com/centrifugal/centrifuge@v0.33.3/internal/dissolve/dissolve.go:31 +0x25

goroutine 36023 [sync.Cond.Wait]:
sync.runtime_notifyListWait(0xc01b7ba250, 0x1c)
	/usr/lib/go/src/runtime/sema.go:597 +0x159
sync.(*Cond).Wait(0x3931656437613761?)
	/usr/lib/go/src/sync/cond.go:71 +0x85
github.com/centrifugal/centrifuge/internal/dissolve.(*queueImpl).Wait(0xc01b781730)
	/home/mariell/go/pkg/mod/github.com/centrifugal/centrifuge@v0.33.3/internal/dissolve/queue.go:139 +0x4a
github.com/centrifugal/centrifuge/internal/dissolve.(*Dissolver).runWorker(0xc00e0b2f30)
	/home/mariell/go/pkg/mod/github.com/centrifugal/centrifuge@v0.33.3/internal/dissolve/dissolve.go:52 +0x27
created by github.com/centrifugal/centrifuge/internal/dissolve.(*Dissolver).Run in goroutine 33562
	/home/mariell/go/pkg/mod/github.com/centrifugal/centrifuge@v0.33.3/internal/dissolve/dissolve.go:31 +0x25

goroutine 36024 [sync.Cond.Wait]:
sync.runtime_notifyListWait(0xc01b7ba250, 0x1d)
	/usr/lib/go/src/runtime/sema.go:597 +0x159
sync.(*Cond).Wait(0x0?)
	/usr/lib/go/src/sync/cond.go:71 +0x85
github.com/centrifugal/centrifuge/internal/dissolve.(*queueImpl).Wait(0xc01b781730)
	/home/mariell/go/pkg/mod/github.com/centrifugal/centrifuge@v0.33.3/internal/dissolve/queue.go:139 +0x4a
github.com/centrifugal/centrifuge/internal/dissolve.(*Dissolver).runWorker(0xc00e0b2f30)
	/home/mariell/go/pkg/mod/github.com/centrifugal/centrifuge@v0.33.3/internal/dissolve/dissolve.go:52 +0x27
created by github.com/centrifugal/centrifuge/internal/dissolve.(*Dissolver).Run in goroutine 33562
	/home/mariell/go/pkg/mod/github.com/centrifugal/centrifuge@v0.33.3/internal/dissolve/dissolve.go:31 +0x25

goroutine 36025 [sync.Cond.Wait]:
sync.runtime_notifyListWait(0xc01b7ba250, 0x1e)
	/usr/lib/go/src/runtime/sema.go:597 +0x159
sync.(*Cond).Wait(0x0?)
	/usr/lib/go/src/sync/cond.go:71 +0x85
github.com/centrifugal/centrifuge/internal/dissolve.(*queueImpl).Wait(0xc01b781730)
	/home/mariell/go/pkg/mod/github.com/centrifugal/centrifuge@v0.33.3/internal/dissolve/queue.go:139 +0x4a
github.com/centrifugal/centrifuge/internal/dissolve.(*Dissolver).runWorker(0xc00e0b2f30)
	/home/mariell/go/pkg/mod/github.com/centrifugal/centrifuge@v0.33.3/internal/dissolve/dissolve.go:52 +0x27
created by github.com/centrifugal/centrifuge/internal/dissolve.(*Dissolver).Run in goroutine 33562
	/home/mariell/go/pkg/mod/github.com/centrifugal/centrifuge@v0.33.3/internal/dissolve/dissolve.go:31 +0x25

goroutine 36026 [sync.Cond.Wait]:
sync.runtime_notifyListWait(0xc01b7ba250, 0x1f)
	/usr/lib/go/src/runtime/sema.go:597 +0x159
sync.(*Cond).Wait(0x0?)
	/usr/lib/go/src/sync/cond.go:71 +0x85
github.com/centrifugal/centrifuge/internal/dissolve.(*queueImpl).Wait(0xc01b781730)
	/home/mariell/go/pkg/mod/github.com/centrifugal/centrifuge@v0.33.3/internal/dissolve/queue.go:139 +0x4a
github.com/centrifugal/centrifuge/internal/dissolve.(*Dissolver).runWorker(0xc00e0b2f30)
	/home/mariell/go/pkg/mod/github.com/centrifugal/centrifuge@v0.33.3/internal/dissolve/dissolve.go:52 +0x27
created by github.com/centrifugal/centrifuge/internal/dissolve.(*Dissolver).Run in goroutine 33562
	/home/mariell/go/pkg/mod/github.com/centrifugal/centrifuge@v0.33.3/internal/dissolve/dissolve.go:31 +0x25

goroutine 36027 [sync.Cond.Wait]:
sync.runtime_notifyListWait(0xc01b7ba250, 0x0)
	/usr/lib/go/src/runtime/sema.go:597 +0x159
sync.(*Cond).Wait(0x0?)
	/usr/lib/go/src/sync/cond.go:71 +0x85
github.com/centrifugal/centrifuge/internal/dissolve.(*queueImpl).Wait(0xc01b781730)
	/home/mariell/go/pkg/mod/github.com/centrifugal/centrifuge@v0.33.3/internal/dissolve/queue.go:139 +0x4a
github.com/centrifugal/centrifuge/internal/dissolve.(*Dissolver).runWorker(0xc00e0b2f30)
	/home/mariell/go/pkg/mod/github.com/centrifugal/centrifuge@v0.33.3/internal/dissolve/dissolve.go:52 +0x27
created by github.com/centrifugal/centrifuge/internal/dissolve.(*Dissolver).Run in goroutine 33562
	/home/mariell/go/pkg/mod/github.com/centrifugal/centrifuge@v0.33.3/internal/dissolve/dissolve.go:31 +0x25

goroutine 36028 [sync.Cond.Wait]:
sync.runtime_notifyListWait(0xc01b7ba250, 0x21)
	/usr/lib/go/src/runtime/sema.go:597 +0x159
sync.(*Cond).Wait(0x0?)
	/usr/lib/go/src/sync/cond.go:71 +0x85
github.com/centrifugal/centrifuge/internal/dissolve.(*queueImpl).Wait(0xc01b781730)
	/home/mariell/go/pkg/mod/github.com/centrifugal/centrifuge@v0.33.3/internal/dissolve/queue.go:139 +0x4a
github.com/centrifugal/centrifuge/internal/dissolve.(*Dissolver).runWorker(0xc00e0b2f30)
	/home/mariell/go/pkg/mod/github.com/centrifugal/centrifuge@v0.33.3/internal/dissolve/dissolve.go:52 +0x27
created by github.com/centrifugal/centrifuge/internal/dissolve.(*Dissolver).Run in goroutine 33562
	/home/mariell/go/pkg/mod/github.com/centrifugal/centrifuge@v0.33.3/internal/dissolve/dissolve.go:31 +0x25

goroutine 36029 [sync.Cond.Wait]:
sync.runtime_notifyListWait(0xc01b7ba250, 0x22)
	/usr/lib/go/src/runtime/sema.go:597 +0x159
sync.(*Cond).Wait(0x0?)
	/usr/lib/go/src/sync/cond.go:71 +0x85
github.com/centrifugal/centrifuge/internal/dissolve.(*queueImpl).Wait(0xc01b781730)
	/home/mariell/go/pkg/mod/github.com/centrifugal/centrifuge@v0.33.3/internal/dissolve/queue.go:139 +0x4a
github.com/centrifugal/centrifuge/internal/dissolve.(*Dissolver).runWorker(0xc00e0b2f30)
	/home/mariell/go/pkg/mod/github.com/centrifugal/centrifuge@v0.33.3/internal/dissolve/dissolve.go:52 +0x27
created by github.com/centrifugal/centrifuge/internal/dissolve.(*Dissolver).Run in goroutine 33562
	/home/mariell/go/pkg/mod/github.com/centrifugal/centrifuge@v0.33.3/internal/dissolve/dissolve.go:31 +0x25

goroutine 36030 [sync.Cond.Wait]:
sync.runtime_notifyListWait(0xc01b7ba250, 0x23)
	/usr/lib/go/src/runtime/sema.go:597 +0x159
sync.(*Cond).Wait(0x0?)
	/usr/lib/go/src/sync/cond.go:71 +0x85
github.com/centrifugal/centrifuge/internal/dissolve.(*queueImpl).Wait(0xc01b781730)
	/home/mariell/go/pkg/mod/github.com/centrifugal/centrifuge@v0.33.3/internal/dissolve/queue.go:139 +0x4a
github.com/centrifugal/centrifuge/internal/dissolve.(*Dissolver).runWorker(0xc00e0b2f30)
	/home/mariell/go/pkg/mod/github.com/centrifugal/centrifuge@v0.33.3/internal/dissolve/dissolve.go:52 +0x27
created by github.com/centrifugal/centrifuge/internal/dissolve.(*Dissolver).Run in goroutine 33562
	/home/mariell/go/pkg/mod/github.com/centrifugal/centrifuge@v0.33.3/internal/dissolve/dissolve.go:31 +0x25

goroutine 36031 [sync.Cond.Wait]:
sync.runtime_notifyListWait(0xc01b7ba250, 0x24)
	/usr/lib/go/src/runtime/sema.go:597 +0x159
sync.(*Cond).Wait(0x0?)
	/usr/lib/go/src/sync/cond.go:71 +0x85
github.com/centrifugal/centrifuge/internal/dissolve.(*queueImpl).Wait(0xc01b781730)
	/home/mariell/go/pkg/mod/github.com/centrifugal/centrifuge@v0.33.3/internal/dissolve/queue.go:139 +0x4a
github.com/centrifugal/centrifuge/internal/dissolve.(*Dissolver).runWorker(0xc00e0b2f30)
	/home/mariell/go/pkg/mod/github.com/centrifugal/centrifuge@v0.33.3/internal/dissolve/dissolve.go:52 +0x27
created by github.com/centrifugal/centrifuge/internal/dissolve.(*Dissolver).Run in goroutine 33562
	/home/mariell/go/pkg/mod/github.com/centrifugal/centrifuge@v0.33.3/internal/dissolve/dissolve.go:31 +0x25

goroutine 36032 [sync.Cond.Wait]:
sync.runtime_notifyListWait(0xc01b7ba250, 0x25)
	/usr/lib/go/src/runtime/sema.go:597 +0x159
sync.(*Cond).Wait(0x0?)
	/usr/lib/go/src/sync/cond.go:71 +0x85
github.com/centrifugal/centrifuge/internal/dissolve.(*queueImpl).Wait(0xc01b781730)
	/home/mariell/go/pkg/mod/github.com/centrifugal/centrifuge@v0.33.3/internal/dissolve/queue.go:139 +0x4a
github.com/centrifugal/centrifuge/internal/dissolve.(*Dissolver).runWorker(0xc00e0b2f30)
	/home/mariell/go/pkg/mod/github.com/centrifugal/centrifuge@v0.33.3/internal/dissolve/dissolve.go:52 +0x27
created by github.com/centrifugal/centrifuge/internal/dissolve.(*Dissolver).Run in goroutine 33562
	/home/mariell/go/pkg/mod/github.com/centrifugal/centrifuge@v0.33.3/internal/dissolve/dissolve.go:31 +0x25

goroutine 36033 [sync.Cond.Wait]:
sync.runtime_notifyListWait(0xc01b7ba250, 0x26)
	/usr/lib/go/src/runtime/sema.go:597 +0x159
sync.(*Cond).Wait(0x7f66560?)
	/usr/lib/go/src/sync/cond.go:71 +0x85
github.com/centrifugal/centrifuge/internal/dissolve.(*queueImpl).Wait(0xc01b781730)
	/home/mariell/go/pkg/mod/github.com/centrifugal/centrifuge@v0.33.3/internal/dissolve/queue.go:139 +0x4a
github.com/centrifugal/centrifuge/internal/dissolve.(*Dissolver).runWorker(0xc00e0b2f30)
	/home/mariell/go/pkg/mod/github.com/centrifugal/centrifuge@v0.33.3/internal/dissolve/dissolve.go:52 +0x27
created by github.com/centrifugal/centrifuge/internal/dissolve.(*Dissolver).Run in goroutine 33562
	/home/mariell/go/pkg/mod/github.com/centrifugal/centrifuge@v0.33.3/internal/dissolve/dissolve.go:31 +0x25

goroutine 36034 [sync.Cond.Wait]:
sync.runtime_notifyListWait(0xc01b7ba250, 0x27)
	/usr/lib/go/src/runtime/sema.go:597 +0x159
sync.(*Cond).Wait(0x7f66560?)
	/usr/lib/go/src/sync/cond.go:71 +0x85
github.com/centrifugal/centrifuge/internal/dissolve.(*queueImpl).Wait(0xc01b781730)
	/home/mariell/go/pkg/mod/github.com/centrifugal/centrifuge@v0.33.3/internal/dissolve/queue.go:139 +0x4a
github.com/centrifugal/centrifuge/internal/dissolve.(*Dissolver).runWorker(0xc00e0b2f30)
	/home/mariell/go/pkg/mod/github.com/centrifugal/centrifuge@v0.33.3/internal/dissolve/dissolve.go:52 +0x27
created by github.com/centrifugal/centrifuge/internal/dissolve.(*Dissolver).Run in goroutine 33562
	/home/mariell/go/pkg/mod/github.com/centrifugal/centrifuge@v0.33.3/internal/dissolve/dissolve.go:31 +0x25

goroutine 36035 [sync.Cond.Wait]:
sync.runtime_notifyListWait(0xc01b7ba250, 0x28)
	/usr/lib/go/src/runtime/sema.go:597 +0x159
sync.(*Cond).Wait(0x26ac826c96aa0982?)
	/usr/lib/go/src/sync/cond.go:71 +0x85
github.com/centrifugal/centrifuge/internal/dissolve.(*queueImpl).Wait(0xc01b781730)
	/home/mariell/go/pkg/mod/github.com/centrifugal/centrifuge@v0.33.3/internal/dissolve/queue.go:139 +0x4a
github.com/centrifugal/centrifuge/internal/dissolve.(*Dissolver).runWorker(0xc00e0b2f30)
	/home/mariell/go/pkg/mod/github.com/centrifugal/centrifuge@v0.33.3/internal/dissolve/dissolve.go:52 +0x27
created by github.com/centrifugal/centrifuge/internal/dissolve.(*Dissolver).Run in goroutine 33562
	/home/mariell/go/pkg/mod/github.com/centrifugal/centrifuge@v0.33.3/internal/dissolve/dissolve.go:31 +0x25

goroutine 36036 [sync.Cond.Wait]:
sync.runtime_notifyListWait(0xc01b7ba250, 0x29)
	/usr/lib/go/src/runtime/sema.go:597 +0x159
sync.(*Cond).Wait(0x7f66560?)
	/usr/lib/go/src/sync/cond.go:71 +0x85
github.com/centrifugal/centrifuge/internal/dissolve.(*queueImpl).Wait(0xc01b781730)
	/home/mariell/go/pkg/mod/github.com/centrifugal/centrifuge@v0.33.3/internal/dissolve/queue.go:139 +0x4a
github.com/centrifugal/centrifuge/internal/dissolve.(*Dissolver).runWorker(0xc00e0b2f30)
	/home/mariell/go/pkg/mod/github.com/centrifugal/centrifuge@v0.33.3/internal/dissolve/dissolve.go:52 +0x27
created by github.com/centrifugal/centrifuge/internal/dissolve.(*Dissolver).Run in goroutine 33562
	/home/mariell/go/pkg/mod/github.com/centrifugal/centrifuge@v0.33.3/internal/dissolve/dissolve.go:31 +0x25

goroutine 36037 [sync.Cond.Wait]:
sync.runtime_notifyListWait(0xc01b7ba250, 0x2a)
	/usr/lib/go/src/runtime/sema.go:597 +0x159
sync.(*Cond).Wait(0x0?)
	/usr/lib/go/src/sync/cond.go:71 +0x85
github.com/centrifugal/centrifuge/internal/dissolve.(*queueImpl).Wait(0xc01b781730)
	/home/mariell/go/pkg/mod/github.com/centrifugal/centrifuge@v0.33.3/internal/dissolve/queue.go:139 +0x4a
github.com/centrifugal/centrifuge/internal/dissolve.(*Dissolver).runWorker(0xc00e0b2f30)
	/home/mariell/go/pkg/mod/github.com/centrifugal/centrifuge@v0.33.3/internal/dissolve/dissolve.go:52 +0x27
created by github.com/centrifugal/centrifuge/internal/dissolve.(*Dissolver).Run in goroutine 33562
	/home/mariell/go/pkg/mod/github.com/centrifugal/centrifuge@v0.33.3/internal/dissolve/dissolve.go:31 +0x25

goroutine 36038 [sync.Cond.Wait]:
sync.runtime_notifyListWait(0xc01b7ba250, 0x2b)
	/usr/lib/go/src/runtime/sema.go:597 +0x159
sync.(*Cond).Wait(0x3537653138346538?)
	/usr/lib/go/src/sync/cond.go:71 +0x85
github.com/centrifugal/centrifuge/internal/dissolve.(*queueImpl).Wait(0xc01b781730)
	/home/mariell/go/pkg/mod/github.com/centrifugal/centrifuge@v0.33.3/internal/dissolve/queue.go:139 +0x4a
github.com/centrifugal/centrifuge/internal/dissolve.(*Dissolver).runWorker(0xc00e0b2f30)
	/home/mariell/go/pkg/mod/github.com/centrifugal/centrifuge@v0.33.3/internal/dissolve/dissolve.go:52 +0x27
created by github.com/centrifugal/centrifuge/internal/dissolve.(*Dissolver).Run in goroutine 33562
	/home/mariell/go/pkg/mod/github.com/centrifugal/centrifuge@v0.33.3/internal/dissolve/dissolve.go:31 +0x25

goroutine 36039 [sync.Cond.Wait]:
sync.runtime_notifyListWait(0xc01b7ba250, 0x2c)
	/usr/lib/go/src/runtime/sema.go:597 +0x159
sync.(*Cond).Wait(0x3537653138346538?)
	/usr/lib/go/src/sync/cond.go:71 +0x85
github.com/centrifugal/centrifuge/internal/dissolve.(*queueImpl).Wait(0xc01b781730)
	/home/mariell/go/pkg/mod/github.com/centrifugal/centrifuge@v0.33.3/internal/dissolve/queue.go:139 +0x4a
github.com/centrifugal/centrifuge/internal/dissolve.(*Dissolver).runWorker(0xc00e0b2f30)
	/home/mariell/go/pkg/mod/github.com/centrifugal/centrifuge@v0.33.3/internal/dissolve/dissolve.go:52 +0x27
created by github.com/centrifugal/centrifuge/internal/dissolve.(*Dissolver).Run in goroutine 33562
	/home/mariell/go/pkg/mod/github.com/centrifugal/centrifuge@v0.33.3/internal/dissolve/dissolve.go:31 +0x25

goroutine 36040 [sync.Cond.Wait]:
sync.runtime_notifyListWait(0xc01b7ba250, 0x2d)
	/usr/lib/go/src/runtime/sema.go:597 +0x159
sync.(*Cond).Wait(0x7f66560?)
	/usr/lib/go/src/sync/cond.go:71 +0x85
github.com/centrifugal/centrifuge/internal/dissolve.(*queueImpl).Wait(0xc01b781730)
	/home/mariell/go/pkg/mod/github.com/centrifugal/centrifuge@v0.33.3/internal/dissolve/queue.go:139 +0x4a
github.com/centrifugal/centrifuge/internal/dissolve.(*Dissolver).runWorker(0xc00e0b2f30)
	/home/mariell/go/pkg/mod/github.com/centrifugal/centrifuge@v0.33.3/internal/dissolve/dissolve.go:52 +0x27
created by github.com/centrifugal/centrifuge/internal/dissolve.(*Dissolver).Run in goroutine 33562
	/home/mariell/go/pkg/mod/github.com/centrifugal/centrifuge@v0.33.3/internal/dissolve/dissolve.go:31 +0x25

goroutine 36041 [sync.Cond.Wait]:
sync.runtime_notifyListWait(0xc01b7ba250, 0x2e)
	/usr/lib/go/src/runtime/sema.go:597 +0x159
sync.(*Cond).Wait(0x7f66560?)
	/usr/lib/go/src/sync/cond.go:71 +0x85
github.com/centrifugal/centrifuge/internal/dissolve.(*queueImpl).Wait(0xc01b781730)
	/home/mariell/go/pkg/mod/github.com/centrifugal/centrifuge@v0.33.3/internal/dissolve/queue.go:139 +0x4a
github.com/centrifugal/centrifuge/internal/dissolve.(*Dissolver).runWorker(0xc00e0b2f30)
	/home/mariell/go/pkg/mod/github.com/centrifugal/centrifuge@v0.33.3/internal/dissolve/dissolve.go:52 +0x27
created by github.com/centrifugal/centrifuge/internal/dissolve.(*Dissolver).Run in goroutine 33562
	/home/mariell/go/pkg/mod/github.com/centrifugal/centrifuge@v0.33.3/internal/dissolve/dissolve.go:31 +0x25

goroutine 36042 [sync.Cond.Wait]:
sync.runtime_notifyListWait(0xc01b7ba250, 0x2f)
	/usr/lib/go/src/runtime/sema.go:597 +0x159
sync.(*Cond).Wait(0x7f66560?)
	/usr/lib/go/src/sync/cond.go:71 +0x85
github.com/centrifugal/centrifuge/internal/dissolve.(*queueImpl).Wait(0xc01b781730)
	/home/mariell/go/pkg/mod/github.com/centrifugal/centrifuge@v0.33.3/internal/dissolve/queue.go:139 +0x4a
github.com/centrifugal/centrifuge/internal/dissolve.(*Dissolver).runWorker(0xc00e0b2f30)
	/home/mariell/go/pkg/mod/github.com/centrifugal/centrifuge@v0.33.3/internal/dissolve/dissolve.go:52 +0x27
created by github.com/centrifugal/centrifuge/internal/dissolve.(*Dissolver).Run in goroutine 33562
	/home/mariell/go/pkg/mod/github.com/centrifugal/centrifuge@v0.33.3/internal/dissolve/dissolve.go:31 +0x25

goroutine 36043 [sync.Cond.Wait]:
sync.runtime_notifyListWait(0xc01b7ba250, 0x20)
	/usr/lib/go/src/runtime/sema.go:597 +0x159
sync.(*Cond).Wait(0x18c63146318c518c?)
	/usr/lib/go/src/sync/cond.go:71 +0x85
github.com/centrifugal/centrifuge/internal/dissolve.(*queueImpl).Wait(0xc01b781730)
	/home/mariell/go/pkg/mod/github.com/centrifugal/centrifuge@v0.33.3/internal/dissolve/queue.go:139 +0x4a
github.com/centrifugal/centrifuge/internal/dissolve.(*Dissolver).runWorker(0xc00e0b2f30)
	/home/mariell/go/pkg/mod/github.com/centrifugal/centrifuge@v0.33.3/internal/dissolve/dissolve.go:52 +0x27
created by github.com/centrifugal/centrifuge/internal/dissolve.(*Dissolver).Run in goroutine 33562
	/home/mariell/go/pkg/mod/github.com/centrifugal/centrifuge@v0.33.3/internal/dissolve/dissolve.go:31 +0x25

goroutine 36044 [sync.Cond.Wait]:
sync.runtime_notifyListWait(0xc01b7ba250, 0x31)
	/usr/lib/go/src/runtime/sema.go:597 +0x159
sync.(*Cond).Wait(0x0?)
	/usr/lib/go/src/sync/cond.go:71 +0x85
github.com/centrifugal/centrifuge/internal/dissolve.(*queueImpl).Wait(0xc01b781730)
	/home/mariell/go/pkg/mod/github.com/centrifugal/centrifuge@v0.33.3/internal/dissolve/queue.go:139 +0x4a
github.com/centrifugal/centrifuge/internal/dissolve.(*Dissolver).runWorker(0xc00e0b2f30)
	/home/mariell/go/pkg/mod/github.com/centrifugal/centrifuge@v0.33.3/internal/dissolve/dissolve.go:52 +0x27
created by github.com/centrifugal/centrifuge/internal/dissolve.(*Dissolver).Run in goroutine 33562
	/home/mariell/go/pkg/mod/github.com/centrifugal/centrifuge@v0.33.3/internal/dissolve/dissolve.go:31 +0x25

goroutine 36045 [sync.Cond.Wait]:
sync.runtime_notifyListWait(0xc01b7ba250, 0x32)
	/usr/lib/go/src/runtime/sema.go:597 +0x159
sync.(*Cond).Wait(0x0?)
	/usr/lib/go/src/sync/cond.go:71 +0x85
github.com/centrifugal/centrifuge/internal/dissolve.(*queueImpl).Wait(0xc01b781730)
	/home/mariell/go/pkg/mod/github.com/centrifugal/centrifuge@v0.33.3/internal/dissolve/queue.go:139 +0x4a
github.com/centrifugal/centrifuge/internal/dissolve.(*Dissolver).runWorker(0xc00e0b2f30)
	/home/mariell/go/pkg/mod/github.com/centrifugal/centrifuge@v0.33.3/internal/dissolve/dissolve.go:52 +0x27
created by github.com/centrifugal/centrifuge/internal/dissolve.(*Dissolver).Run in goroutine 33562
	/home/mariell/go/pkg/mod/github.com/centrifugal/centrifuge@v0.33.3/internal/dissolve/dissolve.go:31 +0x25

goroutine 36046 [sync.Cond.Wait]:
sync.runtime_notifyListWait(0xc01b7ba250, 0x33)
	/usr/lib/go/src/runtime/sema.go:597 +0x159
sync.(*Cond).Wait(0x7f66560?)
	/usr/lib/go/src/sync/cond.go:71 +0x85
github.com/centrifugal/centrifuge/internal/dissolve.(*queueImpl).Wait(0xc01b781730)
	/home/mariell/go/pkg/mod/github.com/centrifugal/centrifuge@v0.33.3/internal/dissolve/queue.go:139 +0x4a
github.com/centrifugal/centrifuge/internal/dissolve.(*Dissolver).runWorker(0xc00e0b2f30)
	/home/mariell/go/pkg/mod/github.com/centrifugal/centrifuge@v0.33.3/internal/dissolve/dissolve.go:52 +0x27
created by github.com/centrifugal/centrifuge/internal/dissolve.(*Dissolver).Run in goroutine 33562
	/home/mariell/go/pkg/mod/github.com/centrifugal/centrifuge@v0.33.3/internal/dissolve/dissolve.go:31 +0x25

goroutine 36047 [sync.Cond.Wait]:
sync.runtime_notifyListWait(0xc01b7ba250, 0x34)
	/usr/lib/go/src/runtime/sema.go:597 +0x159
sync.(*Cond).Wait(0x0?)
	/usr/lib/go/src/sync/cond.go:71 +0x85
github.com/centrifugal/centrifuge/internal/dissolve.(*queueImpl).Wait(0xc01b781730)
	/home/mariell/go/pkg/mod/github.com/centrifugal/centrifuge@v0.33.3/internal/dissolve/queue.go:139 +0x4a
github.com/centrifugal/centrifuge/internal/dissolve.(*Dissolver).runWorker(0xc00e0b2f30)
	/home/mariell/go/pkg/mod/github.com/centrifugal/centrifuge@v0.33.3/internal/dissolve/dissolve.go:52 +0x27
created by github.com/centrifugal/centrifuge/internal/dissolve.(*Dissolver).Run in goroutine 33562
	/home/mariell/go/pkg/mod/github.com/centrifugal/centrifuge@v0.33.3/internal/dissolve/dissolve.go:31 +0x25

goroutine 36048 [sync.Cond.Wait]:
sync.runtime_notifyListWait(0xc01b7ba250, 0x35)
	/usr/lib/go/src/runtime/sema.go:597 +0x159
sync.(*Cond).Wait(0x67c1b9cf?)
	/usr/lib/go/src/sync/cond.go:71 +0x85
github.com/centrifugal/centrifuge/internal/dissolve.(*queueImpl).Wait(0xc01b781730)
	/home/mariell/go/pkg/mod/github.com/centrifugal/centrifuge@v0.33.3/internal/dissolve/queue.go:139 +0x4a
github.com/centrifugal/centrifuge/internal/dissolve.(*Dissolver).runWorker(0xc00e0b2f30)
	/home/mariell/go/pkg/mod/github.com/centrifugal/centrifuge@v0.33.3/internal/dissolve/dissolve.go:52 +0x27
created by github.com/centrifugal/centrifuge/internal/dissolve.(*Dissolver).Run in goroutine 33562
	/home/mariell/go/pkg/mod/github.com/centrifugal/centrifuge@v0.33.3/internal/dissolve/dissolve.go:31 +0x25

goroutine 36049 [sync.Cond.Wait]:
sync.runtime_notifyListWait(0xc01b7ba250, 0x36)
	/usr/lib/go/src/runtime/sema.go:597 +0x159
sync.(*Cond).Wait(0x0?)
	/usr/lib/go/src/sync/cond.go:71 +0x85
github.com/centrifugal/centrifuge/internal/dissolve.(*queueImpl).Wait(0xc01b781730)
	/home/mariell/go/pkg/mod/github.com/centrifugal/centrifuge@v0.33.3/internal/dissolve/queue.go:139 +0x4a
github.com/centrifugal/centrifuge/internal/dissolve.(*Dissolver).runWorker(0xc00e0b2f30)
	/home/mariell/go/pkg/mod/github.com/centrifugal/centrifuge@v0.33.3/internal/dissolve/dissolve.go:52 +0x27
created by github.com/centrifugal/centrifuge/internal/dissolve.(*Dissolver).Run in goroutine 33562
	/home/mariell/go/pkg/mod/github.com/centrifugal/centrifuge@v0.33.3/internal/dissolve/dissolve.go:31 +0x25

goroutine 36050 [sync.Cond.Wait]:
sync.runtime_notifyListWait(0xc01b7ba250, 0x37)
	/usr/lib/go/src/runtime/sema.go:597 +0x159
sync.(*Cond).Wait(0xc?)
	/usr/lib/go/src/sync/cond.go:71 +0x85
github.com/centrifugal/centrifuge/internal/dissolve.(*queueImpl).Wait(0xc01b781730)
	/home/mariell/go/pkg/mod/github.com/centrifugal/centrifuge@v0.33.3/internal/dissolve/queue.go:139 +0x4a
github.com/centrifugal/centrifuge/internal/dissolve.(*Dissolver).runWorker(0xc00e0b2f30)
	/home/mariell/go/pkg/mod/github.com/centrifugal/centrifuge@v0.33.3/internal/dissolve/dissolve.go:52 +0x27
created by github.com/centrifugal/centrifuge/internal/dissolve.(*Dissolver).Run in goroutine 33562
	/home/mariell/go/pkg/mod/github.com/centrifugal/centrifuge@v0.33.3/internal/dissolve/dissolve.go:31 +0x25

goroutine 36051 [sync.Cond.Wait]:
sync.runtime_notifyListWait(0xc01b7ba250, 0x30)
	/usr/lib/go/src/runtime/sema.go:597 +0x159
sync.(*Cond).Wait(0xaaaaaa916509aaaa?)
	/usr/lib/go/src/sync/cond.go:71 +0x85
github.com/centrifugal/centrifuge/internal/dissolve.(*queueImpl).Wait(0xc01b781730)
	/home/mariell/go/pkg/mod/github.com/centrifugal/centrifuge@v0.33.3/internal/dissolve/queue.go:139 +0x4a
github.com/centrifugal/centrifuge/internal/dissolve.(*Dissolver).runWorker(0xc00e0b2f30)
	/home/mariell/go/pkg/mod/github.com/centrifugal/centrifuge@v0.33.3/internal/dissolve/dissolve.go:52 +0x27
created by github.com/centrifugal/centrifuge/internal/dissolve.(*Dissolver).Run in goroutine 33562
	/home/mariell/go/pkg/mod/github.com/centrifugal/centrifuge@v0.33.3/internal/dissolve/dissolve.go:31 +0x25

goroutine 36052 [sync.Cond.Wait]:
sync.runtime_notifyListWait(0xc01b7ba250, 0x39)
	/usr/lib/go/src/runtime/sema.go:597 +0x159
sync.(*Cond).Wait(0x3537653138346538?)
	/usr/lib/go/src/sync/cond.go:71 +0x85
github.com/centrifugal/centrifuge/internal/dissolve.(*queueImpl).Wait(0xc01b781730)
	/home/mariell/go/pkg/mod/github.com/centrifugal/centrifuge@v0.33.3/internal/dissolve/queue.go:139 +0x4a
github.com/centrifugal/centrifuge/internal/dissolve.(*Dissolver).runWorker(0xc00e0b2f30)
	/home/mariell/go/pkg/mod/github.com/centrifugal/centrifuge@v0.33.3/internal/dissolve/dissolve.go:52 +0x27
created by github.com/centrifugal/centrifuge/internal/dissolve.(*Dissolver).Run in goroutine 33562
	/home/mariell/go/pkg/mod/github.com/centrifugal/centrifuge@v0.33.3/internal/dissolve/dissolve.go:31 +0x25

goroutine 36053 [sync.Cond.Wait]:
sync.runtime_notifyListWait(0xc01b7ba250, 0x3a)
	/usr/lib/go/src/runtime/sema.go:597 +0x159
sync.(*Cond).Wait(0x3537653138346538?)
	/usr/lib/go/src/sync/cond.go:71 +0x85
github.com/centrifugal/centrifuge/internal/dissolve.(*queueImpl).Wait(0xc01b781730)
	/home/mariell/go/pkg/mod/github.com/centrifugal/centrifuge@v0.33.3/internal/dissolve/queue.go:139 +0x4a
github.com/centrifugal/centrifuge/internal/dissolve.(*Dissolver).runWorker(0xc00e0b2f30)
	/home/mariell/go/pkg/mod/github.com/centrifugal/centrifuge@v0.33.3/internal/dissolve/dissolve.go:52 +0x27
created by github.com/centrifugal/centrifuge/internal/dissolve.(*Dissolver).Run in goroutine 33562
	/home/mariell/go/pkg/mod/github.com/centrifugal/centrifuge@v0.33.3/internal/dissolve/dissolve.go:31 +0x25

goroutine 36054 [sync.Cond.Wait]:
sync.runtime_notifyListWait(0xc01b7ba250, 0x3b)
	/usr/lib/go/src/runtime/sema.go:597 +0x159
sync.(*Cond).Wait(0x7f66560?)
	/usr/lib/go/src/sync/cond.go:71 +0x85
github.com/centrifugal/centrifuge/internal/dissolve.(*queueImpl).Wait(0xc01b781730)
	/home/mariell/go/pkg/mod/github.com/centrifugal/centrifuge@v0.33.3/internal/dissolve/queue.go:139 +0x4a
github.com/centrifugal/centrifuge/internal/dissolve.(*Dissolver).runWorker(0xc00e0b2f30)
	/home/mariell/go/pkg/mod/github.com/centrifugal/centrifuge@v0.33.3/internal/dissolve/dissolve.go:52 +0x27
created by github.com/centrifugal/centrifuge/internal/dissolve.(*Dissolver).Run in goroutine 33562
	/home/mariell/go/pkg/mod/github.com/centrifugal/centrifuge@v0.33.3/internal/dissolve/dissolve.go:31 +0x25

goroutine 36055 [sync.Cond.Wait]:
sync.runtime_notifyListWait(0xc01b7ba250, 0x38)
	/usr/lib/go/src/runtime/sema.go:597 +0x159
sync.(*Cond).Wait(0xaaaaaaaaaa91ff65?)
	/usr/lib/go/src/sync/cond.go:71 +0x85
github.com/centrifugal/centrifuge/internal/dissolve.(*queueImpl).Wait(0xc01b781730)
	/home/mariell/go/pkg/mod/github.com/centrifugal/centrifuge@v0.33.3/internal/dissolve/queue.go:139 +0x4a
github.com/centrifugal/centrifuge/internal/dissolve.(*Dissolver).runWorker(0xc00e0b2f30)
	/home/mariell/go/pkg/mod/github.com/centrifugal/centrifuge@v0.33.3/internal/dissolve/dissolve.go:52 +0x27
created by github.com/centrifugal/centrifuge/internal/dissolve.(*Dissolver).Run in goroutine 33562
	/home/mariell/go/pkg/mod/github.com/centrifugal/centrifuge@v0.33.3/internal/dissolve/dissolve.go:31 +0x25

goroutine 36056 [sync.Cond.Wait]:
sync.runtime_notifyListWait(0xc01b7ba250, 0x3d)
	/usr/lib/go/src/runtime/sema.go:597 +0x159
sync.(*Cond).Wait(0x7f66560?)
	/usr/lib/go/src/sync/cond.go:71 +0x85
github.com/centrifugal/centrifuge/internal/dissolve.(*queueImpl).Wait(0xc01b781730)
	/home/mariell/go/pkg/mod/github.com/centrifugal/centrifuge@v0.33.3/internal/dissolve/queue.go:139 +0x4a
github.com/centrifugal/centrifuge/internal/dissolve.(*Dissolver).runWorker(0xc00e0b2f30)
	/home/mariell/go/pkg/mod/github.com/centrifugal/centrifuge@v0.33.3/internal/dissolve/dissolve.go:52 +0x27
created by github.com/centrifugal/centrifuge/internal/dissolve.(*Dissolver).Run in goroutine 33562
	/home/mariell/go/pkg/mod/github.com/centrifugal/centrifuge@v0.33.3/internal/dissolve/dissolve.go:31 +0x25

goroutine 36057 [sync.Cond.Wait]:
sync.runtime_notifyListWait(0xc01b7ba250, 0x3c)
	/usr/lib/go/src/runtime/sema.go:597 +0x159
sync.(*Cond).Wait(0x0?)
	/usr/lib/go/src/sync/cond.go:71 +0x85
github.com/centrifugal/centrifuge/internal/dissolve.(*queueImpl).Wait(0xc01b781730)
	/home/mariell/go/pkg/mod/github.com/centrifugal/centrifuge@v0.33.3/internal/dissolve/queue.go:139 +0x4a
github.com/centrifugal/centrifuge/internal/dissolve.(*Dissolver).runWorker(0xc00e0b2f30)
	/home/mariell/go/pkg/mod/github.com/centrifugal/centrifuge@v0.33.3/internal/dissolve/dissolve.go:52 +0x27
created by github.com/centrifugal/centrifuge/internal/dissolve.(*Dissolver).Run in goroutine 33562
	/home/mariell/go/pkg/mod/github.com/centrifugal/centrifuge@v0.33.3/internal/dissolve/dissolve.go:31 +0x25

goroutine 36058 [sync.Cond.Wait]:
sync.runtime_notifyListWait(0xc01b7ba250, 0x3e)
	/usr/lib/go/src/runtime/sema.go:597 +0x159
sync.(*Cond).Wait(0x0?)
	/usr/lib/go/src/sync/cond.go:71 +0x85
github.com/centrifugal/centrifuge/internal/dissolve.(*queueImpl).Wait(0xc01b781730)
	/home/mariell/go/pkg/mod/github.com/centrifugal/centrifuge@v0.33.3/internal/dissolve/queue.go:139 +0x4a
github.com/centrifugal/centrifuge/internal/dissolve.(*Dissolver).runWorker(0xc00e0b2f30)
	/home/mariell/go/pkg/mod/github.com/centrifugal/centrifuge@v0.33.3/internal/dissolve/dissolve.go:52 +0x27
created by github.com/centrifugal/centrifuge/internal/dissolve.(*Dissolver).Run in goroutine 33562
	/home/mariell/go/pkg/mod/github.com/centrifugal/centrifuge@v0.33.3/internal/dissolve/dissolve.go:31 +0x25

goroutine 36059 [sync.Cond.Wait]:
sync.runtime_notifyListWait(0xc01b7ba250, 0x3f)
	/usr/lib/go/src/runtime/sema.go:597 +0x159
sync.(*Cond).Wait(0x3931656437613761?)
	/usr/lib/go/src/sync/cond.go:71 +0x85
github.com/centrifugal/centrifuge/internal/dissolve.(*queueImpl).Wait(0xc01b781730)
	/home/mariell/go/pkg/mod/github.com/centrifugal/centrifuge@v0.33.3/internal/dissolve/queue.go:139 +0x4a
github.com/centrifugal/centrifuge/internal/dissolve.(*Dissolver).runWorker(0xc00e0b2f30)
	/home/mariell/go/pkg/mod/github.com/centrifugal/centrifuge@v0.33.3/internal/dissolve/dissolve.go:52 +0x27
created by github.com/centrifugal/centrifuge/internal/dissolve.(*Dissolver).Run in goroutine 33562
	/home/mariell/go/pkg/mod/github.com/centrifugal/centrifuge@v0.33.3/internal/dissolve/dissolve.go:31 +0x25

goroutine 36212 [select]:
github.com/patrickmn/go-cache.(*janitor).Run(0xc0162fdcb0, 0xc01baf0740)
	/home/mariell/go/pkg/mod/github.com/patrickmn/go-cache@v2.1.0+incompatible/cache.go:1079 +0x7b
created by github.com/patrickmn/go-cache.runJanitor in goroutine 33562
	/home/mariell/go/pkg/mod/github.com/patrickmn/go-cache@v2.1.0+incompatible/cache.go:1099 +0xdb

goroutine 45167 [sync.Cond.Wait]:
sync.runtime_notifyListWait(0xc026bf9c10, 0x1c)
	/usr/lib/go/src/runtime/sema.go:597 +0x159
sync.(*Cond).Wait(0xc0212477d0?)
	/usr/lib/go/src/sync/cond.go:71 +0x85
github.com/centrifugal/centrifuge/internal/dissolve.(*queueImpl).Wait(0xc026c14c40)
	/home/mariell/go/pkg/mod/github.com/centrifugal/centrifuge@v0.33.3/internal/dissolve/queue.go:139 +0x4a
github.com/centrifugal/centrifuge/internal/dissolve.(*Dissolver).runWorker(0xc026b0b128)
	/home/mariell/go/pkg/mod/github.com/centrifugal/centrifuge@v0.33.3/internal/dissolve/dissolve.go:52 +0x27
created by github.com/centrifugal/centrifuge/internal/dissolve.(*Dissolver).Run in goroutine 44067
	/home/mariell/go/pkg/mod/github.com/centrifugal/centrifuge@v0.33.3/internal/dissolve/dissolve.go:31 +0x25

goroutine 38904 [chan receive]:
github.com/grafana/grafana/pkg/storage/unified/sql.(*channelNotifier).notify.func1()
	/home/mariell/work/oss/grafana/pkg/storage/unified/sql/notifier.go:87 +0x39
created by github.com/grafana/grafana/pkg/storage/unified/sql.(*channelNotifier).notify in goroutine 37971
	/home/mariell/work/oss/grafana/pkg/storage/unified/sql/notifier.go:86 +0xdb

goroutine 37508 [select]:
github.com/centrifugal/centrifuge.(*MemoryBroker).expireResultCache(0xc018226780)
	/home/mariell/go/pkg/mod/github.com/centrifugal/centrifuge@v0.33.3/broker_memory.go:160 +0x68
created by github.com/centrifugal/centrifuge.(*MemoryBroker).Run in goroutine 36374
	/home/mariell/go/pkg/mod/github.com/centrifugal/centrifuge@v0.33.3/broker_memory.go:73 +0x7f

goroutine 37586 [sync.Cond.Wait]:
sync.runtime_notifyListWait(0xc01affc250, 0x3e)
	/usr/lib/go/src/runtime/sema.go:597 +0x159
sync.(*Cond).Wait(0x0?)
	/usr/lib/go/src/sync/cond.go:71 +0x85
github.com/centrifugal/centrifuge/internal/dissolve.(*queueImpl).Wait(0xc01821cd90)
	/home/mariell/go/pkg/mod/github.com/centrifugal/centrifuge@v0.33.3/internal/dissolve/queue.go:139 +0x4a
github.com/centrifugal/centrifuge/internal/dissolve.(*Dissolver).runWorker(0xc0024fff08)
	/home/mariell/go/pkg/mod/github.com/centrifugal/centrifuge@v0.33.3/internal/dissolve/dissolve.go:52 +0x27
created by github.com/centrifugal/centrifuge/internal/dissolve.(*Dissolver).Run in goroutine 36374
	/home/mariell/go/pkg/mod/github.com/centrifugal/centrifuge@v0.33.3/internal/dissolve/dissolve.go:31 +0x25

goroutine 42060 [sync.Cond.Wait]:
sync.runtime_notifyListWait(0xc01bc03e10, 0x20)
	/usr/lib/go/src/runtime/sema.go:597 +0x159
sync.(*Cond).Wait(0xc01b44c7d0?)
	/usr/lib/go/src/sync/cond.go:71 +0x85
github.com/centrifugal/centrifuge/internal/dissolve.(*queueImpl).Wait(0xc01e10aa10)
	/home/mariell/go/pkg/mod/github.com/centrifugal/centrifuge@v0.33.3/internal/dissolve/queue.go:139 +0x4a
github.com/centrifugal/centrifuge/internal/dissolve.(*Dissolver).runWorker(0xc0122187e0)
	/home/mariell/go/pkg/mod/github.com/centrifugal/centrifuge@v0.33.3/internal/dissolve/dissolve.go:52 +0x27
created by github.com/centrifugal/centrifuge/internal/dissolve.(*Dissolver).Run in goroutine 40816
	/home/mariell/go/pkg/mod/github.com/centrifugal/centrifuge@v0.33.3/internal/dissolve/dissolve.go:31 +0x25

goroutine 39037 [sync.Cond.Wait]:
sync.runtime_notifyListWait(0xc01fe50bd0, 0x1b)
	/usr/lib/go/src/runtime/sema.go:597 +0x159
sync.(*Cond).Wait(0xc0071b45b0?)
	/usr/lib/go/src/sync/cond.go:71 +0x85
github.com/centrifugal/centrifuge/internal/dissolve.(*queueImpl).Wait(0xc00bf5ccb0)
	/home/mariell/go/pkg/mod/github.com/centrifugal/centrifuge@v0.33.3/internal/dissolve/queue.go:139 +0x4a
github.com/centrifugal/centrifuge/internal/dissolve.(*Dissolver).runWorker(0xc017ecc900)
	/home/mariell/go/pkg/mod/github.com/centrifugal/centrifuge@v0.33.3/internal/dissolve/dissolve.go:52 +0x27
created by github.com/centrifugal/centrifuge/internal/dissolve.(*Dissolver).Run in goroutine 37971
	/home/mariell/go/pkg/mod/github.com/centrifugal/centrifuge@v0.33.3/internal/dissolve/dissolve.go:31 +0x25

goroutine 35633 [select]:
github.com/centrifugal/centrifuge.(*Node).sendNodePing(0xc00f5638c8)
	/home/mariell/go/pkg/mod/github.com/centrifugal/centrifuge@v0.33.3/node.go:380 +0x85
created by github.com/centrifugal/centrifuge.(*Node).Run in goroutine 36374
	/home/mariell/go/pkg/mod/github.com/centrifugal/centrifuge@v0.33.3/node.go:260 +0x225

goroutine 37541 [sync.Cond.Wait]:
sync.runtime_notifyListWait(0xc01affc250, 0x12)
	/usr/lib/go/src/runtime/sema.go:597 +0x159
sync.(*Cond).Wait(0x0?)
	/usr/lib/go/src/sync/cond.go:71 +0x85
github.com/centrifugal/centrifuge/internal/dissolve.(*queueImpl).Wait(0xc01821cd90)
	/home/mariell/go/pkg/mod/github.com/centrifugal/centrifuge@v0.33.3/internal/dissolve/queue.go:139 +0x4a
github.com/centrifugal/centrifuge/internal/dissolve.(*Dissolver).runWorker(0xc0024fff08)
	/home/mariell/go/pkg/mod/github.com/centrifugal/centrifuge@v0.33.3/internal/dissolve/dissolve.go:52 +0x27
created by github.com/centrifugal/centrifuge/internal/dissolve.(*Dissolver).Run in goroutine 36374
	/home/mariell/go/pkg/mod/github.com/centrifugal/centrifuge@v0.33.3/internal/dissolve/dissolve.go:31 +0x25

goroutine 37587 [sync.Cond.Wait]:
sync.runtime_notifyListWait(0xc01affc250, 0x3f)
	/usr/lib/go/src/runtime/sema.go:597 +0x159
sync.(*Cond).Wait(0xc01fd8ffd0?)
	/usr/lib/go/src/sync/cond.go:71 +0x85
github.com/centrifugal/centrifuge/internal/dissolve.(*queueImpl).Wait(0xc01821cd90)
	/home/mariell/go/pkg/mod/github.com/centrifugal/centrifuge@v0.33.3/internal/dissolve/queue.go:139 +0x4a
github.com/centrifugal/centrifuge/internal/dissolve.(*Dissolver).runWorker(0xc0024fff08)
	/home/mariell/go/pkg/mod/github.com/centrifugal/centrifuge@v0.33.3/internal/dissolve/dissolve.go:52 +0x27
created by github.com/centrifugal/centrifuge/internal/dissolve.(*Dissolver).Run in goroutine 36374
	/home/mariell/go/pkg/mod/github.com/centrifugal/centrifuge@v0.33.3/internal/dissolve/dissolve.go:31 +0x25

goroutine 54366 [sync.Cond.Wait]:
sync.runtime_notifyListWait(0xc02667f850, 0x20)
	/usr/lib/go/src/runtime/sema.go:597 +0x159
sync.(*Cond).Wait(0x100000000000000?)
	/usr/lib/go/src/sync/cond.go:71 +0x85
github.com/centrifugal/centrifuge/internal/dissolve.(*queueImpl).Wait(0xc029e6aa10)
	/home/mariell/go/pkg/mod/github.com/centrifugal/centrifuge@v0.33.3/internal/dissolve/queue.go:139 +0x4a
github.com/centrifugal/centrifuge/internal/dissolve.(*Dissolver).runWorker(0xc015fed548)
	/home/mariell/go/pkg/mod/github.com/centrifugal/centrifuge@v0.33.3/internal/dissolve/dissolve.go:52 +0x27
created by github.com/centrifugal/centrifuge/internal/dissolve.(*Dissolver).Run in goroutine 53243
	/home/mariell/go/pkg/mod/github.com/centrifugal/centrifuge@v0.33.3/internal/dissolve/dissolve.go:31 +0x25

goroutine 37581 [sync.Cond.Wait]:
sync.runtime_notifyListWait(0xc01affc250, 0x3a)
	/usr/lib/go/src/runtime/sema.go:597 +0x159
sync.(*Cond).Wait(0x0?)
	/usr/lib/go/src/sync/cond.go:71 +0x85
github.com/centrifugal/centrifuge/internal/dissolve.(*queueImpl).Wait(0xc01821cd90)
	/home/mariell/go/pkg/mod/github.com/centrifugal/centrifuge@v0.33.3/internal/dissolve/queue.go:139 +0x4a
github.com/centrifugal/centrifuge/internal/dissolve.(*Dissolver).runWorker(0xc0024fff08)
	/home/mariell/go/pkg/mod/github.com/centrifugal/centrifuge@v0.33.3/internal/dissolve/dissolve.go:52 +0x27
created by github.com/centrifugal/centrifuge/internal/dissolve.(*Dissolver).Run in goroutine 36374
	/home/mariell/go/pkg/mod/github.com/centrifugal/centrifuge@v0.33.3/internal/dissolve/dissolve.go:31 +0x25

goroutine 37907 [IO wait]:
internal/poll.runtime_pollWait(0x7775593739f8, 0x72)
	/usr/lib/go/src/runtime/netpoll.go:351 +0x85
internal/poll.(*pollDesc).wait(0xc01898b280?, 0xc018c00000?, 0x0)
	/usr/lib/go/src/internal/poll/fd_poll_runtime.go:84 +0x27
internal/poll.(*pollDesc).waitRead(...)
	/usr/lib/go/src/internal/poll/fd_poll_runtime.go:89
internal/poll.(*FD).Read(0xc01898b280, {0xc018c00000, 0xa000, 0xa000})
	/usr/lib/go/src/internal/poll/fd_unix.go:165 +0x27a
net.(*netFD).Read(0xc01898b280, {0xc018c00000?, 0xc018c00000?, 0x5?})
	/usr/lib/go/src/net/fd_posix.go:55 +0x25
net.(*conn).Read(0xc0021d2500, {0xc018c00000?, 0x777558f180c8?, 0x7775a8b2a210?})
	/usr/lib/go/src/net/net.go:194 +0x45
crypto/tls.(*atLeastReader).Read(0xc0188be420, {0xc018c00000?, 0x9ffb?, 0xc00d23c998?})
	/usr/lib/go/src/crypto/tls/conn.go:809 +0x3b
bytes.(*Buffer).ReadFrom(0xc01878e9b8, {0xa94e300, 0xc0188be420})
	/usr/lib/go/src/bytes/buffer.go:211 +0x98
crypto/tls.(*Conn).readFromUntil(0xc01878e708, {0xa94dc00, 0xc0021d2500}, 0x444af4?)
	/usr/lib/go/src/crypto/tls/conn.go:831 +0xde
crypto/tls.(*Conn).readRecordOrCCS(0xc01878e708, 0x0)
	/usr/lib/go/src/crypto/tls/conn.go:629 +0x3cf
crypto/tls.(*Conn).readRecord(...)
	/usr/lib/go/src/crypto/tls/conn.go:591
crypto/tls.(*Conn).Read(0xc01878e708, {0xc018564000, 0x1000, 0xc01d4fa1e0?})
	/usr/lib/go/src/crypto/tls/conn.go:1385 +0x145
net/http.(*persistConn).Read(0xc010cc10e0, {0xc018564000?, 0x81fe45?, 0xa94be80?})
	/usr/lib/go/src/net/http/transport.go:2122 +0x47
bufio.(*Reader).fill(0xc01bdf5ce0)
	/usr/lib/go/src/bufio/bufio.go:113 +0x103
bufio.(*Reader).Peek(0xc01bdf5ce0, 0x1)
	/usr/lib/go/src/bufio/bufio.go:152 +0x53
net/http.(*persistConn).readLoop(0xc010cc10e0)
	/usr/lib/go/src/net/http/transport.go:2275 +0x172
created by net/http.(*Transport).dialConn in goroutine 36399
	/usr/lib/go/src/net/http/transport.go:1944 +0x174f

goroutine 37533 [sync.Cond.Wait]:
sync.runtime_notifyListWait(0xc01affc250, 0xa)
	/usr/lib/go/src/runtime/sema.go:597 +0x159
sync.(*Cond).Wait(0x0?)
	/usr/lib/go/src/sync/cond.go:71 +0x85
github.com/centrifugal/centrifuge/internal/dissolve.(*queueImpl).Wait(0xc01821cd90)
	/home/mariell/go/pkg/mod/github.com/centrifugal/centrifuge@v0.33.3/internal/dissolve/queue.go:139 +0x4a
github.com/centrifugal/centrifuge/internal/dissolve.(*Dissolver).runWorker(0xc0024fff08)
	/home/mariell/go/pkg/mod/github.com/centrifugal/centrifuge@v0.33.3/internal/dissolve/dissolve.go:52 +0x27
created by github.com/centrifugal/centrifuge/internal/dissolve.(*Dissolver).Run in goroutine 36374
	/home/mariell/go/pkg/mod/github.com/centrifugal/centrifuge@v0.33.3/internal/dissolve/dissolve.go:31 +0x25

goroutine 37539 [sync.Cond.Wait]:
sync.runtime_notifyListWait(0xc01affc250, 0x10)
	/usr/lib/go/src/runtime/sema.go:597 +0x159
sync.(*Cond).Wait(0x0?)
	/usr/lib/go/src/sync/cond.go:71 +0x85
github.com/centrifugal/centrifuge/internal/dissolve.(*queueImpl).Wait(0xc01821cd90)
	/home/mariell/go/pkg/mod/github.com/centrifugal/centrifuge@v0.33.3/internal/dissolve/queue.go:139 +0x4a
github.com/centrifugal/centrifuge/internal/dissolve.(*Dissolver).runWorker(0xc0024fff08)
	/home/mariell/go/pkg/mod/github.com/centrifugal/centrifuge@v0.33.3/internal/dissolve/dissolve.go:52 +0x27
created by github.com/centrifugal/centrifuge/internal/dissolve.(*Dissolver).Run in goroutine 36374
	/home/mariell/go/pkg/mod/github.com/centrifugal/centrifuge@v0.33.3/internal/dissolve/dissolve.go:31 +0x25

goroutine 37510 [select]:
github.com/centrifugal/centrifuge.(*historyHub).removeStreams(0xc018226700)
	/home/mariell/go/pkg/mod/github.com/centrifugal/centrifuge@v0.33.3/broker_memory.go:259 +0x6f
created by github.com/centrifugal/centrifuge.(*historyHub).runCleanups in goroutine 36374
	/home/mariell/go/pkg/mod/github.com/centrifugal/centrifuge@v0.33.3/broker_memory.go:253 +0x96

goroutine 37580 [sync.Cond.Wait]:
sync.runtime_notifyListWait(0xc01affc250, 0x39)
	/usr/lib/go/src/runtime/sema.go:597 +0x159
sync.(*Cond).Wait(0x0?)
	/usr/lib/go/src/sync/cond.go:71 +0x85
github.com/centrifugal/centrifuge/internal/dissolve.(*queueImpl).Wait(0xc01821cd90)
	/home/mariell/go/pkg/mod/github.com/centrifugal/centrifuge@v0.33.3/internal/dissolve/queue.go:139 +0x4a
github.com/centrifugal/centrifuge/internal/dissolve.(*Dissolver).runWorker(0xc0024fff08)
	/home/mariell/go/pkg/mod/github.com/centrifugal/centrifuge@v0.33.3/internal/dissolve/dissolve.go:52 +0x27
created by github.com/centrifugal/centrifuge/internal/dissolve.(*Dissolver).Run in goroutine 36374
	/home/mariell/go/pkg/mod/github.com/centrifugal/centrifuge@v0.33.3/internal/dissolve/dissolve.go:31 +0x25

goroutine 77079 [sync.Cond.Wait]:
sync.runtime_notifyListWait(0xc045ae3d50, 0x11)
	/usr/lib/go/src/runtime/sema.go:597 +0x159
sync.(*Cond).Wait(0x0?)
	/usr/lib/go/src/sync/cond.go:71 +0x85
github.com/centrifugal/centrifuge/internal/dissolve.(*queueImpl).Wait(0xc045afb420)
	/home/mariell/go/pkg/mod/github.com/centrifugal/centrifuge@v0.33.3/internal/dissolve/queue.go:139 +0x4a
github.com/centrifugal/centrifuge/internal/dissolve.(*Dissolver).runWorker(0xc034b3a078)
	/home/mariell/go/pkg/mod/github.com/centrifugal/centrifuge@v0.33.3/internal/dissolve/dissolve.go:52 +0x27
created by github.com/centrifugal/centrifuge/internal/dissolve.(*Dissolver).Run in goroutine 4437
	/home/mariell/go/pkg/mod/github.com/centrifugal/centrifuge@v0.33.3/internal/dissolve/dissolve.go:31 +0x25

goroutine 37583 [sync.Cond.Wait]:
sync.runtime_notifyListWait(0xc01affc250, 0x38)
	/usr/lib/go/src/runtime/sema.go:597 +0x159
sync.(*Cond).Wait(0x0?)
	/usr/lib/go/src/sync/cond.go:71 +0x85
github.com/centrifugal/centrifuge/internal/dissolve.(*queueImpl).Wait(0xc01821cd90)
	/home/mariell/go/pkg/mod/github.com/centrifugal/centrifuge@v0.33.3/internal/dissolve/queue.go:139 +0x4a
github.com/centrifugal/centrifuge/internal/dissolve.(*Dissolver).runWorker(0xc0024fff08)
	/home/mariell/go/pkg/mod/github.com/centrifugal/centrifuge@v0.33.3/internal/dissolve/dissolve.go:52 +0x27
created by github.com/centrifugal/centrifuge/internal/dissolve.(*Dissolver).Run in goroutine 36374
	/home/mariell/go/pkg/mod/github.com/centrifugal/centrifuge@v0.33.3/internal/dissolve/dissolve.go:31 +0x25

goroutine 42065 [sync.Cond.Wait]:
sync.runtime_notifyListWait(0xc01bc03e10, 0x29)
	/usr/lib/go/src/runtime/sema.go:597 +0x159
sync.(*Cond).Wait(0xc010617fd0?)
	/usr/lib/go/src/sync/cond.go:71 +0x85
github.com/centrifugal/centrifuge/internal/dissolve.(*queueImpl).Wait(0xc01e10aa10)
	/home/mariell/go/pkg/mod/github.com/centrifugal/centrifuge@v0.33.3/internal/dissolve/queue.go:139 +0x4a
github.com/centrifugal/centrifuge/internal/dissolve.(*Dissolver).runWorker(0xc0122187e0)
	/home/mariell/go/pkg/mod/github.com/centrifugal/centrifuge@v0.33.3/internal/dissolve/dissolve.go:52 +0x27
created by github.com/centrifugal/centrifuge/internal/dissolve.(*Dissolver).Run in goroutine 40816
	/home/mariell/go/pkg/mod/github.com/centrifugal/centrifuge@v0.33.3/internal/dissolve/dissolve.go:31 +0x25

goroutine 37413 [select]:
github.com/grafana/grafana/pkg/storage/unified/resource.(*broadcaster[...]).stream(0xab113a0, 0xc017e4a7e0)
	/home/mariell/work/oss/grafana/pkg/storage/unified/resource/broadcaster.go:205 +0x13d
created by github.com/grafana/grafana/pkg/storage/unified/resource.(*broadcaster[...]).init in goroutine 36374
	/home/mariell/work/oss/grafana/pkg/storage/unified/resource/broadcaster.go:177 +0x219

goroutine 46731 [sync.Cond.Wait]:
sync.runtime_notifyListWait(0xc016303990, 0x30)
	/usr/lib/go/src/runtime/sema.go:597 +0x159
sync.(*Cond).Wait(0x0?)
	/usr/lib/go/src/sync/cond.go:71 +0x85
github.com/centrifugal/centrifuge/internal/dissolve.(*queueImpl).Wait(0xc020154850)
	/home/mariell/go/pkg/mod/github.com/centrifugal/centrifuge@v0.33.3/internal/dissolve/queue.go:139 +0x4a
github.com/centrifugal/centrifuge/internal/dissolve.(*Dissolver).runWorker(0xc00b4e8b40)
	/home/mariell/go/pkg/mod/github.com/centrifugal/centrifuge@v0.33.3/internal/dissolve/dissolve.go:52 +0x27
created by github.com/centrifugal/centrifuge/internal/dissolve.(*Dissolver).Run in goroutine 45402
	/home/mariell/go/pkg/mod/github.com/centrifugal/centrifuge@v0.33.3/internal/dissolve/dissolve.go:31 +0x25

goroutine 37524 [sync.Cond.Wait]:
sync.runtime_notifyListWait(0xc01affc250, 0x1)
	/usr/lib/go/src/runtime/sema.go:597 +0x159
sync.(*Cond).Wait(0xc01a856fd0?)
	/usr/lib/go/src/sync/cond.go:71 +0x85
github.com/centrifugal/centrifuge/internal/dissolve.(*queueImpl).Wait(0xc01821cd90)
	/home/mariell/go/pkg/mod/github.com/centrifugal/centrifuge@v0.33.3/internal/dissolve/queue.go:139 +0x4a
github.com/centrifugal/centrifuge/internal/dissolve.(*Dissolver).runWorker(0xc0024fff08)
	/home/mariell/go/pkg/mod/github.com/centrifugal/centrifuge@v0.33.3/internal/dissolve/dissolve.go:52 +0x27
created by github.com/centrifugal/centrifuge/internal/dissolve.(*Dissolver).Run in goroutine 36374
	/home/mariell/go/pkg/mod/github.com/centrifugal/centrifuge@v0.33.3/internal/dissolve/dissolve.go:31 +0x25

goroutine 45273 [select]:
github.com/patrickmn/go-cache.(*janitor).Run(0xc0169556e0, 0xc016966940)
	/home/mariell/go/pkg/mod/github.com/patrickmn/go-cache@v2.1.0+incompatible/cache.go:1079 +0x7b
created by github.com/patrickmn/go-cache.runJanitor in goroutine 44067
	/home/mariell/go/pkg/mod/github.com/patrickmn/go-cache@v2.1.0+incompatible/cache.go:1099 +0xdb

goroutine 42064 [sync.Cond.Wait]:
sync.runtime_notifyListWait(0xc01bc03e10, 0x28)
	/usr/lib/go/src/runtime/sema.go:597 +0x159
sync.(*Cond).Wait(0xc01a8567d0?)
	/usr/lib/go/src/sync/cond.go:71 +0x85
github.com/centrifugal/centrifuge/internal/dissolve.(*queueImpl).Wait(0xc01e10aa10)
	/home/mariell/go/pkg/mod/github.com/centrifugal/centrifuge@v0.33.3/internal/dissolve/queue.go:139 +0x4a
github.com/centrifugal/centrifuge/internal/dissolve.(*Dissolver).runWorker(0xc0122187e0)
	/home/mariell/go/pkg/mod/github.com/centrifugal/centrifuge@v0.33.3/internal/dissolve/dissolve.go:52 +0x27
created by github.com/centrifugal/centrifuge/internal/dissolve.(*Dissolver).Run in goroutine 40816
	/home/mariell/go/pkg/mod/github.com/centrifugal/centrifuge@v0.33.3/internal/dissolve/dissolve.go:31 +0x25

goroutine 37576 [sync.Cond.Wait]:
sync.runtime_notifyListWait(0xc01affc250, 0x35)
	/usr/lib/go/src/runtime/sema.go:597 +0x159
sync.(*Cond).Wait(0x0?)
	/usr/lib/go/src/sync/cond.go:71 +0x85
github.com/centrifugal/centrifuge/internal/dissolve.(*queueImpl).Wait(0xc01821cd90)
	/home/mariell/go/pkg/mod/github.com/centrifugal/centrifuge@v0.33.3/internal/dissolve/queue.go:139 +0x4a
github.com/centrifugal/centrifuge/internal/dissolve.(*Dissolver).runWorker(0xc0024fff08)
	/home/mariell/go/pkg/mod/github.com/centrifugal/centrifuge@v0.33.3/internal/dissolve/dissolve.go:52 +0x27
created by github.com/centrifugal/centrifuge/internal/dissolve.(*Dissolver).Run in goroutine 36374
	/home/mariell/go/pkg/mod/github.com/centrifugal/centrifuge@v0.33.3/internal/dissolve/dissolve.go:31 +0x25

goroutine 73875 [select]:
github.com/patrickmn/go-cache.(*janitor).Run(0xc042163530, 0xc01c346f80)
	/home/mariell/go/pkg/mod/github.com/patrickmn/go-cache@v2.1.0+incompatible/cache.go:1079 +0x7b
created by github.com/patrickmn/go-cache.runJanitor in goroutine 56142
	/home/mariell/go/pkg/mod/github.com/patrickmn/go-cache@v2.1.0+incompatible/cache.go:1099 +0xdb

goroutine 37897 [IO wait]:
internal/poll.runtime_pollWait(0x777559373c28, 0x72)
	/usr/lib/go/src/runtime/netpoll.go:351 +0x85
internal/poll.(*pollDesc).wait(0xc018504800?, 0xc013368c00?, 0x0)
	/usr/lib/go/src/internal/poll/fd_poll_runtime.go:84 +0x27
internal/poll.(*pollDesc).waitRead(...)
	/usr/lib/go/src/internal/poll/fd_poll_runtime.go:89
internal/poll.(*FD).Read(0xc018504800, {0xc013368c00, 0x1300, 0x1300})
	/usr/lib/go/src/internal/poll/fd_unix.go:165 +0x27a
net.(*netFD).Read(0xc018504800, {0xc013368c00?, 0xc000e10008?, 0xc01b7c2120?})
	/usr/lib/go/src/net/fd_posix.go:55 +0x25
net.(*conn).Read(0xc0080ce7c8, {0xc013368c00?, 0x77755938af80?, 0x7775a8b28f30?})
	/usr/lib/go/src/net/net.go:194 +0x45
crypto/tls.(*atLeastReader).Read(0xc008ca5b60, {0xc013368c00?, 0x2a?, 0x5?})
	/usr/lib/go/src/crypto/tls/conn.go:809 +0x3b
bytes.(*Buffer).ReadFrom(0xc01850d0b8, {0xa94e300, 0xc008ca5b60})
	/usr/lib/go/src/bytes/buffer.go:211 +0x98
crypto/tls.(*Conn).readFromUntil(0xc01850ce08, {0xa94dc00, 0xc0080ce7c8}, 0x444af4?)
	/usr/lib/go/src/crypto/tls/conn.go:831 +0xde
crypto/tls.(*Conn).readRecordOrCCS(0xc01850ce08, 0x0)
	/usr/lib/go/src/crypto/tls/conn.go:629 +0x3cf
crypto/tls.(*Conn).readRecord(...)
	/usr/lib/go/src/crypto/tls/conn.go:591
crypto/tls.(*Conn).Read(0xc01850ce08, {0xc01853b000, 0x1000, 0x7775a8b28f30?})
	/usr/lib/go/src/crypto/tls/conn.go:1385 +0x145
net/http.(*persistConn).Read(0xc00a4c0120, {0xc01853b000?, 0x4141c5?, 0x68?})
	/usr/lib/go/src/net/http/transport.go:2122 +0x47
bufio.(*Reader).fill(0xc01bdf44e0)
	/usr/lib/go/src/bufio/bufio.go:113 +0x103
bufio.(*Reader).Peek(0xc01bdf44e0, 0x1)
	/usr/lib/go/src/bufio/bufio.go:152 +0x53
net/http.(*persistConn).readLoop(0xc00a4c0120)
	/usr/lib/go/src/net/http/transport.go:2275 +0x172
created by net/http.(*Transport).dialConn in goroutine 37783
	/usr/lib/go/src/net/http/transport.go:1944 +0x174f

goroutine 40536 [sync.Cond.Wait]:
sync.runtime_notifyListWait(0xc0228a0b10, 0x29)
	/usr/lib/go/src/runtime/sema.go:597 +0x159
sync.(*Cond).Wait(0x0?)
	/usr/lib/go/src/sync/cond.go:71 +0x85
github.com/centrifugal/centrifuge/internal/dissolve.(*queueImpl).Wait(0xc0228cc690)
	/home/mariell/go/pkg/mod/github.com/centrifugal/centrifuge@v0.33.3/internal/dissolve/queue.go:139 +0x4a
github.com/centrifugal/centrifuge/internal/dissolve.(*Dissolver).runWorker(0xc015fedd58)
	/home/mariell/go/pkg/mod/github.com/centrifugal/centrifuge@v0.33.3/internal/dissolve/dissolve.go:52 +0x27
created by github.com/centrifugal/centrifuge/internal/dissolve.(*Dissolver).Run in goroutine 36287
	/home/mariell/go/pkg/mod/github.com/centrifugal/centrifuge@v0.33.3/internal/dissolve/dissolve.go:31 +0x25

goroutine 40587 [sync.Cond.Wait]:
sync.runtime_notifyListWait(0xc0228a0b10, 0x36)
	/usr/lib/go/src/runtime/sema.go:597 +0x159
sync.(*Cond).Wait(0x0?)
	/usr/lib/go/src/sync/cond.go:71 +0x85
github.com/centrifugal/centrifuge/internal/dissolve.(*queueImpl).Wait(0xc0228cc690)
	/home/mariell/go/pkg/mod/github.com/centrifugal/centrifuge@v0.33.3/internal/dissolve/queue.go:139 +0x4a
github.com/centrifugal/centrifuge/internal/dissolve.(*Dissolver).runWorker(0xc015fedd58)
	/home/mariell/go/pkg/mod/github.com/centrifugal/centrifuge@v0.33.3/internal/dissolve/dissolve.go:52 +0x27
created by github.com/centrifugal/centrifuge/internal/dissolve.(*Dissolver).Run in goroutine 36287
	/home/mariell/go/pkg/mod/github.com/centrifugal/centrifuge@v0.33.3/internal/dissolve/dissolve.go:31 +0x25

goroutine 40584 [sync.Cond.Wait]:
sync.runtime_notifyListWait(0xc0228a0b10, 0x2a)
	/usr/lib/go/src/runtime/sema.go:597 +0x159
sync.(*Cond).Wait(0x0?)
	/usr/lib/go/src/sync/cond.go:71 +0x85
github.com/centrifugal/centrifuge/internal/dissolve.(*queueImpl).Wait(0xc0228cc690)
	/home/mariell/go/pkg/mod/github.com/centrifugal/centrifuge@v0.33.3/internal/dissolve/queue.go:139 +0x4a
github.com/centrifugal/centrifuge/internal/dissolve.(*Dissolver).runWorker(0xc015fedd58)
	/home/mariell/go/pkg/mod/github.com/centrifugal/centrifuge@v0.33.3/internal/dissolve/dissolve.go:52 +0x27
created by github.com/centrifugal/centrifuge/internal/dissolve.(*Dissolver).Run in goroutine 36287
	/home/mariell/go/pkg/mod/github.com/centrifugal/centrifuge@v0.33.3/internal/dissolve/dissolve.go:31 +0x25

goroutine 37644 [select]:
github.com/patrickmn/go-cache.(*janitor).Run(0xc015abc240, 0xc01b5fb5c0)
	/home/mariell/go/pkg/mod/github.com/patrickmn/go-cache@v2.1.0+incompatible/cache.go:1079 +0x7b
created by github.com/patrickmn/go-cache.runJanitor in goroutine 36374
	/home/mariell/go/pkg/mod/github.com/patrickmn/go-cache@v2.1.0+incompatible/cache.go:1099 +0xdb

goroutine 37650 [select]:
github.com/patrickmn/go-cache.(*janitor).Run(0xc015c3fb30, 0xc01b9ca880)
	/home/mariell/go/pkg/mod/github.com/patrickmn/go-cache@v2.1.0+incompatible/cache.go:1079 +0x7b
created by github.com/patrickmn/go-cache.runJanitor in goroutine 36374
	/home/mariell/go/pkg/mod/github.com/patrickmn/go-cache@v2.1.0+incompatible/cache.go:1099 +0xdb

goroutine 37651 [select]:
github.com/patrickmn/go-cache.(*janitor).Run(0xc015c3fd60, 0xc01b9ca940)
	/home/mariell/go/pkg/mod/github.com/patrickmn/go-cache@v2.1.0+incompatible/cache.go:1079 +0x7b
created by github.com/patrickmn/go-cache.runJanitor in goroutine 36374
	/home/mariell/go/pkg/mod/github.com/patrickmn/go-cache@v2.1.0+incompatible/cache.go:1099 +0xdb

goroutine 37652 [select]:
github.com/patrickmn/go-cache.(*janitor).Run(0xc015c3fd70, 0xc01b9ca980)
	/home/mariell/go/pkg/mod/github.com/patrickmn/go-cache@v2.1.0+incompatible/cache.go:1079 +0x7b
created by github.com/patrickmn/go-cache.runJanitor in goroutine 36374
	/home/mariell/go/pkg/mod/github.com/patrickmn/go-cache@v2.1.0+incompatible/cache.go:1099 +0xdb

goroutine 37730 [select]:
github.com/patrickmn/go-cache.(*janitor).Run(0xc015c6fc20, 0xc01bab4180)
	/home/mariell/go/pkg/mod/github.com/patrickmn/go-cache@v2.1.0+incompatible/cache.go:1079 +0x7b
created by github.com/patrickmn/go-cache.runJanitor in goroutine 36374
	/home/mariell/go/pkg/mod/github.com/patrickmn/go-cache@v2.1.0+incompatible/cache.go:1099 +0xdb

goroutine 37732 [select]:
github.com/patrickmn/go-cache.(*janitor).Run(0xc015d84db0, 0xc01bab4980)
	/home/mariell/go/pkg/mod/github.com/patrickmn/go-cache@v2.1.0+incompatible/cache.go:1079 +0x7b
created by github.com/patrickmn/go-cache.runJanitor in goroutine 36374
	/home/mariell/go/pkg/mod/github.com/patrickmn/go-cache@v2.1.0+incompatible/cache.go:1099 +0xdb

goroutine 37972 [select]:
database/sql.(*DB).connectionOpener(0xc01daea1a0, {0xa9d1d00, 0xc01a49cb40})
	/usr/lib/go/src/database/sql/sql.go:1261 +0x87
created by database/sql.OpenDB in goroutine 37971
	/usr/lib/go/src/database/sql/sql.go:841 +0x130

goroutine 45170 [sync.Cond.Wait]:
sync.runtime_notifyListWait(0xc026bf9c10, 0x1f)
	/usr/lib/go/src/runtime/sema.go:597 +0x159
sync.(*Cond).Wait(0x0?)
	/usr/lib/go/src/sync/cond.go:71 +0x85
github.com/centrifugal/centrifuge/internal/dissolve.(*queueImpl).Wait(0xc026c14c40)
	/home/mariell/go/pkg/mod/github.com/centrifugal/centrifuge@v0.33.3/internal/dissolve/queue.go:139 +0x4a
github.com/centrifugal/centrifuge/internal/dissolve.(*Dissolver).runWorker(0xc026b0b128)
	/home/mariell/go/pkg/mod/github.com/centrifugal/centrifuge@v0.33.3/internal/dissolve/dissolve.go:52 +0x27
created by github.com/centrifugal/centrifuge/internal/dissolve.(*Dissolver).Run in goroutine 44067
	/home/mariell/go/pkg/mod/github.com/centrifugal/centrifuge@v0.33.3/internal/dissolve/dissolve.go:31 +0x25

goroutine 43889 [select]:
net/http.(*persistConn).writeLoop(0xc0255db200)
	/usr/lib/go/src/net/http/transport.go:2590 +0xe7
created by net/http.(*Transport).dialConn in goroutine 42346
	/usr/lib/go/src/net/http/transport.go:1945 +0x17a5

goroutine 42483 [select]:
net/http.(*persistConn).writeLoop(0xc0109b6240)
	/usr/lib/go/src/net/http/transport.go:2590 +0xe7
created by net/http.(*Transport).dialConn in goroutine 39312
	/usr/lib/go/src/net/http/transport.go:1945 +0x17a5

goroutine 39420 [select]:
net/http.(*persistConn).writeLoop(0xc004040fc0)
	/usr/lib/go/src/net/http/transport.go:2590 +0xe7
created by net/http.(*Transport).dialConn in goroutine 36281
	/usr/lib/go/src/net/http/transport.go:1945 +0x17a5

goroutine 39002 [select]:
github.com/centrifugal/centrifuge.(*MemoryBroker).expireResultCache(0xc01b5b0300)
	/home/mariell/go/pkg/mod/github.com/centrifugal/centrifuge@v0.33.3/broker_memory.go:160 +0x68
created by github.com/centrifugal/centrifuge.(*MemoryBroker).Run in goroutine 37971
	/home/mariell/go/pkg/mod/github.com/centrifugal/centrifuge@v0.33.3/broker_memory.go:73 +0x7f

goroutine 39432 [select]:
k8s.io/apimachinery/pkg/util/wait.BackoffUntil(0xc012d3ac00, {0xa95ac00, 0xc012fea210}, 0x1, 0xc01444d490)
	/home/mariell/go/pkg/mod/k8s.io/apimachinery@v0.32.1/pkg/util/wait/backoff.go:238 +0x12c
k8s.io/apimachinery/pkg/util/wait.JitterUntil(0xc012d3ac00, 0x3b9aca00, 0x3ff3333333333333, 0x1, 0xc01444d490)
	/home/mariell/go/pkg/mod/k8s.io/apimachinery@v0.32.1/pkg/util/wait/backoff.go:204 +0x7f
created by k8s.io/apiserver/pkg/registry/generic/registry.(*Store).startObservingCount in goroutine 37964
	/home/mariell/go/pkg/mod/k8s.io/apiserver@v0.32.1/pkg/registry/generic/registry/store.go:1666 +0x2f9

goroutine 44057 [chan receive (nil chan)]:
k8s.io/apiserver/pkg/server.preparedGenericAPIServer.RunWithContext.func5()
	/home/mariell/go/pkg/mod/k8s.io/apiserver@v0.32.1/pkg/server/genericapiserver.go:598 +0x37
created by k8s.io/apiserver/pkg/server.preparedGenericAPIServer.RunWithContext in goroutine 44050
	/home/mariell/go/pkg/mod/k8s.io/apiserver@v0.32.1/pkg/server/genericapiserver.go:597 +0x60b

goroutine 37791 [select]:
github.com/patrickmn/go-cache.(*janitor).Run(0xc0145c7c20, 0xc01c0db500)
	/home/mariell/go/pkg/mod/github.com/patrickmn/go-cache@v2.1.0+incompatible/cache.go:1079 +0x7b
created by github.com/patrickmn/go-cache.runJanitor in goroutine 37971
	/home/mariell/go/pkg/mod/github.com/patrickmn/go-cache@v2.1.0+incompatible/cache.go:1099 +0xdb

goroutine 45193 [sync.Cond.Wait]:
sync.runtime_notifyListWait(0xc026bf9c10, 0x36)
	/usr/lib/go/src/runtime/sema.go:597 +0x159
sync.(*Cond).Wait(0x0?)
	/usr/lib/go/src/sync/cond.go:71 +0x85
github.com/centrifugal/centrifuge/internal/dissolve.(*queueImpl).Wait(0xc026c14c40)
	/home/mariell/go/pkg/mod/github.com/centrifugal/centrifuge@v0.33.3/internal/dissolve/queue.go:139 +0x4a
github.com/centrifugal/centrifuge/internal/dissolve.(*Dissolver).runWorker(0xc026b0b128)
	/home/mariell/go/pkg/mod/github.com/centrifugal/centrifuge@v0.33.3/internal/dissolve/dissolve.go:52 +0x27
created by github.com/centrifugal/centrifuge/internal/dissolve.(*Dissolver).Run in goroutine 44067
	/home/mariell/go/pkg/mod/github.com/centrifugal/centrifuge@v0.33.3/internal/dissolve/dissolve.go:31 +0x25

goroutine 42320 [select]:
github.com/centrifugal/centrifuge.(*Node).updateMetrics(0xc024df5208)
	/home/mariell/go/pkg/mod/github.com/centrifugal/centrifuge@v0.33.3/node.go:335 +0x85
created by github.com/centrifugal/centrifuge.(*Node).Run in goroutine 42495
	/home/mariell/go/pkg/mod/github.com/centrifugal/centrifuge@v0.33.3/node.go:262 +0x2a5

goroutine 37973 [select]:
go.opentelemetry.io/otel/sdk/trace.(*batchSpanProcessor).processQueue(0xc01da4bd60)
	/home/mariell/go/pkg/mod/go.opentelemetry.io/otel/sdk@v1.34.0/trace/batch_span_processor.go:302 +0x114
go.opentelemetry.io/otel/sdk/trace.NewBatchSpanProcessor.func1()
	/home/mariell/go/pkg/mod/go.opentelemetry.io/otel/sdk@v1.34.0/trace/batch_span_processor.go:117 +0x4e
created by go.opentelemetry.io/otel/sdk/trace.NewBatchSpanProcessor in goroutine 37971
	/home/mariell/go/pkg/mod/go.opentelemetry.io/otel/sdk@v1.34.0/trace/batch_span_processor.go:115 +0x2d9

goroutine 39040 [sync.Cond.Wait]:
sync.runtime_notifyListWait(0xc01fe50bd0, 0x1f)
	/usr/lib/go/src/runtime/sema.go:597 +0x159
sync.(*Cond).Wait(0xc01fc727d0?)
	/usr/lib/go/src/sync/cond.go:71 +0x85
github.com/centrifugal/centrifuge/internal/dissolve.(*queueImpl).Wait(0xc00bf5ccb0)
	/home/mariell/go/pkg/mod/github.com/centrifugal/centrifuge@v0.33.3/internal/dissolve/queue.go:139 +0x4a
github.com/centrifugal/centrifuge/internal/dissolve.(*Dissolver).runWorker(0xc017ecc900)
	/home/mariell/go/pkg/mod/github.com/centrifugal/centrifuge@v0.33.3/internal/dissolve/dissolve.go:52 +0x27
created by github.com/centrifugal/centrifuge/internal/dissolve.(*Dissolver).Run in goroutine 37971
	/home/mariell/go/pkg/mod/github.com/centrifugal/centrifuge@v0.33.3/internal/dissolve/dissolve.go:31 +0x25

goroutine 42498 [IO wait]:
internal/poll.runtime_pollWait(0x7775504ff4c8, 0x72)
	/usr/lib/go/src/runtime/netpoll.go:351 +0x85
internal/poll.(*pollDesc).wait(0xc01e885880?, 0xc00cba0600?, 0x0)
	/usr/lib/go/src/internal/poll/fd_poll_runtime.go:84 +0x27
internal/poll.(*pollDesc).waitRead(...)
	/usr/lib/go/src/internal/poll/fd_poll_runtime.go:89
internal/poll.(*FD).Read(0xc01e885880, {0xc00cba0600, 0x1300, 0x1300})
	/usr/lib/go/src/internal/poll/fd_unix.go:165 +0x27a
net.(*netFD).Read(0xc01e885880, {0xc00cba0600?, 0xc00cba0600?, 0x5?})
	/usr/lib/go/src/net/fd_posix.go:55 +0x25
net.(*conn).Read(0xc002420648, {0xc00cba0600?, 0x7775603b51d8?, 0x7775a8b29d58?})
	/usr/lib/go/src/net/net.go:194 +0x45
crypto/tls.(*atLeastReader).Read(0xc017fd5d28, {0xc00cba0600?, 0x12fb?, 0x1?})
	/usr/lib/go/src/crypto/tls/conn.go:809 +0x3b
bytes.(*Buffer).ReadFrom(0xc01d4fe638, {0xa94e300, 0xc017fd5d28})
	/usr/lib/go/src/bytes/buffer.go:211 +0x98
crypto/tls.(*Conn).readFromUntil(0xc01d4fe388, {0xa94dc00, 0xc002420648}, 0x444af4?)
	/usr/lib/go/src/crypto/tls/conn.go:831 +0xde
crypto/tls.(*Conn).readRecordOrCCS(0xc01d4fe388, 0x0)
	/usr/lib/go/src/crypto/tls/conn.go:629 +0x3cf
crypto/tls.(*Conn).readRecord(...)
	/usr/lib/go/src/crypto/tls/conn.go:591
crypto/tls.(*Conn).Read(0xc01d4fe388, {0xc01eb1d000, 0x1000, 0xc021c91440?})
	/usr/lib/go/src/crypto/tls/conn.go:1385 +0x145
net/http.(*persistConn).Read(0xc010bc7200, {0xc01eb1d000?, 0x81fe45?, 0xa94be80?})
	/usr/lib/go/src/net/http/transport.go:2122 +0x47
bufio.(*Reader).fill(0xc01eb18840)
	/usr/lib/go/src/bufio/bufio.go:113 +0x103
bufio.(*Reader).Peek(0xc01eb18840, 0x1)
	/usr/lib/go/src/bufio/bufio.go:152 +0x53
net/http.(*persistConn).readLoop(0xc010bc7200)
	/usr/lib/go/src/net/http/transport.go:2275 +0x172
created by net/http.(*Transport).dialConn in goroutine 42475
	/usr/lib/go/src/net/http/transport.go:1944 +0x174f

goroutine 40531 [select]:
github.com/centrifugal/centrifuge.(*Node).sendNodePing(0xc0228eafc8)
	/home/mariell/go/pkg/mod/github.com/centrifugal/centrifuge@v0.33.3/node.go:380 +0x85
created by github.com/centrifugal/centrifuge.(*Node).Run in goroutine 36287
	/home/mariell/go/pkg/mod/github.com/centrifugal/centrifuge@v0.33.3/node.go:260 +0x225

goroutine 51721 [select]:
github.com/grafana/grafana/pkg/storage/unified/resource.(*cache[...]).run(0xc016497310)
	/home/mariell/work/oss/grafana/pkg/storage/unified/resource/broadcaster.go:291 +0xb0
created by github.com/grafana/grafana/pkg/storage/unified/resource.newChannelCache[...] in goroutine 51536
	/home/mariell/work/oss/grafana/pkg/storage/unified/resource/broadcaster.go:276 +0x189

goroutine 37908 [select]:
net/http.(*persistConn).writeLoop(0xc010cc10e0)
	/usr/lib/go/src/net/http/transport.go:2590 +0xe7
created by net/http.(*Transport).dialConn in goroutine 36399
	/usr/lib/go/src/net/http/transport.go:1945 +0x17a5

goroutine 42089 [sync.Cond.Wait]:
sync.runtime_notifyListWait(0xc01bc03e10, 0x30)
	/usr/lib/go/src/runtime/sema.go:597 +0x159
sync.(*Cond).Wait(0x0?)
	/usr/lib/go/src/sync/cond.go:71 +0x85
github.com/centrifugal/centrifuge/internal/dissolve.(*queueImpl).Wait(0xc01e10aa10)
	/home/mariell/go/pkg/mod/github.com/centrifugal/centrifuge@v0.33.3/internal/dissolve/queue.go:139 +0x4a
github.com/centrifugal/centrifuge/internal/dissolve.(*Dissolver).runWorker(0xc0122187e0)
	/home/mariell/go/pkg/mod/github.com/centrifugal/centrifuge@v0.33.3/internal/dissolve/dissolve.go:52 +0x27
created by github.com/centrifugal/centrifuge/internal/dissolve.(*Dissolver).Run in goroutine 40816
	/home/mariell/go/pkg/mod/github.com/centrifugal/centrifuge@v0.33.3/internal/dissolve/dissolve.go:31 +0x25

goroutine 36393 [IO wait]:
internal/poll.runtime_pollWait(0x777559374088, 0x72)
	/usr/lib/go/src/runtime/netpoll.go:351 +0x85
internal/poll.(*pollDesc).wait(0xc018663980?, 0xc0189b6000?, 0x0)
	/usr/lib/go/src/internal/poll/fd_poll_runtime.go:84 +0x27
internal/poll.(*pollDesc).waitRead(...)
	/usr/lib/go/src/internal/poll/fd_poll_runtime.go:89
internal/poll.(*FD).Read(0xc018663980, {0xc0189b6000, 0x1300, 0x1300})
	/usr/lib/go/src/internal/poll/fd_unix.go:165 +0x27a
net.(*netFD).Read(0xc018663980, {0xc0189b6000?, 0x5?, 0x5?})
	/usr/lib/go/src/net/fd_posix.go:55 +0x25
net.(*conn).Read(0xc0080ce5f8, {0xc0189b6000?, 0x77755938af80?, 0x7775a8b28f30?})
	/usr/lib/go/src/net/net.go:194 +0x45
crypto/tls.(*atLeastReader).Read(0xc008ca5bd8, {0xc0189b6000?, 0x11abda20?, 0xc00d01e9c8?})
	/usr/lib/go/src/crypto/tls/conn.go:809 +0x3b
bytes.(*Buffer).ReadFrom(0xc01850cd38, {0xa94e300, 0xc008ca5bd8})
	/usr/lib/go/src/bytes/buffer.go:211 +0x98
crypto/tls.(*Conn).readFromUntil(0xc01850ca88, {0xa94dc00, 0xc0080ce5f8}, 0x444af4?)
	/usr/lib/go/src/crypto/tls/conn.go:831 +0xde
crypto/tls.(*Conn).readRecordOrCCS(0xc01850ca88, 0x0)
	/usr/lib/go/src/crypto/tls/conn.go:629 +0x3cf
crypto/tls.(*Conn).readRecord(...)
	/usr/lib/go/src/crypto/tls/conn.go:591
crypto/tls.(*Conn).Read(0xc01850ca88, {0xc0189bc000, 0x1000, 0xc01cd64cf0?})
	/usr/lib/go/src/crypto/tls/conn.go:1385 +0x145
net/http.(*persistConn).Read(0xc008b81320, {0xc0189bc000?, 0x81fe45?, 0xa94be80?})
	/usr/lib/go/src/net/http/transport.go:2122 +0x47
bufio.(*Reader).fill(0xc01c38f7a0)
	/usr/lib/go/src/bufio/bufio.go:113 +0x103
bufio.(*Reader).Peek(0xc01c38f7a0, 0x1)
	/usr/lib/go/src/bufio/bufio.go:152 +0x53
net/http.(*persistConn).readLoop(0xc008b81320)
	/usr/lib/go/src/net/http/transport.go:2275 +0x172
created by net/http.(*Transport).dialConn in goroutine 37797
	/usr/lib/go/src/net/http/transport.go:1944 +0x174f

goroutine 36394 [select]:
net/http.(*persistConn).writeLoop(0xc008b81320)
	/usr/lib/go/src/net/http/transport.go:2590 +0xe7
created by net/http.(*Transport).dialConn in goroutine 37797
	/usr/lib/go/src/net/http/transport.go:1945 +0x17a5

goroutine 40551 [sync.Cond.Wait]:
sync.runtime_notifyListWait(0xc0228a0b10, 0x11)
	/usr/lib/go/src/runtime/sema.go:597 +0x159
sync.(*Cond).Wait(0x0?)
	/usr/lib/go/src/sync/cond.go:71 +0x85
github.com/centrifugal/centrifuge/internal/dissolve.(*queueImpl).Wait(0xc0228cc690)
	/home/mariell/go/pkg/mod/github.com/centrifugal/centrifuge@v0.33.3/internal/dissolve/queue.go:139 +0x4a
github.com/centrifugal/centrifuge/internal/dissolve.(*Dissolver).runWorker(0xc015fedd58)
	/home/mariell/go/pkg/mod/github.com/centrifugal/centrifuge@v0.33.3/internal/dissolve/dissolve.go:52 +0x27
created by github.com/centrifugal/centrifuge/internal/dissolve.(*Dissolver).Run in goroutine 36287
	/home/mariell/go/pkg/mod/github.com/centrifugal/centrifuge@v0.33.3/internal/dissolve/dissolve.go:31 +0x25

goroutine 43652 [sync.Cond.Wait]:
sync.runtime_notifyListWait(0xc00d19c890, 0x2f)
	/usr/lib/go/src/runtime/sema.go:597 +0x159
sync.(*Cond).Wait(0xc01fc80fd0?)
	/usr/lib/go/src/sync/cond.go:71 +0x85
github.com/centrifugal/centrifuge/internal/dissolve.(*queueImpl).Wait(0xc015e6a930)
	/home/mariell/go/pkg/mod/github.com/centrifugal/centrifuge@v0.33.3/internal/dissolve/queue.go:139 +0x4a
github.com/centrifugal/centrifuge/internal/dissolve.(*Dissolver).runWorker(0xc0132189d8)
	/home/mariell/go/pkg/mod/github.com/centrifugal/centrifuge@v0.33.3/internal/dissolve/dissolve.go:52 +0x27
created by github.com/centrifugal/centrifuge/internal/dissolve.(*Dissolver).Run in goroutine 42495
	/home/mariell/go/pkg/mod/github.com/centrifugal/centrifuge@v0.33.3/internal/dissolve/dissolve.go:31 +0x25

goroutine 40576 [sync.Cond.Wait]:
sync.runtime_notifyListWait(0xc0228a0b10, 0x2b)
	/usr/lib/go/src/runtime/sema.go:597 +0x159
sync.(*Cond).Wait(0xc018512f01?)
	/usr/lib/go/src/sync/cond.go:71 +0x85
github.com/centrifugal/centrifuge/internal/dissolve.(*queueImpl).Wait(0xc0228cc690)
	/home/mariell/go/pkg/mod/github.com/centrifugal/centrifuge@v0.33.3/internal/dissolve/queue.go:139 +0x4a
github.com/centrifugal/centrifuge/internal/dissolve.(*Dissolver).runWorker(0xc015fedd58)
	/home/mariell/go/pkg/mod/github.com/centrifugal/centrifuge@v0.33.3/internal/dissolve/dissolve.go:52 +0x27
created by github.com/centrifugal/centrifuge/internal/dissolve.(*Dissolver).Run in goroutine 36287
	/home/mariell/go/pkg/mod/github.com/centrifugal/centrifuge@v0.33.3/internal/dissolve/dissolve.go:31 +0x25

goroutine 39038 [sync.Cond.Wait]:
sync.runtime_notifyListWait(0xc01fe50bd0, 0x20)
	/usr/lib/go/src/runtime/sema.go:597 +0x159
sync.(*Cond).Wait(0xc01b4227d0?)
	/usr/lib/go/src/sync/cond.go:71 +0x85
github.com/centrifugal/centrifuge/internal/dissolve.(*queueImpl).Wait(0xc00bf5ccb0)
	/home/mariell/go/pkg/mod/github.com/centrifugal/centrifuge@v0.33.3/internal/dissolve/queue.go:139 +0x4a
github.com/centrifugal/centrifuge/internal/dissolve.(*Dissolver).runWorker(0xc017ecc900)
	/home/mariell/go/pkg/mod/github.com/centrifugal/centrifuge@v0.33.3/internal/dissolve/dissolve.go:52 +0x27
created by github.com/centrifugal/centrifuge/internal/dissolve.(*Dissolver).Run in goroutine 37971
	/home/mariell/go/pkg/mod/github.com/centrifugal/centrifuge@v0.33.3/internal/dissolve/dissolve.go:31 +0x25

goroutine 36433 [select]:
go.opentelemetry.io/otel/sdk/trace.(*batchSpanProcessor).processQueue(0xc01881e960)
	/home/mariell/go/pkg/mod/go.opentelemetry.io/otel/sdk@v1.34.0/trace/batch_span_processor.go:302 +0x114
go.opentelemetry.io/otel/sdk/trace.NewBatchSpanProcessor.func1()
	/home/mariell/go/pkg/mod/go.opentelemetry.io/otel/sdk@v1.34.0/trace/batch_span_processor.go:117 +0x4e
created by go.opentelemetry.io/otel/sdk/trace.NewBatchSpanProcessor in goroutine 36374
	/home/mariell/go/pkg/mod/go.opentelemetry.io/otel/sdk@v1.34.0/trace/batch_span_processor.go:115 +0x2d9

goroutine 73879 [select]:
github.com/patrickmn/go-cache.(*janitor).Run(0xc042226d80, 0xc01c347e00)
	/home/mariell/go/pkg/mod/github.com/patrickmn/go-cache@v2.1.0+incompatible/cache.go:1079 +0x7b
created by github.com/patrickmn/go-cache.runJanitor in goroutine 56142
	/home/mariell/go/pkg/mod/github.com/patrickmn/go-cache@v2.1.0+incompatible/cache.go:1099 +0xdb

goroutine 75154 [chan receive]:
github.com/grafana/grafana/pkg/storage/unified/resource.(*server).initWatcher.func1.1()
	/home/mariell/work/oss/grafana/pkg/storage/unified/resource/server.go:922 +0x58
created by github.com/grafana/grafana/pkg/storage/unified/resource.(*server).initWatcher.func1 in goroutine 59395
	/home/mariell/work/oss/grafana/pkg/storage/unified/resource/server.go:921 +0xaa

goroutine 42520 [select]:
github.com/grafana/grafana/pkg/storage/unified/resource.(*broadcaster[...]).stream(0xab113a0, 0xc01ebea540)
	/home/mariell/work/oss/grafana/pkg/storage/unified/resource/broadcaster.go:205 +0x13d
created by github.com/grafana/grafana/pkg/storage/unified/resource.(*broadcaster[...]).init in goroutine 38865
	/home/mariell/work/oss/grafana/pkg/storage/unified/resource/broadcaster.go:177 +0x219

goroutine 42521 [select]:
k8s.io/apimachinery/pkg/util/wait.BackoffUntil(0xc0229b4a40, {0xa95ac00, 0xc021c91d40}, 0x1, 0xc01eba1570)
	/home/mariell/go/pkg/mod/k8s.io/apimachinery@v0.32.1/pkg/util/wait/backoff.go:238 +0x12c
k8s.io/apimachinery/pkg/util/wait.JitterUntil(0xc0229b4a40, 0x3b9aca00, 0x3ff3333333333333, 0x1, 0xc01eba1570)
	/home/mariell/go/pkg/mod/k8s.io/apimachinery@v0.32.1/pkg/util/wait/backoff.go:204 +0x7f
created by k8s.io/apiserver/pkg/registry/generic/registry.(*Store).startObservingCount in goroutine 38865
	/home/mariell/go/pkg/mod/k8s.io/apiserver@v0.32.1/pkg/registry/generic/registry/store.go:1666 +0x2f9

goroutine 39433 [select]:
k8s.io/apimachinery/pkg/util/wait.BackoffUntil(0xc012d3ad00, {0xa95ac00, 0xc016085e90}, 0x1, 0xc01444d500)
	/home/mariell/go/pkg/mod/k8s.io/apimachinery@v0.32.1/pkg/util/wait/backoff.go:238 +0x12c
k8s.io/apimachinery/pkg/util/wait.JitterUntil(0xc012d3ad00, 0x3b9aca00, 0x3ff3333333333333, 0x1, 0xc01444d500)
	/home/mariell/go/pkg/mod/k8s.io/apimachinery@v0.32.1/pkg/util/wait/backoff.go:204 +0x7f
created by k8s.io/apiserver/pkg/registry/generic/registry.(*Store).startObservingCount in goroutine 37964
	/home/mariell/go/pkg/mod/k8s.io/apiserver@v0.32.1/pkg/registry/generic/registry/store.go:1666 +0x2f9

goroutine 40568 [sync.Cond.Wait]:
sync.runtime_notifyListWait(0xc0228a0b10, 0x22)
	/usr/lib/go/src/runtime/sema.go:597 +0x159
sync.(*Cond).Wait(0x0?)
	/usr/lib/go/src/sync/cond.go:71 +0x85
github.com/centrifugal/centrifuge/internal/dissolve.(*queueImpl).Wait(0xc0228cc690)
	/home/mariell/go/pkg/mod/github.com/centrifugal/centrifuge@v0.33.3/internal/dissolve/queue.go:139 +0x4a
github.com/centrifugal/centrifuge/internal/dissolve.(*Dissolver).runWorker(0xc015fedd58)
	/home/mariell/go/pkg/mod/github.com/centrifugal/centrifuge@v0.33.3/internal/dissolve/dissolve.go:52 +0x27
created by github.com/centrifugal/centrifuge/internal/dissolve.(*Dissolver).Run in goroutine 36287
	/home/mariell/go/pkg/mod/github.com/centrifugal/centrifuge@v0.33.3/internal/dissolve/dissolve.go:31 +0x25

goroutine 42524 [select]:
k8s.io/apimachinery/pkg/util/wait.BackoffUntil(0xc0229b4d40, {0xa95ac00, 0xc019edd1a0}, 0x1, 0xc01eba16c0)
	/home/mariell/go/pkg/mod/k8s.io/apimachinery@v0.32.1/pkg/util/wait/backoff.go:238 +0x12c
k8s.io/apimachinery/pkg/util/wait.JitterUntil(0xc0229b4d40, 0x3b9aca00, 0x3ff3333333333333, 0x1, 0xc01eba16c0)
	/home/mariell/go/pkg/mod/k8s.io/apimachinery@v0.32.1/pkg/util/wait/backoff.go:204 +0x7f
created by k8s.io/apiserver/pkg/registry/generic/registry.(*Store).startObservingCount in goroutine 38865
	/home/mariell/go/pkg/mod/k8s.io/apiserver@v0.32.1/pkg/registry/generic/registry/store.go:1666 +0x2f9

goroutine 42522 [select]:
k8s.io/apimachinery/pkg/util/wait.BackoffUntil(0xc0229b4b40, {0xa95ac00, 0xc019f21710}, 0x1, 0xc01eba15e0)
	/home/mariell/go/pkg/mod/k8s.io/apimachinery@v0.32.1/pkg/util/wait/backoff.go:238 +0x12c
k8s.io/apimachinery/pkg/util/wait.JitterUntil(0xc0229b4b40, 0x3b9aca00, 0x3ff3333333333333, 0x1, 0xc01eba15e0)
	/home/mariell/go/pkg/mod/k8s.io/apimachinery@v0.32.1/pkg/util/wait/backoff.go:204 +0x7f
created by k8s.io/apiserver/pkg/registry/generic/registry.(*Store).startObservingCount in goroutine 38865
	/home/mariell/go/pkg/mod/k8s.io/apiserver@v0.32.1/pkg/registry/generic/registry/store.go:1666 +0x2f9

goroutine 44027 [select]:
database/sql.(*DB).connectionCleaner(0xc01abf76c0, 0xc01acf6e00?)
	/usr/lib/go/src/database/sql/sql.go:1104 +0x9c
created by database/sql.(*DB).startCleanerLocked in goroutine 44067
	/usr/lib/go/src/database/sql/sql.go:1091 +0x105

goroutine 43494 [select]:
github.com/grafana/grafana/pkg/storage/unified/resource.(*broadcaster[...]).stream(0xab113a0, 0xc015cc8d90)
	/home/mariell/work/oss/grafana/pkg/storage/unified/resource/broadcaster.go:205 +0x13d
created by github.com/grafana/grafana/pkg/storage/unified/resource.(*broadcaster[...]).init in goroutine 42495
	/home/mariell/work/oss/grafana/pkg/storage/unified/resource/broadcaster.go:177 +0x219

goroutine 37867 [select]:
github.com/centrifugal/centrifuge.(*Node).sendNodePing(0xc007eb18c8)
	/home/mariell/go/pkg/mod/github.com/centrifugal/centrifuge@v0.33.3/node.go:380 +0x85
created by github.com/centrifugal/centrifuge.(*Node).Run in goroutine 37971
	/home/mariell/go/pkg/mod/github.com/centrifugal/centrifuge@v0.33.3/node.go:260 +0x225

goroutine 74849 [chan receive]:
github.com/grafana/grafana/pkg/storage/unified/sql.(*channelNotifier).notify.func1()
	/home/mariell/work/oss/grafana/pkg/storage/unified/sql/notifier.go:87 +0x39
created by github.com/grafana/grafana/pkg/storage/unified/sql.(*channelNotifier).notify in goroutine 59395
	/home/mariell/work/oss/grafana/pkg/storage/unified/sql/notifier.go:86 +0xdb

goroutine 58877 [select]:
github.com/FZambia/eagle.(*Eagle).aggregate(0xc019cc07e0)
	/home/mariell/go/pkg/mod/github.com/!f!zambia/eagle@v0.1.0/eagle.go:210 +0x6d
created by github.com/FZambia/eagle.New in goroutine 57831
	/home/mariell/go/pkg/mod/github.com/!f!zambia/eagle@v0.1.0/eagle.go:66 +0x176

goroutine 45534 [IO wait]:
internal/poll.runtime_pollWait(0x777550739f40, 0x72)
	/usr/lib/go/src/runtime/netpoll.go:351 +0x85
internal/poll.(*pollDesc).wait(0xc016495d00?, 0xc027313300?, 0x0)
	/usr/lib/go/src/internal/poll/fd_poll_runtime.go:84 +0x27
internal/poll.(*pollDesc).waitRead(...)
	/usr/lib/go/src/internal/poll/fd_poll_runtime.go:89
internal/poll.(*FD).Read(0xc016495d00, {0xc027313300, 0x1300, 0x1300})
	/usr/lib/go/src/internal/poll/fd_unix.go:165 +0x27a
net.(*netFD).Read(0xc016495d00, {0xc027313300?, 0x953dd74?, 0x0?})
	/usr/lib/go/src/net/fd_posix.go:55 +0x25
net.(*conn).Read(0xc0067b0038, {0xc027313300?, 0x777558308030?, 0x7775a8b2a6c8?})
	/usr/lib/go/src/net/net.go:194 +0x45
crypto/tls.(*atLeastReader).Read(0xc0127ac720, {0xc027313300?, 0x0?, 0x0?})
	/usr/lib/go/src/crypto/tls/conn.go:809 +0x3b
bytes.(*Buffer).ReadFrom(0xc0266bbb38, {0xa94e300, 0xc0127ac720})
	/usr/lib/go/src/bytes/buffer.go:211 +0x98
crypto/tls.(*Conn).readFromUntil(0xc0266bb888, {0xa94dc00, 0xc0067b0038}, 0x444af4?)
	/usr/lib/go/src/crypto/tls/conn.go:831 +0xde
crypto/tls.(*Conn).readRecordOrCCS(0xc0266bb888, 0x0)
	/usr/lib/go/src/crypto/tls/conn.go:629 +0x3cf
crypto/tls.(*Conn).readRecord(...)
	/usr/lib/go/src/crypto/tls/conn.go:591
crypto/tls.(*Conn).Read(0xc0266bb888, {0xc0207b2000, 0x1000, 0x7775a8b2a6c8?})
	/usr/lib/go/src/crypto/tls/conn.go:1385 +0x145
net/http.(*persistConn).Read(0xc01a09a000, {0xc0207b2000?, 0x4141c5?, 0x68?})
	/usr/lib/go/src/net/http/transport.go:2122 +0x47
bufio.(*Reader).fill(0xc02727b200)
	/usr/lib/go/src/bufio/bufio.go:113 +0x103
bufio.(*Reader).Peek(0xc02727b200, 0x1)
	/usr/lib/go/src/bufio/bufio.go:152 +0x53
net/http.(*persistConn).readLoop(0xc01a09a000)
	/usr/lib/go/src/net/http/transport.go:2275 +0x172
created by net/http.(*Transport).dialConn in goroutine 45582
	/usr/lib/go/src/net/http/transport.go:1944 +0x174f

goroutine 39431 [select]:
k8s.io/apimachinery/pkg/util/wait.BackoffUntil(0xc012d3ab00, {0xa95ac00, 0xc012fea030}, 0x1, 0xc01444d420)
	/home/mariell/go/pkg/mod/k8s.io/apimachinery@v0.32.1/pkg/util/wait/backoff.go:238 +0x12c
k8s.io/apimachinery/pkg/util/wait.JitterUntil(0xc012d3ab00, 0x3b9aca00, 0x3ff3333333333333, 0x1, 0xc01444d420)
	/home/mariell/go/pkg/mod/k8s.io/apimachinery@v0.32.1/pkg/util/wait/backoff.go:204 +0x7f
created by k8s.io/apiserver/pkg/registry/generic/registry.(*Store).startObservingCount in goroutine 37964
	/home/mariell/go/pkg/mod/k8s.io/apiserver@v0.32.1/pkg/registry/generic/registry/store.go:1666 +0x2f9

goroutine 40578 [sync.Cond.Wait]:
sync.runtime_notifyListWait(0xc0228a0b10, 0x2d)
	/usr/lib/go/src/runtime/sema.go:597 +0x159
sync.(*Cond).Wait(0xc012832cc0?)
	/usr/lib/go/src/sync/cond.go:71 +0x85
github.com/centrifugal/centrifuge/internal/dissolve.(*queueImpl).Wait(0xc0228cc690)
	/home/mariell/go/pkg/mod/github.com/centrifugal/centrifuge@v0.33.3/internal/dissolve/queue.go:139 +0x4a
github.com/centrifugal/centrifuge/internal/dissolve.(*Dissolver).runWorker(0xc015fedd58)
	/home/mariell/go/pkg/mod/github.com/centrifugal/centrifuge@v0.33.3/internal/dissolve/dissolve.go:52 +0x27
created by github.com/centrifugal/centrifuge/internal/dissolve.(*Dissolver).Run in goroutine 36287
	/home/mariell/go/pkg/mod/github.com/centrifugal/centrifuge@v0.33.3/internal/dissolve/dissolve.go:31 +0x25

goroutine 45153 [sync.Cond.Wait]:
sync.runtime_notifyListWait(0xc026bf9c10, 0xe)
	/usr/lib/go/src/runtime/sema.go:597 +0x159
sync.(*Cond).Wait(0x0?)
	/usr/lib/go/src/sync/cond.go:71 +0x85
github.com/centrifugal/centrifuge/internal/dissolve.(*queueImpl).Wait(0xc026c14c40)
	/home/mariell/go/pkg/mod/github.com/centrifugal/centrifuge@v0.33.3/internal/dissolve/queue.go:139 +0x4a
github.com/centrifugal/centrifuge/internal/dissolve.(*Dissolver).runWorker(0xc026b0b128)
	/home/mariell/go/pkg/mod/github.com/centrifugal/centrifuge@v0.33.3/internal/dissolve/dissolve.go:52 +0x27
created by github.com/centrifugal/centrifuge/internal/dissolve.(*Dissolver).Run in goroutine 44067
	/home/mariell/go/pkg/mod/github.com/centrifugal/centrifuge@v0.33.3/internal/dissolve/dissolve.go:31 +0x25

goroutine 40581 [sync.Cond.Wait]:
sync.runtime_notifyListWait(0xc0228a0b10, 0x30)
	/usr/lib/go/src/runtime/sema.go:597 +0x159
sync.(*Cond).Wait(0xc00ebb1810?)
	/usr/lib/go/src/sync/cond.go:71 +0x85
github.com/centrifugal/centrifuge/internal/dissolve.(*queueImpl).Wait(0xc0228cc690)
	/home/mariell/go/pkg/mod/github.com/centrifugal/centrifuge@v0.33.3/internal/dissolve/queue.go:139 +0x4a
github.com/centrifugal/centrifuge/internal/dissolve.(*Dissolver).runWorker(0xc015fedd58)
	/home/mariell/go/pkg/mod/github.com/centrifugal/centrifuge@v0.33.3/internal/dissolve/dissolve.go:52 +0x27
created by github.com/centrifugal/centrifuge/internal/dissolve.(*Dissolver).Run in goroutine 36287
	/home/mariell/go/pkg/mod/github.com/centrifugal/centrifuge@v0.33.3/internal/dissolve/dissolve.go:31 +0x25

goroutine 45182 [sync.Cond.Wait]:
sync.runtime_notifyListWait(0xc026bf9c10, 0x28)
	/usr/lib/go/src/runtime/sema.go:597 +0x159
sync.(*Cond).Wait(0x0?)
	/usr/lib/go/src/sync/cond.go:71 +0x85
github.com/centrifugal/centrifuge/internal/dissolve.(*queueImpl).Wait(0xc026c14c40)
	/home/mariell/go/pkg/mod/github.com/centrifugal/centrifuge@v0.33.3/internal/dissolve/queue.go:139 +0x4a
github.com/centrifugal/centrifuge/internal/dissolve.(*Dissolver).runWorker(0xc026b0b128)
	/home/mariell/go/pkg/mod/github.com/centrifugal/centrifuge@v0.33.3/internal/dissolve/dissolve.go:52 +0x27
created by github.com/centrifugal/centrifuge/internal/dissolve.(*Dissolver).Run in goroutine 44067
	/home/mariell/go/pkg/mod/github.com/centrifugal/centrifuge@v0.33.3/internal/dissolve/dissolve.go:31 +0x25

goroutine 45149 [sync.Cond.Wait]:
sync.runtime_notifyListWait(0xc026bf9c10, 0xa)
	/usr/lib/go/src/runtime/sema.go:597 +0x159
sync.(*Cond).Wait(0x0?)
	/usr/lib/go/src/sync/cond.go:71 +0x85
github.com/centrifugal/centrifuge/internal/dissolve.(*queueImpl).Wait(0xc026c14c40)
	/home/mariell/go/pkg/mod/github.com/centrifugal/centrifuge@v0.33.3/internal/dissolve/queue.go:139 +0x4a
github.com/centrifugal/centrifuge/internal/dissolve.(*Dissolver).runWorker(0xc026b0b128)
	/home/mariell/go/pkg/mod/github.com/centrifugal/centrifuge@v0.33.3/internal/dissolve/dissolve.go:52 +0x27
created by github.com/centrifugal/centrifuge/internal/dissolve.(*Dissolver).Run in goroutine 44067
	/home/mariell/go/pkg/mod/github.com/centrifugal/centrifuge@v0.33.3/internal/dissolve/dissolve.go:31 +0x25

goroutine 39003 [select]:
github.com/centrifugal/centrifuge.(*historyHub).expireStreams(0xc01b5b0280)
	/home/mariell/go/pkg/mod/github.com/centrifugal/centrifuge@v0.33.3/broker_memory.go:298 +0x75
created by github.com/centrifugal/centrifuge.(*historyHub).runCleanups in goroutine 37971
	/home/mariell/go/pkg/mod/github.com/centrifugal/centrifuge@v0.33.3/broker_memory.go:252 +0x56

goroutine 39005 [select]:
github.com/FZambia/eagle.(*Eagle).aggregate(0xc00bf5dc70)
	/home/mariell/go/pkg/mod/github.com/!f!zambia/eagle@v0.1.0/eagle.go:210 +0x6d
created by github.com/FZambia/eagle.New in goroutine 37971
	/home/mariell/go/pkg/mod/github.com/!f!zambia/eagle@v0.1.0/eagle.go:66 +0x176

goroutine 45194 [sync.Cond.Wait]:
sync.runtime_notifyListWait(0xc026bf9c10, 0x2e)
	/usr/lib/go/src/runtime/sema.go:597 +0x159
sync.(*Cond).Wait(0xc0212447d0?)
	/usr/lib/go/src/sync/cond.go:71 +0x85
github.com/centrifugal/centrifuge/internal/dissolve.(*queueImpl).Wait(0xc026c14c40)
	/home/mariell/go/pkg/mod/github.com/centrifugal/centrifuge@v0.33.3/internal/dissolve/queue.go:139 +0x4a
github.com/centrifugal/centrifuge/internal/dissolve.(*Dissolver).runWorker(0xc026b0b128)
	/home/mariell/go/pkg/mod/github.com/centrifugal/centrifuge@v0.33.3/internal/dissolve/dissolve.go:52 +0x27
created by github.com/centrifugal/centrifuge/internal/dissolve.(*Dissolver).Run in goroutine 44067
	/home/mariell/go/pkg/mod/github.com/centrifugal/centrifuge@v0.33.3/internal/dissolve/dissolve.go:31 +0x25

goroutine 58900 [sync.Cond.Wait]:
sync.runtime_notifyListWait(0xc01f861010, 0x1c)
	/usr/lib/go/src/runtime/sema.go:597 +0x159
sync.(*Cond).Wait(0x0?)
	/usr/lib/go/src/sync/cond.go:71 +0x85
github.com/centrifugal/centrifuge/internal/dissolve.(*queueImpl).Wait(0xc01921b6c0)
	/home/mariell/go/pkg/mod/github.com/centrifugal/centrifuge@v0.33.3/internal/dissolve/queue.go:139 +0x4a
github.com/centrifugal/centrifuge/internal/dissolve.(*Dissolver).runWorker(0xc0243b2a20)
	/home/mariell/go/pkg/mod/github.com/centrifugal/centrifuge@v0.33.3/internal/dissolve/dissolve.go:52 +0x27
created by github.com/centrifugal/centrifuge/internal/dissolve.(*Dissolver).Run in goroutine 57831
	/home/mariell/go/pkg/mod/github.com/centrifugal/centrifuge@v0.33.3/internal/dissolve/dissolve.go:31 +0x25

goroutine 39421 [IO wait]:
internal/poll.runtime_pollWait(0x7775581bc188, 0x72)
	/usr/lib/go/src/runtime/netpoll.go:351 +0x85
internal/poll.(*pollDesc).wait(0xc01d6d1180?, 0xc015c00000?, 0x0)
	/usr/lib/go/src/internal/poll/fd_poll_runtime.go:84 +0x27
internal/poll.(*pollDesc).waitRead(...)
	/usr/lib/go/src/internal/poll/fd_poll_runtime.go:89
internal/poll.(*FD).Read(0xc01d6d1180, {0xc015c00000, 0xa000, 0xa000})
	/usr/lib/go/src/internal/poll/fd_unix.go:165 +0x27a
net.(*netFD).Read(0xc01d6d1180, {0xc015c00000?, 0x4252b6?, 0x11abda20?})
	/usr/lib/go/src/net/fd_posix.go:55 +0x25
net.(*conn).Read(0xc014b0a198, {0xc015c00000?, 0x777558155098?, 0x7775a8b2b9a8?})
	/usr/lib/go/src/net/net.go:194 +0x45
crypto/tls.(*atLeastReader).Read(0xc015d88000, {0xc015c00000?, 0x9ffb?, 0xc00b7a89c8?})
	/usr/lib/go/src/crypto/tls/conn.go:809 +0x3b
bytes.(*Buffer).ReadFrom(0xc019a31438, {0xa94e300, 0xc015d88000})
	/usr/lib/go/src/bytes/buffer.go:211 +0x98
crypto/tls.(*Conn).readFromUntil(0xc019a31188, {0xa94dc00, 0xc014b0a198}, 0x444af4?)
	/usr/lib/go/src/crypto/tls/conn.go:831 +0xde
crypto/tls.(*Conn).readRecordOrCCS(0xc019a31188, 0x0)
	/usr/lib/go/src/crypto/tls/conn.go:629 +0x3cf
crypto/tls.(*Conn).readRecord(...)
	/usr/lib/go/src/crypto/tls/conn.go:591
crypto/tls.(*Conn).Read(0xc019a31188, {0xc00c1f4000, 0x1000, 0xc0163001b0?})
	/usr/lib/go/src/crypto/tls/conn.go:1385 +0x145
net/http.(*persistConn).Read(0xc015b9b320, {0xc00c1f4000?, 0x81fe45?, 0xa94be80?})
	/usr/lib/go/src/net/http/transport.go:2122 +0x47
bufio.(*Reader).fill(0xc014cdde00)
	/usr/lib/go/src/bufio/bufio.go:113 +0x103
bufio.(*Reader).Peek(0xc014cdde00, 0x1)
	/usr/lib/go/src/bufio/bufio.go:152 +0x53
net/http.(*persistConn).readLoop(0xc015b9b320)
	/usr/lib/go/src/net/http/transport.go:2275 +0x172
created by net/http.(*Transport).dialConn in goroutine 39451
	/usr/lib/go/src/net/http/transport.go:1944 +0x174f

goroutine 78030 [runnable]:
github.com/centrifugal/centrifuge/internal/dissolve.(*Dissolver).Run.gowrap1()
	/home/mariell/go/pkg/mod/github.com/centrifugal/centrifuge@v0.33.3/internal/dissolve/dissolve.go:31
runtime.goexit({})
	/usr/lib/go/src/runtime/asm_amd64.s:1700 +0x1
created by github.com/centrifugal/centrifuge/internal/dissolve.(*Dissolver).Run in goroutine 3350
	/home/mariell/go/pkg/mod/github.com/centrifugal/centrifuge@v0.33.3/internal/dissolve/dissolve.go:31 +0x25

goroutine 46704 [sync.Cond.Wait]:
sync.runtime_notifyListWait(0xc016303990, 0xf)
	/usr/lib/go/src/runtime/sema.go:597 +0x159
sync.(*Cond).Wait(0xc021248fd0?)
	/usr/lib/go/src/sync/cond.go:71 +0x85
github.com/centrifugal/centrifuge/internal/dissolve.(*queueImpl).Wait(0xc020154850)
	/home/mariell/go/pkg/mod/github.com/centrifugal/centrifuge@v0.33.3/internal/dissolve/queue.go:139 +0x4a
github.com/centrifugal/centrifuge/internal/dissolve.(*Dissolver).runWorker(0xc00b4e8b40)
	/home/mariell/go/pkg/mod/github.com/centrifugal/centrifuge@v0.33.3/internal/dissolve/dissolve.go:52 +0x27
created by github.com/centrifugal/centrifuge/internal/dissolve.(*Dissolver).Run in goroutine 45402
	/home/mariell/go/pkg/mod/github.com/centrifugal/centrifuge@v0.33.3/internal/dissolve/dissolve.go:31 +0x25

goroutine 41792 [select]:
database/sql.(*DB).connectionCleaner(0xc01e497c70, 0xc01e060c08?)
	/usr/lib/go/src/database/sql/sql.go:1104 +0x9c
created by database/sql.(*DB).startCleanerLocked in goroutine 42495
	/usr/lib/go/src/database/sql/sql.go:1091 +0x105

goroutine 50069 [select]:
go.opentelemetry.io/otel/sdk/trace.(*batchSpanProcessor).processQueue(0xc0294088c0)
	/home/mariell/go/pkg/mod/go.opentelemetry.io/otel/sdk@v1.34.0/trace/batch_span_processor.go:302 +0x114
go.opentelemetry.io/otel/sdk/trace.NewBatchSpanProcessor.func1()
	/home/mariell/go/pkg/mod/go.opentelemetry.io/otel/sdk@v1.34.0/trace/batch_span_processor.go:117 +0x4e
created by go.opentelemetry.io/otel/sdk/trace.NewBatchSpanProcessor in goroutine 48632
	/home/mariell/go/pkg/mod/go.opentelemetry.io/otel/sdk@v1.34.0/trace/batch_span_processor.go:115 +0x2d9

goroutine 38905 [chan receive]:
github.com/grafana/grafana/pkg/storage/unified/resource.(*server).initWatcher.func1.1()
	/home/mariell/work/oss/grafana/pkg/storage/unified/resource/server.go:922 +0x58
created by github.com/grafana/grafana/pkg/storage/unified/resource.(*server).initWatcher.func1 in goroutine 37971
	/home/mariell/work/oss/grafana/pkg/storage/unified/resource/server.go:921 +0xaa

goroutine 39060 [sync.Cond.Wait]:
sync.runtime_notifyListWait(0xc01fe50bd0, 0x36)
	/usr/lib/go/src/runtime/sema.go:597 +0x159
sync.(*Cond).Wait(0x0?)
	/usr/lib/go/src/sync/cond.go:71 +0x85
github.com/centrifugal/centrifuge/internal/dissolve.(*queueImpl).Wait(0xc00bf5ccb0)
	/home/mariell/go/pkg/mod/github.com/centrifugal/centrifuge@v0.33.3/internal/dissolve/queue.go:139 +0x4a
github.com/centrifugal/centrifuge/internal/dissolve.(*Dissolver).runWorker(0xc017ecc900)
	/home/mariell/go/pkg/mod/github.com/centrifugal/centrifuge@v0.33.3/internal/dissolve/dissolve.go:52 +0x27
created by github.com/centrifugal/centrifuge/internal/dissolve.(*Dissolver).Run in goroutine 37971
	/home/mariell/go/pkg/mod/github.com/centrifugal/centrifuge@v0.33.3/internal/dissolve/dissolve.go:31 +0x25

goroutine 39061 [sync.Cond.Wait]:
sync.runtime_notifyListWait(0xc01fe50bd0, 0x37)
	/usr/lib/go/src/runtime/sema.go:597 +0x159
sync.(*Cond).Wait(0x10000c01be9c7d0?)
	/usr/lib/go/src/sync/cond.go:71 +0x85
github.com/centrifugal/centrifuge/internal/dissolve.(*queueImpl).Wait(0xc00bf5ccb0)
	/home/mariell/go/pkg/mod/github.com/centrifugal/centrifuge@v0.33.3/internal/dissolve/queue.go:139 +0x4a
github.com/centrifugal/centrifuge/internal/dissolve.(*Dissolver).runWorker(0xc017ecc900)
	/home/mariell/go/pkg/mod/github.com/centrifugal/centrifuge@v0.33.3/internal/dissolve/dissolve.go:52 +0x27
created by github.com/centrifugal/centrifuge/internal/dissolve.(*Dissolver).Run in goroutine 37971
	/home/mariell/go/pkg/mod/github.com/centrifugal/centrifuge@v0.33.3/internal/dissolve/dissolve.go:31 +0x25

goroutine 39062 [sync.Cond.Wait]:
sync.runtime_notifyListWait(0xc01fe50bd0, 0x38)
	/usr/lib/go/src/runtime/sema.go:597 +0x159
sync.(*Cond).Wait(0x100000000000000?)
	/usr/lib/go/src/sync/cond.go:71 +0x85
github.com/centrifugal/centrifuge/internal/dissolve.(*queueImpl).Wait(0xc00bf5ccb0)
	/home/mariell/go/pkg/mod/github.com/centrifugal/centrifuge@v0.33.3/internal/dissolve/queue.go:139 +0x4a
github.com/centrifugal/centrifuge/internal/dissolve.(*Dissolver).runWorker(0xc017ecc900)
	/home/mariell/go/pkg/mod/github.com/centrifugal/centrifuge@v0.33.3/internal/dissolve/dissolve.go:52 +0x27
created by github.com/centrifugal/centrifuge/internal/dissolve.(*Dissolver).Run in goroutine 37971
	/home/mariell/go/pkg/mod/github.com/centrifugal/centrifuge@v0.33.3/internal/dissolve/dissolve.go:31 +0x25

goroutine 39063 [sync.Cond.Wait]:
sync.runtime_notifyListWait(0xc01fe50bd0, 0x39)
	/usr/lib/go/src/runtime/sema.go:597 +0x159
sync.(*Cond).Wait(0x823435?)
	/usr/lib/go/src/sync/cond.go:71 +0x85
github.com/centrifugal/centrifuge/internal/dissolve.(*queueImpl).Wait(0xc00bf5ccb0)
	/home/mariell/go/pkg/mod/github.com/centrifugal/centrifuge@v0.33.3/internal/dissolve/queue.go:139 +0x4a
github.com/centrifugal/centrifuge/internal/dissolve.(*Dissolver).runWorker(0xc017ecc900)
	/home/mariell/go/pkg/mod/github.com/centrifugal/centrifuge@v0.33.3/internal/dissolve/dissolve.go:52 +0x27
created by github.com/centrifugal/centrifuge/internal/dissolve.(*Dissolver).Run in goroutine 37971
	/home/mariell/go/pkg/mod/github.com/centrifugal/centrifuge@v0.33.3/internal/dissolve/dissolve.go:31 +0x25

goroutine 39064 [sync.Cond.Wait]:
sync.runtime_notifyListWait(0xc01fe50bd0, 0x3a)
	/usr/lib/go/src/runtime/sema.go:597 +0x159
sync.(*Cond).Wait(0x0?)
	/usr/lib/go/src/sync/cond.go:71 +0x85
github.com/centrifugal/centrifuge/internal/dissolve.(*queueImpl).Wait(0xc00bf5ccb0)
	/home/mariell/go/pkg/mod/github.com/centrifugal/centrifuge@v0.33.3/internal/dissolve/queue.go:139 +0x4a
github.com/centrifugal/centrifuge/internal/dissolve.(*Dissolver).runWorker(0xc017ecc900)
	/home/mariell/go/pkg/mod/github.com/centrifugal/centrifuge@v0.33.3/internal/dissolve/dissolve.go:52 +0x27
created by github.com/centrifugal/centrifuge/internal/dissolve.(*Dissolver).Run in goroutine 37971
	/home/mariell/go/pkg/mod/github.com/centrifugal/centrifuge@v0.33.3/internal/dissolve/dissolve.go:31 +0x25

goroutine 39065 [sync.Cond.Wait]:
sync.runtime_notifyListWait(0xc01fe50bd0, 0x3b)
	/usr/lib/go/src/runtime/sema.go:597 +0x159
sync.(*Cond).Wait(0x100000000000000?)
	/usr/lib/go/src/sync/cond.go:71 +0x85
github.com/centrifugal/centrifuge/internal/dissolve.(*queueImpl).Wait(0xc00bf5ccb0)
	/home/mariell/go/pkg/mod/github.com/centrifugal/centrifuge@v0.33.3/internal/dissolve/queue.go:139 +0x4a
github.com/centrifugal/centrifuge/internal/dissolve.(*Dissolver).runWorker(0xc017ecc900)
	/home/mariell/go/pkg/mod/github.com/centrifugal/centrifuge@v0.33.3/internal/dissolve/dissolve.go:52 +0x27
created by github.com/centrifugal/centrifuge/internal/dissolve.(*Dissolver).Run in goroutine 37971
	/home/mariell/go/pkg/mod/github.com/centrifugal/centrifuge@v0.33.3/internal/dissolve/dissolve.go:31 +0x25

goroutine 39066 [sync.Cond.Wait]:
sync.runtime_notifyListWait(0xc01fe50bd0, 0x3c)
	/usr/lib/go/src/runtime/sema.go:597 +0x159
sync.(*Cond).Wait(0x10000c010333fd0?)
	/usr/lib/go/src/sync/cond.go:71 +0x85
github.com/centrifugal/centrifuge/internal/dissolve.(*queueImpl).Wait(0xc00bf5ccb0)
	/home/mariell/go/pkg/mod/github.com/centrifugal/centrifuge@v0.33.3/internal/dissolve/queue.go:139 +0x4a
github.com/centrifugal/centrifuge/internal/dissolve.(*Dissolver).runWorker(0xc017ecc900)
	/home/mariell/go/pkg/mod/github.com/centrifugal/centrifuge@v0.33.3/internal/dissolve/dissolve.go:52 +0x27
created by github.com/centrifugal/centrifuge/internal/dissolve.(*Dissolver).Run in goroutine 37971
	/home/mariell/go/pkg/mod/github.com/centrifugal/centrifuge@v0.33.3/internal/dissolve/dissolve.go:31 +0x25

goroutine 39067 [sync.Cond.Wait]:
sync.runtime_notifyListWait(0xc01fe50bd0, 0x3e)
	/usr/lib/go/src/runtime/sema.go:597 +0x159
sync.(*Cond).Wait(0x100000000000000?)
	/usr/lib/go/src/sync/cond.go:71 +0x85
github.com/centrifugal/centrifuge/internal/dissolve.(*queueImpl).Wait(0xc00bf5ccb0)
	/home/mariell/go/pkg/mod/github.com/centrifugal/centrifuge@v0.33.3/internal/dissolve/queue.go:139 +0x4a
github.com/centrifugal/centrifuge/internal/dissolve.(*Dissolver).runWorker(0xc017ecc900)
	/home/mariell/go/pkg/mod/github.com/centrifugal/centrifuge@v0.33.3/internal/dissolve/dissolve.go:52 +0x27
created by github.com/centrifugal/centrifuge/internal/dissolve.(*Dissolver).Run in goroutine 37971
	/home/mariell/go/pkg/mod/github.com/centrifugal/centrifuge@v0.33.3/internal/dissolve/dissolve.go:31 +0x25

goroutine 39068 [sync.Cond.Wait]:
sync.runtime_notifyListWait(0xc01fe50bd0, 0x3d)
	/usr/lib/go/src/runtime/sema.go:597 +0x159
sync.(*Cond).Wait(0x0?)
	/usr/lib/go/src/sync/cond.go:71 +0x85
github.com/centrifugal/centrifuge/internal/dissolve.(*queueImpl).Wait(0xc00bf5ccb0)
	/home/mariell/go/pkg/mod/github.com/centrifugal/centrifuge@v0.33.3/internal/dissolve/queue.go:139 +0x4a
github.com/centrifugal/centrifuge/internal/dissolve.(*Dissolver).runWorker(0xc017ecc900)
	/home/mariell/go/pkg/mod/github.com/centrifugal/centrifuge@v0.33.3/internal/dissolve/dissolve.go:52 +0x27
created by github.com/centrifugal/centrifuge/internal/dissolve.(*Dissolver).Run in goroutine 37971
	/home/mariell/go/pkg/mod/github.com/centrifugal/centrifuge@v0.33.3/internal/dissolve/dissolve.go:31 +0x25

goroutine 39069 [sync.Cond.Wait]:
sync.runtime_notifyListWait(0xc01fe50bd0, 0x3f)
	/usr/lib/go/src/runtime/sema.go:597 +0x159
sync.(*Cond).Wait(0x0?)
	/usr/lib/go/src/sync/cond.go:71 +0x85
github.com/centrifugal/centrifuge/internal/dissolve.(*queueImpl).Wait(0xc00bf5ccb0)
	/home/mariell/go/pkg/mod/github.com/centrifugal/centrifuge@v0.33.3/internal/dissolve/queue.go:139 +0x4a
github.com/centrifugal/centrifuge/internal/dissolve.(*Dissolver).runWorker(0xc017ecc900)
	/home/mariell/go/pkg/mod/github.com/centrifugal/centrifuge@v0.33.3/internal/dissolve/dissolve.go:52 +0x27
created by github.com/centrifugal/centrifuge/internal/dissolve.(*Dissolver).Run in goroutine 37971
	/home/mariell/go/pkg/mod/github.com/centrifugal/centrifuge@v0.33.3/internal/dissolve/dissolve.go:31 +0x25

goroutine 40572 [sync.Cond.Wait]:
sync.runtime_notifyListWait(0xc0228a0b10, 0x26)
	/usr/lib/go/src/runtime/sema.go:597 +0x159
sync.(*Cond).Wait(0xc00f2e80e0?)
	/usr/lib/go/src/sync/cond.go:71 +0x85
github.com/centrifugal/centrifuge/internal/dissolve.(*queueImpl).Wait(0xc0228cc690)
	/home/mariell/go/pkg/mod/github.com/centrifugal/centrifuge@v0.33.3/internal/dissolve/queue.go:139 +0x4a
github.com/centrifugal/centrifuge/internal/dissolve.(*Dissolver).runWorker(0xc015fedd58)
	/home/mariell/go/pkg/mod/github.com/centrifugal/centrifuge@v0.33.3/internal/dissolve/dissolve.go:52 +0x27
created by github.com/centrifugal/centrifuge/internal/dissolve.(*Dissolver).Run in goroutine 36287
	/home/mariell/go/pkg/mod/github.com/centrifugal/centrifuge@v0.33.3/internal/dissolve/dissolve.go:31 +0x25

goroutine 40574 [sync.Cond.Wait]:
sync.runtime_notifyListWait(0xc0228a0b10, 0x28)
	/usr/lib/go/src/runtime/sema.go:597 +0x159
sync.(*Cond).Wait(0xc00c1af410?)
	/usr/lib/go/src/sync/cond.go:71 +0x85
github.com/centrifugal/centrifuge/internal/dissolve.(*queueImpl).Wait(0xc0228cc690)
	/home/mariell/go/pkg/mod/github.com/centrifugal/centrifuge@v0.33.3/internal/dissolve/queue.go:139 +0x4a
github.com/centrifugal/centrifuge/internal/dissolve.(*Dissolver).runWorker(0xc015fedd58)
	/home/mariell/go/pkg/mod/github.com/centrifugal/centrifuge@v0.33.3/internal/dissolve/dissolve.go:52 +0x27
created by github.com/centrifugal/centrifuge/internal/dissolve.(*Dissolver).Run in goroutine 36287
	/home/mariell/go/pkg/mod/github.com/centrifugal/centrifuge@v0.33.3/internal/dissolve/dissolve.go:31 +0x25

goroutine 40575 [sync.Cond.Wait]:
sync.runtime_notifyListWait(0xc0228a0b10, 0x1f)
	/usr/lib/go/src/runtime/sema.go:597 +0x159
sync.(*Cond).Wait(0x1?)
	/usr/lib/go/src/sync/cond.go:71 +0x85
github.com/centrifugal/centrifuge/internal/dissolve.(*queueImpl).Wait(0xc0228cc690)
	/home/mariell/go/pkg/mod/github.com/centrifugal/centrifuge@v0.33.3/internal/dissolve/queue.go:139 +0x4a
github.com/centrifugal/centrifuge/internal/dissolve.(*Dissolver).runWorker(0xc015fedd58)
	/home/mariell/go/pkg/mod/github.com/centrifugal/centrifuge@v0.33.3/internal/dissolve/dissolve.go:52 +0x27
created by github.com/centrifugal/centrifuge/internal/dissolve.(*Dissolver).Run in goroutine 36287
	/home/mariell/go/pkg/mod/github.com/centrifugal/centrifuge@v0.33.3/internal/dissolve/dissolve.go:31 +0x25

goroutine 40569 [sync.Cond.Wait]:
sync.runtime_notifyListWait(0xc0228a0b10, 0x23)
	/usr/lib/go/src/runtime/sema.go:597 +0x159
sync.(*Cond).Wait(0xc01bd8f7d0?)
	/usr/lib/go/src/sync/cond.go:71 +0x85
github.com/centrifugal/centrifuge/internal/dissolve.(*queueImpl).Wait(0xc0228cc690)
	/home/mariell/go/pkg/mod/github.com/centrifugal/centrifuge@v0.33.3/internal/dissolve/queue.go:139 +0x4a
github.com/centrifugal/centrifuge/internal/dissolve.(*Dissolver).runWorker(0xc015fedd58)
	/home/mariell/go/pkg/mod/github.com/centrifugal/centrifuge@v0.33.3/internal/dissolve/dissolve.go:52 +0x27
created by github.com/centrifugal/centrifuge/internal/dissolve.(*Dissolver).Run in goroutine 36287
	/home/mariell/go/pkg/mod/github.com/centrifugal/centrifuge@v0.33.3/internal/dissolve/dissolve.go:31 +0x25

goroutine 39126 [select]:
github.com/patrickmn/go-cache.(*janitor).Run(0xc00cb68110, 0xc0111a6f40)
	/home/mariell/go/pkg/mod/github.com/patrickmn/go-cache@v2.1.0+incompatible/cache.go:1079 +0x7b
created by github.com/patrickmn/go-cache.runJanitor in goroutine 37971
	/home/mariell/go/pkg/mod/github.com/patrickmn/go-cache@v2.1.0+incompatible/cache.go:1099 +0xdb

goroutine 39132 [select]:
github.com/patrickmn/go-cache.(*janitor).Run(0xc0093b8780, 0xc00a40ca80)
	/home/mariell/go/pkg/mod/github.com/patrickmn/go-cache@v2.1.0+incompatible/cache.go:1079 +0x7b
created by github.com/patrickmn/go-cache.runJanitor in goroutine 37971
	/home/mariell/go/pkg/mod/github.com/patrickmn/go-cache@v2.1.0+incompatible/cache.go:1099 +0xdb

goroutine 39133 [select]:
github.com/patrickmn/go-cache.(*janitor).Run(0xc0093b88e0, 0xc00a40cb40)
	/home/mariell/go/pkg/mod/github.com/patrickmn/go-cache@v2.1.0+incompatible/cache.go:1079 +0x7b
created by github.com/patrickmn/go-cache.runJanitor in goroutine 37971
	/home/mariell/go/pkg/mod/github.com/patrickmn/go-cache@v2.1.0+incompatible/cache.go:1099 +0xdb

goroutine 39134 [select]:
github.com/patrickmn/go-cache.(*janitor).Run(0xc0093b88f0, 0xc00a40cb80)
	/home/mariell/go/pkg/mod/github.com/patrickmn/go-cache@v2.1.0+incompatible/cache.go:1079 +0x7b
created by github.com/patrickmn/go-cache.runJanitor in goroutine 37971
	/home/mariell/go/pkg/mod/github.com/patrickmn/go-cache@v2.1.0+incompatible/cache.go:1099 +0xdb

goroutine 39212 [select]:
github.com/patrickmn/go-cache.(*janitor).Run(0xc007744e20, 0xc004907e00)
	/home/mariell/go/pkg/mod/github.com/patrickmn/go-cache@v2.1.0+incompatible/cache.go:1079 +0x7b
created by github.com/patrickmn/go-cache.runJanitor in goroutine 37971
	/home/mariell/go/pkg/mod/github.com/patrickmn/go-cache@v2.1.0+incompatible/cache.go:1099 +0xdb

goroutine 39214 [select]:
github.com/patrickmn/go-cache.(*janitor).Run(0xc007745da0, 0xc0147fa800)
	/home/mariell/go/pkg/mod/github.com/patrickmn/go-cache@v2.1.0+incompatible/cache.go:1079 +0x7b
created by github.com/patrickmn/go-cache.runJanitor in goroutine 37971
	/home/mariell/go/pkg/mod/github.com/patrickmn/go-cache@v2.1.0+incompatible/cache.go:1099 +0xdb

goroutine 41942 [chan receive]:
github.com/grafana/grafana/pkg/storage/unified/resource.(*server).initWatcher.func1.1()
	/home/mariell/work/oss/grafana/pkg/storage/unified/resource/server.go:922 +0x58
created by github.com/grafana/grafana/pkg/storage/unified/resource.(*server).initWatcher.func1 in goroutine 40816
	/home/mariell/work/oss/grafana/pkg/storage/unified/resource/server.go:921 +0xaa

goroutine 56262 [select]:
net/http.(*persistConn).writeLoop(0xc025372120)
	/usr/lib/go/src/net/http/transport.go:2590 +0xe7
created by net/http.(*Transport).dialConn in goroutine 54557
	/usr/lib/go/src/net/http/transport.go:1945 +0x17a5

goroutine 44040 [select]:
github.com/grafana/grafana/pkg/storage/unified/resource.(*cache[...]).run(0xc01e680880)
	/home/mariell/work/oss/grafana/pkg/storage/unified/resource/broadcaster.go:291 +0xb0
created by github.com/grafana/grafana/pkg/storage/unified/resource.newChannelCache[...] in goroutine 42497
	/home/mariell/work/oss/grafana/pkg/storage/unified/resource/broadcaster.go:276 +0x189

goroutine 43617 [sync.Cond.Wait]:
sync.runtime_notifyListWait(0xc00d19c890, 0x8)
	/usr/lib/go/src/runtime/sema.go:597 +0x159
sync.(*Cond).Wait(0xc019053fd0?)
	/usr/lib/go/src/sync/cond.go:71 +0x85
github.com/centrifugal/centrifuge/internal/dissolve.(*queueImpl).Wait(0xc015e6a930)
	/home/mariell/go/pkg/mod/github.com/centrifugal/centrifuge@v0.33.3/internal/dissolve/queue.go:139 +0x4a
github.com/centrifugal/centrifuge/internal/dissolve.(*Dissolver).runWorker(0xc0132189d8)
	/home/mariell/go/pkg/mod/github.com/centrifugal/centrifuge@v0.33.3/internal/dissolve/dissolve.go:52 +0x27
created by github.com/centrifugal/centrifuge/internal/dissolve.(*Dissolver).Run in goroutine 42495
	/home/mariell/go/pkg/mod/github.com/centrifugal/centrifuge@v0.33.3/internal/dissolve/dissolve.go:31 +0x25

goroutine 75146 [select]:
net/http.(*persistConn).writeLoop(0xc02b560120)
	/usr/lib/go/src/net/http/transport.go:2590 +0xe7
created by net/http.(*Transport).dialConn in goroutine 74353
	/usr/lib/go/src/net/http/transport.go:1945 +0x17a5

goroutine 48208 [select]:
k8s.io/apimachinery/pkg/util/wait.BackoffUntil(0xc00f61e200, {0xa95ac00, 0xc01c2bf5f0}, 0x1, 0xc00dd76380)
	/home/mariell/go/pkg/mod/k8s.io/apimachinery@v0.32.1/pkg/util/wait/backoff.go:238 +0x12c
k8s.io/apimachinery/pkg/util/wait.JitterUntil(0xc00f61e200, 0x3b9aca00, 0x3ff3333333333333, 0x1, 0xc00dd76380)
	/home/mariell/go/pkg/mod/k8s.io/apimachinery@v0.32.1/pkg/util/wait/backoff.go:204 +0x7f
created by k8s.io/apiserver/pkg/registry/generic/registry.(*Store).startObservingCount in goroutine 48200
	/home/mariell/go/pkg/mod/k8s.io/apiserver@v0.32.1/pkg/registry/generic/registry/store.go:1666 +0x2f9

goroutine 43610 [sync.Cond.Wait]:
sync.runtime_notifyListWait(0xc00d19c890, 0x0)
	/usr/lib/go/src/runtime/sema.go:597 +0x159
sync.(*Cond).Wait(0x0?)
	/usr/lib/go/src/sync/cond.go:71 +0x85
github.com/centrifugal/centrifuge/internal/dissolve.(*queueImpl).Wait(0xc015e6a930)
	/home/mariell/go/pkg/mod/github.com/centrifugal/centrifuge@v0.33.3/internal/dissolve/queue.go:139 +0x4a
github.com/centrifugal/centrifuge/internal/dissolve.(*Dissolver).runWorker(0xc0132189d8)
	/home/mariell/go/pkg/mod/github.com/centrifugal/centrifuge@v0.33.3/internal/dissolve/dissolve.go:52 +0x27
created by github.com/centrifugal/centrifuge/internal/dissolve.(*Dissolver).Run in goroutine 42495
	/home/mariell/go/pkg/mod/github.com/centrifugal/centrifuge@v0.33.3/internal/dissolve/dissolve.go:31 +0x25

goroutine 39389 [select]:
net/http.(*persistConn).writeLoop(0xc0048d0360)
	/usr/lib/go/src/net/http/transport.go:2590 +0xe7
created by net/http.(*Transport).dialConn in goroutine 37423
	/usr/lib/go/src/net/http/transport.go:1945 +0x17a5

goroutine 42518 [chan receive]:
github.com/grafana/grafana/pkg/storage/unified/resource.(*server).initWatcher.func1.1()
	/home/mariell/work/oss/grafana/pkg/storage/unified/resource/server.go:922 +0x58
created by github.com/grafana/grafana/pkg/storage/unified/resource.(*server).initWatcher.func1 in goroutine 38865
	/home/mariell/work/oss/grafana/pkg/storage/unified/resource/server.go:921 +0xaa

goroutine 49802 [sync.Cond.Wait]:
sync.runtime_notifyListWait(0xc028e24c90, 0x2b)
	/usr/lib/go/src/runtime/sema.go:597 +0x159
sync.(*Cond).Wait(0x0?)
	/usr/lib/go/src/sync/cond.go:71 +0x85
github.com/centrifugal/centrifuge/internal/dissolve.(*queueImpl).Wait(0xc028e3d810)
	/home/mariell/go/pkg/mod/github.com/centrifugal/centrifuge@v0.33.3/internal/dissolve/queue.go:139 +0x4a
github.com/centrifugal/centrifuge/internal/dissolve.(*Dissolver).runWorker(0xc028d11578)
	/home/mariell/go/pkg/mod/github.com/centrifugal/centrifuge@v0.33.3/internal/dissolve/dissolve.go:52 +0x27
created by github.com/centrifugal/centrifuge/internal/dissolve.(*Dissolver).Run in goroutine 48632
	/home/mariell/go/pkg/mod/github.com/centrifugal/centrifuge@v0.33.3/internal/dissolve/dissolve.go:31 +0x25

goroutine 39386 [IO wait]:
internal/poll.runtime_pollWait(0x7775581bc818, 0x72)
	/usr/lib/go/src/runtime/netpoll.go:351 +0x85
internal/poll.(*pollDesc).wait(0xc00c677600?, 0xc018f3c000?, 0x0)
	/usr/lib/go/src/internal/poll/fd_poll_runtime.go:84 +0x27
internal/poll.(*pollDesc).waitRead(...)
	/usr/lib/go/src/internal/poll/fd_poll_runtime.go:89
internal/poll.(*FD).Read(0xc00c677600, {0xc018f3c000, 0x1300, 0x1300})
	/usr/lib/go/src/internal/poll/fd_unix.go:165 +0x27a
net.(*netFD).Read(0xc00c677600, {0xc018f3c000?, 0xc018f3c000?, 0x5?})
	/usr/lib/go/src/net/fd_posix.go:55 +0x25
net.(*conn).Read(0xc011c12070, {0xc018f3c000?, 0x7775603e67a0?, 0x7775a8b285c0?})
	/usr/lib/go/src/net/net.go:194 +0x45
crypto/tls.(*atLeastReader).Read(0xc017ecdda0, {0xc018f3c000?, 0x43f787?, 0x0?})
	/usr/lib/go/src/crypto/tls/conn.go:809 +0x3b
bytes.(*Buffer).ReadFrom(0xc017e462b8, {0xa94e300, 0xc017ecdda0})
	/usr/lib/go/src/bytes/buffer.go:211 +0x98
crypto/tls.(*Conn).readFromUntil(0xc017e46008, {0xa94dc00, 0xc011c12070}, 0x444af4?)
	/usr/lib/go/src/crypto/tls/conn.go:831 +0xde
crypto/tls.(*Conn).readRecordOrCCS(0xc017e46008, 0x0)
	/usr/lib/go/src/crypto/tls/conn.go:629 +0x3cf
crypto/tls.(*Conn).readRecord(...)
	/usr/lib/go/src/crypto/tls/conn.go:591
crypto/tls.(*Conn).Read(0xc017e46008, {0xc00c9e2000, 0x1000, 0xc011fc3080?})
	/usr/lib/go/src/crypto/tls/conn.go:1385 +0x145
net/http.(*persistConn).Read(0xc0040f2900, {0xc00c9e2000?, 0x81fe45?, 0xa94be80?})
	/usr/lib/go/src/net/http/transport.go:2122 +0x47
bufio.(*Reader).fill(0xc01442a0c0)
	/usr/lib/go/src/bufio/bufio.go:113 +0x103
bufio.(*Reader).Peek(0xc01442a0c0, 0x1)
	/usr/lib/go/src/bufio/bufio.go:152 +0x53
net/http.(*persistConn).readLoop(0xc0040f2900)
	/usr/lib/go/src/net/http/transport.go:2275 +0x172
created by net/http.(*Transport).dialConn in goroutine 36416
	/usr/lib/go/src/net/http/transport.go:1944 +0x174f

goroutine 39387 [select]:
net/http.(*persistConn).writeLoop(0xc0040f2900)
	/usr/lib/go/src/net/http/transport.go:2590 +0xe7
created by net/http.(*Transport).dialConn in goroutine 36416
	/usr/lib/go/src/net/http/transport.go:1945 +0x17a5

goroutine 45169 [sync.Cond.Wait]:
sync.runtime_notifyListWait(0xc026bf9c10, 0x1e)
	/usr/lib/go/src/runtime/sema.go:597 +0x159
sync.(*Cond).Wait(0x0?)
	/usr/lib/go/src/sync/cond.go:71 +0x85
github.com/centrifugal/centrifuge/internal/dissolve.(*queueImpl).Wait(0xc026c14c40)
	/home/mariell/go/pkg/mod/github.com/centrifugal/centrifuge@v0.33.3/internal/dissolve/queue.go:139 +0x4a
github.com/centrifugal/centrifuge/internal/dissolve.(*Dissolver).runWorker(0xc026b0b128)
	/home/mariell/go/pkg/mod/github.com/centrifugal/centrifuge@v0.33.3/internal/dissolve/dissolve.go:52 +0x27
created by github.com/centrifugal/centrifuge/internal/dissolve.(*Dissolver).Run in goroutine 44067
	/home/mariell/go/pkg/mod/github.com/centrifugal/centrifuge@v0.33.3/internal/dissolve/dissolve.go:31 +0x25

goroutine 42517 [chan receive]:
github.com/grafana/grafana/pkg/registry/apis/dashboard/legacy.(*dashboardSqlAccess).WatchWriteEvents.func1()
	/home/mariell/work/oss/grafana/pkg/registry/apis/dashboard/legacy/storage.go:238 +0x50
created by github.com/grafana/grafana/pkg/registry/apis/dashboard/legacy.(*dashboardSqlAccess).WatchWriteEvents in goroutine 38865
	/home/mariell/work/oss/grafana/pkg/registry/apis/dashboard/legacy/storage.go:236 +0x1b6

goroutine 40661 [select]:
github.com/patrickmn/go-cache.(*janitor).Run(0xc022cc58e0, 0xc022cd9280)
	/home/mariell/go/pkg/mod/github.com/patrickmn/go-cache@v2.1.0+incompatible/cache.go:1079 +0x7b
created by github.com/patrickmn/go-cache.runJanitor in goroutine 36287
	/home/mariell/go/pkg/mod/github.com/patrickmn/go-cache@v2.1.0+incompatible/cache.go:1099 +0xdb

goroutine 42053 [sync.Cond.Wait]:
sync.runtime_notifyListWait(0xc01bc03e10, 0x16)
	/usr/lib/go/src/runtime/sema.go:597 +0x159
sync.(*Cond).Wait(0x0?)
	/usr/lib/go/src/sync/cond.go:71 +0x85
github.com/centrifugal/centrifuge/internal/dissolve.(*queueImpl).Wait(0xc01e10aa10)
	/home/mariell/go/pkg/mod/github.com/centrifugal/centrifuge@v0.33.3/internal/dissolve/queue.go:139 +0x4a
github.com/centrifugal/centrifuge/internal/dissolve.(*Dissolver).runWorker(0xc0122187e0)
	/home/mariell/go/pkg/mod/github.com/centrifugal/centrifuge@v0.33.3/internal/dissolve/dissolve.go:52 +0x27
created by github.com/centrifugal/centrifuge/internal/dissolve.(*Dissolver).Run in goroutine 40816
	/home/mariell/go/pkg/mod/github.com/centrifugal/centrifuge@v0.33.3/internal/dissolve/dissolve.go:31 +0x25

goroutine 46723 [sync.Cond.Wait]:
sync.runtime_notifyListWait(0xc016303990, 0x1d)
	/usr/lib/go/src/runtime/sema.go:597 +0x159
sync.(*Cond).Wait(0xc01a0b5c50?)
	/usr/lib/go/src/sync/cond.go:71 +0x85
github.com/centrifugal/centrifuge/internal/dissolve.(*queueImpl).Wait(0xc020154850)
	/home/mariell/go/pkg/mod/github.com/centrifugal/centrifuge@v0.33.3/internal/dissolve/queue.go:139 +0x4a
github.com/centrifugal/centrifuge/internal/dissolve.(*Dissolver).runWorker(0xc00b4e8b40)
	/home/mariell/go/pkg/mod/github.com/centrifugal/centrifuge@v0.33.3/internal/dissolve/dissolve.go:52 +0x27
created by github.com/centrifugal/centrifuge/internal/dissolve.(*Dissolver).Run in goroutine 45402
	/home/mariell/go/pkg/mod/github.com/centrifugal/centrifuge@v0.33.3/internal/dissolve/dissolve.go:31 +0x25

goroutine 58929 [sync.Cond.Wait]:
sync.runtime_notifyListWait(0xc01f861010, 0x3a)
	/usr/lib/go/src/runtime/sema.go:597 +0x159
sync.(*Cond).Wait(0xc0232ffa01?)
	/usr/lib/go/src/sync/cond.go:71 +0x85
github.com/centrifugal/centrifuge/internal/dissolve.(*queueImpl).Wait(0xc01921b6c0)
	/home/mariell/go/pkg/mod/github.com/centrifugal/centrifuge@v0.33.3/internal/dissolve/queue.go:139 +0x4a
github.com/centrifugal/centrifuge/internal/dissolve.(*Dissolver).runWorker(0xc0243b2a20)
	/home/mariell/go/pkg/mod/github.com/centrifugal/centrifuge@v0.33.3/internal/dissolve/dissolve.go:52 +0x27
created by github.com/centrifugal/centrifuge/internal/dissolve.(*Dissolver).Run in goroutine 57831
	/home/mariell/go/pkg/mod/github.com/centrifugal/centrifuge@v0.33.3/internal/dissolve/dissolve.go:31 +0x25

goroutine 51684 [select]:
net/http.(*persistConn).writeLoop(0xc02579a000)
	/usr/lib/go/src/net/http/transport.go:2590 +0xe7
created by net/http.(*Transport).dialConn in goroutine 51538
	/usr/lib/go/src/net/http/transport.go:1945 +0x17a5

goroutine 77363 [sync.Cond.Wait]:
sync.runtime_notifyListWait(0xc045ae3d50, 0x0)
	/usr/lib/go/src/runtime/sema.go:597 +0x159
sync.(*Cond).Wait(0x0?)
	/usr/lib/go/src/sync/cond.go:71 +0x85
github.com/centrifugal/centrifuge/internal/dissolve.(*queueImpl).Wait(0xc045afb420)
	/home/mariell/go/pkg/mod/github.com/centrifugal/centrifuge@v0.33.3/internal/dissolve/queue.go:139 +0x4a
github.com/centrifugal/centrifuge/internal/dissolve.(*Dissolver).runWorker(0xc034b3a078)
	/home/mariell/go/pkg/mod/github.com/centrifugal/centrifuge@v0.33.3/internal/dissolve/dissolve.go:52 +0x27
created by github.com/centrifugal/centrifuge/internal/dissolve.(*Dissolver).Run in goroutine 4437
	/home/mariell/go/pkg/mod/github.com/centrifugal/centrifuge@v0.33.3/internal/dissolve/dissolve.go:31 +0x25

goroutine 40545 [sync.Cond.Wait]:
sync.runtime_notifyListWait(0xc0228a0b10, 0x9)
	/usr/lib/go/src/runtime/sema.go:597 +0x159
sync.(*Cond).Wait(0xc01e918fd0?)
	/usr/lib/go/src/sync/cond.go:71 +0x85
github.com/centrifugal/centrifuge/internal/dissolve.(*queueImpl).Wait(0xc0228cc690)
	/home/mariell/go/pkg/mod/github.com/centrifugal/centrifuge@v0.33.3/internal/dissolve/queue.go:139 +0x4a
github.com/centrifugal/centrifuge/internal/dissolve.(*Dissolver).runWorker(0xc015fedd58)
	/home/mariell/go/pkg/mod/github.com/centrifugal/centrifuge@v0.33.3/internal/dissolve/dissolve.go:52 +0x27
created by github.com/centrifugal/centrifuge/internal/dissolve.(*Dissolver).Run in goroutine 36287
	/home/mariell/go/pkg/mod/github.com/centrifugal/centrifuge@v0.33.3/internal/dissolve/dissolve.go:31 +0x25

goroutine 40379 [select]:
github.com/patrickmn/go-cache.(*janitor).Run(0xc022b8b290, 0xc0222049c0)
	/home/mariell/go/pkg/mod/github.com/patrickmn/go-cache@v2.1.0+incompatible/cache.go:1079 +0x7b
created by github.com/patrickmn/go-cache.runJanitor in goroutine 36287
	/home/mariell/go/pkg/mod/github.com/patrickmn/go-cache@v2.1.0+incompatible/cache.go:1099 +0xdb

goroutine 43628 [sync.Cond.Wait]:
sync.runtime_notifyListWait(0xc00d19c890, 0x13)
	/usr/lib/go/src/runtime/sema.go:597 +0x159
sync.(*Cond).Wait(0x0?)
	/usr/lib/go/src/sync/cond.go:71 +0x85
github.com/centrifugal/centrifuge/internal/dissolve.(*queueImpl).Wait(0xc015e6a930)
	/home/mariell/go/pkg/mod/github.com/centrifugal/centrifuge@v0.33.3/internal/dissolve/queue.go:139 +0x4a
github.com/centrifugal/centrifuge/internal/dissolve.(*Dissolver).runWorker(0xc0132189d8)
	/home/mariell/go/pkg/mod/github.com/centrifugal/centrifuge@v0.33.3/internal/dissolve/dissolve.go:52 +0x27
created by github.com/centrifugal/centrifuge/internal/dissolve.(*Dissolver).Run in goroutine 42495
	/home/mariell/go/pkg/mod/github.com/centrifugal/centrifuge@v0.33.3/internal/dissolve/dissolve.go:31 +0x25

goroutine 40547 [sync.Cond.Wait]:
sync.runtime_notifyListWait(0xc0228a0b10, 0xb)
	/usr/lib/go/src/runtime/sema.go:597 +0x159
sync.(*Cond).Wait(0x0?)
	/usr/lib/go/src/sync/cond.go:71 +0x85
github.com/centrifugal/centrifuge/internal/dissolve.(*queueImpl).Wait(0xc0228cc690)
	/home/mariell/go/pkg/mod/github.com/centrifugal/centrifuge@v0.33.3/internal/dissolve/queue.go:139 +0x4a
github.com/centrifugal/centrifuge/internal/dissolve.(*Dissolver).runWorker(0xc015fedd58)
	/home/mariell/go/pkg/mod/github.com/centrifugal/centrifuge@v0.33.3/internal/dissolve/dissolve.go:52 +0x27
created by github.com/centrifugal/centrifuge/internal/dissolve.(*Dissolver).Run in goroutine 36287
	/home/mariell/go/pkg/mod/github.com/centrifugal/centrifuge@v0.33.3/internal/dissolve/dissolve.go:31 +0x25

goroutine 40372 [select]:
github.com/patrickmn/go-cache.(*janitor).Run(0xc022b1d7a0, 0xc022204000)
	/home/mariell/go/pkg/mod/github.com/patrickmn/go-cache@v2.1.0+incompatible/cache.go:1079 +0x7b
created by github.com/patrickmn/go-cache.runJanitor in goroutine 36287
	/home/mariell/go/pkg/mod/github.com/patrickmn/go-cache@v2.1.0+incompatible/cache.go:1099 +0xdb

goroutine 46752 [sync.Cond.Wait]:
sync.runtime_notifyListWait(0xc016303990, 0x3e)
	/usr/lib/go/src/runtime/sema.go:597 +0x159
sync.(*Cond).Wait(0x0?)
	/usr/lib/go/src/sync/cond.go:71 +0x85
github.com/centrifugal/centrifuge/internal/dissolve.(*queueImpl).Wait(0xc020154850)
	/home/mariell/go/pkg/mod/github.com/centrifugal/centrifuge@v0.33.3/internal/dissolve/queue.go:139 +0x4a
github.com/centrifugal/centrifuge/internal/dissolve.(*Dissolver).runWorker(0xc00b4e8b40)
	/home/mariell/go/pkg/mod/github.com/centrifugal/centrifuge@v0.33.3/internal/dissolve/dissolve.go:52 +0x27
created by github.com/centrifugal/centrifuge/internal/dissolve.(*Dissolver).Run in goroutine 45402
	/home/mariell/go/pkg/mod/github.com/centrifugal/centrifuge@v0.33.3/internal/dissolve/dissolve.go:31 +0x25

goroutine 48207 [select]:
github.com/grafana/grafana/pkg/storage/unified/resource.(*broadcaster[...]).stream(0xab113a0, 0xc016c84bd0)
	/home/mariell/work/oss/grafana/pkg/storage/unified/resource/broadcaster.go:205 +0x13d
created by github.com/grafana/grafana/pkg/storage/unified/resource.(*broadcaster[...]).init in goroutine 48200
	/home/mariell/work/oss/grafana/pkg/storage/unified/resource/broadcaster.go:177 +0x219

goroutine 43976 [IO wait]:
internal/poll.runtime_pollWait(0x7775504ff298, 0x72)
	/usr/lib/go/src/runtime/netpoll.go:351 +0x85
internal/poll.(*pollDesc).wait(0xc016a84000?, 0xc00cba1900?, 0x0)
	/usr/lib/go/src/internal/poll/fd_poll_runtime.go:84 +0x27
internal/poll.(*pollDesc).waitRead(...)
	/usr/lib/go/src/internal/poll/fd_poll_runtime.go:89
internal/poll.(*FD).Read(0xc016a84000, {0xc00cba1900, 0x1300, 0x1300})
	/usr/lib/go/src/internal/poll/fd_unix.go:165 +0x27a
net.(*netFD).Read(0xc016a84000, {0xc00cba1900?, 0xc00cba1900?, 0x5?})
	/usr/lib/go/src/net/fd_posix.go:55 +0x25
net.(*conn).Read(0xc0046d4100, {0xc00cba1900?, 0x7775591dde50?, 0x7775a8b298a0?})
	/usr/lib/go/src/net/net.go:194 +0x45
crypto/tls.(*atLeastReader).Read(0xc015aa08d0, {0xc00cba1900?, 0x12fb?, 0x83c1a9?})
	/usr/lib/go/src/crypto/tls/conn.go:809 +0x3b
bytes.(*Buffer).ReadFrom(0xc01cbda638, {0xa94e300, 0xc015aa08d0})
	/usr/lib/go/src/bytes/buffer.go:211 +0x98
crypto/tls.(*Conn).readFromUntil(0xc01cbda388, {0xa94dc00, 0xc0046d4100}, 0x444af4?)
	/usr/lib/go/src/crypto/tls/conn.go:831 +0xde
crypto/tls.(*Conn).readRecordOrCCS(0xc01cbda388, 0x0)
	/usr/lib/go/src/crypto/tls/conn.go:629 +0x3cf
crypto/tls.(*Conn).readRecord(...)
	/usr/lib/go/src/crypto/tls/conn.go:591
crypto/tls.(*Conn).Read(0xc01cbda388, {0xc016a99000, 0x1000, 0xc01d5c4ae0?})
	/usr/lib/go/src/crypto/tls/conn.go:1385 +0x145
net/http.(*persistConn).Read(0xc02559c240, {0xc016a99000?, 0x81fe45?, 0xa94be80?})
	/usr/lib/go/src/net/http/transport.go:2122 +0x47
bufio.(*Reader).fill(0xc019cdfbc0)
	/usr/lib/go/src/bufio/bufio.go:113 +0x103
bufio.(*Reader).Peek(0xc019cdfbc0, 0x1)
	/usr/lib/go/src/bufio/bufio.go:152 +0x53
net/http.(*persistConn).readLoop(0xc02559c240)
	/usr/lib/go/src/net/http/transport.go:2275 +0x172
created by net/http.(*Transport).dialConn in goroutine 43852
	/usr/lib/go/src/net/http/transport.go:1944 +0x174f

goroutine 42074 [sync.Cond.Wait]:
sync.runtime_notifyListWait(0xc01bc03e10, 0x8)
	/usr/lib/go/src/runtime/sema.go:597 +0x159
sync.(*Cond).Wait(0x0?)
	/usr/lib/go/src/sync/cond.go:71 +0x85
github.com/centrifugal/centrifuge/internal/dissolve.(*queueImpl).Wait(0xc01e10aa10)
	/home/mariell/go/pkg/mod/github.com/centrifugal/centrifuge@v0.33.3/internal/dissolve/queue.go:139 +0x4a
github.com/centrifugal/centrifuge/internal/dissolve.(*Dissolver).runWorker(0xc0122187e0)
	/home/mariell/go/pkg/mod/github.com/centrifugal/centrifuge@v0.33.3/internal/dissolve/dissolve.go:52 +0x27
created by github.com/centrifugal/centrifuge/internal/dissolve.(*Dissolver).Run in goroutine 40816
	/home/mariell/go/pkg/mod/github.com/centrifugal/centrifuge@v0.33.3/internal/dissolve/dissolve.go:31 +0x25

goroutine 40373 [select]:
github.com/patrickmn/go-cache.(*janitor).Run(0xc022b8a910, 0xc022204640)
	/home/mariell/go/pkg/mod/github.com/patrickmn/go-cache@v2.1.0+incompatible/cache.go:1079 +0x7b
created by github.com/patrickmn/go-cache.runJanitor in goroutine 36287
	/home/mariell/go/pkg/mod/github.com/patrickmn/go-cache@v2.1.0+incompatible/cache.go:1099 +0xdb

goroutine 46742 [sync.Cond.Wait]:
sync.runtime_notifyListWait(0xc016303990, 0x39)
	/usr/lib/go/src/runtime/sema.go:597 +0x159
sync.(*Cond).Wait(0x0?)
	/usr/lib/go/src/sync/cond.go:71 +0x85
github.com/centrifugal/centrifuge/internal/dissolve.(*queueImpl).Wait(0xc020154850)
	/home/mariell/go/pkg/mod/github.com/centrifugal/centrifuge@v0.33.3/internal/dissolve/queue.go:139 +0x4a
github.com/centrifugal/centrifuge/internal/dissolve.(*Dissolver).runWorker(0xc00b4e8b40)
	/home/mariell/go/pkg/mod/github.com/centrifugal/centrifuge@v0.33.3/internal/dissolve/dissolve.go:52 +0x27
created by github.com/centrifugal/centrifuge/internal/dissolve.(*Dissolver).Run in goroutine 45402
	/home/mariell/go/pkg/mod/github.com/centrifugal/centrifuge@v0.33.3/internal/dissolve/dissolve.go:31 +0x25

goroutine 40596 [sync.Cond.Wait]:
sync.runtime_notifyListWait(0xc0228a0b10, 0x3e)
	/usr/lib/go/src/runtime/sema.go:597 +0x159
sync.(*Cond).Wait(0x0?)
	/usr/lib/go/src/sync/cond.go:71 +0x85
github.com/centrifugal/centrifuge/internal/dissolve.(*queueImpl).Wait(0xc0228cc690)
	/home/mariell/go/pkg/mod/github.com/centrifugal/centrifuge@v0.33.3/internal/dissolve/queue.go:139 +0x4a
github.com/centrifugal/centrifuge/internal/dissolve.(*Dissolver).runWorker(0xc015fedd58)
	/home/mariell/go/pkg/mod/github.com/centrifugal/centrifuge@v0.33.3/internal/dissolve/dissolve.go:52 +0x27
created by github.com/centrifugal/centrifuge/internal/dissolve.(*Dissolver).Run in goroutine 36287
	/home/mariell/go/pkg/mod/github.com/centrifugal/centrifuge@v0.33.3/internal/dissolve/dissolve.go:31 +0x25

goroutine 42077 [sync.Cond.Wait]:
sync.runtime_notifyListWait(0xc01bc03e10, 0xd)
	/usr/lib/go/src/runtime/sema.go:597 +0x159
sync.(*Cond).Wait(0x0?)
	/usr/lib/go/src/sync/cond.go:71 +0x85
github.com/centrifugal/centrifuge/internal/dissolve.(*queueImpl).Wait(0xc01e10aa10)
	/home/mariell/go/pkg/mod/github.com/centrifugal/centrifuge@v0.33.3/internal/dissolve/queue.go:139 +0x4a
github.com/centrifugal/centrifuge/internal/dissolve.(*Dissolver).runWorker(0xc0122187e0)
	/home/mariell/go/pkg/mod/github.com/centrifugal/centrifuge@v0.33.3/internal/dissolve/dissolve.go:52 +0x27
created by github.com/centrifugal/centrifuge/internal/dissolve.(*Dissolver).Run in goroutine 40816
	/home/mariell/go/pkg/mod/github.com/centrifugal/centrifuge@v0.33.3/internal/dissolve/dissolve.go:31 +0x25

goroutine 42076 [sync.Cond.Wait]:
sync.runtime_notifyListWait(0xc01bc03e10, 0xb)
	/usr/lib/go/src/runtime/sema.go:597 +0x159
sync.(*Cond).Wait(0x0?)
	/usr/lib/go/src/sync/cond.go:71 +0x85
github.com/centrifugal/centrifuge/internal/dissolve.(*queueImpl).Wait(0xc01e10aa10)
	/home/mariell/go/pkg/mod/github.com/centrifugal/centrifuge@v0.33.3/internal/dissolve/queue.go:139 +0x4a
github.com/centrifugal/centrifuge/internal/dissolve.(*Dissolver).runWorker(0xc0122187e0)
	/home/mariell/go/pkg/mod/github.com/centrifugal/centrifuge@v0.33.3/internal/dissolve/dissolve.go:52 +0x27
created by github.com/centrifugal/centrifuge/internal/dissolve.(*Dissolver).Run in goroutine 40816
	/home/mariell/go/pkg/mod/github.com/centrifugal/centrifuge@v0.33.3/internal/dissolve/dissolve.go:31 +0x25

goroutine 40530 [select]:
github.com/centrifugal/centrifuge.(*Node).initMetrics.func1()
	/home/mariell/go/pkg/mod/github.com/centrifugal/centrifuge@v0.33.3/node.go:365 +0x8a
created by github.com/centrifugal/centrifuge.(*Node).initMetrics in goroutine 36287
	/home/mariell/go/pkg/mod/github.com/centrifugal/centrifuge@v0.33.3/node.go:363 +0x1f9

goroutine 50151 [IO wait]:
internal/poll.runtime_pollWait(0x7775502749b8, 0x72)
	/usr/lib/go/src/runtime/netpoll.go:351 +0x85
internal/poll.(*pollDesc).wait(0xc029356000?, 0xc00cadd300?, 0x0)
	/usr/lib/go/src/internal/poll/fd_poll_runtime.go:84 +0x27
internal/poll.(*pollDesc).waitRead(...)
	/usr/lib/go/src/internal/poll/fd_poll_runtime.go:89
internal/poll.(*FD).Read(0xc029356000, {0xc00cadd300, 0x1300, 0x1300})
	/usr/lib/go/src/internal/poll/fd_unix.go:165 +0x27a
net.(*netFD).Read(0xc029356000, {0xc00cadd300?, 0x0?, 0x5?})
	/usr/lib/go/src/net/fd_posix.go:55 +0x25
net.(*conn).Read(0xc0007e5f30, {0xc00cadd300?, 0x7775583325d0?, 0x7775a8b2b4f0?})
	/usr/lib/go/src/net/net.go:194 +0x45
crypto/tls.(*atLeastReader).Read(0xc00f6a5248, {0xc00cadd300?, 0x11abda20?, 0xc01e9309c8?})
	/usr/lib/go/src/crypto/tls/conn.go:809 +0x3b
bytes.(*Buffer).ReadFrom(0xc017635b38, {0xa94e300, 0xc00f6a5248})
	/usr/lib/go/src/bytes/buffer.go:211 +0x98
crypto/tls.(*Conn).readFromUntil(0xc017635888, {0xa94dc00, 0xc0007e5f30}, 0x444af4?)
	/usr/lib/go/src/crypto/tls/conn.go:831 +0xde
crypto/tls.(*Conn).readRecordOrCCS(0xc017635888, 0x0)
	/usr/lib/go/src/crypto/tls/conn.go:629 +0x3cf
crypto/tls.(*Conn).readRecord(...)
	/usr/lib/go/src/crypto/tls/conn.go:591
crypto/tls.(*Conn).Read(0xc017635888, {0xc0297cd000, 0x1000, 0xc029588960?})
	/usr/lib/go/src/crypto/tls/conn.go:1385 +0x145
net/http.(*persistConn).Read(0xc02516e5a0, {0xc0297cd000?, 0x81fe45?, 0xa94be80?})
	/usr/lib/go/src/net/http/transport.go:2122 +0x47
bufio.(*Reader).fill(0xc0297bf5c0)
	/usr/lib/go/src/bufio/bufio.go:113 +0x103
bufio.(*Reader).Peek(0xc0297bf5c0, 0x1)
	/usr/lib/go/src/bufio/bufio.go:152 +0x53
net/http.(*persistConn).readLoop(0xc02516e5a0)
	/usr/lib/go/src/net/http/transport.go:2275 +0x172
created by net/http.(*Transport).dialConn in goroutine 48524
	/usr/lib/go/src/net/http/transport.go:1944 +0x174f

goroutine 45524 [IO wait]:
internal/poll.runtime_pollWait(0x77755073a288, 0x72)
	/usr/lib/go/src/runtime/netpoll.go:351 +0x85
internal/poll.(*pollDesc).wait(0xc002476380?, 0xc028370000?, 0x0)
	/usr/lib/go/src/internal/poll/fd_poll_runtime.go:84 +0x27
internal/poll.(*pollDesc).waitRead(...)
	/usr/lib/go/src/internal/poll/fd_poll_runtime.go:89
internal/poll.(*FD).Read(0xc002476380, {0xc028370000, 0xa000, 0xa000})
	/usr/lib/go/src/internal/poll/fd_unix.go:165 +0x27a
net.(*netFD).Read(0xc002476380, {0xc028370000?, 0xc028370000?, 0x5?})
	/usr/lib/go/src/net/fd_posix.go:55 +0x25
net.(*conn).Read(0xc01b6226f0, {0xc028370000?, 0x77755935fef8?, 0x7775a8b285c0?})
	/usr/lib/go/src/net/net.go:194 +0x45
crypto/tls.(*atLeastReader).Read(0xc01630d338, {0xc028370000?, 0x9ffb?, 0x3f1e6f4900?})
	/usr/lib/go/src/crypto/tls/conn.go:809 +0x3b
bytes.(*Buffer).ReadFrom(0xc01689d7b8, {0xa94e300, 0xc01630d338})
	/usr/lib/go/src/bytes/buffer.go:211 +0x98
crypto/tls.(*Conn).readFromUntil(0xc01689d508, {0xa94dc00, 0xc01b6226f0}, 0x444af4?)
	/usr/lib/go/src/crypto/tls/conn.go:831 +0xde
crypto/tls.(*Conn).readRecordOrCCS(0xc01689d508, 0x0)
	/usr/lib/go/src/crypto/tls/conn.go:629 +0x3cf
crypto/tls.(*Conn).readRecord(...)
	/usr/lib/go/src/crypto/tls/conn.go:591
crypto/tls.(*Conn).Read(0xc01689d508, {0xc0271f3000, 0x1000, 0xc01a1fb530?})
	/usr/lib/go/src/crypto/tls/conn.go:1385 +0x145
net/http.(*persistConn).Read(0xc0254bc480, {0xc0271f3000?, 0x81fe45?, 0xa94be80?})
	/usr/lib/go/src/net/http/transport.go:2122 +0x47
bufio.(*Reader).fill(0xc0271e1860)
	/usr/lib/go/src/bufio/bufio.go:113 +0x103
bufio.(*Reader).Peek(0xc0271e1860, 0x1)
	/usr/lib/go/src/bufio/bufio.go:152 +0x53
net/http.(*persistConn).readLoop(0xc0254bc480)
	/usr/lib/go/src/net/http/transport.go:2275 +0x172
created by net/http.(*Transport).dialConn in goroutine 45546
	/usr/lib/go/src/net/http/transport.go:1944 +0x174f

goroutine 43634 [sync.Cond.Wait]:
sync.runtime_notifyListWait(0xc00d19c890, 0x1b)
	/usr/lib/go/src/runtime/sema.go:597 +0x159
sync.(*Cond).Wait(0x0?)
	/usr/lib/go/src/sync/cond.go:71 +0x85
github.com/centrifugal/centrifuge/internal/dissolve.(*queueImpl).Wait(0xc015e6a930)
	/home/mariell/go/pkg/mod/github.com/centrifugal/centrifuge@v0.33.3/internal/dissolve/queue.go:139 +0x4a
github.com/centrifugal/centrifuge/internal/dissolve.(*Dissolver).runWorker(0xc0132189d8)
	/home/mariell/go/pkg/mod/github.com/centrifugal/centrifuge@v0.33.3/internal/dissolve/dissolve.go:52 +0x27
created by github.com/centrifugal/centrifuge/internal/dissolve.(*Dissolver).Run in goroutine 42495
	/home/mariell/go/pkg/mod/github.com/centrifugal/centrifuge@v0.33.3/internal/dissolve/dissolve.go:31 +0x25

goroutine 40518 [select]:
github.com/FZambia/eagle.(*Eagle).aggregate(0xc0228cd650)
	/home/mariell/go/pkg/mod/github.com/!f!zambia/eagle@v0.1.0/eagle.go:210 +0x6d
created by github.com/FZambia/eagle.New in goroutine 36287
	/home/mariell/go/pkg/mod/github.com/!f!zambia/eagle@v0.1.0/eagle.go:66 +0x176

goroutine 42079 [sync.Cond.Wait]:
sync.runtime_notifyListWait(0xc01bc03e10, 0x1e)
	/usr/lib/go/src/runtime/sema.go:597 +0x159
sync.(*Cond).Wait(0xc01e92bfd0?)
	/usr/lib/go/src/sync/cond.go:71 +0x85
github.com/centrifugal/centrifuge/internal/dissolve.(*queueImpl).Wait(0xc01e10aa10)
	/home/mariell/go/pkg/mod/github.com/centrifugal/centrifuge@v0.33.3/internal/dissolve/queue.go:139 +0x4a
github.com/centrifugal/centrifuge/internal/dissolve.(*Dissolver).runWorker(0xc0122187e0)
	/home/mariell/go/pkg/mod/github.com/centrifugal/centrifuge@v0.33.3/internal/dissolve/dissolve.go:52 +0x27
created by github.com/centrifugal/centrifuge/internal/dissolve.(*Dissolver).Run in goroutine 40816
	/home/mariell/go/pkg/mod/github.com/centrifugal/centrifuge@v0.33.3/internal/dissolve/dissolve.go:31 +0x25

goroutine 42050 [sync.Cond.Wait]:
sync.runtime_notifyListWait(0xc01bc03e10, 0x13)
	/usr/lib/go/src/runtime/sema.go:597 +0x159
sync.(*Cond).Wait(0x0?)
	/usr/lib/go/src/sync/cond.go:71 +0x85
github.com/centrifugal/centrifuge/internal/dissolve.(*queueImpl).Wait(0xc01e10aa10)
	/home/mariell/go/pkg/mod/github.com/centrifugal/centrifuge@v0.33.3/internal/dissolve/queue.go:139 +0x4a
github.com/centrifugal/centrifuge/internal/dissolve.(*Dissolver).runWorker(0xc0122187e0)
	/home/mariell/go/pkg/mod/github.com/centrifugal/centrifuge@v0.33.3/internal/dissolve/dissolve.go:52 +0x27
created by github.com/centrifugal/centrifuge/internal/dissolve.(*Dissolver).Run in goroutine 40816
	/home/mariell/go/pkg/mod/github.com/centrifugal/centrifuge@v0.33.3/internal/dissolve/dissolve.go:31 +0x25

goroutine 50080 [select]:
net/http.(*persistConn).writeLoop(0xc021f22480)
	/usr/lib/go/src/net/http/transport.go:2590 +0xe7
created by net/http.(*Transport).dialConn in goroutine 49979
	/usr/lib/go/src/net/http/transport.go:1945 +0x17a5

goroutine 54774 [chan receive (nil chan)]:
k8s.io/apiserver/pkg/server.preparedGenericAPIServer.RunWithContext({0xa9d1cc8?}, {0xa9d1d00, 0xc01efb4d70})
	/home/mariell/go/pkg/mod/k8s.io/apiserver@v0.32.1/pkg/server/genericapiserver.go:710 +0x9c5
github.com/grafana/grafana/pkg/services/apiserver.(*service).startCoreServer.func1()
	/home/mariell/work/oss/grafana/pkg/services/apiserver/service.go:448 +0x28
created by github.com/grafana/grafana/pkg/services/apiserver.(*service).startCoreServer in goroutine 51745
	/home/mariell/work/oss/grafana/pkg/services/apiserver/service.go:447 +0x125

goroutine 76709 [select]:
net/http.(*persistConn).writeLoop(0xc01c89a480)
	/usr/lib/go/src/net/http/transport.go:2590 +0xe7
created by net/http.(*Transport).dialConn in goroutine 75544
	/usr/lib/go/src/net/http/transport.go:1945 +0x17a5

goroutine 40791 [select]:
database/sql.(*DB).connectionOpener(0xc004b60680, {0xa9d1d00, 0xc00d6ad9f0})
	/usr/lib/go/src/database/sql/sql.go:1261 +0x87
created by database/sql.OpenDB in goroutine 40816
	/usr/lib/go/src/database/sql/sql.go:841 +0x130

goroutine 42042 [select]:
github.com/FZambia/eagle.(*Eagle).aggregate(0xc01e10b9d0)
	/home/mariell/go/pkg/mod/github.com/!f!zambia/eagle@v0.1.0/eagle.go:210 +0x6d
created by github.com/FZambia/eagle.New in goroutine 40816
	/home/mariell/go/pkg/mod/github.com/!f!zambia/eagle@v0.1.0/eagle.go:66 +0x176

goroutine 40742 [select]:
github.com/patrickmn/go-cache.(*janitor).Run(0xc022dbd030, 0xc022d37240)
	/home/mariell/go/pkg/mod/github.com/patrickmn/go-cache@v2.1.0+incompatible/cache.go:1079 +0x7b
created by github.com/patrickmn/go-cache.runJanitor in goroutine 36287
	/home/mariell/go/pkg/mod/github.com/patrickmn/go-cache@v2.1.0+incompatible/cache.go:1099 +0xdb

goroutine 52880 [sync.Cond.Wait]:
sync.runtime_notifyListWait(0xc0301d0dd0, 0x2c)
	/usr/lib/go/src/runtime/sema.go:597 +0x159
sync.(*Cond).Wait(0x0?)
	/usr/lib/go/src/sync/cond.go:71 +0x85
github.com/centrifugal/centrifuge/internal/dissolve.(*queueImpl).Wait(0xc030230380)
	/home/mariell/go/pkg/mod/github.com/centrifugal/centrifuge@v0.33.3/internal/dissolve/queue.go:139 +0x4a
github.com/centrifugal/centrifuge/internal/dissolve.(*Dissolver).runWorker(0xc008ba75c0)
	/home/mariell/go/pkg/mod/github.com/centrifugal/centrifuge@v0.33.3/internal/dissolve/dissolve.go:52 +0x27
created by github.com/centrifugal/centrifuge/internal/dissolve.(*Dissolver).Run in goroutine 51765
	/home/mariell/go/pkg/mod/github.com/centrifugal/centrifuge@v0.33.3/internal/dissolve/dissolve.go:31 +0x25

goroutine 42058 [sync.Cond.Wait]:
sync.runtime_notifyListWait(0xc01bc03e10, 0x1b)
	/usr/lib/go/src/runtime/sema.go:597 +0x159
sync.(*Cond).Wait(0x0?)
	/usr/lib/go/src/sync/cond.go:71 +0x85
github.com/centrifugal/centrifuge/internal/dissolve.(*queueImpl).Wait(0xc01e10aa10)
	/home/mariell/go/pkg/mod/github.com/centrifugal/centrifuge@v0.33.3/internal/dissolve/queue.go:139 +0x4a
github.com/centrifugal/centrifuge/internal/dissolve.(*Dissolver).runWorker(0xc0122187e0)
	/home/mariell/go/pkg/mod/github.com/centrifugal/centrifuge@v0.33.3/internal/dissolve/dissolve.go:52 +0x27
created by github.com/centrifugal/centrifuge/internal/dissolve.(*Dissolver).Run in goroutine 40816
	/home/mariell/go/pkg/mod/github.com/centrifugal/centrifuge@v0.33.3/internal/dissolve/dissolve.go:31 +0x25

goroutine 43615 [sync.Cond.Wait]:
sync.runtime_notifyListWait(0xc00d19c890, 0x6)
	/usr/lib/go/src/runtime/sema.go:597 +0x159
sync.(*Cond).Wait(0x0?)
	/usr/lib/go/src/sync/cond.go:71 +0x85
github.com/centrifugal/centrifuge/internal/dissolve.(*queueImpl).Wait(0xc015e6a930)
	/home/mariell/go/pkg/mod/github.com/centrifugal/centrifuge@v0.33.3/internal/dissolve/queue.go:139 +0x4a
github.com/centrifugal/centrifuge/internal/dissolve.(*Dissolver).runWorker(0xc0132189d8)
	/home/mariell/go/pkg/mod/github.com/centrifugal/centrifuge@v0.33.3/internal/dissolve/dissolve.go:52 +0x27
created by github.com/centrifugal/centrifuge/internal/dissolve.(*Dissolver).Run in goroutine 42495
	/home/mariell/go/pkg/mod/github.com/centrifugal/centrifuge@v0.33.3/internal/dissolve/dissolve.go:31 +0x25

goroutine 42066 [sync.Cond.Wait]:
sync.runtime_notifyListWait(0xc01bc03e10, 0x2a)
	/usr/lib/go/src/runtime/sema.go:597 +0x159
sync.(*Cond).Wait(0xc00b9107d0?)
	/usr/lib/go/src/sync/cond.go:71 +0x85
github.com/centrifugal/centrifuge/internal/dissolve.(*queueImpl).Wait(0xc01e10aa10)
	/home/mariell/go/pkg/mod/github.com/centrifugal/centrifuge@v0.33.3/internal/dissolve/queue.go:139 +0x4a
github.com/centrifugal/centrifuge/internal/dissolve.(*Dissolver).runWorker(0xc0122187e0)
	/home/mariell/go/pkg/mod/github.com/centrifugal/centrifuge@v0.33.3/internal/dissolve/dissolve.go:52 +0x27
created by github.com/centrifugal/centrifuge/internal/dissolve.(*Dissolver).Run in goroutine 40816
	/home/mariell/go/pkg/mod/github.com/centrifugal/centrifuge@v0.33.3/internal/dissolve/dissolve.go:31 +0x25

goroutine 40919 [IO wait]:
internal/poll.runtime_pollWait(0x7775581bbd28, 0x72)
	/usr/lib/go/src/runtime/netpoll.go:351 +0x85
internal/poll.(*pollDesc).wait(0xc022d39000?, 0xc0237dc000?, 0x0)
	/usr/lib/go/src/internal/poll/fd_poll_runtime.go:84 +0x27
internal/poll.(*pollDesc).waitRead(...)
	/usr/lib/go/src/internal/poll/fd_poll_runtime.go:89
internal/poll.(*FD).Read(0xc022d39000, {0xc0237dc000, 0x1300, 0x1300})
	/usr/lib/go/src/internal/poll/fd_unix.go:165 +0x27a
net.(*netFD).Read(0xc022d39000, {0xc0237dc000?, 0x4211e6?, 0x11ab24a0?})
	/usr/lib/go/src/net/fd_posix.go:55 +0x25
net.(*conn).Read(0xc00ca86008, {0xc0237dc000?, 0x77755830d3f0?, 0x7775a8b28108?})
	/usr/lib/go/src/net/net.go:194 +0x45
crypto/tls.(*atLeastReader).Read(0xc0125f98f0, {0xc0237dc000?, 0x0?, 0x11ab1ba0?})
	/usr/lib/go/src/crypto/tls/conn.go:809 +0x3b
bytes.(*Buffer).ReadFrom(0xc00ca8e638, {0xa94e300, 0xc0125f98f0})
	/usr/lib/go/src/bytes/buffer.go:211 +0x98
crypto/tls.(*Conn).readFromUntil(0xc00ca8e388, {0xa94dc00, 0xc00ca86008}, 0x444af4?)
	/usr/lib/go/src/crypto/tls/conn.go:831 +0xde
crypto/tls.(*Conn).readRecordOrCCS(0xc00ca8e388, 0x0)
	/usr/lib/go/src/crypto/tls/conn.go:629 +0x3cf
crypto/tls.(*Conn).readRecord(...)
	/usr/lib/go/src/crypto/tls/conn.go:591
crypto/tls.(*Conn).Read(0xc00ca8e388, {0xc0237f2000, 0x1000, 0xc00c386360?})
	/usr/lib/go/src/crypto/tls/conn.go:1385 +0x145
net/http.(*persistConn).Read(0xc00c3a4000, {0xc0237f2000?, 0x81fe45?, 0xa94be80?})
	/usr/lib/go/src/net/http/transport.go:2122 +0x47
bufio.(*Reader).fill(0xc0237f0300)
	/usr/lib/go/src/bufio/bufio.go:113 +0x103
bufio.(*Reader).Peek(0xc0237f0300, 0x1)
	/usr/lib/go/src/bufio/bufio.go:152 +0x53
net/http.(*persistConn).readLoop(0xc00c3a4000)
	/usr/lib/go/src/net/http/transport.go:2275 +0x172
created by net/http.(*Transport).dialConn in goroutine 39309
	/usr/lib/go/src/net/http/transport.go:1944 +0x174f

goroutine 40920 [select]:
net/http.(*persistConn).writeLoop(0xc00c3a4000)
	/usr/lib/go/src/net/http/transport.go:2590 +0xe7
created by net/http.(*Transport).dialConn in goroutine 39309
	/usr/lib/go/src/net/http/transport.go:1945 +0x17a5

goroutine 40810 [IO wait]:
internal/poll.runtime_pollWait(0x7775581bbe40, 0x72)
	/usr/lib/go/src/runtime/netpoll.go:351 +0x85
internal/poll.(*pollDesc).wait(0xc0237bff00?, 0xc023800000?, 0x0)
	/usr/lib/go/src/internal/poll/fd_poll_runtime.go:84 +0x27
internal/poll.(*pollDesc).waitRead(...)
	/usr/lib/go/src/internal/poll/fd_poll_runtime.go:89
internal/poll.(*FD).Read(0xc0237bff00, {0xc023800000, 0x1300, 0x1300})
	/usr/lib/go/src/internal/poll/fd_unix.go:165 +0x27a
net.(*netFD).Read(0xc0237bff00, {0xc023800000?, 0x5?, 0x5?})
	/usr/lib/go/src/net/fd_posix.go:55 +0x25
net.(*conn).Read(0xc0088a6080, {0xc023800000?, 0x777558335ff0?, 0x7775a8b28a78?})
	/usr/lib/go/src/net/net.go:194 +0x45
crypto/tls.(*atLeastReader).Read(0xc00f9054e8, {0xc023800000?, 0x11abda20?, 0x3d237c6900?})
	/usr/lib/go/src/crypto/tls/conn.go:809 +0x3b
bytes.(*Buffer).ReadFrom(0xc015dc90b8, {0xa94e300, 0xc00f9054e8})
	/usr/lib/go/src/bytes/buffer.go:211 +0x98
crypto/tls.(*Conn).readFromUntil(0xc015dc8e08, {0xa94dc00, 0xc0088a6080}, 0x444af4?)
	/usr/lib/go/src/crypto/tls/conn.go:831 +0xde
crypto/tls.(*Conn).readRecordOrCCS(0xc015dc8e08, 0x0)
	/usr/lib/go/src/crypto/tls/conn.go:629 +0x3cf
crypto/tls.(*Conn).readRecord(...)
	/usr/lib/go/src/crypto/tls/conn.go:591
crypto/tls.(*Conn).Read(0xc015dc8e08, {0xc023807000, 0x1000, 0xc01eb68210?})
	/usr/lib/go/src/crypto/tls/conn.go:1385 +0x145
net/http.(*persistConn).Read(0xc01eb64120, {0xc023807000?, 0x81fe45?, 0xa94be80?})
	/usr/lib/go/src/net/http/transport.go:2122 +0x47
bufio.(*Reader).fill(0xc0234ff2c0)
	/usr/lib/go/src/bufio/bufio.go:113 +0x103
bufio.(*Reader).Peek(0xc0234ff2c0, 0x1)
	/usr/lib/go/src/bufio/bufio.go:152 +0x53
net/http.(*persistConn).readLoop(0xc01eb64120)
	/usr/lib/go/src/net/http/transport.go:2275 +0x172
created by net/http.(*Transport).dialConn in goroutine 40314
	/usr/lib/go/src/net/http/transport.go:1944 +0x174f

goroutine 40971 [select]:
k8s.io/apimachinery/pkg/util/wait.BackoffUntil(0xc023fdc4c0, {0xa95ac00, 0xc011fc3c20}, 0x1, 0xc023d69f10)
	/home/mariell/go/pkg/mod/k8s.io/apimachinery@v0.32.1/pkg/util/wait/backoff.go:238 +0x12c
k8s.io/apimachinery/pkg/util/wait.JitterUntil(0xc023fdc4c0, 0x3b9aca00, 0x3ff3333333333333, 0x1, 0xc023d69f10)
	/home/mariell/go/pkg/mod/k8s.io/apimachinery@v0.32.1/pkg/util/wait/backoff.go:204 +0x7f
created by k8s.io/apiserver/pkg/registry/generic/registry.(*Store).startObservingCount in goroutine 39277
	/home/mariell/go/pkg/mod/k8s.io/apiserver@v0.32.1/pkg/registry/generic/registry/store.go:1666 +0x2f9

goroutine 73613 [select]:
github.com/patrickmn/go-cache.(*janitor).Run(0xc0409d9530, 0xc012cd9940)
	/home/mariell/go/pkg/mod/github.com/patrickmn/go-cache@v2.1.0+incompatible/cache.go:1079 +0x7b
created by github.com/patrickmn/go-cache.runJanitor in goroutine 59395
	/home/mariell/go/pkg/mod/github.com/patrickmn/go-cache@v2.1.0+incompatible/cache.go:1099 +0xdb

goroutine 58887 [sync.Cond.Wait]:
sync.runtime_notifyListWait(0xc01f861010, 0xc)
	/usr/lib/go/src/runtime/sema.go:597 +0x159
sync.(*Cond).Wait(0x0?)
	/usr/lib/go/src/sync/cond.go:71 +0x85
github.com/centrifugal/centrifuge/internal/dissolve.(*queueImpl).Wait(0xc01921b6c0)
	/home/mariell/go/pkg/mod/github.com/centrifugal/centrifuge@v0.33.3/internal/dissolve/queue.go:139 +0x4a
github.com/centrifugal/centrifuge/internal/dissolve.(*Dissolver).runWorker(0xc0243b2a20)
	/home/mariell/go/pkg/mod/github.com/centrifugal/centrifuge@v0.33.3/internal/dissolve/dissolve.go:52 +0x27
created by github.com/centrifugal/centrifuge/internal/dissolve.(*Dissolver).Run in goroutine 57831
	/home/mariell/go/pkg/mod/github.com/centrifugal/centrifuge@v0.33.3/internal/dissolve/dissolve.go:31 +0x25

goroutine 53252 [select]:
k8s.io/apimachinery/pkg/util/wait.BackoffUntil(0xc029465900, {0xa95ac00, 0xc0297e2660}, 0x1, 0xc014682e70)
	/home/mariell/go/pkg/mod/k8s.io/apimachinery@v0.32.1/pkg/util/wait/backoff.go:238 +0x12c
k8s.io/apimachinery/pkg/util/wait.JitterUntil(0xc029465900, 0x3b9aca00, 0x3ff3333333333333, 0x1, 0xc014682e70)
	/home/mariell/go/pkg/mod/k8s.io/apimachinery@v0.32.1/pkg/util/wait/backoff.go:204 +0x7f
created by k8s.io/apiserver/pkg/registry/generic/registry.(*Store).startObservingCount in goroutine 53139
	/home/mariell/go/pkg/mod/k8s.io/apiserver@v0.32.1/pkg/registry/generic/registry/store.go:1666 +0x2f9

goroutine 51334 [sync.Cond.Wait]:
sync.runtime_notifyListWait(0xc01afe9210, 0x1e)
	/usr/lib/go/src/runtime/sema.go:597 +0x159
sync.(*Cond).Wait(0x0?)
	/usr/lib/go/src/sync/cond.go:71 +0x85
github.com/centrifugal/centrifuge/internal/dissolve.(*queueImpl).Wait(0xc020f245b0)
	/home/mariell/go/pkg/mod/github.com/centrifugal/centrifuge@v0.33.3/internal/dissolve/queue.go:139 +0x4a
github.com/centrifugal/centrifuge/internal/dissolve.(*Dissolver).runWorker(0xc02834aab0)
	/home/mariell/go/pkg/mod/github.com/centrifugal/centrifuge@v0.33.3/internal/dissolve/dissolve.go:52 +0x27
created by github.com/centrifugal/centrifuge/internal/dissolve.(*Dissolver).Run in goroutine 50170
	/home/mariell/go/pkg/mod/github.com/centrifugal/centrifuge@v0.33.3/internal/dissolve/dissolve.go:31 +0x25

goroutine 52818 [select]:
github.com/centrifugal/centrifuge.(*MemoryBroker).expireResultCache(0xc030191900)
	/home/mariell/go/pkg/mod/github.com/centrifugal/centrifuge@v0.33.3/broker_memory.go:160 +0x68
created by github.com/centrifugal/centrifuge.(*MemoryBroker).Run in goroutine 51765
	/home/mariell/go/pkg/mod/github.com/centrifugal/centrifuge@v0.33.3/broker_memory.go:73 +0x7f

goroutine 72590 [select]:
github.com/patrickmn/go-cache.(*janitor).Run(0xc0187e30c0, 0xc0169666c0)
	/home/mariell/go/pkg/mod/github.com/patrickmn/go-cache@v2.1.0+incompatible/cache.go:1079 +0x7b
created by github.com/patrickmn/go-cache.runJanitor in goroutine 56144
	/home/mariell/go/pkg/mod/github.com/patrickmn/go-cache@v2.1.0+incompatible/cache.go:1099 +0xdb

goroutine 49810 [sync.Cond.Wait]:
sync.runtime_notifyListWait(0xc028e24c90, 0x26)
	/usr/lib/go/src/runtime/sema.go:597 +0x159
sync.(*Cond).Wait(0xc016445fd0?)
	/usr/lib/go/src/sync/cond.go:71 +0x85
github.com/centrifugal/centrifuge/internal/dissolve.(*queueImpl).Wait(0xc028e3d810)
	/home/mariell/go/pkg/mod/github.com/centrifugal/centrifuge@v0.33.3/internal/dissolve/queue.go:139 +0x4a
github.com/centrifugal/centrifuge/internal/dissolve.(*Dissolver).runWorker(0xc028d11578)
	/home/mariell/go/pkg/mod/github.com/centrifugal/centrifuge@v0.33.3/internal/dissolve/dissolve.go:52 +0x27
created by github.com/centrifugal/centrifuge/internal/dissolve.(*Dissolver).Run in goroutine 48632
	/home/mariell/go/pkg/mod/github.com/centrifugal/centrifuge@v0.33.3/internal/dissolve/dissolve.go:31 +0x25

goroutine 40946 [select]:
net/http.(*persistConn).writeLoop(0xc0239da000)
	/usr/lib/go/src/net/http/transport.go:2590 +0xe7
created by net/http.(*Transport).dialConn in goroutine 36381
	/usr/lib/go/src/net/http/transport.go:1945 +0x17a5

goroutine 40929 [IO wait]:
internal/poll.runtime_pollWait(0x7775581bbaf8, 0x72)
	/usr/lib/go/src/runtime/netpoll.go:351 +0x85
internal/poll.(*pollDesc).wait(0xc01f2e5a00?, 0xc0237dd300?, 0x0)
	/usr/lib/go/src/internal/poll/fd_poll_runtime.go:84 +0x27
internal/poll.(*pollDesc).waitRead(...)
	/usr/lib/go/src/internal/poll/fd_poll_runtime.go:89
internal/poll.(*FD).Read(0xc01f2e5a00, {0xc0237dd300, 0x1300, 0x1300})
	/usr/lib/go/src/internal/poll/fd_unix.go:165 +0x27a
net.(*netFD).Read(0xc01f2e5a00, {0xc0237dd300?, 0xc0237dd300?, 0x5?})
	/usr/lib/go/src/net/fd_posix.go:55 +0x25
net.(*conn).Read(0xc01d762088, {0xc0237dd300?, 0x777558335ff0?, 0x7775a8b28a78?})
	/usr/lib/go/src/net/net.go:194 +0x45
crypto/tls.(*atLeastReader).Read(0xc00f905680, {0xc0237dd300?, 0x12fb?, 0x0?})
	/usr/lib/go/src/crypto/tls/conn.go:809 +0x3b
bytes.(*Buffer).ReadFrom(0xc0132cad38, {0xa94e300, 0xc00f905680})
	/usr/lib/go/src/bytes/buffer.go:211 +0x98
crypto/tls.(*Conn).readFromUntil(0xc0132caa88, {0xa94dc00, 0xc01d762088}, 0x444af4?)
	/usr/lib/go/src/crypto/tls/conn.go:831 +0xde
crypto/tls.(*Conn).readRecordOrCCS(0xc0132caa88, 0x0)
	/usr/lib/go/src/crypto/tls/conn.go:629 +0x3cf
crypto/tls.(*Conn).readRecord(...)
	/usr/lib/go/src/crypto/tls/conn.go:591
crypto/tls.(*Conn).Read(0xc0132caa88, {0xc023922000, 0x1000, 0xc00ca85080?})
	/usr/lib/go/src/crypto/tls/conn.go:1385 +0x145
net/http.(*persistConn).Read(0xc0239da000, {0xc023922000?, 0x81fe45?, 0xa94be80?})
	/usr/lib/go/src/net/http/transport.go:2122 +0x47
bufio.(*Reader).fill(0xc0237f1aa0)
	/usr/lib/go/src/bufio/bufio.go:113 +0x103
bufio.(*Reader).Peek(0xc0237f1aa0, 0x1)
	/usr/lib/go/src/bufio/bufio.go:152 +0x53
net/http.(*persistConn).readLoop(0xc0239da000)
	/usr/lib/go/src/net/http/transport.go:2275 +0x172
created by net/http.(*Transport).dialConn in goroutine 36381
	/usr/lib/go/src/net/http/transport.go:1944 +0x174f

goroutine 43868 [select]:
net/http.(*persistConn).writeLoop(0xc02559c5a0)
	/usr/lib/go/src/net/http/transport.go:2590 +0xe7
created by net/http.(*Transport).dialConn in goroutine 43877
	/usr/lib/go/src/net/http/transport.go:1945 +0x17a5

goroutine 45162 [sync.Cond.Wait]:
sync.runtime_notifyListWait(0xc026bf9c10, 0x17)
	/usr/lib/go/src/runtime/sema.go:597 +0x159
sync.(*Cond).Wait(0x0?)
	/usr/lib/go/src/sync/cond.go:71 +0x85
github.com/centrifugal/centrifuge/internal/dissolve.(*queueImpl).Wait(0xc026c14c40)
	/home/mariell/go/pkg/mod/github.com/centrifugal/centrifuge@v0.33.3/internal/dissolve/queue.go:139 +0x4a
github.com/centrifugal/centrifuge/internal/dissolve.(*Dissolver).runWorker(0xc026b0b128)
	/home/mariell/go/pkg/mod/github.com/centrifugal/centrifuge@v0.33.3/internal/dissolve/dissolve.go:52 +0x27
created by github.com/centrifugal/centrifuge/internal/dissolve.(*Dissolver).Run in goroutine 44067
	/home/mariell/go/pkg/mod/github.com/centrifugal/centrifuge@v0.33.3/internal/dissolve/dissolve.go:31 +0x25

goroutine 51545 [IO wait]:
internal/poll.runtime_pollWait(0x7775504bf020, 0x72)
	/usr/lib/go/src/runtime/netpoll.go:351 +0x85
internal/poll.(*pollDesc).wait(0xc016830000?, 0xc00cade600?, 0x0)
	/usr/lib/go/src/internal/poll/fd_poll_runtime.go:84 +0x27
internal/poll.(*pollDesc).waitRead(...)
	/usr/lib/go/src/internal/poll/fd_poll_runtime.go:89
internal/poll.(*FD).Read(0xc016830000, {0xc00cade600, 0x1300, 0x1300})
	/usr/lib/go/src/internal/poll/fd_unix.go:165 +0x27a
net.(*netFD).Read(0xc016830000, {0xc00cade600?, 0xc00cade600?, 0x5?})
	/usr/lib/go/src/net/fd_posix.go:55 +0x25
net.(*conn).Read(0xc022330028, {0xc00cade600?, 0x7775502cf478?, 0x7775a8b2a6c8?})
	/usr/lib/go/src/net/net.go:194 +0x45
crypto/tls.(*atLeastReader).Read(0xc0253d3278, {0xc00cade600?, 0x12fb?, 0x5?})
	/usr/lib/go/src/crypto/tls/conn.go:809 +0x3b
bytes.(*Buffer).ReadFrom(0xc01a9f30b8, {0xa94e300, 0xc0253d3278})
	/usr/lib/go/src/bytes/buffer.go:211 +0x98
crypto/tls.(*Conn).readFromUntil(0xc01a9f2e08, {0xa94dc00, 0xc022330028}, 0x444af4?)
	/usr/lib/go/src/crypto/tls/conn.go:831 +0xde
crypto/tls.(*Conn).readRecordOrCCS(0xc01a9f2e08, 0x0)
	/usr/lib/go/src/crypto/tls/conn.go:629 +0x3cf
crypto/tls.(*Conn).readRecord(...)
	/usr/lib/go/src/crypto/tls/conn.go:591
crypto/tls.(*Conn).Read(0xc01a9f2e08, {0xc030467000, 0x1000, 0xc02150b9b0?})
	/usr/lib/go/src/crypto/tls/conn.go:1385 +0x145
net/http.(*persistConn).Read(0xc027c3f9e0, {0xc030467000?, 0x81fe45?, 0xa94be80?})
	/usr/lib/go/src/net/http/transport.go:2122 +0x47
bufio.(*Reader).fill(0xc01cad7ec0)
	/usr/lib/go/src/bufio/bufio.go:113 +0x103
bufio.(*Reader).Peek(0xc01cad7ec0, 0x1)
	/usr/lib/go/src/bufio/bufio.go:152 +0x53
net/http.(*persistConn).readLoop(0xc027c3f9e0)
	/usr/lib/go/src/net/http/transport.go:2275 +0x172
created by net/http.(*Transport).dialConn in goroutine 51741
	/usr/lib/go/src/net/http/transport.go:1944 +0x174f

goroutine 40970 [select]:
k8s.io/apimachinery/pkg/util/wait.BackoffUntil(0xc023fdc380, {0xa95ac00, 0xc00ca85410}, 0x1, 0xc023d69ea0)
	/home/mariell/go/pkg/mod/k8s.io/apimachinery@v0.32.1/pkg/util/wait/backoff.go:238 +0x12c
k8s.io/apimachinery/pkg/util/wait.JitterUntil(0xc023fdc380, 0x3b9aca00, 0x3ff3333333333333, 0x1, 0xc023d69ea0)
	/home/mariell/go/pkg/mod/k8s.io/apimachinery@v0.32.1/pkg/util/wait/backoff.go:204 +0x7f
created by k8s.io/apiserver/pkg/registry/generic/registry.(*Store).startObservingCount in goroutine 39277
	/home/mariell/go/pkg/mod/k8s.io/apiserver@v0.32.1/pkg/registry/generic/registry/store.go:1666 +0x2f9

goroutine 51073 [select]:
k8s.io/apimachinery/pkg/util/wait.BackoffUntil(0xc029465600, {0xa95ac00, 0xc024404e10}, 0x1, 0xc014682d20)
	/home/mariell/go/pkg/mod/k8s.io/apimachinery@v0.32.1/pkg/util/wait/backoff.go:238 +0x12c
k8s.io/apimachinery/pkg/util/wait.JitterUntil(0xc029465600, 0x3b9aca00, 0x3ff3333333333333, 0x1, 0xc014682d20)
	/home/mariell/go/pkg/mod/k8s.io/apimachinery@v0.32.1/pkg/util/wait/backoff.go:204 +0x7f
created by k8s.io/apiserver/pkg/registry/generic/registry.(*Store).startObservingCount in goroutine 53139
	/home/mariell/go/pkg/mod/k8s.io/apiserver@v0.32.1/pkg/registry/generic/registry/store.go:1666 +0x2f9

goroutine 45139 [select]:
github.com/centrifugal/centrifuge.(*Node).updateMetrics(0xc026c2f8c8)
	/home/mariell/go/pkg/mod/github.com/centrifugal/centrifuge@v0.33.3/node.go:335 +0x85
created by github.com/centrifugal/centrifuge.(*Node).Run in goroutine 44067
	/home/mariell/go/pkg/mod/github.com/centrifugal/centrifuge@v0.33.3/node.go:262 +0x2a5

goroutine 55901 [sync.Cond.Wait]:
sync.runtime_notifyListWait(0xc022793e10, 0x39)
	/usr/lib/go/src/runtime/sema.go:597 +0x159
sync.(*Cond).Wait(0xc0237b6fd0?)
	/usr/lib/go/src/sync/cond.go:71 +0x85
github.com/centrifugal/centrifuge/internal/dissolve.(*queueImpl).Wait(0xc01100c540)
	/home/mariell/go/pkg/mod/github.com/centrifugal/centrifuge@v0.33.3/internal/dissolve/queue.go:139 +0x4a
github.com/centrifugal/centrifuge/internal/dissolve.(*Dissolver).runWorker(0xc02431b8f0)
	/home/mariell/go/pkg/mod/github.com/centrifugal/centrifuge@v0.33.3/internal/dissolve/dissolve.go:52 +0x27
created by github.com/centrifugal/centrifuge/internal/dissolve.(*Dissolver).Run in goroutine 54803
	/home/mariell/go/pkg/mod/github.com/centrifugal/centrifuge@v0.33.3/internal/dissolve/dissolve.go:31 +0x25

goroutine 45160 [sync.Cond.Wait]:
sync.runtime_notifyListWait(0xc026bf9c10, 0x15)
	/usr/lib/go/src/runtime/sema.go:597 +0x159
sync.(*Cond).Wait(0x0?)
	/usr/lib/go/src/sync/cond.go:71 +0x85
github.com/centrifugal/centrifuge/internal/dissolve.(*queueImpl).Wait(0xc026c14c40)
	/home/mariell/go/pkg/mod/github.com/centrifugal/centrifuge@v0.33.3/internal/dissolve/queue.go:139 +0x4a
github.com/centrifugal/centrifuge/internal/dissolve.(*Dissolver).runWorker(0xc026b0b128)
	/home/mariell/go/pkg/mod/github.com/centrifugal/centrifuge@v0.33.3/internal/dissolve/dissolve.go:52 +0x27
created by github.com/centrifugal/centrifuge/internal/dissolve.(*Dissolver).Run in goroutine 44067
	/home/mariell/go/pkg/mod/github.com/centrifugal/centrifuge@v0.33.3/internal/dissolve/dissolve.go:31 +0x25

goroutine 58908 [sync.Cond.Wait]:
sync.runtime_notifyListWait(0xc01f861010, 0x26)
	/usr/lib/go/src/runtime/sema.go:597 +0x159
sync.(*Cond).Wait(0x0?)
	/usr/lib/go/src/sync/cond.go:71 +0x85
github.com/centrifugal/centrifuge/internal/dissolve.(*queueImpl).Wait(0xc01921b6c0)
	/home/mariell/go/pkg/mod/github.com/centrifugal/centrifuge@v0.33.3/internal/dissolve/queue.go:139 +0x4a
github.com/centrifugal/centrifuge/internal/dissolve.(*Dissolver).runWorker(0xc0243b2a20)
	/home/mariell/go/pkg/mod/github.com/centrifugal/centrifuge@v0.33.3/internal/dissolve/dissolve.go:52 +0x27
created by github.com/centrifugal/centrifuge/internal/dissolve.(*Dissolver).Run in goroutine 57831
	/home/mariell/go/pkg/mod/github.com/centrifugal/centrifuge@v0.33.3/internal/dissolve/dissolve.go:31 +0x25

goroutine 36379 [IO wait]:
internal/poll.runtime_pollWait(0x7775581bbc10, 0x72)
	/usr/lib/go/src/runtime/netpoll.go:351 +0x85
internal/poll.(*pollDesc).wait(0xc00c49a780?, 0xc00cadc000?, 0x0)
	/usr/lib/go/src/internal/poll/fd_poll_runtime.go:84 +0x27
internal/poll.(*pollDesc).waitRead(...)
	/usr/lib/go/src/internal/poll/fd_poll_runtime.go:89
internal/poll.(*FD).Read(0xc00c49a780, {0xc00cadc000, 0x1300, 0x1300})
	/usr/lib/go/src/internal/poll/fd_unix.go:165 +0x27a
net.(*netFD).Read(0xc00c49a780, {0xc00cadc000?, 0x0?, 0x1c022cccd00?})
	/usr/lib/go/src/net/fd_posix.go:55 +0x25
net.(*conn).Read(0xc0161f7520, {0xc00cadc000?, 0x777550600808?, 0x7775a8b40088?})
	/usr/lib/go/src/net/net.go:194 +0x45
crypto/tls.(*atLeastReader).Read(0xc01a116330, {0xc00cadc000?, 0x4247a5?, 0x0?})
	/usr/lib/go/src/crypto/tls/conn.go:809 +0x3b
bytes.(*Buffer).ReadFrom(0xc022d9f438, {0xa94e300, 0xc01a116330})
	/usr/lib/go/src/bytes/buffer.go:211 +0x98
crypto/tls.(*Conn).readFromUntil(0xc022d9f188, {0xa94dc00, 0xc0161f7520}, 0x444af4?)
	/usr/lib/go/src/crypto/tls/conn.go:831 +0xde
crypto/tls.(*Conn).readRecordOrCCS(0xc022d9f188, 0x0)
	/usr/lib/go/src/crypto/tls/conn.go:629 +0x3cf
crypto/tls.(*Conn).readRecord(...)
	/usr/lib/go/src/crypto/tls/conn.go:591
crypto/tls.(*Conn).Read(0xc022d9f188, {0xc00cacf000, 0x1000, 0x7775a8b40088?})
	/usr/lib/go/src/crypto/tls/conn.go:1385 +0x145
net/http.(*persistConn).Read(0xc022aa2120, {0xc00cacf000?, 0x4141c5?, 0x68?})
	/usr/lib/go/src/net/http/transport.go:2122 +0x47
bufio.(*Reader).fill(0xc00caaf4a0)
	/usr/lib/go/src/bufio/bufio.go:113 +0x103
bufio.(*Reader).Peek(0xc00caaf4a0, 0x1)
	/usr/lib/go/src/bufio/bufio.go:152 +0x53
net/http.(*persistConn).readLoop(0xc022aa2120)
	/usr/lib/go/src/net/http/transport.go:2275 +0x172
created by net/http.(*Transport).dialConn in goroutine 40524
	/usr/lib/go/src/net/http/transport.go:1944 +0x174f

goroutine 45135 [IO wait]:
internal/poll.runtime_pollWait(0x77755073a918, 0x72)
	/usr/lib/go/src/runtime/netpoll.go:351 +0x85
internal/poll.(*pollDesc).wait(0xc016580580?, 0xc02726e000?, 0x0)
	/usr/lib/go/src/internal/poll/fd_poll_runtime.go:84 +0x27
internal/poll.(*pollDesc).waitRead(...)
	/usr/lib/go/src/internal/poll/fd_poll_runtime.go:89
internal/poll.(*FD).Read(0xc016580580, {0xc02726e000, 0x1300, 0x1300})
	/usr/lib/go/src/internal/poll/fd_unix.go:165 +0x27a
net.(*netFD).Read(0xc016580580, {0xc02726e000?, 0x0?, 0x5?})
	/usr/lib/go/src/net/fd_posix.go:55 +0x25
net.(*conn).Read(0xc01d974c48, {0xc02726e000?, 0x7775603e67a0?, 0x7775a8b293e8?})
	/usr/lib/go/src/net/net.go:194 +0x45
crypto/tls.(*atLeastReader).Read(0xc017ecd0b0, {0xc02726e000?, 0x11abda20?, 0xc016a009c8?})
	/usr/lib/go/src/crypto/tls/conn.go:809 +0x3b
bytes.(*Buffer).ReadFrom(0xc0251290b8, {0xa94e300, 0xc017ecd0b0})
	/usr/lib/go/src/bytes/buffer.go:211 +0x98
crypto/tls.(*Conn).readFromUntil(0xc025128e08, {0xa94dc00, 0xc01d974c48}, 0x444af4?)
	/usr/lib/go/src/crypto/tls/conn.go:831 +0xde
crypto/tls.(*Conn).readRecordOrCCS(0xc025128e08, 0x0)
	/usr/lib/go/src/crypto/tls/conn.go:629 +0x3cf
crypto/tls.(*Conn).readRecord(...)
	/usr/lib/go/src/crypto/tls/conn.go:591
crypto/tls.(*Conn).Read(0xc025128e08, {0xc027275000, 0x1000, 0xc026f912c0?})
	/usr/lib/go/src/crypto/tls/conn.go:1385 +0x145
net/http.(*persistConn).Read(0xc01f4ac900, {0xc027275000?, 0x81fe45?, 0xa94be80?})
	/usr/lib/go/src/net/http/transport.go:2122 +0x47
bufio.(*Reader).fill(0xc02727a3c0)
	/usr/lib/go/src/bufio/bufio.go:113 +0x103
bufio.(*Reader).Peek(0xc02727a3c0, 0x1)
	/usr/lib/go/src/bufio/bufio.go:152 +0x53
net/http.(*persistConn).readLoop(0xc01f4ac900)
	/usr/lib/go/src/net/http/transport.go:2275 +0x172
created by net/http.(*Transport).dialConn in goroutine 45265
	/usr/lib/go/src/net/http/transport.go:1944 +0x174f

goroutine 36380 [select]:
net/http.(*persistConn).writeLoop(0xc022aa2120)
	/usr/lib/go/src/net/http/transport.go:2590 +0xe7
created by net/http.(*Transport).dialConn in goroutine 40524
	/usr/lib/go/src/net/http/transport.go:1945 +0x17a5

goroutine 40811 [select]:
net/http.(*persistConn).writeLoop(0xc01eb64120)
	/usr/lib/go/src/net/http/transport.go:2590 +0xe7
created by net/http.(*Transport).dialConn in goroutine 40314
	/usr/lib/go/src/net/http/transport.go:1945 +0x17a5

goroutine 40972 [select]:
k8s.io/apimachinery/pkg/util/wait.BackoffUntil(0xc0240c7e80, {0xa95ac00, 0xc011fc3c50}, 0x1, 0xc023fe98f0)
	/home/mariell/go/pkg/mod/k8s.io/apimachinery@v0.32.1/pkg/util/wait/backoff.go:238 +0x12c
k8s.io/apimachinery/pkg/util/wait.JitterUntil(0xc0240c7e80, 0x3b9aca00, 0x3ff3333333333333, 0x1, 0xc023fe98f0)
	/home/mariell/go/pkg/mod/k8s.io/apimachinery@v0.32.1/pkg/util/wait/backoff.go:204 +0x7f
created by k8s.io/apiserver/pkg/registry/generic/registry.(*Store).startObservingCount in goroutine 39277
	/home/mariell/go/pkg/mod/k8s.io/apiserver@v0.32.1/pkg/registry/generic/registry/store.go:1666 +0x2f9

goroutine 45155 [sync.Cond.Wait]:
sync.runtime_notifyListWait(0xc026bf9c10, 0x10)
	/usr/lib/go/src/runtime/sema.go:597 +0x159
sync.(*Cond).Wait(0x0?)
	/usr/lib/go/src/sync/cond.go:71 +0x85
github.com/centrifugal/centrifuge/internal/dissolve.(*queueImpl).Wait(0xc026c14c40)
	/home/mariell/go/pkg/mod/github.com/centrifugal/centrifuge@v0.33.3/internal/dissolve/queue.go:139 +0x4a
github.com/centrifugal/centrifuge/internal/dissolve.(*Dissolver).runWorker(0xc026b0b128)
	/home/mariell/go/pkg/mod/github.com/centrifugal/centrifuge@v0.33.3/internal/dissolve/dissolve.go:52 +0x27
created by github.com/centrifugal/centrifuge/internal/dissolve.(*Dissolver).Run in goroutine 44067
	/home/mariell/go/pkg/mod/github.com/centrifugal/centrifuge@v0.33.3/internal/dissolve/dissolve.go:31 +0x25

goroutine 75071 [chan receive]:
github.com/grafana/grafana/pkg/storage/unified/sql.(*channelNotifier).notify.func1()
	/home/mariell/work/oss/grafana/pkg/storage/unified/sql/notifier.go:87 +0x39
created by github.com/grafana/grafana/pkg/storage/unified/sql.(*channelNotifier).notify in goroutine 3351
	/home/mariell/work/oss/grafana/pkg/storage/unified/sql/notifier.go:86 +0xdb

goroutine 54790 [select]:
go.opentelemetry.io/otel/sdk/trace.(*batchSpanProcessor).processQueue(0xc02b57c5a0)
	/home/mariell/go/pkg/mod/go.opentelemetry.io/otel/sdk@v1.34.0/trace/batch_span_processor.go:302 +0x114
go.opentelemetry.io/otel/sdk/trace.NewBatchSpanProcessor.func1()
	/home/mariell/go/pkg/mod/go.opentelemetry.io/otel/sdk@v1.34.0/trace/batch_span_processor.go:117 +0x4e
created by go.opentelemetry.io/otel/sdk/trace.NewBatchSpanProcessor in goroutine 54803
	/home/mariell/go/pkg/mod/go.opentelemetry.io/otel/sdk@v1.34.0/trace/batch_span_processor.go:115 +0x2d9

goroutine 38862 [IO wait]:
internal/poll.runtime_pollWait(0x7775581bb9e0, 0x72)
	/usr/lib/go/src/runtime/netpoll.go:351 +0x85
internal/poll.(*pollDesc).wait(0xc0237e2e00?, 0xc023856000?, 0x0)
	/usr/lib/go/src/internal/poll/fd_poll_runtime.go:84 +0x27
internal/poll.(*pollDesc).waitRead(...)
	/usr/lib/go/src/internal/poll/fd_poll_runtime.go:89
internal/poll.(*FD).Read(0xc0237e2e00, {0xc023856000, 0xa000, 0xa000})
	/usr/lib/go/src/internal/poll/fd_unix.go:165 +0x27a
net.(*netFD).Read(0xc0237e2e00, {0xc023856000?, 0x5?, 0x5?})
	/usr/lib/go/src/net/fd_posix.go:55 +0x25
net.(*conn).Read(0xc01d762090, {0xc023856000?, 0x777558f2eaa8?, 0x7775a8b2b9a8?})
	/usr/lib/go/src/net/net.go:194 +0x45
crypto/tls.(*atLeastReader).Read(0xc01da26ab0, {0xc023856000?, 0x11abda20?, 0x3d0d0bc900?})
	/usr/lib/go/src/crypto/tls/conn.go:809 +0x3b
bytes.(*Buffer).ReadFrom(0xc0132cb0b8, {0xa94e300, 0xc01da26ab0})
	/usr/lib/go/src/bytes/buffer.go:211 +0x98
crypto/tls.(*Conn).readFromUntil(0xc0132cae08, {0xa94dc00, 0xc01d762090}, 0x444af4?)
	/usr/lib/go/src/crypto/tls/conn.go:831 +0xde
crypto/tls.(*Conn).readRecordOrCCS(0xc0132cae08, 0x0)
	/usr/lib/go/src/crypto/tls/conn.go:629 +0x3cf
crypto/tls.(*Conn).readRecord(...)
	/usr/lib/go/src/crypto/tls/conn.go:591
crypto/tls.(*Conn).Read(0xc0132cae08, {0xc025022000, 0x1000, 0xc00ca85080?})
	/usr/lib/go/src/crypto/tls/conn.go:1385 +0x145
net/http.(*persistConn).Read(0xc023912d80, {0xc025022000?, 0x81fe45?, 0xa94be80?})
	/usr/lib/go/src/net/http/transport.go:2122 +0x47
bufio.(*Reader).fill(0xc012f97980)
	/usr/lib/go/src/bufio/bufio.go:113 +0x103
bufio.(*Reader).Peek(0xc012f97980, 0x1)
	/usr/lib/go/src/bufio/bufio.go:152 +0x53
net/http.(*persistConn).readLoop(0xc023912d80)
	/usr/lib/go/src/net/http/transport.go:2275 +0x172
created by net/http.(*Transport).dialConn in goroutine 40947
	/usr/lib/go/src/net/http/transport.go:1944 +0x174f

goroutine 44041 [select]:
github.com/grafana/grafana/pkg/storage/unified/resource.(*broadcaster[...]).stream(0xab113a0, 0xc016c88ee0)
	/home/mariell/work/oss/grafana/pkg/storage/unified/resource/broadcaster.go:205 +0x13d
created by github.com/grafana/grafana/pkg/storage/unified/resource.(*broadcaster[...]).init in goroutine 42497
	/home/mariell/work/oss/grafana/pkg/storage/unified/resource/broadcaster.go:177 +0x219

goroutine 43612 [sync.Cond.Wait]:
sync.runtime_notifyListWait(0xc00d19c890, 0x3)
	/usr/lib/go/src/runtime/sema.go:597 +0x159
sync.(*Cond).Wait(0x0?)
	/usr/lib/go/src/sync/cond.go:71 +0x85
github.com/centrifugal/centrifuge/internal/dissolve.(*queueImpl).Wait(0xc015e6a930)
	/home/mariell/go/pkg/mod/github.com/centrifugal/centrifuge@v0.33.3/internal/dissolve/queue.go:139 +0x4a
github.com/centrifugal/centrifuge/internal/dissolve.(*Dissolver).runWorker(0xc0132189d8)
	/home/mariell/go/pkg/mod/github.com/centrifugal/centrifuge@v0.33.3/internal/dissolve/dissolve.go:52 +0x27
created by github.com/centrifugal/centrifuge/internal/dissolve.(*Dissolver).Run in goroutine 42495
	/home/mariell/go/pkg/mod/github.com/centrifugal/centrifuge@v0.33.3/internal/dissolve/dissolve.go:31 +0x25

goroutine 43632 [sync.Cond.Wait]:
sync.runtime_notifyListWait(0xc00d19c890, 0x17)
	/usr/lib/go/src/runtime/sema.go:597 +0x159
sync.(*Cond).Wait(0x0?)
	/usr/lib/go/src/sync/cond.go:71 +0x85
github.com/centrifugal/centrifuge/internal/dissolve.(*queueImpl).Wait(0xc015e6a930)
	/home/mariell/go/pkg/mod/github.com/centrifugal/centrifuge@v0.33.3/internal/dissolve/queue.go:139 +0x4a
github.com/centrifugal/centrifuge/internal/dissolve.(*Dissolver).runWorker(0xc0132189d8)
	/home/mariell/go/pkg/mod/github.com/centrifugal/centrifuge@v0.33.3/internal/dissolve/dissolve.go:52 +0x27
created by github.com/centrifugal/centrifuge/internal/dissolve.(*Dissolver).Run in goroutine 42495
	/home/mariell/go/pkg/mod/github.com/centrifugal/centrifuge@v0.33.3/internal/dissolve/dissolve.go:31 +0x25

goroutine 42008 [select]:
github.com/patrickmn/go-cache.(*janitor).Run(0xc013fe4530, 0xc01b774700)
	/home/mariell/go/pkg/mod/github.com/patrickmn/go-cache@v2.1.0+incompatible/cache.go:1079 +0x7b
created by github.com/patrickmn/go-cache.runJanitor in goroutine 40816
	/home/mariell/go/pkg/mod/github.com/patrickmn/go-cache@v2.1.0+incompatible/cache.go:1099 +0xdb

goroutine 41944 [select]:
github.com/grafana/grafana/pkg/storage/unified/resource.(*broadcaster[...]).stream(0xab113a0, 0xc01de16e70)
	/home/mariell/work/oss/grafana/pkg/storage/unified/resource/broadcaster.go:205 +0x13d
created by github.com/grafana/grafana/pkg/storage/unified/resource.(*broadcaster[...]).init in goroutine 40816
	/home/mariell/work/oss/grafana/pkg/storage/unified/resource/broadcaster.go:177 +0x219

goroutine 77478 [runnable]:
github.com/patrickmn/go-cache.runJanitor.gowrap1()
	/home/mariell/go/pkg/mod/github.com/patrickmn/go-cache@v2.1.0+incompatible/cache.go:1099
runtime.goexit({})
	/usr/lib/go/src/runtime/asm_amd64.s:1700 +0x1
created by github.com/patrickmn/go-cache.runJanitor in goroutine 3351
	/home/mariell/go/pkg/mod/github.com/patrickmn/go-cache@v2.1.0+incompatible/cache.go:1099 +0xdb

goroutine 42082 [sync.Cond.Wait]:
sync.runtime_notifyListWait(0xc01bc03e10, 0x24)
	/usr/lib/go/src/runtime/sema.go:597 +0x159
sync.(*Cond).Wait(0x0?)
	/usr/lib/go/src/sync/cond.go:71 +0x85
github.com/centrifugal/centrifuge/internal/dissolve.(*queueImpl).Wait(0xc01e10aa10)
	/home/mariell/go/pkg/mod/github.com/centrifugal/centrifuge@v0.33.3/internal/dissolve/queue.go:139 +0x4a
github.com/centrifugal/centrifuge/internal/dissolve.(*Dissolver).runWorker(0xc0122187e0)
	/home/mariell/go/pkg/mod/github.com/centrifugal/centrifuge@v0.33.3/internal/dissolve/dissolve.go:52 +0x27
created by github.com/centrifugal/centrifuge/internal/dissolve.(*Dissolver).Run in goroutine 40816
	/home/mariell/go/pkg/mod/github.com/centrifugal/centrifuge@v0.33.3/internal/dissolve/dissolve.go:31 +0x25

goroutine 50147 [IO wait]:
internal/poll.runtime_pollWait(0x7775502748a0, 0x72)
	/usr/lib/go/src/runtime/netpoll.go:351 +0x85
internal/poll.(*pollDesc).wait(0xc028e21d80?, 0xc023803900?, 0x0)
	/usr/lib/go/src/internal/poll/fd_poll_runtime.go:84 +0x27
internal/poll.(*pollDesc).waitRead(...)
	/usr/lib/go/src/internal/poll/fd_poll_runtime.go:89
internal/poll.(*FD).Read(0xc028e21d80, {0xc023803900, 0x1300, 0x1300})
	/usr/lib/go/src/internal/poll/fd_unix.go:165 +0x27a
net.(*netFD).Read(0xc028e21d80, {0xc023803900?, 0xc023803900?, 0x5?})
	/usr/lib/go/src/net/fd_posix.go:55 +0x25
net.(*conn).Read(0xc004f899a0, {0xc023803900?, 0x777550484f50?, 0x7775a8b28108?})
	/usr/lib/go/src/net/net.go:194 +0x45
crypto/tls.(*atLeastReader).Read(0xc0298aeba0, {0xc023803900?, 0x12fb?, 0x41f436?})
	/usr/lib/go/src/crypto/tls/conn.go:809 +0x3b
bytes.(*Buffer).ReadFrom(0xc02940d7b8, {0xa94e300, 0xc0298aeba0})
	/usr/lib/go/src/bytes/buffer.go:211 +0x98
crypto/tls.(*Conn).readFromUntil(0xc02940d508, {0xa94dc00, 0xc004f899a0}, 0x444af4?)
	/usr/lib/go/src/crypto/tls/conn.go:831 +0xde
crypto/tls.(*Conn).readRecordOrCCS(0xc02940d508, 0x0)
	/usr/lib/go/src/crypto/tls/conn.go:629 +0x3cf
crypto/tls.(*Conn).readRecord(...)
	/usr/lib/go/src/crypto/tls/conn.go:591
crypto/tls.(*Conn).Read(0xc02940d508, {0xc02979f000, 0x1000, 0xc0186aa630?})
	/usr/lib/go/src/crypto/tls/conn.go:1385 +0x145
net/http.(*persistConn).Read(0xc025210a20, {0xc02979f000?, 0x81fe45?, 0xa94be80?})
	/usr/lib/go/src/net/http/transport.go:2122 +0x47
bufio.(*Reader).fill(0xc029797080)
	/usr/lib/go/src/bufio/bufio.go:113 +0x103
bufio.(*Reader).Peek(0xc029797080, 0x1)
	/usr/lib/go/src/bufio/bufio.go:152 +0x53
net/http.(*persistConn).readLoop(0xc025210a20)
	/usr/lib/go/src/net/http/transport.go:2275 +0x172
created by net/http.(*Transport).dialConn in goroutine 50011
	/usr/lib/go/src/net/http/transport.go:1944 +0x174f

goroutine 41896 [select]:
github.com/patrickmn/go-cache.(*janitor).Run(0xc015c4fd30, 0xc015fdf300)
	/home/mariell/go/pkg/mod/github.com/patrickmn/go-cache@v2.1.0+incompatible/cache.go:1079 +0x7b
created by github.com/patrickmn/go-cache.runJanitor in goroutine 40816
	/home/mariell/go/pkg/mod/github.com/patrickmn/go-cache@v2.1.0+incompatible/cache.go:1099 +0xdb

goroutine 45272 [select]:
github.com/patrickmn/go-cache.(*janitor).Run(0xc0169555c0, 0xc016966880)
	/home/mariell/go/pkg/mod/github.com/patrickmn/go-cache@v2.1.0+incompatible/cache.go:1079 +0x7b
created by github.com/patrickmn/go-cache.runJanitor in goroutine 44067
	/home/mariell/go/pkg/mod/github.com/patrickmn/go-cache@v2.1.0+incompatible/cache.go:1099 +0xdb

goroutine 76260 [select]:
github.com/patrickmn/go-cache.(*janitor).Run(0xc046dc3a40, 0xc046dc8b40)
	/home/mariell/go/pkg/mod/github.com/patrickmn/go-cache@v2.1.0+incompatible/cache.go:1079 +0x7b
created by github.com/patrickmn/go-cache.runJanitor in goroutine 22318
	/home/mariell/go/pkg/mod/github.com/patrickmn/go-cache@v2.1.0+incompatible/cache.go:1099 +0xdb

goroutine 48237 [sync.Cond.Wait]:
sync.runtime_notifyListWait(0xc01fca58d0, 0x22)
	/usr/lib/go/src/runtime/sema.go:597 +0x159
sync.(*Cond).Wait(0xc01ebec7d0?)
	/usr/lib/go/src/sync/cond.go:71 +0x85
github.com/centrifugal/centrifuge/internal/dissolve.(*queueImpl).Wait(0xc020dbf5e0)
	/home/mariell/go/pkg/mod/github.com/centrifugal/centrifuge@v0.33.3/internal/dissolve/queue.go:139 +0x4a
github.com/centrifugal/centrifuge/internal/dissolve.(*Dissolver).runWorker(0xc0271f1da0)
	/home/mariell/go/pkg/mod/github.com/centrifugal/centrifuge@v0.33.3/internal/dissolve/dissolve.go:52 +0x27
created by github.com/centrifugal/centrifuge/internal/dissolve.(*Dissolver).Run in goroutine 47137
	/home/mariell/go/pkg/mod/github.com/centrifugal/centrifuge@v0.33.3/internal/dissolve/dissolve.go:31 +0x25

goroutine 41900 [select]:
github.com/patrickmn/go-cache.(*janitor).Run(0xc015c6e630, 0xc015fdfcc0)
	/home/mariell/go/pkg/mod/github.com/patrickmn/go-cache@v2.1.0+incompatible/cache.go:1079 +0x7b
created by github.com/patrickmn/go-cache.runJanitor in goroutine 40816
	/home/mariell/go/pkg/mod/github.com/patrickmn/go-cache@v2.1.0+incompatible/cache.go:1099 +0xdb

goroutine 42083 [sync.Cond.Wait]:
sync.runtime_notifyListWait(0xc01bc03e10, 0x25)
	/usr/lib/go/src/runtime/sema.go:597 +0x159
sync.(*Cond).Wait(0x0?)
	/usr/lib/go/src/sync/cond.go:71 +0x85
github.com/centrifugal/centrifuge/internal/dissolve.(*queueImpl).Wait(0xc01e10aa10)
	/home/mariell/go/pkg/mod/github.com/centrifugal/centrifuge@v0.33.3/internal/dissolve/queue.go:139 +0x4a
github.com/centrifugal/centrifuge/internal/dissolve.(*Dissolver).runWorker(0xc0122187e0)
	/home/mariell/go/pkg/mod/github.com/centrifugal/centrifuge@v0.33.3/internal/dissolve/dissolve.go:52 +0x27
created by github.com/centrifugal/centrifuge/internal/dissolve.(*Dissolver).Run in goroutine 40816
	/home/mariell/go/pkg/mod/github.com/centrifugal/centrifuge@v0.33.3/internal/dissolve/dissolve.go:31 +0x25

goroutine 42041 [select]:
github.com/centrifugal/centrifuge.(*historyHub).removeStreams(0xc01e0fd600)
	/home/mariell/go/pkg/mod/github.com/centrifugal/centrifuge@v0.33.3/broker_memory.go:259 +0x6f
created by github.com/centrifugal/centrifuge.(*historyHub).runCleanups in goroutine 40816
	/home/mariell/go/pkg/mod/github.com/centrifugal/centrifuge@v0.33.3/broker_memory.go:253 +0x96

goroutine 51303 [sync.Cond.Wait]:
sync.runtime_notifyListWait(0xc01afe9210, 0xe)
	/usr/lib/go/src/runtime/sema.go:597 +0x159
sync.(*Cond).Wait(0xc013b787d0?)
	/usr/lib/go/src/sync/cond.go:71 +0x85
github.com/centrifugal/centrifuge/internal/dissolve.(*queueImpl).Wait(0xc020f245b0)
	/home/mariell/go/pkg/mod/github.com/centrifugal/centrifuge@v0.33.3/internal/dissolve/queue.go:139 +0x4a
github.com/centrifugal/centrifuge/internal/dissolve.(*Dissolver).runWorker(0xc02834aab0)
	/home/mariell/go/pkg/mod/github.com/centrifugal/centrifuge@v0.33.3/internal/dissolve/dissolve.go:52 +0x27
created by github.com/centrifugal/centrifuge/internal/dissolve.(*Dissolver).Run in goroutine 50170
	/home/mariell/go/pkg/mod/github.com/centrifugal/centrifuge@v0.33.3/internal/dissolve/dissolve.go:31 +0x25

goroutine 43651 [sync.Cond.Wait]:
sync.runtime_notifyListWait(0xc00d19c890, 0x2e)
	/usr/lib/go/src/runtime/sema.go:597 +0x159
sync.(*Cond).Wait(0x0?)
	/usr/lib/go/src/sync/cond.go:71 +0x85
github.com/centrifugal/centrifuge/internal/dissolve.(*queueImpl).Wait(0xc015e6a930)
	/home/mariell/go/pkg/mod/github.com/centrifugal/centrifuge@v0.33.3/internal/dissolve/queue.go:139 +0x4a
github.com/centrifugal/centrifuge/internal/dissolve.(*Dissolver).runWorker(0xc0132189d8)
	/home/mariell/go/pkg/mod/github.com/centrifugal/centrifuge@v0.33.3/internal/dissolve/dissolve.go:52 +0x27
created by github.com/centrifugal/centrifuge/internal/dissolve.(*Dissolver).Run in goroutine 42495
	/home/mariell/go/pkg/mod/github.com/centrifugal/centrifuge@v0.33.3/internal/dissolve/dissolve.go:31 +0x25

goroutine 45606 [chan receive (nil chan)]:
k8s.io/apiserver/pkg/server.preparedGenericAPIServer.RunWithContext.func5()
	/home/mariell/go/pkg/mod/k8s.io/apiserver@v0.32.1/pkg/server/genericapiserver.go:598 +0x37
created by k8s.io/apiserver/pkg/server.preparedGenericAPIServer.RunWithContext in goroutine 45551
	/home/mariell/go/pkg/mod/k8s.io/apiserver@v0.32.1/pkg/server/genericapiserver.go:597 +0x60b

goroutine 42084 [sync.Cond.Wait]:
sync.runtime_notifyListWait(0xc01bc03e10, 0x27)
	/usr/lib/go/src/runtime/sema.go:597 +0x159
sync.(*Cond).Wait(0x0?)
	/usr/lib/go/src/sync/cond.go:71 +0x85
github.com/centrifugal/centrifuge/internal/dissolve.(*queueImpl).Wait(0xc01e10aa10)
	/home/mariell/go/pkg/mod/github.com/centrifugal/centrifuge@v0.33.3/internal/dissolve/queue.go:139 +0x4a
github.com/centrifugal/centrifuge/internal/dissolve.(*Dissolver).runWorker(0xc0122187e0)
	/home/mariell/go/pkg/mod/github.com/centrifugal/centrifuge@v0.33.3/internal/dissolve/dissolve.go:52 +0x27
created by github.com/centrifugal/centrifuge/internal/dissolve.(*Dissolver).Run in goroutine 40816
	/home/mariell/go/pkg/mod/github.com/centrifugal/centrifuge@v0.33.3/internal/dissolve/dissolve.go:31 +0x25

goroutine 42085 [sync.Cond.Wait]:
sync.runtime_notifyListWait(0xc01bc03e10, 0x2b)
	/usr/lib/go/src/runtime/sema.go:597 +0x159
sync.(*Cond).Wait(0x0?)
	/usr/lib/go/src/sync/cond.go:71 +0x85
github.com/centrifugal/centrifuge/internal/dissolve.(*queueImpl).Wait(0xc01e10aa10)
	/home/mariell/go/pkg/mod/github.com/centrifugal/centrifuge@v0.33.3/internal/dissolve/queue.go:139 +0x4a
github.com/centrifugal/centrifuge/internal/dissolve.(*Dissolver).runWorker(0xc0122187e0)
	/home/mariell/go/pkg/mod/github.com/centrifugal/centrifuge@v0.33.3/internal/dissolve/dissolve.go:52 +0x27
created by github.com/centrifugal/centrifuge/internal/dissolve.(*Dissolver).Run in goroutine 40816
	/home/mariell/go/pkg/mod/github.com/centrifugal/centrifuge@v0.33.3/internal/dissolve/dissolve.go:31 +0x25

goroutine 43638 [sync.Cond.Wait]:
sync.runtime_notifyListWait(0xc00d19c890, 0x20)
	/usr/lib/go/src/runtime/sema.go:597 +0x159
sync.(*Cond).Wait(0x0?)
	/usr/lib/go/src/sync/cond.go:71 +0x85
github.com/centrifugal/centrifuge/internal/dissolve.(*queueImpl).Wait(0xc015e6a930)
	/home/mariell/go/pkg/mod/github.com/centrifugal/centrifuge@v0.33.3/internal/dissolve/queue.go:139 +0x4a
github.com/centrifugal/centrifuge/internal/dissolve.(*Dissolver).runWorker(0xc0132189d8)
	/home/mariell/go/pkg/mod/github.com/centrifugal/centrifuge@v0.33.3/internal/dissolve/dissolve.go:52 +0x27
created by github.com/centrifugal/centrifuge/internal/dissolve.(*Dissolver).Run in goroutine 42495
	/home/mariell/go/pkg/mod/github.com/centrifugal/centrifuge@v0.33.3/internal/dissolve/dissolve.go:31 +0x25

goroutine 77835 [runnable]:
github.com/centrifugal/centrifuge.(*Node).initMetrics.func1()
	/home/mariell/go/pkg/mod/github.com/centrifugal/centrifuge@v0.33.3/node.go:363
created by github.com/centrifugal/centrifuge.(*Node).initMetrics in goroutine 3350
	/home/mariell/go/pkg/mod/github.com/centrifugal/centrifuge@v0.33.3/node.go:363 +0x1f9

goroutine 45536 [IO wait]:
internal/poll.runtime_pollWait(0x77755073a058, 0x72)
	/usr/lib/go/src/runtime/netpoll.go:351 +0x85
internal/poll.(*pollDesc).wait(0xc0205b2080?, 0xc02352d300?, 0x0)
	/usr/lib/go/src/internal/poll/fd_poll_runtime.go:84 +0x27
internal/poll.(*pollDesc).waitRead(...)
	/usr/lib/go/src/internal/poll/fd_poll_runtime.go:89
internal/poll.(*FD).Read(0xc0205b2080, {0xc02352d300, 0x1300, 0x1300})
	/usr/lib/go/src/internal/poll/fd_unix.go:165 +0x27a
net.(*netFD).Read(0xc0205b2080, {0xc02352d300?, 0xc021d274b0?, 0xc021d274b4?})
	/usr/lib/go/src/net/fd_posix.go:55 +0x25
net.(*conn).Read(0xc001330100, {0xc02352d300?, 0x77755911a888?, 0x7775a8b2b038?})
	/usr/lib/go/src/net/net.go:194 +0x45
crypto/tls.(*atLeastReader).Read(0xc008795c80, {0xc02352d300?, 0xc027105998?, 0xaaa0878?})
	/usr/lib/go/src/crypto/tls/conn.go:809 +0x3b
bytes.(*Buffer).ReadFrom(0xc0266da9b8, {0xa94e300, 0xc008795c80})
	/usr/lib/go/src/bytes/buffer.go:211 +0x98
crypto/tls.(*Conn).readFromUntil(0xc0266da708, {0xa94dc00, 0xc001330100}, 0x444af4?)
	/usr/lib/go/src/crypto/tls/conn.go:831 +0xde
crypto/tls.(*Conn).readRecordOrCCS(0xc0266da708, 0x0)
	/usr/lib/go/src/crypto/tls/conn.go:629 +0x3cf
crypto/tls.(*Conn).readRecord(...)
	/usr/lib/go/src/crypto/tls/conn.go:591
crypto/tls.(*Conn).Read(0xc0266da708, {0xc0207b7000, 0x1000, 0x7775a8b2b038?})
	/usr/lib/go/src/crypto/tls/conn.go:1385 +0x145
net/http.(*persistConn).Read(0xc01a0ca000, {0xc0207b7000?, 0x4141c5?, 0x68?})
	/usr/lib/go/src/net/http/transport.go:2122 +0x47
bufio.(*Reader).fill(0xc0168a8540)
	/usr/lib/go/src/bufio/bufio.go:113 +0x103
bufio.(*Reader).Peek(0xc0168a8540, 0x1)
	/usr/lib/go/src/bufio/bufio.go:152 +0x53
net/http.(*persistConn).readLoop(0xc01a0ca000)
	/usr/lib/go/src/net/http/transport.go:2275 +0x172
created by net/http.(*Transport).dialConn in goroutine 42349
	/usr/lib/go/src/net/http/transport.go:1944 +0x174f

goroutine 45597 [select]:
github.com/grafana/grafana/pkg/storage/unified/resource.(*broadcaster[...]).stream(0xab113a0, 0xc027b772d0)
	/home/mariell/work/oss/grafana/pkg/storage/unified/resource/broadcaster.go:205 +0x13d
created by github.com/grafana/grafana/pkg/storage/unified/resource.(*broadcaster[...]).init in goroutine 45410
	/home/mariell/work/oss/grafana/pkg/storage/unified/resource/broadcaster.go:177 +0x219

goroutine 42071 [sync.Cond.Wait]:
sync.runtime_notifyListWait(0xc01bc03e10, 0x5)
	/usr/lib/go/src/runtime/sema.go:597 +0x159
sync.(*Cond).Wait(0x0?)
	/usr/lib/go/src/sync/cond.go:71 +0x85
github.com/centrifugal/centrifuge/internal/dissolve.(*queueImpl).Wait(0xc01e10aa10)
	/home/mariell/go/pkg/mod/github.com/centrifugal/centrifuge@v0.33.3/internal/dissolve/queue.go:139 +0x4a
github.com/centrifugal/centrifuge/internal/dissolve.(*Dissolver).runWorker(0xc0122187e0)
	/home/mariell/go/pkg/mod/github.com/centrifugal/centrifuge@v0.33.3/internal/dissolve/dissolve.go:52 +0x27
created by github.com/centrifugal/centrifuge/internal/dissolve.(*Dissolver).Run in goroutine 40816
	/home/mariell/go/pkg/mod/github.com/centrifugal/centrifuge@v0.33.3/internal/dissolve/dissolve.go:31 +0x25

goroutine 73839 [select]:
github.com/patrickmn/go-cache.(*janitor).Run(0xc01a1f9910, 0xc01f89f840)
	/home/mariell/go/pkg/mod/github.com/patrickmn/go-cache@v2.1.0+incompatible/cache.go:1079 +0x7b
created by github.com/patrickmn/go-cache.runJanitor in goroutine 56144
	/home/mariell/go/pkg/mod/github.com/patrickmn/go-cache@v2.1.0+incompatible/cache.go:1099 +0xdb

goroutine 43973 [select]:
net/http.(*persistConn).writeLoop(0xc025522000)
	/usr/lib/go/src/net/http/transport.go:2590 +0xe7
created by net/http.(*Transport).dialConn in goroutine 42405
	/usr/lib/go/src/net/http/transport.go:1945 +0x17a5

goroutine 48629 [IO wait]:
internal/poll.runtime_pollWait(0x777550274d00, 0x72)
	/usr/lib/go/src/runtime/netpoll.go:351 +0x85
internal/poll.(*pollDesc).wait(0xc016220680?, 0xc02352f900?, 0x0)
	/usr/lib/go/src/internal/poll/fd_poll_runtime.go:84 +0x27
internal/poll.(*pollDesc).waitRead(...)
	/usr/lib/go/src/internal/poll/fd_poll_runtime.go:89
internal/poll.(*FD).Read(0xc016220680, {0xc02352f900, 0x1300, 0x1300})
	/usr/lib/go/src/internal/poll/fd_unix.go:165 +0x27a
net.(*netFD).Read(0xc016220680, {0xc02352f900?, 0xc02352f900?, 0x5?})
	/usr/lib/go/src/net/fd_posix.go:55 +0x25
net.(*conn).Read(0xc0088a6380, {0xc02352f900?, 0x77755041e7a8?, 0x7775a8b298a0?})
	/usr/lib/go/src/net/net.go:194 +0x45
crypto/tls.(*atLeastReader).Read(0xc027e41d58, {0xc02352f900?, 0x12fb?, 0xc01644e9c8?})
	/usr/lib/go/src/crypto/tls/conn.go:809 +0x3b
bytes.(*Buffer).ReadFrom(0xc00ba062b8, {0xa94e300, 0xc027e41d58})
	/usr/lib/go/src/bytes/buffer.go:211 +0x98
crypto/tls.(*Conn).readFromUntil(0xc00ba06008, {0xa94dc00, 0xc0088a6380}, 0x444af4?)
	/usr/lib/go/src/crypto/tls/conn.go:831 +0xde
crypto/tls.(*Conn).readRecordOrCCS(0xc00ba06008, 0x0)
	/usr/lib/go/src/crypto/tls/conn.go:629 +0x3cf
crypto/tls.(*Conn).readRecord(...)
	/usr/lib/go/src/crypto/tls/conn.go:591
crypto/tls.(*Conn).Read(0xc00ba06008, {0xc0151bd000, 0x1000, 0xc01b3e5920?})
	/usr/lib/go/src/crypto/tls/conn.go:1385 +0x145
net/http.(*persistConn).Read(0xc0251f6000, {0xc0151bd000?, 0x81fe45?, 0xa94be80?})
	/usr/lib/go/src/net/http/transport.go:2122 +0x47
bufio.(*Reader).fill(0xc01a714300)
	/usr/lib/go/src/bufio/bufio.go:113 +0x103
bufio.(*Reader).Peek(0xc01a714300, 0x1)
	/usr/lib/go/src/bufio/bufio.go:152 +0x53
net/http.(*persistConn).readLoop(0xc0251f6000)
	/usr/lib/go/src/net/http/transport.go:2275 +0x172
created by net/http.(*Transport).dialConn in goroutine 48490
	/usr/lib/go/src/net/http/transport.go:1944 +0x174f

goroutine 42086 [sync.Cond.Wait]:
sync.runtime_notifyListWait(0xc01bc03e10, 0x1)
	/usr/lib/go/src/runtime/sema.go:597 +0x159
sync.(*Cond).Wait(0xc02274cfd0?)
	/usr/lib/go/src/sync/cond.go:71 +0x85
github.com/centrifugal/centrifuge/internal/dissolve.(*queueImpl).Wait(0xc01e10aa10)
	/home/mariell/go/pkg/mod/github.com/centrifugal/centrifuge@v0.33.3/internal/dissolve/queue.go:139 +0x4a
github.com/centrifugal/centrifuge/internal/dissolve.(*Dissolver).runWorker(0xc0122187e0)
	/home/mariell/go/pkg/mod/github.com/centrifugal/centrifuge@v0.33.3/internal/dissolve/dissolve.go:52 +0x27
created by github.com/centrifugal/centrifuge/internal/dissolve.(*Dissolver).Run in goroutine 40816
	/home/mariell/go/pkg/mod/github.com/centrifugal/centrifuge@v0.33.3/internal/dissolve/dissolve.go:31 +0x25

goroutine 51677 [select]:
net/http.(*persistConn).writeLoop(0xc02565bc20)
	/usr/lib/go/src/net/http/transport.go:2590 +0xe7
created by net/http.(*Transport).dialConn in goroutine 51503
	/usr/lib/go/src/net/http/transport.go:1945 +0x17a5

goroutine 58889 [sync.Cond.Wait]:
sync.runtime_notifyListWait(0xc01f861010, 0xe)
	/usr/lib/go/src/runtime/sema.go:597 +0x159
sync.(*Cond).Wait(0x0?)
	/usr/lib/go/src/sync/cond.go:71 +0x85
github.com/centrifugal/centrifuge/internal/dissolve.(*queueImpl).Wait(0xc01921b6c0)
	/home/mariell/go/pkg/mod/github.com/centrifugal/centrifuge@v0.33.3/internal/dissolve/queue.go:139 +0x4a
github.com/centrifugal/centrifuge/internal/dissolve.(*Dissolver).runWorker(0xc0243b2a20)
	/home/mariell/go/pkg/mod/github.com/centrifugal/centrifuge@v0.33.3/internal/dissolve/dissolve.go:52 +0x27
created by github.com/centrifugal/centrifuge/internal/dissolve.(*Dissolver).Run in goroutine 57831
	/home/mariell/go/pkg/mod/github.com/centrifugal/centrifuge@v0.33.3/internal/dissolve/dissolve.go:31 +0x25

goroutine 46567 [chan receive]:
github.com/grafana/grafana/pkg/storage/unified/resource.(*server).initWatcher.func1.1()
	/home/mariell/work/oss/grafana/pkg/storage/unified/resource/server.go:922 +0x58
created by github.com/grafana/grafana/pkg/storage/unified/resource.(*server).initWatcher.func1 in goroutine 45402
	/home/mariell/work/oss/grafana/pkg/storage/unified/resource/server.go:921 +0xaa

goroutine 42087 [sync.Cond.Wait]:
sync.runtime_notifyListWait(0xc01bc03e10, 0x2d)
	/usr/lib/go/src/runtime/sema.go:597 +0x159
sync.(*Cond).Wait(0x0?)
	/usr/lib/go/src/sync/cond.go:71 +0x85
github.com/centrifugal/centrifuge/internal/dissolve.(*queueImpl).Wait(0xc01e10aa10)
	/home/mariell/go/pkg/mod/github.com/centrifugal/centrifuge@v0.33.3/internal/dissolve/queue.go:139 +0x4a
github.com/centrifugal/centrifuge/internal/dissolve.(*Dissolver).runWorker(0xc0122187e0)
	/home/mariell/go/pkg/mod/github.com/centrifugal/centrifuge@v0.33.3/internal/dissolve/dissolve.go:52 +0x27
created by github.com/centrifugal/centrifuge/internal/dissolve.(*Dissolver).Run in goroutine 40816
	/home/mariell/go/pkg/mod/github.com/centrifugal/centrifuge@v0.33.3/internal/dissolve/dissolve.go:31 +0x25

goroutine 51069 [chan receive]:
github.com/grafana/grafana/pkg/registry/apis/dashboard/legacy.(*dashboardSqlAccess).WatchWriteEvents.func1()
	/home/mariell/work/oss/grafana/pkg/registry/apis/dashboard/legacy/storage.go:238 +0x50
created by github.com/grafana/grafana/pkg/registry/apis/dashboard/legacy.(*dashboardSqlAccess).WatchWriteEvents in goroutine 53139
	/home/mariell/work/oss/grafana/pkg/registry/apis/dashboard/legacy/storage.go:236 +0x1b6

goroutine 46568 [select]:
github.com/grafana/grafana/pkg/storage/unified/resource.(*cache[...]).run(0xc010cf5480)
	/home/mariell/work/oss/grafana/pkg/storage/unified/resource/broadcaster.go:291 +0xb0
created by github.com/grafana/grafana/pkg/storage/unified/resource.newChannelCache[...] in goroutine 45402
	/home/mariell/work/oss/grafana/pkg/storage/unified/resource/broadcaster.go:276 +0x189

goroutine 42318 [select]:
github.com/centrifugal/centrifuge.(*Node).sendNodePing(0xc024df5208)
	/home/mariell/go/pkg/mod/github.com/centrifugal/centrifuge@v0.33.3/node.go:380 +0x85
created by github.com/centrifugal/centrifuge.(*Node).Run in goroutine 42495
	/home/mariell/go/pkg/mod/github.com/centrifugal/centrifuge@v0.33.3/node.go:260 +0x225

goroutine 75241 [select]:
github.com/patrickmn/go-cache.(*janitor).Run(0xc043514020, 0xc00e863cc0)
	/home/mariell/go/pkg/mod/github.com/patrickmn/go-cache@v2.1.0+incompatible/cache.go:1079 +0x7b
created by github.com/patrickmn/go-cache.runJanitor in goroutine 56144
	/home/mariell/go/pkg/mod/github.com/patrickmn/go-cache@v2.1.0+incompatible/cache.go:1099 +0xdb

goroutine 49809 [sync.Cond.Wait]:
sync.runtime_notifyListWait(0xc028e24c90, 0x22)
	/usr/lib/go/src/runtime/sema.go:597 +0x159
sync.(*Cond).Wait(0x0?)
	/usr/lib/go/src/sync/cond.go:71 +0x85
github.com/centrifugal/centrifuge/internal/dissolve.(*queueImpl).Wait(0xc028e3d810)
	/home/mariell/go/pkg/mod/github.com/centrifugal/centrifuge@v0.33.3/internal/dissolve/queue.go:139 +0x4a
github.com/centrifugal/centrifuge/internal/dissolve.(*Dissolver).runWorker(0xc028d11578)
	/home/mariell/go/pkg/mod/github.com/centrifugal/centrifuge@v0.33.3/internal/dissolve/dissolve.go:52 +0x27
created by github.com/centrifugal/centrifuge/internal/dissolve.(*Dissolver).Run in goroutine 48632
	/home/mariell/go/pkg/mod/github.com/centrifugal/centrifuge@v0.33.3/internal/dissolve/dissolve.go:31 +0x25

goroutine 41160 [select]:
github.com/centrifugal/centrifuge.(*Node).sendNodePing(0xc013182908)
	/home/mariell/go/pkg/mod/github.com/centrifugal/centrifuge@v0.33.3/node.go:380 +0x85
created by github.com/centrifugal/centrifuge.(*Node).Run in goroutine 40816
	/home/mariell/go/pkg/mod/github.com/centrifugal/centrifuge@v0.33.3/node.go:260 +0x225

goroutine 45185 [sync.Cond.Wait]:
sync.runtime_notifyListWait(0xc026bf9c10, 0x2d)
	/usr/lib/go/src/runtime/sema.go:597 +0x159
sync.(*Cond).Wait(0x0?)
	/usr/lib/go/src/sync/cond.go:71 +0x85
github.com/centrifugal/centrifuge/internal/dissolve.(*queueImpl).Wait(0xc026c14c40)
	/home/mariell/go/pkg/mod/github.com/centrifugal/centrifuge@v0.33.3/internal/dissolve/queue.go:139 +0x4a
github.com/centrifugal/centrifuge/internal/dissolve.(*Dissolver).runWorker(0xc026b0b128)
	/home/mariell/go/pkg/mod/github.com/centrifugal/centrifuge@v0.33.3/internal/dissolve/dissolve.go:52 +0x27
created by github.com/centrifugal/centrifuge/internal/dissolve.(*Dissolver).Run in goroutine 44067
	/home/mariell/go/pkg/mod/github.com/centrifugal/centrifuge@v0.33.3/internal/dissolve/dissolve.go:31 +0x25

goroutine 53270 [IO wait]:
internal/poll.runtime_pollWait(0x7775504be990, 0x72)
	/usr/lib/go/src/runtime/netpoll.go:351 +0x85
internal/poll.(*pollDesc).wait(0xc01e751400?, 0xc00a8b8000?, 0x0)
	/usr/lib/go/src/internal/poll/fd_poll_runtime.go:84 +0x27
internal/poll.(*pollDesc).waitRead(...)
	/usr/lib/go/src/internal/poll/fd_poll_runtime.go:89
internal/poll.(*FD).Read(0xc01e751400, {0xc00a8b8000, 0xa000, 0xa000})
	/usr/lib/go/src/internal/poll/fd_unix.go:165 +0x27a
net.(*netFD).Read(0xc01e751400, {0xc00a8b8000?, 0xc00a8b8000?, 0x5?})
	/usr/lib/go/src/net/fd_posix.go:55 +0x25
net.(*conn).Read(0xc0234be028, {0xc00a8b8000?, 0x777550600808?, 0x7775a8b28a78?})
	/usr/lib/go/src/net/net.go:194 +0x45
crypto/tls.(*atLeastReader).Read(0xc01a117758, {0xc00a8b8000?, 0x9ffb?, 0xc00a7b29c8?})
	/usr/lib/go/src/crypto/tls/conn.go:809 +0x3b
bytes.(*Buffer).ReadFrom(0xc0266db0b8, {0xa94e300, 0xc01a117758})
	/usr/lib/go/src/bytes/buffer.go:211 +0x98
crypto/tls.(*Conn).readFromUntil(0xc0266dae08, {0xa94dc00, 0xc0234be028}, 0x444af4?)
	/usr/lib/go/src/crypto/tls/conn.go:831 +0xde
crypto/tls.(*Conn).readRecordOrCCS(0xc0266dae08, 0x0)
	/usr/lib/go/src/crypto/tls/conn.go:629 +0x3cf
crypto/tls.(*Conn).readRecord(...)
	/usr/lib/go/src/crypto/tls/conn.go:591
crypto/tls.(*Conn).Read(0xc0266dae08, {0xc00a780000, 0x1000, 0xc03083d2f0?})
	/usr/lib/go/src/crypto/tls/conn.go:1385 +0x145
net/http.(*persistConn).Read(0xc01a1fd9e0, {0xc00a780000?, 0x81fe45?, 0xa94be80?})
	/usr/lib/go/src/net/http/transport.go:2122 +0x47
bufio.(*Reader).fill(0xc027da1aa0)
	/usr/lib/go/src/bufio/bufio.go:113 +0x103
bufio.(*Reader).Peek(0xc027da1aa0, 0x1)
	/usr/lib/go/src/bufio/bufio.go:152 +0x53
net/http.(*persistConn).readLoop(0xc01a1fd9e0)
	/usr/lib/go/src/net/http/transport.go:2275 +0x172
created by net/http.(*Transport).dialConn in goroutine 53238
	/usr/lib/go/src/net/http/transport.go:1944 +0x174f

goroutine 41168 [sync.Cond.Wait]:
sync.runtime_notifyListWait(0xc01bc03e10, 0x11)
	/usr/lib/go/src/runtime/sema.go:597 +0x159
sync.(*Cond).Wait(0x0?)
	/usr/lib/go/src/sync/cond.go:71 +0x85
github.com/centrifugal/centrifuge/internal/dissolve.(*queueImpl).Wait(0xc01e10aa10)
	/home/mariell/go/pkg/mod/github.com/centrifugal/centrifuge@v0.33.3/internal/dissolve/queue.go:139 +0x4a
github.com/centrifugal/centrifuge/internal/dissolve.(*Dissolver).runWorker(0xc0122187e0)
	/home/mariell/go/pkg/mod/github.com/centrifugal/centrifuge@v0.33.3/internal/dissolve/dissolve.go:52 +0x27
created by github.com/centrifugal/centrifuge/internal/dissolve.(*Dissolver).Run in goroutine 40816
	/home/mariell/go/pkg/mod/github.com/centrifugal/centrifuge@v0.33.3/internal/dissolve/dissolve.go:31 +0x25

goroutine 42055 [sync.Cond.Wait]:
sync.runtime_notifyListWait(0xc01bc03e10, 0x18)
	/usr/lib/go/src/runtime/sema.go:597 +0x159
sync.(*Cond).Wait(0x0?)
	/usr/lib/go/src/sync/cond.go:71 +0x85
github.com/centrifugal/centrifuge/internal/dissolve.(*queueImpl).Wait(0xc01e10aa10)
	/home/mariell/go/pkg/mod/github.com/centrifugal/centrifuge@v0.33.3/internal/dissolve/queue.go:139 +0x4a
github.com/centrifugal/centrifuge/internal/dissolve.(*Dissolver).runWorker(0xc0122187e0)
	/home/mariell/go/pkg/mod/github.com/centrifugal/centrifuge@v0.33.3/internal/dissolve/dissolve.go:52 +0x27
created by github.com/centrifugal/centrifuge/internal/dissolve.(*Dissolver).Run in goroutine 40816
	/home/mariell/go/pkg/mod/github.com/centrifugal/centrifuge@v0.33.3/internal/dissolve/dissolve.go:31 +0x25

goroutine 43446 [select]:
github.com/patrickmn/go-cache.(*janitor).Run(0xc010c657e0, 0xc00fcd5500)
	/home/mariell/go/pkg/mod/github.com/patrickmn/go-cache@v2.1.0+incompatible/cache.go:1079 +0x7b
created by github.com/patrickmn/go-cache.runJanitor in goroutine 42495
	/home/mariell/go/pkg/mod/github.com/patrickmn/go-cache@v2.1.0+incompatible/cache.go:1099 +0xdb

goroutine 41161 [select]:
github.com/centrifugal/centrifuge.(*Node).cleanNodeInfo(0xc013182908)
	/home/mariell/go/pkg/mod/github.com/centrifugal/centrifuge@v0.33.3/node.go:394 +0x90
created by github.com/centrifugal/centrifuge.(*Node).Run in goroutine 40816
	/home/mariell/go/pkg/mod/github.com/centrifugal/centrifuge@v0.33.3/node.go:261 +0x265

goroutine 58664 [sync.Cond.Wait]:
sync.runtime_notifyListWait(0xc01f861010, 0x11)
	/usr/lib/go/src/runtime/sema.go:597 +0x159
sync.(*Cond).Wait(0x0?)
	/usr/lib/go/src/sync/cond.go:71 +0x85
github.com/centrifugal/centrifuge/internal/dissolve.(*queueImpl).Wait(0xc01921b6c0)
	/home/mariell/go/pkg/mod/github.com/centrifugal/centrifuge@v0.33.3/internal/dissolve/queue.go:139 +0x4a
github.com/centrifugal/centrifuge/internal/dissolve.(*Dissolver).runWorker(0xc0243b2a20)
	/home/mariell/go/pkg/mod/github.com/centrifugal/centrifuge@v0.33.3/internal/dissolve/dissolve.go:52 +0x27
created by github.com/centrifugal/centrifuge/internal/dissolve.(*Dissolver).Run in goroutine 57831
	/home/mariell/go/pkg/mod/github.com/centrifugal/centrifuge@v0.33.3/internal/dissolve/dissolve.go:31 +0x25

goroutine 42054 [sync.Cond.Wait]:
sync.runtime_notifyListWait(0xc01bc03e10, 0x17)
	/usr/lib/go/src/runtime/sema.go:597 +0x159
sync.(*Cond).Wait(0x0?)
	/usr/lib/go/src/sync/cond.go:71 +0x85
github.com/centrifugal/centrifuge/internal/dissolve.(*queueImpl).Wait(0xc01e10aa10)
	/home/mariell/go/pkg/mod/github.com/centrifugal/centrifuge@v0.33.3/internal/dissolve/queue.go:139 +0x4a
github.com/centrifugal/centrifuge/internal/dissolve.(*Dissolver).runWorker(0xc0122187e0)
	/home/mariell/go/pkg/mod/github.com/centrifugal/centrifuge@v0.33.3/internal/dissolve/dissolve.go:52 +0x27
created by github.com/centrifugal/centrifuge/internal/dissolve.(*Dissolver).Run in goroutine 40816
	/home/mariell/go/pkg/mod/github.com/centrifugal/centrifuge@v0.33.3/internal/dissolve/dissolve.go:31 +0x25

goroutine 41167 [sync.Cond.Wait]:
sync.runtime_notifyListWait(0xc01bc03e10, 0x10)
	/usr/lib/go/src/runtime/sema.go:597 +0x159
sync.(*Cond).Wait(0x0?)
	/usr/lib/go/src/sync/cond.go:71 +0x85
github.com/centrifugal/centrifuge/internal/dissolve.(*queueImpl).Wait(0xc01e10aa10)
	/home/mariell/go/pkg/mod/github.com/centrifugal/centrifuge@v0.33.3/internal/dissolve/queue.go:139 +0x4a
github.com/centrifugal/centrifuge/internal/dissolve.(*Dissolver).runWorker(0xc0122187e0)
	/home/mariell/go/pkg/mod/github.com/centrifugal/centrifuge@v0.33.3/internal/dissolve/dissolve.go:52 +0x27
created by github.com/centrifugal/centrifuge/internal/dissolve.(*Dissolver).Run in goroutine 40816
	/home/mariell/go/pkg/mod/github.com/centrifugal/centrifuge@v0.33.3/internal/dissolve/dissolve.go:31 +0x25

goroutine 43619 [sync.Cond.Wait]:
sync.runtime_notifyListWait(0xc00d19c890, 0xa)
	/usr/lib/go/src/runtime/sema.go:597 +0x159
sync.(*Cond).Wait(0xc00e45f7d0?)
	/usr/lib/go/src/sync/cond.go:71 +0x85
github.com/centrifugal/centrifuge/internal/dissolve.(*queueImpl).Wait(0xc015e6a930)
	/home/mariell/go/pkg/mod/github.com/centrifugal/centrifuge@v0.33.3/internal/dissolve/queue.go:139 +0x4a
github.com/centrifugal/centrifuge/internal/dissolve.(*Dissolver).runWorker(0xc0132189d8)
	/home/mariell/go/pkg/mod/github.com/centrifugal/centrifuge@v0.33.3/internal/dissolve/dissolve.go:52 +0x27
created by github.com/centrifugal/centrifuge/internal/dissolve.(*Dissolver).Run in goroutine 42495
	/home/mariell/go/pkg/mod/github.com/centrifugal/centrifuge@v0.33.3/internal/dissolve/dissolve.go:31 +0x25

goroutine 43613 [sync.Cond.Wait]:
sync.runtime_notifyListWait(0xc00d19c890, 0x4)
	/usr/lib/go/src/runtime/sema.go:597 +0x159
sync.(*Cond).Wait(0x0?)
	/usr/lib/go/src/sync/cond.go:71 +0x85
github.com/centrifugal/centrifuge/internal/dissolve.(*queueImpl).Wait(0xc015e6a930)
	/home/mariell/go/pkg/mod/github.com/centrifugal/centrifuge@v0.33.3/internal/dissolve/queue.go:139 +0x4a
github.com/centrifugal/centrifuge/internal/dissolve.(*Dissolver).runWorker(0xc0132189d8)
	/home/mariell/go/pkg/mod/github.com/centrifugal/centrifuge@v0.33.3/internal/dissolve/dissolve.go:52 +0x27
created by github.com/centrifugal/centrifuge/internal/dissolve.(*Dissolver).Run in goroutine 42495
	/home/mariell/go/pkg/mod/github.com/centrifugal/centrifuge@v0.33.3/internal/dissolve/dissolve.go:31 +0x25

goroutine 46691 [sync.Cond.Wait]:
sync.runtime_notifyListWait(0xc016303990, 0x2)
	/usr/lib/go/src/runtime/sema.go:597 +0x159
sync.(*Cond).Wait(0xc021268fd0?)
	/usr/lib/go/src/sync/cond.go:71 +0x85
github.com/centrifugal/centrifuge/internal/dissolve.(*queueImpl).Wait(0xc020154850)
	/home/mariell/go/pkg/mod/github.com/centrifugal/centrifuge@v0.33.3/internal/dissolve/queue.go:139 +0x4a
github.com/centrifugal/centrifuge/internal/dissolve.(*Dissolver).runWorker(0xc00b4e8b40)
	/home/mariell/go/pkg/mod/github.com/centrifugal/centrifuge@v0.33.3/internal/dissolve/dissolve.go:52 +0x27
created by github.com/centrifugal/centrifuge/internal/dissolve.(*Dissolver).Run in goroutine 45402
	/home/mariell/go/pkg/mod/github.com/centrifugal/centrifuge@v0.33.3/internal/dissolve/dissolve.go:31 +0x25

goroutine 74063 [select]:
github.com/patrickmn/go-cache.(*janitor).Run(0xc0385756a0, 0xc0383a8600)
	/home/mariell/go/pkg/mod/github.com/patrickmn/go-cache@v2.1.0+incompatible/cache.go:1079 +0x7b
created by github.com/patrickmn/go-cache.runJanitor in goroutine 3350
	/home/mariell/go/pkg/mod/github.com/patrickmn/go-cache@v2.1.0+incompatible/cache.go:1099 +0xdb

goroutine 50079 [IO wait]:
internal/poll.runtime_pollWait(0x777550274ad0, 0x72)
	/usr/lib/go/src/runtime/netpoll.go:351 +0x85
internal/poll.(*pollDesc).wait(0xc029715500?, 0xc029458000?, 0x0)
	/usr/lib/go/src/internal/poll/fd_poll_runtime.go:84 +0x27
internal/poll.(*pollDesc).waitRead(...)
	/usr/lib/go/src/internal/poll/fd_poll_runtime.go:89
internal/poll.(*FD).Read(0xc029715500, {0xc029458000, 0x1300, 0x1300})
	/usr/lib/go/src/internal/poll/fd_unix.go:165 +0x27a
net.(*netFD).Read(0xc029715500, {0xc029458000?, 0x0?, 0x1c028cfb800?})
	/usr/lib/go/src/net/fd_posix.go:55 +0x25
net.(*conn).Read(0xc004f899a8, {0xc029458000?, 0x777558554568?, 0x7775a8b29d58?})
	/usr/lib/go/src/net/net.go:194 +0x45
crypto/tls.(*atLeastReader).Read(0xc018696e28, {0xc029458000?, 0x4247a5?, 0x0?})
	/usr/lib/go/src/crypto/tls/conn.go:809 +0x3b
bytes.(*Buffer).ReadFrom(0xc02940db38, {0xa94e300, 0xc018696e28})
	/usr/lib/go/src/bytes/buffer.go:211 +0x98
crypto/tls.(*Conn).readFromUntil(0xc02940d888, {0xa94dc00, 0xc004f899a8}, 0x444af4?)
	/usr/lib/go/src/crypto/tls/conn.go:831 +0xde
crypto/tls.(*Conn).readRecordOrCCS(0xc02940d888, 0x0)
	/usr/lib/go/src/crypto/tls/conn.go:629 +0x3cf
crypto/tls.(*Conn).readRecord(...)
	/usr/lib/go/src/crypto/tls/conn.go:591
crypto/tls.(*Conn).Read(0xc02940d888, {0xc02945f000, 0x1000, 0x7775a8b29d58?})
	/usr/lib/go/src/crypto/tls/conn.go:1385 +0x145
net/http.(*persistConn).Read(0xc021f22480, {0xc02945f000?, 0x4141c5?, 0x68?})
	/usr/lib/go/src/net/http/transport.go:2122 +0x47
bufio.(*Reader).fill(0xc029453380)
	/usr/lib/go/src/bufio/bufio.go:113 +0x103
bufio.(*Reader).Peek(0xc029453380, 0x1)
	/usr/lib/go/src/bufio/bufio.go:152 +0x53
net/http.(*persistConn).readLoop(0xc021f22480)
	/usr/lib/go/src/net/http/transport.go:2275 +0x172
created by net/http.(*Transport).dialConn in goroutine 49979
	/usr/lib/go/src/net/http/transport.go:1944 +0x174f

goroutine 43611 [sync.Cond.Wait]:
sync.runtime_notifyListWait(0xc00d19c890, 0x2)
	/usr/lib/go/src/runtime/sema.go:597 +0x159
sync.(*Cond).Wait(0x0?)
	/usr/lib/go/src/sync/cond.go:71 +0x85
github.com/centrifugal/centrifuge/internal/dissolve.(*queueImpl).Wait(0xc015e6a930)
	/home/mariell/go/pkg/mod/github.com/centrifugal/centrifuge@v0.33.3/internal/dissolve/queue.go:139 +0x4a
github.com/centrifugal/centrifuge/internal/dissolve.(*Dissolver).runWorker(0xc0132189d8)
	/home/mariell/go/pkg/mod/github.com/centrifugal/centrifuge@v0.33.3/internal/dissolve/dissolve.go:52 +0x27
created by github.com/centrifugal/centrifuge/internal/dissolve.(*Dissolver).Run in goroutine 42495
	/home/mariell/go/pkg/mod/github.com/centrifugal/centrifuge@v0.33.3/internal/dissolve/dissolve.go:31 +0x25

goroutine 46750 [sync.Cond.Wait]:
sync.runtime_notifyListWait(0xc016303990, 0x38)
	/usr/lib/go/src/runtime/sema.go:597 +0x159
sync.(*Cond).Wait(0x0?)
	/usr/lib/go/src/sync/cond.go:71 +0x85
github.com/centrifugal/centrifuge/internal/dissolve.(*queueImpl).Wait(0xc020154850)
	/home/mariell/go/pkg/mod/github.com/centrifugal/centrifuge@v0.33.3/internal/dissolve/queue.go:139 +0x4a
github.com/centrifugal/centrifuge/internal/dissolve.(*Dissolver).runWorker(0xc00b4e8b40)
	/home/mariell/go/pkg/mod/github.com/centrifugal/centrifuge@v0.33.3/internal/dissolve/dissolve.go:52 +0x27
created by github.com/centrifugal/centrifuge/internal/dissolve.(*Dissolver).Run in goroutine 45402
	/home/mariell/go/pkg/mod/github.com/centrifugal/centrifuge@v0.33.3/internal/dissolve/dissolve.go:31 +0x25

goroutine 40833 [select]:
net/http.(*persistConn).writeLoop(0xc007e0aea0)
	/usr/lib/go/src/net/http/transport.go:2590 +0xe7
created by net/http.(*Transport).dialConn in goroutine 41788
	/usr/lib/go/src/net/http/transport.go:1945 +0x17a5

goroutine 43809 [select]:
github.com/patrickmn/go-cache.(*janitor).Run(0xc0140286f0, 0xc00f5001c0)
	/home/mariell/go/pkg/mod/github.com/patrickmn/go-cache@v2.1.0+incompatible/cache.go:1079 +0x7b
created by github.com/patrickmn/go-cache.runJanitor in goroutine 42495
	/home/mariell/go/pkg/mod/github.com/patrickmn/go-cache@v2.1.0+incompatible/cache.go:1099 +0xdb

goroutine 53264 [chan receive (nil chan)]:
k8s.io/apiserver/pkg/server.preparedGenericAPIServer.RunWithContext.func5()
	/home/mariell/go/pkg/mod/k8s.io/apiserver@v0.32.1/pkg/server/genericapiserver.go:598 +0x37
created by k8s.io/apiserver/pkg/server.preparedGenericAPIServer.RunWithContext in goroutine 53257
	/home/mariell/go/pkg/mod/k8s.io/apiserver@v0.32.1/pkg/server/genericapiserver.go:597 +0x60b

goroutine 46566 [chan receive]:
github.com/grafana/grafana/pkg/storage/unified/sql.(*channelNotifier).notify.func1()
	/home/mariell/work/oss/grafana/pkg/storage/unified/sql/notifier.go:87 +0x39
created by github.com/grafana/grafana/pkg/storage/unified/sql.(*channelNotifier).notify in goroutine 45402
	/home/mariell/work/oss/grafana/pkg/storage/unified/sql/notifier.go:86 +0xdb

goroutine 74455 [select]:
github.com/grafana/grafana/pkg/storage/unified/resource.(*cache[...]).run(0xc0425c4100)
	/home/mariell/work/oss/grafana/pkg/storage/unified/resource/broadcaster.go:291 +0xb0
created by github.com/grafana/grafana/pkg/storage/unified/resource.newChannelCache[...] in goroutine 56144
	/home/mariell/work/oss/grafana/pkg/storage/unified/resource/broadcaster.go:276 +0x189

goroutine 43621 [sync.Cond.Wait]:
sync.runtime_notifyListWait(0xc00d19c890, 0xc)
	/usr/lib/go/src/runtime/sema.go:597 +0x159
sync.(*Cond).Wait(0x0?)
	/usr/lib/go/src/sync/cond.go:71 +0x85
github.com/centrifugal/centrifuge/internal/dissolve.(*queueImpl).Wait(0xc015e6a930)
	/home/mariell/go/pkg/mod/github.com/centrifugal/centrifuge@v0.33.3/internal/dissolve/queue.go:139 +0x4a
github.com/centrifugal/centrifuge/internal/dissolve.(*Dissolver).runWorker(0xc0132189d8)
	/home/mariell/go/pkg/mod/github.com/centrifugal/centrifuge@v0.33.3/internal/dissolve/dissolve.go:52 +0x27
created by github.com/centrifugal/centrifuge/internal/dissolve.(*Dissolver).Run in goroutine 42495
	/home/mariell/go/pkg/mod/github.com/centrifugal/centrifuge@v0.33.3/internal/dissolve/dissolve.go:31 +0x25

goroutine 42383 [select]:
github.com/centrifugal/centrifuge.(*Node).sendNodePing(0xc01fc5c6c8)
	/home/mariell/go/pkg/mod/github.com/centrifugal/centrifuge@v0.33.3/node.go:380 +0x85
created by github.com/centrifugal/centrifuge.(*Node).Run in goroutine 45402
	/home/mariell/go/pkg/mod/github.com/centrifugal/centrifuge@v0.33.3/node.go:260 +0x225

goroutine 76708 [runnable]:
internal/poll.runtime_pollWait(0x77751a4b6970, 0x72)
	/usr/lib/go/src/runtime/netpoll.go:351 +0x85
internal/poll.(*pollDesc).wait(0xc044ca6100?, 0xc029877900?, 0x0)
	/usr/lib/go/src/internal/poll/fd_poll_runtime.go:84 +0x27
internal/poll.(*pollDesc).waitRead(...)
	/usr/lib/go/src/internal/poll/fd_poll_runtime.go:89
internal/poll.(*FD).Read(0xc044ca6100, {0xc029877900, 0x1300, 0x1300})
	/usr/lib/go/src/internal/poll/fd_unix.go:165 +0x27a
net.(*netFD).Read(0xc044ca6100, {0xc029877900?, 0x5251a7?, 0x0?})
	/usr/lib/go/src/net/fd_posix.go:55 +0x25
net.(*conn).Read(0xc0457803b0, {0xc029877900?, 0x77751a772780?, 0x7775a8b2b038?})
	/usr/lib/go/src/net/net.go:194 +0x45
crypto/tls.(*atLeastReader).Read(0xc034b3bf38, {0xc029877900?, 0xc0457ded68?, 0x528dc5?})
	/usr/lib/go/src/crypto/tls/conn.go:809 +0x3b
bytes.(*Buffer).ReadFrom(0xc0457ded38, {0xa94e300, 0xc034b3bf38})
	/usr/lib/go/src/bytes/buffer.go:211 +0x98
crypto/tls.(*Conn).readFromUntil(0xc0457dea88, {0xa94dc00, 0xc0457803b0}, 0x444af4?)
	/usr/lib/go/src/crypto/tls/conn.go:831 +0xde
crypto/tls.(*Conn).readRecordOrCCS(0xc0457dea88, 0x0)
	/usr/lib/go/src/crypto/tls/conn.go:629 +0x3cf
crypto/tls.(*Conn).readRecord(...)
	/usr/lib/go/src/crypto/tls/conn.go:591
crypto/tls.(*Conn).Read(0xc0457dea88, {0xc0477a8000, 0x1000, 0x7775a8b2b038?})
	/usr/lib/go/src/crypto/tls/conn.go:1385 +0x145
net/http.(*persistConn).Read(0xc01c89a480, {0xc0477a8000?, 0x414207?, 0x68?})
	/usr/lib/go/src/net/http/transport.go:2122 +0x47
bufio.(*Reader).fill(0xc04779cd80)
	/usr/lib/go/src/bufio/bufio.go:113 +0x103
bufio.(*Reader).Peek(0xc04779cd80, 0x1)
	/usr/lib/go/src/bufio/bufio.go:152 +0x53
net/http.(*persistConn).readLoop(0xc01c89a480)
	/usr/lib/go/src/net/http/transport.go:2275 +0x172
created by net/http.(*Transport).dialConn in goroutine 75544
	/usr/lib/go/src/net/http/transport.go:1944 +0x174f

goroutine 46733 [sync.Cond.Wait]:
sync.runtime_notifyListWait(0xc016303990, 0x29)
	/usr/lib/go/src/runtime/sema.go:597 +0x159
sync.(*Cond).Wait(0x0?)
	/usr/lib/go/src/sync/cond.go:71 +0x85
github.com/centrifugal/centrifuge/internal/dissolve.(*queueImpl).Wait(0xc020154850)
	/home/mariell/go/pkg/mod/github.com/centrifugal/centrifuge@v0.33.3/internal/dissolve/queue.go:139 +0x4a
github.com/centrifugal/centrifuge/internal/dissolve.(*Dissolver).runWorker(0xc00b4e8b40)
	/home/mariell/go/pkg/mod/github.com/centrifugal/centrifuge@v0.33.3/internal/dissolve/dissolve.go:52 +0x27
created by github.com/centrifugal/centrifuge/internal/dissolve.(*Dissolver).Run in goroutine 45402
	/home/mariell/go/pkg/mod/github.com/centrifugal/centrifuge@v0.33.3/internal/dissolve/dissolve.go:31 +0x25

goroutine 46739 [sync.Cond.Wait]:
sync.runtime_notifyListWait(0xc016303990, 0x32)
	/usr/lib/go/src/runtime/sema.go:597 +0x159
sync.(*Cond).Wait(0x0?)
	/usr/lib/go/src/sync/cond.go:71 +0x85
github.com/centrifugal/centrifuge/internal/dissolve.(*queueImpl).Wait(0xc020154850)
	/home/mariell/go/pkg/mod/github.com/centrifugal/centrifuge@v0.33.3/internal/dissolve/queue.go:139 +0x4a
github.com/centrifugal/centrifuge/internal/dissolve.(*Dissolver).runWorker(0xc00b4e8b40)
	/home/mariell/go/pkg/mod/github.com/centrifugal/centrifuge@v0.33.3/internal/dissolve/dissolve.go:52 +0x27
created by github.com/centrifugal/centrifuge/internal/dissolve.(*Dissolver).Run in goroutine 45402
	/home/mariell/go/pkg/mod/github.com/centrifugal/centrifuge@v0.33.3/internal/dissolve/dissolve.go:31 +0x25

goroutine 41897 [select]:
github.com/patrickmn/go-cache.(*janitor).Run(0xc015c67050, 0xc015fdf980)
	/home/mariell/go/pkg/mod/github.com/patrickmn/go-cache@v2.1.0+incompatible/cache.go:1079 +0x7b
created by github.com/patrickmn/go-cache.runJanitor in goroutine 40816
	/home/mariell/go/pkg/mod/github.com/patrickmn/go-cache@v2.1.0+incompatible/cache.go:1099 +0xdb

goroutine 46749 [sync.Cond.Wait]:
sync.runtime_notifyListWait(0xc016303990, 0x3a)
	/usr/lib/go/src/runtime/sema.go:597 +0x159
sync.(*Cond).Wait(0xc01473ffd0?)
	/usr/lib/go/src/sync/cond.go:71 +0x85
github.com/centrifugal/centrifuge/internal/dissolve.(*queueImpl).Wait(0xc020154850)
	/home/mariell/go/pkg/mod/github.com/centrifugal/centrifuge@v0.33.3/internal/dissolve/queue.go:139 +0x4a
github.com/centrifugal/centrifuge/internal/dissolve.(*Dissolver).runWorker(0xc00b4e8b40)
	/home/mariell/go/pkg/mod/github.com/centrifugal/centrifuge@v0.33.3/internal/dissolve/dissolve.go:52 +0x27
created by github.com/centrifugal/centrifuge/internal/dissolve.(*Dissolver).Run in goroutine 45402
	/home/mariell/go/pkg/mod/github.com/centrifugal/centrifuge@v0.33.3/internal/dissolve/dissolve.go:31 +0x25

goroutine 42039 [select]:
github.com/centrifugal/centrifuge.(*MemoryBroker).expireResultCache(0xc01e0fd680)
	/home/mariell/go/pkg/mod/github.com/centrifugal/centrifuge@v0.33.3/broker_memory.go:160 +0x68
created by github.com/centrifugal/centrifuge.(*MemoryBroker).Run in goroutine 40816
	/home/mariell/go/pkg/mod/github.com/centrifugal/centrifuge@v0.33.3/broker_memory.go:73 +0x7f

goroutine 43727 [select]:
github.com/patrickmn/go-cache.(*janitor).Run(0xc0138414c0, 0xc00f293c80)
	/home/mariell/go/pkg/mod/github.com/patrickmn/go-cache@v2.1.0+incompatible/cache.go:1079 +0x7b
created by github.com/patrickmn/go-cache.runJanitor in goroutine 42495
	/home/mariell/go/pkg/mod/github.com/patrickmn/go-cache@v2.1.0+incompatible/cache.go:1099 +0xdb

goroutine 43642 [sync.Cond.Wait]:
sync.runtime_notifyListWait(0xc00d19c890, 0x27)
	/usr/lib/go/src/runtime/sema.go:597 +0x159
sync.(*Cond).Wait(0x0?)
	/usr/lib/go/src/sync/cond.go:71 +0x85
github.com/centrifugal/centrifuge/internal/dissolve.(*queueImpl).Wait(0xc015e6a930)
	/home/mariell/go/pkg/mod/github.com/centrifugal/centrifuge@v0.33.3/internal/dissolve/queue.go:139 +0x4a
github.com/centrifugal/centrifuge/internal/dissolve.(*Dissolver).runWorker(0xc0132189d8)
	/home/mariell/go/pkg/mod/github.com/centrifugal/centrifuge@v0.33.3/internal/dissolve/dissolve.go:52 +0x27
created by github.com/centrifugal/centrifuge/internal/dissolve.(*Dissolver).Run in goroutine 42495
	/home/mariell/go/pkg/mod/github.com/centrifugal/centrifuge@v0.33.3/internal/dissolve/dissolve.go:31 +0x25

goroutine 40845 [select]:
net/http.(*persistConn).writeLoop(0xc010af5d40)
	/usr/lib/go/src/net/http/transport.go:2590 +0xe7
created by net/http.(*Transport).dialConn in goroutine 42372
	/usr/lib/go/src/net/http/transport.go:1945 +0x17a5

goroutine 41169 [sync.Cond.Wait]:
sync.runtime_notifyListWait(0xc01bc03e10, 0x12)
	/usr/lib/go/src/runtime/sema.go:597 +0x159
sync.(*Cond).Wait(0x0?)
	/usr/lib/go/src/sync/cond.go:71 +0x85
github.com/centrifugal/centrifuge/internal/dissolve.(*queueImpl).Wait(0xc01e10aa10)
	/home/mariell/go/pkg/mod/github.com/centrifugal/centrifuge@v0.33.3/internal/dissolve/queue.go:139 +0x4a
github.com/centrifugal/centrifuge/internal/dissolve.(*Dissolver).runWorker(0xc0122187e0)
	/home/mariell/go/pkg/mod/github.com/centrifugal/centrifuge@v0.33.3/internal/dissolve/dissolve.go:52 +0x27
created by github.com/centrifugal/centrifuge/internal/dissolve.(*Dissolver).Run in goroutine 40816
	/home/mariell/go/pkg/mod/github.com/centrifugal/centrifuge@v0.33.3/internal/dissolve/dissolve.go:31 +0x25

goroutine 43609 [sync.Cond.Wait]:
sync.runtime_notifyListWait(0xc00d19c890, 0x34)
	/usr/lib/go/src/runtime/sema.go:597 +0x159
sync.(*Cond).Wait(0x0?)
	/usr/lib/go/src/sync/cond.go:71 +0x85
github.com/centrifugal/centrifuge/internal/dissolve.(*queueImpl).Wait(0xc015e6a930)
	/home/mariell/go/pkg/mod/github.com/centrifugal/centrifuge@v0.33.3/internal/dissolve/queue.go:139 +0x4a
github.com/centrifugal/centrifuge/internal/dissolve.(*Dissolver).runWorker(0xc0132189d8)
	/home/mariell/go/pkg/mod/github.com/centrifugal/centrifuge@v0.33.3/internal/dissolve/dissolve.go:52 +0x27
created by github.com/centrifugal/centrifuge/internal/dissolve.(*Dissolver).Run in goroutine 42495
	/home/mariell/go/pkg/mod/github.com/centrifugal/centrifuge@v0.33.3/internal/dissolve/dissolve.go:31 +0x25

goroutine 42052 [sync.Cond.Wait]:
sync.runtime_notifyListWait(0xc01bc03e10, 0x15)
	/usr/lib/go/src/runtime/sema.go:597 +0x159
sync.(*Cond).Wait(0xc009712fd0?)
	/usr/lib/go/src/sync/cond.go:71 +0x85
github.com/centrifugal/centrifuge/internal/dissolve.(*queueImpl).Wait(0xc01e10aa10)
	/home/mariell/go/pkg/mod/github.com/centrifugal/centrifuge@v0.33.3/internal/dissolve/queue.go:139 +0x4a
github.com/centrifugal/centrifuge/internal/dissolve.(*Dissolver).runWorker(0xc0122187e0)
	/home/mariell/go/pkg/mod/github.com/centrifugal/centrifuge@v0.33.3/internal/dissolve/dissolve.go:52 +0x27
created by github.com/centrifugal/centrifuge/internal/dissolve.(*Dissolver).Run in goroutine 40816
	/home/mariell/go/pkg/mod/github.com/centrifugal/centrifuge@v0.33.3/internal/dissolve/dissolve.go:31 +0x25

goroutine 41943 [select]:
github.com/grafana/grafana/pkg/storage/unified/resource.(*cache[...]).run(0xc001d54680)
	/home/mariell/work/oss/grafana/pkg/storage/unified/resource/broadcaster.go:291 +0xb0
created by github.com/grafana/grafana/pkg/storage/unified/resource.newChannelCache[...] in goroutine 40816
	/home/mariell/work/oss/grafana/pkg/storage/unified/resource/broadcaster.go:276 +0x189

goroutine 41941 [chan receive]:
github.com/grafana/grafana/pkg/storage/unified/sql.(*channelNotifier).notify.func1()
	/home/mariell/work/oss/grafana/pkg/storage/unified/sql/notifier.go:87 +0x39
created by github.com/grafana/grafana/pkg/storage/unified/sql.(*channelNotifier).notify in goroutine 40816
	/home/mariell/work/oss/grafana/pkg/storage/unified/sql/notifier.go:86 +0xdb

goroutine 43623 [sync.Cond.Wait]:
sync.runtime_notifyListWait(0xc00d19c890, 0xe)
	/usr/lib/go/src/runtime/sema.go:597 +0x159
sync.(*Cond).Wait(0x0?)
	/usr/lib/go/src/sync/cond.go:71 +0x85
github.com/centrifugal/centrifuge/internal/dissolve.(*queueImpl).Wait(0xc015e6a930)
	/home/mariell/go/pkg/mod/github.com/centrifugal/centrifuge@v0.33.3/internal/dissolve/queue.go:139 +0x4a
github.com/centrifugal/centrifuge/internal/dissolve.(*Dissolver).runWorker(0xc0132189d8)
	/home/mariell/go/pkg/mod/github.com/centrifugal/centrifuge@v0.33.3/internal/dissolve/dissolve.go:52 +0x27
created by github.com/centrifugal/centrifuge/internal/dissolve.(*Dissolver).Run in goroutine 42495
	/home/mariell/go/pkg/mod/github.com/centrifugal/centrifuge@v0.33.3/internal/dissolve/dissolve.go:31 +0x25

goroutine 42051 [sync.Cond.Wait]:
sync.runtime_notifyListWait(0xc01bc03e10, 0x14)
	/usr/lib/go/src/runtime/sema.go:597 +0x159
sync.(*Cond).Wait(0x0?)
	/usr/lib/go/src/sync/cond.go:71 +0x85
github.com/centrifugal/centrifuge/internal/dissolve.(*queueImpl).Wait(0xc01e10aa10)
	/home/mariell/go/pkg/mod/github.com/centrifugal/centrifuge@v0.33.3/internal/dissolve/queue.go:139 +0x4a
github.com/centrifugal/centrifuge/internal/dissolve.(*Dissolver).runWorker(0xc0122187e0)
	/home/mariell/go/pkg/mod/github.com/centrifugal/centrifuge@v0.33.3/internal/dissolve/dissolve.go:52 +0x27
created by github.com/centrifugal/centrifuge/internal/dissolve.(*Dissolver).Run in goroutine 40816
	/home/mariell/go/pkg/mod/github.com/centrifugal/centrifuge@v0.33.3/internal/dissolve/dissolve.go:31 +0x25

goroutine 49765 [sync.Cond.Wait]:
sync.runtime_notifyListWait(0xc028e24c90, 0x3)
	/usr/lib/go/src/runtime/sema.go:597 +0x159
sync.(*Cond).Wait(0x0?)
	/usr/lib/go/src/sync/cond.go:71 +0x85
github.com/centrifugal/centrifuge/internal/dissolve.(*queueImpl).Wait(0xc028e3d810)
	/home/mariell/go/pkg/mod/github.com/centrifugal/centrifuge@v0.33.3/internal/dissolve/queue.go:139 +0x4a
github.com/centrifugal/centrifuge/internal/dissolve.(*Dissolver).runWorker(0xc028d11578)
	/home/mariell/go/pkg/mod/github.com/centrifugal/centrifuge@v0.33.3/internal/dissolve/dissolve.go:52 +0x27
created by github.com/centrifugal/centrifuge/internal/dissolve.(*Dissolver).Run in goroutine 48632
	/home/mariell/go/pkg/mod/github.com/centrifugal/centrifuge@v0.33.3/internal/dissolve/dissolve.go:31 +0x25

goroutine 42088 [sync.Cond.Wait]:
sync.runtime_notifyListWait(0xc01bc03e10, 0x2e)
	/usr/lib/go/src/runtime/sema.go:597 +0x159
sync.(*Cond).Wait(0x0?)
	/usr/lib/go/src/sync/cond.go:71 +0x85
github.com/centrifugal/centrifuge/internal/dissolve.(*queueImpl).Wait(0xc01e10aa10)
	/home/mariell/go/pkg/mod/github.com/centrifugal/centrifuge@v0.33.3/internal/dissolve/queue.go:139 +0x4a
github.com/centrifugal/centrifuge/internal/dissolve.(*Dissolver).runWorker(0xc0122187e0)
	/home/mariell/go/pkg/mod/github.com/centrifugal/centrifuge@v0.33.3/internal/dissolve/dissolve.go:52 +0x27
created by github.com/centrifugal/centrifuge/internal/dissolve.(*Dissolver).Run in goroutine 40816
	/home/mariell/go/pkg/mod/github.com/centrifugal/centrifuge@v0.33.3/internal/dissolve/dissolve.go:31 +0x25

goroutine 42090 [sync.Cond.Wait]:
sync.runtime_notifyListWait(0xc01bc03e10, 0x32)
	/usr/lib/go/src/runtime/sema.go:597 +0x159
sync.(*Cond).Wait(0xc00a29ffd0?)
	/usr/lib/go/src/sync/cond.go:71 +0x85
github.com/centrifugal/centrifuge/internal/dissolve.(*queueImpl).Wait(0xc01e10aa10)
	/home/mariell/go/pkg/mod/github.com/centrifugal/centrifuge@v0.33.3/internal/dissolve/queue.go:139 +0x4a
github.com/centrifugal/centrifuge/internal/dissolve.(*Dissolver).runWorker(0xc0122187e0)
	/home/mariell/go/pkg/mod/github.com/centrifugal/centrifuge@v0.33.3/internal/dissolve/dissolve.go:52 +0x27
created by github.com/centrifugal/centrifuge/internal/dissolve.(*Dissolver).Run in goroutine 40816
	/home/mariell/go/pkg/mod/github.com/centrifugal/centrifuge@v0.33.3/internal/dissolve/dissolve.go:31 +0x25

goroutine 42091 [sync.Cond.Wait]:
sync.runtime_notifyListWait(0xc01bc03e10, 0x34)
	/usr/lib/go/src/runtime/sema.go:597 +0x159
sync.(*Cond).Wait(0x0?)
	/usr/lib/go/src/sync/cond.go:71 +0x85
github.com/centrifugal/centrifuge/internal/dissolve.(*queueImpl).Wait(0xc01e10aa10)
	/home/mariell/go/pkg/mod/github.com/centrifugal/centrifuge@v0.33.3/internal/dissolve/queue.go:139 +0x4a
github.com/centrifugal/centrifuge/internal/dissolve.(*Dissolver).runWorker(0xc0122187e0)
	/home/mariell/go/pkg/mod/github.com/centrifugal/centrifuge@v0.33.3/internal/dissolve/dissolve.go:52 +0x27
created by github.com/centrifugal/centrifuge/internal/dissolve.(*Dissolver).Run in goroutine 40816
	/home/mariell/go/pkg/mod/github.com/centrifugal/centrifuge@v0.33.3/internal/dissolve/dissolve.go:31 +0x25

goroutine 42092 [sync.Cond.Wait]:
sync.runtime_notifyListWait(0xc01bc03e10, 0x36)
	/usr/lib/go/src/runtime/sema.go:597 +0x159
sync.(*Cond).Wait(0x0?)
	/usr/lib/go/src/sync/cond.go:71 +0x85
github.com/centrifugal/centrifuge/internal/dissolve.(*queueImpl).Wait(0xc01e10aa10)
	/home/mariell/go/pkg/mod/github.com/centrifugal/centrifuge@v0.33.3/internal/dissolve/queue.go:139 +0x4a
github.com/centrifugal/centrifuge/internal/dissolve.(*Dissolver).runWorker(0xc0122187e0)
	/home/mariell/go/pkg/mod/github.com/centrifugal/centrifuge@v0.33.3/internal/dissolve/dissolve.go:52 +0x27
created by github.com/centrifugal/centrifuge/internal/dissolve.(*Dissolver).Run in goroutine 40816
	/home/mariell/go/pkg/mod/github.com/centrifugal/centrifuge@v0.33.3/internal/dissolve/dissolve.go:31 +0x25

goroutine 42093 [sync.Cond.Wait]:
sync.runtime_notifyListWait(0xc01bc03e10, 0x38)
	/usr/lib/go/src/runtime/sema.go:597 +0x159
sync.(*Cond).Wait(0x0?)
	/usr/lib/go/src/sync/cond.go:71 +0x85
github.com/centrifugal/centrifuge/internal/dissolve.(*queueImpl).Wait(0xc01e10aa10)
	/home/mariell/go/pkg/mod/github.com/centrifugal/centrifuge@v0.33.3/internal/dissolve/queue.go:139 +0x4a
github.com/centrifugal/centrifuge/internal/dissolve.(*Dissolver).runWorker(0xc0122187e0)
	/home/mariell/go/pkg/mod/github.com/centrifugal/centrifuge@v0.33.3/internal/dissolve/dissolve.go:52 +0x27
created by github.com/centrifugal/centrifuge/internal/dissolve.(*Dissolver).Run in goroutine 40816
	/home/mariell/go/pkg/mod/github.com/centrifugal/centrifuge@v0.33.3/internal/dissolve/dissolve.go:31 +0x25

goroutine 42094 [sync.Cond.Wait]:
sync.runtime_notifyListWait(0xc01bc03e10, 0x39)
	/usr/lib/go/src/runtime/sema.go:597 +0x159
sync.(*Cond).Wait(0x0?)
	/usr/lib/go/src/sync/cond.go:71 +0x85
github.com/centrifugal/centrifuge/internal/dissolve.(*queueImpl).Wait(0xc01e10aa10)
	/home/mariell/go/pkg/mod/github.com/centrifugal/centrifuge@v0.33.3/internal/dissolve/queue.go:139 +0x4a
github.com/centrifugal/centrifuge/internal/dissolve.(*Dissolver).runWorker(0xc0122187e0)
	/home/mariell/go/pkg/mod/github.com/centrifugal/centrifuge@v0.33.3/internal/dissolve/dissolve.go:52 +0x27
created by github.com/centrifugal/centrifuge/internal/dissolve.(*Dissolver).Run in goroutine 40816
	/home/mariell/go/pkg/mod/github.com/centrifugal/centrifuge@v0.33.3/internal/dissolve/dissolve.go:31 +0x25

goroutine 42095 [sync.Cond.Wait]:
sync.runtime_notifyListWait(0xc01bc03e10, 0x3a)
	/usr/lib/go/src/runtime/sema.go:597 +0x159
sync.(*Cond).Wait(0x0?)
	/usr/lib/go/src/sync/cond.go:71 +0x85
github.com/centrifugal/centrifuge/internal/dissolve.(*queueImpl).Wait(0xc01e10aa10)
	/home/mariell/go/pkg/mod/github.com/centrifugal/centrifuge@v0.33.3/internal/dissolve/queue.go:139 +0x4a
github.com/centrifugal/centrifuge/internal/dissolve.(*Dissolver).runWorker(0xc0122187e0)
	/home/mariell/go/pkg/mod/github.com/centrifugal/centrifuge@v0.33.3/internal/dissolve/dissolve.go:52 +0x27
created by github.com/centrifugal/centrifuge/internal/dissolve.(*Dissolver).Run in goroutine 40816
	/home/mariell/go/pkg/mod/github.com/centrifugal/centrifuge@v0.33.3/internal/dissolve/dissolve.go:31 +0x25

goroutine 42096 [sync.Cond.Wait]:
sync.runtime_notifyListWait(0xc01bc03e10, 0x2c)
	/usr/lib/go/src/runtime/sema.go:597 +0x159
sync.(*Cond).Wait(0x0?)
	/usr/lib/go/src/sync/cond.go:71 +0x85
github.com/centrifugal/centrifuge/internal/dissolve.(*queueImpl).Wait(0xc01e10aa10)
	/home/mariell/go/pkg/mod/github.com/centrifugal/centrifuge@v0.33.3/internal/dissolve/queue.go:139 +0x4a
github.com/centrifugal/centrifuge/internal/dissolve.(*Dissolver).runWorker(0xc0122187e0)
	/home/mariell/go/pkg/mod/github.com/centrifugal/centrifuge@v0.33.3/internal/dissolve/dissolve.go:52 +0x27
created by github.com/centrifugal/centrifuge/internal/dissolve.(*Dissolver).Run in goroutine 40816
	/home/mariell/go/pkg/mod/github.com/centrifugal/centrifuge@v0.33.3/internal/dissolve/dissolve.go:31 +0x25

goroutine 42097 [sync.Cond.Wait]:
sync.runtime_notifyListWait(0xc01bc03e10, 0x31)
	/usr/lib/go/src/runtime/sema.go:597 +0x159
sync.(*Cond).Wait(0x1?)
	/usr/lib/go/src/sync/cond.go:71 +0x85
github.com/centrifugal/centrifuge/internal/dissolve.(*queueImpl).Wait(0xc01e10aa10)
	/home/mariell/go/pkg/mod/github.com/centrifugal/centrifuge@v0.33.3/internal/dissolve/queue.go:139 +0x4a
github.com/centrifugal/centrifuge/internal/dissolve.(*Dissolver).runWorker(0xc0122187e0)
	/home/mariell/go/pkg/mod/github.com/centrifugal/centrifuge@v0.33.3/internal/dissolve/dissolve.go:52 +0x27
created by github.com/centrifugal/centrifuge/internal/dissolve.(*Dissolver).Run in goroutine 40816
	/home/mariell/go/pkg/mod/github.com/centrifugal/centrifuge@v0.33.3/internal/dissolve/dissolve.go:31 +0x25

goroutine 42098 [sync.Cond.Wait]:
sync.runtime_notifyListWait(0xc01bc03e10, 0x33)
	/usr/lib/go/src/runtime/sema.go:597 +0x159
sync.(*Cond).Wait(0xc00c496e10?)
	/usr/lib/go/src/sync/cond.go:71 +0x85
github.com/centrifugal/centrifuge/internal/dissolve.(*queueImpl).Wait(0xc01e10aa10)
	/home/mariell/go/pkg/mod/github.com/centrifugal/centrifuge@v0.33.3/internal/dissolve/queue.go:139 +0x4a
github.com/centrifugal/centrifuge/internal/dissolve.(*Dissolver).runWorker(0xc0122187e0)
	/home/mariell/go/pkg/mod/github.com/centrifugal/centrifuge@v0.33.3/internal/dissolve/dissolve.go:52 +0x27
created by github.com/centrifugal/centrifuge/internal/dissolve.(*Dissolver).Run in goroutine 40816
	/home/mariell/go/pkg/mod/github.com/centrifugal/centrifuge@v0.33.3/internal/dissolve/dissolve.go:31 +0x25

goroutine 42099 [sync.Cond.Wait]:
sync.runtime_notifyListWait(0xc01bc03e10, 0x35)
	/usr/lib/go/src/runtime/sema.go:597 +0x159
sync.(*Cond).Wait(0x0?)
	/usr/lib/go/src/sync/cond.go:71 +0x85
github.com/centrifugal/centrifuge/internal/dissolve.(*queueImpl).Wait(0xc01e10aa10)
	/home/mariell/go/pkg/mod/github.com/centrifugal/centrifuge@v0.33.3/internal/dissolve/queue.go:139 +0x4a
github.com/centrifugal/centrifuge/internal/dissolve.(*Dissolver).runWorker(0xc0122187e0)
	/home/mariell/go/pkg/mod/github.com/centrifugal/centrifuge@v0.33.3/internal/dissolve/dissolve.go:52 +0x27
created by github.com/centrifugal/centrifuge/internal/dissolve.(*Dissolver).Run in goroutine 40816
	/home/mariell/go/pkg/mod/github.com/centrifugal/centrifuge@v0.33.3/internal/dissolve/dissolve.go:31 +0x25

goroutine 42100 [sync.Cond.Wait]:
sync.runtime_notifyListWait(0xc01bc03e10, 0x37)
	/usr/lib/go/src/runtime/sema.go:597 +0x159
sync.(*Cond).Wait(0x0?)
	/usr/lib/go/src/sync/cond.go:71 +0x85
github.com/centrifugal/centrifuge/internal/dissolve.(*queueImpl).Wait(0xc01e10aa10)
	/home/mariell/go/pkg/mod/github.com/centrifugal/centrifuge@v0.33.3/internal/dissolve/queue.go:139 +0x4a
github.com/centrifugal/centrifuge/internal/dissolve.(*Dissolver).runWorker(0xc0122187e0)
	/home/mariell/go/pkg/mod/github.com/centrifugal/centrifuge@v0.33.3/internal/dissolve/dissolve.go:52 +0x27
created by github.com/centrifugal/centrifuge/internal/dissolve.(*Dissolver).Run in goroutine 40816
	/home/mariell/go/pkg/mod/github.com/centrifugal/centrifuge@v0.33.3/internal/dissolve/dissolve.go:31 +0x25

goroutine 42101 [sync.Cond.Wait]:
sync.runtime_notifyListWait(0xc01bc03e10, 0x2f)
	/usr/lib/go/src/runtime/sema.go:597 +0x159
sync.(*Cond).Wait(0x0?)
	/usr/lib/go/src/sync/cond.go:71 +0x85
github.com/centrifugal/centrifuge/internal/dissolve.(*queueImpl).Wait(0xc01e10aa10)
	/home/mariell/go/pkg/mod/github.com/centrifugal/centrifuge@v0.33.3/internal/dissolve/queue.go:139 +0x4a
github.com/centrifugal/centrifuge/internal/dissolve.(*Dissolver).runWorker(0xc0122187e0)
	/home/mariell/go/pkg/mod/github.com/centrifugal/centrifuge@v0.33.3/internal/dissolve/dissolve.go:52 +0x27
created by github.com/centrifugal/centrifuge/internal/dissolve.(*Dissolver).Run in goroutine 40816
	/home/mariell/go/pkg/mod/github.com/centrifugal/centrifuge@v0.33.3/internal/dissolve/dissolve.go:31 +0x25

goroutine 42102 [sync.Cond.Wait]:
sync.runtime_notifyListWait(0xc01bc03e10, 0x3c)
	/usr/lib/go/src/runtime/sema.go:597 +0x159
sync.(*Cond).Wait(0x0?)
	/usr/lib/go/src/sync/cond.go:71 +0x85
github.com/centrifugal/centrifuge/internal/dissolve.(*queueImpl).Wait(0xc01e10aa10)
	/home/mariell/go/pkg/mod/github.com/centrifugal/centrifuge@v0.33.3/internal/dissolve/queue.go:139 +0x4a
github.com/centrifugal/centrifuge/internal/dissolve.(*Dissolver).runWorker(0xc0122187e0)
	/home/mariell/go/pkg/mod/github.com/centrifugal/centrifuge@v0.33.3/internal/dissolve/dissolve.go:52 +0x27
created by github.com/centrifugal/centrifuge/internal/dissolve.(*Dissolver).Run in goroutine 40816
	/home/mariell/go/pkg/mod/github.com/centrifugal/centrifuge@v0.33.3/internal/dissolve/dissolve.go:31 +0x25

goroutine 42103 [sync.Cond.Wait]:
sync.runtime_notifyListWait(0xc01bc03e10, 0x3b)
	/usr/lib/go/src/runtime/sema.go:597 +0x159
sync.(*Cond).Wait(0x0?)
	/usr/lib/go/src/sync/cond.go:71 +0x85
github.com/centrifugal/centrifuge/internal/dissolve.(*queueImpl).Wait(0xc01e10aa10)
	/home/mariell/go/pkg/mod/github.com/centrifugal/centrifuge@v0.33.3/internal/dissolve/queue.go:139 +0x4a
github.com/centrifugal/centrifuge/internal/dissolve.(*Dissolver).runWorker(0xc0122187e0)
	/home/mariell/go/pkg/mod/github.com/centrifugal/centrifuge@v0.33.3/internal/dissolve/dissolve.go:52 +0x27
created by github.com/centrifugal/centrifuge/internal/dissolve.(*Dissolver).Run in goroutine 40816
	/home/mariell/go/pkg/mod/github.com/centrifugal/centrifuge@v0.33.3/internal/dissolve/dissolve.go:31 +0x25

goroutine 42104 [sync.Cond.Wait]:
sync.runtime_notifyListWait(0xc01bc03e10, 0x3d)
	/usr/lib/go/src/runtime/sema.go:597 +0x159
sync.(*Cond).Wait(0x0?)
	/usr/lib/go/src/sync/cond.go:71 +0x85
github.com/centrifugal/centrifuge/internal/dissolve.(*queueImpl).Wait(0xc01e10aa10)
	/home/mariell/go/pkg/mod/github.com/centrifugal/centrifuge@v0.33.3/internal/dissolve/queue.go:139 +0x4a
github.com/centrifugal/centrifuge/internal/dissolve.(*Dissolver).runWorker(0xc0122187e0)
	/home/mariell/go/pkg/mod/github.com/centrifugal/centrifuge@v0.33.3/internal/dissolve/dissolve.go:52 +0x27
created by github.com/centrifugal/centrifuge/internal/dissolve.(*Dissolver).Run in goroutine 40816
	/home/mariell/go/pkg/mod/github.com/centrifugal/centrifuge@v0.33.3/internal/dissolve/dissolve.go:31 +0x25

goroutine 42105 [sync.Cond.Wait]:
sync.runtime_notifyListWait(0xc01bc03e10, 0x3e)
	/usr/lib/go/src/runtime/sema.go:597 +0x159
sync.(*Cond).Wait(0x0?)
	/usr/lib/go/src/sync/cond.go:71 +0x85
github.com/centrifugal/centrifuge/internal/dissolve.(*queueImpl).Wait(0xc01e10aa10)
	/home/mariell/go/pkg/mod/github.com/centrifugal/centrifuge@v0.33.3/internal/dissolve/queue.go:139 +0x4a
github.com/centrifugal/centrifuge/internal/dissolve.(*Dissolver).runWorker(0xc0122187e0)
	/home/mariell/go/pkg/mod/github.com/centrifugal/centrifuge@v0.33.3/internal/dissolve/dissolve.go:52 +0x27
created by github.com/centrifugal/centrifuge/internal/dissolve.(*Dissolver).Run in goroutine 40816
	/home/mariell/go/pkg/mod/github.com/centrifugal/centrifuge@v0.33.3/internal/dissolve/dissolve.go:31 +0x25

goroutine 42106 [sync.Cond.Wait]:
sync.runtime_notifyListWait(0xc01bc03e10, 0x3f)
	/usr/lib/go/src/runtime/sema.go:597 +0x159
sync.(*Cond).Wait(0x0?)
	/usr/lib/go/src/sync/cond.go:71 +0x85
github.com/centrifugal/centrifuge/internal/dissolve.(*queueImpl).Wait(0xc01e10aa10)
	/home/mariell/go/pkg/mod/github.com/centrifugal/centrifuge@v0.33.3/internal/dissolve/queue.go:139 +0x4a
github.com/centrifugal/centrifuge/internal/dissolve.(*Dissolver).runWorker(0xc0122187e0)
	/home/mariell/go/pkg/mod/github.com/centrifugal/centrifuge@v0.33.3/internal/dissolve/dissolve.go:52 +0x27
created by github.com/centrifugal/centrifuge/internal/dissolve.(*Dissolver).Run in goroutine 40816
	/home/mariell/go/pkg/mod/github.com/centrifugal/centrifuge@v0.33.3/internal/dissolve/dissolve.go:31 +0x25

goroutine 44039 [chan receive]:
github.com/grafana/grafana/pkg/storage/unified/resource.(*server).initWatcher.func1.1()
	/home/mariell/work/oss/grafana/pkg/storage/unified/resource/server.go:922 +0x58
created by github.com/grafana/grafana/pkg/storage/unified/resource.(*server).initWatcher.func1 in goroutine 42497
	/home/mariell/work/oss/grafana/pkg/storage/unified/resource/server.go:921 +0xaa

goroutine 46751 [sync.Cond.Wait]:
sync.runtime_notifyListWait(0xc016303990, 0x3c)
	/usr/lib/go/src/runtime/sema.go:597 +0x159
sync.(*Cond).Wait(0x0?)
	/usr/lib/go/src/sync/cond.go:71 +0x85
github.com/centrifugal/centrifuge/internal/dissolve.(*queueImpl).Wait(0xc020154850)
	/home/mariell/go/pkg/mod/github.com/centrifugal/centrifuge@v0.33.3/internal/dissolve/queue.go:139 +0x4a
github.com/centrifugal/centrifuge/internal/dissolve.(*Dissolver).runWorker(0xc00b4e8b40)
	/home/mariell/go/pkg/mod/github.com/centrifugal/centrifuge@v0.33.3/internal/dissolve/dissolve.go:52 +0x27
created by github.com/centrifugal/centrifuge/internal/dissolve.(*Dissolver).Run in goroutine 45402
	/home/mariell/go/pkg/mod/github.com/centrifugal/centrifuge@v0.33.3/internal/dissolve/dissolve.go:31 +0x25

goroutine 43627 [sync.Cond.Wait]:
sync.runtime_notifyListWait(0xc00d19c890, 0x12)
	/usr/lib/go/src/runtime/sema.go:597 +0x159
sync.(*Cond).Wait(0xc01fc72fd0?)
	/usr/lib/go/src/sync/cond.go:71 +0x85
github.com/centrifugal/centrifuge/internal/dissolve.(*queueImpl).Wait(0xc015e6a930)
	/home/mariell/go/pkg/mod/github.com/centrifugal/centrifuge@v0.33.3/internal/dissolve/queue.go:139 +0x4a
github.com/centrifugal/centrifuge/internal/dissolve.(*Dissolver).runWorker(0xc0132189d8)
	/home/mariell/go/pkg/mod/github.com/centrifugal/centrifuge@v0.33.3/internal/dissolve/dissolve.go:52 +0x27
created by github.com/centrifugal/centrifuge/internal/dissolve.(*Dissolver).Run in goroutine 42495
	/home/mariell/go/pkg/mod/github.com/centrifugal/centrifuge@v0.33.3/internal/dissolve/dissolve.go:31 +0x25

goroutine 45601 [select]:
k8s.io/apimachinery/pkg/util/wait.BackoffUntil(0xc027b62e40, {0xa95ac00, 0xc027e515c0}, 0x1, 0xc0279ef0a0)
	/home/mariell/go/pkg/mod/k8s.io/apimachinery@v0.32.1/pkg/util/wait/backoff.go:238 +0x12c
k8s.io/apimachinery/pkg/util/wait.JitterUntil(0xc027b62e40, 0x3b9aca00, 0x3ff3333333333333, 0x1, 0xc0279ef0a0)
	/home/mariell/go/pkg/mod/k8s.io/apimachinery@v0.32.1/pkg/util/wait/backoff.go:204 +0x7f
created by k8s.io/apiserver/pkg/registry/generic/registry.(*Store).startObservingCount in goroutine 45410
	/home/mariell/go/pkg/mod/k8s.io/apiserver@v0.32.1/pkg/registry/generic/registry/store.go:1666 +0x2f9

goroutine 42163 [select]:
github.com/patrickmn/go-cache.(*janitor).Run(0xc01b0f8b50, 0xc01ca5ae00)
	/home/mariell/go/pkg/mod/github.com/patrickmn/go-cache@v2.1.0+incompatible/cache.go:1079 +0x7b
created by github.com/patrickmn/go-cache.runJanitor in goroutine 40816
	/home/mariell/go/pkg/mod/github.com/patrickmn/go-cache@v2.1.0+incompatible/cache.go:1099 +0xdb

goroutine 42169 [select]:
github.com/patrickmn/go-cache.(*janitor).Run(0xc011b93280, 0xc01cb44500)
	/home/mariell/go/pkg/mod/github.com/patrickmn/go-cache@v2.1.0+incompatible/cache.go:1079 +0x7b
created by github.com/patrickmn/go-cache.runJanitor in goroutine 40816
	/home/mariell/go/pkg/mod/github.com/patrickmn/go-cache@v2.1.0+incompatible/cache.go:1099 +0xdb

goroutine 42170 [select]:
github.com/patrickmn/go-cache.(*janitor).Run(0xc011b933a0, 0xc01cb44640)
	/home/mariell/go/pkg/mod/github.com/patrickmn/go-cache@v2.1.0+incompatible/cache.go:1079 +0x7b
created by github.com/patrickmn/go-cache.runJanitor in goroutine 40816
	/home/mariell/go/pkg/mod/github.com/patrickmn/go-cache@v2.1.0+incompatible/cache.go:1099 +0xdb

goroutine 42171 [select]:
github.com/patrickmn/go-cache.(*janitor).Run(0xc011b933b0, 0xc01cb446c0)
	/home/mariell/go/pkg/mod/github.com/patrickmn/go-cache@v2.1.0+incompatible/cache.go:1079 +0x7b
created by github.com/patrickmn/go-cache.runJanitor in goroutine 40816
	/home/mariell/go/pkg/mod/github.com/patrickmn/go-cache@v2.1.0+incompatible/cache.go:1099 +0xdb

goroutine 42249 [select]:
github.com/patrickmn/go-cache.(*janitor).Run(0xc01b251b50, 0xc01cc46140)
	/home/mariell/go/pkg/mod/github.com/patrickmn/go-cache@v2.1.0+incompatible/cache.go:1079 +0x7b
created by github.com/patrickmn/go-cache.runJanitor in goroutine 40816
	/home/mariell/go/pkg/mod/github.com/patrickmn/go-cache@v2.1.0+incompatible/cache.go:1099 +0xdb

goroutine 42251 [select]:
github.com/patrickmn/go-cache.(*janitor).Run(0xc01b272d60, 0xc01cc46bc0)
	/home/mariell/go/pkg/mod/github.com/patrickmn/go-cache@v2.1.0+incompatible/cache.go:1079 +0x7b
created by github.com/patrickmn/go-cache.runJanitor in goroutine 40816
	/home/mariell/go/pkg/mod/github.com/patrickmn/go-cache@v2.1.0+incompatible/cache.go:1099 +0xdb

goroutine 45177 [sync.Cond.Wait]:
sync.runtime_notifyListWait(0xc026bf9c10, 0x26)
	/usr/lib/go/src/runtime/sema.go:597 +0x159
sync.(*Cond).Wait(0x0?)
	/usr/lib/go/src/sync/cond.go:71 +0x85
github.com/centrifugal/centrifuge/internal/dissolve.(*queueImpl).Wait(0xc026c14c40)
	/home/mariell/go/pkg/mod/github.com/centrifugal/centrifuge@v0.33.3/internal/dissolve/queue.go:139 +0x4a
github.com/centrifugal/centrifuge/internal/dissolve.(*Dissolver).runWorker(0xc026b0b128)
	/home/mariell/go/pkg/mod/github.com/centrifugal/centrifuge@v0.33.3/internal/dissolve/dissolve.go:52 +0x27
created by github.com/centrifugal/centrifuge/internal/dissolve.(*Dissolver).Run in goroutine 44067
	/home/mariell/go/pkg/mod/github.com/centrifugal/centrifuge@v0.33.3/internal/dissolve/dissolve.go:31 +0x25

goroutine 42466 [select]:
net/http.(*persistConn).writeLoop(0xc00c3a4fc0)
	/usr/lib/go/src/net/http/transport.go:2590 +0xe7
created by net/http.(*Transport).dialConn in goroutine 42295
	/usr/lib/go/src/net/http/transport.go:1945 +0x17a5

goroutine 77725 [select]:
github.com/centrifugal/centrifuge.(*MemoryBroker).expireResultCache(0xc048535a80)
	/home/mariell/go/pkg/mod/github.com/centrifugal/centrifuge@v0.33.3/broker_memory.go:160 +0x68
created by github.com/centrifugal/centrifuge.(*MemoryBroker).Run in goroutine 56142
	/home/mariell/go/pkg/mod/github.com/centrifugal/centrifuge@v0.33.3/broker_memory.go:73 +0x7f

goroutine 43633 [sync.Cond.Wait]:
sync.runtime_notifyListWait(0xc00d19c890, 0x19)
	/usr/lib/go/src/runtime/sema.go:597 +0x159
sync.(*Cond).Wait(0x0?)
	/usr/lib/go/src/sync/cond.go:71 +0x85
github.com/centrifugal/centrifuge/internal/dissolve.(*queueImpl).Wait(0xc015e6a930)
	/home/mariell/go/pkg/mod/github.com/centrifugal/centrifuge@v0.33.3/internal/dissolve/queue.go:139 +0x4a
github.com/centrifugal/centrifuge/internal/dissolve.(*Dissolver).runWorker(0xc0132189d8)
	/home/mariell/go/pkg/mod/github.com/centrifugal/centrifuge@v0.33.3/internal/dissolve/dissolve.go:52 +0x27
created by github.com/centrifugal/centrifuge/internal/dissolve.(*Dissolver).Run in goroutine 42495
	/home/mariell/go/pkg/mod/github.com/centrifugal/centrifuge@v0.33.3/internal/dissolve/dissolve.go:31 +0x25

goroutine 43622 [sync.Cond.Wait]:
sync.runtime_notifyListWait(0xc00d19c890, 0xd)
	/usr/lib/go/src/runtime/sema.go:597 +0x159
sync.(*Cond).Wait(0x0?)
	/usr/lib/go/src/sync/cond.go:71 +0x85
github.com/centrifugal/centrifuge/internal/dissolve.(*queueImpl).Wait(0xc015e6a930)
	/home/mariell/go/pkg/mod/github.com/centrifugal/centrifuge@v0.33.3/internal/dissolve/queue.go:139 +0x4a
github.com/centrifugal/centrifuge/internal/dissolve.(*Dissolver).runWorker(0xc0132189d8)
	/home/mariell/go/pkg/mod/github.com/centrifugal/centrifuge@v0.33.3/internal/dissolve/dissolve.go:52 +0x27
created by github.com/centrifugal/centrifuge/internal/dissolve.(*Dissolver).Run in goroutine 42495
	/home/mariell/go/pkg/mod/github.com/centrifugal/centrifuge@v0.33.3/internal/dissolve/dissolve.go:31 +0x25

goroutine 40832 [IO wait]:
internal/poll.runtime_pollWait(0x7775504ff928, 0x72)
	/usr/lib/go/src/runtime/netpoll.go:351 +0x85
internal/poll.(*pollDesc).wait(0xc01e600500?, 0xc023b1e000?, 0x0)
	/usr/lib/go/src/internal/poll/fd_poll_runtime.go:84 +0x27
internal/poll.(*pollDesc).waitRead(...)
	/usr/lib/go/src/internal/poll/fd_poll_runtime.go:89
internal/poll.(*FD).Read(0xc01e600500, {0xc023b1e000, 0x1300, 0x1300})
	/usr/lib/go/src/internal/poll/fd_unix.go:165 +0x27a
net.(*netFD).Read(0xc01e600500, {0xc023b1e000?, 0xc000e80008?, 0xc01d532450?})
	/usr/lib/go/src/net/fd_posix.go:55 +0x25
net.(*conn).Read(0xc019ffee68, {0xc023b1e000?, 0x77755819f128?, 0x7775a8b2b038?})
	/usr/lib/go/src/net/net.go:194 +0x45
crypto/tls.(*atLeastReader).Read(0xc0144641b0, {0xc023b1e000?, 0x2a?, 0x5?})
	/usr/lib/go/src/crypto/tls/conn.go:809 +0x3b
bytes.(*Buffer).ReadFrom(0xc00e07beb8, {0xa94e300, 0xc0144641b0})
	/usr/lib/go/src/bytes/buffer.go:211 +0x98
crypto/tls.(*Conn).readFromUntil(0xc00e07bc08, {0xa94dc00, 0xc019ffee68}, 0x444af4?)
	/usr/lib/go/src/crypto/tls/conn.go:831 +0xde
crypto/tls.(*Conn).readRecordOrCCS(0xc00e07bc08, 0x0)
	/usr/lib/go/src/crypto/tls/conn.go:629 +0x3cf
crypto/tls.(*Conn).readRecord(...)
	/usr/lib/go/src/crypto/tls/conn.go:591
crypto/tls.(*Conn).Read(0xc00e07bc08, {0xc01e6c7000, 0x1000, 0x7775a8b2b038?})
	/usr/lib/go/src/crypto/tls/conn.go:1385 +0x145
net/http.(*persistConn).Read(0xc007e0aea0, {0xc01e6c7000?, 0x4141c5?, 0x68?})
	/usr/lib/go/src/net/http/transport.go:2122 +0x47
bufio.(*Reader).fill(0xc01e68f620)
	/usr/lib/go/src/bufio/bufio.go:113 +0x103
bufio.(*Reader).Peek(0xc01e68f620, 0x1)
	/usr/lib/go/src/bufio/bufio.go:152 +0x53
net/http.(*persistConn).readLoop(0xc007e0aea0)
	/usr/lib/go/src/net/http/transport.go:2275 +0x172
created by net/http.(*Transport).dialConn in goroutine 41788
	/usr/lib/go/src/net/http/transport.go:1944 +0x174f

goroutine 40847 [select]:
net/http.(*persistConn).writeLoop(0xc010ab85a0)
	/usr/lib/go/src/net/http/transport.go:2590 +0xe7
created by net/http.(*Transport).dialConn in goroutine 40828
	/usr/lib/go/src/net/http/transport.go:1945 +0x17a5

goroutine 43972 [IO wait]:
internal/poll.runtime_pollWait(0x7775504fee38, 0x72)
	/usr/lib/go/src/runtime/netpoll.go:351 +0x85
internal/poll.(*pollDesc).wait(0xc01690a280?, 0xc018f3f900?, 0x0)
	/usr/lib/go/src/internal/poll/fd_poll_runtime.go:84 +0x27
internal/poll.(*pollDesc).waitRead(...)
	/usr/lib/go/src/internal/poll/fd_poll_runtime.go:89
internal/poll.(*FD).Read(0xc01690a280, {0xc018f3f900, 0x1300, 0x1300})
	/usr/lib/go/src/internal/poll/fd_unix.go:165 +0x27a
net.(*netFD).Read(0xc01690a280, {0xc018f3f900?, 0x0?, 0x0?})
	/usr/lib/go/src/net/fd_posix.go:55 +0x25
net.(*conn).Read(0xc01b1d2cf0, {0xc018f3f900?, 0x7775580a3a98?, 0x7775a8b40088?})
	/usr/lib/go/src/net/net.go:194 +0x45
crypto/tls.(*atLeastReader).Read(0xc01c4d2270, {0xc018f3f900?, 0xc00c5919b0?, 0x83c1a9?})
	/usr/lib/go/src/crypto/tls/conn.go:809 +0x3b
bytes.(*Buffer).ReadFrom(0xc01cbafb38, {0xa94e300, 0xc01c4d2270})
	/usr/lib/go/src/bytes/buffer.go:211 +0x98
crypto/tls.(*Conn).readFromUntil(0xc01cbaf888, {0xa94dc00, 0xc01b1d2cf0}, 0x444af4?)
	/usr/lib/go/src/crypto/tls/conn.go:831 +0xde
crypto/tls.(*Conn).readRecordOrCCS(0xc01cbaf888, 0x0)
	/usr/lib/go/src/crypto/tls/conn.go:629 +0x3cf
crypto/tls.(*Conn).readRecord(...)
	/usr/lib/go/src/crypto/tls/conn.go:591
crypto/tls.(*Conn).Read(0xc01cbaf888, {0xc016a8d000, 0x1000, 0x7775a8b40088?})
	/usr/lib/go/src/crypto/tls/conn.go:1385 +0x145
net/http.(*persistConn).Read(0xc025522000, {0xc016a8d000?, 0x4141c5?, 0x68?})
	/usr/lib/go/src/net/http/transport.go:2122 +0x47
bufio.(*Reader).fill(0xc019a19320)
	/usr/lib/go/src/bufio/bufio.go:113 +0x103
bufio.(*Reader).Peek(0xc019a19320, 0x1)
	/usr/lib/go/src/bufio/bufio.go:152 +0x53
net/http.(*persistConn).readLoop(0xc025522000)
	/usr/lib/go/src/net/http/transport.go:2275 +0x172
created by net/http.(*Transport).dialConn in goroutine 42405
	/usr/lib/go/src/net/http/transport.go:1944 +0x174f

goroutine 46722 [sync.Cond.Wait]:
sync.runtime_notifyListWait(0xc016303990, 0x19)
	/usr/lib/go/src/runtime/sema.go:597 +0x159
sync.(*Cond).Wait(0x0?)
	/usr/lib/go/src/sync/cond.go:71 +0x85
github.com/centrifugal/centrifuge/internal/dissolve.(*queueImpl).Wait(0xc020154850)
	/home/mariell/go/pkg/mod/github.com/centrifugal/centrifuge@v0.33.3/internal/dissolve/queue.go:139 +0x4a
github.com/centrifugal/centrifuge/internal/dissolve.(*Dissolver).runWorker(0xc00b4e8b40)
	/home/mariell/go/pkg/mod/github.com/centrifugal/centrifuge@v0.33.3/internal/dissolve/dissolve.go:52 +0x27
created by github.com/centrifugal/centrifuge/internal/dissolve.(*Dissolver).Run in goroutine 45402
	/home/mariell/go/pkg/mod/github.com/centrifugal/centrifuge@v0.33.3/internal/dissolve/dissolve.go:31 +0x25

goroutine 49783 [sync.Cond.Wait]:
sync.runtime_notifyListWait(0xc028e24c90, 0x21)
	/usr/lib/go/src/runtime/sema.go:597 +0x159
sync.(*Cond).Wait(0x0?)
	/usr/lib/go/src/sync/cond.go:71 +0x85
github.com/centrifugal/centrifuge/internal/dissolve.(*queueImpl).Wait(0xc028e3d810)
	/home/mariell/go/pkg/mod/github.com/centrifugal/centrifuge@v0.33.3/internal/dissolve/queue.go:139 +0x4a
github.com/centrifugal/centrifuge/internal/dissolve.(*Dissolver).runWorker(0xc028d11578)
	/home/mariell/go/pkg/mod/github.com/centrifugal/centrifuge@v0.33.3/internal/dissolve/dissolve.go:52 +0x27
created by github.com/centrifugal/centrifuge/internal/dissolve.(*Dissolver).Run in goroutine 48632
	/home/mariell/go/pkg/mod/github.com/centrifugal/centrifuge@v0.33.3/internal/dissolve/dissolve.go:31 +0x25

goroutine 48206 [select]:
github.com/grafana/grafana/pkg/storage/unified/resource.(*cache[...]).run(0xc0237b5f98)
	/home/mariell/work/oss/grafana/pkg/storage/unified/resource/broadcaster.go:291 +0xb0
created by github.com/grafana/grafana/pkg/storage/unified/resource.newChannelCache[...] in goroutine 48200
	/home/mariell/work/oss/grafana/pkg/storage/unified/resource/broadcaster.go:276 +0x189

goroutine 46721 [sync.Cond.Wait]:
sync.runtime_notifyListWait(0xc016303990, 0x20)
	/usr/lib/go/src/runtime/sema.go:597 +0x159
sync.(*Cond).Wait(0x100000000000000?)
	/usr/lib/go/src/sync/cond.go:71 +0x85
github.com/centrifugal/centrifuge/internal/dissolve.(*queueImpl).Wait(0xc020154850)
	/home/mariell/go/pkg/mod/github.com/centrifugal/centrifuge@v0.33.3/internal/dissolve/queue.go:139 +0x4a
github.com/centrifugal/centrifuge/internal/dissolve.(*Dissolver).runWorker(0xc00b4e8b40)
	/home/mariell/go/pkg/mod/github.com/centrifugal/centrifuge@v0.33.3/internal/dissolve/dissolve.go:52 +0x27
created by github.com/centrifugal/centrifuge/internal/dissolve.(*Dissolver).Run in goroutine 45402
	/home/mariell/go/pkg/mod/github.com/centrifugal/centrifuge@v0.33.3/internal/dissolve/dissolve.go:31 +0x25

goroutine 46719 [sync.Cond.Wait]:
sync.runtime_notifyListWait(0xc016303990, 0x24)
	/usr/lib/go/src/runtime/sema.go:597 +0x159
sync.(*Cond).Wait(0x0?)
	/usr/lib/go/src/sync/cond.go:71 +0x85
github.com/centrifugal/centrifuge/internal/dissolve.(*queueImpl).Wait(0xc020154850)
	/home/mariell/go/pkg/mod/github.com/centrifugal/centrifuge@v0.33.3/internal/dissolve/queue.go:139 +0x4a
github.com/centrifugal/centrifuge/internal/dissolve.(*Dissolver).runWorker(0xc00b4e8b40)
	/home/mariell/go/pkg/mod/github.com/centrifugal/centrifuge@v0.33.3/internal/dissolve/dissolve.go:52 +0x27
created by github.com/centrifugal/centrifuge/internal/dissolve.(*Dissolver).Run in goroutine 45402
	/home/mariell/go/pkg/mod/github.com/centrifugal/centrifuge@v0.33.3/internal/dissolve/dissolve.go:31 +0x25

goroutine 42499 [select]:
net/http.(*persistConn).writeLoop(0xc010bc7200)
	/usr/lib/go/src/net/http/transport.go:2590 +0xe7
created by net/http.(*Transport).dialConn in goroutine 42475
	/usr/lib/go/src/net/http/transport.go:1945 +0x17a5

goroutine 77737 [runnable]:
github.com/centrifugal/centrifuge/internal/dissolve.(*Dissolver).Run.gowrap1()
	/home/mariell/go/pkg/mod/github.com/centrifugal/centrifuge@v0.33.3/internal/dissolve/dissolve.go:31
runtime.goexit({})
	/usr/lib/go/src/runtime/asm_amd64.s:1700 +0x1
created by github.com/centrifugal/centrifuge/internal/dissolve.(*Dissolver).Run in goroutine 56142
	/home/mariell/go/pkg/mod/github.com/centrifugal/centrifuge@v0.33.3/internal/dissolve/dissolve.go:31 +0x25

goroutine 75097 [chan receive]:
github.com/grafana/grafana/pkg/storage/unified/resource.(*server).initWatcher.func1.1()
	/home/mariell/work/oss/grafana/pkg/storage/unified/resource/server.go:922 +0x58
created by github.com/grafana/grafana/pkg/storage/unified/resource.(*server).initWatcher.func1 in goroutine 56145
	/home/mariell/work/oss/grafana/pkg/storage/unified/resource/server.go:921 +0xaa

goroutine 40846 [IO wait]:
internal/poll.runtime_pollWait(0x7775504ff5e0, 0x72)
	/usr/lib/go/src/runtime/netpoll.go:351 +0x85
internal/poll.(*pollDesc).wait(0xc01e884c00?, 0xc018f3e600?, 0x0)
	/usr/lib/go/src/internal/poll/fd_poll_runtime.go:84 +0x27
internal/poll.(*pollDesc).waitRead(...)
	/usr/lib/go/src/internal/poll/fd_poll_runtime.go:89
internal/poll.(*FD).Read(0xc01e884c00, {0xc018f3e600, 0x1300, 0x1300})
	/usr/lib/go/src/internal/poll/fd_unix.go:165 +0x27a
net.(*netFD).Read(0xc01e884c00, {0xc018f3e600?, 0x0?, 0x0?})
	/usr/lib/go/src/net/fd_posix.go:55 +0x25
net.(*conn).Read(0xc002420170, {0xc018f3e600?, 0x77755938af80?, 0x7775a8b298a0?})
	/usr/lib/go/src/net/net.go:194 +0x45
crypto/tls.(*atLeastReader).Read(0xc008ca5788, {0xc018f3e600?, 0x0?, 0x0?})
	/usr/lib/go/src/crypto/tls/conn.go:809 +0x3b
bytes.(*Buffer).ReadFrom(0xc01ce9d7b8, {0xa94e300, 0xc008ca5788})
	/usr/lib/go/src/bytes/buffer.go:211 +0x98
crypto/tls.(*Conn).readFromUntil(0xc01ce9d508, {0xa94dc00, 0xc002420170}, 0x444af4?)
	/usr/lib/go/src/crypto/tls/conn.go:831 +0xde
crypto/tls.(*Conn).readRecordOrCCS(0xc01ce9d508, 0x0)
	/usr/lib/go/src/crypto/tls/conn.go:629 +0x3cf
crypto/tls.(*Conn).readRecord(...)
	/usr/lib/go/src/crypto/tls/conn.go:591
crypto/tls.(*Conn).Read(0xc01ce9d508, {0xc01e62a000, 0x1000, 0x7775a8b298a0?})
	/usr/lib/go/src/crypto/tls/conn.go:1385 +0x145
net/http.(*persistConn).Read(0xc010ab85a0, {0xc01e62a000?, 0x4141c5?, 0x68?})
	/usr/lib/go/src/net/http/transport.go:2122 +0x47
bufio.(*Reader).fill(0xc01e609bc0)
	/usr/lib/go/src/bufio/bufio.go:113 +0x103
bufio.(*Reader).Peek(0xc01e609bc0, 0x1)
	/usr/lib/go/src/bufio/bufio.go:152 +0x53
net/http.(*persistConn).readLoop(0xc010ab85a0)
	/usr/lib/go/src/net/http/transport.go:2275 +0x172
created by net/http.(*Transport).dialConn in goroutine 40828
	/usr/lib/go/src/net/http/transport.go:1944 +0x174f

goroutine 44038 [chan receive]:
github.com/grafana/grafana/pkg/registry/apis/dashboard/legacy.(*dashboardSqlAccess).WatchWriteEvents.func1()
	/home/mariell/work/oss/grafana/pkg/registry/apis/dashboard/legacy/storage.go:238 +0x50
created by github.com/grafana/grafana/pkg/registry/apis/dashboard/legacy.(*dashboardSqlAccess).WatchWriteEvents in goroutine 42497
	/home/mariell/work/oss/grafana/pkg/registry/apis/dashboard/legacy/storage.go:236 +0x1b6

goroutine 78023 [runnable]:
github.com/centrifugal/centrifuge/internal/dissolve.(*Dissolver).Run.gowrap1()
	/home/mariell/go/pkg/mod/github.com/centrifugal/centrifuge@v0.33.3/internal/dissolve/dissolve.go:31
runtime.goexit({})
	/usr/lib/go/src/runtime/asm_amd64.s:1700 +0x1
created by github.com/centrifugal/centrifuge/internal/dissolve.(*Dissolver).Run in goroutine 3350
	/home/mariell/go/pkg/mod/github.com/centrifugal/centrifuge@v0.33.3/internal/dissolve/dissolve.go:31 +0x25

goroutine 40945 [IO wait]:
internal/poll.runtime_pollWait(0x7775504ff810, 0x72)
	/usr/lib/go/src/runtime/netpoll.go:351 +0x85
internal/poll.(*pollDesc).wait(0xc01e48c580?, 0xc00cb9e000?, 0x0)
	/usr/lib/go/src/internal/poll/fd_poll_runtime.go:84 +0x27
internal/poll.(*pollDesc).waitRead(...)
	/usr/lib/go/src/internal/poll/fd_poll_runtime.go:89
internal/poll.(*FD).Read(0xc01e48c580, {0xc00cb9e000, 0x1300, 0x1300})
	/usr/lib/go/src/internal/poll/fd_unix.go:165 +0x27a
net.(*netFD).Read(0xc01e48c580, {0xc00cb9e000?, 0x5?, 0x5?})
	/usr/lib/go/src/net/fd_posix.go:55 +0x25
net.(*conn).Read(0xc002420090, {0xc00cb9e000?, 0x77755819f128?, 0x7775a8b2b038?})
	/usr/lib/go/src/net/net.go:194 +0x45
crypto/tls.(*atLeastReader).Read(0xc0144646f0, {0xc00cb9e000?, 0x11abda20?, 0xc00c3979c8?})
	/usr/lib/go/src/crypto/tls/conn.go:809 +0x3b
bytes.(*Buffer).ReadFrom(0xc01ce40d38, {0xa94e300, 0xc0144646f0})
	/usr/lib/go/src/bytes/buffer.go:211 +0x98
crypto/tls.(*Conn).readFromUntil(0xc01ce40a88, {0xa94dc00, 0xc002420090}, 0x444af4?)
	/usr/lib/go/src/crypto/tls/conn.go:831 +0xde
crypto/tls.(*Conn).readRecordOrCCS(0xc01ce40a88, 0x0)
	/usr/lib/go/src/crypto/tls/conn.go:629 +0x3cf
crypto/tls.(*Conn).readRecord(...)
	/usr/lib/go/src/crypto/tls/conn.go:591
crypto/tls.(*Conn).Read(0xc01ce40a88, {0xc01e8ab000, 0x1000, 0xc01f56d5f0?})
	/usr/lib/go/src/crypto/tls/conn.go:1385 +0x145
net/http.(*persistConn).Read(0xc00c3a4fc0, {0xc01e8ab000?, 0x81fe45?, 0xa94be80?})
	/usr/lib/go/src/net/http/transport.go:2122 +0x47
bufio.(*Reader).fill(0xc01e8a79e0)
	/usr/lib/go/src/bufio/bufio.go:113 +0x103
bufio.(*Reader).Peek(0xc01e8a79e0, 0x1)
	/usr/lib/go/src/bufio/bufio.go:152 +0x53
net/http.(*persistConn).readLoop(0xc00c3a4fc0)
	/usr/lib/go/src/net/http/transport.go:2275 +0x172
created by net/http.(*Transport).dialConn in goroutine 42295
	/usr/lib/go/src/net/http/transport.go:1944 +0x174f

goroutine 43625 [sync.Cond.Wait]:
sync.runtime_notifyListWait(0xc00d19c890, 0x10)
	/usr/lib/go/src/runtime/sema.go:597 +0x159
sync.(*Cond).Wait(0xc0147407d0?)
	/usr/lib/go/src/sync/cond.go:71 +0x85
github.com/centrifugal/centrifuge/internal/dissolve.(*queueImpl).Wait(0xc015e6a930)
	/home/mariell/go/pkg/mod/github.com/centrifugal/centrifuge@v0.33.3/internal/dissolve/queue.go:139 +0x4a
github.com/centrifugal/centrifuge/internal/dissolve.(*Dissolver).runWorker(0xc0132189d8)
	/home/mariell/go/pkg/mod/github.com/centrifugal/centrifuge@v0.33.3/internal/dissolve/dissolve.go:52 +0x27
created by github.com/centrifugal/centrifuge/internal/dissolve.(*Dissolver).Run in goroutine 42495
	/home/mariell/go/pkg/mod/github.com/centrifugal/centrifuge@v0.33.3/internal/dissolve/dissolve.go:31 +0x25

goroutine 43631 [sync.Cond.Wait]:
sync.runtime_notifyListWait(0xc00d19c890, 0x16)
	/usr/lib/go/src/runtime/sema.go:597 +0x159
sync.(*Cond).Wait(0x0?)
	/usr/lib/go/src/sync/cond.go:71 +0x85
github.com/centrifugal/centrifuge/internal/dissolve.(*queueImpl).Wait(0xc015e6a930)
	/home/mariell/go/pkg/mod/github.com/centrifugal/centrifuge@v0.33.3/internal/dissolve/queue.go:139 +0x4a
github.com/centrifugal/centrifuge/internal/dissolve.(*Dissolver).runWorker(0xc0132189d8)
	/home/mariell/go/pkg/mod/github.com/centrifugal/centrifuge@v0.33.3/internal/dissolve/dissolve.go:52 +0x27
created by github.com/centrifugal/centrifuge/internal/dissolve.(*Dissolver).Run in goroutine 42495
	/home/mariell/go/pkg/mod/github.com/centrifugal/centrifuge@v0.33.3/internal/dissolve/dissolve.go:31 +0x25

goroutine 46817 [select]:
github.com/patrickmn/go-cache.(*janitor).Run(0xc01d6c4840, 0xc014f368c0)
	/home/mariell/go/pkg/mod/github.com/patrickmn/go-cache@v2.1.0+incompatible/cache.go:1079 +0x7b
created by github.com/patrickmn/go-cache.runJanitor in goroutine 45402
	/home/mariell/go/pkg/mod/github.com/patrickmn/go-cache@v2.1.0+incompatible/cache.go:1099 +0xdb

goroutine 43635 [sync.Cond.Wait]:
sync.runtime_notifyListWait(0xc00d19c890, 0x1d)
	/usr/lib/go/src/runtime/sema.go:597 +0x159
sync.(*Cond).Wait(0xc01e881270?)
	/usr/lib/go/src/sync/cond.go:71 +0x85
github.com/centrifugal/centrifuge/internal/dissolve.(*queueImpl).Wait(0xc015e6a930)
	/home/mariell/go/pkg/mod/github.com/centrifugal/centrifuge@v0.33.3/internal/dissolve/queue.go:139 +0x4a
github.com/centrifugal/centrifuge/internal/dissolve.(*Dissolver).runWorker(0xc0132189d8)
	/home/mariell/go/pkg/mod/github.com/centrifugal/centrifuge@v0.33.3/internal/dissolve/dissolve.go:52 +0x27
created by github.com/centrifugal/centrifuge/internal/dissolve.(*Dissolver).Run in goroutine 42495
	/home/mariell/go/pkg/mod/github.com/centrifugal/centrifuge@v0.33.3/internal/dissolve/dissolve.go:31 +0x25

goroutine 43867 [IO wait]:
internal/poll.runtime_pollWait(0x7775504fef50, 0x72)
	/usr/lib/go/src/runtime/netpoll.go:351 +0x85
internal/poll.(*pollDesc).wait(0xc016580300?, 0xc023b20600?, 0x0)
	/usr/lib/go/src/internal/poll/fd_poll_runtime.go:84 +0x27
internal/poll.(*pollDesc).waitRead(...)
	/usr/lib/go/src/internal/poll/fd_poll_runtime.go:89
internal/poll.(*FD).Read(0xc016580300, {0xc023b20600, 0x1300, 0x1300})
	/usr/lib/go/src/internal/poll/fd_unix.go:165 +0x27a
net.(*netFD).Read(0xc016580300, {0xc023b20600?, 0x0?, 0x1c014016300?})
	/usr/lib/go/src/net/fd_posix.go:55 +0x25
net.(*conn).Read(0xc01b33a4d0, {0xc023b20600?, 0x777558fc22a0?, 0x7775a8b298a0?})
	/usr/lib/go/src/net/net.go:194 +0x45
crypto/tls.(*atLeastReader).Read(0xc003da87b0, {0xc023b20600?, 0x4247a5?, 0x0?})
	/usr/lib/go/src/crypto/tls/conn.go:809 +0x3b
bytes.(*Buffer).ReadFrom(0xc01b3010b8, {0xa94e300, 0xc003da87b0})
	/usr/lib/go/src/bytes/buffer.go:211 +0x98
crypto/tls.(*Conn).readFromUntil(0xc01b300e08, {0xa94dc00, 0xc01b33a4d0}, 0x444af4?)
	/usr/lib/go/src/crypto/tls/conn.go:831 +0xde
crypto/tls.(*Conn).readRecordOrCCS(0xc01b300e08, 0x0)
	/usr/lib/go/src/crypto/tls/conn.go:629 +0x3cf
crypto/tls.(*Conn).readRecord(...)
	/usr/lib/go/src/crypto/tls/conn.go:591
crypto/tls.(*Conn).Read(0xc01b300e08, {0xc0164c3000, 0x1000, 0x7775a8b298a0?})
	/usr/lib/go/src/crypto/tls/conn.go:1385 +0x145
net/http.(*persistConn).Read(0xc02559c5a0, {0xc0164c3000?, 0x4141c5?, 0x68?})
	/usr/lib/go/src/net/http/transport.go:2122 +0x47
bufio.(*Reader).fill(0xc01999db00)
	/usr/lib/go/src/bufio/bufio.go:113 +0x103
bufio.(*Reader).Peek(0xc01999db00, 0x1)
	/usr/lib/go/src/bufio/bufio.go:152 +0x53
net/http.(*persistConn).readLoop(0xc02559c5a0)
	/usr/lib/go/src/net/http/transport.go:2275 +0x172
created by net/http.(*Transport).dialConn in goroutine 43877
	/usr/lib/go/src/net/http/transport.go:1944 +0x174f

goroutine 43626 [sync.Cond.Wait]:
sync.runtime_notifyListWait(0xc00d19c890, 0x1)
	/usr/lib/go/src/runtime/sema.go:597 +0x159
sync.(*Cond).Wait(0x0?)
	/usr/lib/go/src/sync/cond.go:71 +0x85
github.com/centrifugal/centrifuge/internal/dissolve.(*queueImpl).Wait(0xc015e6a930)
	/home/mariell/go/pkg/mod/github.com/centrifugal/centrifuge@v0.33.3/internal/dissolve/queue.go:139 +0x4a
github.com/centrifugal/centrifuge/internal/dissolve.(*Dissolver).runWorker(0xc0132189d8)
	/home/mariell/go/pkg/mod/github.com/centrifugal/centrifuge@v0.33.3/internal/dissolve/dissolve.go:52 +0x27
created by github.com/centrifugal/centrifuge/internal/dissolve.(*Dissolver).Run in goroutine 42495
	/home/mariell/go/pkg/mod/github.com/centrifugal/centrifuge@v0.33.3/internal/dissolve/dissolve.go:31 +0x25

goroutine 58905 [sync.Cond.Wait]:
sync.runtime_notifyListWait(0xc01f861010, 0x21)
	/usr/lib/go/src/runtime/sema.go:597 +0x159
sync.(*Cond).Wait(0x0?)
	/usr/lib/go/src/sync/cond.go:71 +0x85
github.com/centrifugal/centrifuge/internal/dissolve.(*queueImpl).Wait(0xc01921b6c0)
	/home/mariell/go/pkg/mod/github.com/centrifugal/centrifuge@v0.33.3/internal/dissolve/queue.go:139 +0x4a
github.com/centrifugal/centrifuge/internal/dissolve.(*Dissolver).runWorker(0xc0243b2a20)
	/home/mariell/go/pkg/mod/github.com/centrifugal/centrifuge@v0.33.3/internal/dissolve/dissolve.go:52 +0x27
created by github.com/centrifugal/centrifuge/internal/dissolve.(*Dissolver).Run in goroutine 57831
	/home/mariell/go/pkg/mod/github.com/centrifugal/centrifuge@v0.33.3/internal/dissolve/dissolve.go:31 +0x25

goroutine 42296 [select]:
go.opentelemetry.io/otel/sdk/trace.(*batchSpanProcessor).processQueue(0xc022dc7b80)
	/home/mariell/go/pkg/mod/go.opentelemetry.io/otel/sdk@v1.34.0/trace/batch_span_processor.go:302 +0x114
go.opentelemetry.io/otel/sdk/trace.NewBatchSpanProcessor.func1()
	/home/mariell/go/pkg/mod/go.opentelemetry.io/otel/sdk@v1.34.0/trace/batch_span_processor.go:117 +0x4e
created by go.opentelemetry.io/otel/sdk/trace.NewBatchSpanProcessor in goroutine 40816
	/home/mariell/go/pkg/mod/go.opentelemetry.io/otel/sdk@v1.34.0/trace/batch_span_processor.go:115 +0x2d9

goroutine 43639 [sync.Cond.Wait]:
sync.runtime_notifyListWait(0xc00d19c890, 0x21)
	/usr/lib/go/src/runtime/sema.go:597 +0x159
sync.(*Cond).Wait(0xc021b79fd0?)
	/usr/lib/go/src/sync/cond.go:71 +0x85
github.com/centrifugal/centrifuge/internal/dissolve.(*queueImpl).Wait(0xc015e6a930)
	/home/mariell/go/pkg/mod/github.com/centrifugal/centrifuge@v0.33.3/internal/dissolve/queue.go:139 +0x4a
github.com/centrifugal/centrifuge/internal/dissolve.(*Dissolver).runWorker(0xc0132189d8)
	/home/mariell/go/pkg/mod/github.com/centrifugal/centrifuge@v0.33.3/internal/dissolve/dissolve.go:52 +0x27
created by github.com/centrifugal/centrifuge/internal/dissolve.(*Dissolver).Run in goroutine 42495
	/home/mariell/go/pkg/mod/github.com/centrifugal/centrifuge@v0.33.3/internal/dissolve/dissolve.go:31 +0x25

goroutine 52852 [sync.Cond.Wait]:
sync.runtime_notifyListWait(0xc0301d0dd0, 0x10)
	/usr/lib/go/src/runtime/sema.go:597 +0x159
sync.(*Cond).Wait(0x0?)
	/usr/lib/go/src/sync/cond.go:71 +0x85
github.com/centrifugal/centrifuge/internal/dissolve.(*queueImpl).Wait(0xc030230380)
	/home/mariell/go/pkg/mod/github.com/centrifugal/centrifuge@v0.33.3/internal/dissolve/queue.go:139 +0x4a
github.com/centrifugal/centrifuge/internal/dissolve.(*Dissolver).runWorker(0xc008ba75c0)
	/home/mariell/go/pkg/mod/github.com/centrifugal/centrifuge@v0.33.3/internal/dissolve/dissolve.go:52 +0x27
created by github.com/centrifugal/centrifuge/internal/dissolve.(*Dissolver).Run in goroutine 51765
	/home/mariell/go/pkg/mod/github.com/centrifugal/centrifuge@v0.33.3/internal/dissolve/dissolve.go:31 +0x25

goroutine 50178 [select]:
net/http.(*persistConn).writeLoop(0xc01a1c8900)
	/usr/lib/go/src/net/http/transport.go:2590 +0xe7
created by net/http.(*Transport).dialConn in goroutine 50153
	/usr/lib/go/src/net/http/transport.go:1945 +0x17a5

goroutine 59362 [select]:
k8s.io/apimachinery/pkg/util/wait.BackoffUntil(0xc01bab5d40, {0xa95ac00, 0xc00dd722d0}, 0x1, 0xc00e55be30)
	/home/mariell/go/pkg/mod/k8s.io/apimachinery@v0.32.1/pkg/util/wait/backoff.go:238 +0x12c
k8s.io/apimachinery/pkg/util/wait.JitterUntil(0xc01bab5d40, 0x3b9aca00, 0x3ff3333333333333, 0x1, 0xc00e55be30)
	/home/mariell/go/pkg/mod/k8s.io/apimachinery@v0.32.1/pkg/util/wait/backoff.go:204 +0x7f
created by k8s.io/apiserver/pkg/registry/generic/registry.(*Store).startObservingCount in goroutine 58731
	/home/mariell/go/pkg/mod/k8s.io/apiserver@v0.32.1/pkg/registry/generic/registry/store.go:1666 +0x2f9

goroutine 56312 [chan receive (nil chan)]:
k8s.io/apiserver/pkg/server.preparedGenericAPIServer.RunWithContext({0x10212da?}, {0xa9d1d00, 0xc008bd0140})
	/home/mariell/go/pkg/mod/k8s.io/apiserver@v0.32.1/pkg/server/genericapiserver.go:710 +0x9c5
github.com/grafana/grafana/pkg/services/apiserver.(*service).startCoreServer.func1()
	/home/mariell/work/oss/grafana/pkg/services/apiserver/service.go:448 +0x28
created by github.com/grafana/grafana/pkg/services/apiserver.(*service).startCoreServer in goroutine 54599
	/home/mariell/work/oss/grafana/pkg/services/apiserver/service.go:447 +0x125

goroutine 51560 [select]:
net/http.(*persistConn).writeLoop(0xc0224d8a20)
	/usr/lib/go/src/net/http/transport.go:2590 +0xe7
created by net/http.(*Transport).dialConn in goroutine 51963
	/usr/lib/go/src/net/http/transport.go:1945 +0x17a5

goroutine 56310 [select]:
k8s.io/apimachinery/pkg/util/wait.BackoffUntil(0xc00fec9e80, {0xa95ac00, 0xc0111108d0}, 0x1, 0xc005096c40)
	/home/mariell/go/pkg/mod/k8s.io/apimachinery@v0.32.1/pkg/util/wait/backoff.go:238 +0x12c
k8s.io/apimachinery/pkg/util/wait.JitterUntil(0xc00fec9e80, 0x3b9aca00, 0x3ff3333333333333, 0x1, 0xc005096c40)
	/home/mariell/go/pkg/mod/k8s.io/apimachinery@v0.32.1/pkg/util/wait/backoff.go:204 +0x7f
created by k8s.io/apiserver/pkg/registry/generic/registry.(*Store).startObservingCount in goroutine 54599
	/home/mariell/go/pkg/mod/k8s.io/apiserver@v0.32.1/pkg/registry/generic/registry/store.go:1666 +0x2f9

goroutine 56311 [select]:
k8s.io/apimachinery/pkg/util/wait.BackoffUntil(0xc00c57a180, {0xa95ac00, 0xc011110930}, 0x1, 0xc010e4ee00)
	/home/mariell/go/pkg/mod/k8s.io/apimachinery@v0.32.1/pkg/util/wait/backoff.go:238 +0x12c
k8s.io/apimachinery/pkg/util/wait.JitterUntil(0xc00c57a180, 0x3b9aca00, 0x3ff3333333333333, 0x1, 0xc010e4ee00)
	/home/mariell/go/pkg/mod/k8s.io/apimachinery@v0.32.1/pkg/util/wait/backoff.go:204 +0x7f
created by k8s.io/apiserver/pkg/registry/generic/registry.(*Store).startObservingCount in goroutine 54599
	/home/mariell/go/pkg/mod/k8s.io/apiserver@v0.32.1/pkg/registry/generic/registry/store.go:1666 +0x2f9

goroutine 43656 [sync.Cond.Wait]:
sync.runtime_notifyListWait(0xc00d19c890, 0x37)
	/usr/lib/go/src/runtime/sema.go:597 +0x159
sync.(*Cond).Wait(0x0?)
	/usr/lib/go/src/sync/cond.go:71 +0x85
github.com/centrifugal/centrifuge/internal/dissolve.(*queueImpl).Wait(0xc015e6a930)
	/home/mariell/go/pkg/mod/github.com/centrifugal/centrifuge@v0.33.3/internal/dissolve/queue.go:139 +0x4a
github.com/centrifugal/centrifuge/internal/dissolve.(*Dissolver).runWorker(0xc0132189d8)
	/home/mariell/go/pkg/mod/github.com/centrifugal/centrifuge@v0.33.3/internal/dissolve/dissolve.go:52 +0x27
created by github.com/centrifugal/centrifuge/internal/dissolve.(*Dissolver).Run in goroutine 42495
	/home/mariell/go/pkg/mod/github.com/centrifugal/centrifuge@v0.33.3/internal/dissolve/dissolve.go:31 +0x25

goroutine 51174 [select]:
github.com/grafana/grafana/pkg/storage/unified/resource.(*cache[...]).run(0xc01e070180)
	/home/mariell/work/oss/grafana/pkg/storage/unified/resource/broadcaster.go:291 +0xb0
created by github.com/grafana/grafana/pkg/storage/unified/resource.newChannelCache[...] in goroutine 50170
	/home/mariell/work/oss/grafana/pkg/storage/unified/resource/broadcaster.go:276 +0x189

goroutine 43807 [select]:
github.com/patrickmn/go-cache.(*janitor).Run(0xc014019300, 0xc00ea5f940)
	/home/mariell/go/pkg/mod/github.com/patrickmn/go-cache@v2.1.0+incompatible/cache.go:1079 +0x7b
created by github.com/patrickmn/go-cache.runJanitor in goroutine 42495
	/home/mariell/go/pkg/mod/github.com/patrickmn/go-cache@v2.1.0+incompatible/cache.go:1099 +0xdb

goroutine 43591 [select]:
github.com/centrifugal/centrifuge.(*historyHub).removeStreams(0xc015dd9c00)
	/home/mariell/go/pkg/mod/github.com/centrifugal/centrifuge@v0.33.3/broker_memory.go:259 +0x6f
created by github.com/centrifugal/centrifuge.(*historyHub).runCleanups in goroutine 42495
	/home/mariell/go/pkg/mod/github.com/centrifugal/centrifuge@v0.33.3/broker_memory.go:253 +0x96

goroutine 51318 [sync.Cond.Wait]:
sync.runtime_notifyListWait(0xc01afe9210, 0x1d)
	/usr/lib/go/src/runtime/sema.go:597 +0x159
sync.(*Cond).Wait(0x0?)
	/usr/lib/go/src/sync/cond.go:71 +0x85
github.com/centrifugal/centrifuge/internal/dissolve.(*queueImpl).Wait(0xc020f245b0)
	/home/mariell/go/pkg/mod/github.com/centrifugal/centrifuge@v0.33.3/internal/dissolve/queue.go:139 +0x4a
github.com/centrifugal/centrifuge/internal/dissolve.(*Dissolver).runWorker(0xc02834aab0)
	/home/mariell/go/pkg/mod/github.com/centrifugal/centrifuge@v0.33.3/internal/dissolve/dissolve.go:52 +0x27
created by github.com/centrifugal/centrifuge/internal/dissolve.(*Dissolver).Run in goroutine 50170
	/home/mariell/go/pkg/mod/github.com/centrifugal/centrifuge@v0.33.3/internal/dissolve/dissolve.go:31 +0x25

goroutine 43655 [sync.Cond.Wait]:
sync.runtime_notifyListWait(0xc00d19c890, 0x35)
	/usr/lib/go/src/runtime/sema.go:597 +0x159
sync.(*Cond).Wait(0x0?)
	/usr/lib/go/src/sync/cond.go:71 +0x85
github.com/centrifugal/centrifuge/internal/dissolve.(*queueImpl).Wait(0xc015e6a930)
	/home/mariell/go/pkg/mod/github.com/centrifugal/centrifuge@v0.33.3/internal/dissolve/queue.go:139 +0x4a
github.com/centrifugal/centrifuge/internal/dissolve.(*Dissolver).runWorker(0xc0132189d8)
	/home/mariell/go/pkg/mod/github.com/centrifugal/centrifuge@v0.33.3/internal/dissolve/dissolve.go:52 +0x27
created by github.com/centrifugal/centrifuge/internal/dissolve.(*Dissolver).Run in goroutine 42495
	/home/mariell/go/pkg/mod/github.com/centrifugal/centrifuge@v0.33.3/internal/dissolve/dissolve.go:31 +0x25

goroutine 51317 [sync.Cond.Wait]:
sync.runtime_notifyListWait(0xc01afe9210, 0x1c)
	/usr/lib/go/src/runtime/sema.go:597 +0x159
sync.(*Cond).Wait(0xc01e9147d0?)
	/usr/lib/go/src/sync/cond.go:71 +0x85
github.com/centrifugal/centrifuge/internal/dissolve.(*queueImpl).Wait(0xc020f245b0)
	/home/mariell/go/pkg/mod/github.com/centrifugal/centrifuge@v0.33.3/internal/dissolve/queue.go:139 +0x4a
github.com/centrifugal/centrifuge/internal/dissolve.(*Dissolver).runWorker(0xc02834aab0)
	/home/mariell/go/pkg/mod/github.com/centrifugal/centrifuge@v0.33.3/internal/dissolve/dissolve.go:52 +0x27
created by github.com/centrifugal/centrifuge/internal/dissolve.(*Dissolver).Run in goroutine 50170
	/home/mariell/go/pkg/mod/github.com/centrifugal/centrifuge@v0.33.3/internal/dissolve/dissolve.go:31 +0x25

goroutine 51316 [sync.Cond.Wait]:
sync.runtime_notifyListWait(0xc01afe9210, 0x1b)
	/usr/lib/go/src/runtime/sema.go:597 +0x159
sync.(*Cond).Wait(0xc01032f7d0?)
	/usr/lib/go/src/sync/cond.go:71 +0x85
github.com/centrifugal/centrifuge/internal/dissolve.(*queueImpl).Wait(0xc020f245b0)
	/home/mariell/go/pkg/mod/github.com/centrifugal/centrifuge@v0.33.3/internal/dissolve/queue.go:139 +0x4a
github.com/centrifugal/centrifuge/internal/dissolve.(*Dissolver).runWorker(0xc02834aab0)
	/home/mariell/go/pkg/mod/github.com/centrifugal/centrifuge@v0.33.3/internal/dissolve/dissolve.go:52 +0x27
created by github.com/centrifugal/centrifuge/internal/dissolve.(*Dissolver).Run in goroutine 50170
	/home/mariell/go/pkg/mod/github.com/centrifugal/centrifuge@v0.33.3/internal/dissolve/dissolve.go:31 +0x25

goroutine 42321 [sync.Cond.Wait]:
sync.runtime_notifyListWait(0xc00d19c890, 0x1a)
	/usr/lib/go/src/runtime/sema.go:597 +0x159
sync.(*Cond).Wait(0x0?)
	/usr/lib/go/src/sync/cond.go:71 +0x85
github.com/centrifugal/centrifuge/internal/dissolve.(*queueImpl).Wait(0xc015e6a930)
	/home/mariell/go/pkg/mod/github.com/centrifugal/centrifuge@v0.33.3/internal/dissolve/queue.go:139 +0x4a
github.com/centrifugal/centrifuge/internal/dissolve.(*Dissolver).runWorker(0xc0132189d8)
	/home/mariell/go/pkg/mod/github.com/centrifugal/centrifuge@v0.33.3/internal/dissolve/dissolve.go:52 +0x27
created by github.com/centrifugal/centrifuge/internal/dissolve.(*Dissolver).Run in goroutine 42495
	/home/mariell/go/pkg/mod/github.com/centrifugal/centrifuge@v0.33.3/internal/dissolve/dissolve.go:31 +0x25

goroutine 51302 [sync.Cond.Wait]:
sync.runtime_notifyListWait(0xc01afe9210, 0xd)
	/usr/lib/go/src/runtime/sema.go:597 +0x159
sync.(*Cond).Wait(0x0?)
	/usr/lib/go/src/sync/cond.go:71 +0x85
github.com/centrifugal/centrifuge/internal/dissolve.(*queueImpl).Wait(0xc020f245b0)
	/home/mariell/go/pkg/mod/github.com/centrifugal/centrifuge@v0.33.3/internal/dissolve/queue.go:139 +0x4a
github.com/centrifugal/centrifuge/internal/dissolve.(*Dissolver).runWorker(0xc02834aab0)
	/home/mariell/go/pkg/mod/github.com/centrifugal/centrifuge@v0.33.3/internal/dissolve/dissolve.go:52 +0x27
created by github.com/centrifugal/centrifuge/internal/dissolve.(*Dissolver).Run in goroutine 50170
	/home/mariell/go/pkg/mod/github.com/centrifugal/centrifuge@v0.33.3/internal/dissolve/dissolve.go:31 +0x25

goroutine 51315 [sync.Cond.Wait]:
sync.runtime_notifyListWait(0xc01afe9210, 0x1a)
	/usr/lib/go/src/runtime/sema.go:597 +0x159
sync.(*Cond).Wait(0x0?)
	/usr/lib/go/src/sync/cond.go:71 +0x85
github.com/centrifugal/centrifuge/internal/dissolve.(*queueImpl).Wait(0xc020f245b0)
	/home/mariell/go/pkg/mod/github.com/centrifugal/centrifuge@v0.33.3/internal/dissolve/queue.go:139 +0x4a
github.com/centrifugal/centrifuge/internal/dissolve.(*Dissolver).runWorker(0xc02834aab0)
	/home/mariell/go/pkg/mod/github.com/centrifugal/centrifuge@v0.33.3/internal/dissolve/dissolve.go:52 +0x27
created by github.com/centrifugal/centrifuge/internal/dissolve.(*Dissolver).Run in goroutine 50170
	/home/mariell/go/pkg/mod/github.com/centrifugal/centrifuge@v0.33.3/internal/dissolve/dissolve.go:31 +0x25

goroutine 51308 [sync.Cond.Wait]:
sync.runtime_notifyListWait(0xc01afe9210, 0x13)
	/usr/lib/go/src/runtime/sema.go:597 +0x159
sync.(*Cond).Wait(0x0?)
	/usr/lib/go/src/sync/cond.go:71 +0x85
github.com/centrifugal/centrifuge/internal/dissolve.(*queueImpl).Wait(0xc020f245b0)
	/home/mariell/go/pkg/mod/github.com/centrifugal/centrifuge@v0.33.3/internal/dissolve/queue.go:139 +0x4a
github.com/centrifugal/centrifuge/internal/dissolve.(*Dissolver).runWorker(0xc02834aab0)
	/home/mariell/go/pkg/mod/github.com/centrifugal/centrifuge@v0.33.3/internal/dissolve/dissolve.go:52 +0x27
created by github.com/centrifugal/centrifuge/internal/dissolve.(*Dissolver).Run in goroutine 50170
	/home/mariell/go/pkg/mod/github.com/centrifugal/centrifuge@v0.33.3/internal/dissolve/dissolve.go:31 +0x25

goroutine 46745 [sync.Cond.Wait]:
sync.runtime_notifyListWait(0xc016303990, 0x35)
	/usr/lib/go/src/runtime/sema.go:597 +0x159
sync.(*Cond).Wait(0x0?)
	/usr/lib/go/src/sync/cond.go:71 +0x85
github.com/centrifugal/centrifuge/internal/dissolve.(*queueImpl).Wait(0xc020154850)
	/home/mariell/go/pkg/mod/github.com/centrifugal/centrifuge@v0.33.3/internal/dissolve/queue.go:139 +0x4a
github.com/centrifugal/centrifuge/internal/dissolve.(*Dissolver).runWorker(0xc00b4e8b40)
	/home/mariell/go/pkg/mod/github.com/centrifugal/centrifuge@v0.33.3/internal/dissolve/dissolve.go:52 +0x27
created by github.com/centrifugal/centrifuge/internal/dissolve.(*Dissolver).Run in goroutine 45402
	/home/mariell/go/pkg/mod/github.com/centrifugal/centrifuge@v0.33.3/internal/dissolve/dissolve.go:31 +0x25

goroutine 42317 [select]:
github.com/centrifugal/centrifuge.(*Node).initMetrics.func1()
	/home/mariell/go/pkg/mod/github.com/centrifugal/centrifuge@v0.33.3/node.go:365 +0x8a
created by github.com/centrifugal/centrifuge.(*Node).initMetrics in goroutine 42495
	/home/mariell/go/pkg/mod/github.com/centrifugal/centrifuge@v0.33.3/node.go:363 +0x1f9

goroutine 56309 [select]:
k8s.io/apimachinery/pkg/util/wait.BackoffUntil(0xc00fec9d40, {0xa95ac00, 0xc00ea31b30}, 0x1, 0xc005096bd0)
	/home/mariell/go/pkg/mod/k8s.io/apimachinery@v0.32.1/pkg/util/wait/backoff.go:238 +0x12c
k8s.io/apimachinery/pkg/util/wait.JitterUntil(0xc00fec9d40, 0x3b9aca00, 0x3ff3333333333333, 0x1, 0xc005096bd0)
	/home/mariell/go/pkg/mod/k8s.io/apimachinery@v0.32.1/pkg/util/wait/backoff.go:204 +0x7f
created by k8s.io/apiserver/pkg/registry/generic/registry.(*Store).startObservingCount in goroutine 54599
	/home/mariell/go/pkg/mod/k8s.io/apiserver@v0.32.1/pkg/registry/generic/registry/store.go:1666 +0x2f9

goroutine 51307 [sync.Cond.Wait]:
sync.runtime_notifyListWait(0xc01afe9210, 0x12)
	/usr/lib/go/src/runtime/sema.go:597 +0x159
sync.(*Cond).Wait(0x0?)
	/usr/lib/go/src/sync/cond.go:71 +0x85
github.com/centrifugal/centrifuge/internal/dissolve.(*queueImpl).Wait(0xc020f245b0)
	/home/mariell/go/pkg/mod/github.com/centrifugal/centrifuge@v0.33.3/internal/dissolve/queue.go:139 +0x4a
github.com/centrifugal/centrifuge/internal/dissolve.(*Dissolver).runWorker(0xc02834aab0)
	/home/mariell/go/pkg/mod/github.com/centrifugal/centrifuge@v0.33.3/internal/dissolve/dissolve.go:52 +0x27
created by github.com/centrifugal/centrifuge/internal/dissolve.(*Dissolver).Run in goroutine 50170
	/home/mariell/go/pkg/mod/github.com/centrifugal/centrifuge@v0.33.3/internal/dissolve/dissolve.go:31 +0x25

goroutine 51294 [sync.Cond.Wait]:
sync.runtime_notifyListWait(0xc01afe9210, 0x5)
	/usr/lib/go/src/runtime/sema.go:597 +0x159
sync.(*Cond).Wait(0x0?)
	/usr/lib/go/src/sync/cond.go:71 +0x85
github.com/centrifugal/centrifuge/internal/dissolve.(*queueImpl).Wait(0xc020f245b0)
	/home/mariell/go/pkg/mod/github.com/centrifugal/centrifuge@v0.33.3/internal/dissolve/queue.go:139 +0x4a
github.com/centrifugal/centrifuge/internal/dissolve.(*Dissolver).runWorker(0xc02834aab0)
	/home/mariell/go/pkg/mod/github.com/centrifugal/centrifuge@v0.33.3/internal/dissolve/dissolve.go:52 +0x27
created by github.com/centrifugal/centrifuge/internal/dissolve.(*Dissolver).Run in goroutine 50170
	/home/mariell/go/pkg/mod/github.com/centrifugal/centrifuge@v0.33.3/internal/dissolve/dissolve.go:31 +0x25

goroutine 51309 [sync.Cond.Wait]:
sync.runtime_notifyListWait(0xc01afe9210, 0x14)
	/usr/lib/go/src/runtime/sema.go:597 +0x159
sync.(*Cond).Wait(0xc01ad2f7d0?)
	/usr/lib/go/src/sync/cond.go:71 +0x85
github.com/centrifugal/centrifuge/internal/dissolve.(*queueImpl).Wait(0xc020f245b0)
	/home/mariell/go/pkg/mod/github.com/centrifugal/centrifuge@v0.33.3/internal/dissolve/queue.go:139 +0x4a
github.com/centrifugal/centrifuge/internal/dissolve.(*Dissolver).runWorker(0xc02834aab0)
	/home/mariell/go/pkg/mod/github.com/centrifugal/centrifuge@v0.33.3/internal/dissolve/dissolve.go:52 +0x27
created by github.com/centrifugal/centrifuge/internal/dissolve.(*Dissolver).Run in goroutine 50170
	/home/mariell/go/pkg/mod/github.com/centrifugal/centrifuge@v0.33.3/internal/dissolve/dissolve.go:31 +0x25

goroutine 56308 [select]:
k8s.io/apimachinery/pkg/util/wait.BackoffUntil(0xc00fec9bc0, {0xa95ac00, 0xc011110840}, 0x1, 0xc005096b60)
	/home/mariell/go/pkg/mod/k8s.io/apimachinery@v0.32.1/pkg/util/wait/backoff.go:238 +0x12c
k8s.io/apimachinery/pkg/util/wait.JitterUntil(0xc00fec9bc0, 0x3b9aca00, 0x3ff3333333333333, 0x1, 0xc005096b60)
	/home/mariell/go/pkg/mod/k8s.io/apimachinery@v0.32.1/pkg/util/wait/backoff.go:204 +0x7f
created by k8s.io/apiserver/pkg/registry/generic/registry.(*Store).startObservingCount in goroutine 54599
	/home/mariell/go/pkg/mod/k8s.io/apiserver@v0.32.1/pkg/registry/generic/registry/store.go:1666 +0x2f9

goroutine 56307 [select]:
k8s.io/apimachinery/pkg/util/wait.BackoffUntil(0xc02523d0c0, {0xa95ac00, 0xc00ea31b00}, 0x1, 0xc0054dfe30)
	/home/mariell/go/pkg/mod/k8s.io/apimachinery@v0.32.1/pkg/util/wait/backoff.go:238 +0x12c
k8s.io/apimachinery/pkg/util/wait.JitterUntil(0xc02523d0c0, 0x3b9aca00, 0x3ff3333333333333, 0x1, 0xc0054dfe30)
	/home/mariell/go/pkg/mod/k8s.io/apimachinery@v0.32.1/pkg/util/wait/backoff.go:204 +0x7f
created by k8s.io/apiserver/pkg/registry/generic/registry.(*Store).startObservingCount in goroutine 54599
	/home/mariell/go/pkg/mod/k8s.io/apiserver@v0.32.1/pkg/registry/generic/registry/store.go:1666 +0x2f9

goroutine 51314 [sync.Cond.Wait]:
sync.runtime_notifyListWait(0xc01afe9210, 0x19)
	/usr/lib/go/src/runtime/sema.go:597 +0x159
sync.(*Cond).Wait(0x0?)
	/usr/lib/go/src/sync/cond.go:71 +0x85
github.com/centrifugal/centrifuge/internal/dissolve.(*queueImpl).Wait(0xc020f245b0)
	/home/mariell/go/pkg/mod/github.com/centrifugal/centrifuge@v0.33.3/internal/dissolve/queue.go:139 +0x4a
github.com/centrifugal/centrifuge/internal/dissolve.(*Dissolver).runWorker(0xc02834aab0)
	/home/mariell/go/pkg/mod/github.com/centrifugal/centrifuge@v0.33.3/internal/dissolve/dissolve.go:52 +0x27
created by github.com/centrifugal/centrifuge/internal/dissolve.(*Dissolver).Run in goroutine 50170
	/home/mariell/go/pkg/mod/github.com/centrifugal/centrifuge@v0.33.3/internal/dissolve/dissolve.go:31 +0x25

goroutine 51072 [select]:
github.com/grafana/grafana/pkg/storage/unified/resource.(*broadcaster[...]).stream(0xab113a0, 0xc02787cd90)
	/home/mariell/work/oss/grafana/pkg/storage/unified/resource/broadcaster.go:205 +0x13d
created by github.com/grafana/grafana/pkg/storage/unified/resource.(*broadcaster[...]).init in goroutine 53139
	/home/mariell/work/oss/grafana/pkg/storage/unified/resource/broadcaster.go:177 +0x219

goroutine 46818 [select]:
github.com/patrickmn/go-cache.(*janitor).Run(0xc01d6c4a30, 0xc014f36980)
	/home/mariell/go/pkg/mod/github.com/patrickmn/go-cache@v2.1.0+incompatible/cache.go:1079 +0x7b
created by github.com/patrickmn/go-cache.runJanitor in goroutine 45402
	/home/mariell/go/pkg/mod/github.com/patrickmn/go-cache@v2.1.0+incompatible/cache.go:1099 +0xdb

goroutine 43590 [select]:
github.com/centrifugal/centrifuge.(*historyHub).expireStreams(0xc015dd9c00)
	/home/mariell/go/pkg/mod/github.com/centrifugal/centrifuge@v0.33.3/broker_memory.go:298 +0x75
created by github.com/centrifugal/centrifuge.(*historyHub).runCleanups in goroutine 42495
	/home/mariell/go/pkg/mod/github.com/centrifugal/centrifuge@v0.33.3/broker_memory.go:252 +0x56

goroutine 49589 [select]:
github.com/patrickmn/go-cache.(*janitor).Run(0xc023580ee0, 0xc0234e57c0)
	/home/mariell/go/pkg/mod/github.com/patrickmn/go-cache@v2.1.0+incompatible/cache.go:1079 +0x7b
created by github.com/patrickmn/go-cache.runJanitor in goroutine 48632
	/home/mariell/go/pkg/mod/github.com/patrickmn/go-cache@v2.1.0+incompatible/cache.go:1099 +0xdb

goroutine 46715 [sync.Cond.Wait]:
sync.runtime_notifyListWait(0xc016303990, 0x1a)
	/usr/lib/go/src/runtime/sema.go:597 +0x159
sync.(*Cond).Wait(0x0?)
	/usr/lib/go/src/sync/cond.go:71 +0x85
github.com/centrifugal/centrifuge/internal/dissolve.(*queueImpl).Wait(0xc020154850)
	/home/mariell/go/pkg/mod/github.com/centrifugal/centrifuge@v0.33.3/internal/dissolve/queue.go:139 +0x4a
github.com/centrifugal/centrifuge/internal/dissolve.(*Dissolver).runWorker(0xc00b4e8b40)
	/home/mariell/go/pkg/mod/github.com/centrifugal/centrifuge@v0.33.3/internal/dissolve/dissolve.go:52 +0x27
created by github.com/centrifugal/centrifuge/internal/dissolve.(*Dissolver).Run in goroutine 45402
	/home/mariell/go/pkg/mod/github.com/centrifugal/centrifuge@v0.33.3/internal/dissolve/dissolve.go:31 +0x25

goroutine 43659 [sync.Cond.Wait]:
sync.runtime_notifyListWait(0xc00d19c890, 0x33)
	/usr/lib/go/src/runtime/sema.go:597 +0x159
sync.(*Cond).Wait(0x0?)
	/usr/lib/go/src/sync/cond.go:71 +0x85
github.com/centrifugal/centrifuge/internal/dissolve.(*queueImpl).Wait(0xc015e6a930)
	/home/mariell/go/pkg/mod/github.com/centrifugal/centrifuge@v0.33.3/internal/dissolve/queue.go:139 +0x4a
github.com/centrifugal/centrifuge/internal/dissolve.(*Dissolver).runWorker(0xc0132189d8)
	/home/mariell/go/pkg/mod/github.com/centrifugal/centrifuge@v0.33.3/internal/dissolve/dissolve.go:52 +0x27
created by github.com/centrifugal/centrifuge/internal/dissolve.(*Dissolver).Run in goroutine 42495
	/home/mariell/go/pkg/mod/github.com/centrifugal/centrifuge@v0.33.3/internal/dissolve/dissolve.go:31 +0x25

goroutine 56319 [chan receive (nil chan)]:
k8s.io/apiserver/pkg/server.preparedGenericAPIServer.RunWithContext.func5()
	/home/mariell/go/pkg/mod/k8s.io/apiserver@v0.32.1/pkg/server/genericapiserver.go:598 +0x37
created by k8s.io/apiserver/pkg/server.preparedGenericAPIServer.RunWithContext in goroutine 56312
	/home/mariell/go/pkg/mod/k8s.io/apiserver@v0.32.1/pkg/server/genericapiserver.go:597 +0x60b

goroutine 55895 [sync.Cond.Wait]:
sync.runtime_notifyListWait(0xc022793e10, 0x1a)
	/usr/lib/go/src/runtime/sema.go:597 +0x159
sync.(*Cond).Wait(0xc014f407e0?)
	/usr/lib/go/src/sync/cond.go:71 +0x85
github.com/centrifugal/centrifuge/internal/dissolve.(*queueImpl).Wait(0xc01100c540)
	/home/mariell/go/pkg/mod/github.com/centrifugal/centrifuge@v0.33.3/internal/dissolve/queue.go:139 +0x4a
github.com/centrifugal/centrifuge/internal/dissolve.(*Dissolver).runWorker(0xc02431b8f0)
	/home/mariell/go/pkg/mod/github.com/centrifugal/centrifuge@v0.33.3/internal/dissolve/dissolve.go:52 +0x27
created by github.com/centrifugal/centrifuge/internal/dissolve.(*Dissolver).Run in goroutine 54803
	/home/mariell/go/pkg/mod/github.com/centrifugal/centrifuge@v0.33.3/internal/dissolve/dissolve.go:31 +0x25

goroutine 45532 [IO wait]:
internal/poll.runtime_pollWait(0x77755073a170, 0x72)
	/usr/lib/go/src/runtime/netpoll.go:351 +0x85
internal/poll.(*pollDesc).wait(0xc02193a380?, 0xc023b22c00?, 0x0)
	/usr/lib/go/src/internal/poll/fd_poll_runtime.go:84 +0x27
internal/poll.(*pollDesc).waitRead(...)
	/usr/lib/go/src/internal/poll/fd_poll_runtime.go:89
internal/poll.(*FD).Read(0xc02193a380, {0xc023b22c00, 0x1300, 0x1300})
	/usr/lib/go/src/internal/poll/fd_unix.go:165 +0x27a
net.(*netFD).Read(0xc02193a380, {0xc023b22c00?, 0x5?, 0x5?})
	/usr/lib/go/src/net/fd_posix.go:55 +0x25
net.(*conn).Read(0xc010a02038, {0xc023b22c00?, 0x77755911a888?, 0x7775a8b2b038?})
	/usr/lib/go/src/net/net.go:194 +0x45
crypto/tls.(*atLeastReader).Read(0xc008795e60, {0xc023b22c00?, 0x11abda20?, 0xc02068e9c8?})
	/usr/lib/go/src/crypto/tls/conn.go:809 +0x3b
bytes.(*Buffer).ReadFrom(0xc026ace2b8, {0xa94e300, 0xc008795e60})
	/usr/lib/go/src/bytes/buffer.go:211 +0x98
crypto/tls.(*Conn).readFromUntil(0xc026ace008, {0xa94dc00, 0xc010a02038}, 0x444af4?)
	/usr/lib/go/src/crypto/tls/conn.go:831 +0xde
crypto/tls.(*Conn).readRecordOrCCS(0xc026ace008, 0x0)
	/usr/lib/go/src/crypto/tls/conn.go:629 +0x3cf
crypto/tls.(*Conn).readRecord(...)
	/usr/lib/go/src/crypto/tls/conn.go:591
crypto/tls.(*Conn).Read(0xc026ace008, {0xc02079f000, 0x1000, 0xc01764f3b0?})
	/usr/lib/go/src/crypto/tls/conn.go:1385 +0x145
net/http.(*persistConn).Read(0xc01a0ca360, {0xc02079f000?, 0x81fe45?, 0xa94be80?})
	/usr/lib/go/src/net/http/transport.go:2122 +0x47
bufio.(*Reader).fill(0xc02727ac00)
	/usr/lib/go/src/bufio/bufio.go:113 +0x103
bufio.(*Reader).Peek(0xc02727ac00, 0x1)
	/usr/lib/go/src/bufio/bufio.go:152 +0x53
net/http.(*persistConn).readLoop(0xc01a0ca360)
	/usr/lib/go/src/net/http/transport.go:2275 +0x172
created by net/http.(*Transport).dialConn in goroutine 46980
	/usr/lib/go/src/net/http/transport.go:1944 +0x174f

goroutine 47359 [IO wait]:
internal/poll.runtime_pollWait(0x7775505011f8, 0x72)
	/usr/lib/go/src/runtime/netpoll.go:351 +0x85
internal/poll.(*pollDesc).wait(0xc02bb4c880?, 0xc0244ac000?, 0x0)
	/usr/lib/go/src/internal/poll/fd_poll_runtime.go:84 +0x27
internal/poll.(*pollDesc).waitRead(...)
	/usr/lib/go/src/internal/poll/fd_poll_runtime.go:89
internal/poll.(*FD).Read(0xc02bb4c880, {0xc0244ac000, 0xa000, 0xa000})
	/usr/lib/go/src/internal/poll/fd_unix.go:165 +0x27a
net.(*netFD).Read(0xc02bb4c880, {0xc0244ac000?, 0xc0244ac000?, 0x5?})
	/usr/lib/go/src/net/fd_posix.go:55 +0x25
net.(*conn).Read(0xc00830a320, {0xc0244ac000?, 0x7775501a02d0?, 0x7775a8b2b038?})
	/usr/lib/go/src/net/net.go:194 +0x45
crypto/tls.(*atLeastReader).Read(0xc0288e7740, {0xc0244ac000?, 0x9ffb?, 0x0?})
	/usr/lib/go/src/crypto/tls/conn.go:809 +0x3b
bytes.(*Buffer).ReadFrom(0xc0235da2b8, {0xa94e300, 0xc0288e7740})
	/usr/lib/go/src/bytes/buffer.go:211 +0x98
crypto/tls.(*Conn).readFromUntil(0xc0235da008, {0xa94dc00, 0xc00830a320}, 0x444af4?)
	/usr/lib/go/src/crypto/tls/conn.go:831 +0xde
crypto/tls.(*Conn).readRecordOrCCS(0xc0235da008, 0x0)
	/usr/lib/go/src/crypto/tls/conn.go:629 +0x3cf
crypto/tls.(*Conn).readRecord(...)
	/usr/lib/go/src/crypto/tls/conn.go:591
crypto/tls.(*Conn).Read(0xc0235da008, {0xc0235ef000, 0x1000, 0xc02b6d0d20?})
	/usr/lib/go/src/crypto/tls/conn.go:1385 +0x145
net/http.(*persistConn).Read(0xc02a4b4000, {0xc0235ef000?, 0x81fe45?, 0xa94be80?})
	/usr/lib/go/src/net/http/transport.go:2122 +0x47
bufio.(*Reader).fill(0xc023ef8120)
	/usr/lib/go/src/bufio/bufio.go:113 +0x103
bufio.(*Reader).Peek(0xc023ef8120, 0x1)
	/usr/lib/go/src/bufio/bufio.go:152 +0x53
net/http.(*persistConn).readLoop(0xc02a4b4000)
	/usr/lib/go/src/net/http/transport.go:2275 +0x172
created by net/http.(*Transport).dialConn in goroutine 47352
	/usr/lib/go/src/net/http/transport.go:1944 +0x174f

goroutine 43661 [sync.Cond.Wait]:
sync.runtime_notifyListWait(0xc00d19c890, 0x3f)
	/usr/lib/go/src/runtime/sema.go:597 +0x159
sync.(*Cond).Wait(0x0?)
	/usr/lib/go/src/sync/cond.go:71 +0x85
github.com/centrifugal/centrifuge/internal/dissolve.(*queueImpl).Wait(0xc015e6a930)
	/home/mariell/go/pkg/mod/github.com/centrifugal/centrifuge@v0.33.3/internal/dissolve/queue.go:139 +0x4a
github.com/centrifugal/centrifuge/internal/dissolve.(*Dissolver).runWorker(0xc0132189d8)
	/home/mariell/go/pkg/mod/github.com/centrifugal/centrifuge@v0.33.3/internal/dissolve/dissolve.go:52 +0x27
created by github.com/centrifugal/centrifuge/internal/dissolve.(*Dissolver).Run in goroutine 42495
	/home/mariell/go/pkg/mod/github.com/centrifugal/centrifuge@v0.33.3/internal/dissolve/dissolve.go:31 +0x25

goroutine 43640 [sync.Cond.Wait]:
sync.runtime_notifyListWait(0xc00d19c890, 0x25)
	/usr/lib/go/src/runtime/sema.go:597 +0x159
sync.(*Cond).Wait(0x0?)
	/usr/lib/go/src/sync/cond.go:71 +0x85
github.com/centrifugal/centrifuge/internal/dissolve.(*queueImpl).Wait(0xc015e6a930)
	/home/mariell/go/pkg/mod/github.com/centrifugal/centrifuge@v0.33.3/internal/dissolve/queue.go:139 +0x4a
github.com/centrifugal/centrifuge/internal/dissolve.(*Dissolver).runWorker(0xc0132189d8)
	/home/mariell/go/pkg/mod/github.com/centrifugal/centrifuge@v0.33.3/internal/dissolve/dissolve.go:52 +0x27
created by github.com/centrifugal/centrifuge/internal/dissolve.(*Dissolver).Run in goroutine 42495
	/home/mariell/go/pkg/mod/github.com/centrifugal/centrifuge@v0.33.3/internal/dissolve/dissolve.go:31 +0x25

goroutine 43644 [sync.Cond.Wait]:
sync.runtime_notifyListWait(0xc00d19c890, 0x2b)
	/usr/lib/go/src/runtime/sema.go:597 +0x159
sync.(*Cond).Wait(0xc00c7a0fd0?)
	/usr/lib/go/src/sync/cond.go:71 +0x85
github.com/centrifugal/centrifuge/internal/dissolve.(*queueImpl).Wait(0xc015e6a930)
	/home/mariell/go/pkg/mod/github.com/centrifugal/centrifuge@v0.33.3/internal/dissolve/queue.go:139 +0x4a
github.com/centrifugal/centrifuge/internal/dissolve.(*Dissolver).runWorker(0xc0132189d8)
	/home/mariell/go/pkg/mod/github.com/centrifugal/centrifuge@v0.33.3/internal/dissolve/dissolve.go:52 +0x27
created by github.com/centrifugal/centrifuge/internal/dissolve.(*Dissolver).Run in goroutine 42495
	/home/mariell/go/pkg/mod/github.com/centrifugal/centrifuge@v0.33.3/internal/dissolve/dissolve.go:31 +0x25

goroutine 46725 [sync.Cond.Wait]:
sync.runtime_notifyListWait(0xc016303990, 0x21)
	/usr/lib/go/src/runtime/sema.go:597 +0x159
sync.(*Cond).Wait(0x0?)
	/usr/lib/go/src/sync/cond.go:71 +0x85
github.com/centrifugal/centrifuge/internal/dissolve.(*queueImpl).Wait(0xc020154850)
	/home/mariell/go/pkg/mod/github.com/centrifugal/centrifuge@v0.33.3/internal/dissolve/queue.go:139 +0x4a
github.com/centrifugal/centrifuge/internal/dissolve.(*Dissolver).runWorker(0xc00b4e8b40)
	/home/mariell/go/pkg/mod/github.com/centrifugal/centrifuge@v0.33.3/internal/dissolve/dissolve.go:52 +0x27
created by github.com/centrifugal/centrifuge/internal/dissolve.(*Dissolver).Run in goroutine 45402
	/home/mariell/go/pkg/mod/github.com/centrifugal/centrifuge@v0.33.3/internal/dissolve/dissolve.go:31 +0x25

goroutine 43654 [sync.Cond.Wait]:
sync.runtime_notifyListWait(0xc00d19c890, 0x28)
	/usr/lib/go/src/runtime/sema.go:597 +0x159
sync.(*Cond).Wait(0x0?)
	/usr/lib/go/src/sync/cond.go:71 +0x85
github.com/centrifugal/centrifuge/internal/dissolve.(*queueImpl).Wait(0xc015e6a930)
	/home/mariell/go/pkg/mod/github.com/centrifugal/centrifuge@v0.33.3/internal/dissolve/queue.go:139 +0x4a
github.com/centrifugal/centrifuge/internal/dissolve.(*Dissolver).runWorker(0xc0132189d8)
	/home/mariell/go/pkg/mod/github.com/centrifugal/centrifuge@v0.33.3/internal/dissolve/dissolve.go:52 +0x27
created by github.com/centrifugal/centrifuge/internal/dissolve.(*Dissolver).Run in goroutine 42495
	/home/mariell/go/pkg/mod/github.com/centrifugal/centrifuge@v0.33.3/internal/dissolve/dissolve.go:31 +0x25

goroutine 46819 [select]:
github.com/patrickmn/go-cache.(*janitor).Run(0xc01d6c4a70, 0xc014f369c0)
	/home/mariell/go/pkg/mod/github.com/patrickmn/go-cache@v2.1.0+incompatible/cache.go:1079 +0x7b
created by github.com/patrickmn/go-cache.runJanitor in goroutine 45402
	/home/mariell/go/pkg/mod/github.com/patrickmn/go-cache@v2.1.0+incompatible/cache.go:1099 +0xdb

goroutine 52837 [sync.Cond.Wait]:
sync.runtime_notifyListWait(0xc0301d0dd0, 0x1)
	/usr/lib/go/src/runtime/sema.go:597 +0x159
sync.(*Cond).Wait(0x0?)
	/usr/lib/go/src/sync/cond.go:71 +0x85
github.com/centrifugal/centrifuge/internal/dissolve.(*queueImpl).Wait(0xc030230380)
	/home/mariell/go/pkg/mod/github.com/centrifugal/centrifuge@v0.33.3/internal/dissolve/queue.go:139 +0x4a
github.com/centrifugal/centrifuge/internal/dissolve.(*Dissolver).runWorker(0xc008ba75c0)
	/home/mariell/go/pkg/mod/github.com/centrifugal/centrifuge@v0.33.3/internal/dissolve/dissolve.go:52 +0x27
created by github.com/centrifugal/centrifuge/internal/dissolve.(*Dissolver).Run in goroutine 51765
	/home/mariell/go/pkg/mod/github.com/centrifugal/centrifuge@v0.33.3/internal/dissolve/dissolve.go:31 +0x25

goroutine 43643 [sync.Cond.Wait]:
sync.runtime_notifyListWait(0xc00d19c890, 0x29)
	/usr/lib/go/src/runtime/sema.go:597 +0x159
sync.(*Cond).Wait(0x0?)
	/usr/lib/go/src/sync/cond.go:71 +0x85
github.com/centrifugal/centrifuge/internal/dissolve.(*queueImpl).Wait(0xc015e6a930)
	/home/mariell/go/pkg/mod/github.com/centrifugal/centrifuge@v0.33.3/internal/dissolve/queue.go:139 +0x4a
github.com/centrifugal/centrifuge/internal/dissolve.(*Dissolver).runWorker(0xc0132189d8)
	/home/mariell/go/pkg/mod/github.com/centrifugal/centrifuge@v0.33.3/internal/dissolve/dissolve.go:52 +0x27
created by github.com/centrifugal/centrifuge/internal/dissolve.(*Dissolver).Run in goroutine 42495
	/home/mariell/go/pkg/mod/github.com/centrifugal/centrifuge@v0.33.3/internal/dissolve/dissolve.go:31 +0x25

goroutine 43450 [select]:
github.com/patrickmn/go-cache.(*janitor).Run(0xc010872330, 0xc00eeaad40)
	/home/mariell/go/pkg/mod/github.com/patrickmn/go-cache@v2.1.0+incompatible/cache.go:1079 +0x7b
created by github.com/patrickmn/go-cache.runJanitor in goroutine 42495
	/home/mariell/go/pkg/mod/github.com/patrickmn/go-cache@v2.1.0+incompatible/cache.go:1099 +0xdb

goroutine 43604 [sync.Cond.Wait]:
sync.runtime_notifyListWait(0xc00d19c890, 0x36)
	/usr/lib/go/src/runtime/sema.go:597 +0x159
sync.(*Cond).Wait(0x0?)
	/usr/lib/go/src/sync/cond.go:71 +0x85
github.com/centrifugal/centrifuge/internal/dissolve.(*queueImpl).Wait(0xc015e6a930)
	/home/mariell/go/pkg/mod/github.com/centrifugal/centrifuge@v0.33.3/internal/dissolve/queue.go:139 +0x4a
github.com/centrifugal/centrifuge/internal/dissolve.(*Dissolver).runWorker(0xc0132189d8)
	/home/mariell/go/pkg/mod/github.com/centrifugal/centrifuge@v0.33.3/internal/dissolve/dissolve.go:52 +0x27
created by github.com/centrifugal/centrifuge/internal/dissolve.(*Dissolver).Run in goroutine 42495
	/home/mariell/go/pkg/mod/github.com/centrifugal/centrifuge@v0.33.3/internal/dissolve/dissolve.go:31 +0x25

goroutine 43602 [sync.Cond.Wait]:
sync.runtime_notifyListWait(0xc00d19c890, 0x1c)
	/usr/lib/go/src/runtime/sema.go:597 +0x159
sync.(*Cond).Wait(0x0?)
	/usr/lib/go/src/sync/cond.go:71 +0x85
github.com/centrifugal/centrifuge/internal/dissolve.(*queueImpl).Wait(0xc015e6a930)
	/home/mariell/go/pkg/mod/github.com/centrifugal/centrifuge@v0.33.3/internal/dissolve/queue.go:139 +0x4a
github.com/centrifugal/centrifuge/internal/dissolve.(*Dissolver).runWorker(0xc0132189d8)
	/home/mariell/go/pkg/mod/github.com/centrifugal/centrifuge@v0.33.3/internal/dissolve/dissolve.go:52 +0x27
created by github.com/centrifugal/centrifuge/internal/dissolve.(*Dissolver).Run in goroutine 42495
	/home/mariell/go/pkg/mod/github.com/centrifugal/centrifuge@v0.33.3/internal/dissolve/dissolve.go:31 +0x25

goroutine 54362 [sync.Cond.Wait]:
sync.runtime_notifyListWait(0xc02667f850, 0x1c)
	/usr/lib/go/src/runtime/sema.go:597 +0x159
sync.(*Cond).Wait(0x0?)
	/usr/lib/go/src/sync/cond.go:71 +0x85
github.com/centrifugal/centrifuge/internal/dissolve.(*queueImpl).Wait(0xc029e6aa10)
	/home/mariell/go/pkg/mod/github.com/centrifugal/centrifuge@v0.33.3/internal/dissolve/queue.go:139 +0x4a
github.com/centrifugal/centrifuge/internal/dissolve.(*Dissolver).runWorker(0xc015fed548)
	/home/mariell/go/pkg/mod/github.com/centrifugal/centrifuge@v0.33.3/internal/dissolve/dissolve.go:52 +0x27
created by github.com/centrifugal/centrifuge/internal/dissolve.(*Dissolver).Run in goroutine 53243
	/home/mariell/go/pkg/mod/github.com/centrifugal/centrifuge@v0.33.3/internal/dissolve/dissolve.go:31 +0x25

goroutine 43978 [IO wait]:
internal/poll.runtime_pollWait(0x7775504fed20, 0x72)
	/usr/lib/go/src/runtime/netpoll.go:351 +0x85
internal/poll.(*pollDesc).wait(0xc016495a00?, 0xc00cba2c00?, 0x0)
	/usr/lib/go/src/internal/poll/fd_poll_runtime.go:84 +0x27
internal/poll.(*pollDesc).waitRead(...)
	/usr/lib/go/src/internal/poll/fd_poll_runtime.go:89
internal/poll.(*FD).Read(0xc016495a00, {0xc00cba2c00, 0x1300, 0x1300})
	/usr/lib/go/src/internal/poll/fd_unix.go:165 +0x27a
net.(*netFD).Read(0xc016495a00, {0xc00cba2c00?, 0xc00cba2c00?, 0x5?})
	/usr/lib/go/src/net/fd_posix.go:55 +0x25
net.(*conn).Read(0xc01b1d2cf8, {0xc00cba2c00?, 0x777558446c28?, 0x7775a8b40088?})
	/usr/lib/go/src/net/net.go:194 +0x45
crypto/tls.(*atLeastReader).Read(0xc015dfed20, {0xc00cba2c00?, 0x12fb?, 0xc0166ab9c8?})
	/usr/lib/go/src/crypto/tls/conn.go:809 +0x3b
bytes.(*Buffer).ReadFrom(0xc01cbafeb8, {0xa94e300, 0xc015dfed20})
	/usr/lib/go/src/bytes/buffer.go:211 +0x98
crypto/tls.(*Conn).readFromUntil(0xc01cbafc08, {0xa94dc00, 0xc01b1d2cf8}, 0x444af4?)
	/usr/lib/go/src/crypto/tls/conn.go:831 +0xde
crypto/tls.(*Conn).readRecordOrCCS(0xc01cbafc08, 0x0)
	/usr/lib/go/src/crypto/tls/conn.go:629 +0x3cf
crypto/tls.(*Conn).readRecord(...)
	/usr/lib/go/src/crypto/tls/conn.go:591
crypto/tls.(*Conn).Read(0xc01cbafc08, {0xc016aad000, 0x1000, 0xc019f4a780?})
	/usr/lib/go/src/crypto/tls/conn.go:1385 +0x145
net/http.(*persistConn).Read(0xc0255fe480, {0xc016aad000?, 0x81fe45?, 0xa94be80?})
	/usr/lib/go/src/net/http/transport.go:2122 +0x47
bufio.(*Reader).fill(0xc01a26d0e0)
	/usr/lib/go/src/bufio/bufio.go:113 +0x103
bufio.(*Reader).Peek(0xc01a26d0e0, 0x1)
	/usr/lib/go/src/bufio/bufio.go:152 +0x53
net/http.(*persistConn).readLoop(0xc0255fe480)
	/usr/lib/go/src/net/http/transport.go:2275 +0x172
created by net/http.(*Transport).dialConn in goroutine 43871
	/usr/lib/go/src/net/http/transport.go:1944 +0x174f

goroutine 43657 [sync.Cond.Wait]:
sync.runtime_notifyListWait(0xc00d19c890, 0x38)
	/usr/lib/go/src/runtime/sema.go:597 +0x159
sync.(*Cond).Wait(0x0?)
	/usr/lib/go/src/sync/cond.go:71 +0x85
github.com/centrifugal/centrifuge/internal/dissolve.(*queueImpl).Wait(0xc015e6a930)
	/home/mariell/go/pkg/mod/github.com/centrifugal/centrifuge@v0.33.3/internal/dissolve/queue.go:139 +0x4a
github.com/centrifugal/centrifuge/internal/dissolve.(*Dissolver).runWorker(0xc0132189d8)
	/home/mariell/go/pkg/mod/github.com/centrifugal/centrifuge@v0.33.3/internal/dissolve/dissolve.go:52 +0x27
created by github.com/centrifugal/centrifuge/internal/dissolve.(*Dissolver).Run in goroutine 42495
	/home/mariell/go/pkg/mod/github.com/centrifugal/centrifuge@v0.33.3/internal/dissolve/dissolve.go:31 +0x25

goroutine 52834 [select]:
github.com/centrifugal/centrifuge.(*Node).sendNodePing(0xc02b3ec908)
	/home/mariell/go/pkg/mod/github.com/centrifugal/centrifuge@v0.33.3/node.go:380 +0x85
created by github.com/centrifugal/centrifuge.(*Node).Run in goroutine 51765
	/home/mariell/go/pkg/mod/github.com/centrifugal/centrifuge@v0.33.3/node.go:260 +0x225

goroutine 43603 [sync.Cond.Wait]:
sync.runtime_notifyListWait(0xc00d19c890, 0x23)
	/usr/lib/go/src/runtime/sema.go:597 +0x159
sync.(*Cond).Wait(0x0?)
	/usr/lib/go/src/sync/cond.go:71 +0x85
github.com/centrifugal/centrifuge/internal/dissolve.(*queueImpl).Wait(0xc015e6a930)
	/home/mariell/go/pkg/mod/github.com/centrifugal/centrifuge@v0.33.3/internal/dissolve/queue.go:139 +0x4a
github.com/centrifugal/centrifuge/internal/dissolve.(*Dissolver).runWorker(0xc0132189d8)
	/home/mariell/go/pkg/mod/github.com/centrifugal/centrifuge@v0.33.3/internal/dissolve/dissolve.go:52 +0x27
created by github.com/centrifugal/centrifuge/internal/dissolve.(*Dissolver).Run in goroutine 42495
	/home/mariell/go/pkg/mod/github.com/centrifugal/centrifuge@v0.33.3/internal/dissolve/dissolve.go:31 +0x25

goroutine 43606 [sync.Cond.Wait]:
sync.runtime_notifyListWait(0xc00d19c890, 0x22)
	/usr/lib/go/src/runtime/sema.go:597 +0x159
sync.(*Cond).Wait(0x0?)
	/usr/lib/go/src/sync/cond.go:71 +0x85
github.com/centrifugal/centrifuge/internal/dissolve.(*queueImpl).Wait(0xc015e6a930)
	/home/mariell/go/pkg/mod/github.com/centrifugal/centrifuge@v0.33.3/internal/dissolve/queue.go:139 +0x4a
github.com/centrifugal/centrifuge/internal/dissolve.(*Dissolver).runWorker(0xc0132189d8)
	/home/mariell/go/pkg/mod/github.com/centrifugal/centrifuge@v0.33.3/internal/dissolve/dissolve.go:52 +0x27
created by github.com/centrifugal/centrifuge/internal/dissolve.(*Dissolver).Run in goroutine 42495
	/home/mariell/go/pkg/mod/github.com/centrifugal/centrifuge@v0.33.3/internal/dissolve/dissolve.go:31 +0x25

goroutine 43663 [sync.Cond.Wait]:
sync.runtime_notifyListWait(0xc00d19c890, 0x3b)
	/usr/lib/go/src/runtime/sema.go:597 +0x159
sync.(*Cond).Wait(0x0?)
	/usr/lib/go/src/sync/cond.go:71 +0x85
github.com/centrifugal/centrifuge/internal/dissolve.(*queueImpl).Wait(0xc015e6a930)
	/home/mariell/go/pkg/mod/github.com/centrifugal/centrifuge@v0.33.3/internal/dissolve/queue.go:139 +0x4a
github.com/centrifugal/centrifuge/internal/dissolve.(*Dissolver).runWorker(0xc0132189d8)
	/home/mariell/go/pkg/mod/github.com/centrifugal/centrifuge@v0.33.3/internal/dissolve/dissolve.go:52 +0x27
created by github.com/centrifugal/centrifuge/internal/dissolve.(*Dissolver).Run in goroutine 42495
	/home/mariell/go/pkg/mod/github.com/centrifugal/centrifuge@v0.33.3/internal/dissolve/dissolve.go:31 +0x25

goroutine 43453 [select]:
github.com/patrickmn/go-cache.(*janitor).Run(0xc010872650, 0xc00eeaad80)
	/home/mariell/go/pkg/mod/github.com/patrickmn/go-cache@v2.1.0+incompatible/cache.go:1079 +0x7b
created by github.com/patrickmn/go-cache.runJanitor in goroutine 42495
	/home/mariell/go/pkg/mod/github.com/patrickmn/go-cache@v2.1.0+incompatible/cache.go:1099 +0xdb

goroutine 43605 [sync.Cond.Wait]:
sync.runtime_notifyListWait(0xc00d19c890, 0x18)
	/usr/lib/go/src/runtime/sema.go:597 +0x159
sync.(*Cond).Wait(0x0?)
	/usr/lib/go/src/sync/cond.go:71 +0x85
github.com/centrifugal/centrifuge/internal/dissolve.(*queueImpl).Wait(0xc015e6a930)
	/home/mariell/go/pkg/mod/github.com/centrifugal/centrifuge@v0.33.3/internal/dissolve/queue.go:139 +0x4a
github.com/centrifugal/centrifuge/internal/dissolve.(*Dissolver).runWorker(0xc0132189d8)
	/home/mariell/go/pkg/mod/github.com/centrifugal/centrifuge@v0.33.3/internal/dissolve/dissolve.go:52 +0x27
created by github.com/centrifugal/centrifuge/internal/dissolve.(*Dissolver).Run in goroutine 42495
	/home/mariell/go/pkg/mod/github.com/centrifugal/centrifuge@v0.33.3/internal/dissolve/dissolve.go:31 +0x25

goroutine 43658 [sync.Cond.Wait]:
sync.runtime_notifyListWait(0xc00d19c890, 0x39)
	/usr/lib/go/src/runtime/sema.go:597 +0x159
sync.(*Cond).Wait(0x0?)
	/usr/lib/go/src/sync/cond.go:71 +0x85
github.com/centrifugal/centrifuge/internal/dissolve.(*queueImpl).Wait(0xc015e6a930)
	/home/mariell/go/pkg/mod/github.com/centrifugal/centrifuge@v0.33.3/internal/dissolve/queue.go:139 +0x4a
github.com/centrifugal/centrifuge/internal/dissolve.(*Dissolver).runWorker(0xc0132189d8)
	/home/mariell/go/pkg/mod/github.com/centrifugal/centrifuge@v0.33.3/internal/dissolve/dissolve.go:52 +0x27
created by github.com/centrifugal/centrifuge/internal/dissolve.(*Dissolver).Run in goroutine 42495
	/home/mariell/go/pkg/mod/github.com/centrifugal/centrifuge@v0.33.3/internal/dissolve/dissolve.go:31 +0x25

goroutine 45408 [select]:
database/sql.(*DB).connectionCleaner(0xc0078a2d00, 0xc018681f10?)
	/usr/lib/go/src/database/sql/sql.go:1104 +0x9c
created by database/sql.(*DB).startCleanerLocked in goroutine 45402
	/usr/lib/go/src/database/sql/sql.go:1091 +0x105

goroutine 43649 [sync.Cond.Wait]:
sync.runtime_notifyListWait(0xc00d19c890, 0x30)
	/usr/lib/go/src/runtime/sema.go:597 +0x159
sync.(*Cond).Wait(0xc01e929fd0?)
	/usr/lib/go/src/sync/cond.go:71 +0x85
github.com/centrifugal/centrifuge/internal/dissolve.(*queueImpl).Wait(0xc015e6a930)
	/home/mariell/go/pkg/mod/github.com/centrifugal/centrifuge@v0.33.3/internal/dissolve/queue.go:139 +0x4a
github.com/centrifugal/centrifuge/internal/dissolve.(*Dissolver).runWorker(0xc0132189d8)
	/home/mariell/go/pkg/mod/github.com/centrifugal/centrifuge@v0.33.3/internal/dissolve/dissolve.go:52 +0x27
created by github.com/centrifugal/centrifuge/internal/dissolve.(*Dissolver).Run in goroutine 42495
	/home/mariell/go/pkg/mod/github.com/centrifugal/centrifuge@v0.33.3/internal/dissolve/dissolve.go:31 +0x25

goroutine 43492 [chan receive]:
github.com/grafana/grafana/pkg/storage/unified/resource.(*server).initWatcher.func1.1()
	/home/mariell/work/oss/grafana/pkg/storage/unified/resource/server.go:922 +0x58
created by github.com/grafana/grafana/pkg/storage/unified/resource.(*server).initWatcher.func1 in goroutine 42495
	/home/mariell/work/oss/grafana/pkg/storage/unified/resource/server.go:921 +0xaa

goroutine 48211 [sync.Cond.Wait]:
sync.runtime_notifyListWait(0xc01fca58d0, 0x4)
	/usr/lib/go/src/runtime/sema.go:597 +0x159
sync.(*Cond).Wait(0xc0099097d0?)
	/usr/lib/go/src/sync/cond.go:71 +0x85
github.com/centrifugal/centrifuge/internal/dissolve.(*queueImpl).Wait(0xc020dbf5e0)
	/home/mariell/go/pkg/mod/github.com/centrifugal/centrifuge@v0.33.3/internal/dissolve/queue.go:139 +0x4a
github.com/centrifugal/centrifuge/internal/dissolve.(*Dissolver).runWorker(0xc0271f1da0)
	/home/mariell/go/pkg/mod/github.com/centrifugal/centrifuge@v0.33.3/internal/dissolve/dissolve.go:52 +0x27
created by github.com/centrifugal/centrifuge/internal/dissolve.(*Dissolver).Run in goroutine 47137
	/home/mariell/go/pkg/mod/github.com/centrifugal/centrifuge@v0.33.3/internal/dissolve/dissolve.go:31 +0x25

goroutine 45557 [IO wait]:
internal/poll.runtime_pollWait(0x77755073a3a0, 0x72)
	/usr/lib/go/src/runtime/netpoll.go:351 +0x85
internal/poll.(*pollDesc).wait(0xc002476200?, 0xc027270600?, 0x0)
	/usr/lib/go/src/internal/poll/fd_poll_runtime.go:84 +0x27
internal/poll.(*pollDesc).waitRead(...)
	/usr/lib/go/src/internal/poll/fd_poll_runtime.go:89
internal/poll.(*FD).Read(0xc002476200, {0xc027270600, 0x1300, 0x1300})
	/usr/lib/go/src/internal/poll/fd_unix.go:165 +0x27a
net.(*netFD).Read(0xc002476200, {0xc027270600?, 0xc027270600?, 0x5?})
	/usr/lib/go/src/net/fd_posix.go:55 +0x25
net.(*conn).Read(0xc026dc0568, {0xc027270600?, 0x77755935fef8?, 0x7775a8b285c0?})
	/usr/lib/go/src/net/net.go:194 +0x45
crypto/tls.(*atLeastReader).Read(0xc01630cde0, {0xc027270600?, 0x12fb?, 0x11ab1ba0?})
	/usr/lib/go/src/crypto/tls/conn.go:809 +0x3b
bytes.(*Buffer).ReadFrom(0xc0272289b8, {0xa94e300, 0xc01630cde0})
	/usr/lib/go/src/bytes/buffer.go:211 +0x98
crypto/tls.(*Conn).readFromUntil(0xc027228708, {0xa94dc00, 0xc026dc0568}, 0x444af4?)
	/usr/lib/go/src/crypto/tls/conn.go:831 +0xde
crypto/tls.(*Conn).readRecordOrCCS(0xc027228708, 0x0)
	/usr/lib/go/src/crypto/tls/conn.go:629 +0x3cf
crypto/tls.(*Conn).readRecord(...)
	/usr/lib/go/src/crypto/tls/conn.go:591
crypto/tls.(*Conn).Read(0xc027228708, {0xc027491000, 0x1000, 0xc01a1fb530?})
	/usr/lib/go/src/crypto/tls/conn.go:1385 +0x145
net/http.(*persistConn).Read(0xc0254bc360, {0xc027491000?, 0x81fe45?, 0xa94be80?})
	/usr/lib/go/src/net/http/transport.go:2122 +0x47
bufio.(*Reader).fill(0xc02748d140)
	/usr/lib/go/src/bufio/bufio.go:113 +0x103
bufio.(*Reader).Peek(0xc02748d140, 0x1)
	/usr/lib/go/src/bufio/bufio.go:152 +0x53
net/http.(*persistConn).readLoop(0xc0254bc360)
	/usr/lib/go/src/net/http/transport.go:2275 +0x172
created by net/http.(*Transport).dialConn in goroutine 45541
	/usr/lib/go/src/net/http/transport.go:1944 +0x174f

goroutine 46716 [sync.Cond.Wait]:
sync.runtime_notifyListWait(0xc016303990, 0x1c)
	/usr/lib/go/src/runtime/sema.go:597 +0x159
sync.(*Cond).Wait(0x0?)
	/usr/lib/go/src/sync/cond.go:71 +0x85
github.com/centrifugal/centrifuge/internal/dissolve.(*queueImpl).Wait(0xc020154850)
	/home/mariell/go/pkg/mod/github.com/centrifugal/centrifuge@v0.33.3/internal/dissolve/queue.go:139 +0x4a
github.com/centrifugal/centrifuge/internal/dissolve.(*Dissolver).runWorker(0xc00b4e8b40)
	/home/mariell/go/pkg/mod/github.com/centrifugal/centrifuge@v0.33.3/internal/dissolve/dissolve.go:52 +0x27
created by github.com/centrifugal/centrifuge/internal/dissolve.(*Dissolver).Run in goroutine 45402
	/home/mariell/go/pkg/mod/github.com/centrifugal/centrifuge@v0.33.3/internal/dissolve/dissolve.go:31 +0x25

goroutine 51726 [select]:
k8s.io/apimachinery/pkg/util/wait.BackoffUntil(0xc01ca1a700, {0xa95ac00, 0xc02150a420}, 0x1, 0xc02814db20)
	/home/mariell/go/pkg/mod/k8s.io/apimachinery@v0.32.1/pkg/util/wait/backoff.go:238 +0x12c
k8s.io/apimachinery/pkg/util/wait.JitterUntil(0xc01ca1a700, 0x3b9aca00, 0x3ff3333333333333, 0x1, 0xc02814db20)
	/home/mariell/go/pkg/mod/k8s.io/apimachinery@v0.32.1/pkg/util/wait/backoff.go:204 +0x7f
created by k8s.io/apiserver/pkg/registry/generic/registry.(*Store).startObservingCount in goroutine 51536
	/home/mariell/go/pkg/mod/k8s.io/apiserver@v0.32.1/pkg/registry/generic/registry/store.go:1666 +0x2f9

goroutine 43721 [select]:
github.com/patrickmn/go-cache.(*janitor).Run(0xc013810700, 0xc00dc03000)
	/home/mariell/go/pkg/mod/github.com/patrickmn/go-cache@v2.1.0+incompatible/cache.go:1079 +0x7b
created by github.com/patrickmn/go-cache.runJanitor in goroutine 42495
	/home/mariell/go/pkg/mod/github.com/patrickmn/go-cache@v2.1.0+incompatible/cache.go:1099 +0xdb

goroutine 47106 [select]:
k8s.io/apimachinery/pkg/util/wait.BackoffUntil(0xc017e38680, {0xa95ac00, 0xc01b5d8f00}, 0x1, 0xc01e71d180)
	/home/mariell/go/pkg/mod/k8s.io/apimachinery@v0.32.1/pkg/util/wait/backoff.go:238 +0x12c
k8s.io/apimachinery/pkg/util/wait.JitterUntil(0xc017e38680, 0x3b9aca00, 0x3ff3333333333333, 0x1, 0xc01e71d180)
	/home/mariell/go/pkg/mod/k8s.io/apimachinery@v0.32.1/pkg/util/wait/backoff.go:204 +0x7f
created by k8s.io/apiserver/pkg/registry/generic/registry.(*Store).startObservingCount in goroutine 43598
	/home/mariell/go/pkg/mod/k8s.io/apiserver@v0.32.1/pkg/registry/generic/registry/store.go:1666 +0x2f9

goroutine 43648 [sync.Cond.Wait]:
sync.runtime_notifyListWait(0xc00d19c890, 0x2d)
	/usr/lib/go/src/runtime/sema.go:597 +0x159
sync.(*Cond).Wait(0x0?)
	/usr/lib/go/src/sync/cond.go:71 +0x85
github.com/centrifugal/centrifuge/internal/dissolve.(*queueImpl).Wait(0xc015e6a930)
	/home/mariell/go/pkg/mod/github.com/centrifugal/centrifuge@v0.33.3/internal/dissolve/queue.go:139 +0x4a
github.com/centrifugal/centrifuge/internal/dissolve.(*Dissolver).runWorker(0xc0132189d8)
	/home/mariell/go/pkg/mod/github.com/centrifugal/centrifuge@v0.33.3/internal/dissolve/dissolve.go:52 +0x27
created by github.com/centrifugal/centrifuge/internal/dissolve.(*Dissolver).Run in goroutine 42495
	/home/mariell/go/pkg/mod/github.com/centrifugal/centrifuge@v0.33.3/internal/dissolve/dissolve.go:31 +0x25

goroutine 42384 [select]:
github.com/centrifugal/centrifuge.(*Node).cleanNodeInfo(0xc01fc5c6c8)
	/home/mariell/go/pkg/mod/github.com/centrifugal/centrifuge@v0.33.3/node.go:394 +0x90
created by github.com/centrifugal/centrifuge.(*Node).Run in goroutine 45402
	/home/mariell/go/pkg/mod/github.com/centrifugal/centrifuge@v0.33.3/node.go:261 +0x265

goroutine 46741 [sync.Cond.Wait]:
sync.runtime_notifyListWait(0xc016303990, 0x3b)
	/usr/lib/go/src/runtime/sema.go:597 +0x159
sync.(*Cond).Wait(0x0?)
	/usr/lib/go/src/sync/cond.go:71 +0x85
github.com/centrifugal/centrifuge/internal/dissolve.(*queueImpl).Wait(0xc020154850)
	/home/mariell/go/pkg/mod/github.com/centrifugal/centrifuge@v0.33.3/internal/dissolve/queue.go:139 +0x4a
github.com/centrifugal/centrifuge/internal/dissolve.(*Dissolver).runWorker(0xc00b4e8b40)
	/home/mariell/go/pkg/mod/github.com/centrifugal/centrifuge@v0.33.3/internal/dissolve/dissolve.go:52 +0x27
created by github.com/centrifugal/centrifuge/internal/dissolve.(*Dissolver).Run in goroutine 45402
	/home/mariell/go/pkg/mod/github.com/centrifugal/centrifuge@v0.33.3/internal/dissolve/dissolve.go:31 +0x25

goroutine 43645 [sync.Cond.Wait]:
sync.runtime_notifyListWait(0xc00d19c890, 0x11)
	/usr/lib/go/src/runtime/sema.go:597 +0x159
sync.(*Cond).Wait(0x0?)
	/usr/lib/go/src/sync/cond.go:71 +0x85
github.com/centrifugal/centrifuge/internal/dissolve.(*queueImpl).Wait(0xc015e6a930)
	/home/mariell/go/pkg/mod/github.com/centrifugal/centrifuge@v0.33.3/internal/dissolve/queue.go:139 +0x4a
github.com/centrifugal/centrifuge/internal/dissolve.(*Dissolver).runWorker(0xc0132189d8)
	/home/mariell/go/pkg/mod/github.com/centrifugal/centrifuge@v0.33.3/internal/dissolve/dissolve.go:52 +0x27
created by github.com/centrifugal/centrifuge/internal/dissolve.(*Dissolver).Run in goroutine 42495
	/home/mariell/go/pkg/mod/github.com/centrifugal/centrifuge@v0.33.3/internal/dissolve/dissolve.go:31 +0x25

goroutine 52821 [select]:
github.com/FZambia/eagle.(*Eagle).aggregate(0xc030231340)
	/home/mariell/go/pkg/mod/github.com/!f!zambia/eagle@v0.1.0/eagle.go:210 +0x6d
created by github.com/FZambia/eagle.New in goroutine 51765
	/home/mariell/go/pkg/mod/github.com/!f!zambia/eagle@v0.1.0/eagle.go:66 +0x176

goroutine 43646 [sync.Cond.Wait]:
sync.runtime_notifyListWait(0xc00d19c890, 0x2a)
	/usr/lib/go/src/runtime/sema.go:597 +0x159
sync.(*Cond).Wait(0xc0237b87d0?)
	/usr/lib/go/src/sync/cond.go:71 +0x85
github.com/centrifugal/centrifuge/internal/dissolve.(*queueImpl).Wait(0xc015e6a930)
	/home/mariell/go/pkg/mod/github.com/centrifugal/centrifuge@v0.33.3/internal/dissolve/queue.go:139 +0x4a
github.com/centrifugal/centrifuge/internal/dissolve.(*Dissolver).runWorker(0xc0132189d8)
	/home/mariell/go/pkg/mod/github.com/centrifugal/centrifuge@v0.33.3/internal/dissolve/dissolve.go:52 +0x27
created by github.com/centrifugal/centrifuge/internal/dissolve.(*Dissolver).Run in goroutine 42495
	/home/mariell/go/pkg/mod/github.com/centrifugal/centrifuge@v0.33.3/internal/dissolve/dissolve.go:31 +0x25

goroutine 43589 [select]:
github.com/centrifugal/centrifuge.(*MemoryBroker).expireResultCache(0xc015dd9c80)
	/home/mariell/go/pkg/mod/github.com/centrifugal/centrifuge@v0.33.3/broker_memory.go:160 +0x68
created by github.com/centrifugal/centrifuge.(*MemoryBroker).Run in goroutine 42495
	/home/mariell/go/pkg/mod/github.com/centrifugal/centrifuge@v0.33.3/broker_memory.go:73 +0x7f

goroutine 43664 [sync.Cond.Wait]:
sync.runtime_notifyListWait(0xc00d19c890, 0x3e)
	/usr/lib/go/src/runtime/sema.go:597 +0x159
sync.(*Cond).Wait(0x0?)
	/usr/lib/go/src/sync/cond.go:71 +0x85
github.com/centrifugal/centrifuge/internal/dissolve.(*queueImpl).Wait(0xc015e6a930)
	/home/mariell/go/pkg/mod/github.com/centrifugal/centrifuge@v0.33.3/internal/dissolve/queue.go:139 +0x4a
github.com/centrifugal/centrifuge/internal/dissolve.(*Dissolver).runWorker(0xc0132189d8)
	/home/mariell/go/pkg/mod/github.com/centrifugal/centrifuge@v0.33.3/internal/dissolve/dissolve.go:52 +0x27
created by github.com/centrifugal/centrifuge/internal/dissolve.(*Dissolver).Run in goroutine 42495
	/home/mariell/go/pkg/mod/github.com/centrifugal/centrifuge@v0.33.3/internal/dissolve/dissolve.go:31 +0x25

goroutine 43641 [sync.Cond.Wait]:
sync.runtime_notifyListWait(0xc00d19c890, 0x26)
	/usr/lib/go/src/runtime/sema.go:597 +0x159
sync.(*Cond).Wait(0x0?)
	/usr/lib/go/src/sync/cond.go:71 +0x85
github.com/centrifugal/centrifuge/internal/dissolve.(*queueImpl).Wait(0xc015e6a930)
	/home/mariell/go/pkg/mod/github.com/centrifugal/centrifuge@v0.33.3/internal/dissolve/queue.go:139 +0x4a
github.com/centrifugal/centrifuge/internal/dissolve.(*Dissolver).runWorker(0xc0132189d8)
	/home/mariell/go/pkg/mod/github.com/centrifugal/centrifuge@v0.33.3/internal/dissolve/dissolve.go:52 +0x27
created by github.com/centrifugal/centrifuge/internal/dissolve.(*Dissolver).Run in goroutine 42495
	/home/mariell/go/pkg/mod/github.com/centrifugal/centrifuge@v0.33.3/internal/dissolve/dissolve.go:31 +0x25

goroutine 43447 [select]:
github.com/patrickmn/go-cache.(*janitor).Run(0xc01077b6b0, 0xc00eeaa6c0)
	/home/mariell/go/pkg/mod/github.com/patrickmn/go-cache@v2.1.0+incompatible/cache.go:1079 +0x7b
created by github.com/patrickmn/go-cache.runJanitor in goroutine 42495
	/home/mariell/go/pkg/mod/github.com/patrickmn/go-cache@v2.1.0+incompatible/cache.go:1099 +0xdb

goroutine 46738 [sync.Cond.Wait]:
sync.runtime_notifyListWait(0xc016303990, 0x31)
	/usr/lib/go/src/runtime/sema.go:597 +0x159
sync.(*Cond).Wait(0x0?)
	/usr/lib/go/src/sync/cond.go:71 +0x85
github.com/centrifugal/centrifuge/internal/dissolve.(*queueImpl).Wait(0xc020154850)
	/home/mariell/go/pkg/mod/github.com/centrifugal/centrifuge@v0.33.3/internal/dissolve/queue.go:139 +0x4a
github.com/centrifugal/centrifuge/internal/dissolve.(*Dissolver).runWorker(0xc00b4e8b40)
	/home/mariell/go/pkg/mod/github.com/centrifugal/centrifuge@v0.33.3/internal/dissolve/dissolve.go:52 +0x27
created by github.com/centrifugal/centrifuge/internal/dissolve.(*Dissolver).Run in goroutine 45402
	/home/mariell/go/pkg/mod/github.com/centrifugal/centrifuge@v0.33.3/internal/dissolve/dissolve.go:31 +0x25

goroutine 43493 [select]:
github.com/grafana/grafana/pkg/storage/unified/resource.(*cache[...]).run(0xc019ec7e80)
	/home/mariell/work/oss/grafana/pkg/storage/unified/resource/broadcaster.go:291 +0xb0
created by github.com/grafana/grafana/pkg/storage/unified/resource.newChannelCache[...] in goroutine 42495
	/home/mariell/work/oss/grafana/pkg/storage/unified/resource/broadcaster.go:276 +0x189

goroutine 45188 [sync.Cond.Wait]:
sync.runtime_notifyListWait(0xc026bf9c10, 0x31)
	/usr/lib/go/src/runtime/sema.go:597 +0x159
sync.(*Cond).Wait(0x0?)
	/usr/lib/go/src/sync/cond.go:71 +0x85
github.com/centrifugal/centrifuge/internal/dissolve.(*queueImpl).Wait(0xc026c14c40)
	/home/mariell/go/pkg/mod/github.com/centrifugal/centrifuge@v0.33.3/internal/dissolve/queue.go:139 +0x4a
github.com/centrifugal/centrifuge/internal/dissolve.(*Dissolver).runWorker(0xc026b0b128)
	/home/mariell/go/pkg/mod/github.com/centrifugal/centrifuge@v0.33.3/internal/dissolve/dissolve.go:52 +0x27
created by github.com/centrifugal/centrifuge/internal/dissolve.(*Dissolver).Run in goroutine 44067
	/home/mariell/go/pkg/mod/github.com/centrifugal/centrifuge@v0.33.3/internal/dissolve/dissolve.go:31 +0x25

goroutine 43647 [sync.Cond.Wait]:
sync.runtime_notifyListWait(0xc00d19c890, 0x2c)
	/usr/lib/go/src/runtime/sema.go:597 +0x159
sync.(*Cond).Wait(0x0?)
	/usr/lib/go/src/sync/cond.go:71 +0x85
github.com/centrifugal/centrifuge/internal/dissolve.(*queueImpl).Wait(0xc015e6a930)
	/home/mariell/go/pkg/mod/github.com/centrifugal/centrifuge@v0.33.3/internal/dissolve/queue.go:139 +0x4a
github.com/centrifugal/centrifuge/internal/dissolve.(*Dissolver).runWorker(0xc0132189d8)
	/home/mariell/go/pkg/mod/github.com/centrifugal/centrifuge@v0.33.3/internal/dissolve/dissolve.go:52 +0x27
created by github.com/centrifugal/centrifuge/internal/dissolve.(*Dissolver).Run in goroutine 42495
	/home/mariell/go/pkg/mod/github.com/centrifugal/centrifuge@v0.33.3/internal/dissolve/dissolve.go:31 +0x25

goroutine 45533 [select]:
net/http.(*persistConn).writeLoop(0xc01a0ca360)
	/usr/lib/go/src/net/http/transport.go:2590 +0xe7
created by net/http.(*Transport).dialConn in goroutine 46980
	/usr/lib/go/src/net/http/transport.go:1945 +0x17a5

goroutine 43558 [select]:
github.com/patrickmn/go-cache.(*janitor).Run(0xc011c024e0, 0xc00dd85e00)
	/home/mariell/go/pkg/mod/github.com/patrickmn/go-cache@v2.1.0+incompatible/cache.go:1079 +0x7b
created by github.com/patrickmn/go-cache.runJanitor in goroutine 42495
	/home/mariell/go/pkg/mod/github.com/patrickmn/go-cache@v2.1.0+incompatible/cache.go:1099 +0xdb

goroutine 43592 [select]:
github.com/FZambia/eagle.(*Eagle).aggregate(0xc015e6b8f0)
	/home/mariell/go/pkg/mod/github.com/!f!zambia/eagle@v0.1.0/eagle.go:210 +0x6d
created by github.com/FZambia/eagle.New in goroutine 42495
	/home/mariell/go/pkg/mod/github.com/!f!zambia/eagle@v0.1.0/eagle.go:66 +0x176

goroutine 43662 [sync.Cond.Wait]:
sync.runtime_notifyListWait(0xc00d19c890, 0x3a)
	/usr/lib/go/src/runtime/sema.go:597 +0x159
sync.(*Cond).Wait(0x0?)
	/usr/lib/go/src/sync/cond.go:71 +0x85
github.com/centrifugal/centrifuge/internal/dissolve.(*queueImpl).Wait(0xc015e6a930)
	/home/mariell/go/pkg/mod/github.com/centrifugal/centrifuge@v0.33.3/internal/dissolve/queue.go:139 +0x4a
github.com/centrifugal/centrifuge/internal/dissolve.(*Dissolver).runWorker(0xc0132189d8)
	/home/mariell/go/pkg/mod/github.com/centrifugal/centrifuge@v0.33.3/internal/dissolve/dissolve.go:52 +0x27
created by github.com/centrifugal/centrifuge/internal/dissolve.(*Dissolver).Run in goroutine 42495
	/home/mariell/go/pkg/mod/github.com/centrifugal/centrifuge@v0.33.3/internal/dissolve/dissolve.go:31 +0x25

goroutine 43608 [sync.Cond.Wait]:
sync.runtime_notifyListWait(0xc00d19c890, 0x3d)
	/usr/lib/go/src/runtime/sema.go:597 +0x159
sync.(*Cond).Wait(0x0?)
	/usr/lib/go/src/sync/cond.go:71 +0x85
github.com/centrifugal/centrifuge/internal/dissolve.(*queueImpl).Wait(0xc015e6a930)
	/home/mariell/go/pkg/mod/github.com/centrifugal/centrifuge@v0.33.3/internal/dissolve/queue.go:139 +0x4a
github.com/centrifugal/centrifuge/internal/dissolve.(*Dissolver).runWorker(0xc0132189d8)
	/home/mariell/go/pkg/mod/github.com/centrifugal/centrifuge@v0.33.3/internal/dissolve/dissolve.go:52 +0x27
created by github.com/centrifugal/centrifuge/internal/dissolve.(*Dissolver).Run in goroutine 42495
	/home/mariell/go/pkg/mod/github.com/centrifugal/centrifuge@v0.33.3/internal/dissolve/dissolve.go:31 +0x25

goroutine 43650 [sync.Cond.Wait]:
sync.runtime_notifyListWait(0xc00d19c890, 0x32)
	/usr/lib/go/src/runtime/sema.go:597 +0x159
sync.(*Cond).Wait(0x0?)
	/usr/lib/go/src/sync/cond.go:71 +0x85
github.com/centrifugal/centrifuge/internal/dissolve.(*queueImpl).Wait(0xc015e6a930)
	/home/mariell/go/pkg/mod/github.com/centrifugal/centrifuge@v0.33.3/internal/dissolve/queue.go:139 +0x4a
github.com/centrifugal/centrifuge/internal/dissolve.(*Dissolver).runWorker(0xc0132189d8)
	/home/mariell/go/pkg/mod/github.com/centrifugal/centrifuge@v0.33.3/internal/dissolve/dissolve.go:52 +0x27
created by github.com/centrifugal/centrifuge/internal/dissolve.(*Dissolver).Run in goroutine 42495
	/home/mariell/go/pkg/mod/github.com/centrifugal/centrifuge@v0.33.3/internal/dissolve/dissolve.go:31 +0x25

goroutine 50081 [IO wait]:
internal/poll.runtime_pollWait(0x777550274558, 0x72)
	/usr/lib/go/src/runtime/netpoll.go:351 +0x85
internal/poll.(*pollDesc).wait(0xc02664d980?, 0xc029459300?, 0x0)
	/usr/lib/go/src/internal/poll/fd_poll_runtime.go:84 +0x27
internal/poll.(*pollDesc).waitRead(...)
	/usr/lib/go/src/internal/poll/fd_poll_runtime.go:89
internal/poll.(*FD).Read(0xc02664d980, {0xc029459300, 0x1300, 0x1300})
	/usr/lib/go/src/internal/poll/fd_unix.go:165 +0x27a
net.(*netFD).Read(0xc02664d980, {0xc029459300?, 0xc029459300?, 0x5?})
	/usr/lib/go/src/net/fd_posix.go:55 +0x25
net.(*conn).Read(0xc011c123e0, {0xc029459300?, 0x77751a749ff8?, 0x7775a8b2b4f0?})
	/usr/lib/go/src/net/net.go:194 +0x45
crypto/tls.(*atLeastReader).Read(0xc02bd566f0, {0xc029459300?, 0x12fb?, 0xc01ca93b8c?})
	/usr/lib/go/src/crypto/tls/conn.go:809 +0x3b
bytes.(*Buffer).ReadFrom(0xc0295c4d38, {0xa94e300, 0xc02bd566f0})
	/usr/lib/go/src/bytes/buffer.go:211 +0x98
crypto/tls.(*Conn).readFromUntil(0xc0295c4a88, {0xa94dc00, 0xc011c123e0}, 0x444af4?)
	/usr/lib/go/src/crypto/tls/conn.go:831 +0xde
crypto/tls.(*Conn).readRecordOrCCS(0xc0295c4a88, 0x0)
	/usr/lib/go/src/crypto/tls/conn.go:629 +0x3cf
crypto/tls.(*Conn).readRecord(...)
	/usr/lib/go/src/crypto/tls/conn.go:591
crypto/tls.(*Conn).Read(0xc0295c4a88, {0xc029474000, 0x1000, 0xc0297e2450?})
	/usr/lib/go/src/crypto/tls/conn.go:1385 +0x145
net/http.(*persistConn).Read(0xc01a1c8900, {0xc029474000?, 0x81fe45?, 0xa94be80?})
	/usr/lib/go/src/net/http/transport.go:2122 +0x47
bufio.(*Reader).fill(0xc02946e660)
	/usr/lib/go/src/bufio/bufio.go:113 +0x103
bufio.(*Reader).Peek(0xc02946e660, 0x1)
	/usr/lib/go/src/bufio/bufio.go:152 +0x53
net/http.(*persistConn).readLoop(0xc01a1c8900)
	/usr/lib/go/src/net/http/transport.go:2275 +0x172
created by net/http.(*Transport).dialConn in goroutine 50153
	/usr/lib/go/src/net/http/transport.go:1944 +0x174f

goroutine 43653 [sync.Cond.Wait]:
sync.runtime_notifyListWait(0xc00d19c890, 0x31)
	/usr/lib/go/src/runtime/sema.go:597 +0x159
sync.(*Cond).Wait(0x0?)
	/usr/lib/go/src/sync/cond.go:71 +0x85
github.com/centrifugal/centrifuge/internal/dissolve.(*queueImpl).Wait(0xc015e6a930)
	/home/mariell/go/pkg/mod/github.com/centrifugal/centrifuge@v0.33.3/internal/dissolve/queue.go:139 +0x4a
github.com/centrifugal/centrifuge/internal/dissolve.(*Dissolver).runWorker(0xc0132189d8)
	/home/mariell/go/pkg/mod/github.com/centrifugal/centrifuge@v0.33.3/internal/dissolve/dissolve.go:52 +0x27
created by github.com/centrifugal/centrifuge/internal/dissolve.(*Dissolver).Run in goroutine 42495
	/home/mariell/go/pkg/mod/github.com/centrifugal/centrifuge@v0.33.3/internal/dissolve/dissolve.go:31 +0x25

goroutine 43729 [select]:
github.com/patrickmn/go-cache.(*janitor).Run(0xc013841810, 0xc00f293f40)
	/home/mariell/go/pkg/mod/github.com/patrickmn/go-cache@v2.1.0+incompatible/cache.go:1079 +0x7b
created by github.com/patrickmn/go-cache.runJanitor in goroutine 42495
	/home/mariell/go/pkg/mod/github.com/patrickmn/go-cache@v2.1.0+incompatible/cache.go:1099 +0xdb

goroutine 51068 [select]:
k8s.io/apimachinery/pkg/util/wait.BackoffUntil(0xc029464380, {0xa95ac00, 0xc03083d590}, 0x1, 0xc00c2ef7a0)
	/home/mariell/go/pkg/mod/k8s.io/apimachinery@v0.32.1/pkg/util/wait/backoff.go:238 +0x12c
k8s.io/apimachinery/pkg/util/wait.JitterUntil(0xc029464380, 0x3b9aca00, 0x3ff3333333333333, 0x1, 0xc00c2ef7a0)
	/home/mariell/go/pkg/mod/k8s.io/apimachinery@v0.32.1/pkg/util/wait/backoff.go:204 +0x7f
created by k8s.io/apiserver/pkg/registry/generic/registry.(*Store).startObservingCount in goroutine 53139
	/home/mariell/go/pkg/mod/k8s.io/apiserver@v0.32.1/pkg/registry/generic/registry/store.go:1666 +0x2f9

goroutine 45551 [chan receive (nil chan)]:
k8s.io/apiserver/pkg/server.preparedGenericAPIServer.RunWithContext({0xc00f500500?}, {0xa9d1d00, 0xc02707c2d0})
	/home/mariell/go/pkg/mod/k8s.io/apiserver@v0.32.1/pkg/server/genericapiserver.go:710 +0x9c5
github.com/grafana/grafana/pkg/services/apiserver.(*service).startCoreServer.func1()
	/home/mariell/work/oss/grafana/pkg/services/apiserver/service.go:448 +0x28
created by github.com/grafana/grafana/pkg/services/apiserver.(*service).startCoreServer in goroutine 45410
	/home/mariell/work/oss/grafana/pkg/services/apiserver/service.go:447 +0x125

goroutine 45200 [sync.Cond.Wait]:
sync.runtime_notifyListWait(0xc026bf9c10, 0x3e)
	/usr/lib/go/src/runtime/sema.go:597 +0x159
sync.(*Cond).Wait(0x0?)
	/usr/lib/go/src/sync/cond.go:71 +0x85
github.com/centrifugal/centrifuge/internal/dissolve.(*queueImpl).Wait(0xc026c14c40)
	/home/mariell/go/pkg/mod/github.com/centrifugal/centrifuge@v0.33.3/internal/dissolve/queue.go:139 +0x4a
github.com/centrifugal/centrifuge/internal/dissolve.(*Dissolver).runWorker(0xc026b0b128)
	/home/mariell/go/pkg/mod/github.com/centrifugal/centrifuge@v0.33.3/internal/dissolve/dissolve.go:52 +0x27
created by github.com/centrifugal/centrifuge/internal/dissolve.(*Dissolver).Run in goroutine 44067
	/home/mariell/go/pkg/mod/github.com/centrifugal/centrifuge@v0.33.3/internal/dissolve/dissolve.go:31 +0x25

goroutine 43979 [select]:
net/http.(*persistConn).writeLoop(0xc0255fe480)
	/usr/lib/go/src/net/http/transport.go:2590 +0xe7
created by net/http.(*Transport).dialConn in goroutine 43871
	/usr/lib/go/src/net/http/transport.go:1945 +0x17a5

goroutine 49788 [sync.Cond.Wait]:
sync.runtime_notifyListWait(0xc028e24c90, 0x16)
	/usr/lib/go/src/runtime/sema.go:597 +0x159
sync.(*Cond).Wait(0xc01b4787d0?)
	/usr/lib/go/src/sync/cond.go:71 +0x85
github.com/centrifugal/centrifuge/internal/dissolve.(*queueImpl).Wait(0xc028e3d810)
	/home/mariell/go/pkg/mod/github.com/centrifugal/centrifuge@v0.33.3/internal/dissolve/queue.go:139 +0x4a
github.com/centrifugal/centrifuge/internal/dissolve.(*Dissolver).runWorker(0xc028d11578)
	/home/mariell/go/pkg/mod/github.com/centrifugal/centrifuge@v0.33.3/internal/dissolve/dissolve.go:52 +0x27
created by github.com/centrifugal/centrifuge/internal/dissolve.(*Dissolver).Run in goroutine 48632
	/home/mariell/go/pkg/mod/github.com/centrifugal/centrifuge@v0.33.3/internal/dissolve/dissolve.go:31 +0x25

goroutine 51295 [sync.Cond.Wait]:
sync.runtime_notifyListWait(0xc01afe9210, 0x6)
	/usr/lib/go/src/runtime/sema.go:597 +0x159
sync.(*Cond).Wait(0xc01b423fd0?)
	/usr/lib/go/src/sync/cond.go:71 +0x85
github.com/centrifugal/centrifuge/internal/dissolve.(*queueImpl).Wait(0xc020f245b0)
	/home/mariell/go/pkg/mod/github.com/centrifugal/centrifuge@v0.33.3/internal/dissolve/queue.go:139 +0x4a
github.com/centrifugal/centrifuge/internal/dissolve.(*Dissolver).runWorker(0xc02834aab0)
	/home/mariell/go/pkg/mod/github.com/centrifugal/centrifuge@v0.33.3/internal/dissolve/dissolve.go:52 +0x27
created by github.com/centrifugal/centrifuge/internal/dissolve.(*Dissolver).Run in goroutine 50170
	/home/mariell/go/pkg/mod/github.com/centrifugal/centrifuge@v0.33.3/internal/dissolve/dissolve.go:31 +0x25

goroutine 50149 [IO wait]:
internal/poll.runtime_pollWait(0x777550274670, 0x72)
	/usr/lib/go/src/runtime/netpoll.go:351 +0x85
internal/poll.(*pollDesc).wait(0xc029421880?, 0xc023804c00?, 0x0)
	/usr/lib/go/src/internal/poll/fd_poll_runtime.go:84 +0x27
internal/poll.(*pollDesc).waitRead(...)
	/usr/lib/go/src/internal/poll/fd_poll_runtime.go:89
internal/poll.(*FD).Read(0xc029421880, {0xc023804c00, 0x1300, 0x1300})
	/usr/lib/go/src/internal/poll/fd_unix.go:165 +0x27a
net.(*netFD).Read(0xc029421880, {0xc023804c00?, 0xc00013e008?, 0xc01daaa330?})
	/usr/lib/go/src/net/fd_posix.go:55 +0x25
net.(*conn).Read(0xc0007e5f40, {0xc023804c00?, 0x777558309890?, 0x7775a8b28108?})
	/usr/lib/go/src/net/net.go:194 +0x45
crypto/tls.(*atLeastReader).Read(0xc012468dc8, {0xc023804c00?, 0x2a?, 0x5?})
	/usr/lib/go/src/crypto/tls/conn.go:809 +0x3b
bytes.(*Buffer).ReadFrom(0xc017635eb8, {0xa94e300, 0xc012468dc8})
	/usr/lib/go/src/bytes/buffer.go:211 +0x98
crypto/tls.(*Conn).readFromUntil(0xc017635c08, {0xa94dc00, 0xc0007e5f40}, 0x444af4?)
	/usr/lib/go/src/crypto/tls/conn.go:831 +0xde
crypto/tls.(*Conn).readRecordOrCCS(0xc017635c08, 0x0)
	/usr/lib/go/src/crypto/tls/conn.go:629 +0x3cf
crypto/tls.(*Conn).readRecord(...)
	/usr/lib/go/src/crypto/tls/conn.go:591
crypto/tls.(*Conn).Read(0xc017635c08, {0xc0297c4000, 0x1000, 0x7775a8b28108?})
	/usr/lib/go/src/crypto/tls/conn.go:1385 +0x145
net/http.(*persistConn).Read(0xc01a1c8360, {0xc0297c4000?, 0x4141c5?, 0x68?})
	/usr/lib/go/src/net/http/transport.go:2122 +0x47
bufio.(*Reader).fill(0xc0297be360)
	/usr/lib/go/src/bufio/bufio.go:113 +0x103
bufio.(*Reader).Peek(0xc0297be360, 0x1)
	/usr/lib/go/src/bufio/bufio.go:152 +0x53
net/http.(*persistConn).readLoop(0xc01a1c8360)
	/usr/lib/go/src/net/http/transport.go:2275 +0x172
created by net/http.(*Transport).dialConn in goroutine 50025
	/usr/lib/go/src/net/http/transport.go:1944 +0x174f

goroutine 51285 [select]:
github.com/centrifugal/centrifuge.(*Node).cleanNodeInfo(0xc02799cb48)
	/home/mariell/go/pkg/mod/github.com/centrifugal/centrifuge@v0.33.3/node.go:394 +0x90
created by github.com/centrifugal/centrifuge.(*Node).Run in goroutine 50170
	/home/mariell/go/pkg/mod/github.com/centrifugal/centrifuge@v0.33.3/node.go:261 +0x265

goroutine 45134 [select]:
net/http.(*persistConn).writeLoop(0xc02471e480)
	/usr/lib/go/src/net/http/transport.go:2590 +0xe7
created by net/http.(*Transport).dialConn in goroutine 44072
	/usr/lib/go/src/net/http/transport.go:1945 +0x17a5

goroutine 45589 [select]:
k8s.io/apimachinery/pkg/util/wait.BackoffUntil(0xc02794c640, {0xa95ac00, 0xc026fa2390}, 0x1, 0xc0169bc9a0)
	/home/mariell/go/pkg/mod/k8s.io/apimachinery@v0.32.1/pkg/util/wait/backoff.go:238 +0x12c
k8s.io/apimachinery/pkg/util/wait.JitterUntil(0xc02794c640, 0x3b9aca00, 0x3ff3333333333333, 0x1, 0xc0169bc9a0)
	/home/mariell/go/pkg/mod/k8s.io/apimachinery@v0.32.1/pkg/util/wait/backoff.go:204 +0x7f
created by k8s.io/apiserver/pkg/registry/generic/registry.(*Store).startObservingCount in goroutine 45410
	/home/mariell/go/pkg/mod/k8s.io/apiserver@v0.32.1/pkg/registry/generic/registry/store.go:1666 +0x2f9

goroutine 54370 [sync.Cond.Wait]:
sync.runtime_notifyListWait(0xc02667f850, 0x24)
	/usr/lib/go/src/runtime/sema.go:597 +0x159
sync.(*Cond).Wait(0x100000000000000?)
	/usr/lib/go/src/sync/cond.go:71 +0x85
github.com/centrifugal/centrifuge/internal/dissolve.(*queueImpl).Wait(0xc029e6aa10)
	/home/mariell/go/pkg/mod/github.com/centrifugal/centrifuge@v0.33.3/internal/dissolve/queue.go:139 +0x4a
github.com/centrifugal/centrifuge/internal/dissolve.(*Dissolver).runWorker(0xc015fed548)
	/home/mariell/go/pkg/mod/github.com/centrifugal/centrifuge@v0.33.3/internal/dissolve/dissolve.go:52 +0x27
created by github.com/centrifugal/centrifuge/internal/dissolve.(*Dissolver).Run in goroutine 53243
	/home/mariell/go/pkg/mod/github.com/centrifugal/centrifuge@v0.33.3/internal/dissolve/dissolve.go:31 +0x25

goroutine 45150 [sync.Cond.Wait]:
sync.runtime_notifyListWait(0xc026bf9c10, 0xb)
	/usr/lib/go/src/runtime/sema.go:597 +0x159
sync.(*Cond).Wait(0xc02125afd0?)
	/usr/lib/go/src/sync/cond.go:71 +0x85
github.com/centrifugal/centrifuge/internal/dissolve.(*queueImpl).Wait(0xc026c14c40)
	/home/mariell/go/pkg/mod/github.com/centrifugal/centrifuge@v0.33.3/internal/dissolve/queue.go:139 +0x4a
github.com/centrifugal/centrifuge/internal/dissolve.(*Dissolver).runWorker(0xc026b0b128)
	/home/mariell/go/pkg/mod/github.com/centrifugal/centrifuge@v0.33.3/internal/dissolve/dissolve.go:52 +0x27
created by github.com/centrifugal/centrifuge/internal/dissolve.(*Dissolver).Run in goroutine 44067
	/home/mariell/go/pkg/mod/github.com/centrifugal/centrifuge@v0.33.3/internal/dissolve/dissolve.go:31 +0x25

goroutine 51325 [sync.Cond.Wait]:
sync.runtime_notifyListWait(0xc01afe9210, 0x24)
	/usr/lib/go/src/runtime/sema.go:597 +0x159
sync.(*Cond).Wait(0x0?)
	/usr/lib/go/src/sync/cond.go:71 +0x85
github.com/centrifugal/centrifuge/internal/dissolve.(*queueImpl).Wait(0xc020f245b0)
	/home/mariell/go/pkg/mod/github.com/centrifugal/centrifuge@v0.33.3/internal/dissolve/queue.go:139 +0x4a
github.com/centrifugal/centrifuge/internal/dissolve.(*Dissolver).runWorker(0xc02834aab0)
	/home/mariell/go/pkg/mod/github.com/centrifugal/centrifuge@v0.33.3/internal/dissolve/dissolve.go:52 +0x27
created by github.com/centrifugal/centrifuge/internal/dissolve.(*Dissolver).Run in goroutine 50170
	/home/mariell/go/pkg/mod/github.com/centrifugal/centrifuge@v0.33.3/internal/dissolve/dissolve.go:31 +0x25

goroutine 45151 [sync.Cond.Wait]:
sync.runtime_notifyListWait(0xc026bf9c10, 0xc)
	/usr/lib/go/src/runtime/sema.go:597 +0x159
sync.(*Cond).Wait(0x0?)
	/usr/lib/go/src/sync/cond.go:71 +0x85
github.com/centrifugal/centrifuge/internal/dissolve.(*queueImpl).Wait(0xc026c14c40)
	/home/mariell/go/pkg/mod/github.com/centrifugal/centrifuge@v0.33.3/internal/dissolve/queue.go:139 +0x4a
github.com/centrifugal/centrifuge/internal/dissolve.(*Dissolver).runWorker(0xc026b0b128)
	/home/mariell/go/pkg/mod/github.com/centrifugal/centrifuge@v0.33.3/internal/dissolve/dissolve.go:52 +0x27
created by github.com/centrifugal/centrifuge/internal/dissolve.(*Dissolver).Run in goroutine 44067
	/home/mariell/go/pkg/mod/github.com/centrifugal/centrifuge@v0.33.3/internal/dissolve/dissolve.go:31 +0x25

goroutine 45017 [chan receive]:
github.com/grafana/grafana/pkg/storage/unified/resource.(*server).initWatcher.func1.1()
	/home/mariell/work/oss/grafana/pkg/storage/unified/resource/server.go:922 +0x58
created by github.com/grafana/grafana/pkg/storage/unified/resource.(*server).initWatcher.func1 in goroutine 44067
	/home/mariell/work/oss/grafana/pkg/storage/unified/resource/server.go:921 +0xaa

goroutine 45152 [sync.Cond.Wait]:
sync.runtime_notifyListWait(0xc026bf9c10, 0xd)
	/usr/lib/go/src/runtime/sema.go:597 +0x159
sync.(*Cond).Wait(0x0?)
	/usr/lib/go/src/sync/cond.go:71 +0x85
github.com/centrifugal/centrifuge/internal/dissolve.(*queueImpl).Wait(0xc026c14c40)
	/home/mariell/go/pkg/mod/github.com/centrifugal/centrifuge@v0.33.3/internal/dissolve/queue.go:139 +0x4a
github.com/centrifugal/centrifuge/internal/dissolve.(*Dissolver).runWorker(0xc026b0b128)
	/home/mariell/go/pkg/mod/github.com/centrifugal/centrifuge@v0.33.3/internal/dissolve/dissolve.go:52 +0x27
created by github.com/centrifugal/centrifuge/internal/dissolve.(*Dissolver).Run in goroutine 44067
	/home/mariell/go/pkg/mod/github.com/centrifugal/centrifuge@v0.33.3/internal/dissolve/dissolve.go:31 +0x25

goroutine 45195 [sync.Cond.Wait]:
sync.runtime_notifyListWait(0xc026bf9c10, 0x38)
	/usr/lib/go/src/runtime/sema.go:597 +0x159
sync.(*Cond).Wait(0xc02124d7d0?)
	/usr/lib/go/src/sync/cond.go:71 +0x85
github.com/centrifugal/centrifuge/internal/dissolve.(*queueImpl).Wait(0xc026c14c40)
	/home/mariell/go/pkg/mod/github.com/centrifugal/centrifuge@v0.33.3/internal/dissolve/queue.go:139 +0x4a
github.com/centrifugal/centrifuge/internal/dissolve.(*Dissolver).runWorker(0xc026b0b128)
	/home/mariell/go/pkg/mod/github.com/centrifugal/centrifuge@v0.33.3/internal/dissolve/dissolve.go:52 +0x27
created by github.com/centrifugal/centrifuge/internal/dissolve.(*Dissolver).Run in goroutine 44067
	/home/mariell/go/pkg/mod/github.com/centrifugal/centrifuge@v0.33.3/internal/dissolve/dissolve.go:31 +0x25

goroutine 46705 [sync.Cond.Wait]:
sync.runtime_notifyListWait(0xc016303990, 0xb)
	/usr/lib/go/src/runtime/sema.go:597 +0x159
sync.(*Cond).Wait(0x0?)
	/usr/lib/go/src/sync/cond.go:71 +0x85
github.com/centrifugal/centrifuge/internal/dissolve.(*queueImpl).Wait(0xc020154850)
	/home/mariell/go/pkg/mod/github.com/centrifugal/centrifuge@v0.33.3/internal/dissolve/queue.go:139 +0x4a
github.com/centrifugal/centrifuge/internal/dissolve.(*Dissolver).runWorker(0xc00b4e8b40)
	/home/mariell/go/pkg/mod/github.com/centrifugal/centrifuge@v0.33.3/internal/dissolve/dissolve.go:52 +0x27
created by github.com/centrifugal/centrifuge/internal/dissolve.(*Dissolver).Run in goroutine 45402
	/home/mariell/go/pkg/mod/github.com/centrifugal/centrifuge@v0.33.3/internal/dissolve/dissolve.go:31 +0x25

goroutine 51070 [chan receive]:
github.com/grafana/grafana/pkg/storage/unified/resource.(*server).initWatcher.func1.1()
	/home/mariell/work/oss/grafana/pkg/storage/unified/resource/server.go:922 +0x58
created by github.com/grafana/grafana/pkg/storage/unified/resource.(*server).initWatcher.func1 in goroutine 53139
	/home/mariell/work/oss/grafana/pkg/storage/unified/resource/server.go:921 +0xaa

goroutine 45189 [sync.Cond.Wait]:
sync.runtime_notifyListWait(0xc026bf9c10, 0x32)
	/usr/lib/go/src/runtime/sema.go:597 +0x159
sync.(*Cond).Wait(0x0?)
	/usr/lib/go/src/sync/cond.go:71 +0x85
github.com/centrifugal/centrifuge/internal/dissolve.(*queueImpl).Wait(0xc026c14c40)
	/home/mariell/go/pkg/mod/github.com/centrifugal/centrifuge@v0.33.3/internal/dissolve/queue.go:139 +0x4a
github.com/centrifugal/centrifuge/internal/dissolve.(*Dissolver).runWorker(0xc026b0b128)
	/home/mariell/go/pkg/mod/github.com/centrifugal/centrifuge@v0.33.3/internal/dissolve/dissolve.go:52 +0x27
created by github.com/centrifugal/centrifuge/internal/dissolve.(*Dissolver).Run in goroutine 44067
	/home/mariell/go/pkg/mod/github.com/centrifugal/centrifuge@v0.33.3/internal/dissolve/dissolve.go:31 +0x25

goroutine 45197 [sync.Cond.Wait]:
sync.runtime_notifyListWait(0xc026bf9c10, 0x3a)
	/usr/lib/go/src/runtime/sema.go:597 +0x159
sync.(*Cond).Wait(0xc0212577d0?)
	/usr/lib/go/src/sync/cond.go:71 +0x85
github.com/centrifugal/centrifuge/internal/dissolve.(*queueImpl).Wait(0xc026c14c40)
	/home/mariell/go/pkg/mod/github.com/centrifugal/centrifuge@v0.33.3/internal/dissolve/queue.go:139 +0x4a
github.com/centrifugal/centrifuge/internal/dissolve.(*Dissolver).runWorker(0xc026b0b128)
	/home/mariell/go/pkg/mod/github.com/centrifugal/centrifuge@v0.33.3/internal/dissolve/dissolve.go:52 +0x27
created by github.com/centrifugal/centrifuge/internal/dissolve.(*Dissolver).Run in goroutine 44067
	/home/mariell/go/pkg/mod/github.com/centrifugal/centrifuge@v0.33.3/internal/dissolve/dissolve.go:31 +0x25

goroutine 53254 [select]:
k8s.io/apimachinery/pkg/util/wait.BackoffUntil(0xc010e0d700, {0xa95ac00, 0xc024374960}, 0x1, 0xc03084f030)
	/home/mariell/go/pkg/mod/k8s.io/apimachinery@v0.32.1/pkg/util/wait/backoff.go:238 +0x12c
k8s.io/apimachinery/pkg/util/wait.JitterUntil(0xc010e0d700, 0x3b9aca00, 0x3ff3333333333333, 0x1, 0xc03084f030)
	/home/mariell/go/pkg/mod/k8s.io/apimachinery@v0.32.1/pkg/util/wait/backoff.go:204 +0x7f
created by k8s.io/apiserver/pkg/registry/generic/registry.(*Store).startObservingCount in goroutine 53139
	/home/mariell/go/pkg/mod/k8s.io/apiserver@v0.32.1/pkg/registry/generic/registry/store.go:1666 +0x2f9

goroutine 53253 [select]:
k8s.io/apimachinery/pkg/util/wait.BackoffUntil(0xc010e0d580, {0xa95ac00, 0xc0297e2690}, 0x1, 0xc03084efc0)
	/home/mariell/go/pkg/mod/k8s.io/apimachinery@v0.32.1/pkg/util/wait/backoff.go:238 +0x12c
k8s.io/apimachinery/pkg/util/wait.JitterUntil(0xc010e0d580, 0x3b9aca00, 0x3ff3333333333333, 0x1, 0xc03084efc0)
	/home/mariell/go/pkg/mod/k8s.io/apimachinery@v0.32.1/pkg/util/wait/backoff.go:204 +0x7f
created by k8s.io/apiserver/pkg/registry/generic/registry.(*Store).startObservingCount in goroutine 53139
	/home/mariell/go/pkg/mod/k8s.io/apiserver@v0.32.1/pkg/registry/generic/registry/store.go:1666 +0x2f9

goroutine 54365 [sync.Cond.Wait]:
sync.runtime_notifyListWait(0xc02667f850, 0x1f)
	/usr/lib/go/src/runtime/sema.go:597 +0x159
sync.(*Cond).Wait(0x0?)
	/usr/lib/go/src/sync/cond.go:71 +0x85
github.com/centrifugal/centrifuge/internal/dissolve.(*queueImpl).Wait(0xc029e6aa10)
	/home/mariell/go/pkg/mod/github.com/centrifugal/centrifuge@v0.33.3/internal/dissolve/queue.go:139 +0x4a
github.com/centrifugal/centrifuge/internal/dissolve.(*Dissolver).runWorker(0xc015fed548)
	/home/mariell/go/pkg/mod/github.com/centrifugal/centrifuge@v0.33.3/internal/dissolve/dissolve.go:52 +0x27
created by github.com/centrifugal/centrifuge/internal/dissolve.(*Dissolver).Run in goroutine 53243
	/home/mariell/go/pkg/mod/github.com/centrifugal/centrifuge@v0.33.3/internal/dissolve/dissolve.go:31 +0x25

goroutine 45196 [sync.Cond.Wait]:
sync.runtime_notifyListWait(0xc026bf9c10, 0x39)
	/usr/lib/go/src/runtime/sema.go:597 +0x159
sync.(*Cond).Wait(0x0?)
	/usr/lib/go/src/sync/cond.go:71 +0x85
github.com/centrifugal/centrifuge/internal/dissolve.(*queueImpl).Wait(0xc026c14c40)
	/home/mariell/go/pkg/mod/github.com/centrifugal/centrifuge@v0.33.3/internal/dissolve/queue.go:139 +0x4a
github.com/centrifugal/centrifuge/internal/dissolve.(*Dissolver).runWorker(0xc026b0b128)
	/home/mariell/go/pkg/mod/github.com/centrifugal/centrifuge@v0.33.3/internal/dissolve/dissolve.go:52 +0x27
created by github.com/centrifugal/centrifuge/internal/dissolve.(*Dissolver).Run in goroutine 44067
	/home/mariell/go/pkg/mod/github.com/centrifugal/centrifuge@v0.33.3/internal/dissolve/dissolve.go:31 +0x25

goroutine 75129 [chan receive]:
github.com/grafana/grafana/pkg/storage/unified/resource.(*server).initWatcher.func1.1()
	/home/mariell/work/oss/grafana/pkg/storage/unified/resource/server.go:922 +0x58
created by github.com/grafana/grafana/pkg/storage/unified/resource.(*server).initWatcher.func1 in goroutine 56141
	/home/mariell/work/oss/grafana/pkg/storage/unified/resource/server.go:921 +0xaa

goroutine 58925 [sync.Cond.Wait]:
sync.runtime_notifyListWait(0xc01f861010, 0x37)
	/usr/lib/go/src/runtime/sema.go:597 +0x159
sync.(*Cond).Wait(0x10000c02be5a7d0?)
	/usr/lib/go/src/sync/cond.go:71 +0x85
github.com/centrifugal/centrifuge/internal/dissolve.(*queueImpl).Wait(0xc01921b6c0)
	/home/mariell/go/pkg/mod/github.com/centrifugal/centrifuge@v0.33.3/internal/dissolve/queue.go:139 +0x4a
github.com/centrifugal/centrifuge/internal/dissolve.(*Dissolver).runWorker(0xc0243b2a20)
	/home/mariell/go/pkg/mod/github.com/centrifugal/centrifuge@v0.33.3/internal/dissolve/dissolve.go:52 +0x27
created by github.com/centrifugal/centrifuge/internal/dissolve.(*Dissolver).Run in goroutine 57831
	/home/mariell/go/pkg/mod/github.com/centrifugal/centrifuge@v0.33.3/internal/dissolve/dissolve.go:31 +0x25

goroutine 45596 [select]:
github.com/grafana/grafana/pkg/storage/unified/resource.(*cache[...]).run(0xc026eee4b0)
	/home/mariell/work/oss/grafana/pkg/storage/unified/resource/broadcaster.go:291 +0xb0
created by github.com/grafana/grafana/pkg/storage/unified/resource.newChannelCache[...] in goroutine 45410
	/home/mariell/work/oss/grafana/pkg/storage/unified/resource/broadcaster.go:276 +0x189

goroutine 45119 [select]:
github.com/centrifugal/centrifuge.(*MemoryBroker).expireResultCache(0xc026c03180)
	/home/mariell/go/pkg/mod/github.com/centrifugal/centrifuge@v0.33.3/broker_memory.go:160 +0x68
created by github.com/centrifugal/centrifuge.(*MemoryBroker).Run in goroutine 44067
	/home/mariell/go/pkg/mod/github.com/centrifugal/centrifuge@v0.33.3/broker_memory.go:73 +0x7f

goroutine 45437 [select]:
go.opentelemetry.io/otel/sdk/trace.(*batchSpanProcessor).processQueue(0xc016984b40)
	/home/mariell/go/pkg/mod/go.opentelemetry.io/otel/sdk@v1.34.0/trace/batch_span_processor.go:302 +0x114
go.opentelemetry.io/otel/sdk/trace.NewBatchSpanProcessor.func1()
	/home/mariell/go/pkg/mod/go.opentelemetry.io/otel/sdk@v1.34.0/trace/batch_span_processor.go:117 +0x4e
created by go.opentelemetry.io/otel/sdk/trace.NewBatchSpanProcessor in goroutine 44067
	/home/mariell/go/pkg/mod/go.opentelemetry.io/otel/sdk@v1.34.0/trace/batch_span_processor.go:115 +0x2d9

goroutine 45595 [chan receive]:
github.com/grafana/grafana/pkg/storage/unified/resource.(*server).initWatcher.func1.1()
	/home/mariell/work/oss/grafana/pkg/storage/unified/resource/server.go:922 +0x58
created by github.com/grafana/grafana/pkg/storage/unified/resource.(*server).initWatcher.func1 in goroutine 45410
	/home/mariell/work/oss/grafana/pkg/storage/unified/resource/server.go:921 +0xaa

goroutine 45598 [select]:
k8s.io/apimachinery/pkg/util/wait.BackoffUntil(0xc027b62b40, {0xa95ac00, 0xc01f2fdcb0}, 0x1, 0xc0279eef50)
	/home/mariell/go/pkg/mod/k8s.io/apimachinery@v0.32.1/pkg/util/wait/backoff.go:238 +0x12c
k8s.io/apimachinery/pkg/util/wait.JitterUntil(0xc027b62b40, 0x3b9aca00, 0x3ff3333333333333, 0x1, 0xc0279eef50)
	/home/mariell/go/pkg/mod/k8s.io/apimachinery@v0.32.1/pkg/util/wait/backoff.go:204 +0x7f
created by k8s.io/apiserver/pkg/registry/generic/registry.(*Store).startObservingCount in goroutine 45410
	/home/mariell/go/pkg/mod/k8s.io/apiserver@v0.32.1/pkg/registry/generic/registry/store.go:1666 +0x2f9

goroutine 77169 [select]:
github.com/centrifugal/centrifuge.(*historyHub).expireStreams(0xc047ed9100)
	/home/mariell/go/pkg/mod/github.com/centrifugal/centrifuge@v0.33.3/broker_memory.go:298 +0x75
created by github.com/centrifugal/centrifuge.(*historyHub).runCleanups in goroutine 3350
	/home/mariell/go/pkg/mod/github.com/centrifugal/centrifuge@v0.33.3/broker_memory.go:252 +0x56

goroutine 45176 [sync.Cond.Wait]:
sync.runtime_notifyListWait(0xc026bf9c10, 0x25)
	/usr/lib/go/src/runtime/sema.go:597 +0x159
sync.(*Cond).Wait(0x0?)
	/usr/lib/go/src/sync/cond.go:71 +0x85
github.com/centrifugal/centrifuge/internal/dissolve.(*queueImpl).Wait(0xc026c14c40)
	/home/mariell/go/pkg/mod/github.com/centrifugal/centrifuge@v0.33.3/internal/dissolve/queue.go:139 +0x4a
github.com/centrifugal/centrifuge/internal/dissolve.(*Dissolver).runWorker(0xc026b0b128)
	/home/mariell/go/pkg/mod/github.com/centrifugal/centrifuge@v0.33.3/internal/dissolve/dissolve.go:52 +0x27
created by github.com/centrifugal/centrifuge/internal/dissolve.(*Dissolver).Run in goroutine 44067
	/home/mariell/go/pkg/mod/github.com/centrifugal/centrifuge@v0.33.3/internal/dissolve/dissolve.go:31 +0x25

goroutine 45178 [sync.Cond.Wait]:
sync.runtime_notifyListWait(0xc026bf9c10, 0x27)
	/usr/lib/go/src/runtime/sema.go:597 +0x159
sync.(*Cond).Wait(0x0?)
	/usr/lib/go/src/sync/cond.go:71 +0x85
github.com/centrifugal/centrifuge/internal/dissolve.(*queueImpl).Wait(0xc026c14c40)
	/home/mariell/go/pkg/mod/github.com/centrifugal/centrifuge@v0.33.3/internal/dissolve/queue.go:139 +0x4a
github.com/centrifugal/centrifuge/internal/dissolve.(*Dissolver).runWorker(0xc026b0b128)
	/home/mariell/go/pkg/mod/github.com/centrifugal/centrifuge@v0.33.3/internal/dissolve/dissolve.go:52 +0x27
created by github.com/centrifugal/centrifuge/internal/dissolve.(*Dissolver).Run in goroutine 44067
	/home/mariell/go/pkg/mod/github.com/centrifugal/centrifuge@v0.33.3/internal/dissolve/dissolve.go:31 +0x25

goroutine 77354 [sync.Cond.Wait]:
sync.runtime_notifyListWait(0xc045ae3d50, 0x24)
	/usr/lib/go/src/runtime/sema.go:597 +0x159
sync.(*Cond).Wait(0x0?)
	/usr/lib/go/src/sync/cond.go:71 +0x85
github.com/centrifugal/centrifuge/internal/dissolve.(*queueImpl).Wait(0xc045afb420)
	/home/mariell/go/pkg/mod/github.com/centrifugal/centrifuge@v0.33.3/internal/dissolve/queue.go:139 +0x4a
github.com/centrifugal/centrifuge/internal/dissolve.(*Dissolver).runWorker(0xc034b3a078)
	/home/mariell/go/pkg/mod/github.com/centrifugal/centrifuge@v0.33.3/internal/dissolve/dissolve.go:52 +0x27
created by github.com/centrifugal/centrifuge/internal/dissolve.(*Dissolver).Run in goroutine 4437
	/home/mariell/go/pkg/mod/github.com/centrifugal/centrifuge@v0.33.3/internal/dissolve/dissolve.go:31 +0x25

goroutine 77084 [sync.Cond.Wait]:
sync.runtime_notifyListWait(0xc045ae3d50, 0x16)
	/usr/lib/go/src/runtime/sema.go:597 +0x159
sync.(*Cond).Wait(0xc02125ffd0?)
	/usr/lib/go/src/sync/cond.go:71 +0x85
github.com/centrifugal/centrifuge/internal/dissolve.(*queueImpl).Wait(0xc045afb420)
	/home/mariell/go/pkg/mod/github.com/centrifugal/centrifuge@v0.33.3/internal/dissolve/queue.go:139 +0x4a
github.com/centrifugal/centrifuge/internal/dissolve.(*Dissolver).runWorker(0xc034b3a078)
	/home/mariell/go/pkg/mod/github.com/centrifugal/centrifuge@v0.33.3/internal/dissolve/dissolve.go:52 +0x27
created by github.com/centrifugal/centrifuge/internal/dissolve.(*Dissolver).Run in goroutine 4437
	/home/mariell/go/pkg/mod/github.com/centrifugal/centrifuge@v0.33.3/internal/dissolve/dissolve.go:31 +0x25

goroutine 49766 [sync.Cond.Wait]:
sync.runtime_notifyListWait(0xc028e24c90, 0x4)
	/usr/lib/go/src/runtime/sema.go:597 +0x159
sync.(*Cond).Wait(0x0?)
	/usr/lib/go/src/sync/cond.go:71 +0x85
github.com/centrifugal/centrifuge/internal/dissolve.(*queueImpl).Wait(0xc028e3d810)
	/home/mariell/go/pkg/mod/github.com/centrifugal/centrifuge@v0.33.3/internal/dissolve/queue.go:139 +0x4a
github.com/centrifugal/centrifuge/internal/dissolve.(*Dissolver).runWorker(0xc028d11578)
	/home/mariell/go/pkg/mod/github.com/centrifugal/centrifuge@v0.33.3/internal/dissolve/dissolve.go:52 +0x27
created by github.com/centrifugal/centrifuge/internal/dissolve.(*Dissolver).Run in goroutine 48632
	/home/mariell/go/pkg/mod/github.com/centrifugal/centrifuge@v0.33.3/internal/dissolve/dissolve.go:31 +0x25

goroutine 45180 [sync.Cond.Wait]:
sync.runtime_notifyListWait(0xc026bf9c10, 0x29)
	/usr/lib/go/src/runtime/sema.go:597 +0x159
sync.(*Cond).Wait(0x0?)
	/usr/lib/go/src/sync/cond.go:71 +0x85
github.com/centrifugal/centrifuge/internal/dissolve.(*queueImpl).Wait(0xc026c14c40)
	/home/mariell/go/pkg/mod/github.com/centrifugal/centrifuge@v0.33.3/internal/dissolve/queue.go:139 +0x4a
github.com/centrifugal/centrifuge/internal/dissolve.(*Dissolver).runWorker(0xc026b0b128)
	/home/mariell/go/pkg/mod/github.com/centrifugal/centrifuge@v0.33.3/internal/dissolve/dissolve.go:52 +0x27
created by github.com/centrifugal/centrifuge/internal/dissolve.(*Dissolver).Run in goroutine 44067
	/home/mariell/go/pkg/mod/github.com/centrifugal/centrifuge@v0.33.3/internal/dissolve/dissolve.go:31 +0x25

goroutine 51327 [sync.Cond.Wait]:
sync.runtime_notifyListWait(0xc01afe9210, 0x26)
	/usr/lib/go/src/runtime/sema.go:597 +0x159
sync.(*Cond).Wait(0x0?)
	/usr/lib/go/src/sync/cond.go:71 +0x85
github.com/centrifugal/centrifuge/internal/dissolve.(*queueImpl).Wait(0xc020f245b0)
	/home/mariell/go/pkg/mod/github.com/centrifugal/centrifuge@v0.33.3/internal/dissolve/queue.go:139 +0x4a
github.com/centrifugal/centrifuge/internal/dissolve.(*Dissolver).runWorker(0xc02834aab0)
	/home/mariell/go/pkg/mod/github.com/centrifugal/centrifuge@v0.33.3/internal/dissolve/dissolve.go:52 +0x27
created by github.com/centrifugal/centrifuge/internal/dissolve.(*Dissolver).Run in goroutine 50170
	/home/mariell/go/pkg/mod/github.com/centrifugal/centrifuge@v0.33.3/internal/dissolve/dissolve.go:31 +0x25

goroutine 44968 [select]:
github.com/patrickmn/go-cache.(*janitor).Run(0xc026609660, 0xc021d37080)
	/home/mariell/go/pkg/mod/github.com/patrickmn/go-cache@v2.1.0+incompatible/cache.go:1079 +0x7b
created by github.com/patrickmn/go-cache.runJanitor in goroutine 44067
	/home/mariell/go/pkg/mod/github.com/patrickmn/go-cache@v2.1.0+incompatible/cache.go:1099 +0xdb

goroutine 46694 [sync.Cond.Wait]:
sync.runtime_notifyListWait(0xc016303990, 0x5)
	/usr/lib/go/src/runtime/sema.go:597 +0x159
sync.(*Cond).Wait(0x0?)
	/usr/lib/go/src/sync/cond.go:71 +0x85
github.com/centrifugal/centrifuge/internal/dissolve.(*queueImpl).Wait(0xc020154850)
	/home/mariell/go/pkg/mod/github.com/centrifugal/centrifuge@v0.33.3/internal/dissolve/queue.go:139 +0x4a
github.com/centrifugal/centrifuge/internal/dissolve.(*Dissolver).runWorker(0xc00b4e8b40)
	/home/mariell/go/pkg/mod/github.com/centrifugal/centrifuge@v0.33.3/internal/dissolve/dissolve.go:52 +0x27
created by github.com/centrifugal/centrifuge/internal/dissolve.(*Dissolver).Run in goroutine 45402
	/home/mariell/go/pkg/mod/github.com/centrifugal/centrifuge@v0.33.3/internal/dissolve/dissolve.go:31 +0x25

goroutine 44970 [select]:
github.com/patrickmn/go-cache.(*janitor).Run(0xc02665a7c0, 0xc021d376c0)
	/home/mariell/go/pkg/mod/github.com/patrickmn/go-cache@v2.1.0+incompatible/cache.go:1079 +0x7b
created by github.com/patrickmn/go-cache.runJanitor in goroutine 44067
	/home/mariell/go/pkg/mod/github.com/patrickmn/go-cache@v2.1.0+incompatible/cache.go:1099 +0xdb

goroutine 44967 [select]:
github.com/patrickmn/go-cache.(*janitor).Run(0xc021d56110, 0xc021d367c0)
	/home/mariell/go/pkg/mod/github.com/patrickmn/go-cache@v2.1.0+incompatible/cache.go:1079 +0x7b
created by github.com/patrickmn/go-cache.runJanitor in goroutine 44067
	/home/mariell/go/pkg/mod/github.com/patrickmn/go-cache@v2.1.0+incompatible/cache.go:1099 +0xdb

goroutine 45191 [sync.Cond.Wait]:
sync.runtime_notifyListWait(0xc026bf9c10, 0x34)
	/usr/lib/go/src/runtime/sema.go:597 +0x159
sync.(*Cond).Wait(0x0?)
	/usr/lib/go/src/sync/cond.go:71 +0x85
github.com/centrifugal/centrifuge/internal/dissolve.(*queueImpl).Wait(0xc026c14c40)
	/home/mariell/go/pkg/mod/github.com/centrifugal/centrifuge@v0.33.3/internal/dissolve/queue.go:139 +0x4a
github.com/centrifugal/centrifuge/internal/dissolve.(*Dissolver).runWorker(0xc026b0b128)
	/home/mariell/go/pkg/mod/github.com/centrifugal/centrifuge@v0.33.3/internal/dissolve/dissolve.go:52 +0x27
created by github.com/centrifugal/centrifuge/internal/dissolve.(*Dissolver).Run in goroutine 44067
	/home/mariell/go/pkg/mod/github.com/centrifugal/centrifuge@v0.33.3/internal/dissolve/dissolve.go:31 +0x25

goroutine 59406 [select]:
database/sql.(*DB).connectionCleaner(0xc00d244750, 0xc00ff5b5e0?)
	/usr/lib/go/src/database/sql/sql.go:1104 +0x9c
created by database/sql.(*DB).startCleanerLocked in goroutine 3350
	/usr/lib/go/src/database/sql/sql.go:1091 +0x105

goroutine 45187 [sync.Cond.Wait]:
sync.runtime_notifyListWait(0xc026bf9c10, 0x30)
	/usr/lib/go/src/runtime/sema.go:597 +0x159
sync.(*Cond).Wait(0x0?)
	/usr/lib/go/src/sync/cond.go:71 +0x85
github.com/centrifugal/centrifuge/internal/dissolve.(*queueImpl).Wait(0xc026c14c40)
	/home/mariell/go/pkg/mod/github.com/centrifugal/centrifuge@v0.33.3/internal/dissolve/queue.go:139 +0x4a
github.com/centrifugal/centrifuge/internal/dissolve.(*Dissolver).runWorker(0xc026b0b128)
	/home/mariell/go/pkg/mod/github.com/centrifugal/centrifuge@v0.33.3/internal/dissolve/dissolve.go:52 +0x27
created by github.com/centrifugal/centrifuge/internal/dissolve.(*Dissolver).Run in goroutine 44067
	/home/mariell/go/pkg/mod/github.com/centrifugal/centrifuge@v0.33.3/internal/dissolve/dissolve.go:31 +0x25

goroutine 45203 [sync.Cond.Wait]:
sync.runtime_notifyListWait(0xc026bf9c10, 0x3f)
	/usr/lib/go/src/runtime/sema.go:597 +0x159
sync.(*Cond).Wait(0xc00c5367d0?)
	/usr/lib/go/src/sync/cond.go:71 +0x85
github.com/centrifugal/centrifuge/internal/dissolve.(*queueImpl).Wait(0xc026c14c40)
	/home/mariell/go/pkg/mod/github.com/centrifugal/centrifuge@v0.33.3/internal/dissolve/queue.go:139 +0x4a
github.com/centrifugal/centrifuge/internal/dissolve.(*Dissolver).runWorker(0xc026b0b128)
	/home/mariell/go/pkg/mod/github.com/centrifugal/centrifuge@v0.33.3/internal/dissolve/dissolve.go:52 +0x27
created by github.com/centrifugal/centrifuge/internal/dissolve.(*Dissolver).Run in goroutine 44067
	/home/mariell/go/pkg/mod/github.com/centrifugal/centrifuge@v0.33.3/internal/dissolve/dissolve.go:31 +0x25

goroutine 75151 [chan receive]:
github.com/grafana/grafana/pkg/storage/unified/sql.(*channelNotifier).notify.func1()
	/home/mariell/work/oss/grafana/pkg/storage/unified/sql/notifier.go:87 +0x39
created by github.com/grafana/grafana/pkg/storage/unified/sql.(*channelNotifier).notify in goroutine 3350
	/home/mariell/work/oss/grafana/pkg/storage/unified/sql/notifier.go:86 +0xdb

goroutine 45599 [select]:
k8s.io/apimachinery/pkg/util/wait.BackoffUntil(0xc027b62c40, {0xa95ac00, 0xc027896000}, 0x1, 0xc0279eefc0)
	/home/mariell/go/pkg/mod/k8s.io/apimachinery@v0.32.1/pkg/util/wait/backoff.go:238 +0x12c
k8s.io/apimachinery/pkg/util/wait.JitterUntil(0xc027b62c40, 0x3b9aca00, 0x3ff3333333333333, 0x1, 0xc0279eefc0)
	/home/mariell/go/pkg/mod/k8s.io/apimachinery@v0.32.1/pkg/util/wait/backoff.go:204 +0x7f
created by k8s.io/apiserver/pkg/registry/generic/registry.(*Store).startObservingCount in goroutine 45410
	/home/mariell/go/pkg/mod/k8s.io/apiserver@v0.32.1/pkg/registry/generic/registry/store.go:1666 +0x2f9

goroutine 58921 [sync.Cond.Wait]:
sync.runtime_notifyListWait(0xc01f861010, 0x33)
	/usr/lib/go/src/runtime/sema.go:597 +0x159
sync.(*Cond).Wait(0x0?)
	/usr/lib/go/src/sync/cond.go:71 +0x85
github.com/centrifugal/centrifuge/internal/dissolve.(*queueImpl).Wait(0xc01921b6c0)
	/home/mariell/go/pkg/mod/github.com/centrifugal/centrifuge@v0.33.3/internal/dissolve/queue.go:139 +0x4a
github.com/centrifugal/centrifuge/internal/dissolve.(*Dissolver).runWorker(0xc0243b2a20)
	/home/mariell/go/pkg/mod/github.com/centrifugal/centrifuge@v0.33.3/internal/dissolve/dissolve.go:52 +0x27
created by github.com/centrifugal/centrifuge/internal/dissolve.(*Dissolver).Run in goroutine 57831
	/home/mariell/go/pkg/mod/github.com/centrifugal/centrifuge@v0.33.3/internal/dissolve/dissolve.go:31 +0x25

goroutine 75333 [sync.Cond.Wait]:
sync.runtime_notifyListWait(0xc00e4b6210, 0x16)
	/usr/lib/go/src/runtime/sema.go:597 +0x159
sync.(*Cond).Wait(0x0?)
	/usr/lib/go/src/sync/cond.go:71 +0x85
github.com/centrifugal/centrifuge/internal/dissolve.(*queueImpl).Wait(0xc043706620)
	/home/mariell/go/pkg/mod/github.com/centrifugal/centrifuge@v0.33.3/internal/dissolve/queue.go:139 +0x4a
github.com/centrifugal/centrifuge/internal/dissolve.(*Dissolver).runWorker(0xc0253d2480)
	/home/mariell/go/pkg/mod/github.com/centrifugal/centrifuge@v0.33.3/internal/dissolve/dissolve.go:52 +0x27
created by github.com/centrifugal/centrifuge/internal/dissolve.(*Dissolver).Run in goroutine 56144
	/home/mariell/go/pkg/mod/github.com/centrifugal/centrifuge@v0.33.3/internal/dissolve/dissolve.go:31 +0x25

goroutine 76393 [sync.Cond.Wait]:
sync.runtime_notifyListWait(0xc045376a50, 0x29)
	/usr/lib/go/src/runtime/sema.go:597 +0x159
sync.(*Cond).Wait(0x0?)
	/usr/lib/go/src/sync/cond.go:71 +0x85
github.com/centrifugal/centrifuge/internal/dissolve.(*queueImpl).Wait(0xc0425a5ce0)
	/home/mariell/go/pkg/mod/github.com/centrifugal/centrifuge@v0.33.3/internal/dissolve/queue.go:139 +0x4a
github.com/centrifugal/centrifuge/internal/dissolve.(*Dissolver).runWorker(0xc0272822a0)
	/home/mariell/go/pkg/mod/github.com/centrifugal/centrifuge@v0.33.3/internal/dissolve/dissolve.go:52 +0x27
created by github.com/centrifugal/centrifuge/internal/dissolve.(*Dissolver).Run in goroutine 3349
	/home/mariell/go/pkg/mod/github.com/centrifugal/centrifuge@v0.33.3/internal/dissolve/dissolve.go:31 +0x25

goroutine 59396 [select]:
database/sql.(*DB).connectionOpener(0xc00d244750, {0xa9d1d00, 0xc00e48aa00})
	/usr/lib/go/src/database/sql/sql.go:1261 +0x87
created by database/sql.OpenDB in goroutine 3350
	/usr/lib/go/src/database/sql/sql.go:841 +0x130

goroutine 54373 [sync.Cond.Wait]:
sync.runtime_notifyListWait(0xc02667f850, 0x1e)
	/usr/lib/go/src/runtime/sema.go:597 +0x159
sync.(*Cond).Wait(0x100000000000000?)
	/usr/lib/go/src/sync/cond.go:71 +0x85
github.com/centrifugal/centrifuge/internal/dissolve.(*queueImpl).Wait(0xc029e6aa10)
	/home/mariell/go/pkg/mod/github.com/centrifugal/centrifuge@v0.33.3/internal/dissolve/queue.go:139 +0x4a
github.com/centrifugal/centrifuge/internal/dissolve.(*Dissolver).runWorker(0xc015fed548)
	/home/mariell/go/pkg/mod/github.com/centrifugal/centrifuge@v0.33.3/internal/dissolve/dissolve.go:52 +0x27
created by github.com/centrifugal/centrifuge/internal/dissolve.(*Dissolver).Run in goroutine 53243
	/home/mariell/go/pkg/mod/github.com/centrifugal/centrifuge@v0.33.3/internal/dissolve/dissolve.go:31 +0x25

goroutine 56158 [IO wait]:
internal/poll.runtime_pollWait(0x77751a6ff9c8, 0x72)
	/usr/lib/go/src/runtime/netpoll.go:351 +0x85
internal/poll.(*pollDesc).wait(0xc029114f00?, 0xc02972e600?, 0x0)
	/usr/lib/go/src/internal/poll/fd_poll_runtime.go:84 +0x27
internal/poll.(*pollDesc).waitRead(...)
	/usr/lib/go/src/internal/poll/fd_poll_runtime.go:89
internal/poll.(*FD).Read(0xc029114f00, {0xc02972e600, 0x1300, 0x1300})
	/usr/lib/go/src/internal/poll/fd_unix.go:165 +0x27a
net.(*netFD).Read(0xc029114f00, {0xc02972e600?, 0x9c4a231087c3a1b0?, 0x6a33188bc5a2b148?})
	/usr/lib/go/src/net/fd_posix.go:55 +0x25
net.(*conn).Read(0xc019cb1bd8, {0xc02972e600?, 0x77755938af80?, 0x7775a8b3f718?})
	/usr/lib/go/src/net/net.go:194 +0x45
crypto/tls.(*atLeastReader).Read(0xc008ca56b0, {0xc02972e600?, 0x764b2390c7e32f32?, 0x66aa008b65606408?})
	/usr/lib/go/src/crypto/tls/conn.go:809 +0x3b
bytes.(*Buffer).ReadFrom(0xc0294302b8, {0xa94e300, 0xc008ca56b0})
	/usr/lib/go/src/bytes/buffer.go:211 +0x98
crypto/tls.(*Conn).readFromUntil(0xc029430008, {0xa94dc00, 0xc019cb1bd8}, 0x444af4?)
	/usr/lib/go/src/crypto/tls/conn.go:831 +0xde
crypto/tls.(*Conn).readRecordOrCCS(0xc029430008, 0x0)
	/usr/lib/go/src/crypto/tls/conn.go:629 +0x3cf
crypto/tls.(*Conn).readRecord(...)
	/usr/lib/go/src/crypto/tls/conn.go:591
crypto/tls.(*Conn).Read(0xc029430008, {0xc02974c000, 0x1000, 0x7775a8b3f718?})
	/usr/lib/go/src/crypto/tls/conn.go:1385 +0x145
net/http.(*persistConn).Read(0xc02b8c8000, {0xc02974c000?, 0x4141c5?, 0x68?})
	/usr/lib/go/src/net/http/transport.go:2122 +0x47
bufio.(*Reader).fill(0xc029742960)
	/usr/lib/go/src/bufio/bufio.go:113 +0x103
bufio.(*Reader).Peek(0xc029742960, 0x1)
	/usr/lib/go/src/bufio/bufio.go:152 +0x53
net/http.(*persistConn).readLoop(0xc02b8c8000)
	/usr/lib/go/src/net/http/transport.go:2275 +0x172
created by net/http.(*Transport).dialConn in goroutine 54337
	/usr/lib/go/src/net/http/transport.go:1944 +0x174f

goroutine 45137 [IO wait]:
internal/poll.runtime_pollWait(0x77755073a6e8, 0x72)
	/usr/lib/go/src/runtime/netpoll.go:351 +0x85
internal/poll.(*pollDesc).wait(0xc027291600?, 0xc02726f300?, 0x0)
	/usr/lib/go/src/internal/poll/fd_poll_runtime.go:84 +0x27
internal/poll.(*pollDesc).waitRead(...)
	/usr/lib/go/src/internal/poll/fd_poll_runtime.go:89
internal/poll.(*FD).Read(0xc027291600, {0xc02726f300, 0x1300, 0x1300})
	/usr/lib/go/src/internal/poll/fd_unix.go:165 +0x27a
net.(*netFD).Read(0xc027291600, {0xc02726f300?, 0x5?, 0x11ab1bc8?})
	/usr/lib/go/src/net/fd_posix.go:55 +0x25
net.(*conn).Read(0xc01678e0f8, {0xc02726f300?, 0x77755935fef8?, 0x7775a8b285c0?})
	/usr/lib/go/src/net/net.go:194 +0x45
crypto/tls.(*atLeastReader).Read(0xc01630cc60, {0xc02726f300?, 0x11abda20?, 0xc0271009c8?})
	/usr/lib/go/src/crypto/tls/conn.go:809 +0x3b
bytes.(*Buffer).ReadFrom(0xc01c959eb8, {0xa94e300, 0xc01630cc60})
	/usr/lib/go/src/bytes/buffer.go:211 +0x98
crypto/tls.(*Conn).readFromUntil(0xc01c959c08, {0xa94dc00, 0xc01678e0f8}, 0x444af4?)
	/usr/lib/go/src/crypto/tls/conn.go:831 +0xde
crypto/tls.(*Conn).readRecordOrCCS(0xc01c959c08, 0x0)
	/usr/lib/go/src/crypto/tls/conn.go:629 +0x3cf
crypto/tls.(*Conn).readRecord(...)
	/usr/lib/go/src/crypto/tls/conn.go:591
crypto/tls.(*Conn).Read(0xc01c959c08, {0xc02748a000, 0x1000, 0xc0169865a0?})
	/usr/lib/go/src/crypto/tls/conn.go:1385 +0x145
net/http.(*persistConn).Read(0xc0169c0000, {0xc02748a000?, 0x81fe45?, 0xa94be80?})
	/usr/lib/go/src/net/http/transport.go:2122 +0x47
bufio.(*Reader).fill(0xc02727b620)
	/usr/lib/go/src/bufio/bufio.go:113 +0x103
bufio.(*Reader).Peek(0xc02727b620, 0x1)
	/usr/lib/go/src/bufio/bufio.go:152 +0x53
net/http.(*persistConn).readLoop(0xc0169c0000)
	/usr/lib/go/src/net/http/transport.go:2275 +0x172
created by net/http.(*Transport).dialConn in goroutine 45426
	/usr/lib/go/src/net/http/transport.go:1944 +0x174f

goroutine 75073 [select]:
github.com/grafana/grafana/pkg/storage/unified/resource.(*cache[...]).run(0xc00e380f00)
	/home/mariell/work/oss/grafana/pkg/storage/unified/resource/broadcaster.go:291 +0xb0
created by github.com/grafana/grafana/pkg/storage/unified/resource.newChannelCache[...] in goroutine 3351
	/home/mariell/work/oss/grafana/pkg/storage/unified/resource/broadcaster.go:276 +0x189

goroutine 51568 [select]:
database/sql.(*DB).connectionCleaner(0xc00ad06ea0, 0xc00d5c8ee0?)
	/usr/lib/go/src/database/sql/sql.go:1104 +0x9c
created by database/sql.(*DB).startCleanerLocked in goroutine 53243
	/usr/lib/go/src/database/sql/sql.go:1091 +0x105

goroutine 46695 [sync.Cond.Wait]:
sync.runtime_notifyListWait(0xc016303990, 0x6)
	/usr/lib/go/src/runtime/sema.go:597 +0x159
sync.(*Cond).Wait(0x0?)
	/usr/lib/go/src/sync/cond.go:71 +0x85
github.com/centrifugal/centrifuge/internal/dissolve.(*queueImpl).Wait(0xc020154850)
	/home/mariell/go/pkg/mod/github.com/centrifugal/centrifuge@v0.33.3/internal/dissolve/queue.go:139 +0x4a
github.com/centrifugal/centrifuge/internal/dissolve.(*Dissolver).runWorker(0xc00b4e8b40)
	/home/mariell/go/pkg/mod/github.com/centrifugal/centrifuge@v0.33.3/internal/dissolve/dissolve.go:52 +0x27
created by github.com/centrifugal/centrifuge/internal/dissolve.(*Dissolver).Run in goroutine 45402
	/home/mariell/go/pkg/mod/github.com/centrifugal/centrifuge@v0.33.3/internal/dissolve/dissolve.go:31 +0x25

goroutine 77360 [sync.Cond.Wait]:
sync.runtime_notifyListWait(0xc045ae3d50, 0x2a)
	/usr/lib/go/src/runtime/sema.go:597 +0x159
sync.(*Cond).Wait(0xc01e92afd0?)
	/usr/lib/go/src/sync/cond.go:71 +0x85
github.com/centrifugal/centrifuge/internal/dissolve.(*queueImpl).Wait(0xc045afb420)
	/home/mariell/go/pkg/mod/github.com/centrifugal/centrifuge@v0.33.3/internal/dissolve/queue.go:139 +0x4a
github.com/centrifugal/centrifuge/internal/dissolve.(*Dissolver).runWorker(0xc034b3a078)
	/home/mariell/go/pkg/mod/github.com/centrifugal/centrifuge@v0.33.3/internal/dissolve/dissolve.go:52 +0x27
created by github.com/centrifugal/centrifuge/internal/dissolve.(*Dissolver).Run in goroutine 4437
	/home/mariell/go/pkg/mod/github.com/centrifugal/centrifuge@v0.33.3/internal/dissolve/dissolve.go:31 +0x25

goroutine 46732 [sync.Cond.Wait]:
sync.runtime_notifyListWait(0xc016303990, 0x28)
	/usr/lib/go/src/runtime/sema.go:597 +0x159
sync.(*Cond).Wait(0x0?)
	/usr/lib/go/src/sync/cond.go:71 +0x85
github.com/centrifugal/centrifuge/internal/dissolve.(*queueImpl).Wait(0xc020154850)
	/home/mariell/go/pkg/mod/github.com/centrifugal/centrifuge@v0.33.3/internal/dissolve/queue.go:139 +0x4a
github.com/centrifugal/centrifuge/internal/dissolve.(*Dissolver).runWorker(0xc00b4e8b40)
	/home/mariell/go/pkg/mod/github.com/centrifugal/centrifuge@v0.33.3/internal/dissolve/dissolve.go:52 +0x27
created by github.com/centrifugal/centrifuge/internal/dissolve.(*Dissolver).Run in goroutine 45402
	/home/mariell/go/pkg/mod/github.com/centrifugal/centrifuge@v0.33.3/internal/dissolve/dissolve.go:31 +0x25

goroutine 46730 [sync.Cond.Wait]:
sync.runtime_notifyListWait(0xc016303990, 0x2e)
	/usr/lib/go/src/runtime/sema.go:597 +0x159
sync.(*Cond).Wait(0x0?)
	/usr/lib/go/src/sync/cond.go:71 +0x85
github.com/centrifugal/centrifuge/internal/dissolve.(*queueImpl).Wait(0xc020154850)
	/home/mariell/go/pkg/mod/github.com/centrifugal/centrifuge@v0.33.3/internal/dissolve/queue.go:139 +0x4a
github.com/centrifugal/centrifuge/internal/dissolve.(*Dissolver).runWorker(0xc00b4e8b40)
	/home/mariell/go/pkg/mod/github.com/centrifugal/centrifuge@v0.33.3/internal/dissolve/dissolve.go:52 +0x27
created by github.com/centrifugal/centrifuge/internal/dissolve.(*Dissolver).Run in goroutine 45402
	/home/mariell/go/pkg/mod/github.com/centrifugal/centrifuge@v0.33.3/internal/dissolve/dissolve.go:31 +0x25

goroutine 46703 [sync.Cond.Wait]:
sync.runtime_notifyListWait(0xc016303990, 0xd)
	/usr/lib/go/src/runtime/sema.go:597 +0x159
sync.(*Cond).Wait(0x0?)
	/usr/lib/go/src/sync/cond.go:71 +0x85
github.com/centrifugal/centrifuge/internal/dissolve.(*queueImpl).Wait(0xc020154850)
	/home/mariell/go/pkg/mod/github.com/centrifugal/centrifuge@v0.33.3/internal/dissolve/queue.go:139 +0x4a
github.com/centrifugal/centrifuge/internal/dissolve.(*Dissolver).runWorker(0xc00b4e8b40)
	/home/mariell/go/pkg/mod/github.com/centrifugal/centrifuge@v0.33.3/internal/dissolve/dissolve.go:52 +0x27
created by github.com/centrifugal/centrifuge/internal/dissolve.(*Dissolver).Run in goroutine 45402
	/home/mariell/go/pkg/mod/github.com/centrifugal/centrifuge@v0.33.3/internal/dissolve/dissolve.go:31 +0x25

goroutine 46525 [select]:
github.com/patrickmn/go-cache.(*janitor).Run(0xc01f8aca40, 0xc012b94d40)
	/home/mariell/go/pkg/mod/github.com/patrickmn/go-cache@v2.1.0+incompatible/cache.go:1079 +0x7b
created by github.com/patrickmn/go-cache.runJanitor in goroutine 45402
	/home/mariell/go/pkg/mod/github.com/patrickmn/go-cache@v2.1.0+incompatible/cache.go:1099 +0xdb

goroutine 46702 [sync.Cond.Wait]:
sync.runtime_notifyListWait(0xc016303990, 0xc)
	/usr/lib/go/src/runtime/sema.go:597 +0x159
sync.(*Cond).Wait(0x0?)
	/usr/lib/go/src/sync/cond.go:71 +0x85
github.com/centrifugal/centrifuge/internal/dissolve.(*queueImpl).Wait(0xc020154850)
	/home/mariell/go/pkg/mod/github.com/centrifugal/centrifuge@v0.33.3/internal/dissolve/queue.go:139 +0x4a
github.com/centrifugal/centrifuge/internal/dissolve.(*Dissolver).runWorker(0xc00b4e8b40)
	/home/mariell/go/pkg/mod/github.com/centrifugal/centrifuge@v0.33.3/internal/dissolve/dissolve.go:52 +0x27
created by github.com/centrifugal/centrifuge/internal/dissolve.(*Dissolver).Run in goroutine 45402
	/home/mariell/go/pkg/mod/github.com/centrifugal/centrifuge@v0.33.3/internal/dissolve/dissolve.go:31 +0x25

goroutine 46701 [sync.Cond.Wait]:
sync.runtime_notifyListWait(0xc016303990, 0xe)
	/usr/lib/go/src/runtime/sema.go:597 +0x159
sync.(*Cond).Wait(0xc01fd85fd0?)
	/usr/lib/go/src/sync/cond.go:71 +0x85
github.com/centrifugal/centrifuge/internal/dissolve.(*queueImpl).Wait(0xc020154850)
	/home/mariell/go/pkg/mod/github.com/centrifugal/centrifuge@v0.33.3/internal/dissolve/queue.go:139 +0x4a
github.com/centrifugal/centrifuge/internal/dissolve.(*Dissolver).runWorker(0xc00b4e8b40)
	/home/mariell/go/pkg/mod/github.com/centrifugal/centrifuge@v0.33.3/internal/dissolve/dissolve.go:52 +0x27
created by github.com/centrifugal/centrifuge/internal/dissolve.(*Dissolver).Run in goroutine 45402
	/home/mariell/go/pkg/mod/github.com/centrifugal/centrifuge@v0.33.3/internal/dissolve/dissolve.go:31 +0x25

goroutine 46700 [sync.Cond.Wait]:
sync.runtime_notifyListWait(0xc016303990, 0x1)
	/usr/lib/go/src/runtime/sema.go:597 +0x159
sync.(*Cond).Wait(0x0?)
	/usr/lib/go/src/sync/cond.go:71 +0x85
github.com/centrifugal/centrifuge/internal/dissolve.(*queueImpl).Wait(0xc020154850)
	/home/mariell/go/pkg/mod/github.com/centrifugal/centrifuge@v0.33.3/internal/dissolve/queue.go:139 +0x4a
github.com/centrifugal/centrifuge/internal/dissolve.(*Dissolver).runWorker(0xc00b4e8b40)
	/home/mariell/go/pkg/mod/github.com/centrifugal/centrifuge@v0.33.3/internal/dissolve/dissolve.go:52 +0x27
created by github.com/centrifugal/centrifuge/internal/dissolve.(*Dissolver).Run in goroutine 45402
	/home/mariell/go/pkg/mod/github.com/centrifugal/centrifuge@v0.33.3/internal/dissolve/dissolve.go:31 +0x25

goroutine 46697 [sync.Cond.Wait]:
sync.runtime_notifyListWait(0xc016303990, 0x8)
	/usr/lib/go/src/runtime/sema.go:597 +0x159
sync.(*Cond).Wait(0x0?)
	/usr/lib/go/src/sync/cond.go:71 +0x85
github.com/centrifugal/centrifuge/internal/dissolve.(*queueImpl).Wait(0xc020154850)
	/home/mariell/go/pkg/mod/github.com/centrifugal/centrifuge@v0.33.3/internal/dissolve/queue.go:139 +0x4a
github.com/centrifugal/centrifuge/internal/dissolve.(*Dissolver).runWorker(0xc00b4e8b40)
	/home/mariell/go/pkg/mod/github.com/centrifugal/centrifuge@v0.33.3/internal/dissolve/dissolve.go:52 +0x27
created by github.com/centrifugal/centrifuge/internal/dissolve.(*Dissolver).Run in goroutine 45402
	/home/mariell/go/pkg/mod/github.com/centrifugal/centrifuge@v0.33.3/internal/dissolve/dissolve.go:31 +0x25

goroutine 46696 [sync.Cond.Wait]:
sync.runtime_notifyListWait(0xc016303990, 0x7)
	/usr/lib/go/src/runtime/sema.go:597 +0x159
sync.(*Cond).Wait(0x0?)
	/usr/lib/go/src/sync/cond.go:71 +0x85
github.com/centrifugal/centrifuge/internal/dissolve.(*queueImpl).Wait(0xc020154850)
	/home/mariell/go/pkg/mod/github.com/centrifugal/centrifuge@v0.33.3/internal/dissolve/queue.go:139 +0x4a
github.com/centrifugal/centrifuge/internal/dissolve.(*Dissolver).runWorker(0xc00b4e8b40)
	/home/mariell/go/pkg/mod/github.com/centrifugal/centrifuge@v0.33.3/internal/dissolve/dissolve.go:52 +0x27
created by github.com/centrifugal/centrifuge/internal/dissolve.(*Dissolver).Run in goroutine 45402
	/home/mariell/go/pkg/mod/github.com/centrifugal/centrifuge@v0.33.3/internal/dissolve/dissolve.go:31 +0x25

goroutine 46698 [sync.Cond.Wait]:
sync.runtime_notifyListWait(0xc016303990, 0x9)
	/usr/lib/go/src/runtime/sema.go:597 +0x159
sync.(*Cond).Wait(0xc01bea0fd0?)
	/usr/lib/go/src/sync/cond.go:71 +0x85
github.com/centrifugal/centrifuge/internal/dissolve.(*queueImpl).Wait(0xc020154850)
	/home/mariell/go/pkg/mod/github.com/centrifugal/centrifuge@v0.33.3/internal/dissolve/queue.go:139 +0x4a
github.com/centrifugal/centrifuge/internal/dissolve.(*Dissolver).runWorker(0xc00b4e8b40)
	/home/mariell/go/pkg/mod/github.com/centrifugal/centrifuge@v0.33.3/internal/dissolve/dissolve.go:52 +0x27
created by github.com/centrifugal/centrifuge/internal/dissolve.(*Dissolver).Run in goroutine 45402
	/home/mariell/go/pkg/mod/github.com/centrifugal/centrifuge@v0.33.3/internal/dissolve/dissolve.go:31 +0x25

goroutine 74595 [sync.Cond.Wait]:
sync.runtime_notifyListWait(0xc022369b10, 0xb)
	/usr/lib/go/src/runtime/sema.go:597 +0x159
sync.(*Cond).Wait(0x0?)
	/usr/lib/go/src/sync/cond.go:71 +0x85
github.com/centrifugal/centrifuge/internal/dissolve.(*queueImpl).Wait(0xc0429f7180)
	/home/mariell/go/pkg/mod/github.com/centrifugal/centrifuge@v0.33.3/internal/dissolve/queue.go:139 +0x4a
github.com/centrifugal/centrifuge/internal/dissolve.(*Dissolver).runWorker(0xc02391be18)
	/home/mariell/go/pkg/mod/github.com/centrifugal/centrifuge@v0.33.3/internal/dissolve/dissolve.go:52 +0x27
created by github.com/centrifugal/centrifuge/internal/dissolve.(*Dissolver).Run in goroutine 4438
	/home/mariell/go/pkg/mod/github.com/centrifugal/centrifuge@v0.33.3/internal/dissolve/dissolve.go:31 +0x25

goroutine 46463 [select]:
go.opentelemetry.io/otel/sdk/trace.(*batchSpanProcessor).processQueue(0xc014fccc80)
	/home/mariell/go/pkg/mod/go.opentelemetry.io/otel/sdk@v1.34.0/trace/batch_span_processor.go:302 +0x114
go.opentelemetry.io/otel/sdk/trace.NewBatchSpanProcessor.func1()
	/home/mariell/go/pkg/mod/go.opentelemetry.io/otel/sdk@v1.34.0/trace/batch_span_processor.go:117 +0x4e
created by go.opentelemetry.io/otel/sdk/trace.NewBatchSpanProcessor in goroutine 45402
	/home/mariell/go/pkg/mod/go.opentelemetry.io/otel/sdk@v1.34.0/trace/batch_span_processor.go:115 +0x2d9

goroutine 46740 [sync.Cond.Wait]:
sync.runtime_notifyListWait(0xc016303990, 0x34)
	/usr/lib/go/src/runtime/sema.go:597 +0x159
sync.(*Cond).Wait(0xc016805fd0?)
	/usr/lib/go/src/sync/cond.go:71 +0x85
github.com/centrifugal/centrifuge/internal/dissolve.(*queueImpl).Wait(0xc020154850)
	/home/mariell/go/pkg/mod/github.com/centrifugal/centrifuge@v0.33.3/internal/dissolve/queue.go:139 +0x4a
github.com/centrifugal/centrifuge/internal/dissolve.(*Dissolver).runWorker(0xc00b4e8b40)
	/home/mariell/go/pkg/mod/github.com/centrifugal/centrifuge@v0.33.3/internal/dissolve/dissolve.go:52 +0x27
created by github.com/centrifugal/centrifuge/internal/dissolve.(*Dissolver).Run in goroutine 45402
	/home/mariell/go/pkg/mod/github.com/centrifugal/centrifuge@v0.33.3/internal/dissolve/dissolve.go:31 +0x25

goroutine 49791 [sync.Cond.Wait]:
sync.runtime_notifyListWait(0xc028e24c90, 0xd)
	/usr/lib/go/src/runtime/sema.go:597 +0x159
sync.(*Cond).Wait(0xc01e7a57d0?)
	/usr/lib/go/src/sync/cond.go:71 +0x85
github.com/centrifugal/centrifuge/internal/dissolve.(*queueImpl).Wait(0xc028e3d810)
	/home/mariell/go/pkg/mod/github.com/centrifugal/centrifuge@v0.33.3/internal/dissolve/queue.go:139 +0x4a
github.com/centrifugal/centrifuge/internal/dissolve.(*Dissolver).runWorker(0xc028d11578)
	/home/mariell/go/pkg/mod/github.com/centrifugal/centrifuge@v0.33.3/internal/dissolve/dissolve.go:52 +0x27
created by github.com/centrifugal/centrifuge/internal/dissolve.(*Dissolver).Run in goroutine 48632
	/home/mariell/go/pkg/mod/github.com/centrifugal/centrifuge@v0.33.3/internal/dissolve/dissolve.go:31 +0x25

goroutine 47098 [IO wait]:
internal/poll.runtime_pollWait(0x777550739bf8, 0x72)
	/usr/lib/go/src/runtime/netpoll.go:351 +0x85
internal/poll.(*pollDesc).wait(0xc020908380?, 0xc02352e600?, 0x0)
	/usr/lib/go/src/internal/poll/fd_poll_runtime.go:84 +0x27
internal/poll.(*pollDesc).waitRead(...)
	/usr/lib/go/src/internal/poll/fd_poll_runtime.go:89
internal/poll.(*FD).Read(0xc020908380, {0xc02352e600, 0x1300, 0x1300})
	/usr/lib/go/src/internal/poll/fd_unix.go:165 +0x27a
net.(*netFD).Read(0xc020908380, {0xc02352e600?, 0xc02352e600?, 0x5?})
	/usr/lib/go/src/net/fd_posix.go:55 +0x25
net.(*conn).Read(0xc0067b00e0, {0xc02352e600?, 0x777550313570?, 0x7775a8b2a210?})
	/usr/lib/go/src/net/net.go:194 +0x45
crypto/tls.(*atLeastReader).Read(0xc024585b78, {0xc02352e600?, 0x12fb?, 0x1?})
	/usr/lib/go/src/crypto/tls/conn.go:809 +0x3b
bytes.(*Buffer).ReadFrom(0xc0169122b8, {0xa94e300, 0xc024585b78})
	/usr/lib/go/src/bytes/buffer.go:211 +0x98
crypto/tls.(*Conn).readFromUntil(0xc016912008, {0xa94dc00, 0xc0067b00e0}, 0x444af4?)
	/usr/lib/go/src/crypto/tls/conn.go:831 +0xde
crypto/tls.(*Conn).readRecordOrCCS(0xc016912008, 0x0)
	/usr/lib/go/src/crypto/tls/conn.go:629 +0x3cf
crypto/tls.(*Conn).readRecord(...)
	/usr/lib/go/src/crypto/tls/conn.go:591
crypto/tls.(*Conn).Read(0xc016912008, {0xc0207cd000, 0x1000, 0xc01b5d8b40?})
	/usr/lib/go/src/crypto/tls/conn.go:1385 +0x145
net/http.(*persistConn).Read(0xc01a210000, {0xc0207cd000?, 0x81fe45?, 0xa94be80?})
	/usr/lib/go/src/net/http/transport.go:2122 +0x47
bufio.(*Reader).fill(0xc0168a9f20)
	/usr/lib/go/src/bufio/bufio.go:113 +0x103
bufio.(*Reader).Peek(0xc0168a9f20, 0x1)
	/usr/lib/go/src/bufio/bufio.go:152 +0x53
net/http.(*persistConn).readLoop(0xc01a210000)
	/usr/lib/go/src/net/http/transport.go:2275 +0x172
created by net/http.(*Transport).dialConn in goroutine 47063
	/usr/lib/go/src/net/http/transport.go:1944 +0x174f

goroutine 42382 [select]:
github.com/centrifugal/centrifuge.(*Node).initMetrics.func1()
	/home/mariell/go/pkg/mod/github.com/centrifugal/centrifuge@v0.33.3/node.go:365 +0x8a
created by github.com/centrifugal/centrifuge.(*Node).initMetrics in goroutine 45402
	/home/mariell/go/pkg/mod/github.com/centrifugal/centrifuge@v0.33.3/node.go:363 +0x1f9

goroutine 51338 [sync.Cond.Wait]:
sync.runtime_notifyListWait(0xc01afe9210, 0x36)
	/usr/lib/go/src/runtime/sema.go:597 +0x159
sync.(*Cond).Wait(0xc018517fd0?)
	/usr/lib/go/src/sync/cond.go:71 +0x85
github.com/centrifugal/centrifuge/internal/dissolve.(*queueImpl).Wait(0xc020f245b0)
	/home/mariell/go/pkg/mod/github.com/centrifugal/centrifuge@v0.33.3/internal/dissolve/queue.go:139 +0x4a
github.com/centrifugal/centrifuge/internal/dissolve.(*Dissolver).runWorker(0xc02834aab0)
	/home/mariell/go/pkg/mod/github.com/centrifugal/centrifuge@v0.33.3/internal/dissolve/dissolve.go:52 +0x27
created by github.com/centrifugal/centrifuge/internal/dissolve.(*Dissolver).Run in goroutine 50170
	/home/mariell/go/pkg/mod/github.com/centrifugal/centrifuge@v0.33.3/internal/dissolve/dissolve.go:31 +0x25

goroutine 46734 [sync.Cond.Wait]:
sync.runtime_notifyListWait(0xc016303990, 0x2c)
	/usr/lib/go/src/runtime/sema.go:597 +0x159
sync.(*Cond).Wait(0x0?)
	/usr/lib/go/src/sync/cond.go:71 +0x85
github.com/centrifugal/centrifuge/internal/dissolve.(*queueImpl).Wait(0xc020154850)
	/home/mariell/go/pkg/mod/github.com/centrifugal/centrifuge@v0.33.3/internal/dissolve/queue.go:139 +0x4a
github.com/centrifugal/centrifuge/internal/dissolve.(*Dissolver).runWorker(0xc00b4e8b40)
	/home/mariell/go/pkg/mod/github.com/centrifugal/centrifuge@v0.33.3/internal/dissolve/dissolve.go:52 +0x27
created by github.com/centrifugal/centrifuge/internal/dissolve.(*Dissolver).Run in goroutine 45402
	/home/mariell/go/pkg/mod/github.com/centrifugal/centrifuge@v0.33.3/internal/dissolve/dissolve.go:31 +0x25

goroutine 48238 [sync.Cond.Wait]:
sync.runtime_notifyListWait(0xc01fca58d0, 0x23)
	/usr/lib/go/src/runtime/sema.go:597 +0x159
sync.(*Cond).Wait(0x0?)
	/usr/lib/go/src/sync/cond.go:71 +0x85
github.com/centrifugal/centrifuge/internal/dissolve.(*queueImpl).Wait(0xc020dbf5e0)
	/home/mariell/go/pkg/mod/github.com/centrifugal/centrifuge@v0.33.3/internal/dissolve/queue.go:139 +0x4a
github.com/centrifugal/centrifuge/internal/dissolve.(*Dissolver).runWorker(0xc0271f1da0)
	/home/mariell/go/pkg/mod/github.com/centrifugal/centrifuge@v0.33.3/internal/dissolve/dissolve.go:52 +0x27
created by github.com/centrifugal/centrifuge/internal/dissolve.(*Dissolver).Run in goroutine 47137
	/home/mariell/go/pkg/mod/github.com/centrifugal/centrifuge@v0.33.3/internal/dissolve/dissolve.go:31 +0x25

goroutine 46569 [select]:
github.com/grafana/grafana/pkg/storage/unified/resource.(*broadcaster[...]).stream(0xab113a0, 0xc01f474cb0)
	/home/mariell/work/oss/grafana/pkg/storage/unified/resource/broadcaster.go:205 +0x13d
created by github.com/grafana/grafana/pkg/storage/unified/resource.(*broadcaster[...]).init in goroutine 45402
	/home/mariell/work/oss/grafana/pkg/storage/unified/resource/broadcaster.go:177 +0x219

goroutine 46518 [select]:
github.com/patrickmn/go-cache.(*janitor).Run(0xc01f886310, 0xc012b942c0)
	/home/mariell/go/pkg/mod/github.com/patrickmn/go-cache@v2.1.0+incompatible/cache.go:1079 +0x7b
created by github.com/patrickmn/go-cache.runJanitor in goroutine 45402
	/home/mariell/go/pkg/mod/github.com/patrickmn/go-cache@v2.1.0+incompatible/cache.go:1099 +0xdb

goroutine 46753 [sync.Cond.Wait]:
sync.runtime_notifyListWait(0xc016303990, 0x3f)
	/usr/lib/go/src/runtime/sema.go:597 +0x159
sync.(*Cond).Wait(0x0?)
	/usr/lib/go/src/sync/cond.go:71 +0x85
github.com/centrifugal/centrifuge/internal/dissolve.(*queueImpl).Wait(0xc020154850)
	/home/mariell/go/pkg/mod/github.com/centrifugal/centrifuge@v0.33.3/internal/dissolve/queue.go:139 +0x4a
github.com/centrifugal/centrifuge/internal/dissolve.(*Dissolver).runWorker(0xc00b4e8b40)
	/home/mariell/go/pkg/mod/github.com/centrifugal/centrifuge@v0.33.3/internal/dissolve/dissolve.go:52 +0x27
created by github.com/centrifugal/centrifuge/internal/dissolve.(*Dissolver).Run in goroutine 45402
	/home/mariell/go/pkg/mod/github.com/centrifugal/centrifuge@v0.33.3/internal/dissolve/dissolve.go:31 +0x25

goroutine 46672 [select]:
github.com/FZambia/eagle.(*Eagle).aggregate(0xc020155810)
	/home/mariell/go/pkg/mod/github.com/!f!zambia/eagle@v0.1.0/eagle.go:210 +0x6d
created by github.com/FZambia/eagle.New in goroutine 45402
	/home/mariell/go/pkg/mod/github.com/!f!zambia/eagle@v0.1.0/eagle.go:66 +0x176

goroutine 55887 [sync.Cond.Wait]:
sync.runtime_notifyListWait(0xc022793e10, 0x8)
	/usr/lib/go/src/runtime/sema.go:597 +0x159
sync.(*Cond).Wait(0x0?)
	/usr/lib/go/src/sync/cond.go:71 +0x85
github.com/centrifugal/centrifuge/internal/dissolve.(*queueImpl).Wait(0xc01100c540)
	/home/mariell/go/pkg/mod/github.com/centrifugal/centrifuge@v0.33.3/internal/dissolve/queue.go:139 +0x4a
github.com/centrifugal/centrifuge/internal/dissolve.(*Dissolver).runWorker(0xc02431b8f0)
	/home/mariell/go/pkg/mod/github.com/centrifugal/centrifuge@v0.33.3/internal/dissolve/dissolve.go:52 +0x27
created by github.com/centrifugal/centrifuge/internal/dissolve.(*Dissolver).Run in goroutine 54803
	/home/mariell/go/pkg/mod/github.com/centrifugal/centrifuge@v0.33.3/internal/dissolve/dissolve.go:31 +0x25

goroutine 77351 [sync.Cond.Wait]:
sync.runtime_notifyListWait(0xc045ae3d50, 0x21)
	/usr/lib/go/src/runtime/sema.go:597 +0x159
sync.(*Cond).Wait(0x0?)
	/usr/lib/go/src/sync/cond.go:71 +0x85
github.com/centrifugal/centrifuge/internal/dissolve.(*queueImpl).Wait(0xc045afb420)
	/home/mariell/go/pkg/mod/github.com/centrifugal/centrifuge@v0.33.3/internal/dissolve/queue.go:139 +0x4a
github.com/centrifugal/centrifuge/internal/dissolve.(*Dissolver).runWorker(0xc034b3a078)
	/home/mariell/go/pkg/mod/github.com/centrifugal/centrifuge@v0.33.3/internal/dissolve/dissolve.go:52 +0x27
created by github.com/centrifugal/centrifuge/internal/dissolve.(*Dissolver).Run in goroutine 4437
	/home/mariell/go/pkg/mod/github.com/centrifugal/centrifuge@v0.33.3/internal/dissolve/dissolve.go:31 +0x25

goroutine 73863 [select]:
github.com/patrickmn/go-cache.(*janitor).Run(0xc018e04150, 0xc02667e5c0)
	/home/mariell/go/pkg/mod/github.com/patrickmn/go-cache@v2.1.0+incompatible/cache.go:1079 +0x7b
created by github.com/patrickmn/go-cache.runJanitor in goroutine 4436
	/home/mariell/go/pkg/mod/github.com/patrickmn/go-cache@v2.1.0+incompatible/cache.go:1099 +0xdb

goroutine 46744 [sync.Cond.Wait]:
sync.runtime_notifyListWait(0xc016303990, 0x2f)
	/usr/lib/go/src/runtime/sema.go:597 +0x159
sync.(*Cond).Wait(0x0?)
	/usr/lib/go/src/sync/cond.go:71 +0x85
github.com/centrifugal/centrifuge/internal/dissolve.(*queueImpl).Wait(0xc020154850)
	/home/mariell/go/pkg/mod/github.com/centrifugal/centrifuge@v0.33.3/internal/dissolve/queue.go:139 +0x4a
github.com/centrifugal/centrifuge/internal/dissolve.(*Dissolver).runWorker(0xc00b4e8b40)
	/home/mariell/go/pkg/mod/github.com/centrifugal/centrifuge@v0.33.3/internal/dissolve/dissolve.go:52 +0x27
created by github.com/centrifugal/centrifuge/internal/dissolve.(*Dissolver).Run in goroutine 45402
	/home/mariell/go/pkg/mod/github.com/centrifugal/centrifuge@v0.33.3/internal/dissolve/dissolve.go:31 +0x25

goroutine 46726 [sync.Cond.Wait]:
sync.runtime_notifyListWait(0xc016303990, 0x22)
	/usr/lib/go/src/runtime/sema.go:597 +0x159
sync.(*Cond).Wait(0x0?)
	/usr/lib/go/src/sync/cond.go:71 +0x85
github.com/centrifugal/centrifuge/internal/dissolve.(*queueImpl).Wait(0xc020154850)
	/home/mariell/go/pkg/mod/github.com/centrifugal/centrifuge@v0.33.3/internal/dissolve/queue.go:139 +0x4a
github.com/centrifugal/centrifuge/internal/dissolve.(*Dissolver).runWorker(0xc00b4e8b40)
	/home/mariell/go/pkg/mod/github.com/centrifugal/centrifuge@v0.33.3/internal/dissolve/dissolve.go:52 +0x27
created by github.com/centrifugal/centrifuge/internal/dissolve.(*Dissolver).Run in goroutine 45402
	/home/mariell/go/pkg/mod/github.com/centrifugal/centrifuge@v0.33.3/internal/dissolve/dissolve.go:31 +0x25

goroutine 46728 [sync.Cond.Wait]:
sync.runtime_notifyListWait(0xc016303990, 0x1b)
	/usr/lib/go/src/runtime/sema.go:597 +0x159
sync.(*Cond).Wait(0xc0168007d0?)
	/usr/lib/go/src/sync/cond.go:71 +0x85
github.com/centrifugal/centrifuge/internal/dissolve.(*queueImpl).Wait(0xc020154850)
	/home/mariell/go/pkg/mod/github.com/centrifugal/centrifuge@v0.33.3/internal/dissolve/queue.go:139 +0x4a
github.com/centrifugal/centrifuge/internal/dissolve.(*Dissolver).runWorker(0xc00b4e8b40)
	/home/mariell/go/pkg/mod/github.com/centrifugal/centrifuge@v0.33.3/internal/dissolve/dissolve.go:52 +0x27
created by github.com/centrifugal/centrifuge/internal/dissolve.(*Dissolver).Run in goroutine 45402
	/home/mariell/go/pkg/mod/github.com/centrifugal/centrifuge@v0.33.3/internal/dissolve/dissolve.go:31 +0x25

goroutine 46737 [sync.Cond.Wait]:
sync.runtime_notifyListWait(0xc016303990, 0x26)
	/usr/lib/go/src/runtime/sema.go:597 +0x159
sync.(*Cond).Wait(0x0?)
	/usr/lib/go/src/sync/cond.go:71 +0x85
github.com/centrifugal/centrifuge/internal/dissolve.(*queueImpl).Wait(0xc020154850)
	/home/mariell/go/pkg/mod/github.com/centrifugal/centrifuge@v0.33.3/internal/dissolve/queue.go:139 +0x4a
github.com/centrifugal/centrifuge/internal/dissolve.(*Dissolver).runWorker(0xc00b4e8b40)
	/home/mariell/go/pkg/mod/github.com/centrifugal/centrifuge@v0.33.3/internal/dissolve/dissolve.go:52 +0x27
created by github.com/centrifugal/centrifuge/internal/dissolve.(*Dissolver).Run in goroutine 45402
	/home/mariell/go/pkg/mod/github.com/centrifugal/centrifuge@v0.33.3/internal/dissolve/dissolve.go:31 +0x25

goroutine 46528 [select]:
github.com/patrickmn/go-cache.(*janitor).Run(0xc01f8accf0, 0xc012b94d80)
	/home/mariell/go/pkg/mod/github.com/patrickmn/go-cache@v2.1.0+incompatible/cache.go:1079 +0x7b
created by github.com/patrickmn/go-cache.runJanitor in goroutine 45402
	/home/mariell/go/pkg/mod/github.com/patrickmn/go-cache@v2.1.0+incompatible/cache.go:1099 +0xdb

goroutine 48630 [select]:
net/http.(*persistConn).writeLoop(0xc0251f6000)
	/usr/lib/go/src/net/http/transport.go:2590 +0xe7
created by net/http.(*Transport).dialConn in goroutine 48490
	/usr/lib/go/src/net/http/transport.go:1945 +0x17a5

goroutine 46670 [select]:
github.com/centrifugal/centrifuge.(*historyHub).expireStreams(0xc016494c80)
	/home/mariell/go/pkg/mod/github.com/centrifugal/centrifuge@v0.33.3/broker_memory.go:298 +0x75
created by github.com/centrifugal/centrifuge.(*historyHub).runCleanups in goroutine 45402
	/home/mariell/go/pkg/mod/github.com/centrifugal/centrifuge@v0.33.3/broker_memory.go:252 +0x56

goroutine 74245 [select]:
github.com/patrickmn/go-cache.(*janitor).Run(0xc0425bc060, 0xc02a623900)
	/home/mariell/go/pkg/mod/github.com/patrickmn/go-cache@v2.1.0+incompatible/cache.go:1079 +0x7b
created by github.com/patrickmn/go-cache.runJanitor in goroutine 56141
	/home/mariell/go/pkg/mod/github.com/patrickmn/go-cache@v2.1.0+incompatible/cache.go:1099 +0xdb

goroutine 53251 [select]:
k8s.io/apimachinery/pkg/util/wait.BackoffUntil(0xc029465800, {0xa95ac00, 0xc03083d5f0}, 0x1, 0xc014682e00)
	/home/mariell/go/pkg/mod/k8s.io/apimachinery@v0.32.1/pkg/util/wait/backoff.go:238 +0x12c
k8s.io/apimachinery/pkg/util/wait.JitterUntil(0xc029465800, 0x3b9aca00, 0x3ff3333333333333, 0x1, 0xc014682e00)
	/home/mariell/go/pkg/mod/k8s.io/apimachinery@v0.32.1/pkg/util/wait/backoff.go:204 +0x7f
created by k8s.io/apiserver/pkg/registry/generic/registry.(*Store).startObservingCount in goroutine 53139
	/home/mariell/go/pkg/mod/k8s.io/apiserver@v0.32.1/pkg/registry/generic/registry/store.go:1666 +0x2f9

goroutine 47967 [select]:
github.com/centrifugal/centrifuge.(*Node).updateMetrics(0xc0088c46c8)
	/home/mariell/go/pkg/mod/github.com/centrifugal/centrifuge@v0.33.3/node.go:335 +0x85
created by github.com/centrifugal/centrifuge.(*Node).Run in goroutine 47137
	/home/mariell/go/pkg/mod/github.com/centrifugal/centrifuge@v0.33.3/node.go:262 +0x2a5

goroutine 74941 [select]:
go.opentelemetry.io/otel/sdk/trace.(*batchSpanProcessor).processQueue(0xc01c366f00)
	/home/mariell/go/pkg/mod/go.opentelemetry.io/otel/sdk@v1.34.0/trace/batch_span_processor.go:302 +0x114
go.opentelemetry.io/otel/sdk/trace.NewBatchSpanProcessor.func1()
	/home/mariell/go/pkg/mod/go.opentelemetry.io/otel/sdk@v1.34.0/trace/batch_span_processor.go:117 +0x4e
created by go.opentelemetry.io/otel/sdk/trace.NewBatchSpanProcessor in goroutine 4438
	/home/mariell/go/pkg/mod/go.opentelemetry.io/otel/sdk@v1.34.0/trace/batch_span_processor.go:115 +0x2d9

goroutine 75941 [sync.Cond.Wait]:
sync.runtime_notifyListWait(0xc0260a7e90, 0x6)
	/usr/lib/go/src/runtime/sema.go:597 +0x159
sync.(*Cond).Wait(0x0?)
	/usr/lib/go/src/sync/cond.go:71 +0x85
github.com/centrifugal/centrifuge/internal/dissolve.(*queueImpl).Wait(0xc044618930)
	/home/mariell/go/pkg/mod/github.com/centrifugal/centrifuge@v0.33.3/internal/dissolve/queue.go:139 +0x4a
github.com/centrifugal/centrifuge/internal/dissolve.(*Dissolver).runWorker(0xc031b01698)
	/home/mariell/go/pkg/mod/github.com/centrifugal/centrifuge@v0.33.3/internal/dissolve/dissolve.go:52 +0x27
created by github.com/centrifugal/centrifuge/internal/dissolve.(*Dissolver).Run in goroutine 22318
	/home/mariell/go/pkg/mod/github.com/centrifugal/centrifuge@v0.33.3/internal/dissolve/dissolve.go:31 +0x25

goroutine 46520 [select]:
github.com/patrickmn/go-cache.(*janitor).Run(0xc01f8ac330, 0xc012b94900)
	/home/mariell/go/pkg/mod/github.com/patrickmn/go-cache@v2.1.0+incompatible/cache.go:1079 +0x7b
created by github.com/patrickmn/go-cache.runJanitor in goroutine 45402
	/home/mariell/go/pkg/mod/github.com/patrickmn/go-cache@v2.1.0+incompatible/cache.go:1099 +0xdb

goroutine 51681 [select]:
net/http.(*persistConn).writeLoop(0xc025839e60)
	/usr/lib/go/src/net/http/transport.go:2590 +0xe7
created by net/http.(*Transport).dialConn in goroutine 51582
	/usr/lib/go/src/net/http/transport.go:1945 +0x17a5

goroutine 48239 [sync.Cond.Wait]:
sync.runtime_notifyListWait(0xc01fca58d0, 0x24)
	/usr/lib/go/src/runtime/sema.go:597 +0x159
sync.(*Cond).Wait(0x0?)
	/usr/lib/go/src/sync/cond.go:71 +0x85
github.com/centrifugal/centrifuge/internal/dissolve.(*queueImpl).Wait(0xc020dbf5e0)
	/home/mariell/go/pkg/mod/github.com/centrifugal/centrifuge@v0.33.3/internal/dissolve/queue.go:139 +0x4a
github.com/centrifugal/centrifuge/internal/dissolve.(*Dissolver).runWorker(0xc0271f1da0)
	/home/mariell/go/pkg/mod/github.com/centrifugal/centrifuge@v0.33.3/internal/dissolve/dissolve.go:52 +0x27
created by github.com/centrifugal/centrifuge/internal/dissolve.(*Dissolver).Run in goroutine 47137
	/home/mariell/go/pkg/mod/github.com/centrifugal/centrifuge@v0.33.3/internal/dissolve/dissolve.go:31 +0x25

goroutine 48249 [sync.Cond.Wait]:
sync.runtime_notifyListWait(0xc01fca58d0, 0x34)
	/usr/lib/go/src/runtime/sema.go:597 +0x159
sync.(*Cond).Wait(0xc021265fd0?)
	/usr/lib/go/src/sync/cond.go:71 +0x85
github.com/centrifugal/centrifuge/internal/dissolve.(*queueImpl).Wait(0xc020dbf5e0)
	/home/mariell/go/pkg/mod/github.com/centrifugal/centrifuge@v0.33.3/internal/dissolve/queue.go:139 +0x4a
github.com/centrifugal/centrifuge/internal/dissolve.(*Dissolver).runWorker(0xc0271f1da0)
	/home/mariell/go/pkg/mod/github.com/centrifugal/centrifuge@v0.33.3/internal/dissolve/dissolve.go:52 +0x27
created by github.com/centrifugal/centrifuge/internal/dissolve.(*Dissolver).Run in goroutine 47137
	/home/mariell/go/pkg/mod/github.com/centrifugal/centrifuge@v0.33.3/internal/dissolve/dissolve.go:31 +0x25

goroutine 59411 [select]:
database/sql.(*DB).connectionCleaner(0xc01741c410, 0xc00f26db20?)
	/usr/lib/go/src/database/sql/sql.go:1104 +0x9c
created by database/sql.(*DB).startCleanerLocked in goroutine 56141
	/usr/lib/go/src/database/sql/sql.go:1091 +0x105

goroutine 46729 [sync.Cond.Wait]:
sync.runtime_notifyListWait(0xc016303990, 0x2b)
	/usr/lib/go/src/runtime/sema.go:597 +0x159
sync.(*Cond).Wait(0x0?)
	/usr/lib/go/src/sync/cond.go:71 +0x85
github.com/centrifugal/centrifuge/internal/dissolve.(*queueImpl).Wait(0xc020154850)
	/home/mariell/go/pkg/mod/github.com/centrifugal/centrifuge@v0.33.3/internal/dissolve/queue.go:139 +0x4a
github.com/centrifugal/centrifuge/internal/dissolve.(*Dissolver).runWorker(0xc00b4e8b40)
	/home/mariell/go/pkg/mod/github.com/centrifugal/centrifuge@v0.33.3/internal/dissolve/dissolve.go:52 +0x27
created by github.com/centrifugal/centrifuge/internal/dissolve.(*Dissolver).Run in goroutine 45402
	/home/mariell/go/pkg/mod/github.com/centrifugal/centrifuge@v0.33.3/internal/dissolve/dissolve.go:31 +0x25

goroutine 75546 [select]:
github.com/centrifugal/centrifuge.(*historyHub).expireStreams(0xc044575600)
	/home/mariell/go/pkg/mod/github.com/centrifugal/centrifuge@v0.33.3/broker_memory.go:298 +0x75
created by github.com/centrifugal/centrifuge.(*historyHub).runCleanups in goroutine 22318
	/home/mariell/go/pkg/mod/github.com/centrifugal/centrifuge@v0.33.3/broker_memory.go:252 +0x56

goroutine 75548 [select]:
github.com/FZambia/eagle.(*Eagle).aggregate(0xc043da5880)
	/home/mariell/go/pkg/mod/github.com/!f!zambia/eagle@v0.1.0/eagle.go:210 +0x6d
created by github.com/FZambia/eagle.New in goroutine 22318
	/home/mariell/go/pkg/mod/github.com/!f!zambia/eagle@v0.1.0/eagle.go:66 +0x176

goroutine 51581 [select]:
net/http.(*persistConn).writeLoop(0xc0257fd7a0)
	/usr/lib/go/src/net/http/transport.go:2590 +0xe7
created by net/http.(*Transport).dialConn in goroutine 42462
	/usr/lib/go/src/net/http/transport.go:1945 +0x17a5

goroutine 42385 [select]:
github.com/centrifugal/centrifuge.(*Node).updateMetrics(0xc01fc5c6c8)
	/home/mariell/go/pkg/mod/github.com/centrifugal/centrifuge@v0.33.3/node.go:335 +0x85
created by github.com/centrifugal/centrifuge.(*Node).Run in goroutine 45402
	/home/mariell/go/pkg/mod/github.com/centrifugal/centrifuge@v0.33.3/node.go:262 +0x2a5

goroutine 58667 [sync.Cond.Wait]:
sync.runtime_notifyListWait(0xc01f861010, 0x24)
	/usr/lib/go/src/runtime/sema.go:597 +0x159
sync.(*Cond).Wait(0x0?)
	/usr/lib/go/src/sync/cond.go:71 +0x85
github.com/centrifugal/centrifuge/internal/dissolve.(*queueImpl).Wait(0xc01921b6c0)
	/home/mariell/go/pkg/mod/github.com/centrifugal/centrifuge@v0.33.3/internal/dissolve/queue.go:139 +0x4a
github.com/centrifugal/centrifuge/internal/dissolve.(*Dissolver).runWorker(0xc0243b2a20)
	/home/mariell/go/pkg/mod/github.com/centrifugal/centrifuge@v0.33.3/internal/dissolve/dissolve.go:52 +0x27
created by github.com/centrifugal/centrifuge/internal/dissolve.(*Dissolver).Run in goroutine 57831
	/home/mariell/go/pkg/mod/github.com/centrifugal/centrifuge@v0.33.3/internal/dissolve/dissolve.go:31 +0x25

goroutine 46810 [select]:
github.com/patrickmn/go-cache.(*janitor).Run(0xc01d5376f0, 0xc01bf696c0)
	/home/mariell/go/pkg/mod/github.com/patrickmn/go-cache@v2.1.0+incompatible/cache.go:1079 +0x7b
created by github.com/patrickmn/go-cache.runJanitor in goroutine 45402
	/home/mariell/go/pkg/mod/github.com/patrickmn/go-cache@v2.1.0+incompatible/cache.go:1099 +0xdb

goroutine 46690 [sync.Cond.Wait]:
sync.runtime_notifyListWait(0xc016303990, 0x0)
	/usr/lib/go/src/runtime/sema.go:597 +0x159
sync.(*Cond).Wait(0xc0237b47d0?)
	/usr/lib/go/src/sync/cond.go:71 +0x85
github.com/centrifugal/centrifuge/internal/dissolve.(*queueImpl).Wait(0xc020154850)
	/home/mariell/go/pkg/mod/github.com/centrifugal/centrifuge@v0.33.3/internal/dissolve/queue.go:139 +0x4a
github.com/centrifugal/centrifuge/internal/dissolve.(*Dissolver).runWorker(0xc00b4e8b40)
	/home/mariell/go/pkg/mod/github.com/centrifugal/centrifuge@v0.33.3/internal/dissolve/dissolve.go:52 +0x27
created by github.com/centrifugal/centrifuge/internal/dissolve.(*Dissolver).Run in goroutine 45402
	/home/mariell/go/pkg/mod/github.com/centrifugal/centrifuge@v0.33.3/internal/dissolve/dissolve.go:31 +0x25

goroutine 46897 [select]:
github.com/patrickmn/go-cache.(*janitor).Run(0xc01d756b70, 0xc01355f380)
	/home/mariell/go/pkg/mod/github.com/patrickmn/go-cache@v2.1.0+incompatible/cache.go:1079 +0x7b
created by github.com/patrickmn/go-cache.runJanitor in goroutine 45402
	/home/mariell/go/pkg/mod/github.com/patrickmn/go-cache@v2.1.0+incompatible/cache.go:1099 +0xdb

goroutine 46899 [select]:
github.com/patrickmn/go-cache.(*janitor).Run(0xc01d78cc20, 0xc01b900e00)
	/home/mariell/go/pkg/mod/github.com/patrickmn/go-cache@v2.1.0+incompatible/cache.go:1079 +0x7b
created by github.com/patrickmn/go-cache.runJanitor in goroutine 45402
	/home/mariell/go/pkg/mod/github.com/patrickmn/go-cache@v2.1.0+incompatible/cache.go:1099 +0xdb

goroutine 54359 [sync.Cond.Wait]:
sync.runtime_notifyListWait(0xc02667f850, 0x19)
	/usr/lib/go/src/runtime/sema.go:597 +0x159
sync.(*Cond).Wait(0x100000000000000?)
	/usr/lib/go/src/sync/cond.go:71 +0x85
github.com/centrifugal/centrifuge/internal/dissolve.(*queueImpl).Wait(0xc029e6aa10)
	/home/mariell/go/pkg/mod/github.com/centrifugal/centrifuge@v0.33.3/internal/dissolve/queue.go:139 +0x4a
github.com/centrifugal/centrifuge/internal/dissolve.(*Dissolver).runWorker(0xc015fed548)
	/home/mariell/go/pkg/mod/github.com/centrifugal/centrifuge@v0.33.3/internal/dissolve/dissolve.go:52 +0x27
created by github.com/centrifugal/centrifuge/internal/dissolve.(*Dissolver).Run in goroutine 53243
	/home/mariell/go/pkg/mod/github.com/centrifugal/centrifuge@v0.33.3/internal/dissolve/dissolve.go:31 +0x25

goroutine 52875 [sync.Cond.Wait]:
sync.runtime_notifyListWait(0xc0301d0dd0, 0x27)
	/usr/lib/go/src/runtime/sema.go:597 +0x159
sync.(*Cond).Wait(0x0?)
	/usr/lib/go/src/sync/cond.go:71 +0x85
github.com/centrifugal/centrifuge/internal/dissolve.(*queueImpl).Wait(0xc030230380)
	/home/mariell/go/pkg/mod/github.com/centrifugal/centrifuge@v0.33.3/internal/dissolve/queue.go:139 +0x4a
github.com/centrifugal/centrifuge/internal/dissolve.(*Dissolver).runWorker(0xc008ba75c0)
	/home/mariell/go/pkg/mod/github.com/centrifugal/centrifuge@v0.33.3/internal/dissolve/dissolve.go:52 +0x27
created by github.com/centrifugal/centrifuge/internal/dissolve.(*Dissolver).Run in goroutine 51765
	/home/mariell/go/pkg/mod/github.com/centrifugal/centrifuge@v0.33.3/internal/dissolve/dissolve.go:31 +0x25

goroutine 49772 [sync.Cond.Wait]:
sync.runtime_notifyListWait(0xc028e24c90, 0xa)
	/usr/lib/go/src/runtime/sema.go:597 +0x159
sync.(*Cond).Wait(0x0?)
	/usr/lib/go/src/sync/cond.go:71 +0x85
github.com/centrifugal/centrifuge/internal/dissolve.(*queueImpl).Wait(0xc028e3d810)
	/home/mariell/go/pkg/mod/github.com/centrifugal/centrifuge@v0.33.3/internal/dissolve/queue.go:139 +0x4a
github.com/centrifugal/centrifuge/internal/dissolve.(*Dissolver).runWorker(0xc028d11578)
	/home/mariell/go/pkg/mod/github.com/centrifugal/centrifuge@v0.33.3/internal/dissolve/dissolve.go:52 +0x27
created by github.com/centrifugal/centrifuge/internal/dissolve.(*Dissolver).Run in goroutine 48632
	/home/mariell/go/pkg/mod/github.com/centrifugal/centrifuge@v0.33.3/internal/dissolve/dissolve.go:31 +0x25

goroutine 47100 [select]:
database/sql.(*DB).connectionOpener(0xc027667930, {0xa9d1d00, 0xc0266d1bd0})
	/usr/lib/go/src/database/sql/sql.go:1261 +0x87
created by database/sql.OpenDB in goroutine 47137
	/usr/lib/go/src/database/sql/sql.go:841 +0x130

goroutine 77085 [sync.Cond.Wait]:
sync.runtime_notifyListWait(0xc045ae3d50, 0x17)
	/usr/lib/go/src/runtime/sema.go:597 +0x159
sync.(*Cond).Wait(0xc02070dfd0?)
	/usr/lib/go/src/sync/cond.go:71 +0x85
github.com/centrifugal/centrifuge/internal/dissolve.(*queueImpl).Wait(0xc045afb420)
	/home/mariell/go/pkg/mod/github.com/centrifugal/centrifuge@v0.33.3/internal/dissolve/queue.go:139 +0x4a
github.com/centrifugal/centrifuge/internal/dissolve.(*Dissolver).runWorker(0xc034b3a078)
	/home/mariell/go/pkg/mod/github.com/centrifugal/centrifuge@v0.33.3/internal/dissolve/dissolve.go:52 +0x27
created by github.com/centrifugal/centrifuge/internal/dissolve.(*Dissolver).Run in goroutine 4437
	/home/mariell/go/pkg/mod/github.com/centrifugal/centrifuge@v0.33.3/internal/dissolve/dissolve.go:31 +0x25

goroutine 51676 [IO wait]:
internal/poll.runtime_pollWait(0x7775504bf6b0, 0x72)
	/usr/lib/go/src/runtime/netpoll.go:351 +0x85
internal/poll.(*pollDesc).wait(0xc028cac080?, 0xc029b81300?, 0x0)
	/usr/lib/go/src/internal/poll/fd_poll_runtime.go:84 +0x27
internal/poll.(*pollDesc).waitRead(...)
	/usr/lib/go/src/internal/poll/fd_poll_runtime.go:89
internal/poll.(*FD).Read(0xc028cac080, {0xc029b81300, 0x1300, 0x1300})
	/usr/lib/go/src/internal/poll/fd_unix.go:165 +0x27a
net.(*netFD).Read(0xc028cac080, {0xc029b81300?, 0x0?, 0x1c0069e4100?})
	/usr/lib/go/src/net/fd_posix.go:55 +0x25
net.(*conn).Read(0xc006a14008, {0xc029b81300?, 0x7775502650d0?, 0x7775a8b285c0?})
	/usr/lib/go/src/net/net.go:194 +0x45
crypto/tls.(*atLeastReader).Read(0xc02574e468, {0xc029b81300?, 0x4247a5?, 0x0?})
	/usr/lib/go/src/crypto/tls/conn.go:809 +0x3b
bytes.(*Buffer).ReadFrom(0xc026ffd438, {0xa94e300, 0xc02574e468})
	/usr/lib/go/src/bytes/buffer.go:211 +0x98
crypto/tls.(*Conn).readFromUntil(0xc026ffd188, {0xa94dc00, 0xc006a14008}, 0x444af4?)
	/usr/lib/go/src/crypto/tls/conn.go:831 +0xde
crypto/tls.(*Conn).readRecordOrCCS(0xc026ffd188, 0x0)
	/usr/lib/go/src/crypto/tls/conn.go:629 +0x3cf
crypto/tls.(*Conn).readRecord(...)
	/usr/lib/go/src/crypto/tls/conn.go:591
crypto/tls.(*Conn).Read(0xc026ffd188, {0xc01ea02000, 0x1000, 0x7775a8b285c0?})
	/usr/lib/go/src/crypto/tls/conn.go:1385 +0x145
net/http.(*persistConn).Read(0xc02565bc20, {0xc01ea02000?, 0x4141c5?, 0x68?})
	/usr/lib/go/src/net/http/transport.go:2122 +0x47
bufio.(*Reader).fill(0xc01c09cc60)
	/usr/lib/go/src/bufio/bufio.go:113 +0x103
bufio.(*Reader).Peek(0xc01c09cc60, 0x1)
	/usr/lib/go/src/bufio/bufio.go:152 +0x53
net/http.(*persistConn).readLoop(0xc02565bc20)
	/usr/lib/go/src/net/http/transport.go:2275 +0x172
created by net/http.(*Transport).dialConn in goroutine 51503
	/usr/lib/go/src/net/http/transport.go:1944 +0x174f

goroutine 47076 [select]:
net/http.(*persistConn).writeLoop(0xc01a011d40)
	/usr/lib/go/src/net/http/transport.go:2590 +0xe7
created by net/http.(*Transport).dialConn in goroutine 46935
	/usr/lib/go/src/net/http/transport.go:1945 +0x17a5

goroutine 59309 [IO wait]:
internal/poll.runtime_pollWait(0x77751a6ff108, 0x72)
	/usr/lib/go/src/runtime/netpoll.go:351 +0x85
internal/poll.(*pollDesc).wait(0xc01461fc80?, 0xc0299c1300?, 0x0)
	/usr/lib/go/src/internal/poll/fd_poll_runtime.go:84 +0x27
internal/poll.(*pollDesc).waitRead(...)
	/usr/lib/go/src/internal/poll/fd_poll_runtime.go:89
internal/poll.(*FD).Read(0xc01461fc80, {0xc0299c1300, 0x1300, 0x1300})
	/usr/lib/go/src/internal/poll/fd_unix.go:165 +0x27a
net.(*netFD).Read(0xc01461fc80, {0xc0299c1300?, 0xc0299c1300?, 0x5?})
	/usr/lib/go/src/net/fd_posix.go:55 +0x25
net.(*conn).Read(0xc001330c28, {0xc0299c1300?, 0x777558320068?, 0x7775a8b2b9a8?})
	/usr/lib/go/src/net/net.go:194 +0x45
crypto/tls.(*atLeastReader).Read(0xc017a78558, {0xc0299c1300?, 0x12fb?, 0x0?})
	/usr/lib/go/src/crypto/tls/conn.go:809 +0x3b
bytes.(*Buffer).ReadFrom(0xc022d0b7b8, {0xa94e300, 0xc017a78558})
	/usr/lib/go/src/bytes/buffer.go:211 +0x98
crypto/tls.(*Conn).readFromUntil(0xc022d0b508, {0xa94dc00, 0xc001330c28}, 0x444af4?)
	/usr/lib/go/src/crypto/tls/conn.go:831 +0xde
crypto/tls.(*Conn).readRecordOrCCS(0xc022d0b508, 0x0)
	/usr/lib/go/src/crypto/tls/conn.go:629 +0x3cf
crypto/tls.(*Conn).readRecord(...)
	/usr/lib/go/src/crypto/tls/conn.go:591
crypto/tls.(*Conn).Read(0xc022d0b508, {0xc00c795000, 0x1000, 0xc0116dc0c0?})
	/usr/lib/go/src/crypto/tls/conn.go:1385 +0x145
net/http.(*persistConn).Read(0xc02a3b0480, {0xc00c795000?, 0x81fe45?, 0xa94be80?})
	/usr/lib/go/src/net/http/transport.go:2122 +0x47
bufio.(*Reader).fill(0xc01d3004e0)
	/usr/lib/go/src/bufio/bufio.go:113 +0x103
bufio.(*Reader).Peek(0xc01d3004e0, 0x1)
	/usr/lib/go/src/bufio/bufio.go:152 +0x53
net/http.(*persistConn).readLoop(0xc02a3b0480)
	/usr/lib/go/src/net/http/transport.go:2275 +0x172
created by net/http.(*Transport).dialConn in goroutine 59304
	/usr/lib/go/src/net/http/transport.go:1944 +0x174f

goroutine 48224 [sync.Cond.Wait]:
sync.runtime_notifyListWait(0xc01fca58d0, 0x11)
	/usr/lib/go/src/runtime/sema.go:597 +0x159
sync.(*Cond).Wait(0x0?)
	/usr/lib/go/src/sync/cond.go:71 +0x85
github.com/centrifugal/centrifuge/internal/dissolve.(*queueImpl).Wait(0xc020dbf5e0)
	/home/mariell/go/pkg/mod/github.com/centrifugal/centrifuge@v0.33.3/internal/dissolve/queue.go:139 +0x4a
github.com/centrifugal/centrifuge/internal/dissolve.(*Dissolver).runWorker(0xc0271f1da0)
	/home/mariell/go/pkg/mod/github.com/centrifugal/centrifuge@v0.33.3/internal/dissolve/dissolve.go:52 +0x27
created by github.com/centrifugal/centrifuge/internal/dissolve.(*Dissolver).Run in goroutine 47137
	/home/mariell/go/pkg/mod/github.com/centrifugal/centrifuge@v0.33.3/internal/dissolve/dissolve.go:31 +0x25

goroutine 54357 [sync.Cond.Wait]:
sync.runtime_notifyListWait(0xc02667f850, 0x17)
	/usr/lib/go/src/runtime/sema.go:597 +0x159
sync.(*Cond).Wait(0x302e353832203131?)
	/usr/lib/go/src/sync/cond.go:71 +0x85
github.com/centrifugal/centrifuge/internal/dissolve.(*queueImpl).Wait(0xc029e6aa10)
	/home/mariell/go/pkg/mod/github.com/centrifugal/centrifuge@v0.33.3/internal/dissolve/queue.go:139 +0x4a
github.com/centrifugal/centrifuge/internal/dissolve.(*Dissolver).runWorker(0xc015fed548)
	/home/mariell/go/pkg/mod/github.com/centrifugal/centrifuge@v0.33.3/internal/dissolve/dissolve.go:52 +0x27
created by github.com/centrifugal/centrifuge/internal/dissolve.(*Dissolver).Run in goroutine 53243
	/home/mariell/go/pkg/mod/github.com/centrifugal/centrifuge@v0.33.3/internal/dissolve/dissolve.go:31 +0x25

goroutine 50159 [select]:
go.opentelemetry.io/otel/sdk/trace.(*batchSpanProcessor).processQueue(0xc02929c5a0)
	/home/mariell/go/pkg/mod/go.opentelemetry.io/otel/sdk@v1.34.0/trace/batch_span_processor.go:302 +0x114
go.opentelemetry.io/otel/sdk/trace.NewBatchSpanProcessor.func1()
	/home/mariell/go/pkg/mod/go.opentelemetry.io/otel/sdk@v1.34.0/trace/batch_span_processor.go:117 +0x4e
created by go.opentelemetry.io/otel/sdk/trace.NewBatchSpanProcessor in goroutine 50170
	/home/mariell/go/pkg/mod/go.opentelemetry.io/otel/sdk@v1.34.0/trace/batch_span_processor.go:115 +0x2d9

goroutine 52847 [sync.Cond.Wait]:
sync.runtime_notifyListWait(0xc0301d0dd0, 0xb)
	/usr/lib/go/src/runtime/sema.go:597 +0x159
sync.(*Cond).Wait(0xc02a7a6fd0?)
	/usr/lib/go/src/sync/cond.go:71 +0x85
github.com/centrifugal/centrifuge/internal/dissolve.(*queueImpl).Wait(0xc030230380)
	/home/mariell/go/pkg/mod/github.com/centrifugal/centrifuge@v0.33.3/internal/dissolve/queue.go:139 +0x4a
github.com/centrifugal/centrifuge/internal/dissolve.(*Dissolver).runWorker(0xc008ba75c0)
	/home/mariell/go/pkg/mod/github.com/centrifugal/centrifuge@v0.33.3/internal/dissolve/dissolve.go:52 +0x27
created by github.com/centrifugal/centrifuge/internal/dissolve.(*Dissolver).Run in goroutine 51765
	/home/mariell/go/pkg/mod/github.com/centrifugal/centrifuge@v0.33.3/internal/dissolve/dissolve.go:31 +0x25

goroutine 51716 [IO wait]:
internal/poll.runtime_pollWait(0x7775504bf138, 0x72)
	/usr/lib/go/src/runtime/netpoll.go:351 +0x85
internal/poll.(*pollDesc).wait(0xc026acb400?, 0xc01e658000?, 0x0)
	/usr/lib/go/src/internal/poll/fd_poll_runtime.go:84 +0x27
internal/poll.(*pollDesc).waitRead(...)
	/usr/lib/go/src/internal/poll/fd_poll_runtime.go:89
internal/poll.(*FD).Read(0xc026acb400, {0xc01e658000, 0xa000, 0xa000})
	/usr/lib/go/src/internal/poll/fd_unix.go:165 +0x27a
net.(*netFD).Read(0xc026acb400, {0xc01e658000?, 0xc01e658000?, 0x5?})
	/usr/lib/go/src/net/fd_posix.go:55 +0x25
net.(*conn).Read(0xc00ca864c8, {0xc01e658000?, 0x7775584047a0?, 0x7775a8b28f30?})
	/usr/lib/go/src/net/net.go:194 +0x45
crypto/tls.(*atLeastReader).Read(0xc01f6b88b8, {0xc01e658000?, 0x9ffb?, 0x0?})
	/usr/lib/go/src/crypto/tls/conn.go:809 +0x3b
bytes.(*Buffer).ReadFrom(0xc02917f438, {0xa94e300, 0xc01f6b88b8})
	/usr/lib/go/src/bytes/buffer.go:211 +0x98
crypto/tls.(*Conn).readFromUntil(0xc02917f188, {0xa94dc00, 0xc00ca864c8}, 0x444af4?)
	/usr/lib/go/src/crypto/tls/conn.go:831 +0xde
crypto/tls.(*Conn).readRecordOrCCS(0xc02917f188, 0x0)
	/usr/lib/go/src/crypto/tls/conn.go:629 +0x3cf
crypto/tls.(*Conn).readRecord(...)
	/usr/lib/go/src/crypto/tls/conn.go:591
crypto/tls.(*Conn).Read(0xc02917f188, {0xc01ea1e000, 0x1000, 0xc01b26e750?})
	/usr/lib/go/src/crypto/tls/conn.go:1385 +0x145
net/http.(*persistConn).Read(0xc00c41c480, {0xc01ea1e000?, 0x81fe45?, 0xa94be80?})
	/usr/lib/go/src/net/http/transport.go:2122 +0x47
bufio.(*Reader).fill(0xc01d1e9260)
	/usr/lib/go/src/bufio/bufio.go:113 +0x103
bufio.(*Reader).Peek(0xc01d1e9260, 0x1)
	/usr/lib/go/src/bufio/bufio.go:152 +0x53
net/http.(*persistConn).readLoop(0xc00c41c480)
	/usr/lib/go/src/net/http/transport.go:2275 +0x172
created by net/http.(*Transport).dialConn in goroutine 51693
	/usr/lib/go/src/net/http/transport.go:1944 +0x174f

goroutine 52835 [select]:
github.com/centrifugal/centrifuge.(*Node).cleanNodeInfo(0xc02b3ec908)
	/home/mariell/go/pkg/mod/github.com/centrifugal/centrifuge@v0.33.3/node.go:394 +0x90
created by github.com/centrifugal/centrifuge.(*Node).Run in goroutine 51765
	/home/mariell/go/pkg/mod/github.com/centrifugal/centrifuge@v0.33.3/node.go:261 +0x265

goroutine 47075 [IO wait]:
internal/poll.runtime_pollWait(0x777550739d10, 0x72)
	/usr/lib/go/src/runtime/netpoll.go:351 +0x85
internal/poll.(*pollDesc).wait(0xc026ae1900?, 0xc0168ae600?, 0x0)
	/usr/lib/go/src/internal/poll/fd_poll_runtime.go:84 +0x27
internal/poll.(*pollDesc).waitRead(...)
	/usr/lib/go/src/internal/poll/fd_poll_runtime.go:89
internal/poll.(*FD).Read(0xc026ae1900, {0xc0168ae600, 0x1300, 0x1300})
	/usr/lib/go/src/internal/poll/fd_unix.go:165 +0x27a
net.(*netFD).Read(0xc026ae1900, {0xc0168ae600?, 0x5?, 0x11ab1bc8?})
	/usr/lib/go/src/net/fd_posix.go:55 +0x25
net.(*conn).Read(0xc0013300e8, {0xc0168ae600?, 0x77755031a978?, 0x7775a8b2a6c8?})
	/usr/lib/go/src/net/net.go:194 +0x45
crypto/tls.(*atLeastReader).Read(0xc024661098, {0xc0168ae600?, 0x11abda20?, 0xc00c40e9c8?})
	/usr/lib/go/src/crypto/tls/conn.go:809 +0x3b
bytes.(*Buffer).ReadFrom(0xc0266da638, {0xa94e300, 0xc024661098})
	/usr/lib/go/src/bytes/buffer.go:211 +0x98
crypto/tls.(*Conn).readFromUntil(0xc0266da388, {0xa94dc00, 0xc0013300e8}, 0x444af4?)
	/usr/lib/go/src/crypto/tls/conn.go:831 +0xde
crypto/tls.(*Conn).readRecordOrCCS(0xc0266da388, 0x0)
	/usr/lib/go/src/crypto/tls/conn.go:629 +0x3cf
crypto/tls.(*Conn).readRecord(...)
	/usr/lib/go/src/crypto/tls/conn.go:591
crypto/tls.(*Conn).Read(0xc0266da388, {0xc0206bc000, 0x1000, 0xc01764a690?})
	/usr/lib/go/src/crypto/tls/conn.go:1385 +0x145
net/http.(*persistConn).Read(0xc01a011d40, {0xc0206bc000?, 0x81fe45?, 0xa94be80?})
	/usr/lib/go/src/net/http/transport.go:2122 +0x47
bufio.(*Reader).fill(0xc02725bbc0)
	/usr/lib/go/src/bufio/bufio.go:113 +0x103
bufio.(*Reader).Peek(0xc02725bbc0, 0x1)
	/usr/lib/go/src/bufio/bufio.go:152 +0x53
net/http.(*persistConn).readLoop(0xc01a011d40)
	/usr/lib/go/src/net/http/transport.go:2275 +0x172
created by net/http.(*Transport).dialConn in goroutine 46935
	/usr/lib/go/src/net/http/transport.go:1944 +0x174f

goroutine 48233 [sync.Cond.Wait]:
sync.runtime_notifyListWait(0xc01fca58d0, 0x1a)
	/usr/lib/go/src/runtime/sema.go:597 +0x159
sync.(*Cond).Wait(0x0?)
	/usr/lib/go/src/sync/cond.go:71 +0x85
github.com/centrifugal/centrifuge/internal/dissolve.(*queueImpl).Wait(0xc020dbf5e0)
	/home/mariell/go/pkg/mod/github.com/centrifugal/centrifuge@v0.33.3/internal/dissolve/queue.go:139 +0x4a
github.com/centrifugal/centrifuge/internal/dissolve.(*Dissolver).runWorker(0xc0271f1da0)
	/home/mariell/go/pkg/mod/github.com/centrifugal/centrifuge@v0.33.3/internal/dissolve/dissolve.go:52 +0x27
created by github.com/centrifugal/centrifuge/internal/dissolve.(*Dissolver).Run in goroutine 47137
	/home/mariell/go/pkg/mod/github.com/centrifugal/centrifuge@v0.33.3/internal/dissolve/dissolve.go:31 +0x25

goroutine 54360 [sync.Cond.Wait]:
sync.runtime_notifyListWait(0xc02667f850, 0x1a)
	/usr/lib/go/src/runtime/sema.go:597 +0x159
sync.(*Cond).Wait(0x823435?)
	/usr/lib/go/src/sync/cond.go:71 +0x85
github.com/centrifugal/centrifuge/internal/dissolve.(*queueImpl).Wait(0xc029e6aa10)
	/home/mariell/go/pkg/mod/github.com/centrifugal/centrifuge@v0.33.3/internal/dissolve/queue.go:139 +0x4a
github.com/centrifugal/centrifuge/internal/dissolve.(*Dissolver).runWorker(0xc015fed548)
	/home/mariell/go/pkg/mod/github.com/centrifugal/centrifuge@v0.33.3/internal/dissolve/dissolve.go:52 +0x27
created by github.com/centrifugal/centrifuge/internal/dissolve.(*Dissolver).Run in goroutine 53243
	/home/mariell/go/pkg/mod/github.com/centrifugal/centrifuge@v0.33.3/internal/dissolve/dissolve.go:31 +0x25

goroutine 47105 [select]:
database/sql.(*DB).connectionCleaner(0xc027667930, 0xc02787ccb0?)
	/usr/lib/go/src/database/sql/sql.go:1104 +0x9c
created by database/sql.(*DB).startCleanerLocked in goroutine 47137
	/usr/lib/go/src/database/sql/sql.go:1091 +0x105

goroutine 47134 [IO wait]:
internal/poll.runtime_pollWait(0x777550739ae0, 0x72)
	/usr/lib/go/src/runtime/netpoll.go:351 +0x85
internal/poll.(*pollDesc).wait(0xc02069dc80?, 0xc0226b6000?, 0x0)
	/usr/lib/go/src/internal/poll/fd_poll_runtime.go:84 +0x27
internal/poll.(*pollDesc).waitRead(...)
	/usr/lib/go/src/internal/poll/fd_poll_runtime.go:89
internal/poll.(*FD).Read(0xc02069dc80, {0xc0226b6000, 0xa000, 0xa000})
	/usr/lib/go/src/internal/poll/fd_unix.go:165 +0x27a
net.(*netFD).Read(0xc02069dc80, {0xc0226b6000?, 0xc0226b6000?, 0x5?})
	/usr/lib/go/src/net/fd_posix.go:55 +0x25
net.(*conn).Read(0xc007e70a58, {0xc0226b6000?, 0x77755031d2b8?, 0x7775a8b2a210?})
	/usr/lib/go/src/net/net.go:194 +0x45
crypto/tls.(*atLeastReader).Read(0xc0246ee3d8, {0xc0226b6000?, 0x9ffb?, 0xc00ca179c8?})
	/usr/lib/go/src/crypto/tls/conn.go:809 +0x3b
bytes.(*Buffer).ReadFrom(0xc02263e638, {0xa94e300, 0xc0246ee3d8})
	/usr/lib/go/src/bytes/buffer.go:211 +0x98
crypto/tls.(*Conn).readFromUntil(0xc02263e388, {0xa94dc00, 0xc007e70a58}, 0x444af4?)
	/usr/lib/go/src/crypto/tls/conn.go:831 +0xde
crypto/tls.(*Conn).readRecordOrCCS(0xc02263e388, 0x0)
	/usr/lib/go/src/crypto/tls/conn.go:629 +0x3cf
crypto/tls.(*Conn).readRecord(...)
	/usr/lib/go/src/crypto/tls/conn.go:591
crypto/tls.(*Conn).Read(0xc02263e388, {0xc020632000, 0x1000, 0xc01b5d8b40?})
	/usr/lib/go/src/crypto/tls/conn.go:1385 +0x145
net/http.(*persistConn).Read(0xc0206e0000, {0xc020632000?, 0x81fe45?, 0xa94be80?})
	/usr/lib/go/src/net/http/transport.go:2122 +0x47
bufio.(*Reader).fill(0xc02266f3e0)
	/usr/lib/go/src/bufio/bufio.go:113 +0x103
bufio.(*Reader).Peek(0xc02266f3e0, 0x1)
	/usr/lib/go/src/bufio/bufio.go:152 +0x53
net/http.(*persistConn).readLoop(0xc0206e0000)
	/usr/lib/go/src/net/http/transport.go:2275 +0x172
created by net/http.(*Transport).dialConn in goroutine 47077
	/usr/lib/go/src/net/http/transport.go:1944 +0x174f

goroutine 54358 [sync.Cond.Wait]:
sync.runtime_notifyListWait(0xc02667f850, 0x18)
	/usr/lib/go/src/runtime/sema.go:597 +0x159
sync.(*Cond).Wait(0x0?)
	/usr/lib/go/src/sync/cond.go:71 +0x85
github.com/centrifugal/centrifuge/internal/dissolve.(*queueImpl).Wait(0xc029e6aa10)
	/home/mariell/go/pkg/mod/github.com/centrifugal/centrifuge@v0.33.3/internal/dissolve/queue.go:139 +0x4a
github.com/centrifugal/centrifuge/internal/dissolve.(*Dissolver).runWorker(0xc015fed548)
	/home/mariell/go/pkg/mod/github.com/centrifugal/centrifuge@v0.33.3/internal/dissolve/dissolve.go:52 +0x27
created by github.com/centrifugal/centrifuge/internal/dissolve.(*Dissolver).Run in goroutine 53243
	/home/mariell/go/pkg/mod/github.com/centrifugal/centrifuge@v0.33.3/internal/dissolve/dissolve.go:31 +0x25

goroutine 51339 [sync.Cond.Wait]:
sync.runtime_notifyListWait(0xc01afe9210, 0x37)
	/usr/lib/go/src/runtime/sema.go:597 +0x159
sync.(*Cond).Wait(0x0?)
	/usr/lib/go/src/sync/cond.go:71 +0x85
github.com/centrifugal/centrifuge/internal/dissolve.(*queueImpl).Wait(0xc020f245b0)
	/home/mariell/go/pkg/mod/github.com/centrifugal/centrifuge@v0.33.3/internal/dissolve/queue.go:139 +0x4a
github.com/centrifugal/centrifuge/internal/dissolve.(*Dissolver).runWorker(0xc02834aab0)
	/home/mariell/go/pkg/mod/github.com/centrifugal/centrifuge@v0.33.3/internal/dissolve/dissolve.go:52 +0x27
created by github.com/centrifugal/centrifuge/internal/dissolve.(*Dissolver).Run in goroutine 50170
	/home/mariell/go/pkg/mod/github.com/centrifugal/centrifuge@v0.33.3/internal/dissolve/dissolve.go:31 +0x25

goroutine 76048 [sync.Cond.Wait]:
sync.runtime_notifyListWait(0xc045376a50, 0x20)
	/usr/lib/go/src/runtime/sema.go:597 +0x159
sync.(*Cond).Wait(0xc03db587d0?)
	/usr/lib/go/src/sync/cond.go:71 +0x85
github.com/centrifugal/centrifuge/internal/dissolve.(*queueImpl).Wait(0xc0425a5ce0)
	/home/mariell/go/pkg/mod/github.com/centrifugal/centrifuge@v0.33.3/internal/dissolve/queue.go:139 +0x4a
github.com/centrifugal/centrifuge/internal/dissolve.(*Dissolver).runWorker(0xc0272822a0)
	/home/mariell/go/pkg/mod/github.com/centrifugal/centrifuge@v0.33.3/internal/dissolve/dissolve.go:52 +0x27
created by github.com/centrifugal/centrifuge/internal/dissolve.(*Dissolver).Run in goroutine 3349
	/home/mariell/go/pkg/mod/github.com/centrifugal/centrifuge@v0.33.3/internal/dissolve/dissolve.go:31 +0x25

goroutine 47101 [select]:
go.opentelemetry.io/otel/sdk/trace.(*batchSpanProcessor).processQueue(0xc027623cc0)
	/home/mariell/go/pkg/mod/go.opentelemetry.io/otel/sdk@v1.34.0/trace/batch_span_processor.go:302 +0x114
go.opentelemetry.io/otel/sdk/trace.NewBatchSpanProcessor.func1()
	/home/mariell/go/pkg/mod/go.opentelemetry.io/otel/sdk@v1.34.0/trace/batch_span_processor.go:117 +0x4e
created by go.opentelemetry.io/otel/sdk/trace.NewBatchSpanProcessor in goroutine 47137
	/home/mariell/go/pkg/mod/go.opentelemetry.io/otel/sdk@v1.34.0/trace/batch_span_processor.go:115 +0x2d9

goroutine 51299 [sync.Cond.Wait]:
sync.runtime_notifyListWait(0xc01afe9210, 0xa)
	/usr/lib/go/src/runtime/sema.go:597 +0x159
sync.(*Cond).Wait(0x0?)
	/usr/lib/go/src/sync/cond.go:71 +0x85
github.com/centrifugal/centrifuge/internal/dissolve.(*queueImpl).Wait(0xc020f245b0)
	/home/mariell/go/pkg/mod/github.com/centrifugal/centrifuge@v0.33.3/internal/dissolve/queue.go:139 +0x4a
github.com/centrifugal/centrifuge/internal/dissolve.(*Dissolver).runWorker(0xc02834aab0)
	/home/mariell/go/pkg/mod/github.com/centrifugal/centrifuge@v0.33.3/internal/dissolve/dissolve.go:52 +0x27
created by github.com/centrifugal/centrifuge/internal/dissolve.(*Dissolver).Run in goroutine 50170
	/home/mariell/go/pkg/mod/github.com/centrifugal/centrifuge@v0.33.3/internal/dissolve/dissolve.go:31 +0x25

goroutine 51718 [select]:
k8s.io/apimachinery/pkg/util/wait.BackoffUntil(0xc01c9ce380, {0xa95ac00, 0xc02150a3c0}, 0x1, 0xc02814ce70)
	/home/mariell/go/pkg/mod/k8s.io/apimachinery@v0.32.1/pkg/util/wait/backoff.go:238 +0x12c
k8s.io/apimachinery/pkg/util/wait.JitterUntil(0xc01c9ce380, 0x3b9aca00, 0x3ff3333333333333, 0x1, 0xc02814ce70)
	/home/mariell/go/pkg/mod/k8s.io/apimachinery@v0.32.1/pkg/util/wait/backoff.go:204 +0x7f
created by k8s.io/apiserver/pkg/registry/generic/registry.(*Store).startObservingCount in goroutine 51536
	/home/mariell/go/pkg/mod/k8s.io/apiserver@v0.32.1/pkg/registry/generic/registry/store.go:1666 +0x2f9

goroutine 58839 [select]:
github.com/patrickmn/go-cache.(*janitor).Run(0xc0257ef880, 0xc030688640)
	/home/mariell/go/pkg/mod/github.com/patrickmn/go-cache@v2.1.0+incompatible/cache.go:1079 +0x7b
created by github.com/patrickmn/go-cache.runJanitor in goroutine 57831
	/home/mariell/go/pkg/mod/github.com/patrickmn/go-cache@v2.1.0+incompatible/cache.go:1099 +0xdb

goroutine 48674 [select]:
k8s.io/apimachinery/pkg/util/wait.BackoffUntil(0xc00f61ed00, {0xa95ac00, 0xc01c2bf620}, 0x1, 0xc00dd76460)
	/home/mariell/go/pkg/mod/k8s.io/apimachinery@v0.32.1/pkg/util/wait/backoff.go:238 +0x12c
k8s.io/apimachinery/pkg/util/wait.JitterUntil(0xc00f61ed00, 0x3b9aca00, 0x3ff3333333333333, 0x1, 0xc00dd76460)
	/home/mariell/go/pkg/mod/k8s.io/apimachinery@v0.32.1/pkg/util/wait/backoff.go:204 +0x7f
created by k8s.io/apiserver/pkg/registry/generic/registry.(*Store).startObservingCount in goroutine 48200
	/home/mariell/go/pkg/mod/k8s.io/apiserver@v0.32.1/pkg/registry/generic/registry/store.go:1666 +0x2f9

goroutine 51727 [select]:
k8s.io/apimachinery/pkg/util/wait.BackoffUntil(0xc00fd30b80, {0xa95ac00, 0xc02162c330}, 0x1, 0xc0228c4bd0)
	/home/mariell/go/pkg/mod/k8s.io/apimachinery@v0.32.1/pkg/util/wait/backoff.go:238 +0x12c
k8s.io/apimachinery/pkg/util/wait.JitterUntil(0xc00fd30b80, 0x3b9aca00, 0x3ff3333333333333, 0x1, 0xc0228c4bd0)
	/home/mariell/go/pkg/mod/k8s.io/apimachinery@v0.32.1/pkg/util/wait/backoff.go:204 +0x7f
created by k8s.io/apiserver/pkg/registry/generic/registry.(*Store).startObservingCount in goroutine 51536
	/home/mariell/go/pkg/mod/k8s.io/apiserver@v0.32.1/pkg/registry/generic/registry/store.go:1666 +0x2f9

goroutine 48699 [select]:
database/sql.(*DB).connectionCleaner(0xc01a128340, 0xc01a136f50?)
	/usr/lib/go/src/database/sql/sql.go:1104 +0x9c
created by database/sql.(*DB).startCleanerLocked in goroutine 48632
	/usr/lib/go/src/database/sql/sql.go:1091 +0x105

goroutine 53255 [select]:
k8s.io/apimachinery/pkg/util/wait.BackoffUntil(0xc010e0d880, {0xa95ac00, 0xc0297e26c0}, 0x1, 0xc03084f0a0)
	/home/mariell/go/pkg/mod/k8s.io/apimachinery@v0.32.1/pkg/util/wait/backoff.go:238 +0x12c
k8s.io/apimachinery/pkg/util/wait.JitterUntil(0xc010e0d880, 0x3b9aca00, 0x3ff3333333333333, 0x1, 0xc03084f0a0)
	/home/mariell/go/pkg/mod/k8s.io/apimachinery@v0.32.1/pkg/util/wait/backoff.go:204 +0x7f
created by k8s.io/apiserver/pkg/registry/generic/registry.(*Store).startObservingCount in goroutine 53139
	/home/mariell/go/pkg/mod/k8s.io/apiserver@v0.32.1/pkg/registry/generic/registry/store.go:1666 +0x2f9

goroutine 51729 [select]:
k8s.io/apimachinery/pkg/util/wait.BackoffUntil(0xc00fd31040, {0xa95ac00, 0xc02150a450}, 0x1, 0xc0228c4cb0)
	/home/mariell/go/pkg/mod/k8s.io/apimachinery@v0.32.1/pkg/util/wait/backoff.go:238 +0x12c
k8s.io/apimachinery/pkg/util/wait.JitterUntil(0xc00fd31040, 0x3b9aca00, 0x3ff3333333333333, 0x1, 0xc0228c4cb0)
	/home/mariell/go/pkg/mod/k8s.io/apimachinery@v0.32.1/pkg/util/wait/backoff.go:204 +0x7f
created by k8s.io/apiserver/pkg/registry/generic/registry.(*Store).startObservingCount in goroutine 51536
	/home/mariell/go/pkg/mod/k8s.io/apiserver@v0.32.1/pkg/registry/generic/registry/store.go:1666 +0x2f9

goroutine 51175 [select]:
github.com/grafana/grafana/pkg/storage/unified/resource.(*broadcaster[...]).stream(0xab113a0, 0xc020ead8f0)
	/home/mariell/work/oss/grafana/pkg/storage/unified/resource/broadcaster.go:205 +0x13d
created by github.com/grafana/grafana/pkg/storage/unified/resource.(*broadcaster[...]).init in goroutine 50170
	/home/mariell/work/oss/grafana/pkg/storage/unified/resource/broadcaster.go:177 +0x219

goroutine 54781 [chan receive (nil chan)]:
k8s.io/apiserver/pkg/server.preparedGenericAPIServer.RunWithContext.func5()
	/home/mariell/go/pkg/mod/k8s.io/apiserver@v0.32.1/pkg/server/genericapiserver.go:598 +0x37
created by k8s.io/apiserver/pkg/server.preparedGenericAPIServer.RunWithContext in goroutine 54774
	/home/mariell/go/pkg/mod/k8s.io/apiserver@v0.32.1/pkg/server/genericapiserver.go:597 +0x60b

goroutine 50186 [IO wait]:
internal/poll.runtime_pollWait(0x777550274440, 0x72)
	/usr/lib/go/src/runtime/netpoll.go:351 +0x85
internal/poll.(*pollDesc).wait(0xc029421d00?, 0xc0298b0000?, 0x0)
	/usr/lib/go/src/internal/poll/fd_poll_runtime.go:84 +0x27
internal/poll.(*pollDesc).waitRead(...)
	/usr/lib/go/src/internal/poll/fd_poll_runtime.go:89
internal/poll.(*FD).Read(0xc029421d00, {0xc0298b0000, 0xa000, 0xa000})
	/usr/lib/go/src/internal/poll/fd_unix.go:165 +0x27a
net.(*netFD).Read(0xc029421d00, {0xc0298b0000?, 0xc0298b0000?, 0x5?})
	/usr/lib/go/src/net/fd_posix.go:55 +0x25
net.(*conn).Read(0xc004f89c58, {0xc0298b0000?, 0x77751a749ff8?, 0x7775a8b2b4f0?})
	/usr/lib/go/src/net/net.go:194 +0x45
crypto/tls.(*atLeastReader).Read(0xc02bd571b8, {0xc0298b0000?, 0x9ffb?, 0x0?})
	/usr/lib/go/src/crypto/tls/conn.go:809 +0x3b
bytes.(*Buffer).ReadFrom(0xc02940deb8, {0xa94e300, 0xc02bd571b8})
	/usr/lib/go/src/bytes/buffer.go:211 +0x98
crypto/tls.(*Conn).readFromUntil(0xc02940dc08, {0xa94dc00, 0xc004f89c58}, 0x444af4?)
	/usr/lib/go/src/crypto/tls/conn.go:831 +0xde
crypto/tls.(*Conn).readRecordOrCCS(0xc02940dc08, 0x0)
	/usr/lib/go/src/crypto/tls/conn.go:629 +0x3cf
crypto/tls.(*Conn).readRecord(...)
	/usr/lib/go/src/crypto/tls/conn.go:591
crypto/tls.(*Conn).Read(0xc02940dc08, {0xc029a09000, 0x1000, 0xc0297e2450?})
	/usr/lib/go/src/crypto/tls/conn.go:1385 +0x145
net/http.(*persistConn).Read(0xc0252110e0, {0xc029a09000?, 0x81fe45?, 0xa94be80?})
	/usr/lib/go/src/net/http/transport.go:2122 +0x47
bufio.(*Reader).fill(0xc029a30240)
	/usr/lib/go/src/bufio/bufio.go:113 +0x103
bufio.(*Reader).Peek(0xc029a30240, 0x1)
	/usr/lib/go/src/bufio/bufio.go:152 +0x53
net/http.(*persistConn).readLoop(0xc0252110e0)
	/usr/lib/go/src/net/http/transport.go:2275 +0x172
created by net/http.(*Transport).dialConn in goroutine 50179
	/usr/lib/go/src/net/http/transport.go:1944 +0x174f

goroutine 51284 [select]:
github.com/centrifugal/centrifuge.(*Node).sendNodePing(0xc02799cb48)
	/home/mariell/go/pkg/mod/github.com/centrifugal/centrifuge@v0.33.3/node.go:380 +0x85
created by github.com/centrifugal/centrifuge.(*Node).Run in goroutine 50170
	/home/mariell/go/pkg/mod/github.com/centrifugal/centrifuge@v0.33.3/node.go:260 +0x225

goroutine 52886 [sync.Cond.Wait]:
sync.runtime_notifyListWait(0xc0301d0dd0, 0x32)
	/usr/lib/go/src/runtime/sema.go:597 +0x159
sync.(*Cond).Wait(0x24?)
	/usr/lib/go/src/sync/cond.go:71 +0x85
github.com/centrifugal/centrifuge/internal/dissolve.(*queueImpl).Wait(0xc030230380)
	/home/mariell/go/pkg/mod/github.com/centrifugal/centrifuge@v0.33.3/internal/dissolve/queue.go:139 +0x4a
github.com/centrifugal/centrifuge/internal/dissolve.(*Dissolver).runWorker(0xc008ba75c0)
	/home/mariell/go/pkg/mod/github.com/centrifugal/centrifuge@v0.33.3/internal/dissolve/dissolve.go:52 +0x27
created by github.com/centrifugal/centrifuge/internal/dissolve.(*Dissolver).Run in goroutine 51765
	/home/mariell/go/pkg/mod/github.com/centrifugal/centrifuge@v0.33.3/internal/dissolve/dissolve.go:31 +0x25

goroutine 48615 [IO wait]:
internal/poll.runtime_pollWait(0x777550274e18, 0x72)
	/usr/lib/go/src/runtime/netpoll.go:351 +0x85
internal/poll.(*pollDesc).wait(0xc01e680e80?, 0xc00c568600?, 0x0)
	/usr/lib/go/src/internal/poll/fd_poll_runtime.go:84 +0x27
internal/poll.(*pollDesc).waitRead(...)
	/usr/lib/go/src/internal/poll/fd_poll_runtime.go:89
internal/poll.(*FD).Read(0xc01e680e80, {0xc00c568600, 0x1300, 0x1300})
	/usr/lib/go/src/internal/poll/fd_unix.go:165 +0x27a
net.(*netFD).Read(0xc01e680e80, {0xc00c568600?, 0x0?, 0x5?})
	/usr/lib/go/src/net/fd_posix.go:55 +0x25
net.(*conn).Read(0xc011254800, {0xc00c568600?, 0x7775502c6d08?, 0x7775a8b29d58?})
	/usr/lib/go/src/net/net.go:194 +0x45
crypto/tls.(*atLeastReader).Read(0xc02527c0d8, {0xc00c568600?, 0x11abda20?, 0xc0271079c8?})
	/usr/lib/go/src/crypto/tls/conn.go:809 +0x3b
bytes.(*Buffer).ReadFrom(0xc01aedc9b8, {0xa94e300, 0xc02527c0d8})
	/usr/lib/go/src/bytes/buffer.go:211 +0x98
crypto/tls.(*Conn).readFromUntil(0xc01aedc708, {0xa94dc00, 0xc011254800}, 0x444af4?)
	/usr/lib/go/src/crypto/tls/conn.go:831 +0xde
crypto/tls.(*Conn).readRecordOrCCS(0xc01aedc708, 0x0)
	/usr/lib/go/src/crypto/tls/conn.go:629 +0x3cf
crypto/tls.(*Conn).readRecord(...)
	/usr/lib/go/src/crypto/tls/conn.go:591
crypto/tls.(*Conn).Read(0xc01aedc708, {0xc014ced000, 0x1000, 0xc01bac6540?})
	/usr/lib/go/src/crypto/tls/conn.go:1385 +0x145
net/http.(*persistConn).Read(0xc025146a20, {0xc014ced000?, 0x81fe45?, 0xa94be80?})
	/usr/lib/go/src/net/http/transport.go:2122 +0x47
bufio.(*Reader).fill(0xc017beb380)
	/usr/lib/go/src/bufio/bufio.go:113 +0x103
bufio.(*Reader).Peek(0xc017beb380, 0x1)
	/usr/lib/go/src/bufio/bufio.go:152 +0x53
net/http.(*persistConn).readLoop(0xc025146a20)
	/usr/lib/go/src/net/http/transport.go:2275 +0x172
created by net/http.(*Transport).dialConn in goroutine 48475
	/usr/lib/go/src/net/http/transport.go:1944 +0x174f

goroutine 51336 [sync.Cond.Wait]:
sync.runtime_notifyListWait(0xc01afe9210, 0x33)
	/usr/lib/go/src/runtime/sema.go:597 +0x159
sync.(*Cond).Wait(0xc0233cafd0?)
	/usr/lib/go/src/sync/cond.go:71 +0x85
github.com/centrifugal/centrifuge/internal/dissolve.(*queueImpl).Wait(0xc020f245b0)
	/home/mariell/go/pkg/mod/github.com/centrifugal/centrifuge@v0.33.3/internal/dissolve/queue.go:139 +0x4a
github.com/centrifugal/centrifuge/internal/dissolve.(*Dissolver).runWorker(0xc02834aab0)
	/home/mariell/go/pkg/mod/github.com/centrifugal/centrifuge@v0.33.3/internal/dissolve/dissolve.go:52 +0x27
created by github.com/centrifugal/centrifuge/internal/dissolve.(*Dissolver).Run in goroutine 50170
	/home/mariell/go/pkg/mod/github.com/centrifugal/centrifuge@v0.33.3/internal/dissolve/dissolve.go:31 +0x25

goroutine 58919 [sync.Cond.Wait]:
sync.runtime_notifyListWait(0xc01f861010, 0x31)
	/usr/lib/go/src/runtime/sema.go:597 +0x159
sync.(*Cond).Wait(0x0?)
	/usr/lib/go/src/sync/cond.go:71 +0x85
github.com/centrifugal/centrifuge/internal/dissolve.(*queueImpl).Wait(0xc01921b6c0)
	/home/mariell/go/pkg/mod/github.com/centrifugal/centrifuge@v0.33.3/internal/dissolve/queue.go:139 +0x4a
github.com/centrifugal/centrifuge/internal/dissolve.(*Dissolver).runWorker(0xc0243b2a20)
	/home/mariell/go/pkg/mod/github.com/centrifugal/centrifuge@v0.33.3/internal/dissolve/dissolve.go:52 +0x27
created by github.com/centrifugal/centrifuge/internal/dissolve.(*Dissolver).Run in goroutine 57831
	/home/mariell/go/pkg/mod/github.com/centrifugal/centrifuge@v0.33.3/internal/dissolve/dissolve.go:31 +0x25

goroutine 48235 [sync.Cond.Wait]:
sync.runtime_notifyListWait(0xc01fca58d0, 0x1d)
	/usr/lib/go/src/runtime/sema.go:597 +0x159
sync.(*Cond).Wait(0xc020dcf7d0?)
	/usr/lib/go/src/sync/cond.go:71 +0x85
github.com/centrifugal/centrifuge/internal/dissolve.(*queueImpl).Wait(0xc020dbf5e0)
	/home/mariell/go/pkg/mod/github.com/centrifugal/centrifuge@v0.33.3/internal/dissolve/queue.go:139 +0x4a
github.com/centrifugal/centrifuge/internal/dissolve.(*Dissolver).runWorker(0xc0271f1da0)
	/home/mariell/go/pkg/mod/github.com/centrifugal/centrifuge@v0.33.3/internal/dissolve/dissolve.go:52 +0x27
created by github.com/centrifugal/centrifuge/internal/dissolve.(*Dissolver).Run in goroutine 47137
	/home/mariell/go/pkg/mod/github.com/centrifugal/centrifuge@v0.33.3/internal/dissolve/dissolve.go:31 +0x25

goroutine 51682 [select]:
net/http.(*persistConn).writeLoop(0xc025772120)
	/usr/lib/go/src/net/http/transport.go:2590 +0xe7
created by net/http.(*Transport).dialConn in goroutine 50173
	/usr/lib/go/src/net/http/transport.go:1945 +0x17a5

goroutine 50150 [select]:
net/http.(*persistConn).writeLoop(0xc01a1c8360)
	/usr/lib/go/src/net/http/transport.go:2590 +0xe7
created by net/http.(*Transport).dialConn in goroutine 50025
	/usr/lib/go/src/net/http/transport.go:1945 +0x17a5

goroutine 48252 [sync.Cond.Wait]:
sync.runtime_notifyListWait(0xc01fca58d0, 0x28)
	/usr/lib/go/src/runtime/sema.go:597 +0x159
sync.(*Cond).Wait(0xc02070a7d0?)
	/usr/lib/go/src/sync/cond.go:71 +0x85
github.com/centrifugal/centrifuge/internal/dissolve.(*queueImpl).Wait(0xc020dbf5e0)
	/home/mariell/go/pkg/mod/github.com/centrifugal/centrifuge@v0.33.3/internal/dissolve/queue.go:139 +0x4a
github.com/centrifugal/centrifuge/internal/dissolve.(*Dissolver).runWorker(0xc0271f1da0)
	/home/mariell/go/pkg/mod/github.com/centrifugal/centrifuge@v0.33.3/internal/dissolve/dissolve.go:52 +0x27
created by github.com/centrifugal/centrifuge/internal/dissolve.(*Dissolver).Run in goroutine 47137
	/home/mariell/go/pkg/mod/github.com/centrifugal/centrifuge@v0.33.3/internal/dissolve/dissolve.go:31 +0x25

goroutine 48248 [sync.Cond.Wait]:
sync.runtime_notifyListWait(0xc01fca58d0, 0x33)
	/usr/lib/go/src/runtime/sema.go:597 +0x159
sync.(*Cond).Wait(0xc02070b7d0?)
	/usr/lib/go/src/sync/cond.go:71 +0x85
github.com/centrifugal/centrifuge/internal/dissolve.(*queueImpl).Wait(0xc020dbf5e0)
	/home/mariell/go/pkg/mod/github.com/centrifugal/centrifuge@v0.33.3/internal/dissolve/queue.go:139 +0x4a
github.com/centrifugal/centrifuge/internal/dissolve.(*Dissolver).runWorker(0xc0271f1da0)
	/home/mariell/go/pkg/mod/github.com/centrifugal/centrifuge@v0.33.3/internal/dissolve/dissolve.go:52 +0x27
created by github.com/centrifugal/centrifuge/internal/dissolve.(*Dissolver).Run in goroutine 47137
	/home/mariell/go/pkg/mod/github.com/centrifugal/centrifuge@v0.33.3/internal/dissolve/dissolve.go:31 +0x25

goroutine 52849 [sync.Cond.Wait]:
sync.runtime_notifyListWait(0xc0301d0dd0, 0xd)
	/usr/lib/go/src/runtime/sema.go:597 +0x159
sync.(*Cond).Wait(0xc02ab9b7d0?)
	/usr/lib/go/src/sync/cond.go:71 +0x85
github.com/centrifugal/centrifuge/internal/dissolve.(*queueImpl).Wait(0xc030230380)
	/home/mariell/go/pkg/mod/github.com/centrifugal/centrifuge@v0.33.3/internal/dissolve/queue.go:139 +0x4a
github.com/centrifugal/centrifuge/internal/dissolve.(*Dissolver).runWorker(0xc008ba75c0)
	/home/mariell/go/pkg/mod/github.com/centrifugal/centrifuge@v0.33.3/internal/dissolve/dissolve.go:52 +0x27
created by github.com/centrifugal/centrifuge/internal/dissolve.(*Dissolver).Run in goroutine 51765
	/home/mariell/go/pkg/mod/github.com/centrifugal/centrifuge@v0.33.3/internal/dissolve/dissolve.go:31 +0x25

goroutine 48228 [sync.Cond.Wait]:
sync.runtime_notifyListWait(0xc01fca58d0, 0x15)
	/usr/lib/go/src/runtime/sema.go:597 +0x159
sync.(*Cond).Wait(0x0?)
	/usr/lib/go/src/sync/cond.go:71 +0x85
github.com/centrifugal/centrifuge/internal/dissolve.(*queueImpl).Wait(0xc020dbf5e0)
	/home/mariell/go/pkg/mod/github.com/centrifugal/centrifuge@v0.33.3/internal/dissolve/queue.go:139 +0x4a
github.com/centrifugal/centrifuge/internal/dissolve.(*Dissolver).runWorker(0xc0271f1da0)
	/home/mariell/go/pkg/mod/github.com/centrifugal/centrifuge@v0.33.3/internal/dissolve/dissolve.go:52 +0x27
created by github.com/centrifugal/centrifuge/internal/dissolve.(*Dissolver).Run in goroutine 47137
	/home/mariell/go/pkg/mod/github.com/centrifugal/centrifuge@v0.33.3/internal/dissolve/dissolve.go:31 +0x25

goroutine 75939 [sync.Cond.Wait]:
sync.runtime_notifyListWait(0xc0260a7e90, 0x4)
	/usr/lib/go/src/runtime/sema.go:597 +0x159
sync.(*Cond).Wait(0x0?)
	/usr/lib/go/src/sync/cond.go:71 +0x85
github.com/centrifugal/centrifuge/internal/dissolve.(*queueImpl).Wait(0xc044618930)
	/home/mariell/go/pkg/mod/github.com/centrifugal/centrifuge@v0.33.3/internal/dissolve/queue.go:139 +0x4a
github.com/centrifugal/centrifuge/internal/dissolve.(*Dissolver).runWorker(0xc031b01698)
	/home/mariell/go/pkg/mod/github.com/centrifugal/centrifuge@v0.33.3/internal/dissolve/dissolve.go:52 +0x27
created by github.com/centrifugal/centrifuge/internal/dissolve.(*Dissolver).Run in goroutine 22318
	/home/mariell/go/pkg/mod/github.com/centrifugal/centrifuge@v0.33.3/internal/dissolve/dissolve.go:31 +0x25

goroutine 49744 [select]:
github.com/FZambia/eagle.(*Eagle).aggregate(0xc0290a8850)
	/home/mariell/go/pkg/mod/github.com/!f!zambia/eagle@v0.1.0/eagle.go:210 +0x6d
created by github.com/FZambia/eagle.New in goroutine 48632
	/home/mariell/go/pkg/mod/github.com/!f!zambia/eagle@v0.1.0/eagle.go:66 +0x176

goroutine 48688 [chan receive (nil chan)]:
k8s.io/apiserver/pkg/server.preparedGenericAPIServer.RunWithContext.func5()
	/home/mariell/go/pkg/mod/k8s.io/apiserver@v0.32.1/pkg/server/genericapiserver.go:598 +0x37
created by k8s.io/apiserver/pkg/server.preparedGenericAPIServer.RunWithContext in goroutine 48681
	/home/mariell/go/pkg/mod/k8s.io/apiserver@v0.32.1/pkg/server/genericapiserver.go:597 +0x60b

goroutine 58928 [sync.Cond.Wait]:
sync.runtime_notifyListWait(0xc01f861010, 0x39)
	/usr/lib/go/src/runtime/sema.go:597 +0x159
sync.(*Cond).Wait(0x0?)
	/usr/lib/go/src/sync/cond.go:71 +0x85
github.com/centrifugal/centrifuge/internal/dissolve.(*queueImpl).Wait(0xc01921b6c0)
	/home/mariell/go/pkg/mod/github.com/centrifugal/centrifuge@v0.33.3/internal/dissolve/queue.go:139 +0x4a
github.com/centrifugal/centrifuge/internal/dissolve.(*Dissolver).runWorker(0xc0243b2a20)
	/home/mariell/go/pkg/mod/github.com/centrifugal/centrifuge@v0.33.3/internal/dissolve/dissolve.go:52 +0x27
created by github.com/centrifugal/centrifuge/internal/dissolve.(*Dissolver).Run in goroutine 57831
	/home/mariell/go/pkg/mod/github.com/centrifugal/centrifuge@v0.33.3/internal/dissolve/dissolve.go:31 +0x25

goroutine 48231 [sync.Cond.Wait]:
sync.runtime_notifyListWait(0xc01fca58d0, 0x18)
	/usr/lib/go/src/runtime/sema.go:597 +0x159
sync.(*Cond).Wait(0x0?)
	/usr/lib/go/src/sync/cond.go:71 +0x85
github.com/centrifugal/centrifuge/internal/dissolve.(*queueImpl).Wait(0xc020dbf5e0)
	/home/mariell/go/pkg/mod/github.com/centrifugal/centrifuge@v0.33.3/internal/dissolve/queue.go:139 +0x4a
github.com/centrifugal/centrifuge/internal/dissolve.(*Dissolver).runWorker(0xc0271f1da0)
	/home/mariell/go/pkg/mod/github.com/centrifugal/centrifuge@v0.33.3/internal/dissolve/dissolve.go:52 +0x27
created by github.com/centrifugal/centrifuge/internal/dissolve.(*Dissolver).Run in goroutine 47137
	/home/mariell/go/pkg/mod/github.com/centrifugal/centrifuge@v0.33.3/internal/dissolve/dissolve.go:31 +0x25

goroutine 48210 [sync.Cond.Wait]:
sync.runtime_notifyListWait(0xc01fca58d0, 0x0)
	/usr/lib/go/src/runtime/sema.go:597 +0x159
sync.(*Cond).Wait(0xc02ab967d0?)
	/usr/lib/go/src/sync/cond.go:71 +0x85
github.com/centrifugal/centrifuge/internal/dissolve.(*queueImpl).Wait(0xc020dbf5e0)
	/home/mariell/go/pkg/mod/github.com/centrifugal/centrifuge@v0.33.3/internal/dissolve/queue.go:139 +0x4a
github.com/centrifugal/centrifuge/internal/dissolve.(*Dissolver).runWorker(0xc0271f1da0)
	/home/mariell/go/pkg/mod/github.com/centrifugal/centrifuge@v0.33.3/internal/dissolve/dissolve.go:52 +0x27
created by github.com/centrifugal/centrifuge/internal/dissolve.(*Dissolver).Run in goroutine 47137
	/home/mariell/go/pkg/mod/github.com/centrifugal/centrifuge@v0.33.3/internal/dissolve/dissolve.go:31 +0x25

goroutine 50152 [select]:
net/http.(*persistConn).writeLoop(0xc02516e5a0)
	/usr/lib/go/src/net/http/transport.go:2590 +0xe7
created by net/http.(*Transport).dialConn in goroutine 48524
	/usr/lib/go/src/net/http/transport.go:1945 +0x17a5

goroutine 52851 [sync.Cond.Wait]:
sync.runtime_notifyListWait(0xc0301d0dd0, 0xf)
	/usr/lib/go/src/runtime/sema.go:597 +0x159
sync.(*Cond).Wait(0x0?)
	/usr/lib/go/src/sync/cond.go:71 +0x85
github.com/centrifugal/centrifuge/internal/dissolve.(*queueImpl).Wait(0xc030230380)
	/home/mariell/go/pkg/mod/github.com/centrifugal/centrifuge@v0.33.3/internal/dissolve/queue.go:139 +0x4a
github.com/centrifugal/centrifuge/internal/dissolve.(*Dissolver).runWorker(0xc008ba75c0)
	/home/mariell/go/pkg/mod/github.com/centrifugal/centrifuge@v0.33.3/internal/dissolve/dissolve.go:52 +0x27
created by github.com/centrifugal/centrifuge/internal/dissolve.(*Dissolver).Run in goroutine 51765
	/home/mariell/go/pkg/mod/github.com/centrifugal/centrifuge@v0.33.3/internal/dissolve/dissolve.go:31 +0x25

goroutine 51546 [select]:
net/http.(*persistConn).writeLoop(0xc027c3f9e0)
	/usr/lib/go/src/net/http/transport.go:2590 +0xe7
created by net/http.(*Transport).dialConn in goroutine 51741
	/usr/lib/go/src/net/http/transport.go:1945 +0x17a5

goroutine 47969 [sync.Cond.Wait]:
sync.runtime_notifyListWait(0xc01fca58d0, 0x2)
	/usr/lib/go/src/runtime/sema.go:597 +0x159
sync.(*Cond).Wait(0x0?)
	/usr/lib/go/src/sync/cond.go:71 +0x85
github.com/centrifugal/centrifuge/internal/dissolve.(*queueImpl).Wait(0xc020dbf5e0)
	/home/mariell/go/pkg/mod/github.com/centrifugal/centrifuge@v0.33.3/internal/dissolve/queue.go:139 +0x4a
github.com/centrifugal/centrifuge/internal/dissolve.(*Dissolver).runWorker(0xc0271f1da0)
	/home/mariell/go/pkg/mod/github.com/centrifugal/centrifuge@v0.33.3/internal/dissolve/dissolve.go:52 +0x27
created by github.com/centrifugal/centrifuge/internal/dissolve.(*Dissolver).Run in goroutine 47137
	/home/mariell/go/pkg/mod/github.com/centrifugal/centrifuge@v0.33.3/internal/dissolve/dissolve.go:31 +0x25

goroutine 49771 [sync.Cond.Wait]:
sync.runtime_notifyListWait(0xc028e24c90, 0x9)
	/usr/lib/go/src/runtime/sema.go:597 +0x159
sync.(*Cond).Wait(0x0?)
	/usr/lib/go/src/sync/cond.go:71 +0x85
github.com/centrifugal/centrifuge/internal/dissolve.(*queueImpl).Wait(0xc028e3d810)
	/home/mariell/go/pkg/mod/github.com/centrifugal/centrifuge@v0.33.3/internal/dissolve/queue.go:139 +0x4a
github.com/centrifugal/centrifuge/internal/dissolve.(*Dissolver).runWorker(0xc028d11578)
	/home/mariell/go/pkg/mod/github.com/centrifugal/centrifuge@v0.33.3/internal/dissolve/dissolve.go:52 +0x27
created by github.com/centrifugal/centrifuge/internal/dissolve.(*Dissolver).Run in goroutine 48632
	/home/mariell/go/pkg/mod/github.com/centrifugal/centrifuge@v0.33.3/internal/dissolve/dissolve.go:31 +0x25

goroutine 48250 [sync.Cond.Wait]:
sync.runtime_notifyListWait(0xc01fca58d0, 0x27)
	/usr/lib/go/src/runtime/sema.go:597 +0x159
sync.(*Cond).Wait(0x0?)
	/usr/lib/go/src/sync/cond.go:71 +0x85
github.com/centrifugal/centrifuge/internal/dissolve.(*queueImpl).Wait(0xc020dbf5e0)
	/home/mariell/go/pkg/mod/github.com/centrifugal/centrifuge@v0.33.3/internal/dissolve/queue.go:139 +0x4a
github.com/centrifugal/centrifuge/internal/dissolve.(*Dissolver).runWorker(0xc0271f1da0)
	/home/mariell/go/pkg/mod/github.com/centrifugal/centrifuge@v0.33.3/internal/dissolve/dissolve.go:52 +0x27
created by github.com/centrifugal/centrifuge/internal/dissolve.(*Dissolver).Run in goroutine 47137
	/home/mariell/go/pkg/mod/github.com/centrifugal/centrifuge@v0.33.3/internal/dissolve/dissolve.go:31 +0x25

goroutine 51728 [select]:
k8s.io/apimachinery/pkg/util/wait.BackoffUntil(0xc00fd30ec0, {0xa95ac00, 0xc01ffd9590}, 0x1, 0xc0228c4c40)
	/home/mariell/go/pkg/mod/k8s.io/apimachinery@v0.32.1/pkg/util/wait/backoff.go:238 +0x12c
k8s.io/apimachinery/pkg/util/wait.JitterUntil(0xc00fd30ec0, 0x3b9aca00, 0x3ff3333333333333, 0x1, 0xc0228c4c40)
	/home/mariell/go/pkg/mod/k8s.io/apimachinery@v0.32.1/pkg/util/wait/backoff.go:204 +0x7f
created by k8s.io/apiserver/pkg/registry/generic/registry.(*Store).startObservingCount in goroutine 51536
	/home/mariell/go/pkg/mod/k8s.io/apiserver@v0.32.1/pkg/registry/generic/registry/store.go:1666 +0x2f9

goroutine 48230 [sync.Cond.Wait]:
sync.runtime_notifyListWait(0xc01fca58d0, 0x17)
	/usr/lib/go/src/runtime/sema.go:597 +0x159
sync.(*Cond).Wait(0x0?)
	/usr/lib/go/src/sync/cond.go:71 +0x85
github.com/centrifugal/centrifuge/internal/dissolve.(*queueImpl).Wait(0xc020dbf5e0)
	/home/mariell/go/pkg/mod/github.com/centrifugal/centrifuge@v0.33.3/internal/dissolve/queue.go:139 +0x4a
github.com/centrifugal/centrifuge/internal/dissolve.(*Dissolver).runWorker(0xc0271f1da0)
	/home/mariell/go/pkg/mod/github.com/centrifugal/centrifuge@v0.33.3/internal/dissolve/dissolve.go:52 +0x27
created by github.com/centrifugal/centrifuge/internal/dissolve.(*Dissolver).Run in goroutine 47137
	/home/mariell/go/pkg/mod/github.com/centrifugal/centrifuge@v0.33.3/internal/dissolve/dissolve.go:31 +0x25

goroutine 52848 [sync.Cond.Wait]:
sync.runtime_notifyListWait(0xc0301d0dd0, 0xc)
	/usr/lib/go/src/runtime/sema.go:597 +0x159
sync.(*Cond).Wait(0x0?)
	/usr/lib/go/src/sync/cond.go:71 +0x85
github.com/centrifugal/centrifuge/internal/dissolve.(*queueImpl).Wait(0xc030230380)
	/home/mariell/go/pkg/mod/github.com/centrifugal/centrifuge@v0.33.3/internal/dissolve/queue.go:139 +0x4a
github.com/centrifugal/centrifuge/internal/dissolve.(*Dissolver).runWorker(0xc008ba75c0)
	/home/mariell/go/pkg/mod/github.com/centrifugal/centrifuge@v0.33.3/internal/dissolve/dissolve.go:52 +0x27
created by github.com/centrifugal/centrifuge/internal/dissolve.(*Dissolver).Run in goroutine 51765
	/home/mariell/go/pkg/mod/github.com/centrifugal/centrifuge@v0.33.3/internal/dissolve/dissolve.go:31 +0x25

goroutine 52850 [sync.Cond.Wait]:
sync.runtime_notifyListWait(0xc0301d0dd0, 0xe)
	/usr/lib/go/src/runtime/sema.go:597 +0x159
sync.(*Cond).Wait(0x0?)
	/usr/lib/go/src/sync/cond.go:71 +0x85
github.com/centrifugal/centrifuge/internal/dissolve.(*queueImpl).Wait(0xc030230380)
	/home/mariell/go/pkg/mod/github.com/centrifugal/centrifuge@v0.33.3/internal/dissolve/queue.go:139 +0x4a
github.com/centrifugal/centrifuge/internal/dissolve.(*Dissolver).runWorker(0xc008ba75c0)
	/home/mariell/go/pkg/mod/github.com/centrifugal/centrifuge@v0.33.3/internal/dissolve/dissolve.go:52 +0x27
created by github.com/centrifugal/centrifuge/internal/dissolve.(*Dissolver).Run in goroutine 51765
	/home/mariell/go/pkg/mod/github.com/centrifugal/centrifuge@v0.33.3/internal/dissolve/dissolve.go:31 +0x25

goroutine 77829 [runnable]:
github.com/centrifugal/centrifuge.(*historyHub).runCleanups.gowrap2()
	/home/mariell/go/pkg/mod/github.com/centrifugal/centrifuge@v0.33.3/broker_memory.go:253
runtime.goexit({})
	/usr/lib/go/src/runtime/asm_amd64.s:1700 +0x1
created by github.com/centrifugal/centrifuge.(*historyHub).runCleanups in goroutine 56143
	/home/mariell/go/pkg/mod/github.com/centrifugal/centrifuge@v0.33.3/broker_memory.go:253 +0x96

goroutine 54738 [IO wait]:
internal/poll.runtime_pollWait(0x777550501770, 0x72)
	/usr/lib/go/src/runtime/netpoll.go:351 +0x85
internal/poll.(*pollDesc).wait(0xc023880800?, 0xc0304c3300?, 0x0)
	/usr/lib/go/src/internal/poll/fd_poll_runtime.go:84 +0x27
internal/poll.(*pollDesc).waitRead(...)
	/usr/lib/go/src/internal/poll/fd_poll_runtime.go:89
internal/poll.(*FD).Read(0xc023880800, {0xc0304c3300, 0x1300, 0x1300})
	/usr/lib/go/src/internal/poll/fd_unix.go:165 +0x27a
net.(*netFD).Read(0xc023880800, {0xc0304c3300?, 0x0?, 0x1c01cd1c000?})
	/usr/lib/go/src/net/fd_posix.go:55 +0x25
net.(*conn).Read(0xc004b2a030, {0xc0304c3300?, 0x777558337a00?, 0x7775a8b285c0?})
	/usr/lib/go/src/net/net.go:194 +0x45
crypto/tls.(*atLeastReader).Read(0xc0148226f0, {0xc0304c3300?, 0x4247a5?, 0x0?})
	/usr/lib/go/src/crypto/tls/conn.go:809 +0x3b
bytes.(*Buffer).ReadFrom(0xc023846638, {0xa94e300, 0xc0148226f0})
	/usr/lib/go/src/bytes/buffer.go:211 +0x98
crypto/tls.(*Conn).readFromUntil(0xc023846388, {0xa94dc00, 0xc004b2a030}, 0x444af4?)
	/usr/lib/go/src/crypto/tls/conn.go:831 +0xde
crypto/tls.(*Conn).readRecordOrCCS(0xc023846388, 0x0)
	/usr/lib/go/src/crypto/tls/conn.go:629 +0x3cf
crypto/tls.(*Conn).readRecord(...)
	/usr/lib/go/src/crypto/tls/conn.go:591
crypto/tls.(*Conn).Read(0xc023846388, {0xc0234a9000, 0x1000, 0x7775a8b285c0?})
	/usr/lib/go/src/crypto/tls/conn.go:1385 +0x145
net/http.(*persistConn).Read(0xc02a3b3560, {0xc0234a9000?, 0x4141c5?, 0x68?})
	/usr/lib/go/src/net/http/transport.go:2122 +0x47
bufio.(*Reader).fill(0xc0234a6660)
	/usr/lib/go/src/bufio/bufio.go:113 +0x103
bufio.(*Reader).Peek(0xc0234a6660, 0x1)
	/usr/lib/go/src/bufio/bufio.go:152 +0x53
net/http.(*persistConn).readLoop(0xc02a3b3560)
	/usr/lib/go/src/net/http/transport.go:2275 +0x172
created by net/http.(*Transport).dialConn in goroutine 54552
	/usr/lib/go/src/net/http/transport.go:1944 +0x174f

goroutine 48229 [sync.Cond.Wait]:
sync.runtime_notifyListWait(0xc01fca58d0, 0x16)
	/usr/lib/go/src/runtime/sema.go:597 +0x159
sync.(*Cond).Wait(0x0?)
	/usr/lib/go/src/sync/cond.go:71 +0x85
github.com/centrifugal/centrifuge/internal/dissolve.(*queueImpl).Wait(0xc020dbf5e0)
	/home/mariell/go/pkg/mod/github.com/centrifugal/centrifuge@v0.33.3/internal/dissolve/queue.go:139 +0x4a
github.com/centrifugal/centrifuge/internal/dissolve.(*Dissolver).runWorker(0xc0271f1da0)
	/home/mariell/go/pkg/mod/github.com/centrifugal/centrifuge@v0.33.3/internal/dissolve/dissolve.go:52 +0x27
created by github.com/centrifugal/centrifuge/internal/dissolve.(*Dissolver).Run in goroutine 47137
	/home/mariell/go/pkg/mod/github.com/centrifugal/centrifuge@v0.33.3/internal/dissolve/dissolve.go:31 +0x25

goroutine 77347 [sync.Cond.Wait]:
sync.runtime_notifyListWait(0xc045ae3d50, 0x1d)
	/usr/lib/go/src/runtime/sema.go:597 +0x159
sync.(*Cond).Wait(0x0?)
	/usr/lib/go/src/sync/cond.go:71 +0x85
github.com/centrifugal/centrifuge/internal/dissolve.(*queueImpl).Wait(0xc045afb420)
	/home/mariell/go/pkg/mod/github.com/centrifugal/centrifuge@v0.33.3/internal/dissolve/queue.go:139 +0x4a
github.com/centrifugal/centrifuge/internal/dissolve.(*Dissolver).runWorker(0xc034b3a078)
	/home/mariell/go/pkg/mod/github.com/centrifugal/centrifuge@v0.33.3/internal/dissolve/dissolve.go:52 +0x27
created by github.com/centrifugal/centrifuge/internal/dissolve.(*Dissolver).Run in goroutine 4437
	/home/mariell/go/pkg/mod/github.com/centrifugal/centrifuge@v0.33.3/internal/dissolve/dissolve.go:31 +0x25

goroutine 52889 [sync.Cond.Wait]:
sync.runtime_notifyListWait(0xc0301d0dd0, 0x35)
	/usr/lib/go/src/runtime/sema.go:597 +0x159
sync.(*Cond).Wait(0x410000104000?)
	/usr/lib/go/src/sync/cond.go:71 +0x85
github.com/centrifugal/centrifuge/internal/dissolve.(*queueImpl).Wait(0xc030230380)
	/home/mariell/go/pkg/mod/github.com/centrifugal/centrifuge@v0.33.3/internal/dissolve/queue.go:139 +0x4a
github.com/centrifugal/centrifuge/internal/dissolve.(*Dissolver).runWorker(0xc008ba75c0)
	/home/mariell/go/pkg/mod/github.com/centrifugal/centrifuge@v0.33.3/internal/dissolve/dissolve.go:52 +0x27
created by github.com/centrifugal/centrifuge/internal/dissolve.(*Dissolver).Run in goroutine 51765
	/home/mariell/go/pkg/mod/github.com/centrifugal/centrifuge@v0.33.3/internal/dissolve/dissolve.go:31 +0x25

goroutine 45535 [select]:
net/http.(*persistConn).writeLoop(0xc01a09a000)
	/usr/lib/go/src/net/http/transport.go:2590 +0xe7
created by net/http.(*Transport).dialConn in goroutine 45582
	/usr/lib/go/src/net/http/transport.go:1945 +0x17a5

goroutine 47107 [chan receive]:
github.com/grafana/grafana/pkg/registry/apis/dashboard/legacy.(*dashboardSqlAccess).WatchWriteEvents.func1()
	/home/mariell/work/oss/grafana/pkg/registry/apis/dashboard/legacy/storage.go:238 +0x50
created by github.com/grafana/grafana/pkg/registry/apis/dashboard/legacy.(*dashboardSqlAccess).WatchWriteEvents in goroutine 43598
	/home/mariell/work/oss/grafana/pkg/registry/apis/dashboard/legacy/storage.go:236 +0x1b6

goroutine 47108 [chan receive]:
github.com/grafana/grafana/pkg/storage/unified/resource.(*server).initWatcher.func1.1()
	/home/mariell/work/oss/grafana/pkg/storage/unified/resource/server.go:922 +0x58
created by github.com/grafana/grafana/pkg/storage/unified/resource.(*server).initWatcher.func1 in goroutine 43598
	/home/mariell/work/oss/grafana/pkg/storage/unified/resource/server.go:921 +0xaa

goroutine 47109 [select]:
github.com/grafana/grafana/pkg/storage/unified/resource.(*cache[...]).run(0x0)
	/home/mariell/work/oss/grafana/pkg/storage/unified/resource/broadcaster.go:291 +0xb0
created by github.com/grafana/grafana/pkg/storage/unified/resource.newChannelCache[...] in goroutine 43598
	/home/mariell/work/oss/grafana/pkg/storage/unified/resource/broadcaster.go:276 +0x189

goroutine 47110 [select]:
github.com/grafana/grafana/pkg/storage/unified/resource.(*broadcaster[...]).stream(0xab113a0, 0xc020b4afc0)
	/home/mariell/work/oss/grafana/pkg/storage/unified/resource/broadcaster.go:205 +0x13d
created by github.com/grafana/grafana/pkg/storage/unified/resource.(*broadcaster[...]).init in goroutine 43598
	/home/mariell/work/oss/grafana/pkg/storage/unified/resource/broadcaster.go:177 +0x219

goroutine 47111 [select]:
k8s.io/apimachinery/pkg/util/wait.BackoffUntil(0xc0147fa100, {0xa95ac00, 0xc01b5d8f30}, 0x1, 0xc01eba0bd0)
	/home/mariell/go/pkg/mod/k8s.io/apimachinery@v0.32.1/pkg/util/wait/backoff.go:238 +0x12c
k8s.io/apimachinery/pkg/util/wait.JitterUntil(0xc0147fa100, 0x3b9aca00, 0x3ff3333333333333, 0x1, 0xc01eba0bd0)
	/home/mariell/go/pkg/mod/k8s.io/apimachinery@v0.32.1/pkg/util/wait/backoff.go:204 +0x7f
created by k8s.io/apiserver/pkg/registry/generic/registry.(*Store).startObservingCount in goroutine 43598
	/home/mariell/go/pkg/mod/k8s.io/apiserver@v0.32.1/pkg/registry/generic/registry/store.go:1666 +0x2f9

goroutine 47112 [select]:
k8s.io/apimachinery/pkg/util/wait.BackoffUntil(0xc0147fa7c0, {0xa95ac00, 0xc01bd33e00}, 0x1, 0xc01eba0c40)
	/home/mariell/go/pkg/mod/k8s.io/apimachinery@v0.32.1/pkg/util/wait/backoff.go:238 +0x12c
k8s.io/apimachinery/pkg/util/wait.JitterUntil(0xc0147fa7c0, 0x3b9aca00, 0x3ff3333333333333, 0x1, 0xc01eba0c40)
	/home/mariell/go/pkg/mod/k8s.io/apimachinery@v0.32.1/pkg/util/wait/backoff.go:204 +0x7f
created by k8s.io/apiserver/pkg/registry/generic/registry.(*Store).startObservingCount in goroutine 43598
	/home/mariell/go/pkg/mod/k8s.io/apiserver@v0.32.1/pkg/registry/generic/registry/store.go:1666 +0x2f9

goroutine 47113 [select]:
k8s.io/apimachinery/pkg/util/wait.BackoffUntil(0xc0147faa40, {0xa95ac00, 0xc01b5d8f60}, 0x1, 0xc01eba0cb0)
	/home/mariell/go/pkg/mod/k8s.io/apimachinery@v0.32.1/pkg/util/wait/backoff.go:238 +0x12c
k8s.io/apimachinery/pkg/util/wait.JitterUntil(0xc0147faa40, 0x3b9aca00, 0x3ff3333333333333, 0x1, 0xc01eba0cb0)
	/home/mariell/go/pkg/mod/k8s.io/apimachinery@v0.32.1/pkg/util/wait/backoff.go:204 +0x7f
created by k8s.io/apiserver/pkg/registry/generic/registry.(*Store).startObservingCount in goroutine 43598
	/home/mariell/go/pkg/mod/k8s.io/apiserver@v0.32.1/pkg/registry/generic/registry/store.go:1666 +0x2f9

goroutine 47114 [select]:
k8s.io/apimachinery/pkg/util/wait.BackoffUntil(0xc0147fac00, {0xa95ac00, 0xc01bb34330}, 0x1, 0xc01eba0d20)
	/home/mariell/go/pkg/mod/k8s.io/apimachinery@v0.32.1/pkg/util/wait/backoff.go:238 +0x12c
k8s.io/apimachinery/pkg/util/wait.JitterUntil(0xc0147fac00, 0x3b9aca00, 0x3ff3333333333333, 0x1, 0xc01eba0d20)
	/home/mariell/go/pkg/mod/k8s.io/apimachinery@v0.32.1/pkg/util/wait/backoff.go:204 +0x7f
created by k8s.io/apiserver/pkg/registry/generic/registry.(*Store).startObservingCount in goroutine 43598
	/home/mariell/go/pkg/mod/k8s.io/apiserver@v0.32.1/pkg/registry/generic/registry/store.go:1666 +0x2f9

goroutine 47115 [select]:
k8s.io/apimachinery/pkg/util/wait.BackoffUntil(0xc023b7b640, {0xa95ac00, 0xc01b5d8f90}, 0x1, 0xc01ecc8c40)
	/home/mariell/go/pkg/mod/k8s.io/apimachinery@v0.32.1/pkg/util/wait/backoff.go:238 +0x12c
k8s.io/apimachinery/pkg/util/wait.JitterUntil(0xc023b7b640, 0x3b9aca00, 0x3ff3333333333333, 0x1, 0xc01ecc8c40)
	/home/mariell/go/pkg/mod/k8s.io/apimachinery@v0.32.1/pkg/util/wait/backoff.go:204 +0x7f
created by k8s.io/apiserver/pkg/registry/generic/registry.(*Store).startObservingCount in goroutine 43598
	/home/mariell/go/pkg/mod/k8s.io/apiserver@v0.32.1/pkg/registry/generic/registry/store.go:1666 +0x2f9

goroutine 47116 [select]:
k8s.io/apimachinery/pkg/util/wait.BackoffUntil(0xc023b7b7c0, {0xa95ac00, 0xc01b5d8fc0}, 0x1, 0xc01ecc8d90)
	/home/mariell/go/pkg/mod/k8s.io/apimachinery@v0.32.1/pkg/util/wait/backoff.go:238 +0x12c
k8s.io/apimachinery/pkg/util/wait.JitterUntil(0xc023b7b7c0, 0x3b9aca00, 0x3ff3333333333333, 0x1, 0xc01ecc8d90)
	/home/mariell/go/pkg/mod/k8s.io/apimachinery@v0.32.1/pkg/util/wait/backoff.go:204 +0x7f
created by k8s.io/apiserver/pkg/registry/generic/registry.(*Store).startObservingCount in goroutine 43598
	/home/mariell/go/pkg/mod/k8s.io/apiserver@v0.32.1/pkg/registry/generic/registry/store.go:1666 +0x2f9

goroutine 47117 [select]:
k8s.io/apimachinery/pkg/util/wait.BackoffUntil(0xc023b7b900, {0xa95ac00, 0xc01b5d8ff0}, 0x1, 0xc01ecc8e00)
	/home/mariell/go/pkg/mod/k8s.io/apimachinery@v0.32.1/pkg/util/wait/backoff.go:238 +0x12c
k8s.io/apimachinery/pkg/util/wait.JitterUntil(0xc023b7b900, 0x3b9aca00, 0x3ff3333333333333, 0x1, 0xc01ecc8e00)
	/home/mariell/go/pkg/mod/k8s.io/apimachinery@v0.32.1/pkg/util/wait/backoff.go:204 +0x7f
created by k8s.io/apiserver/pkg/registry/generic/registry.(*Store).startObservingCount in goroutine 43598
	/home/mariell/go/pkg/mod/k8s.io/apiserver@v0.32.1/pkg/registry/generic/registry/store.go:1666 +0x2f9

goroutine 47118 [select]:
k8s.io/apimachinery/pkg/util/wait.BackoffUntil(0xc023dfb140, {0xa95ac00, 0xc01b5d9020}, 0x1, 0xc01ede4cb0)
	/home/mariell/go/pkg/mod/k8s.io/apimachinery@v0.32.1/pkg/util/wait/backoff.go:238 +0x12c
k8s.io/apimachinery/pkg/util/wait.JitterUntil(0xc023dfb140, 0x3b9aca00, 0x3ff3333333333333, 0x1, 0xc01ede4cb0)
	/home/mariell/go/pkg/mod/k8s.io/apimachinery@v0.32.1/pkg/util/wait/backoff.go:204 +0x7f
created by k8s.io/apiserver/pkg/registry/generic/registry.(*Store).startObservingCount in goroutine 43598
	/home/mariell/go/pkg/mod/k8s.io/apiserver@v0.32.1/pkg/registry/generic/registry/store.go:1666 +0x2f9

goroutine 47119 [chan receive (nil chan)]:
k8s.io/apiserver/pkg/server.preparedGenericAPIServer.RunWithContext({0x0?}, {0xa9d1d00, 0xc02665d5e0})
	/home/mariell/go/pkg/mod/k8s.io/apiserver@v0.32.1/pkg/server/genericapiserver.go:710 +0x9c5
github.com/grafana/grafana/pkg/services/apiserver.(*service).startCoreServer.func1()
	/home/mariell/work/oss/grafana/pkg/services/apiserver/service.go:448 +0x28
created by github.com/grafana/grafana/pkg/services/apiserver.(*service).startCoreServer in goroutine 43598
	/home/mariell/work/oss/grafana/pkg/services/apiserver/service.go:447 +0x125

goroutine 52820 [select]:
github.com/centrifugal/centrifuge.(*historyHub).removeStreams(0xc030191880)
	/home/mariell/go/pkg/mod/github.com/centrifugal/centrifuge@v0.33.3/broker_memory.go:259 +0x6f
created by github.com/centrifugal/centrifuge.(*historyHub).runCleanups in goroutine 51765
	/home/mariell/go/pkg/mod/github.com/centrifugal/centrifuge@v0.33.3/broker_memory.go:253 +0x96

goroutine 53256 [select]:
k8s.io/apimachinery/pkg/util/wait.BackoffUntil(0xc00c2dc2c0, {0xa95ac00, 0xc024374990}, 0x1, 0xc0301c4ee0)
	/home/mariell/go/pkg/mod/k8s.io/apimachinery@v0.32.1/pkg/util/wait/backoff.go:238 +0x12c
k8s.io/apimachinery/pkg/util/wait.JitterUntil(0xc00c2dc2c0, 0x3b9aca00, 0x3ff3333333333333, 0x1, 0xc0301c4ee0)
	/home/mariell/go/pkg/mod/k8s.io/apimachinery@v0.32.1/pkg/util/wait/backoff.go:204 +0x7f
created by k8s.io/apiserver/pkg/registry/generic/registry.(*Store).startObservingCount in goroutine 53139
	/home/mariell/go/pkg/mod/k8s.io/apiserver@v0.32.1/pkg/registry/generic/registry/store.go:1666 +0x2f9

goroutine 78274 [runnable]:
golang.org/x/sync/errgroup.(*Group).Go.func1()
	/home/mariell/go/pkg/mod/golang.org/x/sync@v0.11.0/errgroup/errgroup.go:75
created by golang.org/x/sync/errgroup.(*Group).Go in goroutine 77705
	/home/mariell/go/pkg/mod/golang.org/x/sync@v0.11.0/errgroup/errgroup.go:75 +0x93

goroutine 54352 [sync.Cond.Wait]:
sync.runtime_notifyListWait(0xc02667f850, 0x3)
	/usr/lib/go/src/runtime/sema.go:597 +0x159
sync.(*Cond).Wait(0x0?)
	/usr/lib/go/src/sync/cond.go:71 +0x85
github.com/centrifugal/centrifuge/internal/dissolve.(*queueImpl).Wait(0xc029e6aa10)
	/home/mariell/go/pkg/mod/github.com/centrifugal/centrifuge@v0.33.3/internal/dissolve/queue.go:139 +0x4a
github.com/centrifugal/centrifuge/internal/dissolve.(*Dissolver).runWorker(0xc015fed548)
	/home/mariell/go/pkg/mod/github.com/centrifugal/centrifuge@v0.33.3/internal/dissolve/dissolve.go:52 +0x27
created by github.com/centrifugal/centrifuge/internal/dissolve.(*Dissolver).Run in goroutine 53243
	/home/mariell/go/pkg/mod/github.com/centrifugal/centrifuge@v0.33.3/internal/dissolve/dissolve.go:31 +0x25

goroutine 51341 [sync.Cond.Wait]:
sync.runtime_notifyListWait(0xc01afe9210, 0x39)
	/usr/lib/go/src/runtime/sema.go:597 +0x159
sync.(*Cond).Wait(0x0?)
	/usr/lib/go/src/sync/cond.go:71 +0x85
github.com/centrifugal/centrifuge/internal/dissolve.(*queueImpl).Wait(0xc020f245b0)
	/home/mariell/go/pkg/mod/github.com/centrifugal/centrifuge@v0.33.3/internal/dissolve/queue.go:139 +0x4a
github.com/centrifugal/centrifuge/internal/dissolve.(*Dissolver).runWorker(0xc02834aab0)
	/home/mariell/go/pkg/mod/github.com/centrifugal/centrifuge@v0.33.3/internal/dissolve/dissolve.go:52 +0x27
created by github.com/centrifugal/centrifuge/internal/dissolve.(*Dissolver).Run in goroutine 50170
	/home/mariell/go/pkg/mod/github.com/centrifugal/centrifuge@v0.33.3/internal/dissolve/dissolve.go:31 +0x25

goroutine 47126 [chan receive (nil chan)]:
k8s.io/apiserver/pkg/server.preparedGenericAPIServer.RunWithContext.func5()
	/home/mariell/go/pkg/mod/k8s.io/apiserver@v0.32.1/pkg/server/genericapiserver.go:598 +0x37
created by k8s.io/apiserver/pkg/server.preparedGenericAPIServer.RunWithContext in goroutine 47119
	/home/mariell/go/pkg/mod/k8s.io/apiserver@v0.32.1/pkg/server/genericapiserver.go:597 +0x60b

goroutine 58729 [select]:
github.com/patrickmn/go-cache.(*janitor).Run(0xc034e6cbd0, 0xc034e3b080)
	/home/mariell/go/pkg/mod/github.com/patrickmn/go-cache@v2.1.0+incompatible/cache.go:1079 +0x7b
created by github.com/patrickmn/go-cache.runJanitor in goroutine 57831
	/home/mariell/go/pkg/mod/github.com/patrickmn/go-cache@v2.1.0+incompatible/cache.go:1099 +0xdb

goroutine 54354 [sync.Cond.Wait]:
sync.runtime_notifyListWait(0xc02667f850, 0x14)
	/usr/lib/go/src/runtime/sema.go:597 +0x159
sync.(*Cond).Wait(0x823435?)
	/usr/lib/go/src/sync/cond.go:71 +0x85
github.com/centrifugal/centrifuge/internal/dissolve.(*queueImpl).Wait(0xc029e6aa10)
	/home/mariell/go/pkg/mod/github.com/centrifugal/centrifuge@v0.33.3/internal/dissolve/queue.go:139 +0x4a
github.com/centrifugal/centrifuge/internal/dissolve.(*Dissolver).runWorker(0xc015fed548)
	/home/mariell/go/pkg/mod/github.com/centrifugal/centrifuge@v0.33.3/internal/dissolve/dissolve.go:52 +0x27
created by github.com/centrifugal/centrifuge/internal/dissolve.(*Dissolver).Run in goroutine 53243
	/home/mariell/go/pkg/mod/github.com/centrifugal/centrifuge@v0.33.3/internal/dissolve/dissolve.go:31 +0x25

goroutine 54355 [sync.Cond.Wait]:
sync.runtime_notifyListWait(0xc02667f850, 0x15)
	/usr/lib/go/src/runtime/sema.go:597 +0x159
sync.(*Cond).Wait(0x2031352e33313320?)
	/usr/lib/go/src/sync/cond.go:71 +0x85
github.com/centrifugal/centrifuge/internal/dissolve.(*queueImpl).Wait(0xc029e6aa10)
	/home/mariell/go/pkg/mod/github.com/centrifugal/centrifuge@v0.33.3/internal/dissolve/queue.go:139 +0x4a
github.com/centrifugal/centrifuge/internal/dissolve.(*Dissolver).runWorker(0xc015fed548)
	/home/mariell/go/pkg/mod/github.com/centrifugal/centrifuge@v0.33.3/internal/dissolve/dissolve.go:52 +0x27
created by github.com/centrifugal/centrifuge/internal/dissolve.(*Dissolver).Run in goroutine 53243
	/home/mariell/go/pkg/mod/github.com/centrifugal/centrifuge@v0.33.3/internal/dissolve/dissolve.go:31 +0x25

goroutine 54356 [sync.Cond.Wait]:
sync.runtime_notifyListWait(0xc02667f850, 0x16)
	/usr/lib/go/src/runtime/sema.go:597 +0x159
sync.(*Cond).Wait(0x342e36343143392e?)
	/usr/lib/go/src/sync/cond.go:71 +0x85
github.com/centrifugal/centrifuge/internal/dissolve.(*queueImpl).Wait(0xc029e6aa10)
	/home/mariell/go/pkg/mod/github.com/centrifugal/centrifuge@v0.33.3/internal/dissolve/queue.go:139 +0x4a
github.com/centrifugal/centrifuge/internal/dissolve.(*Dissolver).runWorker(0xc015fed548)
	/home/mariell/go/pkg/mod/github.com/centrifugal/centrifuge@v0.33.3/internal/dissolve/dissolve.go:52 +0x27
created by github.com/centrifugal/centrifuge/internal/dissolve.(*Dissolver).Run in goroutine 53243
	/home/mariell/go/pkg/mod/github.com/centrifugal/centrifuge@v0.33.3/internal/dissolve/dissolve.go:31 +0x25

goroutine 54353 [sync.Cond.Wait]:
sync.runtime_notifyListWait(0xc02667f850, 0x13)
	/usr/lib/go/src/runtime/sema.go:597 +0x159
sync.(*Cond).Wait(0x0?)
	/usr/lib/go/src/sync/cond.go:71 +0x85
github.com/centrifugal/centrifuge/internal/dissolve.(*queueImpl).Wait(0xc029e6aa10)
	/home/mariell/go/pkg/mod/github.com/centrifugal/centrifuge@v0.33.3/internal/dissolve/queue.go:139 +0x4a
github.com/centrifugal/centrifuge/internal/dissolve.(*Dissolver).runWorker(0xc015fed548)
	/home/mariell/go/pkg/mod/github.com/centrifugal/centrifuge@v0.33.3/internal/dissolve/dissolve.go:52 +0x27
created by github.com/centrifugal/centrifuge/internal/dissolve.(*Dissolver).Run in goroutine 53243
	/home/mariell/go/pkg/mod/github.com/centrifugal/centrifuge@v0.33.3/internal/dissolve/dissolve.go:31 +0x25

goroutine 53271 [select]:
net/http.(*persistConn).writeLoop(0xc01a1fd9e0)
	/usr/lib/go/src/net/http/transport.go:2590 +0xe7
created by net/http.(*Transport).dialConn in goroutine 53238
	/usr/lib/go/src/net/http/transport.go:1945 +0x17a5

goroutine 75906 [select]:
github.com/patrickmn/go-cache.(*janitor).Run(0xc045414420, 0xc04540d640)
	/home/mariell/go/pkg/mod/github.com/patrickmn/go-cache@v2.1.0+incompatible/cache.go:1079 +0x7b
created by github.com/patrickmn/go-cache.runJanitor in goroutine 4437
	/home/mariell/go/pkg/mod/github.com/patrickmn/go-cache@v2.1.0+incompatible/cache.go:1099 +0xdb

goroutine 77827 [runnable]:
github.com/centrifugal/centrifuge.(*MemoryBroker).Run.gowrap1()
	/home/mariell/go/pkg/mod/github.com/centrifugal/centrifuge@v0.33.3/broker_memory.go:73
runtime.goexit({})
	/usr/lib/go/src/runtime/asm_amd64.s:1700 +0x1
created by github.com/centrifugal/centrifuge.(*MemoryBroker).Run in goroutine 56143
	/home/mariell/go/pkg/mod/github.com/centrifugal/centrifuge@v0.33.3/broker_memory.go:73 +0x7f

goroutine 56338 [select]:
go.opentelemetry.io/otel/sdk/trace.(*batchSpanProcessor).processQueue(0xc013839680)
	/home/mariell/go/pkg/mod/go.opentelemetry.io/otel/sdk@v1.34.0/trace/batch_span_processor.go:302 +0x114
go.opentelemetry.io/otel/sdk/trace.NewBatchSpanProcessor.func1()
	/home/mariell/go/pkg/mod/go.opentelemetry.io/otel/sdk@v1.34.0/trace/batch_span_processor.go:117 +0x4e
created by go.opentelemetry.io/otel/sdk/trace.NewBatchSpanProcessor in goroutine 56288
	/home/mariell/go/pkg/mod/go.opentelemetry.io/otel/sdk@v1.34.0/trace/batch_span_processor.go:115 +0x2d9

goroutine 51293 [sync.Cond.Wait]:
sync.runtime_notifyListWait(0xc01afe9210, 0x0)
	/usr/lib/go/src/runtime/sema.go:597 +0x159
sync.(*Cond).Wait(0x0?)
	/usr/lib/go/src/sync/cond.go:71 +0x85
github.com/centrifugal/centrifuge/internal/dissolve.(*queueImpl).Wait(0xc020f245b0)
	/home/mariell/go/pkg/mod/github.com/centrifugal/centrifuge@v0.33.3/internal/dissolve/queue.go:139 +0x4a
github.com/centrifugal/centrifuge/internal/dissolve.(*Dissolver).runWorker(0xc02834aab0)
	/home/mariell/go/pkg/mod/github.com/centrifugal/centrifuge@v0.33.3/internal/dissolve/dissolve.go:52 +0x27
created by github.com/centrifugal/centrifuge/internal/dissolve.(*Dissolver).Run in goroutine 50170
	/home/mariell/go/pkg/mod/github.com/centrifugal/centrifuge@v0.33.3/internal/dissolve/dissolve.go:31 +0x25

goroutine 54343 [sync.Cond.Wait]:
sync.runtime_notifyListWait(0xc02667f850, 0x7)
	/usr/lib/go/src/runtime/sema.go:597 +0x159
sync.(*Cond).Wait(0xc01a291690?)
	/usr/lib/go/src/sync/cond.go:71 +0x85
github.com/centrifugal/centrifuge/internal/dissolve.(*queueImpl).Wait(0xc029e6aa10)
	/home/mariell/go/pkg/mod/github.com/centrifugal/centrifuge@v0.33.3/internal/dissolve/queue.go:139 +0x4a
github.com/centrifugal/centrifuge/internal/dissolve.(*Dissolver).runWorker(0xc015fed548)
	/home/mariell/go/pkg/mod/github.com/centrifugal/centrifuge@v0.33.3/internal/dissolve/dissolve.go:52 +0x27
created by github.com/centrifugal/centrifuge/internal/dissolve.(*Dissolver).Run in goroutine 53243
	/home/mariell/go/pkg/mod/github.com/centrifugal/centrifuge@v0.33.3/internal/dissolve/dissolve.go:31 +0x25

goroutine 51275 [select]:
github.com/centrifugal/centrifuge.(*MemoryBroker).expireResultCache(0xc017621a00)
	/home/mariell/go/pkg/mod/github.com/centrifugal/centrifuge@v0.33.3/broker_memory.go:160 +0x68
created by github.com/centrifugal/centrifuge.(*MemoryBroker).Run in goroutine 50170
	/home/mariell/go/pkg/mod/github.com/centrifugal/centrifuge@v0.33.3/broker_memory.go:73 +0x7f

goroutine 51276 [select]:
github.com/centrifugal/centrifuge.(*historyHub).expireStreams(0xc017621980)
	/home/mariell/go/pkg/mod/github.com/centrifugal/centrifuge@v0.33.3/broker_memory.go:298 +0x75
created by github.com/centrifugal/centrifuge.(*historyHub).runCleanups in goroutine 50170
	/home/mariell/go/pkg/mod/github.com/centrifugal/centrifuge@v0.33.3/broker_memory.go:252 +0x56

goroutine 53257 [chan receive (nil chan)]:
k8s.io/apiserver/pkg/server.preparedGenericAPIServer.RunWithContext({0xa9d1cc8?}, {0xa9d1d00, 0xc0306bdd10})
	/home/mariell/go/pkg/mod/k8s.io/apiserver@v0.32.1/pkg/server/genericapiserver.go:710 +0x9c5
github.com/grafana/grafana/pkg/services/apiserver.(*service).startCoreServer.func1()
	/home/mariell/work/oss/grafana/pkg/services/apiserver/service.go:448 +0x28
created by github.com/grafana/grafana/pkg/services/apiserver.(*service).startCoreServer in goroutine 53139
	/home/mariell/work/oss/grafana/pkg/services/apiserver/service.go:447 +0x125

goroutine 51277 [select]:
github.com/centrifugal/centrifuge.(*historyHub).removeStreams(0xc017621980)
	/home/mariell/go/pkg/mod/github.com/centrifugal/centrifuge@v0.33.3/broker_memory.go:259 +0x6f
created by github.com/centrifugal/centrifuge.(*historyHub).runCleanups in goroutine 50170
	/home/mariell/go/pkg/mod/github.com/centrifugal/centrifuge@v0.33.3/broker_memory.go:253 +0x96

goroutine 51287 [sync.Cond.Wait]:
sync.runtime_notifyListWait(0xc01afe9210, 0x2)
	/usr/lib/go/src/runtime/sema.go:597 +0x159
sync.(*Cond).Wait(0x0?)
	/usr/lib/go/src/sync/cond.go:71 +0x85
github.com/centrifugal/centrifuge/internal/dissolve.(*queueImpl).Wait(0xc020f245b0)
	/home/mariell/go/pkg/mod/github.com/centrifugal/centrifuge@v0.33.3/internal/dissolve/queue.go:139 +0x4a
github.com/centrifugal/centrifuge/internal/dissolve.(*Dissolver).runWorker(0xc02834aab0)
	/home/mariell/go/pkg/mod/github.com/centrifugal/centrifuge@v0.33.3/internal/dissolve/dissolve.go:52 +0x27
created by github.com/centrifugal/centrifuge/internal/dissolve.(*Dissolver).Run in goroutine 50170
	/home/mariell/go/pkg/mod/github.com/centrifugal/centrifuge@v0.33.3/internal/dissolve/dissolve.go:31 +0x25

goroutine 51172 [chan receive]:
github.com/grafana/grafana/pkg/storage/unified/sql.(*channelNotifier).notify.func1()
	/home/mariell/work/oss/grafana/pkg/storage/unified/sql/notifier.go:87 +0x39
created by github.com/grafana/grafana/pkg/storage/unified/sql.(*channelNotifier).notify in goroutine 50170
	/home/mariell/work/oss/grafana/pkg/storage/unified/sql/notifier.go:86 +0xdb

goroutine 56154 [IO wait]:
internal/poll.runtime_pollWait(0x77751a6ffd10, 0x72)
	/usr/lib/go/src/runtime/netpoll.go:351 +0x85
internal/poll.(*pollDesc).wait(0xc0097c8400?, 0xc02972c000?, 0x0)
	/usr/lib/go/src/internal/poll/fd_poll_runtime.go:84 +0x27
internal/poll.(*pollDesc).waitRead(...)
	/usr/lib/go/src/internal/poll/fd_poll_runtime.go:89
internal/poll.(*FD).Read(0xc0097c8400, {0xc02972c000, 0x1300, 0x1300})
	/usr/lib/go/src/internal/poll/fd_unix.go:165 +0x27a
net.(*netFD).Read(0xc0097c8400, {0xc02972c000?, 0xc006d98008?, 0xc026bc0060?})
	/usr/lib/go/src/net/fd_posix.go:55 +0x25
net.(*conn).Read(0xc019cb1bc0, {0xc02972c000?, 0x7775585eb0b0?, 0x7775a8b293e8?})
	/usr/lib/go/src/net/net.go:194 +0x45
crypto/tls.(*atLeastReader).Read(0xc0276d9308, {0xc02972c000?, 0x2a?, 0x5?})
	/usr/lib/go/src/crypto/tls/conn.go:809 +0x3b
bytes.(*Buffer).ReadFrom(0xc028bb17b8, {0xa94e300, 0xc0276d9308})
	/usr/lib/go/src/bytes/buffer.go:211 +0x98
crypto/tls.(*Conn).readFromUntil(0xc028bb1508, {0xa94dc00, 0xc019cb1bc0}, 0x444af4?)
	/usr/lib/go/src/crypto/tls/conn.go:831 +0xde
crypto/tls.(*Conn).readRecordOrCCS(0xc028bb1508, 0x0)
	/usr/lib/go/src/crypto/tls/conn.go:629 +0x3cf
crypto/tls.(*Conn).readRecord(...)
	/usr/lib/go/src/crypto/tls/conn.go:591
crypto/tls.(*Conn).Read(0xc028bb1508, {0xc029734000, 0x1000, 0x7775a8b293e8?})
	/usr/lib/go/src/crypto/tls/conn.go:1385 +0x145
net/http.(*persistConn).Read(0xc02b828240, {0xc029734000?, 0x4141c5?, 0x68?})
	/usr/lib/go/src/net/http/transport.go:2122 +0x47
bufio.(*Reader).fill(0xc029728420)
	/usr/lib/go/src/bufio/bufio.go:113 +0x103
bufio.(*Reader).Peek(0xc029728420, 0x1)
	/usr/lib/go/src/bufio/bufio.go:152 +0x53
net/http.(*persistConn).readLoop(0xc02b828240)
	/usr/lib/go/src/net/http/transport.go:2275 +0x172
created by net/http.(*Transport).dialConn in goroutine 57636
	/usr/lib/go/src/net/http/transport.go:1944 +0x174f

goroutine 51297 [sync.Cond.Wait]:
sync.runtime_notifyListWait(0xc01afe9210, 0x8)
	/usr/lib/go/src/runtime/sema.go:597 +0x159
sync.(*Cond).Wait(0xc0233b5fd0?)
	/usr/lib/go/src/sync/cond.go:71 +0x85
github.com/centrifugal/centrifuge/internal/dissolve.(*queueImpl).Wait(0xc020f245b0)
	/home/mariell/go/pkg/mod/github.com/centrifugal/centrifuge@v0.33.3/internal/dissolve/queue.go:139 +0x4a
github.com/centrifugal/centrifuge/internal/dissolve.(*Dissolver).runWorker(0xc02834aab0)
	/home/mariell/go/pkg/mod/github.com/centrifugal/centrifuge@v0.33.3/internal/dissolve/dissolve.go:52 +0x27
created by github.com/centrifugal/centrifuge/internal/dissolve.(*Dissolver).Run in goroutine 50170
	/home/mariell/go/pkg/mod/github.com/centrifugal/centrifuge@v0.33.3/internal/dissolve/dissolve.go:31 +0x25

goroutine 73985 [select]:
github.com/patrickmn/go-cache.(*janitor).Run(0xc04259a810, 0xc02a622800)
	/home/mariell/go/pkg/mod/github.com/patrickmn/go-cache@v2.1.0+incompatible/cache.go:1079 +0x7b
created by github.com/patrickmn/go-cache.runJanitor in goroutine 56141
	/home/mariell/go/pkg/mod/github.com/patrickmn/go-cache@v2.1.0+incompatible/cache.go:1099 +0xdb

goroutine 51323 [sync.Cond.Wait]:
sync.runtime_notifyListWait(0xc01afe9210, 0x22)
	/usr/lib/go/src/runtime/sema.go:597 +0x159
sync.(*Cond).Wait(0x0?)
	/usr/lib/go/src/sync/cond.go:71 +0x85
github.com/centrifugal/centrifuge/internal/dissolve.(*queueImpl).Wait(0xc020f245b0)
	/home/mariell/go/pkg/mod/github.com/centrifugal/centrifuge@v0.33.3/internal/dissolve/queue.go:139 +0x4a
github.com/centrifugal/centrifuge/internal/dissolve.(*Dissolver).runWorker(0xc02834aab0)
	/home/mariell/go/pkg/mod/github.com/centrifugal/centrifuge@v0.33.3/internal/dissolve/dissolve.go:52 +0x27
created by github.com/centrifugal/centrifuge/internal/dissolve.(*Dissolver).Run in goroutine 50170
	/home/mariell/go/pkg/mod/github.com/centrifugal/centrifuge@v0.33.3/internal/dissolve/dissolve.go:31 +0x25

goroutine 51321 [sync.Cond.Wait]:
sync.runtime_notifyListWait(0xc01afe9210, 0x20)
	/usr/lib/go/src/runtime/sema.go:597 +0x159
sync.(*Cond).Wait(0x0?)
	/usr/lib/go/src/sync/cond.go:71 +0x85
github.com/centrifugal/centrifuge/internal/dissolve.(*queueImpl).Wait(0xc020f245b0)
	/home/mariell/go/pkg/mod/github.com/centrifugal/centrifuge@v0.33.3/internal/dissolve/queue.go:139 +0x4a
github.com/centrifugal/centrifuge/internal/dissolve.(*Dissolver).runWorker(0xc02834aab0)
	/home/mariell/go/pkg/mod/github.com/centrifugal/centrifuge@v0.33.3/internal/dissolve/dissolve.go:52 +0x27
created by github.com/centrifugal/centrifuge/internal/dissolve.(*Dissolver).Run in goroutine 50170
	/home/mariell/go/pkg/mod/github.com/centrifugal/centrifuge@v0.33.3/internal/dissolve/dissolve.go:31 +0x25

goroutine 55914 [sync.Cond.Wait]:
sync.runtime_notifyListWait(0xc022793e10, 0x2b)
	/usr/lib/go/src/runtime/sema.go:597 +0x159
sync.(*Cond).Wait(0x0?)
	/usr/lib/go/src/sync/cond.go:71 +0x85
github.com/centrifugal/centrifuge/internal/dissolve.(*queueImpl).Wait(0xc01100c540)
	/home/mariell/go/pkg/mod/github.com/centrifugal/centrifuge@v0.33.3/internal/dissolve/queue.go:139 +0x4a
github.com/centrifugal/centrifuge/internal/dissolve.(*Dissolver).runWorker(0xc02431b8f0)
	/home/mariell/go/pkg/mod/github.com/centrifugal/centrifuge@v0.33.3/internal/dissolve/dissolve.go:52 +0x27
created by github.com/centrifugal/centrifuge/internal/dissolve.(*Dissolver).Run in goroutine 54803
	/home/mariell/go/pkg/mod/github.com/centrifugal/centrifuge@v0.33.3/internal/dissolve/dissolve.go:31 +0x25

goroutine 51310 [sync.Cond.Wait]:
sync.runtime_notifyListWait(0xc01afe9210, 0x15)
	/usr/lib/go/src/runtime/sema.go:597 +0x159
sync.(*Cond).Wait(0x0?)
	/usr/lib/go/src/sync/cond.go:71 +0x85
github.com/centrifugal/centrifuge/internal/dissolve.(*queueImpl).Wait(0xc020f245b0)
	/home/mariell/go/pkg/mod/github.com/centrifugal/centrifuge@v0.33.3/internal/dissolve/queue.go:139 +0x4a
github.com/centrifugal/centrifuge/internal/dissolve.(*Dissolver).runWorker(0xc02834aab0)
	/home/mariell/go/pkg/mod/github.com/centrifugal/centrifuge@v0.33.3/internal/dissolve/dissolve.go:52 +0x27
created by github.com/centrifugal/centrifuge/internal/dissolve.(*Dissolver).Run in goroutine 50170
	/home/mariell/go/pkg/mod/github.com/centrifugal/centrifuge@v0.33.3/internal/dissolve/dissolve.go:31 +0x25

goroutine 51324 [sync.Cond.Wait]:
sync.runtime_notifyListWait(0xc01afe9210, 0x23)
	/usr/lib/go/src/runtime/sema.go:597 +0x159
sync.(*Cond).Wait(0x0?)
	/usr/lib/go/src/sync/cond.go:71 +0x85
github.com/centrifugal/centrifuge/internal/dissolve.(*queueImpl).Wait(0xc020f245b0)
	/home/mariell/go/pkg/mod/github.com/centrifugal/centrifuge@v0.33.3/internal/dissolve/queue.go:139 +0x4a
github.com/centrifugal/centrifuge/internal/dissolve.(*Dissolver).runWorker(0xc02834aab0)
	/home/mariell/go/pkg/mod/github.com/centrifugal/centrifuge@v0.33.3/internal/dissolve/dissolve.go:52 +0x27
created by github.com/centrifugal/centrifuge/internal/dissolve.(*Dissolver).Run in goroutine 50170
	/home/mariell/go/pkg/mod/github.com/centrifugal/centrifuge@v0.33.3/internal/dissolve/dissolve.go:31 +0x25

goroutine 76005 [runnable]:
internal/poll.runtime_pollWait(0x77751a4b5e80, 0x77)
	/usr/lib/go/src/runtime/netpoll.go:351 +0x85
internal/poll.(*pollDesc).wait(0xc0481db000?, 0x0?, 0x0)
	/usr/lib/go/src/internal/poll/fd_poll_runtime.go:84 +0x27
internal/poll.(*pollDesc).waitWrite(...)
	/usr/lib/go/src/internal/poll/fd_poll_runtime.go:93
internal/poll.(*FD).WaitWrite(...)
	/usr/lib/go/src/internal/poll/fd_unix.go:692
net.(*netFD).connect(0xc0481db000, {0xa9d1d00, 0xc0489a40a0}, {0x41d49a?, 0x0?}, {0xa94c2e0?, 0xc0489a6000?})
	/usr/lib/go/src/net/fd_unix.go:141 +0x6cb
net.(*netFD).dial(0xc0481db000, {0xa9d1d00, 0xc0489a40a0}, {0xa9efce0?, 0x0?}, {0xa9efce0, 0xc0478b68d0}, 0x47cfb3?)
	/usr/lib/go/src/net/sock_posix.go:124 +0x3bc
net.socket({0xa9d1d00, 0xc0489a40a0}, {0x9513531, 0x3}, 0xa, 0x1, 0x0?, 0x0, {0xa9efce0, 0x0}, ...)
	/usr/lib/go/src/net/sock_posix.go:70 +0x29b
net.internetSocket({0xa9d1d00, 0xc0489a40a0}, {0x9513531, 0x3}, {0xa9efce0, 0x0}, {0xa9efce0, 0xc0478b68d0}, 0x1, 0x0, ...)
	/usr/lib/go/src/net/ipsock_posix.go:167 +0xf8
net.(*sysDialer).doDialTCPProto(0xc046a2cb40, {0xa9d1d00, 0xc0489a40a0}, 0x0, 0xc0478b68d0, 0x0)
	/usr/lib/go/src/net/tcpsock_posix.go:85 +0xe7
net.(*sysDialer).doDialTCP(...)
	/usr/lib/go/src/net/tcpsock_posix.go:75
net.(*sysDialer).dialTCP(0x47b4b9?, {0xa9d1d00?, 0xc0489a40a0?}, 0x7f7bc20?, 0xc0233cbdc8?)
	/usr/lib/go/src/net/tcpsock_posix.go:71 +0x69
net.(*sysDialer).dialSingle(0xc046a2cb40, {0xa9d1d00, 0xc0489a40a0}, {0xa9778b8, 0xc0478b68d0})
	/usr/lib/go/src/net/dial.go:721 +0x3ce
net.(*sysDialer).dialSerial(0xc046a2cb40, {0xa9d1d00, 0xc0489a40a0}, {0xc046a43f10?, 0x1, 0x41ba91?})
	/usr/lib/go/src/net/dial.go:686 +0x24e
net.(*sysDialer).dialParallel.func1({0xa9d1d00?, 0xc0489a40a0?}, 0x1)
	/usr/lib/go/src/net/dial.go:606 +0x85
created by net.(*sysDialer).dialParallel in goroutine 76704
	/usr/lib/go/src/net/dial.go:621 +0x2bc

goroutine 51173 [chan receive]:
github.com/grafana/grafana/pkg/storage/unified/resource.(*server).initWatcher.func1.1()
	/home/mariell/work/oss/grafana/pkg/storage/unified/resource/server.go:922 +0x58
created by github.com/grafana/grafana/pkg/storage/unified/resource.(*server).initWatcher.func1 in goroutine 50170
	/home/mariell/work/oss/grafana/pkg/storage/unified/resource/server.go:921 +0xaa

goroutine 55890 [sync.Cond.Wait]:
sync.runtime_notifyListWait(0xc022793e10, 0x15)
	/usr/lib/go/src/runtime/sema.go:597 +0x159
sync.(*Cond).Wait(0x0?)
	/usr/lib/go/src/sync/cond.go:71 +0x85
github.com/centrifugal/centrifuge/internal/dissolve.(*queueImpl).Wait(0xc01100c540)
	/home/mariell/go/pkg/mod/github.com/centrifugal/centrifuge@v0.33.3/internal/dissolve/queue.go:139 +0x4a
github.com/centrifugal/centrifuge/internal/dissolve.(*Dissolver).runWorker(0xc02431b8f0)
	/home/mariell/go/pkg/mod/github.com/centrifugal/centrifuge@v0.33.3/internal/dissolve/dissolve.go:52 +0x27
created by github.com/centrifugal/centrifuge/internal/dissolve.(*Dissolver).Run in goroutine 54803
	/home/mariell/go/pkg/mod/github.com/centrifugal/centrifuge@v0.33.3/internal/dissolve/dissolve.go:31 +0x25

goroutine 78277 [runnable]:
golang.org/x/sync/errgroup.(*Group).Go.func1()
	/home/mariell/go/pkg/mod/golang.org/x/sync@v0.11.0/errgroup/errgroup.go:75
created by golang.org/x/sync/errgroup.(*Group).Go in goroutine 77705
	/home/mariell/go/pkg/mod/golang.org/x/sync@v0.11.0/errgroup/errgroup.go:75 +0x93

goroutine 51326 [sync.Cond.Wait]:
sync.runtime_notifyListWait(0xc01afe9210, 0x25)
	/usr/lib/go/src/runtime/sema.go:597 +0x159
sync.(*Cond).Wait(0x0?)
	/usr/lib/go/src/sync/cond.go:71 +0x85
github.com/centrifugal/centrifuge/internal/dissolve.(*queueImpl).Wait(0xc020f245b0)
	/home/mariell/go/pkg/mod/github.com/centrifugal/centrifuge@v0.33.3/internal/dissolve/queue.go:139 +0x4a
github.com/centrifugal/centrifuge/internal/dissolve.(*Dissolver).runWorker(0xc02834aab0)
	/home/mariell/go/pkg/mod/github.com/centrifugal/centrifuge@v0.33.3/internal/dissolve/dissolve.go:52 +0x27
created by github.com/centrifugal/centrifuge/internal/dissolve.(*Dissolver).Run in goroutine 50170
	/home/mariell/go/pkg/mod/github.com/centrifugal/centrifuge@v0.33.3/internal/dissolve/dissolve.go:31 +0x25

goroutine 51292 [sync.Cond.Wait]:
sync.runtime_notifyListWait(0xc01afe9210, 0x2f)
	/usr/lib/go/src/runtime/sema.go:597 +0x159
sync.(*Cond).Wait(0x0?)
	/usr/lib/go/src/sync/cond.go:71 +0x85
github.com/centrifugal/centrifuge/internal/dissolve.(*queueImpl).Wait(0xc020f245b0)
	/home/mariell/go/pkg/mod/github.com/centrifugal/centrifuge@v0.33.3/internal/dissolve/queue.go:139 +0x4a
github.com/centrifugal/centrifuge/internal/dissolve.(*Dissolver).runWorker(0xc02834aab0)
	/home/mariell/go/pkg/mod/github.com/centrifugal/centrifuge@v0.33.3/internal/dissolve/dissolve.go:52 +0x27
created by github.com/centrifugal/centrifuge/internal/dissolve.(*Dissolver).Run in goroutine 50170
	/home/mariell/go/pkg/mod/github.com/centrifugal/centrifuge@v0.33.3/internal/dissolve/dissolve.go:31 +0x25

goroutine 55888 [sync.Cond.Wait]:
sync.runtime_notifyListWait(0xc022793e10, 0x13)
	/usr/lib/go/src/runtime/sema.go:597 +0x159
sync.(*Cond).Wait(0xc0168047d0?)
	/usr/lib/go/src/sync/cond.go:71 +0x85
github.com/centrifugal/centrifuge/internal/dissolve.(*queueImpl).Wait(0xc01100c540)
	/home/mariell/go/pkg/mod/github.com/centrifugal/centrifuge@v0.33.3/internal/dissolve/queue.go:139 +0x4a
github.com/centrifugal/centrifuge/internal/dissolve.(*Dissolver).runWorker(0xc02431b8f0)
	/home/mariell/go/pkg/mod/github.com/centrifugal/centrifuge@v0.33.3/internal/dissolve/dissolve.go:52 +0x27
created by github.com/centrifugal/centrifuge/internal/dissolve.(*Dissolver).Run in goroutine 54803
	/home/mariell/go/pkg/mod/github.com/centrifugal/centrifuge@v0.33.3/internal/dissolve/dissolve.go:31 +0x25

goroutine 51559 [IO wait]:
internal/poll.runtime_pollWait(0x7775504bebc0, 0x72)
	/usr/lib/go/src/runtime/netpoll.go:351 +0x85
internal/poll.(*pollDesc).wait(0xc025360800?, 0xc00cadf900?, 0x0)
	/usr/lib/go/src/internal/poll/fd_poll_runtime.go:84 +0x27
internal/poll.(*pollDesc).waitRead(...)
	/usr/lib/go/src/internal/poll/fd_poll_runtime.go:89
internal/poll.(*FD).Read(0xc025360800, {0xc00cadf900, 0x1300, 0x1300})
	/usr/lib/go/src/internal/poll/fd_unix.go:165 +0x27a
net.(*netFD).Read(0xc025360800, {0xc00cadf900?, 0x0?, 0x5?})
	/usr/lib/go/src/net/fd_posix.go:55 +0x25
net.(*conn).Read(0xc01a9dc068, {0xc00cadf900?, 0x7775502cf478?, 0x7775a8b2a6c8?})
	/usr/lib/go/src/net/net.go:194 +0x45
crypto/tls.(*atLeastReader).Read(0xc0253d2360, {0xc00cadf900?, 0x11abda20?, 0xc01648c9c8?})
	/usr/lib/go/src/crypto/tls/conn.go:809 +0x3b
bytes.(*Buffer).ReadFrom(0xc0221342b8, {0xa94e300, 0xc0253d2360})
	/usr/lib/go/src/bytes/buffer.go:211 +0x98
crypto/tls.(*Conn).readFromUntil(0xc022134008, {0xa94dc00, 0xc01a9dc068}, 0x444af4?)
	/usr/lib/go/src/crypto/tls/conn.go:831 +0xde
crypto/tls.(*Conn).readRecordOrCCS(0xc022134008, 0x0)
	/usr/lib/go/src/crypto/tls/conn.go:629 +0x3cf
crypto/tls.(*Conn).readRecord(...)
	/usr/lib/go/src/crypto/tls/conn.go:591
crypto/tls.(*Conn).Read(0xc022134008, {0xc0268f6000, 0x1000, 0xc025314f60?})
	/usr/lib/go/src/crypto/tls/conn.go:1385 +0x145
net/http.(*persistConn).Read(0xc0224d8a20, {0xc0268f6000?, 0x81fe45?, 0xa94be80?})
	/usr/lib/go/src/net/http/transport.go:2122 +0x47
bufio.(*Reader).fill(0xc020f3f8c0)
	/usr/lib/go/src/bufio/bufio.go:113 +0x103
bufio.(*Reader).Peek(0xc020f3f8c0, 0x1)
	/usr/lib/go/src/bufio/bufio.go:152 +0x53
net/http.(*persistConn).readLoop(0xc0224d8a20)
	/usr/lib/go/src/net/http/transport.go:2275 +0x172
created by net/http.(*Transport).dialConn in goroutine 51963
	/usr/lib/go/src/net/http/transport.go:1944 +0x174f

goroutine 51331 [sync.Cond.Wait]:
sync.runtime_notifyListWait(0xc01afe9210, 0x2a)
	/usr/lib/go/src/runtime/sema.go:597 +0x159
sync.(*Cond).Wait(0x0?)
	/usr/lib/go/src/sync/cond.go:71 +0x85
github.com/centrifugal/centrifuge/internal/dissolve.(*queueImpl).Wait(0xc020f245b0)
	/home/mariell/go/pkg/mod/github.com/centrifugal/centrifuge@v0.33.3/internal/dissolve/queue.go:139 +0x4a
github.com/centrifugal/centrifuge/internal/dissolve.(*Dissolver).runWorker(0xc02834aab0)
	/home/mariell/go/pkg/mod/github.com/centrifugal/centrifuge@v0.33.3/internal/dissolve/dissolve.go:52 +0x27
created by github.com/centrifugal/centrifuge/internal/dissolve.(*Dissolver).Run in goroutine 50170
	/home/mariell/go/pkg/mod/github.com/centrifugal/centrifuge@v0.33.3/internal/dissolve/dissolve.go:31 +0x25

goroutine 74597 [sync.Cond.Wait]:
sync.runtime_notifyListWait(0xc022369b10, 0xd)
	/usr/lib/go/src/runtime/sema.go:597 +0x159
sync.(*Cond).Wait(0x0?)
	/usr/lib/go/src/sync/cond.go:71 +0x85
github.com/centrifugal/centrifuge/internal/dissolve.(*queueImpl).Wait(0xc0429f7180)
	/home/mariell/go/pkg/mod/github.com/centrifugal/centrifuge@v0.33.3/internal/dissolve/queue.go:139 +0x4a
github.com/centrifugal/centrifuge/internal/dissolve.(*Dissolver).runWorker(0xc02391be18)
	/home/mariell/go/pkg/mod/github.com/centrifugal/centrifuge@v0.33.3/internal/dissolve/dissolve.go:52 +0x27
created by github.com/centrifugal/centrifuge/internal/dissolve.(*Dissolver).Run in goroutine 4438
	/home/mariell/go/pkg/mod/github.com/centrifugal/centrifuge@v0.33.3/internal/dissolve/dissolve.go:31 +0x25

goroutine 51333 [sync.Cond.Wait]:
sync.runtime_notifyListWait(0xc01afe9210, 0x2c)
	/usr/lib/go/src/runtime/sema.go:597 +0x159
sync.(*Cond).Wait(0xc015bd17d0?)
	/usr/lib/go/src/sync/cond.go:71 +0x85
github.com/centrifugal/centrifuge/internal/dissolve.(*queueImpl).Wait(0xc020f245b0)
	/home/mariell/go/pkg/mod/github.com/centrifugal/centrifuge@v0.33.3/internal/dissolve/queue.go:139 +0x4a
github.com/centrifugal/centrifuge/internal/dissolve.(*Dissolver).runWorker(0xc02834aab0)
	/home/mariell/go/pkg/mod/github.com/centrifugal/centrifuge@v0.33.3/internal/dissolve/dissolve.go:52 +0x27
created by github.com/centrifugal/centrifuge/internal/dissolve.(*Dissolver).Run in goroutine 50170
	/home/mariell/go/pkg/mod/github.com/centrifugal/centrifuge@v0.33.3/internal/dissolve/dissolve.go:31 +0x25

goroutine 52890 [sync.Cond.Wait]:
sync.runtime_notifyListWait(0xc0301d0dd0, 0x23)
	/usr/lib/go/src/runtime/sema.go:597 +0x159
sync.(*Cond).Wait(0x2f736e6967756c70?)
	/usr/lib/go/src/sync/cond.go:71 +0x85
github.com/centrifugal/centrifuge/internal/dissolve.(*queueImpl).Wait(0xc030230380)
	/home/mariell/go/pkg/mod/github.com/centrifugal/centrifuge@v0.33.3/internal/dissolve/queue.go:139 +0x4a
github.com/centrifugal/centrifuge/internal/dissolve.(*Dissolver).runWorker(0xc008ba75c0)
	/home/mariell/go/pkg/mod/github.com/centrifugal/centrifuge@v0.33.3/internal/dissolve/dissolve.go:52 +0x27
created by github.com/centrifugal/centrifuge/internal/dissolve.(*Dissolver).Run in goroutine 51765
	/home/mariell/go/pkg/mod/github.com/centrifugal/centrifuge@v0.33.3/internal/dissolve/dissolve.go:31 +0x25

goroutine 51306 [sync.Cond.Wait]:
sync.runtime_notifyListWait(0xc01afe9210, 0x11)
	/usr/lib/go/src/runtime/sema.go:597 +0x159
sync.(*Cond).Wait(0x0?)
	/usr/lib/go/src/sync/cond.go:71 +0x85
github.com/centrifugal/centrifuge/internal/dissolve.(*queueImpl).Wait(0xc020f245b0)
	/home/mariell/go/pkg/mod/github.com/centrifugal/centrifuge@v0.33.3/internal/dissolve/queue.go:139 +0x4a
github.com/centrifugal/centrifuge/internal/dissolve.(*Dissolver).runWorker(0xc02834aab0)
	/home/mariell/go/pkg/mod/github.com/centrifugal/centrifuge@v0.33.3/internal/dissolve/dissolve.go:52 +0x27
created by github.com/centrifugal/centrifuge/internal/dissolve.(*Dissolver).Run in goroutine 50170
	/home/mariell/go/pkg/mod/github.com/centrifugal/centrifuge@v0.33.3/internal/dissolve/dissolve.go:31 +0x25

goroutine 58892 [sync.Cond.Wait]:
sync.runtime_notifyListWait(0xc01f861010, 0x14)
	/usr/lib/go/src/runtime/sema.go:597 +0x159
sync.(*Cond).Wait(0x0?)
	/usr/lib/go/src/sync/cond.go:71 +0x85
github.com/centrifugal/centrifuge/internal/dissolve.(*queueImpl).Wait(0xc01921b6c0)
	/home/mariell/go/pkg/mod/github.com/centrifugal/centrifuge@v0.33.3/internal/dissolve/queue.go:139 +0x4a
github.com/centrifugal/centrifuge/internal/dissolve.(*Dissolver).runWorker(0xc0243b2a20)
	/home/mariell/go/pkg/mod/github.com/centrifugal/centrifuge@v0.33.3/internal/dissolve/dissolve.go:52 +0x27
created by github.com/centrifugal/centrifuge/internal/dissolve.(*Dissolver).Run in goroutine 57831
	/home/mariell/go/pkg/mod/github.com/centrifugal/centrifuge@v0.33.3/internal/dissolve/dissolve.go:31 +0x25

goroutine 77713 [runnable]:
golang.org/x/sync/errgroup.(*Group).Go.func1()
	/home/mariell/go/pkg/mod/golang.org/x/sync@v0.11.0/errgroup/errgroup.go:75
created by golang.org/x/sync/errgroup.(*Group).Go in goroutine 77705
	/home/mariell/go/pkg/mod/golang.org/x/sync@v0.11.0/errgroup/errgroup.go:75 +0x93

goroutine 73728 [select]:
github.com/patrickmn/go-cache.(*janitor).Run(0xc040453620, 0xc01c854d00)
	/home/mariell/go/pkg/mod/github.com/patrickmn/go-cache@v2.1.0+incompatible/cache.go:1079 +0x7b
created by github.com/patrickmn/go-cache.runJanitor in goroutine 4439
	/home/mariell/go/pkg/mod/github.com/patrickmn/go-cache@v2.1.0+incompatible/cache.go:1099 +0xdb

goroutine 74576 [select]:
github.com/FZambia/eagle.(*Eagle).aggregate(0xc042c1e1c0)
	/home/mariell/go/pkg/mod/github.com/!f!zambia/eagle@v0.1.0/eagle.go:210 +0x6d
created by github.com/FZambia/eagle.New in goroutine 4438
	/home/mariell/go/pkg/mod/github.com/!f!zambia/eagle@v0.1.0/eagle.go:66 +0x176

goroutine 58703 [select]:
go.opentelemetry.io/otel/sdk/trace.(*batchSpanProcessor).processQueue(0xc00e55e5a0)
	/home/mariell/go/pkg/mod/go.opentelemetry.io/otel/sdk@v1.34.0/trace/batch_span_processor.go:302 +0x114
go.opentelemetry.io/otel/sdk/trace.NewBatchSpanProcessor.func1()
	/home/mariell/go/pkg/mod/go.opentelemetry.io/otel/sdk@v1.34.0/trace/batch_span_processor.go:117 +0x4e
created by go.opentelemetry.io/otel/sdk/trace.NewBatchSpanProcessor in goroutine 56144
	/home/mariell/go/pkg/mod/go.opentelemetry.io/otel/sdk@v1.34.0/trace/batch_span_processor.go:115 +0x2d9

goroutine 74585 [sync.Cond.Wait]:
sync.runtime_notifyListWait(0xc022369b10, 0x1)
	/usr/lib/go/src/runtime/sema.go:597 +0x159
sync.(*Cond).Wait(0x0?)
	/usr/lib/go/src/sync/cond.go:71 +0x85
github.com/centrifugal/centrifuge/internal/dissolve.(*queueImpl).Wait(0xc0429f7180)
	/home/mariell/go/pkg/mod/github.com/centrifugal/centrifuge@v0.33.3/internal/dissolve/queue.go:139 +0x4a
github.com/centrifugal/centrifuge/internal/dissolve.(*Dissolver).runWorker(0xc02391be18)
	/home/mariell/go/pkg/mod/github.com/centrifugal/centrifuge@v0.33.3/internal/dissolve/dissolve.go:52 +0x27
created by github.com/centrifugal/centrifuge/internal/dissolve.(*Dissolver).Run in goroutine 4438
	/home/mariell/go/pkg/mod/github.com/centrifugal/centrifuge@v0.33.3/internal/dissolve/dissolve.go:31 +0x25

goroutine 47968 [sync.Cond.Wait]:
sync.runtime_notifyListWait(0xc01fca58d0, 0x1)
	/usr/lib/go/src/runtime/sema.go:597 +0x159
sync.(*Cond).Wait(0xc01ad327d0?)
	/usr/lib/go/src/sync/cond.go:71 +0x85
github.com/centrifugal/centrifuge/internal/dissolve.(*queueImpl).Wait(0xc020dbf5e0)
	/home/mariell/go/pkg/mod/github.com/centrifugal/centrifuge@v0.33.3/internal/dissolve/queue.go:139 +0x4a
github.com/centrifugal/centrifuge/internal/dissolve.(*Dissolver).runWorker(0xc0271f1da0)
	/home/mariell/go/pkg/mod/github.com/centrifugal/centrifuge@v0.33.3/internal/dissolve/dissolve.go:52 +0x27
created by github.com/centrifugal/centrifuge/internal/dissolve.(*Dissolver).Run in goroutine 47137
	/home/mariell/go/pkg/mod/github.com/centrifugal/centrifuge@v0.33.3/internal/dissolve/dissolve.go:31 +0x25

goroutine 48617 [IO wait]:
internal/poll.runtime_pollWait(0x777550275278, 0x72)
	/usr/lib/go/src/runtime/netpoll.go:351 +0x85
internal/poll.(*pollDesc).wait(0xc02664c600?, 0xc00c569900?, 0x0)
	/usr/lib/go/src/internal/poll/fd_poll_runtime.go:84 +0x27
internal/poll.(*pollDesc).waitRead(...)
	/usr/lib/go/src/internal/poll/fd_poll_runtime.go:89
internal/poll.(*FD).Read(0xc02664c600, {0xc00c569900, 0x1300, 0x1300})
	/usr/lib/go/src/internal/poll/fd_unix.go:165 +0x27a
net.(*netFD).Read(0xc02664c600, {0xc00c569900?, 0x0?, 0x0?})
	/usr/lib/go/src/net/fd_posix.go:55 +0x25
net.(*conn).Read(0xc00ca86000, {0xc00c569900?, 0x77755938af80?, 0x7775a8b29d58?})
	/usr/lib/go/src/net/net.go:194 +0x45
crypto/tls.(*atLeastReader).Read(0xc008ca5ce0, {0xc00c569900?, 0x0?, 0x0?})
	/usr/lib/go/src/crypto/tls/conn.go:809 +0x3b
bytes.(*Buffer).ReadFrom(0xc013070d38, {0xa94e300, 0xc008ca5ce0})
	/usr/lib/go/src/bytes/buffer.go:211 +0x98
crypto/tls.(*Conn).readFromUntil(0xc013070a88, {0xa94dc00, 0xc00ca86000}, 0x444af4?)
	/usr/lib/go/src/crypto/tls/conn.go:831 +0xde
crypto/tls.(*Conn).readRecordOrCCS(0xc013070a88, 0x0)
	/usr/lib/go/src/crypto/tls/conn.go:629 +0x3cf
crypto/tls.(*Conn).readRecord(...)
	/usr/lib/go/src/crypto/tls/conn.go:591
crypto/tls.(*Conn).Read(0xc013070a88, {0xc01512e000, 0x1000, 0x7775a8b29d58?})
	/usr/lib/go/src/crypto/tls/conn.go:1385 +0x145
net/http.(*persistConn).Read(0xc02516e000, {0xc01512e000?, 0x4141c5?, 0x68?})
	/usr/lib/go/src/net/http/transport.go:2122 +0x47
bufio.(*Reader).fill(0xc01abb3200)
	/usr/lib/go/src/bufio/bufio.go:113 +0x103
bufio.(*Reader).Peek(0xc01abb3200, 0x1)
	/usr/lib/go/src/bufio/bufio.go:152 +0x53
net/http.(*persistConn).readLoop(0xc02516e000)
	/usr/lib/go/src/net/http/transport.go:2275 +0x172
created by net/http.(*Transport).dialConn in goroutine 48514
	/usr/lib/go/src/net/http/transport.go:1944 +0x174f

goroutine 55889 [sync.Cond.Wait]:
sync.runtime_notifyListWait(0xc022793e10, 0x14)
	/usr/lib/go/src/runtime/sema.go:597 +0x159
sync.(*Cond).Wait(0xc021733fd0?)
	/usr/lib/go/src/sync/cond.go:71 +0x85
github.com/centrifugal/centrifuge/internal/dissolve.(*queueImpl).Wait(0xc01100c540)
	/home/mariell/go/pkg/mod/github.com/centrifugal/centrifuge@v0.33.3/internal/dissolve/queue.go:139 +0x4a
github.com/centrifugal/centrifuge/internal/dissolve.(*Dissolver).runWorker(0xc02431b8f0)
	/home/mariell/go/pkg/mod/github.com/centrifugal/centrifuge@v0.33.3/internal/dissolve/dissolve.go:52 +0x27
created by github.com/centrifugal/centrifuge/internal/dissolve.(*Dissolver).Run in goroutine 54803
	/home/mariell/go/pkg/mod/github.com/centrifugal/centrifuge@v0.33.3/internal/dissolve/dissolve.go:31 +0x25

goroutine 51288 [sync.Cond.Wait]:
sync.runtime_notifyListWait(0xc01afe9210, 0x3)
	/usr/lib/go/src/runtime/sema.go:597 +0x159
sync.(*Cond).Wait(0x0?)
	/usr/lib/go/src/sync/cond.go:71 +0x85
github.com/centrifugal/centrifuge/internal/dissolve.(*queueImpl).Wait(0xc020f245b0)
	/home/mariell/go/pkg/mod/github.com/centrifugal/centrifuge@v0.33.3/internal/dissolve/queue.go:139 +0x4a
github.com/centrifugal/centrifuge/internal/dissolve.(*Dissolver).runWorker(0xc02834aab0)
	/home/mariell/go/pkg/mod/github.com/centrifugal/centrifuge@v0.33.3/internal/dissolve/dissolve.go:52 +0x27
created by github.com/centrifugal/centrifuge/internal/dissolve.(*Dissolver).Run in goroutine 50170
	/home/mariell/go/pkg/mod/github.com/centrifugal/centrifuge@v0.33.3/internal/dissolve/dissolve.go:31 +0x25

goroutine 77078 [select]:
github.com/centrifugal/centrifuge.(*Node).updateMetrics(0xc0242646c8)
	/home/mariell/go/pkg/mod/github.com/centrifugal/centrifuge@v0.33.3/node.go:335 +0x85
created by github.com/centrifugal/centrifuge.(*Node).Run in goroutine 4437
	/home/mariell/go/pkg/mod/github.com/centrifugal/centrifuge@v0.33.3/node.go:262 +0x2a5

goroutine 51283 [select]:
github.com/centrifugal/centrifuge.(*Node).initMetrics.func1()
	/home/mariell/go/pkg/mod/github.com/centrifugal/centrifuge@v0.33.3/node.go:365 +0x8a
created by github.com/centrifugal/centrifuge.(*Node).initMetrics in goroutine 50170
	/home/mariell/go/pkg/mod/github.com/centrifugal/centrifuge@v0.33.3/node.go:363 +0x1f9

goroutine 51301 [sync.Cond.Wait]:
sync.runtime_notifyListWait(0xc01afe9210, 0xc)
	/usr/lib/go/src/runtime/sema.go:597 +0x159
sync.(*Cond).Wait(0xc0207d3fd0?)
	/usr/lib/go/src/sync/cond.go:71 +0x85
github.com/centrifugal/centrifuge/internal/dissolve.(*queueImpl).Wait(0xc020f245b0)
	/home/mariell/go/pkg/mod/github.com/centrifugal/centrifuge@v0.33.3/internal/dissolve/queue.go:139 +0x4a
github.com/centrifugal/centrifuge/internal/dissolve.(*Dissolver).runWorker(0xc02834aab0)
	/home/mariell/go/pkg/mod/github.com/centrifugal/centrifuge@v0.33.3/internal/dissolve/dissolve.go:52 +0x27
created by github.com/centrifugal/centrifuge/internal/dissolve.(*Dissolver).Run in goroutine 50170
	/home/mariell/go/pkg/mod/github.com/centrifugal/centrifuge@v0.33.3/internal/dissolve/dissolve.go:31 +0x25

goroutine 75914 [IO wait]:
internal/poll.runtime_pollWait(0x77751a4b5f98, 0x72)
	/usr/lib/go/src/runtime/netpoll.go:351 +0x85
internal/poll.(*pollDesc).wait(0xc044ca6380?, 0xc029876600?, 0x0)
	/usr/lib/go/src/internal/poll/fd_poll_runtime.go:84 +0x27
internal/poll.(*pollDesc).waitRead(...)
	/usr/lib/go/src/internal/poll/fd_poll_runtime.go:89
internal/poll.(*FD).Read(0xc044ca6380, {0xc029876600, 0x1300, 0x1300})
	/usr/lib/go/src/internal/poll/fd_unix.go:165 +0x27a
net.(*netFD).Read(0xc044ca6380, {0xc029876600?, 0x0?, 0x0?})
	/usr/lib/go/src/net/fd_posix.go:55 +0x25
net.(*conn).Read(0xc0457803a8, {0xc029876600?, 0x77751a772780?, 0x7775a8b2b038?})
	/usr/lib/go/src/net/net.go:194 +0x45
crypto/tls.(*atLeastReader).Read(0xc034b3bf20, {0xc029876600?, 0xc0457de9e8?, 0x0?})
	/usr/lib/go/src/crypto/tls/conn.go:809 +0x3b
bytes.(*Buffer).ReadFrom(0xc0457de9b8, {0xa94e300, 0xc034b3bf20})
	/usr/lib/go/src/bytes/buffer.go:211 +0x98
crypto/tls.(*Conn).readFromUntil(0xc0457de708, {0xa94dc00, 0xc0457803a8}, 0x444af4?)
	/usr/lib/go/src/crypto/tls/conn.go:831 +0xde
crypto/tls.(*Conn).readRecordOrCCS(0xc0457de708, 0x0)
	/usr/lib/go/src/crypto/tls/conn.go:629 +0x3cf
crypto/tls.(*Conn).readRecord(...)
	/usr/lib/go/src/crypto/tls/conn.go:591
crypto/tls.(*Conn).Read(0xc0457de708, {0xc04677e000, 0x1000, 0x7775a8b2b038?})
	/usr/lib/go/src/crypto/tls/conn.go:1385 +0x145
net/http.(*persistConn).Read(0xc01576bb00, {0xc04677e000?, 0x414207?, 0x68?})
	/usr/lib/go/src/net/http/transport.go:2122 +0x47
bufio.(*Reader).fill(0xc046755560)
	/usr/lib/go/src/bufio/bufio.go:113 +0x103
bufio.(*Reader).Peek(0xc046755560, 0x1)
	/usr/lib/go/src/bufio/bufio.go:152 +0x53
net/http.(*persistConn).readLoop(0xc01576bb00)
	/usr/lib/go/src/net/http/transport.go:2275 +0x172
created by net/http.(*Transport).dialConn in goroutine 75688
	/usr/lib/go/src/net/http/transport.go:1944 +0x174f

goroutine 55857 [select]:
github.com/FZambia/eagle.(*Eagle).aggregate(0xc01100d650)
	/home/mariell/go/pkg/mod/github.com/!f!zambia/eagle@v0.1.0/eagle.go:210 +0x6d
created by github.com/FZambia/eagle.New in goroutine 54803
	/home/mariell/go/pkg/mod/github.com/!f!zambia/eagle@v0.1.0/eagle.go:66 +0x176

goroutine 48234 [sync.Cond.Wait]:
sync.runtime_notifyListWait(0xc01fca58d0, 0x1b)
	/usr/lib/go/src/runtime/sema.go:597 +0x159
sync.(*Cond).Wait(0xc00d5f37d0?)
	/usr/lib/go/src/sync/cond.go:71 +0x85
github.com/centrifugal/centrifuge/internal/dissolve.(*queueImpl).Wait(0xc020dbf5e0)
	/home/mariell/go/pkg/mod/github.com/centrifugal/centrifuge@v0.33.3/internal/dissolve/queue.go:139 +0x4a
github.com/centrifugal/centrifuge/internal/dissolve.(*Dissolver).runWorker(0xc0271f1da0)
	/home/mariell/go/pkg/mod/github.com/centrifugal/centrifuge@v0.33.3/internal/dissolve/dissolve.go:52 +0x27
created by github.com/centrifugal/centrifuge/internal/dissolve.(*Dissolver).Run in goroutine 47137
	/home/mariell/go/pkg/mod/github.com/centrifugal/centrifuge@v0.33.3/internal/dissolve/dissolve.go:31 +0x25

goroutine 48618 [select]:
net/http.(*persistConn).writeLoop(0xc02516e000)
	/usr/lib/go/src/net/http/transport.go:2590 +0xe7
created by net/http.(*Transport).dialConn in goroutine 48514
	/usr/lib/go/src/net/http/transport.go:1945 +0x17a5

goroutine 50078 [select]:
net/http.(*persistConn).writeLoop(0xc025190480)
	/usr/lib/go/src/net/http/transport.go:2590 +0xe7
created by net/http.(*Transport).dialConn in goroutine 50051
	/usr/lib/go/src/net/http/transport.go:1945 +0x17a5

goroutine 50077 [IO wait]:
internal/poll.runtime_pollWait(0x777550274788, 0x72)
	/usr/lib/go/src/runtime/netpoll.go:351 +0x85
internal/poll.(*pollDesc).wait(0xc02664cf00?, 0xc023530c00?, 0x0)
	/usr/lib/go/src/internal/poll/fd_poll_runtime.go:84 +0x27
internal/poll.(*pollDesc).waitRead(...)
	/usr/lib/go/src/internal/poll/fd_poll_runtime.go:89
internal/poll.(*FD).Read(0xc02664cf00, {0xc023530c00, 0x1300, 0x1300})
	/usr/lib/go/src/internal/poll/fd_unix.go:165 +0x27a
net.(*netFD).Read(0xc02664cf00, {0xc023530c00?, 0x0?, 0x1c00fc84900?})
	/usr/lib/go/src/net/fd_posix.go:55 +0x25
net.(*conn).Read(0xc0007e5e30, {0xc023530c00?, 0x777558309890?, 0x7775a8b28108?})
	/usr/lib/go/src/net/net.go:194 +0x45
crypto/tls.(*atLeastReader).Read(0xc012468a68, {0xc023530c00?, 0x4247a5?, 0x0?})
	/usr/lib/go/src/crypto/tls/conn.go:809 +0x3b
bytes.(*Buffer).ReadFrom(0xc0176357b8, {0xa94e300, 0xc012468a68})
	/usr/lib/go/src/bytes/buffer.go:211 +0x98
crypto/tls.(*Conn).readFromUntil(0xc017635508, {0xa94dc00, 0xc0007e5e30}, 0x444af4?)
	/usr/lib/go/src/crypto/tls/conn.go:831 +0xde
crypto/tls.(*Conn).readRecordOrCCS(0xc017635508, 0x0)
	/usr/lib/go/src/crypto/tls/conn.go:629 +0x3cf
crypto/tls.(*Conn).readRecord(...)
	/usr/lib/go/src/crypto/tls/conn.go:591
crypto/tls.(*Conn).Read(0xc017635508, {0xc029456000, 0x1000, 0x7775a8b28108?})
	/usr/lib/go/src/crypto/tls/conn.go:1385 +0x145
net/http.(*persistConn).Read(0xc025190480, {0xc029456000?, 0x4141c5?, 0x68?})
	/usr/lib/go/src/net/http/transport.go:2122 +0x47
bufio.(*Reader).fill(0xc029452120)
	/usr/lib/go/src/bufio/bufio.go:113 +0x103
bufio.(*Reader).Peek(0xc029452120, 0x1)
	/usr/lib/go/src/bufio/bufio.go:152 +0x53
net/http.(*persistConn).readLoop(0xc025190480)
	/usr/lib/go/src/net/http/transport.go:2275 +0x172
created by net/http.(*Transport).dialConn in goroutine 50051
	/usr/lib/go/src/net/http/transport.go:1944 +0x174f

goroutine 51298 [sync.Cond.Wait]:
sync.runtime_notifyListWait(0xc01afe9210, 0x9)
	/usr/lib/go/src/runtime/sema.go:597 +0x159
sync.(*Cond).Wait(0x0?)
	/usr/lib/go/src/sync/cond.go:71 +0x85
github.com/centrifugal/centrifuge/internal/dissolve.(*queueImpl).Wait(0xc020f245b0)
	/home/mariell/go/pkg/mod/github.com/centrifugal/centrifuge@v0.33.3/internal/dissolve/queue.go:139 +0x4a
github.com/centrifugal/centrifuge/internal/dissolve.(*Dissolver).runWorker(0xc02834aab0)
	/home/mariell/go/pkg/mod/github.com/centrifugal/centrifuge@v0.33.3/internal/dissolve/dissolve.go:52 +0x27
created by github.com/centrifugal/centrifuge/internal/dissolve.(*Dissolver).Run in goroutine 50170
	/home/mariell/go/pkg/mod/github.com/centrifugal/centrifuge@v0.33.3/internal/dissolve/dissolve.go:31 +0x25

goroutine 75032 [chan receive]:
github.com/grafana/grafana/pkg/storage/unified/sql.(*channelNotifier).notify.func1()
	/home/mariell/work/oss/grafana/pkg/storage/unified/sql/notifier.go:87 +0x39
created by github.com/grafana/grafana/pkg/storage/unified/sql.(*channelNotifier).notify in goroutine 3349
	/home/mariell/work/oss/grafana/pkg/storage/unified/sql/notifier.go:86 +0xdb

goroutine 49741 [select]:
github.com/centrifugal/centrifuge.(*MemoryBroker).expireResultCache(0xc028e21500)
	/home/mariell/go/pkg/mod/github.com/centrifugal/centrifuge@v0.33.3/broker_memory.go:160 +0x68
created by github.com/centrifugal/centrifuge.(*MemoryBroker).Run in goroutine 48632
	/home/mariell/go/pkg/mod/github.com/centrifugal/centrifuge@v0.33.3/broker_memory.go:73 +0x7f

goroutine 48240 [sync.Cond.Wait]:
sync.runtime_notifyListWait(0xc01fca58d0, 0x3)
	/usr/lib/go/src/runtime/sema.go:597 +0x159
sync.(*Cond).Wait(0x0?)
	/usr/lib/go/src/sync/cond.go:71 +0x85
github.com/centrifugal/centrifuge/internal/dissolve.(*queueImpl).Wait(0xc020dbf5e0)
	/home/mariell/go/pkg/mod/github.com/centrifugal/centrifuge@v0.33.3/internal/dissolve/queue.go:139 +0x4a
github.com/centrifugal/centrifuge/internal/dissolve.(*Dissolver).runWorker(0xc0271f1da0)
	/home/mariell/go/pkg/mod/github.com/centrifugal/centrifuge@v0.33.3/internal/dissolve/dissolve.go:52 +0x27
created by github.com/centrifugal/centrifuge/internal/dissolve.(*Dissolver).Run in goroutine 47137
	/home/mariell/go/pkg/mod/github.com/centrifugal/centrifuge@v0.33.3/internal/dissolve/dissolve.go:31 +0x25

goroutine 49782 [sync.Cond.Wait]:
sync.runtime_notifyListWait(0xc028e24c90, 0x1e)
	/usr/lib/go/src/runtime/sema.go:597 +0x159
sync.(*Cond).Wait(0xc0212677d0?)
	/usr/lib/go/src/sync/cond.go:71 +0x85
github.com/centrifugal/centrifuge/internal/dissolve.(*queueImpl).Wait(0xc028e3d810)
	/home/mariell/go/pkg/mod/github.com/centrifugal/centrifuge@v0.33.3/internal/dissolve/queue.go:139 +0x4a
github.com/centrifugal/centrifuge/internal/dissolve.(*Dissolver).runWorker(0xc028d11578)
	/home/mariell/go/pkg/mod/github.com/centrifugal/centrifuge@v0.33.3/internal/dissolve/dissolve.go:52 +0x27
created by github.com/centrifugal/centrifuge/internal/dissolve.(*Dissolver).Run in goroutine 48632
	/home/mariell/go/pkg/mod/github.com/centrifugal/centrifuge@v0.33.3/internal/dissolve/dissolve.go:31 +0x25

goroutine 48241 [sync.Cond.Wait]:
sync.runtime_notifyListWait(0xc01fca58d0, 0x1e)
	/usr/lib/go/src/runtime/sema.go:597 +0x159
sync.(*Cond).Wait(0x0?)
	/usr/lib/go/src/sync/cond.go:71 +0x85
github.com/centrifugal/centrifuge/internal/dissolve.(*queueImpl).Wait(0xc020dbf5e0)
	/home/mariell/go/pkg/mod/github.com/centrifugal/centrifuge@v0.33.3/internal/dissolve/queue.go:139 +0x4a
github.com/centrifugal/centrifuge/internal/dissolve.(*Dissolver).runWorker(0xc0271f1da0)
	/home/mariell/go/pkg/mod/github.com/centrifugal/centrifuge@v0.33.3/internal/dissolve/dissolve.go:52 +0x27
created by github.com/centrifugal/centrifuge/internal/dissolve.(*Dissolver).Run in goroutine 47137
	/home/mariell/go/pkg/mod/github.com/centrifugal/centrifuge@v0.33.3/internal/dissolve/dissolve.go:31 +0x25

goroutine 48242 [sync.Cond.Wait]:
sync.runtime_notifyListWait(0xc01fca58d0, 0x1f)
	/usr/lib/go/src/runtime/sema.go:597 +0x159
sync.(*Cond).Wait(0x0?)
	/usr/lib/go/src/sync/cond.go:71 +0x85
github.com/centrifugal/centrifuge/internal/dissolve.(*queueImpl).Wait(0xc020dbf5e0)
	/home/mariell/go/pkg/mod/github.com/centrifugal/centrifuge@v0.33.3/internal/dissolve/queue.go:139 +0x4a
github.com/centrifugal/centrifuge/internal/dissolve.(*Dissolver).runWorker(0xc0271f1da0)
	/home/mariell/go/pkg/mod/github.com/centrifugal/centrifuge@v0.33.3/internal/dissolve/dissolve.go:52 +0x27
created by github.com/centrifugal/centrifuge/internal/dissolve.(*Dissolver).Run in goroutine 47137
	/home/mariell/go/pkg/mod/github.com/centrifugal/centrifuge@v0.33.3/internal/dissolve/dissolve.go:31 +0x25

goroutine 48681 [chan receive (nil chan)]:
k8s.io/apiserver/pkg/server.preparedGenericAPIServer.RunWithContext({0x10212da?}, {0xa9d1d00, 0xc01f2dc690})
	/home/mariell/go/pkg/mod/k8s.io/apiserver@v0.32.1/pkg/server/genericapiserver.go:710 +0x9c5
github.com/grafana/grafana/pkg/services/apiserver.(*service).startCoreServer.func1()
	/home/mariell/work/oss/grafana/pkg/services/apiserver/service.go:448 +0x28
created by github.com/grafana/grafana/pkg/services/apiserver.(*service).startCoreServer in goroutine 48200
	/home/mariell/work/oss/grafana/pkg/services/apiserver/service.go:447 +0x125

goroutine 48243 [sync.Cond.Wait]:
sync.runtime_notifyListWait(0xc01fca58d0, 0x21)
	/usr/lib/go/src/runtime/sema.go:597 +0x159
sync.(*Cond).Wait(0xc027085fd0?)
	/usr/lib/go/src/sync/cond.go:71 +0x85
github.com/centrifugal/centrifuge/internal/dissolve.(*queueImpl).Wait(0xc020dbf5e0)
	/home/mariell/go/pkg/mod/github.com/centrifugal/centrifuge@v0.33.3/internal/dissolve/queue.go:139 +0x4a
github.com/centrifugal/centrifuge/internal/dissolve.(*Dissolver).runWorker(0xc0271f1da0)
	/home/mariell/go/pkg/mod/github.com/centrifugal/centrifuge@v0.33.3/internal/dissolve/dissolve.go:52 +0x27
created by github.com/centrifugal/centrifuge/internal/dissolve.(*Dissolver).Run in goroutine 47137
	/home/mariell/go/pkg/mod/github.com/centrifugal/centrifuge@v0.33.3/internal/dissolve/dissolve.go:31 +0x25

goroutine 54227 [chan receive]:
github.com/grafana/grafana/pkg/storage/unified/resource.(*server).initWatcher.func1.1()
	/home/mariell/work/oss/grafana/pkg/storage/unified/resource/server.go:922 +0x58
created by github.com/grafana/grafana/pkg/storage/unified/resource.(*server).initWatcher.func1 in goroutine 53243
	/home/mariell/work/oss/grafana/pkg/storage/unified/resource/server.go:921 +0xaa

goroutine 52838 [sync.Cond.Wait]:
sync.runtime_notifyListWait(0xc0301d0dd0, 0x2)
	/usr/lib/go/src/runtime/sema.go:597 +0x159
sync.(*Cond).Wait(0x823435?)
	/usr/lib/go/src/sync/cond.go:71 +0x85
github.com/centrifugal/centrifuge/internal/dissolve.(*queueImpl).Wait(0xc030230380)
	/home/mariell/go/pkg/mod/github.com/centrifugal/centrifuge@v0.33.3/internal/dissolve/queue.go:139 +0x4a
github.com/centrifugal/centrifuge/internal/dissolve.(*Dissolver).runWorker(0xc008ba75c0)
	/home/mariell/go/pkg/mod/github.com/centrifugal/centrifuge@v0.33.3/internal/dissolve/dissolve.go:52 +0x27
created by github.com/centrifugal/centrifuge/internal/dissolve.(*Dissolver).Run in goroutine 51765
	/home/mariell/go/pkg/mod/github.com/centrifugal/centrifuge@v0.33.3/internal/dissolve/dissolve.go:31 +0x25

goroutine 48218 [sync.Cond.Wait]:
sync.runtime_notifyListWait(0xc01fca58d0, 0xb)
	/usr/lib/go/src/runtime/sema.go:597 +0x159
sync.(*Cond).Wait(0x0?)
	/usr/lib/go/src/sync/cond.go:71 +0x85
github.com/centrifugal/centrifuge/internal/dissolve.(*queueImpl).Wait(0xc020dbf5e0)
	/home/mariell/go/pkg/mod/github.com/centrifugal/centrifuge@v0.33.3/internal/dissolve/queue.go:139 +0x4a
github.com/centrifugal/centrifuge/internal/dissolve.(*Dissolver).runWorker(0xc0271f1da0)
	/home/mariell/go/pkg/mod/github.com/centrifugal/centrifuge@v0.33.3/internal/dissolve/dissolve.go:52 +0x27
created by github.com/centrifugal/centrifuge/internal/dissolve.(*Dissolver).Run in goroutine 47137
	/home/mariell/go/pkg/mod/github.com/centrifugal/centrifuge@v0.33.3/internal/dissolve/dissolve.go:31 +0x25

goroutine 51134 [select]:
github.com/patrickmn/go-cache.(*janitor).Run(0xc010458330, 0xc00b50b340)
	/home/mariell/go/pkg/mod/github.com/patrickmn/go-cache@v2.1.0+incompatible/cache.go:1079 +0x7b
created by github.com/patrickmn/go-cache.runJanitor in goroutine 50170
	/home/mariell/go/pkg/mod/github.com/patrickmn/go-cache@v2.1.0+incompatible/cache.go:1099 +0xdb

goroutine 51131 [select]:
github.com/patrickmn/go-cache.(*janitor).Run(0xc0005dbac0, 0xc00b50b300)
	/home/mariell/go/pkg/mod/github.com/patrickmn/go-cache@v2.1.0+incompatible/cache.go:1079 +0x7b
created by github.com/patrickmn/go-cache.runJanitor in goroutine 50170
	/home/mariell/go/pkg/mod/github.com/patrickmn/go-cache@v2.1.0+incompatible/cache.go:1099 +0xdb

goroutine 51312 [sync.Cond.Wait]:
sync.runtime_notifyListWait(0xc01afe9210, 0x17)
	/usr/lib/go/src/runtime/sema.go:597 +0x159
sync.(*Cond).Wait(0xc01646d7d0?)
	/usr/lib/go/src/sync/cond.go:71 +0x85
github.com/centrifugal/centrifuge/internal/dissolve.(*queueImpl).Wait(0xc020f245b0)
	/home/mariell/go/pkg/mod/github.com/centrifugal/centrifuge@v0.33.3/internal/dissolve/queue.go:139 +0x4a
github.com/centrifugal/centrifuge/internal/dissolve.(*Dissolver).runWorker(0xc02834aab0)
	/home/mariell/go/pkg/mod/github.com/centrifugal/centrifuge@v0.33.3/internal/dissolve/dissolve.go:52 +0x27
created by github.com/centrifugal/centrifuge/internal/dissolve.(*Dissolver).Run in goroutine 50170
	/home/mariell/go/pkg/mod/github.com/centrifugal/centrifuge@v0.33.3/internal/dissolve/dissolve.go:31 +0x25

goroutine 51311 [sync.Cond.Wait]:
sync.runtime_notifyListWait(0xc01afe9210, 0x16)
	/usr/lib/go/src/runtime/sema.go:597 +0x159
sync.(*Cond).Wait(0x0?)
	/usr/lib/go/src/sync/cond.go:71 +0x85
github.com/centrifugal/centrifuge/internal/dissolve.(*queueImpl).Wait(0xc020f245b0)
	/home/mariell/go/pkg/mod/github.com/centrifugal/centrifuge@v0.33.3/internal/dissolve/queue.go:139 +0x4a
github.com/centrifugal/centrifuge/internal/dissolve.(*Dissolver).runWorker(0xc02834aab0)
	/home/mariell/go/pkg/mod/github.com/centrifugal/centrifuge@v0.33.3/internal/dissolve/dissolve.go:52 +0x27
created by github.com/centrifugal/centrifuge/internal/dissolve.(*Dissolver).Run in goroutine 50170
	/home/mariell/go/pkg/mod/github.com/centrifugal/centrifuge@v0.33.3/internal/dissolve/dissolve.go:31 +0x25

goroutine 48041 [select]:
github.com/patrickmn/go-cache.(*janitor).Run(0xc005fad3a0, 0xc0237c5700)
	/home/mariell/go/pkg/mod/github.com/patrickmn/go-cache@v2.1.0+incompatible/cache.go:1079 +0x7b
created by github.com/patrickmn/go-cache.runJanitor in goroutine 47137
	/home/mariell/go/pkg/mod/github.com/patrickmn/go-cache@v2.1.0+incompatible/cache.go:1099 +0xdb

goroutine 51126 [select]:
github.com/patrickmn/go-cache.(*janitor).Run(0xc014529b60, 0xc00b50ac40)
	/home/mariell/go/pkg/mod/github.com/patrickmn/go-cache@v2.1.0+incompatible/cache.go:1079 +0x7b
created by github.com/patrickmn/go-cache.runJanitor in goroutine 50170
	/home/mariell/go/pkg/mod/github.com/patrickmn/go-cache@v2.1.0+incompatible/cache.go:1099 +0xdb

goroutine 78019 [runnable]:
github.com/centrifugal/centrifuge/internal/dissolve.(*Dissolver).Run.gowrap1()
	/home/mariell/go/pkg/mod/github.com/centrifugal/centrifuge@v0.33.3/internal/dissolve/dissolve.go:31
runtime.goexit({})
	/usr/lib/go/src/runtime/asm_amd64.s:1700 +0x1
created by github.com/centrifugal/centrifuge/internal/dissolve.(*Dissolver).Run in goroutine 3350
	/home/mariell/go/pkg/mod/github.com/centrifugal/centrifuge@v0.33.3/internal/dissolve/dissolve.go:31 +0x25

goroutine 48220 [sync.Cond.Wait]:
sync.runtime_notifyListWait(0xc01fca58d0, 0xd)
	/usr/lib/go/src/runtime/sema.go:597 +0x159
sync.(*Cond).Wait(0x0?)
	/usr/lib/go/src/sync/cond.go:71 +0x85
github.com/centrifugal/centrifuge/internal/dissolve.(*queueImpl).Wait(0xc020dbf5e0)
	/home/mariell/go/pkg/mod/github.com/centrifugal/centrifuge@v0.33.3/internal/dissolve/queue.go:139 +0x4a
github.com/centrifugal/centrifuge/internal/dissolve.(*Dissolver).runWorker(0xc0271f1da0)
	/home/mariell/go/pkg/mod/github.com/centrifugal/centrifuge@v0.33.3/internal/dissolve/dissolve.go:52 +0x27
created by github.com/centrifugal/centrifuge/internal/dissolve.(*Dissolver).Run in goroutine 47137
	/home/mariell/go/pkg/mod/github.com/centrifugal/centrifuge@v0.33.3/internal/dissolve/dissolve.go:31 +0x25

goroutine 48217 [sync.Cond.Wait]:
sync.runtime_notifyListWait(0xc01fca58d0, 0xa)
	/usr/lib/go/src/runtime/sema.go:597 +0x159
sync.(*Cond).Wait(0x0?)
	/usr/lib/go/src/sync/cond.go:71 +0x85
github.com/centrifugal/centrifuge/internal/dissolve.(*queueImpl).Wait(0xc020dbf5e0)
	/home/mariell/go/pkg/mod/github.com/centrifugal/centrifuge@v0.33.3/internal/dissolve/queue.go:139 +0x4a
github.com/centrifugal/centrifuge/internal/dissolve.(*Dissolver).runWorker(0xc0271f1da0)
	/home/mariell/go/pkg/mod/github.com/centrifugal/centrifuge@v0.33.3/internal/dissolve/dissolve.go:52 +0x27
created by github.com/centrifugal/centrifuge/internal/dissolve.(*Dissolver).Run in goroutine 47137
	/home/mariell/go/pkg/mod/github.com/centrifugal/centrifuge@v0.33.3/internal/dissolve/dissolve.go:31 +0x25

goroutine 58903 [sync.Cond.Wait]:
sync.runtime_notifyListWait(0xc01f861010, 0x1f)
	/usr/lib/go/src/runtime/sema.go:597 +0x159
sync.(*Cond).Wait(0x0?)
	/usr/lib/go/src/sync/cond.go:71 +0x85
github.com/centrifugal/centrifuge/internal/dissolve.(*queueImpl).Wait(0xc01921b6c0)
	/home/mariell/go/pkg/mod/github.com/centrifugal/centrifuge@v0.33.3/internal/dissolve/queue.go:139 +0x4a
github.com/centrifugal/centrifuge/internal/dissolve.(*Dissolver).runWorker(0xc0243b2a20)
	/home/mariell/go/pkg/mod/github.com/centrifugal/centrifuge@v0.33.3/internal/dissolve/dissolve.go:52 +0x27
created by github.com/centrifugal/centrifuge/internal/dissolve.(*Dissolver).Run in goroutine 57831
	/home/mariell/go/pkg/mod/github.com/centrifugal/centrifuge@v0.33.3/internal/dissolve/dissolve.go:31 +0x25

goroutine 50203 [chan receive (nil chan)]:
k8s.io/apiserver/pkg/server.preparedGenericAPIServer.RunWithContext.func5()
	/home/mariell/go/pkg/mod/k8s.io/apiserver@v0.32.1/pkg/server/genericapiserver.go:598 +0x37
created by k8s.io/apiserver/pkg/server.preparedGenericAPIServer.RunWithContext in goroutine 50196
	/home/mariell/go/pkg/mod/k8s.io/apiserver@v0.32.1/pkg/server/genericapiserver.go:597 +0x60b

goroutine 48222 [sync.Cond.Wait]:
sync.runtime_notifyListWait(0xc01fca58d0, 0xf)
	/usr/lib/go/src/runtime/sema.go:597 +0x159
sync.(*Cond).Wait(0x0?)
	/usr/lib/go/src/sync/cond.go:71 +0x85
github.com/centrifugal/centrifuge/internal/dissolve.(*queueImpl).Wait(0xc020dbf5e0)
	/home/mariell/go/pkg/mod/github.com/centrifugal/centrifuge@v0.33.3/internal/dissolve/queue.go:139 +0x4a
github.com/centrifugal/centrifuge/internal/dissolve.(*Dissolver).runWorker(0xc0271f1da0)
	/home/mariell/go/pkg/mod/github.com/centrifugal/centrifuge@v0.33.3/internal/dissolve/dissolve.go:52 +0x27
created by github.com/centrifugal/centrifuge/internal/dissolve.(*Dissolver).Run in goroutine 47137
	/home/mariell/go/pkg/mod/github.com/centrifugal/centrifuge@v0.33.3/internal/dissolve/dissolve.go:31 +0x25

goroutine 51679 [select]:
net/http.(*persistConn).writeLoop(0xc025834360)
	/usr/lib/go/src/net/http/transport.go:2590 +0xe7
created by net/http.(*Transport).dialConn in goroutine 50062
	/usr/lib/go/src/net/http/transport.go:1945 +0x17a5

goroutine 77083 [sync.Cond.Wait]:
sync.runtime_notifyListWait(0xc045ae3d50, 0x15)
	/usr/lib/go/src/runtime/sema.go:597 +0x159
sync.(*Cond).Wait(0x0?)
	/usr/lib/go/src/sync/cond.go:71 +0x85
github.com/centrifugal/centrifuge/internal/dissolve.(*queueImpl).Wait(0xc045afb420)
	/home/mariell/go/pkg/mod/github.com/centrifugal/centrifuge@v0.33.3/internal/dissolve/queue.go:139 +0x4a
github.com/centrifugal/centrifuge/internal/dissolve.(*Dissolver).runWorker(0xc034b3a078)
	/home/mariell/go/pkg/mod/github.com/centrifugal/centrifuge@v0.33.3/internal/dissolve/dissolve.go:52 +0x27
created by github.com/centrifugal/centrifuge/internal/dissolve.(*Dissolver).Run in goroutine 4437
	/home/mariell/go/pkg/mod/github.com/centrifugal/centrifuge@v0.33.3/internal/dissolve/dissolve.go:31 +0x25

goroutine 51123 [select]:
github.com/patrickmn/go-cache.(*janitor).Run(0xc014787a10, 0xc005858c00)
	/home/mariell/go/pkg/mod/github.com/patrickmn/go-cache@v2.1.0+incompatible/cache.go:1079 +0x7b
created by github.com/patrickmn/go-cache.runJanitor in goroutine 50170
	/home/mariell/go/pkg/mod/github.com/patrickmn/go-cache@v2.1.0+incompatible/cache.go:1099 +0xdb

goroutine 49537 [select]:
github.com/centrifugal/centrifuge.(*Node).cleanNodeInfo(0xc022232248)
	/home/mariell/go/pkg/mod/github.com/centrifugal/centrifuge@v0.33.3/node.go:394 +0x90
created by github.com/centrifugal/centrifuge.(*Node).Run in goroutine 48632
	/home/mariell/go/pkg/mod/github.com/centrifugal/centrifuge@v0.33.3/node.go:261 +0x265

goroutine 51678 [IO wait]:
internal/poll.runtime_pollWait(0x7775504bf598, 0x72)
	/usr/lib/go/src/runtime/netpoll.go:351 +0x85
internal/poll.(*pollDesc).wait(0xc01ea00480?, 0xc029b82600?, 0x0)
	/usr/lib/go/src/internal/poll/fd_poll_runtime.go:84 +0x27
internal/poll.(*pollDesc).waitRead(...)
	/usr/lib/go/src/internal/poll/fd_poll_runtime.go:89
internal/poll.(*FD).Read(0xc01ea00480, {0xc029b82600, 0x1300, 0x1300})
	/usr/lib/go/src/internal/poll/fd_unix.go:165 +0x27a
net.(*netFD).Read(0xc01ea00480, {0xc029b82600?, 0x5?, 0x5?})
	/usr/lib/go/src/net/fd_posix.go:55 +0x25
net.(*conn).Read(0xc00ca863b0, {0xc029b82600?, 0x777558294038?, 0x7775a8b298a0?})
	/usr/lib/go/src/net/net.go:194 +0x45
crypto/tls.(*atLeastReader).Read(0xc01a2348d0, {0xc029b82600?, 0x11abda20?, 0xc0293869c8?})
	/usr/lib/go/src/crypto/tls/conn.go:809 +0x3b
bytes.(*Buffer).ReadFrom(0xc02917f0b8, {0xa94e300, 0xc01a2348d0})
	/usr/lib/go/src/bytes/buffer.go:211 +0x98
crypto/tls.(*Conn).readFromUntil(0xc02917ee08, {0xa94dc00, 0xc00ca863b0}, 0x444af4?)
	/usr/lib/go/src/crypto/tls/conn.go:831 +0xde
crypto/tls.(*Conn).readRecordOrCCS(0xc02917ee08, 0x0)
	/usr/lib/go/src/crypto/tls/conn.go:629 +0x3cf
crypto/tls.(*Conn).readRecord(...)
	/usr/lib/go/src/crypto/tls/conn.go:591
crypto/tls.(*Conn).Read(0xc02917ee08, {0xc01ea0b000, 0x1000, 0xc024567a10?})
	/usr/lib/go/src/crypto/tls/conn.go:1385 +0x145
net/http.(*persistConn).Read(0xc025834360, {0xc01ea0b000?, 0x81fe45?, 0xa94be80?})
	/usr/lib/go/src/net/http/transport.go:2122 +0x47
bufio.(*Reader).fill(0xc01c34a060)
	/usr/lib/go/src/bufio/bufio.go:113 +0x103
bufio.(*Reader).Peek(0xc01c34a060, 0x1)
	/usr/lib/go/src/bufio/bufio.go:152 +0x53
net/http.(*persistConn).readLoop(0xc025834360)
	/usr/lib/go/src/net/http/transport.go:2275 +0x172
created by net/http.(*Transport).dialConn in goroutine 50062
	/usr/lib/go/src/net/http/transport.go:1944 +0x174f

goroutine 48214 [sync.Cond.Wait]:
sync.runtime_notifyListWait(0xc01fca58d0, 0x7)
	/usr/lib/go/src/runtime/sema.go:597 +0x159
sync.(*Cond).Wait(0x0?)
	/usr/lib/go/src/sync/cond.go:71 +0x85
github.com/centrifugal/centrifuge/internal/dissolve.(*queueImpl).Wait(0xc020dbf5e0)
	/home/mariell/go/pkg/mod/github.com/centrifugal/centrifuge@v0.33.3/internal/dissolve/queue.go:139 +0x4a
github.com/centrifugal/centrifuge/internal/dissolve.(*Dissolver).runWorker(0xc0271f1da0)
	/home/mariell/go/pkg/mod/github.com/centrifugal/centrifuge@v0.33.3/internal/dissolve/dissolve.go:52 +0x27
created by github.com/centrifugal/centrifuge/internal/dissolve.(*Dissolver).Run in goroutine 47137
	/home/mariell/go/pkg/mod/github.com/centrifugal/centrifuge@v0.33.3/internal/dissolve/dissolve.go:31 +0x25

goroutine 74602 [sync.Cond.Wait]:
sync.runtime_notifyListWait(0xc022369b10, 0x12)
	/usr/lib/go/src/runtime/sema.go:597 +0x159
sync.(*Cond).Wait(0x0?)
	/usr/lib/go/src/sync/cond.go:71 +0x85
github.com/centrifugal/centrifuge/internal/dissolve.(*queueImpl).Wait(0xc0429f7180)
	/home/mariell/go/pkg/mod/github.com/centrifugal/centrifuge@v0.33.3/internal/dissolve/queue.go:139 +0x4a
github.com/centrifugal/centrifuge/internal/dissolve.(*Dissolver).runWorker(0xc02391be18)
	/home/mariell/go/pkg/mod/github.com/centrifugal/centrifuge@v0.33.3/internal/dissolve/dissolve.go:52 +0x27
created by github.com/centrifugal/centrifuge/internal/dissolve.(*Dissolver).Run in goroutine 4438
	/home/mariell/go/pkg/mod/github.com/centrifugal/centrifuge@v0.33.3/internal/dissolve/dissolve.go:31 +0x25

goroutine 54789 [select]:
database/sql.(*DB).connectionOpener(0xc02b546820, {0xa9d1d00, 0xc02fb6a910})
	/usr/lib/go/src/database/sql/sql.go:1261 +0x87
created by database/sql.OpenDB in goroutine 54803
	/usr/lib/go/src/database/sql/sql.go:841 +0x130

goroutine 47966 [select]:
github.com/centrifugal/centrifuge.(*Node).cleanNodeInfo(0xc0088c46c8)
	/home/mariell/go/pkg/mod/github.com/centrifugal/centrifuge@v0.33.3/node.go:394 +0x90
created by github.com/centrifugal/centrifuge.(*Node).Run in goroutine 47137
	/home/mariell/go/pkg/mod/github.com/centrifugal/centrifuge@v0.33.3/node.go:261 +0x265

goroutine 48221 [sync.Cond.Wait]:
sync.runtime_notifyListWait(0xc01fca58d0, 0xe)
	/usr/lib/go/src/runtime/sema.go:597 +0x159
sync.(*Cond).Wait(0x0?)
	/usr/lib/go/src/sync/cond.go:71 +0x85
github.com/centrifugal/centrifuge/internal/dissolve.(*queueImpl).Wait(0xc020dbf5e0)
	/home/mariell/go/pkg/mod/github.com/centrifugal/centrifuge@v0.33.3/internal/dissolve/queue.go:139 +0x4a
github.com/centrifugal/centrifuge/internal/dissolve.(*Dissolver).runWorker(0xc0271f1da0)
	/home/mariell/go/pkg/mod/github.com/centrifugal/centrifuge@v0.33.3/internal/dissolve/dissolve.go:52 +0x27
created by github.com/centrifugal/centrifuge/internal/dissolve.(*Dissolver).Run in goroutine 47137
	/home/mariell/go/pkg/mod/github.com/centrifugal/centrifuge@v0.33.3/internal/dissolve/dissolve.go:31 +0x25

goroutine 48046 [select]:
github.com/patrickmn/go-cache.(*janitor).Run(0xc0082b0170, 0xc0237c5a40)
	/home/mariell/go/pkg/mod/github.com/patrickmn/go-cache@v2.1.0+incompatible/cache.go:1079 +0x7b
created by github.com/patrickmn/go-cache.runJanitor in goroutine 47137
	/home/mariell/go/pkg/mod/github.com/patrickmn/go-cache@v2.1.0+incompatible/cache.go:1099 +0xdb

goroutine 51313 [sync.Cond.Wait]:
sync.runtime_notifyListWait(0xc01afe9210, 0x18)
	/usr/lib/go/src/runtime/sema.go:597 +0x159
sync.(*Cond).Wait(0xc0177967d0?)
	/usr/lib/go/src/sync/cond.go:71 +0x85
github.com/centrifugal/centrifuge/internal/dissolve.(*queueImpl).Wait(0xc020f245b0)
	/home/mariell/go/pkg/mod/github.com/centrifugal/centrifuge@v0.33.3/internal/dissolve/queue.go:139 +0x4a
github.com/centrifugal/centrifuge/internal/dissolve.(*Dissolver).runWorker(0xc02834aab0)
	/home/mariell/go/pkg/mod/github.com/centrifugal/centrifuge@v0.33.3/internal/dissolve/dissolve.go:52 +0x27
created by github.com/centrifugal/centrifuge/internal/dissolve.(*Dissolver).Run in goroutine 50170
	/home/mariell/go/pkg/mod/github.com/centrifugal/centrifuge@v0.33.3/internal/dissolve/dissolve.go:31 +0x25

goroutine 50196 [chan receive (nil chan)]:
k8s.io/apiserver/pkg/server.preparedGenericAPIServer.RunWithContext({0x10212da?}, {0xa9d1d00, 0xc022cdaaf0})
	/home/mariell/go/pkg/mod/k8s.io/apiserver@v0.32.1/pkg/server/genericapiserver.go:710 +0x9c5
github.com/grafana/grafana/pkg/services/apiserver.(*service).startCoreServer.func1()
	/home/mariell/work/oss/grafana/pkg/services/apiserver/service.go:448 +0x28
created by github.com/grafana/grafana/pkg/services/apiserver.(*service).startCoreServer in goroutine 50035
	/home/mariell/work/oss/grafana/pkg/services/apiserver/service.go:447 +0x125

goroutine 48678 [select]:
k8s.io/apimachinery/pkg/util/wait.BackoffUntil(0xc00853edc0, {0xa95ac00, 0xc01c2bf650}, 0x1, 0xc00e55bdc0)
	/home/mariell/go/pkg/mod/k8s.io/apimachinery@v0.32.1/pkg/util/wait/backoff.go:238 +0x12c
k8s.io/apimachinery/pkg/util/wait.JitterUntil(0xc00853edc0, 0x3b9aca00, 0x3ff3333333333333, 0x1, 0xc00e55bdc0)
	/home/mariell/go/pkg/mod/k8s.io/apimachinery@v0.32.1/pkg/util/wait/backoff.go:204 +0x7f
created by k8s.io/apiserver/pkg/registry/generic/registry.(*Store).startObservingCount in goroutine 48200
	/home/mariell/go/pkg/mod/k8s.io/apiserver@v0.32.1/pkg/registry/generic/registry/store.go:1666 +0x2f9

goroutine 50195 [select]:
k8s.io/apimachinery/pkg/util/wait.BackoffUntil(0xc029ff8180, {0xa95ac00, 0xc0294771a0}, 0x1, 0xc029d99ea0)
	/home/mariell/go/pkg/mod/k8s.io/apimachinery@v0.32.1/pkg/util/wait/backoff.go:238 +0x12c
k8s.io/apimachinery/pkg/util/wait.JitterUntil(0xc029ff8180, 0x3b9aca00, 0x3ff3333333333333, 0x1, 0xc029d99ea0)
	/home/mariell/go/pkg/mod/k8s.io/apimachinery@v0.32.1/pkg/util/wait/backoff.go:204 +0x7f
created by k8s.io/apiserver/pkg/registry/generic/registry.(*Store).startObservingCount in goroutine 50035
	/home/mariell/go/pkg/mod/k8s.io/apiserver@v0.32.1/pkg/registry/generic/registry/store.go:1666 +0x2f9

goroutine 48049 [select]:
github.com/patrickmn/go-cache.(*janitor).Run(0xc0082b0510, 0xc0237c5a80)
	/home/mariell/go/pkg/mod/github.com/patrickmn/go-cache@v2.1.0+incompatible/cache.go:1079 +0x7b
created by github.com/patrickmn/go-cache.runJanitor in goroutine 47137
	/home/mariell/go/pkg/mod/github.com/patrickmn/go-cache@v2.1.0+incompatible/cache.go:1099 +0xdb

goroutine 48038 [select]:
github.com/patrickmn/go-cache.(*janitor).Run(0xc010297140, 0xc0237c46c0)
	/home/mariell/go/pkg/mod/github.com/patrickmn/go-cache@v2.1.0+incompatible/cache.go:1079 +0x7b
created by github.com/patrickmn/go-cache.runJanitor in goroutine 47137
	/home/mariell/go/pkg/mod/github.com/patrickmn/go-cache@v2.1.0+incompatible/cache.go:1099 +0xdb

goroutine 48226 [sync.Cond.Wait]:
sync.runtime_notifyListWait(0xc01fca58d0, 0x13)
	/usr/lib/go/src/runtime/sema.go:597 +0x159
sync.(*Cond).Wait(0x0?)
	/usr/lib/go/src/sync/cond.go:71 +0x85
github.com/centrifugal/centrifuge/internal/dissolve.(*queueImpl).Wait(0xc020dbf5e0)
	/home/mariell/go/pkg/mod/github.com/centrifugal/centrifuge@v0.33.3/internal/dissolve/queue.go:139 +0x4a
github.com/centrifugal/centrifuge/internal/dissolve.(*Dissolver).runWorker(0xc0271f1da0)
	/home/mariell/go/pkg/mod/github.com/centrifugal/centrifuge@v0.33.3/internal/dissolve/dissolve.go:52 +0x27
created by github.com/centrifugal/centrifuge/internal/dissolve.(*Dissolver).Run in goroutine 47137
	/home/mariell/go/pkg/mod/github.com/centrifugal/centrifuge@v0.33.3/internal/dissolve/dissolve.go:31 +0x25

goroutine 50194 [select]:
k8s.io/apimachinery/pkg/util/wait.BackoffUntil(0xc029ff8040, {0xa95ac00, 0xc029477170}, 0x1, 0xc029d99e30)
	/home/mariell/go/pkg/mod/k8s.io/apimachinery@v0.32.1/pkg/util/wait/backoff.go:238 +0x12c
k8s.io/apimachinery/pkg/util/wait.JitterUntil(0xc029ff8040, 0x3b9aca00, 0x3ff3333333333333, 0x1, 0xc029d99e30)
	/home/mariell/go/pkg/mod/k8s.io/apimachinery@v0.32.1/pkg/util/wait/backoff.go:204 +0x7f
created by k8s.io/apiserver/pkg/registry/generic/registry.(*Store).startObservingCount in goroutine 50035
	/home/mariell/go/pkg/mod/k8s.io/apiserver@v0.32.1/pkg/registry/generic/registry/store.go:1666 +0x2f9

goroutine 50049 [select]:
k8s.io/apimachinery/pkg/util/wait.BackoffUntil(0xc029fb9e40, {0xa95ac00, 0xc029477140}, 0x1, 0xc029d99dc0)
	/home/mariell/go/pkg/mod/k8s.io/apimachinery@v0.32.1/pkg/util/wait/backoff.go:238 +0x12c
k8s.io/apimachinery/pkg/util/wait.JitterUntil(0xc029fb9e40, 0x3b9aca00, 0x3ff3333333333333, 0x1, 0xc029d99dc0)
	/home/mariell/go/pkg/mod/k8s.io/apimachinery@v0.32.1/pkg/util/wait/backoff.go:204 +0x7f
created by k8s.io/apiserver/pkg/registry/generic/registry.(*Store).startObservingCount in goroutine 50035
	/home/mariell/go/pkg/mod/k8s.io/apiserver@v0.32.1/pkg/registry/generic/registry/store.go:1666 +0x2f9

goroutine 50048 [select]:
k8s.io/apimachinery/pkg/util/wait.BackoffUntil(0xc029cbf200, {0xa95ac00, 0xc029477110}, 0x1, 0xc029bcb3b0)
	/home/mariell/go/pkg/mod/k8s.io/apimachinery@v0.32.1/pkg/util/wait/backoff.go:238 +0x12c
k8s.io/apimachinery/pkg/util/wait.JitterUntil(0xc029cbf200, 0x3b9aca00, 0x3ff3333333333333, 0x1, 0xc029bcb3b0)
	/home/mariell/go/pkg/mod/k8s.io/apimachinery@v0.32.1/pkg/util/wait/backoff.go:204 +0x7f
created by k8s.io/apiserver/pkg/registry/generic/registry.(*Store).startObservingCount in goroutine 50035
	/home/mariell/go/pkg/mod/k8s.io/apiserver@v0.32.1/pkg/registry/generic/registry/store.go:1666 +0x2f9

goroutine 49773 [sync.Cond.Wait]:
sync.runtime_notifyListWait(0xc028e24c90, 0xb)
	/usr/lib/go/src/runtime/sema.go:597 +0x159
sync.(*Cond).Wait(0x0?)
	/usr/lib/go/src/sync/cond.go:71 +0x85
github.com/centrifugal/centrifuge/internal/dissolve.(*queueImpl).Wait(0xc028e3d810)
	/home/mariell/go/pkg/mod/github.com/centrifugal/centrifuge@v0.33.3/internal/dissolve/queue.go:139 +0x4a
github.com/centrifugal/centrifuge/internal/dissolve.(*Dissolver).runWorker(0xc028d11578)
	/home/mariell/go/pkg/mod/github.com/centrifugal/centrifuge@v0.33.3/internal/dissolve/dissolve.go:52 +0x27
created by github.com/centrifugal/centrifuge/internal/dissolve.(*Dissolver).Run in goroutine 48632
	/home/mariell/go/pkg/mod/github.com/centrifugal/centrifuge@v0.33.3/internal/dissolve/dissolve.go:31 +0x25

goroutine 50047 [select]:
k8s.io/apimachinery/pkg/util/wait.BackoffUntil(0xc029cbf100, {0xa95ac00, 0xc0297e2750}, 0x1, 0xc029bcb340)
	/home/mariell/go/pkg/mod/k8s.io/apimachinery@v0.32.1/pkg/util/wait/backoff.go:238 +0x12c
k8s.io/apimachinery/pkg/util/wait.JitterUntil(0xc029cbf100, 0x3b9aca00, 0x3ff3333333333333, 0x1, 0xc029bcb340)
	/home/mariell/go/pkg/mod/k8s.io/apimachinery@v0.32.1/pkg/util/wait/backoff.go:204 +0x7f
created by k8s.io/apiserver/pkg/registry/generic/registry.(*Store).startObservingCount in goroutine 50035
	/home/mariell/go/pkg/mod/k8s.io/apiserver@v0.32.1/pkg/registry/generic/registry/store.go:1666 +0x2f9

goroutine 49763 [sync.Cond.Wait]:
sync.runtime_notifyListWait(0xc028e24c90, 0x1)
	/usr/lib/go/src/runtime/sema.go:597 +0x159
sync.(*Cond).Wait(0x0?)
	/usr/lib/go/src/sync/cond.go:71 +0x85
github.com/centrifugal/centrifuge/internal/dissolve.(*queueImpl).Wait(0xc028e3d810)
	/home/mariell/go/pkg/mod/github.com/centrifugal/centrifuge@v0.33.3/internal/dissolve/queue.go:139 +0x4a
github.com/centrifugal/centrifuge/internal/dissolve.(*Dissolver).runWorker(0xc028d11578)
	/home/mariell/go/pkg/mod/github.com/centrifugal/centrifuge@v0.33.3/internal/dissolve/dissolve.go:52 +0x27
created by github.com/centrifugal/centrifuge/internal/dissolve.(*Dissolver).Run in goroutine 48632
	/home/mariell/go/pkg/mod/github.com/centrifugal/centrifuge@v0.33.3/internal/dissolve/dissolve.go:31 +0x25

goroutine 50046 [select]:
k8s.io/apimachinery/pkg/util/wait.BackoffUntil(0xc029cbf000, {0xa95ac00, 0xc0294770b0}, 0x1, 0xc029bcb2d0)
	/home/mariell/go/pkg/mod/k8s.io/apimachinery@v0.32.1/pkg/util/wait/backoff.go:238 +0x12c
k8s.io/apimachinery/pkg/util/wait.JitterUntil(0xc029cbf000, 0x3b9aca00, 0x3ff3333333333333, 0x1, 0xc029bcb2d0)
	/home/mariell/go/pkg/mod/k8s.io/apimachinery@v0.32.1/pkg/util/wait/backoff.go:204 +0x7f
created by k8s.io/apiserver/pkg/registry/generic/registry.(*Store).startObservingCount in goroutine 50035
	/home/mariell/go/pkg/mod/k8s.io/apiserver@v0.32.1/pkg/registry/generic/registry/store.go:1666 +0x2f9

goroutine 49770 [sync.Cond.Wait]:
sync.runtime_notifyListWait(0xc028e24c90, 0x8)
	/usr/lib/go/src/runtime/sema.go:597 +0x159
sync.(*Cond).Wait(0x0?)
	/usr/lib/go/src/sync/cond.go:71 +0x85
github.com/centrifugal/centrifuge/internal/dissolve.(*queueImpl).Wait(0xc028e3d810)
	/home/mariell/go/pkg/mod/github.com/centrifugal/centrifuge@v0.33.3/internal/dissolve/queue.go:139 +0x4a
github.com/centrifugal/centrifuge/internal/dissolve.(*Dissolver).runWorker(0xc028d11578)
	/home/mariell/go/pkg/mod/github.com/centrifugal/centrifuge@v0.33.3/internal/dissolve/dissolve.go:52 +0x27
created by github.com/centrifugal/centrifuge/internal/dissolve.(*Dissolver).Run in goroutine 48632
	/home/mariell/go/pkg/mod/github.com/centrifugal/centrifuge@v0.33.3/internal/dissolve/dissolve.go:31 +0x25

goroutine 49768 [sync.Cond.Wait]:
sync.runtime_notifyListWait(0xc028e24c90, 0x6)
	/usr/lib/go/src/runtime/sema.go:597 +0x159
sync.(*Cond).Wait(0x0?)
	/usr/lib/go/src/sync/cond.go:71 +0x85
github.com/centrifugal/centrifuge/internal/dissolve.(*queueImpl).Wait(0xc028e3d810)
	/home/mariell/go/pkg/mod/github.com/centrifugal/centrifuge@v0.33.3/internal/dissolve/queue.go:139 +0x4a
github.com/centrifugal/centrifuge/internal/dissolve.(*Dissolver).runWorker(0xc028d11578)
	/home/mariell/go/pkg/mod/github.com/centrifugal/centrifuge@v0.33.3/internal/dissolve/dissolve.go:52 +0x27
created by github.com/centrifugal/centrifuge/internal/dissolve.(*Dissolver).Run in goroutine 48632
	/home/mariell/go/pkg/mod/github.com/centrifugal/centrifuge@v0.33.3/internal/dissolve/dissolve.go:31 +0x25

goroutine 50045 [select]:
k8s.io/apimachinery/pkg/util/wait.BackoffUntil(0xc029cbef00, {0xa95ac00, 0xc0294770e0}, 0x1, 0xc029bcb260)
	/home/mariell/go/pkg/mod/k8s.io/apimachinery@v0.32.1/pkg/util/wait/backoff.go:238 +0x12c
k8s.io/apimachinery/pkg/util/wait.JitterUntil(0xc029cbef00, 0x3b9aca00, 0x3ff3333333333333, 0x1, 0xc029bcb260)
	/home/mariell/go/pkg/mod/k8s.io/apimachinery@v0.32.1/pkg/util/wait/backoff.go:204 +0x7f
created by k8s.io/apiserver/pkg/registry/generic/registry.(*Store).startObservingCount in goroutine 50035
	/home/mariell/go/pkg/mod/k8s.io/apiserver@v0.32.1/pkg/registry/generic/registry/store.go:1666 +0x2f9

goroutine 50044 [select]:
github.com/grafana/grafana/pkg/storage/unified/resource.(*broadcaster[...]).stream(0xab113a0, 0xc029ce45b0)
	/home/mariell/work/oss/grafana/pkg/storage/unified/resource/broadcaster.go:205 +0x13d
created by github.com/grafana/grafana/pkg/storage/unified/resource.(*broadcaster[...]).init in goroutine 50035
	/home/mariell/work/oss/grafana/pkg/storage/unified/resource/broadcaster.go:177 +0x219

goroutine 50043 [select]:
github.com/grafana/grafana/pkg/storage/unified/resource.(*cache[...]).run(0xc002476300)
	/home/mariell/work/oss/grafana/pkg/storage/unified/resource/broadcaster.go:291 +0xb0
created by github.com/grafana/grafana/pkg/storage/unified/resource.newChannelCache[...] in goroutine 50035
	/home/mariell/work/oss/grafana/pkg/storage/unified/resource/broadcaster.go:276 +0x189

goroutine 48680 [select]:
k8s.io/apimachinery/pkg/util/wait.BackoffUntil(0xc001d208c0, {0xa95ac00, 0xc01c292c60}, 0x1, 0xc00e5d1880)
	/home/mariell/go/pkg/mod/k8s.io/apimachinery@v0.32.1/pkg/util/wait/backoff.go:238 +0x12c
k8s.io/apimachinery/pkg/util/wait.JitterUntil(0xc001d208c0, 0x3b9aca00, 0x3ff3333333333333, 0x1, 0xc00e5d1880)
	/home/mariell/go/pkg/mod/k8s.io/apimachinery@v0.32.1/pkg/util/wait/backoff.go:204 +0x7f
created by k8s.io/apiserver/pkg/registry/generic/registry.(*Store).startObservingCount in goroutine 48200
	/home/mariell/go/pkg/mod/k8s.io/apiserver@v0.32.1/pkg/registry/generic/registry/store.go:1666 +0x2f9

goroutine 50042 [chan receive]:
github.com/grafana/grafana/pkg/storage/unified/resource.(*server).initWatcher.func1.1()
	/home/mariell/work/oss/grafana/pkg/storage/unified/resource/server.go:922 +0x58
created by github.com/grafana/grafana/pkg/storage/unified/resource.(*server).initWatcher.func1 in goroutine 50035
	/home/mariell/work/oss/grafana/pkg/storage/unified/resource/server.go:921 +0xaa

goroutine 49767 [sync.Cond.Wait]:
sync.runtime_notifyListWait(0xc028e24c90, 0x5)
	/usr/lib/go/src/runtime/sema.go:597 +0x159
sync.(*Cond).Wait(0x0?)
	/usr/lib/go/src/sync/cond.go:71 +0x85
github.com/centrifugal/centrifuge/internal/dissolve.(*queueImpl).Wait(0xc028e3d810)
	/home/mariell/go/pkg/mod/github.com/centrifugal/centrifuge@v0.33.3/internal/dissolve/queue.go:139 +0x4a
github.com/centrifugal/centrifuge/internal/dissolve.(*Dissolver).runWorker(0xc028d11578)
	/home/mariell/go/pkg/mod/github.com/centrifugal/centrifuge@v0.33.3/internal/dissolve/dissolve.go:52 +0x27
created by github.com/centrifugal/centrifuge/internal/dissolve.(*Dissolver).Run in goroutine 48632
	/home/mariell/go/pkg/mod/github.com/centrifugal/centrifuge@v0.33.3/internal/dissolve/dissolve.go:31 +0x25

goroutine 50041 [chan receive]:
github.com/grafana/grafana/pkg/registry/apis/dashboard/legacy.(*dashboardSqlAccess).WatchWriteEvents.func1()
	/home/mariell/work/oss/grafana/pkg/registry/apis/dashboard/legacy/storage.go:238 +0x50
created by github.com/grafana/grafana/pkg/registry/apis/dashboard/legacy.(*dashboardSqlAccess).WatchWriteEvents in goroutine 50035
	/home/mariell/work/oss/grafana/pkg/registry/apis/dashboard/legacy/storage.go:236 +0x1b6

goroutine 48679 [select]:
k8s.io/apimachinery/pkg/util/wait.BackoffUntil(0xc00f402980, {0xa95ac00, 0xc01c292c30}, 0x1, 0xc00e5d1810)
	/home/mariell/go/pkg/mod/k8s.io/apimachinery@v0.32.1/pkg/util/wait/backoff.go:238 +0x12c
k8s.io/apimachinery/pkg/util/wait.JitterUntil(0xc00f402980, 0x3b9aca00, 0x3ff3333333333333, 0x1, 0xc00e5d1810)
	/home/mariell/go/pkg/mod/k8s.io/apimachinery@v0.32.1/pkg/util/wait/backoff.go:204 +0x7f
created by k8s.io/apiserver/pkg/registry/generic/registry.(*Store).startObservingCount in goroutine 48200
	/home/mariell/go/pkg/mod/k8s.io/apiserver@v0.32.1/pkg/registry/generic/registry/store.go:1666 +0x2f9

goroutine 48246 [sync.Cond.Wait]:
sync.runtime_notifyListWait(0xc01fca58d0, 0x2c)
	/usr/lib/go/src/runtime/sema.go:597 +0x159
sync.(*Cond).Wait(0x0?)
	/usr/lib/go/src/sync/cond.go:71 +0x85
github.com/centrifugal/centrifuge/internal/dissolve.(*queueImpl).Wait(0xc020dbf5e0)
	/home/mariell/go/pkg/mod/github.com/centrifugal/centrifuge@v0.33.3/internal/dissolve/queue.go:139 +0x4a
github.com/centrifugal/centrifuge/internal/dissolve.(*Dissolver).runWorker(0xc0271f1da0)
	/home/mariell/go/pkg/mod/github.com/centrifugal/centrifuge@v0.33.3/internal/dissolve/dissolve.go:52 +0x27
created by github.com/centrifugal/centrifuge/internal/dissolve.(*Dissolver).Run in goroutine 47137
	/home/mariell/go/pkg/mod/github.com/centrifugal/centrifuge@v0.33.3/internal/dissolve/dissolve.go:31 +0x25

goroutine 48219 [sync.Cond.Wait]:
sync.runtime_notifyListWait(0xc01fca58d0, 0xc)
	/usr/lib/go/src/runtime/sema.go:597 +0x159
sync.(*Cond).Wait(0x0?)
	/usr/lib/go/src/sync/cond.go:71 +0x85
github.com/centrifugal/centrifuge/internal/dissolve.(*queueImpl).Wait(0xc020dbf5e0)
	/home/mariell/go/pkg/mod/github.com/centrifugal/centrifuge@v0.33.3/internal/dissolve/queue.go:139 +0x4a
github.com/centrifugal/centrifuge/internal/dissolve.(*Dissolver).runWorker(0xc0271f1da0)
	/home/mariell/go/pkg/mod/github.com/centrifugal/centrifuge@v0.33.3/internal/dissolve/dissolve.go:52 +0x27
created by github.com/centrifugal/centrifuge/internal/dissolve.(*Dissolver).Run in goroutine 47137
	/home/mariell/go/pkg/mod/github.com/centrifugal/centrifuge@v0.33.3/internal/dissolve/dissolve.go:31 +0x25

goroutine 50040 [select]:
k8s.io/apimachinery/pkg/util/wait.BackoffUntil(0xc029c2fc00, {0xa95ac00, 0xc0297e2720}, 0x1, 0xc029bca7e0)
	/home/mariell/go/pkg/mod/k8s.io/apimachinery@v0.32.1/pkg/util/wait/backoff.go:238 +0x12c
k8s.io/apimachinery/pkg/util/wait.JitterUntil(0xc029c2fc00, 0x3b9aca00, 0x3ff3333333333333, 0x1, 0xc029bca7e0)
	/home/mariell/go/pkg/mod/k8s.io/apimachinery@v0.32.1/pkg/util/wait/backoff.go:204 +0x7f
created by k8s.io/apiserver/pkg/registry/generic/registry.(*Store).startObservingCount in goroutine 50035
	/home/mariell/go/pkg/mod/k8s.io/apiserver@v0.32.1/pkg/registry/generic/registry/store.go:1666 +0x2f9

goroutine 50039 [select]:
k8s.io/apimachinery/pkg/util/wait.BackoffUntil(0xc029c2e740, {0xa95ac00, 0xc029477080}, 0x1, 0xc029bca770)
	/home/mariell/go/pkg/mod/k8s.io/apimachinery@v0.32.1/pkg/util/wait/backoff.go:238 +0x12c
k8s.io/apimachinery/pkg/util/wait.JitterUntil(0xc029c2e740, 0x3b9aca00, 0x3ff3333333333333, 0x1, 0xc029bca770)
	/home/mariell/go/pkg/mod/k8s.io/apimachinery@v0.32.1/pkg/util/wait/backoff.go:204 +0x7f
created by k8s.io/apiserver/pkg/registry/generic/registry.(*Store).startObservingCount in goroutine 50035
	/home/mariell/go/pkg/mod/k8s.io/apiserver@v0.32.1/pkg/registry/generic/registry/store.go:1666 +0x2f9

goroutine 51124 [select]:
github.com/patrickmn/go-cache.(*janitor).Run(0xc014528670, 0xc00b50a580)
	/home/mariell/go/pkg/mod/github.com/patrickmn/go-cache@v2.1.0+incompatible/cache.go:1079 +0x7b
created by github.com/patrickmn/go-cache.runJanitor in goroutine 50170
	/home/mariell/go/pkg/mod/github.com/patrickmn/go-cache@v2.1.0+incompatible/cache.go:1099 +0xdb

goroutine 48247 [sync.Cond.Wait]:
sync.runtime_notifyListWait(0xc01fca58d0, 0x2e)
	/usr/lib/go/src/runtime/sema.go:597 +0x159
sync.(*Cond).Wait(0xc0209857d0?)
	/usr/lib/go/src/sync/cond.go:71 +0x85
github.com/centrifugal/centrifuge/internal/dissolve.(*queueImpl).Wait(0xc020dbf5e0)
	/home/mariell/go/pkg/mod/github.com/centrifugal/centrifuge@v0.33.3/internal/dissolve/queue.go:139 +0x4a
github.com/centrifugal/centrifuge/internal/dissolve.(*Dissolver).runWorker(0xc0271f1da0)
	/home/mariell/go/pkg/mod/github.com/centrifugal/centrifuge@v0.33.3/internal/dissolve/dissolve.go:52 +0x27
created by github.com/centrifugal/centrifuge/internal/dissolve.(*Dissolver).Run in goroutine 47137
	/home/mariell/go/pkg/mod/github.com/centrifugal/centrifuge@v0.33.3/internal/dissolve/dissolve.go:31 +0x25

goroutine 74609 [sync.Cond.Wait]:
sync.runtime_notifyListWait(0xc022369b10, 0x19)
	/usr/lib/go/src/runtime/sema.go:597 +0x159
sync.(*Cond).Wait(0x0?)
	/usr/lib/go/src/sync/cond.go:71 +0x85
github.com/centrifugal/centrifuge/internal/dissolve.(*queueImpl).Wait(0xc0429f7180)
	/home/mariell/go/pkg/mod/github.com/centrifugal/centrifuge@v0.33.3/internal/dissolve/queue.go:139 +0x4a
github.com/centrifugal/centrifuge/internal/dissolve.(*Dissolver).runWorker(0xc02391be18)
	/home/mariell/go/pkg/mod/github.com/centrifugal/centrifuge@v0.33.3/internal/dissolve/dissolve.go:52 +0x27
created by github.com/centrifugal/centrifuge/internal/dissolve.(*Dissolver).Run in goroutine 4438
	/home/mariell/go/pkg/mod/github.com/centrifugal/centrifuge@v0.33.3/internal/dissolve/dissolve.go:31 +0x25

goroutine 49769 [sync.Cond.Wait]:
sync.runtime_notifyListWait(0xc028e24c90, 0x7)
	/usr/lib/go/src/runtime/sema.go:597 +0x159
sync.(*Cond).Wait(0x0?)
	/usr/lib/go/src/sync/cond.go:71 +0x85
github.com/centrifugal/centrifuge/internal/dissolve.(*queueImpl).Wait(0xc028e3d810)
	/home/mariell/go/pkg/mod/github.com/centrifugal/centrifuge@v0.33.3/internal/dissolve/queue.go:139 +0x4a
github.com/centrifugal/centrifuge/internal/dissolve.(*Dissolver).runWorker(0xc028d11578)
	/home/mariell/go/pkg/mod/github.com/centrifugal/centrifuge@v0.33.3/internal/dissolve/dissolve.go:52 +0x27
created by github.com/centrifugal/centrifuge/internal/dissolve.(*Dissolver).Run in goroutine 48632
	/home/mariell/go/pkg/mod/github.com/centrifugal/centrifuge@v0.33.3/internal/dissolve/dissolve.go:31 +0x25

goroutine 48260 [sync.Cond.Wait]:
sync.runtime_notifyListWait(0xc01fca58d0, 0x36)
	/usr/lib/go/src/runtime/sema.go:597 +0x159
sync.(*Cond).Wait(0xc01e924fd0?)
	/usr/lib/go/src/sync/cond.go:71 +0x85
github.com/centrifugal/centrifuge/internal/dissolve.(*queueImpl).Wait(0xc020dbf5e0)
	/home/mariell/go/pkg/mod/github.com/centrifugal/centrifuge@v0.33.3/internal/dissolve/queue.go:139 +0x4a
github.com/centrifugal/centrifuge/internal/dissolve.(*Dissolver).runWorker(0xc0271f1da0)
	/home/mariell/go/pkg/mod/github.com/centrifugal/centrifuge@v0.33.3/internal/dissolve/dissolve.go:52 +0x27
created by github.com/centrifugal/centrifuge/internal/dissolve.(*Dissolver).Run in goroutine 47137
	/home/mariell/go/pkg/mod/github.com/centrifugal/centrifuge@v0.33.3/internal/dissolve/dissolve.go:31 +0x25

goroutine 59303 [select]:
net/http.(*persistConn).writeLoop(0xc0256e4240)
	/usr/lib/go/src/net/http/transport.go:2590 +0xe7
created by net/http.(*Transport).dialConn in goroutine 56175
	/usr/lib/go/src/net/http/transport.go:1945 +0x17a5

goroutine 49796 [sync.Cond.Wait]:
sync.runtime_notifyListWait(0xc028e24c90, 0x27)
	/usr/lib/go/src/runtime/sema.go:597 +0x159
sync.(*Cond).Wait(0xc0166d97d0?)
	/usr/lib/go/src/sync/cond.go:71 +0x85
github.com/centrifugal/centrifuge/internal/dissolve.(*queueImpl).Wait(0xc028e3d810)
	/home/mariell/go/pkg/mod/github.com/centrifugal/centrifuge@v0.33.3/internal/dissolve/queue.go:139 +0x4a
github.com/centrifugal/centrifuge/internal/dissolve.(*Dissolver).runWorker(0xc028d11578)
	/home/mariell/go/pkg/mod/github.com/centrifugal/centrifuge@v0.33.3/internal/dissolve/dissolve.go:52 +0x27
created by github.com/centrifugal/centrifuge/internal/dissolve.(*Dissolver).Run in goroutine 48632
	/home/mariell/go/pkg/mod/github.com/centrifugal/centrifuge@v0.33.3/internal/dissolve/dissolve.go:31 +0x25

goroutine 55760 [sync.Cond.Wait]:
sync.runtime_notifyListWait(0xc022793e10, 0x3)
	/usr/lib/go/src/runtime/sema.go:597 +0x159
sync.(*Cond).Wait(0x100000000000000?)
	/usr/lib/go/src/sync/cond.go:71 +0x85
github.com/centrifugal/centrifuge/internal/dissolve.(*queueImpl).Wait(0xc01100c540)
	/home/mariell/go/pkg/mod/github.com/centrifugal/centrifuge@v0.33.3/internal/dissolve/queue.go:139 +0x4a
github.com/centrifugal/centrifuge/internal/dissolve.(*Dissolver).runWorker(0xc02431b8f0)
	/home/mariell/go/pkg/mod/github.com/centrifugal/centrifuge@v0.33.3/internal/dissolve/dissolve.go:52 +0x27
created by github.com/centrifugal/centrifuge/internal/dissolve.(*Dissolver).Run in goroutine 54803
	/home/mariell/go/pkg/mod/github.com/centrifugal/centrifuge@v0.33.3/internal/dissolve/dissolve.go:31 +0x25

goroutine 49743 [select]:
github.com/centrifugal/centrifuge.(*historyHub).removeStreams(0xc028e21480)
	/home/mariell/go/pkg/mod/github.com/centrifugal/centrifuge@v0.33.3/broker_memory.go:259 +0x6f
created by github.com/centrifugal/centrifuge.(*historyHub).runCleanups in goroutine 48632
	/home/mariell/go/pkg/mod/github.com/centrifugal/centrifuge@v0.33.3/broker_memory.go:253 +0x96

goroutine 48244 [sync.Cond.Wait]:
sync.runtime_notifyListWait(0xc01fca58d0, 0x25)
	/usr/lib/go/src/runtime/sema.go:597 +0x159
sync.(*Cond).Wait(0xc0166d3fd0?)
	/usr/lib/go/src/sync/cond.go:71 +0x85
github.com/centrifugal/centrifuge/internal/dissolve.(*queueImpl).Wait(0xc020dbf5e0)
	/home/mariell/go/pkg/mod/github.com/centrifugal/centrifuge@v0.33.3/internal/dissolve/queue.go:139 +0x4a
github.com/centrifugal/centrifuge/internal/dissolve.(*Dissolver).runWorker(0xc0271f1da0)
	/home/mariell/go/pkg/mod/github.com/centrifugal/centrifuge@v0.33.3/internal/dissolve/dissolve.go:52 +0x27
created by github.com/centrifugal/centrifuge/internal/dissolve.(*Dissolver).Run in goroutine 47137
	/home/mariell/go/pkg/mod/github.com/centrifugal/centrifuge@v0.33.3/internal/dissolve/dissolve.go:31 +0x25

goroutine 49762 [select]:
github.com/centrifugal/centrifuge.(*Node).updateMetrics(0xc022232248)
	/home/mariell/go/pkg/mod/github.com/centrifugal/centrifuge@v0.33.3/node.go:335 +0x85
created by github.com/centrifugal/centrifuge.(*Node).Run in goroutine 48632
	/home/mariell/go/pkg/mod/github.com/centrifugal/centrifuge@v0.33.3/node.go:262 +0x2a5

goroutine 49742 [select]:
github.com/centrifugal/centrifuge.(*historyHub).expireStreams(0xc028e21480)
	/home/mariell/go/pkg/mod/github.com/centrifugal/centrifuge@v0.33.3/broker_memory.go:298 +0x75
created by github.com/centrifugal/centrifuge.(*historyHub).runCleanups in goroutine 48632
	/home/mariell/go/pkg/mod/github.com/centrifugal/centrifuge@v0.33.3/broker_memory.go:252 +0x56

goroutine 48227 [sync.Cond.Wait]:
sync.runtime_notifyListWait(0xc01fca58d0, 0x14)
	/usr/lib/go/src/runtime/sema.go:597 +0x159
sync.(*Cond).Wait(0x0?)
	/usr/lib/go/src/sync/cond.go:71 +0x85
github.com/centrifugal/centrifuge/internal/dissolve.(*queueImpl).Wait(0xc020dbf5e0)
	/home/mariell/go/pkg/mod/github.com/centrifugal/centrifuge@v0.33.3/internal/dissolve/queue.go:139 +0x4a
github.com/centrifugal/centrifuge/internal/dissolve.(*Dissolver).runWorker(0xc0271f1da0)
	/home/mariell/go/pkg/mod/github.com/centrifugal/centrifuge@v0.33.3/internal/dissolve/dissolve.go:52 +0x27
created by github.com/centrifugal/centrifuge/internal/dissolve.(*Dissolver).Run in goroutine 47137
	/home/mariell/go/pkg/mod/github.com/centrifugal/centrifuge@v0.33.3/internal/dissolve/dissolve.go:31 +0x25

goroutine 51725 [select]:
k8s.io/apimachinery/pkg/util/wait.BackoffUntil(0xc01ca1a5c0, {0xa95ac00, 0xc01b26ec30}, 0x1, 0xc02814dab0)
	/home/mariell/go/pkg/mod/k8s.io/apimachinery@v0.32.1/pkg/util/wait/backoff.go:238 +0x12c
k8s.io/apimachinery/pkg/util/wait.JitterUntil(0xc01ca1a5c0, 0x3b9aca00, 0x3ff3333333333333, 0x1, 0xc02814dab0)
	/home/mariell/go/pkg/mod/k8s.io/apimachinery@v0.32.1/pkg/util/wait/backoff.go:204 +0x7f
created by k8s.io/apiserver/pkg/registry/generic/registry.(*Store).startObservingCount in goroutine 51536
	/home/mariell/go/pkg/mod/k8s.io/apiserver@v0.32.1/pkg/registry/generic/registry/store.go:1666 +0x2f9

goroutine 55754 [select]:
github.com/centrifugal/centrifuge.(*Node).initMetrics.func1()
	/home/mariell/go/pkg/mod/github.com/centrifugal/centrifuge@v0.33.3/node.go:365 +0x8a
created by github.com/centrifugal/centrifuge.(*Node).initMetrics in goroutine 54803
	/home/mariell/go/pkg/mod/github.com/centrifugal/centrifuge@v0.33.3/node.go:363 +0x1f9

goroutine 48253 [sync.Cond.Wait]:
sync.runtime_notifyListWait(0xc01fca58d0, 0x29)
	/usr/lib/go/src/runtime/sema.go:597 +0x159
sync.(*Cond).Wait(0x0?)
	/usr/lib/go/src/sync/cond.go:71 +0x85
github.com/centrifugal/centrifuge/internal/dissolve.(*queueImpl).Wait(0xc020dbf5e0)
	/home/mariell/go/pkg/mod/github.com/centrifugal/centrifuge@v0.33.3/internal/dissolve/queue.go:139 +0x4a
github.com/centrifugal/centrifuge/internal/dissolve.(*Dissolver).runWorker(0xc0271f1da0)
	/home/mariell/go/pkg/mod/github.com/centrifugal/centrifuge@v0.33.3/internal/dissolve/dissolve.go:52 +0x27
created by github.com/centrifugal/centrifuge/internal/dissolve.(*Dissolver).Run in goroutine 47137
	/home/mariell/go/pkg/mod/github.com/centrifugal/centrifuge@v0.33.3/internal/dissolve/dissolve.go:31 +0x25

goroutine 48259 [sync.Cond.Wait]:
sync.runtime_notifyListWait(0xc01fca58d0, 0x32)
	/usr/lib/go/src/runtime/sema.go:597 +0x159
sync.(*Cond).Wait(0xc02070d7d0?)
	/usr/lib/go/src/sync/cond.go:71 +0x85
github.com/centrifugal/centrifuge/internal/dissolve.(*queueImpl).Wait(0xc020dbf5e0)
	/home/mariell/go/pkg/mod/github.com/centrifugal/centrifuge@v0.33.3/internal/dissolve/queue.go:139 +0x4a
github.com/centrifugal/centrifuge/internal/dissolve.(*Dissolver).runWorker(0xc0271f1da0)
	/home/mariell/go/pkg/mod/github.com/centrifugal/centrifuge@v0.33.3/internal/dissolve/dissolve.go:52 +0x27
created by github.com/centrifugal/centrifuge/internal/dissolve.(*Dissolver).Run in goroutine 47137
	/home/mariell/go/pkg/mod/github.com/centrifugal/centrifuge@v0.33.3/internal/dissolve/dissolve.go:31 +0x25

goroutine 58926 [sync.Cond.Wait]:
sync.runtime_notifyListWait(0xc01f861010, 0x3d)
	/usr/lib/go/src/runtime/sema.go:597 +0x159
sync.(*Cond).Wait(0xc015818fd0?)
	/usr/lib/go/src/sync/cond.go:71 +0x85
github.com/centrifugal/centrifuge/internal/dissolve.(*queueImpl).Wait(0xc01921b6c0)
	/home/mariell/go/pkg/mod/github.com/centrifugal/centrifuge@v0.33.3/internal/dissolve/queue.go:139 +0x4a
github.com/centrifugal/centrifuge/internal/dissolve.(*Dissolver).runWorker(0xc0243b2a20)
	/home/mariell/go/pkg/mod/github.com/centrifugal/centrifuge@v0.33.3/internal/dissolve/dissolve.go:52 +0x27
created by github.com/centrifugal/centrifuge/internal/dissolve.(*Dissolver).Run in goroutine 57831
	/home/mariell/go/pkg/mod/github.com/centrifugal/centrifuge@v0.33.3/internal/dissolve/dissolve.go:31 +0x25

goroutine 48254 [sync.Cond.Wait]:
sync.runtime_notifyListWait(0xc01fca58d0, 0x2b)
	/usr/lib/go/src/runtime/sema.go:597 +0x159
sync.(*Cond).Wait(0xc02070e7d0?)
	/usr/lib/go/src/sync/cond.go:71 +0x85
github.com/centrifugal/centrifuge/internal/dissolve.(*queueImpl).Wait(0xc020dbf5e0)
	/home/mariell/go/pkg/mod/github.com/centrifugal/centrifuge@v0.33.3/internal/dissolve/queue.go:139 +0x4a
github.com/centrifugal/centrifuge/internal/dissolve.(*Dissolver).runWorker(0xc0271f1da0)
	/home/mariell/go/pkg/mod/github.com/centrifugal/centrifuge@v0.33.3/internal/dissolve/dissolve.go:52 +0x27
created by github.com/centrifugal/centrifuge/internal/dissolve.(*Dissolver).Run in goroutine 47137
	/home/mariell/go/pkg/mod/github.com/centrifugal/centrifuge@v0.33.3/internal/dissolve/dissolve.go:31 +0x25

goroutine 48677 [select]:
k8s.io/apimachinery/pkg/util/wait.BackoffUntil(0xc00853ea80, {0xa95ac00, 0xc01c292c00}, 0x1, 0xc00e55bd50)
	/home/mariell/go/pkg/mod/k8s.io/apimachinery@v0.32.1/pkg/util/wait/backoff.go:238 +0x12c
k8s.io/apimachinery/pkg/util/wait.JitterUntil(0xc00853ea80, 0x3b9aca00, 0x3ff3333333333333, 0x1, 0xc00e55bd50)
	/home/mariell/go/pkg/mod/k8s.io/apimachinery@v0.32.1/pkg/util/wait/backoff.go:204 +0x7f
created by k8s.io/apiserver/pkg/registry/generic/registry.(*Store).startObservingCount in goroutine 48200
	/home/mariell/go/pkg/mod/k8s.io/apiserver@v0.32.1/pkg/registry/generic/registry/store.go:1666 +0x2f9

goroutine 48245 [sync.Cond.Wait]:
sync.runtime_notifyListWait(0xc01fca58d0, 0x2a)
	/usr/lib/go/src/runtime/sema.go:597 +0x159
sync.(*Cond).Wait(0x0?)
	/usr/lib/go/src/sync/cond.go:71 +0x85
github.com/centrifugal/centrifuge/internal/dissolve.(*queueImpl).Wait(0xc020dbf5e0)
	/home/mariell/go/pkg/mod/github.com/centrifugal/centrifuge@v0.33.3/internal/dissolve/queue.go:139 +0x4a
github.com/centrifugal/centrifuge/internal/dissolve.(*Dissolver).runWorker(0xc0271f1da0)
	/home/mariell/go/pkg/mod/github.com/centrifugal/centrifuge@v0.33.3/internal/dissolve/dissolve.go:52 +0x27
created by github.com/centrifugal/centrifuge/internal/dissolve.(*Dissolver).Run in goroutine 47137
	/home/mariell/go/pkg/mod/github.com/centrifugal/centrifuge@v0.33.3/internal/dissolve/dissolve.go:31 +0x25

goroutine 49774 [sync.Cond.Wait]:
sync.runtime_notifyListWait(0xc028e24c90, 0xc)
	/usr/lib/go/src/runtime/sema.go:597 +0x159
sync.(*Cond).Wait(0x0?)
	/usr/lib/go/src/sync/cond.go:71 +0x85
github.com/centrifugal/centrifuge/internal/dissolve.(*queueImpl).Wait(0xc028e3d810)
	/home/mariell/go/pkg/mod/github.com/centrifugal/centrifuge@v0.33.3/internal/dissolve/queue.go:139 +0x4a
github.com/centrifugal/centrifuge/internal/dissolve.(*Dissolver).runWorker(0xc028d11578)
	/home/mariell/go/pkg/mod/github.com/centrifugal/centrifuge@v0.33.3/internal/dissolve/dissolve.go:52 +0x27
created by github.com/centrifugal/centrifuge/internal/dissolve.(*Dissolver).Run in goroutine 48632
	/home/mariell/go/pkg/mod/github.com/centrifugal/centrifuge@v0.33.3/internal/dissolve/dissolve.go:31 +0x25

goroutine 48215 [sync.Cond.Wait]:
sync.runtime_notifyListWait(0xc01fca58d0, 0x8)
	/usr/lib/go/src/runtime/sema.go:597 +0x159
sync.(*Cond).Wait(0x0?)
	/usr/lib/go/src/sync/cond.go:71 +0x85
github.com/centrifugal/centrifuge/internal/dissolve.(*queueImpl).Wait(0xc020dbf5e0)
	/home/mariell/go/pkg/mod/github.com/centrifugal/centrifuge@v0.33.3/internal/dissolve/queue.go:139 +0x4a
github.com/centrifugal/centrifuge/internal/dissolve.(*Dissolver).runWorker(0xc0271f1da0)
	/home/mariell/go/pkg/mod/github.com/centrifugal/centrifuge@v0.33.3/internal/dissolve/dissolve.go:52 +0x27
created by github.com/centrifugal/centrifuge/internal/dissolve.(*Dissolver).Run in goroutine 47137
	/home/mariell/go/pkg/mod/github.com/centrifugal/centrifuge@v0.33.3/internal/dissolve/dissolve.go:31 +0x25

goroutine 48223 [sync.Cond.Wait]:
sync.runtime_notifyListWait(0xc01fca58d0, 0x10)
	/usr/lib/go/src/runtime/sema.go:597 +0x159
sync.(*Cond).Wait(0x0?)
	/usr/lib/go/src/sync/cond.go:71 +0x85
github.com/centrifugal/centrifuge/internal/dissolve.(*queueImpl).Wait(0xc020dbf5e0)
	/home/mariell/go/pkg/mod/github.com/centrifugal/centrifuge@v0.33.3/internal/dissolve/queue.go:139 +0x4a
github.com/centrifugal/centrifuge/internal/dissolve.(*Dissolver).runWorker(0xc0271f1da0)
	/home/mariell/go/pkg/mod/github.com/centrifugal/centrifuge@v0.33.3/internal/dissolve/dissolve.go:52 +0x27
created by github.com/centrifugal/centrifuge/internal/dissolve.(*Dissolver).Run in goroutine 47137
	/home/mariell/go/pkg/mod/github.com/centrifugal/centrifuge@v0.33.3/internal/dissolve/dissolve.go:31 +0x25

goroutine 51746 [chan receive (nil chan)]:
k8s.io/apiserver/pkg/server.preparedGenericAPIServer.RunWithContext({0x10212da?}, {0xa9d1d00, 0xc016e46370})
	/home/mariell/go/pkg/mod/k8s.io/apiserver@v0.32.1/pkg/server/genericapiserver.go:710 +0x9c5
github.com/grafana/grafana/pkg/services/apiserver.(*service).startCoreServer.func1()
	/home/mariell/work/oss/grafana/pkg/services/apiserver/service.go:448 +0x28
created by github.com/grafana/grafana/pkg/services/apiserver.(*service).startCoreServer in goroutine 51536
	/home/mariell/work/oss/grafana/pkg/services/apiserver/service.go:447 +0x125

goroutine 48216 [sync.Cond.Wait]:
sync.runtime_notifyListWait(0xc01fca58d0, 0x9)
	/usr/lib/go/src/runtime/sema.go:597 +0x159
sync.(*Cond).Wait(0x0?)
	/usr/lib/go/src/sync/cond.go:71 +0x85
github.com/centrifugal/centrifuge/internal/dissolve.(*queueImpl).Wait(0xc020dbf5e0)
	/home/mariell/go/pkg/mod/github.com/centrifugal/centrifuge@v0.33.3/internal/dissolve/queue.go:139 +0x4a
github.com/centrifugal/centrifuge/internal/dissolve.(*Dissolver).runWorker(0xc0271f1da0)
	/home/mariell/go/pkg/mod/github.com/centrifugal/centrifuge@v0.33.3/internal/dissolve/dissolve.go:52 +0x27
created by github.com/centrifugal/centrifuge/internal/dissolve.(*Dissolver).Run in goroutine 47137
	/home/mariell/go/pkg/mod/github.com/centrifugal/centrifuge@v0.33.3/internal/dissolve/dissolve.go:31 +0x25

goroutine 49807 [sync.Cond.Wait]:
sync.runtime_notifyListWait(0xc028e24c90, 0x1b)
	/usr/lib/go/src/runtime/sema.go:597 +0x159
sync.(*Cond).Wait(0xc0207137d0?)
	/usr/lib/go/src/sync/cond.go:71 +0x85
github.com/centrifugal/centrifuge/internal/dissolve.(*queueImpl).Wait(0xc028e3d810)
	/home/mariell/go/pkg/mod/github.com/centrifugal/centrifuge@v0.33.3/internal/dissolve/queue.go:139 +0x4a
github.com/centrifugal/centrifuge/internal/dissolve.(*Dissolver).runWorker(0xc028d11578)
	/home/mariell/go/pkg/mod/github.com/centrifugal/centrifuge@v0.33.3/internal/dissolve/dissolve.go:52 +0x27
created by github.com/centrifugal/centrifuge/internal/dissolve.(*Dissolver).Run in goroutine 48632
	/home/mariell/go/pkg/mod/github.com/centrifugal/centrifuge@v0.33.3/internal/dissolve/dissolve.go:31 +0x25

goroutine 48256 [sync.Cond.Wait]:
sync.runtime_notifyListWait(0xc01fca58d0, 0x1c)
	/usr/lib/go/src/runtime/sema.go:597 +0x159
sync.(*Cond).Wait(0x0?)
	/usr/lib/go/src/sync/cond.go:71 +0x85
github.com/centrifugal/centrifuge/internal/dissolve.(*queueImpl).Wait(0xc020dbf5e0)
	/home/mariell/go/pkg/mod/github.com/centrifugal/centrifuge@v0.33.3/internal/dissolve/queue.go:139 +0x4a
github.com/centrifugal/centrifuge/internal/dissolve.(*Dissolver).runWorker(0xc0271f1da0)
	/home/mariell/go/pkg/mod/github.com/centrifugal/centrifuge@v0.33.3/internal/dissolve/dissolve.go:52 +0x27
created by github.com/centrifugal/centrifuge/internal/dissolve.(*Dissolver).Run in goroutine 47137
	/home/mariell/go/pkg/mod/github.com/centrifugal/centrifuge@v0.33.3/internal/dissolve/dissolve.go:31 +0x25

goroutine 48039 [select]:
github.com/patrickmn/go-cache.(*janitor).Run(0xc00336bb30, 0xc0237c4fc0)
	/home/mariell/go/pkg/mod/github.com/patrickmn/go-cache@v2.1.0+incompatible/cache.go:1079 +0x7b
created by github.com/patrickmn/go-cache.runJanitor in goroutine 47137
	/home/mariell/go/pkg/mod/github.com/patrickmn/go-cache@v2.1.0+incompatible/cache.go:1099 +0xdb

goroutine 48676 [select]:
k8s.io/apimachinery/pkg/util/wait.BackoffUntil(0xc00853e240, {0xa95ac00, 0xc01c292bd0}, 0x1, 0xc00e55bce0)
	/home/mariell/go/pkg/mod/k8s.io/apimachinery@v0.32.1/pkg/util/wait/backoff.go:238 +0x12c
k8s.io/apimachinery/pkg/util/wait.JitterUntil(0xc00853e240, 0x3b9aca00, 0x3ff3333333333333, 0x1, 0xc00e55bce0)
	/home/mariell/go/pkg/mod/k8s.io/apimachinery@v0.32.1/pkg/util/wait/backoff.go:204 +0x7f
created by k8s.io/apiserver/pkg/registry/generic/registry.(*Store).startObservingCount in goroutine 48200
	/home/mariell/go/pkg/mod/k8s.io/apiserver@v0.32.1/pkg/registry/generic/registry/store.go:1666 +0x2f9

goroutine 48257 [sync.Cond.Wait]:
sync.runtime_notifyListWait(0xc01fca58d0, 0x2f)
	/usr/lib/go/src/runtime/sema.go:597 +0x159
sync.(*Cond).Wait(0x0?)
	/usr/lib/go/src/sync/cond.go:71 +0x85
github.com/centrifugal/centrifuge/internal/dissolve.(*queueImpl).Wait(0xc020dbf5e0)
	/home/mariell/go/pkg/mod/github.com/centrifugal/centrifuge@v0.33.3/internal/dissolve/queue.go:139 +0x4a
github.com/centrifugal/centrifuge/internal/dissolve.(*Dissolver).runWorker(0xc0271f1da0)
	/home/mariell/go/pkg/mod/github.com/centrifugal/centrifuge@v0.33.3/internal/dissolve/dissolve.go:52 +0x27
created by github.com/centrifugal/centrifuge/internal/dissolve.(*Dissolver).Run in goroutine 47137
	/home/mariell/go/pkg/mod/github.com/centrifugal/centrifuge@v0.33.3/internal/dissolve/dissolve.go:31 +0x25

goroutine 54747 [select]:
k8s.io/apimachinery/pkg/util/wait.BackoffUntil(0xc028d07840, {0xa95ac00, 0xc02b6ed020}, 0x1, 0xc02482ed20)
	/home/mariell/go/pkg/mod/k8s.io/apimachinery@v0.32.1/pkg/util/wait/backoff.go:238 +0x12c
k8s.io/apimachinery/pkg/util/wait.JitterUntil(0xc028d07840, 0x3b9aca00, 0x3ff3333333333333, 0x1, 0xc02482ed20)
	/home/mariell/go/pkg/mod/k8s.io/apimachinery@v0.32.1/pkg/util/wait/backoff.go:204 +0x7f
created by k8s.io/apiserver/pkg/registry/generic/registry.(*Store).startObservingCount in goroutine 51745
	/home/mariell/go/pkg/mod/k8s.io/apiserver@v0.32.1/pkg/registry/generic/registry/store.go:1666 +0x2f9

goroutine 48258 [sync.Cond.Wait]:
sync.runtime_notifyListWait(0xc01fca58d0, 0x31)
	/usr/lib/go/src/runtime/sema.go:597 +0x159
sync.(*Cond).Wait(0x0?)
	/usr/lib/go/src/sync/cond.go:71 +0x85
github.com/centrifugal/centrifuge/internal/dissolve.(*queueImpl).Wait(0xc020dbf5e0)
	/home/mariell/go/pkg/mod/github.com/centrifugal/centrifuge@v0.33.3/internal/dissolve/queue.go:139 +0x4a
github.com/centrifugal/centrifuge/internal/dissolve.(*Dissolver).runWorker(0xc0271f1da0)
	/home/mariell/go/pkg/mod/github.com/centrifugal/centrifuge@v0.33.3/internal/dissolve/dissolve.go:52 +0x27
created by github.com/centrifugal/centrifuge/internal/dissolve.(*Dissolver).Run in goroutine 47137
	/home/mariell/go/pkg/mod/github.com/centrifugal/centrifuge@v0.33.3/internal/dissolve/dissolve.go:31 +0x25

goroutine 48255 [sync.Cond.Wait]:
sync.runtime_notifyListWait(0xc01fca58d0, 0x30)
	/usr/lib/go/src/runtime/sema.go:597 +0x159
sync.(*Cond).Wait(0xc020706fd0?)
	/usr/lib/go/src/sync/cond.go:71 +0x85
github.com/centrifugal/centrifuge/internal/dissolve.(*queueImpl).Wait(0xc020dbf5e0)
	/home/mariell/go/pkg/mod/github.com/centrifugal/centrifuge@v0.33.3/internal/dissolve/queue.go:139 +0x4a
github.com/centrifugal/centrifuge/internal/dissolve.(*Dissolver).runWorker(0xc0271f1da0)
	/home/mariell/go/pkg/mod/github.com/centrifugal/centrifuge@v0.33.3/internal/dissolve/dissolve.go:52 +0x27
created by github.com/centrifugal/centrifuge/internal/dissolve.(*Dissolver).Run in goroutine 47137
	/home/mariell/go/pkg/mod/github.com/centrifugal/centrifuge@v0.33.3/internal/dissolve/dissolve.go:31 +0x25

goroutine 51071 [select]:
github.com/grafana/grafana/pkg/storage/unified/resource.(*cache[...]).run(0xc01e48fdb0)
	/home/mariell/work/oss/grafana/pkg/storage/unified/resource/broadcaster.go:291 +0xb0
created by github.com/grafana/grafana/pkg/storage/unified/resource.newChannelCache[...] in goroutine 53139
	/home/mariell/work/oss/grafana/pkg/storage/unified/resource/broadcaster.go:276 +0x189

goroutine 58663 [sync.Cond.Wait]:
sync.runtime_notifyListWait(0xc01f861010, 0x10)
	/usr/lib/go/src/runtime/sema.go:597 +0x159
sync.(*Cond).Wait(0x0?)
	/usr/lib/go/src/sync/cond.go:71 +0x85
github.com/centrifugal/centrifuge/internal/dissolve.(*queueImpl).Wait(0xc01921b6c0)
	/home/mariell/go/pkg/mod/github.com/centrifugal/centrifuge@v0.33.3/internal/dissolve/queue.go:139 +0x4a
github.com/centrifugal/centrifuge/internal/dissolve.(*Dissolver).runWorker(0xc0243b2a20)
	/home/mariell/go/pkg/mod/github.com/centrifugal/centrifuge@v0.33.3/internal/dissolve/dissolve.go:52 +0x27
created by github.com/centrifugal/centrifuge/internal/dissolve.(*Dissolver).Run in goroutine 57831
	/home/mariell/go/pkg/mod/github.com/centrifugal/centrifuge@v0.33.3/internal/dissolve/dissolve.go:31 +0x25

goroutine 48087 [chan receive]:
github.com/grafana/grafana/pkg/storage/unified/sql.(*channelNotifier).notify.func1()
	/home/mariell/work/oss/grafana/pkg/storage/unified/sql/notifier.go:87 +0x39
created by github.com/grafana/grafana/pkg/storage/unified/sql.(*channelNotifier).notify in goroutine 47137
	/home/mariell/work/oss/grafana/pkg/storage/unified/sql/notifier.go:86 +0xdb

goroutine 48088 [chan receive]:
github.com/grafana/grafana/pkg/storage/unified/resource.(*server).initWatcher.func1.1()
	/home/mariell/work/oss/grafana/pkg/storage/unified/resource/server.go:922 +0x58
created by github.com/grafana/grafana/pkg/storage/unified/resource.(*server).initWatcher.func1 in goroutine 47137
	/home/mariell/work/oss/grafana/pkg/storage/unified/resource/server.go:921 +0xaa

goroutine 48089 [select]:
github.com/grafana/grafana/pkg/storage/unified/resource.(*cache[...]).run(0x334d223d64206874)
	/home/mariell/work/oss/grafana/pkg/storage/unified/resource/broadcaster.go:291 +0xb0
created by github.com/grafana/grafana/pkg/storage/unified/resource.newChannelCache[...] in goroutine 47137
	/home/mariell/work/oss/grafana/pkg/storage/unified/resource/broadcaster.go:276 +0x189

goroutine 48090 [select]:
github.com/grafana/grafana/pkg/storage/unified/resource.(*broadcaster[...]).stream(0xab113a0, 0xc020d92fc0)
	/home/mariell/work/oss/grafana/pkg/storage/unified/resource/broadcaster.go:205 +0x13d
created by github.com/grafana/grafana/pkg/storage/unified/resource.(*broadcaster[...]).init in goroutine 47137
	/home/mariell/work/oss/grafana/pkg/storage/unified/resource/broadcaster.go:177 +0x219

goroutine 48155 [select]:
github.com/patrickmn/go-cache.(*janitor).Run(0xc008bf6c70, 0xc01bf035c0)
	/home/mariell/go/pkg/mod/github.com/patrickmn/go-cache@v2.1.0+incompatible/cache.go:1079 +0x7b
created by github.com/patrickmn/go-cache.runJanitor in goroutine 47137
	/home/mariell/go/pkg/mod/github.com/patrickmn/go-cache@v2.1.0+incompatible/cache.go:1099 +0xdb

goroutine 48190 [select]:
github.com/centrifugal/centrifuge.(*MemoryBroker).expireResultCache(0xc00c2db280)
	/home/mariell/go/pkg/mod/github.com/centrifugal/centrifuge@v0.33.3/broker_memory.go:160 +0x68
created by github.com/centrifugal/centrifuge.(*MemoryBroker).Run in goroutine 47137
	/home/mariell/go/pkg/mod/github.com/centrifugal/centrifuge@v0.33.3/broker_memory.go:73 +0x7f

goroutine 48191 [select]:
github.com/centrifugal/centrifuge.(*historyHub).expireStreams(0xc00c2db200)
	/home/mariell/go/pkg/mod/github.com/centrifugal/centrifuge@v0.33.3/broker_memory.go:298 +0x75
created by github.com/centrifugal/centrifuge.(*historyHub).runCleanups in goroutine 47137
	/home/mariell/go/pkg/mod/github.com/centrifugal/centrifuge@v0.33.3/broker_memory.go:252 +0x56

goroutine 48192 [select]:
github.com/centrifugal/centrifuge.(*historyHub).removeStreams(0xc00c2db200)
	/home/mariell/go/pkg/mod/github.com/centrifugal/centrifuge@v0.33.3/broker_memory.go:259 +0x6f
created by github.com/centrifugal/centrifuge.(*historyHub).runCleanups in goroutine 47137
	/home/mariell/go/pkg/mod/github.com/centrifugal/centrifuge@v0.33.3/broker_memory.go:253 +0x96

goroutine 48193 [select]:
github.com/FZambia/eagle.(*Eagle).aggregate(0xc020e64770)
	/home/mariell/go/pkg/mod/github.com/!f!zambia/eagle@v0.1.0/eagle.go:210 +0x6d
created by github.com/FZambia/eagle.New in goroutine 47137
	/home/mariell/go/pkg/mod/github.com/!f!zambia/eagle@v0.1.0/eagle.go:66 +0x176

goroutine 47965 [select]:
github.com/centrifugal/centrifuge.(*Node).sendNodePing(0xc0088c46c8)
	/home/mariell/go/pkg/mod/github.com/centrifugal/centrifuge@v0.33.3/node.go:380 +0x85
created by github.com/centrifugal/centrifuge.(*Node).Run in goroutine 47137
	/home/mariell/go/pkg/mod/github.com/centrifugal/centrifuge@v0.33.3/node.go:260 +0x225

goroutine 47964 [select]:
github.com/centrifugal/centrifuge.(*Node).initMetrics.func1()
	/home/mariell/go/pkg/mod/github.com/centrifugal/centrifuge@v0.33.3/node.go:365 +0x8a
created by github.com/centrifugal/centrifuge.(*Node).initMetrics in goroutine 47137
	/home/mariell/go/pkg/mod/github.com/centrifugal/centrifuge@v0.33.3/node.go:363 +0x1f9

goroutine 75915 [select]:
net/http.(*persistConn).writeLoop(0xc01576bb00)
	/usr/lib/go/src/net/http/transport.go:2590 +0xe7
created by net/http.(*Transport).dialConn in goroutine 75688
	/usr/lib/go/src/net/http/transport.go:1945 +0x17a5

goroutine 48261 [sync.Cond.Wait]:
sync.runtime_notifyListWait(0xc01fca58d0, 0x35)
	/usr/lib/go/src/runtime/sema.go:597 +0x159
sync.(*Cond).Wait(0x0?)
	/usr/lib/go/src/sync/cond.go:71 +0x85
github.com/centrifugal/centrifuge/internal/dissolve.(*queueImpl).Wait(0xc020dbf5e0)
	/home/mariell/go/pkg/mod/github.com/centrifugal/centrifuge@v0.33.3/internal/dissolve/queue.go:139 +0x4a
github.com/centrifugal/centrifuge/internal/dissolve.(*Dissolver).runWorker(0xc0271f1da0)
	/home/mariell/go/pkg/mod/github.com/centrifugal/centrifuge@v0.33.3/internal/dissolve/dissolve.go:52 +0x27
created by github.com/centrifugal/centrifuge/internal/dissolve.(*Dissolver).Run in goroutine 47137
	/home/mariell/go/pkg/mod/github.com/centrifugal/centrifuge@v0.33.3/internal/dissolve/dissolve.go:31 +0x25

goroutine 48262 [sync.Cond.Wait]:
sync.runtime_notifyListWait(0xc01fca58d0, 0x37)
	/usr/lib/go/src/runtime/sema.go:597 +0x159
sync.(*Cond).Wait(0x0?)
	/usr/lib/go/src/sync/cond.go:71 +0x85
github.com/centrifugal/centrifuge/internal/dissolve.(*queueImpl).Wait(0xc020dbf5e0)
	/home/mariell/go/pkg/mod/github.com/centrifugal/centrifuge@v0.33.3/internal/dissolve/queue.go:139 +0x4a
github.com/centrifugal/centrifuge/internal/dissolve.(*Dissolver).runWorker(0xc0271f1da0)
	/home/mariell/go/pkg/mod/github.com/centrifugal/centrifuge@v0.33.3/internal/dissolve/dissolve.go:52 +0x27
created by github.com/centrifugal/centrifuge/internal/dissolve.(*Dissolver).Run in goroutine 47137
	/home/mariell/go/pkg/mod/github.com/centrifugal/centrifuge@v0.33.3/internal/dissolve/dissolve.go:31 +0x25

goroutine 48263 [sync.Cond.Wait]:
sync.runtime_notifyListWait(0xc01fca58d0, 0x38)
	/usr/lib/go/src/runtime/sema.go:597 +0x159
sync.(*Cond).Wait(0x0?)
	/usr/lib/go/src/sync/cond.go:71 +0x85
github.com/centrifugal/centrifuge/internal/dissolve.(*queueImpl).Wait(0xc020dbf5e0)
	/home/mariell/go/pkg/mod/github.com/centrifugal/centrifuge@v0.33.3/internal/dissolve/queue.go:139 +0x4a
github.com/centrifugal/centrifuge/internal/dissolve.(*Dissolver).runWorker(0xc0271f1da0)
	/home/mariell/go/pkg/mod/github.com/centrifugal/centrifuge@v0.33.3/internal/dissolve/dissolve.go:52 +0x27
created by github.com/centrifugal/centrifuge/internal/dissolve.(*Dissolver).Run in goroutine 47137
	/home/mariell/go/pkg/mod/github.com/centrifugal/centrifuge@v0.33.3/internal/dissolve/dissolve.go:31 +0x25

goroutine 48264 [sync.Cond.Wait]:
sync.runtime_notifyListWait(0xc01fca58d0, 0x2d)
	/usr/lib/go/src/runtime/sema.go:597 +0x159
sync.(*Cond).Wait(0x0?)
	/usr/lib/go/src/sync/cond.go:71 +0x85
github.com/centrifugal/centrifuge/internal/dissolve.(*queueImpl).Wait(0xc020dbf5e0)
	/home/mariell/go/pkg/mod/github.com/centrifugal/centrifuge@v0.33.3/internal/dissolve/queue.go:139 +0x4a
github.com/centrifugal/centrifuge/internal/dissolve.(*Dissolver).runWorker(0xc0271f1da0)
	/home/mariell/go/pkg/mod/github.com/centrifugal/centrifuge@v0.33.3/internal/dissolve/dissolve.go:52 +0x27
created by github.com/centrifugal/centrifuge/internal/dissolve.(*Dissolver).Run in goroutine 47137
	/home/mariell/go/pkg/mod/github.com/centrifugal/centrifuge@v0.33.3/internal/dissolve/dissolve.go:31 +0x25

goroutine 48265 [sync.Cond.Wait]:
sync.runtime_notifyListWait(0xc01fca58d0, 0x3a)
	/usr/lib/go/src/runtime/sema.go:597 +0x159
sync.(*Cond).Wait(0x0?)
	/usr/lib/go/src/sync/cond.go:71 +0x85
github.com/centrifugal/centrifuge/internal/dissolve.(*queueImpl).Wait(0xc020dbf5e0)
	/home/mariell/go/pkg/mod/github.com/centrifugal/centrifuge@v0.33.3/internal/dissolve/queue.go:139 +0x4a
github.com/centrifugal/centrifuge/internal/dissolve.(*Dissolver).runWorker(0xc0271f1da0)
	/home/mariell/go/pkg/mod/github.com/centrifugal/centrifuge@v0.33.3/internal/dissolve/dissolve.go:52 +0x27
created by github.com/centrifugal/centrifuge/internal/dissolve.(*Dissolver).Run in goroutine 47137
	/home/mariell/go/pkg/mod/github.com/centrifugal/centrifuge@v0.33.3/internal/dissolve/dissolve.go:31 +0x25

goroutine 48266 [sync.Cond.Wait]:
sync.runtime_notifyListWait(0xc01fca58d0, 0x3b)
	/usr/lib/go/src/runtime/sema.go:597 +0x159
sync.(*Cond).Wait(0x0?)
	/usr/lib/go/src/sync/cond.go:71 +0x85
github.com/centrifugal/centrifuge/internal/dissolve.(*queueImpl).Wait(0xc020dbf5e0)
	/home/mariell/go/pkg/mod/github.com/centrifugal/centrifuge@v0.33.3/internal/dissolve/queue.go:139 +0x4a
github.com/centrifugal/centrifuge/internal/dissolve.(*Dissolver).runWorker(0xc0271f1da0)
	/home/mariell/go/pkg/mod/github.com/centrifugal/centrifuge@v0.33.3/internal/dissolve/dissolve.go:52 +0x27
created by github.com/centrifugal/centrifuge/internal/dissolve.(*Dissolver).Run in goroutine 47137
	/home/mariell/go/pkg/mod/github.com/centrifugal/centrifuge@v0.33.3/internal/dissolve/dissolve.go:31 +0x25

goroutine 48267 [sync.Cond.Wait]:
sync.runtime_notifyListWait(0xc01fca58d0, 0x3c)
	/usr/lib/go/src/runtime/sema.go:597 +0x159
sync.(*Cond).Wait(0x0?)
	/usr/lib/go/src/sync/cond.go:71 +0x85
github.com/centrifugal/centrifuge/internal/dissolve.(*queueImpl).Wait(0xc020dbf5e0)
	/home/mariell/go/pkg/mod/github.com/centrifugal/centrifuge@v0.33.3/internal/dissolve/queue.go:139 +0x4a
github.com/centrifugal/centrifuge/internal/dissolve.(*Dissolver).runWorker(0xc0271f1da0)
	/home/mariell/go/pkg/mod/github.com/centrifugal/centrifuge@v0.33.3/internal/dissolve/dissolve.go:52 +0x27
created by github.com/centrifugal/centrifuge/internal/dissolve.(*Dissolver).Run in goroutine 47137
	/home/mariell/go/pkg/mod/github.com/centrifugal/centrifuge@v0.33.3/internal/dissolve/dissolve.go:31 +0x25

goroutine 48268 [sync.Cond.Wait]:
sync.runtime_notifyListWait(0xc01fca58d0, 0x39)
	/usr/lib/go/src/runtime/sema.go:597 +0x159
sync.(*Cond).Wait(0x0?)
	/usr/lib/go/src/sync/cond.go:71 +0x85
github.com/centrifugal/centrifuge/internal/dissolve.(*queueImpl).Wait(0xc020dbf5e0)
	/home/mariell/go/pkg/mod/github.com/centrifugal/centrifuge@v0.33.3/internal/dissolve/queue.go:139 +0x4a
github.com/centrifugal/centrifuge/internal/dissolve.(*Dissolver).runWorker(0xc0271f1da0)
	/home/mariell/go/pkg/mod/github.com/centrifugal/centrifuge@v0.33.3/internal/dissolve/dissolve.go:52 +0x27
created by github.com/centrifugal/centrifuge/internal/dissolve.(*Dissolver).Run in goroutine 47137
	/home/mariell/go/pkg/mod/github.com/centrifugal/centrifuge@v0.33.3/internal/dissolve/dissolve.go:31 +0x25

goroutine 48269 [sync.Cond.Wait]:
sync.runtime_notifyListWait(0xc01fca58d0, 0x3f)
	/usr/lib/go/src/runtime/sema.go:597 +0x159
sync.(*Cond).Wait(0x0?)
	/usr/lib/go/src/sync/cond.go:71 +0x85
github.com/centrifugal/centrifuge/internal/dissolve.(*queueImpl).Wait(0xc020dbf5e0)
	/home/mariell/go/pkg/mod/github.com/centrifugal/centrifuge@v0.33.3/internal/dissolve/queue.go:139 +0x4a
github.com/centrifugal/centrifuge/internal/dissolve.(*Dissolver).runWorker(0xc0271f1da0)
	/home/mariell/go/pkg/mod/github.com/centrifugal/centrifuge@v0.33.3/internal/dissolve/dissolve.go:52 +0x27
created by github.com/centrifugal/centrifuge/internal/dissolve.(*Dissolver).Run in goroutine 47137
	/home/mariell/go/pkg/mod/github.com/centrifugal/centrifuge@v0.33.3/internal/dissolve/dissolve.go:31 +0x25

goroutine 48270 [sync.Cond.Wait]:
sync.runtime_notifyListWait(0xc01fca58d0, 0x3d)
	/usr/lib/go/src/runtime/sema.go:597 +0x159
sync.(*Cond).Wait(0x0?)
	/usr/lib/go/src/sync/cond.go:71 +0x85
github.com/centrifugal/centrifuge/internal/dissolve.(*queueImpl).Wait(0xc020dbf5e0)
	/home/mariell/go/pkg/mod/github.com/centrifugal/centrifuge@v0.33.3/internal/dissolve/queue.go:139 +0x4a
github.com/centrifugal/centrifuge/internal/dissolve.(*Dissolver).runWorker(0xc0271f1da0)
	/home/mariell/go/pkg/mod/github.com/centrifugal/centrifuge@v0.33.3/internal/dissolve/dissolve.go:52 +0x27
created by github.com/centrifugal/centrifuge/internal/dissolve.(*Dissolver).Run in goroutine 47137
	/home/mariell/go/pkg/mod/github.com/centrifugal/centrifuge@v0.33.3/internal/dissolve/dissolve.go:31 +0x25

goroutine 48271 [sync.Cond.Wait]:
sync.runtime_notifyListWait(0xc01fca58d0, 0x3e)
	/usr/lib/go/src/runtime/sema.go:597 +0x159
sync.(*Cond).Wait(0x0?)
	/usr/lib/go/src/sync/cond.go:71 +0x85
github.com/centrifugal/centrifuge/internal/dissolve.(*queueImpl).Wait(0xc020dbf5e0)
	/home/mariell/go/pkg/mod/github.com/centrifugal/centrifuge@v0.33.3/internal/dissolve/queue.go:139 +0x4a
github.com/centrifugal/centrifuge/internal/dissolve.(*Dissolver).runWorker(0xc0271f1da0)
	/home/mariell/go/pkg/mod/github.com/centrifugal/centrifuge@v0.33.3/internal/dissolve/dissolve.go:52 +0x27
created by github.com/centrifugal/centrifuge/internal/dissolve.(*Dissolver).Run in goroutine 47137
	/home/mariell/go/pkg/mod/github.com/centrifugal/centrifuge@v0.33.3/internal/dissolve/dissolve.go:31 +0x25

goroutine 58665 [sync.Cond.Wait]:
sync.runtime_notifyListWait(0xc01f861010, 0xf)
	/usr/lib/go/src/runtime/sema.go:597 +0x159
sync.(*Cond).Wait(0x0?)
	/usr/lib/go/src/sync/cond.go:71 +0x85
github.com/centrifugal/centrifuge/internal/dissolve.(*queueImpl).Wait(0xc01921b6c0)
	/home/mariell/go/pkg/mod/github.com/centrifugal/centrifuge@v0.33.3/internal/dissolve/queue.go:139 +0x4a
github.com/centrifugal/centrifuge/internal/dissolve.(*Dissolver).runWorker(0xc0243b2a20)
	/home/mariell/go/pkg/mod/github.com/centrifugal/centrifuge@v0.33.3/internal/dissolve/dissolve.go:52 +0x27
created by github.com/centrifugal/centrifuge/internal/dissolve.(*Dissolver).Run in goroutine 57831
	/home/mariell/go/pkg/mod/github.com/centrifugal/centrifuge@v0.33.3/internal/dissolve/dissolve.go:31 +0x25

goroutine 49803 [sync.Cond.Wait]:
sync.runtime_notifyListWait(0xc028e24c90, 0x2c)
	/usr/lib/go/src/runtime/sema.go:597 +0x159
sync.(*Cond).Wait(0xc015e5c7d0?)
	/usr/lib/go/src/sync/cond.go:71 +0x85
github.com/centrifugal/centrifuge/internal/dissolve.(*queueImpl).Wait(0xc028e3d810)
	/home/mariell/go/pkg/mod/github.com/centrifugal/centrifuge@v0.33.3/internal/dissolve/queue.go:139 +0x4a
github.com/centrifugal/centrifuge/internal/dissolve.(*Dissolver).runWorker(0xc028d11578)
	/home/mariell/go/pkg/mod/github.com/centrifugal/centrifuge@v0.33.3/internal/dissolve/dissolve.go:52 +0x27
created by github.com/centrifugal/centrifuge/internal/dissolve.(*Dissolver).Run in goroutine 48632
	/home/mariell/go/pkg/mod/github.com/centrifugal/centrifuge@v0.33.3/internal/dissolve/dissolve.go:31 +0x25

goroutine 59302 [IO wait]:
internal/poll.runtime_pollWait(0x77751a6ff680, 0x72)
	/usr/lib/go/src/runtime/netpoll.go:351 +0x85
internal/poll.(*pollDesc).wait(0xc008f50e80?, 0xc0299c0000?, 0x0)
	/usr/lib/go/src/internal/poll/fd_poll_runtime.go:84 +0x27
internal/poll.(*pollDesc).waitRead(...)
	/usr/lib/go/src/internal/poll/fd_poll_runtime.go:89
internal/poll.(*FD).Read(0xc008f50e80, {0xc0299c0000, 0x1300, 0x1300})
	/usr/lib/go/src/internal/poll/fd_unix.go:165 +0x27a
net.(*netFD).Read(0xc008f50e80, {0xc0299c0000?, 0x0?, 0x0?})
	/usr/lib/go/src/net/fd_posix.go:55 +0x25
net.(*conn).Read(0xc030110048, {0xc0299c0000?, 0x77751a748b58?, 0x7775a8b2a6c8?})
	/usr/lib/go/src/net/net.go:194 +0x45
crypto/tls.(*atLeastReader).Read(0xc02bb9e7f8, {0xc0299c0000?, 0x0?, 0x0?})
	/usr/lib/go/src/crypto/tls/conn.go:809 +0x3b
bytes.(*Buffer).ReadFrom(0xc00a58d0b8, {0xa94e300, 0xc02bb9e7f8})
	/usr/lib/go/src/bytes/buffer.go:211 +0x98
crypto/tls.(*Conn).readFromUntil(0xc00a58ce08, {0xa94dc00, 0xc030110048}, 0x444af4?)
	/usr/lib/go/src/crypto/tls/conn.go:831 +0xde
crypto/tls.(*Conn).readRecordOrCCS(0xc00a58ce08, 0x0)
	/usr/lib/go/src/crypto/tls/conn.go:629 +0x3cf
crypto/tls.(*Conn).readRecord(...)
	/usr/lib/go/src/crypto/tls/conn.go:591
crypto/tls.(*Conn).Read(0xc00a58ce08, {0xc00c26e000, 0x1000, 0x7775a8b2a6c8?})
	/usr/lib/go/src/crypto/tls/conn.go:1385 +0x145
net/http.(*persistConn).Read(0xc0256e4240, {0xc00c26e000?, 0x4141c5?, 0x68?})
	/usr/lib/go/src/net/http/transport.go:2122 +0x47
bufio.(*Reader).fill(0xc01be8e8a0)
	/usr/lib/go/src/bufio/bufio.go:113 +0x103
bufio.(*Reader).Peek(0xc01be8e8a0, 0x1)
	/usr/lib/go/src/bufio/bufio.go:152 +0x53
net/http.(*persistConn).readLoop(0xc0256e4240)
	/usr/lib/go/src/net/http/transport.go:2275 +0x172
created by net/http.(*Transport).dialConn in goroutine 56175
	/usr/lib/go/src/net/http/transport.go:1944 +0x174f

goroutine 48328 [select]:
github.com/patrickmn/go-cache.(*janitor).Run(0xc00d606440, 0xc010cae880)
	/home/mariell/go/pkg/mod/github.com/patrickmn/go-cache@v2.1.0+incompatible/cache.go:1079 +0x7b
created by github.com/patrickmn/go-cache.runJanitor in goroutine 47137
	/home/mariell/go/pkg/mod/github.com/patrickmn/go-cache@v2.1.0+incompatible/cache.go:1099 +0xdb

goroutine 48335 [select]:
github.com/patrickmn/go-cache.(*janitor).Run(0xc00b1f8170, 0xc00a193c80)
	/home/mariell/go/pkg/mod/github.com/patrickmn/go-cache@v2.1.0+incompatible/cache.go:1079 +0x7b
created by github.com/patrickmn/go-cache.runJanitor in goroutine 47137
	/home/mariell/go/pkg/mod/github.com/patrickmn/go-cache@v2.1.0+incompatible/cache.go:1099 +0xdb

goroutine 48336 [select]:
github.com/patrickmn/go-cache.(*janitor).Run(0xc00b1f82a0, 0xc00a193e40)
	/home/mariell/go/pkg/mod/github.com/patrickmn/go-cache@v2.1.0+incompatible/cache.go:1079 +0x7b
created by github.com/patrickmn/go-cache.runJanitor in goroutine 47137
	/home/mariell/go/pkg/mod/github.com/patrickmn/go-cache@v2.1.0+incompatible/cache.go:1099 +0xdb

goroutine 48337 [select]:
github.com/patrickmn/go-cache.(*janitor).Run(0xc00b1f82b0, 0xc01fe50000)
	/home/mariell/go/pkg/mod/github.com/patrickmn/go-cache@v2.1.0+incompatible/cache.go:1079 +0x7b
created by github.com/patrickmn/go-cache.runJanitor in goroutine 47137
	/home/mariell/go/pkg/mod/github.com/patrickmn/go-cache@v2.1.0+incompatible/cache.go:1099 +0xdb

goroutine 48415 [select]:
github.com/patrickmn/go-cache.(*janitor).Run(0xc00cd91c30, 0xc00d28ebc0)
	/home/mariell/go/pkg/mod/github.com/patrickmn/go-cache@v2.1.0+incompatible/cache.go:1079 +0x7b
created by github.com/patrickmn/go-cache.runJanitor in goroutine 47137
	/home/mariell/go/pkg/mod/github.com/patrickmn/go-cache@v2.1.0+incompatible/cache.go:1099 +0xdb

goroutine 48417 [select]:
github.com/patrickmn/go-cache.(*janitor).Run(0xc0066cb940, 0xc00d28f4c0)
	/home/mariell/go/pkg/mod/github.com/patrickmn/go-cache@v2.1.0+incompatible/cache.go:1079 +0x7b
created by github.com/patrickmn/go-cache.runJanitor in goroutine 47137
	/home/mariell/go/pkg/mod/github.com/patrickmn/go-cache@v2.1.0+incompatible/cache.go:1099 +0xdb

goroutine 76037 [select]:
github.com/FZambia/eagle.(*Eagle).aggregate(0xc04609cd20)
	/home/mariell/go/pkg/mod/github.com/!f!zambia/eagle@v0.1.0/eagle.go:210 +0x6d
created by github.com/FZambia/eagle.New in goroutine 3349
	/home/mariell/go/pkg/mod/github.com/!f!zambia/eagle@v0.1.0/eagle.go:66 +0x176

goroutine 51305 [sync.Cond.Wait]:
sync.runtime_notifyListWait(0xc01afe9210, 0x10)
	/usr/lib/go/src/runtime/sema.go:597 +0x159
sync.(*Cond).Wait(0xc02a6c87d0?)
	/usr/lib/go/src/sync/cond.go:71 +0x85
github.com/centrifugal/centrifuge/internal/dissolve.(*queueImpl).Wait(0xc020f245b0)
	/home/mariell/go/pkg/mod/github.com/centrifugal/centrifuge@v0.33.3/internal/dissolve/queue.go:139 +0x4a
github.com/centrifugal/centrifuge/internal/dissolve.(*Dissolver).runWorker(0xc02834aab0)
	/home/mariell/go/pkg/mod/github.com/centrifugal/centrifuge@v0.33.3/internal/dissolve/dissolve.go:52 +0x27
created by github.com/centrifugal/centrifuge/internal/dissolve.(*Dissolver).Run in goroutine 50170
	/home/mariell/go/pkg/mod/github.com/centrifugal/centrifuge@v0.33.3/internal/dissolve/dissolve.go:31 +0x25

goroutine 52683 [select]:
github.com/patrickmn/go-cache.(*janitor).Run(0xc02fb80d90, 0xc02eefea00)
	/home/mariell/go/pkg/mod/github.com/patrickmn/go-cache@v2.1.0+incompatible/cache.go:1079 +0x7b
created by github.com/patrickmn/go-cache.runJanitor in goroutine 51765
	/home/mariell/go/pkg/mod/github.com/patrickmn/go-cache@v2.1.0+incompatible/cache.go:1099 +0xdb

goroutine 54182 [select]:
github.com/patrickmn/go-cache.(*janitor).Run(0xc024631e40, 0xc01f747240)
	/home/mariell/go/pkg/mod/github.com/patrickmn/go-cache@v2.1.0+incompatible/cache.go:1079 +0x7b
created by github.com/patrickmn/go-cache.runJanitor in goroutine 53243
	/home/mariell/go/pkg/mod/github.com/patrickmn/go-cache@v2.1.0+incompatible/cache.go:1099 +0xdb

goroutine 53221 [select]:
net/http.(*persistConn).writeLoop(0xc027c3ec60)
	/usr/lib/go/src/net/http/transport.go:2590 +0xe7
created by net/http.(*Transport).dialConn in goroutine 51735
	/usr/lib/go/src/net/http/transport.go:1945 +0x17a5

goroutine 54767 [select]:
net/http.(*persistConn).writeLoop(0xc02a4ad560)
	/usr/lib/go/src/net/http/transport.go:2590 +0xe7
created by net/http.(*Transport).dialConn in goroutine 54759
	/usr/lib/go/src/net/http/transport.go:1945 +0x17a5

goroutine 48209 [select]:
k8s.io/apimachinery/pkg/util/wait.BackoffUntil(0xc00f61e840, {0xa95ac00, 0xc01c2bf5c0}, 0x1, 0xc00dd763f0)
	/home/mariell/go/pkg/mod/k8s.io/apimachinery@v0.32.1/pkg/util/wait/backoff.go:238 +0x12c
k8s.io/apimachinery/pkg/util/wait.JitterUntil(0xc00f61e840, 0x3b9aca00, 0x3ff3333333333333, 0x1, 0xc00dd763f0)
	/home/mariell/go/pkg/mod/k8s.io/apimachinery@v0.32.1/pkg/util/wait/backoff.go:204 +0x7f
created by k8s.io/apiserver/pkg/registry/generic/registry.(*Store).startObservingCount in goroutine 48200
	/home/mariell/go/pkg/mod/k8s.io/apiserver@v0.32.1/pkg/registry/generic/registry/store.go:1666 +0x2f9

goroutine 48675 [select]:
k8s.io/apimachinery/pkg/util/wait.BackoffUntil(0xc00f61f1c0, {0xa95ac00, 0xc01c292ba0}, 0x1, 0xc00dd764d0)
	/home/mariell/go/pkg/mod/k8s.io/apimachinery@v0.32.1/pkg/util/wait/backoff.go:238 +0x12c
k8s.io/apimachinery/pkg/util/wait.JitterUntil(0xc00f61f1c0, 0x3b9aca00, 0x3ff3333333333333, 0x1, 0xc00dd764d0)
	/home/mariell/go/pkg/mod/k8s.io/apimachinery@v0.32.1/pkg/util/wait/backoff.go:204 +0x7f
created by k8s.io/apiserver/pkg/registry/generic/registry.(*Store).startObservingCount in goroutine 48200
	/home/mariell/go/pkg/mod/k8s.io/apiserver@v0.32.1/pkg/registry/generic/registry/store.go:1666 +0x2f9

goroutine 58909 [sync.Cond.Wait]:
sync.runtime_notifyListWait(0xc01f861010, 0x27)
	/usr/lib/go/src/runtime/sema.go:597 +0x159
sync.(*Cond).Wait(0xc014a22f50?)
	/usr/lib/go/src/sync/cond.go:71 +0x85
github.com/centrifugal/centrifuge/internal/dissolve.(*queueImpl).Wait(0xc01921b6c0)
	/home/mariell/go/pkg/mod/github.com/centrifugal/centrifuge@v0.33.3/internal/dissolve/queue.go:139 +0x4a
github.com/centrifugal/centrifuge/internal/dissolve.(*Dissolver).runWorker(0xc0243b2a20)
	/home/mariell/go/pkg/mod/github.com/centrifugal/centrifuge@v0.33.3/internal/dissolve/dissolve.go:52 +0x27
created by github.com/centrifugal/centrifuge/internal/dissolve.(*Dissolver).Run in goroutine 57831
	/home/mariell/go/pkg/mod/github.com/centrifugal/centrifuge@v0.33.3/internal/dissolve/dissolve.go:31 +0x25

goroutine 52870 [sync.Cond.Wait]:
sync.runtime_notifyListWait(0xc0301d0dd0, 0x22)
	/usr/lib/go/src/runtime/sema.go:597 +0x159
sync.(*Cond).Wait(0x0?)
	/usr/lib/go/src/sync/cond.go:71 +0x85
github.com/centrifugal/centrifuge/internal/dissolve.(*queueImpl).Wait(0xc030230380)
	/home/mariell/go/pkg/mod/github.com/centrifugal/centrifuge@v0.33.3/internal/dissolve/queue.go:139 +0x4a
github.com/centrifugal/centrifuge/internal/dissolve.(*Dissolver).runWorker(0xc008ba75c0)
	/home/mariell/go/pkg/mod/github.com/centrifugal/centrifuge@v0.33.3/internal/dissolve/dissolve.go:52 +0x27
created by github.com/centrifugal/centrifuge/internal/dissolve.(*Dissolver).Run in goroutine 51765
	/home/mariell/go/pkg/mod/github.com/centrifugal/centrifuge@v0.33.3/internal/dissolve/dissolve.go:31 +0x25

goroutine 49797 [sync.Cond.Wait]:
sync.runtime_notifyListWait(0xc028e24c90, 0x28)
	/usr/lib/go/src/runtime/sema.go:597 +0x159
sync.(*Cond).Wait(0x0?)
	/usr/lib/go/src/sync/cond.go:71 +0x85
github.com/centrifugal/centrifuge/internal/dissolve.(*queueImpl).Wait(0xc028e3d810)
	/home/mariell/go/pkg/mod/github.com/centrifugal/centrifuge@v0.33.3/internal/dissolve/queue.go:139 +0x4a
github.com/centrifugal/centrifuge/internal/dissolve.(*Dissolver).runWorker(0xc028d11578)
	/home/mariell/go/pkg/mod/github.com/centrifugal/centrifuge@v0.33.3/internal/dissolve/dissolve.go:52 +0x27
created by github.com/centrifugal/centrifuge/internal/dissolve.(*Dissolver).Run in goroutine 48632
	/home/mariell/go/pkg/mod/github.com/centrifugal/centrifuge@v0.33.3/internal/dissolve/dissolve.go:31 +0x25

goroutine 58668 [sync.Cond.Wait]:
sync.runtime_notifyListWait(0xc01f861010, 0x0)
	/usr/lib/go/src/runtime/sema.go:597 +0x159
sync.(*Cond).Wait(0x0?)
	/usr/lib/go/src/sync/cond.go:71 +0x85
github.com/centrifugal/centrifuge/internal/dissolve.(*queueImpl).Wait(0xc01921b6c0)
	/home/mariell/go/pkg/mod/github.com/centrifugal/centrifuge@v0.33.3/internal/dissolve/queue.go:139 +0x4a
github.com/centrifugal/centrifuge/internal/dissolve.(*Dissolver).runWorker(0xc0243b2a20)
	/home/mariell/go/pkg/mod/github.com/centrifugal/centrifuge@v0.33.3/internal/dissolve/dissolve.go:52 +0x27
created by github.com/centrifugal/centrifuge/internal/dissolve.(*Dissolver).Run in goroutine 57831
	/home/mariell/go/pkg/mod/github.com/centrifugal/centrifuge@v0.33.3/internal/dissolve/dissolve.go:31 +0x25

goroutine 48507 [select]:
go.opentelemetry.io/otel/sdk/trace.(*batchSpanProcessor).processQueue(0xc014da0640)
	/home/mariell/go/pkg/mod/go.opentelemetry.io/otel/sdk@v1.34.0/trace/batch_span_processor.go:302 +0x114
go.opentelemetry.io/otel/sdk/trace.NewBatchSpanProcessor.func1()
	/home/mariell/go/pkg/mod/go.opentelemetry.io/otel/sdk@v1.34.0/trace/batch_span_processor.go:117 +0x4e
created by go.opentelemetry.io/otel/sdk/trace.NewBatchSpanProcessor in goroutine 47137
	/home/mariell/go/pkg/mod/go.opentelemetry.io/otel/sdk@v1.34.0/trace/batch_span_processor.go:115 +0x2d9

goroutine 58661 [select]:
github.com/centrifugal/centrifuge.(*Node).cleanNodeInfo(0xc02b3f7688)
	/home/mariell/go/pkg/mod/github.com/centrifugal/centrifuge@v0.33.3/node.go:394 +0x90
created by github.com/centrifugal/centrifuge.(*Node).Run in goroutine 57831
	/home/mariell/go/pkg/mod/github.com/centrifugal/centrifuge@v0.33.3/node.go:261 +0x265

goroutine 58771 [chan receive]:
github.com/grafana/grafana/pkg/storage/unified/sql.(*channelNotifier).notify.func1()
	/home/mariell/work/oss/grafana/pkg/storage/unified/sql/notifier.go:87 +0x39
created by github.com/grafana/grafana/pkg/storage/unified/sql.(*channelNotifier).notify in goroutine 57831
	/home/mariell/work/oss/grafana/pkg/storage/unified/sql/notifier.go:86 +0xdb

goroutine 51328 [sync.Cond.Wait]:
sync.runtime_notifyListWait(0xc01afe9210, 0x27)
	/usr/lib/go/src/runtime/sema.go:597 +0x159
sync.(*Cond).Wait(0x0?)
	/usr/lib/go/src/sync/cond.go:71 +0x85
github.com/centrifugal/centrifuge/internal/dissolve.(*queueImpl).Wait(0xc020f245b0)
	/home/mariell/go/pkg/mod/github.com/centrifugal/centrifuge@v0.33.3/internal/dissolve/queue.go:139 +0x4a
github.com/centrifugal/centrifuge/internal/dissolve.(*Dissolver).runWorker(0xc02834aab0)
	/home/mariell/go/pkg/mod/github.com/centrifugal/centrifuge@v0.33.3/internal/dissolve/dissolve.go:52 +0x27
created by github.com/centrifugal/centrifuge/internal/dissolve.(*Dissolver).Run in goroutine 50170
	/home/mariell/go/pkg/mod/github.com/centrifugal/centrifuge@v0.33.3/internal/dissolve/dissolve.go:31 +0x25

goroutine 54615 [select]:
github.com/patrickmn/go-cache.(*janitor).Run(0xc028266400, 0xc02a622c00)
	/home/mariell/go/pkg/mod/github.com/patrickmn/go-cache@v2.1.0+incompatible/cache.go:1079 +0x7b
created by github.com/patrickmn/go-cache.runJanitor in goroutine 54803
	/home/mariell/go/pkg/mod/github.com/patrickmn/go-cache@v2.1.0+incompatible/cache.go:1099 +0xdb

goroutine 74542 [select]:
github.com/patrickmn/go-cache.(*janitor).Run(0xc0427d3f50, 0xc0226fd340)
	/home/mariell/go/pkg/mod/github.com/patrickmn/go-cache@v2.1.0+incompatible/cache.go:1079 +0x7b
created by github.com/patrickmn/go-cache.runJanitor in goroutine 4438
	/home/mariell/go/pkg/mod/github.com/patrickmn/go-cache@v2.1.0+incompatible/cache.go:1099 +0xdb

goroutine 77740 [runnable]:
github.com/centrifugal/centrifuge/internal/dissolve.(*Dissolver).Run.gowrap1()
	/home/mariell/go/pkg/mod/github.com/centrifugal/centrifuge@v0.33.3/internal/dissolve/dissolve.go:31
runtime.goexit({})
	/usr/lib/go/src/runtime/asm_amd64.s:1700 +0x1
created by github.com/centrifugal/centrifuge/internal/dissolve.(*Dissolver).Run in goroutine 56142
	/home/mariell/go/pkg/mod/github.com/centrifugal/centrifuge@v0.33.3/internal/dissolve/dissolve.go:31 +0x25

goroutine 51289 [sync.Cond.Wait]:
sync.runtime_notifyListWait(0xc01afe9210, 0x1)
	/usr/lib/go/src/runtime/sema.go:597 +0x159
sync.(*Cond).Wait(0xc01ab077d0?)
	/usr/lib/go/src/sync/cond.go:71 +0x85
github.com/centrifugal/centrifuge/internal/dissolve.(*queueImpl).Wait(0xc020f245b0)
	/home/mariell/go/pkg/mod/github.com/centrifugal/centrifuge@v0.33.3/internal/dissolve/queue.go:139 +0x4a
github.com/centrifugal/centrifuge/internal/dissolve.(*Dissolver).runWorker(0xc02834aab0)
	/home/mariell/go/pkg/mod/github.com/centrifugal/centrifuge@v0.33.3/internal/dissolve/dissolve.go:52 +0x27
created by github.com/centrifugal/centrifuge/internal/dissolve.(*Dissolver).Run in goroutine 50170
	/home/mariell/go/pkg/mod/github.com/centrifugal/centrifuge@v0.33.3/internal/dissolve/dissolve.go:31 +0x25

goroutine 48486 [IO wait]:
internal/poll.runtime_pollWait(0x777550275160, 0x72)
	/usr/lib/go/src/runtime/netpoll.go:351 +0x85
internal/poll.(*pollDesc).wait(0xc016220480?, 0xc0168af900?, 0x0)
	/usr/lib/go/src/internal/poll/fd_poll_runtime.go:84 +0x27
internal/poll.(*pollDesc).waitRead(...)
	/usr/lib/go/src/internal/poll/fd_poll_runtime.go:89
internal/poll.(*FD).Read(0xc016220480, {0xc0168af900, 0x1300, 0x1300})
	/usr/lib/go/src/internal/poll/fd_unix.go:165 +0x27a
net.(*netFD).Read(0xc016220480, {0xc0168af900?, 0xc000e80008?, 0xc0134dc480?})
	/usr/lib/go/src/net/fd_posix.go:55 +0x25
net.(*conn).Read(0xc0112547f8, {0xc0168af900?, 0x77755938af80?, 0x7775a8b29d58?})
	/usr/lib/go/src/net/net.go:194 +0x45
crypto/tls.(*atLeastReader).Read(0xc008ca4d50, {0xc0168af900?, 0x2a?, 0x5?})
	/usr/lib/go/src/crypto/tls/conn.go:809 +0x3b
bytes.(*Buffer).ReadFrom(0xc01aedc638, {0xa94e300, 0xc008ca4d50})
	/usr/lib/go/src/bytes/buffer.go:211 +0x98
crypto/tls.(*Conn).readFromUntil(0xc01aedc388, {0xa94dc00, 0xc0112547f8}, 0x444af4?)
	/usr/lib/go/src/crypto/tls/conn.go:831 +0xde
crypto/tls.(*Conn).readRecordOrCCS(0xc01aedc388, 0x0)
	/usr/lib/go/src/crypto/tls/conn.go:629 +0x3cf
crypto/tls.(*Conn).readRecord(...)
	/usr/lib/go/src/crypto/tls/conn.go:591
crypto/tls.(*Conn).Read(0xc01aedc388, {0xc0150d4000, 0x1000, 0x7775a8b29d58?})
	/usr/lib/go/src/crypto/tls/conn.go:1385 +0x145
net/http.(*persistConn).Read(0xc01a1c8240, {0xc0150d4000?, 0x4141c5?, 0x68?})
	/usr/lib/go/src/net/http/transport.go:2122 +0x47
bufio.(*Reader).fill(0xc017abf140)
	/usr/lib/go/src/bufio/bufio.go:113 +0x103
bufio.(*Reader).Peek(0xc017abf140, 0x1)
	/usr/lib/go/src/bufio/bufio.go:152 +0x53
net/http.(*persistConn).readLoop(0xc01a1c8240)
	/usr/lib/go/src/net/http/transport.go:2275 +0x172
created by net/http.(*Transport).dialConn in goroutine 46954
	/usr/lib/go/src/net/http/transport.go:1944 +0x174f

goroutine 77726 [select]:
github.com/centrifugal/centrifuge.(*historyHub).expireStreams(0xc048535a00)
	/home/mariell/go/pkg/mod/github.com/centrifugal/centrifuge@v0.33.3/broker_memory.go:298 +0x75
created by github.com/centrifugal/centrifuge.(*historyHub).runCleanups in goroutine 56142
	/home/mariell/go/pkg/mod/github.com/centrifugal/centrifuge@v0.33.3/broker_memory.go:252 +0x56

goroutine 58737 [select]:
k8s.io/apimachinery/pkg/util/wait.BackoffUntil(0xc00caeebc0, {0xa95ac00, 0xc01b418150}, 0x1, 0xc00dd76d20)
	/home/mariell/go/pkg/mod/k8s.io/apimachinery@v0.32.1/pkg/util/wait/backoff.go:238 +0x12c
k8s.io/apimachinery/pkg/util/wait.JitterUntil(0xc00caeebc0, 0x3b9aca00, 0x3ff3333333333333, 0x1, 0xc00dd76d20)
	/home/mariell/go/pkg/mod/k8s.io/apimachinery@v0.32.1/pkg/util/wait/backoff.go:204 +0x7f
created by k8s.io/apiserver/pkg/registry/generic/registry.(*Store).startObservingCount in goroutine 58731
	/home/mariell/go/pkg/mod/k8s.io/apiserver@v0.32.1/pkg/registry/generic/registry/store.go:1666 +0x2f9

goroutine 48204 [chan receive]:
github.com/grafana/grafana/pkg/registry/apis/dashboard/legacy.(*dashboardSqlAccess).WatchWriteEvents.func1()
	/home/mariell/work/oss/grafana/pkg/registry/apis/dashboard/legacy/storage.go:238 +0x50
created by github.com/grafana/grafana/pkg/registry/apis/dashboard/legacy.(*dashboardSqlAccess).WatchWriteEvents in goroutine 48200
	/home/mariell/work/oss/grafana/pkg/registry/apis/dashboard/legacy/storage.go:236 +0x1b6

goroutine 58669 [sync.Cond.Wait]:
sync.runtime_notifyListWait(0xc01f861010, 0x2)
	/usr/lib/go/src/runtime/sema.go:597 +0x159
sync.(*Cond).Wait(0x0?)
	/usr/lib/go/src/sync/cond.go:71 +0x85
github.com/centrifugal/centrifuge/internal/dissolve.(*queueImpl).Wait(0xc01921b6c0)
	/home/mariell/go/pkg/mod/github.com/centrifugal/centrifuge@v0.33.3/internal/dissolve/queue.go:139 +0x4a
github.com/centrifugal/centrifuge/internal/dissolve.(*Dissolver).runWorker(0xc0243b2a20)
	/home/mariell/go/pkg/mod/github.com/centrifugal/centrifuge@v0.33.3/internal/dissolve/dissolve.go:52 +0x27
created by github.com/centrifugal/centrifuge/internal/dissolve.(*Dissolver).Run in goroutine 57831
	/home/mariell/go/pkg/mod/github.com/centrifugal/centrifuge@v0.33.3/internal/dissolve/dissolve.go:31 +0x25

goroutine 48620 [select]:
net/http.(*persistConn).writeLoop(0xc0250d4000)
	/usr/lib/go/src/net/http/transport.go:2590 +0xe7
created by net/http.(*Transport).dialConn in goroutine 47405
	/usr/lib/go/src/net/http/transport.go:1945 +0x17a5

goroutine 77081 [sync.Cond.Wait]:
sync.runtime_notifyListWait(0xc045ae3d50, 0x13)
	/usr/lib/go/src/runtime/sema.go:597 +0x159
sync.(*Cond).Wait(0x0?)
	/usr/lib/go/src/sync/cond.go:71 +0x85
github.com/centrifugal/centrifuge/internal/dissolve.(*queueImpl).Wait(0xc045afb420)
	/home/mariell/go/pkg/mod/github.com/centrifugal/centrifuge@v0.33.3/internal/dissolve/queue.go:139 +0x4a
github.com/centrifugal/centrifuge/internal/dissolve.(*Dissolver).runWorker(0xc034b3a078)
	/home/mariell/go/pkg/mod/github.com/centrifugal/centrifuge@v0.33.3/internal/dissolve/dissolve.go:52 +0x27
created by github.com/centrifugal/centrifuge/internal/dissolve.(*Dissolver).Run in goroutine 4437
	/home/mariell/go/pkg/mod/github.com/centrifugal/centrifuge@v0.33.3/internal/dissolve/dissolve.go:31 +0x25

goroutine 76387 [sync.Cond.Wait]:
sync.runtime_notifyListWait(0xc045376a50, 0x23)
	/usr/lib/go/src/runtime/sema.go:597 +0x159
sync.(*Cond).Wait(0x0?)
	/usr/lib/go/src/sync/cond.go:71 +0x85
github.com/centrifugal/centrifuge/internal/dissolve.(*queueImpl).Wait(0xc0425a5ce0)
	/home/mariell/go/pkg/mod/github.com/centrifugal/centrifuge@v0.33.3/internal/dissolve/queue.go:139 +0x4a
github.com/centrifugal/centrifuge/internal/dissolve.(*Dissolver).runWorker(0xc0272822a0)
	/home/mariell/go/pkg/mod/github.com/centrifugal/centrifuge@v0.33.3/internal/dissolve/dissolve.go:52 +0x27
created by github.com/centrifugal/centrifuge/internal/dissolve.(*Dissolver).Run in goroutine 3349
	/home/mariell/go/pkg/mod/github.com/centrifugal/centrifuge@v0.33.3/internal/dissolve/dissolve.go:31 +0x25

goroutine 76615 [select]:
github.com/centrifugal/centrifuge.(*historyHub).expireStreams(0xc046fd2b00)
	/home/mariell/go/pkg/mod/github.com/centrifugal/centrifuge@v0.33.3/broker_memory.go:298 +0x75
created by github.com/centrifugal/centrifuge.(*historyHub).runCleanups in goroutine 4437
	/home/mariell/go/pkg/mod/github.com/centrifugal/centrifuge@v0.33.3/broker_memory.go:252 +0x56

goroutine 48488 [IO wait]:
internal/poll.runtime_pollWait(0x777550275048, 0x72)
	/usr/lib/go/src/runtime/netpoll.go:351 +0x85
internal/poll.(*pollDesc).wait(0xc016257600?, 0xc0168b0c00?, 0x0)
	/usr/lib/go/src/internal/poll/fd_poll_runtime.go:84 +0x27
internal/poll.(*pollDesc).waitRead(...)
	/usr/lib/go/src/internal/poll/fd_poll_runtime.go:89
internal/poll.(*FD).Read(0xc016257600, {0xc0168b0c00, 0x1300, 0x1300})
	/usr/lib/go/src/internal/poll/fd_unix.go:165 +0x27a
net.(*netFD).Read(0xc016257600, {0xc0168b0c00?, 0xc0168b0c00?, 0x5?})
	/usr/lib/go/src/net/fd_posix.go:55 +0x25
net.(*conn).Read(0xc02464c990, {0xc0168b0c00?, 0x77755041e7a8?, 0x7775a8b298a0?})
	/usr/lib/go/src/net/net.go:194 +0x45
crypto/tls.(*atLeastReader).Read(0xc027e41c98, {0xc0168b0c00?, 0xe0?, 0x1?})
	/usr/lib/go/src/crypto/tls/conn.go:809 +0x3b
bytes.(*Buffer).ReadFrom(0xc01285d7b8, {0xa94e300, 0xc027e41c98})
	/usr/lib/go/src/bytes/buffer.go:211 +0x98
crypto/tls.(*Conn).readFromUntil(0xc01285d508, {0xa94dc00, 0xc02464c990}, 0x444af4?)
	/usr/lib/go/src/crypto/tls/conn.go:831 +0xde
crypto/tls.(*Conn).readRecordOrCCS(0xc01285d508, 0x0)
	/usr/lib/go/src/crypto/tls/conn.go:629 +0x3cf
crypto/tls.(*Conn).readRecord(...)
	/usr/lib/go/src/crypto/tls/conn.go:591
crypto/tls.(*Conn).Read(0xc01285d508, {0xc0150ed000, 0x1000, 0xc01b1d8e70?})
	/usr/lib/go/src/crypto/tls/conn.go:1385 +0x145
net/http.(*persistConn).Read(0xc025146000, {0xc0150ed000?, 0x81fe45?, 0xa94be80?})
	/usr/lib/go/src/net/http/transport.go:2122 +0x47
bufio.(*Reader).fill(0xc01a9f90e0)
	/usr/lib/go/src/bufio/bufio.go:113 +0x103
bufio.(*Reader).Peek(0xc01a9f90e0, 0x1)
	/usr/lib/go/src/bufio/bufio.go:152 +0x53
net/http.(*persistConn).readLoop(0xc025146000)
	/usr/lib/go/src/net/http/transport.go:2275 +0x172
created by net/http.(*Transport).dialConn in goroutine 48467
	/usr/lib/go/src/net/http/transport.go:1944 +0x174f

goroutine 57794 [select]:
k8s.io/apimachinery/pkg/util/wait.BackoffUntil(0xc02a490680, {0xa95ac00, 0xc02981d200}, 0x1, 0xc029a89e30)
	/home/mariell/go/pkg/mod/k8s.io/apimachinery@v0.32.1/pkg/util/wait/backoff.go:238 +0x12c
k8s.io/apimachinery/pkg/util/wait.JitterUntil(0xc02a490680, 0x3b9aca00, 0x3ff3333333333333, 0x1, 0xc029a89e30)
	/home/mariell/go/pkg/mod/k8s.io/apimachinery@v0.32.1/pkg/util/wait/backoff.go:204 +0x7f
created by k8s.io/apiserver/pkg/registry/generic/registry.(*Store).startObservingCount in goroutine 56256
	/home/mariell/go/pkg/mod/k8s.io/apiserver@v0.32.1/pkg/registry/generic/registry/store.go:1666 +0x2f9

goroutine 58901 [sync.Cond.Wait]:
sync.runtime_notifyListWait(0xc01f861010, 0x1d)
	/usr/lib/go/src/runtime/sema.go:597 +0x159
sync.(*Cond).Wait(0xc00cdc5fd0?)
	/usr/lib/go/src/sync/cond.go:71 +0x85
github.com/centrifugal/centrifuge/internal/dissolve.(*queueImpl).Wait(0xc01921b6c0)
	/home/mariell/go/pkg/mod/github.com/centrifugal/centrifuge@v0.33.3/internal/dissolve/queue.go:139 +0x4a
github.com/centrifugal/centrifuge/internal/dissolve.(*Dissolver).runWorker(0xc0243b2a20)
	/home/mariell/go/pkg/mod/github.com/centrifugal/centrifuge@v0.33.3/internal/dissolve/dissolve.go:52 +0x27
created by github.com/centrifugal/centrifuge/internal/dissolve.(*Dissolver).Run in goroutine 57831
	/home/mariell/go/pkg/mod/github.com/centrifugal/centrifuge@v0.33.3/internal/dissolve/dissolve.go:31 +0x25

goroutine 77355 [sync.Cond.Wait]:
sync.runtime_notifyListWait(0xc045ae3d50, 0x25)
	/usr/lib/go/src/runtime/sema.go:597 +0x159
sync.(*Cond).Wait(0xc02ab9d7d0?)
	/usr/lib/go/src/sync/cond.go:71 +0x85
github.com/centrifugal/centrifuge/internal/dissolve.(*queueImpl).Wait(0xc045afb420)
	/home/mariell/go/pkg/mod/github.com/centrifugal/centrifuge@v0.33.3/internal/dissolve/queue.go:139 +0x4a
github.com/centrifugal/centrifuge/internal/dissolve.(*Dissolver).runWorker(0xc034b3a078)
	/home/mariell/go/pkg/mod/github.com/centrifugal/centrifuge@v0.33.3/internal/dissolve/dissolve.go:52 +0x27
created by github.com/centrifugal/centrifuge/internal/dissolve.(*Dissolver).Run in goroutine 4437
	/home/mariell/go/pkg/mod/github.com/centrifugal/centrifuge@v0.33.3/internal/dissolve/dissolve.go:31 +0x25

goroutine 51335 [sync.Cond.Wait]:
sync.runtime_notifyListWait(0xc01afe9210, 0x31)
	/usr/lib/go/src/runtime/sema.go:597 +0x159
sync.(*Cond).Wait(0x0?)
	/usr/lib/go/src/sync/cond.go:71 +0x85
github.com/centrifugal/centrifuge/internal/dissolve.(*queueImpl).Wait(0xc020f245b0)
	/home/mariell/go/pkg/mod/github.com/centrifugal/centrifuge@v0.33.3/internal/dissolve/queue.go:139 +0x4a
github.com/centrifugal/centrifuge/internal/dissolve.(*Dissolver).runWorker(0xc02834aab0)
	/home/mariell/go/pkg/mod/github.com/centrifugal/centrifuge@v0.33.3/internal/dissolve/dissolve.go:52 +0x27
created by github.com/centrifugal/centrifuge/internal/dissolve.(*Dissolver).Run in goroutine 50170
	/home/mariell/go/pkg/mod/github.com/centrifugal/centrifuge@v0.33.3/internal/dissolve/dissolve.go:31 +0x25

goroutine 59357 [select]:
database/sql.(*DB).connectionCleaner(0xc024cc4340, 0xc01416b260?)
	/usr/lib/go/src/database/sql/sql.go:1104 +0x9c
created by database/sql.(*DB).startCleanerLocked in goroutine 4439
	/usr/lib/go/src/database/sql/sql.go:1091 +0x105

goroutine 52846 [sync.Cond.Wait]:
sync.runtime_notifyListWait(0xc0301d0dd0, 0xa)
	/usr/lib/go/src/runtime/sema.go:597 +0x159
sync.(*Cond).Wait(0xc02274d7d0?)
	/usr/lib/go/src/sync/cond.go:71 +0x85
github.com/centrifugal/centrifuge/internal/dissolve.(*queueImpl).Wait(0xc030230380)
	/home/mariell/go/pkg/mod/github.com/centrifugal/centrifuge@v0.33.3/internal/dissolve/queue.go:139 +0x4a
github.com/centrifugal/centrifuge/internal/dissolve.(*Dissolver).runWorker(0xc008ba75c0)
	/home/mariell/go/pkg/mod/github.com/centrifugal/centrifuge@v0.33.3/internal/dissolve/dissolve.go:52 +0x27
created by github.com/centrifugal/centrifuge/internal/dissolve.(*Dissolver).Run in goroutine 51765
	/home/mariell/go/pkg/mod/github.com/centrifugal/centrifuge@v0.33.3/internal/dissolve/dissolve.go:31 +0x25

goroutine 48489 [select]:
net/http.(*persistConn).writeLoop(0xc025146000)
	/usr/lib/go/src/net/http/transport.go:2590 +0xe7
created by net/http.(*Transport).dialConn in goroutine 48467
	/usr/lib/go/src/net/http/transport.go:1945 +0x17a5

goroutine 58773 [select]:
github.com/grafana/grafana/pkg/storage/unified/resource.(*cache[...]).run(0xc02925df98)
	/home/mariell/work/oss/grafana/pkg/storage/unified/resource/broadcaster.go:291 +0xb0
created by github.com/grafana/grafana/pkg/storage/unified/resource.newChannelCache[...] in goroutine 57831
	/home/mariell/work/oss/grafana/pkg/storage/unified/resource/broadcaster.go:276 +0x189

goroutine 74479 [select]:
github.com/grafana/grafana/pkg/storage/unified/resource.(*cache[...]).run(0xc04225ecd0)
	/home/mariell/work/oss/grafana/pkg/storage/unified/resource/broadcaster.go:291 +0xb0
created by github.com/grafana/grafana/pkg/storage/unified/resource.newChannelCache[...] in goroutine 22317
	/home/mariell/work/oss/grafana/pkg/storage/unified/resource/broadcaster.go:276 +0x189

goroutine 53250 [select]:
k8s.io/apimachinery/pkg/util/wait.BackoffUntil(0xc029465700, {0xa95ac00, 0xc03083d5c0}, 0x1, 0xc014682d90)
	/home/mariell/go/pkg/mod/k8s.io/apimachinery@v0.32.1/pkg/util/wait/backoff.go:238 +0x12c
k8s.io/apimachinery/pkg/util/wait.JitterUntil(0xc029465700, 0x3b9aca00, 0x3ff3333333333333, 0x1, 0xc014682d90)
	/home/mariell/go/pkg/mod/k8s.io/apimachinery@v0.32.1/pkg/util/wait/backoff.go:204 +0x7f
created by k8s.io/apiserver/pkg/registry/generic/registry.(*Store).startObservingCount in goroutine 53139
	/home/mariell/go/pkg/mod/k8s.io/apiserver@v0.32.1/pkg/registry/generic/registry/store.go:1666 +0x2f9

goroutine 54344 [sync.Cond.Wait]:
sync.runtime_notifyListWait(0xc02667f850, 0x8)
	/usr/lib/go/src/runtime/sema.go:597 +0x159
sync.(*Cond).Wait(0x4709340?)
	/usr/lib/go/src/sync/cond.go:71 +0x85
github.com/centrifugal/centrifuge/internal/dissolve.(*queueImpl).Wait(0xc029e6aa10)
	/home/mariell/go/pkg/mod/github.com/centrifugal/centrifuge@v0.33.3/internal/dissolve/queue.go:139 +0x4a
github.com/centrifugal/centrifuge/internal/dissolve.(*Dissolver).runWorker(0xc015fed548)
	/home/mariell/go/pkg/mod/github.com/centrifugal/centrifuge@v0.33.3/internal/dissolve/dissolve.go:52 +0x27
created by github.com/centrifugal/centrifuge/internal/dissolve.(*Dissolver).Run in goroutine 53243
	/home/mariell/go/pkg/mod/github.com/centrifugal/centrifuge@v0.33.3/internal/dissolve/dissolve.go:31 +0x25

goroutine 75679 [sync.Cond.Wait]:
sync.runtime_notifyListWait(0xc0260a7e90, 0x0)
	/usr/lib/go/src/runtime/sema.go:597 +0x159
sync.(*Cond).Wait(0xc03d59dfd0?)
	/usr/lib/go/src/sync/cond.go:71 +0x85
github.com/centrifugal/centrifuge/internal/dissolve.(*queueImpl).Wait(0xc044618930)
	/home/mariell/go/pkg/mod/github.com/centrifugal/centrifuge@v0.33.3/internal/dissolve/queue.go:139 +0x4a
github.com/centrifugal/centrifuge/internal/dissolve.(*Dissolver).runWorker(0xc031b01698)
	/home/mariell/go/pkg/mod/github.com/centrifugal/centrifuge@v0.33.3/internal/dissolve/dissolve.go:52 +0x27
created by github.com/centrifugal/centrifuge/internal/dissolve.(*Dissolver).Run in goroutine 22318
	/home/mariell/go/pkg/mod/github.com/centrifugal/centrifuge@v0.33.3/internal/dissolve/dissolve.go:31 +0x25

goroutine 58736 [select]:
k8s.io/apimachinery/pkg/util/wait.BackoffUntil(0xc00caeea80, {0xa95ac00, 0xc015ed6b40}, 0x1, 0xc00dd76cb0)
	/home/mariell/go/pkg/mod/k8s.io/apimachinery@v0.32.1/pkg/util/wait/backoff.go:238 +0x12c
k8s.io/apimachinery/pkg/util/wait.JitterUntil(0xc00caeea80, 0x3b9aca00, 0x3ff3333333333333, 0x1, 0xc00dd76cb0)
	/home/mariell/go/pkg/mod/k8s.io/apimachinery@v0.32.1/pkg/util/wait/backoff.go:204 +0x7f
created by k8s.io/apiserver/pkg/registry/generic/registry.(*Store).startObservingCount in goroutine 58731
	/home/mariell/go/pkg/mod/k8s.io/apiserver@v0.32.1/pkg/registry/generic/registry/store.go:1666 +0x2f9

goroutine 49761 [IO wait]:
internal/poll.runtime_pollWait(0x7775504bf368, 0x72)
	/usr/lib/go/src/runtime/netpoll.go:351 +0x85
internal/poll.(*pollDesc).wait(0xc01e680d00?, 0xc0167d8600?, 0x0)
	/usr/lib/go/src/internal/poll/fd_poll_runtime.go:84 +0x27
internal/poll.(*pollDesc).waitRead(...)
	/usr/lib/go/src/internal/poll/fd_poll_runtime.go:89
internal/poll.(*FD).Read(0xc01e680d00, {0xc0167d8600, 0x1300, 0x1300})
	/usr/lib/go/src/internal/poll/fd_unix.go:165 +0x27a
net.(*netFD).Read(0xc01e680d00, {0xc0167d8600?, 0x0?, 0x1c01424e000?})
	/usr/lib/go/src/net/fd_posix.go:55 +0x25
net.(*conn).Read(0xc006a14000, {0xc0167d8600?, 0x7775585eeb70?, 0x7775a8b28f30?})
	/usr/lib/go/src/net/net.go:194 +0x45
crypto/tls.(*atLeastReader).Read(0xc027724e10, {0xc0167d8600?, 0x4247a5?, 0x0?})
	/usr/lib/go/src/crypto/tls/conn.go:809 +0x3b
bytes.(*Buffer).ReadFrom(0xc026ffd0b8, {0xa94e300, 0xc027724e10})
	/usr/lib/go/src/bytes/buffer.go:211 +0x98
crypto/tls.(*Conn).readFromUntil(0xc026ffce08, {0xa94dc00, 0xc006a14000}, 0x444af4?)
	/usr/lib/go/src/crypto/tls/conn.go:831 +0xde
crypto/tls.(*Conn).readRecordOrCCS(0xc026ffce08, 0x0)
	/usr/lib/go/src/crypto/tls/conn.go:629 +0x3cf
crypto/tls.(*Conn).readRecord(...)
	/usr/lib/go/src/crypto/tls/conn.go:591
crypto/tls.(*Conn).Read(0xc026ffce08, {0xc01e627000, 0x1000, 0x7775a8b28f30?})
	/usr/lib/go/src/crypto/tls/conn.go:1385 +0x145
net/http.(*persistConn).Read(0xc025772120, {0xc01e627000?, 0x4141c5?, 0x68?})
	/usr/lib/go/src/net/http/transport.go:2122 +0x47
bufio.(*Reader).fill(0xc01be04060)
	/usr/lib/go/src/bufio/bufio.go:113 +0x103
bufio.(*Reader).Peek(0xc01be04060, 0x1)
	/usr/lib/go/src/bufio/bufio.go:152 +0x53
net/http.(*persistConn).readLoop(0xc025772120)
	/usr/lib/go/src/net/http/transport.go:2275 +0x172
created by net/http.(*Transport).dialConn in goroutine 50173
	/usr/lib/go/src/net/http/transport.go:1944 +0x174f

goroutine 54345 [sync.Cond.Wait]:
sync.runtime_notifyListWait(0xc02667f850, 0x9)
	/usr/lib/go/src/runtime/sema.go:597 +0x159
sync.(*Cond).Wait(0x7f66560?)
	/usr/lib/go/src/sync/cond.go:71 +0x85
github.com/centrifugal/centrifuge/internal/dissolve.(*queueImpl).Wait(0xc029e6aa10)
	/home/mariell/go/pkg/mod/github.com/centrifugal/centrifuge@v0.33.3/internal/dissolve/queue.go:139 +0x4a
github.com/centrifugal/centrifuge/internal/dissolve.(*Dissolver).runWorker(0xc015fed548)
	/home/mariell/go/pkg/mod/github.com/centrifugal/centrifuge@v0.33.3/internal/dissolve/dissolve.go:52 +0x27
created by github.com/centrifugal/centrifuge/internal/dissolve.(*Dissolver).Run in goroutine 53243
	/home/mariell/go/pkg/mod/github.com/centrifugal/centrifuge@v0.33.3/internal/dissolve/dissolve.go:31 +0x25

goroutine 48619 [IO wait]:
internal/poll.runtime_pollWait(0x777550274f30, 0x72)
	/usr/lib/go/src/runtime/netpoll.go:351 +0x85
internal/poll.(*pollDesc).wait(0xc01de33380?, 0xc00c56ac00?, 0x0)
	/usr/lib/go/src/internal/poll/fd_poll_runtime.go:84 +0x27
internal/poll.(*pollDesc).waitRead(...)
	/usr/lib/go/src/internal/poll/fd_poll_runtime.go:89
internal/poll.(*FD).Read(0xc01de33380, {0xc00c56ac00, 0x1300, 0x1300})
	/usr/lib/go/src/internal/poll/fd_unix.go:165 +0x27a
net.(*netFD).Read(0xc01de33380, {0xc00c56ac00?, 0x0?, 0x0?})
	/usr/lib/go/src/net/fd_posix.go:55 +0x25
net.(*conn).Read(0xc00ca86020, {0xc00c56ac00?, 0x7775502c6d08?, 0x7775a8b29d58?})
	/usr/lib/go/src/net/net.go:194 +0x45
crypto/tls.(*atLeastReader).Read(0xc02527c090, {0xc00c56ac00?, 0x0?, 0x0?})
	/usr/lib/go/src/crypto/tls/conn.go:809 +0x3b
bytes.(*Buffer).ReadFrom(0xc0130710b8, {0xa94e300, 0xc02527c090})
	/usr/lib/go/src/bytes/buffer.go:211 +0x98
crypto/tls.(*Conn).readFromUntil(0xc013070e08, {0xa94dc00, 0xc00ca86020}, 0x444af4?)
	/usr/lib/go/src/crypto/tls/conn.go:831 +0xde
crypto/tls.(*Conn).readRecordOrCCS(0xc013070e08, 0x0)
	/usr/lib/go/src/crypto/tls/conn.go:629 +0x3cf
crypto/tls.(*Conn).readRecord(...)
	/usr/lib/go/src/crypto/tls/conn.go:591
crypto/tls.(*Conn).Read(0xc013070e08, {0xc01518b000, 0x1000, 0x7775a8b29d58?})
	/usr/lib/go/src/crypto/tls/conn.go:1385 +0x145
net/http.(*persistConn).Read(0xc0250d4000, {0xc01518b000?, 0x4141c5?, 0x68?})
	/usr/lib/go/src/net/http/transport.go:2122 +0x47
bufio.(*Reader).fill(0xc01ad9d5c0)
	/usr/lib/go/src/bufio/bufio.go:113 +0x103
bufio.(*Reader).Peek(0xc01ad9d5c0, 0x1)
	/usr/lib/go/src/bufio/bufio.go:152 +0x53
net/http.(*persistConn).readLoop(0xc0250d4000)
	/usr/lib/go/src/net/http/transport.go:2275 +0x172
created by net/http.(*Transport).dialConn in goroutine 47405
	/usr/lib/go/src/net/http/transport.go:1944 +0x174f

goroutine 54377 [sync.Cond.Wait]:
sync.runtime_notifyListWait(0xc02667f850, 0x2d)
	/usr/lib/go/src/runtime/sema.go:597 +0x159
sync.(*Cond).Wait(0xc0237b97d0?)
	/usr/lib/go/src/sync/cond.go:71 +0x85
github.com/centrifugal/centrifuge/internal/dissolve.(*queueImpl).Wait(0xc029e6aa10)
	/home/mariell/go/pkg/mod/github.com/centrifugal/centrifuge@v0.33.3/internal/dissolve/queue.go:139 +0x4a
github.com/centrifugal/centrifuge/internal/dissolve.(*Dissolver).runWorker(0xc015fed548)
	/home/mariell/go/pkg/mod/github.com/centrifugal/centrifuge@v0.33.3/internal/dissolve/dissolve.go:52 +0x27
created by github.com/centrifugal/centrifuge/internal/dissolve.(*Dissolver).Run in goroutine 53243
	/home/mariell/go/pkg/mod/github.com/centrifugal/centrifuge@v0.33.3/internal/dissolve/dissolve.go:31 +0x25

goroutine 48487 [select]:
net/http.(*persistConn).writeLoop(0xc01a1c8240)
	/usr/lib/go/src/net/http/transport.go:2590 +0xe7
created by net/http.(*Transport).dialConn in goroutine 46954
	/usr/lib/go/src/net/http/transport.go:1945 +0x17a5

goroutine 51304 [sync.Cond.Wait]:
sync.runtime_notifyListWait(0xc01afe9210, 0xf)
	/usr/lib/go/src/runtime/sema.go:597 +0x159
sync.(*Cond).Wait(0x0?)
	/usr/lib/go/src/sync/cond.go:71 +0x85
github.com/centrifugal/centrifuge/internal/dissolve.(*queueImpl).Wait(0xc020f245b0)
	/home/mariell/go/pkg/mod/github.com/centrifugal/centrifuge@v0.33.3/internal/dissolve/queue.go:139 +0x4a
github.com/centrifugal/centrifuge/internal/dissolve.(*Dissolver).runWorker(0xc02834aab0)
	/home/mariell/go/pkg/mod/github.com/centrifugal/centrifuge@v0.33.3/internal/dissolve/dissolve.go:52 +0x27
created by github.com/centrifugal/centrifuge/internal/dissolve.(*Dissolver).Run in goroutine 50170
	/home/mariell/go/pkg/mod/github.com/centrifugal/centrifuge@v0.33.3/internal/dissolve/dissolve.go:31 +0x25

goroutine 51340 [sync.Cond.Wait]:
sync.runtime_notifyListWait(0xc01afe9210, 0x38)
	/usr/lib/go/src/runtime/sema.go:597 +0x159
sync.(*Cond).Wait(0x0?)
	/usr/lib/go/src/sync/cond.go:71 +0x85
github.com/centrifugal/centrifuge/internal/dissolve.(*queueImpl).Wait(0xc020f245b0)
	/home/mariell/go/pkg/mod/github.com/centrifugal/centrifuge@v0.33.3/internal/dissolve/queue.go:139 +0x4a
github.com/centrifugal/centrifuge/internal/dissolve.(*Dissolver).runWorker(0xc02834aab0)
	/home/mariell/go/pkg/mod/github.com/centrifugal/centrifuge@v0.33.3/internal/dissolve/dissolve.go:52 +0x27
created by github.com/centrifugal/centrifuge/internal/dissolve.(*Dissolver).Run in goroutine 50170
	/home/mariell/go/pkg/mod/github.com/centrifugal/centrifuge@v0.33.3/internal/dissolve/dissolve.go:31 +0x25

goroutine 51291 [sync.Cond.Wait]:
sync.runtime_notifyListWait(0xc01afe9210, 0x2d)
	/usr/lib/go/src/runtime/sema.go:597 +0x159
sync.(*Cond).Wait(0x0?)
	/usr/lib/go/src/sync/cond.go:71 +0x85
github.com/centrifugal/centrifuge/internal/dissolve.(*queueImpl).Wait(0xc020f245b0)
	/home/mariell/go/pkg/mod/github.com/centrifugal/centrifuge@v0.33.3/internal/dissolve/queue.go:139 +0x4a
github.com/centrifugal/centrifuge/internal/dissolve.(*Dissolver).runWorker(0xc02834aab0)
	/home/mariell/go/pkg/mod/github.com/centrifugal/centrifuge@v0.33.3/internal/dissolve/dissolve.go:52 +0x27
created by github.com/centrifugal/centrifuge/internal/dissolve.(*Dissolver).Run in goroutine 50170
	/home/mariell/go/pkg/mod/github.com/centrifugal/centrifuge@v0.33.3/internal/dissolve/dissolve.go:31 +0x25

goroutine 51329 [sync.Cond.Wait]:
sync.runtime_notifyListWait(0xc01afe9210, 0x28)
	/usr/lib/go/src/runtime/sema.go:597 +0x159
sync.(*Cond).Wait(0x0?)
	/usr/lib/go/src/sync/cond.go:71 +0x85
github.com/centrifugal/centrifuge/internal/dissolve.(*queueImpl).Wait(0xc020f245b0)
	/home/mariell/go/pkg/mod/github.com/centrifugal/centrifuge@v0.33.3/internal/dissolve/queue.go:139 +0x4a
github.com/centrifugal/centrifuge/internal/dissolve.(*Dissolver).runWorker(0xc02834aab0)
	/home/mariell/go/pkg/mod/github.com/centrifugal/centrifuge@v0.33.3/internal/dissolve/dissolve.go:52 +0x27
created by github.com/centrifugal/centrifuge/internal/dissolve.(*Dissolver).Run in goroutine 50170
	/home/mariell/go/pkg/mod/github.com/centrifugal/centrifuge@v0.33.3/internal/dissolve/dissolve.go:31 +0x25

goroutine 74064 [select]:
github.com/patrickmn/go-cache.(*janitor).Run(0xc038fa8810, 0xc0383a8c40)
	/home/mariell/go/pkg/mod/github.com/patrickmn/go-cache@v2.1.0+incompatible/cache.go:1079 +0x7b
created by github.com/patrickmn/go-cache.runJanitor in goroutine 3350
	/home/mariell/go/pkg/mod/github.com/patrickmn/go-cache@v2.1.0+incompatible/cache.go:1099 +0xdb

goroutine 74573 [select]:
github.com/centrifugal/centrifuge.(*MemoryBroker).expireResultCache(0xc042a00200)
	/home/mariell/go/pkg/mod/github.com/centrifugal/centrifuge@v0.33.3/broker_memory.go:160 +0x68
created by github.com/centrifugal/centrifuge.(*MemoryBroker).Run in goroutine 4438
	/home/mariell/go/pkg/mod/github.com/centrifugal/centrifuge@v0.33.3/broker_memory.go:73 +0x7f

goroutine 78022 [runnable]:
github.com/centrifugal/centrifuge/internal/dissolve.(*Dissolver).Run.gowrap1()
	/home/mariell/go/pkg/mod/github.com/centrifugal/centrifuge@v0.33.3/internal/dissolve/dissolve.go:31
runtime.goexit({})
	/usr/lib/go/src/runtime/asm_amd64.s:1700 +0x1
created by github.com/centrifugal/centrifuge/internal/dissolve.(*Dissolver).Run in goroutine 3350
	/home/mariell/go/pkg/mod/github.com/centrifugal/centrifuge@v0.33.3/internal/dissolve/dissolve.go:31 +0x25

goroutine 77739 [runnable]:
github.com/centrifugal/centrifuge/internal/dissolve.(*Dissolver).Run.gowrap1()
	/home/mariell/go/pkg/mod/github.com/centrifugal/centrifuge@v0.33.3/internal/dissolve/dissolve.go:31
runtime.goexit({})
	/usr/lib/go/src/runtime/asm_amd64.s:1700 +0x1
created by github.com/centrifugal/centrifuge/internal/dissolve.(*Dissolver).Run in goroutine 56142
	/home/mariell/go/pkg/mod/github.com/centrifugal/centrifuge@v0.33.3/internal/dissolve/dissolve.go:31 +0x25

goroutine 77357 [sync.Cond.Wait]:
sync.runtime_notifyListWait(0xc045ae3d50, 0x27)
	/usr/lib/go/src/runtime/sema.go:597 +0x159
sync.(*Cond).Wait(0xc0233bcfd0?)
	/usr/lib/go/src/sync/cond.go:71 +0x85
github.com/centrifugal/centrifuge/internal/dissolve.(*queueImpl).Wait(0xc045afb420)
	/home/mariell/go/pkg/mod/github.com/centrifugal/centrifuge@v0.33.3/internal/dissolve/queue.go:139 +0x4a
github.com/centrifugal/centrifuge/internal/dissolve.(*Dissolver).runWorker(0xc034b3a078)
	/home/mariell/go/pkg/mod/github.com/centrifugal/centrifuge@v0.33.3/internal/dissolve/dissolve.go:52 +0x27
created by github.com/centrifugal/centrifuge/internal/dissolve.(*Dissolver).Run in goroutine 4437
	/home/mariell/go/pkg/mod/github.com/centrifugal/centrifuge@v0.33.3/internal/dissolve/dissolve.go:31 +0x25

goroutine 54745 [select]:
k8s.io/apimachinery/pkg/util/wait.BackoffUntil(0xc028d07580, {0xa95ac00, 0xc02b6d1620}, 0x1, 0xc02482ec40)
	/home/mariell/go/pkg/mod/k8s.io/apimachinery@v0.32.1/pkg/util/wait/backoff.go:238 +0x12c
k8s.io/apimachinery/pkg/util/wait.JitterUntil(0xc028d07580, 0x3b9aca00, 0x3ff3333333333333, 0x1, 0xc02482ec40)
	/home/mariell/go/pkg/mod/k8s.io/apimachinery@v0.32.1/pkg/util/wait/backoff.go:204 +0x7f
created by k8s.io/apiserver/pkg/registry/generic/registry.(*Store).startObservingCount in goroutine 51745
	/home/mariell/go/pkg/mod/k8s.io/apiserver@v0.32.1/pkg/registry/generic/registry/store.go:1666 +0x2f9

goroutine 49784 [sync.Cond.Wait]:
sync.runtime_notifyListWait(0xc028e24c90, 0x24)
	/usr/lib/go/src/runtime/sema.go:597 +0x159
sync.(*Cond).Wait(0xc0161fc7d0?)
	/usr/lib/go/src/sync/cond.go:71 +0x85
github.com/centrifugal/centrifuge/internal/dissolve.(*queueImpl).Wait(0xc028e3d810)
	/home/mariell/go/pkg/mod/github.com/centrifugal/centrifuge@v0.33.3/internal/dissolve/queue.go:139 +0x4a
github.com/centrifugal/centrifuge/internal/dissolve.(*Dissolver).runWorker(0xc028d11578)
	/home/mariell/go/pkg/mod/github.com/centrifugal/centrifuge@v0.33.3/internal/dissolve/dissolve.go:52 +0x27
created by github.com/centrifugal/centrifuge/internal/dissolve.(*Dissolver).Run in goroutine 48632
	/home/mariell/go/pkg/mod/github.com/centrifugal/centrifuge@v0.33.3/internal/dissolve/dissolve.go:31 +0x25

goroutine 74906 [chan receive]:
github.com/grafana/grafana/pkg/storage/unified/sql.(*channelNotifier).notify.func1()
	/home/mariell/work/oss/grafana/pkg/storage/unified/sql/notifier.go:87 +0x39
created by github.com/grafana/grafana/pkg/storage/unified/sql.(*channelNotifier).notify in goroutine 22318
	/home/mariell/work/oss/grafana/pkg/storage/unified/sql/notifier.go:86 +0xdb

goroutine 53228 [IO wait]:
internal/poll.runtime_pollWait(0x7775504beaa8, 0x72)
	/usr/lib/go/src/runtime/netpoll.go:351 +0x85
internal/poll.(*pollDesc).wait(0xc025360980?, 0xc01f124c00?, 0x0)
	/usr/lib/go/src/internal/poll/fd_poll_runtime.go:84 +0x27
internal/poll.(*pollDesc).waitRead(...)
	/usr/lib/go/src/internal/poll/fd_poll_runtime.go:89
internal/poll.(*FD).Read(0xc025360980, {0xc01f124c00, 0x1300, 0x1300})
	/usr/lib/go/src/internal/poll/fd_unix.go:165 +0x27a
net.(*netFD).Read(0xc025360980, {0xc01f124c00?, 0xc01f124c00?, 0x5?})
	/usr/lib/go/src/net/fd_posix.go:55 +0x25
net.(*conn).Read(0xc01a9dc668, {0xc01f124c00?, 0x7775502cf478?, 0x7775a8b2a6c8?})
	/usr/lib/go/src/net/net.go:194 +0x45
crypto/tls.(*atLeastReader).Read(0xc0253d3338, {0xc01f124c00?, 0x12fb?, 0x0?})
	/usr/lib/go/src/crypto/tls/conn.go:809 +0x3b
bytes.(*Buffer).ReadFrom(0xc022134638, {0xa94e300, 0xc0253d3338})
	/usr/lib/go/src/bytes/buffer.go:211 +0x98
crypto/tls.(*Conn).readFromUntil(0xc022134388, {0xa94dc00, 0xc01a9dc668}, 0x444af4?)
	/usr/lib/go/src/crypto/tls/conn.go:831 +0xde
crypto/tls.(*Conn).readRecordOrCCS(0xc022134388, 0x0)
	/usr/lib/go/src/crypto/tls/conn.go:629 +0x3cf
crypto/tls.(*Conn).readRecord(...)
	/usr/lib/go/src/crypto/tls/conn.go:591
crypto/tls.(*Conn).Read(0xc022134388, {0xc029ab7000, 0x1000, 0xc03083d2f0?})
	/usr/lib/go/src/crypto/tls/conn.go:1385 +0x145
net/http.(*persistConn).Read(0xc01a1fd680, {0xc029ab7000?, 0x81fe45?, 0xa94be80?})
	/usr/lib/go/src/net/http/transport.go:2122 +0x47
bufio.(*Reader).fill(0xc01e941ce0)
	/usr/lib/go/src/bufio/bufio.go:113 +0x103
bufio.(*Reader).Peek(0xc01e941ce0, 0x1)
	/usr/lib/go/src/bufio/bufio.go:152 +0x53
net/http.(*persistConn).readLoop(0xc01a1fd680)
	/usr/lib/go/src/net/http/transport.go:2275 +0x172
created by net/http.(*Transport).dialConn in goroutine 53235
	/usr/lib/go/src/net/http/transport.go:1944 +0x174f

goroutine 55917 [sync.Cond.Wait]:
sync.runtime_notifyListWait(0xc022793e10, 0x38)
	/usr/lib/go/src/runtime/sema.go:597 +0x159
sync.(*Cond).Wait(0x0?)
	/usr/lib/go/src/sync/cond.go:71 +0x85
github.com/centrifugal/centrifuge/internal/dissolve.(*queueImpl).Wait(0xc01100c540)
	/home/mariell/go/pkg/mod/github.com/centrifugal/centrifuge@v0.33.3/internal/dissolve/queue.go:139 +0x4a
github.com/centrifugal/centrifuge/internal/dissolve.(*Dissolver).runWorker(0xc02431b8f0)
	/home/mariell/go/pkg/mod/github.com/centrifugal/centrifuge@v0.33.3/internal/dissolve/dissolve.go:52 +0x27
created by github.com/centrifugal/centrifuge/internal/dissolve.(*Dissolver).Run in goroutine 54803
	/home/mariell/go/pkg/mod/github.com/centrifugal/centrifuge@v0.33.3/internal/dissolve/dissolve.go:31 +0x25

goroutine 52887 [sync.Cond.Wait]:
sync.runtime_notifyListWait(0xc0301d0dd0, 0x33)
	/usr/lib/go/src/runtime/sema.go:597 +0x159
sync.(*Cond).Wait(0x800001ed?)
	/usr/lib/go/src/sync/cond.go:71 +0x85
github.com/centrifugal/centrifuge/internal/dissolve.(*queueImpl).Wait(0xc030230380)
	/home/mariell/go/pkg/mod/github.com/centrifugal/centrifuge@v0.33.3/internal/dissolve/queue.go:139 +0x4a
github.com/centrifugal/centrifuge/internal/dissolve.(*Dissolver).runWorker(0xc008ba75c0)
	/home/mariell/go/pkg/mod/github.com/centrifugal/centrifuge@v0.33.3/internal/dissolve/dissolve.go:52 +0x27
created by github.com/centrifugal/centrifuge/internal/dissolve.(*Dissolver).Run in goroutine 51765
	/home/mariell/go/pkg/mod/github.com/centrifugal/centrifuge@v0.33.3/internal/dissolve/dissolve.go:31 +0x25

goroutine 78033 [runnable]:
github.com/centrifugal/centrifuge/internal/dissolve.(*Dissolver).Run.gowrap1()
	/home/mariell/go/pkg/mod/github.com/centrifugal/centrifuge@v0.33.3/internal/dissolve/dissolve.go:31
runtime.goexit({})
	/usr/lib/go/src/runtime/asm_amd64.s:1700 +0x1
created by github.com/centrifugal/centrifuge/internal/dissolve.(*Dissolver).Run in goroutine 3350
	/home/mariell/go/pkg/mod/github.com/centrifugal/centrifuge@v0.33.3/internal/dissolve/dissolve.go:31 +0x25

goroutine 49639 [chan receive]:
github.com/grafana/grafana/pkg/storage/unified/resource.(*server).initWatcher.func1.1()
	/home/mariell/work/oss/grafana/pkg/storage/unified/resource/server.go:922 +0x58
created by github.com/grafana/grafana/pkg/storage/unified/resource.(*server).initWatcher.func1 in goroutine 48632
	/home/mariell/work/oss/grafana/pkg/storage/unified/resource/server.go:921 +0xaa

goroutine 49778 [sync.Cond.Wait]:
sync.runtime_notifyListWait(0xc028e24c90, 0x10)
	/usr/lib/go/src/runtime/sema.go:597 +0x159
sync.(*Cond).Wait(0x0?)
	/usr/lib/go/src/sync/cond.go:71 +0x85
github.com/centrifugal/centrifuge/internal/dissolve.(*queueImpl).Wait(0xc028e3d810)
	/home/mariell/go/pkg/mod/github.com/centrifugal/centrifuge@v0.33.3/internal/dissolve/queue.go:139 +0x4a
github.com/centrifugal/centrifuge/internal/dissolve.(*Dissolver).runWorker(0xc028d11578)
	/home/mariell/go/pkg/mod/github.com/centrifugal/centrifuge@v0.33.3/internal/dissolve/dissolve.go:52 +0x27
created by github.com/centrifugal/centrifuge/internal/dissolve.(*Dissolver).Run in goroutine 48632
	/home/mariell/go/pkg/mod/github.com/centrifugal/centrifuge@v0.33.3/internal/dissolve/dissolve.go:31 +0x25

goroutine 49804 [sync.Cond.Wait]:
sync.runtime_notifyListWait(0xc028e24c90, 0x2e)
	/usr/lib/go/src/runtime/sema.go:597 +0x159
sync.(*Cond).Wait(0x0?)
	/usr/lib/go/src/sync/cond.go:71 +0x85
github.com/centrifugal/centrifuge/internal/dissolve.(*queueImpl).Wait(0xc028e3d810)
	/home/mariell/go/pkg/mod/github.com/centrifugal/centrifuge@v0.33.3/internal/dissolve/queue.go:139 +0x4a
github.com/centrifugal/centrifuge/internal/dissolve.(*Dissolver).runWorker(0xc028d11578)
	/home/mariell/go/pkg/mod/github.com/centrifugal/centrifuge@v0.33.3/internal/dissolve/dissolve.go:52 +0x27
created by github.com/centrifugal/centrifuge/internal/dissolve.(*Dissolver).Run in goroutine 48632
	/home/mariell/go/pkg/mod/github.com/centrifugal/centrifuge@v0.33.3/internal/dissolve/dissolve.go:31 +0x25

goroutine 77831 [runnable]:
github.com/prometheus/client_golang/prometheus.(*Registry).Gather.func1()
	/home/mariell/go/pkg/mod/github.com/prometheus/client_golang@v1.20.5/prometheus/registry.go:452
created by github.com/prometheus/client_golang/prometheus.(*Registry).Gather in goroutine 56143
	/home/mariell/go/pkg/mod/github.com/prometheus/client_golang@v1.20.5/prometheus/registry.go:467 +0x5b4

goroutine 49776 [sync.Cond.Wait]:
sync.runtime_notifyListWait(0xc028e24c90, 0xe)
	/usr/lib/go/src/runtime/sema.go:597 +0x159
sync.(*Cond).Wait(0x0?)
	/usr/lib/go/src/sync/cond.go:71 +0x85
github.com/centrifugal/centrifuge/internal/dissolve.(*queueImpl).Wait(0xc028e3d810)
	/home/mariell/go/pkg/mod/github.com/centrifugal/centrifuge@v0.33.3/internal/dissolve/queue.go:139 +0x4a
github.com/centrifugal/centrifuge/internal/dissolve.(*Dissolver).runWorker(0xc028d11578)
	/home/mariell/go/pkg/mod/github.com/centrifugal/centrifuge@v0.33.3/internal/dissolve/dissolve.go:52 +0x27
created by github.com/centrifugal/centrifuge/internal/dissolve.(*Dissolver).Run in goroutine 48632
	/home/mariell/go/pkg/mod/github.com/centrifugal/centrifuge@v0.33.3/internal/dissolve/dissolve.go:31 +0x25

goroutine 54604 [chan receive]:
github.com/grafana/grafana/pkg/registry/apis/dashboard/legacy.(*dashboardSqlAccess).WatchWriteEvents.func1()
	/home/mariell/work/oss/grafana/pkg/registry/apis/dashboard/legacy/storage.go:238 +0x50
created by github.com/grafana/grafana/pkg/registry/apis/dashboard/legacy.(*dashboardSqlAccess).WatchWriteEvents in goroutine 54599
	/home/mariell/work/oss/grafana/pkg/registry/apis/dashboard/legacy/storage.go:236 +0x1b6

goroutine 49801 [sync.Cond.Wait]:
sync.runtime_notifyListWait(0xc028e24c90, 0x30)
	/usr/lib/go/src/runtime/sema.go:597 +0x159
sync.(*Cond).Wait(0xc0233acfd0?)
	/usr/lib/go/src/sync/cond.go:71 +0x85
github.com/centrifugal/centrifuge/internal/dissolve.(*queueImpl).Wait(0xc028e3d810)
	/home/mariell/go/pkg/mod/github.com/centrifugal/centrifuge@v0.33.3/internal/dissolve/queue.go:139 +0x4a
github.com/centrifugal/centrifuge/internal/dissolve.(*Dissolver).runWorker(0xc028d11578)
	/home/mariell/go/pkg/mod/github.com/centrifugal/centrifuge@v0.33.3/internal/dissolve/dissolve.go:52 +0x27
created by github.com/centrifugal/centrifuge/internal/dissolve.(*Dissolver).Run in goroutine 48632
	/home/mariell/go/pkg/mod/github.com/centrifugal/centrifuge@v0.33.3/internal/dissolve/dissolve.go:31 +0x25

goroutine 58927 [sync.Cond.Wait]:
sync.runtime_notifyListWait(0xc01f861010, 0x32)
	/usr/lib/go/src/runtime/sema.go:597 +0x159
sync.(*Cond).Wait(0x10000c0248d3401?)
	/usr/lib/go/src/sync/cond.go:71 +0x85
github.com/centrifugal/centrifuge/internal/dissolve.(*queueImpl).Wait(0xc01921b6c0)
	/home/mariell/go/pkg/mod/github.com/centrifugal/centrifuge@v0.33.3/internal/dissolve/queue.go:139 +0x4a
github.com/centrifugal/centrifuge/internal/dissolve.(*Dissolver).runWorker(0xc0243b2a20)
	/home/mariell/go/pkg/mod/github.com/centrifugal/centrifuge@v0.33.3/internal/dissolve/dissolve.go:52 +0x27
created by github.com/centrifugal/centrifuge/internal/dissolve.(*Dissolver).Run in goroutine 57831
	/home/mariell/go/pkg/mod/github.com/centrifugal/centrifuge@v0.33.3/internal/dissolve/dissolve.go:31 +0x25

goroutine 75152 [chan receive]:
github.com/grafana/grafana/pkg/storage/unified/resource.(*server).initWatcher.func1.1()
	/home/mariell/work/oss/grafana/pkg/storage/unified/resource/server.go:922 +0x58
created by github.com/grafana/grafana/pkg/storage/unified/resource.(*server).initWatcher.func1 in goroutine 3350
	/home/mariell/work/oss/grafana/pkg/storage/unified/resource/server.go:921 +0xaa

goroutine 57235 [select]:
github.com/patrickmn/go-cache.(*janitor).Run(0xc01dddc2a0, 0xc021975e80)
	/home/mariell/go/pkg/mod/github.com/patrickmn/go-cache@v2.1.0+incompatible/cache.go:1079 +0x7b
created by github.com/patrickmn/go-cache.runJanitor in goroutine 56288
	/home/mariell/go/pkg/mod/github.com/patrickmn/go-cache@v2.1.0+incompatible/cache.go:1099 +0xdb

goroutine 49812 [sync.Cond.Wait]:
sync.runtime_notifyListWait(0xc028e24c90, 0x34)
	/usr/lib/go/src/runtime/sema.go:597 +0x159
sync.(*Cond).Wait(0xc0233b6fd0?)
	/usr/lib/go/src/sync/cond.go:71 +0x85
github.com/centrifugal/centrifuge/internal/dissolve.(*queueImpl).Wait(0xc028e3d810)
	/home/mariell/go/pkg/mod/github.com/centrifugal/centrifuge@v0.33.3/internal/dissolve/queue.go:139 +0x4a
github.com/centrifugal/centrifuge/internal/dissolve.(*Dissolver).runWorker(0xc028d11578)
	/home/mariell/go/pkg/mod/github.com/centrifugal/centrifuge@v0.33.3/internal/dissolve/dissolve.go:52 +0x27
created by github.com/centrifugal/centrifuge/internal/dissolve.(*Dissolver).Run in goroutine 48632
	/home/mariell/go/pkg/mod/github.com/centrifugal/centrifuge@v0.33.3/internal/dissolve/dissolve.go:31 +0x25

goroutine 49777 [sync.Cond.Wait]:
sync.runtime_notifyListWait(0xc028e24c90, 0xf)
	/usr/lib/go/src/runtime/sema.go:597 +0x159
sync.(*Cond).Wait(0x0?)
	/usr/lib/go/src/sync/cond.go:71 +0x85
github.com/centrifugal/centrifuge/internal/dissolve.(*queueImpl).Wait(0xc028e3d810)
	/home/mariell/go/pkg/mod/github.com/centrifugal/centrifuge@v0.33.3/internal/dissolve/queue.go:139 +0x4a
github.com/centrifugal/centrifuge/internal/dissolve.(*Dissolver).runWorker(0xc028d11578)
	/home/mariell/go/pkg/mod/github.com/centrifugal/centrifuge@v0.33.3/internal/dissolve/dissolve.go:52 +0x27
created by github.com/centrifugal/centrifuge/internal/dissolve.(*Dissolver).Run in goroutine 48632
	/home/mariell/go/pkg/mod/github.com/centrifugal/centrifuge@v0.33.3/internal/dissolve/dissolve.go:31 +0x25

goroutine 49638 [chan receive]:
github.com/grafana/grafana/pkg/storage/unified/sql.(*channelNotifier).notify.func1()
	/home/mariell/work/oss/grafana/pkg/storage/unified/sql/notifier.go:87 +0x39
created by github.com/grafana/grafana/pkg/storage/unified/sql.(*channelNotifier).notify in goroutine 48632
	/home/mariell/work/oss/grafana/pkg/storage/unified/sql/notifier.go:86 +0xdb

goroutine 58660 [select]:
github.com/centrifugal/centrifuge.(*Node).sendNodePing(0xc02b3f7688)
	/home/mariell/go/pkg/mod/github.com/centrifugal/centrifuge@v0.33.3/node.go:380 +0x85
created by github.com/centrifugal/centrifuge.(*Node).Run in goroutine 57831
	/home/mariell/go/pkg/mod/github.com/centrifugal/centrifuge@v0.33.3/node.go:260 +0x225

goroutine 49600 [select]:
github.com/patrickmn/go-cache.(*janitor).Run(0xc028897f00, 0xc02875eac0)
	/home/mariell/go/pkg/mod/github.com/patrickmn/go-cache@v2.1.0+incompatible/cache.go:1079 +0x7b
created by github.com/patrickmn/go-cache.runJanitor in goroutine 48632
	/home/mariell/go/pkg/mod/github.com/patrickmn/go-cache@v2.1.0+incompatible/cache.go:1099 +0xdb

goroutine 49792 [sync.Cond.Wait]:
sync.runtime_notifyListWait(0xc028e24c90, 0x1d)
	/usr/lib/go/src/runtime/sema.go:597 +0x159
sync.(*Cond).Wait(0xc0233b1fd0?)
	/usr/lib/go/src/sync/cond.go:71 +0x85
github.com/centrifugal/centrifuge/internal/dissolve.(*queueImpl).Wait(0xc028e3d810)
	/home/mariell/go/pkg/mod/github.com/centrifugal/centrifuge@v0.33.3/internal/dissolve/queue.go:139 +0x4a
github.com/centrifugal/centrifuge/internal/dissolve.(*Dissolver).runWorker(0xc028d11578)
	/home/mariell/go/pkg/mod/github.com/centrifugal/centrifuge@v0.33.3/internal/dissolve/dissolve.go:52 +0x27
created by github.com/centrifugal/centrifuge/internal/dissolve.(*Dissolver).Run in goroutine 48632
	/home/mariell/go/pkg/mod/github.com/centrifugal/centrifuge@v0.33.3/internal/dissolve/dissolve.go:31 +0x25

goroutine 73982 [select]:
github.com/grafana/grafana/pkg/storage/unified/resource.(*broadcaster[...]).stream(0xab113a0, 0xc030070b60)
	/home/mariell/work/oss/grafana/pkg/storage/unified/resource/broadcaster.go:205 +0x13d
created by github.com/grafana/grafana/pkg/storage/unified/resource.(*broadcaster[...]).init in goroutine 4438
	/home/mariell/work/oss/grafana/pkg/storage/unified/resource/broadcaster.go:177 +0x219

goroutine 49775 [sync.Cond.Wait]:
sync.runtime_notifyListWait(0xc028e24c90, 0x0)
	/usr/lib/go/src/runtime/sema.go:597 +0x159
sync.(*Cond).Wait(0x0?)
	/usr/lib/go/src/sync/cond.go:71 +0x85
github.com/centrifugal/centrifuge/internal/dissolve.(*queueImpl).Wait(0xc028e3d810)
	/home/mariell/go/pkg/mod/github.com/centrifugal/centrifuge@v0.33.3/internal/dissolve/queue.go:139 +0x4a
github.com/centrifugal/centrifuge/internal/dissolve.(*Dissolver).runWorker(0xc028d11578)
	/home/mariell/go/pkg/mod/github.com/centrifugal/centrifuge@v0.33.3/internal/dissolve/dissolve.go:52 +0x27
created by github.com/centrifugal/centrifuge/internal/dissolve.(*Dissolver).Run in goroutine 48632
	/home/mariell/go/pkg/mod/github.com/centrifugal/centrifuge@v0.33.3/internal/dissolve/dissolve.go:31 +0x25

goroutine 56144 [select]:
github.com/grafana/grafana/pkg/server.(*Server).Shutdown.func1()
	/home/mariell/work/oss/grafana/pkg/server/server.go:192 +0x14e
sync.(*Once).doSlow(0x4ad?, 0x5cdac0?)
	/usr/lib/go/src/sync/once.go:78 +0xab
sync.(*Once).Do(...)
	/usr/lib/go/src/sync/once.go:69
github.com/grafana/grafana/pkg/server.(*Server).Shutdown(0x5cdac0?, {0xa9d1b58?, 0x11ab5f60?}, {0x953d300?, 0x5ceebc?})
	/home/mariell/work/oss/grafana/pkg/server/server.go:187 +0x88
github.com/grafana/grafana/pkg/tests/testinfra.StartGrafanaEnv.func3()
	/home/mariell/work/oss/grafana/pkg/tests/testinfra/testinfra.go:126 +0x4d
testing.(*common).Cleanup.func1()
	/usr/lib/go/src/testing/testing.go:1211 +0x106
testing.(*common).runCleanup(0xc00c48e540, 0xc01c184700?)
	/usr/lib/go/src/testing/testing.go:1445 +0xea
testing.tRunner.func2()
	/usr/lib/go/src/testing/testing.go:1786 +0x25
runtime.Goexit()
	/usr/lib/go/src/runtime/panic.go:631 +0x5e
testing.(*common).FailNow(0xc00c48e540)
	/usr/lib/go/src/testing/testing.go:1041 +0x4a
github.com/stretchr/testify/require.NoError({0xa9764f8, 0xc00c48e540}, {0xa94d280, 0xc043bcfd80}, {0x0, 0x0, 0x0})
	/home/mariell/go/pkg/mod/github.com/stretchr/testify@v1.10.0/require/require.go:1357 +0xca
github.com/grafana/grafana/pkg/tests/api/alerting.createUser(0xc00c48e540, {0xaa95e40, 0xc00e55e6e0}, 0xc028322008, {{0x0, 0x0}, {0x0, 0x0}, {0x951def1, 0x7}, ...})
	/home/mariell/work/oss/grafana/pkg/tests/api/alerting/testing.go:1268 +0x285
github.com/grafana/grafana/pkg/tests/api/alerting.TestIntegrationTestReceivers.func4(0xc00c48e540)
	/home/mariell/work/oss/grafana/pkg/tests/api/alerting/api_notification_channel_test.go:256 +0xe6
testing.tRunner(0xc00c48e540, 0x9e55db0)
	/usr/lib/go/src/testing/testing.go:1792 +0xf4
created by testing.(*T).Run in goroutine 13126
	/usr/lib/go/src/testing/testing.go:1851 +0x413

goroutine 54618 [select]:
github.com/patrickmn/go-cache.(*janitor).Run(0xc0282676a0, 0xc02a622f40)
	/home/mariell/go/pkg/mod/github.com/patrickmn/go-cache@v2.1.0+incompatible/cache.go:1079 +0x7b
created by github.com/patrickmn/go-cache.runJanitor in goroutine 54803
	/home/mariell/go/pkg/mod/github.com/patrickmn/go-cache@v2.1.0+incompatible/cache.go:1099 +0xdb

goroutine 49781 [sync.Cond.Wait]:
sync.runtime_notifyListWait(0xc028e24c90, 0x1c)
	/usr/lib/go/src/runtime/sema.go:597 +0x159
sync.(*Cond).Wait(0x0?)
	/usr/lib/go/src/sync/cond.go:71 +0x85
github.com/centrifugal/centrifuge/internal/dissolve.(*queueImpl).Wait(0xc028e3d810)
	/home/mariell/go/pkg/mod/github.com/centrifugal/centrifuge@v0.33.3/internal/dissolve/queue.go:139 +0x4a
github.com/centrifugal/centrifuge/internal/dissolve.(*Dissolver).runWorker(0xc028d11578)
	/home/mariell/go/pkg/mod/github.com/centrifugal/centrifuge@v0.33.3/internal/dissolve/dissolve.go:52 +0x27
created by github.com/centrifugal/centrifuge/internal/dissolve.(*Dissolver).Run in goroutine 48632
	/home/mariell/go/pkg/mod/github.com/centrifugal/centrifuge@v0.33.3/internal/dissolve/dissolve.go:31 +0x25

goroutine 49789 [sync.Cond.Wait]:
sync.runtime_notifyListWait(0xc028e24c90, 0x17)
	/usr/lib/go/src/runtime/sema.go:597 +0x159
sync.(*Cond).Wait(0x0?)
	/usr/lib/go/src/sync/cond.go:71 +0x85
github.com/centrifugal/centrifuge/internal/dissolve.(*queueImpl).Wait(0xc028e3d810)
	/home/mariell/go/pkg/mod/github.com/centrifugal/centrifuge@v0.33.3/internal/dissolve/queue.go:139 +0x4a
github.com/centrifugal/centrifuge/internal/dissolve.(*Dissolver).runWorker(0xc028d11578)
	/home/mariell/go/pkg/mod/github.com/centrifugal/centrifuge@v0.33.3/internal/dissolve/dissolve.go:52 +0x27
created by github.com/centrifugal/centrifuge/internal/dissolve.(*Dissolver).Run in goroutine 48632
	/home/mariell/go/pkg/mod/github.com/centrifugal/centrifuge@v0.33.3/internal/dissolve/dissolve.go:31 +0x25

goroutine 54609 [select]:
k8s.io/apimachinery/pkg/util/wait.BackoffUntil(0xc02523ce80, {0xa95ac00, 0xc011110750}, 0x1, 0xc0054dfd50)
	/home/mariell/go/pkg/mod/k8s.io/apimachinery@v0.32.1/pkg/util/wait/backoff.go:238 +0x12c
k8s.io/apimachinery/pkg/util/wait.JitterUntil(0xc02523ce80, 0x3b9aca00, 0x3ff3333333333333, 0x1, 0xc0054dfd50)
	/home/mariell/go/pkg/mod/k8s.io/apimachinery@v0.32.1/pkg/util/wait/backoff.go:204 +0x7f
created by k8s.io/apiserver/pkg/registry/generic/registry.(*Store).startObservingCount in goroutine 54599
	/home/mariell/go/pkg/mod/k8s.io/apiserver@v0.32.1/pkg/registry/generic/registry/store.go:1666 +0x2f9

goroutine 74471 [IO wait]:
internal/poll.runtime_pollWait(0x77751a4b63f8, 0x72)
	/usr/lib/go/src/runtime/netpoll.go:351 +0x85
internal/poll.(*pollDesc).wait(0xc042712200?, 0xc0299c2600?, 0x0)
	/usr/lib/go/src/internal/poll/fd_poll_runtime.go:84 +0x27
internal/poll.(*pollDesc).waitRead(...)
	/usr/lib/go/src/internal/poll/fd_poll_runtime.go:89
internal/poll.(*FD).Read(0xc042712200, {0xc0299c2600, 0x1300, 0x1300})
	/usr/lib/go/src/internal/poll/fd_unix.go:165 +0x27a
net.(*netFD).Read(0xc042712200, {0xc0299c2600?, 0xc0299c2600?, 0x5?})
	/usr/lib/go/src/net/fd_posix.go:55 +0x25
net.(*conn).Read(0xc041f43a28, {0xc0299c2600?, 0x77751a772780?, 0x7775a8b2b038?})
	/usr/lib/go/src/net/net.go:194 +0x45
crypto/tls.(*atLeastReader).Read(0xc034b3a4f8, {0xc0299c2600?, 0xc042268668?, 0xc04156b9e0?})
	/usr/lib/go/src/crypto/tls/conn.go:809 +0x3b
bytes.(*Buffer).ReadFrom(0xc042268638, {0xa94e300, 0xc034b3a4f8})
	/usr/lib/go/src/bytes/buffer.go:211 +0x98
crypto/tls.(*Conn).readFromUntil(0xc042268388, {0xa94dc00, 0xc041f43a28}, 0x444af4?)
	/usr/lib/go/src/crypto/tls/conn.go:831 +0xde
crypto/tls.(*Conn).readRecordOrCCS(0xc042268388, 0x0)
	/usr/lib/go/src/crypto/tls/conn.go:629 +0x3cf
crypto/tls.(*Conn).readRecord(...)
	/usr/lib/go/src/crypto/tls/conn.go:591
crypto/tls.(*Conn).Read(0xc042268388, {0xc0425ee000, 0x1000, 0xc01c361560?})
	/usr/lib/go/src/crypto/tls/conn.go:1385 +0x145
net/http.(*persistConn).Read(0xc02b6ce5a0, {0xc0425ee000?, 0x81fe45?, 0xa94be80?})
	/usr/lib/go/src/net/http/transport.go:2122 +0x47
bufio.(*Reader).fill(0xc01f2eb560)
	/usr/lib/go/src/bufio/bufio.go:113 +0x103
bufio.(*Reader).Peek(0xc01f2eb560, 0x1)
	/usr/lib/go/src/bufio/bufio.go:152 +0x53
net/http.(*persistConn).readLoop(0xc02b6ce5a0)
	/usr/lib/go/src/net/http/transport.go:2275 +0x172
created by net/http.(*Transport).dialConn in goroutine 74872
	/usr/lib/go/src/net/http/transport.go:1944 +0x174f

goroutine 51771 [select]:
database/sql.(*DB).connectionCleaner(0xc023595930, 0xc02a1285b0?)
	/usr/lib/go/src/database/sql/sql.go:1104 +0x9c
created by database/sql.(*DB).startCleanerLocked in goroutine 51765
	/usr/lib/go/src/database/sql/sql.go:1091 +0x105

goroutine 49800 [sync.Cond.Wait]:
sync.runtime_notifyListWait(0xc028e24c90, 0x2d)
	/usr/lib/go/src/runtime/sema.go:597 +0x159
sync.(*Cond).Wait(0x0?)
	/usr/lib/go/src/sync/cond.go:71 +0x85
github.com/centrifugal/centrifuge/internal/dissolve.(*queueImpl).Wait(0xc028e3d810)
	/home/mariell/go/pkg/mod/github.com/centrifugal/centrifuge@v0.33.3/internal/dissolve/queue.go:139 +0x4a
github.com/centrifugal/centrifuge/internal/dissolve.(*Dissolver).runWorker(0xc028d11578)
	/home/mariell/go/pkg/mod/github.com/centrifugal/centrifuge@v0.33.3/internal/dissolve/dissolve.go:52 +0x27
created by github.com/centrifugal/centrifuge/internal/dissolve.(*Dissolver).Run in goroutine 48632
	/home/mariell/go/pkg/mod/github.com/centrifugal/centrifuge@v0.33.3/internal/dissolve/dissolve.go:31 +0x25

goroutine 52888 [sync.Cond.Wait]:
sync.runtime_notifyListWait(0xc0301d0dd0, 0x34)
	/usr/lib/go/src/runtime/sema.go:597 +0x159
sync.(*Cond).Wait(0x0?)
	/usr/lib/go/src/sync/cond.go:71 +0x85
github.com/centrifugal/centrifuge/internal/dissolve.(*queueImpl).Wait(0xc030230380)
	/home/mariell/go/pkg/mod/github.com/centrifugal/centrifuge@v0.33.3/internal/dissolve/queue.go:139 +0x4a
github.com/centrifugal/centrifuge/internal/dissolve.(*Dissolver).runWorker(0xc008ba75c0)
	/home/mariell/go/pkg/mod/github.com/centrifugal/centrifuge@v0.33.3/internal/dissolve/dissolve.go:52 +0x27
created by github.com/centrifugal/centrifuge/internal/dissolve.(*Dissolver).Run in goroutine 51765
	/home/mariell/go/pkg/mod/github.com/centrifugal/centrifuge@v0.33.3/internal/dissolve/dissolve.go:31 +0x25

goroutine 76264 [sync.WaitGroup.Wait]:
sync.runtime_SemacquireWaitGroup(0x7f66560?)
	/usr/lib/go/src/runtime/sema.go:110 +0x25
sync.(*WaitGroup).Wait(0xc046dc9580?)
	/usr/lib/go/src/sync/waitgroup.go:118 +0x48
golang.org/x/sync/errgroup.(*Group).Wait(0xc046dc93c0)
	/home/mariell/go/pkg/mod/golang.org/x/sync@v0.11.0/errgroup/errgroup.go:56 +0x1e
github.com/grafana/grafana/pkg/server.(*Server).Run(0xc0433064b0)
	/home/mariell/work/oss/grafana/pkg/server/server.go:179 +0x276
github.com/grafana/grafana/pkg/tests/testinfra.StartGrafanaEnv.func2()
	/home/mariell/work/oss/grafana/pkg/tests/testinfra/testinfra.go:121 +0x27
created by github.com/grafana/grafana/pkg/tests/testinfra.StartGrafanaEnv in goroutine 22318
	/home/mariell/work/oss/grafana/pkg/tests/testinfra/testinfra.go:119 +0xa57

goroutine 49793 [sync.Cond.Wait]:
sync.runtime_notifyListWait(0xc028e24c90, 0x20)
	/usr/lib/go/src/runtime/sema.go:597 +0x159
sync.(*Cond).Wait(0x0?)
	/usr/lib/go/src/sync/cond.go:71 +0x85
github.com/centrifugal/centrifuge/internal/dissolve.(*queueImpl).Wait(0xc028e3d810)
	/home/mariell/go/pkg/mod/github.com/centrifugal/centrifuge@v0.33.3/internal/dissolve/queue.go:139 +0x4a
github.com/centrifugal/centrifuge/internal/dissolve.(*Dissolver).runWorker(0xc028d11578)
	/home/mariell/go/pkg/mod/github.com/centrifugal/centrifuge@v0.33.3/internal/dissolve/dissolve.go:52 +0x27
created by github.com/centrifugal/centrifuge/internal/dissolve.(*Dissolver).Run in goroutine 48632
	/home/mariell/go/pkg/mod/github.com/centrifugal/centrifuge@v0.33.3/internal/dissolve/dissolve.go:31 +0x25

goroutine 49706 [select]:
github.com/patrickmn/go-cache.(*janitor).Run(0xc028cf2cb0, 0xc028d06640)
	/home/mariell/go/pkg/mod/github.com/patrickmn/go-cache@v2.1.0+incompatible/cache.go:1079 +0x7b
created by github.com/patrickmn/go-cache.runJanitor in goroutine 48632
	/home/mariell/go/pkg/mod/github.com/patrickmn/go-cache@v2.1.0+incompatible/cache.go:1099 +0xdb

goroutine 49805 [sync.Cond.Wait]:
sync.runtime_notifyListWait(0xc028e24c90, 0x31)
	/usr/lib/go/src/runtime/sema.go:597 +0x159
sync.(*Cond).Wait(0x0?)
	/usr/lib/go/src/sync/cond.go:71 +0x85
github.com/centrifugal/centrifuge/internal/dissolve.(*queueImpl).Wait(0xc028e3d810)
	/home/mariell/go/pkg/mod/github.com/centrifugal/centrifuge@v0.33.3/internal/dissolve/queue.go:139 +0x4a
github.com/centrifugal/centrifuge/internal/dissolve.(*Dissolver).runWorker(0xc028d11578)
	/home/mariell/go/pkg/mod/github.com/centrifugal/centrifuge@v0.33.3/internal/dissolve/dissolve.go:52 +0x27
created by github.com/centrifugal/centrifuge/internal/dissolve.(*Dissolver).Run in goroutine 48632
	/home/mariell/go/pkg/mod/github.com/centrifugal/centrifuge@v0.33.3/internal/dissolve/dissolve.go:31 +0x25

goroutine 49799 [sync.Cond.Wait]:
sync.runtime_notifyListWait(0xc028e24c90, 0x2a)
	/usr/lib/go/src/runtime/sema.go:597 +0x159
sync.(*Cond).Wait(0xc0233b9fd0?)
	/usr/lib/go/src/sync/cond.go:71 +0x85
github.com/centrifugal/centrifuge/internal/dissolve.(*queueImpl).Wait(0xc028e3d810)
	/home/mariell/go/pkg/mod/github.com/centrifugal/centrifuge@v0.33.3/internal/dissolve/queue.go:139 +0x4a
github.com/centrifugal/centrifuge/internal/dissolve.(*Dissolver).runWorker(0xc028d11578)
	/home/mariell/go/pkg/mod/github.com/centrifugal/centrifuge@v0.33.3/internal/dissolve/dissolve.go:52 +0x27
created by github.com/centrifugal/centrifuge/internal/dissolve.(*Dissolver).Run in goroutine 48632
	/home/mariell/go/pkg/mod/github.com/centrifugal/centrifuge@v0.33.3/internal/dissolve/dissolve.go:31 +0x25

goroutine 73802 [select]:
github.com/patrickmn/go-cache.(*janitor).Run(0xc01a2b67e0, 0xc016232e40)
	/home/mariell/go/pkg/mod/github.com/patrickmn/go-cache@v2.1.0+incompatible/cache.go:1079 +0x7b
created by github.com/patrickmn/go-cache.runJanitor in goroutine 22318
	/home/mariell/go/pkg/mod/github.com/patrickmn/go-cache@v2.1.0+incompatible/cache.go:1099 +0xdb

goroutine 78031 [runnable]:
github.com/centrifugal/centrifuge/internal/dissolve.(*Dissolver).Run.gowrap1()
	/home/mariell/go/pkg/mod/github.com/centrifugal/centrifuge@v0.33.3/internal/dissolve/dissolve.go:31
runtime.goexit({})
	/usr/lib/go/src/runtime/asm_amd64.s:1700 +0x1
created by github.com/centrifugal/centrifuge/internal/dissolve.(*Dissolver).Run in goroutine 3350
	/home/mariell/go/pkg/mod/github.com/centrifugal/centrifuge@v0.33.3/internal/dissolve/dissolve.go:31 +0x25

goroutine 49592 [select]:
github.com/patrickmn/go-cache.(*janitor).Run(0xc028897590, 0xc02875e740)
	/home/mariell/go/pkg/mod/github.com/patrickmn/go-cache@v2.1.0+incompatible/cache.go:1079 +0x7b
created by github.com/patrickmn/go-cache.runJanitor in goroutine 48632
	/home/mariell/go/pkg/mod/github.com/patrickmn/go-cache@v2.1.0+incompatible/cache.go:1099 +0xdb

goroutine 50148 [select]:
net/http.(*persistConn).writeLoop(0xc025210a20)
	/usr/lib/go/src/net/http/transport.go:2590 +0xe7
created by net/http.(*Transport).dialConn in goroutine 50011
	/usr/lib/go/src/net/http/transport.go:1945 +0x17a5

goroutine 49590 [select]:
github.com/patrickmn/go-cache.(*janitor).Run(0xc0288964b0, 0xc02875e100)
	/home/mariell/go/pkg/mod/github.com/patrickmn/go-cache@v2.1.0+incompatible/cache.go:1079 +0x7b
created by github.com/patrickmn/go-cache.runJanitor in goroutine 48632
	/home/mariell/go/pkg/mod/github.com/patrickmn/go-cache@v2.1.0+incompatible/cache.go:1099 +0xdb

goroutine 73800 [select]:
github.com/patrickmn/go-cache.(*janitor).Run(0xc01cce4f50, 0xc029485dc0)
	/home/mariell/go/pkg/mod/github.com/patrickmn/go-cache@v2.1.0+incompatible/cache.go:1079 +0x7b
created by github.com/patrickmn/go-cache.runJanitor in goroutine 59395
	/home/mariell/go/pkg/mod/github.com/patrickmn/go-cache@v2.1.0+incompatible/cache.go:1099 +0xdb

goroutine 49785 [sync.Cond.Wait]:
sync.runtime_notifyListWait(0xc028e24c90, 0x13)
	/usr/lib/go/src/runtime/sema.go:597 +0x159
sync.(*Cond).Wait(0x0?)
	/usr/lib/go/src/sync/cond.go:71 +0x85
github.com/centrifugal/centrifuge/internal/dissolve.(*queueImpl).Wait(0xc028e3d810)
	/home/mariell/go/pkg/mod/github.com/centrifugal/centrifuge@v0.33.3/internal/dissolve/queue.go:139 +0x4a
github.com/centrifugal/centrifuge/internal/dissolve.(*Dissolver).runWorker(0xc028d11578)
	/home/mariell/go/pkg/mod/github.com/centrifugal/centrifuge@v0.33.3/internal/dissolve/dissolve.go:52 +0x27
created by github.com/centrifugal/centrifuge/internal/dissolve.(*Dissolver).Run in goroutine 48632
	/home/mariell/go/pkg/mod/github.com/centrifugal/centrifuge@v0.33.3/internal/dissolve/dissolve.go:31 +0x25

goroutine 49786 [sync.Cond.Wait]:
sync.runtime_notifyListWait(0xc028e24c90, 0x12)
	/usr/lib/go/src/runtime/sema.go:597 +0x159
sync.(*Cond).Wait(0xc0233c5fd0?)
	/usr/lib/go/src/sync/cond.go:71 +0x85
github.com/centrifugal/centrifuge/internal/dissolve.(*queueImpl).Wait(0xc028e3d810)
	/home/mariell/go/pkg/mod/github.com/centrifugal/centrifuge@v0.33.3/internal/dissolve/queue.go:139 +0x4a
github.com/centrifugal/centrifuge/internal/dissolve.(*Dissolver).runWorker(0xc028d11578)
	/home/mariell/go/pkg/mod/github.com/centrifugal/centrifuge@v0.33.3/internal/dissolve/dissolve.go:52 +0x27
created by github.com/centrifugal/centrifuge/internal/dissolve.(*Dissolver).Run in goroutine 48632
	/home/mariell/go/pkg/mod/github.com/centrifugal/centrifuge@v0.33.3/internal/dissolve/dissolve.go:31 +0x25

goroutine 73671 [select]:
github.com/patrickmn/go-cache.(*janitor).Run(0xc04151ad80, 0xc014083240)
	/home/mariell/go/pkg/mod/github.com/patrickmn/go-cache@v2.1.0+incompatible/cache.go:1079 +0x7b
created by github.com/patrickmn/go-cache.runJanitor in goroutine 22317
	/home/mariell/go/pkg/mod/github.com/patrickmn/go-cache@v2.1.0+incompatible/cache.go:1099 +0xdb

goroutine 49779 [sync.Cond.Wait]:
sync.runtime_notifyListWait(0xc028e24c90, 0x11)
	/usr/lib/go/src/runtime/sema.go:597 +0x159
sync.(*Cond).Wait(0x0?)
	/usr/lib/go/src/sync/cond.go:71 +0x85
github.com/centrifugal/centrifuge/internal/dissolve.(*queueImpl).Wait(0xc028e3d810)
	/home/mariell/go/pkg/mod/github.com/centrifugal/centrifuge@v0.33.3/internal/dissolve/queue.go:139 +0x4a
github.com/centrifugal/centrifuge/internal/dissolve.(*Dissolver).runWorker(0xc028d11578)
	/home/mariell/go/pkg/mod/github.com/centrifugal/centrifuge@v0.33.3/internal/dissolve/dissolve.go:52 +0x27
created by github.com/centrifugal/centrifuge/internal/dissolve.(*Dissolver).Run in goroutine 48632
	/home/mariell/go/pkg/mod/github.com/centrifugal/centrifuge@v0.33.3/internal/dissolve/dissolve.go:31 +0x25

goroutine 49640 [select]:
github.com/grafana/grafana/pkg/storage/unified/resource.(*cache[...]).run(0xc022508980)
	/home/mariell/work/oss/grafana/pkg/storage/unified/resource/broadcaster.go:291 +0xb0
created by github.com/grafana/grafana/pkg/storage/unified/resource.newChannelCache[...] in goroutine 48632
	/home/mariell/work/oss/grafana/pkg/storage/unified/resource/broadcaster.go:276 +0x189

goroutine 49597 [select]:
github.com/patrickmn/go-cache.(*janitor).Run(0xc028897ca0, 0xc02875ea80)
	/home/mariell/go/pkg/mod/github.com/patrickmn/go-cache@v2.1.0+incompatible/cache.go:1079 +0x7b
created by github.com/patrickmn/go-cache.runJanitor in goroutine 48632
	/home/mariell/go/pkg/mod/github.com/patrickmn/go-cache@v2.1.0+incompatible/cache.go:1099 +0xdb

goroutine 49787 [sync.Cond.Wait]:
sync.runtime_notifyListWait(0xc028e24c90, 0x14)
	/usr/lib/go/src/runtime/sema.go:597 +0x159
sync.(*Cond).Wait(0x0?)
	/usr/lib/go/src/sync/cond.go:71 +0x85
github.com/centrifugal/centrifuge/internal/dissolve.(*queueImpl).Wait(0xc028e3d810)
	/home/mariell/go/pkg/mod/github.com/centrifugal/centrifuge@v0.33.3/internal/dissolve/queue.go:139 +0x4a
github.com/centrifugal/centrifuge/internal/dissolve.(*Dissolver).runWorker(0xc028d11578)
	/home/mariell/go/pkg/mod/github.com/centrifugal/centrifuge@v0.33.3/internal/dissolve/dissolve.go:52 +0x27
created by github.com/centrifugal/centrifuge/internal/dissolve.(*Dissolver).Run in goroutine 48632
	/home/mariell/go/pkg/mod/github.com/centrifugal/centrifuge@v0.33.3/internal/dissolve/dissolve.go:31 +0x25

goroutine 49790 [sync.Cond.Wait]:
sync.runtime_notifyListWait(0xc028e24c90, 0x18)
	/usr/lib/go/src/runtime/sema.go:597 +0x159
sync.(*Cond).Wait(0xc0233b8fd0?)
	/usr/lib/go/src/sync/cond.go:71 +0x85
github.com/centrifugal/centrifuge/internal/dissolve.(*queueImpl).Wait(0xc028e3d810)
	/home/mariell/go/pkg/mod/github.com/centrifugal/centrifuge@v0.33.3/internal/dissolve/queue.go:139 +0x4a
github.com/centrifugal/centrifuge/internal/dissolve.(*Dissolver).runWorker(0xc028d11578)
	/home/mariell/go/pkg/mod/github.com/centrifugal/centrifuge@v0.33.3/internal/dissolve/dissolve.go:52 +0x27
created by github.com/centrifugal/centrifuge/internal/dissolve.(*Dissolver).Run in goroutine 48632
	/home/mariell/go/pkg/mod/github.com/centrifugal/centrifuge@v0.33.3/internal/dissolve/dissolve.go:31 +0x25

goroutine 49806 [sync.Cond.Wait]:
sync.runtime_notifyListWait(0xc028e24c90, 0x1a)
	/usr/lib/go/src/runtime/sema.go:597 +0x159
sync.(*Cond).Wait(0x0?)
	/usr/lib/go/src/sync/cond.go:71 +0x85
github.com/centrifugal/centrifuge/internal/dissolve.(*queueImpl).Wait(0xc028e3d810)
	/home/mariell/go/pkg/mod/github.com/centrifugal/centrifuge@v0.33.3/internal/dissolve/queue.go:139 +0x4a
github.com/centrifugal/centrifuge/internal/dissolve.(*Dissolver).runWorker(0xc028d11578)
	/home/mariell/go/pkg/mod/github.com/centrifugal/centrifuge@v0.33.3/internal/dissolve/dissolve.go:52 +0x27
created by github.com/centrifugal/centrifuge/internal/dissolve.(*Dissolver).Run in goroutine 48632
	/home/mariell/go/pkg/mod/github.com/centrifugal/centrifuge@v0.33.3/internal/dissolve/dissolve.go:31 +0x25

goroutine 52730 [select]:
github.com/grafana/grafana/pkg/storage/unified/resource.(*broadcaster[...]).stream(0xab113a0, 0xc02fbe4070)
	/home/mariell/work/oss/grafana/pkg/storage/unified/resource/broadcaster.go:205 +0x13d
created by github.com/grafana/grafana/pkg/storage/unified/resource.(*broadcaster[...]).init in goroutine 51765
	/home/mariell/work/oss/grafana/pkg/storage/unified/resource/broadcaster.go:177 +0x219

goroutine 54741 [select]:
net/http.(*persistConn).writeLoop(0xc02a486000)
	/usr/lib/go/src/net/http/transport.go:2590 +0xe7
created by net/http.(*Transport).dialConn in goroutine 53133
	/usr/lib/go/src/net/http/transport.go:1945 +0x17a5

goroutine 49794 [sync.Cond.Wait]:
sync.runtime_notifyListWait(0xc028e24c90, 0x23)
	/usr/lib/go/src/runtime/sema.go:597 +0x159
sync.(*Cond).Wait(0xc0233c2fd0?)
	/usr/lib/go/src/sync/cond.go:71 +0x85
github.com/centrifugal/centrifuge/internal/dissolve.(*queueImpl).Wait(0xc028e3d810)
	/home/mariell/go/pkg/mod/github.com/centrifugal/centrifuge@v0.33.3/internal/dissolve/queue.go:139 +0x4a
github.com/centrifugal/centrifuge/internal/dissolve.(*Dissolver).runWorker(0xc028d11578)
	/home/mariell/go/pkg/mod/github.com/centrifugal/centrifuge@v0.33.3/internal/dissolve/dissolve.go:52 +0x27
created by github.com/centrifugal/centrifuge/internal/dissolve.(*Dissolver).Run in goroutine 48632
	/home/mariell/go/pkg/mod/github.com/centrifugal/centrifuge@v0.33.3/internal/dissolve/dissolve.go:31 +0x25

goroutine 49798 [sync.Cond.Wait]:
sync.runtime_notifyListWait(0xc028e24c90, 0x29)
	/usr/lib/go/src/runtime/sema.go:597 +0x159
sync.(*Cond).Wait(0x0?)
	/usr/lib/go/src/sync/cond.go:71 +0x85
github.com/centrifugal/centrifuge/internal/dissolve.(*queueImpl).Wait(0xc028e3d810)
	/home/mariell/go/pkg/mod/github.com/centrifugal/centrifuge@v0.33.3/internal/dissolve/queue.go:139 +0x4a
github.com/centrifugal/centrifuge/internal/dissolve.(*Dissolver).runWorker(0xc028d11578)
	/home/mariell/go/pkg/mod/github.com/centrifugal/centrifuge@v0.33.3/internal/dissolve/dissolve.go:52 +0x27
created by github.com/centrifugal/centrifuge/internal/dissolve.(*Dissolver).Run in goroutine 48632
	/home/mariell/go/pkg/mod/github.com/centrifugal/centrifuge@v0.33.3/internal/dissolve/dissolve.go:31 +0x25

goroutine 49536 [select]:
github.com/centrifugal/centrifuge.(*Node).sendNodePing(0xc022232248)
	/home/mariell/go/pkg/mod/github.com/centrifugal/centrifuge@v0.33.3/node.go:380 +0x85
created by github.com/centrifugal/centrifuge.(*Node).Run in goroutine 48632
	/home/mariell/go/pkg/mod/github.com/centrifugal/centrifuge@v0.33.3/node.go:260 +0x225

goroutine 51719 [chan receive]:
github.com/grafana/grafana/pkg/registry/apis/dashboard/legacy.(*dashboardSqlAccess).WatchWriteEvents.func1()
	/home/mariell/work/oss/grafana/pkg/registry/apis/dashboard/legacy/storage.go:238 +0x50
created by github.com/grafana/grafana/pkg/registry/apis/dashboard/legacy.(*dashboardSqlAccess).WatchWriteEvents in goroutine 51536
	/home/mariell/work/oss/grafana/pkg/registry/apis/dashboard/legacy/storage.go:236 +0x1b6

goroutine 57631 [runnable]:
go.opentelemetry.io/otel/sdk/trace.(*batchSpanProcessor).processQueue(0xc01e882280)
	/home/mariell/go/pkg/mod/go.opentelemetry.io/otel/sdk@v1.34.0/trace/batch_span_processor.go:302 +0x114
go.opentelemetry.io/otel/sdk/trace.NewBatchSpanProcessor.func1()
	/home/mariell/go/pkg/mod/go.opentelemetry.io/otel/sdk@v1.34.0/trace/batch_span_processor.go:117 +0x4e
created by go.opentelemetry.io/otel/sdk/trace.NewBatchSpanProcessor in goroutine 56141
	/home/mariell/go/pkg/mod/go.opentelemetry.io/otel/sdk@v1.34.0/trace/batch_span_processor.go:115 +0x2d9

goroutine 49795 [sync.Cond.Wait]:
sync.runtime_notifyListWait(0xc028e24c90, 0x25)
	/usr/lib/go/src/runtime/sema.go:597 +0x159
sync.(*Cond).Wait(0x0?)
	/usr/lib/go/src/sync/cond.go:71 +0x85
github.com/centrifugal/centrifuge/internal/dissolve.(*queueImpl).Wait(0xc028e3d810)
	/home/mariell/go/pkg/mod/github.com/centrifugal/centrifuge@v0.33.3/internal/dissolve/queue.go:139 +0x4a
github.com/centrifugal/centrifuge/internal/dissolve.(*Dissolver).runWorker(0xc028d11578)
	/home/mariell/go/pkg/mod/github.com/centrifugal/centrifuge@v0.33.3/internal/dissolve/dissolve.go:52 +0x27
created by github.com/centrifugal/centrifuge/internal/dissolve.(*Dissolver).Run in goroutine 48632
	/home/mariell/go/pkg/mod/github.com/centrifugal/centrifuge@v0.33.3/internal/dissolve/dissolve.go:31 +0x25

goroutine 49535 [select]:
github.com/centrifugal/centrifuge.(*Node).initMetrics.func1()
	/home/mariell/go/pkg/mod/github.com/centrifugal/centrifuge@v0.33.3/node.go:365 +0x8a
created by github.com/centrifugal/centrifuge.(*Node).initMetrics in goroutine 48632
	/home/mariell/go/pkg/mod/github.com/centrifugal/centrifuge@v0.33.3/node.go:363 +0x1f9

goroutine 73777 [select]:
github.com/patrickmn/go-cache.(*janitor).Run(0xc02602ed40, 0xc0144ad680)
	/home/mariell/go/pkg/mod/github.com/patrickmn/go-cache@v2.1.0+incompatible/cache.go:1079 +0x7b
created by github.com/patrickmn/go-cache.runJanitor in goroutine 3349
	/home/mariell/go/pkg/mod/github.com/patrickmn/go-cache@v2.1.0+incompatible/cache.go:1099 +0xdb

goroutine 49780 [sync.Cond.Wait]:
sync.runtime_notifyListWait(0xc028e24c90, 0x15)
	/usr/lib/go/src/runtime/sema.go:597 +0x159
sync.(*Cond).Wait(0xc0233cefd0?)
	/usr/lib/go/src/sync/cond.go:71 +0x85
github.com/centrifugal/centrifuge/internal/dissolve.(*queueImpl).Wait(0xc028e3d810)
	/home/mariell/go/pkg/mod/github.com/centrifugal/centrifuge@v0.33.3/internal/dissolve/queue.go:139 +0x4a
github.com/centrifugal/centrifuge/internal/dissolve.(*Dissolver).runWorker(0xc028d11578)
	/home/mariell/go/pkg/mod/github.com/centrifugal/centrifuge@v0.33.3/internal/dissolve/dissolve.go:52 +0x27
created by github.com/centrifugal/centrifuge/internal/dissolve.(*Dissolver).Run in goroutine 48632
	/home/mariell/go/pkg/mod/github.com/centrifugal/centrifuge@v0.33.3/internal/dissolve/dissolve.go:31 +0x25

goroutine 49641 [select]:
github.com/grafana/grafana/pkg/storage/unified/resource.(*broadcaster[...]).stream(0xab113a0, 0xc02888dc70)
	/home/mariell/work/oss/grafana/pkg/storage/unified/resource/broadcaster.go:205 +0x13d
created by github.com/grafana/grafana/pkg/storage/unified/resource.(*broadcaster[...]).init in goroutine 48632
	/home/mariell/work/oss/grafana/pkg/storage/unified/resource/broadcaster.go:177 +0x219

goroutine 49813 [sync.Cond.Wait]:
sync.runtime_notifyListWait(0xc028e24c90, 0x36)
	/usr/lib/go/src/runtime/sema.go:597 +0x159
sync.(*Cond).Wait(0x0?)
	/usr/lib/go/src/sync/cond.go:71 +0x85
github.com/centrifugal/centrifuge/internal/dissolve.(*queueImpl).Wait(0xc028e3d810)
	/home/mariell/go/pkg/mod/github.com/centrifugal/centrifuge@v0.33.3/internal/dissolve/queue.go:139 +0x4a
github.com/centrifugal/centrifuge/internal/dissolve.(*Dissolver).runWorker(0xc028d11578)
	/home/mariell/go/pkg/mod/github.com/centrifugal/centrifuge@v0.33.3/internal/dissolve/dissolve.go:52 +0x27
created by github.com/centrifugal/centrifuge/internal/dissolve.(*Dissolver).Run in goroutine 48632
	/home/mariell/go/pkg/mod/github.com/centrifugal/centrifuge@v0.33.3/internal/dissolve/dissolve.go:31 +0x25

goroutine 49814 [sync.Cond.Wait]:
sync.runtime_notifyListWait(0xc028e24c90, 0x19)
	/usr/lib/go/src/runtime/sema.go:597 +0x159
sync.(*Cond).Wait(0x0?)
	/usr/lib/go/src/sync/cond.go:71 +0x85
github.com/centrifugal/centrifuge/internal/dissolve.(*queueImpl).Wait(0xc028e3d810)
	/home/mariell/go/pkg/mod/github.com/centrifugal/centrifuge@v0.33.3/internal/dissolve/queue.go:139 +0x4a
github.com/centrifugal/centrifuge/internal/dissolve.(*Dissolver).runWorker(0xc028d11578)
	/home/mariell/go/pkg/mod/github.com/centrifugal/centrifuge@v0.33.3/internal/dissolve/dissolve.go:52 +0x27
created by github.com/centrifugal/centrifuge/internal/dissolve.(*Dissolver).Run in goroutine 48632
	/home/mariell/go/pkg/mod/github.com/centrifugal/centrifuge@v0.33.3/internal/dissolve/dissolve.go:31 +0x25

goroutine 49815 [sync.Cond.Wait]:
sync.runtime_notifyListWait(0xc028e24c90, 0x3c)
	/usr/lib/go/src/runtime/sema.go:597 +0x159
sync.(*Cond).Wait(0x20202020200a2873?)
	/usr/lib/go/src/sync/cond.go:71 +0x85
github.com/centrifugal/centrifuge/internal/dissolve.(*queueImpl).Wait(0xc028e3d810)
	/home/mariell/go/pkg/mod/github.com/centrifugal/centrifuge@v0.33.3/internal/dissolve/queue.go:139 +0x4a
github.com/centrifugal/centrifuge/internal/dissolve.(*Dissolver).runWorker(0xc028d11578)
	/home/mariell/go/pkg/mod/github.com/centrifugal/centrifuge@v0.33.3/internal/dissolve/dissolve.go:52 +0x27
created by github.com/centrifugal/centrifuge/internal/dissolve.(*Dissolver).Run in goroutine 48632
	/home/mariell/go/pkg/mod/github.com/centrifugal/centrifuge@v0.33.3/internal/dissolve/dissolve.go:31 +0x25

goroutine 49816 [sync.Cond.Wait]:
sync.runtime_notifyListWait(0xc028e24c90, 0x3d)
	/usr/lib/go/src/runtime/sema.go:597 +0x159
sync.(*Cond).Wait(0x3f3f207365637275?)
	/usr/lib/go/src/sync/cond.go:71 +0x85
github.com/centrifugal/centrifuge/internal/dissolve.(*queueImpl).Wait(0xc028e3d810)
	/home/mariell/go/pkg/mod/github.com/centrifugal/centrifuge@v0.33.3/internal/dissolve/queue.go:139 +0x4a
github.com/centrifugal/centrifuge/internal/dissolve.(*Dissolver).runWorker(0xc028d11578)
	/home/mariell/go/pkg/mod/github.com/centrifugal/centrifuge@v0.33.3/internal/dissolve/dissolve.go:52 +0x27
created by github.com/centrifugal/centrifuge/internal/dissolve.(*Dissolver).Run in goroutine 48632
	/home/mariell/go/pkg/mod/github.com/centrifugal/centrifuge@v0.33.3/internal/dissolve/dissolve.go:31 +0x25

goroutine 49817 [sync.Cond.Wait]:
sync.runtime_notifyListWait(0xc028e24c90, 0x32)
	/usr/lib/go/src/runtime/sema.go:597 +0x159
sync.(*Cond).Wait(0xc028e145b0?)
	/usr/lib/go/src/sync/cond.go:71 +0x85
github.com/centrifugal/centrifuge/internal/dissolve.(*queueImpl).Wait(0xc028e3d810)
	/home/mariell/go/pkg/mod/github.com/centrifugal/centrifuge@v0.33.3/internal/dissolve/queue.go:139 +0x4a
github.com/centrifugal/centrifuge/internal/dissolve.(*Dissolver).runWorker(0xc028d11578)
	/home/mariell/go/pkg/mod/github.com/centrifugal/centrifuge@v0.33.3/internal/dissolve/dissolve.go:52 +0x27
created by github.com/centrifugal/centrifuge/internal/dissolve.(*Dissolver).Run in goroutine 48632
	/home/mariell/go/pkg/mod/github.com/centrifugal/centrifuge@v0.33.3/internal/dissolve/dissolve.go:31 +0x25

goroutine 49818 [sync.Cond.Wait]:
sync.runtime_notifyListWait(0xc028e24c90, 0x33)
	/usr/lib/go/src/runtime/sema.go:597 +0x159
sync.(*Cond).Wait(0x1?)
	/usr/lib/go/src/sync/cond.go:71 +0x85
github.com/centrifugal/centrifuge/internal/dissolve.(*queueImpl).Wait(0xc028e3d810)
	/home/mariell/go/pkg/mod/github.com/centrifugal/centrifuge@v0.33.3/internal/dissolve/queue.go:139 +0x4a
github.com/centrifugal/centrifuge/internal/dissolve.(*Dissolver).runWorker(0xc028d11578)
	/home/mariell/go/pkg/mod/github.com/centrifugal/centrifuge@v0.33.3/internal/dissolve/dissolve.go:52 +0x27
created by github.com/centrifugal/centrifuge/internal/dissolve.(*Dissolver).Run in goroutine 48632
	/home/mariell/go/pkg/mod/github.com/centrifugal/centrifuge@v0.33.3/internal/dissolve/dissolve.go:31 +0x25

goroutine 49819 [sync.Cond.Wait]:
sync.runtime_notifyListWait(0xc028e24c90, 0x38)
	/usr/lib/go/src/runtime/sema.go:597 +0x159
sync.(*Cond).Wait(0xc01b55df01?)
	/usr/lib/go/src/sync/cond.go:71 +0x85
github.com/centrifugal/centrifuge/internal/dissolve.(*queueImpl).Wait(0xc028e3d810)
	/home/mariell/go/pkg/mod/github.com/centrifugal/centrifuge@v0.33.3/internal/dissolve/queue.go:139 +0x4a
github.com/centrifugal/centrifuge/internal/dissolve.(*Dissolver).runWorker(0xc028d11578)
	/home/mariell/go/pkg/mod/github.com/centrifugal/centrifuge@v0.33.3/internal/dissolve/dissolve.go:52 +0x27
created by github.com/centrifugal/centrifuge/internal/dissolve.(*Dissolver).Run in goroutine 48632
	/home/mariell/go/pkg/mod/github.com/centrifugal/centrifuge@v0.33.3/internal/dissolve/dissolve.go:31 +0x25

goroutine 49820 [sync.Cond.Wait]:
sync.runtime_notifyListWait(0xc028e24c90, 0x39)
	/usr/lib/go/src/runtime/sema.go:597 +0x159
sync.(*Cond).Wait(0x1?)
	/usr/lib/go/src/sync/cond.go:71 +0x85
github.com/centrifugal/centrifuge/internal/dissolve.(*queueImpl).Wait(0xc028e3d810)
	/home/mariell/go/pkg/mod/github.com/centrifugal/centrifuge@v0.33.3/internal/dissolve/queue.go:139 +0x4a
github.com/centrifugal/centrifuge/internal/dissolve.(*Dissolver).runWorker(0xc028d11578)
	/home/mariell/go/pkg/mod/github.com/centrifugal/centrifuge@v0.33.3/internal/dissolve/dissolve.go:52 +0x27
created by github.com/centrifugal/centrifuge/internal/dissolve.(*Dissolver).Run in goroutine 48632
	/home/mariell/go/pkg/mod/github.com/centrifugal/centrifuge@v0.33.3/internal/dissolve/dissolve.go:31 +0x25

goroutine 49821 [sync.Cond.Wait]:
sync.runtime_notifyListWait(0xc028e24c90, 0x37)
	/usr/lib/go/src/runtime/sema.go:597 +0x159
sync.(*Cond).Wait(0xc01b458d01?)
	/usr/lib/go/src/sync/cond.go:71 +0x85
github.com/centrifugal/centrifuge/internal/dissolve.(*queueImpl).Wait(0xc028e3d810)
	/home/mariell/go/pkg/mod/github.com/centrifugal/centrifuge@v0.33.3/internal/dissolve/queue.go:139 +0x4a
github.com/centrifugal/centrifuge/internal/dissolve.(*Dissolver).runWorker(0xc028d11578)
	/home/mariell/go/pkg/mod/github.com/centrifugal/centrifuge@v0.33.3/internal/dissolve/dissolve.go:52 +0x27
created by github.com/centrifugal/centrifuge/internal/dissolve.(*Dissolver).Run in goroutine 48632
	/home/mariell/go/pkg/mod/github.com/centrifugal/centrifuge@v0.33.3/internal/dissolve/dissolve.go:31 +0x25

goroutine 49822 [sync.Cond.Wait]:
sync.runtime_notifyListWait(0xc028e24c90, 0x3b)
	/usr/lib/go/src/runtime/sema.go:597 +0x159
sync.(*Cond).Wait(0xc016803f01?)
	/usr/lib/go/src/sync/cond.go:71 +0x85
github.com/centrifugal/centrifuge/internal/dissolve.(*queueImpl).Wait(0xc028e3d810)
	/home/mariell/go/pkg/mod/github.com/centrifugal/centrifuge@v0.33.3/internal/dissolve/queue.go:139 +0x4a
github.com/centrifugal/centrifuge/internal/dissolve.(*Dissolver).runWorker(0xc028d11578)
	/home/mariell/go/pkg/mod/github.com/centrifugal/centrifuge@v0.33.3/internal/dissolve/dissolve.go:52 +0x27
created by github.com/centrifugal/centrifuge/internal/dissolve.(*Dissolver).Run in goroutine 48632
	/home/mariell/go/pkg/mod/github.com/centrifugal/centrifuge@v0.33.3/internal/dissolve/dissolve.go:31 +0x25

goroutine 49823 [sync.Cond.Wait]:
sync.runtime_notifyListWait(0xc028e24c90, 0x35)
	/usr/lib/go/src/runtime/sema.go:597 +0x159
sync.(*Cond).Wait(0x0?)
	/usr/lib/go/src/sync/cond.go:71 +0x85
github.com/centrifugal/centrifuge/internal/dissolve.(*queueImpl).Wait(0xc028e3d810)
	/home/mariell/go/pkg/mod/github.com/centrifugal/centrifuge@v0.33.3/internal/dissolve/queue.go:139 +0x4a
github.com/centrifugal/centrifuge/internal/dissolve.(*Dissolver).runWorker(0xc028d11578)
	/home/mariell/go/pkg/mod/github.com/centrifugal/centrifuge@v0.33.3/internal/dissolve/dissolve.go:52 +0x27
created by github.com/centrifugal/centrifuge/internal/dissolve.(*Dissolver).Run in goroutine 48632
	/home/mariell/go/pkg/mod/github.com/centrifugal/centrifuge@v0.33.3/internal/dissolve/dissolve.go:31 +0x25

goroutine 49824 [sync.Cond.Wait]:
sync.runtime_notifyListWait(0xc028e24c90, 0x3a)
	/usr/lib/go/src/runtime/sema.go:597 +0x159
sync.(*Cond).Wait(0x0?)
	/usr/lib/go/src/sync/cond.go:71 +0x85
github.com/centrifugal/centrifuge/internal/dissolve.(*queueImpl).Wait(0xc028e3d810)
	/home/mariell/go/pkg/mod/github.com/centrifugal/centrifuge@v0.33.3/internal/dissolve/queue.go:139 +0x4a
github.com/centrifugal/centrifuge/internal/dissolve.(*Dissolver).runWorker(0xc028d11578)
	/home/mariell/go/pkg/mod/github.com/centrifugal/centrifuge@v0.33.3/internal/dissolve/dissolve.go:52 +0x27
created by github.com/centrifugal/centrifuge/internal/dissolve.(*Dissolver).Run in goroutine 48632
	/home/mariell/go/pkg/mod/github.com/centrifugal/centrifuge@v0.33.3/internal/dissolve/dissolve.go:31 +0x25

goroutine 49825 [sync.Cond.Wait]:
sync.runtime_notifyListWait(0xc028e24c90, 0x3e)
	/usr/lib/go/src/runtime/sema.go:597 +0x159
sync.(*Cond).Wait(0x0?)
	/usr/lib/go/src/sync/cond.go:71 +0x85
github.com/centrifugal/centrifuge/internal/dissolve.(*queueImpl).Wait(0xc028e3d810)
	/home/mariell/go/pkg/mod/github.com/centrifugal/centrifuge@v0.33.3/internal/dissolve/queue.go:139 +0x4a
github.com/centrifugal/centrifuge/internal/dissolve.(*Dissolver).runWorker(0xc028d11578)
	/home/mariell/go/pkg/mod/github.com/centrifugal/centrifuge@v0.33.3/internal/dissolve/dissolve.go:52 +0x27
created by github.com/centrifugal/centrifuge/internal/dissolve.(*Dissolver).Run in goroutine 48632
	/home/mariell/go/pkg/mod/github.com/centrifugal/centrifuge@v0.33.3/internal/dissolve/dissolve.go:31 +0x25

goroutine 49826 [sync.Cond.Wait]:
sync.runtime_notifyListWait(0xc028e24c90, 0x3f)
	/usr/lib/go/src/runtime/sema.go:597 +0x159
sync.(*Cond).Wait(0x0?)
	/usr/lib/go/src/sync/cond.go:71 +0x85
github.com/centrifugal/centrifuge/internal/dissolve.(*queueImpl).Wait(0xc028e3d810)
	/home/mariell/go/pkg/mod/github.com/centrifugal/centrifuge@v0.33.3/internal/dissolve/queue.go:139 +0x4a
github.com/centrifugal/centrifuge/internal/dissolve.(*Dissolver).runWorker(0xc028d11578)
	/home/mariell/go/pkg/mod/github.com/centrifugal/centrifuge@v0.33.3/internal/dissolve/dissolve.go:52 +0x27
created by github.com/centrifugal/centrifuge/internal/dissolve.(*Dissolver).Run in goroutine 48632
	/home/mariell/go/pkg/mod/github.com/centrifugal/centrifuge@v0.33.3/internal/dissolve/dissolve.go:31 +0x25

goroutine 52794 [select]:
github.com/patrickmn/go-cache.(*janitor).Run(0xc02ffe24c0, 0xc02ffda900)
	/home/mariell/go/pkg/mod/github.com/patrickmn/go-cache@v2.1.0+incompatible/cache.go:1079 +0x7b
created by github.com/patrickmn/go-cache.runJanitor in goroutine 51765
	/home/mariell/go/pkg/mod/github.com/patrickmn/go-cache@v2.1.0+incompatible/cache.go:1099 +0xdb

goroutine 74248 [select]:
github.com/patrickmn/go-cache.(*janitor).Run(0xc0425bc2c0, 0xc02a623940)
	/home/mariell/go/pkg/mod/github.com/patrickmn/go-cache@v2.1.0+incompatible/cache.go:1079 +0x7b
created by github.com/patrickmn/go-cache.runJanitor in goroutine 56141
	/home/mariell/go/pkg/mod/github.com/patrickmn/go-cache@v2.1.0+incompatible/cache.go:1099 +0xdb

goroutine 49883 [select]:
github.com/patrickmn/go-cache.(*janitor).Run(0xc0291755c0, 0xc02917cc40)
	/home/mariell/go/pkg/mod/github.com/patrickmn/go-cache@v2.1.0+incompatible/cache.go:1079 +0x7b
created by github.com/patrickmn/go-cache.runJanitor in goroutine 48632
	/home/mariell/go/pkg/mod/github.com/patrickmn/go-cache@v2.1.0+incompatible/cache.go:1099 +0xdb

goroutine 49890 [select]:
github.com/patrickmn/go-cache.(*janitor).Run(0xc029233840, 0xc029244c80)
	/home/mariell/go/pkg/mod/github.com/patrickmn/go-cache@v2.1.0+incompatible/cache.go:1079 +0x7b
created by github.com/patrickmn/go-cache.runJanitor in goroutine 48632
	/home/mariell/go/pkg/mod/github.com/patrickmn/go-cache@v2.1.0+incompatible/cache.go:1099 +0xdb

goroutine 49891 [select]:
github.com/patrickmn/go-cache.(*janitor).Run(0xc029233960, 0xc029244d40)
	/home/mariell/go/pkg/mod/github.com/patrickmn/go-cache@v2.1.0+incompatible/cache.go:1079 +0x7b
created by github.com/patrickmn/go-cache.runJanitor in goroutine 48632
	/home/mariell/go/pkg/mod/github.com/patrickmn/go-cache@v2.1.0+incompatible/cache.go:1099 +0xdb

goroutine 49892 [select]:
github.com/patrickmn/go-cache.(*janitor).Run(0xc029233970, 0xc029244d80)
	/home/mariell/go/pkg/mod/github.com/patrickmn/go-cache@v2.1.0+incompatible/cache.go:1079 +0x7b
created by github.com/patrickmn/go-cache.runJanitor in goroutine 48632
	/home/mariell/go/pkg/mod/github.com/patrickmn/go-cache@v2.1.0+incompatible/cache.go:1099 +0xdb

goroutine 49970 [select]:
github.com/patrickmn/go-cache.(*janitor).Run(0xc02929a140, 0xc029296540)
	/home/mariell/go/pkg/mod/github.com/patrickmn/go-cache@v2.1.0+incompatible/cache.go:1079 +0x7b
created by github.com/patrickmn/go-cache.runJanitor in goroutine 48632
	/home/mariell/go/pkg/mod/github.com/patrickmn/go-cache@v2.1.0+incompatible/cache.go:1099 +0xdb

goroutine 49972 [select]:
github.com/patrickmn/go-cache.(*janitor).Run(0xc02929b0a0, 0xc029296d00)
	/home/mariell/go/pkg/mod/github.com/patrickmn/go-cache@v2.1.0+incompatible/cache.go:1079 +0x7b
created by github.com/patrickmn/go-cache.runJanitor in goroutine 48632
	/home/mariell/go/pkg/mod/github.com/patrickmn/go-cache@v2.1.0+incompatible/cache.go:1099 +0xdb

goroutine 52841 [sync.Cond.Wait]:
sync.runtime_notifyListWait(0xc0301d0dd0, 0x5)
	/usr/lib/go/src/runtime/sema.go:597 +0x159
sync.(*Cond).Wait(0xc00c2ee000?)
	/usr/lib/go/src/sync/cond.go:71 +0x85
github.com/centrifugal/centrifuge/internal/dissolve.(*queueImpl).Wait(0xc030230380)
	/home/mariell/go/pkg/mod/github.com/centrifugal/centrifuge@v0.33.3/internal/dissolve/queue.go:139 +0x4a
github.com/centrifugal/centrifuge/internal/dissolve.(*Dissolver).runWorker(0xc008ba75c0)
	/home/mariell/go/pkg/mod/github.com/centrifugal/centrifuge@v0.33.3/internal/dissolve/dissolve.go:52 +0x27
created by github.com/centrifugal/centrifuge/internal/dissolve.(*Dissolver).Run in goroutine 51765
	/home/mariell/go/pkg/mod/github.com/centrifugal/centrifuge@v0.33.3/internal/dissolve/dissolve.go:31 +0x25

goroutine 73866 [select]:
github.com/patrickmn/go-cache.(*janitor).Run(0xc018e04830, 0xc02667e900)
	/home/mariell/go/pkg/mod/github.com/patrickmn/go-cache@v2.1.0+incompatible/cache.go:1079 +0x7b
created by github.com/patrickmn/go-cache.runJanitor in goroutine 4436
	/home/mariell/go/pkg/mod/github.com/patrickmn/go-cache@v2.1.0+incompatible/cache.go:1099 +0xdb

goroutine 51558 [select]:
net/http.(*persistConn).writeLoop(0xc02a440000)
	/usr/lib/go/src/net/http/transport.go:2590 +0xe7
created by net/http.(*Transport).dialConn in goroutine 53112
	/usr/lib/go/src/net/http/transport.go:1945 +0x17a5

goroutine 50187 [select]:
net/http.(*persistConn).writeLoop(0xc0252110e0)
	/usr/lib/go/src/net/http/transport.go:2590 +0xe7
created by net/http.(*Transport).dialConn in goroutine 50179
	/usr/lib/go/src/net/http/transport.go:1945 +0x17a5

goroutine 51342 [sync.Cond.Wait]:
sync.runtime_notifyListWait(0xc01afe9210, 0x30)
	/usr/lib/go/src/runtime/sema.go:597 +0x159
sync.(*Cond).Wait(0xc028e145b0?)
	/usr/lib/go/src/sync/cond.go:71 +0x85
github.com/centrifugal/centrifuge/internal/dissolve.(*queueImpl).Wait(0xc020f245b0)
	/home/mariell/go/pkg/mod/github.com/centrifugal/centrifuge@v0.33.3/internal/dissolve/queue.go:139 +0x4a
github.com/centrifugal/centrifuge/internal/dissolve.(*Dissolver).runWorker(0xc02834aab0)
	/home/mariell/go/pkg/mod/github.com/centrifugal/centrifuge@v0.33.3/internal/dissolve/dissolve.go:52 +0x27
created by github.com/centrifugal/centrifuge/internal/dissolve.(*Dissolver).Run in goroutine 50170
	/home/mariell/go/pkg/mod/github.com/centrifugal/centrifuge@v0.33.3/internal/dissolve/dissolve.go:31 +0x25

goroutine 51343 [sync.Cond.Wait]:
sync.runtime_notifyListWait(0xc01afe9210, 0x34)
	/usr/lib/go/src/runtime/sema.go:597 +0x159
sync.(*Cond).Wait(0xc01e6bc000?)
	/usr/lib/go/src/sync/cond.go:71 +0x85
github.com/centrifugal/centrifuge/internal/dissolve.(*queueImpl).Wait(0xc020f245b0)
	/home/mariell/go/pkg/mod/github.com/centrifugal/centrifuge@v0.33.3/internal/dissolve/queue.go:139 +0x4a
github.com/centrifugal/centrifuge/internal/dissolve.(*Dissolver).runWorker(0xc02834aab0)
	/home/mariell/go/pkg/mod/github.com/centrifugal/centrifuge@v0.33.3/internal/dissolve/dissolve.go:52 +0x27
created by github.com/centrifugal/centrifuge/internal/dissolve.(*Dissolver).Run in goroutine 50170
	/home/mariell/go/pkg/mod/github.com/centrifugal/centrifuge@v0.33.3/internal/dissolve/dissolve.go:31 +0x25

goroutine 51344 [sync.Cond.Wait]:
sync.runtime_notifyListWait(0xc01afe9210, 0x3a)
	/usr/lib/go/src/runtime/sema.go:597 +0x159
sync.(*Cond).Wait(0x0?)
	/usr/lib/go/src/sync/cond.go:71 +0x85
github.com/centrifugal/centrifuge/internal/dissolve.(*queueImpl).Wait(0xc020f245b0)
	/home/mariell/go/pkg/mod/github.com/centrifugal/centrifuge@v0.33.3/internal/dissolve/queue.go:139 +0x4a
github.com/centrifugal/centrifuge/internal/dissolve.(*Dissolver).runWorker(0xc02834aab0)
	/home/mariell/go/pkg/mod/github.com/centrifugal/centrifuge@v0.33.3/internal/dissolve/dissolve.go:52 +0x27
created by github.com/centrifugal/centrifuge/internal/dissolve.(*Dissolver).Run in goroutine 50170
	/home/mariell/go/pkg/mod/github.com/centrifugal/centrifuge@v0.33.3/internal/dissolve/dissolve.go:31 +0x25

goroutine 51345 [sync.Cond.Wait]:
sync.runtime_notifyListWait(0xc01afe9210, 0x3b)
	/usr/lib/go/src/runtime/sema.go:597 +0x159
sync.(*Cond).Wait(0x88a04a0?)
	/usr/lib/go/src/sync/cond.go:71 +0x85
github.com/centrifugal/centrifuge/internal/dissolve.(*queueImpl).Wait(0xc020f245b0)
	/home/mariell/go/pkg/mod/github.com/centrifugal/centrifuge@v0.33.3/internal/dissolve/queue.go:139 +0x4a
github.com/centrifugal/centrifuge/internal/dissolve.(*Dissolver).runWorker(0xc02834aab0)
	/home/mariell/go/pkg/mod/github.com/centrifugal/centrifuge@v0.33.3/internal/dissolve/dissolve.go:52 +0x27
created by github.com/centrifugal/centrifuge/internal/dissolve.(*Dissolver).Run in goroutine 50170
	/home/mariell/go/pkg/mod/github.com/centrifugal/centrifuge@v0.33.3/internal/dissolve/dissolve.go:31 +0x25

goroutine 51346 [sync.Cond.Wait]:
sync.runtime_notifyListWait(0xc01afe9210, 0x32)
	/usr/lib/go/src/runtime/sema.go:597 +0x159
sync.(*Cond).Wait(0x10000c01581efd0?)
	/usr/lib/go/src/sync/cond.go:71 +0x85
github.com/centrifugal/centrifuge/internal/dissolve.(*queueImpl).Wait(0xc020f245b0)
	/home/mariell/go/pkg/mod/github.com/centrifugal/centrifuge@v0.33.3/internal/dissolve/queue.go:139 +0x4a
github.com/centrifugal/centrifuge/internal/dissolve.(*Dissolver).runWorker(0xc02834aab0)
	/home/mariell/go/pkg/mod/github.com/centrifugal/centrifuge@v0.33.3/internal/dissolve/dissolve.go:52 +0x27
created by github.com/centrifugal/centrifuge/internal/dissolve.(*Dissolver).Run in goroutine 50170
	/home/mariell/go/pkg/mod/github.com/centrifugal/centrifuge@v0.33.3/internal/dissolve/dissolve.go:31 +0x25

goroutine 51347 [sync.Cond.Wait]:
sync.runtime_notifyListWait(0xc01afe9210, 0x3d)
	/usr/lib/go/src/runtime/sema.go:597 +0x159
sync.(*Cond).Wait(0xc014682af0?)
	/usr/lib/go/src/sync/cond.go:71 +0x85
github.com/centrifugal/centrifuge/internal/dissolve.(*queueImpl).Wait(0xc020f245b0)
	/home/mariell/go/pkg/mod/github.com/centrifugal/centrifuge@v0.33.3/internal/dissolve/queue.go:139 +0x4a
github.com/centrifugal/centrifuge/internal/dissolve.(*Dissolver).runWorker(0xc02834aab0)
	/home/mariell/go/pkg/mod/github.com/centrifugal/centrifuge@v0.33.3/internal/dissolve/dissolve.go:52 +0x27
created by github.com/centrifugal/centrifuge/internal/dissolve.(*Dissolver).Run in goroutine 50170
	/home/mariell/go/pkg/mod/github.com/centrifugal/centrifuge@v0.33.3/internal/dissolve/dissolve.go:31 +0x25

goroutine 51348 [sync.Cond.Wait]:
sync.runtime_notifyListWait(0xc01afe9210, 0x3c)
	/usr/lib/go/src/runtime/sema.go:597 +0x159
sync.(*Cond).Wait(0x0?)
	/usr/lib/go/src/sync/cond.go:71 +0x85
github.com/centrifugal/centrifuge/internal/dissolve.(*queueImpl).Wait(0xc020f245b0)
	/home/mariell/go/pkg/mod/github.com/centrifugal/centrifuge@v0.33.3/internal/dissolve/queue.go:139 +0x4a
github.com/centrifugal/centrifuge/internal/dissolve.(*Dissolver).runWorker(0xc02834aab0)
	/home/mariell/go/pkg/mod/github.com/centrifugal/centrifuge@v0.33.3/internal/dissolve/dissolve.go:52 +0x27
created by github.com/centrifugal/centrifuge/internal/dissolve.(*Dissolver).Run in goroutine 50170
	/home/mariell/go/pkg/mod/github.com/centrifugal/centrifuge@v0.33.3/internal/dissolve/dissolve.go:31 +0x25

goroutine 51349 [sync.Cond.Wait]:
sync.runtime_notifyListWait(0xc01afe9210, 0x3e)
	/usr/lib/go/src/runtime/sema.go:597 +0x159
sync.(*Cond).Wait(0xc02ab9c701?)
	/usr/lib/go/src/sync/cond.go:71 +0x85
github.com/centrifugal/centrifuge/internal/dissolve.(*queueImpl).Wait(0xc020f245b0)
	/home/mariell/go/pkg/mod/github.com/centrifugal/centrifuge@v0.33.3/internal/dissolve/queue.go:139 +0x4a
github.com/centrifugal/centrifuge/internal/dissolve.(*Dissolver).runWorker(0xc02834aab0)
	/home/mariell/go/pkg/mod/github.com/centrifugal/centrifuge@v0.33.3/internal/dissolve/dissolve.go:52 +0x27
created by github.com/centrifugal/centrifuge/internal/dissolve.(*Dissolver).Run in goroutine 50170
	/home/mariell/go/pkg/mod/github.com/centrifugal/centrifuge@v0.33.3/internal/dissolve/dissolve.go:31 +0x25

goroutine 51350 [sync.Cond.Wait]:
sync.runtime_notifyListWait(0xc01afe9210, 0x3f)
	/usr/lib/go/src/runtime/sema.go:597 +0x159
sync.(*Cond).Wait(0x0?)
	/usr/lib/go/src/sync/cond.go:71 +0x85
github.com/centrifugal/centrifuge/internal/dissolve.(*queueImpl).Wait(0xc020f245b0)
	/home/mariell/go/pkg/mod/github.com/centrifugal/centrifuge@v0.33.3/internal/dissolve/queue.go:139 +0x4a
github.com/centrifugal/centrifuge/internal/dissolve.(*Dissolver).runWorker(0xc02834aab0)
	/home/mariell/go/pkg/mod/github.com/centrifugal/centrifuge@v0.33.3/internal/dissolve/dissolve.go:52 +0x27
created by github.com/centrifugal/centrifuge/internal/dissolve.(*Dissolver).Run in goroutine 50170
	/home/mariell/go/pkg/mod/github.com/centrifugal/centrifuge@v0.33.3/internal/dissolve/dissolve.go:31 +0x25

goroutine 52842 [sync.Cond.Wait]:
sync.runtime_notifyListWait(0xc0301d0dd0, 0x6)
	/usr/lib/go/src/runtime/sema.go:597 +0x159
sync.(*Cond).Wait(0xc009719fd0?)
	/usr/lib/go/src/sync/cond.go:71 +0x85
github.com/centrifugal/centrifuge/internal/dissolve.(*queueImpl).Wait(0xc030230380)
	/home/mariell/go/pkg/mod/github.com/centrifugal/centrifuge@v0.33.3/internal/dissolve/queue.go:139 +0x4a
github.com/centrifugal/centrifuge/internal/dissolve.(*Dissolver).runWorker(0xc008ba75c0)
	/home/mariell/go/pkg/mod/github.com/centrifugal/centrifuge@v0.33.3/internal/dissolve/dissolve.go:52 +0x27
created by github.com/centrifugal/centrifuge/internal/dissolve.(*Dissolver).Run in goroutine 51765
	/home/mariell/go/pkg/mod/github.com/centrifugal/centrifuge@v0.33.3/internal/dissolve/dissolve.go:31 +0x25

goroutine 52843 [sync.Cond.Wait]:
sync.runtime_notifyListWait(0xc0301d0dd0, 0x7)
	/usr/lib/go/src/runtime/sema.go:597 +0x159
sync.(*Cond).Wait(0xc029181020?)
	/usr/lib/go/src/sync/cond.go:71 +0x85
github.com/centrifugal/centrifuge/internal/dissolve.(*queueImpl).Wait(0xc030230380)
	/home/mariell/go/pkg/mod/github.com/centrifugal/centrifuge@v0.33.3/internal/dissolve/queue.go:139 +0x4a
github.com/centrifugal/centrifuge/internal/dissolve.(*Dissolver).runWorker(0xc008ba75c0)
	/home/mariell/go/pkg/mod/github.com/centrifugal/centrifuge@v0.33.3/internal/dissolve/dissolve.go:52 +0x27
created by github.com/centrifugal/centrifuge/internal/dissolve.(*Dissolver).Run in goroutine 51765
	/home/mariell/go/pkg/mod/github.com/centrifugal/centrifuge@v0.33.3/internal/dissolve/dissolve.go:31 +0x25

goroutine 74131 [select]:
github.com/patrickmn/go-cache.(*janitor).Run(0xc038fa8f00, 0xc0383a8f80)
	/home/mariell/go/pkg/mod/github.com/patrickmn/go-cache@v2.1.0+incompatible/cache.go:1079 +0x7b
created by github.com/patrickmn/go-cache.runJanitor in goroutine 3350
	/home/mariell/go/pkg/mod/github.com/patrickmn/go-cache@v2.1.0+incompatible/cache.go:1099 +0xdb

goroutine 76389 [sync.Cond.Wait]:
sync.runtime_notifyListWait(0xc045376a50, 0x25)
	/usr/lib/go/src/runtime/sema.go:597 +0x159
sync.(*Cond).Wait(0x0?)
	/usr/lib/go/src/sync/cond.go:71 +0x85
github.com/centrifugal/centrifuge/internal/dissolve.(*queueImpl).Wait(0xc0425a5ce0)
	/home/mariell/go/pkg/mod/github.com/centrifugal/centrifuge@v0.33.3/internal/dissolve/queue.go:139 +0x4a
github.com/centrifugal/centrifuge/internal/dissolve.(*Dissolver).runWorker(0xc0272822a0)
	/home/mariell/go/pkg/mod/github.com/centrifugal/centrifuge@v0.33.3/internal/dissolve/dissolve.go:52 +0x27
created by github.com/centrifugal/centrifuge/internal/dissolve.(*Dissolver).Run in goroutine 3349
	/home/mariell/go/pkg/mod/github.com/centrifugal/centrifuge@v0.33.3/internal/dissolve/dissolve.go:31 +0x25

goroutine 51407 [select]:
github.com/patrickmn/go-cache.(*janitor).Run(0xc01372c0d0, 0xc01a55cc00)
	/home/mariell/go/pkg/mod/github.com/patrickmn/go-cache@v2.1.0+incompatible/cache.go:1079 +0x7b
created by github.com/patrickmn/go-cache.runJanitor in goroutine 50170
	/home/mariell/go/pkg/mod/github.com/patrickmn/go-cache@v2.1.0+incompatible/cache.go:1099 +0xdb

goroutine 51414 [select]:
github.com/patrickmn/go-cache.(*janitor).Run(0xc013752f70, 0xc01b41f7c0)
	/home/mariell/go/pkg/mod/github.com/patrickmn/go-cache@v2.1.0+incompatible/cache.go:1079 +0x7b
created by github.com/patrickmn/go-cache.runJanitor in goroutine 50170
	/home/mariell/go/pkg/mod/github.com/patrickmn/go-cache@v2.1.0+incompatible/cache.go:1099 +0xdb

goroutine 51415 [select]:
github.com/patrickmn/go-cache.(*janitor).Run(0xc013753090, 0xc01b41f880)
	/home/mariell/go/pkg/mod/github.com/patrickmn/go-cache@v2.1.0+incompatible/cache.go:1079 +0x7b
created by github.com/patrickmn/go-cache.runJanitor in goroutine 50170
	/home/mariell/go/pkg/mod/github.com/patrickmn/go-cache@v2.1.0+incompatible/cache.go:1099 +0xdb

goroutine 51416 [select]:
github.com/patrickmn/go-cache.(*janitor).Run(0xc0137530a0, 0xc01b41f8c0)
	/home/mariell/go/pkg/mod/github.com/patrickmn/go-cache@v2.1.0+incompatible/cache.go:1079 +0x7b
created by github.com/patrickmn/go-cache.runJanitor in goroutine 50170
	/home/mariell/go/pkg/mod/github.com/patrickmn/go-cache@v2.1.0+incompatible/cache.go:1099 +0xdb

goroutine 51494 [select]:
github.com/patrickmn/go-cache.(*janitor).Run(0xc0137a66a0, 0xc0110978c0)
	/home/mariell/go/pkg/mod/github.com/patrickmn/go-cache@v2.1.0+incompatible/cache.go:1079 +0x7b
created by github.com/patrickmn/go-cache.runJanitor in goroutine 50170
	/home/mariell/go/pkg/mod/github.com/patrickmn/go-cache@v2.1.0+incompatible/cache.go:1099 +0xdb

goroutine 51496 [select]:
github.com/patrickmn/go-cache.(*janitor).Run(0xc0137a7db0, 0xc00ed76840)
	/home/mariell/go/pkg/mod/github.com/patrickmn/go-cache@v2.1.0+incompatible/cache.go:1079 +0x7b
created by github.com/patrickmn/go-cache.runJanitor in goroutine 50170
	/home/mariell/go/pkg/mod/github.com/patrickmn/go-cache@v2.1.0+incompatible/cache.go:1099 +0xdb

goroutine 51766 [select]:
database/sql.(*DB).connectionOpener(0xc023595930, {0xa9d1d00, 0xc02921a1e0})
	/usr/lib/go/src/database/sql/sql.go:1261 +0x87
created by database/sql.OpenDB in goroutine 51765
	/usr/lib/go/src/database/sql/sql.go:841 +0x130

goroutine 54773 [select]:
k8s.io/apimachinery/pkg/util/wait.BackoffUntil(0xc01b96b800, {0xa95ac00, 0xc02b6ed110}, 0x1, 0xc024aa9340)
	/home/mariell/go/pkg/mod/k8s.io/apimachinery@v0.32.1/pkg/util/wait/backoff.go:238 +0x12c
k8s.io/apimachinery/pkg/util/wait.JitterUntil(0xc01b96b800, 0x3b9aca00, 0x3ff3333333333333, 0x1, 0xc024aa9340)
	/home/mariell/go/pkg/mod/k8s.io/apimachinery@v0.32.1/pkg/util/wait/backoff.go:204 +0x7f
created by k8s.io/apiserver/pkg/registry/generic/registry.(*Store).startObservingCount in goroutine 51745
	/home/mariell/go/pkg/mod/k8s.io/apiserver@v0.32.1/pkg/registry/generic/registry/store.go:1666 +0x2f9

goroutine 59366 [select]:
github.com/grafana/grafana/pkg/storage/unified/resource.(*cache[...]).run(0xc0149f4380)
	/home/mariell/work/oss/grafana/pkg/storage/unified/resource/broadcaster.go:291 +0xb0
created by github.com/grafana/grafana/pkg/storage/unified/resource.newChannelCache[...] in goroutine 58731
	/home/mariell/work/oss/grafana/pkg/storage/unified/resource/broadcaster.go:276 +0x189

goroutine 58885 [sync.Cond.Wait]:
sync.runtime_notifyListWait(0xc01f861010, 0xa)
	/usr/lib/go/src/runtime/sema.go:597 +0x159
sync.(*Cond).Wait(0x0?)
	/usr/lib/go/src/sync/cond.go:71 +0x85
github.com/centrifugal/centrifuge/internal/dissolve.(*queueImpl).Wait(0xc01921b6c0)
	/home/mariell/go/pkg/mod/github.com/centrifugal/centrifuge@v0.33.3/internal/dissolve/queue.go:139 +0x4a
github.com/centrifugal/centrifuge/internal/dissolve.(*Dissolver).runWorker(0xc0243b2a20)
	/home/mariell/go/pkg/mod/github.com/centrifugal/centrifuge@v0.33.3/internal/dissolve/dissolve.go:52 +0x27
created by github.com/centrifugal/centrifuge/internal/dissolve.(*Dissolver).Run in goroutine 57831
	/home/mariell/go/pkg/mod/github.com/centrifugal/centrifuge@v0.33.3/internal/dissolve/dissolve.go:31 +0x25

goroutine 53145 [select]:
net/http.(*persistConn).writeLoop(0xc02a4add40)
	/usr/lib/go/src/net/http/transport.go:2590 +0xe7
created by net/http.(*Transport).dialConn in goroutine 56115
	/usr/lib/go/src/net/http/transport.go:1945 +0x17a5

goroutine 76006 [select]:
net.(*netFD).connect.func2()
	/usr/lib/go/src/net/fd_unix.go:118 +0x7a
created by net.(*netFD).connect in goroutine 76005
	/usr/lib/go/src/net/fd_unix.go:117 +0x349

goroutine 54607 [select]:
github.com/grafana/grafana/pkg/storage/unified/resource.(*broadcaster[...]).stream(0xab113a0, 0xc014be2700)
	/home/mariell/work/oss/grafana/pkg/storage/unified/resource/broadcaster.go:205 +0x13d
created by github.com/grafana/grafana/pkg/storage/unified/resource.(*broadcaster[...]).init in goroutine 54599
	/home/mariell/work/oss/grafana/pkg/storage/unified/resource/broadcaster.go:177 +0x219

goroutine 51720 [chan receive]:
github.com/grafana/grafana/pkg/storage/unified/resource.(*server).initWatcher.func1.1()
	/home/mariell/work/oss/grafana/pkg/storage/unified/resource/server.go:922 +0x58
created by github.com/grafana/grafana/pkg/storage/unified/resource.(*server).initWatcher.func1 in goroutine 51536
	/home/mariell/work/oss/grafana/pkg/storage/unified/resource/server.go:921 +0xaa

goroutine 52840 [sync.Cond.Wait]:
sync.runtime_notifyListWait(0xc0301d0dd0, 0x4)
	/usr/lib/go/src/runtime/sema.go:597 +0x159
sync.(*Cond).Wait(0x0?)
	/usr/lib/go/src/sync/cond.go:71 +0x85
github.com/centrifugal/centrifuge/internal/dissolve.(*queueImpl).Wait(0xc030230380)
	/home/mariell/go/pkg/mod/github.com/centrifugal/centrifuge@v0.33.3/internal/dissolve/queue.go:139 +0x4a
github.com/centrifugal/centrifuge/internal/dissolve.(*Dissolver).runWorker(0xc008ba75c0)
	/home/mariell/go/pkg/mod/github.com/centrifugal/centrifuge@v0.33.3/internal/dissolve/dissolve.go:52 +0x27
created by github.com/centrifugal/centrifuge/internal/dissolve.(*Dissolver).Run in goroutine 51765
	/home/mariell/go/pkg/mod/github.com/centrifugal/centrifuge@v0.33.3/internal/dissolve/dissolve.go:31 +0x25

goroutine 52878 [sync.Cond.Wait]:
sync.runtime_notifyListWait(0xc0301d0dd0, 0x2a)
	/usr/lib/go/src/runtime/sema.go:597 +0x159
sync.(*Cond).Wait(0x0?)
	/usr/lib/go/src/sync/cond.go:71 +0x85
github.com/centrifugal/centrifuge/internal/dissolve.(*queueImpl).Wait(0xc030230380)
	/home/mariell/go/pkg/mod/github.com/centrifugal/centrifuge@v0.33.3/internal/dissolve/queue.go:139 +0x4a
github.com/centrifugal/centrifuge/internal/dissolve.(*Dissolver).runWorker(0xc008ba75c0)
	/home/mariell/go/pkg/mod/github.com/centrifugal/centrifuge@v0.33.3/internal/dissolve/dissolve.go:52 +0x27
created by github.com/centrifugal/centrifuge/internal/dissolve.(*Dissolver).Run in goroutine 51765
	/home/mariell/go/pkg/mod/github.com/centrifugal/centrifuge@v0.33.3/internal/dissolve/dissolve.go:31 +0x25

goroutine 51680 [IO wait]:
internal/poll.runtime_pollWait(0x7775504bf250, 0x72)
	/usr/lib/go/src/runtime/netpoll.go:351 +0x85
internal/poll.(*pollDesc).wait(0xc01e681080?, 0xc029b84c00?, 0x0)
	/usr/lib/go/src/internal/poll/fd_poll_runtime.go:84 +0x27
internal/poll.(*pollDesc).waitRead(...)
	/usr/lib/go/src/internal/poll/fd_poll_runtime.go:89
internal/poll.(*FD).Read(0xc01e681080, {0xc029b84c00, 0x1300, 0x1300})
	/usr/lib/go/src/internal/poll/fd_unix.go:165 +0x27a
net.(*netFD).Read(0xc01e681080, {0xc029b84c00?, 0xc029b84c00?, 0x5?})
	/usr/lib/go/src/net/fd_posix.go:55 +0x25
net.(*conn).Read(0xc01a9dd140, {0xc029b84c00?, 0x7775502ee408?, 0x7775a8b298a0?})
	/usr/lib/go/src/net/net.go:194 +0x45
crypto/tls.(*atLeastReader).Read(0xc023d7ec18, {0xc029b84c00?, 0x43f787?, 0x92f2d80?})
	/usr/lib/go/src/crypto/tls/conn.go:809 +0x3b
bytes.(*Buffer).ReadFrom(0xc01a9f37b8, {0xa94e300, 0xc023d7ec18})
	/usr/lib/go/src/bytes/buffer.go:211 +0x98
crypto/tls.(*Conn).readFromUntil(0xc01a9f3508, {0xa94dc00, 0xc01a9dd140}, 0x444af4?)
	/usr/lib/go/src/crypto/tls/conn.go:831 +0xde
crypto/tls.(*Conn).readRecordOrCCS(0xc01a9f3508, 0x0)
	/usr/lib/go/src/crypto/tls/conn.go:629 +0x3cf
crypto/tls.(*Conn).readRecord(...)
	/usr/lib/go/src/crypto/tls/conn.go:591
crypto/tls.(*Conn).Read(0xc01a9f3508, {0xc01ea14000, 0x1000, 0xc01b26e750?})
	/usr/lib/go/src/crypto/tls/conn.go:1385 +0x145
net/http.(*persistConn).Read(0xc025839e60, {0xc01ea14000?, 0x81fe45?, 0xa94be80?})
	/usr/lib/go/src/net/http/transport.go:2122 +0x47
bufio.(*Reader).fill(0xc01c34b3e0)
	/usr/lib/go/src/bufio/bufio.go:113 +0x103
bufio.(*Reader).Peek(0xc01c34b3e0, 0x1)
	/usr/lib/go/src/bufio/bufio.go:152 +0x53
net/http.(*persistConn).readLoop(0xc025839e60)
	/usr/lib/go/src/net/http/transport.go:2275 +0x172
created by net/http.(*Transport).dialConn in goroutine 51582
	/usr/lib/go/src/net/http/transport.go:1944 +0x174f

goroutine 52844 [sync.Cond.Wait]:
sync.runtime_notifyListWait(0xc0301d0dd0, 0x8)
	/usr/lib/go/src/runtime/sema.go:597 +0x159
sync.(*Cond).Wait(0x0?)
	/usr/lib/go/src/sync/cond.go:71 +0x85
github.com/centrifugal/centrifuge/internal/dissolve.(*queueImpl).Wait(0xc030230380)
	/home/mariell/go/pkg/mod/github.com/centrifugal/centrifuge@v0.33.3/internal/dissolve/queue.go:139 +0x4a
github.com/centrifugal/centrifuge/internal/dissolve.(*Dissolver).runWorker(0xc008ba75c0)
	/home/mariell/go/pkg/mod/github.com/centrifugal/centrifuge@v0.33.3/internal/dissolve/dissolve.go:52 +0x27
created by github.com/centrifugal/centrifuge/internal/dissolve.(*Dissolver).Run in goroutine 51765
	/home/mariell/go/pkg/mod/github.com/centrifugal/centrifuge@v0.33.3/internal/dissolve/dissolve.go:31 +0x25

goroutine 73890 [select]:
github.com/patrickmn/go-cache.(*janitor).Run(0xc011ad0150, 0xc01e9b4bc0)
	/home/mariell/go/pkg/mod/github.com/patrickmn/go-cache@v2.1.0+incompatible/cache.go:1079 +0x7b
created by github.com/patrickmn/go-cache.runJanitor in goroutine 4438
	/home/mariell/go/pkg/mod/github.com/patrickmn/go-cache@v2.1.0+incompatible/cache.go:1099 +0xdb

goroutine 52845 [sync.Cond.Wait]:
sync.runtime_notifyListWait(0xc0301d0dd0, 0x9)
	/usr/lib/go/src/runtime/sema.go:597 +0x159
sync.(*Cond).Wait(0x0?)
	/usr/lib/go/src/sync/cond.go:71 +0x85
github.com/centrifugal/centrifuge/internal/dissolve.(*queueImpl).Wait(0xc030230380)
	/home/mariell/go/pkg/mod/github.com/centrifugal/centrifuge@v0.33.3/internal/dissolve/queue.go:139 +0x4a
github.com/centrifugal/centrifuge/internal/dissolve.(*Dissolver).runWorker(0xc008ba75c0)
	/home/mariell/go/pkg/mod/github.com/centrifugal/centrifuge@v0.33.3/internal/dissolve/dissolve.go:52 +0x27
created by github.com/centrifugal/centrifuge/internal/dissolve.(*Dissolver).Run in goroutine 51765
	/home/mariell/go/pkg/mod/github.com/centrifugal/centrifuge@v0.33.3/internal/dissolve/dissolve.go:31 +0x25

goroutine 56156 [IO wait]:
internal/poll.runtime_pollWait(0x77751a6ffae0, 0x72)
	/usr/lib/go/src/runtime/netpoll.go:351 +0x85
internal/poll.(*pollDesc).wait(0xc029413080?, 0xc02972d300?, 0x0)
	/usr/lib/go/src/internal/poll/fd_poll_runtime.go:84 +0x27
internal/poll.(*pollDesc).waitRead(...)
	/usr/lib/go/src/internal/poll/fd_poll_runtime.go:89
internal/poll.(*FD).Read(0xc029413080, {0xc02972d300, 0x1300, 0x1300})
	/usr/lib/go/src/internal/poll/fd_unix.go:165 +0x27a
net.(*netFD).Read(0xc029413080, {0xc02972d300?, 0x0?, 0x0?})
	/usr/lib/go/src/net/fd_posix.go:55 +0x25
net.(*conn).Read(0xc019cb1bc8, {0xc02972d300?, 0x7775505f64d8?, 0x7775a8b2ab80?})
	/usr/lib/go/src/net/net.go:194 +0x45
crypto/tls.(*atLeastReader).Read(0xc0265ba078, {0xc02972d300?, 0x0?, 0x0?})
	/usr/lib/go/src/crypto/tls/conn.go:809 +0x3b
bytes.(*Buffer).ReadFrom(0xc028bb1b38, {0xa94e300, 0xc0265ba078})
	/usr/lib/go/src/bytes/buffer.go:211 +0x98
crypto/tls.(*Conn).readFromUntil(0xc028bb1888, {0xa94dc00, 0xc019cb1bc8}, 0x444af4?)
	/usr/lib/go/src/crypto/tls/conn.go:831 +0xde
crypto/tls.(*Conn).readRecordOrCCS(0xc028bb1888, 0x0)
	/usr/lib/go/src/crypto/tls/conn.go:629 +0x3cf
crypto/tls.(*Conn).readRecord(...)
	/usr/lib/go/src/crypto/tls/conn.go:591
crypto/tls.(*Conn).Read(0xc028bb1888, {0xc029739000, 0x1000, 0x7775a8b2ab80?})
	/usr/lib/go/src/crypto/tls/conn.go:1385 +0x145
net/http.(*persistConn).Read(0xc02a4ade60, {0xc029739000?, 0x4141c5?, 0x68?})
	/usr/lib/go/src/net/http/transport.go:2122 +0x47
bufio.(*Reader).fill(0xc029729680)
	/usr/lib/go/src/bufio/bufio.go:113 +0x103
bufio.(*Reader).Peek(0xc029729680, 0x1)
	/usr/lib/go/src/bufio/bufio.go:152 +0x53
net/http.(*persistConn).readLoop(0xc02a4ade60)
	/usr/lib/go/src/net/http/transport.go:2275 +0x172
created by net/http.(*Transport).dialConn in goroutine 56122
	/usr/lib/go/src/net/http/transport.go:1944 +0x174f

goroutine 51683 [IO wait]:
internal/poll.runtime_pollWait(0x7775504bf7c8, 0x72)
	/usr/lib/go/src/runtime/netpoll.go:351 +0x85
internal/poll.(*pollDesc).wait(0xc020b52100?, 0xc0167d9900?, 0x0)
	/usr/lib/go/src/internal/poll/fd_poll_runtime.go:84 +0x27
internal/poll.(*pollDesc).waitRead(...)
	/usr/lib/go/src/internal/poll/fd_poll_runtime.go:89
internal/poll.(*FD).Read(0xc020b52100, {0xc0167d9900, 0x1300, 0x1300})
	/usr/lib/go/src/internal/poll/fd_unix.go:165 +0x27a
net.(*netFD).Read(0xc020b52100, {0xc0167d9900?, 0xc0167d9900?, 0x5?})
	/usr/lib/go/src/net/fd_posix.go:55 +0x25
net.(*conn).Read(0xc016ace320, {0xc0167d9900?, 0x7775584047a0?, 0x7775a8b28f30?})
	/usr/lib/go/src/net/net.go:194 +0x45
crypto/tls.(*atLeastReader).Read(0xc01f6b83d8, {0xc0167d9900?, 0x12fb?, 0x0?})
	/usr/lib/go/src/crypto/tls/conn.go:809 +0x3b
bytes.(*Buffer).ReadFrom(0xc028909b38, {0xa94e300, 0xc01f6b83d8})
	/usr/lib/go/src/bytes/buffer.go:211 +0x98
crypto/tls.(*Conn).readFromUntil(0xc028909888, {0xa94dc00, 0xc016ace320}, 0x444af4?)
	/usr/lib/go/src/crypto/tls/conn.go:831 +0xde
crypto/tls.(*Conn).readRecordOrCCS(0xc028909888, 0x0)
	/usr/lib/go/src/crypto/tls/conn.go:629 +0x3cf
crypto/tls.(*Conn).readRecord(...)
	/usr/lib/go/src/crypto/tls/conn.go:591
crypto/tls.(*Conn).Read(0xc028909888, {0xc01e632000, 0x1000, 0xc024404270?})
	/usr/lib/go/src/crypto/tls/conn.go:1385 +0x145
net/http.(*persistConn).Read(0xc02579a000, {0xc01e632000?, 0x81fe45?, 0xa94be80?})
	/usr/lib/go/src/net/http/transport.go:2122 +0x47
bufio.(*Reader).fill(0xc01be05320)
	/usr/lib/go/src/bufio/bufio.go:113 +0x103
bufio.(*Reader).Peek(0xc01be05320, 0x1)
	/usr/lib/go/src/bufio/bufio.go:152 +0x53
net/http.(*persistConn).readLoop(0xc02579a000)
	/usr/lib/go/src/net/http/transport.go:2275 +0x172
created by net/http.(*Transport).dialConn in goroutine 51538
	/usr/lib/go/src/net/http/transport.go:1944 +0x174f

goroutine 52839 [sync.Cond.Wait]:
sync.runtime_notifyListWait(0xc0301d0dd0, 0x3)
	/usr/lib/go/src/runtime/sema.go:597 +0x159
sync.(*Cond).Wait(0xc016f2c150?)
	/usr/lib/go/src/sync/cond.go:71 +0x85
github.com/centrifugal/centrifuge/internal/dissolve.(*queueImpl).Wait(0xc030230380)
	/home/mariell/go/pkg/mod/github.com/centrifugal/centrifuge@v0.33.3/internal/dissolve/queue.go:139 +0x4a
github.com/centrifugal/centrifuge/internal/dissolve.(*Dissolver).runWorker(0xc008ba75c0)
	/home/mariell/go/pkg/mod/github.com/centrifugal/centrifuge@v0.33.3/internal/dissolve/dissolve.go:52 +0x27
created by github.com/centrifugal/centrifuge/internal/dissolve.(*Dissolver).Run in goroutine 51765
	/home/mariell/go/pkg/mod/github.com/centrifugal/centrifuge@v0.33.3/internal/dissolve/dissolve.go:31 +0x25

goroutine 73692 [select]:
github.com/patrickmn/go-cache.(*janitor).Run(0xc019f44210, 0xc0162326c0)
	/home/mariell/go/pkg/mod/github.com/patrickmn/go-cache@v2.1.0+incompatible/cache.go:1079 +0x7b
created by github.com/patrickmn/go-cache.runJanitor in goroutine 4438
	/home/mariell/go/pkg/mod/github.com/patrickmn/go-cache@v2.1.0+incompatible/cache.go:1099 +0xdb

goroutine 74615 [sync.Cond.Wait]:
sync.runtime_notifyListWait(0xc022369b10, 0x1f)
	/usr/lib/go/src/runtime/sema.go:597 +0x159
sync.(*Cond).Wait(0x0?)
	/usr/lib/go/src/sync/cond.go:71 +0x85
github.com/centrifugal/centrifuge/internal/dissolve.(*queueImpl).Wait(0xc0429f7180)
	/home/mariell/go/pkg/mod/github.com/centrifugal/centrifuge@v0.33.3/internal/dissolve/queue.go:139 +0x4a
github.com/centrifugal/centrifuge/internal/dissolve.(*Dissolver).runWorker(0xc02391be18)
	/home/mariell/go/pkg/mod/github.com/centrifugal/centrifuge@v0.33.3/internal/dissolve/dissolve.go:52 +0x27
created by github.com/centrifugal/centrifuge/internal/dissolve.(*Dissolver).Run in goroutine 4438
	/home/mariell/go/pkg/mod/github.com/centrifugal/centrifuge@v0.33.3/internal/dissolve/dissolve.go:31 +0x25

goroutine 51724 [select]:
k8s.io/apimachinery/pkg/util/wait.BackoffUntil(0xc01ca1a440, {0xa95ac00, 0xc02150a3f0}, 0x1, 0xc02814d9d0)
	/home/mariell/go/pkg/mod/k8s.io/apimachinery@v0.32.1/pkg/util/wait/backoff.go:238 +0x12c
k8s.io/apimachinery/pkg/util/wait.JitterUntil(0xc01ca1a440, 0x3b9aca00, 0x3ff3333333333333, 0x1, 0xc02814d9d0)
	/home/mariell/go/pkg/mod/k8s.io/apimachinery@v0.32.1/pkg/util/wait/backoff.go:204 +0x7f
created by k8s.io/apiserver/pkg/registry/generic/registry.(*Store).startObservingCount in goroutine 51536
	/home/mariell/go/pkg/mod/k8s.io/apiserver@v0.32.1/pkg/registry/generic/registry/store.go:1666 +0x2f9

goroutine 51732 [select]:
k8s.io/apimachinery/pkg/util/wait.BackoffUntil(0xc01c9aa040, {0xa95ac00, 0xc02150a390}, 0x1, 0xc0288c7ea0)
	/home/mariell/go/pkg/mod/k8s.io/apimachinery@v0.32.1/pkg/util/wait/backoff.go:238 +0x12c
k8s.io/apimachinery/pkg/util/wait.JitterUntil(0xc01c9aa040, 0x3b9aca00, 0x3ff3333333333333, 0x1, 0xc0288c7ea0)
	/home/mariell/go/pkg/mod/k8s.io/apimachinery@v0.32.1/pkg/util/wait/backoff.go:204 +0x7f
created by k8s.io/apiserver/pkg/registry/generic/registry.(*Store).startObservingCount in goroutine 51536
	/home/mariell/go/pkg/mod/k8s.io/apiserver@v0.32.1/pkg/registry/generic/registry/store.go:1666 +0x2f9

goroutine 51580 [IO wait]:
internal/poll.runtime_pollWait(0x7775504bf480, 0x72)
	/usr/lib/go/src/runtime/netpoll.go:351 +0x85
internal/poll.(*pollDesc).wait(0xc026aca480?, 0xc027271900?, 0x0)
	/usr/lib/go/src/internal/poll/fd_poll_runtime.go:84 +0x27
internal/poll.(*pollDesc).waitRead(...)
	/usr/lib/go/src/internal/poll/fd_poll_runtime.go:89
internal/poll.(*FD).Read(0xc026aca480, {0xc027271900, 0x1300, 0x1300})
	/usr/lib/go/src/internal/poll/fd_unix.go:165 +0x27a
net.(*netFD).Read(0xc026aca480, {0xc027271900?, 0xc009e00008?, 0xc00d57d020?})
	/usr/lib/go/src/net/fd_posix.go:55 +0x25
net.(*conn).Read(0xc01a9dd098, {0xc027271900?, 0x777558294038?, 0x7775a8b298a0?})
	/usr/lib/go/src/net/net.go:194 +0x45
crypto/tls.(*atLeastReader).Read(0xc01a234228, {0xc027271900?, 0x2a?, 0x5?})
	/usr/lib/go/src/crypto/tls/conn.go:809 +0x3b
bytes.(*Buffer).ReadFrom(0xc01a9f3438, {0xa94e300, 0xc01a234228})
	/usr/lib/go/src/bytes/buffer.go:211 +0x98
crypto/tls.(*Conn).readFromUntil(0xc01a9f3188, {0xa94dc00, 0xc01a9dd098}, 0x444af4?)
	/usr/lib/go/src/crypto/tls/conn.go:831 +0xde
crypto/tls.(*Conn).readRecordOrCCS(0xc01a9f3188, 0x0)
	/usr/lib/go/src/crypto/tls/conn.go:629 +0x3cf
crypto/tls.(*Conn).readRecord(...)
	/usr/lib/go/src/crypto/tls/conn.go:591
crypto/tls.(*Conn).Read(0xc01a9f3188, {0xc01e35e000, 0x1000, 0x7775a8b298a0?})
	/usr/lib/go/src/crypto/tls/conn.go:1385 +0x145
net/http.(*persistConn).Read(0xc0257fd7a0, {0xc01e35e000?, 0x4141c5?, 0x68?})
	/usr/lib/go/src/net/http/transport.go:2122 +0x47
bufio.(*Reader).fill(0xc01b5a5ec0)
	/usr/lib/go/src/bufio/bufio.go:113 +0x103
bufio.(*Reader).Peek(0xc01b5a5ec0, 0x1)
	/usr/lib/go/src/bufio/bufio.go:152 +0x53
net/http.(*persistConn).readLoop(0xc0257fd7a0)
	/usr/lib/go/src/net/http/transport.go:2275 +0x172
created by net/http.(*Transport).dialConn in goroutine 42462
	/usr/lib/go/src/net/http/transport.go:1944 +0x174f

goroutine 73801 [select]:
github.com/patrickmn/go-cache.(*janitor).Run(0xc01d4f9200, 0xc016232600)
	/home/mariell/go/pkg/mod/github.com/patrickmn/go-cache@v2.1.0+incompatible/cache.go:1079 +0x7b
created by github.com/patrickmn/go-cache.runJanitor in goroutine 22318
	/home/mariell/go/pkg/mod/github.com/patrickmn/go-cache@v2.1.0+incompatible/cache.go:1099 +0xdb

goroutine 54751 [chan receive]:
github.com/grafana/grafana/pkg/storage/unified/resource.(*server).initWatcher.func1.1()
	/home/mariell/work/oss/grafana/pkg/storage/unified/resource/server.go:922 +0x58
created by github.com/grafana/grafana/pkg/storage/unified/resource.(*server).initWatcher.func1 in goroutine 51745
	/home/mariell/work/oss/grafana/pkg/storage/unified/resource/server.go:921 +0xaa

goroutine 51717 [select]:
net/http.(*persistConn).writeLoop(0xc00c41c480)
	/usr/lib/go/src/net/http/transport.go:2590 +0xe7
created by net/http.(*Transport).dialConn in goroutine 51693
	/usr/lib/go/src/net/http/transport.go:1945 +0x17a5

goroutine 56157 [select]:
net/http.(*persistConn).writeLoop(0xc02a4ade60)
	/usr/lib/go/src/net/http/transport.go:2590 +0xe7
created by net/http.(*Transport).dialConn in goroutine 56122
	/usr/lib/go/src/net/http/transport.go:1945 +0x17a5

goroutine 54794 [select]:
database/sql.(*DB).connectionCleaner(0xc02b546820, 0xc02b5d7570?)
	/usr/lib/go/src/database/sql/sql.go:1104 +0x9c
created by database/sql.(*DB).startCleanerLocked in goroutine 54803
	/usr/lib/go/src/database/sql/sql.go:1091 +0x105

goroutine 51723 [select]:
k8s.io/apimachinery/pkg/util/wait.BackoffUntil(0xc01ca1a180, {0xa95ac00, 0xc02162c2d0}, 0x1, 0xc02814d960)
	/home/mariell/go/pkg/mod/k8s.io/apimachinery@v0.32.1/pkg/util/wait/backoff.go:238 +0x12c
k8s.io/apimachinery/pkg/util/wait.JitterUntil(0xc01ca1a180, 0x3b9aca00, 0x3ff3333333333333, 0x1, 0xc02814d960)
	/home/mariell/go/pkg/mod/k8s.io/apimachinery@v0.32.1/pkg/util/wait/backoff.go:204 +0x7f
created by k8s.io/apiserver/pkg/registry/generic/registry.(*Store).startObservingCount in goroutine 51536
	/home/mariell/go/pkg/mod/k8s.io/apiserver@v0.32.1/pkg/registry/generic/registry/store.go:1666 +0x2f9

goroutine 51767 [select]:
go.opentelemetry.io/otel/sdk/trace.(*batchSpanProcessor).processQueue(0xc02367af00)
	/home/mariell/go/pkg/mod/go.opentelemetry.io/otel/sdk@v1.34.0/trace/batch_span_processor.go:302 +0x114
go.opentelemetry.io/otel/sdk/trace.NewBatchSpanProcessor.func1()
	/home/mariell/go/pkg/mod/go.opentelemetry.io/otel/sdk@v1.34.0/trace/batch_span_processor.go:117 +0x4e
created by go.opentelemetry.io/otel/sdk/trace.NewBatchSpanProcessor in goroutine 51765
	/home/mariell/go/pkg/mod/go.opentelemetry.io/otel/sdk@v1.34.0/trace/batch_span_processor.go:115 +0x2d9

goroutine 52884 [sync.Cond.Wait]:
sync.runtime_notifyListWait(0xc0301d0dd0, 0x30)
	/usr/lib/go/src/runtime/sema.go:597 +0x159
sync.(*Cond).Wait(0x0?)
	/usr/lib/go/src/sync/cond.go:71 +0x85
github.com/centrifugal/centrifuge/internal/dissolve.(*queueImpl).Wait(0xc030230380)
	/home/mariell/go/pkg/mod/github.com/centrifugal/centrifuge@v0.33.3/internal/dissolve/queue.go:139 +0x4a
github.com/centrifugal/centrifuge/internal/dissolve.(*Dissolver).runWorker(0xc008ba75c0)
	/home/mariell/go/pkg/mod/github.com/centrifugal/centrifuge@v0.33.3/internal/dissolve/dissolve.go:52 +0x27
created by github.com/centrifugal/centrifuge/internal/dissolve.(*Dissolver).Run in goroutine 51765
	/home/mariell/go/pkg/mod/github.com/centrifugal/centrifuge@v0.33.3/internal/dissolve/dissolve.go:31 +0x25

goroutine 74591 [sync.Cond.Wait]:
sync.runtime_notifyListWait(0xc022369b10, 0x7)
	/usr/lib/go/src/runtime/sema.go:597 +0x159
sync.(*Cond).Wait(0x0?)
	/usr/lib/go/src/sync/cond.go:71 +0x85
github.com/centrifugal/centrifuge/internal/dissolve.(*queueImpl).Wait(0xc0429f7180)
	/home/mariell/go/pkg/mod/github.com/centrifugal/centrifuge@v0.33.3/internal/dissolve/queue.go:139 +0x4a
github.com/centrifugal/centrifuge/internal/dissolve.(*Dissolver).runWorker(0xc02391be18)
	/home/mariell/go/pkg/mod/github.com/centrifugal/centrifuge@v0.33.3/internal/dissolve/dissolve.go:52 +0x27
created by github.com/centrifugal/centrifuge/internal/dissolve.(*Dissolver).Run in goroutine 4438
	/home/mariell/go/pkg/mod/github.com/centrifugal/centrifuge@v0.33.3/internal/dissolve/dissolve.go:31 +0x25

goroutine 47360 [select]:
net/http.(*persistConn).writeLoop(0xc02a4b4000)
	/usr/lib/go/src/net/http/transport.go:2590 +0xe7
created by net/http.(*Transport).dialConn in goroutine 47352
	/usr/lib/go/src/net/http/transport.go:1945 +0x17a5

goroutine 52879 [sync.Cond.Wait]:
sync.runtime_notifyListWait(0xc0301d0dd0, 0x2b)
	/usr/lib/go/src/runtime/sema.go:597 +0x159
sync.(*Cond).Wait(0xc015e63fd0?)
	/usr/lib/go/src/sync/cond.go:71 +0x85
github.com/centrifugal/centrifuge/internal/dissolve.(*queueImpl).Wait(0xc030230380)
	/home/mariell/go/pkg/mod/github.com/centrifugal/centrifuge@v0.33.3/internal/dissolve/queue.go:139 +0x4a
github.com/centrifugal/centrifuge/internal/dissolve.(*Dissolver).runWorker(0xc008ba75c0)
	/home/mariell/go/pkg/mod/github.com/centrifugal/centrifuge@v0.33.3/internal/dissolve/dissolve.go:52 +0x27
created by github.com/centrifugal/centrifuge/internal/dissolve.(*Dissolver).Run in goroutine 51765
	/home/mariell/go/pkg/mod/github.com/centrifugal/centrifuge@v0.33.3/internal/dissolve/dissolve.go:31 +0x25

goroutine 55916 [sync.Cond.Wait]:
sync.runtime_notifyListWait(0xc022793e10, 0x37)
	/usr/lib/go/src/runtime/sema.go:597 +0x159
sync.(*Cond).Wait(0x0?)
	/usr/lib/go/src/sync/cond.go:71 +0x85
github.com/centrifugal/centrifuge/internal/dissolve.(*queueImpl).Wait(0xc01100c540)
	/home/mariell/go/pkg/mod/github.com/centrifugal/centrifuge@v0.33.3/internal/dissolve/queue.go:139 +0x4a
github.com/centrifugal/centrifuge/internal/dissolve.(*Dissolver).runWorker(0xc02431b8f0)
	/home/mariell/go/pkg/mod/github.com/centrifugal/centrifuge@v0.33.3/internal/dissolve/dissolve.go:52 +0x27
created by github.com/centrifugal/centrifuge/internal/dissolve.(*Dissolver).Run in goroutine 54803
	/home/mariell/go/pkg/mod/github.com/centrifugal/centrifuge@v0.33.3/internal/dissolve/dissolve.go:31 +0x25

goroutine 74713 [select]:
github.com/grafana/grafana/pkg/storage/unified/resource.(*cache[...]).run(0xc023e57408)
	/home/mariell/work/oss/grafana/pkg/storage/unified/resource/broadcaster.go:291 +0xb0
created by github.com/grafana/grafana/pkg/storage/unified/resource.newChannelCache[...] in goroutine 4437
	/home/mariell/work/oss/grafana/pkg/storage/unified/resource/broadcaster.go:276 +0x189

goroutine 51753 [chan receive (nil chan)]:
k8s.io/apiserver/pkg/server.preparedGenericAPIServer.RunWithContext.func5()
	/home/mariell/go/pkg/mod/k8s.io/apiserver@v0.32.1/pkg/server/genericapiserver.go:598 +0x37
created by k8s.io/apiserver/pkg/server.preparedGenericAPIServer.RunWithContext in goroutine 51746
	/home/mariell/go/pkg/mod/k8s.io/apiserver@v0.32.1/pkg/server/genericapiserver.go:597 +0x60b

goroutine 52871 [sync.Cond.Wait]:
sync.runtime_notifyListWait(0xc0301d0dd0, 0x0)
	/usr/lib/go/src/runtime/sema.go:597 +0x159
sync.(*Cond).Wait(0x0?)
	/usr/lib/go/src/sync/cond.go:71 +0x85
github.com/centrifugal/centrifuge/internal/dissolve.(*queueImpl).Wait(0xc030230380)
	/home/mariell/go/pkg/mod/github.com/centrifugal/centrifuge@v0.33.3/internal/dissolve/queue.go:139 +0x4a
github.com/centrifugal/centrifuge/internal/dissolve.(*Dissolver).runWorker(0xc008ba75c0)
	/home/mariell/go/pkg/mod/github.com/centrifugal/centrifuge@v0.33.3/internal/dissolve/dissolve.go:52 +0x27
created by github.com/centrifugal/centrifuge/internal/dissolve.(*Dissolver).Run in goroutine 51765
	/home/mariell/go/pkg/mod/github.com/centrifugal/centrifuge@v0.33.3/internal/dissolve/dissolve.go:31 +0x25

goroutine 53146 [IO wait]:
internal/poll.runtime_pollWait(0x777550500a50, 0x72)
	/usr/lib/go/src/runtime/netpoll.go:351 +0x85
internal/poll.(*pollDesc).wait(0xc009604900?, 0xc00b978000?, 0x0)
	/usr/lib/go/src/internal/poll/fd_poll_runtime.go:84 +0x27
internal/poll.(*pollDesc).waitRead(...)
	/usr/lib/go/src/internal/poll/fd_poll_runtime.go:89
internal/poll.(*FD).Read(0xc009604900, {0xc00b978000, 0xa000, 0xa000})
	/usr/lib/go/src/internal/poll/fd_unix.go:165 +0x27a
net.(*netFD).Read(0xc009604900, {0xc00b978000?, 0xc00b978000?, 0x5?})
	/usr/lib/go/src/net/fd_posix.go:55 +0x25
net.(*conn).Read(0xc002a800a8, {0xc00b978000?, 0x777558155098?, 0x7775a8b29d58?})
	/usr/lib/go/src/net/net.go:194 +0x45
crypto/tls.(*atLeastReader).Read(0xc015d89488, {0xc00b978000?, 0x9ffb?, 0x0?})
	/usr/lib/go/src/crypto/tls/conn.go:809 +0x3b
bytes.(*Buffer).ReadFrom(0xc00d078d38, {0xa94e300, 0xc015d89488})
	/usr/lib/go/src/bytes/buffer.go:211 +0x98
crypto/tls.(*Conn).readFromUntil(0xc00d078a88, {0xa94dc00, 0xc002a800a8}, 0x444af4?)
	/usr/lib/go/src/crypto/tls/conn.go:831 +0xde
crypto/tls.(*Conn).readRecordOrCCS(0xc00d078a88, 0x0)
	/usr/lib/go/src/crypto/tls/conn.go:629 +0x3cf
crypto/tls.(*Conn).readRecord(...)
	/usr/lib/go/src/crypto/tls/conn.go:591
crypto/tls.(*Conn).Read(0xc00d078a88, {0xc00a7f9000, 0x1000, 0xc0147ffc80?})
	/usr/lib/go/src/crypto/tls/conn.go:1385 +0x145
net/http.(*persistConn).Read(0xc02a4246c0, {0xc00a7f9000?, 0x81fe45?, 0xa94be80?})
	/usr/lib/go/src/net/http/transport.go:2122 +0x47
bufio.(*Reader).fill(0xc0146ffe60)
	/usr/lib/go/src/bufio/bufio.go:113 +0x103
bufio.(*Reader).Peek(0xc0146ffe60, 0x1)
	/usr/lib/go/src/bufio/bufio.go:152 +0x53
net/http.(*persistConn).readLoop(0xc02a4246c0)
	/usr/lib/go/src/net/http/transport.go:2275 +0x172
created by net/http.(*Transport).dialConn in goroutine 56270
	/usr/lib/go/src/net/http/transport.go:1944 +0x174f

goroutine 53220 [IO wait]:
internal/poll.runtime_pollWait(0x7775504bef08, 0x72)
	/usr/lib/go/src/runtime/netpoll.go:351 +0x85
internal/poll.(*pollDesc).wait(0xc027029a80?, 0xc01f120000?, 0x0)
	/usr/lib/go/src/internal/poll/fd_poll_runtime.go:84 +0x27
internal/poll.(*pollDesc).waitRead(...)
	/usr/lib/go/src/internal/poll/fd_poll_runtime.go:89
internal/poll.(*FD).Read(0xc027029a80, {0xc01f120000, 0x1300, 0x1300})
	/usr/lib/go/src/internal/poll/fd_unix.go:165 +0x27a
net.(*netFD).Read(0xc027029a80, {0xc01f120000?, 0xc016a03918?, 0x42d8c5?})
	/usr/lib/go/src/net/fd_posix.go:55 +0x25
net.(*conn).Read(0xc022330020, {0xc01f120000?, 0x7775584ed268?, 0x7775a8b28a78?})
	/usr/lib/go/src/net/net.go:194 +0x45
crypto/tls.(*atLeastReader).Read(0xc010298318, {0xc01f120000?, 0x4247a5?, 0x0?})
	/usr/lib/go/src/crypto/tls/conn.go:809 +0x3b
bytes.(*Buffer).ReadFrom(0xc01a9f2638, {0xa94e300, 0xc010298318})
	/usr/lib/go/src/bytes/buffer.go:211 +0x98
crypto/tls.(*Conn).readFromUntil(0xc01a9f2388, {0xa94dc00, 0xc022330020}, 0x444af4?)
	/usr/lib/go/src/crypto/tls/conn.go:831 +0xde
crypto/tls.(*Conn).readRecordOrCCS(0xc01a9f2388, 0x0)
	/usr/lib/go/src/crypto/tls/conn.go:629 +0x3cf
crypto/tls.(*Conn).readRecord(...)
	/usr/lib/go/src/crypto/tls/conn.go:591
crypto/tls.(*Conn).Read(0xc01a9f2388, {0xc01ee52000, 0x1000, 0x7775a8b28a78?})
	/usr/lib/go/src/crypto/tls/conn.go:1385 +0x145
net/http.(*persistConn).Read(0xc027c3ec60, {0xc01ee52000?, 0x4141c5?, 0x68?})
	/usr/lib/go/src/net/http/transport.go:2122 +0x47
bufio.(*Reader).fill(0xc0252e5d40)
	/usr/lib/go/src/bufio/bufio.go:113 +0x103
bufio.(*Reader).Peek(0xc0252e5d40, 0x1)
	/usr/lib/go/src/bufio/bufio.go:152 +0x53
net/http.(*persistConn).readLoop(0xc027c3ec60)
	/usr/lib/go/src/net/http/transport.go:2275 +0x172
created by net/http.(*Transport).dialConn in goroutine 51735
	/usr/lib/go/src/net/http/transport.go:1944 +0x174f

goroutine 52891 [sync.Cond.Wait]:
sync.runtime_notifyListWait(0xc0301d0dd0, 0x37)
	/usr/lib/go/src/runtime/sema.go:597 +0x159
sync.(*Cond).Wait(0x0?)
	/usr/lib/go/src/sync/cond.go:71 +0x85
github.com/centrifugal/centrifuge/internal/dissolve.(*queueImpl).Wait(0xc030230380)
	/home/mariell/go/pkg/mod/github.com/centrifugal/centrifuge@v0.33.3/internal/dissolve/queue.go:139 +0x4a
github.com/centrifugal/centrifuge/internal/dissolve.(*Dissolver).runWorker(0xc008ba75c0)
	/home/mariell/go/pkg/mod/github.com/centrifugal/centrifuge@v0.33.3/internal/dissolve/dissolve.go:52 +0x27
created by github.com/centrifugal/centrifuge/internal/dissolve.(*Dissolver).Run in goroutine 51765
	/home/mariell/go/pkg/mod/github.com/centrifugal/centrifuge@v0.33.3/internal/dissolve/dissolve.go:31 +0x25

goroutine 52729 [select]:
github.com/grafana/grafana/pkg/storage/unified/resource.(*cache[...]).run(0xc02c065270)
	/home/mariell/work/oss/grafana/pkg/storage/unified/resource/broadcaster.go:291 +0xb0
created by github.com/grafana/grafana/pkg/storage/unified/resource.newChannelCache[...] in goroutine 51765
	/home/mariell/work/oss/grafana/pkg/storage/unified/resource/broadcaster.go:276 +0x189

goroutine 52689 [select]:
github.com/patrickmn/go-cache.(*janitor).Run(0xc02fb81700, 0xc02eefed80)
	/home/mariell/go/pkg/mod/github.com/patrickmn/go-cache@v2.1.0+incompatible/cache.go:1079 +0x7b
created by github.com/patrickmn/go-cache.runJanitor in goroutine 51765
	/home/mariell/go/pkg/mod/github.com/patrickmn/go-cache@v2.1.0+incompatible/cache.go:1099 +0xdb

goroutine 74928 [select]:
github.com/centrifugal/centrifuge.(*Node).cleanNodeInfo(0xc02562d208)
	/home/mariell/go/pkg/mod/github.com/centrifugal/centrifuge@v0.33.3/node.go:394 +0x90
created by github.com/centrifugal/centrifuge.(*Node).Run in goroutine 56144
	/home/mariell/go/pkg/mod/github.com/centrifugal/centrifuge@v0.33.3/node.go:261 +0x265

goroutine 57829 [select]:
net/http.(*persistConn).writeLoop(0xc027c3ed80)
	/usr/lib/go/src/net/http/transport.go:2590 +0xe7
created by net/http.(*Transport).dialConn in goroutine 56160
	/usr/lib/go/src/net/http/transport.go:1945 +0x17a5

goroutine 75675 [select]:
github.com/centrifugal/centrifuge.(*Node).initMetrics.func1()
	/home/mariell/go/pkg/mod/github.com/centrifugal/centrifuge@v0.33.3/node.go:365 +0x8a
created by github.com/centrifugal/centrifuge.(*Node).initMetrics in goroutine 22318
	/home/mariell/go/pkg/mod/github.com/centrifugal/centrifuge@v0.33.3/node.go:363 +0x1f9

goroutine 51614 [select]:
net/http.(*persistConn).writeLoop(0xc0257fc6c0)
	/usr/lib/go/src/net/http/transport.go:2590 +0xe7
created by net/http.(*Transport).dialConn in goroutine 51705
	/usr/lib/go/src/net/http/transport.go:1945 +0x17a5

goroutine 73640 [select]:
github.com/patrickmn/go-cache.(*janitor).Run(0xc01b1200f0, 0xc012cd8e80)
	/home/mariell/go/pkg/mod/github.com/patrickmn/go-cache@v2.1.0+incompatible/cache.go:1079 +0x7b
created by github.com/patrickmn/go-cache.runJanitor in goroutine 56143
	/home/mariell/go/pkg/mod/github.com/patrickmn/go-cache@v2.1.0+incompatible/cache.go:1099 +0xdb

goroutine 54634 [select]:
go.opentelemetry.io/otel/sdk/trace.(*batchSpanProcessor).processQueue(0xc0233830e0)
	/home/mariell/go/pkg/mod/go.opentelemetry.io/otel/sdk@v1.34.0/trace/batch_span_processor.go:302 +0x114
go.opentelemetry.io/otel/sdk/trace.NewBatchSpanProcessor.func1()
	/home/mariell/go/pkg/mod/go.opentelemetry.io/otel/sdk@v1.34.0/trace/batch_span_processor.go:117 +0x4e
created by go.opentelemetry.io/otel/sdk/trace.NewBatchSpanProcessor in goroutine 53243
	/home/mariell/go/pkg/mod/go.opentelemetry.io/otel/sdk@v1.34.0/trace/batch_span_processor.go:115 +0x2d9

goroutine 58890 [sync.Cond.Wait]:
sync.runtime_notifyListWait(0xc01f861010, 0x1)
	/usr/lib/go/src/runtime/sema.go:597 +0x159
sync.(*Cond).Wait(0xc01646f7d0?)
	/usr/lib/go/src/sync/cond.go:71 +0x85
github.com/centrifugal/centrifuge/internal/dissolve.(*queueImpl).Wait(0xc01921b6c0)
	/home/mariell/go/pkg/mod/github.com/centrifugal/centrifuge@v0.33.3/internal/dissolve/queue.go:139 +0x4a
github.com/centrifugal/centrifuge/internal/dissolve.(*Dissolver).runWorker(0xc0243b2a20)
	/home/mariell/go/pkg/mod/github.com/centrifugal/centrifuge@v0.33.3/internal/dissolve/dissolve.go:52 +0x27
created by github.com/centrifugal/centrifuge/internal/dissolve.(*Dissolver).Run in goroutine 57831
	/home/mariell/go/pkg/mod/github.com/centrifugal/centrifuge@v0.33.3/internal/dissolve/dissolve.go:31 +0x25

goroutine 52686 [select]:
github.com/patrickmn/go-cache.(*janitor).Run(0xc02fb814a0, 0xc02eefed40)
	/home/mariell/go/pkg/mod/github.com/patrickmn/go-cache@v2.1.0+incompatible/cache.go:1079 +0x7b
created by github.com/patrickmn/go-cache.runJanitor in goroutine 51765
	/home/mariell/go/pkg/mod/github.com/patrickmn/go-cache@v2.1.0+incompatible/cache.go:1099 +0xdb

goroutine 59351 [select]:
database/sql.(*DB).connectionOpener(0xc02464fa00, {0xa9d1d00, 0xc00dc9e690})
	/usr/lib/go/src/database/sql/sql.go:1261 +0x87
created by database/sql.OpenDB in goroutine 59395
	/usr/lib/go/src/database/sql/sql.go:841 +0x130

goroutine 53120 [IO wait]:
internal/poll.runtime_pollWait(0x777550501888, 0x72)
	/usr/lib/go/src/runtime/netpoll.go:351 +0x85
internal/poll.(*pollDesc).wait(0xc023218900?, 0xc03072e600?, 0x0)
	/usr/lib/go/src/internal/poll/fd_poll_runtime.go:84 +0x27
internal/poll.(*pollDesc).waitRead(...)
	/usr/lib/go/src/internal/poll/fd_poll_runtime.go:89
internal/poll.(*FD).Read(0xc023218900, {0xc03072e600, 0x1300, 0x1300})
	/usr/lib/go/src/internal/poll/fd_unix.go:165 +0x27a
net.(*netFD).Read(0xc023218900, {0xc03072e600?, 0xc03072e600?, 0x5?})
	/usr/lib/go/src/net/fd_posix.go:55 +0x25
net.(*conn).Read(0xc00d1736e8, {0xc03072e600?, 0x777550311c70?, 0x7775a8b2b9a8?})
	/usr/lib/go/src/net/net.go:194 +0x45
crypto/tls.(*atLeastReader).Read(0xc0244ab818, {0xc03072e600?, 0x12fb?, 0x5?})
	/usr/lib/go/src/crypto/tls/conn.go:809 +0x3b
bytes.(*Buffer).ReadFrom(0xc0234829b8, {0xa94e300, 0xc0244ab818})
	/usr/lib/go/src/bytes/buffer.go:211 +0x98
crypto/tls.(*Conn).readFromUntil(0xc023482708, {0xa94dc00, 0xc00d1736e8}, 0x444af4?)
	/usr/lib/go/src/crypto/tls/conn.go:831 +0xde
crypto/tls.(*Conn).readRecordOrCCS(0xc023482708, 0x0)
	/usr/lib/go/src/crypto/tls/conn.go:629 +0x3cf
crypto/tls.(*Conn).readRecord(...)
	/usr/lib/go/src/crypto/tls/conn.go:591
crypto/tls.(*Conn).Read(0xc023482708, {0xc0238b8000, 0x1000, 0xc02a3fe7b0?})
	/usr/lib/go/src/crypto/tls/conn.go:1385 +0x145
net/http.(*persistConn).Read(0xc02a3c6360, {0xc0238b8000?, 0x81fe45?, 0xa94be80?})
	/usr/lib/go/src/net/http/transport.go:2122 +0x47
bufio.(*Reader).fill(0xc0238b67e0)
	/usr/lib/go/src/bufio/bufio.go:113 +0x103
bufio.(*Reader).Peek(0xc0238b67e0, 0x1)
	/usr/lib/go/src/bufio/bufio.go:152 +0x53
net/http.(*persistConn).readLoop(0xc02a3c6360)
	/usr/lib/go/src/net/http/transport.go:2275 +0x172
created by net/http.(*Transport).dialConn in goroutine 51966
	/usr/lib/go/src/net/http/transport.go:1944 +0x174f

goroutine 52876 [sync.Cond.Wait]:
sync.runtime_notifyListWait(0xc0301d0dd0, 0x28)
	/usr/lib/go/src/runtime/sema.go:597 +0x159
sync.(*Cond).Wait(0x0?)
	/usr/lib/go/src/sync/cond.go:71 +0x85
github.com/centrifugal/centrifuge/internal/dissolve.(*queueImpl).Wait(0xc030230380)
	/home/mariell/go/pkg/mod/github.com/centrifugal/centrifuge@v0.33.3/internal/dissolve/queue.go:139 +0x4a
github.com/centrifugal/centrifuge/internal/dissolve.(*Dissolver).runWorker(0xc008ba75c0)
	/home/mariell/go/pkg/mod/github.com/centrifugal/centrifuge@v0.33.3/internal/dissolve/dissolve.go:52 +0x27
created by github.com/centrifugal/centrifuge/internal/dissolve.(*Dissolver).Run in goroutine 51765
	/home/mariell/go/pkg/mod/github.com/centrifugal/centrifuge@v0.33.3/internal/dissolve/dissolve.go:31 +0x25

goroutine 77350 [sync.Cond.Wait]:
sync.runtime_notifyListWait(0xc045ae3d50, 0x20)
	/usr/lib/go/src/runtime/sema.go:597 +0x159
sync.(*Cond).Wait(0x0?)
	/usr/lib/go/src/sync/cond.go:71 +0x85
github.com/centrifugal/centrifuge/internal/dissolve.(*queueImpl).Wait(0xc045afb420)
	/home/mariell/go/pkg/mod/github.com/centrifugal/centrifuge@v0.33.3/internal/dissolve/queue.go:139 +0x4a
github.com/centrifugal/centrifuge/internal/dissolve.(*Dissolver).runWorker(0xc034b3a078)
	/home/mariell/go/pkg/mod/github.com/centrifugal/centrifuge@v0.33.3/internal/dissolve/dissolve.go:52 +0x27
created by github.com/centrifugal/centrifuge/internal/dissolve.(*Dissolver).Run in goroutine 4437
	/home/mariell/go/pkg/mod/github.com/centrifugal/centrifuge@v0.33.3/internal/dissolve/dissolve.go:31 +0x25

goroutine 57378 [select]:
github.com/centrifugal/centrifuge.(*historyHub).expireStreams(0xc028843800)
	/home/mariell/go/pkg/mod/github.com/centrifugal/centrifuge@v0.33.3/broker_memory.go:298 +0x75
created by github.com/centrifugal/centrifuge.(*historyHub).runCleanups in goroutine 56288
	/home/mariell/go/pkg/mod/github.com/centrifugal/centrifuge@v0.33.3/broker_memory.go:252 +0x56

goroutine 77362 [sync.Cond.Wait]:
sync.runtime_notifyListWait(0xc045ae3d50, 0x2c)
	/usr/lib/go/src/runtime/sema.go:597 +0x159
sync.(*Cond).Wait(0x0?)
	/usr/lib/go/src/sync/cond.go:71 +0x85
github.com/centrifugal/centrifuge/internal/dissolve.(*queueImpl).Wait(0xc045afb420)
	/home/mariell/go/pkg/mod/github.com/centrifugal/centrifuge@v0.33.3/internal/dissolve/queue.go:139 +0x4a
github.com/centrifugal/centrifuge/internal/dissolve.(*Dissolver).runWorker(0xc034b3a078)
	/home/mariell/go/pkg/mod/github.com/centrifugal/centrifuge@v0.33.3/internal/dissolve/dissolve.go:52 +0x27
created by github.com/centrifugal/centrifuge/internal/dissolve.(*Dissolver).Run in goroutine 4437
	/home/mariell/go/pkg/mod/github.com/centrifugal/centrifuge@v0.33.3/internal/dissolve/dissolve.go:31 +0x25

goroutine 76614 [select]:
github.com/centrifugal/centrifuge.(*MemoryBroker).expireResultCache(0xc046fd2b80)
	/home/mariell/go/pkg/mod/github.com/centrifugal/centrifuge@v0.33.3/broker_memory.go:160 +0x68
created by github.com/centrifugal/centrifuge.(*MemoryBroker).Run in goroutine 4437
	/home/mariell/go/pkg/mod/github.com/centrifugal/centrifuge@v0.33.3/broker_memory.go:73 +0x7f

goroutine 78289 [runnable]:
golang.org/x/sync/errgroup.(*Group).Go.func1()
	/home/mariell/go/pkg/mod/golang.org/x/sync@v0.11.0/errgroup/errgroup.go:75
created by golang.org/x/sync/errgroup.(*Group).Go in goroutine 77705
	/home/mariell/go/pkg/mod/golang.org/x/sync@v0.11.0/errgroup/errgroup.go:75 +0x93

goroutine 52727 [chan receive]:
github.com/grafana/grafana/pkg/storage/unified/sql.(*channelNotifier).notify.func1()
	/home/mariell/work/oss/grafana/pkg/storage/unified/sql/notifier.go:87 +0x39
created by github.com/grafana/grafana/pkg/storage/unified/sql.(*channelNotifier).notify in goroutine 51765
	/home/mariell/work/oss/grafana/pkg/storage/unified/sql/notifier.go:86 +0xdb

goroutine 77364 [sync.Cond.Wait]:
sync.runtime_notifyListWait(0xc045ae3d50, 0x1)
	/usr/lib/go/src/runtime/sema.go:597 +0x159
sync.(*Cond).Wait(0xc02925d7d0?)
	/usr/lib/go/src/sync/cond.go:71 +0x85
github.com/centrifugal/centrifuge/internal/dissolve.(*queueImpl).Wait(0xc045afb420)
	/home/mariell/go/pkg/mod/github.com/centrifugal/centrifuge@v0.33.3/internal/dissolve/queue.go:139 +0x4a
github.com/centrifugal/centrifuge/internal/dissolve.(*Dissolver).runWorker(0xc034b3a078)
	/home/mariell/go/pkg/mod/github.com/centrifugal/centrifuge@v0.33.3/internal/dissolve/dissolve.go:52 +0x27
created by github.com/centrifugal/centrifuge/internal/dissolve.(*Dissolver).Run in goroutine 4437
	/home/mariell/go/pkg/mod/github.com/centrifugal/centrifuge@v0.33.3/internal/dissolve/dissolve.go:31 +0x25

goroutine 57757 [IO wait]:
internal/poll.runtime_pollWait(0x77751a6ffbf8, 0x72)
	/usr/lib/go/src/runtime/netpoll.go:351 +0x85
internal/poll.(*pollDesc).wait(0xc001e77900?, 0xc029787300?, 0x0)
	/usr/lib/go/src/internal/poll/fd_poll_runtime.go:84 +0x27
internal/poll.(*pollDesc).waitRead(...)
	/usr/lib/go/src/internal/poll/fd_poll_runtime.go:89
internal/poll.(*FD).Read(0xc001e77900, {0xc029787300, 0x1300, 0x1300})
	/usr/lib/go/src/internal/poll/fd_unix.go:165 +0x27a
net.(*netFD).Read(0xc001e77900, {0xc029787300?, 0xc029787300?, 0x5?})
	/usr/lib/go/src/net/fd_posix.go:55 +0x25
net.(*conn).Read(0xc019cb1bd0, {0xc029787300?, 0x777550162c60?, 0x7775a8b3f718?})
	/usr/lib/go/src/net/net.go:194 +0x45
crypto/tls.(*atLeastReader).Read(0xc02977de00, {0xc029787300?, 0x12fb?, 0x1?})
	/usr/lib/go/src/crypto/tls/conn.go:809 +0x3b
bytes.(*Buffer).ReadFrom(0xc028bb1eb8, {0xa94e300, 0xc02977de00})
	/usr/lib/go/src/bytes/buffer.go:211 +0x98
crypto/tls.(*Conn).readFromUntil(0xc028bb1c08, {0xa94dc00, 0xc019cb1bd0}, 0x444af4?)
	/usr/lib/go/src/crypto/tls/conn.go:831 +0xde
crypto/tls.(*Conn).readRecordOrCCS(0xc028bb1c08, 0x0)
	/usr/lib/go/src/crypto/tls/conn.go:629 +0x3cf
crypto/tls.(*Conn).readRecord(...)
	/usr/lib/go/src/crypto/tls/conn.go:591
crypto/tls.(*Conn).Read(0xc028bb1c08, {0xc029470000, 0x1000, 0xc01d5b8060?})
	/usr/lib/go/src/crypto/tls/conn.go:1385 +0x145
net/http.(*persistConn).Read(0xc02a302a20, {0xc029470000?, 0x81fe45?, 0xa94be80?})
	/usr/lib/go/src/net/http/transport.go:2122 +0x47
bufio.(*Reader).fill(0xc02946a2a0)
	/usr/lib/go/src/bufio/bufio.go:113 +0x103
bufio.(*Reader).Peek(0xc02946a2a0, 0x1)
	/usr/lib/go/src/bufio/bufio.go:152 +0x53
net/http.(*persistConn).readLoop(0xc02a302a20)
	/usr/lib/go/src/net/http/transport.go:2275 +0x172
created by net/http.(*Transport).dialConn in goroutine 56333
	/usr/lib/go/src/net/http/transport.go:1944 +0x174f

goroutine 59478 [select]:
database/sql.(*DB).connectionCleaner(0xc02464fa00, 0xc014152930?)
	/usr/lib/go/src/database/sql/sql.go:1104 +0x9c
created by database/sql.(*DB).startCleanerLocked in goroutine 59395
	/usr/lib/go/src/database/sql/sql.go:1091 +0x105

goroutine 73697 [select]:
github.com/patrickmn/go-cache.(*janitor).Run(0xc018b6b4b0, 0xc01f89f700)
	/home/mariell/go/pkg/mod/github.com/patrickmn/go-cache@v2.1.0+incompatible/cache.go:1079 +0x7b
created by github.com/patrickmn/go-cache.runJanitor in goroutine 4437
	/home/mariell/go/pkg/mod/github.com/patrickmn/go-cache@v2.1.0+incompatible/cache.go:1099 +0xdb

goroutine 53118 [IO wait]:
internal/poll.runtime_pollWait(0x777550501540, 0x72)
	/usr/lib/go/src/runtime/netpoll.go:351 +0x85
internal/poll.(*pollDesc).wait(0xc016830400?, 0xc03072d300?, 0x0)
	/usr/lib/go/src/internal/poll/fd_poll_runtime.go:84 +0x27
internal/poll.(*pollDesc).waitRead(...)
	/usr/lib/go/src/internal/poll/fd_poll_runtime.go:89
internal/poll.(*FD).Read(0xc016830400, {0xc03072d300, 0x1300, 0x1300})
	/usr/lib/go/src/internal/poll/fd_unix.go:165 +0x27a
net.(*netFD).Read(0xc016830400, {0xc03072d300?, 0x0?, 0x1c03018eb00?})
	/usr/lib/go/src/net/fd_posix.go:55 +0x25
net.(*conn).Read(0xc004b2a018, {0xc03072d300?, 0x777558337a00?, 0x7775a8b285c0?})
	/usr/lib/go/src/net/net.go:194 +0x45
crypto/tls.(*atLeastReader).Read(0xc014822360, {0xc03072d300?, 0x4247a5?, 0x0?})
	/usr/lib/go/src/crypto/tls/conn.go:809 +0x3b
bytes.(*Buffer).ReadFrom(0xc0238462b8, {0xa94e300, 0xc014822360})
	/usr/lib/go/src/bytes/buffer.go:211 +0x98
crypto/tls.(*Conn).readFromUntil(0xc023846008, {0xa94dc00, 0xc004b2a018}, 0x444af4?)
	/usr/lib/go/src/crypto/tls/conn.go:831 +0xde
crypto/tls.(*Conn).readRecordOrCCS(0xc023846008, 0x0)
	/usr/lib/go/src/crypto/tls/conn.go:629 +0x3cf
crypto/tls.(*Conn).readRecord(...)
	/usr/lib/go/src/crypto/tls/conn.go:591
crypto/tls.(*Conn).Read(0xc023846008, {0xc0238a1000, 0x1000, 0x7775a8b285c0?})
	/usr/lib/go/src/crypto/tls/conn.go:1385 +0x145
net/http.(*persistConn).Read(0xc02a465200, {0xc0238a1000?, 0x4141c5?, 0x68?})
	/usr/lib/go/src/net/http/transport.go:2122 +0x47
bufio.(*Reader).fill(0xc0238834a0)
	/usr/lib/go/src/bufio/bufio.go:113 +0x103
bufio.(*Reader).Peek(0xc0238834a0, 0x1)
	/usr/lib/go/src/bufio/bufio.go:152 +0x53
net/http.(*persistConn).readLoop(0xc02a465200)
	/usr/lib/go/src/net/http/transport.go:2275 +0x172
created by net/http.(*Transport).dialConn in goroutine 52222
	/usr/lib/go/src/net/http/transport.go:1944 +0x174f

goroutine 59372 [chan receive (nil chan)]:
k8s.io/apiserver/pkg/server.preparedGenericAPIServer.RunWithContext({0xa9d1cc8?}, {0xa9d1d00, 0xc0087a2280})
	/home/mariell/go/pkg/mod/k8s.io/apiserver@v0.32.1/pkg/server/genericapiserver.go:710 +0x9c5
github.com/grafana/grafana/pkg/services/apiserver.(*service).startCoreServer.func1()
	/home/mariell/work/oss/grafana/pkg/services/apiserver/service.go:448 +0x28
created by github.com/grafana/grafana/pkg/services/apiserver.(*service).startCoreServer in goroutine 58731
	/home/mariell/work/oss/grafana/pkg/services/apiserver/service.go:447 +0x125

goroutine 58895 [sync.Cond.Wait]:
sync.runtime_notifyListWait(0xc01f861010, 0x17)
	/usr/lib/go/src/runtime/sema.go:597 +0x159
sync.(*Cond).Wait(0x0?)
	/usr/lib/go/src/sync/cond.go:71 +0x85
github.com/centrifugal/centrifuge/internal/dissolve.(*queueImpl).Wait(0xc01921b6c0)
	/home/mariell/go/pkg/mod/github.com/centrifugal/centrifuge@v0.33.3/internal/dissolve/queue.go:139 +0x4a
github.com/centrifugal/centrifuge/internal/dissolve.(*Dissolver).runWorker(0xc0243b2a20)
	/home/mariell/go/pkg/mod/github.com/centrifugal/centrifuge@v0.33.3/internal/dissolve/dissolve.go:52 +0x27
created by github.com/centrifugal/centrifuge/internal/dissolve.(*Dissolver).Run in goroutine 57831
	/home/mariell/go/pkg/mod/github.com/centrifugal/centrifuge@v0.33.3/internal/dissolve/dissolve.go:31 +0x25

goroutine 52883 [sync.Cond.Wait]:
sync.runtime_notifyListWait(0xc0301d0dd0, 0x2f)
	/usr/lib/go/src/runtime/sema.go:597 +0x159
sync.(*Cond).Wait(0x0?)
	/usr/lib/go/src/sync/cond.go:71 +0x85
github.com/centrifugal/centrifuge/internal/dissolve.(*queueImpl).Wait(0xc030230380)
	/home/mariell/go/pkg/mod/github.com/centrifugal/centrifuge@v0.33.3/internal/dissolve/queue.go:139 +0x4a
github.com/centrifugal/centrifuge/internal/dissolve.(*Dissolver).runWorker(0xc008ba75c0)
	/home/mariell/go/pkg/mod/github.com/centrifugal/centrifuge@v0.33.3/internal/dissolve/dissolve.go:52 +0x27
created by github.com/centrifugal/centrifuge/internal/dissolve.(*Dissolver).Run in goroutine 51765
	/home/mariell/go/pkg/mod/github.com/centrifugal/centrifuge@v0.33.3/internal/dissolve/dissolve.go:31 +0x25

goroutine 58914 [sync.Cond.Wait]:
sync.runtime_notifyListWait(0xc01f861010, 0x2c)
	/usr/lib/go/src/runtime/sema.go:597 +0x159
sync.(*Cond).Wait(0x0?)
	/usr/lib/go/src/sync/cond.go:71 +0x85
github.com/centrifugal/centrifuge/internal/dissolve.(*queueImpl).Wait(0xc01921b6c0)
	/home/mariell/go/pkg/mod/github.com/centrifugal/centrifuge@v0.33.3/internal/dissolve/queue.go:139 +0x4a
github.com/centrifugal/centrifuge/internal/dissolve.(*Dissolver).runWorker(0xc0243b2a20)
	/home/mariell/go/pkg/mod/github.com/centrifugal/centrifuge@v0.33.3/internal/dissolve/dissolve.go:52 +0x27
created by github.com/centrifugal/centrifuge/internal/dissolve.(*Dissolver).Run in goroutine 57831
	/home/mariell/go/pkg/mod/github.com/centrifugal/centrifuge@v0.33.3/internal/dissolve/dissolve.go:31 +0x25

goroutine 75335 [sync.Cond.Wait]:
sync.runtime_notifyListWait(0xc00e4b6210, 0x18)
	/usr/lib/go/src/runtime/sema.go:597 +0x159
sync.(*Cond).Wait(0x0?)
	/usr/lib/go/src/sync/cond.go:71 +0x85
github.com/centrifugal/centrifuge/internal/dissolve.(*queueImpl).Wait(0xc043706620)
	/home/mariell/go/pkg/mod/github.com/centrifugal/centrifuge@v0.33.3/internal/dissolve/queue.go:139 +0x4a
github.com/centrifugal/centrifuge/internal/dissolve.(*Dissolver).runWorker(0xc0253d2480)
	/home/mariell/go/pkg/mod/github.com/centrifugal/centrifuge@v0.33.3/internal/dissolve/dissolve.go:52 +0x27
created by github.com/centrifugal/centrifuge/internal/dissolve.(*Dissolver).Run in goroutine 56144
	/home/mariell/go/pkg/mod/github.com/centrifugal/centrifuge@v0.33.3/internal/dissolve/dissolve.go:31 +0x25

goroutine 58874 [select]:
github.com/centrifugal/centrifuge.(*MemoryBroker).expireResultCache(0xc01243d780)
	/home/mariell/go/pkg/mod/github.com/centrifugal/centrifuge@v0.33.3/broker_memory.go:160 +0x68
created by github.com/centrifugal/centrifuge.(*MemoryBroker).Run in goroutine 57831
	/home/mariell/go/pkg/mod/github.com/centrifugal/centrifuge@v0.33.3/broker_memory.go:73 +0x7f

goroutine 57833 [select]:
go.opentelemetry.io/otel/sdk/trace.(*batchSpanProcessor).processQueue(0xc031060320)
	/home/mariell/go/pkg/mod/go.opentelemetry.io/otel/sdk@v1.34.0/trace/batch_span_processor.go:302 +0x114
go.opentelemetry.io/otel/sdk/trace.NewBatchSpanProcessor.func1()
	/home/mariell/go/pkg/mod/go.opentelemetry.io/otel/sdk@v1.34.0/trace/batch_span_processor.go:117 +0x4e
created by go.opentelemetry.io/otel/sdk/trace.NewBatchSpanProcessor in goroutine 57831
	/home/mariell/go/pkg/mod/go.opentelemetry.io/otel/sdk@v1.34.0/trace/batch_span_processor.go:115 +0x2d9

goroutine 58898 [sync.Cond.Wait]:
sync.runtime_notifyListWait(0xc01f861010, 0x1a)
	/usr/lib/go/src/runtime/sema.go:597 +0x159
sync.(*Cond).Wait(0xc02be4b7d0?)
	/usr/lib/go/src/sync/cond.go:71 +0x85
github.com/centrifugal/centrifuge/internal/dissolve.(*queueImpl).Wait(0xc01921b6c0)
	/home/mariell/go/pkg/mod/github.com/centrifugal/centrifuge@v0.33.3/internal/dissolve/queue.go:139 +0x4a
github.com/centrifugal/centrifuge/internal/dissolve.(*Dissolver).runWorker(0xc0243b2a20)
	/home/mariell/go/pkg/mod/github.com/centrifugal/centrifuge@v0.33.3/internal/dissolve/dissolve.go:52 +0x27
created by github.com/centrifugal/centrifuge/internal/dissolve.(*Dissolver).Run in goroutine 57831
	/home/mariell/go/pkg/mod/github.com/centrifugal/centrifuge@v0.33.3/internal/dissolve/dissolve.go:31 +0x25

goroutine 75676 [select]:
github.com/centrifugal/centrifuge.(*Node).sendNodePing(0xc024144008)
	/home/mariell/go/pkg/mod/github.com/centrifugal/centrifuge@v0.33.3/node.go:380 +0x85
created by github.com/centrifugal/centrifuge.(*Node).Run in goroutine 22318
	/home/mariell/go/pkg/mod/github.com/centrifugal/centrifuge@v0.33.3/node.go:260 +0x225

goroutine 58924 [sync.Cond.Wait]:
sync.runtime_notifyListWait(0xc01f861010, 0x36)
	/usr/lib/go/src/runtime/sema.go:597 +0x159
sync.(*Cond).Wait(0x100000000000000?)
	/usr/lib/go/src/sync/cond.go:71 +0x85
github.com/centrifugal/centrifuge/internal/dissolve.(*queueImpl).Wait(0xc01921b6c0)
	/home/mariell/go/pkg/mod/github.com/centrifugal/centrifuge@v0.33.3/internal/dissolve/queue.go:139 +0x4a
github.com/centrifugal/centrifuge/internal/dissolve.(*Dissolver).runWorker(0xc0243b2a20)
	/home/mariell/go/pkg/mod/github.com/centrifugal/centrifuge@v0.33.3/internal/dissolve/dissolve.go:52 +0x27
created by github.com/centrifugal/centrifuge/internal/dissolve.(*Dissolver).Run in goroutine 57831
	/home/mariell/go/pkg/mod/github.com/centrifugal/centrifuge@v0.33.3/internal/dissolve/dissolve.go:31 +0x25

goroutine 56306 [select]:
k8s.io/apimachinery/pkg/util/wait.BackoffUntil(0xc02523cf80, {0xa95ac00, 0xc01440b1d0}, 0x1, 0xc0054dfdc0)
	/home/mariell/go/pkg/mod/k8s.io/apimachinery@v0.32.1/pkg/util/wait/backoff.go:238 +0x12c
k8s.io/apimachinery/pkg/util/wait.JitterUntil(0xc02523cf80, 0x3b9aca00, 0x3ff3333333333333, 0x1, 0xc0054dfdc0)
	/home/mariell/go/pkg/mod/k8s.io/apimachinery@v0.32.1/pkg/util/wait/backoff.go:204 +0x7f
created by k8s.io/apiserver/pkg/registry/generic/registry.(*Store).startObservingCount in goroutine 54599
	/home/mariell/go/pkg/mod/k8s.io/apiserver@v0.32.1/pkg/registry/generic/registry/store.go:1666 +0x2f9

goroutine 76013 [runnable]:
internal/poll.runtime_pollWait(0x77751a4b5d68, 0x72)
	/usr/lib/go/src/runtime/netpoll.go:351 +0x85
internal/poll.(*pollDesc).wait(0xc0471d2100?, 0xc0457e6480?, 0x0)
	/usr/lib/go/src/internal/poll/fd_poll_runtime.go:84 +0x27
internal/poll.(*pollDesc).waitRead(...)
	/usr/lib/go/src/internal/poll/fd_poll_runtime.go:89
internal/poll.(*FD).Read(0xc0471d2100, {0xc0457e6480, 0x240, 0x240})
	/usr/lib/go/src/internal/poll/fd_unix.go:165 +0x27a
net.(*netFD).Read(0xc0471d2100, {0xc0457e6480?, 0x5310ae?, 0x0?})
	/usr/lib/go/src/net/fd_posix.go:55 +0x25
net.(*conn).Read(0xc045781968, {0xc0457e6480?, 0x77751a7dd488?, 0x7775a8b2a210?})
	/usr/lib/go/src/net/net.go:194 +0x45
crypto/tls.(*atLeastReader).Read(0xc02a304e40, {0xc0457e6480?, 0xc00c5d37a8?, 0x530a58?})
	/usr/lib/go/src/crypto/tls/conn.go:809 +0x3b
bytes.(*Buffer).ReadFrom(0xc0489930b8, {0xa94e300, 0xc02a304e40})
	/usr/lib/go/src/bytes/buffer.go:211 +0x98
crypto/tls.(*Conn).readFromUntil(0xc048992e08, {0xa94dc00, 0xc045781968}, 0x0?)
	/usr/lib/go/src/crypto/tls/conn.go:831 +0xde
crypto/tls.(*Conn).readRecordOrCCS(0xc048992e08, 0x0)
	/usr/lib/go/src/crypto/tls/conn.go:629 +0x3cf
crypto/tls.(*Conn).readRecord(...)
	/usr/lib/go/src/crypto/tls/conn.go:591
crypto/tls.(*Conn).readHandshakeBytes(0xc048992e08, 0x4)
	/usr/lib/go/src/crypto/tls/conn.go:1078 +0x51
crypto/tls.(*Conn).readHandshake(0xc048992e08, {0x0, 0x0})
	/usr/lib/go/src/crypto/tls/conn.go:1089 +0x39
crypto/tls.(*Conn).clientHandshake(0xc048992e08, {0xa9d1d00, 0xc0489a4320})
	/usr/lib/go/src/crypto/tls/handshake_client.go:340 +0x4fb
crypto/tls.(*Conn).handshakeContext(0xc048992e08, {0xa9d1d00, 0xc0470fd810})
	/usr/lib/go/src/crypto/tls/conn.go:1568 +0x39a
crypto/tls.(*Conn).HandshakeContext(...)
	/usr/lib/go/src/crypto/tls/conn.go:1508
net/http.(*persistConn).addTLS.func2()
	/usr/lib/go/src/net/http/transport.go:1703 +0x6e
created by net/http.(*persistConn).addTLS in goroutine 76378
	/usr/lib/go/src/net/http/transport.go:1699 +0x309

goroutine 54664 [chan receive]:
github.com/grafana/grafana/pkg/registry/apis/dashboard/legacy.(*dashboardSqlAccess).WatchWriteEvents.func1()
	/home/mariell/work/oss/grafana/pkg/registry/apis/dashboard/legacy/storage.go:238 +0x50
created by github.com/grafana/grafana/pkg/registry/apis/dashboard/legacy.(*dashboardSqlAccess).WatchWriteEvents in goroutine 56256
	/home/mariell/work/oss/grafana/pkg/registry/apis/dashboard/legacy/storage.go:236 +0x1b6

goroutine 57784 [IO wait]:
internal/poll.runtime_pollWait(0x77751a6ff8b0, 0x72)
	/usr/lib/go/src/runtime/netpoll.go:351 +0x85
internal/poll.(*pollDesc).wait(0xc030c5a800?, 0xc029874000?, 0x0)
	/usr/lib/go/src/internal/poll/fd_poll_runtime.go:84 +0x27
internal/poll.(*pollDesc).waitRead(...)
	/usr/lib/go/src/internal/poll/fd_poll_runtime.go:89
internal/poll.(*FD).Read(0xc030c5a800, {0xc029874000, 0x1300, 0x1300})
	/usr/lib/go/src/internal/poll/fd_unix.go:165 +0x27a
net.(*netFD).Read(0xc030c5a800, {0xc029874000?, 0xc029874000?, 0x5?})
	/usr/lib/go/src/net/fd_posix.go:55 +0x25
net.(*conn).Read(0xc0297a8248, {0xc029874000?, 0x777550336860?, 0x7775a8b2ab80?})
	/usr/lib/go/src/net/net.go:194 +0x45
crypto/tls.(*atLeastReader).Read(0xc02c7f1938, {0xc029874000?, 0x12fb?, 0xc0159ef9c8?})
	/usr/lib/go/src/crypto/tls/conn.go:809 +0x3b
bytes.(*Buffer).ReadFrom(0xc01f8be9b8, {0xa94e300, 0xc02c7f1938})
	/usr/lib/go/src/bytes/buffer.go:211 +0x98
crypto/tls.(*Conn).readFromUntil(0xc01f8be708, {0xa94dc00, 0xc0297a8248}, 0x444af4?)
	/usr/lib/go/src/crypto/tls/conn.go:831 +0xde
crypto/tls.(*Conn).readRecordOrCCS(0xc01f8be708, 0x0)
	/usr/lib/go/src/crypto/tls/conn.go:629 +0x3cf
crypto/tls.(*Conn).readRecord(...)
	/usr/lib/go/src/crypto/tls/conn.go:591
crypto/tls.(*Conn).Read(0xc01f8be708, {0xc029888000, 0x1000, 0xc02981c930?})
	/usr/lib/go/src/crypto/tls/conn.go:1385 +0x145
net/http.(*persistConn).Read(0xc02b974360, {0xc029888000?, 0x81fe45?, 0xa94be80?})
	/usr/lib/go/src/net/http/transport.go:2122 +0x47
bufio.(*Reader).fill(0xc030c73d40)
	/usr/lib/go/src/bufio/bufio.go:113 +0x103
bufio.(*Reader).Peek(0xc030c73d40, 0x1)
	/usr/lib/go/src/bufio/bufio.go:152 +0x53
net/http.(*persistConn).readLoop(0xc02b974360)
	/usr/lib/go/src/net/http/transport.go:2275 +0x172
created by net/http.(*Transport).dialConn in goroutine 56257
	/usr/lib/go/src/net/http/transport.go:1944 +0x174f

goroutine 54753 [select]:
github.com/grafana/grafana/pkg/storage/unified/resource.(*broadcaster[...]).stream(0xab113a0, 0xc024c722a0)
	/home/mariell/work/oss/grafana/pkg/storage/unified/resource/broadcaster.go:205 +0x13d
created by github.com/grafana/grafana/pkg/storage/unified/resource.(*broadcaster[...]).init in goroutine 51745
	/home/mariell/work/oss/grafana/pkg/storage/unified/resource/broadcaster.go:177 +0x219

goroutine 76617 [select]:
github.com/FZambia/eagle.(*Eagle).aggregate(0xc045b991f0)
	/home/mariell/go/pkg/mod/github.com/!f!zambia/eagle@v0.1.0/eagle.go:210 +0x6d
created by github.com/FZambia/eagle.New in goroutine 4437
	/home/mariell/go/pkg/mod/github.com/!f!zambia/eagle@v0.1.0/eagle.go:66 +0x176

goroutine 58891 [sync.Cond.Wait]:
sync.runtime_notifyListWait(0xc01f861010, 0x13)
	/usr/lib/go/src/runtime/sema.go:597 +0x159
sync.(*Cond).Wait(0x0?)
	/usr/lib/go/src/sync/cond.go:71 +0x85
github.com/centrifugal/centrifuge/internal/dissolve.(*queueImpl).Wait(0xc01921b6c0)
	/home/mariell/go/pkg/mod/github.com/centrifugal/centrifuge@v0.33.3/internal/dissolve/queue.go:139 +0x4a
github.com/centrifugal/centrifuge/internal/dissolve.(*Dissolver).runWorker(0xc0243b2a20)
	/home/mariell/go/pkg/mod/github.com/centrifugal/centrifuge@v0.33.3/internal/dissolve/dissolve.go:52 +0x27
created by github.com/centrifugal/centrifuge/internal/dissolve.(*Dissolver).Run in goroutine 57831
	/home/mariell/go/pkg/mod/github.com/centrifugal/centrifuge@v0.33.3/internal/dissolve/dissolve.go:31 +0x25

goroutine 75677 [select]:
github.com/centrifugal/centrifuge.(*Node).cleanNodeInfo(0xc024144008)
	/home/mariell/go/pkg/mod/github.com/centrifugal/centrifuge@v0.33.3/node.go:394 +0x90
created by github.com/centrifugal/centrifuge.(*Node).Run in goroutine 22318
	/home/mariell/go/pkg/mod/github.com/centrifugal/centrifuge@v0.33.3/node.go:261 +0x265

goroutine 58884 [sync.Cond.Wait]:
sync.runtime_notifyListWait(0xc01f861010, 0x9)
	/usr/lib/go/src/runtime/sema.go:597 +0x159
sync.(*Cond).Wait(0x0?)
	/usr/lib/go/src/sync/cond.go:71 +0x85
github.com/centrifugal/centrifuge/internal/dissolve.(*queueImpl).Wait(0xc01921b6c0)
	/home/mariell/go/pkg/mod/github.com/centrifugal/centrifuge@v0.33.3/internal/dissolve/queue.go:139 +0x4a
github.com/centrifugal/centrifuge/internal/dissolve.(*Dissolver).runWorker(0xc0243b2a20)
	/home/mariell/go/pkg/mod/github.com/centrifugal/centrifuge@v0.33.3/internal/dissolve/dissolve.go:52 +0x27
created by github.com/centrifugal/centrifuge/internal/dissolve.(*Dissolver).Run in goroutine 57831
	/home/mariell/go/pkg/mod/github.com/centrifugal/centrifuge@v0.33.3/internal/dissolve/dissolve.go:31 +0x25

goroutine 76392 [sync.Cond.Wait]:
sync.runtime_notifyListWait(0xc045376a50, 0x28)
	/usr/lib/go/src/runtime/sema.go:597 +0x159
sync.(*Cond).Wait(0x0?)
	/usr/lib/go/src/sync/cond.go:71 +0x85
github.com/centrifugal/centrifuge/internal/dissolve.(*queueImpl).Wait(0xc0425a5ce0)
	/home/mariell/go/pkg/mod/github.com/centrifugal/centrifuge@v0.33.3/internal/dissolve/queue.go:139 +0x4a
github.com/centrifugal/centrifuge/internal/dissolve.(*Dissolver).runWorker(0xc0272822a0)
	/home/mariell/go/pkg/mod/github.com/centrifugal/centrifuge@v0.33.3/internal/dissolve/dissolve.go:52 +0x27
created by github.com/centrifugal/centrifuge/internal/dissolve.(*Dissolver).Run in goroutine 3349
	/home/mariell/go/pkg/mod/github.com/centrifugal/centrifuge@v0.33.3/internal/dissolve/dissolve.go:31 +0x25

goroutine 59365 [chan receive]:
github.com/grafana/grafana/pkg/storage/unified/resource.(*server).initWatcher.func1.1()
	/home/mariell/work/oss/grafana/pkg/storage/unified/resource/server.go:922 +0x58
created by github.com/grafana/grafana/pkg/storage/unified/resource.(*server).initWatcher.func1 in goroutine 58731
	/home/mariell/work/oss/grafana/pkg/storage/unified/resource/server.go:921 +0xaa

goroutine 74929 [select]:
github.com/centrifugal/centrifuge.(*Node).updateMetrics(0xc02562d208)
	/home/mariell/go/pkg/mod/github.com/centrifugal/centrifuge@v0.33.3/node.go:335 +0x85
created by github.com/centrifugal/centrifuge.(*Node).Run in goroutine 56144
	/home/mariell/go/pkg/mod/github.com/centrifugal/centrifuge@v0.33.3/node.go:262 +0x2a5

goroutine 58904 [sync.Cond.Wait]:
sync.runtime_notifyListWait(0xc01f861010, 0x20)
	/usr/lib/go/src/runtime/sema.go:597 +0x159
sync.(*Cond).Wait(0x0?)
	/usr/lib/go/src/sync/cond.go:71 +0x85
github.com/centrifugal/centrifuge/internal/dissolve.(*queueImpl).Wait(0xc01921b6c0)
	/home/mariell/go/pkg/mod/github.com/centrifugal/centrifuge@v0.33.3/internal/dissolve/queue.go:139 +0x4a
github.com/centrifugal/centrifuge/internal/dissolve.(*Dissolver).runWorker(0xc0243b2a20)
	/home/mariell/go/pkg/mod/github.com/centrifugal/centrifuge@v0.33.3/internal/dissolve/dissolve.go:52 +0x27
created by github.com/centrifugal/centrifuge/internal/dissolve.(*Dissolver).Run in goroutine 57831
	/home/mariell/go/pkg/mod/github.com/centrifugal/centrifuge@v0.33.3/internal/dissolve/dissolve.go:31 +0x25

goroutine 77089 [sync.Cond.Wait]:
sync.runtime_notifyListWait(0xc045ae3d50, 0x1b)
	/usr/lib/go/src/runtime/sema.go:597 +0x159
sync.(*Cond).Wait(0xc00990e7d0?)
	/usr/lib/go/src/sync/cond.go:71 +0x85
github.com/centrifugal/centrifuge/internal/dissolve.(*queueImpl).Wait(0xc045afb420)
	/home/mariell/go/pkg/mod/github.com/centrifugal/centrifuge@v0.33.3/internal/dissolve/queue.go:139 +0x4a
github.com/centrifugal/centrifuge/internal/dissolve.(*Dissolver).runWorker(0xc034b3a078)
	/home/mariell/go/pkg/mod/github.com/centrifugal/centrifuge@v0.33.3/internal/dissolve/dissolve.go:52 +0x27
created by github.com/centrifugal/centrifuge/internal/dissolve.(*Dissolver).Run in goroutine 4437
	/home/mariell/go/pkg/mod/github.com/centrifugal/centrifuge@v0.33.3/internal/dissolve/dissolve.go:31 +0x25

goroutine 59367 [select]:
github.com/grafana/grafana/pkg/storage/unified/resource.(*broadcaster[...]).stream(0xab113a0, 0xc00d4ff960)
	/home/mariell/work/oss/grafana/pkg/storage/unified/resource/broadcaster.go:205 +0x13d
created by github.com/grafana/grafana/pkg/storage/unified/resource.(*broadcaster[...]).init in goroutine 58731
	/home/mariell/work/oss/grafana/pkg/storage/unified/resource/broadcaster.go:177 +0x219

goroutine 59149 [select]:
database/sql.(*DB).connectionCleaner(0xc025e91110, 0xc023571a40?)
	/usr/lib/go/src/database/sql/sql.go:1104 +0x9c
created by database/sql.(*DB).startCleanerLocked in goroutine 4437
	/usr/lib/go/src/database/sql/sql.go:1091 +0x105

goroutine 73876 [select]:
github.com/patrickmn/go-cache.(*janitor).Run(0xc042226690, 0xc01c3478c0)
	/home/mariell/go/pkg/mod/github.com/patrickmn/go-cache@v2.1.0+incompatible/cache.go:1079 +0x7b
created by github.com/patrickmn/go-cache.runJanitor in goroutine 56142
	/home/mariell/go/pkg/mod/github.com/patrickmn/go-cache@v2.1.0+incompatible/cache.go:1099 +0xdb

goroutine 58923 [sync.Cond.Wait]:
sync.runtime_notifyListWait(0xc01f861010, 0x35)
	/usr/lib/go/src/runtime/sema.go:597 +0x159
sync.(*Cond).Wait(0xc00c5efb90?)
	/usr/lib/go/src/sync/cond.go:71 +0x85
github.com/centrifugal/centrifuge/internal/dissolve.(*queueImpl).Wait(0xc01921b6c0)
	/home/mariell/go/pkg/mod/github.com/centrifugal/centrifuge@v0.33.3/internal/dissolve/queue.go:139 +0x4a
github.com/centrifugal/centrifuge/internal/dissolve.(*Dissolver).runWorker(0xc0243b2a20)
	/home/mariell/go/pkg/mod/github.com/centrifugal/centrifuge@v0.33.3/internal/dissolve/dissolve.go:52 +0x27
created by github.com/centrifugal/centrifuge/internal/dissolve.(*Dissolver).Run in goroutine 57831
	/home/mariell/go/pkg/mod/github.com/centrifugal/centrifuge@v0.33.3/internal/dissolve/dissolve.go:31 +0x25

goroutine 75940 [sync.Cond.Wait]:
sync.runtime_notifyListWait(0xc0260a7e90, 0x5)
	/usr/lib/go/src/runtime/sema.go:597 +0x159
sync.(*Cond).Wait(0x0?)
	/usr/lib/go/src/sync/cond.go:71 +0x85
github.com/centrifugal/centrifuge/internal/dissolve.(*queueImpl).Wait(0xc044618930)
	/home/mariell/go/pkg/mod/github.com/centrifugal/centrifuge@v0.33.3/internal/dissolve/queue.go:139 +0x4a
github.com/centrifugal/centrifuge/internal/dissolve.(*Dissolver).runWorker(0xc031b01698)
	/home/mariell/go/pkg/mod/github.com/centrifugal/centrifuge@v0.33.3/internal/dissolve/dissolve.go:52 +0x27
created by github.com/centrifugal/centrifuge/internal/dissolve.(*Dissolver).Run in goroutine 22318
	/home/mariell/go/pkg/mod/github.com/centrifugal/centrifuge@v0.33.3/internal/dissolve/dissolve.go:31 +0x25

goroutine 73842 [select]:
github.com/patrickmn/go-cache.(*janitor).Run(0xc01a3df360, 0xc023dfbd00)
	/home/mariell/go/pkg/mod/github.com/patrickmn/go-cache@v2.1.0+incompatible/cache.go:1079 +0x7b
created by github.com/patrickmn/go-cache.runJanitor in goroutine 3351
	/home/mariell/go/pkg/mod/github.com/patrickmn/go-cache@v2.1.0+incompatible/cache.go:1099 +0xdb

goroutine 76778 [select]:
github.com/patrickmn/go-cache.(*janitor).Run(0xc046fd94b0, 0xc04782c640)
	/home/mariell/go/pkg/mod/github.com/patrickmn/go-cache@v2.1.0+incompatible/cache.go:1079 +0x7b
created by github.com/patrickmn/go-cache.runJanitor in goroutine 22317
	/home/mariell/go/pkg/mod/github.com/patrickmn/go-cache@v2.1.0+incompatible/cache.go:1099 +0xdb

goroutine 73924 [select]:
github.com/patrickmn/go-cache.(*janitor).Run(0xc0187e3a00, 0xc016967300)
	/home/mariell/go/pkg/mod/github.com/patrickmn/go-cache@v2.1.0+incompatible/cache.go:1079 +0x7b
created by github.com/patrickmn/go-cache.runJanitor in goroutine 56144
	/home/mariell/go/pkg/mod/github.com/patrickmn/go-cache@v2.1.0+incompatible/cache.go:1099 +0xdb

goroutine 56289 [select]:
database/sql.(*DB).connectionOpener(0xc013833e10, {0xa9d1d00, 0xc006058eb0})
	/usr/lib/go/src/database/sql/sql.go:1261 +0x87
created by database/sql.OpenDB in goroutine 56288
	/usr/lib/go/src/database/sql/sql.go:841 +0x130

goroutine 57238 [select]:
github.com/patrickmn/go-cache.(*janitor).Run(0xc01dddcac0, 0xc0166f42c0)
	/home/mariell/go/pkg/mod/github.com/patrickmn/go-cache@v2.1.0+incompatible/cache.go:1079 +0x7b
created by github.com/patrickmn/go-cache.runJanitor in goroutine 56288
	/home/mariell/go/pkg/mod/github.com/patrickmn/go-cache@v2.1.0+incompatible/cache.go:1099 +0xdb

goroutine 78018 [runnable]:
github.com/centrifugal/centrifuge/internal/dissolve.(*Dissolver).Run.gowrap1()
	/home/mariell/go/pkg/mod/github.com/centrifugal/centrifuge@v0.33.3/internal/dissolve/dissolve.go:31
runtime.goexit({})
	/usr/lib/go/src/runtime/asm_amd64.s:1700 +0x1
created by github.com/centrifugal/centrifuge/internal/dissolve.(*Dissolver).Run in goroutine 3350
	/home/mariell/go/pkg/mod/github.com/centrifugal/centrifuge@v0.33.3/internal/dissolve/dissolve.go:31 +0x25

goroutine 73981 [select]:
github.com/grafana/grafana/pkg/storage/unified/resource.(*cache[...]).run(0xc033b1e300)
	/home/mariell/work/oss/grafana/pkg/storage/unified/resource/broadcaster.go:291 +0xb0
created by github.com/grafana/grafana/pkg/storage/unified/resource.newChannelCache[...] in goroutine 4438
	/home/mariell/work/oss/grafana/pkg/storage/unified/resource/broadcaster.go:276 +0x189

goroutine 74004 [select]:
github.com/patrickmn/go-cache.(*janitor).Run(0xc02602f420, 0xc0144ade80)
	/home/mariell/go/pkg/mod/github.com/patrickmn/go-cache@v2.1.0+incompatible/cache.go:1079 +0x7b
created by github.com/patrickmn/go-cache.runJanitor in goroutine 3349
	/home/mariell/go/pkg/mod/github.com/patrickmn/go-cache@v2.1.0+incompatible/cache.go:1099 +0xdb

goroutine 75678 [select]:
github.com/centrifugal/centrifuge.(*Node).updateMetrics(0xc024144008)
	/home/mariell/go/pkg/mod/github.com/centrifugal/centrifuge@v0.33.3/node.go:335 +0x85
created by github.com/centrifugal/centrifuge.(*Node).Run in goroutine 22318
	/home/mariell/go/pkg/mod/github.com/centrifugal/centrifuge@v0.33.3/node.go:262 +0x2a5

goroutine 52728 [chan receive]:
github.com/grafana/grafana/pkg/storage/unified/resource.(*server).initWatcher.func1.1()
	/home/mariell/work/oss/grafana/pkg/storage/unified/resource/server.go:922 +0x58
created by github.com/grafana/grafana/pkg/storage/unified/resource.(*server).initWatcher.func1 in goroutine 51765
	/home/mariell/work/oss/grafana/pkg/storage/unified/resource/server.go:921 +0xaa

goroutine 58931 [sync.Cond.Wait]:
sync.runtime_notifyListWait(0xc01f861010, 0x3c)
	/usr/lib/go/src/runtime/sema.go:597 +0x159
sync.(*Cond).Wait(0x0?)
	/usr/lib/go/src/sync/cond.go:71 +0x85
github.com/centrifugal/centrifuge/internal/dissolve.(*queueImpl).Wait(0xc01921b6c0)
	/home/mariell/go/pkg/mod/github.com/centrifugal/centrifuge@v0.33.3/internal/dissolve/queue.go:139 +0x4a
github.com/centrifugal/centrifuge/internal/dissolve.(*Dissolver).runWorker(0xc0243b2a20)
	/home/mariell/go/pkg/mod/github.com/centrifugal/centrifuge@v0.33.3/internal/dissolve/dissolve.go:52 +0x27
created by github.com/centrifugal/centrifuge/internal/dissolve.(*Dissolver).Run in goroutine 57831
	/home/mariell/go/pkg/mod/github.com/centrifugal/centrifuge@v0.33.3/internal/dissolve/dissolve.go:31 +0x25

goroutine 52869 [sync.Cond.Wait]:
sync.runtime_notifyListWait(0xc0301d0dd0, 0x21)
	/usr/lib/go/src/runtime/sema.go:597 +0x159
sync.(*Cond).Wait(0x0?)
	/usr/lib/go/src/sync/cond.go:71 +0x85
github.com/centrifugal/centrifuge/internal/dissolve.(*queueImpl).Wait(0xc030230380)
	/home/mariell/go/pkg/mod/github.com/centrifugal/centrifuge@v0.33.3/internal/dissolve/queue.go:139 +0x4a
github.com/centrifugal/centrifuge/internal/dissolve.(*Dissolver).runWorker(0xc008ba75c0)
	/home/mariell/go/pkg/mod/github.com/centrifugal/centrifuge@v0.33.3/internal/dissolve/dissolve.go:52 +0x27
created by github.com/centrifugal/centrifuge/internal/dissolve.(*Dissolver).Run in goroutine 51765
	/home/mariell/go/pkg/mod/github.com/centrifugal/centrifuge@v0.33.3/internal/dissolve/dissolve.go:31 +0x25

goroutine 75323 [select]:
github.com/FZambia/eagle.(*Eagle).aggregate(0xc0437075e0)
	/home/mariell/go/pkg/mod/github.com/!f!zambia/eagle@v0.1.0/eagle.go:210 +0x6d
created by github.com/FZambia/eagle.New in goroutine 56144
	/home/mariell/go/pkg/mod/github.com/!f!zambia/eagle@v0.1.0/eagle.go:66 +0x176

goroutine 76035 [select]:
github.com/centrifugal/centrifuge.(*historyHub).expireStreams(0xc04536e600)
	/home/mariell/go/pkg/mod/github.com/centrifugal/centrifuge@v0.33.3/broker_memory.go:298 +0x75
created by github.com/centrifugal/centrifuge.(*historyHub).runCleanups in goroutine 3349
	/home/mariell/go/pkg/mod/github.com/centrifugal/centrifuge@v0.33.3/broker_memory.go:252 +0x56

goroutine 75062 [chan receive]:
github.com/grafana/grafana/pkg/storage/unified/resource.(*server).initWatcher.func1.1()
	/home/mariell/work/oss/grafana/pkg/storage/unified/resource/server.go:922 +0x58
created by github.com/grafana/grafana/pkg/storage/unified/resource.(*server).initWatcher.func1 in goroutine 4436
	/home/mariell/work/oss/grafana/pkg/storage/unified/resource/server.go:921 +0xaa

goroutine 54771 [select]:
k8s.io/apimachinery/pkg/util/wait.BackoffUntil(0xc01b96b200, {0xa95ac00, 0xc02b6ed0b0}, 0x1, 0xc024aa9260)
	/home/mariell/go/pkg/mod/k8s.io/apimachinery@v0.32.1/pkg/util/wait/backoff.go:238 +0x12c
k8s.io/apimachinery/pkg/util/wait.JitterUntil(0xc01b96b200, 0x3b9aca00, 0x3ff3333333333333, 0x1, 0xc024aa9260)
	/home/mariell/go/pkg/mod/k8s.io/apimachinery@v0.32.1/pkg/util/wait/backoff.go:204 +0x7f
created by k8s.io/apiserver/pkg/registry/generic/registry.(*Store).startObservingCount in goroutine 51745
	/home/mariell/go/pkg/mod/k8s.io/apiserver@v0.32.1/pkg/registry/generic/registry/store.go:1666 +0x2f9

goroutine 52681 [select]:
github.com/patrickmn/go-cache.(*janitor).Run(0xc02cd446e0, 0xc02cc79a80)
	/home/mariell/go/pkg/mod/github.com/patrickmn/go-cache@v2.1.0+incompatible/cache.go:1079 +0x7b
created by github.com/patrickmn/go-cache.runJanitor in goroutine 51765
	/home/mariell/go/pkg/mod/github.com/patrickmn/go-cache@v2.1.0+incompatible/cache.go:1099 +0xdb

goroutine 57241 [select]:
github.com/patrickmn/go-cache.(*janitor).Run(0xc01dddcd20, 0xc0166f4300)
	/home/mariell/go/pkg/mod/github.com/patrickmn/go-cache@v2.1.0+incompatible/cache.go:1079 +0x7b
created by github.com/patrickmn/go-cache.runJanitor in goroutine 56288
	/home/mariell/go/pkg/mod/github.com/patrickmn/go-cache@v2.1.0+incompatible/cache.go:1099 +0xdb

goroutine 74179 [select]:
github.com/patrickmn/go-cache.(*janitor).Run(0xc0409d9e80, 0xc012cd9e00)
	/home/mariell/go/pkg/mod/github.com/patrickmn/go-cache@v2.1.0+incompatible/cache.go:1079 +0x7b
created by github.com/patrickmn/go-cache.runJanitor in goroutine 59395
	/home/mariell/go/pkg/mod/github.com/patrickmn/go-cache@v2.1.0+incompatible/cache.go:1099 +0xdb

goroutine 58886 [sync.Cond.Wait]:
sync.runtime_notifyListWait(0xc01f861010, 0xb)
	/usr/lib/go/src/runtime/sema.go:597 +0x159
sync.(*Cond).Wait(0x0?)
	/usr/lib/go/src/sync/cond.go:71 +0x85
github.com/centrifugal/centrifuge/internal/dissolve.(*queueImpl).Wait(0xc01921b6c0)
	/home/mariell/go/pkg/mod/github.com/centrifugal/centrifuge@v0.33.3/internal/dissolve/queue.go:139 +0x4a
github.com/centrifugal/centrifuge/internal/dissolve.(*Dissolver).runWorker(0xc0243b2a20)
	/home/mariell/go/pkg/mod/github.com/centrifugal/centrifuge@v0.33.3/internal/dissolve/dissolve.go:52 +0x27
created by github.com/centrifugal/centrifuge/internal/dissolve.(*Dissolver).Run in goroutine 57831
	/home/mariell/go/pkg/mod/github.com/centrifugal/centrifuge@v0.33.3/internal/dissolve/dissolve.go:31 +0x25

goroutine 75320 [select]:
github.com/centrifugal/centrifuge.(*MemoryBroker).expireResultCache(0xc04365b900)
	/home/mariell/go/pkg/mod/github.com/centrifugal/centrifuge@v0.33.3/broker_memory.go:160 +0x68
created by github.com/centrifugal/centrifuge.(*MemoryBroker).Run in goroutine 56144
	/home/mariell/go/pkg/mod/github.com/centrifugal/centrifuge@v0.33.3/broker_memory.go:73 +0x7f

goroutine 58913 [sync.Cond.Wait]:
sync.runtime_notifyListWait(0xc01f861010, 0x2b)
	/usr/lib/go/src/runtime/sema.go:597 +0x159
sync.(*Cond).Wait(0x0?)
	/usr/lib/go/src/sync/cond.go:71 +0x85
github.com/centrifugal/centrifuge/internal/dissolve.(*queueImpl).Wait(0xc01921b6c0)
	/home/mariell/go/pkg/mod/github.com/centrifugal/centrifuge@v0.33.3/internal/dissolve/queue.go:139 +0x4a
github.com/centrifugal/centrifuge/internal/dissolve.(*Dissolver).runWorker(0xc0243b2a20)
	/home/mariell/go/pkg/mod/github.com/centrifugal/centrifuge@v0.33.3/internal/dissolve/dissolve.go:52 +0x27
created by github.com/centrifugal/centrifuge/internal/dissolve.(*Dissolver).Run in goroutine 57831
	/home/mariell/go/pkg/mod/github.com/centrifugal/centrifuge@v0.33.3/internal/dissolve/dissolve.go:31 +0x25

goroutine 73940 [select]:
github.com/patrickmn/go-cache.(*janitor).Run(0xc018b6b710, 0xc01f89f740)
	/home/mariell/go/pkg/mod/github.com/patrickmn/go-cache@v2.1.0+incompatible/cache.go:1079 +0x7b
created by github.com/patrickmn/go-cache.runJanitor in goroutine 4437
	/home/mariell/go/pkg/mod/github.com/patrickmn/go-cache@v2.1.0+incompatible/cache.go:1099 +0xdb

goroutine 58875 [select]:
github.com/centrifugal/centrifuge.(*historyHub).expireStreams(0xc01243d700)
	/home/mariell/go/pkg/mod/github.com/centrifugal/centrifuge@v0.33.3/broker_memory.go:298 +0x75
created by github.com/centrifugal/centrifuge.(*historyHub).runCleanups in goroutine 57831
	/home/mariell/go/pkg/mod/github.com/centrifugal/centrifuge@v0.33.3/broker_memory.go:252 +0x56

goroutine 74163 [select]:
github.com/patrickmn/go-cache.(*janitor).Run(0xc040453d10, 0xc01c855040)
	/home/mariell/go/pkg/mod/github.com/patrickmn/go-cache@v2.1.0+incompatible/cache.go:1079 +0x7b
created by github.com/patrickmn/go-cache.runJanitor in goroutine 4439
	/home/mariell/go/pkg/mod/github.com/patrickmn/go-cache@v2.1.0+incompatible/cache.go:1099 +0xdb

goroutine 74480 [select]:
github.com/grafana/grafana/pkg/storage/unified/resource.(*broadcaster[...]).stream(0xab113a0, 0xc0425a5260)
	/home/mariell/work/oss/grafana/pkg/storage/unified/resource/broadcaster.go:205 +0x13d
created by github.com/grafana/grafana/pkg/storage/unified/resource.(*broadcaster[...]).init in goroutine 22317
	/home/mariell/work/oss/grafana/pkg/storage/unified/resource/broadcaster.go:177 +0x219

goroutine 52864 [sync.Cond.Wait]:
sync.runtime_notifyListWait(0xc0301d0dd0, 0x1c)
	/usr/lib/go/src/runtime/sema.go:597 +0x159
sync.(*Cond).Wait(0x0?)
	/usr/lib/go/src/sync/cond.go:71 +0x85
github.com/centrifugal/centrifuge/internal/dissolve.(*queueImpl).Wait(0xc030230380)
	/home/mariell/go/pkg/mod/github.com/centrifugal/centrifuge@v0.33.3/internal/dissolve/queue.go:139 +0x4a
github.com/centrifugal/centrifuge/internal/dissolve.(*Dissolver).runWorker(0xc008ba75c0)
	/home/mariell/go/pkg/mod/github.com/centrifugal/centrifuge@v0.33.3/internal/dissolve/dissolve.go:52 +0x27
created by github.com/centrifugal/centrifuge/internal/dissolve.(*Dissolver).Run in goroutine 51765
	/home/mariell/go/pkg/mod/github.com/centrifugal/centrifuge@v0.33.3/internal/dissolve/dissolve.go:31 +0x25

goroutine 52881 [sync.Cond.Wait]:
sync.runtime_notifyListWait(0xc0301d0dd0, 0x2d)
	/usr/lib/go/src/runtime/sema.go:597 +0x159
sync.(*Cond).Wait(0x0?)
	/usr/lib/go/src/sync/cond.go:71 +0x85
github.com/centrifugal/centrifuge/internal/dissolve.(*queueImpl).Wait(0xc030230380)
	/home/mariell/go/pkg/mod/github.com/centrifugal/centrifuge@v0.33.3/internal/dissolve/queue.go:139 +0x4a
github.com/centrifugal/centrifuge/internal/dissolve.(*Dissolver).runWorker(0xc008ba75c0)
	/home/mariell/go/pkg/mod/github.com/centrifugal/centrifuge@v0.33.3/internal/dissolve/dissolve.go:52 +0x27
created by github.com/centrifugal/centrifuge/internal/dissolve.(*Dissolver).Run in goroutine 51765
	/home/mariell/go/pkg/mod/github.com/centrifugal/centrifuge@v0.33.3/internal/dissolve/dissolve.go:31 +0x25

goroutine 56277 [select]:
net/http.(*persistConn).writeLoop(0xc023912a20)
	/usr/lib/go/src/net/http/transport.go:2590 +0xe7
created by net/http.(*Transport).dialConn in goroutine 54812
	/usr/lib/go/src/net/http/transport.go:1945 +0x17a5

goroutine 74099 [select]:
github.com/patrickmn/go-cache.(*janitor).Run(0xc03425db40, 0xc00ed05940)
	/home/mariell/go/pkg/mod/github.com/patrickmn/go-cache@v2.1.0+incompatible/cache.go:1079 +0x7b
created by github.com/patrickmn/go-cache.runJanitor in goroutine 3351
	/home/mariell/go/pkg/mod/github.com/patrickmn/go-cache@v2.1.0+incompatible/cache.go:1099 +0xdb

goroutine 74574 [select]:
github.com/centrifugal/centrifuge.(*historyHub).expireStreams(0xc042a00180)
	/home/mariell/go/pkg/mod/github.com/centrifugal/centrifuge@v0.33.3/broker_memory.go:298 +0x75
created by github.com/centrifugal/centrifuge.(*historyHub).runCleanups in goroutine 4438
	/home/mariell/go/pkg/mod/github.com/centrifugal/centrifuge@v0.33.3/broker_memory.go:252 +0x56

goroutine 52682 [select]:
github.com/patrickmn/go-cache.(*janitor).Run(0xc02fb25c30, 0xc02eefe3c0)
	/home/mariell/go/pkg/mod/github.com/patrickmn/go-cache@v2.1.0+incompatible/cache.go:1079 +0x7b
created by github.com/patrickmn/go-cache.runJanitor in goroutine 51765
	/home/mariell/go/pkg/mod/github.com/patrickmn/go-cache@v2.1.0+incompatible/cache.go:1099 +0xdb

goroutine 52882 [sync.Cond.Wait]:
sync.runtime_notifyListWait(0xc0301d0dd0, 0x2e)
	/usr/lib/go/src/runtime/sema.go:597 +0x159
sync.(*Cond).Wait(0x0?)
	/usr/lib/go/src/sync/cond.go:71 +0x85
github.com/centrifugal/centrifuge/internal/dissolve.(*queueImpl).Wait(0xc030230380)
	/home/mariell/go/pkg/mod/github.com/centrifugal/centrifuge@v0.33.3/internal/dissolve/queue.go:139 +0x4a
github.com/centrifugal/centrifuge/internal/dissolve.(*Dissolver).runWorker(0xc008ba75c0)
	/home/mariell/go/pkg/mod/github.com/centrifugal/centrifuge@v0.33.3/internal/dissolve/dissolve.go:52 +0x27
created by github.com/centrifugal/centrifuge/internal/dissolve.(*Dissolver).Run in goroutine 51765
	/home/mariell/go/pkg/mod/github.com/centrifugal/centrifuge@v0.33.3/internal/dissolve/dissolve.go:31 +0x25

goroutine 52868 [sync.Cond.Wait]:
sync.runtime_notifyListWait(0xc0301d0dd0, 0x20)
	/usr/lib/go/src/runtime/sema.go:597 +0x159
sync.(*Cond).Wait(0xc02be6e7d0?)
	/usr/lib/go/src/sync/cond.go:71 +0x85
github.com/centrifugal/centrifuge/internal/dissolve.(*queueImpl).Wait(0xc030230380)
	/home/mariell/go/pkg/mod/github.com/centrifugal/centrifuge@v0.33.3/internal/dissolve/queue.go:139 +0x4a
github.com/centrifugal/centrifuge/internal/dissolve.(*Dissolver).runWorker(0xc008ba75c0)
	/home/mariell/go/pkg/mod/github.com/centrifugal/centrifuge@v0.33.3/internal/dissolve/dissolve.go:52 +0x27
created by github.com/centrifugal/centrifuge/internal/dissolve.(*Dissolver).Run in goroutine 51765
	/home/mariell/go/pkg/mod/github.com/centrifugal/centrifuge@v0.33.3/internal/dissolve/dissolve.go:31 +0x25

goroutine 75077 [select]:
net/http.(*persistConn).writeLoop(0xc02b526c60)
	/usr/lib/go/src/net/http/transport.go:2590 +0xe7
created by net/http.(*Transport).dialConn in goroutine 74708
	/usr/lib/go/src/net/http/transport.go:1945 +0x17a5

goroutine 55894 [sync.Cond.Wait]:
sync.runtime_notifyListWait(0xc022793e10, 0x19)
	/usr/lib/go/src/runtime/sema.go:597 +0x159
sync.(*Cond).Wait(0xc0108fa7e0?)
	/usr/lib/go/src/sync/cond.go:71 +0x85
github.com/centrifugal/centrifuge/internal/dissolve.(*queueImpl).Wait(0xc01100c540)
	/home/mariell/go/pkg/mod/github.com/centrifugal/centrifuge@v0.33.3/internal/dissolve/queue.go:139 +0x4a
github.com/centrifugal/centrifuge/internal/dissolve.(*Dissolver).runWorker(0xc02431b8f0)
	/home/mariell/go/pkg/mod/github.com/centrifugal/centrifuge@v0.33.3/internal/dissolve/dissolve.go:52 +0x27
created by github.com/centrifugal/centrifuge/internal/dissolve.(*Dissolver).Run in goroutine 54803
	/home/mariell/go/pkg/mod/github.com/centrifugal/centrifuge@v0.33.3/internal/dissolve/dissolve.go:31 +0x25

goroutine 73708 [select]:
github.com/patrickmn/go-cache.(*janitor).Run(0xc03425c100, 0xc00ed04b40)
	/home/mariell/go/pkg/mod/github.com/patrickmn/go-cache@v2.1.0+incompatible/cache.go:1079 +0x7b
created by github.com/patrickmn/go-cache.runJanitor in goroutine 3351
	/home/mariell/go/pkg/mod/github.com/patrickmn/go-cache@v2.1.0+incompatible/cache.go:1099 +0xdb

goroutine 59700 [select]:
database/sql.(*DB).connectionCleaner(0xc0296f9c70, 0xc01f878e80?)
	/usr/lib/go/src/database/sql/sql.go:1104 +0x9c
created by database/sql.(*DB).startCleanerLocked in goroutine 22318
	/usr/lib/go/src/database/sql/sql.go:1091 +0x105

goroutine 58915 [sync.Cond.Wait]:
sync.runtime_notifyListWait(0xc01f861010, 0x2d)
	/usr/lib/go/src/runtime/sema.go:597 +0x159
sync.(*Cond).Wait(0x100000000000001?)
	/usr/lib/go/src/sync/cond.go:71 +0x85
github.com/centrifugal/centrifuge/internal/dissolve.(*queueImpl).Wait(0xc01921b6c0)
	/home/mariell/go/pkg/mod/github.com/centrifugal/centrifuge@v0.33.3/internal/dissolve/queue.go:139 +0x4a
github.com/centrifugal/centrifuge/internal/dissolve.(*Dissolver).runWorker(0xc0243b2a20)
	/home/mariell/go/pkg/mod/github.com/centrifugal/centrifuge@v0.33.3/internal/dissolve/dissolve.go:52 +0x27
created by github.com/centrifugal/centrifuge/internal/dissolve.(*Dissolver).Run in goroutine 57831
	/home/mariell/go/pkg/mod/github.com/centrifugal/centrifuge@v0.33.3/internal/dissolve/dissolve.go:31 +0x25

goroutine 53119 [select]:
net/http.(*persistConn).writeLoop(0xc02a465200)
	/usr/lib/go/src/net/http/transport.go:2590 +0xe7
created by net/http.(*Transport).dialConn in goroutine 52222
	/usr/lib/go/src/net/http/transport.go:1945 +0x17a5

goroutine 57837 [select]:
database/sql.(*DB).connectionCleaner(0xc0310011e0, 0xc031003e30?)
	/usr/lib/go/src/database/sql/sql.go:1104 +0x9c
created by database/sql.(*DB).startCleanerLocked in goroutine 57831
	/usr/lib/go/src/database/sql/sql.go:1091 +0x105

goroutine 58920 [sync.Cond.Wait]:
sync.runtime_notifyListWait(0xc01f861010, 0x25)
	/usr/lib/go/src/runtime/sema.go:597 +0x159
sync.(*Cond).Wait(0x0?)
	/usr/lib/go/src/sync/cond.go:71 +0x85
github.com/centrifugal/centrifuge/internal/dissolve.(*queueImpl).Wait(0xc01921b6c0)
	/home/mariell/go/pkg/mod/github.com/centrifugal/centrifuge@v0.33.3/internal/dissolve/queue.go:139 +0x4a
github.com/centrifugal/centrifuge/internal/dissolve.(*Dissolver).runWorker(0xc0243b2a20)
	/home/mariell/go/pkg/mod/github.com/centrifugal/centrifuge@v0.33.3/internal/dissolve/dissolve.go:52 +0x27
created by github.com/centrifugal/centrifuge/internal/dissolve.(*Dissolver).Run in goroutine 57831
	/home/mariell/go/pkg/mod/github.com/centrifugal/centrifuge@v0.33.3/internal/dissolve/dissolve.go:31 +0x25

goroutine 59349 [select]:
net/http.(*persistConn).writeLoop(0xc02a3b0a20)
	/usr/lib/go/src/net/http/transport.go:2590 +0xe7
created by net/http.(*Transport).dialConn in goroutine 59311
	/usr/lib/go/src/net/http/transport.go:1945 +0x17a5

goroutine 54749 [select]:
k8s.io/apimachinery/pkg/util/wait.BackoffUntil(0xc029244a00, {0xa95ac00, 0xc02b6ed050}, 0x1, 0xc024aa8770)
	/home/mariell/go/pkg/mod/k8s.io/apimachinery@v0.32.1/pkg/util/wait/backoff.go:238 +0x12c
k8s.io/apimachinery/pkg/util/wait.JitterUntil(0xc029244a00, 0x3b9aca00, 0x3ff3333333333333, 0x1, 0xc024aa8770)
	/home/mariell/go/pkg/mod/k8s.io/apimachinery@v0.32.1/pkg/util/wait/backoff.go:204 +0x7f
created by k8s.io/apiserver/pkg/registry/generic/registry.(*Store).startObservingCount in goroutine 51745
	/home/mariell/go/pkg/mod/k8s.io/apiserver@v0.32.1/pkg/registry/generic/registry/store.go:1666 +0x2f9

goroutine 52874 [sync.Cond.Wait]:
sync.runtime_notifyListWait(0xc0301d0dd0, 0x26)
	/usr/lib/go/src/runtime/sema.go:597 +0x159
sync.(*Cond).Wait(0x0?)
	/usr/lib/go/src/sync/cond.go:71 +0x85
github.com/centrifugal/centrifuge/internal/dissolve.(*queueImpl).Wait(0xc030230380)
	/home/mariell/go/pkg/mod/github.com/centrifugal/centrifuge@v0.33.3/internal/dissolve/queue.go:139 +0x4a
github.com/centrifugal/centrifuge/internal/dissolve.(*Dissolver).runWorker(0xc008ba75c0)
	/home/mariell/go/pkg/mod/github.com/centrifugal/centrifuge@v0.33.3/internal/dissolve/dissolve.go:52 +0x27
created by github.com/centrifugal/centrifuge/internal/dissolve.(*Dissolver).Run in goroutine 51765
	/home/mariell/go/pkg/mod/github.com/centrifugal/centrifuge@v0.33.3/internal/dissolve/dissolve.go:31 +0x25

goroutine 52885 [sync.Cond.Wait]:
sync.runtime_notifyListWait(0xc0301d0dd0, 0x31)
	/usr/lib/go/src/runtime/sema.go:597 +0x159
sync.(*Cond).Wait(0x0?)
	/usr/lib/go/src/sync/cond.go:71 +0x85
github.com/centrifugal/centrifuge/internal/dissolve.(*queueImpl).Wait(0xc030230380)
	/home/mariell/go/pkg/mod/github.com/centrifugal/centrifuge@v0.33.3/internal/dissolve/queue.go:139 +0x4a
github.com/centrifugal/centrifuge/internal/dissolve.(*Dissolver).runWorker(0xc008ba75c0)
	/home/mariell/go/pkg/mod/github.com/centrifugal/centrifuge@v0.33.3/internal/dissolve/dissolve.go:52 +0x27
created by github.com/centrifugal/centrifuge/internal/dissolve.(*Dissolver).Run in goroutine 51765
	/home/mariell/go/pkg/mod/github.com/centrifugal/centrifuge@v0.33.3/internal/dissolve/dissolve.go:31 +0x25

goroutine 54770 [select]:
k8s.io/apimachinery/pkg/util/wait.BackoffUntil(0xc01b96af00, {0xa95ac00, 0xc02b6ed0e0}, 0x1, 0xc024aa91f0)
	/home/mariell/go/pkg/mod/k8s.io/apimachinery@v0.32.1/pkg/util/wait/backoff.go:238 +0x12c
k8s.io/apimachinery/pkg/util/wait.JitterUntil(0xc01b96af00, 0x3b9aca00, 0x3ff3333333333333, 0x1, 0xc024aa91f0)
	/home/mariell/go/pkg/mod/k8s.io/apimachinery@v0.32.1/pkg/util/wait/backoff.go:204 +0x7f
created by k8s.io/apiserver/pkg/registry/generic/registry.(*Store).startObservingCount in goroutine 51745
	/home/mariell/go/pkg/mod/k8s.io/apiserver@v0.32.1/pkg/registry/generic/registry/store.go:1666 +0x2f9

goroutine 52863 [sync.Cond.Wait]:
sync.runtime_notifyListWait(0xc0301d0dd0, 0x1b)
	/usr/lib/go/src/runtime/sema.go:597 +0x159
sync.(*Cond).Wait(0x0?)
	/usr/lib/go/src/sync/cond.go:71 +0x85
github.com/centrifugal/centrifuge/internal/dissolve.(*queueImpl).Wait(0xc030230380)
	/home/mariell/go/pkg/mod/github.com/centrifugal/centrifuge@v0.33.3/internal/dissolve/queue.go:139 +0x4a
github.com/centrifugal/centrifuge/internal/dissolve.(*Dissolver).runWorker(0xc008ba75c0)
	/home/mariell/go/pkg/mod/github.com/centrifugal/centrifuge@v0.33.3/internal/dissolve/dissolve.go:52 +0x27
created by github.com/centrifugal/centrifuge/internal/dissolve.(*Dissolver).Run in goroutine 51765
	/home/mariell/go/pkg/mod/github.com/centrifugal/centrifuge@v0.33.3/internal/dissolve/dissolve.go:31 +0x25

goroutine 52877 [sync.Cond.Wait]:
sync.runtime_notifyListWait(0xc0301d0dd0, 0x29)
	/usr/lib/go/src/runtime/sema.go:597 +0x159
sync.(*Cond).Wait(0x0?)
	/usr/lib/go/src/sync/cond.go:71 +0x85
github.com/centrifugal/centrifuge/internal/dissolve.(*queueImpl).Wait(0xc030230380)
	/home/mariell/go/pkg/mod/github.com/centrifugal/centrifuge@v0.33.3/internal/dissolve/queue.go:139 +0x4a
github.com/centrifugal/centrifuge/internal/dissolve.(*Dissolver).runWorker(0xc008ba75c0)
	/home/mariell/go/pkg/mod/github.com/centrifugal/centrifuge@v0.33.3/internal/dissolve/dissolve.go:52 +0x27
created by github.com/centrifugal/centrifuge/internal/dissolve.(*Dissolver).Run in goroutine 51765
	/home/mariell/go/pkg/mod/github.com/centrifugal/centrifuge@v0.33.3/internal/dissolve/dissolve.go:31 +0x25

goroutine 52861 [sync.Cond.Wait]:
sync.runtime_notifyListWait(0xc0301d0dd0, 0x19)
	/usr/lib/go/src/runtime/sema.go:597 +0x159
sync.(*Cond).Wait(0x0?)
	/usr/lib/go/src/sync/cond.go:71 +0x85
github.com/centrifugal/centrifuge/internal/dissolve.(*queueImpl).Wait(0xc030230380)
	/home/mariell/go/pkg/mod/github.com/centrifugal/centrifuge@v0.33.3/internal/dissolve/queue.go:139 +0x4a
github.com/centrifugal/centrifuge/internal/dissolve.(*Dissolver).runWorker(0xc008ba75c0)
	/home/mariell/go/pkg/mod/github.com/centrifugal/centrifuge@v0.33.3/internal/dissolve/dissolve.go:52 +0x27
created by github.com/centrifugal/centrifuge/internal/dissolve.(*Dissolver).Run in goroutine 51765
	/home/mariell/go/pkg/mod/github.com/centrifugal/centrifuge@v0.33.3/internal/dissolve/dissolve.go:31 +0x25

goroutine 54752 [select]:
github.com/grafana/grafana/pkg/storage/unified/resource.(*cache[...]).run(0xc02fb9dc20)
	/home/mariell/work/oss/grafana/pkg/storage/unified/resource/broadcaster.go:291 +0xb0
created by github.com/grafana/grafana/pkg/storage/unified/resource.newChannelCache[...] in goroutine 51745
	/home/mariell/work/oss/grafana/pkg/storage/unified/resource/broadcaster.go:276 +0x189

goroutine 75286 [chan receive]:
net/http.(*persistConn).addTLS(0xc017d3afc0, {0xa9d1d00, 0xc04225f5e0}, {0xc04225b360, 0xb}, 0x0)
	/usr/lib/go/src/net/http/transport.go:1709 +0x327
net/http.(*Transport).dialConn(0xc021ef2b60, {0xa9d1d00, 0xc04225f5e0}, {{}, 0x0, {0xc0203a39f0, 0x5}, {0xc04225b360, 0xf}, 0x0})
	/usr/lib/go/src/net/http/transport.go:1790 +0x99c
net/http.(*Transport).dialConnFor(0xc021ef2b60, 0xc02339c9a0)
	/usr/lib/go/src/net/http/transport.go:1615 +0xb8
net/http.(*Transport).startDialConnForLocked.func1()
	/usr/lib/go/src/net/http/transport.go:1597 +0x35
created by net/http.(*Transport).startDialConnForLocked in goroutine 75581
	/usr/lib/go/src/net/http/transport.go:1596 +0x112

goroutine 73847 [select]:
github.com/patrickmn/go-cache.(*janitor).Run(0xc040a6fec0, 0xc02177b540)
	/home/mariell/go/pkg/mod/github.com/patrickmn/go-cache@v2.1.0+incompatible/cache.go:1079 +0x7b
created by github.com/patrickmn/go-cache.runJanitor in goroutine 22316
	/home/mariell/go/pkg/mod/github.com/patrickmn/go-cache@v2.1.0+incompatible/cache.go:1099 +0xdb

goroutine 52892 [sync.Cond.Wait]:
sync.runtime_notifyListWait(0xc0301d0dd0, 0x38)
	/usr/lib/go/src/runtime/sema.go:597 +0x159
sync.(*Cond).Wait(0x0?)
	/usr/lib/go/src/sync/cond.go:71 +0x85
github.com/centrifugal/centrifuge/internal/dissolve.(*queueImpl).Wait(0xc030230380)
	/home/mariell/go/pkg/mod/github.com/centrifugal/centrifuge@v0.33.3/internal/dissolve/queue.go:139 +0x4a
github.com/centrifugal/centrifuge/internal/dissolve.(*Dissolver).runWorker(0xc008ba75c0)
	/home/mariell/go/pkg/mod/github.com/centrifugal/centrifuge@v0.33.3/internal/dissolve/dissolve.go:52 +0x27
created by github.com/centrifugal/centrifuge/internal/dissolve.(*Dissolver).Run in goroutine 51765
	/home/mariell/go/pkg/mod/github.com/centrifugal/centrifuge@v0.33.3/internal/dissolve/dissolve.go:31 +0x25

goroutine 53121 [select]:
net/http.(*persistConn).writeLoop(0xc02a3c6360)
	/usr/lib/go/src/net/http/transport.go:2590 +0xe7
created by net/http.(*Transport).dialConn in goroutine 51966
	/usr/lib/go/src/net/http/transport.go:1945 +0x17a5

goroutine 54669 [select]:
k8s.io/apimachinery/pkg/util/wait.BackoffUntil(0xc03093d180, {0xa95ac00, 0xc029791440}, 0x1, 0xc0299e5260)
	/home/mariell/go/pkg/mod/k8s.io/apimachinery@v0.32.1/pkg/util/wait/backoff.go:238 +0x12c
k8s.io/apimachinery/pkg/util/wait.JitterUntil(0xc03093d180, 0x3b9aca00, 0x3ff3333333333333, 0x1, 0xc0299e5260)
	/home/mariell/go/pkg/mod/k8s.io/apimachinery@v0.32.1/pkg/util/wait/backoff.go:204 +0x7f
created by k8s.io/apiserver/pkg/registry/generic/registry.(*Store).startObservingCount in goroutine 56256
	/home/mariell/go/pkg/mod/k8s.io/apiserver@v0.32.1/pkg/registry/generic/registry/store.go:1666 +0x2f9

goroutine 51959 [select]:
go.opentelemetry.io/otel/sdk/trace.(*batchSpanProcessor).processQueue(0xc0252b6460)
	/home/mariell/go/pkg/mod/go.opentelemetry.io/otel/sdk@v1.34.0/trace/batch_span_processor.go:302 +0x114
go.opentelemetry.io/otel/sdk/trace.NewBatchSpanProcessor.func1()
	/home/mariell/go/pkg/mod/go.opentelemetry.io/otel/sdk@v1.34.0/trace/batch_span_processor.go:117 +0x4e
created by go.opentelemetry.io/otel/sdk/trace.NewBatchSpanProcessor in goroutine 51765
	/home/mariell/go/pkg/mod/go.opentelemetry.io/otel/sdk@v1.34.0/trace/batch_span_processor.go:115 +0x2d9

goroutine 52873 [sync.Cond.Wait]:
sync.runtime_notifyListWait(0xc0301d0dd0, 0x25)
	/usr/lib/go/src/runtime/sema.go:597 +0x159
sync.(*Cond).Wait(0x0?)
	/usr/lib/go/src/sync/cond.go:71 +0x85
github.com/centrifugal/centrifuge/internal/dissolve.(*queueImpl).Wait(0xc030230380)
	/home/mariell/go/pkg/mod/github.com/centrifugal/centrifuge@v0.33.3/internal/dissolve/queue.go:139 +0x4a
github.com/centrifugal/centrifuge/internal/dissolve.(*Dissolver).runWorker(0xc008ba75c0)
	/home/mariell/go/pkg/mod/github.com/centrifugal/centrifuge@v0.33.3/internal/dissolve/dissolve.go:52 +0x27
created by github.com/centrifugal/centrifuge/internal/dissolve.(*Dissolver).Run in goroutine 51765
	/home/mariell/go/pkg/mod/github.com/centrifugal/centrifuge@v0.33.3/internal/dissolve/dissolve.go:31 +0x25

goroutine 78050 [runnable]:
github.com/centrifugal/centrifuge/internal/dissolve.(*Dissolver).Run.gowrap1()
	/home/mariell/go/pkg/mod/github.com/centrifugal/centrifuge@v0.33.3/internal/dissolve/dissolve.go:31
runtime.goexit({})
	/usr/lib/go/src/runtime/asm_amd64.s:1700 +0x1
created by github.com/centrifugal/centrifuge/internal/dissolve.(*Dissolver).Run in goroutine 3350
	/home/mariell/go/pkg/mod/github.com/centrifugal/centrifuge@v0.33.3/internal/dissolve/dissolve.go:31 +0x25

goroutine 77346 [sync.Cond.Wait]:
sync.runtime_notifyListWait(0xc045ae3d50, 0x1c)
	/usr/lib/go/src/runtime/sema.go:597 +0x159
sync.(*Cond).Wait(0x0?)
	/usr/lib/go/src/sync/cond.go:71 +0x85
github.com/centrifugal/centrifuge/internal/dissolve.(*queueImpl).Wait(0xc045afb420)
	/home/mariell/go/pkg/mod/github.com/centrifugal/centrifuge@v0.33.3/internal/dissolve/queue.go:139 +0x4a
github.com/centrifugal/centrifuge/internal/dissolve.(*Dissolver).runWorker(0xc034b3a078)
	/home/mariell/go/pkg/mod/github.com/centrifugal/centrifuge@v0.33.3/internal/dissolve/dissolve.go:52 +0x27
created by github.com/centrifugal/centrifuge/internal/dissolve.(*Dissolver).Run in goroutine 4437
	/home/mariell/go/pkg/mod/github.com/centrifugal/centrifuge@v0.33.3/internal/dissolve/dissolve.go:31 +0x25

goroutine 51613 [IO wait]:
internal/poll.runtime_pollWait(0x777550501658, 0x72)
	/usr/lib/go/src/runtime/netpoll.go:351 +0x85
internal/poll.(*pollDesc).wait(0xc023723500?, 0xc029b83900?, 0x0)
	/usr/lib/go/src/internal/poll/fd_poll_runtime.go:84 +0x27
internal/poll.(*pollDesc).waitRead(...)
	/usr/lib/go/src/internal/poll/fd_poll_runtime.go:89
internal/poll.(*FD).Read(0xc023723500, {0xc029b83900, 0x1300, 0x1300})
	/usr/lib/go/src/internal/poll/fd_unix.go:165 +0x27a
net.(*netFD).Read(0xc023723500, {0xc029b83900?, 0x0?, 0x0?})
	/usr/lib/go/src/net/fd_posix.go:55 +0x25
net.(*conn).Read(0xc004b2a038, {0xc029b83900?, 0x77755030ee30?, 0x7775a8b3f718?})
	/usr/lib/go/src/net/net.go:194 +0x45
crypto/tls.(*atLeastReader).Read(0xc024430498, {0xc029b83900?, 0x0?, 0x0?})
	/usr/lib/go/src/crypto/tls/conn.go:809 +0x3b
bytes.(*Buffer).ReadFrom(0xc0238469b8, {0xa94e300, 0xc024430498})
	/usr/lib/go/src/bytes/buffer.go:211 +0x98
crypto/tls.(*Conn).readFromUntil(0xc023846708, {0xa94dc00, 0xc004b2a038}, 0x444af4?)
	/usr/lib/go/src/crypto/tls/conn.go:831 +0xde
crypto/tls.(*Conn).readRecordOrCCS(0xc023846708, 0x0)
	/usr/lib/go/src/crypto/tls/conn.go:629 +0x3cf
crypto/tls.(*Conn).readRecord(...)
	/usr/lib/go/src/crypto/tls/conn.go:591
crypto/tls.(*Conn).Read(0xc023846708, {0xc02386f000, 0x1000, 0x7775a8b3f718?})
	/usr/lib/go/src/crypto/tls/conn.go:1385 +0x145
net/http.(*persistConn).Read(0xc0257fc6c0, {0xc02386f000?, 0x4141c5?, 0x68?})
	/usr/lib/go/src/net/http/transport.go:2122 +0x47
bufio.(*Reader).fill(0xc02386a900)
	/usr/lib/go/src/bufio/bufio.go:113 +0x103
bufio.(*Reader).Peek(0xc02386a900, 0x1)
	/usr/lib/go/src/bufio/bufio.go:152 +0x53
net/http.(*persistConn).readLoop(0xc0257fc6c0)
	/usr/lib/go/src/net/http/transport.go:2275 +0x172
created by net/http.(*Transport).dialConn in goroutine 51705
	/usr/lib/go/src/net/http/transport.go:1944 +0x174f

goroutine 54603 [select]:
k8s.io/apimachinery/pkg/util/wait.BackoffUntil(0xc0250cbb00, {0xa95ac00, 0xc01440b1a0}, 0x1, 0xc0053911f0)
	/home/mariell/go/pkg/mod/k8s.io/apimachinery@v0.32.1/pkg/util/wait/backoff.go:238 +0x12c
k8s.io/apimachinery/pkg/util/wait.JitterUntil(0xc0250cbb00, 0x3b9aca00, 0x3ff3333333333333, 0x1, 0xc0053911f0)
	/home/mariell/go/pkg/mod/k8s.io/apimachinery@v0.32.1/pkg/util/wait/backoff.go:204 +0x7f
created by k8s.io/apiserver/pkg/registry/generic/registry.(*Store).startObservingCount in goroutine 54599
	/home/mariell/go/pkg/mod/k8s.io/apiserver@v0.32.1/pkg/registry/generic/registry/store.go:1666 +0x2f9

goroutine 52894 [sync.Cond.Wait]:
sync.runtime_notifyListWait(0xc0301d0dd0, 0x3a)
	/usr/lib/go/src/runtime/sema.go:597 +0x159
sync.(*Cond).Wait(0x0?)
	/usr/lib/go/src/sync/cond.go:71 +0x85
github.com/centrifugal/centrifuge/internal/dissolve.(*queueImpl).Wait(0xc030230380)
	/home/mariell/go/pkg/mod/github.com/centrifugal/centrifuge@v0.33.3/internal/dissolve/queue.go:139 +0x4a
github.com/centrifugal/centrifuge/internal/dissolve.(*Dissolver).runWorker(0xc008ba75c0)
	/home/mariell/go/pkg/mod/github.com/centrifugal/centrifuge@v0.33.3/internal/dissolve/dissolve.go:52 +0x27
created by github.com/centrifugal/centrifuge/internal/dissolve.(*Dissolver).Run in goroutine 51765
	/home/mariell/go/pkg/mod/github.com/centrifugal/centrifuge@v0.33.3/internal/dissolve/dissolve.go:31 +0x25

goroutine 52872 [sync.Cond.Wait]:
sync.runtime_notifyListWait(0xc0301d0dd0, 0x24)
	/usr/lib/go/src/runtime/sema.go:597 +0x159
sync.(*Cond).Wait(0x0?)
	/usr/lib/go/src/sync/cond.go:71 +0x85
github.com/centrifugal/centrifuge/internal/dissolve.(*queueImpl).Wait(0xc030230380)
	/home/mariell/go/pkg/mod/github.com/centrifugal/centrifuge@v0.33.3/internal/dissolve/queue.go:139 +0x4a
github.com/centrifugal/centrifuge/internal/dissolve.(*Dissolver).runWorker(0xc008ba75c0)
	/home/mariell/go/pkg/mod/github.com/centrifugal/centrifuge@v0.33.3/internal/dissolve/dissolve.go:52 +0x27
created by github.com/centrifugal/centrifuge/internal/dissolve.(*Dissolver).Run in goroutine 51765
	/home/mariell/go/pkg/mod/github.com/centrifugal/centrifuge@v0.33.3/internal/dissolve/dissolve.go:31 +0x25

goroutine 54772 [select]:
k8s.io/apimachinery/pkg/util/wait.BackoffUntil(0xc01b96b500, {0xa95ac00, 0xc02b8afbf0}, 0x1, 0xc024aa92d0)
	/home/mariell/go/pkg/mod/k8s.io/apimachinery@v0.32.1/pkg/util/wait/backoff.go:238 +0x12c
k8s.io/apimachinery/pkg/util/wait.JitterUntil(0xc01b96b500, 0x3b9aca00, 0x3ff3333333333333, 0x1, 0xc024aa92d0)
	/home/mariell/go/pkg/mod/k8s.io/apimachinery@v0.32.1/pkg/util/wait/backoff.go:204 +0x7f
created by k8s.io/apiserver/pkg/registry/generic/registry.(*Store).startObservingCount in goroutine 51745
	/home/mariell/go/pkg/mod/k8s.io/apiserver@v0.32.1/pkg/registry/generic/registry/store.go:1666 +0x2f9

goroutine 58912 [sync.Cond.Wait]:
sync.runtime_notifyListWait(0xc01f861010, 0x2a)
	/usr/lib/go/src/runtime/sema.go:597 +0x159
sync.(*Cond).Wait(0x0?)
	/usr/lib/go/src/sync/cond.go:71 +0x85
github.com/centrifugal/centrifuge/internal/dissolve.(*queueImpl).Wait(0xc01921b6c0)
	/home/mariell/go/pkg/mod/github.com/centrifugal/centrifuge@v0.33.3/internal/dissolve/queue.go:139 +0x4a
github.com/centrifugal/centrifuge/internal/dissolve.(*Dissolver).runWorker(0xc0243b2a20)
	/home/mariell/go/pkg/mod/github.com/centrifugal/centrifuge@v0.33.3/internal/dissolve/dissolve.go:52 +0x27
created by github.com/centrifugal/centrifuge/internal/dissolve.(*Dissolver).Run in goroutine 57831
	/home/mariell/go/pkg/mod/github.com/centrifugal/centrifuge@v0.33.3/internal/dissolve/dissolve.go:31 +0x25

goroutine 52860 [sync.Cond.Wait]:
sync.runtime_notifyListWait(0xc0301d0dd0, 0x18)
	/usr/lib/go/src/runtime/sema.go:597 +0x159
sync.(*Cond).Wait(0x823435?)
	/usr/lib/go/src/sync/cond.go:71 +0x85
github.com/centrifugal/centrifuge/internal/dissolve.(*queueImpl).Wait(0xc030230380)
	/home/mariell/go/pkg/mod/github.com/centrifugal/centrifuge@v0.33.3/internal/dissolve/queue.go:139 +0x4a
github.com/centrifugal/centrifuge/internal/dissolve.(*Dissolver).runWorker(0xc008ba75c0)
	/home/mariell/go/pkg/mod/github.com/centrifugal/centrifuge@v0.33.3/internal/dissolve/dissolve.go:52 +0x27
created by github.com/centrifugal/centrifuge/internal/dissolve.(*Dissolver).Run in goroutine 51765
	/home/mariell/go/pkg/mod/github.com/centrifugal/centrifuge@v0.33.3/internal/dissolve/dissolve.go:31 +0x25

goroutine 52893 [sync.Cond.Wait]:
sync.runtime_notifyListWait(0xc0301d0dd0, 0x39)
	/usr/lib/go/src/runtime/sema.go:597 +0x159
sync.(*Cond).Wait(0x0?)
	/usr/lib/go/src/sync/cond.go:71 +0x85
github.com/centrifugal/centrifuge/internal/dissolve.(*queueImpl).Wait(0xc030230380)
	/home/mariell/go/pkg/mod/github.com/centrifugal/centrifuge@v0.33.3/internal/dissolve/queue.go:139 +0x4a
github.com/centrifugal/centrifuge/internal/dissolve.(*Dissolver).runWorker(0xc008ba75c0)
	/home/mariell/go/pkg/mod/github.com/centrifugal/centrifuge@v0.33.3/internal/dissolve/dissolve.go:52 +0x27
created by github.com/centrifugal/centrifuge/internal/dissolve.(*Dissolver).Run in goroutine 51765
	/home/mariell/go/pkg/mod/github.com/centrifugal/centrifuge@v0.33.3/internal/dissolve/dissolve.go:31 +0x25

goroutine 52866 [sync.Cond.Wait]:
sync.runtime_notifyListWait(0xc0301d0dd0, 0x1e)
	/usr/lib/go/src/runtime/sema.go:597 +0x159
sync.(*Cond).Wait(0x0?)
	/usr/lib/go/src/sync/cond.go:71 +0x85
github.com/centrifugal/centrifuge/internal/dissolve.(*queueImpl).Wait(0xc030230380)
	/home/mariell/go/pkg/mod/github.com/centrifugal/centrifuge@v0.33.3/internal/dissolve/queue.go:139 +0x4a
github.com/centrifugal/centrifuge/internal/dissolve.(*Dissolver).runWorker(0xc008ba75c0)
	/home/mariell/go/pkg/mod/github.com/centrifugal/centrifuge@v0.33.3/internal/dissolve/dissolve.go:52 +0x27
created by github.com/centrifugal/centrifuge/internal/dissolve.(*Dissolver).Run in goroutine 51765
	/home/mariell/go/pkg/mod/github.com/centrifugal/centrifuge@v0.33.3/internal/dissolve/dissolve.go:31 +0x25

goroutine 52862 [sync.Cond.Wait]:
sync.runtime_notifyListWait(0xc0301d0dd0, 0x1a)
	/usr/lib/go/src/runtime/sema.go:597 +0x159
sync.(*Cond).Wait(0x0?)
	/usr/lib/go/src/sync/cond.go:71 +0x85
github.com/centrifugal/centrifuge/internal/dissolve.(*queueImpl).Wait(0xc030230380)
	/home/mariell/go/pkg/mod/github.com/centrifugal/centrifuge@v0.33.3/internal/dissolve/queue.go:139 +0x4a
github.com/centrifugal/centrifuge/internal/dissolve.(*Dissolver).runWorker(0xc008ba75c0)
	/home/mariell/go/pkg/mod/github.com/centrifugal/centrifuge@v0.33.3/internal/dissolve/dissolve.go:52 +0x27
created by github.com/centrifugal/centrifuge/internal/dissolve.(*Dissolver).Run in goroutine 51765
	/home/mariell/go/pkg/mod/github.com/centrifugal/centrifuge@v0.33.3/internal/dissolve/dissolve.go:31 +0x25

goroutine 52867 [sync.Cond.Wait]:
sync.runtime_notifyListWait(0xc0301d0dd0, 0x1f)
	/usr/lib/go/src/runtime/sema.go:597 +0x159
sync.(*Cond).Wait(0x0?)
	/usr/lib/go/src/sync/cond.go:71 +0x85
github.com/centrifugal/centrifuge/internal/dissolve.(*queueImpl).Wait(0xc030230380)
	/home/mariell/go/pkg/mod/github.com/centrifugal/centrifuge@v0.33.3/internal/dissolve/queue.go:139 +0x4a
github.com/centrifugal/centrifuge/internal/dissolve.(*Dissolver).runWorker(0xc008ba75c0)
	/home/mariell/go/pkg/mod/github.com/centrifugal/centrifuge@v0.33.3/internal/dissolve/dissolve.go:52 +0x27
created by github.com/centrifugal/centrifuge/internal/dissolve.(*Dissolver).Run in goroutine 51765
	/home/mariell/go/pkg/mod/github.com/centrifugal/centrifuge@v0.33.3/internal/dissolve/dissolve.go:31 +0x25

goroutine 52865 [sync.Cond.Wait]:
sync.runtime_notifyListWait(0xc0301d0dd0, 0x1d)
	/usr/lib/go/src/runtime/sema.go:597 +0x159
sync.(*Cond).Wait(0x0?)
	/usr/lib/go/src/sync/cond.go:71 +0x85
github.com/centrifugal/centrifuge/internal/dissolve.(*queueImpl).Wait(0xc030230380)
	/home/mariell/go/pkg/mod/github.com/centrifugal/centrifuge@v0.33.3/internal/dissolve/queue.go:139 +0x4a
github.com/centrifugal/centrifuge/internal/dissolve.(*Dissolver).runWorker(0xc008ba75c0)
	/home/mariell/go/pkg/mod/github.com/centrifugal/centrifuge@v0.33.3/internal/dissolve/dissolve.go:52 +0x27
created by github.com/centrifugal/centrifuge/internal/dissolve.(*Dissolver).Run in goroutine 51765
	/home/mariell/go/pkg/mod/github.com/centrifugal/centrifuge@v0.33.3/internal/dissolve/dissolve.go:31 +0x25

goroutine 52895 [sync.Cond.Wait]:
sync.runtime_notifyListWait(0xc0301d0dd0, 0x3b)
	/usr/lib/go/src/runtime/sema.go:597 +0x159
sync.(*Cond).Wait(0x0?)
	/usr/lib/go/src/sync/cond.go:71 +0x85
github.com/centrifugal/centrifuge/internal/dissolve.(*queueImpl).Wait(0xc030230380)
	/home/mariell/go/pkg/mod/github.com/centrifugal/centrifuge@v0.33.3/internal/dissolve/queue.go:139 +0x4a
github.com/centrifugal/centrifuge/internal/dissolve.(*Dissolver).runWorker(0xc008ba75c0)
	/home/mariell/go/pkg/mod/github.com/centrifugal/centrifuge@v0.33.3/internal/dissolve/dissolve.go:52 +0x27
created by github.com/centrifugal/centrifuge/internal/dissolve.(*Dissolver).Run in goroutine 51765
	/home/mariell/go/pkg/mod/github.com/centrifugal/centrifuge@v0.33.3/internal/dissolve/dissolve.go:31 +0x25

goroutine 52896 [sync.Cond.Wait]:
sync.runtime_notifyListWait(0xc0301d0dd0, 0x3c)
	/usr/lib/go/src/runtime/sema.go:597 +0x159
sync.(*Cond).Wait(0x0?)
	/usr/lib/go/src/sync/cond.go:71 +0x85
github.com/centrifugal/centrifuge/internal/dissolve.(*queueImpl).Wait(0xc030230380)
	/home/mariell/go/pkg/mod/github.com/centrifugal/centrifuge@v0.33.3/internal/dissolve/queue.go:139 +0x4a
github.com/centrifugal/centrifuge/internal/dissolve.(*Dissolver).runWorker(0xc008ba75c0)
	/home/mariell/go/pkg/mod/github.com/centrifugal/centrifuge@v0.33.3/internal/dissolve/dissolve.go:52 +0x27
created by github.com/centrifugal/centrifuge/internal/dissolve.(*Dissolver).Run in goroutine 51765
	/home/mariell/go/pkg/mod/github.com/centrifugal/centrifuge@v0.33.3/internal/dissolve/dissolve.go:31 +0x25

goroutine 52897 [sync.Cond.Wait]:
sync.runtime_notifyListWait(0xc0301d0dd0, 0x3d)
	/usr/lib/go/src/runtime/sema.go:597 +0x159
sync.(*Cond).Wait(0x0?)
	/usr/lib/go/src/sync/cond.go:71 +0x85
github.com/centrifugal/centrifuge/internal/dissolve.(*queueImpl).Wait(0xc030230380)
	/home/mariell/go/pkg/mod/github.com/centrifugal/centrifuge@v0.33.3/internal/dissolve/queue.go:139 +0x4a
github.com/centrifugal/centrifuge/internal/dissolve.(*Dissolver).runWorker(0xc008ba75c0)
	/home/mariell/go/pkg/mod/github.com/centrifugal/centrifuge@v0.33.3/internal/dissolve/dissolve.go:52 +0x27
created by github.com/centrifugal/centrifuge/internal/dissolve.(*Dissolver).Run in goroutine 51765
	/home/mariell/go/pkg/mod/github.com/centrifugal/centrifuge@v0.33.3/internal/dissolve/dissolve.go:31 +0x25

goroutine 52898 [sync.Cond.Wait]:
sync.runtime_notifyListWait(0xc0301d0dd0, 0x3e)
	/usr/lib/go/src/runtime/sema.go:597 +0x159
sync.(*Cond).Wait(0x0?)
	/usr/lib/go/src/sync/cond.go:71 +0x85
github.com/centrifugal/centrifuge/internal/dissolve.(*queueImpl).Wait(0xc030230380)
	/home/mariell/go/pkg/mod/github.com/centrifugal/centrifuge@v0.33.3/internal/dissolve/queue.go:139 +0x4a
github.com/centrifugal/centrifuge/internal/dissolve.(*Dissolver).runWorker(0xc008ba75c0)
	/home/mariell/go/pkg/mod/github.com/centrifugal/centrifuge@v0.33.3/internal/dissolve/dissolve.go:52 +0x27
created by github.com/centrifugal/centrifuge/internal/dissolve.(*Dissolver).Run in goroutine 51765
	/home/mariell/go/pkg/mod/github.com/centrifugal/centrifuge@v0.33.3/internal/dissolve/dissolve.go:31 +0x25

goroutine 52899 [sync.Cond.Wait]:
sync.runtime_notifyListWait(0xc0301d0dd0, 0x3f)
	/usr/lib/go/src/runtime/sema.go:597 +0x159
sync.(*Cond).Wait(0x0?)
	/usr/lib/go/src/sync/cond.go:71 +0x85
github.com/centrifugal/centrifuge/internal/dissolve.(*queueImpl).Wait(0xc030230380)
	/home/mariell/go/pkg/mod/github.com/centrifugal/centrifuge@v0.33.3/internal/dissolve/queue.go:139 +0x4a
github.com/centrifugal/centrifuge/internal/dissolve.(*Dissolver).runWorker(0xc008ba75c0)
	/home/mariell/go/pkg/mod/github.com/centrifugal/centrifuge@v0.33.3/internal/dissolve/dissolve.go:52 +0x27
created by github.com/centrifugal/centrifuge/internal/dissolve.(*Dissolver).Run in goroutine 51765
	/home/mariell/go/pkg/mod/github.com/centrifugal/centrifuge@v0.33.3/internal/dissolve/dissolve.go:31 +0x25

goroutine 52900 [sync.Cond.Wait]:
sync.runtime_notifyListWait(0xc0301d0dd0, 0x36)
	/usr/lib/go/src/runtime/sema.go:597 +0x159
sync.(*Cond).Wait(0x0?)
	/usr/lib/go/src/sync/cond.go:71 +0x85
github.com/centrifugal/centrifuge/internal/dissolve.(*queueImpl).Wait(0xc030230380)
	/home/mariell/go/pkg/mod/github.com/centrifugal/centrifuge@v0.33.3/internal/dissolve/queue.go:139 +0x4a
github.com/centrifugal/centrifuge/internal/dissolve.(*Dissolver).runWorker(0xc008ba75c0)
	/home/mariell/go/pkg/mod/github.com/centrifugal/centrifuge@v0.33.3/internal/dissolve/dissolve.go:52 +0x27
created by github.com/centrifugal/centrifuge/internal/dissolve.(*Dissolver).Run in goroutine 51765
	/home/mariell/go/pkg/mod/github.com/centrifugal/centrifuge@v0.33.3/internal/dissolve/dissolve.go:31 +0x25

goroutine 56143 [select]:
github.com/prometheus/client_golang/prometheus.(*Registry).Gather(0x11a71080)
	/home/mariell/go/pkg/mod/github.com/prometheus/client_golang@v1.20.5/prometheus/registry.go:523 +0x9ed
github.com/FZambia/eagle.(*Eagle).Export(0xc048bb7340)
	/home/mariell/go/pkg/mod/github.com/!f!zambia/eagle@v0.1.0/eagle.go:363 +0x4e
github.com/centrifugal/centrifuge.(*Node).initMetrics(0xc01f8258c8)
	/home/mariell/go/pkg/mod/github.com/centrifugal/centrifuge@v0.33.3/node.go:356 +0xe9
github.com/centrifugal/centrifuge.(*Node).Run(0xc01f8258c8)
	/home/mariell/go/pkg/mod/github.com/centrifugal/centrifuge@v0.33.3/node.go:250 +0x53
github.com/grafana/grafana/pkg/services/live.ProvideService(0xc0472ebb00, 0xc02813e008, {0xaaa08e0, 0xc00ffa8000}, {0xa97b460, 0xc007839100}, {0xaaa0b50, 0xc047a962a0}, 0xc0412780b8, {0xa97b4b0, ...}, ...)
	/home/mariell/work/oss/grafana/pkg/services/live/live.go:259 +0x1145
github.com/grafana/grafana/pkg/server.InitializeForTest({0xa9e3920, 0xc00c48e380}, 0xc02813e008, {{0xc001d9ed90, 0x69}, {0x0, 0x0}, {0x0, 0x0}, {0x0, ...}, ...}, ...)
	/home/mariell/work/oss/grafana/pkg/server/wire_gen.go:1040 +0x5499
github.com/grafana/grafana/pkg/tests/testinfra.StartGrafanaEnv(0xc00c48e380, {0xc001d9ed90, 0x69}, {0xc02bc3de00, 0x77})
	/home/mariell/work/oss/grafana/pkg/tests/testinfra/testinfra.go:83 +0x565
github.com/grafana/grafana/pkg/tests/api/alerting.TestIntegrationTestReceivers.func3(0xc00c48e380)
	/home/mariell/work/oss/grafana/pkg/tests/api/alerting/api_notification_channel_test.go:173 +0x7e
testing.tRunner(0xc00c48e380, 0x9e55da8)
	/usr/lib/go/src/testing/testing.go:1792 +0xf4
created by testing.(*T).Run in goroutine 13126
	/usr/lib/go/src/testing/testing.go:1851 +0x413

goroutine 58888 [sync.Cond.Wait]:
sync.runtime_notifyListWait(0xc01f861010, 0xd)
	/usr/lib/go/src/runtime/sema.go:597 +0x159
sync.(*Cond).Wait(0x0?)
	/usr/lib/go/src/sync/cond.go:71 +0x85
github.com/centrifugal/centrifuge/internal/dissolve.(*queueImpl).Wait(0xc01921b6c0)
	/home/mariell/go/pkg/mod/github.com/centrifugal/centrifuge@v0.33.3/internal/dissolve/queue.go:139 +0x4a
github.com/centrifugal/centrifuge/internal/dissolve.(*Dissolver).runWorker(0xc0243b2a20)
	/home/mariell/go/pkg/mod/github.com/centrifugal/centrifuge@v0.33.3/internal/dissolve/dissolve.go:52 +0x27
created by github.com/centrifugal/centrifuge/internal/dissolve.(*Dissolver).Run in goroutine 57831
	/home/mariell/go/pkg/mod/github.com/centrifugal/centrifuge@v0.33.3/internal/dissolve/dissolve.go:31 +0x25

goroutine 77839 [runnable]:
github.com/centrifugal/centrifuge/internal/dissolve.(*Dissolver).Run.gowrap1()
	/home/mariell/go/pkg/mod/github.com/centrifugal/centrifuge@v0.33.3/internal/dissolve/dissolve.go:31
runtime.goexit({})
	/usr/lib/go/src/runtime/asm_amd64.s:1700 +0x1
created by github.com/centrifugal/centrifuge/internal/dissolve.(*Dissolver).Run in goroutine 3350
	/home/mariell/go/pkg/mod/github.com/centrifugal/centrifuge@v0.33.3/internal/dissolve/dissolve.go:31 +0x25

goroutine 58897 [sync.Cond.Wait]:
sync.runtime_notifyListWait(0xc01f861010, 0x19)
	/usr/lib/go/src/runtime/sema.go:597 +0x159
sync.(*Cond).Wait(0x0?)
	/usr/lib/go/src/sync/cond.go:71 +0x85
github.com/centrifugal/centrifuge/internal/dissolve.(*queueImpl).Wait(0xc01921b6c0)
	/home/mariell/go/pkg/mod/github.com/centrifugal/centrifuge@v0.33.3/internal/dissolve/queue.go:139 +0x4a
github.com/centrifugal/centrifuge/internal/dissolve.(*Dissolver).runWorker(0xc0243b2a20)
	/home/mariell/go/pkg/mod/github.com/centrifugal/centrifuge@v0.33.3/internal/dissolve/dissolve.go:52 +0x27
created by github.com/centrifugal/centrifuge/internal/dissolve.(*Dissolver).Run in goroutine 57831
	/home/mariell/go/pkg/mod/github.com/centrifugal/centrifuge@v0.33.3/internal/dissolve/dissolve.go:31 +0x25

goroutine 52957 [select]:
github.com/patrickmn/go-cache.(*janitor).Run(0xc0305f1700, 0xc0305ed040)
	/home/mariell/go/pkg/mod/github.com/patrickmn/go-cache@v2.1.0+incompatible/cache.go:1079 +0x7b
created by github.com/patrickmn/go-cache.runJanitor in goroutine 51765
	/home/mariell/go/pkg/mod/github.com/patrickmn/go-cache@v2.1.0+incompatible/cache.go:1099 +0xdb

goroutine 52963 [select]:
github.com/patrickmn/go-cache.(*janitor).Run(0xc030645980, 0xc030653080)
	/home/mariell/go/pkg/mod/github.com/patrickmn/go-cache@v2.1.0+incompatible/cache.go:1079 +0x7b
created by github.com/patrickmn/go-cache.runJanitor in goroutine 51765
	/home/mariell/go/pkg/mod/github.com/patrickmn/go-cache@v2.1.0+incompatible/cache.go:1099 +0xdb

goroutine 52964 [select]:
github.com/patrickmn/go-cache.(*janitor).Run(0xc030645aa0, 0xc030653140)
	/home/mariell/go/pkg/mod/github.com/patrickmn/go-cache@v2.1.0+incompatible/cache.go:1079 +0x7b
created by github.com/patrickmn/go-cache.runJanitor in goroutine 51765
	/home/mariell/go/pkg/mod/github.com/patrickmn/go-cache@v2.1.0+incompatible/cache.go:1099 +0xdb

goroutine 52965 [select]:
github.com/patrickmn/go-cache.(*janitor).Run(0xc030645ab0, 0xc030653180)
	/home/mariell/go/pkg/mod/github.com/patrickmn/go-cache@v2.1.0+incompatible/cache.go:1079 +0x7b
created by github.com/patrickmn/go-cache.runJanitor in goroutine 51765
	/home/mariell/go/pkg/mod/github.com/patrickmn/go-cache@v2.1.0+incompatible/cache.go:1099 +0xdb

goroutine 53043 [select]:
github.com/patrickmn/go-cache.(*janitor).Run(0xc0306c4280, 0xc030692940)
	/home/mariell/go/pkg/mod/github.com/patrickmn/go-cache@v2.1.0+incompatible/cache.go:1079 +0x7b
created by github.com/patrickmn/go-cache.runJanitor in goroutine 51765
	/home/mariell/go/pkg/mod/github.com/patrickmn/go-cache@v2.1.0+incompatible/cache.go:1099 +0xdb

goroutine 53045 [select]:
github.com/patrickmn/go-cache.(*janitor).Run(0xc0306c51e0, 0xc030693100)
	/home/mariell/go/pkg/mod/github.com/patrickmn/go-cache@v2.1.0+incompatible/cache.go:1079 +0x7b
created by github.com/patrickmn/go-cache.runJanitor in goroutine 51765
	/home/mariell/go/pkg/mod/github.com/patrickmn/go-cache@v2.1.0+incompatible/cache.go:1099 +0xdb

goroutine 51563 [select]:
database/sql.(*DB).connectionOpener(0xc00ad06ea0, {0xa9d1d00, 0xc02930d810})
	/usr/lib/go/src/database/sql/sql.go:1261 +0x87
created by database/sql.OpenDB in goroutine 53243
	/usr/lib/go/src/database/sql/sql.go:841 +0x130

goroutine 55900 [sync.Cond.Wait]:
sync.runtime_notifyListWait(0xc022793e10, 0x36)
	/usr/lib/go/src/runtime/sema.go:597 +0x159
sync.(*Cond).Wait(0xc01ab0b7d0?)
	/usr/lib/go/src/sync/cond.go:71 +0x85
github.com/centrifugal/centrifuge/internal/dissolve.(*queueImpl).Wait(0xc01100c540)
	/home/mariell/go/pkg/mod/github.com/centrifugal/centrifuge@v0.33.3/internal/dissolve/queue.go:139 +0x4a
github.com/centrifugal/centrifuge/internal/dissolve.(*Dissolver).runWorker(0xc02431b8f0)
	/home/mariell/go/pkg/mod/github.com/centrifugal/centrifuge@v0.33.3/internal/dissolve/dissolve.go:52 +0x27
created by github.com/centrifugal/centrifuge/internal/dissolve.(*Dissolver).Run in goroutine 54803
	/home/mariell/go/pkg/mod/github.com/centrifugal/centrifuge@v0.33.3/internal/dissolve/dissolve.go:31 +0x25

goroutine 77837 [runnable]:
github.com/centrifugal/centrifuge.(*Node).Run.gowrap2()
	/home/mariell/go/pkg/mod/github.com/centrifugal/centrifuge@v0.33.3/node.go:261
runtime.goexit({})
	/usr/lib/go/src/runtime/asm_amd64.s:1700 +0x1
created by github.com/centrifugal/centrifuge.(*Node).Run in goroutine 3350
	/home/mariell/go/pkg/mod/github.com/centrifugal/centrifuge@v0.33.3/node.go:261 +0x265

goroutine 73669 [select]:
github.com/patrickmn/go-cache.(*janitor).Run(0xc01813f870, 0xc0144adac0)
	/home/mariell/go/pkg/mod/github.com/patrickmn/go-cache@v2.1.0+incompatible/cache.go:1079 +0x7b
created by github.com/patrickmn/go-cache.runJanitor in goroutine 3350
	/home/mariell/go/pkg/mod/github.com/patrickmn/go-cache@v2.1.0+incompatible/cache.go:1099 +0xdb

goroutine 53144 [IO wait]:
internal/poll.runtime_pollWait(0x7775505010e0, 0x72)
	/usr/lib/go/src/runtime/netpoll.go:351 +0x85
internal/poll.(*pollDesc).wait(0xc00ef3cd00?, 0xc0167dac00?, 0x0)
	/usr/lib/go/src/internal/poll/fd_poll_runtime.go:84 +0x27
internal/poll.(*pollDesc).waitRead(...)
	/usr/lib/go/src/internal/poll/fd_poll_runtime.go:89
internal/poll.(*FD).Read(0xc00ef3cd00, {0xc0167dac00, 0x1300, 0x1300})
	/usr/lib/go/src/internal/poll/fd_unix.go:165 +0x27a
net.(*netFD).Read(0xc00ef3cd00, {0xc0167dac00?, 0x4a84?, 0x43f787?})
	/usr/lib/go/src/net/fd_posix.go:55 +0x25
net.(*conn).Read(0xc02969e008, {0xc0167dac00?, 0x7775600a6708?, 0x7775a8b298a0?})
	/usr/lib/go/src/net/net.go:194 +0x45
crypto/tls.(*atLeastReader).Read(0xc00a1ea918, {0xc0167dac00?, 0xc00a7b39a8?, 0x42d8c5?})
	/usr/lib/go/src/crypto/tls/conn.go:809 +0x3b
bytes.(*Buffer).ReadFrom(0xc01fdfc9b8, {0xa94e300, 0xc00a1ea918})
	/usr/lib/go/src/bytes/buffer.go:211 +0x98
crypto/tls.(*Conn).readFromUntil(0xc01fdfc708, {0xa94dc00, 0xc02969e008}, 0x444af4?)
	/usr/lib/go/src/crypto/tls/conn.go:831 +0xde
crypto/tls.(*Conn).readRecordOrCCS(0xc01fdfc708, 0x0)
	/usr/lib/go/src/crypto/tls/conn.go:629 +0x3cf
crypto/tls.(*Conn).readRecord(...)
	/usr/lib/go/src/crypto/tls/conn.go:591
crypto/tls.(*Conn).Read(0xc01fdfc708, {0xc00a73b000, 0x1000, 0xc012da1e00?})
	/usr/lib/go/src/crypto/tls/conn.go:1385 +0x145
net/http.(*persistConn).Read(0xc02a4add40, {0xc00a73b000?, 0x81fe45?, 0xa94be80?})
	/usr/lib/go/src/net/http/transport.go:2122 +0x47
bufio.(*Reader).fill(0xc0146fe9c0)
	/usr/lib/go/src/bufio/bufio.go:113 +0x103
bufio.(*Reader).Peek(0xc0146fe9c0, 0x1)
	/usr/lib/go/src/bufio/bufio.go:152 +0x53
net/http.(*persistConn).readLoop(0xc02a4add40)
	/usr/lib/go/src/net/http/transport.go:2275 +0x172
created by net/http.(*Transport).dialConn in goroutine 56115
	/usr/lib/go/src/net/http/transport.go:1944 +0x174f

goroutine 58916 [sync.Cond.Wait]:
sync.runtime_notifyListWait(0xc01f861010, 0x2e)
	/usr/lib/go/src/runtime/sema.go:597 +0x159
sync.(*Cond).Wait(0x100000000000000?)
	/usr/lib/go/src/sync/cond.go:71 +0x85
github.com/centrifugal/centrifuge/internal/dissolve.(*queueImpl).Wait(0xc01921b6c0)
	/home/mariell/go/pkg/mod/github.com/centrifugal/centrifuge@v0.33.3/internal/dissolve/queue.go:139 +0x4a
github.com/centrifugal/centrifuge/internal/dissolve.(*Dissolver).runWorker(0xc0243b2a20)
	/home/mariell/go/pkg/mod/github.com/centrifugal/centrifuge@v0.33.3/internal/dissolve/dissolve.go:52 +0x27
created by github.com/centrifugal/centrifuge/internal/dissolve.(*Dissolver).Run in goroutine 57831
	/home/mariell/go/pkg/mod/github.com/centrifugal/centrifuge@v0.33.3/internal/dissolve/dissolve.go:31 +0x25

goroutine 54188 [select]:
github.com/patrickmn/go-cache.(*janitor).Run(0xc02465a870, 0xc01f747700)
	/home/mariell/go/pkg/mod/github.com/patrickmn/go-cache@v2.1.0+incompatible/cache.go:1079 +0x7b
created by github.com/patrickmn/go-cache.runJanitor in goroutine 53243
	/home/mariell/go/pkg/mod/github.com/patrickmn/go-cache@v2.1.0+incompatible/cache.go:1099 +0xdb

goroutine 58659 [select]:
github.com/centrifugal/centrifuge.(*Node).initMetrics.func1()
	/home/mariell/go/pkg/mod/github.com/centrifugal/centrifuge@v0.33.3/node.go:365 +0x8a
created by github.com/centrifugal/centrifuge.(*Node).initMetrics in goroutine 57831
	/home/mariell/go/pkg/mod/github.com/centrifugal/centrifuge@v0.33.3/node.go:363 +0x1f9

goroutine 74613 [sync.Cond.Wait]:
sync.runtime_notifyListWait(0xc022369b10, 0x1d)
	/usr/lib/go/src/runtime/sema.go:597 +0x159
sync.(*Cond).Wait(0xc028d677d0?)
	/usr/lib/go/src/sync/cond.go:71 +0x85
github.com/centrifugal/centrifuge/internal/dissolve.(*queueImpl).Wait(0xc0429f7180)
	/home/mariell/go/pkg/mod/github.com/centrifugal/centrifuge@v0.33.3/internal/dissolve/queue.go:139 +0x4a
github.com/centrifugal/centrifuge/internal/dissolve.(*Dissolver).runWorker(0xc02391be18)
	/home/mariell/go/pkg/mod/github.com/centrifugal/centrifuge@v0.33.3/internal/dissolve/dissolve.go:52 +0x27
created by github.com/centrifugal/centrifuge/internal/dissolve.(*Dissolver).Run in goroutine 4438
	/home/mariell/go/pkg/mod/github.com/centrifugal/centrifuge@v0.33.3/internal/dissolve/dissolve.go:31 +0x25

goroutine 59364 [chan receive]:
github.com/grafana/grafana/pkg/registry/apis/dashboard/legacy.(*dashboardSqlAccess).WatchWriteEvents.func1()
	/home/mariell/work/oss/grafana/pkg/registry/apis/dashboard/legacy/storage.go:238 +0x50
created by github.com/grafana/grafana/pkg/registry/apis/dashboard/legacy.(*dashboardSqlAccess).WatchWriteEvents in goroutine 58731
	/home/mariell/work/oss/grafana/pkg/registry/apis/dashboard/legacy/storage.go:236 +0x1b6

goroutine 75339 [sync.Cond.Wait]:
sync.runtime_notifyListWait(0xc00e4b6210, 0x1c)
	/usr/lib/go/src/runtime/sema.go:597 +0x159
sync.(*Cond).Wait(0x0?)
	/usr/lib/go/src/sync/cond.go:71 +0x85
github.com/centrifugal/centrifuge/internal/dissolve.(*queueImpl).Wait(0xc043706620)
	/home/mariell/go/pkg/mod/github.com/centrifugal/centrifuge@v0.33.3/internal/dissolve/queue.go:139 +0x4a
github.com/centrifugal/centrifuge/internal/dissolve.(*Dissolver).runWorker(0xc0253d2480)
	/home/mariell/go/pkg/mod/github.com/centrifugal/centrifuge@v0.33.3/internal/dissolve/dissolve.go:52 +0x27
created by github.com/centrifugal/centrifuge/internal/dissolve.(*Dissolver).Run in goroutine 56144
	/home/mariell/go/pkg/mod/github.com/centrifugal/centrifuge@v0.33.3/internal/dissolve/dissolve.go:31 +0x25

goroutine 54670 [select]:
k8s.io/apimachinery/pkg/util/wait.BackoffUntil(0xc03093d280, {0xa95ac00, 0xc029791470}, 0x1, 0xc0299e52d0)
	/home/mariell/go/pkg/mod/k8s.io/apimachinery@v0.32.1/pkg/util/wait/backoff.go:238 +0x12c
k8s.io/apimachinery/pkg/util/wait.JitterUntil(0xc03093d280, 0x3b9aca00, 0x3ff3333333333333, 0x1, 0xc0299e52d0)
	/home/mariell/go/pkg/mod/k8s.io/apimachinery@v0.32.1/pkg/util/wait/backoff.go:204 +0x7f
created by k8s.io/apiserver/pkg/registry/generic/registry.(*Store).startObservingCount in goroutine 56256
	/home/mariell/go/pkg/mod/k8s.io/apiserver@v0.32.1/pkg/registry/generic/registry/store.go:1666 +0x2f9

goroutine 54293 [select]:
github.com/patrickmn/go-cache.(*janitor).Run(0xc024722030, 0xc02177aa80)
	/home/mariell/go/pkg/mod/github.com/patrickmn/go-cache@v2.1.0+incompatible/cache.go:1079 +0x7b
created by github.com/patrickmn/go-cache.runJanitor in goroutine 53243
	/home/mariell/go/pkg/mod/github.com/patrickmn/go-cache@v2.1.0+incompatible/cache.go:1099 +0xdb

goroutine 75140 [chan receive]:
github.com/grafana/grafana/pkg/storage/unified/resource.(*server).initWatcher.func1.1()
	/home/mariell/work/oss/grafana/pkg/storage/unified/resource/server.go:922 +0x58
created by github.com/grafana/grafana/pkg/storage/unified/resource.(*server).initWatcher.func1 in goroutine 22316
	/home/mariell/work/oss/grafana/pkg/storage/unified/resource/server.go:921 +0xaa

goroutine 57796 [select]:
k8s.io/apimachinery/pkg/util/wait.BackoffUntil(0xc02a7735c0, {0xa95ac00, 0xc00a4f2db0}, 0x1, 0xc02a4df880)
	/home/mariell/go/pkg/mod/k8s.io/apimachinery@v0.32.1/pkg/util/wait/backoff.go:238 +0x12c
k8s.io/apimachinery/pkg/util/wait.JitterUntil(0xc02a7735c0, 0x3b9aca00, 0x3ff3333333333333, 0x1, 0xc02a4df880)
	/home/mariell/go/pkg/mod/k8s.io/apimachinery@v0.32.1/pkg/util/wait/backoff.go:204 +0x7f
created by k8s.io/apiserver/pkg/registry/generic/registry.(*Store).startObservingCount in goroutine 56256
	/home/mariell/go/pkg/mod/k8s.io/apiserver@v0.32.1/pkg/registry/generic/registry/store.go:1666 +0x2f9

goroutine 55893 [sync.Cond.Wait]:
sync.runtime_notifyListWait(0xc022793e10, 0x18)
	/usr/lib/go/src/runtime/sema.go:597 +0x159
sync.(*Cond).Wait(0x0?)
	/usr/lib/go/src/sync/cond.go:71 +0x85
github.com/centrifugal/centrifuge/internal/dissolve.(*queueImpl).Wait(0xc01100c540)
	/home/mariell/go/pkg/mod/github.com/centrifugal/centrifuge@v0.33.3/internal/dissolve/queue.go:139 +0x4a
github.com/centrifugal/centrifuge/internal/dissolve.(*Dissolver).runWorker(0xc02431b8f0)
	/home/mariell/go/pkg/mod/github.com/centrifugal/centrifuge@v0.33.3/internal/dissolve/dissolve.go:52 +0x27
created by github.com/centrifugal/centrifuge/internal/dissolve.(*Dissolver).Run in goroutine 54803
	/home/mariell/go/pkg/mod/github.com/centrifugal/centrifuge@v0.33.3/internal/dissolve/dissolve.go:31 +0x25

goroutine 55899 [sync.Cond.Wait]:
sync.runtime_notifyListWait(0xc022793e10, 0x27)
	/usr/lib/go/src/runtime/sema.go:597 +0x159
sync.(*Cond).Wait(0xc02be7bfd0?)
	/usr/lib/go/src/sync/cond.go:71 +0x85
github.com/centrifugal/centrifuge/internal/dissolve.(*queueImpl).Wait(0xc01100c540)
	/home/mariell/go/pkg/mod/github.com/centrifugal/centrifuge@v0.33.3/internal/dissolve/queue.go:139 +0x4a
github.com/centrifugal/centrifuge/internal/dissolve.(*Dissolver).runWorker(0xc02431b8f0)
	/home/mariell/go/pkg/mod/github.com/centrifugal/centrifuge@v0.33.3/internal/dissolve/dissolve.go:52 +0x27
created by github.com/centrifugal/centrifuge/internal/dissolve.(*Dissolver).Run in goroutine 54803
	/home/mariell/go/pkg/mod/github.com/centrifugal/centrifuge@v0.33.3/internal/dissolve/dissolve.go:31 +0x25

goroutine 75033 [chan receive]:
github.com/grafana/grafana/pkg/storage/unified/resource.(*server).initWatcher.func1.1()
	/home/mariell/work/oss/grafana/pkg/storage/unified/resource/server.go:922 +0x58
created by github.com/grafana/grafana/pkg/storage/unified/resource.(*server).initWatcher.func1 in goroutine 3349
	/home/mariell/work/oss/grafana/pkg/storage/unified/resource/server.go:921 +0xaa

goroutine 74606 [sync.Cond.Wait]:
sync.runtime_notifyListWait(0xc022369b10, 0x16)
	/usr/lib/go/src/runtime/sema.go:597 +0x159
sync.(*Cond).Wait(0x0?)
	/usr/lib/go/src/sync/cond.go:71 +0x85
github.com/centrifugal/centrifuge/internal/dissolve.(*queueImpl).Wait(0xc0429f7180)
	/home/mariell/go/pkg/mod/github.com/centrifugal/centrifuge@v0.33.3/internal/dissolve/queue.go:139 +0x4a
github.com/centrifugal/centrifuge/internal/dissolve.(*Dissolver).runWorker(0xc02391be18)
	/home/mariell/go/pkg/mod/github.com/centrifugal/centrifuge@v0.33.3/internal/dissolve/dissolve.go:52 +0x27
created by github.com/centrifugal/centrifuge/internal/dissolve.(*Dissolver).Run in goroutine 4438
	/home/mariell/go/pkg/mod/github.com/centrifugal/centrifuge@v0.33.3/internal/dissolve/dissolve.go:31 +0x25

goroutine 58893 [sync.Cond.Wait]:
sync.runtime_notifyListWait(0xc01f861010, 0x15)
	/usr/lib/go/src/runtime/sema.go:597 +0x159
sync.(*Cond).Wait(0x0?)
	/usr/lib/go/src/sync/cond.go:71 +0x85
github.com/centrifugal/centrifuge/internal/dissolve.(*queueImpl).Wait(0xc01921b6c0)
	/home/mariell/go/pkg/mod/github.com/centrifugal/centrifuge@v0.33.3/internal/dissolve/queue.go:139 +0x4a
github.com/centrifugal/centrifuge/internal/dissolve.(*Dissolver).runWorker(0xc0243b2a20)
	/home/mariell/go/pkg/mod/github.com/centrifugal/centrifuge@v0.33.3/internal/dissolve/dissolve.go:52 +0x27
created by github.com/centrifugal/centrifuge/internal/dissolve.(*Dissolver).Run in goroutine 57831
	/home/mariell/go/pkg/mod/github.com/centrifugal/centrifuge@v0.33.3/internal/dissolve/dissolve.go:31 +0x25

goroutine 54347 [sync.Cond.Wait]:
sync.runtime_notifyListWait(0xc02667f850, 0xb)
	/usr/lib/go/src/runtime/sema.go:597 +0x159
sync.(*Cond).Wait(0xc026eee510?)
	/usr/lib/go/src/sync/cond.go:71 +0x85
github.com/centrifugal/centrifuge/internal/dissolve.(*queueImpl).Wait(0xc029e6aa10)
	/home/mariell/go/pkg/mod/github.com/centrifugal/centrifuge@v0.33.3/internal/dissolve/queue.go:139 +0x4a
github.com/centrifugal/centrifuge/internal/dissolve.(*Dissolver).runWorker(0xc015fed548)
	/home/mariell/go/pkg/mod/github.com/centrifugal/centrifuge@v0.33.3/internal/dissolve/dissolve.go:52 +0x27
created by github.com/centrifugal/centrifuge/internal/dissolve.(*Dissolver).Run in goroutine 53243
	/home/mariell/go/pkg/mod/github.com/centrifugal/centrifuge@v0.33.3/internal/dissolve/dissolve.go:31 +0x25

goroutine 73822 [select]:
github.com/patrickmn/go-cache.(*janitor).Run(0xc026f8b0d0, 0xc00fd30740)
	/home/mariell/go/pkg/mod/github.com/patrickmn/go-cache@v2.1.0+incompatible/cache.go:1079 +0x7b
created by github.com/patrickmn/go-cache.runJanitor in goroutine 4438
	/home/mariell/go/pkg/mod/github.com/patrickmn/go-cache@v2.1.0+incompatible/cache.go:1099 +0xdb

goroutine 77735 [runnable]:
github.com/centrifugal/centrifuge.(*Node).Run.gowrap2()
	/home/mariell/go/pkg/mod/github.com/centrifugal/centrifuge@v0.33.3/node.go:261
runtime.goexit({})
	/usr/lib/go/src/runtime/asm_amd64.s:1700 +0x1
created by github.com/centrifugal/centrifuge.(*Node).Run in goroutine 56142
	/home/mariell/go/pkg/mod/github.com/centrifugal/centrifuge@v0.33.3/node.go:261 +0x265

goroutine 54326 [select]:
github.com/centrifugal/centrifuge.(*historyHub).removeStreams(0xc020587000)
	/home/mariell/go/pkg/mod/github.com/centrifugal/centrifuge@v0.33.3/broker_memory.go:259 +0x6f
created by github.com/centrifugal/centrifuge.(*historyHub).runCleanups in goroutine 53243
	/home/mariell/go/pkg/mod/github.com/centrifugal/centrifuge@v0.33.3/broker_memory.go:253 +0x96

goroutine 75330 [sync.Cond.Wait]:
sync.runtime_notifyListWait(0xc00e4b6210, 0x13)
	/usr/lib/go/src/runtime/sema.go:597 +0x159
sync.(*Cond).Wait(0x0?)
	/usr/lib/go/src/sync/cond.go:71 +0x85
github.com/centrifugal/centrifuge/internal/dissolve.(*queueImpl).Wait(0xc043706620)
	/home/mariell/go/pkg/mod/github.com/centrifugal/centrifuge@v0.33.3/internal/dissolve/queue.go:139 +0x4a
github.com/centrifugal/centrifuge/internal/dissolve.(*Dissolver).runWorker(0xc0253d2480)
	/home/mariell/go/pkg/mod/github.com/centrifugal/centrifuge@v0.33.3/internal/dissolve/dissolve.go:52 +0x27
created by github.com/centrifugal/centrifuge/internal/dissolve.(*Dissolver).Run in goroutine 56144
	/home/mariell/go/pkg/mod/github.com/centrifugal/centrifuge@v0.33.3/internal/dissolve/dissolve.go:31 +0x25

goroutine 53229 [select]:
net/http.(*persistConn).writeLoop(0xc01a1fd680)
	/usr/lib/go/src/net/http/transport.go:2590 +0xe7
created by net/http.(*Transport).dialConn in goroutine 53235
	/usr/lib/go/src/net/http/transport.go:1945 +0x17a5

goroutine 59211 [select]:
database/sql.(*DB).connectionCleaner(0xc0177badd0, 0xc00f29a9a0?)
	/usr/lib/go/src/database/sql/sql.go:1104 +0x9c
created by database/sql.(*DB).startCleanerLocked in goroutine 56145
	/usr/lib/go/src/database/sql/sql.go:1091 +0x105

goroutine 55892 [sync.Cond.Wait]:
sync.runtime_notifyListWait(0xc022793e10, 0x17)
	/usr/lib/go/src/runtime/sema.go:597 +0x159
sync.(*Cond).Wait(0x0?)
	/usr/lib/go/src/sync/cond.go:71 +0x85
github.com/centrifugal/centrifuge/internal/dissolve.(*queueImpl).Wait(0xc01100c540)
	/home/mariell/go/pkg/mod/github.com/centrifugal/centrifuge@v0.33.3/internal/dissolve/queue.go:139 +0x4a
github.com/centrifugal/centrifuge/internal/dissolve.(*Dissolver).runWorker(0xc02431b8f0)
	/home/mariell/go/pkg/mod/github.com/centrifugal/centrifuge@v0.33.3/internal/dissolve/dissolve.go:52 +0x27
created by github.com/centrifugal/centrifuge/internal/dissolve.(*Dissolver).Run in goroutine 54803
	/home/mariell/go/pkg/mod/github.com/centrifugal/centrifuge@v0.33.3/internal/dissolve/dissolve.go:31 +0x25

goroutine 54180 [select]:
github.com/patrickmn/go-cache.(*janitor).Run(0xc00e267660, 0xc00ed77340)
	/home/mariell/go/pkg/mod/github.com/patrickmn/go-cache@v2.1.0+incompatible/cache.go:1079 +0x7b
created by github.com/patrickmn/go-cache.runJanitor in goroutine 53243
	/home/mariell/go/pkg/mod/github.com/patrickmn/go-cache@v2.1.0+incompatible/cache.go:1099 +0xdb

goroutine 53222 [IO wait]:
internal/poll.runtime_pollWait(0x7775504becd8, 0x72)
	/usr/lib/go/src/runtime/netpoll.go:351 +0x85
internal/poll.(*pollDesc).wait(0xc01eff8a80?, 0xc01f123900?, 0x0)
	/usr/lib/go/src/internal/poll/fd_poll_runtime.go:84 +0x27
internal/poll.(*pollDesc).waitRead(...)
	/usr/lib/go/src/internal/poll/fd_poll_runtime.go:89
internal/poll.(*FD).Read(0xc01eff8a80, {0xc01f123900, 0x1300, 0x1300})
	/usr/lib/go/src/internal/poll/fd_unix.go:165 +0x27a
net.(*netFD).Read(0xc01eff8a80, {0xc01f123900?, 0x0?, 0x0?})
	/usr/lib/go/src/net/fd_posix.go:55 +0x25
net.(*conn).Read(0xc00feca1e0, {0xc01f123900?, 0x7775503150d0?, 0x7775a8b29d58?})
	/usr/lib/go/src/net/net.go:194 +0x45
crypto/tls.(*atLeastReader).Read(0xc024518c30, {0xc01f123900?, 0xc0166b79b0?, 0x83c1a9?})
	/usr/lib/go/src/crypto/tls/conn.go:809 +0x3b
bytes.(*Buffer).ReadFrom(0xc029b342b8, {0xa94e300, 0xc024518c30})
	/usr/lib/go/src/bytes/buffer.go:211 +0x98
crypto/tls.(*Conn).readFromUntil(0xc029b34008, {0xa94dc00, 0xc00feca1e0}, 0x444af4?)
	/usr/lib/go/src/crypto/tls/conn.go:831 +0xde
crypto/tls.(*Conn).readRecordOrCCS(0xc029b34008, 0x0)
	/usr/lib/go/src/crypto/tls/conn.go:629 +0x3cf
crypto/tls.(*Conn).readRecord(...)
	/usr/lib/go/src/crypto/tls/conn.go:591
crypto/tls.(*Conn).Read(0xc029b34008, {0xc016ade000, 0x1000, 0x7775a8b29d58?})
	/usr/lib/go/src/crypto/tls/conn.go:1385 +0x145
net/http.(*persistConn).Read(0xc02a3e3b00, {0xc016ade000?, 0x4141c5?, 0x68?})
	/usr/lib/go/src/net/http/transport.go:2122 +0x47
bufio.(*Reader).fill(0xc030129440)
	/usr/lib/go/src/bufio/bufio.go:113 +0x103
bufio.(*Reader).Peek(0xc030129440, 0x1)
	/usr/lib/go/src/bufio/bufio.go:152 +0x53
net/http.(*persistConn).readLoop(0xc02a3e3b00)
	/usr/lib/go/src/net/http/transport.go:2275 +0x172
created by net/http.(*Transport).dialConn in goroutine 53128
	/usr/lib/go/src/net/http/transport.go:1944 +0x174f

goroutine 51564 [select]:
go.opentelemetry.io/otel/sdk/trace.(*batchSpanProcessor).processQueue(0xc01e10c140)
	/home/mariell/go/pkg/mod/go.opentelemetry.io/otel/sdk@v1.34.0/trace/batch_span_processor.go:302 +0x114
go.opentelemetry.io/otel/sdk/trace.NewBatchSpanProcessor.func1()
	/home/mariell/go/pkg/mod/go.opentelemetry.io/otel/sdk@v1.34.0/trace/batch_span_processor.go:117 +0x4e
created by go.opentelemetry.io/otel/sdk/trace.NewBatchSpanProcessor in goroutine 53243
	/home/mariell/go/pkg/mod/go.opentelemetry.io/otel/sdk@v1.34.0/trace/batch_span_processor.go:115 +0x2d9

goroutine 53223 [select]:
net/http.(*persistConn).writeLoop(0xc02a3e3b00)
	/usr/lib/go/src/net/http/transport.go:2590 +0xe7
created by net/http.(*Transport).dialConn in goroutine 53128
	/usr/lib/go/src/net/http/transport.go:1945 +0x17a5

goroutine 58922 [sync.Cond.Wait]:
sync.runtime_notifyListWait(0xc01f861010, 0x34)
	/usr/lib/go/src/runtime/sema.go:597 +0x159
sync.(*Cond).Wait(0x10000c028c97fd0?)
	/usr/lib/go/src/sync/cond.go:71 +0x85
github.com/centrifugal/centrifuge/internal/dissolve.(*queueImpl).Wait(0xc01921b6c0)
	/home/mariell/go/pkg/mod/github.com/centrifugal/centrifuge@v0.33.3/internal/dissolve/queue.go:139 +0x4a
github.com/centrifugal/centrifuge/internal/dissolve.(*Dissolver).runWorker(0xc0243b2a20)
	/home/mariell/go/pkg/mod/github.com/centrifugal/centrifuge@v0.33.3/internal/dissolve/dissolve.go:52 +0x27
created by github.com/centrifugal/centrifuge/internal/dissolve.(*Dissolver).Run in goroutine 57831
	/home/mariell/go/pkg/mod/github.com/centrifugal/centrifuge@v0.33.3/internal/dissolve/dissolve.go:31 +0x25

goroutine 55902 [sync.Cond.Wait]:
sync.runtime_notifyListWait(0xc022793e10, 0x25)
	/usr/lib/go/src/runtime/sema.go:597 +0x159
sync.(*Cond).Wait(0x0?)
	/usr/lib/go/src/sync/cond.go:71 +0x85
github.com/centrifugal/centrifuge/internal/dissolve.(*queueImpl).Wait(0xc01100c540)
	/home/mariell/go/pkg/mod/github.com/centrifugal/centrifuge@v0.33.3/internal/dissolve/queue.go:139 +0x4a
github.com/centrifugal/centrifuge/internal/dissolve.(*Dissolver).runWorker(0xc02431b8f0)
	/home/mariell/go/pkg/mod/github.com/centrifugal/centrifuge@v0.33.3/internal/dissolve/dissolve.go:52 +0x27
created by github.com/centrifugal/centrifuge/internal/dissolve.(*Dissolver).Run in goroutine 54803
	/home/mariell/go/pkg/mod/github.com/centrifugal/centrifuge@v0.33.3/internal/dissolve/dissolve.go:31 +0x25

goroutine 75139 [chan receive]:
github.com/grafana/grafana/pkg/storage/unified/sql.(*channelNotifier).notify.func1()
	/home/mariell/work/oss/grafana/pkg/storage/unified/sql/notifier.go:87 +0x39
created by github.com/grafana/grafana/pkg/storage/unified/sql.(*channelNotifier).notify in goroutine 22316
	/home/mariell/work/oss/grafana/pkg/storage/unified/sql/notifier.go:86 +0xdb

goroutine 78026 [runnable]:
github.com/centrifugal/centrifuge/internal/dissolve.(*Dissolver).Run.gowrap1()
	/home/mariell/go/pkg/mod/github.com/centrifugal/centrifuge@v0.33.3/internal/dissolve/dissolve.go:31
runtime.goexit({})
	/usr/lib/go/src/runtime/asm_amd64.s:1700 +0x1
created by github.com/centrifugal/centrifuge/internal/dissolve.(*Dissolver).Run in goroutine 3350
	/home/mariell/go/pkg/mod/github.com/centrifugal/centrifuge@v0.33.3/internal/dissolve/dissolve.go:31 +0x25

goroutine 54226 [chan receive]:
github.com/grafana/grafana/pkg/storage/unified/sql.(*channelNotifier).notify.func1()
	/home/mariell/work/oss/grafana/pkg/storage/unified/sql/notifier.go:87 +0x39
created by github.com/grafana/grafana/pkg/storage/unified/sql.(*channelNotifier).notify in goroutine 53243
	/home/mariell/work/oss/grafana/pkg/storage/unified/sql/notifier.go:86 +0xdb

goroutine 54346 [sync.Cond.Wait]:
sync.runtime_notifyListWait(0xc02667f850, 0xa)
	/usr/lib/go/src/runtime/sema.go:597 +0x159
sync.(*Cond).Wait(0x0?)
	/usr/lib/go/src/sync/cond.go:71 +0x85
github.com/centrifugal/centrifuge/internal/dissolve.(*queueImpl).Wait(0xc029e6aa10)
	/home/mariell/go/pkg/mod/github.com/centrifugal/centrifuge@v0.33.3/internal/dissolve/queue.go:139 +0x4a
github.com/centrifugal/centrifuge/internal/dissolve.(*Dissolver).runWorker(0xc015fed548)
	/home/mariell/go/pkg/mod/github.com/centrifugal/centrifuge@v0.33.3/internal/dissolve/dissolve.go:52 +0x27
created by github.com/centrifugal/centrifuge/internal/dissolve.(*Dissolver).Run in goroutine 53243
	/home/mariell/go/pkg/mod/github.com/centrifugal/centrifuge@v0.33.3/internal/dissolve/dissolve.go:31 +0x25

goroutine 59310 [select]:
net/http.(*persistConn).writeLoop(0xc02a3b0480)
	/usr/lib/go/src/net/http/transport.go:2590 +0xe7
created by net/http.(*Transport).dialConn in goroutine 59304
	/usr/lib/go/src/net/http/transport.go:1945 +0x17a5

goroutine 78278 [runnable]:
golang.org/x/sync/errgroup.(*Group).Go.func1()
	/home/mariell/go/pkg/mod/golang.org/x/sync@v0.11.0/errgroup/errgroup.go:75
created by golang.org/x/sync/errgroup.(*Group).Go in goroutine 77705
	/home/mariell/go/pkg/mod/golang.org/x/sync@v0.11.0/errgroup/errgroup.go:75 +0x93

goroutine 57804 [chan receive (nil chan)]:
k8s.io/apiserver/pkg/server.preparedGenericAPIServer.RunWithContext.func5()
	/home/mariell/go/pkg/mod/k8s.io/apiserver@v0.32.1/pkg/server/genericapiserver.go:598 +0x37
created by k8s.io/apiserver/pkg/server.preparedGenericAPIServer.RunWithContext in goroutine 57797
	/home/mariell/go/pkg/mod/k8s.io/apiserver@v0.32.1/pkg/server/genericapiserver.go:597 +0x60b

goroutine 54351 [sync.Cond.Wait]:
sync.runtime_notifyListWait(0xc02667f850, 0xf)
	/usr/lib/go/src/runtime/sema.go:597 +0x159
sync.(*Cond).Wait(0x0?)
	/usr/lib/go/src/sync/cond.go:71 +0x85
github.com/centrifugal/centrifuge/internal/dissolve.(*queueImpl).Wait(0xc029e6aa10)
	/home/mariell/go/pkg/mod/github.com/centrifugal/centrifuge@v0.33.3/internal/dissolve/queue.go:139 +0x4a
github.com/centrifugal/centrifuge/internal/dissolve.(*Dissolver).runWorker(0xc015fed548)
	/home/mariell/go/pkg/mod/github.com/centrifugal/centrifuge@v0.33.3/internal/dissolve/dissolve.go:52 +0x27
created by github.com/centrifugal/centrifuge/internal/dissolve.(*Dissolver).Run in goroutine 53243
	/home/mariell/go/pkg/mod/github.com/centrifugal/centrifuge@v0.33.3/internal/dissolve/dissolve.go:31 +0x25

goroutine 54350 [sync.Cond.Wait]:
sync.runtime_notifyListWait(0xc02667f850, 0xe)
	/usr/lib/go/src/runtime/sema.go:597 +0x159
sync.(*Cond).Wait(0xc0161f9f01?)
	/usr/lib/go/src/sync/cond.go:71 +0x85
github.com/centrifugal/centrifuge/internal/dissolve.(*queueImpl).Wait(0xc029e6aa10)
	/home/mariell/go/pkg/mod/github.com/centrifugal/centrifuge@v0.33.3/internal/dissolve/queue.go:139 +0x4a
github.com/centrifugal/centrifuge/internal/dissolve.(*Dissolver).runWorker(0xc015fed548)
	/home/mariell/go/pkg/mod/github.com/centrifugal/centrifuge@v0.33.3/internal/dissolve/dissolve.go:52 +0x27
created by github.com/centrifugal/centrifuge/internal/dissolve.(*Dissolver).Run in goroutine 53243
	/home/mariell/go/pkg/mod/github.com/centrifugal/centrifuge@v0.33.3/internal/dissolve/dissolve.go:31 +0x25

goroutine 54349 [sync.Cond.Wait]:
sync.runtime_notifyListWait(0xc02667f850, 0xd)
	/usr/lib/go/src/runtime/sema.go:597 +0x159
sync.(*Cond).Wait(0xc020712701?)
	/usr/lib/go/src/sync/cond.go:71 +0x85
github.com/centrifugal/centrifuge/internal/dissolve.(*queueImpl).Wait(0xc029e6aa10)
	/home/mariell/go/pkg/mod/github.com/centrifugal/centrifuge@v0.33.3/internal/dissolve/queue.go:139 +0x4a
github.com/centrifugal/centrifuge/internal/dissolve.(*Dissolver).runWorker(0xc015fed548)
	/home/mariell/go/pkg/mod/github.com/centrifugal/centrifuge@v0.33.3/internal/dissolve/dissolve.go:52 +0x27
created by github.com/centrifugal/centrifuge/internal/dissolve.(*Dissolver).Run in goroutine 53243
	/home/mariell/go/pkg/mod/github.com/centrifugal/centrifuge@v0.33.3/internal/dissolve/dissolve.go:31 +0x25

goroutine 54348 [sync.Cond.Wait]:
sync.runtime_notifyListWait(0xc02667f850, 0xc)
	/usr/lib/go/src/runtime/sema.go:597 +0x159
sync.(*Cond).Wait(0xc022682e60?)
	/usr/lib/go/src/sync/cond.go:71 +0x85
github.com/centrifugal/centrifuge/internal/dissolve.(*queueImpl).Wait(0xc029e6aa10)
	/home/mariell/go/pkg/mod/github.com/centrifugal/centrifuge@v0.33.3/internal/dissolve/queue.go:139 +0x4a
github.com/centrifugal/centrifuge/internal/dissolve.(*Dissolver).runWorker(0xc015fed548)
	/home/mariell/go/pkg/mod/github.com/centrifugal/centrifuge@v0.33.3/internal/dissolve/dissolve.go:52 +0x27
created by github.com/centrifugal/centrifuge/internal/dissolve.(*Dissolver).Run in goroutine 53243
	/home/mariell/go/pkg/mod/github.com/centrifugal/centrifuge@v0.33.3/internal/dissolve/dissolve.go:31 +0x25

goroutine 54608 [select]:
k8s.io/apimachinery/pkg/util/wait.BackoffUntil(0xc02523cd80, {0xa95ac00, 0xc011110780}, 0x1, 0xc0054dfce0)
	/home/mariell/go/pkg/mod/k8s.io/apimachinery@v0.32.1/pkg/util/wait/backoff.go:238 +0x12c
k8s.io/apimachinery/pkg/util/wait.JitterUntil(0xc02523cd80, 0x3b9aca00, 0x3ff3333333333333, 0x1, 0xc0054dfce0)
	/home/mariell/go/pkg/mod/k8s.io/apimachinery@v0.32.1/pkg/util/wait/backoff.go:204 +0x7f
created by k8s.io/apiserver/pkg/registry/generic/registry.(*Store).startObservingCount in goroutine 54599
	/home/mariell/go/pkg/mod/k8s.io/apiserver@v0.32.1/pkg/registry/generic/registry/store.go:1666 +0x2f9

goroutine 75098 [select]:
github.com/grafana/grafana/pkg/storage/unified/resource.(*cache[...]).run(0xc040e1db80)
	/home/mariell/work/oss/grafana/pkg/storage/unified/resource/broadcaster.go:291 +0xb0
created by github.com/grafana/grafana/pkg/storage/unified/resource.newChannelCache[...] in goroutine 56145
	/home/mariell/work/oss/grafana/pkg/storage/unified/resource/broadcaster.go:276 +0x189

goroutine 58906 [sync.Cond.Wait]:
sync.runtime_notifyListWait(0xc01f861010, 0x22)
	/usr/lib/go/src/runtime/sema.go:597 +0x159
sync.(*Cond).Wait(0x0?)
	/usr/lib/go/src/sync/cond.go:71 +0x85
github.com/centrifugal/centrifuge/internal/dissolve.(*queueImpl).Wait(0xc01921b6c0)
	/home/mariell/go/pkg/mod/github.com/centrifugal/centrifuge@v0.33.3/internal/dissolve/queue.go:139 +0x4a
github.com/centrifugal/centrifuge/internal/dissolve.(*Dissolver).runWorker(0xc0243b2a20)
	/home/mariell/go/pkg/mod/github.com/centrifugal/centrifuge@v0.33.3/internal/dissolve/dissolve.go:52 +0x27
created by github.com/centrifugal/centrifuge/internal/dissolve.(*Dissolver).Run in goroutine 57831
	/home/mariell/go/pkg/mod/github.com/centrifugal/centrifuge@v0.33.3/internal/dissolve/dissolve.go:31 +0x25

goroutine 54341 [sync.Cond.Wait]:
sync.runtime_notifyListWait(0xc02667f850, 0x5)
	/usr/lib/go/src/runtime/sema.go:597 +0x159
sync.(*Cond).Wait(0x0?)
	/usr/lib/go/src/sync/cond.go:71 +0x85
github.com/centrifugal/centrifuge/internal/dissolve.(*queueImpl).Wait(0xc029e6aa10)
	/home/mariell/go/pkg/mod/github.com/centrifugal/centrifuge@v0.33.3/internal/dissolve/queue.go:139 +0x4a
github.com/centrifugal/centrifuge/internal/dissolve.(*Dissolver).runWorker(0xc015fed548)
	/home/mariell/go/pkg/mod/github.com/centrifugal/centrifuge@v0.33.3/internal/dissolve/dissolve.go:52 +0x27
created by github.com/centrifugal/centrifuge/internal/dissolve.(*Dissolver).Run in goroutine 53243
	/home/mariell/go/pkg/mod/github.com/centrifugal/centrifuge@v0.33.3/internal/dissolve/dissolve.go:31 +0x25

goroutine 54739 [select]:
net/http.(*persistConn).writeLoop(0xc02a3b3560)
	/usr/lib/go/src/net/http/transport.go:2590 +0xe7
created by net/http.(*Transport).dialConn in goroutine 54552
	/usr/lib/go/src/net/http/transport.go:1945 +0x17a5

goroutine 55906 [sync.Cond.Wait]:
sync.runtime_notifyListWait(0xc022793e10, 0x1e)
	/usr/lib/go/src/runtime/sema.go:597 +0x159
sync.(*Cond).Wait(0x0?)
	/usr/lib/go/src/sync/cond.go:71 +0x85
github.com/centrifugal/centrifuge/internal/dissolve.(*queueImpl).Wait(0xc01100c540)
	/home/mariell/go/pkg/mod/github.com/centrifugal/centrifuge@v0.33.3/internal/dissolve/queue.go:139 +0x4a
github.com/centrifugal/centrifuge/internal/dissolve.(*Dissolver).runWorker(0xc02431b8f0)
	/home/mariell/go/pkg/mod/github.com/centrifugal/centrifuge@v0.33.3/internal/dissolve/dissolve.go:52 +0x27
created by github.com/centrifugal/centrifuge/internal/dissolve.(*Dissolver).Run in goroutine 54803
	/home/mariell/go/pkg/mod/github.com/centrifugal/centrifuge@v0.33.3/internal/dissolve/dissolve.go:31 +0x25

goroutine 55912 [sync.Cond.Wait]:
sync.runtime_notifyListWait(0xc022793e10, 0x24)
	/usr/lib/go/src/runtime/sema.go:597 +0x159
sync.(*Cond).Wait(0xc02be737d0?)
	/usr/lib/go/src/sync/cond.go:71 +0x85
github.com/centrifugal/centrifuge/internal/dissolve.(*queueImpl).Wait(0xc01100c540)
	/home/mariell/go/pkg/mod/github.com/centrifugal/centrifuge@v0.33.3/internal/dissolve/queue.go:139 +0x4a
github.com/centrifugal/centrifuge/internal/dissolve.(*Dissolver).runWorker(0xc02431b8f0)
	/home/mariell/go/pkg/mod/github.com/centrifugal/centrifuge@v0.33.3/internal/dissolve/dissolve.go:52 +0x27
created by github.com/centrifugal/centrifuge/internal/dissolve.(*Dissolver).Run in goroutine 54803
	/home/mariell/go/pkg/mod/github.com/centrifugal/centrifuge@v0.33.3/internal/dissolve/dissolve.go:31 +0x25

goroutine 59459 [runnable]:
go.opentelemetry.io/otel/sdk/trace.(*batchSpanProcessor).processQueue(0xc01881f540)
	/home/mariell/go/pkg/mod/go.opentelemetry.io/otel/sdk@v1.34.0/trace/batch_span_processor.go:302 +0x114
go.opentelemetry.io/otel/sdk/trace.NewBatchSpanProcessor.func1()
	/home/mariell/go/pkg/mod/go.opentelemetry.io/otel/sdk@v1.34.0/trace/batch_span_processor.go:117 +0x4e
created by go.opentelemetry.io/otel/sdk/trace.NewBatchSpanProcessor in goroutine 56143
	/home/mariell/go/pkg/mod/go.opentelemetry.io/otel/sdk@v1.34.0/trace/batch_span_processor.go:115 +0x2d9

goroutine 54383 [sync.Cond.Wait]:
sync.runtime_notifyListWait(0xc02667f850, 0x34)
	/usr/lib/go/src/runtime/sema.go:597 +0x159
sync.(*Cond).Wait(0xc020dce7d0?)
	/usr/lib/go/src/sync/cond.go:71 +0x85
github.com/centrifugal/centrifuge/internal/dissolve.(*queueImpl).Wait(0xc029e6aa10)
	/home/mariell/go/pkg/mod/github.com/centrifugal/centrifuge@v0.33.3/internal/dissolve/queue.go:139 +0x4a
github.com/centrifugal/centrifuge/internal/dissolve.(*Dissolver).runWorker(0xc015fed548)
	/home/mariell/go/pkg/mod/github.com/centrifugal/centrifuge@v0.33.3/internal/dissolve/dissolve.go:52 +0x27
created by github.com/centrifugal/centrifuge/internal/dissolve.(*Dissolver).Run in goroutine 53243
	/home/mariell/go/pkg/mod/github.com/centrifugal/centrifuge@v0.33.3/internal/dissolve/dissolve.go:31 +0x25

goroutine 54324 [select]:
github.com/centrifugal/centrifuge.(*MemoryBroker).expireResultCache(0xc020587100)
	/home/mariell/go/pkg/mod/github.com/centrifugal/centrifuge@v0.33.3/broker_memory.go:160 +0x68
created by github.com/centrifugal/centrifuge.(*MemoryBroker).Run in goroutine 53243
	/home/mariell/go/pkg/mod/github.com/centrifugal/centrifuge@v0.33.3/broker_memory.go:73 +0x7f

goroutine 54621 [select]:
github.com/patrickmn/go-cache.(*janitor).Run(0xc028267900, 0xc02a622f80)
	/home/mariell/go/pkg/mod/github.com/patrickmn/go-cache@v2.1.0+incompatible/cache.go:1079 +0x7b
created by github.com/patrickmn/go-cache.runJanitor in goroutine 54803
	/home/mariell/go/pkg/mod/github.com/patrickmn/go-cache@v2.1.0+incompatible/cache.go:1099 +0xdb

goroutine 54338 [sync.Cond.Wait]:
sync.runtime_notifyListWait(0xc02667f850, 0x11)
	/usr/lib/go/src/runtime/sema.go:597 +0x159
sync.(*Cond).Wait(0x0?)
	/usr/lib/go/src/sync/cond.go:71 +0x85
github.com/centrifugal/centrifuge/internal/dissolve.(*queueImpl).Wait(0xc029e6aa10)
	/home/mariell/go/pkg/mod/github.com/centrifugal/centrifuge@v0.33.3/internal/dissolve/queue.go:139 +0x4a
github.com/centrifugal/centrifuge/internal/dissolve.(*Dissolver).runWorker(0xc015fed548)
	/home/mariell/go/pkg/mod/github.com/centrifugal/centrifuge@v0.33.3/internal/dissolve/dissolve.go:52 +0x27
created by github.com/centrifugal/centrifuge/internal/dissolve.(*Dissolver).Run in goroutine 53243
	/home/mariell/go/pkg/mod/github.com/centrifugal/centrifuge@v0.33.3/internal/dissolve/dissolve.go:31 +0x25

goroutine 55883 [sync.Cond.Wait]:
sync.runtime_notifyListWait(0xc022793e10, 0xe)
	/usr/lib/go/src/runtime/sema.go:597 +0x159
sync.(*Cond).Wait(0x3432203139342e34?)
	/usr/lib/go/src/sync/cond.go:71 +0x85
github.com/centrifugal/centrifuge/internal/dissolve.(*queueImpl).Wait(0xc01100c540)
	/home/mariell/go/pkg/mod/github.com/centrifugal/centrifuge@v0.33.3/internal/dissolve/queue.go:139 +0x4a
github.com/centrifugal/centrifuge/internal/dissolve.(*Dissolver).runWorker(0xc02431b8f0)
	/home/mariell/go/pkg/mod/github.com/centrifugal/centrifuge@v0.33.3/internal/dissolve/dissolve.go:52 +0x27
created by github.com/centrifugal/centrifuge/internal/dissolve.(*Dissolver).Run in goroutine 54803
	/home/mariell/go/pkg/mod/github.com/centrifugal/centrifuge@v0.33.3/internal/dissolve/dissolve.go:31 +0x25

goroutine 53215 [sync.Cond.Wait]:
sync.runtime_notifyListWait(0xc02667f850, 0x2)
	/usr/lib/go/src/runtime/sema.go:597 +0x159
sync.(*Cond).Wait(0x0?)
	/usr/lib/go/src/sync/cond.go:71 +0x85
github.com/centrifugal/centrifuge/internal/dissolve.(*queueImpl).Wait(0xc029e6aa10)
	/home/mariell/go/pkg/mod/github.com/centrifugal/centrifuge@v0.33.3/internal/dissolve/queue.go:139 +0x4a
github.com/centrifugal/centrifuge/internal/dissolve.(*Dissolver).runWorker(0xc015fed548)
	/home/mariell/go/pkg/mod/github.com/centrifugal/centrifuge@v0.33.3/internal/dissolve/dissolve.go:52 +0x27
created by github.com/centrifugal/centrifuge/internal/dissolve.(*Dissolver).Run in goroutine 53243
	/home/mariell/go/pkg/mod/github.com/centrifugal/centrifuge@v0.33.3/internal/dissolve/dissolve.go:31 +0x25

goroutine 54606 [select]:
github.com/grafana/grafana/pkg/storage/unified/resource.(*cache[...]).run(0xc023f7c0a0)
	/home/mariell/work/oss/grafana/pkg/storage/unified/resource/broadcaster.go:291 +0xb0
created by github.com/grafana/grafana/pkg/storage/unified/resource.newChannelCache[...] in goroutine 54599
	/home/mariell/work/oss/grafana/pkg/storage/unified/resource/broadcaster.go:276 +0x189

goroutine 54325 [select]:
github.com/centrifugal/centrifuge.(*historyHub).expireStreams(0xc020587000)
	/home/mariell/go/pkg/mod/github.com/centrifugal/centrifuge@v0.33.3/broker_memory.go:298 +0x75
created by github.com/centrifugal/centrifuge.(*historyHub).runCleanups in goroutine 53243
	/home/mariell/go/pkg/mod/github.com/centrifugal/centrifuge@v0.33.3/broker_memory.go:252 +0x56

goroutine 54379 [sync.Cond.Wait]:
sync.runtime_notifyListWait(0xc02667f850, 0x2c)
	/usr/lib/go/src/runtime/sema.go:597 +0x159
sync.(*Cond).Wait(0x0?)
	/usr/lib/go/src/sync/cond.go:71 +0x85
github.com/centrifugal/centrifuge/internal/dissolve.(*queueImpl).Wait(0xc029e6aa10)
	/home/mariell/go/pkg/mod/github.com/centrifugal/centrifuge@v0.33.3/internal/dissolve/queue.go:139 +0x4a
github.com/centrifugal/centrifuge/internal/dissolve.(*Dissolver).runWorker(0xc015fed548)
	/home/mariell/go/pkg/mod/github.com/centrifugal/centrifuge@v0.33.3/internal/dissolve/dissolve.go:52 +0x27
created by github.com/centrifugal/centrifuge/internal/dissolve.(*Dissolver).Run in goroutine 53243
	/home/mariell/go/pkg/mod/github.com/centrifugal/centrifuge@v0.33.3/internal/dissolve/dissolve.go:31 +0x25

goroutine 55910 [sync.Cond.Wait]:
sync.runtime_notifyListWait(0xc022793e10, 0x22)
	/usr/lib/go/src/runtime/sema.go:597 +0x159
sync.(*Cond).Wait(0x0?)
	/usr/lib/go/src/sync/cond.go:71 +0x85
github.com/centrifugal/centrifuge/internal/dissolve.(*queueImpl).Wait(0xc01100c540)
	/home/mariell/go/pkg/mod/github.com/centrifugal/centrifuge@v0.33.3/internal/dissolve/queue.go:139 +0x4a
github.com/centrifugal/centrifuge/internal/dissolve.(*Dissolver).runWorker(0xc02431b8f0)
	/home/mariell/go/pkg/mod/github.com/centrifugal/centrifuge@v0.33.3/internal/dissolve/dissolve.go:52 +0x27
created by github.com/centrifugal/centrifuge/internal/dissolve.(*Dissolver).Run in goroutine 54803
	/home/mariell/go/pkg/mod/github.com/centrifugal/centrifuge@v0.33.3/internal/dissolve/dissolve.go:31 +0x25

goroutine 58910 [sync.Cond.Wait]:
sync.runtime_notifyListWait(0xc01f861010, 0x28)
	/usr/lib/go/src/runtime/sema.go:597 +0x159
sync.(*Cond).Wait(0x0?)
	/usr/lib/go/src/sync/cond.go:71 +0x85
github.com/centrifugal/centrifuge/internal/dissolve.(*queueImpl).Wait(0xc01921b6c0)
	/home/mariell/go/pkg/mod/github.com/centrifugal/centrifuge@v0.33.3/internal/dissolve/queue.go:139 +0x4a
github.com/centrifugal/centrifuge/internal/dissolve.(*Dissolver).runWorker(0xc0243b2a20)
	/home/mariell/go/pkg/mod/github.com/centrifugal/centrifuge@v0.33.3/internal/dissolve/dissolve.go:52 +0x27
created by github.com/centrifugal/centrifuge/internal/dissolve.(*Dissolver).Run in goroutine 57831
	/home/mariell/go/pkg/mod/github.com/centrifugal/centrifuge@v0.33.3/internal/dissolve/dissolve.go:31 +0x25

goroutine 53214 [select]:
github.com/centrifugal/centrifuge.(*Node).updateMetrics(0xc022f938c8)
	/home/mariell/go/pkg/mod/github.com/centrifugal/centrifuge@v0.33.3/node.go:335 +0x85
created by github.com/centrifugal/centrifuge.(*Node).Run in goroutine 53243
	/home/mariell/go/pkg/mod/github.com/centrifugal/centrifuge@v0.33.3/node.go:262 +0x2a5

goroutine 54185 [select]:
github.com/patrickmn/go-cache.(*janitor).Run(0xc02465a600, 0xc01f7476c0)
	/home/mariell/go/pkg/mod/github.com/patrickmn/go-cache@v2.1.0+incompatible/cache.go:1079 +0x7b
created by github.com/patrickmn/go-cache.runJanitor in goroutine 53243
	/home/mariell/go/pkg/mod/github.com/patrickmn/go-cache@v2.1.0+incompatible/cache.go:1099 +0xdb

goroutine 54342 [sync.Cond.Wait]:
sync.runtime_notifyListWait(0xc02667f850, 0x6)
	/usr/lib/go/src/runtime/sema.go:597 +0x159
sync.(*Cond).Wait(0x0?)
	/usr/lib/go/src/sync/cond.go:71 +0x85
github.com/centrifugal/centrifuge/internal/dissolve.(*queueImpl).Wait(0xc029e6aa10)
	/home/mariell/go/pkg/mod/github.com/centrifugal/centrifuge@v0.33.3/internal/dissolve/queue.go:139 +0x4a
github.com/centrifugal/centrifuge/internal/dissolve.(*Dissolver).runWorker(0xc015fed548)
	/home/mariell/go/pkg/mod/github.com/centrifugal/centrifuge@v0.33.3/internal/dissolve/dissolve.go:52 +0x27
created by github.com/centrifugal/centrifuge/internal/dissolve.(*Dissolver).Run in goroutine 53243
	/home/mariell/go/pkg/mod/github.com/centrifugal/centrifuge@v0.33.3/internal/dissolve/dissolve.go:31 +0x25

goroutine 53216 [sync.Cond.Wait]:
sync.runtime_notifyListWait(0xc02667f850, 0x1)
	/usr/lib/go/src/runtime/sema.go:597 +0x159
sync.(*Cond).Wait(0x0?)
	/usr/lib/go/src/sync/cond.go:71 +0x85
github.com/centrifugal/centrifuge/internal/dissolve.(*queueImpl).Wait(0xc029e6aa10)
	/home/mariell/go/pkg/mod/github.com/centrifugal/centrifuge@v0.33.3/internal/dissolve/queue.go:139 +0x4a
github.com/centrifugal/centrifuge/internal/dissolve.(*Dissolver).runWorker(0xc015fed548)
	/home/mariell/go/pkg/mod/github.com/centrifugal/centrifuge@v0.33.3/internal/dissolve/dissolve.go:52 +0x27
created by github.com/centrifugal/centrifuge/internal/dissolve.(*Dissolver).Run in goroutine 53243
	/home/mariell/go/pkg/mod/github.com/centrifugal/centrifuge@v0.33.3/internal/dissolve/dissolve.go:31 +0x25

goroutine 54181 [select]:
github.com/patrickmn/go-cache.(*janitor).Run(0xc024630d50, 0xc01f7465c0)
	/home/mariell/go/pkg/mod/github.com/patrickmn/go-cache@v2.1.0+incompatible/cache.go:1079 +0x7b
created by github.com/patrickmn/go-cache.runJanitor in goroutine 53243
	/home/mariell/go/pkg/mod/github.com/patrickmn/go-cache@v2.1.0+incompatible/cache.go:1099 +0xdb

goroutine 54605 [chan receive]:
github.com/grafana/grafana/pkg/storage/unified/resource.(*server).initWatcher.func1.1()
	/home/mariell/work/oss/grafana/pkg/storage/unified/resource/server.go:922 +0x58
created by github.com/grafana/grafana/pkg/storage/unified/resource.(*server).initWatcher.func1 in goroutine 54599
	/home/mariell/work/oss/grafana/pkg/storage/unified/resource/server.go:921 +0xaa

goroutine 57828 [IO wait]:
internal/poll.runtime_pollWait(0x77751a6ff798, 0x72)
	/usr/lib/go/src/runtime/netpoll.go:351 +0x85
internal/poll.(*pollDesc).wait(0xc0097c8800?, 0xc02c894000?, 0x0)
	/usr/lib/go/src/internal/poll/fd_poll_runtime.go:84 +0x27
internal/poll.(*pollDesc).waitRead(...)
	/usr/lib/go/src/internal/poll/fd_poll_runtime.go:89
internal/poll.(*FD).Read(0xc0097c8800, {0xc02c894000, 0xa000, 0xa000})
	/usr/lib/go/src/internal/poll/fd_unix.go:165 +0x27a
net.(*netFD).Read(0xc0097c8800, {0xc02c894000?, 0xc02c894000?, 0x5?})
	/usr/lib/go/src/net/fd_posix.go:55 +0x25
net.(*conn).Read(0xc02b6ca088, {0xc02c894000?, 0x777550336860?, 0x7775a8b2ab80?})
	/usr/lib/go/src/net/net.go:194 +0x45
crypto/tls.(*atLeastReader).Read(0xc02c7f1e48, {0xc02c894000?, 0x9ffb?, 0x0?})
	/usr/lib/go/src/crypto/tls/conn.go:809 +0x3b
bytes.(*Buffer).ReadFrom(0xc02c7830b8, {0xa94e300, 0xc02c7f1e48})
	/usr/lib/go/src/bytes/buffer.go:211 +0x98
crypto/tls.(*Conn).readFromUntil(0xc02c782e08, {0xa94dc00, 0xc02b6ca088}, 0x444af4?)
	/usr/lib/go/src/crypto/tls/conn.go:831 +0xde
crypto/tls.(*Conn).readRecordOrCCS(0xc02c782e08, 0x0)
	/usr/lib/go/src/crypto/tls/conn.go:629 +0x3cf
crypto/tls.(*Conn).readRecord(...)
	/usr/lib/go/src/crypto/tls/conn.go:591
crypto/tls.(*Conn).Read(0xc02c782e08, {0xc02c843000, 0x1000, 0xc02981c930?})
	/usr/lib/go/src/crypto/tls/conn.go:1385 +0x145
net/http.(*persistConn).Read(0xc027c3ed80, {0xc02c843000?, 0x81fe45?, 0xa94be80?})
	/usr/lib/go/src/net/http/transport.go:2122 +0x47
bufio.(*Reader).fill(0xc02c840780)
	/usr/lib/go/src/bufio/bufio.go:113 +0x103
bufio.(*Reader).Peek(0xc02c840780, 0x1)
	/usr/lib/go/src/bufio/bufio.go:152 +0x53
net/http.(*persistConn).readLoop(0xc027c3ed80)
	/usr/lib/go/src/net/http/transport.go:2275 +0x172
created by net/http.(*Transport).dialConn in goroutine 56160
	/usr/lib/go/src/net/http/transport.go:1944 +0x174f

goroutine 55884 [sync.Cond.Wait]:
sync.runtime_notifyListWait(0xc022793e10, 0xf)
	/usr/lib/go/src/runtime/sema.go:597 +0x159
sync.(*Cond).Wait(0xc02be77701?)
	/usr/lib/go/src/sync/cond.go:71 +0x85
github.com/centrifugal/centrifuge/internal/dissolve.(*queueImpl).Wait(0xc01100c540)
	/home/mariell/go/pkg/mod/github.com/centrifugal/centrifuge@v0.33.3/internal/dissolve/queue.go:139 +0x4a
github.com/centrifugal/centrifuge/internal/dissolve.(*Dissolver).runWorker(0xc02431b8f0)
	/home/mariell/go/pkg/mod/github.com/centrifugal/centrifuge@v0.33.3/internal/dissolve/dissolve.go:52 +0x27
created by github.com/centrifugal/centrifuge/internal/dissolve.(*Dissolver).Run in goroutine 54803
	/home/mariell/go/pkg/mod/github.com/centrifugal/centrifuge@v0.33.3/internal/dissolve/dissolve.go:31 +0x25

goroutine 74583 [select]:
github.com/centrifugal/centrifuge.(*Node).cleanNodeInfo(0xc01dba2008)
	/home/mariell/go/pkg/mod/github.com/centrifugal/centrifuge@v0.33.3/node.go:394 +0x90
created by github.com/centrifugal/centrifuge.(*Node).Run in goroutine 4438
	/home/mariell/go/pkg/mod/github.com/centrifugal/centrifuge@v0.33.3/node.go:261 +0x265

goroutine 54376 [sync.Cond.Wait]:
sync.runtime_notifyListWait(0xc02667f850, 0x2b)
	/usr/lib/go/src/runtime/sema.go:597 +0x159
sync.(*Cond).Wait(0x0?)
	/usr/lib/go/src/sync/cond.go:71 +0x85
github.com/centrifugal/centrifuge/internal/dissolve.(*queueImpl).Wait(0xc029e6aa10)
	/home/mariell/go/pkg/mod/github.com/centrifugal/centrifuge@v0.33.3/internal/dissolve/queue.go:139 +0x4a
github.com/centrifugal/centrifuge/internal/dissolve.(*Dissolver).runWorker(0xc015fed548)
	/home/mariell/go/pkg/mod/github.com/centrifugal/centrifuge@v0.33.3/internal/dissolve/dissolve.go:52 +0x27
created by github.com/centrifugal/centrifuge/internal/dissolve.(*Dissolver).Run in goroutine 53243
	/home/mariell/go/pkg/mod/github.com/centrifugal/centrifuge@v0.33.3/internal/dissolve/dissolve.go:31 +0x25

goroutine 58907 [sync.Cond.Wait]:
sync.runtime_notifyListWait(0xc01f861010, 0x12)
	/usr/lib/go/src/runtime/sema.go:597 +0x159
sync.(*Cond).Wait(0xc028d20140?)
	/usr/lib/go/src/sync/cond.go:71 +0x85
github.com/centrifugal/centrifuge/internal/dissolve.(*queueImpl).Wait(0xc01921b6c0)
	/home/mariell/go/pkg/mod/github.com/centrifugal/centrifuge@v0.33.3/internal/dissolve/queue.go:139 +0x4a
github.com/centrifugal/centrifuge/internal/dissolve.(*Dissolver).runWorker(0xc0243b2a20)
	/home/mariell/go/pkg/mod/github.com/centrifugal/centrifuge@v0.33.3/internal/dissolve/dissolve.go:52 +0x27
created by github.com/centrifugal/centrifuge/internal/dissolve.(*Dissolver).Run in goroutine 57831
	/home/mariell/go/pkg/mod/github.com/centrifugal/centrifuge@v0.33.3/internal/dissolve/dissolve.go:31 +0x25

goroutine 58930 [sync.Cond.Wait]:
sync.runtime_notifyListWait(0xc01f861010, 0x38)
	/usr/lib/go/src/runtime/sema.go:597 +0x159
sync.(*Cond).Wait(0xc0217397d0?)
	/usr/lib/go/src/sync/cond.go:71 +0x85
github.com/centrifugal/centrifuge/internal/dissolve.(*queueImpl).Wait(0xc01921b6c0)
	/home/mariell/go/pkg/mod/github.com/centrifugal/centrifuge@v0.33.3/internal/dissolve/queue.go:139 +0x4a
github.com/centrifugal/centrifuge/internal/dissolve.(*Dissolver).runWorker(0xc0243b2a20)
	/home/mariell/go/pkg/mod/github.com/centrifugal/centrifuge@v0.33.3/internal/dissolve/dissolve.go:52 +0x27
created by github.com/centrifugal/centrifuge/internal/dissolve.(*Dissolver).Run in goroutine 57831
	/home/mariell/go/pkg/mod/github.com/centrifugal/centrifuge@v0.33.3/internal/dissolve/dissolve.go:31 +0x25

goroutine 53213 [select]:
github.com/centrifugal/centrifuge.(*Node).cleanNodeInfo(0xc022f938c8)
	/home/mariell/go/pkg/mod/github.com/centrifugal/centrifuge@v0.33.3/node.go:394 +0x90
created by github.com/centrifugal/centrifuge.(*Node).Run in goroutine 53243
	/home/mariell/go/pkg/mod/github.com/centrifugal/centrifuge@v0.33.3/node.go:261 +0x265

goroutine 54746 [select]:
k8s.io/apimachinery/pkg/util/wait.BackoffUntil(0xc028d07700, {0xa95ac00, 0xc02b8afb90}, 0x1, 0xc02482ecb0)
	/home/mariell/go/pkg/mod/k8s.io/apimachinery@v0.32.1/pkg/util/wait/backoff.go:238 +0x12c
k8s.io/apimachinery/pkg/util/wait.JitterUntil(0xc028d07700, 0x3b9aca00, 0x3ff3333333333333, 0x1, 0xc02482ecb0)
	/home/mariell/go/pkg/mod/k8s.io/apimachinery@v0.32.1/pkg/util/wait/backoff.go:204 +0x7f
created by k8s.io/apiserver/pkg/registry/generic/registry.(*Store).startObservingCount in goroutine 51745
	/home/mariell/go/pkg/mod/k8s.io/apiserver@v0.32.1/pkg/registry/generic/registry/store.go:1666 +0x2f9

goroutine 54375 [sync.Cond.Wait]:
sync.runtime_notifyListWait(0xc02667f850, 0x29)
	/usr/lib/go/src/runtime/sema.go:597 +0x159
sync.(*Cond).Wait(0x0?)
	/usr/lib/go/src/sync/cond.go:71 +0x85
github.com/centrifugal/centrifuge/internal/dissolve.(*queueImpl).Wait(0xc029e6aa10)
	/home/mariell/go/pkg/mod/github.com/centrifugal/centrifuge@v0.33.3/internal/dissolve/queue.go:139 +0x4a
github.com/centrifugal/centrifuge/internal/dissolve.(*Dissolver).runWorker(0xc015fed548)
	/home/mariell/go/pkg/mod/github.com/centrifugal/centrifuge@v0.33.3/internal/dissolve/dissolve.go:52 +0x27
created by github.com/centrifugal/centrifuge/internal/dissolve.(*Dissolver).Run in goroutine 53243
	/home/mariell/go/pkg/mod/github.com/centrifugal/centrifuge@v0.33.3/internal/dissolve/dissolve.go:31 +0x25

goroutine 75064 [select]:
github.com/grafana/grafana/pkg/storage/unified/resource.(*broadcaster[...]).stream(0xab113a0, 0xc040a77500)
	/home/mariell/work/oss/grafana/pkg/storage/unified/resource/broadcaster.go:205 +0x13d
created by github.com/grafana/grafana/pkg/storage/unified/resource.(*broadcaster[...]).init in goroutine 4436
	/home/mariell/work/oss/grafana/pkg/storage/unified/resource/broadcaster.go:177 +0x219

goroutine 55897 [sync.Cond.Wait]:
sync.runtime_notifyListWait(0xc022793e10, 0x1c)
	/usr/lib/go/src/runtime/sema.go:597 +0x159
sync.(*Cond).Wait(0x0?)
	/usr/lib/go/src/sync/cond.go:71 +0x85
github.com/centrifugal/centrifuge/internal/dissolve.(*queueImpl).Wait(0xc01100c540)
	/home/mariell/go/pkg/mod/github.com/centrifugal/centrifuge@v0.33.3/internal/dissolve/queue.go:139 +0x4a
github.com/centrifugal/centrifuge/internal/dissolve.(*Dissolver).runWorker(0xc02431b8f0)
	/home/mariell/go/pkg/mod/github.com/centrifugal/centrifuge@v0.33.3/internal/dissolve/dissolve.go:52 +0x27
created by github.com/centrifugal/centrifuge/internal/dissolve.(*Dissolver).Run in goroutine 54803
	/home/mariell/go/pkg/mod/github.com/centrifugal/centrifuge@v0.33.3/internal/dissolve/dissolve.go:31 +0x25

goroutine 54327 [select]:
github.com/FZambia/eagle.(*Eagle).aggregate(0xc0230d8e70)
	/home/mariell/go/pkg/mod/github.com/!f!zambia/eagle@v0.1.0/eagle.go:210 +0x6d
created by github.com/FZambia/eagle.New in goroutine 53243
	/home/mariell/go/pkg/mod/github.com/!f!zambia/eagle@v0.1.0/eagle.go:66 +0x176

goroutine 53212 [select]:
github.com/centrifugal/centrifuge.(*Node).sendNodePing(0xc022f938c8)
	/home/mariell/go/pkg/mod/github.com/centrifugal/centrifuge@v0.33.3/node.go:380 +0x85
created by github.com/centrifugal/centrifuge.(*Node).Run in goroutine 53243
	/home/mariell/go/pkg/mod/github.com/centrifugal/centrifuge@v0.33.3/node.go:260 +0x225

goroutine 55911 [sync.Cond.Wait]:
sync.runtime_notifyListWait(0xc022793e10, 0x23)
	/usr/lib/go/src/runtime/sema.go:597 +0x159
sync.(*Cond).Wait(0x0?)
	/usr/lib/go/src/sync/cond.go:71 +0x85
github.com/centrifugal/centrifuge/internal/dissolve.(*queueImpl).Wait(0xc01100c540)
	/home/mariell/go/pkg/mod/github.com/centrifugal/centrifuge@v0.33.3/internal/dissolve/queue.go:139 +0x4a
github.com/centrifugal/centrifuge/internal/dissolve.(*Dissolver).runWorker(0xc02431b8f0)
	/home/mariell/go/pkg/mod/github.com/centrifugal/centrifuge@v0.33.3/internal/dissolve/dissolve.go:52 +0x27
created by github.com/centrifugal/centrifuge/internal/dissolve.(*Dissolver).Run in goroutine 54803
	/home/mariell/go/pkg/mod/github.com/centrifugal/centrifuge@v0.33.3/internal/dissolve/dissolve.go:31 +0x25

goroutine 54381 [sync.Cond.Wait]:
sync.runtime_notifyListWait(0xc02667f850, 0x32)
	/usr/lib/go/src/runtime/sema.go:597 +0x159
sync.(*Cond).Wait(0x0?)
	/usr/lib/go/src/sync/cond.go:71 +0x85
github.com/centrifugal/centrifuge/internal/dissolve.(*queueImpl).Wait(0xc029e6aa10)
	/home/mariell/go/pkg/mod/github.com/centrifugal/centrifuge@v0.33.3/internal/dissolve/queue.go:139 +0x4a
github.com/centrifugal/centrifuge/internal/dissolve.(*Dissolver).runWorker(0xc015fed548)
	/home/mariell/go/pkg/mod/github.com/centrifugal/centrifuge@v0.33.3/internal/dissolve/dissolve.go:52 +0x27
created by github.com/centrifugal/centrifuge/internal/dissolve.(*Dissolver).Run in goroutine 53243
	/home/mariell/go/pkg/mod/github.com/centrifugal/centrifuge@v0.33.3/internal/dissolve/dissolve.go:31 +0x25

goroutine 73641 [select]:
github.com/patrickmn/go-cache.(*janitor).Run(0xc040284f20, 0xc023e4ca80)
	/home/mariell/go/pkg/mod/github.com/patrickmn/go-cache@v2.1.0+incompatible/cache.go:1079 +0x7b
created by github.com/patrickmn/go-cache.runJanitor in goroutine 56145
	/home/mariell/go/pkg/mod/github.com/patrickmn/go-cache@v2.1.0+incompatible/cache.go:1099 +0xdb

goroutine 75076 [IO wait]:
internal/poll.runtime_pollWait(0x77751a4b6628, 0x72)
	/usr/lib/go/src/runtime/netpoll.go:351 +0x85
internal/poll.(*pollDesc).wait(0xc04261a380?, 0xc02978ac00?, 0x0)
	/usr/lib/go/src/internal/poll/fd_poll_runtime.go:84 +0x27
internal/poll.(*pollDesc).waitRead(...)
	/usr/lib/go/src/internal/poll/fd_poll_runtime.go:89
internal/poll.(*FD).Read(0xc04261a380, {0xc02978ac00, 0x1300, 0x1300})
	/usr/lib/go/src/internal/poll/fd_unix.go:165 +0x27a
net.(*netFD).Read(0xc04261a380, {0xc02978ac00?, 0xc02978ac00?, 0x5?})
	/usr/lib/go/src/net/fd_posix.go:55 +0x25
net.(*conn).Read(0xc0425ae460, {0xc02978ac00?, 0x7775600b8f60?, 0x7775a8b2b038?})
	/usr/lib/go/src/net/net.go:194 +0x45
crypto/tls.(*atLeastReader).Read(0xc0077515c0, {0xc02978ac00?, 0xc024d737e8?, 0xc?})
	/usr/lib/go/src/crypto/tls/conn.go:809 +0x3b
bytes.(*Buffer).ReadFrom(0xc024d737b8, {0xa94e300, 0xc0077515c0})
	/usr/lib/go/src/bytes/buffer.go:211 +0x98
crypto/tls.(*Conn).readFromUntil(0xc024d73508, {0xa94dc00, 0xc0425ae460}, 0x444af4?)
	/usr/lib/go/src/crypto/tls/conn.go:831 +0xde
crypto/tls.(*Conn).readRecordOrCCS(0xc024d73508, 0x0)
	/usr/lib/go/src/crypto/tls/conn.go:629 +0x3cf
crypto/tls.(*Conn).readRecord(...)
	/usr/lib/go/src/crypto/tls/conn.go:591
crypto/tls.(*Conn).Read(0xc024d73508, {0xc042eb8000, 0x1000, 0xc042416810?})
	/usr/lib/go/src/crypto/tls/conn.go:1385 +0x145
net/http.(*persistConn).Read(0xc02b526c60, {0xc042eb8000?, 0x81fe45?, 0xa94be80?})
	/usr/lib/go/src/net/http/transport.go:2122 +0x47
bufio.(*Reader).fill(0xc01bb0dda0)
	/usr/lib/go/src/bufio/bufio.go:113 +0x103
bufio.(*Reader).Peek(0xc01bb0dda0, 0x1)
	/usr/lib/go/src/bufio/bufio.go:152 +0x53
net/http.(*persistConn).readLoop(0xc02b526c60)
	/usr/lib/go/src/net/http/transport.go:2275 +0x172
created by net/http.(*Transport).dialConn in goroutine 74708
	/usr/lib/go/src/net/http/transport.go:1944 +0x174f

goroutine 53211 [select]:
github.com/centrifugal/centrifuge.(*Node).initMetrics.func1()
	/home/mariell/go/pkg/mod/github.com/centrifugal/centrifuge@v0.33.3/node.go:365 +0x8a
created by github.com/centrifugal/centrifuge.(*Node).initMetrics in goroutine 53243
	/home/mariell/go/pkg/mod/github.com/centrifugal/centrifuge@v0.33.3/node.go:363 +0x1f9

goroutine 54378 [sync.Cond.Wait]:
sync.runtime_notifyListWait(0xc02667f850, 0x25)
	/usr/lib/go/src/runtime/sema.go:597 +0x159
sync.(*Cond).Wait(0x0?)
	/usr/lib/go/src/sync/cond.go:71 +0x85
github.com/centrifugal/centrifuge/internal/dissolve.(*queueImpl).Wait(0xc029e6aa10)
	/home/mariell/go/pkg/mod/github.com/centrifugal/centrifuge@v0.33.3/internal/dissolve/queue.go:139 +0x4a
github.com/centrifugal/centrifuge/internal/dissolve.(*Dissolver).runWorker(0xc015fed548)
	/home/mariell/go/pkg/mod/github.com/centrifugal/centrifuge@v0.33.3/internal/dissolve/dissolve.go:52 +0x27
created by github.com/centrifugal/centrifuge/internal/dissolve.(*Dissolver).Run in goroutine 53243
	/home/mariell/go/pkg/mod/github.com/centrifugal/centrifuge@v0.33.3/internal/dissolve/dissolve.go:31 +0x25

goroutine 55904 [sync.Cond.Wait]:
sync.runtime_notifyListWait(0xc022793e10, 0x26)
	/usr/lib/go/src/runtime/sema.go:597 +0x159
sync.(*Cond).Wait(0xc03061a7d0?)
	/usr/lib/go/src/sync/cond.go:71 +0x85
github.com/centrifugal/centrifuge/internal/dissolve.(*queueImpl).Wait(0xc01100c540)
	/home/mariell/go/pkg/mod/github.com/centrifugal/centrifuge@v0.33.3/internal/dissolve/queue.go:139 +0x4a
github.com/centrifugal/centrifuge/internal/dissolve.(*Dissolver).runWorker(0xc02431b8f0)
	/home/mariell/go/pkg/mod/github.com/centrifugal/centrifuge@v0.33.3/internal/dissolve/dissolve.go:52 +0x27
created by github.com/centrifugal/centrifuge/internal/dissolve.(*Dissolver).Run in goroutine 54803
	/home/mariell/go/pkg/mod/github.com/centrifugal/centrifuge@v0.33.3/internal/dissolve/dissolve.go:31 +0x25

goroutine 54339 [sync.Cond.Wait]:
sync.runtime_notifyListWait(0xc02667f850, 0x0)
	/usr/lib/go/src/runtime/sema.go:597 +0x159
sync.(*Cond).Wait(0x0?)
	/usr/lib/go/src/sync/cond.go:71 +0x85
github.com/centrifugal/centrifuge/internal/dissolve.(*queueImpl).Wait(0xc029e6aa10)
	/home/mariell/go/pkg/mod/github.com/centrifugal/centrifuge@v0.33.3/internal/dissolve/queue.go:139 +0x4a
github.com/centrifugal/centrifuge/internal/dissolve.(*Dissolver).runWorker(0xc015fed548)
	/home/mariell/go/pkg/mod/github.com/centrifugal/centrifuge@v0.33.3/internal/dissolve/dissolve.go:52 +0x27
created by github.com/centrifugal/centrifuge/internal/dissolve.(*Dissolver).Run in goroutine 53243
	/home/mariell/go/pkg/mod/github.com/centrifugal/centrifuge@v0.33.3/internal/dissolve/dissolve.go:31 +0x25

goroutine 73869 [select]:
github.com/patrickmn/go-cache.(*janitor).Run(0xc018e04a90, 0xc02667e940)
	/home/mariell/go/pkg/mod/github.com/patrickmn/go-cache@v2.1.0+incompatible/cache.go:1079 +0x7b
created by github.com/patrickmn/go-cache.runJanitor in goroutine 4436
	/home/mariell/go/pkg/mod/github.com/patrickmn/go-cache@v2.1.0+incompatible/cache.go:1099 +0xdb

goroutine 54229 [select]:
github.com/grafana/grafana/pkg/storage/unified/resource.(*broadcaster[...]).stream(0xab113a0, 0xc02b55e4d0)
	/home/mariell/work/oss/grafana/pkg/storage/unified/resource/broadcaster.go:205 +0x13d
created by github.com/grafana/grafana/pkg/storage/unified/resource.(*broadcaster[...]).init in goroutine 53243
	/home/mariell/work/oss/grafana/pkg/storage/unified/resource/broadcaster.go:177 +0x219

goroutine 54382 [sync.Cond.Wait]:
sync.runtime_notifyListWait(0xc02667f850, 0x33)
	/usr/lib/go/src/runtime/sema.go:597 +0x159
sync.(*Cond).Wait(0x0?)
	/usr/lib/go/src/sync/cond.go:71 +0x85
github.com/centrifugal/centrifuge/internal/dissolve.(*queueImpl).Wait(0xc029e6aa10)
	/home/mariell/go/pkg/mod/github.com/centrifugal/centrifuge@v0.33.3/internal/dissolve/queue.go:139 +0x4a
github.com/centrifugal/centrifuge/internal/dissolve.(*Dissolver).runWorker(0xc015fed548)
	/home/mariell/go/pkg/mod/github.com/centrifugal/centrifuge@v0.33.3/internal/dissolve/dissolve.go:52 +0x27
created by github.com/centrifugal/centrifuge/internal/dissolve.(*Dissolver).Run in goroutine 53243
	/home/mariell/go/pkg/mod/github.com/centrifugal/centrifuge@v0.33.3/internal/dissolve/dissolve.go:31 +0x25

goroutine 54380 [sync.Cond.Wait]:
sync.runtime_notifyListWait(0xc02667f850, 0x2e)
	/usr/lib/go/src/runtime/sema.go:597 +0x159
sync.(*Cond).Wait(0x0?)
	/usr/lib/go/src/sync/cond.go:71 +0x85
github.com/centrifugal/centrifuge/internal/dissolve.(*queueImpl).Wait(0xc029e6aa10)
	/home/mariell/go/pkg/mod/github.com/centrifugal/centrifuge@v0.33.3/internal/dissolve/queue.go:139 +0x4a
github.com/centrifugal/centrifuge/internal/dissolve.(*Dissolver).runWorker(0xc015fed548)
	/home/mariell/go/pkg/mod/github.com/centrifugal/centrifuge@v0.33.3/internal/dissolve/dissolve.go:52 +0x27
created by github.com/centrifugal/centrifuge/internal/dissolve.(*Dissolver).Run in goroutine 53243
	/home/mariell/go/pkg/mod/github.com/centrifugal/centrifuge@v0.33.3/internal/dissolve/dissolve.go:31 +0x25

goroutine 54228 [select]:
github.com/grafana/grafana/pkg/storage/unified/resource.(*cache[...]).run(0xc005c99900)
	/home/mariell/work/oss/grafana/pkg/storage/unified/resource/broadcaster.go:291 +0xb0
created by github.com/grafana/grafana/pkg/storage/unified/resource.newChannelCache[...] in goroutine 53243
	/home/mariell/work/oss/grafana/pkg/storage/unified/resource/broadcaster.go:276 +0x189

goroutine 55913 [sync.Cond.Wait]:
sync.runtime_notifyListWait(0xc022793e10, 0x1d)
	/usr/lib/go/src/runtime/sema.go:597 +0x159
sync.(*Cond).Wait(0x0?)
	/usr/lib/go/src/sync/cond.go:71 +0x85
github.com/centrifugal/centrifuge/internal/dissolve.(*queueImpl).Wait(0xc01100c540)
	/home/mariell/go/pkg/mod/github.com/centrifugal/centrifuge@v0.33.3/internal/dissolve/queue.go:139 +0x4a
github.com/centrifugal/centrifuge/internal/dissolve.(*Dissolver).runWorker(0xc02431b8f0)
	/home/mariell/go/pkg/mod/github.com/centrifugal/centrifuge@v0.33.3/internal/dissolve/dissolve.go:52 +0x27
created by github.com/centrifugal/centrifuge/internal/dissolve.(*Dissolver).Run in goroutine 54803
	/home/mariell/go/pkg/mod/github.com/centrifugal/centrifuge@v0.33.3/internal/dissolve/dissolve.go:31 +0x25

goroutine 53217 [sync.Cond.Wait]:
sync.runtime_notifyListWait(0xc02667f850, 0x10)
	/usr/lib/go/src/runtime/sema.go:597 +0x159
sync.(*Cond).Wait(0x0?)
	/usr/lib/go/src/sync/cond.go:71 +0x85
github.com/centrifugal/centrifuge/internal/dissolve.(*queueImpl).Wait(0xc029e6aa10)
	/home/mariell/go/pkg/mod/github.com/centrifugal/centrifuge@v0.33.3/internal/dissolve/queue.go:139 +0x4a
github.com/centrifugal/centrifuge/internal/dissolve.(*Dissolver).runWorker(0xc015fed548)
	/home/mariell/go/pkg/mod/github.com/centrifugal/centrifuge@v0.33.3/internal/dissolve/dissolve.go:52 +0x27
created by github.com/centrifugal/centrifuge/internal/dissolve.(*Dissolver).Run in goroutine 53243
	/home/mariell/go/pkg/mod/github.com/centrifugal/centrifuge@v0.33.3/internal/dissolve/dissolve.go:31 +0x25

goroutine 55909 [sync.Cond.Wait]:
sync.runtime_notifyListWait(0xc022793e10, 0x21)
	/usr/lib/go/src/runtime/sema.go:597 +0x159
sync.(*Cond).Wait(0x0?)
	/usr/lib/go/src/sync/cond.go:71 +0x85
github.com/centrifugal/centrifuge/internal/dissolve.(*queueImpl).Wait(0xc01100c540)
	/home/mariell/go/pkg/mod/github.com/centrifugal/centrifuge@v0.33.3/internal/dissolve/queue.go:139 +0x4a
github.com/centrifugal/centrifuge/internal/dissolve.(*Dissolver).runWorker(0xc02431b8f0)
	/home/mariell/go/pkg/mod/github.com/centrifugal/centrifuge@v0.33.3/internal/dissolve/dissolve.go:52 +0x27
created by github.com/centrifugal/centrifuge/internal/dissolve.(*Dissolver).Run in goroutine 54803
	/home/mariell/go/pkg/mod/github.com/centrifugal/centrifuge@v0.33.3/internal/dissolve/dissolve.go:31 +0x25

goroutine 54340 [sync.Cond.Wait]:
sync.runtime_notifyListWait(0xc02667f850, 0x4)
	/usr/lib/go/src/runtime/sema.go:597 +0x159
sync.(*Cond).Wait(0x0?)
	/usr/lib/go/src/sync/cond.go:71 +0x85
github.com/centrifugal/centrifuge/internal/dissolve.(*queueImpl).Wait(0xc029e6aa10)
	/home/mariell/go/pkg/mod/github.com/centrifugal/centrifuge@v0.33.3/internal/dissolve/queue.go:139 +0x4a
github.com/centrifugal/centrifuge/internal/dissolve.(*Dissolver).runWorker(0xc015fed548)
	/home/mariell/go/pkg/mod/github.com/centrifugal/centrifuge@v0.33.3/internal/dissolve/dissolve.go:52 +0x27
created by github.com/centrifugal/centrifuge/internal/dissolve.(*Dissolver).Run in goroutine 53243
	/home/mariell/go/pkg/mod/github.com/centrifugal/centrifuge@v0.33.3/internal/dissolve/dissolve.go:31 +0x25

goroutine 55898 [sync.Cond.Wait]:
sync.runtime_notifyListWait(0xc022793e10, 0x12)
	/usr/lib/go/src/runtime/sema.go:597 +0x159
sync.(*Cond).Wait(0x0?)
	/usr/lib/go/src/sync/cond.go:71 +0x85
github.com/centrifugal/centrifuge/internal/dissolve.(*queueImpl).Wait(0xc01100c540)
	/home/mariell/go/pkg/mod/github.com/centrifugal/centrifuge@v0.33.3/internal/dissolve/queue.go:139 +0x4a
github.com/centrifugal/centrifuge/internal/dissolve.(*Dissolver).runWorker(0xc02431b8f0)
	/home/mariell/go/pkg/mod/github.com/centrifugal/centrifuge@v0.33.3/internal/dissolve/dissolve.go:52 +0x27
created by github.com/centrifugal/centrifuge/internal/dissolve.(*Dissolver).Run in goroutine 54803
	/home/mariell/go/pkg/mod/github.com/centrifugal/centrifuge@v0.33.3/internal/dissolve/dissolve.go:31 +0x25

goroutine 57795 [select]:
k8s.io/apimachinery/pkg/util/wait.BackoffUntil(0xc02a7720c0, {0xa95ac00, 0xc00a4f2d80}, 0x1, 0xc02a4df810)
	/home/mariell/go/pkg/mod/k8s.io/apimachinery@v0.32.1/pkg/util/wait/backoff.go:238 +0x12c
k8s.io/apimachinery/pkg/util/wait.JitterUntil(0xc02a7720c0, 0x3b9aca00, 0x3ff3333333333333, 0x1, 0xc02a4df810)
	/home/mariell/go/pkg/mod/k8s.io/apimachinery@v0.32.1/pkg/util/wait/backoff.go:204 +0x7f
created by k8s.io/apiserver/pkg/registry/generic/registry.(*Store).startObservingCount in goroutine 56256
	/home/mariell/go/pkg/mod/k8s.io/apiserver@v0.32.1/pkg/registry/generic/registry/store.go:1666 +0x2f9

goroutine 74590 [sync.Cond.Wait]:
sync.runtime_notifyListWait(0xc022369b10, 0x6)
	/usr/lib/go/src/runtime/sema.go:597 +0x159
sync.(*Cond).Wait(0x0?)
	/usr/lib/go/src/sync/cond.go:71 +0x85
github.com/centrifugal/centrifuge/internal/dissolve.(*queueImpl).Wait(0xc0429f7180)
	/home/mariell/go/pkg/mod/github.com/centrifugal/centrifuge@v0.33.3/internal/dissolve/queue.go:139 +0x4a
github.com/centrifugal/centrifuge/internal/dissolve.(*Dissolver).runWorker(0xc02391be18)
	/home/mariell/go/pkg/mod/github.com/centrifugal/centrifuge@v0.33.3/internal/dissolve/dissolve.go:52 +0x27
created by github.com/centrifugal/centrifuge/internal/dissolve.(*Dissolver).Run in goroutine 4438
	/home/mariell/go/pkg/mod/github.com/centrifugal/centrifuge@v0.33.3/internal/dissolve/dissolve.go:31 +0x25

goroutine 55908 [sync.Cond.Wait]:
sync.runtime_notifyListWait(0xc022793e10, 0x20)
	/usr/lib/go/src/runtime/sema.go:597 +0x159
sync.(*Cond).Wait(0xc030616fd0?)
	/usr/lib/go/src/sync/cond.go:71 +0x85
github.com/centrifugal/centrifuge/internal/dissolve.(*queueImpl).Wait(0xc01100c540)
	/home/mariell/go/pkg/mod/github.com/centrifugal/centrifuge@v0.33.3/internal/dissolve/queue.go:139 +0x4a
github.com/centrifugal/centrifuge/internal/dissolve.(*Dissolver).runWorker(0xc02431b8f0)
	/home/mariell/go/pkg/mod/github.com/centrifugal/centrifuge@v0.33.3/internal/dissolve/dissolve.go:52 +0x27
created by github.com/centrifugal/centrifuge/internal/dissolve.(*Dissolver).Run in goroutine 54803
	/home/mariell/go/pkg/mod/github.com/centrifugal/centrifuge@v0.33.3/internal/dissolve/dissolve.go:31 +0x25

goroutine 55896 [sync.Cond.Wait]:
sync.runtime_notifyListWait(0xc022793e10, 0x1b)
	/usr/lib/go/src/runtime/sema.go:597 +0x159
sync.(*Cond).Wait(0xc022f58540?)
	/usr/lib/go/src/sync/cond.go:71 +0x85
github.com/centrifugal/centrifuge/internal/dissolve.(*queueImpl).Wait(0xc01100c540)
	/home/mariell/go/pkg/mod/github.com/centrifugal/centrifuge@v0.33.3/internal/dissolve/queue.go:139 +0x4a
github.com/centrifugal/centrifuge/internal/dissolve.(*Dissolver).runWorker(0xc02431b8f0)
	/home/mariell/go/pkg/mod/github.com/centrifugal/centrifuge@v0.33.3/internal/dissolve/dissolve.go:52 +0x27
created by github.com/centrifugal/centrifuge/internal/dissolve.(*Dissolver).Run in goroutine 54803
	/home/mariell/go/pkg/mod/github.com/centrifugal/centrifuge@v0.33.3/internal/dissolve/dissolve.go:31 +0x25

goroutine 77368 [sync.Cond.Wait]:
sync.runtime_notifyListWait(0xc045ae3d50, 0x5)
	/usr/lib/go/src/runtime/sema.go:597 +0x159
sync.(*Cond).Wait(0x0?)
	/usr/lib/go/src/sync/cond.go:71 +0x85
github.com/centrifugal/centrifuge/internal/dissolve.(*queueImpl).Wait(0xc045afb420)
	/home/mariell/go/pkg/mod/github.com/centrifugal/centrifuge@v0.33.3/internal/dissolve/queue.go:139 +0x4a
github.com/centrifugal/centrifuge/internal/dissolve.(*Dissolver).runWorker(0xc034b3a078)
	/home/mariell/go/pkg/mod/github.com/centrifugal/centrifuge@v0.33.3/internal/dissolve/dissolve.go:52 +0x27
created by github.com/centrifugal/centrifuge/internal/dissolve.(*Dissolver).Run in goroutine 4437
	/home/mariell/go/pkg/mod/github.com/centrifugal/centrifuge@v0.33.3/internal/dissolve/dissolve.go:31 +0x25

goroutine 54374 [sync.Cond.Wait]:
sync.runtime_notifyListWait(0xc02667f850, 0x27)
	/usr/lib/go/src/runtime/sema.go:597 +0x159
sync.(*Cond).Wait(0xc03070f7d0?)
	/usr/lib/go/src/sync/cond.go:71 +0x85
github.com/centrifugal/centrifuge/internal/dissolve.(*queueImpl).Wait(0xc029e6aa10)
	/home/mariell/go/pkg/mod/github.com/centrifugal/centrifuge@v0.33.3/internal/dissolve/queue.go:139 +0x4a
github.com/centrifugal/centrifuge/internal/dissolve.(*Dissolver).runWorker(0xc015fed548)
	/home/mariell/go/pkg/mod/github.com/centrifugal/centrifuge@v0.33.3/internal/dissolve/dissolve.go:52 +0x27
created by github.com/centrifugal/centrifuge/internal/dissolve.(*Dissolver).Run in goroutine 53243
	/home/mariell/go/pkg/mod/github.com/centrifugal/centrifuge@v0.33.3/internal/dissolve/dissolve.go:31 +0x25

goroutine 55907 [sync.Cond.Wait]:
sync.runtime_notifyListWait(0xc022793e10, 0x1f)
	/usr/lib/go/src/runtime/sema.go:597 +0x159
sync.(*Cond).Wait(0x0?)
	/usr/lib/go/src/sync/cond.go:71 +0x85
github.com/centrifugal/centrifuge/internal/dissolve.(*queueImpl).Wait(0xc01100c540)
	/home/mariell/go/pkg/mod/github.com/centrifugal/centrifuge@v0.33.3/internal/dissolve/queue.go:139 +0x4a
github.com/centrifugal/centrifuge/internal/dissolve.(*Dissolver).runWorker(0xc02431b8f0)
	/home/mariell/go/pkg/mod/github.com/centrifugal/centrifuge@v0.33.3/internal/dissolve/dissolve.go:52 +0x27
created by github.com/centrifugal/centrifuge/internal/dissolve.(*Dissolver).Run in goroutine 54803
	/home/mariell/go/pkg/mod/github.com/centrifugal/centrifuge@v0.33.3/internal/dissolve/dissolve.go:31 +0x25

goroutine 54384 [sync.Cond.Wait]:
sync.runtime_notifyListWait(0xc02667f850, 0x2f)
	/usr/lib/go/src/runtime/sema.go:597 +0x159
sync.(*Cond).Wait(0x100000000000000?)
	/usr/lib/go/src/sync/cond.go:71 +0x85
github.com/centrifugal/centrifuge/internal/dissolve.(*queueImpl).Wait(0xc029e6aa10)
	/home/mariell/go/pkg/mod/github.com/centrifugal/centrifuge@v0.33.3/internal/dissolve/queue.go:139 +0x4a
github.com/centrifugal/centrifuge/internal/dissolve.(*Dissolver).runWorker(0xc015fed548)
	/home/mariell/go/pkg/mod/github.com/centrifugal/centrifuge@v0.33.3/internal/dissolve/dissolve.go:52 +0x27
created by github.com/centrifugal/centrifuge/internal/dissolve.(*Dissolver).Run in goroutine 53243
	/home/mariell/go/pkg/mod/github.com/centrifugal/centrifuge@v0.33.3/internal/dissolve/dissolve.go:31 +0x25

goroutine 54385 [sync.Cond.Wait]:
sync.runtime_notifyListWait(0xc02667f850, 0x36)
	/usr/lib/go/src/runtime/sema.go:597 +0x159
sync.(*Cond).Wait(0x0?)
	/usr/lib/go/src/sync/cond.go:71 +0x85
github.com/centrifugal/centrifuge/internal/dissolve.(*queueImpl).Wait(0xc029e6aa10)
	/home/mariell/go/pkg/mod/github.com/centrifugal/centrifuge@v0.33.3/internal/dissolve/queue.go:139 +0x4a
github.com/centrifugal/centrifuge/internal/dissolve.(*Dissolver).runWorker(0xc015fed548)
	/home/mariell/go/pkg/mod/github.com/centrifugal/centrifuge@v0.33.3/internal/dissolve/dissolve.go:52 +0x27
created by github.com/centrifugal/centrifuge/internal/dissolve.(*Dissolver).Run in goroutine 53243
	/home/mariell/go/pkg/mod/github.com/centrifugal/centrifuge@v0.33.3/internal/dissolve/dissolve.go:31 +0x25

goroutine 54386 [sync.Cond.Wait]:
sync.runtime_notifyListWait(0xc02667f850, 0x30)
	/usr/lib/go/src/runtime/sema.go:597 +0x159
sync.(*Cond).Wait(0x100000000000000?)
	/usr/lib/go/src/sync/cond.go:71 +0x85
github.com/centrifugal/centrifuge/internal/dissolve.(*queueImpl).Wait(0xc029e6aa10)
	/home/mariell/go/pkg/mod/github.com/centrifugal/centrifuge@v0.33.3/internal/dissolve/queue.go:139 +0x4a
github.com/centrifugal/centrifuge/internal/dissolve.(*Dissolver).runWorker(0xc015fed548)
	/home/mariell/go/pkg/mod/github.com/centrifugal/centrifuge@v0.33.3/internal/dissolve/dissolve.go:52 +0x27
created by github.com/centrifugal/centrifuge/internal/dissolve.(*Dissolver).Run in goroutine 53243
	/home/mariell/go/pkg/mod/github.com/centrifugal/centrifuge@v0.33.3/internal/dissolve/dissolve.go:31 +0x25

goroutine 54387 [sync.Cond.Wait]:
sync.runtime_notifyListWait(0xc02667f850, 0x31)
	/usr/lib/go/src/runtime/sema.go:597 +0x159
sync.(*Cond).Wait(0x100000000000000?)
	/usr/lib/go/src/sync/cond.go:71 +0x85
github.com/centrifugal/centrifuge/internal/dissolve.(*queueImpl).Wait(0xc029e6aa10)
	/home/mariell/go/pkg/mod/github.com/centrifugal/centrifuge@v0.33.3/internal/dissolve/queue.go:139 +0x4a
github.com/centrifugal/centrifuge/internal/dissolve.(*Dissolver).runWorker(0xc015fed548)
	/home/mariell/go/pkg/mod/github.com/centrifugal/centrifuge@v0.33.3/internal/dissolve/dissolve.go:52 +0x27
created by github.com/centrifugal/centrifuge/internal/dissolve.(*Dissolver).Run in goroutine 53243
	/home/mariell/go/pkg/mod/github.com/centrifugal/centrifuge@v0.33.3/internal/dissolve/dissolve.go:31 +0x25

goroutine 54388 [sync.Cond.Wait]:
sync.runtime_notifyListWait(0xc02667f850, 0x2a)
	/usr/lib/go/src/runtime/sema.go:597 +0x159
sync.(*Cond).Wait(0x100000000000000?)
	/usr/lib/go/src/sync/cond.go:71 +0x85
github.com/centrifugal/centrifuge/internal/dissolve.(*queueImpl).Wait(0xc029e6aa10)
	/home/mariell/go/pkg/mod/github.com/centrifugal/centrifuge@v0.33.3/internal/dissolve/queue.go:139 +0x4a
github.com/centrifugal/centrifuge/internal/dissolve.(*Dissolver).runWorker(0xc015fed548)
	/home/mariell/go/pkg/mod/github.com/centrifugal/centrifuge@v0.33.3/internal/dissolve/dissolve.go:52 +0x27
created by github.com/centrifugal/centrifuge/internal/dissolve.(*Dissolver).Run in goroutine 53243
	/home/mariell/go/pkg/mod/github.com/centrifugal/centrifuge@v0.33.3/internal/dissolve/dissolve.go:31 +0x25

goroutine 54389 [sync.Cond.Wait]:
sync.runtime_notifyListWait(0xc02667f850, 0x37)
	/usr/lib/go/src/runtime/sema.go:597 +0x159
sync.(*Cond).Wait(0x0?)
	/usr/lib/go/src/sync/cond.go:71 +0x85
github.com/centrifugal/centrifuge/internal/dissolve.(*queueImpl).Wait(0xc029e6aa10)
	/home/mariell/go/pkg/mod/github.com/centrifugal/centrifuge@v0.33.3/internal/dissolve/queue.go:139 +0x4a
github.com/centrifugal/centrifuge/internal/dissolve.(*Dissolver).runWorker(0xc015fed548)
	/home/mariell/go/pkg/mod/github.com/centrifugal/centrifuge@v0.33.3/internal/dissolve/dissolve.go:52 +0x27
created by github.com/centrifugal/centrifuge/internal/dissolve.(*Dissolver).Run in goroutine 53243
	/home/mariell/go/pkg/mod/github.com/centrifugal/centrifuge@v0.33.3/internal/dissolve/dissolve.go:31 +0x25

goroutine 54390 [sync.Cond.Wait]:
sync.runtime_notifyListWait(0xc02667f850, 0x3b)
	/usr/lib/go/src/runtime/sema.go:597 +0x159
sync.(*Cond).Wait(0x100000000000000?)
	/usr/lib/go/src/sync/cond.go:71 +0x85
github.com/centrifugal/centrifuge/internal/dissolve.(*queueImpl).Wait(0xc029e6aa10)
	/home/mariell/go/pkg/mod/github.com/centrifugal/centrifuge@v0.33.3/internal/dissolve/queue.go:139 +0x4a
github.com/centrifugal/centrifuge/internal/dissolve.(*Dissolver).runWorker(0xc015fed548)
	/home/mariell/go/pkg/mod/github.com/centrifugal/centrifuge@v0.33.3/internal/dissolve/dissolve.go:52 +0x27
created by github.com/centrifugal/centrifuge/internal/dissolve.(*Dissolver).Run in goroutine 53243
	/home/mariell/go/pkg/mod/github.com/centrifugal/centrifuge@v0.33.3/internal/dissolve/dissolve.go:31 +0x25

goroutine 54391 [sync.Cond.Wait]:
sync.runtime_notifyListWait(0xc02667f850, 0x38)
	/usr/lib/go/src/runtime/sema.go:597 +0x159
sync.(*Cond).Wait(0x100000000000000?)
	/usr/lib/go/src/sync/cond.go:71 +0x85
github.com/centrifugal/centrifuge/internal/dissolve.(*queueImpl).Wait(0xc029e6aa10)
	/home/mariell/go/pkg/mod/github.com/centrifugal/centrifuge@v0.33.3/internal/dissolve/queue.go:139 +0x4a
github.com/centrifugal/centrifuge/internal/dissolve.(*Dissolver).runWorker(0xc015fed548)
	/home/mariell/go/pkg/mod/github.com/centrifugal/centrifuge@v0.33.3/internal/dissolve/dissolve.go:52 +0x27
created by github.com/centrifugal/centrifuge/internal/dissolve.(*Dissolver).Run in goroutine 53243
	/home/mariell/go/pkg/mod/github.com/centrifugal/centrifuge@v0.33.3/internal/dissolve/dissolve.go:31 +0x25

goroutine 54392 [sync.Cond.Wait]:
sync.runtime_notifyListWait(0xc02667f850, 0x39)
	/usr/lib/go/src/runtime/sema.go:597 +0x159
sync.(*Cond).Wait(0x0?)
	/usr/lib/go/src/sync/cond.go:71 +0x85
github.com/centrifugal/centrifuge/internal/dissolve.(*queueImpl).Wait(0xc029e6aa10)
	/home/mariell/go/pkg/mod/github.com/centrifugal/centrifuge@v0.33.3/internal/dissolve/queue.go:139 +0x4a
github.com/centrifugal/centrifuge/internal/dissolve.(*Dissolver).runWorker(0xc015fed548)
	/home/mariell/go/pkg/mod/github.com/centrifugal/centrifuge@v0.33.3/internal/dissolve/dissolve.go:52 +0x27
created by github.com/centrifugal/centrifuge/internal/dissolve.(*Dissolver).Run in goroutine 53243
	/home/mariell/go/pkg/mod/github.com/centrifugal/centrifuge@v0.33.3/internal/dissolve/dissolve.go:31 +0x25

goroutine 54393 [sync.Cond.Wait]:
sync.runtime_notifyListWait(0xc02667f850, 0x35)
	/usr/lib/go/src/runtime/sema.go:597 +0x159
sync.(*Cond).Wait(0x0?)
	/usr/lib/go/src/sync/cond.go:71 +0x85
github.com/centrifugal/centrifuge/internal/dissolve.(*queueImpl).Wait(0xc029e6aa10)
	/home/mariell/go/pkg/mod/github.com/centrifugal/centrifuge@v0.33.3/internal/dissolve/queue.go:139 +0x4a
github.com/centrifugal/centrifuge/internal/dissolve.(*Dissolver).runWorker(0xc015fed548)
	/home/mariell/go/pkg/mod/github.com/centrifugal/centrifuge@v0.33.3/internal/dissolve/dissolve.go:52 +0x27
created by github.com/centrifugal/centrifuge/internal/dissolve.(*Dissolver).Run in goroutine 53243
	/home/mariell/go/pkg/mod/github.com/centrifugal/centrifuge@v0.33.3/internal/dissolve/dissolve.go:31 +0x25

goroutine 54394 [sync.Cond.Wait]:
sync.runtime_notifyListWait(0xc02667f850, 0x3c)
	/usr/lib/go/src/runtime/sema.go:597 +0x159
sync.(*Cond).Wait(0x0?)
	/usr/lib/go/src/sync/cond.go:71 +0x85
github.com/centrifugal/centrifuge/internal/dissolve.(*queueImpl).Wait(0xc029e6aa10)
	/home/mariell/go/pkg/mod/github.com/centrifugal/centrifuge@v0.33.3/internal/dissolve/queue.go:139 +0x4a
github.com/centrifugal/centrifuge/internal/dissolve.(*Dissolver).runWorker(0xc015fed548)
	/home/mariell/go/pkg/mod/github.com/centrifugal/centrifuge@v0.33.3/internal/dissolve/dissolve.go:52 +0x27
created by github.com/centrifugal/centrifuge/internal/dissolve.(*Dissolver).Run in goroutine 53243
	/home/mariell/go/pkg/mod/github.com/centrifugal/centrifuge@v0.33.3/internal/dissolve/dissolve.go:31 +0x25

goroutine 54395 [sync.Cond.Wait]:
sync.runtime_notifyListWait(0xc02667f850, 0x3a)
	/usr/lib/go/src/runtime/sema.go:597 +0x159
sync.(*Cond).Wait(0x0?)
	/usr/lib/go/src/sync/cond.go:71 +0x85
github.com/centrifugal/centrifuge/internal/dissolve.(*queueImpl).Wait(0xc029e6aa10)
	/home/mariell/go/pkg/mod/github.com/centrifugal/centrifuge@v0.33.3/internal/dissolve/queue.go:139 +0x4a
github.com/centrifugal/centrifuge/internal/dissolve.(*Dissolver).runWorker(0xc015fed548)
	/home/mariell/go/pkg/mod/github.com/centrifugal/centrifuge@v0.33.3/internal/dissolve/dissolve.go:52 +0x27
created by github.com/centrifugal/centrifuge/internal/dissolve.(*Dissolver).Run in goroutine 53243
	/home/mariell/go/pkg/mod/github.com/centrifugal/centrifuge@v0.33.3/internal/dissolve/dissolve.go:31 +0x25

goroutine 54396 [sync.Cond.Wait]:
sync.runtime_notifyListWait(0xc02667f850, 0x3d)
	/usr/lib/go/src/runtime/sema.go:597 +0x159
sync.(*Cond).Wait(0x756f72672d676f6c?)
	/usr/lib/go/src/sync/cond.go:71 +0x85
github.com/centrifugal/centrifuge/internal/dissolve.(*queueImpl).Wait(0xc029e6aa10)
	/home/mariell/go/pkg/mod/github.com/centrifugal/centrifuge@v0.33.3/internal/dissolve/queue.go:139 +0x4a
github.com/centrifugal/centrifuge/internal/dissolve.(*Dissolver).runWorker(0xc015fed548)
	/home/mariell/go/pkg/mod/github.com/centrifugal/centrifuge@v0.33.3/internal/dissolve/dissolve.go:52 +0x27
created by github.com/centrifugal/centrifuge/internal/dissolve.(*Dissolver).Run in goroutine 53243
	/home/mariell/go/pkg/mod/github.com/centrifugal/centrifuge@v0.33.3/internal/dissolve/dissolve.go:31 +0x25

goroutine 54397 [sync.Cond.Wait]:
sync.runtime_notifyListWait(0xc02667f850, 0x3e)
	/usr/lib/go/src/runtime/sema.go:597 +0x159
sync.(*Cond).Wait(0x0?)
	/usr/lib/go/src/sync/cond.go:71 +0x85
github.com/centrifugal/centrifuge/internal/dissolve.(*queueImpl).Wait(0xc029e6aa10)
	/home/mariell/go/pkg/mod/github.com/centrifugal/centrifuge@v0.33.3/internal/dissolve/queue.go:139 +0x4a
github.com/centrifugal/centrifuge/internal/dissolve.(*Dissolver).runWorker(0xc015fed548)
	/home/mariell/go/pkg/mod/github.com/centrifugal/centrifuge@v0.33.3/internal/dissolve/dissolve.go:52 +0x27
created by github.com/centrifugal/centrifuge/internal/dissolve.(*Dissolver).Run in goroutine 53243
	/home/mariell/go/pkg/mod/github.com/centrifugal/centrifuge@v0.33.3/internal/dissolve/dissolve.go:31 +0x25

goroutine 54398 [sync.Cond.Wait]:
sync.runtime_notifyListWait(0xc02667f850, 0x3f)
	/usr/lib/go/src/runtime/sema.go:597 +0x159
sync.(*Cond).Wait(0x0?)
	/usr/lib/go/src/sync/cond.go:71 +0x85
github.com/centrifugal/centrifuge/internal/dissolve.(*queueImpl).Wait(0xc029e6aa10)
	/home/mariell/go/pkg/mod/github.com/centrifugal/centrifuge@v0.33.3/internal/dissolve/queue.go:139 +0x4a
github.com/centrifugal/centrifuge/internal/dissolve.(*Dissolver).runWorker(0xc015fed548)
	/home/mariell/go/pkg/mod/github.com/centrifugal/centrifuge@v0.33.3/internal/dissolve/dissolve.go:52 +0x27
created by github.com/centrifugal/centrifuge/internal/dissolve.(*Dissolver).Run in goroutine 53243
	/home/mariell/go/pkg/mod/github.com/centrifugal/centrifuge@v0.33.3/internal/dissolve/dissolve.go:31 +0x25

goroutine 54614 [select]:
github.com/patrickmn/go-cache.(*janitor).Run(0xc0282552a0, 0xc02a622400)
	/home/mariell/go/pkg/mod/github.com/patrickmn/go-cache@v2.1.0+incompatible/cache.go:1079 +0x7b
created by github.com/patrickmn/go-cache.runJanitor in goroutine 54803
	/home/mariell/go/pkg/mod/github.com/patrickmn/go-cache@v2.1.0+incompatible/cache.go:1099 +0xdb

goroutine 55885 [sync.Cond.Wait]:
sync.runtime_notifyListWait(0xc022793e10, 0x10)
	/usr/lib/go/src/runtime/sema.go:597 +0x159
sync.(*Cond).Wait(0x1?)
	/usr/lib/go/src/sync/cond.go:71 +0x85
github.com/centrifugal/centrifuge/internal/dissolve.(*queueImpl).Wait(0xc01100c540)
	/home/mariell/go/pkg/mod/github.com/centrifugal/centrifuge@v0.33.3/internal/dissolve/queue.go:139 +0x4a
github.com/centrifugal/centrifuge/internal/dissolve.(*Dissolver).runWorker(0xc02431b8f0)
	/home/mariell/go/pkg/mod/github.com/centrifugal/centrifuge@v0.33.3/internal/dissolve/dissolve.go:52 +0x27
created by github.com/centrifugal/centrifuge/internal/dissolve.(*Dissolver).Run in goroutine 54803
	/home/mariell/go/pkg/mod/github.com/centrifugal/centrifuge@v0.33.3/internal/dissolve/dissolve.go:31 +0x25

goroutine 77858 [select]:
github.com/patrickmn/go-cache.(*janitor).Run(0xc048b130f0, 0xc048b2c980)
	/home/mariell/go/pkg/mod/github.com/patrickmn/go-cache@v2.1.0+incompatible/cache.go:1079 +0x7b
created by github.com/patrickmn/go-cache.runJanitor in goroutine 56141
	/home/mariell/go/pkg/mod/github.com/patrickmn/go-cache@v2.1.0+incompatible/cache.go:1099 +0xdb

goroutine 54455 [select]:
github.com/patrickmn/go-cache.(*janitor).Run(0xc01e4119d0, 0xc026f5a8c0)
	/home/mariell/go/pkg/mod/github.com/patrickmn/go-cache@v2.1.0+incompatible/cache.go:1079 +0x7b
created by github.com/patrickmn/go-cache.runJanitor in goroutine 53243
	/home/mariell/go/pkg/mod/github.com/patrickmn/go-cache@v2.1.0+incompatible/cache.go:1099 +0xdb

goroutine 54461 [select]:
github.com/patrickmn/go-cache.(*janitor).Run(0xc01e805eb0, 0xc027071040)
	/home/mariell/go/pkg/mod/github.com/patrickmn/go-cache@v2.1.0+incompatible/cache.go:1079 +0x7b
created by github.com/patrickmn/go-cache.runJanitor in goroutine 53243
	/home/mariell/go/pkg/mod/github.com/patrickmn/go-cache@v2.1.0+incompatible/cache.go:1099 +0xdb

goroutine 54462 [select]:
github.com/patrickmn/go-cache.(*janitor).Run(0xc01e96c050, 0xc027071100)
	/home/mariell/go/pkg/mod/github.com/patrickmn/go-cache@v2.1.0+incompatible/cache.go:1079 +0x7b
created by github.com/patrickmn/go-cache.runJanitor in goroutine 53243
	/home/mariell/go/pkg/mod/github.com/patrickmn/go-cache@v2.1.0+incompatible/cache.go:1099 +0xdb

goroutine 54463 [select]:
github.com/patrickmn/go-cache.(*janitor).Run(0xc01e96c060, 0xc027071140)
	/home/mariell/go/pkg/mod/github.com/patrickmn/go-cache@v2.1.0+incompatible/cache.go:1079 +0x7b
created by github.com/patrickmn/go-cache.runJanitor in goroutine 53243
	/home/mariell/go/pkg/mod/github.com/patrickmn/go-cache@v2.1.0+incompatible/cache.go:1099 +0xdb

goroutine 54541 [select]:
github.com/patrickmn/go-cache.(*janitor).Run(0xc01eae4f40, 0xc02728ea80)
	/home/mariell/go/pkg/mod/github.com/patrickmn/go-cache@v2.1.0+incompatible/cache.go:1079 +0x7b
created by github.com/patrickmn/go-cache.runJanitor in goroutine 53243
	/home/mariell/go/pkg/mod/github.com/patrickmn/go-cache@v2.1.0+incompatible/cache.go:1099 +0xdb

goroutine 54543 [select]:
github.com/patrickmn/go-cache.(*janitor).Run(0xc01eae5ea0, 0xc02728f3c0)
	/home/mariell/go/pkg/mod/github.com/patrickmn/go-cache@v2.1.0+incompatible/cache.go:1079 +0x7b
created by github.com/patrickmn/go-cache.runJanitor in goroutine 53243
	/home/mariell/go/pkg/mod/github.com/patrickmn/go-cache@v2.1.0+incompatible/cache.go:1099 +0xdb

goroutine 58876 [select]:
github.com/centrifugal/centrifuge.(*historyHub).removeStreams(0xc01243d700)
	/home/mariell/go/pkg/mod/github.com/centrifugal/centrifuge@v0.33.3/broker_memory.go:259 +0x6f
created by github.com/centrifugal/centrifuge.(*historyHub).runCleanups in goroutine 57831
	/home/mariell/go/pkg/mod/github.com/centrifugal/centrifuge@v0.33.3/broker_memory.go:253 +0x96

goroutine 54671 [select]:
k8s.io/apimachinery/pkg/util/wait.BackoffUntil(0xc03093d380, {0xa95ac00, 0xc0297914a0}, 0x1, 0xc0299e5340)
	/home/mariell/go/pkg/mod/k8s.io/apimachinery@v0.32.1/pkg/util/wait/backoff.go:238 +0x12c
k8s.io/apimachinery/pkg/util/wait.JitterUntil(0xc03093d380, 0x3b9aca00, 0x3ff3333333333333, 0x1, 0xc0299e5340)
	/home/mariell/go/pkg/mod/k8s.io/apimachinery@v0.32.1/pkg/util/wait/backoff.go:204 +0x7f
created by k8s.io/apiserver/pkg/registry/generic/registry.(*Store).startObservingCount in goroutine 56256
	/home/mariell/go/pkg/mod/k8s.io/apiserver@v0.32.1/pkg/registry/generic/registry/store.go:1666 +0x2f9

goroutine 59222 [select]:
database/sql.(*DB).connectionOpener(0xc0296f9c70, {0xa9d1d00, 0xc0133d8820})
	/usr/lib/go/src/database/sql/sql.go:1261 +0x87
created by database/sql.OpenDB in goroutine 22318
	/usr/lib/go/src/database/sql/sql.go:841 +0x130

goroutine 59234 [select]:
go.opentelemetry.io/otel/sdk/trace.(*batchSpanProcessor).processQueue(0xc00c2905a0)
	/home/mariell/go/pkg/mod/go.opentelemetry.io/otel/sdk@v1.34.0/trace/batch_span_processor.go:302 +0x114
go.opentelemetry.io/otel/sdk/trace.NewBatchSpanProcessor.func1()
	/home/mariell/go/pkg/mod/go.opentelemetry.io/otel/sdk@v1.34.0/trace/batch_span_processor.go:117 +0x4e
created by go.opentelemetry.io/otel/sdk/trace.NewBatchSpanProcessor in goroutine 57831
	/home/mariell/go/pkg/mod/go.opentelemetry.io/otel/sdk@v1.34.0/trace/batch_span_processor.go:115 +0x2d9

goroutine 54673 [select]:
k8s.io/apimachinery/pkg/util/wait.BackoffUntil(0xc02a490540, {0xa95ac00, 0xc0297914d0}, 0x1, 0xc029a89dc0)
	/home/mariell/go/pkg/mod/k8s.io/apimachinery@v0.32.1/pkg/util/wait/backoff.go:238 +0x12c
k8s.io/apimachinery/pkg/util/wait.JitterUntil(0xc02a490540, 0x3b9aca00, 0x3ff3333333333333, 0x1, 0xc029a89dc0)
	/home/mariell/go/pkg/mod/k8s.io/apimachinery@v0.32.1/pkg/util/wait/backoff.go:204 +0x7f
created by k8s.io/apiserver/pkg/registry/generic/registry.(*Store).startObservingCount in goroutine 56256
	/home/mariell/go/pkg/mod/k8s.io/apiserver@v0.32.1/pkg/registry/generic/registry/store.go:1666 +0x2f9

goroutine 54748 [select]:
k8s.io/apimachinery/pkg/util/wait.BackoffUntil(0xc02917da80, {0xa95ac00, 0xc02b8afbc0}, 0x1, 0xc024aa8700)
	/home/mariell/go/pkg/mod/k8s.io/apimachinery@v0.32.1/pkg/util/wait/backoff.go:238 +0x12c
k8s.io/apimachinery/pkg/util/wait.JitterUntil(0xc02917da80, 0x3b9aca00, 0x3ff3333333333333, 0x1, 0xc024aa8700)
	/home/mariell/go/pkg/mod/k8s.io/apimachinery@v0.32.1/pkg/util/wait/backoff.go:204 +0x7f
created by k8s.io/apiserver/pkg/registry/generic/registry.(*Store).startObservingCount in goroutine 51745
	/home/mariell/go/pkg/mod/k8s.io/apiserver@v0.32.1/pkg/registry/generic/registry/store.go:1666 +0x2f9

goroutine 76016 [runnable]:
github.com/patrickmn/go-cache.runJanitor.gowrap1()
	/home/mariell/go/pkg/mod/github.com/patrickmn/go-cache@v2.1.0+incompatible/cache.go:1099
runtime.goexit({})
	/usr/lib/go/src/runtime/asm_amd64.s:1700 +0x1
created by github.com/patrickmn/go-cache.runJanitor in goroutine 59395
	/home/mariell/go/pkg/mod/github.com/patrickmn/go-cache@v2.1.0+incompatible/cache.go:1099 +0xdb

goroutine 57386 [select]:
github.com/centrifugal/centrifuge.(*Node).sendNodePing(0xc02675a008)
	/home/mariell/go/pkg/mod/github.com/centrifugal/centrifuge@v0.33.3/node.go:380 +0x85
created by github.com/centrifugal/centrifuge.(*Node).Run in goroutine 56288
	/home/mariell/go/pkg/mod/github.com/centrifugal/centrifuge@v0.33.3/node.go:260 +0x225

goroutine 74596 [sync.Cond.Wait]:
sync.runtime_notifyListWait(0xc022369b10, 0xc)
	/usr/lib/go/src/runtime/sema.go:597 +0x159
sync.(*Cond).Wait(0x0?)
	/usr/lib/go/src/sync/cond.go:71 +0x85
github.com/centrifugal/centrifuge/internal/dissolve.(*queueImpl).Wait(0xc0429f7180)
	/home/mariell/go/pkg/mod/github.com/centrifugal/centrifuge@v0.33.3/internal/dissolve/queue.go:139 +0x4a
github.com/centrifugal/centrifuge/internal/dissolve.(*Dissolver).runWorker(0xc02391be18)
	/home/mariell/go/pkg/mod/github.com/centrifugal/centrifuge@v0.33.3/internal/dissolve/dissolve.go:52 +0x27
created by github.com/centrifugal/centrifuge/internal/dissolve.(*Dissolver).Run in goroutine 4438
	/home/mariell/go/pkg/mod/github.com/centrifugal/centrifuge@v0.33.3/internal/dissolve/dissolve.go:31 +0x25

goroutine 54740 [IO wait]:
internal/poll.runtime_pollWait(0x777550501428, 0x72)
	/usr/lib/go/src/runtime/netpoll.go:351 +0x85
internal/poll.(*pollDesc).wait(0xc02380a700?, 0xc0304c4600?, 0x0)
	/usr/lib/go/src/internal/poll/fd_poll_runtime.go:84 +0x27
internal/poll.(*pollDesc).waitRead(...)
	/usr/lib/go/src/internal/poll/fd_poll_runtime.go:89
internal/poll.(*FD).Read(0xc02380a700, {0xc0304c4600, 0x1300, 0x1300})
	/usr/lib/go/src/internal/poll/fd_unix.go:165 +0x27a
net.(*netFD).Read(0xc02380a700, {0xc0304c4600?, 0x0?, 0x5?})
	/usr/lib/go/src/net/fd_posix.go:55 +0x25
net.(*conn).Read(0xc00d1736d0, {0xc0304c4600?, 0x77755030ee30?, 0x7775a8b3f718?})
	/usr/lib/go/src/net/net.go:194 +0x45
crypto/tls.(*atLeastReader).Read(0xc0244308b8, {0xc0304c4600?, 0x11abda20?, 0xc00ae5f9c8?})
	/usr/lib/go/src/crypto/tls/conn.go:809 +0x3b
bytes.(*Buffer).ReadFrom(0xc023482638, {0xa94e300, 0xc0244308b8})
	/usr/lib/go/src/bytes/buffer.go:211 +0x98
crypto/tls.(*Conn).readFromUntil(0xc023482388, {0xa94dc00, 0xc00d1736d0}, 0x444af4?)
	/usr/lib/go/src/crypto/tls/conn.go:831 +0xde
crypto/tls.(*Conn).readRecordOrCCS(0xc023482388, 0x0)
	/usr/lib/go/src/crypto/tls/conn.go:629 +0x3cf
crypto/tls.(*Conn).readRecord(...)
	/usr/lib/go/src/crypto/tls/conn.go:591
crypto/tls.(*Conn).Read(0xc023482388, {0xc0234c8000, 0x1000, 0xc02a4984b0?})
	/usr/lib/go/src/crypto/tls/conn.go:1385 +0x145
net/http.(*persistConn).Read(0xc02a486000, {0xc0234c8000?, 0x81fe45?, 0xa94be80?})
	/usr/lib/go/src/net/http/transport.go:2122 +0x47
bufio.(*Reader).fill(0xc0234a78c0)
	/usr/lib/go/src/bufio/bufio.go:113 +0x103
bufio.(*Reader).Peek(0xc0234a78c0, 0x1)
	/usr/lib/go/src/bufio/bufio.go:152 +0x53
net/http.(*persistConn).readLoop(0xc02a486000)
	/usr/lib/go/src/net/http/transport.go:2275 +0x172
created by net/http.(*Transport).dialConn in goroutine 53133
	/usr/lib/go/src/net/http/transport.go:1944 +0x174f

goroutine 75034 [select]:
github.com/grafana/grafana/pkg/storage/unified/resource.(*cache[...]).run(0xc0188e0680)
	/home/mariell/work/oss/grafana/pkg/storage/unified/resource/broadcaster.go:291 +0xb0
created by github.com/grafana/grafana/pkg/storage/unified/resource.newChannelCache[...] in goroutine 3349
	/home/mariell/work/oss/grafana/pkg/storage/unified/resource/broadcaster.go:276 +0x189

goroutine 74897 [select]:
github.com/grafana/grafana/pkg/storage/unified/resource.(*cache[...]).run(0xc022d39180)
	/home/mariell/work/oss/grafana/pkg/storage/unified/resource/broadcaster.go:291 +0xb0
created by github.com/grafana/grafana/pkg/storage/unified/resource.newChannelCache[...] in goroutine 56143
	/home/mariell/work/oss/grafana/pkg/storage/unified/resource/broadcaster.go:276 +0x189

goroutine 77832 [runnable]:
github.com/prometheus/client_golang/prometheus.(*Registry).Gather.func2()
	/home/mariell/go/pkg/mod/github.com/prometheus/client_golang@v1.20.5/prometheus/registry.go:472
created by github.com/prometheus/client_golang/prometheus.(*Registry).Gather in goroutine 56143
	/home/mariell/go/pkg/mod/github.com/prometheus/client_golang@v1.20.5/prometheus/registry.go:472 +0x62b

goroutine 54668 [select]:
k8s.io/apimachinery/pkg/util/wait.BackoffUntil(0xc03093d080, {0xa95ac00, 0xc029791410}, 0x1, 0xc0299e51f0)
	/home/mariell/go/pkg/mod/k8s.io/apimachinery@v0.32.1/pkg/util/wait/backoff.go:238 +0x12c
k8s.io/apimachinery/pkg/util/wait.JitterUntil(0xc03093d080, 0x3b9aca00, 0x3ff3333333333333, 0x1, 0xc0299e51f0)
	/home/mariell/go/pkg/mod/k8s.io/apimachinery@v0.32.1/pkg/util/wait/backoff.go:204 +0x7f
created by k8s.io/apiserver/pkg/registry/generic/registry.(*Store).startObservingCount in goroutine 56256
	/home/mariell/go/pkg/mod/k8s.io/apiserver@v0.32.1/pkg/registry/generic/registry/store.go:1666 +0x2f9

goroutine 76008 [select]:
net.(*netFD).connect.func2()
	/usr/lib/go/src/net/fd_unix.go:118 +0x7a
created by net.(*netFD).connect in goroutine 76007
	/usr/lib/go/src/net/fd_unix.go:117 +0x349

goroutine 55877 [sync.Cond.Wait]:
sync.runtime_notifyListWait(0xc022793e10, 0x1)
	/usr/lib/go/src/runtime/sema.go:597 +0x159
sync.(*Cond).Wait(0x100000000000000?)
	/usr/lib/go/src/sync/cond.go:71 +0x85
github.com/centrifugal/centrifuge/internal/dissolve.(*queueImpl).Wait(0xc01100c540)
	/home/mariell/go/pkg/mod/github.com/centrifugal/centrifuge@v0.33.3/internal/dissolve/queue.go:139 +0x4a
github.com/centrifugal/centrifuge/internal/dissolve.(*Dissolver).runWorker(0xc02431b8f0)
	/home/mariell/go/pkg/mod/github.com/centrifugal/centrifuge@v0.33.3/internal/dissolve/dissolve.go:52 +0x27
created by github.com/centrifugal/centrifuge/internal/dissolve.(*Dissolver).Run in goroutine 54803
	/home/mariell/go/pkg/mod/github.com/centrifugal/centrifuge@v0.33.3/internal/dissolve/dissolve.go:31 +0x25

goroutine 74134 [select]:
github.com/patrickmn/go-cache.(*janitor).Run(0xc038fa9160, 0xc0383a8fc0)
	/home/mariell/go/pkg/mod/github.com/patrickmn/go-cache@v2.1.0+incompatible/cache.go:1079 +0x7b
created by github.com/patrickmn/go-cache.runJanitor in goroutine 3350
	/home/mariell/go/pkg/mod/github.com/patrickmn/go-cache@v2.1.0+incompatible/cache.go:1099 +0xdb

goroutine 55823 [select]:
github.com/patrickmn/go-cache.(*janitor).Run(0xc0243df5f0, 0xc0292965c0)
	/home/mariell/go/pkg/mod/github.com/patrickmn/go-cache@v2.1.0+incompatible/cache.go:1079 +0x7b
created by github.com/patrickmn/go-cache.runJanitor in goroutine 54803
	/home/mariell/go/pkg/mod/github.com/patrickmn/go-cache@v2.1.0+incompatible/cache.go:1099 +0xdb

goroutine 59353 [select]:
go.opentelemetry.io/otel/sdk/trace.(*batchSpanProcessor).processQueue(0xc00ca890e0)
	/home/mariell/go/pkg/mod/go.opentelemetry.io/otel/sdk@v1.34.0/trace/batch_span_processor.go:302 +0x114
go.opentelemetry.io/otel/sdk/trace.NewBatchSpanProcessor.func1()
	/home/mariell/go/pkg/mod/go.opentelemetry.io/otel/sdk@v1.34.0/trace/batch_span_processor.go:117 +0x4e
created by go.opentelemetry.io/otel/sdk/trace.NewBatchSpanProcessor in goroutine 4439
	/home/mariell/go/pkg/mod/go.opentelemetry.io/otel/sdk@v1.34.0/trace/batch_span_processor.go:115 +0x2d9

goroutine 78024 [runnable]:
github.com/centrifugal/centrifuge/internal/dissolve.(*Dissolver).Run.gowrap1()
	/home/mariell/go/pkg/mod/github.com/centrifugal/centrifuge@v0.33.3/internal/dissolve/dissolve.go:31
runtime.goexit({})
	/usr/lib/go/src/runtime/asm_amd64.s:1700 +0x1
created by github.com/centrifugal/centrifuge/internal/dissolve.(*Dissolver).Run in goroutine 3350
	/home/mariell/go/pkg/mod/github.com/centrifugal/centrifuge@v0.33.3/internal/dissolve/dissolve.go:31 +0x25

goroutine 73850 [select]:
github.com/patrickmn/go-cache.(*janitor).Run(0xc040e161a0, 0xc02177b580)
	/home/mariell/go/pkg/mod/github.com/patrickmn/go-cache@v2.1.0+incompatible/cache.go:1079 +0x7b
created by github.com/patrickmn/go-cache.runJanitor in goroutine 22316
	/home/mariell/go/pkg/mod/github.com/patrickmn/go-cache@v2.1.0+incompatible/cache.go:1099 +0xdb

goroutine 55755 [select]:
github.com/centrifugal/centrifuge.(*Node).sendNodePing(0xc02b3ead88)
	/home/mariell/go/pkg/mod/github.com/centrifugal/centrifuge@v0.33.3/node.go:380 +0x85
created by github.com/centrifugal/centrifuge.(*Node).Run in goroutine 54803
	/home/mariell/go/pkg/mod/github.com/centrifugal/centrifuge@v0.33.3/node.go:260 +0x225

goroutine 55856 [select]:
github.com/centrifugal/centrifuge.(*historyHub).removeStreams(0xc006828500)
	/home/mariell/go/pkg/mod/github.com/centrifugal/centrifuge@v0.33.3/broker_memory.go:259 +0x6f
created by github.com/centrifugal/centrifuge.(*historyHub).runCleanups in goroutine 54803
	/home/mariell/go/pkg/mod/github.com/centrifugal/centrifuge@v0.33.3/broker_memory.go:253 +0x96

goroutine 55880 [sync.Cond.Wait]:
sync.runtime_notifyListWait(0xc022793e10, 0xb)
	/usr/lib/go/src/runtime/sema.go:597 +0x159
sync.(*Cond).Wait(0x100000000000000?)
	/usr/lib/go/src/sync/cond.go:71 +0x85
github.com/centrifugal/centrifuge/internal/dissolve.(*queueImpl).Wait(0xc01100c540)
	/home/mariell/go/pkg/mod/github.com/centrifugal/centrifuge@v0.33.3/internal/dissolve/queue.go:139 +0x4a
github.com/centrifugal/centrifuge/internal/dissolve.(*Dissolver).runWorker(0xc02431b8f0)
	/home/mariell/go/pkg/mod/github.com/centrifugal/centrifuge@v0.33.3/internal/dissolve/dissolve.go:52 +0x27
created by github.com/centrifugal/centrifuge/internal/dissolve.(*Dissolver).Run in goroutine 54803
	/home/mariell/go/pkg/mod/github.com/centrifugal/centrifuge@v0.33.3/internal/dissolve/dissolve.go:31 +0x25

goroutine 77170 [select]:
github.com/centrifugal/centrifuge.(*historyHub).removeStreams(0xc047ed9100)
	/home/mariell/go/pkg/mod/github.com/centrifugal/centrifuge@v0.33.3/broker_memory.go:259 +0x6f
created by github.com/centrifugal/centrifuge.(*historyHub).runCleanups in goroutine 3350
	/home/mariell/go/pkg/mod/github.com/centrifugal/centrifuge@v0.33.3/broker_memory.go:253 +0x96

goroutine 55854 [select]:
github.com/centrifugal/centrifuge.(*MemoryBroker).expireResultCache(0xc006828580)
	/home/mariell/go/pkg/mod/github.com/centrifugal/centrifuge@v0.33.3/broker_memory.go:160 +0x68
created by github.com/centrifugal/centrifuge.(*MemoryBroker).Run in goroutine 54803
	/home/mariell/go/pkg/mod/github.com/centrifugal/centrifuge@v0.33.3/broker_memory.go:73 +0x7f

goroutine 58911 [sync.Cond.Wait]:
sync.runtime_notifyListWait(0xc01f861010, 0x29)
	/usr/lib/go/src/runtime/sema.go:597 +0x159
sync.(*Cond).Wait(0x0?)
	/usr/lib/go/src/sync/cond.go:71 +0x85
github.com/centrifugal/centrifuge/internal/dissolve.(*queueImpl).Wait(0xc01921b6c0)
	/home/mariell/go/pkg/mod/github.com/centrifugal/centrifuge@v0.33.3/internal/dissolve/queue.go:139 +0x4a
github.com/centrifugal/centrifuge/internal/dissolve.(*Dissolver).runWorker(0xc0243b2a20)
	/home/mariell/go/pkg/mod/github.com/centrifugal/centrifuge@v0.33.3/internal/dissolve/dissolve.go:52 +0x27
created by github.com/centrifugal/centrifuge/internal/dissolve.(*Dissolver).Run in goroutine 57831
	/home/mariell/go/pkg/mod/github.com/centrifugal/centrifuge@v0.33.3/internal/dissolve/dissolve.go:31 +0x25

goroutine 58917 [sync.Cond.Wait]:
sync.runtime_notifyListWait(0xc01f861010, 0x2f)
	/usr/lib/go/src/runtime/sema.go:597 +0x159
sync.(*Cond).Wait(0x100000000000000?)
	/usr/lib/go/src/sync/cond.go:71 +0x85
github.com/centrifugal/centrifuge/internal/dissolve.(*queueImpl).Wait(0xc01921b6c0)
	/home/mariell/go/pkg/mod/github.com/centrifugal/centrifuge@v0.33.3/internal/dissolve/queue.go:139 +0x4a
github.com/centrifugal/centrifuge/internal/dissolve.(*Dissolver).runWorker(0xc0243b2a20)
	/home/mariell/go/pkg/mod/github.com/centrifugal/centrifuge@v0.33.3/internal/dissolve/dissolve.go:52 +0x27
created by github.com/centrifugal/centrifuge/internal/dissolve.(*Dissolver).Run in goroutine 57831
	/home/mariell/go/pkg/mod/github.com/centrifugal/centrifuge@v0.33.3/internal/dissolve/dissolve.go:31 +0x25

goroutine 55757 [select]:
github.com/centrifugal/centrifuge.(*Node).updateMetrics(0xc02b3ead88)
	/home/mariell/go/pkg/mod/github.com/centrifugal/centrifuge@v0.33.3/node.go:335 +0x85
created by github.com/centrifugal/centrifuge.(*Node).Run in goroutine 54803
	/home/mariell/go/pkg/mod/github.com/centrifugal/centrifuge@v0.33.3/node.go:262 +0x2a5

goroutine 52830 [select]:
net/http.(*persistConn).writeLoop(0xc02a4245a0)
	/usr/lib/go/src/net/http/transport.go:2590 +0xe7
created by net/http.(*Transport).dialConn in goroutine 56265
	/usr/lib/go/src/net/http/transport.go:1945 +0x17a5

goroutine 77353 [sync.Cond.Wait]:
sync.runtime_notifyListWait(0xc045ae3d50, 0x23)
	/usr/lib/go/src/runtime/sema.go:597 +0x159
sync.(*Cond).Wait(0xc02be88fd0?)
	/usr/lib/go/src/sync/cond.go:71 +0x85
github.com/centrifugal/centrifuge/internal/dissolve.(*queueImpl).Wait(0xc045afb420)
	/home/mariell/go/pkg/mod/github.com/centrifugal/centrifuge@v0.33.3/internal/dissolve/queue.go:139 +0x4a
github.com/centrifugal/centrifuge/internal/dissolve.(*Dissolver).runWorker(0xc034b3a078)
	/home/mariell/go/pkg/mod/github.com/centrifugal/centrifuge@v0.33.3/internal/dissolve/dissolve.go:52 +0x27
created by github.com/centrifugal/centrifuge/internal/dissolve.(*Dissolver).Run in goroutine 4437
	/home/mariell/go/pkg/mod/github.com/centrifugal/centrifuge@v0.33.3/internal/dissolve/dissolve.go:31 +0x25

goroutine 55874 [sync.Cond.Wait]:
sync.runtime_notifyListWait(0xc022793e10, 0x5)
	/usr/lib/go/src/runtime/sema.go:597 +0x159
sync.(*Cond).Wait(0x0?)
	/usr/lib/go/src/sync/cond.go:71 +0x85
github.com/centrifugal/centrifuge/internal/dissolve.(*queueImpl).Wait(0xc01100c540)
	/home/mariell/go/pkg/mod/github.com/centrifugal/centrifuge@v0.33.3/internal/dissolve/queue.go:139 +0x4a
github.com/centrifugal/centrifuge/internal/dissolve.(*Dissolver).runWorker(0xc02431b8f0)
	/home/mariell/go/pkg/mod/github.com/centrifugal/centrifuge@v0.33.3/internal/dissolve/dissolve.go:52 +0x27
created by github.com/centrifugal/centrifuge/internal/dissolve.(*Dissolver).Run in goroutine 54803
	/home/mariell/go/pkg/mod/github.com/centrifugal/centrifuge@v0.33.3/internal/dissolve/dissolve.go:31 +0x25

goroutine 74472 [select]:
net/http.(*persistConn).writeLoop(0xc02b6ce5a0)
	/usr/lib/go/src/net/http/transport.go:2590 +0xe7
created by net/http.(*Transport).dialConn in goroutine 74872
	/usr/lib/go/src/net/http/transport.go:1945 +0x17a5

goroutine 73677 [select]:
github.com/patrickmn/go-cache.(*janitor).Run(0xc04151b6d0, 0xc014083600)
	/home/mariell/go/pkg/mod/github.com/patrickmn/go-cache@v2.1.0+incompatible/cache.go:1079 +0x7b
created by github.com/patrickmn/go-cache.runJanitor in goroutine 22317
	/home/mariell/go/pkg/mod/github.com/patrickmn/go-cache@v2.1.0+incompatible/cache.go:1099 +0xdb

goroutine 55881 [sync.Cond.Wait]:
sync.runtime_notifyListWait(0xc022793e10, 0xc)
	/usr/lib/go/src/runtime/sema.go:597 +0x159
sync.(*Cond).Wait(0xc030616701?)
	/usr/lib/go/src/sync/cond.go:71 +0x85
github.com/centrifugal/centrifuge/internal/dissolve.(*queueImpl).Wait(0xc01100c540)
	/home/mariell/go/pkg/mod/github.com/centrifugal/centrifuge@v0.33.3/internal/dissolve/queue.go:139 +0x4a
github.com/centrifugal/centrifuge/internal/dissolve.(*Dissolver).runWorker(0xc02431b8f0)
	/home/mariell/go/pkg/mod/github.com/centrifugal/centrifuge@v0.33.3/internal/dissolve/dissolve.go:52 +0x27
created by github.com/centrifugal/centrifuge/internal/dissolve.(*Dissolver).Run in goroutine 54803
	/home/mariell/go/pkg/mod/github.com/centrifugal/centrifuge@v0.33.3/internal/dissolve/dissolve.go:31 +0x25

goroutine 78027 [runnable]:
github.com/centrifugal/centrifuge/internal/dissolve.(*Dissolver).Run.gowrap1()
	/home/mariell/go/pkg/mod/github.com/centrifugal/centrifuge@v0.33.3/internal/dissolve/dissolve.go:31
runtime.goexit({})
	/usr/lib/go/src/runtime/asm_amd64.s:1700 +0x1
created by github.com/centrifugal/centrifuge/internal/dissolve.(*Dissolver).Run in goroutine 3350
	/home/mariell/go/pkg/mod/github.com/centrifugal/centrifuge@v0.33.3/internal/dissolve/dissolve.go:31 +0x25

goroutine 54807 [select]:
github.com/patrickmn/go-cache.(*janitor).Run(0xc030c84970, 0xc027bfa780)
	/home/mariell/go/pkg/mod/github.com/patrickmn/go-cache@v2.1.0+incompatible/cache.go:1079 +0x7b
created by github.com/patrickmn/go-cache.runJanitor in goroutine 54803
	/home/mariell/go/pkg/mod/github.com/patrickmn/go-cache@v2.1.0+incompatible/cache.go:1099 +0xdb

goroutine 78021 [runnable]:
github.com/centrifugal/centrifuge/internal/dissolve.(*Dissolver).Run.gowrap1()
	/home/mariell/go/pkg/mod/github.com/centrifugal/centrifuge@v0.33.3/internal/dissolve/dissolve.go:31
runtime.goexit({})
	/usr/lib/go/src/runtime/asm_amd64.s:1700 +0x1
created by github.com/centrifugal/centrifuge/internal/dissolve.(*Dissolver).Run in goroutine 3350
	/home/mariell/go/pkg/mod/github.com/centrifugal/centrifuge@v0.33.3/internal/dissolve/dissolve.go:31 +0x25

goroutine 77841 [runnable]:
github.com/centrifugal/centrifuge/internal/dissolve.(*Dissolver).Run.gowrap1()
	/home/mariell/go/pkg/mod/github.com/centrifugal/centrifuge@v0.33.3/internal/dissolve/dissolve.go:31
runtime.goexit({})
	/usr/lib/go/src/runtime/asm_amd64.s:1700 +0x1
created by github.com/centrifugal/centrifuge/internal/dissolve.(*Dissolver).Run in goroutine 3350
	/home/mariell/go/pkg/mod/github.com/centrifugal/centrifuge@v0.33.3/internal/dissolve/dissolve.go:31 +0x25

goroutine 55756 [select]:
github.com/centrifugal/centrifuge.(*Node).cleanNodeInfo(0xc02b3ead88)
	/home/mariell/go/pkg/mod/github.com/centrifugal/centrifuge@v0.33.3/node.go:394 +0x90
created by github.com/centrifugal/centrifuge.(*Node).Run in goroutine 54803
	/home/mariell/go/pkg/mod/github.com/centrifugal/centrifuge@v0.33.3/node.go:261 +0x265

goroutine 56151 [select]:
go.opentelemetry.io/otel/sdk/trace.(*batchSpanProcessor).processQueue(0xc024e428c0)
	/home/mariell/go/pkg/mod/go.opentelemetry.io/otel/sdk@v1.34.0/trace/batch_span_processor.go:302 +0x114
go.opentelemetry.io/otel/sdk/trace.NewBatchSpanProcessor.func1()
	/home/mariell/go/pkg/mod/go.opentelemetry.io/otel/sdk@v1.34.0/trace/batch_span_processor.go:117 +0x4e
created by go.opentelemetry.io/otel/sdk/trace.NewBatchSpanProcessor in goroutine 54803
	/home/mariell/go/pkg/mod/go.opentelemetry.io/otel/sdk@v1.34.0/trace/batch_span_processor.go:115 +0x2d9

goroutine 55748 [chan receive]:
github.com/grafana/grafana/pkg/storage/unified/resource.(*server).initWatcher.func1.1()
	/home/mariell/work/oss/grafana/pkg/storage/unified/resource/server.go:922 +0x58
created by github.com/grafana/grafana/pkg/storage/unified/resource.(*server).initWatcher.func1 in goroutine 54803
	/home/mariell/work/oss/grafana/pkg/storage/unified/resource/server.go:921 +0xaa

goroutine 55886 [sync.Cond.Wait]:
sync.runtime_notifyListWait(0xc022793e10, 0x11)
	/usr/lib/go/src/runtime/sema.go:597 +0x159
sync.(*Cond).Wait(0x0?)
	/usr/lib/go/src/sync/cond.go:71 +0x85
github.com/centrifugal/centrifuge/internal/dissolve.(*queueImpl).Wait(0xc01100c540)
	/home/mariell/go/pkg/mod/github.com/centrifugal/centrifuge@v0.33.3/internal/dissolve/queue.go:139 +0x4a
github.com/centrifugal/centrifuge/internal/dissolve.(*Dissolver).runWorker(0xc02431b8f0)
	/home/mariell/go/pkg/mod/github.com/centrifugal/centrifuge@v0.33.3/internal/dissolve/dissolve.go:52 +0x27
created by github.com/centrifugal/centrifuge/internal/dissolve.(*Dissolver).Run in goroutine 54803
	/home/mariell/go/pkg/mod/github.com/centrifugal/centrifuge@v0.33.3/internal/dissolve/dissolve.go:31 +0x25

goroutine 55855 [select]:
github.com/centrifugal/centrifuge.(*historyHub).expireStreams(0xc006828500)
	/home/mariell/go/pkg/mod/github.com/centrifugal/centrifuge@v0.33.3/broker_memory.go:298 +0x75
created by github.com/centrifugal/centrifuge.(*historyHub).runCleanups in goroutine 54803
	/home/mariell/go/pkg/mod/github.com/centrifugal/centrifuge@v0.33.3/broker_memory.go:252 +0x56

goroutine 55876 [sync.Cond.Wait]:
sync.runtime_notifyListWait(0xc022793e10, 0x7)
	/usr/lib/go/src/runtime/sema.go:597 +0x159
sync.(*Cond).Wait(0x100000000000000?)
	/usr/lib/go/src/sync/cond.go:71 +0x85
github.com/centrifugal/centrifuge/internal/dissolve.(*queueImpl).Wait(0xc01100c540)
	/home/mariell/go/pkg/mod/github.com/centrifugal/centrifuge@v0.33.3/internal/dissolve/queue.go:139 +0x4a
github.com/centrifugal/centrifuge/internal/dissolve.(*Dissolver).runWorker(0xc02431b8f0)
	/home/mariell/go/pkg/mod/github.com/centrifugal/centrifuge@v0.33.3/internal/dissolve/dissolve.go:52 +0x27
created by github.com/centrifugal/centrifuge/internal/dissolve.(*Dissolver).Run in goroutine 54803
	/home/mariell/go/pkg/mod/github.com/centrifugal/centrifuge@v0.33.3/internal/dissolve/dissolve.go:31 +0x25

goroutine 74594 [sync.Cond.Wait]:
sync.runtime_notifyListWait(0xc022369b10, 0xa)
	/usr/lib/go/src/runtime/sema.go:597 +0x159
sync.(*Cond).Wait(0x0?)
	/usr/lib/go/src/sync/cond.go:71 +0x85
github.com/centrifugal/centrifuge/internal/dissolve.(*queueImpl).Wait(0xc0429f7180)
	/home/mariell/go/pkg/mod/github.com/centrifugal/centrifuge@v0.33.3/internal/dissolve/queue.go:139 +0x4a
github.com/centrifugal/centrifuge/internal/dissolve.(*Dissolver).runWorker(0xc02391be18)
	/home/mariell/go/pkg/mod/github.com/centrifugal/centrifuge@v0.33.3/internal/dissolve/dissolve.go:52 +0x27
created by github.com/centrifugal/centrifuge/internal/dissolve.(*Dissolver).Run in goroutine 4438
	/home/mariell/go/pkg/mod/github.com/centrifugal/centrifuge@v0.33.3/internal/dissolve/dissolve.go:31 +0x25

goroutine 76047 [select]:
github.com/centrifugal/centrifuge.(*Node).updateMetrics(0xc02427a488)
	/home/mariell/go/pkg/mod/github.com/centrifugal/centrifuge@v0.33.3/node.go:335 +0x85
created by github.com/centrifugal/centrifuge.(*Node).Run in goroutine 3349
	/home/mariell/go/pkg/mod/github.com/centrifugal/centrifuge@v0.33.3/node.go:262 +0x2a5

goroutine 75332 [sync.Cond.Wait]:
sync.runtime_notifyListWait(0xc00e4b6210, 0x15)
	/usr/lib/go/src/runtime/sema.go:597 +0x159
sync.(*Cond).Wait(0x0?)
	/usr/lib/go/src/sync/cond.go:71 +0x85
github.com/centrifugal/centrifuge/internal/dissolve.(*queueImpl).Wait(0xc043706620)
	/home/mariell/go/pkg/mod/github.com/centrifugal/centrifuge@v0.33.3/internal/dissolve/queue.go:139 +0x4a
github.com/centrifugal/centrifuge/internal/dissolve.(*Dissolver).runWorker(0xc0253d2480)
	/home/mariell/go/pkg/mod/github.com/centrifugal/centrifuge@v0.33.3/internal/dissolve/dissolve.go:52 +0x27
created by github.com/centrifugal/centrifuge/internal/dissolve.(*Dissolver).Run in goroutine 56144
	/home/mariell/go/pkg/mod/github.com/centrifugal/centrifuge@v0.33.3/internal/dissolve/dissolve.go:31 +0x25

goroutine 77840 [runnable]:
github.com/centrifugal/centrifuge/internal/dissolve.(*Dissolver).Run.gowrap1()
	/home/mariell/go/pkg/mod/github.com/centrifugal/centrifuge@v0.33.3/internal/dissolve/dissolve.go:31
runtime.goexit({})
	/usr/lib/go/src/runtime/asm_amd64.s:1700 +0x1
created by github.com/centrifugal/centrifuge/internal/dissolve.(*Dissolver).Run in goroutine 3350
	/home/mariell/go/pkg/mod/github.com/centrifugal/centrifuge@v0.33.3/internal/dissolve/dissolve.go:31 +0x25

goroutine 55875 [sync.Cond.Wait]:
sync.runtime_notifyListWait(0xc022793e10, 0x6)
	/usr/lib/go/src/runtime/sema.go:597 +0x159
sync.(*Cond).Wait(0x0?)
	/usr/lib/go/src/sync/cond.go:71 +0x85
github.com/centrifugal/centrifuge/internal/dissolve.(*queueImpl).Wait(0xc01100c540)
	/home/mariell/go/pkg/mod/github.com/centrifugal/centrifuge@v0.33.3/internal/dissolve/queue.go:139 +0x4a
github.com/centrifugal/centrifuge/internal/dissolve.(*Dissolver).runWorker(0xc02431b8f0)
	/home/mariell/go/pkg/mod/github.com/centrifugal/centrifuge@v0.33.3/internal/dissolve/dissolve.go:52 +0x27
created by github.com/centrifugal/centrifuge/internal/dissolve.(*Dissolver).Run in goroutine 54803
	/home/mariell/go/pkg/mod/github.com/centrifugal/centrifuge@v0.33.3/internal/dissolve/dissolve.go:31 +0x25

goroutine 74599 [sync.Cond.Wait]:
sync.runtime_notifyListWait(0xc022369b10, 0xf)
	/usr/lib/go/src/runtime/sema.go:597 +0x159
sync.(*Cond).Wait(0x0?)
	/usr/lib/go/src/sync/cond.go:71 +0x85
github.com/centrifugal/centrifuge/internal/dissolve.(*queueImpl).Wait(0xc0429f7180)
	/home/mariell/go/pkg/mod/github.com/centrifugal/centrifuge@v0.33.3/internal/dissolve/queue.go:139 +0x4a
github.com/centrifugal/centrifuge/internal/dissolve.(*Dissolver).runWorker(0xc02391be18)
	/home/mariell/go/pkg/mod/github.com/centrifugal/centrifuge@v0.33.3/internal/dissolve/dissolve.go:52 +0x27
created by github.com/centrifugal/centrifuge/internal/dissolve.(*Dissolver).Run in goroutine 4438
	/home/mariell/go/pkg/mod/github.com/centrifugal/centrifuge@v0.33.3/internal/dissolve/dissolve.go:31 +0x25

goroutine 75061 [chan receive]:
github.com/grafana/grafana/pkg/storage/unified/sql.(*channelNotifier).notify.func1()
	/home/mariell/work/oss/grafana/pkg/storage/unified/sql/notifier.go:87 +0x39
created by github.com/grafana/grafana/pkg/storage/unified/sql.(*channelNotifier).notify in goroutine 4436
	/home/mariell/work/oss/grafana/pkg/storage/unified/sql/notifier.go:86 +0xdb

goroutine 74588 [sync.Cond.Wait]:
sync.runtime_notifyListWait(0xc022369b10, 0x4)
	/usr/lib/go/src/runtime/sema.go:597 +0x159
sync.(*Cond).Wait(0x0?)
	/usr/lib/go/src/sync/cond.go:71 +0x85
github.com/centrifugal/centrifuge/internal/dissolve.(*queueImpl).Wait(0xc0429f7180)
	/home/mariell/go/pkg/mod/github.com/centrifugal/centrifuge@v0.33.3/internal/dissolve/queue.go:139 +0x4a
github.com/centrifugal/centrifuge/internal/dissolve.(*Dissolver).runWorker(0xc02391be18)
	/home/mariell/go/pkg/mod/github.com/centrifugal/centrifuge@v0.33.3/internal/dissolve/dissolve.go:52 +0x27
created by github.com/centrifugal/centrifuge/internal/dissolve.(*Dissolver).Run in goroutine 4438
	/home/mariell/go/pkg/mod/github.com/centrifugal/centrifuge@v0.33.3/internal/dissolve/dissolve.go:31 +0x25

goroutine 55758 [sync.Cond.Wait]:
sync.runtime_notifyListWait(0xc022793e10, 0x0)
	/usr/lib/go/src/runtime/sema.go:597 +0x159
sync.(*Cond).Wait(0x302e393331203839?)
	/usr/lib/go/src/sync/cond.go:71 +0x85
github.com/centrifugal/centrifuge/internal/dissolve.(*queueImpl).Wait(0xc01100c540)
	/home/mariell/go/pkg/mod/github.com/centrifugal/centrifuge@v0.33.3/internal/dissolve/queue.go:139 +0x4a
github.com/centrifugal/centrifuge/internal/dissolve.(*Dissolver).runWorker(0xc02431b8f0)
	/home/mariell/go/pkg/mod/github.com/centrifugal/centrifuge@v0.33.3/internal/dissolve/dissolve.go:52 +0x27
created by github.com/centrifugal/centrifuge/internal/dissolve.(*Dissolver).Run in goroutine 54803
	/home/mariell/go/pkg/mod/github.com/centrifugal/centrifuge@v0.33.3/internal/dissolve/dissolve.go:31 +0x25

goroutine 55759 [sync.Cond.Wait]:
sync.runtime_notifyListWait(0xc022793e10, 0x2)
	/usr/lib/go/src/runtime/sema.go:597 +0x159
sync.(*Cond).Wait(0x100000000000000?)
	/usr/lib/go/src/sync/cond.go:71 +0x85
github.com/centrifugal/centrifuge/internal/dissolve.(*queueImpl).Wait(0xc01100c540)
	/home/mariell/go/pkg/mod/github.com/centrifugal/centrifuge@v0.33.3/internal/dissolve/queue.go:139 +0x4a
github.com/centrifugal/centrifuge/internal/dissolve.(*Dissolver).runWorker(0xc02431b8f0)
	/home/mariell/go/pkg/mod/github.com/centrifugal/centrifuge@v0.33.3/internal/dissolve/dissolve.go:52 +0x27
created by github.com/centrifugal/centrifuge/internal/dissolve.(*Dissolver).Run in goroutine 54803
	/home/mariell/go/pkg/mod/github.com/centrifugal/centrifuge@v0.33.3/internal/dissolve/dissolve.go:31 +0x25

goroutine 55879 [sync.Cond.Wait]:
sync.runtime_notifyListWait(0xc022793e10, 0xa)
	/usr/lib/go/src/runtime/sema.go:597 +0x159
sync.(*Cond).Wait(0xc030615fd0?)
	/usr/lib/go/src/sync/cond.go:71 +0x85
github.com/centrifugal/centrifuge/internal/dissolve.(*queueImpl).Wait(0xc01100c540)
	/home/mariell/go/pkg/mod/github.com/centrifugal/centrifuge@v0.33.3/internal/dissolve/queue.go:139 +0x4a
github.com/centrifugal/centrifuge/internal/dissolve.(*Dissolver).runWorker(0xc02431b8f0)
	/home/mariell/go/pkg/mod/github.com/centrifugal/centrifuge@v0.33.3/internal/dissolve/dissolve.go:52 +0x27
created by github.com/centrifugal/centrifuge/internal/dissolve.(*Dissolver).Run in goroutine 54803
	/home/mariell/go/pkg/mod/github.com/centrifugal/centrifuge@v0.33.3/internal/dissolve/dissolve.go:31 +0x25

goroutine 55882 [sync.Cond.Wait]:
sync.runtime_notifyListWait(0xc022793e10, 0xd)
	/usr/lib/go/src/runtime/sema.go:597 +0x159
sync.(*Cond).Wait(0x100000000000000?)
	/usr/lib/go/src/sync/cond.go:71 +0x85
github.com/centrifugal/centrifuge/internal/dissolve.(*queueImpl).Wait(0xc01100c540)
	/home/mariell/go/pkg/mod/github.com/centrifugal/centrifuge@v0.33.3/internal/dissolve/queue.go:139 +0x4a
github.com/centrifugal/centrifuge/internal/dissolve.(*Dissolver).runWorker(0xc02431b8f0)
	/home/mariell/go/pkg/mod/github.com/centrifugal/centrifuge@v0.33.3/internal/dissolve/dissolve.go:52 +0x27
created by github.com/centrifugal/centrifuge/internal/dissolve.(*Dissolver).Run in goroutine 54803
	/home/mariell/go/pkg/mod/github.com/centrifugal/centrifuge@v0.33.3/internal/dissolve/dissolve.go:31 +0x25

goroutine 55747 [chan receive]:
github.com/grafana/grafana/pkg/storage/unified/sql.(*channelNotifier).notify.func1()
	/home/mariell/work/oss/grafana/pkg/storage/unified/sql/notifier.go:87 +0x39
created by github.com/grafana/grafana/pkg/storage/unified/sql.(*channelNotifier).notify in goroutine 54803
	/home/mariell/work/oss/grafana/pkg/storage/unified/sql/notifier.go:86 +0xdb

goroutine 59144 [select]:
database/sql.(*DB).connectionOpener(0xc025e91110, {0xa9d1d00, 0xc00f6240f0})
	/usr/lib/go/src/database/sql/sql.go:1261 +0x87
created by database/sql.OpenDB in goroutine 4437
	/usr/lib/go/src/database/sql/sql.go:841 +0x130

goroutine 55878 [sync.Cond.Wait]:
sync.runtime_notifyListWait(0xc022793e10, 0x9)
	/usr/lib/go/src/runtime/sema.go:597 +0x159
sync.(*Cond).Wait(0x10000c022f58540?)
	/usr/lib/go/src/sync/cond.go:71 +0x85
github.com/centrifugal/centrifuge/internal/dissolve.(*queueImpl).Wait(0xc01100c540)
	/home/mariell/go/pkg/mod/github.com/centrifugal/centrifuge@v0.33.3/internal/dissolve/queue.go:139 +0x4a
github.com/centrifugal/centrifuge/internal/dissolve.(*Dissolver).runWorker(0xc02431b8f0)
	/home/mariell/go/pkg/mod/github.com/centrifugal/centrifuge@v0.33.3/internal/dissolve/dissolve.go:52 +0x27
created by github.com/centrifugal/centrifuge/internal/dissolve.(*Dissolver).Run in goroutine 54803
	/home/mariell/go/pkg/mod/github.com/centrifugal/centrifuge@v0.33.3/internal/dissolve/dissolve.go:31 +0x25

goroutine 55750 [select]:
github.com/grafana/grafana/pkg/storage/unified/resource.(*broadcaster[...]).stream(0xab113a0, 0xc010c737a0)
	/home/mariell/work/oss/grafana/pkg/storage/unified/resource/broadcaster.go:205 +0x13d
created by github.com/grafana/grafana/pkg/storage/unified/resource.(*broadcaster[...]).init in goroutine 54803
	/home/mariell/work/oss/grafana/pkg/storage/unified/resource/broadcaster.go:177 +0x219

goroutine 77075 [select]:
github.com/centrifugal/centrifuge.(*Node).initMetrics.func1()
	/home/mariell/go/pkg/mod/github.com/centrifugal/centrifuge@v0.33.3/node.go:365 +0x8a
created by github.com/centrifugal/centrifuge.(*Node).initMetrics in goroutine 4437
	/home/mariell/go/pkg/mod/github.com/centrifugal/centrifuge@v0.33.3/node.go:363 +0x1f9

goroutine 55761 [sync.Cond.Wait]:
sync.runtime_notifyListWait(0xc022793e10, 0x4)
	/usr/lib/go/src/runtime/sema.go:597 +0x159
sync.(*Cond).Wait(0x0?)
	/usr/lib/go/src/sync/cond.go:71 +0x85
github.com/centrifugal/centrifuge/internal/dissolve.(*queueImpl).Wait(0xc01100c540)
	/home/mariell/go/pkg/mod/github.com/centrifugal/centrifuge@v0.33.3/internal/dissolve/queue.go:139 +0x4a
github.com/centrifugal/centrifuge/internal/dissolve.(*Dissolver).runWorker(0xc02431b8f0)
	/home/mariell/go/pkg/mod/github.com/centrifugal/centrifuge@v0.33.3/internal/dissolve/dissolve.go:52 +0x27
created by github.com/centrifugal/centrifuge/internal/dissolve.(*Dissolver).Run in goroutine 54803
	/home/mariell/go/pkg/mod/github.com/centrifugal/centrifuge@v0.33.3/internal/dissolve/dissolve.go:31 +0x25

goroutine 55918 [sync.Cond.Wait]:
sync.runtime_notifyListWait(0xc022793e10, 0x33)
	/usr/lib/go/src/runtime/sema.go:597 +0x159
sync.(*Cond).Wait(0x10000c020dccf01?)
	/usr/lib/go/src/sync/cond.go:71 +0x85
github.com/centrifugal/centrifuge/internal/dissolve.(*queueImpl).Wait(0xc01100c540)
	/home/mariell/go/pkg/mod/github.com/centrifugal/centrifuge@v0.33.3/internal/dissolve/queue.go:139 +0x4a
github.com/centrifugal/centrifuge/internal/dissolve.(*Dissolver).runWorker(0xc02431b8f0)
	/home/mariell/go/pkg/mod/github.com/centrifugal/centrifuge@v0.33.3/internal/dissolve/dissolve.go:52 +0x27
created by github.com/centrifugal/centrifuge/internal/dissolve.(*Dissolver).Run in goroutine 54803
	/home/mariell/go/pkg/mod/github.com/centrifugal/centrifuge@v0.33.3/internal/dissolve/dissolve.go:31 +0x25

goroutine 55919 [sync.Cond.Wait]:
sync.runtime_notifyListWait(0xc022793e10, 0x2c)
	/usr/lib/go/src/runtime/sema.go:597 +0x159
sync.(*Cond).Wait(0x0?)
	/usr/lib/go/src/sync/cond.go:71 +0x85
github.com/centrifugal/centrifuge/internal/dissolve.(*queueImpl).Wait(0xc01100c540)
	/home/mariell/go/pkg/mod/github.com/centrifugal/centrifuge@v0.33.3/internal/dissolve/queue.go:139 +0x4a
github.com/centrifugal/centrifuge/internal/dissolve.(*Dissolver).runWorker(0xc02431b8f0)
	/home/mariell/go/pkg/mod/github.com/centrifugal/centrifuge@v0.33.3/internal/dissolve/dissolve.go:52 +0x27
created by github.com/centrifugal/centrifuge/internal/dissolve.(*Dissolver).Run in goroutine 54803
	/home/mariell/go/pkg/mod/github.com/centrifugal/centrifuge@v0.33.3/internal/dissolve/dissolve.go:31 +0x25

goroutine 55920 [sync.Cond.Wait]:
sync.runtime_notifyListWait(0xc022793e10, 0x2d)
	/usr/lib/go/src/runtime/sema.go:597 +0x159
sync.(*Cond).Wait(0x100000000000000?)
	/usr/lib/go/src/sync/cond.go:71 +0x85
github.com/centrifugal/centrifuge/internal/dissolve.(*queueImpl).Wait(0xc01100c540)
	/home/mariell/go/pkg/mod/github.com/centrifugal/centrifuge@v0.33.3/internal/dissolve/queue.go:139 +0x4a
github.com/centrifugal/centrifuge/internal/dissolve.(*Dissolver).runWorker(0xc02431b8f0)
	/home/mariell/go/pkg/mod/github.com/centrifugal/centrifuge@v0.33.3/internal/dissolve/dissolve.go:52 +0x27
created by github.com/centrifugal/centrifuge/internal/dissolve.(*Dissolver).Run in goroutine 54803
	/home/mariell/go/pkg/mod/github.com/centrifugal/centrifuge@v0.33.3/internal/dissolve/dissolve.go:31 +0x25

goroutine 55921 [sync.Cond.Wait]:
sync.runtime_notifyListWait(0xc022793e10, 0x2e)
	/usr/lib/go/src/runtime/sema.go:597 +0x159
sync.(*Cond).Wait(0x1?)
	/usr/lib/go/src/sync/cond.go:71 +0x85
github.com/centrifugal/centrifuge/internal/dissolve.(*queueImpl).Wait(0xc01100c540)
	/home/mariell/go/pkg/mod/github.com/centrifugal/centrifuge@v0.33.3/internal/dissolve/queue.go:139 +0x4a
github.com/centrifugal/centrifuge/internal/dissolve.(*Dissolver).runWorker(0xc02431b8f0)
	/home/mariell/go/pkg/mod/github.com/centrifugal/centrifuge@v0.33.3/internal/dissolve/dissolve.go:52 +0x27
created by github.com/centrifugal/centrifuge/internal/dissolve.(*Dissolver).Run in goroutine 54803
	/home/mariell/go/pkg/mod/github.com/centrifugal/centrifuge@v0.33.3/internal/dissolve/dissolve.go:31 +0x25

goroutine 55922 [sync.Cond.Wait]:
sync.runtime_notifyListWait(0xc022793e10, 0x30)
	/usr/lib/go/src/runtime/sema.go:597 +0x159
sync.(*Cond).Wait(0x0?)
	/usr/lib/go/src/sync/cond.go:71 +0x85
github.com/centrifugal/centrifuge/internal/dissolve.(*queueImpl).Wait(0xc01100c540)
	/home/mariell/go/pkg/mod/github.com/centrifugal/centrifuge@v0.33.3/internal/dissolve/queue.go:139 +0x4a
github.com/centrifugal/centrifuge/internal/dissolve.(*Dissolver).runWorker(0xc02431b8f0)
	/home/mariell/go/pkg/mod/github.com/centrifugal/centrifuge@v0.33.3/internal/dissolve/dissolve.go:52 +0x27
created by github.com/centrifugal/centrifuge/internal/dissolve.(*Dissolver).Run in goroutine 54803
	/home/mariell/go/pkg/mod/github.com/centrifugal/centrifuge@v0.33.3/internal/dissolve/dissolve.go:31 +0x25

goroutine 55923 [sync.Cond.Wait]:
sync.runtime_notifyListWait(0xc022793e10, 0x2a)
	/usr/lib/go/src/runtime/sema.go:597 +0x159
sync.(*Cond).Wait(0x0?)
	/usr/lib/go/src/sync/cond.go:71 +0x85
github.com/centrifugal/centrifuge/internal/dissolve.(*queueImpl).Wait(0xc01100c540)
	/home/mariell/go/pkg/mod/github.com/centrifugal/centrifuge@v0.33.3/internal/dissolve/queue.go:139 +0x4a
github.com/centrifugal/centrifuge/internal/dissolve.(*Dissolver).runWorker(0xc02431b8f0)
	/home/mariell/go/pkg/mod/github.com/centrifugal/centrifuge@v0.33.3/internal/dissolve/dissolve.go:52 +0x27
created by github.com/centrifugal/centrifuge/internal/dissolve.(*Dissolver).Run in goroutine 54803
	/home/mariell/go/pkg/mod/github.com/centrifugal/centrifuge@v0.33.3/internal/dissolve/dissolve.go:31 +0x25

goroutine 55924 [sync.Cond.Wait]:
sync.runtime_notifyListWait(0xc022793e10, 0x31)
	/usr/lib/go/src/runtime/sema.go:597 +0x159
sync.(*Cond).Wait(0x0?)
	/usr/lib/go/src/sync/cond.go:71 +0x85
github.com/centrifugal/centrifuge/internal/dissolve.(*queueImpl).Wait(0xc01100c540)
	/home/mariell/go/pkg/mod/github.com/centrifugal/centrifuge@v0.33.3/internal/dissolve/queue.go:139 +0x4a
github.com/centrifugal/centrifuge/internal/dissolve.(*Dissolver).runWorker(0xc02431b8f0)
	/home/mariell/go/pkg/mod/github.com/centrifugal/centrifuge@v0.33.3/internal/dissolve/dissolve.go:52 +0x27
created by github.com/centrifugal/centrifuge/internal/dissolve.(*Dissolver).Run in goroutine 54803
	/home/mariell/go/pkg/mod/github.com/centrifugal/centrifuge@v0.33.3/internal/dissolve/dissolve.go:31 +0x25

goroutine 55925 [sync.Cond.Wait]:
sync.runtime_notifyListWait(0xc022793e10, 0x32)
	/usr/lib/go/src/runtime/sema.go:597 +0x159
sync.(*Cond).Wait(0xc01f31eb10?)
	/usr/lib/go/src/sync/cond.go:71 +0x85
github.com/centrifugal/centrifuge/internal/dissolve.(*queueImpl).Wait(0xc01100c540)
	/home/mariell/go/pkg/mod/github.com/centrifugal/centrifuge@v0.33.3/internal/dissolve/queue.go:139 +0x4a
github.com/centrifugal/centrifuge/internal/dissolve.(*Dissolver).runWorker(0xc02431b8f0)
	/home/mariell/go/pkg/mod/github.com/centrifugal/centrifuge@v0.33.3/internal/dissolve/dissolve.go:52 +0x27
created by github.com/centrifugal/centrifuge/internal/dissolve.(*Dissolver).Run in goroutine 54803
	/home/mariell/go/pkg/mod/github.com/centrifugal/centrifuge@v0.33.3/internal/dissolve/dissolve.go:31 +0x25

goroutine 55926 [sync.Cond.Wait]:
sync.runtime_notifyListWait(0xc022793e10, 0x34)
	/usr/lib/go/src/runtime/sema.go:597 +0x159
sync.(*Cond).Wait(0xc015bd1f01?)
	/usr/lib/go/src/sync/cond.go:71 +0x85
github.com/centrifugal/centrifuge/internal/dissolve.(*queueImpl).Wait(0xc01100c540)
	/home/mariell/go/pkg/mod/github.com/centrifugal/centrifuge@v0.33.3/internal/dissolve/queue.go:139 +0x4a
github.com/centrifugal/centrifuge/internal/dissolve.(*Dissolver).runWorker(0xc02431b8f0)
	/home/mariell/go/pkg/mod/github.com/centrifugal/centrifuge@v0.33.3/internal/dissolve/dissolve.go:52 +0x27
created by github.com/centrifugal/centrifuge/internal/dissolve.(*Dissolver).Run in goroutine 54803
	/home/mariell/go/pkg/mod/github.com/centrifugal/centrifuge@v0.33.3/internal/dissolve/dissolve.go:31 +0x25

goroutine 55927 [sync.Cond.Wait]:
sync.runtime_notifyListWait(0xc022793e10, 0x3a)
	/usr/lib/go/src/runtime/sema.go:597 +0x159
sync.(*Cond).Wait(0xc01f523180?)
	/usr/lib/go/src/sync/cond.go:71 +0x85
github.com/centrifugal/centrifuge/internal/dissolve.(*queueImpl).Wait(0xc01100c540)
	/home/mariell/go/pkg/mod/github.com/centrifugal/centrifuge@v0.33.3/internal/dissolve/queue.go:139 +0x4a
github.com/centrifugal/centrifuge/internal/dissolve.(*Dissolver).runWorker(0xc02431b8f0)
	/home/mariell/go/pkg/mod/github.com/centrifugal/centrifuge@v0.33.3/internal/dissolve/dissolve.go:52 +0x27
created by github.com/centrifugal/centrifuge/internal/dissolve.(*Dissolver).Run in goroutine 54803
	/home/mariell/go/pkg/mod/github.com/centrifugal/centrifuge@v0.33.3/internal/dissolve/dissolve.go:31 +0x25

goroutine 55928 [sync.Cond.Wait]:
sync.runtime_notifyListWait(0xc022793e10, 0x2f)
	/usr/lib/go/src/runtime/sema.go:597 +0x159
sync.(*Cond).Wait(0x1?)
	/usr/lib/go/src/sync/cond.go:71 +0x85
github.com/centrifugal/centrifuge/internal/dissolve.(*queueImpl).Wait(0xc01100c540)
	/home/mariell/go/pkg/mod/github.com/centrifugal/centrifuge@v0.33.3/internal/dissolve/queue.go:139 +0x4a
github.com/centrifugal/centrifuge/internal/dissolve.(*Dissolver).runWorker(0xc02431b8f0)
	/home/mariell/go/pkg/mod/github.com/centrifugal/centrifuge@v0.33.3/internal/dissolve/dissolve.go:52 +0x27
created by github.com/centrifugal/centrifuge/internal/dissolve.(*Dissolver).Run in goroutine 54803
	/home/mariell/go/pkg/mod/github.com/centrifugal/centrifuge@v0.33.3/internal/dissolve/dissolve.go:31 +0x25

goroutine 55929 [sync.Cond.Wait]:
sync.runtime_notifyListWait(0xc022793e10, 0x3c)
	/usr/lib/go/src/runtime/sema.go:597 +0x159
sync.(*Cond).Wait(0x1?)
	/usr/lib/go/src/sync/cond.go:71 +0x85
github.com/centrifugal/centrifuge/internal/dissolve.(*queueImpl).Wait(0xc01100c540)
	/home/mariell/go/pkg/mod/github.com/centrifugal/centrifuge@v0.33.3/internal/dissolve/queue.go:139 +0x4a
github.com/centrifugal/centrifuge/internal/dissolve.(*Dissolver).runWorker(0xc02431b8f0)
	/home/mariell/go/pkg/mod/github.com/centrifugal/centrifuge@v0.33.3/internal/dissolve/dissolve.go:52 +0x27
created by github.com/centrifugal/centrifuge/internal/dissolve.(*Dissolver).Run in goroutine 54803
	/home/mariell/go/pkg/mod/github.com/centrifugal/centrifuge@v0.33.3/internal/dissolve/dissolve.go:31 +0x25

goroutine 55930 [sync.Cond.Wait]:
sync.runtime_notifyListWait(0xc022793e10, 0x3b)
	/usr/lib/go/src/runtime/sema.go:597 +0x159
sync.(*Cond).Wait(0x10000c02be80fd0?)
	/usr/lib/go/src/sync/cond.go:71 +0x85
github.com/centrifugal/centrifuge/internal/dissolve.(*queueImpl).Wait(0xc01100c540)
	/home/mariell/go/pkg/mod/github.com/centrifugal/centrifuge@v0.33.3/internal/dissolve/queue.go:139 +0x4a
github.com/centrifugal/centrifuge/internal/dissolve.(*Dissolver).runWorker(0xc02431b8f0)
	/home/mariell/go/pkg/mod/github.com/centrifugal/centrifuge@v0.33.3/internal/dissolve/dissolve.go:52 +0x27
created by github.com/centrifugal/centrifuge/internal/dissolve.(*Dissolver).Run in goroutine 54803
	/home/mariell/go/pkg/mod/github.com/centrifugal/centrifuge@v0.33.3/internal/dissolve/dissolve.go:31 +0x25

goroutine 55931 [sync.Cond.Wait]:
sync.runtime_notifyListWait(0xc022793e10, 0x3d)
	/usr/lib/go/src/runtime/sema.go:597 +0x159
sync.(*Cond).Wait(0x0?)
	/usr/lib/go/src/sync/cond.go:71 +0x85
github.com/centrifugal/centrifuge/internal/dissolve.(*queueImpl).Wait(0xc01100c540)
	/home/mariell/go/pkg/mod/github.com/centrifugal/centrifuge@v0.33.3/internal/dissolve/queue.go:139 +0x4a
github.com/centrifugal/centrifuge/internal/dissolve.(*Dissolver).runWorker(0xc02431b8f0)
	/home/mariell/go/pkg/mod/github.com/centrifugal/centrifuge@v0.33.3/internal/dissolve/dissolve.go:52 +0x27
created by github.com/centrifugal/centrifuge/internal/dissolve.(*Dissolver).Run in goroutine 54803
	/home/mariell/go/pkg/mod/github.com/centrifugal/centrifuge@v0.33.3/internal/dissolve/dissolve.go:31 +0x25

goroutine 55932 [sync.Cond.Wait]:
sync.runtime_notifyListWait(0xc022793e10, 0x3e)
	/usr/lib/go/src/runtime/sema.go:597 +0x159
sync.(*Cond).Wait(0xc020711fd0?)
	/usr/lib/go/src/sync/cond.go:71 +0x85
github.com/centrifugal/centrifuge/internal/dissolve.(*queueImpl).Wait(0xc01100c540)
	/home/mariell/go/pkg/mod/github.com/centrifugal/centrifuge@v0.33.3/internal/dissolve/queue.go:139 +0x4a
github.com/centrifugal/centrifuge/internal/dissolve.(*Dissolver).runWorker(0xc02431b8f0)
	/home/mariell/go/pkg/mod/github.com/centrifugal/centrifuge@v0.33.3/internal/dissolve/dissolve.go:52 +0x27
created by github.com/centrifugal/centrifuge/internal/dissolve.(*Dissolver).Run in goroutine 54803
	/home/mariell/go/pkg/mod/github.com/centrifugal/centrifuge@v0.33.3/internal/dissolve/dissolve.go:31 +0x25

goroutine 55933 [sync.Cond.Wait]:
sync.runtime_notifyListWait(0xc022793e10, 0x3f)
	/usr/lib/go/src/runtime/sema.go:597 +0x159
sync.(*Cond).Wait(0x10000c0232b67d0?)
	/usr/lib/go/src/sync/cond.go:71 +0x85
github.com/centrifugal/centrifuge/internal/dissolve.(*queueImpl).Wait(0xc01100c540)
	/home/mariell/go/pkg/mod/github.com/centrifugal/centrifuge@v0.33.3/internal/dissolve/queue.go:139 +0x4a
github.com/centrifugal/centrifuge/internal/dissolve.(*Dissolver).runWorker(0xc02431b8f0)
	/home/mariell/go/pkg/mod/github.com/centrifugal/centrifuge@v0.33.3/internal/dissolve/dissolve.go:52 +0x27
created by github.com/centrifugal/centrifuge/internal/dissolve.(*Dissolver).Run in goroutine 54803
	/home/mariell/go/pkg/mod/github.com/centrifugal/centrifuge@v0.33.3/internal/dissolve/dissolve.go:31 +0x25

goroutine 54730 [select]:
github.com/patrickmn/go-cache.(*janitor).Run(0xc01b2733b0, 0xc01da3d300)
	/home/mariell/go/pkg/mod/github.com/patrickmn/go-cache@v2.1.0+incompatible/cache.go:1079 +0x7b
created by github.com/patrickmn/go-cache.runJanitor in goroutine 57831
	/home/mariell/go/pkg/mod/github.com/patrickmn/go-cache@v2.1.0+incompatible/cache.go:1099 +0xdb

goroutine 78028 [runnable]:
github.com/centrifugal/centrifuge/internal/dissolve.(*Dissolver).Run.gowrap1()
	/home/mariell/go/pkg/mod/github.com/centrifugal/centrifuge@v0.33.3/internal/dissolve/dissolve.go:31
runtime.goexit({})
	/usr/lib/go/src/runtime/asm_amd64.s:1700 +0x1
created by github.com/centrifugal/centrifuge/internal/dissolve.(*Dissolver).Run in goroutine 3350
	/home/mariell/go/pkg/mod/github.com/centrifugal/centrifuge@v0.33.3/internal/dissolve/dissolve.go:31 +0x25

goroutine 58662 [select]:
github.com/centrifugal/centrifuge.(*Node).updateMetrics(0xc02b3f7688)
	/home/mariell/go/pkg/mod/github.com/centrifugal/centrifuge@v0.33.3/node.go:335 +0x85
created by github.com/centrifugal/centrifuge.(*Node).Run in goroutine 57831
	/home/mariell/go/pkg/mod/github.com/centrifugal/centrifuge@v0.33.3/node.go:262 +0x2a5

goroutine 54733 [select]:
github.com/patrickmn/go-cache.(*janitor).Run(0xc01b273a50, 0xc01da3d340)
	/home/mariell/go/pkg/mod/github.com/patrickmn/go-cache@v2.1.0+incompatible/cache.go:1079 +0x7b
created by github.com/patrickmn/go-cache.runJanitor in goroutine 57831
	/home/mariell/go/pkg/mod/github.com/patrickmn/go-cache@v2.1.0+incompatible/cache.go:1099 +0xdb

goroutine 55990 [select]:
github.com/patrickmn/go-cache.(*janitor).Run(0xc024474fa0, 0xc027aa3400)
	/home/mariell/go/pkg/mod/github.com/patrickmn/go-cache@v2.1.0+incompatible/cache.go:1079 +0x7b
created by github.com/patrickmn/go-cache.runJanitor in goroutine 54803
	/home/mariell/go/pkg/mod/github.com/patrickmn/go-cache@v2.1.0+incompatible/cache.go:1099 +0xdb

goroutine 55996 [select]:
github.com/patrickmn/go-cache.(*janitor).Run(0xc0005026b0, 0xc027cdfd00)
	/home/mariell/go/pkg/mod/github.com/patrickmn/go-cache@v2.1.0+incompatible/cache.go:1079 +0x7b
created by github.com/patrickmn/go-cache.runJanitor in goroutine 54803
	/home/mariell/go/pkg/mod/github.com/patrickmn/go-cache@v2.1.0+incompatible/cache.go:1099 +0xdb

goroutine 55997 [select]:
github.com/patrickmn/go-cache.(*janitor).Run(0xc01b2721f0, 0xc027cdfe80)
	/home/mariell/go/pkg/mod/github.com/patrickmn/go-cache@v2.1.0+incompatible/cache.go:1079 +0x7b
created by github.com/patrickmn/go-cache.runJanitor in goroutine 54803
	/home/mariell/go/pkg/mod/github.com/patrickmn/go-cache@v2.1.0+incompatible/cache.go:1099 +0xdb

goroutine 55998 [select]:
github.com/patrickmn/go-cache.(*janitor).Run(0xc01b272200, 0xc027cdfec0)
	/home/mariell/go/pkg/mod/github.com/patrickmn/go-cache@v2.1.0+incompatible/cache.go:1079 +0x7b
created by github.com/patrickmn/go-cache.runJanitor in goroutine 54803
	/home/mariell/go/pkg/mod/github.com/patrickmn/go-cache@v2.1.0+incompatible/cache.go:1099 +0xdb

goroutine 56076 [select]:
github.com/patrickmn/go-cache.(*janitor).Run(0xc025094860, 0xc012becc00)
	/home/mariell/go/pkg/mod/github.com/patrickmn/go-cache@v2.1.0+incompatible/cache.go:1079 +0x7b
created by github.com/patrickmn/go-cache.runJanitor in goroutine 54803
	/home/mariell/go/pkg/mod/github.com/patrickmn/go-cache@v2.1.0+incompatible/cache.go:1099 +0xdb

goroutine 56078 [select]:
github.com/patrickmn/go-cache.(*janitor).Run(0xc0250957d0, 0xc026f9a600)
	/home/mariell/go/pkg/mod/github.com/patrickmn/go-cache@v2.1.0+incompatible/cache.go:1079 +0x7b
created by github.com/patrickmn/go-cache.runJanitor in goroutine 54803
	/home/mariell/go/pkg/mod/github.com/patrickmn/go-cache@v2.1.0+incompatible/cache.go:1099 +0xdb

goroutine 57380 [select]:
github.com/FZambia/eagle.(*Eagle).aggregate(0xc028891180)
	/home/mariell/go/pkg/mod/github.com/!f!zambia/eagle@v0.1.0/eagle.go:210 +0x6d
created by github.com/FZambia/eagle.New in goroutine 56288
	/home/mariell/go/pkg/mod/github.com/!f!zambia/eagle@v0.1.0/eagle.go:66 +0x176

goroutine 52829 [IO wait]:
internal/poll.runtime_pollWait(0x777550500b68, 0x72)
	/usr/lib/go/src/runtime/netpoll.go:351 +0x85
internal/poll.(*pollDesc).wait(0xc009604680?, 0xc02945a600?, 0x0)
	/usr/lib/go/src/internal/poll/fd_poll_runtime.go:84 +0x27
internal/poll.(*pollDesc).waitRead(...)
	/usr/lib/go/src/internal/poll/fd_poll_runtime.go:89
internal/poll.(*FD).Read(0xc009604680, {0xc02945a600, 0x1300, 0x1300})
	/usr/lib/go/src/internal/poll/fd_unix.go:165 +0x27a
net.(*netFD).Read(0xc009604680, {0xc02945a600?, 0xc02945a600?, 0x5?})
	/usr/lib/go/src/net/fd_posix.go:55 +0x25
net.(*conn).Read(0xc002a80018, {0xc02945a600?, 0x777558155098?, 0x7775a8b29d58?})
	/usr/lib/go/src/net/net.go:194 +0x45
crypto/tls.(*atLeastReader).Read(0xc015d88cf0, {0xc02945a600?, 0x43f787?, 0x0?})
	/usr/lib/go/src/crypto/tls/conn.go:809 +0x3b
bytes.(*Buffer).ReadFrom(0xc00d0782b8, {0xa94e300, 0xc015d88cf0})
	/usr/lib/go/src/bytes/buffer.go:211 +0x98
crypto/tls.(*Conn).readFromUntil(0xc00d078008, {0xa94dc00, 0xc002a80018}, 0x444af4?)
	/usr/lib/go/src/crypto/tls/conn.go:831 +0xde
crypto/tls.(*Conn).readRecordOrCCS(0xc00d078008, 0x0)
	/usr/lib/go/src/crypto/tls/conn.go:629 +0x3cf
crypto/tls.(*Conn).readRecord(...)
	/usr/lib/go/src/crypto/tls/conn.go:591
crypto/tls.(*Conn).Read(0xc00d078008, {0xc00a6a5000, 0x1000, 0xc0147ffc80?})
	/usr/lib/go/src/crypto/tls/conn.go:1385 +0x145
net/http.(*persistConn).Read(0xc02a4245a0, {0xc00a6a5000?, 0x81fe45?, 0xa94be80?})
	/usr/lib/go/src/net/http/transport.go:2122 +0x47
bufio.(*Reader).fill(0xc022aade60)
	/usr/lib/go/src/bufio/bufio.go:113 +0x103
bufio.(*Reader).Peek(0xc022aade60, 0x1)
	/usr/lib/go/src/bufio/bufio.go:152 +0x53
net/http.(*persistConn).readLoop(0xc02a4245a0)
	/usr/lib/go/src/net/http/transport.go:2275 +0x172
created by net/http.(*Transport).dialConn in goroutine 56265
	/usr/lib/go/src/net/http/transport.go:1944 +0x174f

goroutine 77087 [sync.Cond.Wait]:
sync.runtime_notifyListWait(0xc045ae3d50, 0x19)
	/usr/lib/go/src/runtime/sema.go:597 +0x159
sync.(*Cond).Wait(0x0?)
	/usr/lib/go/src/sync/cond.go:71 +0x85
github.com/centrifugal/centrifuge/internal/dissolve.(*queueImpl).Wait(0xc045afb420)
	/home/mariell/go/pkg/mod/github.com/centrifugal/centrifuge@v0.33.3/internal/dissolve/queue.go:139 +0x4a
github.com/centrifugal/centrifuge/internal/dissolve.(*Dissolver).runWorker(0xc034b3a078)
	/home/mariell/go/pkg/mod/github.com/centrifugal/centrifuge@v0.33.3/internal/dissolve/dissolve.go:52 +0x27
created by github.com/centrifugal/centrifuge/internal/dissolve.(*Dissolver).Run in goroutine 4437
	/home/mariell/go/pkg/mod/github.com/centrifugal/centrifuge@v0.33.3/internal/dissolve/dissolve.go:31 +0x25

goroutine 56274 [IO wait]:
internal/poll.runtime_pollWait(0x777550500eb0, 0x72)
	/usr/lib/go/src/runtime/netpoll.go:351 +0x85
internal/poll.(*pollDesc).wait(0xc00d733780?, 0xc03072f900?, 0x0)
	/usr/lib/go/src/internal/poll/fd_poll_runtime.go:84 +0x27
internal/poll.(*pollDesc).waitRead(...)
	/usr/lib/go/src/internal/poll/fd_poll_runtime.go:89
internal/poll.(*FD).Read(0xc00d733780, {0xc03072f900, 0x1300, 0x1300})
	/usr/lib/go/src/internal/poll/fd_unix.go:165 +0x27a
net.(*netFD).Read(0xc00d733780, {0xc03072f900?, 0xc00fb36008?, 0xc02ffd3c20?})
	/usr/lib/go/src/net/fd_posix.go:55 +0x25
net.(*conn).Read(0xc022330188, {0xc03072f900?, 0x7775502f56b0?, 0x7775a8b293e8?})
	/usr/lib/go/src/net/net.go:194 +0x45
crypto/tls.(*atLeastReader).Read(0xc023f575c0, {0xc03072f900?, 0x2a?, 0x5?})
	/usr/lib/go/src/crypto/tls/conn.go:809 +0x3b
bytes.(*Buffer).ReadFrom(0xc01006beb8, {0xa94e300, 0xc023f575c0})
	/usr/lib/go/src/bytes/buffer.go:211 +0x98
crypto/tls.(*Conn).readFromUntil(0xc01006bc08, {0xa94dc00, 0xc022330188}, 0x444af4?)
	/usr/lib/go/src/crypto/tls/conn.go:831 +0xde
crypto/tls.(*Conn).readRecordOrCCS(0xc01006bc08, 0x0)
	/usr/lib/go/src/crypto/tls/conn.go:629 +0x3cf
crypto/tls.(*Conn).readRecord(...)
	/usr/lib/go/src/crypto/tls/conn.go:591
crypto/tls.(*Conn).Read(0xc01006bc08, {0xc009f37000, 0x1000, 0x7775a8b293e8?})
	/usr/lib/go/src/crypto/tls/conn.go:1385 +0x145
net/http.(*persistConn).Read(0xc025372360, {0xc009f37000?, 0x4141c5?, 0x68?})
	/usr/lib/go/src/net/http/transport.go:2122 +0x47
bufio.(*Reader).fill(0xc01b67bc80)
	/usr/lib/go/src/bufio/bufio.go:113 +0x103
bufio.(*Reader).Peek(0xc01b67bc80, 0x1)
	/usr/lib/go/src/bufio/bufio.go:152 +0x53
net/http.(*persistConn).readLoop(0xc025372360)
	/usr/lib/go/src/net/http/transport.go:2275 +0x172
created by net/http.(*Transport).dialConn in goroutine 54560
	/usr/lib/go/src/net/http/transport.go:1944 +0x174f

goroutine 56275 [select]:
net/http.(*persistConn).writeLoop(0xc025372360)
	/usr/lib/go/src/net/http/transport.go:2590 +0xe7
created by net/http.(*Transport).dialConn in goroutine 54560
	/usr/lib/go/src/net/http/transport.go:1945 +0x17a5

goroutine 73611 [select]:
github.com/patrickmn/go-cache.(*janitor).Run(0xc0204c96e0, 0xc01c9cee40)
	/home/mariell/go/pkg/mod/github.com/patrickmn/go-cache@v2.1.0+incompatible/cache.go:1079 +0x7b
created by github.com/patrickmn/go-cache.runJanitor in goroutine 56142
	/home/mariell/go/pkg/mod/github.com/patrickmn/go-cache@v2.1.0+incompatible/cache.go:1099 +0xdb

goroutine 76007 [runnable]:
internal/poll.runtime_pollWait(0x77751a4b60b0, 0x77)
	/usr/lib/go/src/runtime/netpoll.go:351 +0x85
internal/poll.(*pollDesc).wait(0xc0481db080?, 0x0?, 0x0)
	/usr/lib/go/src/internal/poll/fd_poll_runtime.go:84 +0x27
internal/poll.(*pollDesc).waitWrite(...)
	/usr/lib/go/src/internal/poll/fd_poll_runtime.go:93
internal/poll.(*FD).WaitWrite(...)
	/usr/lib/go/src/internal/poll/fd_unix.go:692
net.(*netFD).connect(0xc0481db080, {0xa9d1d00, 0xc0489a4190}, {0x41d49a?, 0x0?}, {0xa94c2e0?, 0xc0489a6040?})
	/usr/lib/go/src/net/fd_unix.go:141 +0x6cb
net.(*netFD).dial(0xc0481db080, {0xa9d1d00, 0xc0489a4190}, {0xa9efce0?, 0x0?}, {0xa9efce0, 0xc0478b6960}, 0x47cfb3?)
	/usr/lib/go/src/net/sock_posix.go:124 +0x3bc
net.socket({0xa9d1d00, 0xc0489a4190}, {0x9513531, 0x3}, 0xa, 0x1, 0x0?, 0x0, {0xa9efce0, 0x0}, ...)
	/usr/lib/go/src/net/sock_posix.go:70 +0x29b
net.internetSocket({0xa9d1d00, 0xc0489a4190}, {0x9513531, 0x3}, {0xa9efce0, 0x0}, {0xa9efce0, 0xc0478b6960}, 0x1, 0x0, ...)
	/usr/lib/go/src/net/ipsock_posix.go:167 +0xf8
net.(*sysDialer).doDialTCPProto(0xc046a2cc00, {0xa9d1d00, 0xc0489a4190}, 0x0, 0xc0478b6960, 0x0)
	/usr/lib/go/src/net/tcpsock_posix.go:85 +0xe7
net.(*sysDialer).doDialTCP(...)
	/usr/lib/go/src/net/tcpsock_posix.go:75
net.(*sysDialer).dialTCP(0x47b4b9?, {0xa9d1d00?, 0xc0489a4190?}, 0x7f7bc20?, 0xc0236455c8?)
	/usr/lib/go/src/net/tcpsock_posix.go:71 +0x69
net.(*sysDialer).dialSingle(0xc046a2cc00, {0xa9d1d00, 0xc0489a4190}, {0xa9778b8, 0xc0478b6960})
	/usr/lib/go/src/net/dial.go:721 +0x3ce
net.(*sysDialer).dialSerial(0xc046a2cc00, {0xa9d1d00, 0xc0489a4190}, {0xc046a43f50?, 0x1, 0x100004838?})
	/usr/lib/go/src/net/dial.go:686 +0x24e
net.(*sysDialer).dialParallel.func1({0xa9d1d00?, 0xc0489a4190?}, 0x1)
	/usr/lib/go/src/net/dial.go:606 +0x85
created by net.(*sysDialer).dialParallel in goroutine 76837
	/usr/lib/go/src/net/dial.go:621 +0x2bc

goroutine 54723 [select]:
github.com/patrickmn/go-cache.(*janitor).Run(0xc0244757a0, 0xc01da3c740)
	/home/mariell/go/pkg/mod/github.com/patrickmn/go-cache@v2.1.0+incompatible/cache.go:1079 +0x7b
created by github.com/patrickmn/go-cache.runJanitor in goroutine 57831
	/home/mariell/go/pkg/mod/github.com/patrickmn/go-cache@v2.1.0+incompatible/cache.go:1099 +0xdb

goroutine 58882 [sync.Cond.Wait]:
sync.runtime_notifyListWait(0xc01f861010, 0x7)
	/usr/lib/go/src/runtime/sema.go:597 +0x159
sync.(*Cond).Wait(0x0?)
	/usr/lib/go/src/sync/cond.go:71 +0x85
github.com/centrifugal/centrifuge/internal/dissolve.(*queueImpl).Wait(0xc01921b6c0)
	/home/mariell/go/pkg/mod/github.com/centrifugal/centrifuge@v0.33.3/internal/dissolve/queue.go:139 +0x4a
github.com/centrifugal/centrifuge/internal/dissolve.(*Dissolver).runWorker(0xc0243b2a20)
	/home/mariell/go/pkg/mod/github.com/centrifugal/centrifuge@v0.33.3/internal/dissolve/dissolve.go:52 +0x27
created by github.com/centrifugal/centrifuge/internal/dissolve.(*Dissolver).Run in goroutine 57831
	/home/mariell/go/pkg/mod/github.com/centrifugal/centrifuge@v0.33.3/internal/dissolve/dissolve.go:31 +0x25

goroutine 58670 [sync.Cond.Wait]:
sync.runtime_notifyListWait(0xc01f861010, 0x3)
	/usr/lib/go/src/runtime/sema.go:597 +0x159
sync.(*Cond).Wait(0xc015d787d0?)
	/usr/lib/go/src/sync/cond.go:71 +0x85
github.com/centrifugal/centrifuge/internal/dissolve.(*queueImpl).Wait(0xc01921b6c0)
	/home/mariell/go/pkg/mod/github.com/centrifugal/centrifuge@v0.33.3/internal/dissolve/queue.go:139 +0x4a
github.com/centrifugal/centrifuge/internal/dissolve.(*Dissolver).runWorker(0xc0243b2a20)
	/home/mariell/go/pkg/mod/github.com/centrifugal/centrifuge@v0.33.3/internal/dissolve/dissolve.go:52 +0x27
created by github.com/centrifugal/centrifuge/internal/dissolve.(*Dissolver).Run in goroutine 57831
	/home/mariell/go/pkg/mod/github.com/centrifugal/centrifuge@v0.33.3/internal/dissolve/dissolve.go:31 +0x25

goroutine 73775 [select]:
github.com/patrickmn/go-cache.(*janitor).Run(0xc01ceee5f0, 0xc022c65a40)
	/home/mariell/go/pkg/mod/github.com/patrickmn/go-cache@v2.1.0+incompatible/cache.go:1079 +0x7b
created by github.com/patrickmn/go-cache.runJanitor in goroutine 3349
	/home/mariell/go/pkg/mod/github.com/patrickmn/go-cache@v2.1.0+incompatible/cache.go:1099 +0xdb

goroutine 75938 [sync.Cond.Wait]:
sync.runtime_notifyListWait(0xc0260a7e90, 0x3)
	/usr/lib/go/src/runtime/sema.go:597 +0x159
sync.(*Cond).Wait(0x0?)
	/usr/lib/go/src/sync/cond.go:71 +0x85
github.com/centrifugal/centrifuge/internal/dissolve.(*queueImpl).Wait(0xc044618930)
	/home/mariell/go/pkg/mod/github.com/centrifugal/centrifuge@v0.33.3/internal/dissolve/queue.go:139 +0x4a
github.com/centrifugal/centrifuge/internal/dissolve.(*Dissolver).runWorker(0xc031b01698)
	/home/mariell/go/pkg/mod/github.com/centrifugal/centrifuge@v0.33.3/internal/dissolve/dissolve.go:52 +0x27
created by github.com/centrifugal/centrifuge/internal/dissolve.(*Dissolver).Run in goroutine 22318
	/home/mariell/go/pkg/mod/github.com/centrifugal/centrifuge@v0.33.3/internal/dissolve/dissolve.go:31 +0x25

goroutine 56264 [select]:
net/http.(*persistConn).writeLoop(0xc025838900)
	/usr/lib/go/src/net/http/transport.go:2590 +0xe7
created by net/http.(*Transport).dialConn in goroutine 56162
	/usr/lib/go/src/net/http/transport.go:1945 +0x17a5

goroutine 74470 [select]:
net/http.(*persistConn).writeLoop(0xc0156f57a0)
	/usr/lib/go/src/net/http/transport.go:2590 +0xe7
created by net/http.(*Transport).dialConn in goroutine 74914
	/usr/lib/go/src/net/http/transport.go:1945 +0x17a5

goroutine 75142 [select]:
github.com/grafana/grafana/pkg/storage/unified/resource.(*broadcaster[...]).stream(0xab113a0, 0xc041b48bd0)
	/home/mariell/work/oss/grafana/pkg/storage/unified/resource/broadcaster.go:205 +0x13d
created by github.com/grafana/grafana/pkg/storage/unified/resource.(*broadcaster[...]).init in goroutine 22316
	/home/mariell/work/oss/grafana/pkg/storage/unified/resource/broadcaster.go:177 +0x219

goroutine 57377 [select]:
github.com/centrifugal/centrifuge.(*MemoryBroker).expireResultCache(0xc028843880)
	/home/mariell/go/pkg/mod/github.com/centrifugal/centrifuge@v0.33.3/broker_memory.go:160 +0x68
created by github.com/centrifugal/centrifuge.(*MemoryBroker).Run in goroutine 56288
	/home/mariell/go/pkg/mod/github.com/centrifugal/centrifuge@v0.33.3/broker_memory.go:73 +0x7f

goroutine 56291 [select]:
database/sql.(*DB).connectionCleaner(0xc013833e10, 0xc01ab08fb8?)
	/usr/lib/go/src/database/sql/sql.go:1104 +0x9c
created by database/sql.(*DB).startCleanerLocked in goroutine 56288
	/usr/lib/go/src/database/sql/sql.go:1091 +0x105

goroutine 54725 [select]:
github.com/patrickmn/go-cache.(*janitor).Run(0xc000502460, 0xc01da3cf40)
	/home/mariell/go/pkg/mod/github.com/patrickmn/go-cache@v2.1.0+incompatible/cache.go:1079 +0x7b
created by github.com/patrickmn/go-cache.runJanitor in goroutine 57831
	/home/mariell/go/pkg/mod/github.com/patrickmn/go-cache@v2.1.0+incompatible/cache.go:1099 +0xdb

goroutine 56263 [IO wait]:
internal/poll.runtime_pollWait(0x777550500c80, 0x72)
	/usr/lib/go/src/runtime/netpoll.go:351 +0x85
internal/poll.(*pollDesc).wait(0xc00e9c2f80?, 0xc0250e4600?, 0x0)
	/usr/lib/go/src/internal/poll/fd_poll_runtime.go:84 +0x27
internal/poll.(*pollDesc).waitRead(...)
	/usr/lib/go/src/internal/poll/fd_poll_runtime.go:89
internal/poll.(*FD).Read(0xc00e9c2f80, {0xc0250e4600, 0x1300, 0x1300})
	/usr/lib/go/src/internal/poll/fd_unix.go:165 +0x27a
net.(*netFD).Read(0xc00e9c2f80, {0xc0250e4600?, 0xc0250e4600?, 0x5?})
	/usr/lib/go/src/net/fd_posix.go:55 +0x25
net.(*conn).Read(0xc03018bca0, {0xc0250e4600?, 0x77755034be30?, 0x7775a8b298a0?})
	/usr/lib/go/src/net/net.go:194 +0x45
crypto/tls.(*atLeastReader).Read(0xc031b00de0, {0xc0250e4600?, 0x12fb?, 0x0?})
	/usr/lib/go/src/crypto/tls/conn.go:809 +0x3b
bytes.(*Buffer).ReadFrom(0xc01822feb8, {0xa94e300, 0xc031b00de0})
	/usr/lib/go/src/bytes/buffer.go:211 +0x98
crypto/tls.(*Conn).readFromUntil(0xc01822fc08, {0xa94dc00, 0xc03018bca0}, 0x444af4?)
	/usr/lib/go/src/crypto/tls/conn.go:831 +0xde
crypto/tls.(*Conn).readRecordOrCCS(0xc01822fc08, 0x0)
	/usr/lib/go/src/crypto/tls/conn.go:629 +0x3cf
crypto/tls.(*Conn).readRecord(...)
	/usr/lib/go/src/crypto/tls/conn.go:591
crypto/tls.(*Conn).Read(0xc01822fc08, {0xc009cb8000, 0x1000, 0xc0147cc630?})
	/usr/lib/go/src/crypto/tls/conn.go:1385 +0x145
net/http.(*persistConn).Read(0xc025838900, {0xc009cb8000?, 0x81fe45?, 0xa94be80?})
	/usr/lib/go/src/net/http/transport.go:2122 +0x47
bufio.(*Reader).fill(0xc0237f1560)
	/usr/lib/go/src/bufio/bufio.go:113 +0x103
bufio.(*Reader).Peek(0xc0237f1560, 0x1)
	/usr/lib/go/src/bufio/bufio.go:152 +0x53
net/http.(*persistConn).readLoop(0xc025838900)
	/usr/lib/go/src/net/http/transport.go:2275 +0x172
created by net/http.(*Transport).dialConn in goroutine 56162
	/usr/lib/go/src/net/http/transport.go:1944 +0x174f

goroutine 53147 [select]:
net/http.(*persistConn).writeLoop(0xc02a4246c0)
	/usr/lib/go/src/net/http/transport.go:2590 +0xe7
created by net/http.(*Transport).dialConn in goroutine 56270
	/usr/lib/go/src/net/http/transport.go:1945 +0x17a5

goroutine 59371 [select]:
k8s.io/apimachinery/pkg/util/wait.BackoffUntil(0xc01c25b000, {0xa95ac00, 0xc01b418720}, 0x1, 0xc00e5d12d0)
	/home/mariell/go/pkg/mod/k8s.io/apimachinery@v0.32.1/pkg/util/wait/backoff.go:238 +0x12c
k8s.io/apimachinery/pkg/util/wait.JitterUntil(0xc01c25b000, 0x3b9aca00, 0x3ff3333333333333, 0x1, 0xc00e5d12d0)
	/home/mariell/go/pkg/mod/k8s.io/apimachinery@v0.32.1/pkg/util/wait/backoff.go:204 +0x7f
created by k8s.io/apiserver/pkg/registry/generic/registry.(*Store).startObservingCount in goroutine 58731
	/home/mariell/go/pkg/mod/k8s.io/apiserver@v0.32.1/pkg/registry/generic/registry/store.go:1666 +0x2f9

goroutine 78032 [runnable]:
github.com/centrifugal/centrifuge/internal/dissolve.(*Dissolver).Run.gowrap1()
	/home/mariell/go/pkg/mod/github.com/centrifugal/centrifuge@v0.33.3/internal/dissolve/dissolve.go:31
runtime.goexit({})
	/usr/lib/go/src/runtime/asm_amd64.s:1700 +0x1
created by github.com/centrifugal/centrifuge/internal/dissolve.(*Dissolver).Run in goroutine 3350
	/home/mariell/go/pkg/mod/github.com/centrifugal/centrifuge@v0.33.3/internal/dissolve/dissolve.go:31 +0x25

goroutine 59369 [select]:
k8s.io/apimachinery/pkg/util/wait.BackoffUntil(0xc01c25ae00, {0xa95ac00, 0xc01b4182a0}, 0x1, 0xc00e5d11f0)
	/home/mariell/go/pkg/mod/k8s.io/apimachinery@v0.32.1/pkg/util/wait/backoff.go:238 +0x12c
k8s.io/apimachinery/pkg/util/wait.JitterUntil(0xc01c25ae00, 0x3b9aca00, 0x3ff3333333333333, 0x1, 0xc00e5d11f0)
	/home/mariell/go/pkg/mod/k8s.io/apimachinery@v0.32.1/pkg/util/wait/backoff.go:204 +0x7f
created by k8s.io/apiserver/pkg/registry/generic/registry.(*Store).startObservingCount in goroutine 58731
	/home/mariell/go/pkg/mod/k8s.io/apiserver@v0.32.1/pkg/registry/generic/registry/store.go:1666 +0x2f9

goroutine 58896 [sync.Cond.Wait]:
sync.runtime_notifyListWait(0xc01f861010, 0x18)
	/usr/lib/go/src/runtime/sema.go:597 +0x159
sync.(*Cond).Wait(0xc01ad2cfd0?)
	/usr/lib/go/src/sync/cond.go:71 +0x85
github.com/centrifugal/centrifuge/internal/dissolve.(*queueImpl).Wait(0xc01921b6c0)
	/home/mariell/go/pkg/mod/github.com/centrifugal/centrifuge@v0.33.3/internal/dissolve/queue.go:139 +0x4a
github.com/centrifugal/centrifuge/internal/dissolve.(*Dissolver).runWorker(0xc0243b2a20)
	/home/mariell/go/pkg/mod/github.com/centrifugal/centrifuge@v0.33.3/internal/dissolve/dissolve.go:52 +0x27
created by github.com/centrifugal/centrifuge/internal/dissolve.(*Dissolver).Run in goroutine 57831
	/home/mariell/go/pkg/mod/github.com/centrifugal/centrifuge@v0.33.3/internal/dissolve/dissolve.go:31 +0x25

goroutine 58902 [sync.Cond.Wait]:
sync.runtime_notifyListWait(0xc01f861010, 0x1e)
	/usr/lib/go/src/runtime/sema.go:597 +0x159
sync.(*Cond).Wait(0x0?)
	/usr/lib/go/src/sync/cond.go:71 +0x85
github.com/centrifugal/centrifuge/internal/dissolve.(*queueImpl).Wait(0xc01921b6c0)
	/home/mariell/go/pkg/mod/github.com/centrifugal/centrifuge@v0.33.3/internal/dissolve/queue.go:139 +0x4a
github.com/centrifugal/centrifuge/internal/dissolve.(*Dissolver).runWorker(0xc0243b2a20)
	/home/mariell/go/pkg/mod/github.com/centrifugal/centrifuge@v0.33.3/internal/dissolve/dissolve.go:52 +0x27
created by github.com/centrifugal/centrifuge/internal/dissolve.(*Dissolver).Run in goroutine 57831
	/home/mariell/go/pkg/mod/github.com/centrifugal/centrifuge@v0.33.3/internal/dissolve/dissolve.go:31 +0x25

goroutine 54665 [chan receive]:
github.com/grafana/grafana/pkg/storage/unified/resource.(*server).initWatcher.func1.1()
	/home/mariell/work/oss/grafana/pkg/storage/unified/resource/server.go:922 +0x58
created by github.com/grafana/grafana/pkg/storage/unified/resource.(*server).initWatcher.func1 in goroutine 56256
	/home/mariell/work/oss/grafana/pkg/storage/unified/resource/server.go:921 +0xaa

goroutine 74582 [select]:
github.com/centrifugal/centrifuge.(*Node).sendNodePing(0xc01dba2008)
	/home/mariell/go/pkg/mod/github.com/centrifugal/centrifuge@v0.33.3/node.go:380 +0x85
created by github.com/centrifugal/centrifuge.(*Node).Run in goroutine 4438
	/home/mariell/go/pkg/mod/github.com/centrifugal/centrifuge@v0.33.3/node.go:260 +0x225

goroutine 74039 [select]:
github.com/patrickmn/go-cache.(*janitor).Run(0xc04127cef0, 0xc019b56340)
	/home/mariell/go/pkg/mod/github.com/patrickmn/go-cache@v2.1.0+incompatible/cache.go:1079 +0x7b
created by github.com/patrickmn/go-cache.runJanitor in goroutine 56143
	/home/mariell/go/pkg/mod/github.com/patrickmn/go-cache@v2.1.0+incompatible/cache.go:1099 +0xdb

goroutine 56276 [IO wait]:
internal/poll.runtime_pollWait(0x777550500d98, 0x72)
	/usr/lib/go/src/runtime/netpoll.go:351 +0x85
internal/poll.(*pollDesc).wait(0xc009604400?, 0xc030730c00?, 0x0)
	/usr/lib/go/src/internal/poll/fd_poll_runtime.go:84 +0x27
internal/poll.(*pollDesc).waitRead(...)
	/usr/lib/go/src/internal/poll/fd_poll_runtime.go:89
internal/poll.(*FD).Read(0xc009604400, {0xc030730c00, 0x1300, 0x1300})
	/usr/lib/go/src/internal/poll/fd_unix.go:165 +0x27a
net.(*netFD).Read(0xc009604400, {0xc030730c00?, 0x903d8530ec7ae7e3?, 0x1bb4df203e8d05ed?})
	/usr/lib/go/src/net/fd_posix.go:55 +0x25
net.(*conn).Read(0xc03018bca8, {0xc030730c00?, 0x77755034be30?, 0x7775a8b298a0?})
	/usr/lib/go/src/net/net.go:194 +0x45
crypto/tls.(*atLeastReader).Read(0xc031b00db0, {0xc030730c00?, 0x38a51072a82b4812?, 0xf8484113e0a320ed?})
	/usr/lib/go/src/crypto/tls/conn.go:809 +0x3b
bytes.(*Buffer).ReadFrom(0xc007443eb8, {0xa94e300, 0xc031b00db0})
	/usr/lib/go/src/bytes/buffer.go:211 +0x98
crypto/tls.(*Conn).readFromUntil(0xc007443c08, {0xa94dc00, 0xc03018bca8}, 0x444af4?)
	/usr/lib/go/src/crypto/tls/conn.go:831 +0xde
crypto/tls.(*Conn).readRecordOrCCS(0xc007443c08, 0x0)
	/usr/lib/go/src/crypto/tls/conn.go:629 +0x3cf
crypto/tls.(*Conn).readRecord(...)
	/usr/lib/go/src/crypto/tls/conn.go:591
crypto/tls.(*Conn).Read(0xc007443c08, {0xc009f54000, 0x1000, 0x7775a8b298a0?})
	/usr/lib/go/src/crypto/tls/conn.go:1385 +0x145
net/http.(*persistConn).Read(0xc023912a20, {0xc009f54000?, 0x4141c5?, 0x68?})
	/usr/lib/go/src/net/http/transport.go:2122 +0x47
bufio.(*Reader).fill(0xc012f972c0)
	/usr/lib/go/src/bufio/bufio.go:113 +0x103
bufio.(*Reader).Peek(0xc012f972c0, 0x1)
	/usr/lib/go/src/bufio/bufio.go:152 +0x53
net/http.(*persistConn).readLoop(0xc023912a20)
	/usr/lib/go/src/net/http/transport.go:2275 +0x172
created by net/http.(*Transport).dialConn in goroutine 54812
	/usr/lib/go/src/net/http/transport.go:1944 +0x174f

goroutine 54667 [select]:
github.com/grafana/grafana/pkg/storage/unified/resource.(*broadcaster[...]).stream(0xab113a0, 0xc029a76d90)
	/home/mariell/work/oss/grafana/pkg/storage/unified/resource/broadcaster.go:205 +0x13d
created by github.com/grafana/grafana/pkg/storage/unified/resource.(*broadcaster[...]).init in goroutine 56256
	/home/mariell/work/oss/grafana/pkg/storage/unified/resource/broadcaster.go:177 +0x219

goroutine 74612 [sync.Cond.Wait]:
sync.runtime_notifyListWait(0xc022369b10, 0x1c)
	/usr/lib/go/src/runtime/sema.go:597 +0x159
sync.(*Cond).Wait(0x0?)
	/usr/lib/go/src/sync/cond.go:71 +0x85
github.com/centrifugal/centrifuge/internal/dissolve.(*queueImpl).Wait(0xc0429f7180)
	/home/mariell/go/pkg/mod/github.com/centrifugal/centrifuge@v0.33.3/internal/dissolve/queue.go:139 +0x4a
github.com/centrifugal/centrifuge/internal/dissolve.(*Dissolver).runWorker(0xc02391be18)
	/home/mariell/go/pkg/mod/github.com/centrifugal/centrifuge@v0.33.3/internal/dissolve/dissolve.go:52 +0x27
created by github.com/centrifugal/centrifuge/internal/dissolve.(*Dissolver).Run in goroutine 4438
	/home/mariell/go/pkg/mod/github.com/centrifugal/centrifuge@v0.33.3/internal/dissolve/dissolve.go:31 +0x25

goroutine 75096 [chan receive]:
github.com/grafana/grafana/pkg/storage/unified/sql.(*channelNotifier).notify.func1()
	/home/mariell/work/oss/grafana/pkg/storage/unified/sql/notifier.go:87 +0x39
created by github.com/grafana/grafana/pkg/storage/unified/sql.(*channelNotifier).notify in goroutine 56145
	/home/mariell/work/oss/grafana/pkg/storage/unified/sql/notifier.go:86 +0xdb

goroutine 59443 [select]:
database/sql.(*DB).connectionCleaner(0xc01b657d40, 0xc00ff7a9a0?)
	/usr/lib/go/src/database/sql/sql.go:1104 +0x9c
created by database/sql.(*DB).startCleanerLocked in goroutine 4438
	/usr/lib/go/src/database/sql/sql.go:1091 +0x105

goroutine 77088 [sync.Cond.Wait]:
sync.runtime_notifyListWait(0xc045ae3d50, 0x1a)
	/usr/lib/go/src/runtime/sema.go:597 +0x159
sync.(*Cond).Wait(0xc01b7d3fd0?)
	/usr/lib/go/src/sync/cond.go:71 +0x85
github.com/centrifugal/centrifuge/internal/dissolve.(*queueImpl).Wait(0xc045afb420)
	/home/mariell/go/pkg/mod/github.com/centrifugal/centrifuge@v0.33.3/internal/dissolve/queue.go:139 +0x4a
github.com/centrifugal/centrifuge/internal/dissolve.(*Dissolver).runWorker(0xc034b3a078)
	/home/mariell/go/pkg/mod/github.com/centrifugal/centrifuge@v0.33.3/internal/dissolve/dissolve.go:52 +0x27
created by github.com/centrifugal/centrifuge/internal/dissolve.(*Dissolver).Run in goroutine 4437
	/home/mariell/go/pkg/mod/github.com/centrifugal/centrifuge@v0.33.3/internal/dissolve/dissolve.go:31 +0x25

goroutine 56155 [select]:
net/http.(*persistConn).writeLoop(0xc02b828240)
	/usr/lib/go/src/net/http/transport.go:2590 +0xe7
created by net/http.(*Transport).dialConn in goroutine 57636
	/usr/lib/go/src/net/http/transport.go:1945 +0x17a5

goroutine 59368 [select]:
k8s.io/apimachinery/pkg/util/wait.BackoffUntil(0xc01c25ad00, {0xa95ac00, 0xc01b4186f0}, 0x1, 0xc00e5d1180)
	/home/mariell/go/pkg/mod/k8s.io/apimachinery@v0.32.1/pkg/util/wait/backoff.go:238 +0x12c
k8s.io/apimachinery/pkg/util/wait.JitterUntil(0xc01c25ad00, 0x3b9aca00, 0x3ff3333333333333, 0x1, 0xc00e5d1180)
	/home/mariell/go/pkg/mod/k8s.io/apimachinery@v0.32.1/pkg/util/wait/backoff.go:204 +0x7f
created by k8s.io/apiserver/pkg/registry/generic/registry.(*Store).startObservingCount in goroutine 58731
	/home/mariell/go/pkg/mod/k8s.io/apiserver@v0.32.1/pkg/registry/generic/registry/store.go:1666 +0x2f9

goroutine 58774 [select]:
github.com/grafana/grafana/pkg/storage/unified/resource.(*broadcaster[...]).stream(0xab113a0, 0xc0191b6fc0)
	/home/mariell/work/oss/grafana/pkg/storage/unified/resource/broadcaster.go:205 +0x13d
created by github.com/grafana/grafana/pkg/storage/unified/resource.(*broadcaster[...]).init in goroutine 57831
	/home/mariell/work/oss/grafana/pkg/storage/unified/resource/broadcaster.go:177 +0x219

goroutine 58671 [sync.Cond.Wait]:
sync.runtime_notifyListWait(0xc01f861010, 0x4)
	/usr/lib/go/src/runtime/sema.go:597 +0x159
sync.(*Cond).Wait(0x0?)
	/usr/lib/go/src/sync/cond.go:71 +0x85
github.com/centrifugal/centrifuge/internal/dissolve.(*queueImpl).Wait(0xc01921b6c0)
	/home/mariell/go/pkg/mod/github.com/centrifugal/centrifuge@v0.33.3/internal/dissolve/queue.go:139 +0x4a
github.com/centrifugal/centrifuge/internal/dissolve.(*Dissolver).runWorker(0xc0243b2a20)
	/home/mariell/go/pkg/mod/github.com/centrifugal/centrifuge@v0.33.3/internal/dissolve/dissolve.go:52 +0x27
created by github.com/centrifugal/centrifuge/internal/dissolve.(*Dissolver).Run in goroutine 57831
	/home/mariell/go/pkg/mod/github.com/centrifugal/centrifuge@v0.33.3/internal/dissolve/dissolve.go:31 +0x25

goroutine 77171 [select]:
github.com/FZambia/eagle.(*Eagle).aggregate(0xc047eefab0)
	/home/mariell/go/pkg/mod/github.com/!f!zambia/eagle@v0.1.0/eagle.go:210 +0x6d
created by github.com/FZambia/eagle.New in goroutine 3350
	/home/mariell/go/pkg/mod/github.com/!f!zambia/eagle@v0.1.0/eagle.go:66 +0x176

goroutine 74581 [select]:
github.com/centrifugal/centrifuge.(*Node).initMetrics.func1()
	/home/mariell/go/pkg/mod/github.com/centrifugal/centrifuge@v0.33.3/node.go:365 +0x8a
created by github.com/centrifugal/centrifuge.(*Node).initMetrics in goroutine 4438
	/home/mariell/go/pkg/mod/github.com/centrifugal/centrifuge@v0.33.3/node.go:363 +0x1f9

goroutine 58894 [sync.Cond.Wait]:
sync.runtime_notifyListWait(0xc01f861010, 0x16)
	/usr/lib/go/src/runtime/sema.go:597 +0x159
sync.(*Cond).Wait(0x0?)
	/usr/lib/go/src/sync/cond.go:71 +0x85
github.com/centrifugal/centrifuge/internal/dissolve.(*queueImpl).Wait(0xc01921b6c0)
	/home/mariell/go/pkg/mod/github.com/centrifugal/centrifuge@v0.33.3/internal/dissolve/queue.go:139 +0x4a
github.com/centrifugal/centrifuge/internal/dissolve.(*Dissolver).runWorker(0xc0243b2a20)
	/home/mariell/go/pkg/mod/github.com/centrifugal/centrifuge@v0.33.3/internal/dissolve/dissolve.go:52 +0x27
created by github.com/centrifugal/centrifuge/internal/dissolve.(*Dissolver).Run in goroutine 57831
	/home/mariell/go/pkg/mod/github.com/centrifugal/centrifuge@v0.33.3/internal/dissolve/dissolve.go:31 +0x25

goroutine 57785 [select]:
net/http.(*persistConn).writeLoop(0xc02b974360)
	/usr/lib/go/src/net/http/transport.go:2590 +0xe7
created by net/http.(*Transport).dialConn in goroutine 56257
	/usr/lib/go/src/net/http/transport.go:1945 +0x17a5

goroutine 56145 [runnable]:
sync.runtime_SemacquireRWMutexR(0x18?, 0x80?, 0xc046b9a730?)
	/usr/lib/go/src/runtime/sema.go:100 +0x25
sync.(*RWMutex).RLock(...)
	/usr/lib/go/src/sync/rwmutex.go:74
text/template.(*Template).Parse(0xc04970df00, {0xc0261324e0, 0x190})
	/usr/lib/go/src/text/template/template.go:206 +0x131
html/template.(*Template).Parse(0xc049753cb0, {0xc0261324e0, 0x190})
	/usr/lib/go/src/html/template/template.go:191 +0x7f
html/template.parseFiles(0xc049339680, 0x9e58150, {0xc034ca4a00, 0xa, 0x2?})
	/usr/lib/go/src/html/template/template.go:430 +0x176
html/template.parseGlob(0xc049339680, {0xc047a6ee80, 0x72})
	/usr/lib/go/src/html/template/template.go:477 +0xbc
html/template.(*Template).ParseGlob(...)
	/usr/lib/go/src/html/template/template.go:462
github.com/grafana/grafana/pkg/services/notifications.ProvideService({0xa977980, 0xc02bb9e6f0}, 0xc01732e008, {0xa94df20, 0xc0490cc380}, {0x77756006be70, 0xc0490aba70})
	/home/mariell/work/oss/grafana/pkg/services/notifications/notifications.go:80 +0x696
github.com/grafana/grafana/pkg/server.InitializeForTest({0xa9e3920, 0xc00c48e700}, 0xc01732e008, {{0xc009a228a0, 0x5e}, {0x0, 0x0}, {0x0, 0x0}, {0x0, ...}, ...}, ...)
	/home/mariell/work/oss/grafana/pkg/server/wire_gen.go:1015 +0x4808
github.com/grafana/grafana/pkg/tests/testinfra.StartGrafanaEnv(0xc00c48e700, {0xc009a228a0, 0x5e}, {0xc02fbeb570, 0x6c})
	/home/mariell/work/oss/grafana/pkg/tests/testinfra/testinfra.go:83 +0x565
github.com/grafana/grafana/pkg/tests/api/alerting.TestIntegrationTestReceivers.func5(0xc00c48e700)
	/home/mariell/work/oss/grafana/pkg/tests/api/alerting/api_notification_channel_test.go:356 +0x7e
testing.tRunner(0xc00c48e700, 0x9e55db8)
	/usr/lib/go/src/testing/testing.go:1792 +0xf4
created by testing.(*T).Run in goroutine 13126
	/usr/lib/go/src/testing/testing.go:1851 +0x413

goroutine 73823 [select]:
github.com/patrickmn/go-cache.(*janitor).Run(0xc00e0c4920, 0xc01e9b4280)
	/home/mariell/go/pkg/mod/github.com/patrickmn/go-cache@v2.1.0+incompatible/cache.go:1079 +0x7b
created by github.com/patrickmn/go-cache.runJanitor in goroutine 4438
	/home/mariell/go/pkg/mod/github.com/patrickmn/go-cache@v2.1.0+incompatible/cache.go:1099 +0xdb

goroutine 78020 [runnable]:
github.com/centrifugal/centrifuge/internal/dissolve.(*Dissolver).Run.gowrap1()
	/home/mariell/go/pkg/mod/github.com/centrifugal/centrifuge@v0.33.3/internal/dissolve/dissolve.go:31
runtime.goexit({})
	/usr/lib/go/src/runtime/asm_amd64.s:1700 +0x1
created by github.com/centrifugal/centrifuge/internal/dissolve.(*Dissolver).Run in goroutine 3350
	/home/mariell/go/pkg/mod/github.com/centrifugal/centrifuge@v0.33.3/internal/dissolve/dissolve.go:31 +0x25

goroutine 59370 [select]:
k8s.io/apimachinery/pkg/util/wait.BackoffUntil(0xc01c25af00, {0xa95ac00, 0xc00dd72330}, 0x1, 0xc00e5d1260)
	/home/mariell/go/pkg/mod/k8s.io/apimachinery@v0.32.1/pkg/util/wait/backoff.go:238 +0x12c
k8s.io/apimachinery/pkg/util/wait.JitterUntil(0xc01c25af00, 0x3b9aca00, 0x3ff3333333333333, 0x1, 0xc00e5d1260)
	/home/mariell/go/pkg/mod/k8s.io/apimachinery@v0.32.1/pkg/util/wait/backoff.go:204 +0x7f
created by k8s.io/apiserver/pkg/registry/generic/registry.(*Store).startObservingCount in goroutine 58731
	/home/mariell/go/pkg/mod/k8s.io/apiserver@v0.32.1/pkg/registry/generic/registry/store.go:1666 +0x2f9

goroutine 59332 [select]:
database/sql.(*DB).connectionCleaner(0xc009ec9d40, 0xc00dd76c40?)
	/usr/lib/go/src/database/sql/sql.go:1104 +0x9c
created by database/sql.(*DB).startCleanerLocked in goroutine 3351
	/usr/lib/go/src/database/sql/sql.go:1091 +0x105

goroutine 76715 [select]:
net/http.(*persistConn).writeLoop(0xc02b5f78c0)
	/usr/lib/go/src/net/http/transport.go:2590 +0xe7
created by net/http.(*Transport).dialConn in goroutine 75040
	/usr/lib/go/src/net/http/transport.go:1945 +0x17a5

goroutine 77727 [select]:
github.com/centrifugal/centrifuge.(*historyHub).removeStreams(0xc048535a00)
	/home/mariell/go/pkg/mod/github.com/centrifugal/centrifuge@v0.33.3/broker_memory.go:259 +0x6f
created by github.com/centrifugal/centrifuge.(*historyHub).runCleanups in goroutine 56142
	/home/mariell/go/pkg/mod/github.com/centrifugal/centrifuge@v0.33.3/broker_memory.go:253 +0x96

goroutine 57234 [select]:
github.com/patrickmn/go-cache.(*janitor).Run(0xc003c15b60, 0xc021975840)
	/home/mariell/go/pkg/mod/github.com/patrickmn/go-cache@v2.1.0+incompatible/cache.go:1079 +0x7b
created by github.com/patrickmn/go-cache.runJanitor in goroutine 56288
	/home/mariell/go/pkg/mod/github.com/patrickmn/go-cache@v2.1.0+incompatible/cache.go:1099 +0xdb

goroutine 73616 [select]:
github.com/patrickmn/go-cache.(*janitor).Run(0xc0409d9c20, 0xc012cd9dc0)
	/home/mariell/go/pkg/mod/github.com/patrickmn/go-cache@v2.1.0+incompatible/cache.go:1079 +0x7b
created by github.com/patrickmn/go-cache.runJanitor in goroutine 59395
	/home/mariell/go/pkg/mod/github.com/patrickmn/go-cache@v2.1.0+incompatible/cache.go:1099 +0xdb

goroutine 57346 [select]:
github.com/patrickmn/go-cache.(*janitor).Run(0xc029db42b0, 0xc02ba85a40)
	/home/mariell/go/pkg/mod/github.com/patrickmn/go-cache@v2.1.0+incompatible/cache.go:1079 +0x7b
created by github.com/patrickmn/go-cache.runJanitor in goroutine 56288
	/home/mariell/go/pkg/mod/github.com/patrickmn/go-cache@v2.1.0+incompatible/cache.go:1099 +0xdb

goroutine 75331 [sync.Cond.Wait]:
sync.runtime_notifyListWait(0xc00e4b6210, 0x14)
	/usr/lib/go/src/runtime/sema.go:597 +0x159
sync.(*Cond).Wait(0x4f3b992?)
	/usr/lib/go/src/sync/cond.go:71 +0x85
github.com/centrifugal/centrifuge/internal/dissolve.(*queueImpl).Wait(0xc043706620)
	/home/mariell/go/pkg/mod/github.com/centrifugal/centrifuge@v0.33.3/internal/dissolve/queue.go:139 +0x4a
github.com/centrifugal/centrifuge/internal/dissolve.(*Dissolver).runWorker(0xc0253d2480)
	/home/mariell/go/pkg/mod/github.com/centrifugal/centrifuge@v0.33.3/internal/dissolve/dissolve.go:52 +0x27
created by github.com/centrifugal/centrifuge/internal/dissolve.(*Dissolver).Run in goroutine 56144
	/home/mariell/go/pkg/mod/github.com/centrifugal/centrifuge@v0.33.3/internal/dissolve/dissolve.go:31 +0x25

goroutine 57385 [select]:
github.com/centrifugal/centrifuge.(*Node).initMetrics.func1()
	/home/mariell/go/pkg/mod/github.com/centrifugal/centrifuge@v0.33.3/node.go:365 +0x8a
created by github.com/centrifugal/centrifuge.(*Node).initMetrics in goroutine 56288
	/home/mariell/go/pkg/mod/github.com/centrifugal/centrifuge@v0.33.3/node.go:363 +0x1f9

goroutine 57387 [select]:
github.com/centrifugal/centrifuge.(*Node).cleanNodeInfo(0xc02675a008)
	/home/mariell/go/pkg/mod/github.com/centrifugal/centrifuge@v0.33.3/node.go:394 +0x90
created by github.com/centrifugal/centrifuge.(*Node).Run in goroutine 56288
	/home/mariell/go/pkg/mod/github.com/centrifugal/centrifuge@v0.33.3/node.go:261 +0x265

goroutine 58883 [sync.Cond.Wait]:
sync.runtime_notifyListWait(0xc01f861010, 0x8)
	/usr/lib/go/src/runtime/sema.go:597 +0x159
sync.(*Cond).Wait(0x0?)
	/usr/lib/go/src/sync/cond.go:71 +0x85
github.com/centrifugal/centrifuge/internal/dissolve.(*queueImpl).Wait(0xc01921b6c0)
	/home/mariell/go/pkg/mod/github.com/centrifugal/centrifuge@v0.33.3/internal/dissolve/queue.go:139 +0x4a
github.com/centrifugal/centrifuge/internal/dissolve.(*Dissolver).runWorker(0xc0243b2a20)
	/home/mariell/go/pkg/mod/github.com/centrifugal/centrifuge@v0.33.3/internal/dissolve/dissolve.go:52 +0x27
created by github.com/centrifugal/centrifuge/internal/dissolve.(*Dissolver).Run in goroutine 57831
	/home/mariell/go/pkg/mod/github.com/centrifugal/centrifuge@v0.33.3/internal/dissolve/dissolve.go:31 +0x25

goroutine 74601 [sync.Cond.Wait]:
sync.runtime_notifyListWait(0xc022369b10, 0x11)
	/usr/lib/go/src/runtime/sema.go:597 +0x159
sync.(*Cond).Wait(0x0?)
	/usr/lib/go/src/sync/cond.go:71 +0x85
github.com/centrifugal/centrifuge/internal/dissolve.(*queueImpl).Wait(0xc0429f7180)
	/home/mariell/go/pkg/mod/github.com/centrifugal/centrifuge@v0.33.3/internal/dissolve/queue.go:139 +0x4a
github.com/centrifugal/centrifuge/internal/dissolve.(*Dissolver).runWorker(0xc02391be18)
	/home/mariell/go/pkg/mod/github.com/centrifugal/centrifuge@v0.33.3/internal/dissolve/dissolve.go:52 +0x27
created by github.com/centrifugal/centrifuge/internal/dissolve.(*Dissolver).Run in goroutine 4438
	/home/mariell/go/pkg/mod/github.com/centrifugal/centrifuge@v0.33.3/internal/dissolve/dissolve.go:31 +0x25

goroutine 75321 [select]:
github.com/centrifugal/centrifuge.(*historyHub).expireStreams(0xc04365b880)
	/home/mariell/go/pkg/mod/github.com/centrifugal/centrifuge@v0.33.3/broker_memory.go:298 +0x75
created by github.com/centrifugal/centrifuge.(*historyHub).runCleanups in goroutine 56144
	/home/mariell/go/pkg/mod/github.com/centrifugal/centrifuge@v0.33.3/broker_memory.go:252 +0x56

goroutine 57379 [select]:
github.com/centrifugal/centrifuge.(*historyHub).removeStreams(0xc028843800)
	/home/mariell/go/pkg/mod/github.com/centrifugal/centrifuge@v0.33.3/broker_memory.go:259 +0x6f
created by github.com/centrifugal/centrifuge.(*historyHub).runCleanups in goroutine 56288
	/home/mariell/go/pkg/mod/github.com/centrifugal/centrifuge@v0.33.3/broker_memory.go:253 +0x96

goroutine 77836 [runnable]:
github.com/centrifugal/centrifuge.(*Node).Run.gowrap1()
	/home/mariell/go/pkg/mod/github.com/centrifugal/centrifuge@v0.33.3/node.go:260
runtime.goexit({})
	/usr/lib/go/src/runtime/asm_amd64.s:1700 +0x1
created by github.com/centrifugal/centrifuge.(*Node).Run in goroutine 3350
	/home/mariell/go/pkg/mod/github.com/centrifugal/centrifuge@v0.33.3/node.go:260 +0x225

goroutine 56141 [runnable]:
internal/runtime/maps.newarray(0x20?, 0x8efdc40?)
	/usr/lib/go/src/runtime/malloc.go:1788 +0x13
internal/runtime/maps.newGroups(...)
	/usr/lib/go/src/internal/runtime/maps/group.go:310
internal/runtime/maps.(*table).reset(0xc028e5cce0, 0x8636c20, 0x10)
	/usr/lib/go/src/internal/runtime/maps/table.go:104 +0x3d
internal/runtime/maps.newTable(0x8636c20, 0x10, 0x0, 0x0)
	/usr/lib/go/src/internal/runtime/maps/table.go:95 +0x8f
internal/runtime/maps.(*Map).growToTable(0xc046d2a5c0, 0x8636c20)
	/usr/lib/go/src/internal/runtime/maps/map.go:601 +0x2d
github.com/mitchellh/mapstructure.(*Decoder).decodeStructFromMap(0xc049787380, {0x0, 0x0}, {0x86358e0?, 0xc049a55920?, 0xc049a55920?}, {0x948b640?, 0xc01fa41d48?, 0xc046d2a860?})
	/home/mariell/go/pkg/mod/github.com/mitchellh/mapstructure@v1.5.1-0.20231216201459-8508981c8b6c/mapstructure.go:1279 +0x391
github.com/mitchellh/mapstructure.(*Decoder).decodeStruct(0xc049787380, {0x0, 0x0}, {0x86358e0?, 0xc049a55920?}, {0x948b640?, 0xc01fa41d48?, 0xc016645398?})
	/home/mariell/go/pkg/mod/github.com/mitchellh/mapstructure@v1.5.1-0.20231216201459-8508981c8b6c/mapstructure.go:1237 +0x55c
github.com/mitchellh/mapstructure.(*Decoder).decode(0xc049787380, {0x0, 0x0}, {0x86358e0?, 0xc049a55920?}, {0x948b640?, 0xc01fa41d48?, 0x50?})
	/home/mariell/go/pkg/mod/github.com/mitchellh/mapstructure@v1.5.1-0.20231216201459-8508981c8b6c/mapstructure.go:482 +0x28a
github.com/mitchellh/mapstructure.(*Decoder).Decode(0xc049787380, {0x86358e0, 0xc049a55920})
	/home/mariell/go/pkg/mod/github.com/mitchellh/mapstructure@v1.5.1-0.20231216201459-8508981c8b6c/mapstructure.go:417 +0xa6
github.com/grafana/grafana/pkg/login/social/connectors.createOAuthInfoFromKeyValues(0xc049a55920, 0xc0295c8f00)
	/home/mariell/work/oss/grafana/pkg/login/social/connectors/common.go:220 +0xdd
github.com/grafana/grafana/pkg/login/social/connectors.CreateOAuthInfoFromKeyValuesWithLogging({0xa9fe760, 0xc00259ad20}, {0x9519bd8, 0x6}, 0xc049a55920)
	/home/mariell/work/oss/grafana/pkg/login/social/connectors/common.go:175 +0x70
github.com/grafana/grafana/pkg/login/social/socialimpl.ProvideService(0xc016474008, {0xa9a6a80, 0xc00f26c070}, {0xa9d35a8, 0xc00c5ed200}, {0xa951ca0, 0xc01a235560}, {0xa9aad50, 0xc02f6f3260}, 0xc049a54cf0, ...)
	/home/mariell/work/oss/grafana/pkg/login/social/socialimpl/service.go:68 +0x365
github.com/grafana/grafana/pkg/server.InitializeForTest({0xa9e3920, 0xc00c48e000}, 0xc016474008, {{0xc01a7c0360, 0x59}, {0x0, 0x0}, {0x0, 0x0}, {0x0, ...}, ...}, ...)
	/home/mariell/work/oss/grafana/pkg/server/wire_gen.go:1030 +0x4cac
github.com/grafana/grafana/pkg/tests/testinfra.StartGrafanaEnv(0xc00c48e000, {0xc01a7c0360, 0x59}, {0xc00bd838f0, 0x67})
	/home/mariell/work/oss/grafana/pkg/tests/testinfra/testinfra.go:83 +0x565
github.com/grafana/grafana/pkg/tests/api/alerting.TestIntegrationTestReceivers.func1(0xc00c48e000)
	/home/mariell/work/oss/grafana/pkg/tests/api/alerting/api_notification_channel_test.go:55 +0x7e
testing.tRunner(0xc00c48e000, 0x9e55d98)
	/usr/lib/go/src/testing/testing.go:1792 +0xf4
created by testing.(*T).Run in goroutine 13126
	/usr/lib/go/src/testing/testing.go:1851 +0x413

goroutine 59463 [select]:
database/sql.(*DB).connectionCleaner(0xc01f1b24e0, 0xc00ffa9b90?)
	/usr/lib/go/src/database/sql/sql.go:1104 +0x9c
created by database/sql.(*DB).startCleanerLocked in goroutine 56143
	/usr/lib/go/src/database/sql/sql.go:1091 +0x105

goroutine 74604 [sync.Cond.Wait]:
sync.runtime_notifyListWait(0xc022369b10, 0x14)
	/usr/lib/go/src/runtime/sema.go:597 +0x159
sync.(*Cond).Wait(0x0?)
	/usr/lib/go/src/sync/cond.go:71 +0x85
github.com/centrifugal/centrifuge/internal/dissolve.(*queueImpl).Wait(0xc0429f7180)
	/home/mariell/go/pkg/mod/github.com/centrifugal/centrifuge@v0.33.3/internal/dissolve/queue.go:139 +0x4a
github.com/centrifugal/centrifuge/internal/dissolve.(*Dissolver).runWorker(0xc02391be18)
	/home/mariell/go/pkg/mod/github.com/centrifugal/centrifuge@v0.33.3/internal/dissolve/dissolve.go:52 +0x27
created by github.com/centrifugal/centrifuge/internal/dissolve.(*Dissolver).Run in goroutine 4438
	/home/mariell/go/pkg/mod/github.com/centrifugal/centrifuge@v0.33.3/internal/dissolve/dissolve.go:31 +0x25

goroutine 74607 [sync.Cond.Wait]:
sync.runtime_notifyListWait(0xc022369b10, 0x17)
	/usr/lib/go/src/runtime/sema.go:597 +0x159
sync.(*Cond).Wait(0x0?)
	/usr/lib/go/src/sync/cond.go:71 +0x85
github.com/centrifugal/centrifuge/internal/dissolve.(*queueImpl).Wait(0xc0429f7180)
	/home/mariell/go/pkg/mod/github.com/centrifugal/centrifuge@v0.33.3/internal/dissolve/queue.go:139 +0x4a
github.com/centrifugal/centrifuge/internal/dissolve.(*Dissolver).runWorker(0xc02391be18)
	/home/mariell/go/pkg/mod/github.com/centrifugal/centrifuge@v0.33.3/internal/dissolve/dissolve.go:52 +0x27
created by github.com/centrifugal/centrifuge/internal/dissolve.(*Dissolver).Run in goroutine 4438
	/home/mariell/go/pkg/mod/github.com/centrifugal/centrifuge@v0.33.3/internal/dissolve/dissolve.go:31 +0x25

goroutine 74586 [sync.Cond.Wait]:
sync.runtime_notifyListWait(0xc022369b10, 0x2)
	/usr/lib/go/src/runtime/sema.go:597 +0x159
sync.(*Cond).Wait(0x0?)
	/usr/lib/go/src/sync/cond.go:71 +0x85
github.com/centrifugal/centrifuge/internal/dissolve.(*queueImpl).Wait(0xc0429f7180)
	/home/mariell/go/pkg/mod/github.com/centrifugal/centrifuge@v0.33.3/internal/dissolve/queue.go:139 +0x4a
github.com/centrifugal/centrifuge/internal/dissolve.(*Dissolver).runWorker(0xc02391be18)
	/home/mariell/go/pkg/mod/github.com/centrifugal/centrifuge@v0.33.3/internal/dissolve/dissolve.go:52 +0x27
created by github.com/centrifugal/centrifuge/internal/dissolve.(*Dissolver).Run in goroutine 4438
	/home/mariell/go/pkg/mod/github.com/centrifugal/centrifuge@v0.33.3/internal/dissolve/dissolve.go:31 +0x25

goroutine 59242 [select]:
net/http.(*persistConn).writeLoop(0xc030ee8000)
	/usr/lib/go/src/net/http/transport.go:2590 +0xe7
created by net/http.(*Transport).dialConn in goroutine 58701
	/usr/lib/go/src/net/http/transport.go:1945 +0x17a5

goroutine 58672 [sync.Cond.Wait]:
sync.runtime_notifyListWait(0xc01f861010, 0x5)
	/usr/lib/go/src/runtime/sema.go:597 +0x159
sync.(*Cond).Wait(0x0?)
	/usr/lib/go/src/sync/cond.go:71 +0x85
github.com/centrifugal/centrifuge/internal/dissolve.(*queueImpl).Wait(0xc01921b6c0)
	/home/mariell/go/pkg/mod/github.com/centrifugal/centrifuge@v0.33.3/internal/dissolve/queue.go:139 +0x4a
github.com/centrifugal/centrifuge/internal/dissolve.(*Dissolver).runWorker(0xc0243b2a20)
	/home/mariell/go/pkg/mod/github.com/centrifugal/centrifuge@v0.33.3/internal/dissolve/dissolve.go:52 +0x27
created by github.com/centrifugal/centrifuge/internal/dissolve.(*Dissolver).Run in goroutine 57831
	/home/mariell/go/pkg/mod/github.com/centrifugal/centrifuge@v0.33.3/internal/dissolve/dissolve.go:31 +0x25

goroutine 57233 [select]:
github.com/patrickmn/go-cache.(*janitor).Run(0xc022b8ba50, 0xc021974ec0)
	/home/mariell/go/pkg/mod/github.com/patrickmn/go-cache@v2.1.0+incompatible/cache.go:1079 +0x7b
created by github.com/patrickmn/go-cache.runJanitor in goroutine 56288
	/home/mariell/go/pkg/mod/github.com/patrickmn/go-cache@v2.1.0+incompatible/cache.go:1099 +0xdb

goroutine 58899 [sync.Cond.Wait]:
sync.runtime_notifyListWait(0xc01f861010, 0x1b)
	/usr/lib/go/src/runtime/sema.go:597 +0x159
sync.(*Cond).Wait(0x0?)
	/usr/lib/go/src/sync/cond.go:71 +0x85
github.com/centrifugal/centrifuge/internal/dissolve.(*queueImpl).Wait(0xc01921b6c0)
	/home/mariell/go/pkg/mod/github.com/centrifugal/centrifuge@v0.33.3/internal/dissolve/queue.go:139 +0x4a
github.com/centrifugal/centrifuge/internal/dissolve.(*Dissolver).runWorker(0xc0243b2a20)
	/home/mariell/go/pkg/mod/github.com/centrifugal/centrifuge@v0.33.3/internal/dissolve/dissolve.go:52 +0x27
created by github.com/centrifugal/centrifuge/internal/dissolve.(*Dissolver).Run in goroutine 57831
	/home/mariell/go/pkg/mod/github.com/centrifugal/centrifuge@v0.33.3/internal/dissolve/dissolve.go:31 +0x25

goroutine 58673 [sync.Cond.Wait]:
sync.runtime_notifyListWait(0xc01f861010, 0x6)
	/usr/lib/go/src/runtime/sema.go:597 +0x159
sync.(*Cond).Wait(0x0?)
	/usr/lib/go/src/sync/cond.go:71 +0x85
github.com/centrifugal/centrifuge/internal/dissolve.(*queueImpl).Wait(0xc01921b6c0)
	/home/mariell/go/pkg/mod/github.com/centrifugal/centrifuge@v0.33.3/internal/dissolve/queue.go:139 +0x4a
github.com/centrifugal/centrifuge/internal/dissolve.(*Dissolver).runWorker(0xc0243b2a20)
	/home/mariell/go/pkg/mod/github.com/centrifugal/centrifuge@v0.33.3/internal/dissolve/dissolve.go:52 +0x27
created by github.com/centrifugal/centrifuge/internal/dissolve.(*Dissolver).Run in goroutine 57831
	/home/mariell/go/pkg/mod/github.com/centrifugal/centrifuge@v0.33.3/internal/dissolve/dissolve.go:31 +0x25

goroutine 77736 [runnable]:
github.com/centrifugal/centrifuge.(*Node).Run.gowrap3()
	/home/mariell/go/pkg/mod/github.com/centrifugal/centrifuge@v0.33.3/node.go:262
runtime.goexit({})
	/usr/lib/go/src/runtime/asm_amd64.s:1700 +0x1
created by github.com/centrifugal/centrifuge.(*Node).Run in goroutine 56142
	/home/mariell/go/pkg/mod/github.com/centrifugal/centrifuge@v0.33.3/node.go:262 +0x2a5

goroutine 57279 [chan receive]:
github.com/grafana/grafana/pkg/storage/unified/sql.(*channelNotifier).notify.func1()
	/home/mariell/work/oss/grafana/pkg/storage/unified/sql/notifier.go:87 +0x39
created by github.com/grafana/grafana/pkg/storage/unified/sql.(*channelNotifier).notify in goroutine 56288
	/home/mariell/work/oss/grafana/pkg/storage/unified/sql/notifier.go:86 +0xdb

goroutine 57282 [select]:
github.com/grafana/grafana/pkg/storage/unified/resource.(*broadcaster[...]).stream(0xab113a0, 0xc0283d0620)
	/home/mariell/work/oss/grafana/pkg/storage/unified/resource/broadcaster.go:205 +0x13d
created by github.com/grafana/grafana/pkg/storage/unified/resource.(*broadcaster[...]).init in goroutine 56288
	/home/mariell/work/oss/grafana/pkg/storage/unified/resource/broadcaster.go:177 +0x219

goroutine 57280 [chan receive]:
github.com/grafana/grafana/pkg/storage/unified/resource.(*server).initWatcher.func1.1()
	/home/mariell/work/oss/grafana/pkg/storage/unified/resource/server.go:922 +0x58
created by github.com/grafana/grafana/pkg/storage/unified/resource.(*server).initWatcher.func1 in goroutine 56288
	/home/mariell/work/oss/grafana/pkg/storage/unified/resource/server.go:921 +0xaa

goroutine 57281 [select]:
github.com/grafana/grafana/pkg/storage/unified/resource.(*cache[...]).run(0xc00d978680)
	/home/mariell/work/oss/grafana/pkg/storage/unified/resource/broadcaster.go:291 +0xb0
created by github.com/grafana/grafana/pkg/storage/unified/resource.newChannelCache[...] in goroutine 56288
	/home/mariell/work/oss/grafana/pkg/storage/unified/resource/broadcaster.go:276 +0x189

goroutine 75145 [IO wait]:
internal/poll.runtime_pollWait(0x777550424b88, 0x72)
	/usr/lib/go/src/runtime/netpoll.go:351 +0x85
internal/poll.(*pollDesc).wait(0xc042ea6380?, 0xc00ba4c000?, 0x0)
	/usr/lib/go/src/internal/poll/fd_poll_runtime.go:84 +0x27
internal/poll.(*pollDesc).waitRead(...)
	/usr/lib/go/src/internal/poll/fd_poll_runtime.go:89
internal/poll.(*FD).Read(0xc042ea6380, {0xc00ba4c000, 0x1300, 0x1300})
	/usr/lib/go/src/internal/poll/fd_unix.go:165 +0x27a
net.(*netFD).Read(0xc042ea6380, {0xc00ba4c000?, 0x0?, 0x0?})
	/usr/lib/go/src/net/fd_posix.go:55 +0x25
net.(*conn).Read(0xc01a6f1920, {0xc00ba4c000?, 0x7775507f4378?, 0x7775a8b29d58?})
	/usr/lib/go/src/net/net.go:194 +0x45
crypto/tls.(*atLeastReader).Read(0xc01b805380, {0xc00ba4c000?, 0x0?, 0x0?})
	/usr/lib/go/src/crypto/tls/conn.go:809 +0x3b
bytes.(*Buffer).ReadFrom(0xc02fbf1438, {0xa94e300, 0xc01b805380})
	/usr/lib/go/src/bytes/buffer.go:211 +0x98
crypto/tls.(*Conn).readFromUntil(0xc02fbf1188, {0xa94dc00, 0xc01a6f1920}, 0x444af4?)
	/usr/lib/go/src/crypto/tls/conn.go:831 +0xde
crypto/tls.(*Conn).readRecordOrCCS(0xc02fbf1188, 0x0)
	/usr/lib/go/src/crypto/tls/conn.go:629 +0x3cf
crypto/tls.(*Conn).readRecord(...)
	/usr/lib/go/src/crypto/tls/conn.go:591
crypto/tls.(*Conn).Read(0xc02fbf1188, {0xc04330b000, 0x1000, 0x7775a8b29d58?})
	/usr/lib/go/src/crypto/tls/conn.go:1385 +0x145
net/http.(*persistConn).Read(0xc02b560120, {0xc04330b000?, 0x4141c5?, 0x68?})
	/usr/lib/go/src/net/http/transport.go:2122 +0x47
bufio.(*Reader).fill(0xc0198e14a0)
	/usr/lib/go/src/bufio/bufio.go:113 +0x103
bufio.(*Reader).Peek(0xc0198e14a0, 0x1)
	/usr/lib/go/src/bufio/bufio.go:152 +0x53
net/http.(*persistConn).readLoop(0xc02b560120)
	/usr/lib/go/src/net/http/transport.go:2275 +0x172
created by net/http.(*Transport).dialConn in goroutine 74353
	/usr/lib/go/src/net/http/transport.go:1944 +0x174f

goroutine 57388 [select]:
github.com/centrifugal/centrifuge.(*Node).updateMetrics(0xc02675a008)
	/home/mariell/go/pkg/mod/github.com/centrifugal/centrifuge@v0.33.3/node.go:335 +0x85
created by github.com/centrifugal/centrifuge.(*Node).Run in goroutine 56288
	/home/mariell/go/pkg/mod/github.com/centrifugal/centrifuge@v0.33.3/node.go:262 +0x2a5

goroutine 57389 [sync.Cond.Wait]:
sync.runtime_notifyListWait(0xc02b4aae10, 0xe)
	/usr/lib/go/src/runtime/sema.go:597 +0x159
sync.(*Cond).Wait(0x0?)
	/usr/lib/go/src/sync/cond.go:71 +0x85
github.com/centrifugal/centrifuge/internal/dissolve.(*queueImpl).Wait(0xc0288901c0)
	/home/mariell/go/pkg/mod/github.com/centrifugal/centrifuge@v0.33.3/internal/dissolve/queue.go:139 +0x4a
github.com/centrifugal/centrifuge/internal/dissolve.(*Dissolver).runWorker(0xc017ecc9d8)
	/home/mariell/go/pkg/mod/github.com/centrifugal/centrifuge@v0.33.3/internal/dissolve/dissolve.go:52 +0x27
created by github.com/centrifugal/centrifuge/internal/dissolve.(*Dissolver).Run in goroutine 56288
	/home/mariell/go/pkg/mod/github.com/centrifugal/centrifuge@v0.33.3/internal/dissolve/dissolve.go:31 +0x25

goroutine 57390 [sync.Cond.Wait]:
sync.runtime_notifyListWait(0xc02b4aae10, 0x27)
	/usr/lib/go/src/runtime/sema.go:597 +0x159
sync.(*Cond).Wait(0x100000004f3b992?)
	/usr/lib/go/src/sync/cond.go:71 +0x85
github.com/centrifugal/centrifuge/internal/dissolve.(*queueImpl).Wait(0xc0288901c0)
	/home/mariell/go/pkg/mod/github.com/centrifugal/centrifuge@v0.33.3/internal/dissolve/queue.go:139 +0x4a
github.com/centrifugal/centrifuge/internal/dissolve.(*Dissolver).runWorker(0xc017ecc9d8)
	/home/mariell/go/pkg/mod/github.com/centrifugal/centrifuge@v0.33.3/internal/dissolve/dissolve.go:52 +0x27
created by github.com/centrifugal/centrifuge/internal/dissolve.(*Dissolver).Run in goroutine 56288
	/home/mariell/go/pkg/mod/github.com/centrifugal/centrifuge@v0.33.3/internal/dissolve/dissolve.go:31 +0x25

goroutine 57391 [sync.Cond.Wait]:
sync.runtime_notifyListWait(0xc02b4aae10, 0x0)
	/usr/lib/go/src/runtime/sema.go:597 +0x159
sync.(*Cond).Wait(0x100000000000000?)
	/usr/lib/go/src/sync/cond.go:71 +0x85
github.com/centrifugal/centrifuge/internal/dissolve.(*queueImpl).Wait(0xc0288901c0)
	/home/mariell/go/pkg/mod/github.com/centrifugal/centrifuge@v0.33.3/internal/dissolve/queue.go:139 +0x4a
github.com/centrifugal/centrifuge/internal/dissolve.(*Dissolver).runWorker(0xc017ecc9d8)
	/home/mariell/go/pkg/mod/github.com/centrifugal/centrifuge@v0.33.3/internal/dissolve/dissolve.go:52 +0x27
created by github.com/centrifugal/centrifuge/internal/dissolve.(*Dissolver).Run in goroutine 56288
	/home/mariell/go/pkg/mod/github.com/centrifugal/centrifuge@v0.33.3/internal/dissolve/dissolve.go:31 +0x25

goroutine 57392 [sync.Cond.Wait]:
sync.runtime_notifyListWait(0xc02b4aae10, 0x2)
	/usr/lib/go/src/runtime/sema.go:597 +0x159
sync.(*Cond).Wait(0xc0113bef40?)
	/usr/lib/go/src/sync/cond.go:71 +0x85
github.com/centrifugal/centrifuge/internal/dissolve.(*queueImpl).Wait(0xc0288901c0)
	/home/mariell/go/pkg/mod/github.com/centrifugal/centrifuge@v0.33.3/internal/dissolve/queue.go:139 +0x4a
github.com/centrifugal/centrifuge/internal/dissolve.(*Dissolver).runWorker(0xc017ecc9d8)
	/home/mariell/go/pkg/mod/github.com/centrifugal/centrifuge@v0.33.3/internal/dissolve/dissolve.go:52 +0x27
created by github.com/centrifugal/centrifuge/internal/dissolve.(*Dissolver).Run in goroutine 56288
	/home/mariell/go/pkg/mod/github.com/centrifugal/centrifuge@v0.33.3/internal/dissolve/dissolve.go:31 +0x25

goroutine 57393 [sync.Cond.Wait]:
sync.runtime_notifyListWait(0xc02b4aae10, 0x3)
	/usr/lib/go/src/runtime/sema.go:597 +0x159
sync.(*Cond).Wait(0x0?)
	/usr/lib/go/src/sync/cond.go:71 +0x85
github.com/centrifugal/centrifuge/internal/dissolve.(*queueImpl).Wait(0xc0288901c0)
	/home/mariell/go/pkg/mod/github.com/centrifugal/centrifuge@v0.33.3/internal/dissolve/queue.go:139 +0x4a
github.com/centrifugal/centrifuge/internal/dissolve.(*Dissolver).runWorker(0xc017ecc9d8)
	/home/mariell/go/pkg/mod/github.com/centrifugal/centrifuge@v0.33.3/internal/dissolve/dissolve.go:52 +0x27
created by github.com/centrifugal/centrifuge/internal/dissolve.(*Dissolver).Run in goroutine 56288
	/home/mariell/go/pkg/mod/github.com/centrifugal/centrifuge@v0.33.3/internal/dissolve/dissolve.go:31 +0x25

goroutine 57394 [sync.Cond.Wait]:
sync.runtime_notifyListWait(0xc02b4aae10, 0x4)
	/usr/lib/go/src/runtime/sema.go:597 +0x159
sync.(*Cond).Wait(0x1?)
	/usr/lib/go/src/sync/cond.go:71 +0x85
github.com/centrifugal/centrifuge/internal/dissolve.(*queueImpl).Wait(0xc0288901c0)
	/home/mariell/go/pkg/mod/github.com/centrifugal/centrifuge@v0.33.3/internal/dissolve/queue.go:139 +0x4a
github.com/centrifugal/centrifuge/internal/dissolve.(*Dissolver).runWorker(0xc017ecc9d8)
	/home/mariell/go/pkg/mod/github.com/centrifugal/centrifuge@v0.33.3/internal/dissolve/dissolve.go:52 +0x27
created by github.com/centrifugal/centrifuge/internal/dissolve.(*Dissolver).Run in goroutine 56288
	/home/mariell/go/pkg/mod/github.com/centrifugal/centrifuge@v0.33.3/internal/dissolve/dissolve.go:31 +0x25

goroutine 57395 [sync.Cond.Wait]:
sync.runtime_notifyListWait(0xc02b4aae10, 0x5)
	/usr/lib/go/src/runtime/sema.go:597 +0x159
sync.(*Cond).Wait(0x0?)
	/usr/lib/go/src/sync/cond.go:71 +0x85
github.com/centrifugal/centrifuge/internal/dissolve.(*queueImpl).Wait(0xc0288901c0)
	/home/mariell/go/pkg/mod/github.com/centrifugal/centrifuge@v0.33.3/internal/dissolve/queue.go:139 +0x4a
github.com/centrifugal/centrifuge/internal/dissolve.(*Dissolver).runWorker(0xc017ecc9d8)
	/home/mariell/go/pkg/mod/github.com/centrifugal/centrifuge@v0.33.3/internal/dissolve/dissolve.go:52 +0x27
created by github.com/centrifugal/centrifuge/internal/dissolve.(*Dissolver).Run in goroutine 56288
	/home/mariell/go/pkg/mod/github.com/centrifugal/centrifuge@v0.33.3/internal/dissolve/dissolve.go:31 +0x25

goroutine 57396 [sync.Cond.Wait]:
sync.runtime_notifyListWait(0xc02b4aae10, 0x6)
	/usr/lib/go/src/runtime/sema.go:597 +0x159
sync.(*Cond).Wait(0xc02a6ca7d0?)
	/usr/lib/go/src/sync/cond.go:71 +0x85
github.com/centrifugal/centrifuge/internal/dissolve.(*queueImpl).Wait(0xc0288901c0)
	/home/mariell/go/pkg/mod/github.com/centrifugal/centrifuge@v0.33.3/internal/dissolve/queue.go:139 +0x4a
github.com/centrifugal/centrifuge/internal/dissolve.(*Dissolver).runWorker(0xc017ecc9d8)
	/home/mariell/go/pkg/mod/github.com/centrifugal/centrifuge@v0.33.3/internal/dissolve/dissolve.go:52 +0x27
created by github.com/centrifugal/centrifuge/internal/dissolve.(*Dissolver).Run in goroutine 56288
	/home/mariell/go/pkg/mod/github.com/centrifugal/centrifuge@v0.33.3/internal/dissolve/dissolve.go:31 +0x25

goroutine 57397 [sync.Cond.Wait]:
sync.runtime_notifyListWait(0xc02b4aae10, 0x7)
	/usr/lib/go/src/runtime/sema.go:597 +0x159
sync.(*Cond).Wait(0xc02a6ccfd0?)
	/usr/lib/go/src/sync/cond.go:71 +0x85
github.com/centrifugal/centrifuge/internal/dissolve.(*queueImpl).Wait(0xc0288901c0)
	/home/mariell/go/pkg/mod/github.com/centrifugal/centrifuge@v0.33.3/internal/dissolve/queue.go:139 +0x4a
github.com/centrifugal/centrifuge/internal/dissolve.(*Dissolver).runWorker(0xc017ecc9d8)
	/home/mariell/go/pkg/mod/github.com/centrifugal/centrifuge@v0.33.3/internal/dissolve/dissolve.go:52 +0x27
created by github.com/centrifugal/centrifuge/internal/dissolve.(*Dissolver).Run in goroutine 56288
	/home/mariell/go/pkg/mod/github.com/centrifugal/centrifuge@v0.33.3/internal/dissolve/dissolve.go:31 +0x25

goroutine 57398 [sync.Cond.Wait]:
sync.runtime_notifyListWait(0xc02b4aae10, 0x8)
	/usr/lib/go/src/runtime/sema.go:597 +0x159
sync.(*Cond).Wait(0x0?)
	/usr/lib/go/src/sync/cond.go:71 +0x85
github.com/centrifugal/centrifuge/internal/dissolve.(*queueImpl).Wait(0xc0288901c0)
	/home/mariell/go/pkg/mod/github.com/centrifugal/centrifuge@v0.33.3/internal/dissolve/queue.go:139 +0x4a
github.com/centrifugal/centrifuge/internal/dissolve.(*Dissolver).runWorker(0xc017ecc9d8)
	/home/mariell/go/pkg/mod/github.com/centrifugal/centrifuge@v0.33.3/internal/dissolve/dissolve.go:52 +0x27
created by github.com/centrifugal/centrifuge/internal/dissolve.(*Dissolver).Run in goroutine 56288
	/home/mariell/go/pkg/mod/github.com/centrifugal/centrifuge@v0.33.3/internal/dissolve/dissolve.go:31 +0x25

goroutine 57399 [sync.Cond.Wait]:
sync.runtime_notifyListWait(0xc02b4aae10, 0x9)
	/usr/lib/go/src/runtime/sema.go:597 +0x159
sync.(*Cond).Wait(0x823435?)
	/usr/lib/go/src/sync/cond.go:71 +0x85
github.com/centrifugal/centrifuge/internal/dissolve.(*queueImpl).Wait(0xc0288901c0)
	/home/mariell/go/pkg/mod/github.com/centrifugal/centrifuge@v0.33.3/internal/dissolve/queue.go:139 +0x4a
github.com/centrifugal/centrifuge/internal/dissolve.(*Dissolver).runWorker(0xc017ecc9d8)
	/home/mariell/go/pkg/mod/github.com/centrifugal/centrifuge@v0.33.3/internal/dissolve/dissolve.go:52 +0x27
created by github.com/centrifugal/centrifuge/internal/dissolve.(*Dissolver).Run in goroutine 56288
	/home/mariell/go/pkg/mod/github.com/centrifugal/centrifuge@v0.33.3/internal/dissolve/dissolve.go:31 +0x25

goroutine 57400 [sync.Cond.Wait]:
sync.runtime_notifyListWait(0xc02b4aae10, 0xa)
	/usr/lib/go/src/runtime/sema.go:597 +0x159
sync.(*Cond).Wait(0x0?)
	/usr/lib/go/src/sync/cond.go:71 +0x85
github.com/centrifugal/centrifuge/internal/dissolve.(*queueImpl).Wait(0xc0288901c0)
	/home/mariell/go/pkg/mod/github.com/centrifugal/centrifuge@v0.33.3/internal/dissolve/queue.go:139 +0x4a
github.com/centrifugal/centrifuge/internal/dissolve.(*Dissolver).runWorker(0xc017ecc9d8)
	/home/mariell/go/pkg/mod/github.com/centrifugal/centrifuge@v0.33.3/internal/dissolve/dissolve.go:52 +0x27
created by github.com/centrifugal/centrifuge/internal/dissolve.(*Dissolver).Run in goroutine 56288
	/home/mariell/go/pkg/mod/github.com/centrifugal/centrifuge@v0.33.3/internal/dissolve/dissolve.go:31 +0x25

goroutine 57401 [sync.Cond.Wait]:
sync.runtime_notifyListWait(0xc02b4aae10, 0xb)
	/usr/lib/go/src/runtime/sema.go:597 +0x159
sync.(*Cond).Wait(0x0?)
	/usr/lib/go/src/sync/cond.go:71 +0x85
github.com/centrifugal/centrifuge/internal/dissolve.(*queueImpl).Wait(0xc0288901c0)
	/home/mariell/go/pkg/mod/github.com/centrifugal/centrifuge@v0.33.3/internal/dissolve/queue.go:139 +0x4a
github.com/centrifugal/centrifuge/internal/dissolve.(*Dissolver).runWorker(0xc017ecc9d8)
	/home/mariell/go/pkg/mod/github.com/centrifugal/centrifuge@v0.33.3/internal/dissolve/dissolve.go:52 +0x27
created by github.com/centrifugal/centrifuge/internal/dissolve.(*Dissolver).Run in goroutine 56288
	/home/mariell/go/pkg/mod/github.com/centrifugal/centrifuge@v0.33.3/internal/dissolve/dissolve.go:31 +0x25

goroutine 57402 [sync.Cond.Wait]:
sync.runtime_notifyListWait(0xc02b4aae10, 0xc)
	/usr/lib/go/src/runtime/sema.go:597 +0x159
sync.(*Cond).Wait(0x0?)
	/usr/lib/go/src/sync/cond.go:71 +0x85
github.com/centrifugal/centrifuge/internal/dissolve.(*queueImpl).Wait(0xc0288901c0)
	/home/mariell/go/pkg/mod/github.com/centrifugal/centrifuge@v0.33.3/internal/dissolve/queue.go:139 +0x4a
github.com/centrifugal/centrifuge/internal/dissolve.(*Dissolver).runWorker(0xc017ecc9d8)
	/home/mariell/go/pkg/mod/github.com/centrifugal/centrifuge@v0.33.3/internal/dissolve/dissolve.go:52 +0x27
created by github.com/centrifugal/centrifuge/internal/dissolve.(*Dissolver).Run in goroutine 56288
	/home/mariell/go/pkg/mod/github.com/centrifugal/centrifuge@v0.33.3/internal/dissolve/dissolve.go:31 +0x25

goroutine 57403 [sync.Cond.Wait]:
sync.runtime_notifyListWait(0xc02b4aae10, 0xd)
	/usr/lib/go/src/runtime/sema.go:597 +0x159
sync.(*Cond).Wait(0x0?)
	/usr/lib/go/src/sync/cond.go:71 +0x85
github.com/centrifugal/centrifuge/internal/dissolve.(*queueImpl).Wait(0xc0288901c0)
	/home/mariell/go/pkg/mod/github.com/centrifugal/centrifuge@v0.33.3/internal/dissolve/queue.go:139 +0x4a
github.com/centrifugal/centrifuge/internal/dissolve.(*Dissolver).runWorker(0xc017ecc9d8)
	/home/mariell/go/pkg/mod/github.com/centrifugal/centrifuge@v0.33.3/internal/dissolve/dissolve.go:52 +0x27
created by github.com/centrifugal/centrifuge/internal/dissolve.(*Dissolver).Run in goroutine 56288
	/home/mariell/go/pkg/mod/github.com/centrifugal/centrifuge@v0.33.3/internal/dissolve/dissolve.go:31 +0x25

goroutine 57404 [sync.Cond.Wait]:
sync.runtime_notifyListWait(0xc02b4aae10, 0x1)
	/usr/lib/go/src/runtime/sema.go:597 +0x159
sync.(*Cond).Wait(0x0?)
	/usr/lib/go/src/sync/cond.go:71 +0x85
github.com/centrifugal/centrifuge/internal/dissolve.(*queueImpl).Wait(0xc0288901c0)
	/home/mariell/go/pkg/mod/github.com/centrifugal/centrifuge@v0.33.3/internal/dissolve/queue.go:139 +0x4a
github.com/centrifugal/centrifuge/internal/dissolve.(*Dissolver).runWorker(0xc017ecc9d8)
	/home/mariell/go/pkg/mod/github.com/centrifugal/centrifuge@v0.33.3/internal/dissolve/dissolve.go:52 +0x27
created by github.com/centrifugal/centrifuge/internal/dissolve.(*Dissolver).Run in goroutine 56288
	/home/mariell/go/pkg/mod/github.com/centrifugal/centrifuge@v0.33.3/internal/dissolve/dissolve.go:31 +0x25

goroutine 57405 [sync.Cond.Wait]:
sync.runtime_notifyListWait(0xc02b4aae10, 0x10)
	/usr/lib/go/src/runtime/sema.go:597 +0x159
sync.(*Cond).Wait(0x0?)
	/usr/lib/go/src/sync/cond.go:71 +0x85
github.com/centrifugal/centrifuge/internal/dissolve.(*queueImpl).Wait(0xc0288901c0)
	/home/mariell/go/pkg/mod/github.com/centrifugal/centrifuge@v0.33.3/internal/dissolve/queue.go:139 +0x4a
github.com/centrifugal/centrifuge/internal/dissolve.(*Dissolver).runWorker(0xc017ecc9d8)
	/home/mariell/go/pkg/mod/github.com/centrifugal/centrifuge@v0.33.3/internal/dissolve/dissolve.go:52 +0x27
created by github.com/centrifugal/centrifuge/internal/dissolve.(*Dissolver).Run in goroutine 56288
	/home/mariell/go/pkg/mod/github.com/centrifugal/centrifuge@v0.33.3/internal/dissolve/dissolve.go:31 +0x25

goroutine 57406 [sync.Cond.Wait]:
sync.runtime_notifyListWait(0xc02b4aae10, 0x11)
	/usr/lib/go/src/runtime/sema.go:597 +0x159
sync.(*Cond).Wait(0x0?)
	/usr/lib/go/src/sync/cond.go:71 +0x85
github.com/centrifugal/centrifuge/internal/dissolve.(*queueImpl).Wait(0xc0288901c0)
	/home/mariell/go/pkg/mod/github.com/centrifugal/centrifuge@v0.33.3/internal/dissolve/queue.go:139 +0x4a
github.com/centrifugal/centrifuge/internal/dissolve.(*Dissolver).runWorker(0xc017ecc9d8)
	/home/mariell/go/pkg/mod/github.com/centrifugal/centrifuge@v0.33.3/internal/dissolve/dissolve.go:52 +0x27
created by github.com/centrifugal/centrifuge/internal/dissolve.(*Dissolver).Run in goroutine 56288
	/home/mariell/go/pkg/mod/github.com/centrifugal/centrifuge@v0.33.3/internal/dissolve/dissolve.go:31 +0x25

goroutine 57407 [sync.Cond.Wait]:
sync.runtime_notifyListWait(0xc02b4aae10, 0x12)
	/usr/lib/go/src/runtime/sema.go:597 +0x159
sync.(*Cond).Wait(0x0?)
	/usr/lib/go/src/sync/cond.go:71 +0x85
github.com/centrifugal/centrifuge/internal/dissolve.(*queueImpl).Wait(0xc0288901c0)
	/home/mariell/go/pkg/mod/github.com/centrifugal/centrifuge@v0.33.3/internal/dissolve/queue.go:139 +0x4a
github.com/centrifugal/centrifuge/internal/dissolve.(*Dissolver).runWorker(0xc017ecc9d8)
	/home/mariell/go/pkg/mod/github.com/centrifugal/centrifuge@v0.33.3/internal/dissolve/dissolve.go:52 +0x27
created by github.com/centrifugal/centrifuge/internal/dissolve.(*Dissolver).Run in goroutine 56288
	/home/mariell/go/pkg/mod/github.com/centrifugal/centrifuge@v0.33.3/internal/dissolve/dissolve.go:31 +0x25

goroutine 57408 [sync.Cond.Wait]:
sync.runtime_notifyListWait(0xc02b4aae10, 0x13)
	/usr/lib/go/src/runtime/sema.go:597 +0x159
sync.(*Cond).Wait(0x0?)
	/usr/lib/go/src/sync/cond.go:71 +0x85
github.com/centrifugal/centrifuge/internal/dissolve.(*queueImpl).Wait(0xc0288901c0)
	/home/mariell/go/pkg/mod/github.com/centrifugal/centrifuge@v0.33.3/internal/dissolve/queue.go:139 +0x4a
github.com/centrifugal/centrifuge/internal/dissolve.(*Dissolver).runWorker(0xc017ecc9d8)
	/home/mariell/go/pkg/mod/github.com/centrifugal/centrifuge@v0.33.3/internal/dissolve/dissolve.go:52 +0x27
created by github.com/centrifugal/centrifuge/internal/dissolve.(*Dissolver).Run in goroutine 56288
	/home/mariell/go/pkg/mod/github.com/centrifugal/centrifuge@v0.33.3/internal/dissolve/dissolve.go:31 +0x25

goroutine 57409 [sync.Cond.Wait]:
sync.runtime_notifyListWait(0xc02b4aae10, 0x14)
	/usr/lib/go/src/runtime/sema.go:597 +0x159
sync.(*Cond).Wait(0x0?)
	/usr/lib/go/src/sync/cond.go:71 +0x85
github.com/centrifugal/centrifuge/internal/dissolve.(*queueImpl).Wait(0xc0288901c0)
	/home/mariell/go/pkg/mod/github.com/centrifugal/centrifuge@v0.33.3/internal/dissolve/queue.go:139 +0x4a
github.com/centrifugal/centrifuge/internal/dissolve.(*Dissolver).runWorker(0xc017ecc9d8)
	/home/mariell/go/pkg/mod/github.com/centrifugal/centrifuge@v0.33.3/internal/dissolve/dissolve.go:52 +0x27
created by github.com/centrifugal/centrifuge/internal/dissolve.(*Dissolver).Run in goroutine 56288
	/home/mariell/go/pkg/mod/github.com/centrifugal/centrifuge@v0.33.3/internal/dissolve/dissolve.go:31 +0x25

goroutine 57410 [sync.Cond.Wait]:
sync.runtime_notifyListWait(0xc02b4aae10, 0x15)
	/usr/lib/go/src/runtime/sema.go:597 +0x159
sync.(*Cond).Wait(0x0?)
	/usr/lib/go/src/sync/cond.go:71 +0x85
github.com/centrifugal/centrifuge/internal/dissolve.(*queueImpl).Wait(0xc0288901c0)
	/home/mariell/go/pkg/mod/github.com/centrifugal/centrifuge@v0.33.3/internal/dissolve/queue.go:139 +0x4a
github.com/centrifugal/centrifuge/internal/dissolve.(*Dissolver).runWorker(0xc017ecc9d8)
	/home/mariell/go/pkg/mod/github.com/centrifugal/centrifuge@v0.33.3/internal/dissolve/dissolve.go:52 +0x27
created by github.com/centrifugal/centrifuge/internal/dissolve.(*Dissolver).Run in goroutine 56288
	/home/mariell/go/pkg/mod/github.com/centrifugal/centrifuge@v0.33.3/internal/dissolve/dissolve.go:31 +0x25

goroutine 57411 [sync.Cond.Wait]:
sync.runtime_notifyListWait(0xc02b4aae10, 0x16)
	/usr/lib/go/src/runtime/sema.go:597 +0x159
sync.(*Cond).Wait(0x0?)
	/usr/lib/go/src/sync/cond.go:71 +0x85
github.com/centrifugal/centrifuge/internal/dissolve.(*queueImpl).Wait(0xc0288901c0)
	/home/mariell/go/pkg/mod/github.com/centrifugal/centrifuge@v0.33.3/internal/dissolve/queue.go:139 +0x4a
github.com/centrifugal/centrifuge/internal/dissolve.(*Dissolver).runWorker(0xc017ecc9d8)
	/home/mariell/go/pkg/mod/github.com/centrifugal/centrifuge@v0.33.3/internal/dissolve/dissolve.go:52 +0x27
created by github.com/centrifugal/centrifuge/internal/dissolve.(*Dissolver).Run in goroutine 56288
	/home/mariell/go/pkg/mod/github.com/centrifugal/centrifuge@v0.33.3/internal/dissolve/dissolve.go:31 +0x25

goroutine 57412 [sync.Cond.Wait]:
sync.runtime_notifyListWait(0xc02b4aae10, 0x17)
	/usr/lib/go/src/runtime/sema.go:597 +0x159
sync.(*Cond).Wait(0x0?)
	/usr/lib/go/src/sync/cond.go:71 +0x85
github.com/centrifugal/centrifuge/internal/dissolve.(*queueImpl).Wait(0xc0288901c0)
	/home/mariell/go/pkg/mod/github.com/centrifugal/centrifuge@v0.33.3/internal/dissolve/queue.go:139 +0x4a
github.com/centrifugal/centrifuge/internal/dissolve.(*Dissolver).runWorker(0xc017ecc9d8)
	/home/mariell/go/pkg/mod/github.com/centrifugal/centrifuge@v0.33.3/internal/dissolve/dissolve.go:52 +0x27
created by github.com/centrifugal/centrifuge/internal/dissolve.(*Dissolver).Run in goroutine 56288
	/home/mariell/go/pkg/mod/github.com/centrifugal/centrifuge@v0.33.3/internal/dissolve/dissolve.go:31 +0x25

goroutine 57413 [sync.Cond.Wait]:
sync.runtime_notifyListWait(0xc02b4aae10, 0x18)
	/usr/lib/go/src/runtime/sema.go:597 +0x159
sync.(*Cond).Wait(0x0?)
	/usr/lib/go/src/sync/cond.go:71 +0x85
github.com/centrifugal/centrifuge/internal/dissolve.(*queueImpl).Wait(0xc0288901c0)
	/home/mariell/go/pkg/mod/github.com/centrifugal/centrifuge@v0.33.3/internal/dissolve/queue.go:139 +0x4a
github.com/centrifugal/centrifuge/internal/dissolve.(*Dissolver).runWorker(0xc017ecc9d8)
	/home/mariell/go/pkg/mod/github.com/centrifugal/centrifuge@v0.33.3/internal/dissolve/dissolve.go:52 +0x27
created by github.com/centrifugal/centrifuge/internal/dissolve.(*Dissolver).Run in goroutine 56288
	/home/mariell/go/pkg/mod/github.com/centrifugal/centrifuge@v0.33.3/internal/dissolve/dissolve.go:31 +0x25

goroutine 57414 [sync.Cond.Wait]:
sync.runtime_notifyListWait(0xc02b4aae10, 0x19)
	/usr/lib/go/src/runtime/sema.go:597 +0x159
sync.(*Cond).Wait(0x0?)
	/usr/lib/go/src/sync/cond.go:71 +0x85
github.com/centrifugal/centrifuge/internal/dissolve.(*queueImpl).Wait(0xc0288901c0)
	/home/mariell/go/pkg/mod/github.com/centrifugal/centrifuge@v0.33.3/internal/dissolve/queue.go:139 +0x4a
github.com/centrifugal/centrifuge/internal/dissolve.(*Dissolver).runWorker(0xc017ecc9d8)
	/home/mariell/go/pkg/mod/github.com/centrifugal/centrifuge@v0.33.3/internal/dissolve/dissolve.go:52 +0x27
created by github.com/centrifugal/centrifuge/internal/dissolve.(*Dissolver).Run in goroutine 56288
	/home/mariell/go/pkg/mod/github.com/centrifugal/centrifuge@v0.33.3/internal/dissolve/dissolve.go:31 +0x25

goroutine 57415 [sync.Cond.Wait]:
sync.runtime_notifyListWait(0xc02b4aae10, 0x1a)
	/usr/lib/go/src/runtime/sema.go:597 +0x159
sync.(*Cond).Wait(0x0?)
	/usr/lib/go/src/sync/cond.go:71 +0x85
github.com/centrifugal/centrifuge/internal/dissolve.(*queueImpl).Wait(0xc0288901c0)
	/home/mariell/go/pkg/mod/github.com/centrifugal/centrifuge@v0.33.3/internal/dissolve/queue.go:139 +0x4a
github.com/centrifugal/centrifuge/internal/dissolve.(*Dissolver).runWorker(0xc017ecc9d8)
	/home/mariell/go/pkg/mod/github.com/centrifugal/centrifuge@v0.33.3/internal/dissolve/dissolve.go:52 +0x27
created by github.com/centrifugal/centrifuge/internal/dissolve.(*Dissolver).Run in goroutine 56288
	/home/mariell/go/pkg/mod/github.com/centrifugal/centrifuge@v0.33.3/internal/dissolve/dissolve.go:31 +0x25

goroutine 57416 [sync.Cond.Wait]:
sync.runtime_notifyListWait(0xc02b4aae10, 0x1b)
	/usr/lib/go/src/runtime/sema.go:597 +0x159
sync.(*Cond).Wait(0x0?)
	/usr/lib/go/src/sync/cond.go:71 +0x85
github.com/centrifugal/centrifuge/internal/dissolve.(*queueImpl).Wait(0xc0288901c0)
	/home/mariell/go/pkg/mod/github.com/centrifugal/centrifuge@v0.33.3/internal/dissolve/queue.go:139 +0x4a
github.com/centrifugal/centrifuge/internal/dissolve.(*Dissolver).runWorker(0xc017ecc9d8)
	/home/mariell/go/pkg/mod/github.com/centrifugal/centrifuge@v0.33.3/internal/dissolve/dissolve.go:52 +0x27
created by github.com/centrifugal/centrifuge/internal/dissolve.(*Dissolver).Run in goroutine 56288
	/home/mariell/go/pkg/mod/github.com/centrifugal/centrifuge@v0.33.3/internal/dissolve/dissolve.go:31 +0x25

goroutine 57417 [sync.Cond.Wait]:
sync.runtime_notifyListWait(0xc02b4aae10, 0x1c)
	/usr/lib/go/src/runtime/sema.go:597 +0x159
sync.(*Cond).Wait(0x0?)
	/usr/lib/go/src/sync/cond.go:71 +0x85
github.com/centrifugal/centrifuge/internal/dissolve.(*queueImpl).Wait(0xc0288901c0)
	/home/mariell/go/pkg/mod/github.com/centrifugal/centrifuge@v0.33.3/internal/dissolve/queue.go:139 +0x4a
github.com/centrifugal/centrifuge/internal/dissolve.(*Dissolver).runWorker(0xc017ecc9d8)
	/home/mariell/go/pkg/mod/github.com/centrifugal/centrifuge@v0.33.3/internal/dissolve/dissolve.go:52 +0x27
created by github.com/centrifugal/centrifuge/internal/dissolve.(*Dissolver).Run in goroutine 56288
	/home/mariell/go/pkg/mod/github.com/centrifugal/centrifuge@v0.33.3/internal/dissolve/dissolve.go:31 +0x25

goroutine 57418 [sync.Cond.Wait]:
sync.runtime_notifyListWait(0xc02b4aae10, 0x1d)
	/usr/lib/go/src/runtime/sema.go:597 +0x159
sync.(*Cond).Wait(0x0?)
	/usr/lib/go/src/sync/cond.go:71 +0x85
github.com/centrifugal/centrifuge/internal/dissolve.(*queueImpl).Wait(0xc0288901c0)
	/home/mariell/go/pkg/mod/github.com/centrifugal/centrifuge@v0.33.3/internal/dissolve/queue.go:139 +0x4a
github.com/centrifugal/centrifuge/internal/dissolve.(*Dissolver).runWorker(0xc017ecc9d8)
	/home/mariell/go/pkg/mod/github.com/centrifugal/centrifuge@v0.33.3/internal/dissolve/dissolve.go:52 +0x27
created by github.com/centrifugal/centrifuge/internal/dissolve.(*Dissolver).Run in goroutine 56288
	/home/mariell/go/pkg/mod/github.com/centrifugal/centrifuge@v0.33.3/internal/dissolve/dissolve.go:31 +0x25

goroutine 57419 [sync.Cond.Wait]:
sync.runtime_notifyListWait(0xc02b4aae10, 0x1e)
	/usr/lib/go/src/runtime/sema.go:597 +0x159
sync.(*Cond).Wait(0x0?)
	/usr/lib/go/src/sync/cond.go:71 +0x85
github.com/centrifugal/centrifuge/internal/dissolve.(*queueImpl).Wait(0xc0288901c0)
	/home/mariell/go/pkg/mod/github.com/centrifugal/centrifuge@v0.33.3/internal/dissolve/queue.go:139 +0x4a
github.com/centrifugal/centrifuge/internal/dissolve.(*Dissolver).runWorker(0xc017ecc9d8)
	/home/mariell/go/pkg/mod/github.com/centrifugal/centrifuge@v0.33.3/internal/dissolve/dissolve.go:52 +0x27
created by github.com/centrifugal/centrifuge/internal/dissolve.(*Dissolver).Run in goroutine 56288
	/home/mariell/go/pkg/mod/github.com/centrifugal/centrifuge@v0.33.3/internal/dissolve/dissolve.go:31 +0x25

goroutine 57420 [sync.Cond.Wait]:
sync.runtime_notifyListWait(0xc02b4aae10, 0x1f)
	/usr/lib/go/src/runtime/sema.go:597 +0x159
sync.(*Cond).Wait(0x0?)
	/usr/lib/go/src/sync/cond.go:71 +0x85
github.com/centrifugal/centrifuge/internal/dissolve.(*queueImpl).Wait(0xc0288901c0)
	/home/mariell/go/pkg/mod/github.com/centrifugal/centrifuge@v0.33.3/internal/dissolve/queue.go:139 +0x4a
github.com/centrifugal/centrifuge/internal/dissolve.(*Dissolver).runWorker(0xc017ecc9d8)
	/home/mariell/go/pkg/mod/github.com/centrifugal/centrifuge@v0.33.3/internal/dissolve/dissolve.go:52 +0x27
created by github.com/centrifugal/centrifuge/internal/dissolve.(*Dissolver).Run in goroutine 56288
	/home/mariell/go/pkg/mod/github.com/centrifugal/centrifuge@v0.33.3/internal/dissolve/dissolve.go:31 +0x25

goroutine 57421 [sync.Cond.Wait]:
sync.runtime_notifyListWait(0xc02b4aae10, 0x20)
	/usr/lib/go/src/runtime/sema.go:597 +0x159
sync.(*Cond).Wait(0x0?)
	/usr/lib/go/src/sync/cond.go:71 +0x85
github.com/centrifugal/centrifuge/internal/dissolve.(*queueImpl).Wait(0xc0288901c0)
	/home/mariell/go/pkg/mod/github.com/centrifugal/centrifuge@v0.33.3/internal/dissolve/queue.go:139 +0x4a
github.com/centrifugal/centrifuge/internal/dissolve.(*Dissolver).runWorker(0xc017ecc9d8)
	/home/mariell/go/pkg/mod/github.com/centrifugal/centrifuge@v0.33.3/internal/dissolve/dissolve.go:52 +0x27
created by github.com/centrifugal/centrifuge/internal/dissolve.(*Dissolver).Run in goroutine 56288
	/home/mariell/go/pkg/mod/github.com/centrifugal/centrifuge@v0.33.3/internal/dissolve/dissolve.go:31 +0x25

goroutine 57422 [sync.Cond.Wait]:
sync.runtime_notifyListWait(0xc02b4aae10, 0x21)
	/usr/lib/go/src/runtime/sema.go:597 +0x159
sync.(*Cond).Wait(0x0?)
	/usr/lib/go/src/sync/cond.go:71 +0x85
github.com/centrifugal/centrifuge/internal/dissolve.(*queueImpl).Wait(0xc0288901c0)
	/home/mariell/go/pkg/mod/github.com/centrifugal/centrifuge@v0.33.3/internal/dissolve/queue.go:139 +0x4a
github.com/centrifugal/centrifuge/internal/dissolve.(*Dissolver).runWorker(0xc017ecc9d8)
	/home/mariell/go/pkg/mod/github.com/centrifugal/centrifuge@v0.33.3/internal/dissolve/dissolve.go:52 +0x27
created by github.com/centrifugal/centrifuge/internal/dissolve.(*Dissolver).Run in goroutine 56288
	/home/mariell/go/pkg/mod/github.com/centrifugal/centrifuge@v0.33.3/internal/dissolve/dissolve.go:31 +0x25

goroutine 57423 [sync.Cond.Wait]:
sync.runtime_notifyListWait(0xc02b4aae10, 0x22)
	/usr/lib/go/src/runtime/sema.go:597 +0x159
sync.(*Cond).Wait(0x0?)
	/usr/lib/go/src/sync/cond.go:71 +0x85
github.com/centrifugal/centrifuge/internal/dissolve.(*queueImpl).Wait(0xc0288901c0)
	/home/mariell/go/pkg/mod/github.com/centrifugal/centrifuge@v0.33.3/internal/dissolve/queue.go:139 +0x4a
github.com/centrifugal/centrifuge/internal/dissolve.(*Dissolver).runWorker(0xc017ecc9d8)
	/home/mariell/go/pkg/mod/github.com/centrifugal/centrifuge@v0.33.3/internal/dissolve/dissolve.go:52 +0x27
created by github.com/centrifugal/centrifuge/internal/dissolve.(*Dissolver).Run in goroutine 56288
	/home/mariell/go/pkg/mod/github.com/centrifugal/centrifuge@v0.33.3/internal/dissolve/dissolve.go:31 +0x25

goroutine 57424 [sync.Cond.Wait]:
sync.runtime_notifyListWait(0xc02b4aae10, 0x23)
	/usr/lib/go/src/runtime/sema.go:597 +0x159
sync.(*Cond).Wait(0x0?)
	/usr/lib/go/src/sync/cond.go:71 +0x85
github.com/centrifugal/centrifuge/internal/dissolve.(*queueImpl).Wait(0xc0288901c0)
	/home/mariell/go/pkg/mod/github.com/centrifugal/centrifuge@v0.33.3/internal/dissolve/queue.go:139 +0x4a
github.com/centrifugal/centrifuge/internal/dissolve.(*Dissolver).runWorker(0xc017ecc9d8)
	/home/mariell/go/pkg/mod/github.com/centrifugal/centrifuge@v0.33.3/internal/dissolve/dissolve.go:52 +0x27
created by github.com/centrifugal/centrifuge/internal/dissolve.(*Dissolver).Run in goroutine 56288
	/home/mariell/go/pkg/mod/github.com/centrifugal/centrifuge@v0.33.3/internal/dissolve/dissolve.go:31 +0x25

goroutine 57425 [sync.Cond.Wait]:
sync.runtime_notifyListWait(0xc02b4aae10, 0x24)
	/usr/lib/go/src/runtime/sema.go:597 +0x159
sync.(*Cond).Wait(0x0?)
	/usr/lib/go/src/sync/cond.go:71 +0x85
github.com/centrifugal/centrifuge/internal/dissolve.(*queueImpl).Wait(0xc0288901c0)
	/home/mariell/go/pkg/mod/github.com/centrifugal/centrifuge@v0.33.3/internal/dissolve/queue.go:139 +0x4a
github.com/centrifugal/centrifuge/internal/dissolve.(*Dissolver).runWorker(0xc017ecc9d8)
	/home/mariell/go/pkg/mod/github.com/centrifugal/centrifuge@v0.33.3/internal/dissolve/dissolve.go:52 +0x27
created by github.com/centrifugal/centrifuge/internal/dissolve.(*Dissolver).Run in goroutine 56288
	/home/mariell/go/pkg/mod/github.com/centrifugal/centrifuge@v0.33.3/internal/dissolve/dissolve.go:31 +0x25

goroutine 57426 [sync.Cond.Wait]:
sync.runtime_notifyListWait(0xc02b4aae10, 0x25)
	/usr/lib/go/src/runtime/sema.go:597 +0x159
sync.(*Cond).Wait(0x0?)
	/usr/lib/go/src/sync/cond.go:71 +0x85
github.com/centrifugal/centrifuge/internal/dissolve.(*queueImpl).Wait(0xc0288901c0)
	/home/mariell/go/pkg/mod/github.com/centrifugal/centrifuge@v0.33.3/internal/dissolve/queue.go:139 +0x4a
github.com/centrifugal/centrifuge/internal/dissolve.(*Dissolver).runWorker(0xc017ecc9d8)
	/home/mariell/go/pkg/mod/github.com/centrifugal/centrifuge@v0.33.3/internal/dissolve/dissolve.go:52 +0x27
created by github.com/centrifugal/centrifuge/internal/dissolve.(*Dissolver).Run in goroutine 56288
	/home/mariell/go/pkg/mod/github.com/centrifugal/centrifuge@v0.33.3/internal/dissolve/dissolve.go:31 +0x25

goroutine 57427 [sync.Cond.Wait]:
sync.runtime_notifyListWait(0xc02b4aae10, 0x26)
	/usr/lib/go/src/runtime/sema.go:597 +0x159
sync.(*Cond).Wait(0x0?)
	/usr/lib/go/src/sync/cond.go:71 +0x85
github.com/centrifugal/centrifuge/internal/dissolve.(*queueImpl).Wait(0xc0288901c0)
	/home/mariell/go/pkg/mod/github.com/centrifugal/centrifuge@v0.33.3/internal/dissolve/queue.go:139 +0x4a
github.com/centrifugal/centrifuge/internal/dissolve.(*Dissolver).runWorker(0xc017ecc9d8)
	/home/mariell/go/pkg/mod/github.com/centrifugal/centrifuge@v0.33.3/internal/dissolve/dissolve.go:52 +0x27
created by github.com/centrifugal/centrifuge/internal/dissolve.(*Dissolver).Run in goroutine 56288
	/home/mariell/go/pkg/mod/github.com/centrifugal/centrifuge@v0.33.3/internal/dissolve/dissolve.go:31 +0x25

goroutine 57428 [sync.Cond.Wait]:
sync.runtime_notifyListWait(0xc02b4aae10, 0xf)
	/usr/lib/go/src/runtime/sema.go:597 +0x159
sync.(*Cond).Wait(0x0?)
	/usr/lib/go/src/sync/cond.go:71 +0x85
github.com/centrifugal/centrifuge/internal/dissolve.(*queueImpl).Wait(0xc0288901c0)
	/home/mariell/go/pkg/mod/github.com/centrifugal/centrifuge@v0.33.3/internal/dissolve/queue.go:139 +0x4a
github.com/centrifugal/centrifuge/internal/dissolve.(*Dissolver).runWorker(0xc017ecc9d8)
	/home/mariell/go/pkg/mod/github.com/centrifugal/centrifuge@v0.33.3/internal/dissolve/dissolve.go:52 +0x27
created by github.com/centrifugal/centrifuge/internal/dissolve.(*Dissolver).Run in goroutine 56288
	/home/mariell/go/pkg/mod/github.com/centrifugal/centrifuge@v0.33.3/internal/dissolve/dissolve.go:31 +0x25

goroutine 57429 [sync.Cond.Wait]:
sync.runtime_notifyListWait(0xc02b4aae10, 0x29)
	/usr/lib/go/src/runtime/sema.go:597 +0x159
sync.(*Cond).Wait(0x0?)
	/usr/lib/go/src/sync/cond.go:71 +0x85
github.com/centrifugal/centrifuge/internal/dissolve.(*queueImpl).Wait(0xc0288901c0)
	/home/mariell/go/pkg/mod/github.com/centrifugal/centrifuge@v0.33.3/internal/dissolve/queue.go:139 +0x4a
github.com/centrifugal/centrifuge/internal/dissolve.(*Dissolver).runWorker(0xc017ecc9d8)
	/home/mariell/go/pkg/mod/github.com/centrifugal/centrifuge@v0.33.3/internal/dissolve/dissolve.go:52 +0x27
created by github.com/centrifugal/centrifuge/internal/dissolve.(*Dissolver).Run in goroutine 56288
	/home/mariell/go/pkg/mod/github.com/centrifugal/centrifuge@v0.33.3/internal/dissolve/dissolve.go:31 +0x25

goroutine 57430 [sync.Cond.Wait]:
sync.runtime_notifyListWait(0xc02b4aae10, 0x2a)
	/usr/lib/go/src/runtime/sema.go:597 +0x159
sync.(*Cond).Wait(0x0?)
	/usr/lib/go/src/sync/cond.go:71 +0x85
github.com/centrifugal/centrifuge/internal/dissolve.(*queueImpl).Wait(0xc0288901c0)
	/home/mariell/go/pkg/mod/github.com/centrifugal/centrifuge@v0.33.3/internal/dissolve/queue.go:139 +0x4a
github.com/centrifugal/centrifuge/internal/dissolve.(*Dissolver).runWorker(0xc017ecc9d8)
	/home/mariell/go/pkg/mod/github.com/centrifugal/centrifuge@v0.33.3/internal/dissolve/dissolve.go:52 +0x27
created by github.com/centrifugal/centrifuge/internal/dissolve.(*Dissolver).Run in goroutine 56288
	/home/mariell/go/pkg/mod/github.com/centrifugal/centrifuge@v0.33.3/internal/dissolve/dissolve.go:31 +0x25

goroutine 57431 [sync.Cond.Wait]:
sync.runtime_notifyListWait(0xc02b4aae10, 0x2c)
	/usr/lib/go/src/runtime/sema.go:597 +0x159
sync.(*Cond).Wait(0x0?)
	/usr/lib/go/src/sync/cond.go:71 +0x85
github.com/centrifugal/centrifuge/internal/dissolve.(*queueImpl).Wait(0xc0288901c0)
	/home/mariell/go/pkg/mod/github.com/centrifugal/centrifuge@v0.33.3/internal/dissolve/queue.go:139 +0x4a
github.com/centrifugal/centrifuge/internal/dissolve.(*Dissolver).runWorker(0xc017ecc9d8)
	/home/mariell/go/pkg/mod/github.com/centrifugal/centrifuge@v0.33.3/internal/dissolve/dissolve.go:52 +0x27
created by github.com/centrifugal/centrifuge/internal/dissolve.(*Dissolver).Run in goroutine 56288
	/home/mariell/go/pkg/mod/github.com/centrifugal/centrifuge@v0.33.3/internal/dissolve/dissolve.go:31 +0x25

goroutine 57432 [sync.Cond.Wait]:
sync.runtime_notifyListWait(0xc02b4aae10, 0x2e)
	/usr/lib/go/src/runtime/sema.go:597 +0x159
sync.(*Cond).Wait(0x0?)
	/usr/lib/go/src/sync/cond.go:71 +0x85
github.com/centrifugal/centrifuge/internal/dissolve.(*queueImpl).Wait(0xc0288901c0)
	/home/mariell/go/pkg/mod/github.com/centrifugal/centrifuge@v0.33.3/internal/dissolve/queue.go:139 +0x4a
github.com/centrifugal/centrifuge/internal/dissolve.(*Dissolver).runWorker(0xc017ecc9d8)
	/home/mariell/go/pkg/mod/github.com/centrifugal/centrifuge@v0.33.3/internal/dissolve/dissolve.go:52 +0x27
created by github.com/centrifugal/centrifuge/internal/dissolve.(*Dissolver).Run in goroutine 56288
	/home/mariell/go/pkg/mod/github.com/centrifugal/centrifuge@v0.33.3/internal/dissolve/dissolve.go:31 +0x25

goroutine 57433 [sync.Cond.Wait]:
sync.runtime_notifyListWait(0xc02b4aae10, 0x32)
	/usr/lib/go/src/runtime/sema.go:597 +0x159
sync.(*Cond).Wait(0x0?)
	/usr/lib/go/src/sync/cond.go:71 +0x85
github.com/centrifugal/centrifuge/internal/dissolve.(*queueImpl).Wait(0xc0288901c0)
	/home/mariell/go/pkg/mod/github.com/centrifugal/centrifuge@v0.33.3/internal/dissolve/queue.go:139 +0x4a
github.com/centrifugal/centrifuge/internal/dissolve.(*Dissolver).runWorker(0xc017ecc9d8)
	/home/mariell/go/pkg/mod/github.com/centrifugal/centrifuge@v0.33.3/internal/dissolve/dissolve.go:52 +0x27
created by github.com/centrifugal/centrifuge/internal/dissolve.(*Dissolver).Run in goroutine 56288
	/home/mariell/go/pkg/mod/github.com/centrifugal/centrifuge@v0.33.3/internal/dissolve/dissolve.go:31 +0x25

goroutine 57434 [sync.Cond.Wait]:
sync.runtime_notifyListWait(0xc02b4aae10, 0x33)
	/usr/lib/go/src/runtime/sema.go:597 +0x159
sync.(*Cond).Wait(0x0?)
	/usr/lib/go/src/sync/cond.go:71 +0x85
github.com/centrifugal/centrifuge/internal/dissolve.(*queueImpl).Wait(0xc0288901c0)
	/home/mariell/go/pkg/mod/github.com/centrifugal/centrifuge@v0.33.3/internal/dissolve/queue.go:139 +0x4a
github.com/centrifugal/centrifuge/internal/dissolve.(*Dissolver).runWorker(0xc017ecc9d8)
	/home/mariell/go/pkg/mod/github.com/centrifugal/centrifuge@v0.33.3/internal/dissolve/dissolve.go:52 +0x27
created by github.com/centrifugal/centrifuge/internal/dissolve.(*Dissolver).Run in goroutine 56288
	/home/mariell/go/pkg/mod/github.com/centrifugal/centrifuge@v0.33.3/internal/dissolve/dissolve.go:31 +0x25

goroutine 57435 [sync.Cond.Wait]:
sync.runtime_notifyListWait(0xc02b4aae10, 0x34)
	/usr/lib/go/src/runtime/sema.go:597 +0x159
sync.(*Cond).Wait(0x0?)
	/usr/lib/go/src/sync/cond.go:71 +0x85
github.com/centrifugal/centrifuge/internal/dissolve.(*queueImpl).Wait(0xc0288901c0)
	/home/mariell/go/pkg/mod/github.com/centrifugal/centrifuge@v0.33.3/internal/dissolve/queue.go:139 +0x4a
github.com/centrifugal/centrifuge/internal/dissolve.(*Dissolver).runWorker(0xc017ecc9d8)
	/home/mariell/go/pkg/mod/github.com/centrifugal/centrifuge@v0.33.3/internal/dissolve/dissolve.go:52 +0x27
created by github.com/centrifugal/centrifuge/internal/dissolve.(*Dissolver).Run in goroutine 56288
	/home/mariell/go/pkg/mod/github.com/centrifugal/centrifuge@v0.33.3/internal/dissolve/dissolve.go:31 +0x25

goroutine 57436 [sync.Cond.Wait]:
sync.runtime_notifyListWait(0xc02b4aae10, 0x35)
	/usr/lib/go/src/runtime/sema.go:597 +0x159
sync.(*Cond).Wait(0x0?)
	/usr/lib/go/src/sync/cond.go:71 +0x85
github.com/centrifugal/centrifuge/internal/dissolve.(*queueImpl).Wait(0xc0288901c0)
	/home/mariell/go/pkg/mod/github.com/centrifugal/centrifuge@v0.33.3/internal/dissolve/queue.go:139 +0x4a
github.com/centrifugal/centrifuge/internal/dissolve.(*Dissolver).runWorker(0xc017ecc9d8)
	/home/mariell/go/pkg/mod/github.com/centrifugal/centrifuge@v0.33.3/internal/dissolve/dissolve.go:52 +0x27
created by github.com/centrifugal/centrifuge/internal/dissolve.(*Dissolver).Run in goroutine 56288
	/home/mariell/go/pkg/mod/github.com/centrifugal/centrifuge@v0.33.3/internal/dissolve/dissolve.go:31 +0x25

goroutine 57437 [sync.Cond.Wait]:
sync.runtime_notifyListWait(0xc02b4aae10, 0x36)
	/usr/lib/go/src/runtime/sema.go:597 +0x159
sync.(*Cond).Wait(0x0?)
	/usr/lib/go/src/sync/cond.go:71 +0x85
github.com/centrifugal/centrifuge/internal/dissolve.(*queueImpl).Wait(0xc0288901c0)
	/home/mariell/go/pkg/mod/github.com/centrifugal/centrifuge@v0.33.3/internal/dissolve/queue.go:139 +0x4a
github.com/centrifugal/centrifuge/internal/dissolve.(*Dissolver).runWorker(0xc017ecc9d8)
	/home/mariell/go/pkg/mod/github.com/centrifugal/centrifuge@v0.33.3/internal/dissolve/dissolve.go:52 +0x27
created by github.com/centrifugal/centrifuge/internal/dissolve.(*Dissolver).Run in goroutine 56288
	/home/mariell/go/pkg/mod/github.com/centrifugal/centrifuge@v0.33.3/internal/dissolve/dissolve.go:31 +0x25

goroutine 57438 [sync.Cond.Wait]:
sync.runtime_notifyListWait(0xc02b4aae10, 0x38)
	/usr/lib/go/src/runtime/sema.go:597 +0x159
sync.(*Cond).Wait(0x0?)
	/usr/lib/go/src/sync/cond.go:71 +0x85
github.com/centrifugal/centrifuge/internal/dissolve.(*queueImpl).Wait(0xc0288901c0)
	/home/mariell/go/pkg/mod/github.com/centrifugal/centrifuge@v0.33.3/internal/dissolve/queue.go:139 +0x4a
github.com/centrifugal/centrifuge/internal/dissolve.(*Dissolver).runWorker(0xc017ecc9d8)
	/home/mariell/go/pkg/mod/github.com/centrifugal/centrifuge@v0.33.3/internal/dissolve/dissolve.go:52 +0x27
created by github.com/centrifugal/centrifuge/internal/dissolve.(*Dissolver).Run in goroutine 56288
	/home/mariell/go/pkg/mod/github.com/centrifugal/centrifuge@v0.33.3/internal/dissolve/dissolve.go:31 +0x25

goroutine 57439 [sync.Cond.Wait]:
sync.runtime_notifyListWait(0xc02b4aae10, 0x3e)
	/usr/lib/go/src/runtime/sema.go:597 +0x159
sync.(*Cond).Wait(0x0?)
	/usr/lib/go/src/sync/cond.go:71 +0x85
github.com/centrifugal/centrifuge/internal/dissolve.(*queueImpl).Wait(0xc0288901c0)
	/home/mariell/go/pkg/mod/github.com/centrifugal/centrifuge@v0.33.3/internal/dissolve/queue.go:139 +0x4a
github.com/centrifugal/centrifuge/internal/dissolve.(*Dissolver).runWorker(0xc017ecc9d8)
	/home/mariell/go/pkg/mod/github.com/centrifugal/centrifuge@v0.33.3/internal/dissolve/dissolve.go:52 +0x27
created by github.com/centrifugal/centrifuge/internal/dissolve.(*Dissolver).Run in goroutine 56288
	/home/mariell/go/pkg/mod/github.com/centrifugal/centrifuge@v0.33.3/internal/dissolve/dissolve.go:31 +0x25

goroutine 57440 [sync.Cond.Wait]:
sync.runtime_notifyListWait(0xc02b4aae10, 0x28)
	/usr/lib/go/src/runtime/sema.go:597 +0x159
sync.(*Cond).Wait(0x797265757120200a?)
	/usr/lib/go/src/sync/cond.go:71 +0x85
github.com/centrifugal/centrifuge/internal/dissolve.(*queueImpl).Wait(0xc0288901c0)
	/home/mariell/go/pkg/mod/github.com/centrifugal/centrifuge@v0.33.3/internal/dissolve/queue.go:139 +0x4a
github.com/centrifugal/centrifuge/internal/dissolve.(*Dissolver).runWorker(0xc017ecc9d8)
	/home/mariell/go/pkg/mod/github.com/centrifugal/centrifuge@v0.33.3/internal/dissolve/dissolve.go:52 +0x27
created by github.com/centrifugal/centrifuge/internal/dissolve.(*Dissolver).Run in goroutine 56288
	/home/mariell/go/pkg/mod/github.com/centrifugal/centrifuge@v0.33.3/internal/dissolve/dissolve.go:31 +0x25

goroutine 57441 [sync.Cond.Wait]:
sync.runtime_notifyListWait(0xc02b4aae10, 0x2d)
	/usr/lib/go/src/runtime/sema.go:597 +0x159
sync.(*Cond).Wait(0x0?)
	/usr/lib/go/src/sync/cond.go:71 +0x85
github.com/centrifugal/centrifuge/internal/dissolve.(*queueImpl).Wait(0xc0288901c0)
	/home/mariell/go/pkg/mod/github.com/centrifugal/centrifuge@v0.33.3/internal/dissolve/queue.go:139 +0x4a
github.com/centrifugal/centrifuge/internal/dissolve.(*Dissolver).runWorker(0xc017ecc9d8)
	/home/mariell/go/pkg/mod/github.com/centrifugal/centrifuge@v0.33.3/internal/dissolve/dissolve.go:52 +0x27
created by github.com/centrifugal/centrifuge/internal/dissolve.(*Dissolver).Run in goroutine 56288
	/home/mariell/go/pkg/mod/github.com/centrifugal/centrifuge@v0.33.3/internal/dissolve/dissolve.go:31 +0x25

goroutine 57442 [sync.Cond.Wait]:
sync.runtime_notifyListWait(0xc02b4aae10, 0x2f)
	/usr/lib/go/src/runtime/sema.go:597 +0x159
sync.(*Cond).Wait(0x0?)
	/usr/lib/go/src/sync/cond.go:71 +0x85
github.com/centrifugal/centrifuge/internal/dissolve.(*queueImpl).Wait(0xc0288901c0)
	/home/mariell/go/pkg/mod/github.com/centrifugal/centrifuge@v0.33.3/internal/dissolve/queue.go:139 +0x4a
github.com/centrifugal/centrifuge/internal/dissolve.(*Dissolver).runWorker(0xc017ecc9d8)
	/home/mariell/go/pkg/mod/github.com/centrifugal/centrifuge@v0.33.3/internal/dissolve/dissolve.go:52 +0x27
created by github.com/centrifugal/centrifuge/internal/dissolve.(*Dissolver).Run in goroutine 56288
	/home/mariell/go/pkg/mod/github.com/centrifugal/centrifuge@v0.33.3/internal/dissolve/dissolve.go:31 +0x25

goroutine 57443 [sync.Cond.Wait]:
sync.runtime_notifyListWait(0xc02b4aae10, 0x30)
	/usr/lib/go/src/runtime/sema.go:597 +0x159
sync.(*Cond).Wait(0x0?)
	/usr/lib/go/src/sync/cond.go:71 +0x85
github.com/centrifugal/centrifuge/internal/dissolve.(*queueImpl).Wait(0xc0288901c0)
	/home/mariell/go/pkg/mod/github.com/centrifugal/centrifuge@v0.33.3/internal/dissolve/queue.go:139 +0x4a
github.com/centrifugal/centrifuge/internal/dissolve.(*Dissolver).runWorker(0xc017ecc9d8)
	/home/mariell/go/pkg/mod/github.com/centrifugal/centrifuge@v0.33.3/internal/dissolve/dissolve.go:52 +0x27
created by github.com/centrifugal/centrifuge/internal/dissolve.(*Dissolver).Run in goroutine 56288
	/home/mariell/go/pkg/mod/github.com/centrifugal/centrifuge@v0.33.3/internal/dissolve/dissolve.go:31 +0x25

goroutine 57444 [sync.Cond.Wait]:
sync.runtime_notifyListWait(0xc02b4aae10, 0x31)
	/usr/lib/go/src/runtime/sema.go:597 +0x159
sync.(*Cond).Wait(0x0?)
	/usr/lib/go/src/sync/cond.go:71 +0x85
github.com/centrifugal/centrifuge/internal/dissolve.(*queueImpl).Wait(0xc0288901c0)
	/home/mariell/go/pkg/mod/github.com/centrifugal/centrifuge@v0.33.3/internal/dissolve/queue.go:139 +0x4a
github.com/centrifugal/centrifuge/internal/dissolve.(*Dissolver).runWorker(0xc017ecc9d8)
	/home/mariell/go/pkg/mod/github.com/centrifugal/centrifuge@v0.33.3/internal/dissolve/dissolve.go:52 +0x27
created by github.com/centrifugal/centrifuge/internal/dissolve.(*Dissolver).Run in goroutine 56288
	/home/mariell/go/pkg/mod/github.com/centrifugal/centrifuge@v0.33.3/internal/dissolve/dissolve.go:31 +0x25

goroutine 57445 [sync.Cond.Wait]:
sync.runtime_notifyListWait(0xc02b4aae10, 0x37)
	/usr/lib/go/src/runtime/sema.go:597 +0x159
sync.(*Cond).Wait(0x0?)
	/usr/lib/go/src/sync/cond.go:71 +0x85
github.com/centrifugal/centrifuge/internal/dissolve.(*queueImpl).Wait(0xc0288901c0)
	/home/mariell/go/pkg/mod/github.com/centrifugal/centrifuge@v0.33.3/internal/dissolve/queue.go:139 +0x4a
github.com/centrifugal/centrifuge/internal/dissolve.(*Dissolver).runWorker(0xc017ecc9d8)
	/home/mariell/go/pkg/mod/github.com/centrifugal/centrifuge@v0.33.3/internal/dissolve/dissolve.go:52 +0x27
created by github.com/centrifugal/centrifuge/internal/dissolve.(*Dissolver).Run in goroutine 56288
	/home/mariell/go/pkg/mod/github.com/centrifugal/centrifuge@v0.33.3/internal/dissolve/dissolve.go:31 +0x25

goroutine 57446 [sync.Cond.Wait]:
sync.runtime_notifyListWait(0xc02b4aae10, 0x2b)
	/usr/lib/go/src/runtime/sema.go:597 +0x159
sync.(*Cond).Wait(0x0?)
	/usr/lib/go/src/sync/cond.go:71 +0x85
github.com/centrifugal/centrifuge/internal/dissolve.(*queueImpl).Wait(0xc0288901c0)
	/home/mariell/go/pkg/mod/github.com/centrifugal/centrifuge@v0.33.3/internal/dissolve/queue.go:139 +0x4a
github.com/centrifugal/centrifuge/internal/dissolve.(*Dissolver).runWorker(0xc017ecc9d8)
	/home/mariell/go/pkg/mod/github.com/centrifugal/centrifuge@v0.33.3/internal/dissolve/dissolve.go:52 +0x27
created by github.com/centrifugal/centrifuge/internal/dissolve.(*Dissolver).Run in goroutine 56288
	/home/mariell/go/pkg/mod/github.com/centrifugal/centrifuge@v0.33.3/internal/dissolve/dissolve.go:31 +0x25

goroutine 57447 [sync.Cond.Wait]:
sync.runtime_notifyListWait(0xc02b4aae10, 0x3c)
	/usr/lib/go/src/runtime/sema.go:597 +0x159
sync.(*Cond).Wait(0x0?)
	/usr/lib/go/src/sync/cond.go:71 +0x85
github.com/centrifugal/centrifuge/internal/dissolve.(*queueImpl).Wait(0xc0288901c0)
	/home/mariell/go/pkg/mod/github.com/centrifugal/centrifuge@v0.33.3/internal/dissolve/queue.go:139 +0x4a
github.com/centrifugal/centrifuge/internal/dissolve.(*Dissolver).runWorker(0xc017ecc9d8)
	/home/mariell/go/pkg/mod/github.com/centrifugal/centrifuge@v0.33.3/internal/dissolve/dissolve.go:52 +0x27
created by github.com/centrifugal/centrifuge/internal/dissolve.(*Dissolver).Run in goroutine 56288
	/home/mariell/go/pkg/mod/github.com/centrifugal/centrifuge@v0.33.3/internal/dissolve/dissolve.go:31 +0x25

goroutine 57448 [sync.Cond.Wait]:
sync.runtime_notifyListWait(0xc02b4aae10, 0x3d)
	/usr/lib/go/src/runtime/sema.go:597 +0x159
sync.(*Cond).Wait(0x0?)
	/usr/lib/go/src/sync/cond.go:71 +0x85
github.com/centrifugal/centrifuge/internal/dissolve.(*queueImpl).Wait(0xc0288901c0)
	/home/mariell/go/pkg/mod/github.com/centrifugal/centrifuge@v0.33.3/internal/dissolve/queue.go:139 +0x4a
github.com/centrifugal/centrifuge/internal/dissolve.(*Dissolver).runWorker(0xc017ecc9d8)
	/home/mariell/go/pkg/mod/github.com/centrifugal/centrifuge@v0.33.3/internal/dissolve/dissolve.go:52 +0x27
created by github.com/centrifugal/centrifuge/internal/dissolve.(*Dissolver).Run in goroutine 56288
	/home/mariell/go/pkg/mod/github.com/centrifugal/centrifuge@v0.33.3/internal/dissolve/dissolve.go:31 +0x25

goroutine 57449 [sync.Cond.Wait]:
sync.runtime_notifyListWait(0xc02b4aae10, 0x39)
	/usr/lib/go/src/runtime/sema.go:597 +0x159
sync.(*Cond).Wait(0x0?)
	/usr/lib/go/src/sync/cond.go:71 +0x85
github.com/centrifugal/centrifuge/internal/dissolve.(*queueImpl).Wait(0xc0288901c0)
	/home/mariell/go/pkg/mod/github.com/centrifugal/centrifuge@v0.33.3/internal/dissolve/queue.go:139 +0x4a
github.com/centrifugal/centrifuge/internal/dissolve.(*Dissolver).runWorker(0xc017ecc9d8)
	/home/mariell/go/pkg/mod/github.com/centrifugal/centrifuge@v0.33.3/internal/dissolve/dissolve.go:52 +0x27
created by github.com/centrifugal/centrifuge/internal/dissolve.(*Dissolver).Run in goroutine 56288
	/home/mariell/go/pkg/mod/github.com/centrifugal/centrifuge@v0.33.3/internal/dissolve/dissolve.go:31 +0x25

goroutine 57450 [sync.Cond.Wait]:
sync.runtime_notifyListWait(0xc02b4aae10, 0x3a)
	/usr/lib/go/src/runtime/sema.go:597 +0x159
sync.(*Cond).Wait(0x0?)
	/usr/lib/go/src/sync/cond.go:71 +0x85
github.com/centrifugal/centrifuge/internal/dissolve.(*queueImpl).Wait(0xc0288901c0)
	/home/mariell/go/pkg/mod/github.com/centrifugal/centrifuge@v0.33.3/internal/dissolve/queue.go:139 +0x4a
github.com/centrifugal/centrifuge/internal/dissolve.(*Dissolver).runWorker(0xc017ecc9d8)
	/home/mariell/go/pkg/mod/github.com/centrifugal/centrifuge@v0.33.3/internal/dissolve/dissolve.go:52 +0x27
created by github.com/centrifugal/centrifuge/internal/dissolve.(*Dissolver).Run in goroutine 56288
	/home/mariell/go/pkg/mod/github.com/centrifugal/centrifuge@v0.33.3/internal/dissolve/dissolve.go:31 +0x25

goroutine 57451 [sync.Cond.Wait]:
sync.runtime_notifyListWait(0xc02b4aae10, 0x3b)
	/usr/lib/go/src/runtime/sema.go:597 +0x159
sync.(*Cond).Wait(0x0?)
	/usr/lib/go/src/sync/cond.go:71 +0x85
github.com/centrifugal/centrifuge/internal/dissolve.(*queueImpl).Wait(0xc0288901c0)
	/home/mariell/go/pkg/mod/github.com/centrifugal/centrifuge@v0.33.3/internal/dissolve/queue.go:139 +0x4a
github.com/centrifugal/centrifuge/internal/dissolve.(*Dissolver).runWorker(0xc017ecc9d8)
	/home/mariell/go/pkg/mod/github.com/centrifugal/centrifuge@v0.33.3/internal/dissolve/dissolve.go:52 +0x27
created by github.com/centrifugal/centrifuge/internal/dissolve.(*Dissolver).Run in goroutine 56288
	/home/mariell/go/pkg/mod/github.com/centrifugal/centrifuge@v0.33.3/internal/dissolve/dissolve.go:31 +0x25

goroutine 57452 [sync.Cond.Wait]:
sync.runtime_notifyListWait(0xc02b4aae10, 0x3f)
	/usr/lib/go/src/runtime/sema.go:597 +0x159
sync.(*Cond).Wait(0x0?)
	/usr/lib/go/src/sync/cond.go:71 +0x85
github.com/centrifugal/centrifuge/internal/dissolve.(*queueImpl).Wait(0xc0288901c0)
	/home/mariell/go/pkg/mod/github.com/centrifugal/centrifuge@v0.33.3/internal/dissolve/queue.go:139 +0x4a
github.com/centrifugal/centrifuge/internal/dissolve.(*Dissolver).runWorker(0xc017ecc9d8)
	/home/mariell/go/pkg/mod/github.com/centrifugal/centrifuge@v0.33.3/internal/dissolve/dissolve.go:52 +0x27
created by github.com/centrifugal/centrifuge/internal/dissolve.(*Dissolver).Run in goroutine 56288
	/home/mariell/go/pkg/mod/github.com/centrifugal/centrifuge@v0.33.3/internal/dissolve/dissolve.go:31 +0x25

goroutine 59145 [select]:
go.opentelemetry.io/otel/sdk/trace.(*batchSpanProcessor).processQueue(0xc011523400)
	/home/mariell/go/pkg/mod/go.opentelemetry.io/otel/sdk@v1.34.0/trace/batch_span_processor.go:302 +0x114
go.opentelemetry.io/otel/sdk/trace.NewBatchSpanProcessor.func1()
	/home/mariell/go/pkg/mod/go.opentelemetry.io/otel/sdk@v1.34.0/trace/batch_span_processor.go:117 +0x4e
created by go.opentelemetry.io/otel/sdk/trace.NewBatchSpanProcessor in goroutine 4437
	/home/mariell/go/pkg/mod/go.opentelemetry.io/otel/sdk@v1.34.0/trace/batch_span_processor.go:115 +0x2d9

goroutine 75547 [select]:
github.com/centrifugal/centrifuge.(*historyHub).removeStreams(0xc044575600)
	/home/mariell/go/pkg/mod/github.com/centrifugal/centrifuge@v0.33.3/broker_memory.go:259 +0x6f
created by github.com/centrifugal/centrifuge.(*historyHub).runCleanups in goroutine 22318
	/home/mariell/go/pkg/mod/github.com/centrifugal/centrifuge@v0.33.3/broker_memory.go:253 +0x96

goroutine 73843 [select]:
github.com/patrickmn/go-cache.(*janitor).Run(0xc040a6e6f0, 0xc02177a740)
	/home/mariell/go/pkg/mod/github.com/patrickmn/go-cache@v2.1.0+incompatible/cache.go:1079 +0x7b
created by github.com/patrickmn/go-cache.runJanitor in goroutine 22316
	/home/mariell/go/pkg/mod/github.com/patrickmn/go-cache@v2.1.0+incompatible/cache.go:1099 +0xdb

goroutine 57509 [select]:
github.com/patrickmn/go-cache.(*janitor).Run(0xc02a34aa00, 0xc02fbae240)
	/home/mariell/go/pkg/mod/github.com/patrickmn/go-cache@v2.1.0+incompatible/cache.go:1079 +0x7b
created by github.com/patrickmn/go-cache.runJanitor in goroutine 56288
	/home/mariell/go/pkg/mod/github.com/patrickmn/go-cache@v2.1.0+incompatible/cache.go:1099 +0xdb

goroutine 57515 [select]:
github.com/patrickmn/go-cache.(*janitor).Run(0xc02a32ecc0, 0xc01ba30fc0)
	/home/mariell/go/pkg/mod/github.com/patrickmn/go-cache@v2.1.0+incompatible/cache.go:1079 +0x7b
created by github.com/patrickmn/go-cache.runJanitor in goroutine 56288
	/home/mariell/go/pkg/mod/github.com/patrickmn/go-cache@v2.1.0+incompatible/cache.go:1099 +0xdb

goroutine 57516 [select]:
github.com/patrickmn/go-cache.(*janitor).Run(0xc02a32ede0, 0xc01ba310c0)
	/home/mariell/go/pkg/mod/github.com/patrickmn/go-cache@v2.1.0+incompatible/cache.go:1079 +0x7b
created by github.com/patrickmn/go-cache.runJanitor in goroutine 56288
	/home/mariell/go/pkg/mod/github.com/patrickmn/go-cache@v2.1.0+incompatible/cache.go:1099 +0xdb

goroutine 57517 [select]:
github.com/patrickmn/go-cache.(*janitor).Run(0xc02a32edf0, 0xc01ba31140)
	/home/mariell/go/pkg/mod/github.com/patrickmn/go-cache@v2.1.0+incompatible/cache.go:1079 +0x7b
created by github.com/patrickmn/go-cache.runJanitor in goroutine 56288
	/home/mariell/go/pkg/mod/github.com/patrickmn/go-cache@v2.1.0+incompatible/cache.go:1099 +0xdb

goroutine 57595 [select]:
github.com/patrickmn/go-cache.(*janitor).Run(0xc02a3cb710, 0xc02b132340)
	/home/mariell/go/pkg/mod/github.com/patrickmn/go-cache@v2.1.0+incompatible/cache.go:1079 +0x7b
created by github.com/patrickmn/go-cache.runJanitor in goroutine 56288
	/home/mariell/go/pkg/mod/github.com/patrickmn/go-cache@v2.1.0+incompatible/cache.go:1099 +0xdb

goroutine 57597 [select]:
github.com/patrickmn/go-cache.(*janitor).Run(0xc02a3e6730, 0xc02b132b00)
	/home/mariell/go/pkg/mod/github.com/patrickmn/go-cache@v2.1.0+incompatible/cache.go:1079 +0x7b
created by github.com/patrickmn/go-cache.runJanitor in goroutine 56288
	/home/mariell/go/pkg/mod/github.com/patrickmn/go-cache@v2.1.0+incompatible/cache.go:1099 +0xdb

goroutine 57832 [select]:
database/sql.(*DB).connectionOpener(0xc0310011e0, {0xa9d1d00, 0xc02cbcacd0})
	/usr/lib/go/src/database/sql/sql.go:1261 +0x87
created by database/sql.OpenDB in goroutine 57831
	/usr/lib/go/src/database/sql/sql.go:841 +0x130

goroutine 57758 [select]:
net/http.(*persistConn).writeLoop(0xc02a302a20)
	/usr/lib/go/src/net/http/transport.go:2590 +0xe7
created by net/http.(*Transport).dialConn in goroutine 56333
	/usr/lib/go/src/net/http/transport.go:1945 +0x17a5

goroutine 77077 [select]:
github.com/centrifugal/centrifuge.(*Node).cleanNodeInfo(0xc0242646c8)
	/home/mariell/go/pkg/mod/github.com/centrifugal/centrifuge@v0.33.3/node.go:394 +0x90
created by github.com/centrifugal/centrifuge.(*Node).Run in goroutine 4437
	/home/mariell/go/pkg/mod/github.com/centrifugal/centrifuge@v0.33.3/node.go:261 +0x265

goroutine 73648 [select]:
github.com/patrickmn/go-cache.(*janitor).Run(0xc0402b29d0, 0xc023e4dec0)
	/home/mariell/go/pkg/mod/github.com/patrickmn/go-cache@v2.1.0+incompatible/cache.go:1079 +0x7b
created by github.com/patrickmn/go-cache.runJanitor in goroutine 56145
	/home/mariell/go/pkg/mod/github.com/patrickmn/go-cache@v2.1.0+incompatible/cache.go:1099 +0xdb

goroutine 73893 [select]:
github.com/patrickmn/go-cache.(*janitor).Run(0xc011ad0650, 0xc01e9b4c00)
	/home/mariell/go/pkg/mod/github.com/patrickmn/go-cache@v2.1.0+incompatible/cache.go:1079 +0x7b
created by github.com/patrickmn/go-cache.runJanitor in goroutine 4438
	/home/mariell/go/pkg/mod/github.com/patrickmn/go-cache@v2.1.0+incompatible/cache.go:1099 +0xdb

goroutine 59394 [chan receive]:
testing.(*testState).waitParallel(0xc000b2bc20)
	/usr/lib/go/src/testing/testing.go:1926 +0xaf
testing.(*T).Parallel(0xc00c48e8c0)
	/usr/lib/go/src/testing/testing.go:1578 +0x239
github.com/grafana/grafana/pkg/tests/api/alerting.TestIntegrationTestReceivers.func6(0xc00c48e8c0)
	/home/mariell/work/oss/grafana/pkg/tests/api/alerting/api_notification_channel_test.go:428 +0x2a
testing.tRunner(0xc00c48e8c0, 0x9e55dc0)
	/usr/lib/go/src/testing/testing.go:1792 +0xf4
created by testing.(*T).Run in goroutine 13126
	/usr/lib/go/src/testing/testing.go:1851 +0x413

goroutine 57755 [IO wait]:
internal/poll.runtime_pollWait(0x77751a6ffe28, 0x72)
	/usr/lib/go/src/runtime/netpoll.go:351 +0x85
internal/poll.(*pollDesc).wait(0xc028d4a380?, 0xc029786000?, 0x0)
	/usr/lib/go/src/internal/poll/fd_poll_runtime.go:84 +0x27
internal/poll.(*pollDesc).waitRead(...)
	/usr/lib/go/src/internal/poll/fd_poll_runtime.go:89
internal/poll.(*FD).Read(0xc028d4a380, {0xc029786000, 0x1300, 0x1300})
	/usr/lib/go/src/internal/poll/fd_unix.go:165 +0x27a
net.(*netFD).Read(0xc028d4a380, {0xc029786000?, 0x5?, 0x11ab24c8?})
	/usr/lib/go/src/net/fd_posix.go:55 +0x25
net.(*conn).Read(0xc003082038, {0xc029786000?, 0x7775585eb0b0?, 0x7775a8b293e8?})
	/usr/lib/go/src/net/net.go:194 +0x45
crypto/tls.(*atLeastReader).Read(0xc0276d97d0, {0xc029786000?, 0x11abda20?, 0xc0290e39c8?})
	/usr/lib/go/src/crypto/tls/conn.go:809 +0x3b
bytes.(*Buffer).ReadFrom(0xc0296862b8, {0xa94e300, 0xc0276d97d0})
	/usr/lib/go/src/bytes/buffer.go:211 +0x98
crypto/tls.(*Conn).readFromUntil(0xc029686008, {0xa94dc00, 0xc003082038}, 0x444af4?)
	/usr/lib/go/src/crypto/tls/conn.go:831 +0xde
crypto/tls.(*Conn).readRecordOrCCS(0xc029686008, 0x0)
	/usr/lib/go/src/crypto/tls/conn.go:629 +0x3cf
crypto/tls.(*Conn).readRecord(...)
	/usr/lib/go/src/crypto/tls/conn.go:591
crypto/tls.(*Conn).Read(0xc029686008, {0xc02943b000, 0x1000, 0xc009eec5a0?})
	/usr/lib/go/src/crypto/tls/conn.go:1385 +0x145
net/http.(*persistConn).Read(0xc025372ea0, {0xc02943b000?, 0x81fe45?, 0xa94be80?})
	/usr/lib/go/src/net/http/transport.go:2122 +0x47
bufio.(*Reader).fill(0xc029434fc0)
	/usr/lib/go/src/bufio/bufio.go:113 +0x103
bufio.(*Reader).Peek(0xc029434fc0, 0x1)
	/usr/lib/go/src/bufio/bufio.go:152 +0x53
net/http.(*persistConn).readLoop(0xc025372ea0)
	/usr/lib/go/src/net/http/transport.go:2275 +0x172
created by net/http.(*Transport).dialConn in goroutine 57659
	/usr/lib/go/src/net/http/transport.go:1944 +0x174f

goroutine 56159 [select]:
net/http.(*persistConn).writeLoop(0xc02b8c8000)
	/usr/lib/go/src/net/http/transport.go:2590 +0xe7
created by net/http.(*Transport).dialConn in goroutine 54337
	/usr/lib/go/src/net/http/transport.go:1945 +0x17a5

goroutine 57756 [select]:
net/http.(*persistConn).writeLoop(0xc025372ea0)
	/usr/lib/go/src/net/http/transport.go:2590 +0xe7
created by net/http.(*Transport).dialConn in goroutine 57659
	/usr/lib/go/src/net/http/transport.go:1945 +0x17a5

goroutine 58932 [sync.Cond.Wait]:
sync.runtime_notifyListWait(0xc01f861010, 0x3b)
	/usr/lib/go/src/runtime/sema.go:597 +0x159
sync.(*Cond).Wait(0xc02948a4e0?)
	/usr/lib/go/src/sync/cond.go:71 +0x85
github.com/centrifugal/centrifuge/internal/dissolve.(*queueImpl).Wait(0xc01921b6c0)
	/home/mariell/go/pkg/mod/github.com/centrifugal/centrifuge@v0.33.3/internal/dissolve/queue.go:139 +0x4a
github.com/centrifugal/centrifuge/internal/dissolve.(*Dissolver).runWorker(0xc0243b2a20)
	/home/mariell/go/pkg/mod/github.com/centrifugal/centrifuge@v0.33.3/internal/dissolve/dissolve.go:52 +0x27
created by github.com/centrifugal/centrifuge/internal/dissolve.(*Dissolver).Run in goroutine 57831
	/home/mariell/go/pkg/mod/github.com/centrifugal/centrifuge@v0.33.3/internal/dissolve/dissolve.go:31 +0x25

goroutine 58933 [sync.Cond.Wait]:
sync.runtime_notifyListWait(0xc01f861010, 0x3e)
	/usr/lib/go/src/runtime/sema.go:597 +0x159
sync.(*Cond).Wait(0x0?)
	/usr/lib/go/src/sync/cond.go:71 +0x85
github.com/centrifugal/centrifuge/internal/dissolve.(*queueImpl).Wait(0xc01921b6c0)
	/home/mariell/go/pkg/mod/github.com/centrifugal/centrifuge@v0.33.3/internal/dissolve/queue.go:139 +0x4a
github.com/centrifugal/centrifuge/internal/dissolve.(*Dissolver).runWorker(0xc0243b2a20)
	/home/mariell/go/pkg/mod/github.com/centrifugal/centrifuge@v0.33.3/internal/dissolve/dissolve.go:52 +0x27
created by github.com/centrifugal/centrifuge/internal/dissolve.(*Dissolver).Run in goroutine 57831
	/home/mariell/go/pkg/mod/github.com/centrifugal/centrifuge@v0.33.3/internal/dissolve/dissolve.go:31 +0x25

goroutine 58934 [sync.Cond.Wait]:
sync.runtime_notifyListWait(0xc01f861010, 0x3f)
	/usr/lib/go/src/runtime/sema.go:597 +0x159
sync.(*Cond).Wait(0x0?)
	/usr/lib/go/src/sync/cond.go:71 +0x85
github.com/centrifugal/centrifuge/internal/dissolve.(*queueImpl).Wait(0xc01921b6c0)
	/home/mariell/go/pkg/mod/github.com/centrifugal/centrifuge@v0.33.3/internal/dissolve/queue.go:139 +0x4a
github.com/centrifugal/centrifuge/internal/dissolve.(*Dissolver).runWorker(0xc0243b2a20)
	/home/mariell/go/pkg/mod/github.com/centrifugal/centrifuge@v0.33.3/internal/dissolve/dissolve.go:52 +0x27
created by github.com/centrifugal/centrifuge/internal/dissolve.(*Dissolver).Run in goroutine 57831
	/home/mariell/go/pkg/mod/github.com/centrifugal/centrifuge@v0.33.3/internal/dissolve/dissolve.go:31 +0x25

goroutine 74895 [chan receive]:
github.com/grafana/grafana/pkg/storage/unified/sql.(*channelNotifier).notify.func1()
	/home/mariell/work/oss/grafana/pkg/storage/unified/sql/notifier.go:87 +0x39
created by github.com/grafana/grafana/pkg/storage/unified/sql.(*channelNotifier).notify in goroutine 56143
	/home/mariell/work/oss/grafana/pkg/storage/unified/sql/notifier.go:86 +0xdb

goroutine 73707 [select]:
github.com/patrickmn/go-cache.(*janitor).Run(0xc01a890e20, 0xc0124d7e40)
	/home/mariell/go/pkg/mod/github.com/patrickmn/go-cache@v2.1.0+incompatible/cache.go:1079 +0x7b
created by github.com/patrickmn/go-cache.runJanitor in goroutine 4436
	/home/mariell/go/pkg/mod/github.com/patrickmn/go-cache@v2.1.0+incompatible/cache.go:1099 +0xdb

goroutine 59195 [select]:
database/sql.(*DB).connectionCleaner(0xc01b2551e0, 0xc00fde2d90?)
	/usr/lib/go/src/database/sql/sql.go:1104 +0x9c
created by database/sql.(*DB).startCleanerLocked in goroutine 56142
	/usr/lib/go/src/database/sql/sql.go:1091 +0x105

goroutine 58991 [select]:
github.com/patrickmn/go-cache.(*janitor).Run(0xc023543290, 0xc01bd872c0)
	/home/mariell/go/pkg/mod/github.com/patrickmn/go-cache@v2.1.0+incompatible/cache.go:1079 +0x7b
created by github.com/patrickmn/go-cache.runJanitor in goroutine 57831
	/home/mariell/go/pkg/mod/github.com/patrickmn/go-cache@v2.1.0+incompatible/cache.go:1099 +0xdb

goroutine 58998 [select]:
github.com/patrickmn/go-cache.(*janitor).Run(0xc00ca93490, 0xc02223eec0)
	/home/mariell/go/pkg/mod/github.com/patrickmn/go-cache@v2.1.0+incompatible/cache.go:1079 +0x7b
created by github.com/patrickmn/go-cache.runJanitor in goroutine 57831
	/home/mariell/go/pkg/mod/github.com/patrickmn/go-cache@v2.1.0+incompatible/cache.go:1099 +0xdb

goroutine 58999 [select]:
github.com/patrickmn/go-cache.(*janitor).Run(0xc00ca935b0, 0xc02223f080)
	/home/mariell/go/pkg/mod/github.com/patrickmn/go-cache@v2.1.0+incompatible/cache.go:1079 +0x7b
created by github.com/patrickmn/go-cache.runJanitor in goroutine 57831
	/home/mariell/go/pkg/mod/github.com/patrickmn/go-cache@v2.1.0+incompatible/cache.go:1099 +0xdb

goroutine 59000 [select]:
github.com/patrickmn/go-cache.(*janitor).Run(0xc00ca935c0, 0xc02223f140)
	/home/mariell/go/pkg/mod/github.com/patrickmn/go-cache@v2.1.0+incompatible/cache.go:1079 +0x7b
created by github.com/patrickmn/go-cache.runJanitor in goroutine 57831
	/home/mariell/go/pkg/mod/github.com/patrickmn/go-cache@v2.1.0+incompatible/cache.go:1099 +0xdb

goroutine 59078 [select]:
github.com/patrickmn/go-cache.(*janitor).Run(0xc010cc8830, 0xc022659280)
	/home/mariell/go/pkg/mod/github.com/patrickmn/go-cache@v2.1.0+incompatible/cache.go:1079 +0x7b
created by github.com/patrickmn/go-cache.runJanitor in goroutine 57831
	/home/mariell/go/pkg/mod/github.com/patrickmn/go-cache@v2.1.0+incompatible/cache.go:1099 +0xdb

goroutine 59080 [select]:
github.com/patrickmn/go-cache.(*janitor).Run(0xc015aaf2d0, 0xc022659b00)
	/home/mariell/go/pkg/mod/github.com/patrickmn/go-cache@v2.1.0+incompatible/cache.go:1079 +0x7b
created by github.com/patrickmn/go-cache.runJanitor in goroutine 57831
	/home/mariell/go/pkg/mod/github.com/patrickmn/go-cache@v2.1.0+incompatible/cache.go:1099 +0xdb

goroutine 59249 [select]:
go.opentelemetry.io/otel/sdk/trace.(*batchSpanProcessor).processQueue(0xc01e421180)
	/home/mariell/go/pkg/mod/go.opentelemetry.io/otel/sdk@v1.34.0/trace/batch_span_processor.go:302 +0x114
go.opentelemetry.io/otel/sdk/trace.NewBatchSpanProcessor.func1()
	/home/mariell/go/pkg/mod/go.opentelemetry.io/otel/sdk@v1.34.0/trace/batch_span_processor.go:117 +0x4e
created by go.opentelemetry.io/otel/sdk/trace.NewBatchSpanProcessor in goroutine 4436
	/home/mariell/go/pkg/mod/go.opentelemetry.io/otel/sdk@v1.34.0/trace/batch_span_processor.go:115 +0x2d9

goroutine 59522 [select]:
database/sql.(*DB).connectionCleaner(0xc01b946c30, 0xc012750280?)
	/usr/lib/go/src/database/sql/sql.go:1104 +0x9c
created by database/sql.(*DB).startCleanerLocked in goroutine 22317
	/usr/lib/go/src/database/sql/sql.go:1091 +0x105

goroutine 59352 [select]:
database/sql.(*DB).connectionOpener(0xc024cc4340, {0xa9d1d00, 0xc00dc9efa0})
	/usr/lib/go/src/database/sql/sql.go:1261 +0x87
created by database/sql.OpenDB in goroutine 4439
	/usr/lib/go/src/database/sql/sql.go:841 +0x130

goroutine 74603 [sync.Cond.Wait]:
sync.runtime_notifyListWait(0xc022369b10, 0x13)
	/usr/lib/go/src/runtime/sema.go:597 +0x159
sync.(*Cond).Wait(0x0?)
	/usr/lib/go/src/sync/cond.go:71 +0x85
github.com/centrifugal/centrifuge/internal/dissolve.(*queueImpl).Wait(0xc0429f7180)
	/home/mariell/go/pkg/mod/github.com/centrifugal/centrifuge@v0.33.3/internal/dissolve/queue.go:139 +0x4a
github.com/centrifugal/centrifuge/internal/dissolve.(*Dissolver).runWorker(0xc02391be18)
	/home/mariell/go/pkg/mod/github.com/centrifugal/centrifuge@v0.33.3/internal/dissolve/dissolve.go:52 +0x27
created by github.com/centrifugal/centrifuge/internal/dissolve.(*Dissolver).Run in goroutine 4438
	/home/mariell/go/pkg/mod/github.com/centrifugal/centrifuge@v0.33.3/internal/dissolve/dissolve.go:31 +0x25

goroutine 77082 [sync.Cond.Wait]:
sync.runtime_notifyListWait(0xc045ae3d50, 0x14)
	/usr/lib/go/src/runtime/sema.go:597 +0x159
sync.(*Cond).Wait(0x0?)
	/usr/lib/go/src/sync/cond.go:71 +0x85
github.com/centrifugal/centrifuge/internal/dissolve.(*queueImpl).Wait(0xc045afb420)
	/home/mariell/go/pkg/mod/github.com/centrifugal/centrifuge@v0.33.3/internal/dissolve/queue.go:139 +0x4a
github.com/centrifugal/centrifuge/internal/dissolve.(*Dissolver).runWorker(0xc034b3a078)
	/home/mariell/go/pkg/mod/github.com/centrifugal/centrifuge@v0.33.3/internal/dissolve/dissolve.go:52 +0x27
created by github.com/centrifugal/centrifuge/internal/dissolve.(*Dissolver).Run in goroutine 4437
	/home/mariell/go/pkg/mod/github.com/centrifugal/centrifuge@v0.33.3/internal/dissolve/dissolve.go:31 +0x25

goroutine 59429 [select]:
database/sql.(*DB).connectionCleaner(0xc01c0ef790, 0xc00ff4b500?)
	/usr/lib/go/src/database/sql/sql.go:1104 +0x9c
created by database/sql.(*DB).startCleanerLocked in goroutine 4436
	/usr/lib/go/src/database/sql/sql.go:1091 +0x105

goroutine 77365 [sync.Cond.Wait]:
sync.runtime_notifyListWait(0xc045ae3d50, 0x2)
	/usr/lib/go/src/runtime/sema.go:597 +0x159
sync.(*Cond).Wait(0x0?)
	/usr/lib/go/src/sync/cond.go:71 +0x85
github.com/centrifugal/centrifuge/internal/dissolve.(*queueImpl).Wait(0xc045afb420)
	/home/mariell/go/pkg/mod/github.com/centrifugal/centrifuge@v0.33.3/internal/dissolve/queue.go:139 +0x4a
github.com/centrifugal/centrifuge/internal/dissolve.(*Dissolver).runWorker(0xc034b3a078)
	/home/mariell/go/pkg/mod/github.com/centrifugal/centrifuge@v0.33.3/internal/dissolve/dissolve.go:52 +0x27
created by github.com/centrifugal/centrifuge/internal/dissolve.(*Dissolver).Run in goroutine 4437
	/home/mariell/go/pkg/mod/github.com/centrifugal/centrifuge@v0.33.3/internal/dissolve/dissolve.go:31 +0x25

goroutine 76014 [select]:
crypto/tls.(*Conn).handshakeContext.func2()
	/usr/lib/go/src/crypto/tls/conn.go:1544 +0x86
created by crypto/tls.(*Conn).handshakeContext in goroutine 76013
	/usr/lib/go/src/crypto/tls/conn.go:1543 +0x27b

goroutine 73612 [select]:
github.com/patrickmn/go-cache.(*janitor).Run(0xc0409d8450, 0xc012cd87c0)
	/home/mariell/go/pkg/mod/github.com/patrickmn/go-cache@v2.1.0+incompatible/cache.go:1079 +0x7b
created by github.com/patrickmn/go-cache.runJanitor in goroutine 59395
	/home/mariell/go/pkg/mod/github.com/patrickmn/go-cache@v2.1.0+incompatible/cache.go:1099 +0xdb

goroutine 59491 [select]:
database/sql.(*DB).connectionCleaner(0xc0258605b0, 0xc00c67a500?)
	/usr/lib/go/src/database/sql/sql.go:1104 +0x9c
created by database/sql.(*DB).startCleanerLocked in goroutine 56144
	/usr/lib/go/src/database/sql/sql.go:1091 +0x105

goroutine 59300 [IO wait]:
internal/poll.runtime_pollWait(0x77751a6ff450, 0x72)
	/usr/lib/go/src/runtime/netpoll.go:351 +0x85
internal/poll.(*pollDesc).wait(0xc014519000?, 0xc00ba4d300?, 0x0)
	/usr/lib/go/src/internal/poll/fd_poll_runtime.go:84 +0x27
internal/poll.(*pollDesc).waitRead(...)
	/usr/lib/go/src/internal/poll/fd_poll_runtime.go:89
internal/poll.(*FD).Read(0xc014519000, {0xc00ba4d300, 0x1300, 0x1300})
	/usr/lib/go/src/internal/poll/fd_unix.go:165 +0x27a
net.(*netFD).Read(0xc014519000, {0xc00ba4d300?, 0x0?, 0x5?})
	/usr/lib/go/src/net/fd_posix.go:55 +0x25
net.(*conn).Read(0xc001330958, {0xc00ba4d300?, 0x77751a748b58?, 0x7775a8b2a6c8?})
	/usr/lib/go/src/net/net.go:194 +0x45
crypto/tls.(*atLeastReader).Read(0xc02bb9e828, {0xc00ba4d300?, 0x11abda20?, 0xc0238179c8?})
	/usr/lib/go/src/crypto/tls/conn.go:809 +0x3b
bytes.(*Buffer).ReadFrom(0xc022d0b0b8, {0xa94e300, 0xc02bb9e828})
	/usr/lib/go/src/bytes/buffer.go:211 +0x98
crypto/tls.(*Conn).readFromUntil(0xc022d0ae08, {0xa94dc00, 0xc001330958}, 0x444af4?)
	/usr/lib/go/src/crypto/tls/conn.go:831 +0xde
crypto/tls.(*Conn).readRecordOrCCS(0xc022d0ae08, 0x0)
	/usr/lib/go/src/crypto/tls/conn.go:629 +0x3cf
crypto/tls.(*Conn).readRecord(...)
	/usr/lib/go/src/crypto/tls/conn.go:591
crypto/tls.(*Conn).Read(0xc022d0ae08, {0xc00c233000, 0x1000, 0xc011dde000?})
	/usr/lib/go/src/crypto/tls/conn.go:1385 +0x145
net/http.(*persistConn).Read(0xc02a3b3440, {0xc00c233000?, 0x81fe45?, 0xa94be80?})
	/usr/lib/go/src/net/http/transport.go:2122 +0x47
bufio.(*Reader).fill(0xc0251ecea0)
	/usr/lib/go/src/bufio/bufio.go:113 +0x103
bufio.(*Reader).Peek(0xc0251ecea0, 0x1)
	/usr/lib/go/src/bufio/bufio.go:152 +0x53
net/http.(*persistConn).readLoop(0xc02a3b3440)
	/usr/lib/go/src/net/http/transport.go:2275 +0x172
created by net/http.(*Transport).dialConn in goroutine 59189
	/usr/lib/go/src/net/http/transport.go:1944 +0x174f

goroutine 59301 [select]:
net/http.(*persistConn).writeLoop(0xc02a3b3440)
	/usr/lib/go/src/net/http/transport.go:2590 +0xe7
created by net/http.(*Transport).dialConn in goroutine 59189
	/usr/lib/go/src/net/http/transport.go:1945 +0x17a5

goroutine 73645 [select]:
github.com/patrickmn/go-cache.(*janitor).Run(0xc0402b2770, 0xc023e4de80)
	/home/mariell/go/pkg/mod/github.com/patrickmn/go-cache@v2.1.0+incompatible/cache.go:1079 +0x7b
created by github.com/patrickmn/go-cache.runJanitor in goroutine 56145
	/home/mariell/go/pkg/mod/github.com/patrickmn/go-cache@v2.1.0+incompatible/cache.go:1099 +0xdb

goroutine 59348 [IO wait]:
internal/poll.runtime_pollWait(0x77751a6feff0, 0x72)
	/usr/lib/go/src/runtime/netpoll.go:351 +0x85
internal/poll.(*pollDesc).wait(0xc00d972200?, 0xc00d5f4000?, 0x0)
	/usr/lib/go/src/internal/poll/fd_poll_runtime.go:84 +0x27
internal/poll.(*pollDesc).waitRead(...)
	/usr/lib/go/src/internal/poll/fd_poll_runtime.go:89
internal/poll.(*FD).Read(0xc00d972200, {0xc00d5f4000, 0xa000, 0xa000})
	/usr/lib/go/src/internal/poll/fd_unix.go:165 +0x27a
net.(*netFD).Read(0xc00d972200, {0xc00d5f4000?, 0x0?, 0x11ab24a0?})
	/usr/lib/go/src/net/fd_posix.go:55 +0x25
net.(*conn).Read(0xc030110338, {0xc00d5f4000?, 0x7775581f61a8?, 0x7775a8b2a210?})
	/usr/lib/go/src/net/net.go:194 +0x45
crypto/tls.(*atLeastReader).Read(0xc017c785a0, {0xc00d5f4000?, 0x11abda20?, 0xc01e80b9c8?})
	/usr/lib/go/src/crypto/tls/conn.go:809 +0x3b
bytes.(*Buffer).ReadFrom(0xc007b6d438, {0xa94e300, 0xc017c785a0})
	/usr/lib/go/src/bytes/buffer.go:211 +0x98
crypto/tls.(*Conn).readFromUntil(0xc007b6d188, {0xa94dc00, 0xc030110338}, 0x444af4?)
	/usr/lib/go/src/crypto/tls/conn.go:831 +0xde
crypto/tls.(*Conn).readRecordOrCCS(0xc007b6d188, 0x0)
	/usr/lib/go/src/crypto/tls/conn.go:629 +0x3cf
crypto/tls.(*Conn).readRecord(...)
	/usr/lib/go/src/crypto/tls/conn.go:591
crypto/tls.(*Conn).Read(0xc007b6d188, {0xc00c5e9000, 0x1000, 0xc0116dc0c0?})
	/usr/lib/go/src/crypto/tls/conn.go:1385 +0x145
net/http.(*persistConn).Read(0xc02a3b0a20, {0xc00c5e9000?, 0x81fe45?, 0xa94be80?})
	/usr/lib/go/src/net/http/transport.go:2122 +0x47
bufio.(*Reader).fill(0xc01e9735c0)
	/usr/lib/go/src/bufio/bufio.go:113 +0x103
bufio.(*Reader).Peek(0xc01e9735c0, 0x1)
	/usr/lib/go/src/bufio/bufio.go:152 +0x53
net/http.(*persistConn).readLoop(0xc02a3b0a20)
	/usr/lib/go/src/net/http/transport.go:2275 +0x172
created by net/http.(*Transport).dialConn in goroutine 59311
	/usr/lib/go/src/net/http/transport.go:1944 +0x174f

goroutine 74592 [sync.Cond.Wait]:
sync.runtime_notifyListWait(0xc022369b10, 0x8)
	/usr/lib/go/src/runtime/sema.go:597 +0x159
sync.(*Cond).Wait(0x0?)
	/usr/lib/go/src/sync/cond.go:71 +0x85
github.com/centrifugal/centrifuge/internal/dissolve.(*queueImpl).Wait(0xc0429f7180)
	/home/mariell/go/pkg/mod/github.com/centrifugal/centrifuge@v0.33.3/internal/dissolve/queue.go:139 +0x4a
github.com/centrifugal/centrifuge/internal/dissolve.(*Dissolver).runWorker(0xc02391be18)
	/home/mariell/go/pkg/mod/github.com/centrifugal/centrifuge@v0.33.3/internal/dissolve/dissolve.go:52 +0x27
created by github.com/centrifugal/centrifuge/internal/dissolve.(*Dissolver).Run in goroutine 4438
	/home/mariell/go/pkg/mod/github.com/centrifugal/centrifuge@v0.33.3/internal/dissolve/dissolve.go:31 +0x25

goroutine 59156 [select]:
go.opentelemetry.io/otel/sdk/trace.(*batchSpanProcessor).processQueue(0xc023401b80)
	/home/mariell/go/pkg/mod/go.opentelemetry.io/otel/sdk@v1.34.0/trace/batch_span_processor.go:302 +0x114
go.opentelemetry.io/otel/sdk/trace.NewBatchSpanProcessor.func1()
	/home/mariell/go/pkg/mod/go.opentelemetry.io/otel/sdk@v1.34.0/trace/batch_span_processor.go:117 +0x4e
created by go.opentelemetry.io/otel/sdk/trace.NewBatchSpanProcessor in goroutine 3349
	/home/mariell/go/pkg/mod/go.opentelemetry.io/otel/sdk@v1.34.0/trace/batch_span_processor.go:115 +0x2d9

goroutine 59321 [select]:
net/http.(*persistConn).writeLoop(0xc02a3b3320)
	/usr/lib/go/src/net/http/transport.go:2590 +0xe7
created by net/http.(*Transport).dialConn in goroutine 56336
	/usr/lib/go/src/net/http/transport.go:1945 +0x17a5

goroutine 75122 [IO wait]:
internal/poll.runtime_pollWait(0x77751a4b6510, 0x72)
	/usr/lib/go/src/runtime/netpoll.go:351 +0x85
internal/poll.(*pollDesc).wait(0xc042ea6480?, 0xc02945cc00?, 0x0)
	/usr/lib/go/src/internal/poll/fd_poll_runtime.go:84 +0x27
internal/poll.(*pollDesc).waitRead(...)
	/usr/lib/go/src/internal/poll/fd_poll_runtime.go:89
internal/poll.(*FD).Read(0xc042ea6480, {0xc02945cc00, 0x1300, 0x1300})
	/usr/lib/go/src/internal/poll/fd_unix.go:165 +0x27a
net.(*netFD).Read(0xc042ea6480, {0xc02945cc00?, 0x0?, 0x1c0188ea300?})
	/usr/lib/go/src/net/fd_posix.go:55 +0x25
net.(*conn).Read(0xc041f43a20, {0xc02945cc00?, 0x7775503aad68?, 0x7775a8b2a6c8?})
	/usr/lib/go/src/net/net.go:194 +0x45
crypto/tls.(*atLeastReader).Read(0xc0281b7278, {0xc02945cc00?, 0x4247a5?, 0x0?})
	/usr/lib/go/src/crypto/tls/conn.go:809 +0x3b
bytes.(*Buffer).ReadFrom(0xc0422682b8, {0xa94e300, 0xc0281b7278})
	/usr/lib/go/src/bytes/buffer.go:211 +0x98
crypto/tls.(*Conn).readFromUntil(0xc042268008, {0xa94dc00, 0xc041f43a20}, 0x444af4?)
	/usr/lib/go/src/crypto/tls/conn.go:831 +0xde
crypto/tls.(*Conn).readRecordOrCCS(0xc042268008, 0x0)
	/usr/lib/go/src/crypto/tls/conn.go:629 +0x3cf
crypto/tls.(*Conn).readRecord(...)
	/usr/lib/go/src/crypto/tls/conn.go:591
crypto/tls.(*Conn).Read(0xc042268008, {0xc0428ab000, 0x1000, 0x7775a8b2a6c8?})
	/usr/lib/go/src/crypto/tls/conn.go:1385 +0x145
net/http.(*persistConn).Read(0xc01572e240, {0xc0428ab000?, 0x4141c5?, 0x68?})
	/usr/lib/go/src/net/http/transport.go:2122 +0x47
bufio.(*Reader).fill(0xc022c90d80)
	/usr/lib/go/src/bufio/bufio.go:113 +0x103
bufio.(*Reader).Peek(0xc022c90d80, 0x1)
	/usr/lib/go/src/bufio/bufio.go:152 +0x53
net/http.(*persistConn).readLoop(0xc01572e240)
	/usr/lib/go/src/net/http/transport.go:2275 +0x172
created by net/http.(*Transport).dialConn in goroutine 74429
	/usr/lib/go/src/net/http/transport.go:1944 +0x174f

goroutine 77828 [runnable]:
github.com/centrifugal/centrifuge.(*historyHub).runCleanups.gowrap1()
	/home/mariell/go/pkg/mod/github.com/centrifugal/centrifuge@v0.33.3/broker_memory.go:252
runtime.goexit({})
	/usr/lib/go/src/runtime/asm_amd64.s:1700 +0x1
created by github.com/centrifugal/centrifuge.(*historyHub).runCleanups in goroutine 56143
	/home/mariell/go/pkg/mod/github.com/centrifugal/centrifuge@v0.33.3/broker_memory.go:252 +0x56

goroutine 59191 [runnable]:
go.opentelemetry.io/otel/sdk/trace.(*batchSpanProcessor).processQueue(0xc024c92460)
	/home/mariell/go/pkg/mod/go.opentelemetry.io/otel/sdk@v1.34.0/trace/batch_span_processor.go:302 +0x114
go.opentelemetry.io/otel/sdk/trace.NewBatchSpanProcessor.func1()
	/home/mariell/go/pkg/mod/go.opentelemetry.io/otel/sdk@v1.34.0/trace/batch_span_processor.go:117 +0x4e
created by go.opentelemetry.io/otel/sdk/trace.NewBatchSpanProcessor in goroutine 56142
	/home/mariell/go/pkg/mod/go.opentelemetry.io/otel/sdk@v1.34.0/trace/batch_span_processor.go:115 +0x2d9

goroutine 76049 [sync.Cond.Wait]:
sync.runtime_notifyListWait(0xc045376a50, 0x21)
	/usr/lib/go/src/runtime/sema.go:597 +0x159
sync.(*Cond).Wait(0xc0166d5fd0?)
	/usr/lib/go/src/sync/cond.go:71 +0x85
github.com/centrifugal/centrifuge/internal/dissolve.(*queueImpl).Wait(0xc0425a5ce0)
	/home/mariell/go/pkg/mod/github.com/centrifugal/centrifuge@v0.33.3/internal/dissolve/queue.go:139 +0x4a
github.com/centrifugal/centrifuge/internal/dissolve.(*Dissolver).runWorker(0xc0272822a0)
	/home/mariell/go/pkg/mod/github.com/centrifugal/centrifuge@v0.33.3/internal/dissolve/dissolve.go:52 +0x27
created by github.com/centrifugal/centrifuge/internal/dissolve.(*Dissolver).Run in goroutine 3349
	/home/mariell/go/pkg/mod/github.com/centrifugal/centrifuge@v0.33.3/internal/dissolve/dissolve.go:31 +0x25

goroutine 73776 [select]:
github.com/patrickmn/go-cache.(*janitor).Run(0xc020783be0, 0xc0144acb80)
	/home/mariell/go/pkg/mod/github.com/patrickmn/go-cache@v2.1.0+incompatible/cache.go:1079 +0x7b
created by github.com/patrickmn/go-cache.runJanitor in goroutine 3349
	/home/mariell/go/pkg/mod/github.com/patrickmn/go-cache@v2.1.0+incompatible/cache.go:1099 +0xdb

goroutine 75131 [select]:
github.com/grafana/grafana/pkg/storage/unified/resource.(*broadcaster[...]).stream(0xab113a0, 0xc0383b4e00)
	/home/mariell/work/oss/grafana/pkg/storage/unified/resource/broadcaster.go:205 +0x13d
created by github.com/grafana/grafana/pkg/storage/unified/resource.(*broadcaster[...]).init in goroutine 56141
	/home/mariell/work/oss/grafana/pkg/storage/unified/resource/broadcaster.go:177 +0x219

goroutine 59243 [IO wait]:
internal/poll.runtime_pollWait(0x77751a6ff220, 0x72)
	/usr/lib/go/src/runtime/netpoll.go:351 +0x85
internal/poll.(*pollDesc).wait(0xc00d87c200?, 0xc029789900?, 0x0)
	/usr/lib/go/src/internal/poll/fd_poll_runtime.go:84 +0x27
internal/poll.(*pollDesc).waitRead(...)
	/usr/lib/go/src/internal/poll/fd_poll_runtime.go:89
internal/poll.(*FD).Read(0xc00d87c200, {0xc029789900, 0x1300, 0x1300})
	/usr/lib/go/src/internal/poll/fd_unix.go:165 +0x27a
net.(*netFD).Read(0xc00d87c200, {0xc029789900?, 0xc029789900?, 0x5?})
	/usr/lib/go/src/net/fd_posix.go:55 +0x25
net.(*conn).Read(0xc030110040, {0xc029789900?, 0x777558320068?, 0x7775a8b2b9a8?})
	/usr/lib/go/src/net/net.go:194 +0x45
crypto/tls.(*atLeastReader).Read(0xc017a783d8, {0xc029789900?, 0x12fb?, 0x5?})
	/usr/lib/go/src/crypto/tls/conn.go:809 +0x3b
bytes.(*Buffer).ReadFrom(0xc012401438, {0xa94e300, 0xc017a783d8})
	/usr/lib/go/src/bytes/buffer.go:211 +0x98
crypto/tls.(*Conn).readFromUntil(0xc012401188, {0xa94dc00, 0xc030110040}, 0x444af4?)
	/usr/lib/go/src/crypto/tls/conn.go:831 +0xde
crypto/tls.(*Conn).readRecordOrCCS(0xc012401188, 0x0)
	/usr/lib/go/src/crypto/tls/conn.go:629 +0x3cf
crypto/tls.(*Conn).readRecord(...)
	/usr/lib/go/src/crypto/tls/conn.go:591
crypto/tls.(*Conn).Read(0xc012401188, {0xc00c2d1000, 0x1000, 0xc010171e00?})
	/usr/lib/go/src/crypto/tls/conn.go:1385 +0x145
net/http.(*persistConn).Read(0xc02a471680, {0xc00c2d1000?, 0x81fe45?, 0xa94be80?})
	/usr/lib/go/src/net/http/transport.go:2122 +0x47
bufio.(*Reader).fill(0xc01cea6120)
	/usr/lib/go/src/bufio/bufio.go:113 +0x103
bufio.(*Reader).Peek(0xc01cea6120, 0x1)
	/usr/lib/go/src/bufio/bufio.go:152 +0x53
net/http.(*persistConn).readLoop(0xc02a471680)
	/usr/lib/go/src/net/http/transport.go:2275 +0x172
created by net/http.(*Transport).dialConn in goroutine 59125
	/usr/lib/go/src/net/http/transport.go:1944 +0x174f

goroutine 74610 [sync.Cond.Wait]:
sync.runtime_notifyListWait(0xc022369b10, 0x1a)
	/usr/lib/go/src/runtime/sema.go:597 +0x159
sync.(*Cond).Wait(0x0?)
	/usr/lib/go/src/sync/cond.go:71 +0x85
github.com/centrifugal/centrifuge/internal/dissolve.(*queueImpl).Wait(0xc0429f7180)
	/home/mariell/go/pkg/mod/github.com/centrifugal/centrifuge@v0.33.3/internal/dissolve/queue.go:139 +0x4a
github.com/centrifugal/centrifuge/internal/dissolve.(*Dissolver).runWorker(0xc02391be18)
	/home/mariell/go/pkg/mod/github.com/centrifugal/centrifuge@v0.33.3/internal/dissolve/dissolve.go:52 +0x27
created by github.com/centrifugal/centrifuge/internal/dissolve.(*Dissolver).Run in goroutine 4438
	/home/mariell/go/pkg/mod/github.com/centrifugal/centrifuge@v0.33.3/internal/dissolve/dissolve.go:31 +0x25

goroutine 59320 [IO wait]:
internal/poll.runtime_pollWait(0x77751a6ff568, 0x72)
	/usr/lib/go/src/runtime/netpoll.go:351 +0x85
internal/poll.(*pollDesc).wait(0xc01461fa80?, 0xc00ba4e600?, 0x0)
	/usr/lib/go/src/internal/poll/fd_poll_runtime.go:84 +0x27
internal/poll.(*pollDesc).waitRead(...)
	/usr/lib/go/src/internal/poll/fd_poll_runtime.go:89
internal/poll.(*FD).Read(0xc01461fa80, {0xc00ba4e600, 0x1300, 0x1300})
	/usr/lib/go/src/internal/poll/fd_unix.go:165 +0x27a
net.(*netFD).Read(0xc01461fa80, {0xc00ba4e600?, 0x0?, 0x0?})
	/usr/lib/go/src/net/fd_posix.go:55 +0x25
net.(*conn).Read(0xc001330960, {0xc00ba4e600?, 0x7775591879f8?, 0x7775a8b2b9a8?})
	/usr/lib/go/src/net/net.go:194 +0x45
crypto/tls.(*atLeastReader).Read(0xc013756c60, {0xc00ba4e600?, 0x0?, 0x0?})
	/usr/lib/go/src/crypto/tls/conn.go:809 +0x3b
bytes.(*Buffer).ReadFrom(0xc022d0b438, {0xa94e300, 0xc013756c60})
	/usr/lib/go/src/bytes/buffer.go:211 +0x98
crypto/tls.(*Conn).readFromUntil(0xc022d0b188, {0xa94dc00, 0xc001330960}, 0x444af4?)
	/usr/lib/go/src/crypto/tls/conn.go:831 +0xde
crypto/tls.(*Conn).readRecordOrCCS(0xc022d0b188, 0x0)
	/usr/lib/go/src/crypto/tls/conn.go:629 +0x3cf
crypto/tls.(*Conn).readRecord(...)
	/usr/lib/go/src/crypto/tls/conn.go:591
crypto/tls.(*Conn).Read(0xc022d0b188, {0xc00c5dd000, 0x1000, 0x7775a8b2b9a8?})
	/usr/lib/go/src/crypto/tls/conn.go:1385 +0x145
net/http.(*persistConn).Read(0xc02a3b3320, {0xc00c5dd000?, 0x4141c5?, 0x68?})
	/usr/lib/go/src/net/http/transport.go:2122 +0x47
bufio.(*Reader).fill(0xc0271e0c00)
	/usr/lib/go/src/bufio/bufio.go:113 +0x103
bufio.(*Reader).Peek(0xc0271e0c00, 0x1)
	/usr/lib/go/src/bufio/bufio.go:152 +0x53
net/http.(*persistConn).readLoop(0xc02a3b3320)
	/usr/lib/go/src/net/http/transport.go:2275 +0x172
created by net/http.(*Transport).dialConn in goroutine 56336
	/usr/lib/go/src/net/http/transport.go:1944 +0x174f

goroutine 59206 [select]:
database/sql.(*DB).connectionOpener(0xc0177badd0, {0xa9d1d00, 0xc0163286e0})
	/usr/lib/go/src/database/sql/sql.go:1261 +0x87
created by database/sql.OpenDB in goroutine 56145
	/usr/lib/go/src/database/sql/sql.go:841 +0x130

goroutine 57630 [select]:
database/sql.(*DB).connectionOpener(0xc01741c410, {0xa9d1d00, 0xc030687180})
	/usr/lib/go/src/database/sql/sql.go:1261 +0x87
created by database/sql.OpenDB in goroutine 56141
	/usr/lib/go/src/database/sql/sql.go:841 +0x130

goroutine 59155 [select]:
database/sql.(*DB).connectionOpener(0xc014de45b0, {0xa9d1d00, 0xc029c38af0})
	/usr/lib/go/src/database/sql/sql.go:1261 +0x87
created by database/sql.OpenDB in goroutine 3349
	/usr/lib/go/src/database/sql/sql.go:841 +0x130

goroutine 58702 [select]:
database/sql.(*DB).connectionOpener(0xc0258605b0, {0xa9d1d00, 0xc002c1b900})
	/usr/lib/go/src/database/sql/sql.go:1261 +0x87
created by database/sql.OpenDB in goroutine 56144
	/usr/lib/go/src/database/sql/sql.go:841 +0x130

goroutine 59241 [IO wait]:
internal/poll.runtime_pollWait(0x77751a6ff338, 0x72)
	/usr/lib/go/src/runtime/netpoll.go:351 +0x85
internal/poll.(*pollDesc).wait(0xc011f89a80?, 0xc029788600?, 0x0)
	/usr/lib/go/src/internal/poll/fd_poll_runtime.go:84 +0x27
internal/poll.(*pollDesc).waitRead(...)
	/usr/lib/go/src/internal/poll/fd_poll_runtime.go:89
internal/poll.(*FD).Read(0xc011f89a80, {0xc029788600, 0x1300, 0x1300})
	/usr/lib/go/src/internal/poll/fd_unix.go:165 +0x27a
net.(*netFD).Read(0xc011f89a80, {0xc029788600?, 0x0?, 0x1c014a99d00?})
	/usr/lib/go/src/net/fd_posix.go:55 +0x25
net.(*conn).Read(0xc030110038, {0xc029788600?, 0x7775591879f8?, 0x7775a8b2b9a8?})
	/usr/lib/go/src/net/net.go:194 +0x45
crypto/tls.(*atLeastReader).Read(0xc0137566f0, {0xc029788600?, 0x4247a5?, 0x0?})
	/usr/lib/go/src/crypto/tls/conn.go:809 +0x3b
bytes.(*Buffer).ReadFrom(0xc0124010b8, {0xa94e300, 0xc0137566f0})
	/usr/lib/go/src/bytes/buffer.go:211 +0x98
crypto/tls.(*Conn).readFromUntil(0xc012400e08, {0xa94dc00, 0xc030110038}, 0x444af4?)
	/usr/lib/go/src/crypto/tls/conn.go:831 +0xde
crypto/tls.(*Conn).readRecordOrCCS(0xc012400e08, 0x0)
	/usr/lib/go/src/crypto/tls/conn.go:629 +0x3cf
crypto/tls.(*Conn).readRecord(...)
	/usr/lib/go/src/crypto/tls/conn.go:591
crypto/tls.(*Conn).Read(0xc012400e08, {0xc00c2ce000, 0x1000, 0x7775a8b2b9a8?})
	/usr/lib/go/src/crypto/tls/conn.go:1385 +0x145
net/http.(*persistConn).Read(0xc030ee8000, {0xc00c2ce000?, 0x4141c5?, 0x68?})
	/usr/lib/go/src/net/http/transport.go:2122 +0x47
bufio.(*Reader).fill(0xc01cb2e420)
	/usr/lib/go/src/bufio/bufio.go:113 +0x103
bufio.(*Reader).Peek(0xc01cb2e420, 0x1)
	/usr/lib/go/src/bufio/bufio.go:152 +0x53
net/http.(*persistConn).readLoop(0xc030ee8000)
	/usr/lib/go/src/net/http/transport.go:2275 +0x172
created by net/http.(*Transport).dialConn in goroutine 58701
	/usr/lib/go/src/net/http/transport.go:1944 +0x174f

goroutine 77352 [sync.Cond.Wait]:
sync.runtime_notifyListWait(0xc045ae3d50, 0x22)
	/usr/lib/go/src/runtime/sema.go:597 +0x159
sync.(*Cond).Wait(0xc03db5c7d0?)
	/usr/lib/go/src/sync/cond.go:71 +0x85
github.com/centrifugal/centrifuge/internal/dissolve.(*queueImpl).Wait(0xc045afb420)
	/home/mariell/go/pkg/mod/github.com/centrifugal/centrifuge@v0.33.3/internal/dissolve/queue.go:139 +0x4a
github.com/centrifugal/centrifuge/internal/dissolve.(*Dissolver).runWorker(0xc034b3a078)
	/home/mariell/go/pkg/mod/github.com/centrifugal/centrifuge@v0.33.3/internal/dissolve/dissolve.go:52 +0x27
created by github.com/centrifugal/centrifuge/internal/dissolve.(*Dissolver).Run in goroutine 4437
	/home/mariell/go/pkg/mod/github.com/centrifugal/centrifuge@v0.33.3/internal/dissolve/dissolve.go:31 +0x25

goroutine 74584 [select]:
github.com/centrifugal/centrifuge.(*Node).updateMetrics(0xc01dba2008)
	/home/mariell/go/pkg/mod/github.com/centrifugal/centrifuge@v0.33.3/node.go:335 +0x85
created by github.com/centrifugal/centrifuge.(*Node).Run in goroutine 4438
	/home/mariell/go/pkg/mod/github.com/centrifugal/centrifuge@v0.33.3/node.go:262 +0x2a5

goroutine 59458 [select]:
database/sql.(*DB).connectionOpener(0xc01f1b24e0, {0xa9d1d00, 0xc027e44eb0})
	/usr/lib/go/src/database/sql/sql.go:1261 +0x87
created by database/sql.OpenDB in goroutine 56143
	/usr/lib/go/src/database/sql/sql.go:841 +0x130

goroutine 75155 [select]:
github.com/grafana/grafana/pkg/storage/unified/resource.(*cache[...]).run(0xc04260ad00)
	/home/mariell/work/oss/grafana/pkg/storage/unified/resource/broadcaster.go:291 +0xb0
created by github.com/grafana/grafana/pkg/storage/unified/resource.newChannelCache[...] in goroutine 59395
	/home/mariell/work/oss/grafana/pkg/storage/unified/resource/broadcaster.go:276 +0x189

goroutine 56142 [chan receive]:
github.com/prometheus/client_golang/prometheus.(*Registry).Register(0xc04222e5f0, {0x777560376400, 0xc023980100})
	/home/mariell/go/pkg/mod/github.com/prometheus/client_golang@v1.20.5/prometheus/registry.go:290 +0x249
github.com/prometheus/client_golang/prometheus.(*Registry).MustRegister(0xc04222e5f0, {0xc049ad85f0?, 0x96273e2?, 0x22?})
	/home/mariell/go/pkg/mod/github.com/prometheus/client_golang@v1.20.5/prometheus/registry.go:405 +0x4e
github.com/grafana/grafana/pkg/infra/metrics.registerFrontendHistogram({0xa9a77a0, 0xc04222e5f0}, {0x96273e2, 0x22}, {0x95e9999, 0x1d})
	/home/mariell/work/oss/grafana/pkg/infra/metrics/frontendmetrics.go:36 +0x2fd
github.com/grafana/grafana/pkg/infra/metrics.initFrontendMetrics({0xa9a77a0, 0xc04222e5f0})
	/home/mariell/work/oss/grafana/pkg/infra/metrics/frontendmetrics.go:43 +0xb5
github.com/grafana/grafana/pkg/infra/metrics.ProvideService(0xc027f88008, {0xa9a77a0, 0xc04222e5f0}, {0xa94efa0, 0xc04222e5f0})
	/home/mariell/work/oss/grafana/pkg/infra/metrics/service.go:31 +0x45
github.com/grafana/grafana/pkg/server.InitializeForTest({0xa9e3920, 0xc00c48e1c0}, 0xc027f88008, {{0xc01ad38000, 0x51}, {0x0, 0x0}, {0x0, 0x0}, {0x0, ...}, ...}, ...)
	/home/mariell/work/oss/grafana/pkg/server/wire_gen.go:1126 +0x7868
github.com/grafana/grafana/pkg/tests/testinfra.StartGrafanaEnv(0xc00c48e1c0, {0xc01ad38000, 0x51}, {0xc0166e8780, 0x5f})
	/home/mariell/work/oss/grafana/pkg/tests/testinfra/testinfra.go:83 +0x565
github.com/grafana/grafana/pkg/tests/api/alerting.TestIntegrationTestReceivers.func2(0xc00c48e1c0)
	/home/mariell/work/oss/grafana/pkg/tests/api/alerting/api_notification_channel_test.go:89 +0x7e
testing.tRunner(0xc00c48e1c0, 0x9e55da0)
	/usr/lib/go/src/testing/testing.go:1792 +0xf4
created by testing.(*T).Run in goroutine 13126
	/usr/lib/go/src/testing/testing.go:1851 +0x413

goroutine 59190 [select]:
database/sql.(*DB).connectionOpener(0xc01b2551e0, {0xa9d1d00, 0xc022dbe870})
	/usr/lib/go/src/database/sql/sql.go:1261 +0x87
created by database/sql.OpenDB in goroutine 56142
	/usr/lib/go/src/database/sql/sql.go:841 +0x130

goroutine 75099 [select]:
github.com/grafana/grafana/pkg/storage/unified/resource.(*broadcaster[...]).stream(0xab113a0, 0xc0422644d0)
	/home/mariell/work/oss/grafana/pkg/storage/unified/resource/broadcaster.go:205 +0x13d
created by github.com/grafana/grafana/pkg/storage/unified/resource.(*broadcaster[...]).init in goroutine 56145
	/home/mariell/work/oss/grafana/pkg/storage/unified/resource/broadcaster.go:177 +0x219

goroutine 59223 [select]:
go.opentelemetry.io/otel/sdk/trace.(*batchSpanProcessor).processQueue(0xc00e510320)
	/home/mariell/go/pkg/mod/go.opentelemetry.io/otel/sdk@v1.34.0/trace/batch_span_processor.go:302 +0x114
go.opentelemetry.io/otel/sdk/trace.NewBatchSpanProcessor.func1()
	/home/mariell/go/pkg/mod/go.opentelemetry.io/otel/sdk@v1.34.0/trace/batch_span_processor.go:117 +0x4e
created by go.opentelemetry.io/otel/sdk/trace.NewBatchSpanProcessor in goroutine 22318
	/home/mariell/go/pkg/mod/go.opentelemetry.io/otel/sdk@v1.34.0/trace/batch_span_processor.go:115 +0x2d9

goroutine 59244 [select]:
net/http.(*persistConn).writeLoop(0xc02a471680)
	/usr/lib/go/src/net/http/transport.go:2590 +0xe7
created by net/http.(*Transport).dialConn in goroutine 59125
	/usr/lib/go/src/net/http/transport.go:1945 +0x17a5

goroutine 59474 [select]:
go.opentelemetry.io/otel/sdk/trace.(*batchSpanProcessor).processQueue(0xc01f834e60)
	/home/mariell/go/pkg/mod/go.opentelemetry.io/otel/sdk@v1.34.0/trace/batch_span_processor.go:302 +0x114
go.opentelemetry.io/otel/sdk/trace.NewBatchSpanProcessor.func1()
	/home/mariell/go/pkg/mod/go.opentelemetry.io/otel/sdk@v1.34.0/trace/batch_span_processor.go:117 +0x4e
created by go.opentelemetry.io/otel/sdk/trace.NewBatchSpanProcessor in goroutine 59395
	/home/mariell/go/pkg/mod/go.opentelemetry.io/otel/sdk@v1.34.0/trace/batch_span_processor.go:115 +0x2d9

goroutine 59387 [select]:
go.opentelemetry.io/otel/sdk/trace.(*batchSpanProcessor).processQueue(0xc028e2b180)
	/home/mariell/go/pkg/mod/go.opentelemetry.io/otel/sdk@v1.34.0/trace/batch_span_processor.go:302 +0x114
go.opentelemetry.io/otel/sdk/trace.NewBatchSpanProcessor.func1()
	/home/mariell/go/pkg/mod/go.opentelemetry.io/otel/sdk@v1.34.0/trace/batch_span_processor.go:117 +0x4e
created by go.opentelemetry.io/otel/sdk/trace.NewBatchSpanProcessor in goroutine 22316
	/home/mariell/go/pkg/mod/go.opentelemetry.io/otel/sdk@v1.34.0/trace/batch_span_processor.go:115 +0x2d9

goroutine 59379 [chan receive (nil chan)]:
k8s.io/apiserver/pkg/server.preparedGenericAPIServer.RunWithContext.func5()
	/home/mariell/go/pkg/mod/k8s.io/apiserver@v0.32.1/pkg/server/genericapiserver.go:598 +0x37
created by k8s.io/apiserver/pkg/server.preparedGenericAPIServer.RunWithContext in goroutine 59372
	/home/mariell/go/pkg/mod/k8s.io/apiserver@v0.32.1/pkg/server/genericapiserver.go:597 +0x60b

goroutine 59391 [select]:
database/sql.(*DB).connectionCleaner(0xc017e1c1a0, 0xc007517b20?)
	/usr/lib/go/src/database/sql/sql.go:1104 +0x9c
created by database/sql.(*DB).startCleanerLocked in goroutine 22316
	/usr/lib/go/src/database/sql/sql.go:1091 +0x105

goroutine 59386 [select]:
database/sql.(*DB).connectionOpener(0xc017e1c1a0, {0xa9d1d00, 0xc02969c730})
	/usr/lib/go/src/database/sql/sql.go:1261 +0x87
created by database/sql.OpenDB in goroutine 22316
	/usr/lib/go/src/database/sql/sql.go:841 +0x130

goroutine 59130 [select]:
database/sql.(*DB).connectionOpener(0xc009ec9d40, {0xa9d1d00, 0xc008c14050})
	/usr/lib/go/src/database/sql/sql.go:1261 +0x87
created by database/sql.OpenDB in goroutine 3351
	/usr/lib/go/src/database/sql/sql.go:841 +0x130

goroutine 59131 [select]:
go.opentelemetry.io/otel/sdk/trace.(*batchSpanProcessor).processQueue(0xc00be29900)
	/home/mariell/go/pkg/mod/go.opentelemetry.io/otel/sdk@v1.34.0/trace/batch_span_processor.go:302 +0x114
go.opentelemetry.io/otel/sdk/trace.NewBatchSpanProcessor.func1()
	/home/mariell/go/pkg/mod/go.opentelemetry.io/otel/sdk@v1.34.0/trace/batch_span_processor.go:117 +0x4e
created by go.opentelemetry.io/otel/sdk/trace.NewBatchSpanProcessor in goroutine 3351
	/home/mariell/go/pkg/mod/go.opentelemetry.io/otel/sdk@v1.34.0/trace/batch_span_processor.go:115 +0x2d9

goroutine 59135 [select]:
database/sql.(*DB).connectionOpener(0xc01b657d40, {0xa9d1d00, 0xc00ff9f900})
	/usr/lib/go/src/database/sql/sql.go:1261 +0x87
created by database/sql.OpenDB in goroutine 4438
	/usr/lib/go/src/database/sql/sql.go:841 +0x130

goroutine 59160 [select]:
database/sql.(*DB).connectionCleaner(0xc014de45b0, 0xc027ccd1f0?)
	/usr/lib/go/src/database/sql/sql.go:1104 +0x9c
created by database/sql.(*DB).startCleanerLocked in goroutine 3349
	/usr/lib/go/src/database/sql/sql.go:1091 +0x105

goroutine 59136 [select]:
go.opentelemetry.io/otel/sdk/trace.(*batchSpanProcessor).processQueue(0xc022822280)
	/home/mariell/go/pkg/mod/go.opentelemetry.io/otel/sdk@v1.34.0/trace/batch_span_processor.go:302 +0x114
go.opentelemetry.io/otel/sdk/trace.NewBatchSpanProcessor.func1()
	/home/mariell/go/pkg/mod/go.opentelemetry.io/otel/sdk@v1.34.0/trace/batch_span_processor.go:117 +0x4e
created by go.opentelemetry.io/otel/sdk/trace.NewBatchSpanProcessor in goroutine 4438
	/home/mariell/go/pkg/mod/go.opentelemetry.io/otel/sdk@v1.34.0/trace/batch_span_processor.go:115 +0x2d9

goroutine 74608 [sync.Cond.Wait]:
sync.runtime_notifyListWait(0xc022369b10, 0x18)
	/usr/lib/go/src/runtime/sema.go:597 +0x159
sync.(*Cond).Wait(0x0?)
	/usr/lib/go/src/sync/cond.go:71 +0x85
github.com/centrifugal/centrifuge/internal/dissolve.(*queueImpl).Wait(0xc0429f7180)
	/home/mariell/go/pkg/mod/github.com/centrifugal/centrifuge@v0.33.3/internal/dissolve/queue.go:139 +0x4a
github.com/centrifugal/centrifuge/internal/dissolve.(*Dissolver).runWorker(0xc02391be18)
	/home/mariell/go/pkg/mod/github.com/centrifugal/centrifuge@v0.33.3/internal/dissolve/dissolve.go:52 +0x27
created by github.com/centrifugal/centrifuge/internal/dissolve.(*Dissolver).Run in goroutine 4438
	/home/mariell/go/pkg/mod/github.com/centrifugal/centrifuge@v0.33.3/internal/dissolve/dissolve.go:31 +0x25

goroutine 76046 [select]:
github.com/centrifugal/centrifuge.(*Node).cleanNodeInfo(0xc02427a488)
	/home/mariell/go/pkg/mod/github.com/centrifugal/centrifuge@v0.33.3/node.go:394 +0x90
created by github.com/centrifugal/centrifuge.(*Node).Run in goroutine 3349
	/home/mariell/go/pkg/mod/github.com/centrifugal/centrifuge@v0.33.3/node.go:261 +0x265

goroutine 76044 [select]:
github.com/centrifugal/centrifuge.(*Node).initMetrics.func1()
	/home/mariell/go/pkg/mod/github.com/centrifugal/centrifuge@v0.33.3/node.go:365 +0x8a
created by github.com/centrifugal/centrifuge.(*Node).initMetrics in goroutine 3349
	/home/mariell/go/pkg/mod/github.com/centrifugal/centrifuge@v0.33.3/node.go:363 +0x1f9

goroutine 74036 [select]:
github.com/patrickmn/go-cache.(*janitor).Run(0xc04127c800, 0xc01f7e4b00)
	/home/mariell/go/pkg/mod/github.com/patrickmn/go-cache@v2.1.0+incompatible/cache.go:1079 +0x7b
created by github.com/patrickmn/go-cache.runJanitor in goroutine 56143
	/home/mariell/go/pkg/mod/github.com/patrickmn/go-cache@v2.1.0+incompatible/cache.go:1099 +0xdb

goroutine 74605 [sync.Cond.Wait]:
sync.runtime_notifyListWait(0xc022369b10, 0x15)
	/usr/lib/go/src/runtime/sema.go:597 +0x159
sync.(*Cond).Wait(0x0?)
	/usr/lib/go/src/sync/cond.go:71 +0x85
github.com/centrifugal/centrifuge/internal/dissolve.(*queueImpl).Wait(0xc0429f7180)
	/home/mariell/go/pkg/mod/github.com/centrifugal/centrifuge@v0.33.3/internal/dissolve/queue.go:139 +0x4a
github.com/centrifugal/centrifuge/internal/dissolve.(*Dissolver).runWorker(0xc02391be18)
	/home/mariell/go/pkg/mod/github.com/centrifugal/centrifuge@v0.33.3/internal/dissolve/dissolve.go:52 +0x27
created by github.com/centrifugal/centrifuge/internal/dissolve.(*Dissolver).Run in goroutine 4438
	/home/mariell/go/pkg/mod/github.com/centrifugal/centrifuge@v0.33.3/internal/dissolve/dissolve.go:31 +0x25

goroutine 74587 [sync.Cond.Wait]:
sync.runtime_notifyListWait(0xc022369b10, 0x3)
	/usr/lib/go/src/runtime/sema.go:597 +0x159
sync.(*Cond).Wait(0x0?)
	/usr/lib/go/src/sync/cond.go:71 +0x85
github.com/centrifugal/centrifuge/internal/dissolve.(*queueImpl).Wait(0xc0429f7180)
	/home/mariell/go/pkg/mod/github.com/centrifugal/centrifuge@v0.33.3/internal/dissolve/queue.go:139 +0x4a
github.com/centrifugal/centrifuge/internal/dissolve.(*Dissolver).runWorker(0xc02391be18)
	/home/mariell/go/pkg/mod/github.com/centrifugal/centrifuge@v0.33.3/internal/dissolve/dissolve.go:52 +0x27
created by github.com/centrifugal/centrifuge/internal/dissolve.(*Dissolver).Run in goroutine 4438
	/home/mariell/go/pkg/mod/github.com/centrifugal/centrifuge@v0.33.3/internal/dissolve/dissolve.go:31 +0x25

goroutine 75338 [sync.Cond.Wait]:
sync.runtime_notifyListWait(0xc00e4b6210, 0x1b)
	/usr/lib/go/src/runtime/sema.go:597 +0x159
sync.(*Cond).Wait(0x0?)
	/usr/lib/go/src/sync/cond.go:71 +0x85
github.com/centrifugal/centrifuge/internal/dissolve.(*queueImpl).Wait(0xc043706620)
	/home/mariell/go/pkg/mod/github.com/centrifugal/centrifuge@v0.33.3/internal/dissolve/queue.go:139 +0x4a
github.com/centrifugal/centrifuge/internal/dissolve.(*Dissolver).runWorker(0xc0253d2480)
	/home/mariell/go/pkg/mod/github.com/centrifugal/centrifuge@v0.33.3/internal/dissolve/dissolve.go:52 +0x27
created by github.com/centrifugal/centrifuge/internal/dissolve.(*Dissolver).Run in goroutine 56144
	/home/mariell/go/pkg/mod/github.com/centrifugal/centrifuge@v0.33.3/internal/dissolve/dissolve.go:31 +0x25

goroutine 73882 [select]:
github.com/patrickmn/go-cache.(*janitor).Run(0xc042226fe0, 0xc01c347e40)
	/home/mariell/go/pkg/mod/github.com/patrickmn/go-cache@v2.1.0+incompatible/cache.go:1079 +0x7b
created by github.com/patrickmn/go-cache.runJanitor in goroutine 56142
	/home/mariell/go/pkg/mod/github.com/patrickmn/go-cache@v2.1.0+incompatible/cache.go:1099 +0xdb

goroutine 75681 [sync.Cond.Wait]:
sync.runtime_notifyListWait(0xc0260a7e90, 0x2)
	/usr/lib/go/src/runtime/sema.go:597 +0x159
sync.(*Cond).Wait(0x0?)
	/usr/lib/go/src/sync/cond.go:71 +0x85
github.com/centrifugal/centrifuge/internal/dissolve.(*queueImpl).Wait(0xc044618930)
	/home/mariell/go/pkg/mod/github.com/centrifugal/centrifuge@v0.33.3/internal/dissolve/queue.go:139 +0x4a
github.com/centrifugal/centrifuge/internal/dissolve.(*Dissolver).runWorker(0xc031b01698)
	/home/mariell/go/pkg/mod/github.com/centrifugal/centrifuge@v0.33.3/internal/dissolve/dissolve.go:52 +0x27
created by github.com/centrifugal/centrifuge/internal/dissolve.(*Dissolver).Run in goroutine 22318
	/home/mariell/go/pkg/mod/github.com/centrifugal/centrifuge@v0.33.3/internal/dissolve/dissolve.go:31 +0x25

goroutine 74575 [select]:
github.com/centrifugal/centrifuge.(*historyHub).removeStreams(0xc042a00180)
	/home/mariell/go/pkg/mod/github.com/centrifugal/centrifuge@v0.33.3/broker_memory.go:259 +0x6f
created by github.com/centrifugal/centrifuge.(*historyHub).runCleanups in goroutine 4438
	/home/mariell/go/pkg/mod/github.com/centrifugal/centrifuge@v0.33.3/broker_memory.go:253 +0x96

goroutine 77361 [sync.Cond.Wait]:
sync.runtime_notifyListWait(0xc045ae3d50, 0x2b)
	/usr/lib/go/src/runtime/sema.go:597 +0x159
sync.(*Cond).Wait(0x0?)
	/usr/lib/go/src/sync/cond.go:71 +0x85
github.com/centrifugal/centrifuge/internal/dissolve.(*queueImpl).Wait(0xc045afb420)
	/home/mariell/go/pkg/mod/github.com/centrifugal/centrifuge@v0.33.3/internal/dissolve/queue.go:139 +0x4a
github.com/centrifugal/centrifuge/internal/dissolve.(*Dissolver).runWorker(0xc034b3a078)
	/home/mariell/go/pkg/mod/github.com/centrifugal/centrifuge@v0.33.3/internal/dissolve/dissolve.go:52 +0x27
created by github.com/centrifugal/centrifuge/internal/dissolve.(*Dissolver).Run in goroutine 4437
	/home/mariell/go/pkg/mod/github.com/centrifugal/centrifuge@v0.33.3/internal/dissolve/dissolve.go:31 +0x25

goroutine 77838 [runnable]:
github.com/centrifugal/centrifuge.(*Node).Run.gowrap3()
	/home/mariell/go/pkg/mod/github.com/centrifugal/centrifuge@v0.33.3/node.go:262
runtime.goexit({})
	/usr/lib/go/src/runtime/asm_amd64.s:1700 +0x1
created by github.com/centrifugal/centrifuge.(*Node).Run in goroutine 3350
	/home/mariell/go/pkg/mod/github.com/centrifugal/centrifuge@v0.33.3/node.go:262 +0x2a5

goroutine 73693 [select]:
github.com/patrickmn/go-cache.(*janitor).Run(0xc018c25c60, 0xc01f89e980)
	/home/mariell/go/pkg/mod/github.com/patrickmn/go-cache@v2.1.0+incompatible/cache.go:1079 +0x7b
created by github.com/patrickmn/go-cache.runJanitor in goroutine 4437
	/home/mariell/go/pkg/mod/github.com/patrickmn/go-cache@v2.1.0+incompatible/cache.go:1099 +0xdb

goroutine 75035 [select]:
github.com/grafana/grafana/pkg/storage/unified/resource.(*broadcaster[...]).stream(0xab113a0, 0xc0188dae00)
	/home/mariell/work/oss/grafana/pkg/storage/unified/resource/broadcaster.go:205 +0x13d
created by github.com/grafana/grafana/pkg/storage/unified/resource.(*broadcaster[...]).init in goroutine 3349
	/home/mariell/work/oss/grafana/pkg/storage/unified/resource/broadcaster.go:177 +0x219

goroutine 73726 [select]:
github.com/patrickmn/go-cache.(*janitor).Run(0xc01e59f4d0, 0xc00ed04300)
	/home/mariell/go/pkg/mod/github.com/patrickmn/go-cache@v2.1.0+incompatible/cache.go:1079 +0x7b
created by github.com/patrickmn/go-cache.runJanitor in goroutine 56145
	/home/mariell/go/pkg/mod/github.com/patrickmn/go-cache@v2.1.0+incompatible/cache.go:1099 +0xdb

goroutine 75072 [chan receive]:
github.com/grafana/grafana/pkg/storage/unified/resource.(*server).initWatcher.func1.1()
	/home/mariell/work/oss/grafana/pkg/storage/unified/resource/server.go:922 +0x58
created by github.com/grafana/grafana/pkg/storage/unified/resource.(*server).initWatcher.func1 in goroutine 3351
	/home/mariell/work/oss/grafana/pkg/storage/unified/resource/server.go:921 +0xaa

goroutine 73861 [select]:
github.com/patrickmn/go-cache.(*janitor).Run(0xc01a23bf00, 0xc023e4c840)
	/home/mariell/go/pkg/mod/github.com/patrickmn/go-cache@v2.1.0+incompatible/cache.go:1079 +0x7b
created by github.com/patrickmn/go-cache.runJanitor in goroutine 4437
	/home/mariell/go/pkg/mod/github.com/patrickmn/go-cache@v2.1.0+incompatible/cache.go:1099 +0xdb

goroutine 76391 [sync.Cond.Wait]:
sync.runtime_notifyListWait(0xc045376a50, 0x27)
	/usr/lib/go/src/runtime/sema.go:597 +0x159
sync.(*Cond).Wait(0x0?)
	/usr/lib/go/src/sync/cond.go:71 +0x85
github.com/centrifugal/centrifuge/internal/dissolve.(*queueImpl).Wait(0xc0425a5ce0)
	/home/mariell/go/pkg/mod/github.com/centrifugal/centrifuge@v0.33.3/internal/dissolve/queue.go:139 +0x4a
github.com/centrifugal/centrifuge/internal/dissolve.(*Dissolver).runWorker(0xc0272822a0)
	/home/mariell/go/pkg/mod/github.com/centrifugal/centrifuge@v0.33.3/internal/dissolve/dissolve.go:52 +0x27
created by github.com/centrifugal/centrifuge/internal/dissolve.(*Dissolver).Run in goroutine 3349
	/home/mariell/go/pkg/mod/github.com/centrifugal/centrifuge@v0.33.3/internal/dissolve/dissolve.go:31 +0x25

goroutine 77356 [sync.Cond.Wait]:
sync.runtime_notifyListWait(0xc045ae3d50, 0x26)
	/usr/lib/go/src/runtime/sema.go:597 +0x159
sync.(*Cond).Wait(0x0?)
	/usr/lib/go/src/sync/cond.go:71 +0x85
github.com/centrifugal/centrifuge/internal/dissolve.(*queueImpl).Wait(0xc045afb420)
	/home/mariell/go/pkg/mod/github.com/centrifugal/centrifuge@v0.33.3/internal/dissolve/queue.go:139 +0x4a
github.com/centrifugal/centrifuge/internal/dissolve.(*Dissolver).runWorker(0xc034b3a078)
	/home/mariell/go/pkg/mod/github.com/centrifugal/centrifuge@v0.33.3/internal/dissolve/dissolve.go:52 +0x27
created by github.com/centrifugal/centrifuge/internal/dissolve.(*Dissolver).Run in goroutine 4437
	/home/mariell/go/pkg/mod/github.com/centrifugal/centrifuge@v0.33.3/internal/dissolve/dissolve.go:31 +0x25

goroutine 75106 [select]:
github.com/grafana/grafana/pkg/storage/unified/resource.(*broadcaster[...]).stream(0xab113a0, 0xc040a778f0)
	/home/mariell/work/oss/grafana/pkg/storage/unified/resource/broadcaster.go:205 +0x13d
created by github.com/grafana/grafana/pkg/storage/unified/resource.(*broadcaster[...]).init in goroutine 3351
	/home/mariell/work/oss/grafana/pkg/storage/unified/resource/broadcaster.go:177 +0x219

goroutine 75336 [sync.Cond.Wait]:
sync.runtime_notifyListWait(0xc00e4b6210, 0x19)
	/usr/lib/go/src/runtime/sema.go:597 +0x159
sync.(*Cond).Wait(0x0?)
	/usr/lib/go/src/sync/cond.go:71 +0x85
github.com/centrifugal/centrifuge/internal/dissolve.(*queueImpl).Wait(0xc043706620)
	/home/mariell/go/pkg/mod/github.com/centrifugal/centrifuge@v0.33.3/internal/dissolve/queue.go:139 +0x4a
github.com/centrifugal/centrifuge/internal/dissolve.(*Dissolver).runWorker(0xc0253d2480)
	/home/mariell/go/pkg/mod/github.com/centrifugal/centrifuge@v0.33.3/internal/dissolve/dissolve.go:52 +0x27
created by github.com/centrifugal/centrifuge/internal/dissolve.(*Dissolver).Run in goroutine 56144
	/home/mariell/go/pkg/mod/github.com/centrifugal/centrifuge@v0.33.3/internal/dissolve/dissolve.go:31 +0x25

goroutine 73727 [select]:
github.com/patrickmn/go-cache.(*janitor).Run(0xc040452540, 0xc01c8545c0)
	/home/mariell/go/pkg/mod/github.com/patrickmn/go-cache@v2.1.0+incompatible/cache.go:1079 +0x7b
created by github.com/patrickmn/go-cache.runJanitor in goroutine 4439
	/home/mariell/go/pkg/mod/github.com/patrickmn/go-cache@v2.1.0+incompatible/cache.go:1099 +0xdb

goroutine 74896 [chan receive]:
github.com/grafana/grafana/pkg/storage/unified/resource.(*server).initWatcher.func1.1()
	/home/mariell/work/oss/grafana/pkg/storage/unified/resource/server.go:922 +0x58
created by github.com/grafana/grafana/pkg/storage/unified/resource.(*server).initWatcher.func1 in goroutine 56143
	/home/mariell/work/oss/grafana/pkg/storage/unified/resource/server.go:921 +0xaa

goroutine 75340 [sync.Cond.Wait]:
sync.runtime_notifyListWait(0xc00e4b6210, 0x1d)
	/usr/lib/go/src/runtime/sema.go:597 +0x159
sync.(*Cond).Wait(0x0?)
	/usr/lib/go/src/sync/cond.go:71 +0x85
github.com/centrifugal/centrifuge/internal/dissolve.(*queueImpl).Wait(0xc043706620)
	/home/mariell/go/pkg/mod/github.com/centrifugal/centrifuge@v0.33.3/internal/dissolve/queue.go:139 +0x4a
github.com/centrifugal/centrifuge/internal/dissolve.(*Dissolver).runWorker(0xc0253d2480)
	/home/mariell/go/pkg/mod/github.com/centrifugal/centrifuge@v0.33.3/internal/dissolve/dissolve.go:52 +0x27
created by github.com/centrifugal/centrifuge/internal/dissolve.(*Dissolver).Run in goroutine 56144
	/home/mariell/go/pkg/mod/github.com/centrifugal/centrifuge@v0.33.3/internal/dissolve/dissolve.go:31 +0x25

goroutine 77707 [select]:
net.(*netFD).connect.func2()
	/usr/lib/go/src/net/fd_unix.go:118 +0x7a
created by net.(*netFD).connect in goroutine 77706
	/usr/lib/go/src/net/fd_unix.go:117 +0x349

goroutine 77292 [select]:
github.com/FZambia/eagle.(*Eagle).aggregate(0xc048073110)
	/home/mariell/go/pkg/mod/github.com/!f!zambia/eagle@v0.1.0/eagle.go:210 +0x6d
created by github.com/FZambia/eagle.New in goroutine 22317
	/home/mariell/go/pkg/mod/github.com/!f!zambia/eagle@v0.1.0/eagle.go:66 +0x176

goroutine 76009 [runnable]:
internal/poll.runtime_pollWait(0x7774f414c818, 0x77)
	/usr/lib/go/src/runtime/netpoll.go:351 +0x85
internal/poll.(*pollDesc).wait(0xc0481db100?, 0x0?, 0x0)
	/usr/lib/go/src/internal/poll/fd_poll_runtime.go:84 +0x27
internal/poll.(*pollDesc).waitWrite(...)
	/usr/lib/go/src/internal/poll/fd_poll_runtime.go:93
internal/poll.(*FD).WaitWrite(...)
	/usr/lib/go/src/internal/poll/fd_unix.go:692
net.(*netFD).connect(0xc0481db100, {0xa9d1d00, 0xc0489a4280}, {0x41d49a?, 0x0?}, {0xa94c2e0?, 0xc0489a6080?})
	/usr/lib/go/src/net/fd_unix.go:141 +0x6cb
net.(*netFD).dial(0xc0481db100, {0xa9d1d00, 0xc0489a4280}, {0xa9efce0?, 0x0?}, {0xa9efce0, 0xc0478b69f0}, 0x47cfb3?)
	/usr/lib/go/src/net/sock_posix.go:124 +0x3bc
net.socket({0xa9d1d00, 0xc0489a4280}, {0x9513531, 0x3}, 0xa, 0x1, 0x0?, 0x0, {0xa9efce0, 0x0}, ...)
	/usr/lib/go/src/net/sock_posix.go:70 +0x29b
net.internetSocket({0xa9d1d00, 0xc0489a4280}, {0x9513531, 0x3}, {0xa9efce0, 0x0}, {0xa9efce0, 0xc0478b69f0}, 0x1, 0x0, ...)
	/usr/lib/go/src/net/ipsock_posix.go:167 +0xf8
net.(*sysDialer).doDialTCPProto(0xc046a2ccc0, {0xa9d1d00, 0xc0489a4280}, 0x0, 0xc0478b69f0, 0x0)
	/usr/lib/go/src/net/tcpsock_posix.go:85 +0xe7
net.(*sysDialer).doDialTCP(...)
	/usr/lib/go/src/net/tcpsock_posix.go:75
net.(*sysDialer).dialTCP(0x47b4b9?, {0xa9d1d00?, 0xc0489a4280?}, 0x7f7bc20?, 0xc047de0dc8?)
	/usr/lib/go/src/net/tcpsock_posix.go:71 +0x69
net.(*sysDialer).dialSingle(0xc046a2ccc0, {0xa9d1d00, 0xc0489a4280}, {0xa9778b8, 0xc0478b69f0})
	/usr/lib/go/src/net/dial.go:721 +0x3ce
net.(*sysDialer).dialSerial(0xc046a2ccc0, {0xa9d1d00, 0xc0489a4280}, {0xc0489a8010?, 0x1, 0x10000faa8?})
	/usr/lib/go/src/net/dial.go:686 +0x24e
net.(*sysDialer).dialParallel.func1({0xa9d1d00?, 0xc0489a4280?}, 0x1)
	/usr/lib/go/src/net/dial.go:606 +0x85
created by net.(*sysDialer).dialParallel in goroutine 76719
	/usr/lib/go/src/net/dial.go:621 +0x2bc

goroutine 73642 [select]:
github.com/patrickmn/go-cache.(*janitor).Run(0xc0402b2080, 0xc023e4da00)
	/home/mariell/go/pkg/mod/github.com/patrickmn/go-cache@v2.1.0+incompatible/cache.go:1079 +0x7b
created by github.com/patrickmn/go-cache.runJanitor in goroutine 56145
	/home/mariell/go/pkg/mod/github.com/patrickmn/go-cache@v2.1.0+incompatible/cache.go:1099 +0xdb

goroutine 75128 [chan receive]:
github.com/grafana/grafana/pkg/storage/unified/sql.(*channelNotifier).notify.func1()
	/home/mariell/work/oss/grafana/pkg/storage/unified/sql/notifier.go:87 +0x39
created by github.com/grafana/grafana/pkg/storage/unified/sql.(*channelNotifier).notify in goroutine 56141
	/home/mariell/work/oss/grafana/pkg/storage/unified/sql/notifier.go:86 +0xdb

goroutine 73674 [select]:
github.com/patrickmn/go-cache.(*janitor).Run(0xc04151b470, 0xc0140835c0)
	/home/mariell/go/pkg/mod/github.com/patrickmn/go-cache@v2.1.0+incompatible/cache.go:1079 +0x7b
created by github.com/patrickmn/go-cache.runJanitor in goroutine 22317
	/home/mariell/go/pkg/mod/github.com/patrickmn/go-cache@v2.1.0+incompatible/cache.go:1099 +0xdb

goroutine 74907 [chan receive]:
github.com/grafana/grafana/pkg/storage/unified/resource.(*server).initWatcher.func1.1()
	/home/mariell/work/oss/grafana/pkg/storage/unified/resource/server.go:922 +0x58
created by github.com/grafana/grafana/pkg/storage/unified/resource.(*server).initWatcher.func1 in goroutine 22318
	/home/mariell/work/oss/grafana/pkg/storage/unified/resource/server.go:921 +0xaa

goroutine 77080 [sync.Cond.Wait]:
sync.runtime_notifyListWait(0xc045ae3d50, 0x12)
	/usr/lib/go/src/runtime/sema.go:597 +0x159
sync.(*Cond).Wait(0x0?)
	/usr/lib/go/src/sync/cond.go:71 +0x85
github.com/centrifugal/centrifuge/internal/dissolve.(*queueImpl).Wait(0xc045afb420)
	/home/mariell/go/pkg/mod/github.com/centrifugal/centrifuge@v0.33.3/internal/dissolve/queue.go:139 +0x4a
github.com/centrifugal/centrifuge/internal/dissolve.(*Dissolver).runWorker(0xc034b3a078)
	/home/mariell/go/pkg/mod/github.com/centrifugal/centrifuge@v0.33.3/internal/dissolve/dissolve.go:52 +0x27
created by github.com/centrifugal/centrifuge/internal/dissolve.(*Dissolver).Run in goroutine 4437
	/home/mariell/go/pkg/mod/github.com/centrifugal/centrifuge@v0.33.3/internal/dissolve/dissolve.go:31 +0x25

goroutine 76713 [select]:
net/http.(*persistConn).writeLoop(0xc017c7cd80)
	/usr/lib/go/src/net/http/transport.go:2590 +0xe7
created by net/http.(*Transport).dialConn in goroutine 75272
	/usr/lib/go/src/net/http/transport.go:1945 +0x17a5

goroutine 74035 [select]:
github.com/patrickmn/go-cache.(*janitor).Run(0xc04122f6a0, 0xc029f09900)
	/home/mariell/go/pkg/mod/github.com/patrickmn/go-cache@v2.1.0+incompatible/cache.go:1079 +0x7b
created by github.com/patrickmn/go-cache.runJanitor in goroutine 56143
	/home/mariell/go/pkg/mod/github.com/patrickmn/go-cache@v2.1.0+incompatible/cache.go:1099 +0xdb

goroutine 75680 [sync.Cond.Wait]:
sync.runtime_notifyListWait(0xc0260a7e90, 0x1)
	/usr/lib/go/src/runtime/sema.go:597 +0x159
sync.(*Cond).Wait(0xc00cd74fd0?)
	/usr/lib/go/src/sync/cond.go:71 +0x85
github.com/centrifugal/centrifuge/internal/dissolve.(*queueImpl).Wait(0xc044618930)
	/home/mariell/go/pkg/mod/github.com/centrifugal/centrifuge@v0.33.3/internal/dissolve/queue.go:139 +0x4a
github.com/centrifugal/centrifuge/internal/dissolve.(*Dissolver).runWorker(0xc031b01698)
	/home/mariell/go/pkg/mod/github.com/centrifugal/centrifuge@v0.33.3/internal/dissolve/dissolve.go:52 +0x27
created by github.com/centrifugal/centrifuge/internal/dissolve.(*Dissolver).Run in goroutine 22318
	/home/mariell/go/pkg/mod/github.com/centrifugal/centrifuge@v0.33.3/internal/dissolve/dissolve.go:31 +0x25

goroutine 73862 [select]:
github.com/patrickmn/go-cache.(*janitor).Run(0xc023a88db0, 0xc0228a0740)
	/home/mariell/go/pkg/mod/github.com/patrickmn/go-cache@v2.1.0+incompatible/cache.go:1079 +0x7b
created by github.com/patrickmn/go-cache.runJanitor in goroutine 4436
	/home/mariell/go/pkg/mod/github.com/patrickmn/go-cache@v2.1.0+incompatible/cache.go:1099 +0xdb

goroutine 74711 [chan receive]:
github.com/grafana/grafana/pkg/storage/unified/sql.(*channelNotifier).notify.func1()
	/home/mariell/work/oss/grafana/pkg/storage/unified/sql/notifier.go:87 +0x39
created by github.com/grafana/grafana/pkg/storage/unified/sql.(*channelNotifier).notify in goroutine 4437
	/home/mariell/work/oss/grafana/pkg/storage/unified/sql/notifier.go:86 +0xdb

goroutine 74908 [select]:
github.com/grafana/grafana/pkg/storage/unified/resource.(*cache[...]).run(0xc0383cb080)
	/home/mariell/work/oss/grafana/pkg/storage/unified/resource/broadcaster.go:291 +0xb0
created by github.com/grafana/grafana/pkg/storage/unified/resource.newChannelCache[...] in goroutine 22318
	/home/mariell/work/oss/grafana/pkg/storage/unified/resource/broadcaster.go:276 +0x189

goroutine 74600 [sync.Cond.Wait]:
sync.runtime_notifyListWait(0xc022369b10, 0x0)
	/usr/lib/go/src/runtime/sema.go:597 +0x159
sync.(*Cond).Wait(0x0?)
	/usr/lib/go/src/sync/cond.go:71 +0x85
github.com/centrifugal/centrifuge/internal/dissolve.(*queueImpl).Wait(0xc0429f7180)
	/home/mariell/go/pkg/mod/github.com/centrifugal/centrifuge@v0.33.3/internal/dissolve/queue.go:139 +0x4a
github.com/centrifugal/centrifuge/internal/dissolve.(*Dissolver).runWorker(0xc02391be18)
	/home/mariell/go/pkg/mod/github.com/centrifugal/centrifuge@v0.33.3/internal/dissolve/dissolve.go:52 +0x27
created by github.com/centrifugal/centrifuge/internal/dissolve.(*Dissolver).Run in goroutine 4438
	/home/mariell/go/pkg/mod/github.com/centrifugal/centrifuge@v0.33.3/internal/dissolve/dissolve.go:31 +0x25

goroutine 74593 [sync.Cond.Wait]:
sync.runtime_notifyListWait(0xc022369b10, 0x9)
	/usr/lib/go/src/runtime/sema.go:597 +0x159
sync.(*Cond).Wait(0x0?)
	/usr/lib/go/src/sync/cond.go:71 +0x85
github.com/centrifugal/centrifuge/internal/dissolve.(*queueImpl).Wait(0xc0429f7180)
	/home/mariell/go/pkg/mod/github.com/centrifugal/centrifuge@v0.33.3/internal/dissolve/queue.go:139 +0x4a
github.com/centrifugal/centrifuge/internal/dissolve.(*Dissolver).runWorker(0xc02391be18)
	/home/mariell/go/pkg/mod/github.com/centrifugal/centrifuge@v0.33.3/internal/dissolve/dissolve.go:52 +0x27
created by github.com/centrifugal/centrifuge/internal/dissolve.(*Dissolver).Run in goroutine 4438
	/home/mariell/go/pkg/mod/github.com/centrifugal/centrifuge@v0.33.3/internal/dissolve/dissolve.go:31 +0x25

goroutine 77348 [sync.Cond.Wait]:
sync.runtime_notifyListWait(0xc045ae3d50, 0x1e)
	/usr/lib/go/src/runtime/sema.go:597 +0x159
sync.(*Cond).Wait(0xc031ce87d0?)
	/usr/lib/go/src/sync/cond.go:71 +0x85
github.com/centrifugal/centrifuge/internal/dissolve.(*queueImpl).Wait(0xc045afb420)
	/home/mariell/go/pkg/mod/github.com/centrifugal/centrifuge@v0.33.3/internal/dissolve/queue.go:139 +0x4a
github.com/centrifugal/centrifuge/internal/dissolve.(*Dissolver).runWorker(0xc034b3a078)
	/home/mariell/go/pkg/mod/github.com/centrifugal/centrifuge@v0.33.3/internal/dissolve/dissolve.go:52 +0x27
created by github.com/centrifugal/centrifuge/internal/dissolve.(*Dissolver).Run in goroutine 4437
	/home/mariell/go/pkg/mod/github.com/centrifugal/centrifuge@v0.33.3/internal/dissolve/dissolve.go:31 +0x25

goroutine 74909 [select]:
github.com/grafana/grafana/pkg/storage/unified/resource.(*broadcaster[...]).stream(0xab113a0, 0xc04221bdc0)
	/home/mariell/work/oss/grafana/pkg/storage/unified/resource/broadcaster.go:205 +0x13d
created by github.com/grafana/grafana/pkg/storage/unified/resource.(*broadcaster[...]).init in goroutine 22318
	/home/mariell/work/oss/grafana/pkg/storage/unified/resource/broadcaster.go:177 +0x219

goroutine 72588 [select]:
github.com/patrickmn/go-cache.(*janitor).Run(0xc01c922140, 0xc01c854700)
	/home/mariell/go/pkg/mod/github.com/patrickmn/go-cache@v2.1.0+incompatible/cache.go:1079 +0x7b
created by github.com/patrickmn/go-cache.runJanitor in goroutine 22318
	/home/mariell/go/pkg/mod/github.com/patrickmn/go-cache@v2.1.0+incompatible/cache.go:1099 +0xdb

goroutine 74598 [sync.Cond.Wait]:
sync.runtime_notifyListWait(0xc022369b10, 0xe)
	/usr/lib/go/src/runtime/sema.go:597 +0x159
sync.(*Cond).Wait(0x0?)
	/usr/lib/go/src/sync/cond.go:71 +0x85
github.com/centrifugal/centrifuge/internal/dissolve.(*queueImpl).Wait(0xc0429f7180)
	/home/mariell/go/pkg/mod/github.com/centrifugal/centrifuge@v0.33.3/internal/dissolve/queue.go:139 +0x4a
github.com/centrifugal/centrifuge/internal/dissolve.(*Dissolver).runWorker(0xc02391be18)
	/home/mariell/go/pkg/mod/github.com/centrifugal/centrifuge@v0.33.3/internal/dissolve/dissolve.go:52 +0x27
created by github.com/centrifugal/centrifuge/internal/dissolve.(*Dissolver).Run in goroutine 4438
	/home/mariell/go/pkg/mod/github.com/centrifugal/centrifuge@v0.33.3/internal/dissolve/dissolve.go:31 +0x25

goroutine 75282 [select]:
github.com/grafana/grafana/pkg/storage/unified/resource.(*broadcaster[...]).stream(0xab113a0, 0xc041b49110)
	/home/mariell/work/oss/grafana/pkg/storage/unified/resource/broadcaster.go:205 +0x13d
created by github.com/grafana/grafana/pkg/storage/unified/resource.(*broadcaster[...]).init in goroutine 3350
	/home/mariell/work/oss/grafana/pkg/storage/unified/resource/broadcaster.go:177 +0x219

goroutine 75156 [select]:
github.com/grafana/grafana/pkg/storage/unified/resource.(*broadcaster[...]).stream(0xab113a0, 0xc041573490)
	/home/mariell/work/oss/grafana/pkg/storage/unified/resource/broadcaster.go:205 +0x13d
created by github.com/grafana/grafana/pkg/storage/unified/resource.(*broadcaster[...]).init in goroutine 59395
	/home/mariell/work/oss/grafana/pkg/storage/unified/resource/broadcaster.go:177 +0x219

goroutine 77358 [sync.Cond.Wait]:
sync.runtime_notifyListWait(0xc045ae3d50, 0x28)
	/usr/lib/go/src/runtime/sema.go:597 +0x159
sync.(*Cond).Wait(0xc032367fd0?)
	/usr/lib/go/src/sync/cond.go:71 +0x85
github.com/centrifugal/centrifuge/internal/dissolve.(*queueImpl).Wait(0xc045afb420)
	/home/mariell/go/pkg/mod/github.com/centrifugal/centrifuge@v0.33.3/internal/dissolve/queue.go:139 +0x4a
github.com/centrifugal/centrifuge/internal/dissolve.(*Dissolver).runWorker(0xc034b3a078)
	/home/mariell/go/pkg/mod/github.com/centrifugal/centrifuge@v0.33.3/internal/dissolve/dissolve.go:52 +0x27
created by github.com/centrifugal/centrifuge/internal/dissolve.(*Dissolver).Run in goroutine 4437
	/home/mariell/go/pkg/mod/github.com/centrifugal/centrifuge@v0.33.3/internal/dissolve/dissolve.go:31 +0x25

goroutine 73712 [select]:
github.com/patrickmn/go-cache.(*janitor).Run(0xc03425d8e0, 0xc00ed05900)
	/home/mariell/go/pkg/mod/github.com/patrickmn/go-cache@v2.1.0+incompatible/cache.go:1079 +0x7b
created by github.com/patrickmn/go-cache.runJanitor in goroutine 3351
	/home/mariell/go/pkg/mod/github.com/patrickmn/go-cache@v2.1.0+incompatible/cache.go:1099 +0xdb

goroutine 74927 [select]:
github.com/centrifugal/centrifuge.(*Node).sendNodePing(0xc02562d208)
	/home/mariell/go/pkg/mod/github.com/centrifugal/centrifuge@v0.33.3/node.go:380 +0x85
created by github.com/centrifugal/centrifuge.(*Node).Run in goroutine 56144
	/home/mariell/go/pkg/mod/github.com/centrifugal/centrifuge@v0.33.3/node.go:260 +0x225

goroutine 75660 [select]:
github.com/patrickmn/go-cache.(*janitor).Run(0xc04401cbd0, 0xc029ff9980)
	/home/mariell/go/pkg/mod/github.com/patrickmn/go-cache@v2.1.0+incompatible/cache.go:1079 +0x7b
created by github.com/patrickmn/go-cache.runJanitor in goroutine 22318
	/home/mariell/go/pkg/mod/github.com/patrickmn/go-cache@v2.1.0+incompatible/cache.go:1099 +0xdb

goroutine 77728 [select]:
github.com/FZambia/eagle.(*Eagle).aggregate(0xc04890de30)
	/home/mariell/go/pkg/mod/github.com/!f!zambia/eagle@v0.1.0/eagle.go:210 +0x6d
created by github.com/FZambia/eagle.New in goroutine 56142
	/home/mariell/go/pkg/mod/github.com/!f!zambia/eagle@v0.1.0/eagle.go:66 +0x176

goroutine 74611 [sync.Cond.Wait]:
sync.runtime_notifyListWait(0xc022369b10, 0x1b)
	/usr/lib/go/src/runtime/sema.go:597 +0x159
sync.(*Cond).Wait(0x0?)
	/usr/lib/go/src/sync/cond.go:71 +0x85
github.com/centrifugal/centrifuge/internal/dissolve.(*queueImpl).Wait(0xc0429f7180)
	/home/mariell/go/pkg/mod/github.com/centrifugal/centrifuge@v0.33.3/internal/dissolve/queue.go:139 +0x4a
github.com/centrifugal/centrifuge/internal/dissolve.(*Dissolver).runWorker(0xc02391be18)
	/home/mariell/go/pkg/mod/github.com/centrifugal/centrifuge@v0.33.3/internal/dissolve/dissolve.go:52 +0x27
created by github.com/centrifugal/centrifuge/internal/dissolve.(*Dissolver).Run in goroutine 4438
	/home/mariell/go/pkg/mod/github.com/centrifugal/centrifuge@v0.33.3/internal/dissolve/dissolve.go:31 +0x25

goroutine 77380 [sync.Cond.Wait]:
sync.runtime_notifyListWait(0xc045ae3d50, 0x2d)
	/usr/lib/go/src/runtime/sema.go:597 +0x159
sync.(*Cond).Wait(0xc0323637d0?)
	/usr/lib/go/src/sync/cond.go:71 +0x85
github.com/centrifugal/centrifuge/internal/dissolve.(*queueImpl).Wait(0xc045afb420)
	/home/mariell/go/pkg/mod/github.com/centrifugal/centrifuge@v0.33.3/internal/dissolve/queue.go:139 +0x4a
github.com/centrifugal/centrifuge/internal/dissolve.(*Dissolver).runWorker(0xc034b3a078)
	/home/mariell/go/pkg/mod/github.com/centrifugal/centrifuge@v0.33.3/internal/dissolve/dissolve.go:52 +0x27
created by github.com/centrifugal/centrifuge/internal/dissolve.(*Dissolver).Run in goroutine 4437
	/home/mariell/go/pkg/mod/github.com/centrifugal/centrifuge@v0.33.3/internal/dissolve/dissolve.go:31 +0x25

goroutine 74617 [sync.Cond.Wait]:
sync.runtime_notifyListWait(0xc022369b10, 0x21)
	/usr/lib/go/src/runtime/sema.go:597 +0x159
sync.(*Cond).Wait(0x0?)
	/usr/lib/go/src/sync/cond.go:71 +0x85
github.com/centrifugal/centrifuge/internal/dissolve.(*queueImpl).Wait(0xc0429f7180)
	/home/mariell/go/pkg/mod/github.com/centrifugal/centrifuge@v0.33.3/internal/dissolve/queue.go:139 +0x4a
github.com/centrifugal/centrifuge/internal/dissolve.(*Dissolver).runWorker(0xc02391be18)
	/home/mariell/go/pkg/mod/github.com/centrifugal/centrifuge@v0.33.3/internal/dissolve/dissolve.go:52 +0x27
created by github.com/centrifugal/centrifuge/internal/dissolve.(*Dissolver).Run in goroutine 4438
	/home/mariell/go/pkg/mod/github.com/centrifugal/centrifuge@v0.33.3/internal/dissolve/dissolve.go:31 +0x25

goroutine 74477 [chan receive]:
github.com/grafana/grafana/pkg/storage/unified/sql.(*channelNotifier).notify.func1()
	/home/mariell/work/oss/grafana/pkg/storage/unified/sql/notifier.go:87 +0x39
created by github.com/grafana/grafana/pkg/storage/unified/sql.(*channelNotifier).notify in goroutine 22317
	/home/mariell/work/oss/grafana/pkg/storage/unified/sql/notifier.go:86 +0xdb

goroutine 76712 [IO wait]:
internal/poll.runtime_pollWait(0x77751a4b61c8, 0x72)
	/usr/lib/go/src/runtime/netpoll.go:351 +0x85
internal/poll.(*pollDesc).wait(0xc044ca6280?, 0xc029878c00?, 0x0)
	/usr/lib/go/src/internal/poll/fd_poll_runtime.go:84 +0x27
internal/poll.(*pollDesc).waitRead(...)
	/usr/lib/go/src/internal/poll/fd_poll_runtime.go:89
internal/poll.(*FD).Read(0xc044ca6280, {0xc029878c00, 0x1300, 0x1300})
	/usr/lib/go/src/internal/poll/fd_unix.go:165 +0x27a
net.(*netFD).Read(0xc044ca6280, {0xc029878c00?, 0x7f66560?, 0xc025400cb0?})
	/usr/lib/go/src/net/fd_posix.go:55 +0x25
net.(*conn).Read(0xc0457803a0, {0xc029878c00?, 0x77751a772780?, 0x7775a8b2b038?})
	/usr/lib/go/src/net/net.go:194 +0x45
crypto/tls.(*atLeastReader).Read(0xc034b3bf68, {0xc029878c00?, 0xc0457de668?, 0xa92d690?})
	/usr/lib/go/src/crypto/tls/conn.go:809 +0x3b
bytes.(*Buffer).ReadFrom(0xc0457de638, {0xa94e300, 0xc034b3bf68})
	/usr/lib/go/src/bytes/buffer.go:211 +0x98
crypto/tls.(*Conn).readFromUntil(0xc0457de388, {0xa94dc00, 0xc0457803a0}, 0x444af4?)
	/usr/lib/go/src/crypto/tls/conn.go:831 +0xde
crypto/tls.(*Conn).readRecordOrCCS(0xc0457de388, 0x0)
	/usr/lib/go/src/crypto/tls/conn.go:629 +0x3cf
crypto/tls.(*Conn).readRecord(...)
	/usr/lib/go/src/crypto/tls/conn.go:591
crypto/tls.(*Conn).Read(0xc0457de388, {0xc0477b3000, 0x1000, 0x7775a8b2b038?})
	/usr/lib/go/src/crypto/tls/conn.go:1385 +0x145
net/http.(*persistConn).Read(0xc017c7cd80, {0xc0477b3000?, 0x414207?, 0x68?})
	/usr/lib/go/src/net/http/transport.go:2122 +0x47
bufio.(*Reader).fill(0xc0477b80c0)
	/usr/lib/go/src/bufio/bufio.go:113 +0x103
bufio.(*Reader).Peek(0xc0477b80c0, 0x1)
	/usr/lib/go/src/bufio/bufio.go:152 +0x53
net/http.(*persistConn).readLoop(0xc017c7cd80)
	/usr/lib/go/src/net/http/transport.go:2275 +0x172
created by net/http.(*Transport).dialConn in goroutine 75272
	/usr/lib/go/src/net/http/transport.go:1944 +0x174f

goroutine 74166 [select]:
github.com/patrickmn/go-cache.(*janitor).Run(0xc040453f70, 0xc01c8550c0)
	/home/mariell/go/pkg/mod/github.com/patrickmn/go-cache@v2.1.0+incompatible/cache.go:1079 +0x7b
created by github.com/patrickmn/go-cache.runJanitor in goroutine 4439
	/home/mariell/go/pkg/mod/github.com/patrickmn/go-cache@v2.1.0+incompatible/cache.go:1099 +0xdb

goroutine 73694 [select]:
github.com/patrickmn/go-cache.(*janitor).Run(0xc018b6add0, 0xc01f89f200)
	/home/mariell/go/pkg/mod/github.com/patrickmn/go-cache@v2.1.0+incompatible/cache.go:1079 +0x7b
created by github.com/patrickmn/go-cache.runJanitor in goroutine 4437
	/home/mariell/go/pkg/mod/github.com/patrickmn/go-cache@v2.1.0+incompatible/cache.go:1099 +0xdb

goroutine 74589 [sync.Cond.Wait]:
sync.runtime_notifyListWait(0xc022369b10, 0x5)
	/usr/lib/go/src/runtime/sema.go:597 +0x159
sync.(*Cond).Wait(0x0?)
	/usr/lib/go/src/sync/cond.go:71 +0x85
github.com/centrifugal/centrifuge/internal/dissolve.(*queueImpl).Wait(0xc0429f7180)
	/home/mariell/go/pkg/mod/github.com/centrifugal/centrifuge@v0.33.3/internal/dissolve/queue.go:139 +0x4a
github.com/centrifugal/centrifuge/internal/dissolve.(*Dissolver).runWorker(0xc02391be18)
	/home/mariell/go/pkg/mod/github.com/centrifugal/centrifuge@v0.33.3/internal/dissolve/dissolve.go:52 +0x27
created by github.com/centrifugal/centrifuge/internal/dissolve.(*Dissolver).Run in goroutine 4438
	/home/mariell/go/pkg/mod/github.com/centrifugal/centrifuge@v0.33.3/internal/dissolve/dissolve.go:31 +0x25

goroutine 76390 [sync.Cond.Wait]:
sync.runtime_notifyListWait(0xc045376a50, 0x26)
	/usr/lib/go/src/runtime/sema.go:597 +0x159
sync.(*Cond).Wait(0x0?)
	/usr/lib/go/src/sync/cond.go:71 +0x85
github.com/centrifugal/centrifuge/internal/dissolve.(*queueImpl).Wait(0xc0425a5ce0)
	/home/mariell/go/pkg/mod/github.com/centrifugal/centrifuge@v0.33.3/internal/dissolve/queue.go:139 +0x4a
github.com/centrifugal/centrifuge/internal/dissolve.(*Dissolver).runWorker(0xc0272822a0)
	/home/mariell/go/pkg/mod/github.com/centrifugal/centrifuge@v0.33.3/internal/dissolve/dissolve.go:52 +0x27
created by github.com/centrifugal/centrifuge/internal/dissolve.(*Dissolver).Run in goroutine 3349
	/home/mariell/go/pkg/mod/github.com/centrifugal/centrifuge@v0.33.3/internal/dissolve/dissolve.go:31 +0x25

goroutine 76386 [sync.Cond.Wait]:
sync.runtime_notifyListWait(0xc045376a50, 0x22)
	/usr/lib/go/src/runtime/sema.go:597 +0x159
sync.(*Cond).Wait(0x0?)
	/usr/lib/go/src/sync/cond.go:71 +0x85
github.com/centrifugal/centrifuge/internal/dissolve.(*queueImpl).Wait(0xc0425a5ce0)
	/home/mariell/go/pkg/mod/github.com/centrifugal/centrifuge@v0.33.3/internal/dissolve/queue.go:139 +0x4a
github.com/centrifugal/centrifuge/internal/dissolve.(*Dissolver).runWorker(0xc0272822a0)
	/home/mariell/go/pkg/mod/github.com/centrifugal/centrifuge@v0.33.3/internal/dissolve/dissolve.go:52 +0x27
created by github.com/centrifugal/centrifuge/internal/dissolve.(*Dissolver).Run in goroutine 3349
	/home/mariell/go/pkg/mod/github.com/centrifugal/centrifuge@v0.33.3/internal/dissolve/dissolve.go:31 +0x25

goroutine 76714 [IO wait]:
internal/poll.runtime_pollWait(0x77751a4b62e0, 0x72)
	/usr/lib/go/src/runtime/netpoll.go:351 +0x85
internal/poll.(*pollDesc).wait(0xc044ca6200?, 0xc0477c2000?, 0x0)
	/usr/lib/go/src/internal/poll/fd_poll_runtime.go:84 +0x27
internal/poll.(*pollDesc).waitRead(...)
	/usr/lib/go/src/internal/poll/fd_poll_runtime.go:89
internal/poll.(*FD).Read(0xc044ca6200, {0xc0477c2000, 0x1300, 0x1300})
	/usr/lib/go/src/internal/poll/fd_unix.go:165 +0x27a
net.(*netFD).Read(0xc044ca6200, {0xc0477c2000?, 0x7775600b8f60?, 0x6?})
	/usr/lib/go/src/net/fd_posix.go:55 +0x25
net.(*conn).Read(0xc045780398, {0xc0477c2000?, 0x7775600b8f60?, 0x7775a8b2b038?})
	/usr/lib/go/src/net/net.go:194 +0x45
crypto/tls.(*atLeastReader).Read(0xc007750018, {0xc0477c2000?, 0xc0457de2e8?, 0x3539633634323361?})
	/usr/lib/go/src/crypto/tls/conn.go:809 +0x3b
bytes.(*Buffer).ReadFrom(0xc0457de2b8, {0xa94e300, 0xc007750018})
	/usr/lib/go/src/bytes/buffer.go:211 +0x98
crypto/tls.(*Conn).readFromUntil(0xc0457de008, {0xa94dc00, 0xc045780398}, 0x444af4?)
	/usr/lib/go/src/crypto/tls/conn.go:831 +0xde
crypto/tls.(*Conn).readRecordOrCCS(0xc0457de008, 0x0)
	/usr/lib/go/src/crypto/tls/conn.go:629 +0x3cf
crypto/tls.(*Conn).readRecord(...)
	/usr/lib/go/src/crypto/tls/conn.go:591
crypto/tls.(*Conn).Read(0xc0457de008, {0xc0477c8000, 0x1000, 0x7775a8b2b038?})
	/usr/lib/go/src/crypto/tls/conn.go:1385 +0x145
net/http.(*persistConn).Read(0xc02b5f78c0, {0xc0477c8000?, 0x414207?, 0x68?})
	/usr/lib/go/src/net/http/transport.go:2122 +0x47
bufio.(*Reader).fill(0xc0477b9320)
	/usr/lib/go/src/bufio/bufio.go:113 +0x103
bufio.(*Reader).Peek(0xc0477b9320, 0x1)
	/usr/lib/go/src/bufio/bufio.go:152 +0x53
net/http.(*persistConn).readLoop(0xc02b5f78c0)
	/usr/lib/go/src/net/http/transport.go:2275 +0x172
created by net/http.(*Transport).dialConn in goroutine 75040
	/usr/lib/go/src/net/http/transport.go:1944 +0x174f

goroutine 75545 [select]:
github.com/centrifugal/centrifuge.(*MemoryBroker).expireResultCache(0xc044575680)
	/home/mariell/go/pkg/mod/github.com/centrifugal/centrifuge@v0.33.3/broker_memory.go:160 +0x68
created by github.com/centrifugal/centrifuge.(*MemoryBroker).Run in goroutine 22318
	/home/mariell/go/pkg/mod/github.com/centrifugal/centrifuge@v0.33.3/broker_memory.go:73 +0x7f

goroutine 75063 [select]:
github.com/grafana/grafana/pkg/storage/unified/resource.(*cache[...]).run(0xc0175aaf00)
	/home/mariell/work/oss/grafana/pkg/storage/unified/resource/broadcaster.go:291 +0xb0
created by github.com/grafana/grafana/pkg/storage/unified/resource.newChannelCache[...] in goroutine 4436
	/home/mariell/work/oss/grafana/pkg/storage/unified/resource/broadcaster.go:276 +0x189

goroutine 73979 [chan receive]:
github.com/grafana/grafana/pkg/storage/unified/sql.(*channelNotifier).notify.func1()
	/home/mariell/work/oss/grafana/pkg/storage/unified/sql/notifier.go:87 +0x39
created by github.com/grafana/grafana/pkg/storage/unified/sql.(*channelNotifier).notify in goroutine 4438
	/home/mariell/work/oss/grafana/pkg/storage/unified/sql/notifier.go:86 +0xdb

goroutine 74242 [select]:
github.com/patrickmn/go-cache.(*janitor).Run(0xc04259b8f0, 0xc02a623440)
	/home/mariell/go/pkg/mod/github.com/patrickmn/go-cache@v2.1.0+incompatible/cache.go:1079 +0x7b
created by github.com/patrickmn/go-cache.runJanitor in goroutine 56141
	/home/mariell/go/pkg/mod/github.com/patrickmn/go-cache@v2.1.0+incompatible/cache.go:1099 +0xdb

goroutine 74456 [select]:
github.com/grafana/grafana/pkg/storage/unified/resource.(*broadcaster[...]).stream(0xab113a0, 0xc017582a80)
	/home/mariell/work/oss/grafana/pkg/storage/unified/resource/broadcaster.go:205 +0x13d
created by github.com/grafana/grafana/pkg/storage/unified/resource.(*broadcaster[...]).init in goroutine 56144
	/home/mariell/work/oss/grafana/pkg/storage/unified/resource/broadcaster.go:177 +0x219

goroutine 74618 [sync.Cond.Wait]:
sync.runtime_notifyListWait(0xc022369b10, 0x22)
	/usr/lib/go/src/runtime/sema.go:597 +0x159
sync.(*Cond).Wait(0x0?)
	/usr/lib/go/src/sync/cond.go:71 +0x85
github.com/centrifugal/centrifuge/internal/dissolve.(*queueImpl).Wait(0xc0429f7180)
	/home/mariell/go/pkg/mod/github.com/centrifugal/centrifuge@v0.33.3/internal/dissolve/queue.go:139 +0x4a
github.com/centrifugal/centrifuge/internal/dissolve.(*Dissolver).runWorker(0xc02391be18)
	/home/mariell/go/pkg/mod/github.com/centrifugal/centrifuge@v0.33.3/internal/dissolve/dissolve.go:52 +0x27
created by github.com/centrifugal/centrifuge/internal/dissolve.(*Dissolver).Run in goroutine 4438
	/home/mariell/go/pkg/mod/github.com/centrifugal/centrifuge@v0.33.3/internal/dissolve/dissolve.go:31 +0x25

goroutine 74619 [sync.Cond.Wait]:
sync.runtime_notifyListWait(0xc022369b10, 0x23)
	/usr/lib/go/src/runtime/sema.go:597 +0x159
sync.(*Cond).Wait(0x0?)
	/usr/lib/go/src/sync/cond.go:71 +0x85
github.com/centrifugal/centrifuge/internal/dissolve.(*queueImpl).Wait(0xc0429f7180)
	/home/mariell/go/pkg/mod/github.com/centrifugal/centrifuge@v0.33.3/internal/dissolve/queue.go:139 +0x4a
github.com/centrifugal/centrifuge/internal/dissolve.(*Dissolver).runWorker(0xc02391be18)
	/home/mariell/go/pkg/mod/github.com/centrifugal/centrifuge@v0.33.3/internal/dissolve/dissolve.go:52 +0x27
created by github.com/centrifugal/centrifuge/internal/dissolve.(*Dissolver).Run in goroutine 4438
	/home/mariell/go/pkg/mod/github.com/centrifugal/centrifuge@v0.33.3/internal/dissolve/dissolve.go:31 +0x25

goroutine 74620 [sync.Cond.Wait]:
sync.runtime_notifyListWait(0xc022369b10, 0x24)
	/usr/lib/go/src/runtime/sema.go:597 +0x159
sync.(*Cond).Wait(0x0?)
	/usr/lib/go/src/sync/cond.go:71 +0x85
github.com/centrifugal/centrifuge/internal/dissolve.(*queueImpl).Wait(0xc0429f7180)
	/home/mariell/go/pkg/mod/github.com/centrifugal/centrifuge@v0.33.3/internal/dissolve/queue.go:139 +0x4a
github.com/centrifugal/centrifuge/internal/dissolve.(*Dissolver).runWorker(0xc02391be18)
	/home/mariell/go/pkg/mod/github.com/centrifugal/centrifuge@v0.33.3/internal/dissolve/dissolve.go:52 +0x27
created by github.com/centrifugal/centrifuge/internal/dissolve.(*Dissolver).Run in goroutine 4438
	/home/mariell/go/pkg/mod/github.com/centrifugal/centrifuge@v0.33.3/internal/dissolve/dissolve.go:31 +0x25

goroutine 74621 [sync.Cond.Wait]:
sync.runtime_notifyListWait(0xc022369b10, 0x25)
	/usr/lib/go/src/runtime/sema.go:597 +0x159
sync.(*Cond).Wait(0x0?)
	/usr/lib/go/src/sync/cond.go:71 +0x85
github.com/centrifugal/centrifuge/internal/dissolve.(*queueImpl).Wait(0xc0429f7180)
	/home/mariell/go/pkg/mod/github.com/centrifugal/centrifuge@v0.33.3/internal/dissolve/queue.go:139 +0x4a
github.com/centrifugal/centrifuge/internal/dissolve.(*Dissolver).runWorker(0xc02391be18)
	/home/mariell/go/pkg/mod/github.com/centrifugal/centrifuge@v0.33.3/internal/dissolve/dissolve.go:52 +0x27
created by github.com/centrifugal/centrifuge/internal/dissolve.(*Dissolver).Run in goroutine 4438
	/home/mariell/go/pkg/mod/github.com/centrifugal/centrifuge@v0.33.3/internal/dissolve/dissolve.go:31 +0x25

goroutine 74622 [sync.Cond.Wait]:
sync.runtime_notifyListWait(0xc022369b10, 0x26)
	/usr/lib/go/src/runtime/sema.go:597 +0x159
sync.(*Cond).Wait(0x0?)
	/usr/lib/go/src/sync/cond.go:71 +0x85
github.com/centrifugal/centrifuge/internal/dissolve.(*queueImpl).Wait(0xc0429f7180)
	/home/mariell/go/pkg/mod/github.com/centrifugal/centrifuge@v0.33.3/internal/dissolve/queue.go:139 +0x4a
github.com/centrifugal/centrifuge/internal/dissolve.(*Dissolver).runWorker(0xc02391be18)
	/home/mariell/go/pkg/mod/github.com/centrifugal/centrifuge@v0.33.3/internal/dissolve/dissolve.go:52 +0x27
created by github.com/centrifugal/centrifuge/internal/dissolve.(*Dissolver).Run in goroutine 4438
	/home/mariell/go/pkg/mod/github.com/centrifugal/centrifuge@v0.33.3/internal/dissolve/dissolve.go:31 +0x25

goroutine 74623 [sync.Cond.Wait]:
sync.runtime_notifyListWait(0xc022369b10, 0x27)
	/usr/lib/go/src/runtime/sema.go:597 +0x159
sync.(*Cond).Wait(0x0?)
	/usr/lib/go/src/sync/cond.go:71 +0x85
github.com/centrifugal/centrifuge/internal/dissolve.(*queueImpl).Wait(0xc0429f7180)
	/home/mariell/go/pkg/mod/github.com/centrifugal/centrifuge@v0.33.3/internal/dissolve/queue.go:139 +0x4a
github.com/centrifugal/centrifuge/internal/dissolve.(*Dissolver).runWorker(0xc02391be18)
	/home/mariell/go/pkg/mod/github.com/centrifugal/centrifuge@v0.33.3/internal/dissolve/dissolve.go:52 +0x27
created by github.com/centrifugal/centrifuge/internal/dissolve.(*Dissolver).Run in goroutine 4438
	/home/mariell/go/pkg/mod/github.com/centrifugal/centrifuge@v0.33.3/internal/dissolve/dissolve.go:31 +0x25

goroutine 74624 [sync.Cond.Wait]:
sync.runtime_notifyListWait(0xc022369b10, 0x10)
	/usr/lib/go/src/runtime/sema.go:597 +0x159
sync.(*Cond).Wait(0x0?)
	/usr/lib/go/src/sync/cond.go:71 +0x85
github.com/centrifugal/centrifuge/internal/dissolve.(*queueImpl).Wait(0xc0429f7180)
	/home/mariell/go/pkg/mod/github.com/centrifugal/centrifuge@v0.33.3/internal/dissolve/queue.go:139 +0x4a
github.com/centrifugal/centrifuge/internal/dissolve.(*Dissolver).runWorker(0xc02391be18)
	/home/mariell/go/pkg/mod/github.com/centrifugal/centrifuge@v0.33.3/internal/dissolve/dissolve.go:52 +0x27
created by github.com/centrifugal/centrifuge/internal/dissolve.(*Dissolver).Run in goroutine 4438
	/home/mariell/go/pkg/mod/github.com/centrifugal/centrifuge@v0.33.3/internal/dissolve/dissolve.go:31 +0x25

goroutine 74625 [sync.Cond.Wait]:
sync.runtime_notifyListWait(0xc022369b10, 0x29)
	/usr/lib/go/src/runtime/sema.go:597 +0x159
sync.(*Cond).Wait(0xc0233c8fd0?)
	/usr/lib/go/src/sync/cond.go:71 +0x85
github.com/centrifugal/centrifuge/internal/dissolve.(*queueImpl).Wait(0xc0429f7180)
	/home/mariell/go/pkg/mod/github.com/centrifugal/centrifuge@v0.33.3/internal/dissolve/queue.go:139 +0x4a
github.com/centrifugal/centrifuge/internal/dissolve.(*Dissolver).runWorker(0xc02391be18)
	/home/mariell/go/pkg/mod/github.com/centrifugal/centrifuge@v0.33.3/internal/dissolve/dissolve.go:52 +0x27
created by github.com/centrifugal/centrifuge/internal/dissolve.(*Dissolver).Run in goroutine 4438
	/home/mariell/go/pkg/mod/github.com/centrifugal/centrifuge@v0.33.3/internal/dissolve/dissolve.go:31 +0x25

goroutine 74626 [sync.Cond.Wait]:
sync.runtime_notifyListWait(0xc022369b10, 0x2a)
	/usr/lib/go/src/runtime/sema.go:597 +0x159
sync.(*Cond).Wait(0x0?)
	/usr/lib/go/src/sync/cond.go:71 +0x85
github.com/centrifugal/centrifuge/internal/dissolve.(*queueImpl).Wait(0xc0429f7180)
	/home/mariell/go/pkg/mod/github.com/centrifugal/centrifuge@v0.33.3/internal/dissolve/queue.go:139 +0x4a
github.com/centrifugal/centrifuge/internal/dissolve.(*Dissolver).runWorker(0xc02391be18)
	/home/mariell/go/pkg/mod/github.com/centrifugal/centrifuge@v0.33.3/internal/dissolve/dissolve.go:52 +0x27
created by github.com/centrifugal/centrifuge/internal/dissolve.(*Dissolver).Run in goroutine 4438
	/home/mariell/go/pkg/mod/github.com/centrifugal/centrifuge@v0.33.3/internal/dissolve/dissolve.go:31 +0x25

goroutine 74627 [sync.Cond.Wait]:
sync.runtime_notifyListWait(0xc022369b10, 0x2b)
	/usr/lib/go/src/runtime/sema.go:597 +0x159
sync.(*Cond).Wait(0x0?)
	/usr/lib/go/src/sync/cond.go:71 +0x85
github.com/centrifugal/centrifuge/internal/dissolve.(*queueImpl).Wait(0xc0429f7180)
	/home/mariell/go/pkg/mod/github.com/centrifugal/centrifuge@v0.33.3/internal/dissolve/queue.go:139 +0x4a
github.com/centrifugal/centrifuge/internal/dissolve.(*Dissolver).runWorker(0xc02391be18)
	/home/mariell/go/pkg/mod/github.com/centrifugal/centrifuge@v0.33.3/internal/dissolve/dissolve.go:52 +0x27
created by github.com/centrifugal/centrifuge/internal/dissolve.(*Dissolver).Run in goroutine 4438
	/home/mariell/go/pkg/mod/github.com/centrifugal/centrifuge@v0.33.3/internal/dissolve/dissolve.go:31 +0x25

goroutine 74628 [sync.Cond.Wait]:
sync.runtime_notifyListWait(0xc022369b10, 0x2c)
	/usr/lib/go/src/runtime/sema.go:597 +0x159
sync.(*Cond).Wait(0x0?)
	/usr/lib/go/src/sync/cond.go:71 +0x85
github.com/centrifugal/centrifuge/internal/dissolve.(*queueImpl).Wait(0xc0429f7180)
	/home/mariell/go/pkg/mod/github.com/centrifugal/centrifuge@v0.33.3/internal/dissolve/queue.go:139 +0x4a
github.com/centrifugal/centrifuge/internal/dissolve.(*Dissolver).runWorker(0xc02391be18)
	/home/mariell/go/pkg/mod/github.com/centrifugal/centrifuge@v0.33.3/internal/dissolve/dissolve.go:52 +0x27
created by github.com/centrifugal/centrifuge/internal/dissolve.(*Dissolver).Run in goroutine 4438
	/home/mariell/go/pkg/mod/github.com/centrifugal/centrifuge@v0.33.3/internal/dissolve/dissolve.go:31 +0x25

goroutine 74629 [sync.Cond.Wait]:
sync.runtime_notifyListWait(0xc022369b10, 0x2d)
	/usr/lib/go/src/runtime/sema.go:597 +0x159
sync.(*Cond).Wait(0x0?)
	/usr/lib/go/src/sync/cond.go:71 +0x85
github.com/centrifugal/centrifuge/internal/dissolve.(*queueImpl).Wait(0xc0429f7180)
	/home/mariell/go/pkg/mod/github.com/centrifugal/centrifuge@v0.33.3/internal/dissolve/queue.go:139 +0x4a
github.com/centrifugal/centrifuge/internal/dissolve.(*Dissolver).runWorker(0xc02391be18)
	/home/mariell/go/pkg/mod/github.com/centrifugal/centrifuge@v0.33.3/internal/dissolve/dissolve.go:52 +0x27
created by github.com/centrifugal/centrifuge/internal/dissolve.(*Dissolver).Run in goroutine 4438
	/home/mariell/go/pkg/mod/github.com/centrifugal/centrifuge@v0.33.3/internal/dissolve/dissolve.go:31 +0x25

goroutine 74630 [sync.Cond.Wait]:
sync.runtime_notifyListWait(0xc022369b10, 0x2e)
	/usr/lib/go/src/runtime/sema.go:597 +0x159
sync.(*Cond).Wait(0x0?)
	/usr/lib/go/src/sync/cond.go:71 +0x85
github.com/centrifugal/centrifuge/internal/dissolve.(*queueImpl).Wait(0xc0429f7180)
	/home/mariell/go/pkg/mod/github.com/centrifugal/centrifuge@v0.33.3/internal/dissolve/queue.go:139 +0x4a
github.com/centrifugal/centrifuge/internal/dissolve.(*Dissolver).runWorker(0xc02391be18)
	/home/mariell/go/pkg/mod/github.com/centrifugal/centrifuge@v0.33.3/internal/dissolve/dissolve.go:52 +0x27
created by github.com/centrifugal/centrifuge/internal/dissolve.(*Dissolver).Run in goroutine 4438
	/home/mariell/go/pkg/mod/github.com/centrifugal/centrifuge@v0.33.3/internal/dissolve/dissolve.go:31 +0x25

goroutine 74631 [sync.Cond.Wait]:
sync.runtime_notifyListWait(0xc022369b10, 0x2f)
	/usr/lib/go/src/runtime/sema.go:597 +0x159
sync.(*Cond).Wait(0x0?)
	/usr/lib/go/src/sync/cond.go:71 +0x85
github.com/centrifugal/centrifuge/internal/dissolve.(*queueImpl).Wait(0xc0429f7180)
	/home/mariell/go/pkg/mod/github.com/centrifugal/centrifuge@v0.33.3/internal/dissolve/queue.go:139 +0x4a
github.com/centrifugal/centrifuge/internal/dissolve.(*Dissolver).runWorker(0xc02391be18)
	/home/mariell/go/pkg/mod/github.com/centrifugal/centrifuge@v0.33.3/internal/dissolve/dissolve.go:52 +0x27
created by github.com/centrifugal/centrifuge/internal/dissolve.(*Dissolver).Run in goroutine 4438
	/home/mariell/go/pkg/mod/github.com/centrifugal/centrifuge@v0.33.3/internal/dissolve/dissolve.go:31 +0x25

goroutine 74632 [sync.Cond.Wait]:
sync.runtime_notifyListWait(0xc022369b10, 0x30)
	/usr/lib/go/src/runtime/sema.go:597 +0x159
sync.(*Cond).Wait(0x0?)
	/usr/lib/go/src/sync/cond.go:71 +0x85
github.com/centrifugal/centrifuge/internal/dissolve.(*queueImpl).Wait(0xc0429f7180)
	/home/mariell/go/pkg/mod/github.com/centrifugal/centrifuge@v0.33.3/internal/dissolve/queue.go:139 +0x4a
github.com/centrifugal/centrifuge/internal/dissolve.(*Dissolver).runWorker(0xc02391be18)
	/home/mariell/go/pkg/mod/github.com/centrifugal/centrifuge@v0.33.3/internal/dissolve/dissolve.go:52 +0x27
created by github.com/centrifugal/centrifuge/internal/dissolve.(*Dissolver).Run in goroutine 4438
	/home/mariell/go/pkg/mod/github.com/centrifugal/centrifuge@v0.33.3/internal/dissolve/dissolve.go:31 +0x25

goroutine 74633 [sync.Cond.Wait]:
sync.runtime_notifyListWait(0xc022369b10, 0x31)
	/usr/lib/go/src/runtime/sema.go:597 +0x159
sync.(*Cond).Wait(0x0?)
	/usr/lib/go/src/sync/cond.go:71 +0x85
github.com/centrifugal/centrifuge/internal/dissolve.(*queueImpl).Wait(0xc0429f7180)
	/home/mariell/go/pkg/mod/github.com/centrifugal/centrifuge@v0.33.3/internal/dissolve/queue.go:139 +0x4a
github.com/centrifugal/centrifuge/internal/dissolve.(*Dissolver).runWorker(0xc02391be18)
	/home/mariell/go/pkg/mod/github.com/centrifugal/centrifuge@v0.33.3/internal/dissolve/dissolve.go:52 +0x27
created by github.com/centrifugal/centrifuge/internal/dissolve.(*Dissolver).Run in goroutine 4438
	/home/mariell/go/pkg/mod/github.com/centrifugal/centrifuge@v0.33.3/internal/dissolve/dissolve.go:31 +0x25

goroutine 74634 [sync.Cond.Wait]:
sync.runtime_notifyListWait(0xc022369b10, 0x32)
	/usr/lib/go/src/runtime/sema.go:597 +0x159
sync.(*Cond).Wait(0x0?)
	/usr/lib/go/src/sync/cond.go:71 +0x85
github.com/centrifugal/centrifuge/internal/dissolve.(*queueImpl).Wait(0xc0429f7180)
	/home/mariell/go/pkg/mod/github.com/centrifugal/centrifuge@v0.33.3/internal/dissolve/queue.go:139 +0x4a
github.com/centrifugal/centrifuge/internal/dissolve.(*Dissolver).runWorker(0xc02391be18)
	/home/mariell/go/pkg/mod/github.com/centrifugal/centrifuge@v0.33.3/internal/dissolve/dissolve.go:52 +0x27
created by github.com/centrifugal/centrifuge/internal/dissolve.(*Dissolver).Run in goroutine 4438
	/home/mariell/go/pkg/mod/github.com/centrifugal/centrifuge@v0.33.3/internal/dissolve/dissolve.go:31 +0x25

goroutine 74635 [sync.Cond.Wait]:
sync.runtime_notifyListWait(0xc022369b10, 0x33)
	/usr/lib/go/src/runtime/sema.go:597 +0x159
sync.(*Cond).Wait(0x0?)
	/usr/lib/go/src/sync/cond.go:71 +0x85
github.com/centrifugal/centrifuge/internal/dissolve.(*queueImpl).Wait(0xc0429f7180)
	/home/mariell/go/pkg/mod/github.com/centrifugal/centrifuge@v0.33.3/internal/dissolve/queue.go:139 +0x4a
github.com/centrifugal/centrifuge/internal/dissolve.(*Dissolver).runWorker(0xc02391be18)
	/home/mariell/go/pkg/mod/github.com/centrifugal/centrifuge@v0.33.3/internal/dissolve/dissolve.go:52 +0x27
created by github.com/centrifugal/centrifuge/internal/dissolve.(*Dissolver).Run in goroutine 4438
	/home/mariell/go/pkg/mod/github.com/centrifugal/centrifuge@v0.33.3/internal/dissolve/dissolve.go:31 +0x25

goroutine 74636 [sync.Cond.Wait]:
sync.runtime_notifyListWait(0xc022369b10, 0x28)
	/usr/lib/go/src/runtime/sema.go:597 +0x159
sync.(*Cond).Wait(0x0?)
	/usr/lib/go/src/sync/cond.go:71 +0x85
github.com/centrifugal/centrifuge/internal/dissolve.(*queueImpl).Wait(0xc0429f7180)
	/home/mariell/go/pkg/mod/github.com/centrifugal/centrifuge@v0.33.3/internal/dissolve/queue.go:139 +0x4a
github.com/centrifugal/centrifuge/internal/dissolve.(*Dissolver).runWorker(0xc02391be18)
	/home/mariell/go/pkg/mod/github.com/centrifugal/centrifuge@v0.33.3/internal/dissolve/dissolve.go:52 +0x27
created by github.com/centrifugal/centrifuge/internal/dissolve.(*Dissolver).Run in goroutine 4438
	/home/mariell/go/pkg/mod/github.com/centrifugal/centrifuge@v0.33.3/internal/dissolve/dissolve.go:31 +0x25

goroutine 74637 [sync.Cond.Wait]:
sync.runtime_notifyListWait(0xc022369b10, 0x35)
	/usr/lib/go/src/runtime/sema.go:597 +0x159
sync.(*Cond).Wait(0x0?)
	/usr/lib/go/src/sync/cond.go:71 +0x85
github.com/centrifugal/centrifuge/internal/dissolve.(*queueImpl).Wait(0xc0429f7180)
	/home/mariell/go/pkg/mod/github.com/centrifugal/centrifuge@v0.33.3/internal/dissolve/queue.go:139 +0x4a
github.com/centrifugal/centrifuge/internal/dissolve.(*Dissolver).runWorker(0xc02391be18)
	/home/mariell/go/pkg/mod/github.com/centrifugal/centrifuge@v0.33.3/internal/dissolve/dissolve.go:52 +0x27
created by github.com/centrifugal/centrifuge/internal/dissolve.(*Dissolver).Run in goroutine 4438
	/home/mariell/go/pkg/mod/github.com/centrifugal/centrifuge@v0.33.3/internal/dissolve/dissolve.go:31 +0x25

goroutine 74638 [sync.Cond.Wait]:
sync.runtime_notifyListWait(0xc022369b10, 0x36)
	/usr/lib/go/src/runtime/sema.go:597 +0x159
sync.(*Cond).Wait(0x0?)
	/usr/lib/go/src/sync/cond.go:71 +0x85
github.com/centrifugal/centrifuge/internal/dissolve.(*queueImpl).Wait(0xc0429f7180)
	/home/mariell/go/pkg/mod/github.com/centrifugal/centrifuge@v0.33.3/internal/dissolve/queue.go:139 +0x4a
github.com/centrifugal/centrifuge/internal/dissolve.(*Dissolver).runWorker(0xc02391be18)
	/home/mariell/go/pkg/mod/github.com/centrifugal/centrifuge@v0.33.3/internal/dissolve/dissolve.go:52 +0x27
created by github.com/centrifugal/centrifuge/internal/dissolve.(*Dissolver).Run in goroutine 4438
	/home/mariell/go/pkg/mod/github.com/centrifugal/centrifuge@v0.33.3/internal/dissolve/dissolve.go:31 +0x25

goroutine 74639 [sync.Cond.Wait]:
sync.runtime_notifyListWait(0xc022369b10, 0x37)
	/usr/lib/go/src/runtime/sema.go:597 +0x159
sync.(*Cond).Wait(0x0?)
	/usr/lib/go/src/sync/cond.go:71 +0x85
github.com/centrifugal/centrifuge/internal/dissolve.(*queueImpl).Wait(0xc0429f7180)
	/home/mariell/go/pkg/mod/github.com/centrifugal/centrifuge@v0.33.3/internal/dissolve/queue.go:139 +0x4a
github.com/centrifugal/centrifuge/internal/dissolve.(*Dissolver).runWorker(0xc02391be18)
	/home/mariell/go/pkg/mod/github.com/centrifugal/centrifuge@v0.33.3/internal/dissolve/dissolve.go:52 +0x27
created by github.com/centrifugal/centrifuge/internal/dissolve.(*Dissolver).Run in goroutine 4438
	/home/mariell/go/pkg/mod/github.com/centrifugal/centrifuge@v0.33.3/internal/dissolve/dissolve.go:31 +0x25

goroutine 74640 [sync.Cond.Wait]:
sync.runtime_notifyListWait(0xc022369b10, 0x38)
	/usr/lib/go/src/runtime/sema.go:597 +0x159
sync.(*Cond).Wait(0x0?)
	/usr/lib/go/src/sync/cond.go:71 +0x85
github.com/centrifugal/centrifuge/internal/dissolve.(*queueImpl).Wait(0xc0429f7180)
	/home/mariell/go/pkg/mod/github.com/centrifugal/centrifuge@v0.33.3/internal/dissolve/queue.go:139 +0x4a
github.com/centrifugal/centrifuge/internal/dissolve.(*Dissolver).runWorker(0xc02391be18)
	/home/mariell/go/pkg/mod/github.com/centrifugal/centrifuge@v0.33.3/internal/dissolve/dissolve.go:52 +0x27
created by github.com/centrifugal/centrifuge/internal/dissolve.(*Dissolver).Run in goroutine 4438
	/home/mariell/go/pkg/mod/github.com/centrifugal/centrifuge@v0.33.3/internal/dissolve/dissolve.go:31 +0x25

goroutine 74641 [sync.Cond.Wait]:
sync.runtime_notifyListWait(0xc022369b10, 0x39)
	/usr/lib/go/src/runtime/sema.go:597 +0x159
sync.(*Cond).Wait(0x0?)
	/usr/lib/go/src/sync/cond.go:71 +0x85
github.com/centrifugal/centrifuge/internal/dissolve.(*queueImpl).Wait(0xc0429f7180)
	/home/mariell/go/pkg/mod/github.com/centrifugal/centrifuge@v0.33.3/internal/dissolve/queue.go:139 +0x4a
github.com/centrifugal/centrifuge/internal/dissolve.(*Dissolver).runWorker(0xc02391be18)
	/home/mariell/go/pkg/mod/github.com/centrifugal/centrifuge@v0.33.3/internal/dissolve/dissolve.go:52 +0x27
created by github.com/centrifugal/centrifuge/internal/dissolve.(*Dissolver).Run in goroutine 4438
	/home/mariell/go/pkg/mod/github.com/centrifugal/centrifuge@v0.33.3/internal/dissolve/dissolve.go:31 +0x25

goroutine 74642 [sync.Cond.Wait]:
sync.runtime_notifyListWait(0xc022369b10, 0x34)
	/usr/lib/go/src/runtime/sema.go:597 +0x159
sync.(*Cond).Wait(0x0?)
	/usr/lib/go/src/sync/cond.go:71 +0x85
github.com/centrifugal/centrifuge/internal/dissolve.(*queueImpl).Wait(0xc0429f7180)
	/home/mariell/go/pkg/mod/github.com/centrifugal/centrifuge@v0.33.3/internal/dissolve/queue.go:139 +0x4a
github.com/centrifugal/centrifuge/internal/dissolve.(*Dissolver).runWorker(0xc02391be18)
	/home/mariell/go/pkg/mod/github.com/centrifugal/centrifuge@v0.33.3/internal/dissolve/dissolve.go:52 +0x27
created by github.com/centrifugal/centrifuge/internal/dissolve.(*Dissolver).Run in goroutine 4438
	/home/mariell/go/pkg/mod/github.com/centrifugal/centrifuge@v0.33.3/internal/dissolve/dissolve.go:31 +0x25

goroutine 74643 [sync.Cond.Wait]:
sync.runtime_notifyListWait(0xc022369b10, 0x3b)
	/usr/lib/go/src/runtime/sema.go:597 +0x159
sync.(*Cond).Wait(0x0?)
	/usr/lib/go/src/sync/cond.go:71 +0x85
github.com/centrifugal/centrifuge/internal/dissolve.(*queueImpl).Wait(0xc0429f7180)
	/home/mariell/go/pkg/mod/github.com/centrifugal/centrifuge@v0.33.3/internal/dissolve/queue.go:139 +0x4a
github.com/centrifugal/centrifuge/internal/dissolve.(*Dissolver).runWorker(0xc02391be18)
	/home/mariell/go/pkg/mod/github.com/centrifugal/centrifuge@v0.33.3/internal/dissolve/dissolve.go:52 +0x27
created by github.com/centrifugal/centrifuge/internal/dissolve.(*Dissolver).Run in goroutine 4438
	/home/mariell/go/pkg/mod/github.com/centrifugal/centrifuge@v0.33.3/internal/dissolve/dissolve.go:31 +0x25

goroutine 74644 [sync.Cond.Wait]:
sync.runtime_notifyListWait(0xc022369b10, 0x3c)
	/usr/lib/go/src/runtime/sema.go:597 +0x159
sync.(*Cond).Wait(0x0?)
	/usr/lib/go/src/sync/cond.go:71 +0x85
github.com/centrifugal/centrifuge/internal/dissolve.(*queueImpl).Wait(0xc0429f7180)
	/home/mariell/go/pkg/mod/github.com/centrifugal/centrifuge@v0.33.3/internal/dissolve/queue.go:139 +0x4a
github.com/centrifugal/centrifuge/internal/dissolve.(*Dissolver).runWorker(0xc02391be18)
	/home/mariell/go/pkg/mod/github.com/centrifugal/centrifuge@v0.33.3/internal/dissolve/dissolve.go:52 +0x27
created by github.com/centrifugal/centrifuge/internal/dissolve.(*Dissolver).Run in goroutine 4438
	/home/mariell/go/pkg/mod/github.com/centrifugal/centrifuge@v0.33.3/internal/dissolve/dissolve.go:31 +0x25

goroutine 74645 [sync.Cond.Wait]:
sync.runtime_notifyListWait(0xc022369b10, 0x3a)
	/usr/lib/go/src/runtime/sema.go:597 +0x159
sync.(*Cond).Wait(0x0?)
	/usr/lib/go/src/sync/cond.go:71 +0x85
github.com/centrifugal/centrifuge/internal/dissolve.(*queueImpl).Wait(0xc0429f7180)
	/home/mariell/go/pkg/mod/github.com/centrifugal/centrifuge@v0.33.3/internal/dissolve/queue.go:139 +0x4a
github.com/centrifugal/centrifuge/internal/dissolve.(*Dissolver).runWorker(0xc02391be18)
	/home/mariell/go/pkg/mod/github.com/centrifugal/centrifuge@v0.33.3/internal/dissolve/dissolve.go:52 +0x27
created by github.com/centrifugal/centrifuge/internal/dissolve.(*Dissolver).Run in goroutine 4438
	/home/mariell/go/pkg/mod/github.com/centrifugal/centrifuge@v0.33.3/internal/dissolve/dissolve.go:31 +0x25

goroutine 74646 [sync.Cond.Wait]:
sync.runtime_notifyListWait(0xc022369b10, 0x3e)
	/usr/lib/go/src/runtime/sema.go:597 +0x159
sync.(*Cond).Wait(0x0?)
	/usr/lib/go/src/sync/cond.go:71 +0x85
github.com/centrifugal/centrifuge/internal/dissolve.(*queueImpl).Wait(0xc0429f7180)
	/home/mariell/go/pkg/mod/github.com/centrifugal/centrifuge@v0.33.3/internal/dissolve/queue.go:139 +0x4a
github.com/centrifugal/centrifuge/internal/dissolve.(*Dissolver).runWorker(0xc02391be18)
	/home/mariell/go/pkg/mod/github.com/centrifugal/centrifuge@v0.33.3/internal/dissolve/dissolve.go:52 +0x27
created by github.com/centrifugal/centrifuge/internal/dissolve.(*Dissolver).Run in goroutine 4438
	/home/mariell/go/pkg/mod/github.com/centrifugal/centrifuge@v0.33.3/internal/dissolve/dissolve.go:31 +0x25

goroutine 74647 [sync.Cond.Wait]:
sync.runtime_notifyListWait(0xc022369b10, 0x3d)
	/usr/lib/go/src/runtime/sema.go:597 +0x159
sync.(*Cond).Wait(0x0?)
	/usr/lib/go/src/sync/cond.go:71 +0x85
github.com/centrifugal/centrifuge/internal/dissolve.(*queueImpl).Wait(0xc0429f7180)
	/home/mariell/go/pkg/mod/github.com/centrifugal/centrifuge@v0.33.3/internal/dissolve/queue.go:139 +0x4a
github.com/centrifugal/centrifuge/internal/dissolve.(*Dissolver).runWorker(0xc02391be18)
	/home/mariell/go/pkg/mod/github.com/centrifugal/centrifuge@v0.33.3/internal/dissolve/dissolve.go:52 +0x27
created by github.com/centrifugal/centrifuge/internal/dissolve.(*Dissolver).Run in goroutine 4438
	/home/mariell/go/pkg/mod/github.com/centrifugal/centrifuge@v0.33.3/internal/dissolve/dissolve.go:31 +0x25

goroutine 74648 [sync.Cond.Wait]:
sync.runtime_notifyListWait(0xc022369b10, 0x3f)
	/usr/lib/go/src/runtime/sema.go:597 +0x159
sync.(*Cond).Wait(0x0?)
	/usr/lib/go/src/sync/cond.go:71 +0x85
github.com/centrifugal/centrifuge/internal/dissolve.(*queueImpl).Wait(0xc0429f7180)
	/home/mariell/go/pkg/mod/github.com/centrifugal/centrifuge@v0.33.3/internal/dissolve/queue.go:139 +0x4a
github.com/centrifugal/centrifuge/internal/dissolve.(*Dissolver).runWorker(0xc02391be18)
	/home/mariell/go/pkg/mod/github.com/centrifugal/centrifuge@v0.33.3/internal/dissolve/dissolve.go:52 +0x27
created by github.com/centrifugal/centrifuge/internal/dissolve.(*Dissolver).Run in goroutine 4438
	/home/mariell/go/pkg/mod/github.com/centrifugal/centrifuge@v0.33.3/internal/dissolve/dissolve.go:31 +0x25

goroutine 74714 [select]:
github.com/grafana/grafana/pkg/storage/unified/resource.(*broadcaster[...]).stream(0xab113a0, 0xc0424188c0)
	/home/mariell/work/oss/grafana/pkg/storage/unified/resource/broadcaster.go:205 +0x13d
created by github.com/grafana/grafana/pkg/storage/unified/resource.(*broadcaster[...]).init in goroutine 4437
	/home/mariell/work/oss/grafana/pkg/storage/unified/resource/broadcaster.go:177 +0x219

goroutine 75337 [sync.Cond.Wait]:
sync.runtime_notifyListWait(0xc00e4b6210, 0x1a)
	/usr/lib/go/src/runtime/sema.go:597 +0x159
sync.(*Cond).Wait(0xc0402ea300?)
	/usr/lib/go/src/sync/cond.go:71 +0x85
github.com/centrifugal/centrifuge/internal/dissolve.(*queueImpl).Wait(0xc043706620)
	/home/mariell/go/pkg/mod/github.com/centrifugal/centrifuge@v0.33.3/internal/dissolve/queue.go:139 +0x4a
github.com/centrifugal/centrifuge/internal/dissolve.(*Dissolver).runWorker(0xc0253d2480)
	/home/mariell/go/pkg/mod/github.com/centrifugal/centrifuge@v0.33.3/internal/dissolve/dissolve.go:52 +0x27
created by github.com/centrifugal/centrifuge/internal/dissolve.(*Dissolver).Run in goroutine 56144
	/home/mariell/go/pkg/mod/github.com/centrifugal/centrifuge@v0.33.3/internal/dissolve/dissolve.go:31 +0x25

goroutine 76388 [sync.Cond.Wait]:
sync.runtime_notifyListWait(0xc045376a50, 0x24)
	/usr/lib/go/src/runtime/sema.go:597 +0x159
sync.(*Cond).Wait(0xc042cd9fd0?)
	/usr/lib/go/src/sync/cond.go:71 +0x85
github.com/centrifugal/centrifuge/internal/dissolve.(*queueImpl).Wait(0xc0425a5ce0)
	/home/mariell/go/pkg/mod/github.com/centrifugal/centrifuge@v0.33.3/internal/dissolve/queue.go:139 +0x4a
github.com/centrifugal/centrifuge/internal/dissolve.(*Dissolver).runWorker(0xc0272822a0)
	/home/mariell/go/pkg/mod/github.com/centrifugal/centrifuge@v0.33.3/internal/dissolve/dissolve.go:52 +0x27
created by github.com/centrifugal/centrifuge/internal/dissolve.(*Dissolver).Run in goroutine 3349
	/home/mariell/go/pkg/mod/github.com/centrifugal/centrifuge@v0.33.3/internal/dissolve/dissolve.go:31 +0x25

goroutine 74469 [IO wait]:
internal/poll.runtime_pollWait(0x77751a4b6740, 0x72)
	/usr/lib/go/src/runtime/netpoll.go:351 +0x85
internal/poll.(*pollDesc).wait(0xc04289c200?, 0xc02945b900?, 0x0)
	/usr/lib/go/src/internal/poll/fd_poll_runtime.go:84 +0x27
internal/poll.(*pollDesc).waitRead(...)
	/usr/lib/go/src/internal/poll/fd_poll_runtime.go:89
internal/poll.(*FD).Read(0xc04289c200, {0xc02945b900, 0x1300, 0x1300})
	/usr/lib/go/src/internal/poll/fd_unix.go:165 +0x27a
net.(*netFD).Read(0xc04289c200, {0xc02945b900?, 0x0?, 0x1c0409ab600?})
	/usr/lib/go/src/net/fd_posix.go:55 +0x25
net.(*conn).Read(0xc01a47db50, {0xc02945b900?, 0x7775503a78e8?, 0x7775a8b40088?})
	/usr/lib/go/src/net/net.go:194 +0x45
crypto/tls.(*atLeastReader).Read(0xc028151140, {0xc02945b900?, 0x4247a5?, 0x0?})
	/usr/lib/go/src/crypto/tls/conn.go:809 +0x3b
bytes.(*Buffer).ReadFrom(0xc02c2669b8, {0xa94e300, 0xc028151140})
	/usr/lib/go/src/bytes/buffer.go:211 +0x98
crypto/tls.(*Conn).readFromUntil(0xc02c266708, {0xa94dc00, 0xc01a47db50}, 0x444af4?)
	/usr/lib/go/src/crypto/tls/conn.go:831 +0xde
crypto/tls.(*Conn).readRecordOrCCS(0xc02c266708, 0x0)
	/usr/lib/go/src/crypto/tls/conn.go:629 +0x3cf
crypto/tls.(*Conn).readRecord(...)
	/usr/lib/go/src/crypto/tls/conn.go:591
crypto/tls.(*Conn).Read(0xc02c266708, {0xc0425df000, 0x1000, 0x7775a8b40088?})
	/usr/lib/go/src/crypto/tls/conn.go:1385 +0x145
net/http.(*persistConn).Read(0xc0156f57a0, {0xc0425df000?, 0x4141c5?, 0x68?})
	/usr/lib/go/src/net/http/transport.go:2122 +0x47
bufio.(*Reader).fill(0xc02caef260)
	/usr/lib/go/src/bufio/bufio.go:113 +0x103
bufio.(*Reader).Peek(0xc02caef260, 0x1)
	/usr/lib/go/src/bufio/bufio.go:152 +0x53
net/http.(*persistConn).readLoop(0xc0156f57a0)
	/usr/lib/go/src/net/http/transport.go:2275 +0x172
created by net/http.(*Transport).dialConn in goroutine 74914
	/usr/lib/go/src/net/http/transport.go:1944 +0x174f

goroutine 74705 [select]:
github.com/patrickmn/go-cache.(*janitor).Run(0xc042cd0e70, 0xc01d892e80)
	/home/mariell/go/pkg/mod/github.com/patrickmn/go-cache@v2.1.0+incompatible/cache.go:1079 +0x7b
created by github.com/patrickmn/go-cache.runJanitor in goroutine 4438
	/home/mariell/go/pkg/mod/github.com/patrickmn/go-cache@v2.1.0+incompatible/cache.go:1099 +0xdb

goroutine 74727 [select]:
github.com/patrickmn/go-cache.(*janitor).Run(0xc042ce90f0, 0xc007d83e80)
	/home/mariell/go/pkg/mod/github.com/patrickmn/go-cache@v2.1.0+incompatible/cache.go:1079 +0x7b
created by github.com/patrickmn/go-cache.runJanitor in goroutine 4438
	/home/mariell/go/pkg/mod/github.com/patrickmn/go-cache@v2.1.0+incompatible/cache.go:1099 +0xdb

goroutine 74728 [select]:
github.com/patrickmn/go-cache.(*janitor).Run(0xc042ce9210, 0xc000975cc0)
	/home/mariell/go/pkg/mod/github.com/patrickmn/go-cache@v2.1.0+incompatible/cache.go:1079 +0x7b
created by github.com/patrickmn/go-cache.runJanitor in goroutine 4438
	/home/mariell/go/pkg/mod/github.com/patrickmn/go-cache@v2.1.0+incompatible/cache.go:1099 +0xdb

goroutine 74729 [select]:
github.com/patrickmn/go-cache.(*janitor).Run(0xc042ce9220, 0xc0088a3c00)
	/home/mariell/go/pkg/mod/github.com/patrickmn/go-cache@v2.1.0+incompatible/cache.go:1079 +0x7b
created by github.com/patrickmn/go-cache.runJanitor in goroutine 4438
	/home/mariell/go/pkg/mod/github.com/patrickmn/go-cache@v2.1.0+incompatible/cache.go:1099 +0xdb

goroutine 74807 [select]:
github.com/patrickmn/go-cache.(*janitor).Run(0xc042d0b970, 0xc002cdd700)
	/home/mariell/go/pkg/mod/github.com/patrickmn/go-cache@v2.1.0+incompatible/cache.go:1079 +0x7b
created by github.com/patrickmn/go-cache.runJanitor in goroutine 4438
	/home/mariell/go/pkg/mod/github.com/patrickmn/go-cache@v2.1.0+incompatible/cache.go:1099 +0xdb

goroutine 74809 [select]:
github.com/patrickmn/go-cache.(*janitor).Run(0xc042d24950, 0xc01407d5c0)
	/home/mariell/go/pkg/mod/github.com/patrickmn/go-cache@v2.1.0+incompatible/cache.go:1079 +0x7b
created by github.com/patrickmn/go-cache.runJanitor in goroutine 4438
	/home/mariell/go/pkg/mod/github.com/patrickmn/go-cache@v2.1.0+incompatible/cache.go:1099 +0xdb

goroutine 74811 [sync.WaitGroup.Wait]:
sync.runtime_SemacquireWaitGroup(0x7f66560?)
	/usr/lib/go/src/runtime/sema.go:110 +0x25
sync.(*WaitGroup).Wait(0xc01426ed40?)
	/usr/lib/go/src/sync/waitgroup.go:118 +0x48
golang.org/x/sync/errgroup.(*Group).Wait(0xc01407db00)
	/home/mariell/go/pkg/mod/golang.org/x/sync@v0.11.0/errgroup/errgroup.go:56 +0x1e
github.com/grafana/grafana/pkg/server.(*Server).Run(0xc0427fa2d0)
	/home/mariell/work/oss/grafana/pkg/server/server.go:179 +0x276
github.com/grafana/grafana/pkg/tests/testinfra.StartGrafanaEnv.func2()
	/home/mariell/work/oss/grafana/pkg/tests/testinfra/testinfra.go:121 +0x27
created by github.com/grafana/grafana/pkg/tests/testinfra.StartGrafanaEnv in goroutine 4438
	/home/mariell/work/oss/grafana/pkg/tests/testinfra/testinfra.go:119 +0xa57

goroutine 74926 [select]:
github.com/centrifugal/centrifuge.(*Node).initMetrics.func1()
	/home/mariell/go/pkg/mod/github.com/centrifugal/centrifuge@v0.33.3/node.go:365 +0x8a
created by github.com/centrifugal/centrifuge.(*Node).initMetrics in goroutine 56144
	/home/mariell/go/pkg/mod/github.com/centrifugal/centrifuge@v0.33.3/node.go:363 +0x1f9

goroutine 74862 [select]:
net/http.(*Transport).getConn(0xc0291b51e0, 0xc047792730, {{}, 0x0, {0xc026b1efc0, 0x5}, {0xc0477fe220, 0xf}, 0x0})
	/usr/lib/go/src/net/http/transport.go:1520 +0x4ae
net/http.(*Transport).roundTrip(0xc0291b51e0, 0xc04675cf00)
	/usr/lib/go/src/net/http/transport.go:685 +0xb57
net/http.(*Transport).RoundTrip(0x47c913?, 0xa94cca0?)
	/usr/lib/go/src/net/http/roundtrip.go:30 +0x13
net/http.send(0xc04675cf00, {0xa94cca0, 0xc0291b51e0}, {0x1?, 0xc00c4c6ac8?, 0x0?})
	/usr/lib/go/src/net/http/client.go:259 +0x5e2
net/http.(*Client).send(0xc042946ad0, 0xc04675cf00, {0x10?, 0x3c?, 0x0?})
	/usr/lib/go/src/net/http/client.go:180 +0x91
net/http.(*Client).do(0xc042946ad0, 0xc04675cf00)
	/usr/lib/go/src/net/http/client.go:728 +0x989
net/http.(*Client).Do(...)
	/usr/lib/go/src/net/http/client.go:587
github.com/grafana/grafana/pkg/plugins/repo.(*Client).sendReqNoTimeout(0xc042946aa0, {0xa9d1cc8?, 0xc0424166f0?}, 0x8?, {{0x0, 0x0}, {{0x951627f, 0x5}, {0x9516284, 0x5}}})
	/home/mariell/work/oss/grafana/pkg/plugins/repo/client.go:205 +0x6d
github.com/grafana/grafana/pkg/plugins/repo.(*Client).downloadFile(0xc042946aa0, {0xa9d1cc8, 0xc0424166f0}, 0xc045ab3098, {0xc01ad376d0, 0x4f}, {0xc0477e8100, 0x40}, {{0x0, 0x0}, ...})
	/home/mariell/work/oss/grafana/pkg/plugins/repo/client.go:159 +0x205
github.com/grafana/grafana/pkg/plugins/repo.(*Client).Download(0xc042946aa0, {0xa9d1cc8, 0xc0424166f0}, {0xc01ad376d0, 0x4f}, {0xc0477e8100, 0x40}, {{0x0, 0x0}, {{0x951627f, ...}, ...}})
	/home/mariell/work/oss/grafana/pkg/plugins/repo/client.go:65 +0x271
github.com/grafana/grafana/pkg/plugins/repo.(*Manager).GetPluginArchive(0xc02391a258, {0xa9d1cc8, 0xc0424166f0}, {0x95a2ace?, 0xc042893198?}, {0x0?, 0x4a4a19?}, {{0x0, 0x0}, {{0x951627f, ...}, ...}})
	/home/mariell/work/oss/grafana/pkg/plugins/repo/service.go:57 +0xc7
github.com/grafana/grafana/pkg/plugins/manager.(*PluginInstaller).install(0xc042946b40, {0xa9d1cc8, 0xc0424166f0}, {0x95a2ace, 0x17}, {0x0, 0x0}, {{0x0, 0x0}, {0x951627f, ...}, ...})
	/home/mariell/work/oss/grafana/pkg/plugins/manager/installer.go:120 +0x4b6
github.com/grafana/grafana/pkg/plugins/manager.(*PluginInstaller).Add(0xc042946b40, {0xa9d1cc8, 0xc0424166f0}, {0x95a2ace, 0x17}, {0x0, 0x0}, {{0x0, 0x0}, {0x951627f, ...}, ...})
	/home/mariell/work/oss/grafana/pkg/plugins/manager/installer.go:63 +0x19e
github.com/grafana/grafana/pkg/services/pluginsintegration/plugininstaller.(*Service).installPlugins(0xc03e4e7980, {0xa9d1d00?, 0xc042d234a0?})
	/home/mariell/work/oss/grafana/pkg/services/pluginsintegration/plugininstaller/service.go:164 +0x5ac
github.com/grafana/grafana/pkg/services/pluginsintegration/plugininstaller.(*Service).Run(0xc03e4e7980, {0xa9d1d00?, 0xc042d234a0?})
	/home/mariell/work/oss/grafana/pkg/services/pluginsintegration/plugininstaller/service.go:188 +0x26
github.com/grafana/grafana/pkg/server.(*Server).Run.func1()
	/home/mariell/work/oss/grafana/pkg/server/server.go:163 +0x119
golang.org/x/sync/errgroup.(*Group).Go.func1()
	/home/mariell/go/pkg/mod/golang.org/x/sync@v0.11.0/errgroup/errgroup.go:78 +0x50
created by golang.org/x/sync/errgroup.(*Group).Go in goroutine 74811
	/home/mariell/go/pkg/mod/golang.org/x/sync@v0.11.0/errgroup/errgroup.go:75 +0x93

goroutine 78283 [runnable]:
golang.org/x/sync/errgroup.(*Group).Go.func1()
	/home/mariell/go/pkg/mod/golang.org/x/sync@v0.11.0/errgroup/errgroup.go:75
created by golang.org/x/sync/errgroup.(*Group).Go in goroutine 77705
	/home/mariell/go/pkg/mod/golang.org/x/sync@v0.11.0/errgroup/errgroup.go:75 +0x93

goroutine 76783 [select]:
github.com/patrickmn/go-cache.(*janitor).Run(0xc047cc98e0, 0xc047e76b80)
	/home/mariell/go/pkg/mod/github.com/patrickmn/go-cache@v2.1.0+incompatible/cache.go:1079 +0x7b
created by github.com/patrickmn/go-cache.runJanitor in goroutine 4436
	/home/mariell/go/pkg/mod/github.com/patrickmn/go-cache@v2.1.0+incompatible/cache.go:1099 +0xdb

goroutine 75322 [select]:
github.com/centrifugal/centrifuge.(*historyHub).removeStreams(0xc04365b880)
	/home/mariell/go/pkg/mod/github.com/centrifugal/centrifuge@v0.33.3/broker_memory.go:259 +0x6f
created by github.com/centrifugal/centrifuge.(*historyHub).runCleanups in goroutine 56144
	/home/mariell/go/pkg/mod/github.com/centrifugal/centrifuge@v0.33.3/broker_memory.go:253 +0x96

goroutine 76045 [select]:
github.com/centrifugal/centrifuge.(*Node).sendNodePing(0xc02427a488)
	/home/mariell/go/pkg/mod/github.com/centrifugal/centrifuge@v0.33.3/node.go:380 +0x85
created by github.com/centrifugal/centrifuge.(*Node).Run in goroutine 3349
	/home/mariell/go/pkg/mod/github.com/centrifugal/centrifuge@v0.33.3/node.go:260 +0x225

goroutine 75341 [sync.Cond.Wait]:
sync.runtime_notifyListWait(0xc00e4b6210, 0x1e)
	/usr/lib/go/src/runtime/sema.go:597 +0x159
sync.(*Cond).Wait(0xc042cd6fd0?)
	/usr/lib/go/src/sync/cond.go:71 +0x85
github.com/centrifugal/centrifuge/internal/dissolve.(*queueImpl).Wait(0xc043706620)
	/home/mariell/go/pkg/mod/github.com/centrifugal/centrifuge@v0.33.3/internal/dissolve/queue.go:139 +0x4a
github.com/centrifugal/centrifuge/internal/dissolve.(*Dissolver).runWorker(0xc0253d2480)
	/home/mariell/go/pkg/mod/github.com/centrifugal/centrifuge@v0.33.3/internal/dissolve/dissolve.go:52 +0x27
created by github.com/centrifugal/centrifuge/internal/dissolve.(*Dissolver).Run in goroutine 56144
	/home/mariell/go/pkg/mod/github.com/centrifugal/centrifuge@v0.33.3/internal/dissolve/dissolve.go:31 +0x25

goroutine 75806 [select]:
github.com/patrickmn/go-cache.(*janitor).Run(0xc044c4d270, 0xc044c693c0)
	/home/mariell/go/pkg/mod/github.com/patrickmn/go-cache@v2.1.0+incompatible/cache.go:1079 +0x7b
created by github.com/patrickmn/go-cache.runJanitor in goroutine 3349
	/home/mariell/go/pkg/mod/github.com/patrickmn/go-cache@v2.1.0+incompatible/cache.go:1099 +0xdb

goroutine 75342 [sync.Cond.Wait]:
sync.runtime_notifyListWait(0xc00e4b6210, 0x1f)
	/usr/lib/go/src/runtime/sema.go:597 +0x159
sync.(*Cond).Wait(0xc042cd77d0?)
	/usr/lib/go/src/sync/cond.go:71 +0x85
github.com/centrifugal/centrifuge/internal/dissolve.(*queueImpl).Wait(0xc043706620)
	/home/mariell/go/pkg/mod/github.com/centrifugal/centrifuge@v0.33.3/internal/dissolve/queue.go:139 +0x4a
github.com/centrifugal/centrifuge/internal/dissolve.(*Dissolver).runWorker(0xc0253d2480)
	/home/mariell/go/pkg/mod/github.com/centrifugal/centrifuge@v0.33.3/internal/dissolve/dissolve.go:52 +0x27
created by github.com/centrifugal/centrifuge/internal/dissolve.(*Dissolver).Run in goroutine 56144
	/home/mariell/go/pkg/mod/github.com/centrifugal/centrifuge@v0.33.3/internal/dissolve/dissolve.go:31 +0x25

goroutine 75130 [select]:
github.com/grafana/grafana/pkg/storage/unified/resource.(*cache[...]).run(0xc042424700)
	/home/mariell/work/oss/grafana/pkg/storage/unified/resource/broadcaster.go:291 +0xb0
created by github.com/grafana/grafana/pkg/storage/unified/resource.newChannelCache[...] in goroutine 56141
	/home/mariell/work/oss/grafana/pkg/storage/unified/resource/broadcaster.go:276 +0x189

goroutine 76036 [select]:
github.com/centrifugal/centrifuge.(*historyHub).removeStreams(0xc04536e600)
	/home/mariell/go/pkg/mod/github.com/centrifugal/centrifuge@v0.33.3/broker_memory.go:259 +0x6f
created by github.com/centrifugal/centrifuge.(*historyHub).runCleanups in goroutine 3349
	/home/mariell/go/pkg/mod/github.com/centrifugal/centrifuge@v0.33.3/broker_memory.go:253 +0x96

goroutine 75334 [sync.Cond.Wait]:
sync.runtime_notifyListWait(0xc00e4b6210, 0x17)
	/usr/lib/go/src/runtime/sema.go:597 +0x159
sync.(*Cond).Wait(0x0?)
	/usr/lib/go/src/sync/cond.go:71 +0x85
github.com/centrifugal/centrifuge/internal/dissolve.(*queueImpl).Wait(0xc043706620)
	/home/mariell/go/pkg/mod/github.com/centrifugal/centrifuge@v0.33.3/internal/dissolve/queue.go:139 +0x4a
github.com/centrifugal/centrifuge/internal/dissolve.(*Dissolver).runWorker(0xc0253d2480)
	/home/mariell/go/pkg/mod/github.com/centrifugal/centrifuge@v0.33.3/internal/dissolve/dissolve.go:52 +0x27
created by github.com/centrifugal/centrifuge/internal/dissolve.(*Dissolver).Run in goroutine 56144
	/home/mariell/go/pkg/mod/github.com/centrifugal/centrifuge@v0.33.3/internal/dissolve/dissolve.go:31 +0x25

goroutine 77733 [runnable]:
github.com/centrifugal/centrifuge.(*Node).initMetrics.func1()
	/home/mariell/go/pkg/mod/github.com/centrifugal/centrifuge@v0.33.3/node.go:363
created by github.com/centrifugal/centrifuge.(*Node).initMetrics in goroutine 56142
	/home/mariell/go/pkg/mod/github.com/centrifugal/centrifuge@v0.33.3/node.go:363 +0x1f9

goroutine 75025 [chan receive]:
github.com/grafana/grafana/pkg/storage/unified/sql.(*channelNotifier).notify.func1()
	/home/mariell/work/oss/grafana/pkg/storage/unified/sql/notifier.go:87 +0x39
created by github.com/grafana/grafana/pkg/storage/unified/sql.(*channelNotifier).notify in goroutine 4439
	/home/mariell/work/oss/grafana/pkg/storage/unified/sql/notifier.go:86 +0xdb

goroutine 75170 [chan receive]:
github.com/grafana/grafana/pkg/storage/unified/resource.(*server).initWatcher.func1.1()
	/home/mariell/work/oss/grafana/pkg/storage/unified/resource/server.go:922 +0x58
created by github.com/grafana/grafana/pkg/storage/unified/resource.(*server).initWatcher.func1 in goroutine 4439
	/home/mariell/work/oss/grafana/pkg/storage/unified/resource/server.go:921 +0xaa

goroutine 75171 [select]:
github.com/grafana/grafana/pkg/storage/unified/resource.(*cache[...]).run(0x0)
	/home/mariell/work/oss/grafana/pkg/storage/unified/resource/broadcaster.go:291 +0xb0
created by github.com/grafana/grafana/pkg/storage/unified/resource.newChannelCache[...] in goroutine 4439
	/home/mariell/work/oss/grafana/pkg/storage/unified/resource/broadcaster.go:276 +0x189

goroutine 75172 [select]:
github.com/grafana/grafana/pkg/storage/unified/resource.(*broadcaster[...]).stream(0xab113a0, 0xc040468700)
	/home/mariell/work/oss/grafana/pkg/storage/unified/resource/broadcaster.go:205 +0x13d
created by github.com/grafana/grafana/pkg/storage/unified/resource.(*broadcaster[...]).init in goroutine 4439
	/home/mariell/work/oss/grafana/pkg/storage/unified/resource/broadcaster.go:177 +0x219

goroutine 76961 [select]:
github.com/patrickmn/go-cache.(*janitor).Run(0xc047b87280, 0xc047ba1040)
	/home/mariell/go/pkg/mod/github.com/patrickmn/go-cache@v2.1.0+incompatible/cache.go:1079 +0x7b
created by github.com/patrickmn/go-cache.runJanitor in goroutine 3350
	/home/mariell/go/pkg/mod/github.com/patrickmn/go-cache@v2.1.0+incompatible/cache.go:1099 +0xdb

goroutine 75343 [sync.Cond.Wait]:
sync.runtime_notifyListWait(0xc00e4b6210, 0x20)
	/usr/lib/go/src/runtime/sema.go:597 +0x159
sync.(*Cond).Wait(0x0?)
	/usr/lib/go/src/sync/cond.go:71 +0x85
github.com/centrifugal/centrifuge/internal/dissolve.(*queueImpl).Wait(0xc043706620)
	/home/mariell/go/pkg/mod/github.com/centrifugal/centrifuge@v0.33.3/internal/dissolve/queue.go:139 +0x4a
github.com/centrifugal/centrifuge/internal/dissolve.(*Dissolver).runWorker(0xc0253d2480)
	/home/mariell/go/pkg/mod/github.com/centrifugal/centrifuge@v0.33.3/internal/dissolve/dissolve.go:52 +0x27
created by github.com/centrifugal/centrifuge/internal/dissolve.(*Dissolver).Run in goroutine 56144
	/home/mariell/go/pkg/mod/github.com/centrifugal/centrifuge@v0.33.3/internal/dissolve/dissolve.go:31 +0x25

goroutine 75344 [sync.Cond.Wait]:
sync.runtime_notifyListWait(0xc00e4b6210, 0x12)
	/usr/lib/go/src/runtime/sema.go:597 +0x159
sync.(*Cond).Wait(0x0?)
	/usr/lib/go/src/sync/cond.go:71 +0x85
github.com/centrifugal/centrifuge/internal/dissolve.(*queueImpl).Wait(0xc043706620)
	/home/mariell/go/pkg/mod/github.com/centrifugal/centrifuge@v0.33.3/internal/dissolve/queue.go:139 +0x4a
github.com/centrifugal/centrifuge/internal/dissolve.(*Dissolver).runWorker(0xc0253d2480)
	/home/mariell/go/pkg/mod/github.com/centrifugal/centrifuge@v0.33.3/internal/dissolve/dissolve.go:52 +0x27
created by github.com/centrifugal/centrifuge/internal/dissolve.(*Dissolver).Run in goroutine 56144
	/home/mariell/go/pkg/mod/github.com/centrifugal/centrifuge@v0.33.3/internal/dissolve/dissolve.go:31 +0x25

goroutine 75345 [sync.Cond.Wait]:
sync.runtime_notifyListWait(0xc00e4b6210, 0x22)
	/usr/lib/go/src/runtime/sema.go:597 +0x159
sync.(*Cond).Wait(0x0?)
	/usr/lib/go/src/sync/cond.go:71 +0x85
github.com/centrifugal/centrifuge/internal/dissolve.(*queueImpl).Wait(0xc043706620)
	/home/mariell/go/pkg/mod/github.com/centrifugal/centrifuge@v0.33.3/internal/dissolve/queue.go:139 +0x4a
github.com/centrifugal/centrifuge/internal/dissolve.(*Dissolver).runWorker(0xc0253d2480)
	/home/mariell/go/pkg/mod/github.com/centrifugal/centrifuge@v0.33.3/internal/dissolve/dissolve.go:52 +0x27
created by github.com/centrifugal/centrifuge/internal/dissolve.(*Dissolver).Run in goroutine 56144
	/home/mariell/go/pkg/mod/github.com/centrifugal/centrifuge@v0.33.3/internal/dissolve/dissolve.go:31 +0x25

goroutine 75346 [sync.Cond.Wait]:
sync.runtime_notifyListWait(0xc00e4b6210, 0x23)
	/usr/lib/go/src/runtime/sema.go:597 +0x159
sync.(*Cond).Wait(0x0?)
	/usr/lib/go/src/sync/cond.go:71 +0x85
github.com/centrifugal/centrifuge/internal/dissolve.(*queueImpl).Wait(0xc043706620)
	/home/mariell/go/pkg/mod/github.com/centrifugal/centrifuge@v0.33.3/internal/dissolve/queue.go:139 +0x4a
github.com/centrifugal/centrifuge/internal/dissolve.(*Dissolver).runWorker(0xc0253d2480)
	/home/mariell/go/pkg/mod/github.com/centrifugal/centrifuge@v0.33.3/internal/dissolve/dissolve.go:52 +0x27
created by github.com/centrifugal/centrifuge/internal/dissolve.(*Dissolver).Run in goroutine 56144
	/home/mariell/go/pkg/mod/github.com/centrifugal/centrifuge@v0.33.3/internal/dissolve/dissolve.go:31 +0x25

goroutine 75347 [sync.Cond.Wait]:
sync.runtime_notifyListWait(0xc00e4b6210, 0x24)
	/usr/lib/go/src/runtime/sema.go:597 +0x159
sync.(*Cond).Wait(0x0?)
	/usr/lib/go/src/sync/cond.go:71 +0x85
github.com/centrifugal/centrifuge/internal/dissolve.(*queueImpl).Wait(0xc043706620)
	/home/mariell/go/pkg/mod/github.com/centrifugal/centrifuge@v0.33.3/internal/dissolve/queue.go:139 +0x4a
github.com/centrifugal/centrifuge/internal/dissolve.(*Dissolver).runWorker(0xc0253d2480)
	/home/mariell/go/pkg/mod/github.com/centrifugal/centrifuge@v0.33.3/internal/dissolve/dissolve.go:52 +0x27
created by github.com/centrifugal/centrifuge/internal/dissolve.(*Dissolver).Run in goroutine 56144
	/home/mariell/go/pkg/mod/github.com/centrifugal/centrifuge@v0.33.3/internal/dissolve/dissolve.go:31 +0x25

goroutine 75348 [sync.Cond.Wait]:
sync.runtime_notifyListWait(0xc00e4b6210, 0x25)
	/usr/lib/go/src/runtime/sema.go:597 +0x159
sync.(*Cond).Wait(0x0?)
	/usr/lib/go/src/sync/cond.go:71 +0x85
github.com/centrifugal/centrifuge/internal/dissolve.(*queueImpl).Wait(0xc043706620)
	/home/mariell/go/pkg/mod/github.com/centrifugal/centrifuge@v0.33.3/internal/dissolve/queue.go:139 +0x4a
github.com/centrifugal/centrifuge/internal/dissolve.(*Dissolver).runWorker(0xc0253d2480)
	/home/mariell/go/pkg/mod/github.com/centrifugal/centrifuge@v0.33.3/internal/dissolve/dissolve.go:52 +0x27
created by github.com/centrifugal/centrifuge/internal/dissolve.(*Dissolver).Run in goroutine 56144
	/home/mariell/go/pkg/mod/github.com/centrifugal/centrifuge@v0.33.3/internal/dissolve/dissolve.go:31 +0x25

goroutine 75349 [sync.Cond.Wait]:
sync.runtime_notifyListWait(0xc00e4b6210, 0x26)
	/usr/lib/go/src/runtime/sema.go:597 +0x159
sync.(*Cond).Wait(0x0?)
	/usr/lib/go/src/sync/cond.go:71 +0x85
github.com/centrifugal/centrifuge/internal/dissolve.(*queueImpl).Wait(0xc043706620)
	/home/mariell/go/pkg/mod/github.com/centrifugal/centrifuge@v0.33.3/internal/dissolve/queue.go:139 +0x4a
github.com/centrifugal/centrifuge/internal/dissolve.(*Dissolver).runWorker(0xc0253d2480)
	/home/mariell/go/pkg/mod/github.com/centrifugal/centrifuge@v0.33.3/internal/dissolve/dissolve.go:52 +0x27
created by github.com/centrifugal/centrifuge/internal/dissolve.(*Dissolver).Run in goroutine 56144
	/home/mariell/go/pkg/mod/github.com/centrifugal/centrifuge@v0.33.3/internal/dissolve/dissolve.go:31 +0x25

goroutine 75350 [sync.Cond.Wait]:
sync.runtime_notifyListWait(0xc00e4b6210, 0x27)
	/usr/lib/go/src/runtime/sema.go:597 +0x159
sync.(*Cond).Wait(0x0?)
	/usr/lib/go/src/sync/cond.go:71 +0x85
github.com/centrifugal/centrifuge/internal/dissolve.(*queueImpl).Wait(0xc043706620)
	/home/mariell/go/pkg/mod/github.com/centrifugal/centrifuge@v0.33.3/internal/dissolve/queue.go:139 +0x4a
github.com/centrifugal/centrifuge/internal/dissolve.(*Dissolver).runWorker(0xc0253d2480)
	/home/mariell/go/pkg/mod/github.com/centrifugal/centrifuge@v0.33.3/internal/dissolve/dissolve.go:52 +0x27
created by github.com/centrifugal/centrifuge/internal/dissolve.(*Dissolver).Run in goroutine 56144
	/home/mariell/go/pkg/mod/github.com/centrifugal/centrifuge@v0.33.3/internal/dissolve/dissolve.go:31 +0x25

goroutine 75351 [sync.Cond.Wait]:
sync.runtime_notifyListWait(0xc00e4b6210, 0x21)
	/usr/lib/go/src/runtime/sema.go:597 +0x159
sync.(*Cond).Wait(0x0?)
	/usr/lib/go/src/sync/cond.go:71 +0x85
github.com/centrifugal/centrifuge/internal/dissolve.(*queueImpl).Wait(0xc043706620)
	/home/mariell/go/pkg/mod/github.com/centrifugal/centrifuge@v0.33.3/internal/dissolve/queue.go:139 +0x4a
github.com/centrifugal/centrifuge/internal/dissolve.(*Dissolver).runWorker(0xc0253d2480)
	/home/mariell/go/pkg/mod/github.com/centrifugal/centrifuge@v0.33.3/internal/dissolve/dissolve.go:52 +0x27
created by github.com/centrifugal/centrifuge/internal/dissolve.(*Dissolver).Run in goroutine 56144
	/home/mariell/go/pkg/mod/github.com/centrifugal/centrifuge@v0.33.3/internal/dissolve/dissolve.go:31 +0x25

goroutine 75352 [sync.Cond.Wait]:
sync.runtime_notifyListWait(0xc00e4b6210, 0x31)
	/usr/lib/go/src/runtime/sema.go:597 +0x159
sync.(*Cond).Wait(0x0?)
	/usr/lib/go/src/sync/cond.go:71 +0x85
github.com/centrifugal/centrifuge/internal/dissolve.(*queueImpl).Wait(0xc043706620)
	/home/mariell/go/pkg/mod/github.com/centrifugal/centrifuge@v0.33.3/internal/dissolve/queue.go:139 +0x4a
github.com/centrifugal/centrifuge/internal/dissolve.(*Dissolver).runWorker(0xc0253d2480)
	/home/mariell/go/pkg/mod/github.com/centrifugal/centrifuge@v0.33.3/internal/dissolve/dissolve.go:52 +0x27
created by github.com/centrifugal/centrifuge/internal/dissolve.(*Dissolver).Run in goroutine 56144
	/home/mariell/go/pkg/mod/github.com/centrifugal/centrifuge@v0.33.3/internal/dissolve/dissolve.go:31 +0x25

goroutine 75353 [sync.Cond.Wait]:
sync.runtime_notifyListWait(0xc00e4b6210, 0x33)
	/usr/lib/go/src/runtime/sema.go:597 +0x159
sync.(*Cond).Wait(0x0?)
	/usr/lib/go/src/sync/cond.go:71 +0x85
github.com/centrifugal/centrifuge/internal/dissolve.(*queueImpl).Wait(0xc043706620)
	/home/mariell/go/pkg/mod/github.com/centrifugal/centrifuge@v0.33.3/internal/dissolve/queue.go:139 +0x4a
github.com/centrifugal/centrifuge/internal/dissolve.(*Dissolver).runWorker(0xc0253d2480)
	/home/mariell/go/pkg/mod/github.com/centrifugal/centrifuge@v0.33.3/internal/dissolve/dissolve.go:52 +0x27
created by github.com/centrifugal/centrifuge/internal/dissolve.(*Dissolver).Run in goroutine 56144
	/home/mariell/go/pkg/mod/github.com/centrifugal/centrifuge@v0.33.3/internal/dissolve/dissolve.go:31 +0x25

goroutine 75354 [sync.Cond.Wait]:
sync.runtime_notifyListWait(0xc00e4b6210, 0x39)
	/usr/lib/go/src/runtime/sema.go:597 +0x159
sync.(*Cond).Wait(0x0?)
	/usr/lib/go/src/sync/cond.go:71 +0x85
github.com/centrifugal/centrifuge/internal/dissolve.(*queueImpl).Wait(0xc043706620)
	/home/mariell/go/pkg/mod/github.com/centrifugal/centrifuge@v0.33.3/internal/dissolve/queue.go:139 +0x4a
github.com/centrifugal/centrifuge/internal/dissolve.(*Dissolver).runWorker(0xc0253d2480)
	/home/mariell/go/pkg/mod/github.com/centrifugal/centrifuge@v0.33.3/internal/dissolve/dissolve.go:52 +0x27
created by github.com/centrifugal/centrifuge/internal/dissolve.(*Dissolver).Run in goroutine 56144
	/home/mariell/go/pkg/mod/github.com/centrifugal/centrifuge@v0.33.3/internal/dissolve/dissolve.go:31 +0x25

goroutine 75355 [sync.Cond.Wait]:
sync.runtime_notifyListWait(0xc00e4b6210, 0x3a)
	/usr/lib/go/src/runtime/sema.go:597 +0x159
sync.(*Cond).Wait(0x0?)
	/usr/lib/go/src/sync/cond.go:71 +0x85
github.com/centrifugal/centrifuge/internal/dissolve.(*queueImpl).Wait(0xc043706620)
	/home/mariell/go/pkg/mod/github.com/centrifugal/centrifuge@v0.33.3/internal/dissolve/queue.go:139 +0x4a
github.com/centrifugal/centrifuge/internal/dissolve.(*Dissolver).runWorker(0xc0253d2480)
	/home/mariell/go/pkg/mod/github.com/centrifugal/centrifuge@v0.33.3/internal/dissolve/dissolve.go:52 +0x27
created by github.com/centrifugal/centrifuge/internal/dissolve.(*Dissolver).Run in goroutine 56144
	/home/mariell/go/pkg/mod/github.com/centrifugal/centrifuge@v0.33.3/internal/dissolve/dissolve.go:31 +0x25

goroutine 75356 [sync.Cond.Wait]:
sync.runtime_notifyListWait(0xc00e4b6210, 0x37)
	/usr/lib/go/src/runtime/sema.go:597 +0x159
sync.(*Cond).Wait(0x0?)
	/usr/lib/go/src/sync/cond.go:71 +0x85
github.com/centrifugal/centrifuge/internal/dissolve.(*queueImpl).Wait(0xc043706620)
	/home/mariell/go/pkg/mod/github.com/centrifugal/centrifuge@v0.33.3/internal/dissolve/queue.go:139 +0x4a
github.com/centrifugal/centrifuge/internal/dissolve.(*Dissolver).runWorker(0xc0253d2480)
	/home/mariell/go/pkg/mod/github.com/centrifugal/centrifuge@v0.33.3/internal/dissolve/dissolve.go:52 +0x27
created by github.com/centrifugal/centrifuge/internal/dissolve.(*Dissolver).Run in goroutine 56144
	/home/mariell/go/pkg/mod/github.com/centrifugal/centrifuge@v0.33.3/internal/dissolve/dissolve.go:31 +0x25

goroutine 75357 [sync.Cond.Wait]:
sync.runtime_notifyListWait(0xc00e4b6210, 0x38)
	/usr/lib/go/src/runtime/sema.go:597 +0x159
sync.(*Cond).Wait(0x0?)
	/usr/lib/go/src/sync/cond.go:71 +0x85
github.com/centrifugal/centrifuge/internal/dissolve.(*queueImpl).Wait(0xc043706620)
	/home/mariell/go/pkg/mod/github.com/centrifugal/centrifuge@v0.33.3/internal/dissolve/queue.go:139 +0x4a
github.com/centrifugal/centrifuge/internal/dissolve.(*Dissolver).runWorker(0xc0253d2480)
	/home/mariell/go/pkg/mod/github.com/centrifugal/centrifuge@v0.33.3/internal/dissolve/dissolve.go:52 +0x27
created by github.com/centrifugal/centrifuge/internal/dissolve.(*Dissolver).Run in goroutine 56144
	/home/mariell/go/pkg/mod/github.com/centrifugal/centrifuge@v0.33.3/internal/dissolve/dissolve.go:31 +0x25

goroutine 75358 [sync.Cond.Wait]:
sync.runtime_notifyListWait(0xc00e4b6210, 0x3b)
	/usr/lib/go/src/runtime/sema.go:597 +0x159
sync.(*Cond).Wait(0x0?)
	/usr/lib/go/src/sync/cond.go:71 +0x85
github.com/centrifugal/centrifuge/internal/dissolve.(*queueImpl).Wait(0xc043706620)
	/home/mariell/go/pkg/mod/github.com/centrifugal/centrifuge@v0.33.3/internal/dissolve/queue.go:139 +0x4a
github.com/centrifugal/centrifuge/internal/dissolve.(*Dissolver).runWorker(0xc0253d2480)
	/home/mariell/go/pkg/mod/github.com/centrifugal/centrifuge@v0.33.3/internal/dissolve/dissolve.go:52 +0x27
created by github.com/centrifugal/centrifuge/internal/dissolve.(*Dissolver).Run in goroutine 56144
	/home/mariell/go/pkg/mod/github.com/centrifugal/centrifuge@v0.33.3/internal/dissolve/dissolve.go:31 +0x25

goroutine 75359 [sync.Cond.Wait]:
sync.runtime_notifyListWait(0xc00e4b6210, 0x0)
	/usr/lib/go/src/runtime/sema.go:597 +0x159
sync.(*Cond).Wait(0x0?)
	/usr/lib/go/src/sync/cond.go:71 +0x85
github.com/centrifugal/centrifuge/internal/dissolve.(*queueImpl).Wait(0xc043706620)
	/home/mariell/go/pkg/mod/github.com/centrifugal/centrifuge@v0.33.3/internal/dissolve/queue.go:139 +0x4a
github.com/centrifugal/centrifuge/internal/dissolve.(*Dissolver).runWorker(0xc0253d2480)
	/home/mariell/go/pkg/mod/github.com/centrifugal/centrifuge@v0.33.3/internal/dissolve/dissolve.go:52 +0x27
created by github.com/centrifugal/centrifuge/internal/dissolve.(*Dissolver).Run in goroutine 56144
	/home/mariell/go/pkg/mod/github.com/centrifugal/centrifuge@v0.33.3/internal/dissolve/dissolve.go:31 +0x25

goroutine 75360 [sync.Cond.Wait]:
sync.runtime_notifyListWait(0xc00e4b6210, 0x2)
	/usr/lib/go/src/runtime/sema.go:597 +0x159
sync.(*Cond).Wait(0x0?)
	/usr/lib/go/src/sync/cond.go:71 +0x85
github.com/centrifugal/centrifuge/internal/dissolve.(*queueImpl).Wait(0xc043706620)
	/home/mariell/go/pkg/mod/github.com/centrifugal/centrifuge@v0.33.3/internal/dissolve/queue.go:139 +0x4a
github.com/centrifugal/centrifuge/internal/dissolve.(*Dissolver).runWorker(0xc0253d2480)
	/home/mariell/go/pkg/mod/github.com/centrifugal/centrifuge@v0.33.3/internal/dissolve/dissolve.go:52 +0x27
created by github.com/centrifugal/centrifuge/internal/dissolve.(*Dissolver).Run in goroutine 56144
	/home/mariell/go/pkg/mod/github.com/centrifugal/centrifuge@v0.33.3/internal/dissolve/dissolve.go:31 +0x25

goroutine 75361 [sync.Cond.Wait]:
sync.runtime_notifyListWait(0xc00e4b6210, 0x3)
	/usr/lib/go/src/runtime/sema.go:597 +0x159
sync.(*Cond).Wait(0x0?)
	/usr/lib/go/src/sync/cond.go:71 +0x85
github.com/centrifugal/centrifuge/internal/dissolve.(*queueImpl).Wait(0xc043706620)
	/home/mariell/go/pkg/mod/github.com/centrifugal/centrifuge@v0.33.3/internal/dissolve/queue.go:139 +0x4a
github.com/centrifugal/centrifuge/internal/dissolve.(*Dissolver).runWorker(0xc0253d2480)
	/home/mariell/go/pkg/mod/github.com/centrifugal/centrifuge@v0.33.3/internal/dissolve/dissolve.go:52 +0x27
created by github.com/centrifugal/centrifuge/internal/dissolve.(*Dissolver).Run in goroutine 56144
	/home/mariell/go/pkg/mod/github.com/centrifugal/centrifuge@v0.33.3/internal/dissolve/dissolve.go:31 +0x25

goroutine 75362 [sync.Cond.Wait]:
sync.runtime_notifyListWait(0xc00e4b6210, 0x4)
	/usr/lib/go/src/runtime/sema.go:597 +0x159
sync.(*Cond).Wait(0x0?)
	/usr/lib/go/src/sync/cond.go:71 +0x85
github.com/centrifugal/centrifuge/internal/dissolve.(*queueImpl).Wait(0xc043706620)
	/home/mariell/go/pkg/mod/github.com/centrifugal/centrifuge@v0.33.3/internal/dissolve/queue.go:139 +0x4a
github.com/centrifugal/centrifuge/internal/dissolve.(*Dissolver).runWorker(0xc0253d2480)
	/home/mariell/go/pkg/mod/github.com/centrifugal/centrifuge@v0.33.3/internal/dissolve/dissolve.go:52 +0x27
created by github.com/centrifugal/centrifuge/internal/dissolve.(*Dissolver).Run in goroutine 56144
	/home/mariell/go/pkg/mod/github.com/centrifugal/centrifuge@v0.33.3/internal/dissolve/dissolve.go:31 +0x25

goroutine 75363 [sync.Cond.Wait]:
sync.runtime_notifyListWait(0xc00e4b6210, 0x5)
	/usr/lib/go/src/runtime/sema.go:597 +0x159
sync.(*Cond).Wait(0x0?)
	/usr/lib/go/src/sync/cond.go:71 +0x85
github.com/centrifugal/centrifuge/internal/dissolve.(*queueImpl).Wait(0xc043706620)
	/home/mariell/go/pkg/mod/github.com/centrifugal/centrifuge@v0.33.3/internal/dissolve/queue.go:139 +0x4a
github.com/centrifugal/centrifuge/internal/dissolve.(*Dissolver).runWorker(0xc0253d2480)
	/home/mariell/go/pkg/mod/github.com/centrifugal/centrifuge@v0.33.3/internal/dissolve/dissolve.go:52 +0x27
created by github.com/centrifugal/centrifuge/internal/dissolve.(*Dissolver).Run in goroutine 56144
	/home/mariell/go/pkg/mod/github.com/centrifugal/centrifuge@v0.33.3/internal/dissolve/dissolve.go:31 +0x25

goroutine 75364 [sync.Cond.Wait]:
sync.runtime_notifyListWait(0xc00e4b6210, 0x6)
	/usr/lib/go/src/runtime/sema.go:597 +0x159
sync.(*Cond).Wait(0x0?)
	/usr/lib/go/src/sync/cond.go:71 +0x85
github.com/centrifugal/centrifuge/internal/dissolve.(*queueImpl).Wait(0xc043706620)
	/home/mariell/go/pkg/mod/github.com/centrifugal/centrifuge@v0.33.3/internal/dissolve/queue.go:139 +0x4a
github.com/centrifugal/centrifuge/internal/dissolve.(*Dissolver).runWorker(0xc0253d2480)
	/home/mariell/go/pkg/mod/github.com/centrifugal/centrifuge@v0.33.3/internal/dissolve/dissolve.go:52 +0x27
created by github.com/centrifugal/centrifuge/internal/dissolve.(*Dissolver).Run in goroutine 56144
	/home/mariell/go/pkg/mod/github.com/centrifugal/centrifuge@v0.33.3/internal/dissolve/dissolve.go:31 +0x25

goroutine 75365 [sync.Cond.Wait]:
sync.runtime_notifyListWait(0xc00e4b6210, 0x7)
	/usr/lib/go/src/runtime/sema.go:597 +0x159
sync.(*Cond).Wait(0x0?)
	/usr/lib/go/src/sync/cond.go:71 +0x85
github.com/centrifugal/centrifuge/internal/dissolve.(*queueImpl).Wait(0xc043706620)
	/home/mariell/go/pkg/mod/github.com/centrifugal/centrifuge@v0.33.3/internal/dissolve/queue.go:139 +0x4a
github.com/centrifugal/centrifuge/internal/dissolve.(*Dissolver).runWorker(0xc0253d2480)
	/home/mariell/go/pkg/mod/github.com/centrifugal/centrifuge@v0.33.3/internal/dissolve/dissolve.go:52 +0x27
created by github.com/centrifugal/centrifuge/internal/dissolve.(*Dissolver).Run in goroutine 56144
	/home/mariell/go/pkg/mod/github.com/centrifugal/centrifuge@v0.33.3/internal/dissolve/dissolve.go:31 +0x25

goroutine 75366 [sync.Cond.Wait]:
sync.runtime_notifyListWait(0xc00e4b6210, 0x8)
	/usr/lib/go/src/runtime/sema.go:597 +0x159
sync.(*Cond).Wait(0x0?)
	/usr/lib/go/src/sync/cond.go:71 +0x85
github.com/centrifugal/centrifuge/internal/dissolve.(*queueImpl).Wait(0xc043706620)
	/home/mariell/go/pkg/mod/github.com/centrifugal/centrifuge@v0.33.3/internal/dissolve/queue.go:139 +0x4a
github.com/centrifugal/centrifuge/internal/dissolve.(*Dissolver).runWorker(0xc0253d2480)
	/home/mariell/go/pkg/mod/github.com/centrifugal/centrifuge@v0.33.3/internal/dissolve/dissolve.go:52 +0x27
created by github.com/centrifugal/centrifuge/internal/dissolve.(*Dissolver).Run in goroutine 56144
	/home/mariell/go/pkg/mod/github.com/centrifugal/centrifuge@v0.33.3/internal/dissolve/dissolve.go:31 +0x25

goroutine 75367 [sync.Cond.Wait]:
sync.runtime_notifyListWait(0xc00e4b6210, 0x9)
	/usr/lib/go/src/runtime/sema.go:597 +0x159
sync.(*Cond).Wait(0x0?)
	/usr/lib/go/src/sync/cond.go:71 +0x85
github.com/centrifugal/centrifuge/internal/dissolve.(*queueImpl).Wait(0xc043706620)
	/home/mariell/go/pkg/mod/github.com/centrifugal/centrifuge@v0.33.3/internal/dissolve/queue.go:139 +0x4a
github.com/centrifugal/centrifuge/internal/dissolve.(*Dissolver).runWorker(0xc0253d2480)
	/home/mariell/go/pkg/mod/github.com/centrifugal/centrifuge@v0.33.3/internal/dissolve/dissolve.go:52 +0x27
created by github.com/centrifugal/centrifuge/internal/dissolve.(*Dissolver).Run in goroutine 56144
	/home/mariell/go/pkg/mod/github.com/centrifugal/centrifuge@v0.33.3/internal/dissolve/dissolve.go:31 +0x25

goroutine 75368 [sync.Cond.Wait]:
sync.runtime_notifyListWait(0xc00e4b6210, 0xa)
	/usr/lib/go/src/runtime/sema.go:597 +0x159
sync.(*Cond).Wait(0x0?)
	/usr/lib/go/src/sync/cond.go:71 +0x85
github.com/centrifugal/centrifuge/internal/dissolve.(*queueImpl).Wait(0xc043706620)
	/home/mariell/go/pkg/mod/github.com/centrifugal/centrifuge@v0.33.3/internal/dissolve/queue.go:139 +0x4a
github.com/centrifugal/centrifuge/internal/dissolve.(*Dissolver).runWorker(0xc0253d2480)
	/home/mariell/go/pkg/mod/github.com/centrifugal/centrifuge@v0.33.3/internal/dissolve/dissolve.go:52 +0x27
created by github.com/centrifugal/centrifuge/internal/dissolve.(*Dissolver).Run in goroutine 56144
	/home/mariell/go/pkg/mod/github.com/centrifugal/centrifuge@v0.33.3/internal/dissolve/dissolve.go:31 +0x25

goroutine 75369 [sync.Cond.Wait]:
sync.runtime_notifyListWait(0xc00e4b6210, 0xb)
	/usr/lib/go/src/runtime/sema.go:597 +0x159
sync.(*Cond).Wait(0x0?)
	/usr/lib/go/src/sync/cond.go:71 +0x85
github.com/centrifugal/centrifuge/internal/dissolve.(*queueImpl).Wait(0xc043706620)
	/home/mariell/go/pkg/mod/github.com/centrifugal/centrifuge@v0.33.3/internal/dissolve/queue.go:139 +0x4a
github.com/centrifugal/centrifuge/internal/dissolve.(*Dissolver).runWorker(0xc0253d2480)
	/home/mariell/go/pkg/mod/github.com/centrifugal/centrifuge@v0.33.3/internal/dissolve/dissolve.go:52 +0x27
created by github.com/centrifugal/centrifuge/internal/dissolve.(*Dissolver).Run in goroutine 56144
	/home/mariell/go/pkg/mod/github.com/centrifugal/centrifuge@v0.33.3/internal/dissolve/dissolve.go:31 +0x25

goroutine 75370 [sync.Cond.Wait]:
sync.runtime_notifyListWait(0xc00e4b6210, 0xc)
	/usr/lib/go/src/runtime/sema.go:597 +0x159
sync.(*Cond).Wait(0x0?)
	/usr/lib/go/src/sync/cond.go:71 +0x85
github.com/centrifugal/centrifuge/internal/dissolve.(*queueImpl).Wait(0xc043706620)
	/home/mariell/go/pkg/mod/github.com/centrifugal/centrifuge@v0.33.3/internal/dissolve/queue.go:139 +0x4a
github.com/centrifugal/centrifuge/internal/dissolve.(*Dissolver).runWorker(0xc0253d2480)
	/home/mariell/go/pkg/mod/github.com/centrifugal/centrifuge@v0.33.3/internal/dissolve/dissolve.go:52 +0x27
created by github.com/centrifugal/centrifuge/internal/dissolve.(*Dissolver).Run in goroutine 56144
	/home/mariell/go/pkg/mod/github.com/centrifugal/centrifuge@v0.33.3/internal/dissolve/dissolve.go:31 +0x25

goroutine 75371 [sync.Cond.Wait]:
sync.runtime_notifyListWait(0xc00e4b6210, 0xd)
	/usr/lib/go/src/runtime/sema.go:597 +0x159
sync.(*Cond).Wait(0x0?)
	/usr/lib/go/src/sync/cond.go:71 +0x85
github.com/centrifugal/centrifuge/internal/dissolve.(*queueImpl).Wait(0xc043706620)
	/home/mariell/go/pkg/mod/github.com/centrifugal/centrifuge@v0.33.3/internal/dissolve/queue.go:139 +0x4a
github.com/centrifugal/centrifuge/internal/dissolve.(*Dissolver).runWorker(0xc0253d2480)
	/home/mariell/go/pkg/mod/github.com/centrifugal/centrifuge@v0.33.3/internal/dissolve/dissolve.go:52 +0x27
created by github.com/centrifugal/centrifuge/internal/dissolve.(*Dissolver).Run in goroutine 56144
	/home/mariell/go/pkg/mod/github.com/centrifugal/centrifuge@v0.33.3/internal/dissolve/dissolve.go:31 +0x25

goroutine 75372 [sync.Cond.Wait]:
sync.runtime_notifyListWait(0xc00e4b6210, 0xe)
	/usr/lib/go/src/runtime/sema.go:597 +0x159
sync.(*Cond).Wait(0x0?)
	/usr/lib/go/src/sync/cond.go:71 +0x85
github.com/centrifugal/centrifuge/internal/dissolve.(*queueImpl).Wait(0xc043706620)
	/home/mariell/go/pkg/mod/github.com/centrifugal/centrifuge@v0.33.3/internal/dissolve/queue.go:139 +0x4a
github.com/centrifugal/centrifuge/internal/dissolve.(*Dissolver).runWorker(0xc0253d2480)
	/home/mariell/go/pkg/mod/github.com/centrifugal/centrifuge@v0.33.3/internal/dissolve/dissolve.go:52 +0x27
created by github.com/centrifugal/centrifuge/internal/dissolve.(*Dissolver).Run in goroutine 56144
	/home/mariell/go/pkg/mod/github.com/centrifugal/centrifuge@v0.33.3/internal/dissolve/dissolve.go:31 +0x25

goroutine 75373 [sync.Cond.Wait]:
sync.runtime_notifyListWait(0xc00e4b6210, 0xf)
	/usr/lib/go/src/runtime/sema.go:597 +0x159
sync.(*Cond).Wait(0x0?)
	/usr/lib/go/src/sync/cond.go:71 +0x85
github.com/centrifugal/centrifuge/internal/dissolve.(*queueImpl).Wait(0xc043706620)
	/home/mariell/go/pkg/mod/github.com/centrifugal/centrifuge@v0.33.3/internal/dissolve/queue.go:139 +0x4a
github.com/centrifugal/centrifuge/internal/dissolve.(*Dissolver).runWorker(0xc0253d2480)
	/home/mariell/go/pkg/mod/github.com/centrifugal/centrifuge@v0.33.3/internal/dissolve/dissolve.go:52 +0x27
created by github.com/centrifugal/centrifuge/internal/dissolve.(*Dissolver).Run in goroutine 56144
	/home/mariell/go/pkg/mod/github.com/centrifugal/centrifuge@v0.33.3/internal/dissolve/dissolve.go:31 +0x25

goroutine 75374 [sync.Cond.Wait]:
sync.runtime_notifyListWait(0xc00e4b6210, 0x10)
	/usr/lib/go/src/runtime/sema.go:597 +0x159
sync.(*Cond).Wait(0x0?)
	/usr/lib/go/src/sync/cond.go:71 +0x85
github.com/centrifugal/centrifuge/internal/dissolve.(*queueImpl).Wait(0xc043706620)
	/home/mariell/go/pkg/mod/github.com/centrifugal/centrifuge@v0.33.3/internal/dissolve/queue.go:139 +0x4a
github.com/centrifugal/centrifuge/internal/dissolve.(*Dissolver).runWorker(0xc0253d2480)
	/home/mariell/go/pkg/mod/github.com/centrifugal/centrifuge@v0.33.3/internal/dissolve/dissolve.go:52 +0x27
created by github.com/centrifugal/centrifuge/internal/dissolve.(*Dissolver).Run in goroutine 56144
	/home/mariell/go/pkg/mod/github.com/centrifugal/centrifuge@v0.33.3/internal/dissolve/dissolve.go:31 +0x25

goroutine 75375 [sync.Cond.Wait]:
sync.runtime_notifyListWait(0xc00e4b6210, 0x11)
	/usr/lib/go/src/runtime/sema.go:597 +0x159
sync.(*Cond).Wait(0x0?)
	/usr/lib/go/src/sync/cond.go:71 +0x85
github.com/centrifugal/centrifuge/internal/dissolve.(*queueImpl).Wait(0xc043706620)
	/home/mariell/go/pkg/mod/github.com/centrifugal/centrifuge@v0.33.3/internal/dissolve/queue.go:139 +0x4a
github.com/centrifugal/centrifuge/internal/dissolve.(*Dissolver).runWorker(0xc0253d2480)
	/home/mariell/go/pkg/mod/github.com/centrifugal/centrifuge@v0.33.3/internal/dissolve/dissolve.go:52 +0x27
created by github.com/centrifugal/centrifuge/internal/dissolve.(*Dissolver).Run in goroutine 56144
	/home/mariell/go/pkg/mod/github.com/centrifugal/centrifuge@v0.33.3/internal/dissolve/dissolve.go:31 +0x25

goroutine 75376 [sync.Cond.Wait]:
sync.runtime_notifyListWait(0xc00e4b6210, 0x1)
	/usr/lib/go/src/runtime/sema.go:597 +0x159
sync.(*Cond).Wait(0x0?)
	/usr/lib/go/src/sync/cond.go:71 +0x85
github.com/centrifugal/centrifuge/internal/dissolve.(*queueImpl).Wait(0xc043706620)
	/home/mariell/go/pkg/mod/github.com/centrifugal/centrifuge@v0.33.3/internal/dissolve/queue.go:139 +0x4a
github.com/centrifugal/centrifuge/internal/dissolve.(*Dissolver).runWorker(0xc0253d2480)
	/home/mariell/go/pkg/mod/github.com/centrifugal/centrifuge@v0.33.3/internal/dissolve/dissolve.go:52 +0x27
created by github.com/centrifugal/centrifuge/internal/dissolve.(*Dissolver).Run in goroutine 56144
	/home/mariell/go/pkg/mod/github.com/centrifugal/centrifuge@v0.33.3/internal/dissolve/dissolve.go:31 +0x25

goroutine 75377 [sync.Cond.Wait]:
sync.runtime_notifyListWait(0xc00e4b6210, 0x29)
	/usr/lib/go/src/runtime/sema.go:597 +0x159
sync.(*Cond).Wait(0x0?)
	/usr/lib/go/src/sync/cond.go:71 +0x85
github.com/centrifugal/centrifuge/internal/dissolve.(*queueImpl).Wait(0xc043706620)
	/home/mariell/go/pkg/mod/github.com/centrifugal/centrifuge@v0.33.3/internal/dissolve/queue.go:139 +0x4a
github.com/centrifugal/centrifuge/internal/dissolve.(*Dissolver).runWorker(0xc0253d2480)
	/home/mariell/go/pkg/mod/github.com/centrifugal/centrifuge@v0.33.3/internal/dissolve/dissolve.go:52 +0x27
created by github.com/centrifugal/centrifuge/internal/dissolve.(*Dissolver).Run in goroutine 56144
	/home/mariell/go/pkg/mod/github.com/centrifugal/centrifuge@v0.33.3/internal/dissolve/dissolve.go:31 +0x25

goroutine 75378 [sync.Cond.Wait]:
sync.runtime_notifyListWait(0xc00e4b6210, 0x2a)
	/usr/lib/go/src/runtime/sema.go:597 +0x159
sync.(*Cond).Wait(0x0?)
	/usr/lib/go/src/sync/cond.go:71 +0x85
github.com/centrifugal/centrifuge/internal/dissolve.(*queueImpl).Wait(0xc043706620)
	/home/mariell/go/pkg/mod/github.com/centrifugal/centrifuge@v0.33.3/internal/dissolve/queue.go:139 +0x4a
github.com/centrifugal/centrifuge/internal/dissolve.(*Dissolver).runWorker(0xc0253d2480)
	/home/mariell/go/pkg/mod/github.com/centrifugal/centrifuge@v0.33.3/internal/dissolve/dissolve.go:52 +0x27
created by github.com/centrifugal/centrifuge/internal/dissolve.(*Dissolver).Run in goroutine 56144
	/home/mariell/go/pkg/mod/github.com/centrifugal/centrifuge@v0.33.3/internal/dissolve/dissolve.go:31 +0x25

goroutine 75379 [sync.Cond.Wait]:
sync.runtime_notifyListWait(0xc00e4b6210, 0x2b)
	/usr/lib/go/src/runtime/sema.go:597 +0x159
sync.(*Cond).Wait(0x0?)
	/usr/lib/go/src/sync/cond.go:71 +0x85
github.com/centrifugal/centrifuge/internal/dissolve.(*queueImpl).Wait(0xc043706620)
	/home/mariell/go/pkg/mod/github.com/centrifugal/centrifuge@v0.33.3/internal/dissolve/queue.go:139 +0x4a
github.com/centrifugal/centrifuge/internal/dissolve.(*Dissolver).runWorker(0xc0253d2480)
	/home/mariell/go/pkg/mod/github.com/centrifugal/centrifuge@v0.33.3/internal/dissolve/dissolve.go:52 +0x27
created by github.com/centrifugal/centrifuge/internal/dissolve.(*Dissolver).Run in goroutine 56144
	/home/mariell/go/pkg/mod/github.com/centrifugal/centrifuge@v0.33.3/internal/dissolve/dissolve.go:31 +0x25

goroutine 75380 [sync.Cond.Wait]:
sync.runtime_notifyListWait(0xc00e4b6210, 0x2c)
	/usr/lib/go/src/runtime/sema.go:597 +0x159
sync.(*Cond).Wait(0x0?)
	/usr/lib/go/src/sync/cond.go:71 +0x85
github.com/centrifugal/centrifuge/internal/dissolve.(*queueImpl).Wait(0xc043706620)
	/home/mariell/go/pkg/mod/github.com/centrifugal/centrifuge@v0.33.3/internal/dissolve/queue.go:139 +0x4a
github.com/centrifugal/centrifuge/internal/dissolve.(*Dissolver).runWorker(0xc0253d2480)
	/home/mariell/go/pkg/mod/github.com/centrifugal/centrifuge@v0.33.3/internal/dissolve/dissolve.go:52 +0x27
created by github.com/centrifugal/centrifuge/internal/dissolve.(*Dissolver).Run in goroutine 56144
	/home/mariell/go/pkg/mod/github.com/centrifugal/centrifuge@v0.33.3/internal/dissolve/dissolve.go:31 +0x25

goroutine 75381 [sync.Cond.Wait]:
sync.runtime_notifyListWait(0xc00e4b6210, 0x2d)
	/usr/lib/go/src/runtime/sema.go:597 +0x159
sync.(*Cond).Wait(0x0?)
	/usr/lib/go/src/sync/cond.go:71 +0x85
github.com/centrifugal/centrifuge/internal/dissolve.(*queueImpl).Wait(0xc043706620)
	/home/mariell/go/pkg/mod/github.com/centrifugal/centrifuge@v0.33.3/internal/dissolve/queue.go:139 +0x4a
github.com/centrifugal/centrifuge/internal/dissolve.(*Dissolver).runWorker(0xc0253d2480)
	/home/mariell/go/pkg/mod/github.com/centrifugal/centrifuge@v0.33.3/internal/dissolve/dissolve.go:52 +0x27
created by github.com/centrifugal/centrifuge/internal/dissolve.(*Dissolver).Run in goroutine 56144
	/home/mariell/go/pkg/mod/github.com/centrifugal/centrifuge@v0.33.3/internal/dissolve/dissolve.go:31 +0x25

goroutine 75382 [sync.Cond.Wait]:
sync.runtime_notifyListWait(0xc00e4b6210, 0x2e)
	/usr/lib/go/src/runtime/sema.go:597 +0x159
sync.(*Cond).Wait(0x0?)
	/usr/lib/go/src/sync/cond.go:71 +0x85
github.com/centrifugal/centrifuge/internal/dissolve.(*queueImpl).Wait(0xc043706620)
	/home/mariell/go/pkg/mod/github.com/centrifugal/centrifuge@v0.33.3/internal/dissolve/queue.go:139 +0x4a
github.com/centrifugal/centrifuge/internal/dissolve.(*Dissolver).runWorker(0xc0253d2480)
	/home/mariell/go/pkg/mod/github.com/centrifugal/centrifuge@v0.33.3/internal/dissolve/dissolve.go:52 +0x27
created by github.com/centrifugal/centrifuge/internal/dissolve.(*Dissolver).Run in goroutine 56144
	/home/mariell/go/pkg/mod/github.com/centrifugal/centrifuge@v0.33.3/internal/dissolve/dissolve.go:31 +0x25

goroutine 75383 [sync.Cond.Wait]:
sync.runtime_notifyListWait(0xc00e4b6210, 0x2f)
	/usr/lib/go/src/runtime/sema.go:597 +0x159
sync.(*Cond).Wait(0x0?)
	/usr/lib/go/src/sync/cond.go:71 +0x85
github.com/centrifugal/centrifuge/internal/dissolve.(*queueImpl).Wait(0xc043706620)
	/home/mariell/go/pkg/mod/github.com/centrifugal/centrifuge@v0.33.3/internal/dissolve/queue.go:139 +0x4a
github.com/centrifugal/centrifuge/internal/dissolve.(*Dissolver).runWorker(0xc0253d2480)
	/home/mariell/go/pkg/mod/github.com/centrifugal/centrifuge@v0.33.3/internal/dissolve/dissolve.go:52 +0x27
created by github.com/centrifugal/centrifuge/internal/dissolve.(*Dissolver).Run in goroutine 56144
	/home/mariell/go/pkg/mod/github.com/centrifugal/centrifuge@v0.33.3/internal/dissolve/dissolve.go:31 +0x25

goroutine 75384 [sync.Cond.Wait]:
sync.runtime_notifyListWait(0xc00e4b6210, 0x30)
	/usr/lib/go/src/runtime/sema.go:597 +0x159
sync.(*Cond).Wait(0x0?)
	/usr/lib/go/src/sync/cond.go:71 +0x85
github.com/centrifugal/centrifuge/internal/dissolve.(*queueImpl).Wait(0xc043706620)
	/home/mariell/go/pkg/mod/github.com/centrifugal/centrifuge@v0.33.3/internal/dissolve/queue.go:139 +0x4a
github.com/centrifugal/centrifuge/internal/dissolve.(*Dissolver).runWorker(0xc0253d2480)
	/home/mariell/go/pkg/mod/github.com/centrifugal/centrifuge@v0.33.3/internal/dissolve/dissolve.go:52 +0x27
created by github.com/centrifugal/centrifuge/internal/dissolve.(*Dissolver).Run in goroutine 56144
	/home/mariell/go/pkg/mod/github.com/centrifugal/centrifuge@v0.33.3/internal/dissolve/dissolve.go:31 +0x25

goroutine 75385 [sync.Cond.Wait]:
sync.runtime_notifyListWait(0xc00e4b6210, 0x28)
	/usr/lib/go/src/runtime/sema.go:597 +0x159
sync.(*Cond).Wait(0x0?)
	/usr/lib/go/src/sync/cond.go:71 +0x85
github.com/centrifugal/centrifuge/internal/dissolve.(*queueImpl).Wait(0xc043706620)
	/home/mariell/go/pkg/mod/github.com/centrifugal/centrifuge@v0.33.3/internal/dissolve/queue.go:139 +0x4a
github.com/centrifugal/centrifuge/internal/dissolve.(*Dissolver).runWorker(0xc0253d2480)
	/home/mariell/go/pkg/mod/github.com/centrifugal/centrifuge@v0.33.3/internal/dissolve/dissolve.go:52 +0x27
created by github.com/centrifugal/centrifuge/internal/dissolve.(*Dissolver).Run in goroutine 56144
	/home/mariell/go/pkg/mod/github.com/centrifugal/centrifuge@v0.33.3/internal/dissolve/dissolve.go:31 +0x25

goroutine 75386 [sync.Cond.Wait]:
sync.runtime_notifyListWait(0xc00e4b6210, 0x34)
	/usr/lib/go/src/runtime/sema.go:597 +0x159
sync.(*Cond).Wait(0x0?)
	/usr/lib/go/src/sync/cond.go:71 +0x85
github.com/centrifugal/centrifuge/internal/dissolve.(*queueImpl).Wait(0xc043706620)
	/home/mariell/go/pkg/mod/github.com/centrifugal/centrifuge@v0.33.3/internal/dissolve/queue.go:139 +0x4a
github.com/centrifugal/centrifuge/internal/dissolve.(*Dissolver).runWorker(0xc0253d2480)
	/home/mariell/go/pkg/mod/github.com/centrifugal/centrifuge@v0.33.3/internal/dissolve/dissolve.go:52 +0x27
created by github.com/centrifugal/centrifuge/internal/dissolve.(*Dissolver).Run in goroutine 56144
	/home/mariell/go/pkg/mod/github.com/centrifugal/centrifuge@v0.33.3/internal/dissolve/dissolve.go:31 +0x25

goroutine 75387 [sync.Cond.Wait]:
sync.runtime_notifyListWait(0xc00e4b6210, 0x35)
	/usr/lib/go/src/runtime/sema.go:597 +0x159
sync.(*Cond).Wait(0x0?)
	/usr/lib/go/src/sync/cond.go:71 +0x85
github.com/centrifugal/centrifuge/internal/dissolve.(*queueImpl).Wait(0xc043706620)
	/home/mariell/go/pkg/mod/github.com/centrifugal/centrifuge@v0.33.3/internal/dissolve/queue.go:139 +0x4a
github.com/centrifugal/centrifuge/internal/dissolve.(*Dissolver).runWorker(0xc0253d2480)
	/home/mariell/go/pkg/mod/github.com/centrifugal/centrifuge@v0.33.3/internal/dissolve/dissolve.go:52 +0x27
created by github.com/centrifugal/centrifuge/internal/dissolve.(*Dissolver).Run in goroutine 56144
	/home/mariell/go/pkg/mod/github.com/centrifugal/centrifuge@v0.33.3/internal/dissolve/dissolve.go:31 +0x25

goroutine 75388 [sync.Cond.Wait]:
sync.runtime_notifyListWait(0xc00e4b6210, 0x36)
	/usr/lib/go/src/runtime/sema.go:597 +0x159
sync.(*Cond).Wait(0x0?)
	/usr/lib/go/src/sync/cond.go:71 +0x85
github.com/centrifugal/centrifuge/internal/dissolve.(*queueImpl).Wait(0xc043706620)
	/home/mariell/go/pkg/mod/github.com/centrifugal/centrifuge@v0.33.3/internal/dissolve/queue.go:139 +0x4a
github.com/centrifugal/centrifuge/internal/dissolve.(*Dissolver).runWorker(0xc0253d2480)
	/home/mariell/go/pkg/mod/github.com/centrifugal/centrifuge@v0.33.3/internal/dissolve/dissolve.go:52 +0x27
created by github.com/centrifugal/centrifuge/internal/dissolve.(*Dissolver).Run in goroutine 56144
	/home/mariell/go/pkg/mod/github.com/centrifugal/centrifuge@v0.33.3/internal/dissolve/dissolve.go:31 +0x25

goroutine 75389 [sync.Cond.Wait]:
sync.runtime_notifyListWait(0xc00e4b6210, 0x32)
	/usr/lib/go/src/runtime/sema.go:597 +0x159
sync.(*Cond).Wait(0x0?)
	/usr/lib/go/src/sync/cond.go:71 +0x85
github.com/centrifugal/centrifuge/internal/dissolve.(*queueImpl).Wait(0xc043706620)
	/home/mariell/go/pkg/mod/github.com/centrifugal/centrifuge@v0.33.3/internal/dissolve/queue.go:139 +0x4a
github.com/centrifugal/centrifuge/internal/dissolve.(*Dissolver).runWorker(0xc0253d2480)
	/home/mariell/go/pkg/mod/github.com/centrifugal/centrifuge@v0.33.3/internal/dissolve/dissolve.go:52 +0x27
created by github.com/centrifugal/centrifuge/internal/dissolve.(*Dissolver).Run in goroutine 56144
	/home/mariell/go/pkg/mod/github.com/centrifugal/centrifuge@v0.33.3/internal/dissolve/dissolve.go:31 +0x25

goroutine 75390 [sync.Cond.Wait]:
sync.runtime_notifyListWait(0xc00e4b6210, 0x3d)
	/usr/lib/go/src/runtime/sema.go:597 +0x159
sync.(*Cond).Wait(0x0?)
	/usr/lib/go/src/sync/cond.go:71 +0x85
github.com/centrifugal/centrifuge/internal/dissolve.(*queueImpl).Wait(0xc043706620)
	/home/mariell/go/pkg/mod/github.com/centrifugal/centrifuge@v0.33.3/internal/dissolve/queue.go:139 +0x4a
github.com/centrifugal/centrifuge/internal/dissolve.(*Dissolver).runWorker(0xc0253d2480)
	/home/mariell/go/pkg/mod/github.com/centrifugal/centrifuge@v0.33.3/internal/dissolve/dissolve.go:52 +0x27
created by github.com/centrifugal/centrifuge/internal/dissolve.(*Dissolver).Run in goroutine 56144
	/home/mariell/go/pkg/mod/github.com/centrifugal/centrifuge@v0.33.3/internal/dissolve/dissolve.go:31 +0x25

goroutine 75391 [sync.Cond.Wait]:
sync.runtime_notifyListWait(0xc00e4b6210, 0x3c)
	/usr/lib/go/src/runtime/sema.go:597 +0x159
sync.(*Cond).Wait(0x0?)
	/usr/lib/go/src/sync/cond.go:71 +0x85
github.com/centrifugal/centrifuge/internal/dissolve.(*queueImpl).Wait(0xc043706620)
	/home/mariell/go/pkg/mod/github.com/centrifugal/centrifuge@v0.33.3/internal/dissolve/queue.go:139 +0x4a
github.com/centrifugal/centrifuge/internal/dissolve.(*Dissolver).runWorker(0xc0253d2480)
	/home/mariell/go/pkg/mod/github.com/centrifugal/centrifuge@v0.33.3/internal/dissolve/dissolve.go:52 +0x27
created by github.com/centrifugal/centrifuge/internal/dissolve.(*Dissolver).Run in goroutine 56144
	/home/mariell/go/pkg/mod/github.com/centrifugal/centrifuge@v0.33.3/internal/dissolve/dissolve.go:31 +0x25

goroutine 75392 [sync.Cond.Wait]:
sync.runtime_notifyListWait(0xc00e4b6210, 0x3e)
	/usr/lib/go/src/runtime/sema.go:597 +0x159
sync.(*Cond).Wait(0x0?)
	/usr/lib/go/src/sync/cond.go:71 +0x85
github.com/centrifugal/centrifuge/internal/dissolve.(*queueImpl).Wait(0xc043706620)
	/home/mariell/go/pkg/mod/github.com/centrifugal/centrifuge@v0.33.3/internal/dissolve/queue.go:139 +0x4a
github.com/centrifugal/centrifuge/internal/dissolve.(*Dissolver).runWorker(0xc0253d2480)
	/home/mariell/go/pkg/mod/github.com/centrifugal/centrifuge@v0.33.3/internal/dissolve/dissolve.go:52 +0x27
created by github.com/centrifugal/centrifuge/internal/dissolve.(*Dissolver).Run in goroutine 56144
	/home/mariell/go/pkg/mod/github.com/centrifugal/centrifuge@v0.33.3/internal/dissolve/dissolve.go:31 +0x25

goroutine 75393 [sync.Cond.Wait]:
sync.runtime_notifyListWait(0xc00e4b6210, 0x3f)
	/usr/lib/go/src/runtime/sema.go:597 +0x159
sync.(*Cond).Wait(0x0?)
	/usr/lib/go/src/sync/cond.go:71 +0x85
github.com/centrifugal/centrifuge/internal/dissolve.(*queueImpl).Wait(0xc043706620)
	/home/mariell/go/pkg/mod/github.com/centrifugal/centrifuge@v0.33.3/internal/dissolve/queue.go:139 +0x4a
github.com/centrifugal/centrifuge/internal/dissolve.(*Dissolver).runWorker(0xc0253d2480)
	/home/mariell/go/pkg/mod/github.com/centrifugal/centrifuge@v0.33.3/internal/dissolve/dissolve.go:52 +0x27
created by github.com/centrifugal/centrifuge/internal/dissolve.(*Dissolver).Run in goroutine 56144
	/home/mariell/go/pkg/mod/github.com/centrifugal/centrifuge@v0.33.3/internal/dissolve/dissolve.go:31 +0x25

goroutine 77741 [runnable]:
github.com/centrifugal/centrifuge/internal/dissolve.(*Dissolver).Run.gowrap1()
	/home/mariell/go/pkg/mod/github.com/centrifugal/centrifuge@v0.33.3/internal/dissolve/dissolve.go:31
runtime.goexit({})
	/usr/lib/go/src/runtime/asm_amd64.s:1700 +0x1
created by github.com/centrifugal/centrifuge/internal/dissolve.(*Dissolver).Run in goroutine 56142
	/home/mariell/go/pkg/mod/github.com/centrifugal/centrifuge@v0.33.3/internal/dissolve/dissolve.go:31 +0x25

goroutine 75049 [runnable]:
crypto/internal/fips140/bigmod.(*Nat).maybeSubtractModulus(0xc0455e5da8, 0x0, 0xc0455e5d28)
	/usr/lib/go/src/crypto/internal/fips140/bigmod/nat.go:698 +0x207
crypto/internal/fips140/bigmod.(*Nat).Add(0xc0455e5da8, 0x0?, 0x0?)
	/usr/lib/go/src/crypto/internal/fips140/bigmod/nat.go:741 +0x5a
crypto/internal/fips140/bigmod.extendedGCD(0xc0455e5fa0, 0xc017ecdf08)
	/usr/lib/go/src/crypto/internal/fips140/bigmod/nat.go:1162 +0x103c
crypto/internal/fips140/bigmod.(*Nat).InverseVarTime(0xc0455e5fa0, 0xc0000ba740?, 0x40?)
	/usr/lib/go/src/crypto/internal/fips140/bigmod/nat.go:1068 +0x25
crypto/internal/fips140/rsa.isPrime({0xc0455bb180?, 0xc0003b07a0?, 0xc0455bb180?})
	/usr/lib/go/src/crypto/internal/fips140/rsa/keygen.go:228 +0xb2
crypto/internal/fips140/rsa.randomPrime({0xa94e420, 0xc0003b07a0}, 0x400)
	/usr/lib/go/src/crypto/internal/fips140/rsa/keygen.go:204 +0x18c
crypto/internal/fips140/rsa.GenerateKey({0xa94e420, 0xc0003b07a0}, 0x800)
	/usr/lib/go/src/crypto/internal/fips140/rsa/keygen.go:27 +0xfe
crypto/rsa.GenerateKey({0xa94e420, 0xc0003b07a0}, 0x800)
	/usr/lib/go/src/crypto/rsa/rsa.go:329 +0x15c
k8s.io/client-go/util/cert.GenerateSelfSignedCertKeyWithFixtures({0x95baa53, 0x19}, {0x0, 0x0, 0xc04558f700?}, {0x0, 0x0, 0x0}, {0x0, 0x0})
	/home/mariell/go/pkg/mod/k8s.io/client-go@v0.32.1/util/cert/cert.go:127 +0x450
k8s.io/client-go/util/cert.GenerateSelfSignedCertKey(...)
	/home/mariell/go/pkg/mod/k8s.io/client-go@v0.32.1/util/cert/cert.go:97
k8s.io/apiserver/pkg/server/options.(*SecureServingOptionsWithLoopback).ApplyTo(0xc044bbdd40?, 0xc020c13008, 0xc020c13050)
	/home/mariell/go/pkg/mod/k8s.io/apiserver@v0.32.1/pkg/server/options/serving_with_loopback.go:54 +0xa6
github.com/grafana/grafana/pkg/services/apiserver/options.(*Options).ApplyTo(0xc0455d23c0, 0xc020c13008)
	/home/mariell/work/oss/grafana/pkg/services/apiserver/options/options.go:109 +0x15b
github.com/grafana/grafana/pkg/services/apiserver.(*service).start(0xc028d09340, {0xa9d1d00, 0xc04242d6d0})
	/home/mariell/work/oss/grafana/pkg/services/apiserver/service.go:324 +0x485
github.com/grafana/dskit/services.(*BasicService).main(0xc042fb92c0)
	/home/mariell/go/pkg/mod/github.com/grafana/dskit@v0.0.0-20241105154643-a6b453a88040/services/basic_service.go:160 +0x59
created by github.com/grafana/dskit/services.(*BasicService).StartAsync.func1 in goroutine 75577
	/home/mariell/go/pkg/mod/github.com/grafana/dskit@v0.0.0-20241105154643-a6b453a88040/services/basic_service.go:122 +0x105

goroutine 75450 [select]:
github.com/patrickmn/go-cache.(*janitor).Run(0xc043bc2a80, 0xc0186fef80)
	/home/mariell/go/pkg/mod/github.com/patrickmn/go-cache@v2.1.0+incompatible/cache.go:1079 +0x7b
created by github.com/patrickmn/go-cache.runJanitor in goroutine 56144
	/home/mariell/go/pkg/mod/github.com/patrickmn/go-cache@v2.1.0+incompatible/cache.go:1099 +0xdb

goroutine 75456 [select]:
github.com/patrickmn/go-cache.(*janitor).Run(0xc043be8d00, 0xc0166f4e40)
	/home/mariell/go/pkg/mod/github.com/patrickmn/go-cache@v2.1.0+incompatible/cache.go:1079 +0x7b
created by github.com/patrickmn/go-cache.runJanitor in goroutine 56144
	/home/mariell/go/pkg/mod/github.com/patrickmn/go-cache@v2.1.0+incompatible/cache.go:1099 +0xdb

goroutine 75457 [select]:
github.com/patrickmn/go-cache.(*janitor).Run(0xc043be8e40, 0xc0166f4f00)
	/home/mariell/go/pkg/mod/github.com/patrickmn/go-cache@v2.1.0+incompatible/cache.go:1079 +0x7b
created by github.com/patrickmn/go-cache.runJanitor in goroutine 56144
	/home/mariell/go/pkg/mod/github.com/patrickmn/go-cache@v2.1.0+incompatible/cache.go:1099 +0xdb

goroutine 75458 [select]:
github.com/patrickmn/go-cache.(*janitor).Run(0xc043be8e50, 0xc0166f4f40)
	/home/mariell/go/pkg/mod/github.com/patrickmn/go-cache@v2.1.0+incompatible/cache.go:1079 +0x7b
created by github.com/patrickmn/go-cache.runJanitor in goroutine 56144
	/home/mariell/go/pkg/mod/github.com/patrickmn/go-cache@v2.1.0+incompatible/cache.go:1099 +0xdb

goroutine 75536 [select]:
github.com/patrickmn/go-cache.(*janitor).Run(0xc043d895b0, 0xc027dc4400)
	/home/mariell/go/pkg/mod/github.com/patrickmn/go-cache@v2.1.0+incompatible/cache.go:1079 +0x7b
created by github.com/patrickmn/go-cache.runJanitor in goroutine 56144
	/home/mariell/go/pkg/mod/github.com/patrickmn/go-cache@v2.1.0+incompatible/cache.go:1099 +0xdb

goroutine 75179 [chan receive]:
github.com/grafana/grafana/pkg/storage/unified/sql.(*channelNotifier).notify.func1()
	/home/mariell/work/oss/grafana/pkg/storage/unified/sql/notifier.go:87 +0x39
created by github.com/grafana/grafana/pkg/storage/unified/sql.(*channelNotifier).notify in goroutine 56142
	/home/mariell/work/oss/grafana/pkg/storage/unified/sql/notifier.go:86 +0xdb

goroutine 75180 [chan receive]:
github.com/grafana/grafana/pkg/storage/unified/resource.(*server).initWatcher.func1.1()
	/home/mariell/work/oss/grafana/pkg/storage/unified/resource/server.go:922 +0x58
created by github.com/grafana/grafana/pkg/storage/unified/resource.(*server).initWatcher.func1 in goroutine 56142
	/home/mariell/work/oss/grafana/pkg/storage/unified/resource/server.go:921 +0xaa

goroutine 75181 [select]:
github.com/grafana/grafana/pkg/storage/unified/resource.(*cache[...]).run(0x0)
	/home/mariell/work/oss/grafana/pkg/storage/unified/resource/broadcaster.go:291 +0xb0
created by github.com/grafana/grafana/pkg/storage/unified/resource.newChannelCache[...] in goroutine 56142
	/home/mariell/work/oss/grafana/pkg/storage/unified/resource/broadcaster.go:276 +0x189

goroutine 75182 [select]:
github.com/grafana/grafana/pkg/storage/unified/resource.(*broadcaster[...]).stream(0xab113a0, 0xc040468af0)
	/home/mariell/work/oss/grafana/pkg/storage/unified/resource/broadcaster.go:205 +0x13d
created by github.com/grafana/grafana/pkg/storage/unified/resource.(*broadcaster[...]).init in goroutine 56142
	/home/mariell/work/oss/grafana/pkg/storage/unified/resource/broadcaster.go:177 +0x219

goroutine 75538 [select]:
github.com/patrickmn/go-cache.(*janitor).Run(0xc043daa590, 0xc027dc4f40)
	/home/mariell/go/pkg/mod/github.com/patrickmn/go-cache@v2.1.0+incompatible/cache.go:1079 +0x7b
created by github.com/patrickmn/go-cache.runJanitor in goroutine 56144
	/home/mariell/go/pkg/mod/github.com/patrickmn/go-cache@v2.1.0+incompatible/cache.go:1099 +0xdb

goroutine 75540 [sync.WaitGroup.Wait]:
sync.runtime_SemacquireWaitGroup(0x7f66560?)
	/usr/lib/go/src/runtime/sema.go:110 +0x25
sync.(*WaitGroup).Wait(0xc01b762b80?)
	/usr/lib/go/src/sync/waitgroup.go:118 +0x48
golang.org/x/sync/errgroup.(*Group).Wait(0xc027dc5000)
	/home/mariell/go/pkg/mod/golang.org/x/sync@v0.11.0/errgroup/errgroup.go:56 +0x1e
github.com/grafana/grafana/pkg/server.(*Server).Run(0xc0427fa5a0)
	/home/mariell/work/oss/grafana/pkg/server/server.go:179 +0x276
github.com/grafana/grafana/pkg/tests/testinfra.StartGrafanaEnv.func2()
	/home/mariell/work/oss/grafana/pkg/tests/testinfra/testinfra.go:121 +0x27
created by github.com/grafana/grafana/pkg/tests/testinfra.StartGrafanaEnv in goroutine 56144
	/home/mariell/work/oss/grafana/pkg/tests/testinfra/testinfra.go:119 +0xa57

goroutine 77150 [select]:
github.com/patrickmn/go-cache.(*janitor).Run(0xc048128540, 0xc048120940)
	/home/mariell/go/pkg/mod/github.com/patrickmn/go-cache@v2.1.0+incompatible/cache.go:1079 +0x7b
created by github.com/patrickmn/go-cache.runJanitor in goroutine 56142
	/home/mariell/go/pkg/mod/github.com/patrickmn/go-cache@v2.1.0+incompatible/cache.go:1099 +0xdb

goroutine 75576 [select]:
net/http.(*persistConn).roundTrip(0xc01c89a480, 0xc043db0460)
	/usr/lib/go/src/net/http/transport.go:2826 +0x785
net/http.(*Transport).roundTrip(0xc019b584e0, 0xc042d5a780)
	/usr/lib/go/src/net/http/transport.go:696 +0xb9a
net/http.(*Transport).RoundTrip(0xc042d5a780?, 0xa94cca0?)
	/usr/lib/go/src/net/http/roundtrip.go:30 +0x13
net/http.send(0xc042d5a640, {0xa94cca0, 0xc019b584e0}, {0xc042e83801?, 0x4f16b3?, 0x11a751c0?})
	/usr/lib/go/src/net/http/client.go:259 +0x5e2
net/http.(*Client).send(0xc00c3d50f0, 0xc042d5a640, {0x1d?, 0x1?, 0x11a751c0?})
	/usr/lib/go/src/net/http/client.go:180 +0x91
net/http.(*Client).do(0xc00c3d50f0, 0xc042d5a640)
	/usr/lib/go/src/net/http/client.go:728 +0x989
net/http.(*Client).Do(...)
	/usr/lib/go/src/net/http/client.go:587
github.com/grafana/grafana/pkg/services/pluginsintegration/angulardetectorsprovider.(*Dynamic).fetch(0xc00c3d50e0, {0xa9d1b58, 0x11ab5f60}, {0x0, 0x0})
	/home/mariell/work/oss/grafana/pkg/services/pluginsintegration/angulardetectorsprovider/dynamic.go:140 +0x42b
github.com/grafana/grafana/pkg/services/pluginsintegration/angulardetectorsprovider.(*Dynamic).updateDetectors(0xc00c3d50e0, {0xa9d1b58, 0x11ab5f60}, {0x0, 0x0})
	/home/mariell/work/oss/grafana/pkg/services/pluginsintegration/angulardetectorsprovider/dynamic.go:170 +0xcb
github.com/grafana/grafana/pkg/services/pluginsintegration/angulardetectorsprovider.(*Dynamic).Run(0xc00c3d50e0, {0xa9d1d00, 0xc043db0050})
	/home/mariell/work/oss/grafana/pkg/services/pluginsintegration/angulardetectorsprovider/dynamic.go:290 +0x57b
github.com/grafana/grafana/pkg/server.(*Server).Run.func1()
	/home/mariell/work/oss/grafana/pkg/server/server.go:163 +0x119
golang.org/x/sync/errgroup.(*Group).Go.func1()
	/home/mariell/go/pkg/mod/golang.org/x/sync@v0.11.0/errgroup/errgroup.go:78 +0x50
created by golang.org/x/sync/errgroup.(*Group).Go in goroutine 75540
	/home/mariell/go/pkg/mod/golang.org/x/sync@v0.11.0/errgroup/errgroup.go:75 +0x93

goroutine 77168 [select]:
github.com/centrifugal/centrifuge.(*MemoryBroker).expireResultCache(0xc047ed9180)
	/home/mariell/go/pkg/mod/github.com/centrifugal/centrifuge@v0.33.3/broker_memory.go:160 +0x68
created by github.com/centrifugal/centrifuge.(*MemoryBroker).Run in goroutine 3350
	/home/mariell/go/pkg/mod/github.com/centrifugal/centrifuge@v0.33.3/broker_memory.go:73 +0x7f

goroutine 75581 [select]:
net/http.(*Transport).getConn(0xc021ef2b60, 0xc04225f590, {{}, 0x0, {0xc0203a39f0, 0x5}, {0xc04225b360, 0xf}, 0x0})
	/usr/lib/go/src/net/http/transport.go:1520 +0x4ae
net/http.(*Transport).roundTrip(0xc021ef2b60, 0xc042220a00)
	/usr/lib/go/src/net/http/transport.go:685 +0xb57
net/http.(*Transport).RoundTrip(0xc042220a00?, 0xa94cca0?)
	/usr/lib/go/src/net/http/roundtrip.go:30 +0x13
net/http.send(0xc0422208c0, {0xa94cca0, 0xc021ef2b60}, {0xc04224e901?, 0x4f16b3?, 0x11a751c0?})
	/usr/lib/go/src/net/http/client.go:259 +0x5e2
net/http.(*Client).send(0xc042fb94a0, 0xc0422208c0, {0x10?, 0x2d?, 0x11a751c0?})
	/usr/lib/go/src/net/http/client.go:180 +0x91
net/http.(*Client).do(0xc042fb94a0, 0xc0422208c0)
	/usr/lib/go/src/net/http/client.go:728 +0x989
net/http.(*Client).Do(...)
	/usr/lib/go/src/net/http/client.go:587
github.com/grafana/grafana/pkg/plugins/repo.(*Client).SendReq(0xc042fb94a0, {0xa9d1cc8?, 0xc042271740?}, 0x7ffffffe842efbf0?, {{0x0, 0x0}, {{0x951627f, 0x5}, {0x9516284, 0x5}}})
	/home/mariell/work/oss/grafana/pkg/plugins/repo/client.go:87 +0xb3
github.com/grafana/grafana/pkg/plugins/repo.(*Manager).grafanaCompatiblePluginVersions(0xc026f99d88, {0xa9d1cc8, 0xc042271740}, {0x95a2ace, 0x17}, {{0x0, 0x0}, {{0x951627f, 0x5}, {0x9516284, ...}}})
	/home/mariell/work/oss/grafana/pkg/plugins/repo/service.go:114 +0x165
github.com/grafana/grafana/pkg/plugins/repo.(*Manager).PluginVersion(0xc026f99d88, {0xa9d1cc8?, 0xc042271740?}, {0x95a2ace, 0x17}, {0x0, 0x0}, {{0x0, 0x0}, {{0x951627f, ...}, ...}})
	/home/mariell/work/oss/grafana/pkg/plugins/repo/service.go:81 +0xa5
github.com/grafana/grafana/pkg/plugins/repo.(*Manager).GetPluginArchiveInfo(0xc026f99d88, {0xa9d1cc8?, 0xc042271740?}, {0x95a2ace, 0x17}, {0x0?, 0x17?}, {{0x0, 0x0}, {{0x951627f, ...}, ...}})
	/home/mariell/work/oss/grafana/pkg/plugins/repo/service.go:67 +0x78
github.com/grafana/grafana/pkg/plugins/repo.(*Manager).GetPluginArchive(0xc026f99d88, {0xa9d1cc8, 0xc042271740}, {0x95a2ace?, 0xc04224f198?}, {0x0?, 0x4a4a19?}, {{0x0, 0x0}, {{0x951627f, ...}, ...}})
	/home/mariell/work/oss/grafana/pkg/plugins/repo/service.go:52 +0x65
github.com/grafana/grafana/pkg/plugins/manager.(*PluginInstaller).install(0xc042fb9540, {0xa9d1cc8, 0xc042271740}, {0x95a2ace, 0x17}, {0x0, 0x0}, {{0x0, 0x0}, {0x951627f, ...}, ...})
	/home/mariell/work/oss/grafana/pkg/plugins/manager/installer.go:120 +0x4b6
github.com/grafana/grafana/pkg/plugins/manager.(*PluginInstaller).Add(0xc042fb9540, {0xa9d1cc8, 0xc042271740}, {0x95a2ace, 0x17}, {0x0, 0x0}, {{0x0, 0x0}, {0x951627f, ...}, ...})
	/home/mariell/work/oss/grafana/pkg/plugins/manager/installer.go:63 +0x19e
github.com/grafana/grafana/pkg/services/pluginsintegration/plugininstaller.(*Service).installPlugins(0xc01c34afc0, {0xa9d1d00?, 0xc043db0050?})
	/home/mariell/work/oss/grafana/pkg/services/pluginsintegration/plugininstaller/service.go:164 +0x5ac
github.com/grafana/grafana/pkg/services/pluginsintegration/plugininstaller.(*Service).Run(0xc01c34afc0, {0xa9d1d00?, 0xc043db0050?})
	/home/mariell/work/oss/grafana/pkg/services/pluginsintegration/plugininstaller/service.go:188 +0x26
github.com/grafana/grafana/pkg/server.(*Server).Run.func1()
	/home/mariell/work/oss/grafana/pkg/server/server.go:163 +0x119
golang.org/x/sync/errgroup.(*Group).Go.func1()
	/home/mariell/go/pkg/mod/golang.org/x/sync@v0.11.0/errgroup/errgroup.go:78 +0x50
created by golang.org/x/sync/errgroup.(*Group).Go in goroutine 75540
	/home/mariell/go/pkg/mod/golang.org/x/sync@v0.11.0/errgroup/errgroup.go:75 +0x93

goroutine 77734 [runnable]:
github.com/centrifugal/centrifuge.(*Node).Run.gowrap1()
	/home/mariell/go/pkg/mod/github.com/centrifugal/centrifuge@v0.33.3/node.go:260
runtime.goexit({})
	/usr/lib/go/src/runtime/asm_amd64.s:1700 +0x1
created by github.com/centrifugal/centrifuge.(*Node).Run in goroutine 56142
	/home/mariell/go/pkg/mod/github.com/centrifugal/centrifuge@v0.33.3/node.go:260 +0x225

goroutine 75686 [select]:
go.opentelemetry.io/otel/sdk/trace.(*batchSpanProcessor).processQueue(0xc0415a3400)
	/home/mariell/go/pkg/mod/go.opentelemetry.io/otel/sdk@v1.34.0/trace/batch_span_processor.go:302 +0x114
go.opentelemetry.io/otel/sdk/trace.NewBatchSpanProcessor.func1()
	/home/mariell/go/pkg/mod/go.opentelemetry.io/otel/sdk@v1.34.0/trace/batch_span_processor.go:117 +0x4e
created by go.opentelemetry.io/otel/sdk/trace.NewBatchSpanProcessor in goroutine 56144
	/home/mariell/go/pkg/mod/go.opentelemetry.io/otel/sdk@v1.34.0/trace/batch_span_processor.go:115 +0x2d9

goroutine 77262 [select]:
github.com/patrickmn/go-cache.(*janitor).Run(0xc0483ee130, 0xc0483de740)
	/home/mariell/go/pkg/mod/github.com/patrickmn/go-cache@v2.1.0+incompatible/cache.go:1079 +0x7b
created by github.com/patrickmn/go-cache.runJanitor in goroutine 22316
	/home/mariell/go/pkg/mod/github.com/patrickmn/go-cache@v2.1.0+incompatible/cache.go:1099 +0xdb

goroutine 77742 [runnable]:
github.com/centrifugal/centrifuge/internal/dissolve.(*Dissolver).Run.gowrap1()
	/home/mariell/go/pkg/mod/github.com/centrifugal/centrifuge@v0.33.3/internal/dissolve/dissolve.go:31
runtime.goexit({})
	/usr/lib/go/src/runtime/asm_amd64.s:1700 +0x1
created by github.com/centrifugal/centrifuge/internal/dissolve.(*Dissolver).Run in goroutine 56142
	/home/mariell/go/pkg/mod/github.com/centrifugal/centrifuge@v0.33.3/internal/dissolve/dissolve.go:31 +0x25

goroutine 78276 [runnable]:
golang.org/x/sync/errgroup.(*Group).Go.func1()
	/home/mariell/go/pkg/mod/golang.org/x/sync@v0.11.0/errgroup/errgroup.go:75
created by golang.org/x/sync/errgroup.(*Group).Go in goroutine 77705
	/home/mariell/go/pkg/mod/golang.org/x/sync@v0.11.0/errgroup/errgroup.go:75 +0x93

goroutine 75942 [sync.Cond.Wait]:
sync.runtime_notifyListWait(0xc0260a7e90, 0x7)
	/usr/lib/go/src/runtime/sema.go:597 +0x159
sync.(*Cond).Wait(0xc032365fd0?)
	/usr/lib/go/src/sync/cond.go:71 +0x85
github.com/centrifugal/centrifuge/internal/dissolve.(*queueImpl).Wait(0xc044618930)
	/home/mariell/go/pkg/mod/github.com/centrifugal/centrifuge@v0.33.3/internal/dissolve/queue.go:139 +0x4a
github.com/centrifugal/centrifuge/internal/dissolve.(*Dissolver).runWorker(0xc031b01698)
	/home/mariell/go/pkg/mod/github.com/centrifugal/centrifuge@v0.33.3/internal/dissolve/dissolve.go:52 +0x27
created by github.com/centrifugal/centrifuge/internal/dissolve.(*Dissolver).Run in goroutine 22318
	/home/mariell/go/pkg/mod/github.com/centrifugal/centrifuge@v0.33.3/internal/dissolve/dissolve.go:31 +0x25

goroutine 75943 [sync.Cond.Wait]:
sync.runtime_notifyListWait(0xc0260a7e90, 0x8)
	/usr/lib/go/src/runtime/sema.go:597 +0x159
sync.(*Cond).Wait(0x0?)
	/usr/lib/go/src/sync/cond.go:71 +0x85
github.com/centrifugal/centrifuge/internal/dissolve.(*queueImpl).Wait(0xc044618930)
	/home/mariell/go/pkg/mod/github.com/centrifugal/centrifuge@v0.33.3/internal/dissolve/queue.go:139 +0x4a
github.com/centrifugal/centrifuge/internal/dissolve.(*Dissolver).runWorker(0xc031b01698)
	/home/mariell/go/pkg/mod/github.com/centrifugal/centrifuge@v0.33.3/internal/dissolve/dissolve.go:52 +0x27
created by github.com/centrifugal/centrifuge/internal/dissolve.(*Dissolver).Run in goroutine 22318
	/home/mariell/go/pkg/mod/github.com/centrifugal/centrifuge@v0.33.3/internal/dissolve/dissolve.go:31 +0x25

goroutine 75944 [sync.Cond.Wait]:
sync.runtime_notifyListWait(0xc0260a7e90, 0x9)
	/usr/lib/go/src/runtime/sema.go:597 +0x159
sync.(*Cond).Wait(0x0?)
	/usr/lib/go/src/sync/cond.go:71 +0x85
github.com/centrifugal/centrifuge/internal/dissolve.(*queueImpl).Wait(0xc044618930)
	/home/mariell/go/pkg/mod/github.com/centrifugal/centrifuge@v0.33.3/internal/dissolve/queue.go:139 +0x4a
github.com/centrifugal/centrifuge/internal/dissolve.(*Dissolver).runWorker(0xc031b01698)
	/home/mariell/go/pkg/mod/github.com/centrifugal/centrifuge@v0.33.3/internal/dissolve/dissolve.go:52 +0x27
created by github.com/centrifugal/centrifuge/internal/dissolve.(*Dissolver).Run in goroutine 22318
	/home/mariell/go/pkg/mod/github.com/centrifugal/centrifuge@v0.33.3/internal/dissolve/dissolve.go:31 +0x25

goroutine 75945 [sync.Cond.Wait]:
sync.runtime_notifyListWait(0xc0260a7e90, 0xa)
	/usr/lib/go/src/runtime/sema.go:597 +0x159
sync.(*Cond).Wait(0x0?)
	/usr/lib/go/src/sync/cond.go:71 +0x85
github.com/centrifugal/centrifuge/internal/dissolve.(*queueImpl).Wait(0xc044618930)
	/home/mariell/go/pkg/mod/github.com/centrifugal/centrifuge@v0.33.3/internal/dissolve/queue.go:139 +0x4a
github.com/centrifugal/centrifuge/internal/dissolve.(*Dissolver).runWorker(0xc031b01698)
	/home/mariell/go/pkg/mod/github.com/centrifugal/centrifuge@v0.33.3/internal/dissolve/dissolve.go:52 +0x27
created by github.com/centrifugal/centrifuge/internal/dissolve.(*Dissolver).Run in goroutine 22318
	/home/mariell/go/pkg/mod/github.com/centrifugal/centrifuge@v0.33.3/internal/dissolve/dissolve.go:31 +0x25

goroutine 75946 [sync.Cond.Wait]:
sync.runtime_notifyListWait(0xc0260a7e90, 0xb)
	/usr/lib/go/src/runtime/sema.go:597 +0x159
sync.(*Cond).Wait(0x823435?)
	/usr/lib/go/src/sync/cond.go:71 +0x85
github.com/centrifugal/centrifuge/internal/dissolve.(*queueImpl).Wait(0xc044618930)
	/home/mariell/go/pkg/mod/github.com/centrifugal/centrifuge@v0.33.3/internal/dissolve/queue.go:139 +0x4a
github.com/centrifugal/centrifuge/internal/dissolve.(*Dissolver).runWorker(0xc031b01698)
	/home/mariell/go/pkg/mod/github.com/centrifugal/centrifuge@v0.33.3/internal/dissolve/dissolve.go:52 +0x27
created by github.com/centrifugal/centrifuge/internal/dissolve.(*Dissolver).Run in goroutine 22318
	/home/mariell/go/pkg/mod/github.com/centrifugal/centrifuge@v0.33.3/internal/dissolve/dissolve.go:31 +0x25

goroutine 75947 [sync.Cond.Wait]:
sync.runtime_notifyListWait(0xc0260a7e90, 0xc)
	/usr/lib/go/src/runtime/sema.go:597 +0x159
sync.(*Cond).Wait(0xc02f1477d0?)
	/usr/lib/go/src/sync/cond.go:71 +0x85
github.com/centrifugal/centrifuge/internal/dissolve.(*queueImpl).Wait(0xc044618930)
	/home/mariell/go/pkg/mod/github.com/centrifugal/centrifuge@v0.33.3/internal/dissolve/queue.go:139 +0x4a
github.com/centrifugal/centrifuge/internal/dissolve.(*Dissolver).runWorker(0xc031b01698)
	/home/mariell/go/pkg/mod/github.com/centrifugal/centrifuge@v0.33.3/internal/dissolve/dissolve.go:52 +0x27
created by github.com/centrifugal/centrifuge/internal/dissolve.(*Dissolver).Run in goroutine 22318
	/home/mariell/go/pkg/mod/github.com/centrifugal/centrifuge@v0.33.3/internal/dissolve/dissolve.go:31 +0x25

goroutine 75948 [sync.Cond.Wait]:
sync.runtime_notifyListWait(0xc0260a7e90, 0xd)
	/usr/lib/go/src/runtime/sema.go:597 +0x159
sync.(*Cond).Wait(0x0?)
	/usr/lib/go/src/sync/cond.go:71 +0x85
github.com/centrifugal/centrifuge/internal/dissolve.(*queueImpl).Wait(0xc044618930)
	/home/mariell/go/pkg/mod/github.com/centrifugal/centrifuge@v0.33.3/internal/dissolve/queue.go:139 +0x4a
github.com/centrifugal/centrifuge/internal/dissolve.(*Dissolver).runWorker(0xc031b01698)
	/home/mariell/go/pkg/mod/github.com/centrifugal/centrifuge@v0.33.3/internal/dissolve/dissolve.go:52 +0x27
created by github.com/centrifugal/centrifuge/internal/dissolve.(*Dissolver).Run in goroutine 22318
	/home/mariell/go/pkg/mod/github.com/centrifugal/centrifuge@v0.33.3/internal/dissolve/dissolve.go:31 +0x25

goroutine 75949 [sync.Cond.Wait]:
sync.runtime_notifyListWait(0xc0260a7e90, 0xe)
	/usr/lib/go/src/runtime/sema.go:597 +0x159
sync.(*Cond).Wait(0x0?)
	/usr/lib/go/src/sync/cond.go:71 +0x85
github.com/centrifugal/centrifuge/internal/dissolve.(*queueImpl).Wait(0xc044618930)
	/home/mariell/go/pkg/mod/github.com/centrifugal/centrifuge@v0.33.3/internal/dissolve/queue.go:139 +0x4a
github.com/centrifugal/centrifuge/internal/dissolve.(*Dissolver).runWorker(0xc031b01698)
	/home/mariell/go/pkg/mod/github.com/centrifugal/centrifuge@v0.33.3/internal/dissolve/dissolve.go:52 +0x27
created by github.com/centrifugal/centrifuge/internal/dissolve.(*Dissolver).Run in goroutine 22318
	/home/mariell/go/pkg/mod/github.com/centrifugal/centrifuge@v0.33.3/internal/dissolve/dissolve.go:31 +0x25

goroutine 75950 [sync.Cond.Wait]:
sync.runtime_notifyListWait(0xc0260a7e90, 0xf)
	/usr/lib/go/src/runtime/sema.go:597 +0x159
sync.(*Cond).Wait(0x0?)
	/usr/lib/go/src/sync/cond.go:71 +0x85
github.com/centrifugal/centrifuge/internal/dissolve.(*queueImpl).Wait(0xc044618930)
	/home/mariell/go/pkg/mod/github.com/centrifugal/centrifuge@v0.33.3/internal/dissolve/queue.go:139 +0x4a
github.com/centrifugal/centrifuge/internal/dissolve.(*Dissolver).runWorker(0xc031b01698)
	/home/mariell/go/pkg/mod/github.com/centrifugal/centrifuge@v0.33.3/internal/dissolve/dissolve.go:52 +0x27
created by github.com/centrifugal/centrifuge/internal/dissolve.(*Dissolver).Run in goroutine 22318
	/home/mariell/go/pkg/mod/github.com/centrifugal/centrifuge@v0.33.3/internal/dissolve/dissolve.go:31 +0x25

goroutine 75951 [sync.Cond.Wait]:
sync.runtime_notifyListWait(0xc0260a7e90, 0x10)
	/usr/lib/go/src/runtime/sema.go:597 +0x159
sync.(*Cond).Wait(0x0?)
	/usr/lib/go/src/sync/cond.go:71 +0x85
github.com/centrifugal/centrifuge/internal/dissolve.(*queueImpl).Wait(0xc044618930)
	/home/mariell/go/pkg/mod/github.com/centrifugal/centrifuge@v0.33.3/internal/dissolve/queue.go:139 +0x4a
github.com/centrifugal/centrifuge/internal/dissolve.(*Dissolver).runWorker(0xc031b01698)
	/home/mariell/go/pkg/mod/github.com/centrifugal/centrifuge@v0.33.3/internal/dissolve/dissolve.go:52 +0x27
created by github.com/centrifugal/centrifuge/internal/dissolve.(*Dissolver).Run in goroutine 22318
	/home/mariell/go/pkg/mod/github.com/centrifugal/centrifuge@v0.33.3/internal/dissolve/dissolve.go:31 +0x25

goroutine 75952 [sync.Cond.Wait]:
sync.runtime_notifyListWait(0xc0260a7e90, 0x11)
	/usr/lib/go/src/runtime/sema.go:597 +0x159
sync.(*Cond).Wait(0x0?)
	/usr/lib/go/src/sync/cond.go:71 +0x85
github.com/centrifugal/centrifuge/internal/dissolve.(*queueImpl).Wait(0xc044618930)
	/home/mariell/go/pkg/mod/github.com/centrifugal/centrifuge@v0.33.3/internal/dissolve/queue.go:139 +0x4a
github.com/centrifugal/centrifuge/internal/dissolve.(*Dissolver).runWorker(0xc031b01698)
	/home/mariell/go/pkg/mod/github.com/centrifugal/centrifuge@v0.33.3/internal/dissolve/dissolve.go:52 +0x27
created by github.com/centrifugal/centrifuge/internal/dissolve.(*Dissolver).Run in goroutine 22318
	/home/mariell/go/pkg/mod/github.com/centrifugal/centrifuge@v0.33.3/internal/dissolve/dissolve.go:31 +0x25

goroutine 75953 [sync.Cond.Wait]:
sync.runtime_notifyListWait(0xc0260a7e90, 0x12)
	/usr/lib/go/src/runtime/sema.go:597 +0x159
sync.(*Cond).Wait(0x0?)
	/usr/lib/go/src/sync/cond.go:71 +0x85
github.com/centrifugal/centrifuge/internal/dissolve.(*queueImpl).Wait(0xc044618930)
	/home/mariell/go/pkg/mod/github.com/centrifugal/centrifuge@v0.33.3/internal/dissolve/queue.go:139 +0x4a
github.com/centrifugal/centrifuge/internal/dissolve.(*Dissolver).runWorker(0xc031b01698)
	/home/mariell/go/pkg/mod/github.com/centrifugal/centrifuge@v0.33.3/internal/dissolve/dissolve.go:52 +0x27
created by github.com/centrifugal/centrifuge/internal/dissolve.(*Dissolver).Run in goroutine 22318
	/home/mariell/go/pkg/mod/github.com/centrifugal/centrifuge@v0.33.3/internal/dissolve/dissolve.go:31 +0x25

goroutine 75954 [sync.Cond.Wait]:
sync.runtime_notifyListWait(0xc0260a7e90, 0x13)
	/usr/lib/go/src/runtime/sema.go:597 +0x159
sync.(*Cond).Wait(0x0?)
	/usr/lib/go/src/sync/cond.go:71 +0x85
github.com/centrifugal/centrifuge/internal/dissolve.(*queueImpl).Wait(0xc044618930)
	/home/mariell/go/pkg/mod/github.com/centrifugal/centrifuge@v0.33.3/internal/dissolve/queue.go:139 +0x4a
github.com/centrifugal/centrifuge/internal/dissolve.(*Dissolver).runWorker(0xc031b01698)
	/home/mariell/go/pkg/mod/github.com/centrifugal/centrifuge@v0.33.3/internal/dissolve/dissolve.go:52 +0x27
created by github.com/centrifugal/centrifuge/internal/dissolve.(*Dissolver).Run in goroutine 22318
	/home/mariell/go/pkg/mod/github.com/centrifugal/centrifuge@v0.33.3/internal/dissolve/dissolve.go:31 +0x25

goroutine 75955 [sync.Cond.Wait]:
sync.runtime_notifyListWait(0xc0260a7e90, 0x14)
	/usr/lib/go/src/runtime/sema.go:597 +0x159
sync.(*Cond).Wait(0x0?)
	/usr/lib/go/src/sync/cond.go:71 +0x85
github.com/centrifugal/centrifuge/internal/dissolve.(*queueImpl).Wait(0xc044618930)
	/home/mariell/go/pkg/mod/github.com/centrifugal/centrifuge@v0.33.3/internal/dissolve/queue.go:139 +0x4a
github.com/centrifugal/centrifuge/internal/dissolve.(*Dissolver).runWorker(0xc031b01698)
	/home/mariell/go/pkg/mod/github.com/centrifugal/centrifuge@v0.33.3/internal/dissolve/dissolve.go:52 +0x27
created by github.com/centrifugal/centrifuge/internal/dissolve.(*Dissolver).Run in goroutine 22318
	/home/mariell/go/pkg/mod/github.com/centrifugal/centrifuge@v0.33.3/internal/dissolve/dissolve.go:31 +0x25

goroutine 75956 [sync.Cond.Wait]:
sync.runtime_notifyListWait(0xc0260a7e90, 0x15)
	/usr/lib/go/src/runtime/sema.go:597 +0x159
sync.(*Cond).Wait(0x0?)
	/usr/lib/go/src/sync/cond.go:71 +0x85
github.com/centrifugal/centrifuge/internal/dissolve.(*queueImpl).Wait(0xc044618930)
	/home/mariell/go/pkg/mod/github.com/centrifugal/centrifuge@v0.33.3/internal/dissolve/queue.go:139 +0x4a
github.com/centrifugal/centrifuge/internal/dissolve.(*Dissolver).runWorker(0xc031b01698)
	/home/mariell/go/pkg/mod/github.com/centrifugal/centrifuge@v0.33.3/internal/dissolve/dissolve.go:52 +0x27
created by github.com/centrifugal/centrifuge/internal/dissolve.(*Dissolver).Run in goroutine 22318
	/home/mariell/go/pkg/mod/github.com/centrifugal/centrifuge@v0.33.3/internal/dissolve/dissolve.go:31 +0x25

goroutine 75957 [sync.Cond.Wait]:
sync.runtime_notifyListWait(0xc0260a7e90, 0x16)
	/usr/lib/go/src/runtime/sema.go:597 +0x159
sync.(*Cond).Wait(0x0?)
	/usr/lib/go/src/sync/cond.go:71 +0x85
github.com/centrifugal/centrifuge/internal/dissolve.(*queueImpl).Wait(0xc044618930)
	/home/mariell/go/pkg/mod/github.com/centrifugal/centrifuge@v0.33.3/internal/dissolve/queue.go:139 +0x4a
github.com/centrifugal/centrifuge/internal/dissolve.(*Dissolver).runWorker(0xc031b01698)
	/home/mariell/go/pkg/mod/github.com/centrifugal/centrifuge@v0.33.3/internal/dissolve/dissolve.go:52 +0x27
created by github.com/centrifugal/centrifuge/internal/dissolve.(*Dissolver).Run in goroutine 22318
	/home/mariell/go/pkg/mod/github.com/centrifugal/centrifuge@v0.33.3/internal/dissolve/dissolve.go:31 +0x25

goroutine 75958 [sync.Cond.Wait]:
sync.runtime_notifyListWait(0xc0260a7e90, 0x17)
	/usr/lib/go/src/runtime/sema.go:597 +0x159
sync.(*Cond).Wait(0x0?)
	/usr/lib/go/src/sync/cond.go:71 +0x85
github.com/centrifugal/centrifuge/internal/dissolve.(*queueImpl).Wait(0xc044618930)
	/home/mariell/go/pkg/mod/github.com/centrifugal/centrifuge@v0.33.3/internal/dissolve/queue.go:139 +0x4a
github.com/centrifugal/centrifuge/internal/dissolve.(*Dissolver).runWorker(0xc031b01698)
	/home/mariell/go/pkg/mod/github.com/centrifugal/centrifuge@v0.33.3/internal/dissolve/dissolve.go:52 +0x27
created by github.com/centrifugal/centrifuge/internal/dissolve.(*Dissolver).Run in goroutine 22318
	/home/mariell/go/pkg/mod/github.com/centrifugal/centrifuge@v0.33.3/internal/dissolve/dissolve.go:31 +0x25

goroutine 75959 [sync.Cond.Wait]:
sync.runtime_notifyListWait(0xc0260a7e90, 0x18)
	/usr/lib/go/src/runtime/sema.go:597 +0x159
sync.(*Cond).Wait(0x0?)
	/usr/lib/go/src/sync/cond.go:71 +0x85
github.com/centrifugal/centrifuge/internal/dissolve.(*queueImpl).Wait(0xc044618930)
	/home/mariell/go/pkg/mod/github.com/centrifugal/centrifuge@v0.33.3/internal/dissolve/queue.go:139 +0x4a
github.com/centrifugal/centrifuge/internal/dissolve.(*Dissolver).runWorker(0xc031b01698)
	/home/mariell/go/pkg/mod/github.com/centrifugal/centrifuge@v0.33.3/internal/dissolve/dissolve.go:52 +0x27
created by github.com/centrifugal/centrifuge/internal/dissolve.(*Dissolver).Run in goroutine 22318
	/home/mariell/go/pkg/mod/github.com/centrifugal/centrifuge@v0.33.3/internal/dissolve/dissolve.go:31 +0x25

goroutine 75960 [sync.Cond.Wait]:
sync.runtime_notifyListWait(0xc0260a7e90, 0x19)
	/usr/lib/go/src/runtime/sema.go:597 +0x159
sync.(*Cond).Wait(0x0?)
	/usr/lib/go/src/sync/cond.go:71 +0x85
github.com/centrifugal/centrifuge/internal/dissolve.(*queueImpl).Wait(0xc044618930)
	/home/mariell/go/pkg/mod/github.com/centrifugal/centrifuge@v0.33.3/internal/dissolve/queue.go:139 +0x4a
github.com/centrifugal/centrifuge/internal/dissolve.(*Dissolver).runWorker(0xc031b01698)
	/home/mariell/go/pkg/mod/github.com/centrifugal/centrifuge@v0.33.3/internal/dissolve/dissolve.go:52 +0x27
created by github.com/centrifugal/centrifuge/internal/dissolve.(*Dissolver).Run in goroutine 22318
	/home/mariell/go/pkg/mod/github.com/centrifugal/centrifuge@v0.33.3/internal/dissolve/dissolve.go:31 +0x25

goroutine 75961 [sync.Cond.Wait]:
sync.runtime_notifyListWait(0xc0260a7e90, 0x1a)
	/usr/lib/go/src/runtime/sema.go:597 +0x159
sync.(*Cond).Wait(0x0?)
	/usr/lib/go/src/sync/cond.go:71 +0x85
github.com/centrifugal/centrifuge/internal/dissolve.(*queueImpl).Wait(0xc044618930)
	/home/mariell/go/pkg/mod/github.com/centrifugal/centrifuge@v0.33.3/internal/dissolve/queue.go:139 +0x4a
github.com/centrifugal/centrifuge/internal/dissolve.(*Dissolver).runWorker(0xc031b01698)
	/home/mariell/go/pkg/mod/github.com/centrifugal/centrifuge@v0.33.3/internal/dissolve/dissolve.go:52 +0x27
created by github.com/centrifugal/centrifuge/internal/dissolve.(*Dissolver).Run in goroutine 22318
	/home/mariell/go/pkg/mod/github.com/centrifugal/centrifuge@v0.33.3/internal/dissolve/dissolve.go:31 +0x25

goroutine 75962 [sync.Cond.Wait]:
sync.runtime_notifyListWait(0xc0260a7e90, 0x1b)
	/usr/lib/go/src/runtime/sema.go:597 +0x159
sync.(*Cond).Wait(0x0?)
	/usr/lib/go/src/sync/cond.go:71 +0x85
github.com/centrifugal/centrifuge/internal/dissolve.(*queueImpl).Wait(0xc044618930)
	/home/mariell/go/pkg/mod/github.com/centrifugal/centrifuge@v0.33.3/internal/dissolve/queue.go:139 +0x4a
github.com/centrifugal/centrifuge/internal/dissolve.(*Dissolver).runWorker(0xc031b01698)
	/home/mariell/go/pkg/mod/github.com/centrifugal/centrifuge@v0.33.3/internal/dissolve/dissolve.go:52 +0x27
created by github.com/centrifugal/centrifuge/internal/dissolve.(*Dissolver).Run in goroutine 22318
	/home/mariell/go/pkg/mod/github.com/centrifugal/centrifuge@v0.33.3/internal/dissolve/dissolve.go:31 +0x25

goroutine 75963 [sync.Cond.Wait]:
sync.runtime_notifyListWait(0xc0260a7e90, 0x1c)
	/usr/lib/go/src/runtime/sema.go:597 +0x159
sync.(*Cond).Wait(0x0?)
	/usr/lib/go/src/sync/cond.go:71 +0x85
github.com/centrifugal/centrifuge/internal/dissolve.(*queueImpl).Wait(0xc044618930)
	/home/mariell/go/pkg/mod/github.com/centrifugal/centrifuge@v0.33.3/internal/dissolve/queue.go:139 +0x4a
github.com/centrifugal/centrifuge/internal/dissolve.(*Dissolver).runWorker(0xc031b01698)
	/home/mariell/go/pkg/mod/github.com/centrifugal/centrifuge@v0.33.3/internal/dissolve/dissolve.go:52 +0x27
created by github.com/centrifugal/centrifuge/internal/dissolve.(*Dissolver).Run in goroutine 22318
	/home/mariell/go/pkg/mod/github.com/centrifugal/centrifuge@v0.33.3/internal/dissolve/dissolve.go:31 +0x25

goroutine 75964 [sync.Cond.Wait]:
sync.runtime_notifyListWait(0xc0260a7e90, 0x1d)
	/usr/lib/go/src/runtime/sema.go:597 +0x159
sync.(*Cond).Wait(0x0?)
	/usr/lib/go/src/sync/cond.go:71 +0x85
github.com/centrifugal/centrifuge/internal/dissolve.(*queueImpl).Wait(0xc044618930)
	/home/mariell/go/pkg/mod/github.com/centrifugal/centrifuge@v0.33.3/internal/dissolve/queue.go:139 +0x4a
github.com/centrifugal/centrifuge/internal/dissolve.(*Dissolver).runWorker(0xc031b01698)
	/home/mariell/go/pkg/mod/github.com/centrifugal/centrifuge@v0.33.3/internal/dissolve/dissolve.go:52 +0x27
created by github.com/centrifugal/centrifuge/internal/dissolve.(*Dissolver).Run in goroutine 22318
	/home/mariell/go/pkg/mod/github.com/centrifugal/centrifuge@v0.33.3/internal/dissolve/dissolve.go:31 +0x25

goroutine 75965 [sync.Cond.Wait]:
sync.runtime_notifyListWait(0xc0260a7e90, 0x1e)
	/usr/lib/go/src/runtime/sema.go:597 +0x159
sync.(*Cond).Wait(0x0?)
	/usr/lib/go/src/sync/cond.go:71 +0x85
github.com/centrifugal/centrifuge/internal/dissolve.(*queueImpl).Wait(0xc044618930)
	/home/mariell/go/pkg/mod/github.com/centrifugal/centrifuge@v0.33.3/internal/dissolve/queue.go:139 +0x4a
github.com/centrifugal/centrifuge/internal/dissolve.(*Dissolver).runWorker(0xc031b01698)
	/home/mariell/go/pkg/mod/github.com/centrifugal/centrifuge@v0.33.3/internal/dissolve/dissolve.go:52 +0x27
created by github.com/centrifugal/centrifuge/internal/dissolve.(*Dissolver).Run in goroutine 22318
	/home/mariell/go/pkg/mod/github.com/centrifugal/centrifuge@v0.33.3/internal/dissolve/dissolve.go:31 +0x25

goroutine 75966 [sync.Cond.Wait]:
sync.runtime_notifyListWait(0xc0260a7e90, 0x1f)
	/usr/lib/go/src/runtime/sema.go:597 +0x159
sync.(*Cond).Wait(0x0?)
	/usr/lib/go/src/sync/cond.go:71 +0x85
github.com/centrifugal/centrifuge/internal/dissolve.(*queueImpl).Wait(0xc044618930)
	/home/mariell/go/pkg/mod/github.com/centrifugal/centrifuge@v0.33.3/internal/dissolve/queue.go:139 +0x4a
github.com/centrifugal/centrifuge/internal/dissolve.(*Dissolver).runWorker(0xc031b01698)
	/home/mariell/go/pkg/mod/github.com/centrifugal/centrifuge@v0.33.3/internal/dissolve/dissolve.go:52 +0x27
created by github.com/centrifugal/centrifuge/internal/dissolve.(*Dissolver).Run in goroutine 22318
	/home/mariell/go/pkg/mod/github.com/centrifugal/centrifuge@v0.33.3/internal/dissolve/dissolve.go:31 +0x25

goroutine 75967 [sync.Cond.Wait]:
sync.runtime_notifyListWait(0xc0260a7e90, 0x20)
	/usr/lib/go/src/runtime/sema.go:597 +0x159
sync.(*Cond).Wait(0x0?)
	/usr/lib/go/src/sync/cond.go:71 +0x85
github.com/centrifugal/centrifuge/internal/dissolve.(*queueImpl).Wait(0xc044618930)
	/home/mariell/go/pkg/mod/github.com/centrifugal/centrifuge@v0.33.3/internal/dissolve/queue.go:139 +0x4a
github.com/centrifugal/centrifuge/internal/dissolve.(*Dissolver).runWorker(0xc031b01698)
	/home/mariell/go/pkg/mod/github.com/centrifugal/centrifuge@v0.33.3/internal/dissolve/dissolve.go:52 +0x27
created by github.com/centrifugal/centrifuge/internal/dissolve.(*Dissolver).Run in goroutine 22318
	/home/mariell/go/pkg/mod/github.com/centrifugal/centrifuge@v0.33.3/internal/dissolve/dissolve.go:31 +0x25

goroutine 75968 [sync.Cond.Wait]:
sync.runtime_notifyListWait(0xc0260a7e90, 0x21)
	/usr/lib/go/src/runtime/sema.go:597 +0x159
sync.(*Cond).Wait(0x0?)
	/usr/lib/go/src/sync/cond.go:71 +0x85
github.com/centrifugal/centrifuge/internal/dissolve.(*queueImpl).Wait(0xc044618930)
	/home/mariell/go/pkg/mod/github.com/centrifugal/centrifuge@v0.33.3/internal/dissolve/queue.go:139 +0x4a
github.com/centrifugal/centrifuge/internal/dissolve.(*Dissolver).runWorker(0xc031b01698)
	/home/mariell/go/pkg/mod/github.com/centrifugal/centrifuge@v0.33.3/internal/dissolve/dissolve.go:52 +0x27
created by github.com/centrifugal/centrifuge/internal/dissolve.(*Dissolver).Run in goroutine 22318
	/home/mariell/go/pkg/mod/github.com/centrifugal/centrifuge@v0.33.3/internal/dissolve/dissolve.go:31 +0x25

goroutine 75969 [sync.Cond.Wait]:
sync.runtime_notifyListWait(0xc0260a7e90, 0x22)
	/usr/lib/go/src/runtime/sema.go:597 +0x159
sync.(*Cond).Wait(0x0?)
	/usr/lib/go/src/sync/cond.go:71 +0x85
github.com/centrifugal/centrifuge/internal/dissolve.(*queueImpl).Wait(0xc044618930)
	/home/mariell/go/pkg/mod/github.com/centrifugal/centrifuge@v0.33.3/internal/dissolve/queue.go:139 +0x4a
github.com/centrifugal/centrifuge/internal/dissolve.(*Dissolver).runWorker(0xc031b01698)
	/home/mariell/go/pkg/mod/github.com/centrifugal/centrifuge@v0.33.3/internal/dissolve/dissolve.go:52 +0x27
created by github.com/centrifugal/centrifuge/internal/dissolve.(*Dissolver).Run in goroutine 22318
	/home/mariell/go/pkg/mod/github.com/centrifugal/centrifuge@v0.33.3/internal/dissolve/dissolve.go:31 +0x25

goroutine 75970 [sync.Cond.Wait]:
sync.runtime_notifyListWait(0xc0260a7e90, 0x23)
	/usr/lib/go/src/runtime/sema.go:597 +0x159
sync.(*Cond).Wait(0x0?)
	/usr/lib/go/src/sync/cond.go:71 +0x85
github.com/centrifugal/centrifuge/internal/dissolve.(*queueImpl).Wait(0xc044618930)
	/home/mariell/go/pkg/mod/github.com/centrifugal/centrifuge@v0.33.3/internal/dissolve/queue.go:139 +0x4a
github.com/centrifugal/centrifuge/internal/dissolve.(*Dissolver).runWorker(0xc031b01698)
	/home/mariell/go/pkg/mod/github.com/centrifugal/centrifuge@v0.33.3/internal/dissolve/dissolve.go:52 +0x27
created by github.com/centrifugal/centrifuge/internal/dissolve.(*Dissolver).Run in goroutine 22318
	/home/mariell/go/pkg/mod/github.com/centrifugal/centrifuge@v0.33.3/internal/dissolve/dissolve.go:31 +0x25

goroutine 75971 [sync.Cond.Wait]:
sync.runtime_notifyListWait(0xc0260a7e90, 0x24)
	/usr/lib/go/src/runtime/sema.go:597 +0x159
sync.(*Cond).Wait(0x0?)
	/usr/lib/go/src/sync/cond.go:71 +0x85
github.com/centrifugal/centrifuge/internal/dissolve.(*queueImpl).Wait(0xc044618930)
	/home/mariell/go/pkg/mod/github.com/centrifugal/centrifuge@v0.33.3/internal/dissolve/queue.go:139 +0x4a
github.com/centrifugal/centrifuge/internal/dissolve.(*Dissolver).runWorker(0xc031b01698)
	/home/mariell/go/pkg/mod/github.com/centrifugal/centrifuge@v0.33.3/internal/dissolve/dissolve.go:52 +0x27
created by github.com/centrifugal/centrifuge/internal/dissolve.(*Dissolver).Run in goroutine 22318
	/home/mariell/go/pkg/mod/github.com/centrifugal/centrifuge@v0.33.3/internal/dissolve/dissolve.go:31 +0x25

goroutine 75972 [sync.Cond.Wait]:
sync.runtime_notifyListWait(0xc0260a7e90, 0x25)
	/usr/lib/go/src/runtime/sema.go:597 +0x159
sync.(*Cond).Wait(0x0?)
	/usr/lib/go/src/sync/cond.go:71 +0x85
github.com/centrifugal/centrifuge/internal/dissolve.(*queueImpl).Wait(0xc044618930)
	/home/mariell/go/pkg/mod/github.com/centrifugal/centrifuge@v0.33.3/internal/dissolve/queue.go:139 +0x4a
github.com/centrifugal/centrifuge/internal/dissolve.(*Dissolver).runWorker(0xc031b01698)
	/home/mariell/go/pkg/mod/github.com/centrifugal/centrifuge@v0.33.3/internal/dissolve/dissolve.go:52 +0x27
created by github.com/centrifugal/centrifuge/internal/dissolve.(*Dissolver).Run in goroutine 22318
	/home/mariell/go/pkg/mod/github.com/centrifugal/centrifuge@v0.33.3/internal/dissolve/dissolve.go:31 +0x25

goroutine 75973 [sync.Cond.Wait]:
sync.runtime_notifyListWait(0xc0260a7e90, 0x26)
	/usr/lib/go/src/runtime/sema.go:597 +0x159
sync.(*Cond).Wait(0x0?)
	/usr/lib/go/src/sync/cond.go:71 +0x85
github.com/centrifugal/centrifuge/internal/dissolve.(*queueImpl).Wait(0xc044618930)
	/home/mariell/go/pkg/mod/github.com/centrifugal/centrifuge@v0.33.3/internal/dissolve/queue.go:139 +0x4a
github.com/centrifugal/centrifuge/internal/dissolve.(*Dissolver).runWorker(0xc031b01698)
	/home/mariell/go/pkg/mod/github.com/centrifugal/centrifuge@v0.33.3/internal/dissolve/dissolve.go:52 +0x27
created by github.com/centrifugal/centrifuge/internal/dissolve.(*Dissolver).Run in goroutine 22318
	/home/mariell/go/pkg/mod/github.com/centrifugal/centrifuge@v0.33.3/internal/dissolve/dissolve.go:31 +0x25

goroutine 75974 [sync.Cond.Wait]:
sync.runtime_notifyListWait(0xc0260a7e90, 0x27)
	/usr/lib/go/src/runtime/sema.go:597 +0x159
sync.(*Cond).Wait(0x0?)
	/usr/lib/go/src/sync/cond.go:71 +0x85
github.com/centrifugal/centrifuge/internal/dissolve.(*queueImpl).Wait(0xc044618930)
	/home/mariell/go/pkg/mod/github.com/centrifugal/centrifuge@v0.33.3/internal/dissolve/queue.go:139 +0x4a
github.com/centrifugal/centrifuge/internal/dissolve.(*Dissolver).runWorker(0xc031b01698)
	/home/mariell/go/pkg/mod/github.com/centrifugal/centrifuge@v0.33.3/internal/dissolve/dissolve.go:52 +0x27
created by github.com/centrifugal/centrifuge/internal/dissolve.(*Dissolver).Run in goroutine 22318
	/home/mariell/go/pkg/mod/github.com/centrifugal/centrifuge@v0.33.3/internal/dissolve/dissolve.go:31 +0x25

goroutine 75975 [sync.Cond.Wait]:
sync.runtime_notifyListWait(0xc0260a7e90, 0x28)
	/usr/lib/go/src/runtime/sema.go:597 +0x159
sync.(*Cond).Wait(0x0?)
	/usr/lib/go/src/sync/cond.go:71 +0x85
github.com/centrifugal/centrifuge/internal/dissolve.(*queueImpl).Wait(0xc044618930)
	/home/mariell/go/pkg/mod/github.com/centrifugal/centrifuge@v0.33.3/internal/dissolve/queue.go:139 +0x4a
github.com/centrifugal/centrifuge/internal/dissolve.(*Dissolver).runWorker(0xc031b01698)
	/home/mariell/go/pkg/mod/github.com/centrifugal/centrifuge@v0.33.3/internal/dissolve/dissolve.go:52 +0x27
created by github.com/centrifugal/centrifuge/internal/dissolve.(*Dissolver).Run in goroutine 22318
	/home/mariell/go/pkg/mod/github.com/centrifugal/centrifuge@v0.33.3/internal/dissolve/dissolve.go:31 +0x25

goroutine 75976 [sync.Cond.Wait]:
sync.runtime_notifyListWait(0xc0260a7e90, 0x29)
	/usr/lib/go/src/runtime/sema.go:597 +0x159
sync.(*Cond).Wait(0x0?)
	/usr/lib/go/src/sync/cond.go:71 +0x85
github.com/centrifugal/centrifuge/internal/dissolve.(*queueImpl).Wait(0xc044618930)
	/home/mariell/go/pkg/mod/github.com/centrifugal/centrifuge@v0.33.3/internal/dissolve/queue.go:139 +0x4a
github.com/centrifugal/centrifuge/internal/dissolve.(*Dissolver).runWorker(0xc031b01698)
	/home/mariell/go/pkg/mod/github.com/centrifugal/centrifuge@v0.33.3/internal/dissolve/dissolve.go:52 +0x27
created by github.com/centrifugal/centrifuge/internal/dissolve.(*Dissolver).Run in goroutine 22318
	/home/mariell/go/pkg/mod/github.com/centrifugal/centrifuge@v0.33.3/internal/dissolve/dissolve.go:31 +0x25

goroutine 75977 [sync.Cond.Wait]:
sync.runtime_notifyListWait(0xc0260a7e90, 0x2a)
	/usr/lib/go/src/runtime/sema.go:597 +0x159
sync.(*Cond).Wait(0x0?)
	/usr/lib/go/src/sync/cond.go:71 +0x85
github.com/centrifugal/centrifuge/internal/dissolve.(*queueImpl).Wait(0xc044618930)
	/home/mariell/go/pkg/mod/github.com/centrifugal/centrifuge@v0.33.3/internal/dissolve/queue.go:139 +0x4a
github.com/centrifugal/centrifuge/internal/dissolve.(*Dissolver).runWorker(0xc031b01698)
	/home/mariell/go/pkg/mod/github.com/centrifugal/centrifuge@v0.33.3/internal/dissolve/dissolve.go:52 +0x27
created by github.com/centrifugal/centrifuge/internal/dissolve.(*Dissolver).Run in goroutine 22318
	/home/mariell/go/pkg/mod/github.com/centrifugal/centrifuge@v0.33.3/internal/dissolve/dissolve.go:31 +0x25

goroutine 75978 [sync.Cond.Wait]:
sync.runtime_notifyListWait(0xc0260a7e90, 0x2b)
	/usr/lib/go/src/runtime/sema.go:597 +0x159
sync.(*Cond).Wait(0x0?)
	/usr/lib/go/src/sync/cond.go:71 +0x85
github.com/centrifugal/centrifuge/internal/dissolve.(*queueImpl).Wait(0xc044618930)
	/home/mariell/go/pkg/mod/github.com/centrifugal/centrifuge@v0.33.3/internal/dissolve/queue.go:139 +0x4a
github.com/centrifugal/centrifuge/internal/dissolve.(*Dissolver).runWorker(0xc031b01698)
	/home/mariell/go/pkg/mod/github.com/centrifugal/centrifuge@v0.33.3/internal/dissolve/dissolve.go:52 +0x27
created by github.com/centrifugal/centrifuge/internal/dissolve.(*Dissolver).Run in goroutine 22318
	/home/mariell/go/pkg/mod/github.com/centrifugal/centrifuge@v0.33.3/internal/dissolve/dissolve.go:31 +0x25

goroutine 75979 [sync.Cond.Wait]:
sync.runtime_notifyListWait(0xc0260a7e90, 0x2c)
	/usr/lib/go/src/runtime/sema.go:597 +0x159
sync.(*Cond).Wait(0x0?)
	/usr/lib/go/src/sync/cond.go:71 +0x85
github.com/centrifugal/centrifuge/internal/dissolve.(*queueImpl).Wait(0xc044618930)
	/home/mariell/go/pkg/mod/github.com/centrifugal/centrifuge@v0.33.3/internal/dissolve/queue.go:139 +0x4a
github.com/centrifugal/centrifuge/internal/dissolve.(*Dissolver).runWorker(0xc031b01698)
	/home/mariell/go/pkg/mod/github.com/centrifugal/centrifuge@v0.33.3/internal/dissolve/dissolve.go:52 +0x27
created by github.com/centrifugal/centrifuge/internal/dissolve.(*Dissolver).Run in goroutine 22318
	/home/mariell/go/pkg/mod/github.com/centrifugal/centrifuge@v0.33.3/internal/dissolve/dissolve.go:31 +0x25

goroutine 75980 [sync.Cond.Wait]:
sync.runtime_notifyListWait(0xc0260a7e90, 0x2d)
	/usr/lib/go/src/runtime/sema.go:597 +0x159
sync.(*Cond).Wait(0x0?)
	/usr/lib/go/src/sync/cond.go:71 +0x85
github.com/centrifugal/centrifuge/internal/dissolve.(*queueImpl).Wait(0xc044618930)
	/home/mariell/go/pkg/mod/github.com/centrifugal/centrifuge@v0.33.3/internal/dissolve/queue.go:139 +0x4a
github.com/centrifugal/centrifuge/internal/dissolve.(*Dissolver).runWorker(0xc031b01698)
	/home/mariell/go/pkg/mod/github.com/centrifugal/centrifuge@v0.33.3/internal/dissolve/dissolve.go:52 +0x27
created by github.com/centrifugal/centrifuge/internal/dissolve.(*Dissolver).Run in goroutine 22318
	/home/mariell/go/pkg/mod/github.com/centrifugal/centrifuge@v0.33.3/internal/dissolve/dissolve.go:31 +0x25

goroutine 75981 [sync.Cond.Wait]:
sync.runtime_notifyListWait(0xc0260a7e90, 0x2e)
	/usr/lib/go/src/runtime/sema.go:597 +0x159
sync.(*Cond).Wait(0x0?)
	/usr/lib/go/src/sync/cond.go:71 +0x85
github.com/centrifugal/centrifuge/internal/dissolve.(*queueImpl).Wait(0xc044618930)
	/home/mariell/go/pkg/mod/github.com/centrifugal/centrifuge@v0.33.3/internal/dissolve/queue.go:139 +0x4a
github.com/centrifugal/centrifuge/internal/dissolve.(*Dissolver).runWorker(0xc031b01698)
	/home/mariell/go/pkg/mod/github.com/centrifugal/centrifuge@v0.33.3/internal/dissolve/dissolve.go:52 +0x27
created by github.com/centrifugal/centrifuge/internal/dissolve.(*Dissolver).Run in goroutine 22318
	/home/mariell/go/pkg/mod/github.com/centrifugal/centrifuge@v0.33.3/internal/dissolve/dissolve.go:31 +0x25

goroutine 75982 [sync.Cond.Wait]:
sync.runtime_notifyListWait(0xc0260a7e90, 0x2f)
	/usr/lib/go/src/runtime/sema.go:597 +0x159
sync.(*Cond).Wait(0x0?)
	/usr/lib/go/src/sync/cond.go:71 +0x85
github.com/centrifugal/centrifuge/internal/dissolve.(*queueImpl).Wait(0xc044618930)
	/home/mariell/go/pkg/mod/github.com/centrifugal/centrifuge@v0.33.3/internal/dissolve/queue.go:139 +0x4a
github.com/centrifugal/centrifuge/internal/dissolve.(*Dissolver).runWorker(0xc031b01698)
	/home/mariell/go/pkg/mod/github.com/centrifugal/centrifuge@v0.33.3/internal/dissolve/dissolve.go:52 +0x27
created by github.com/centrifugal/centrifuge/internal/dissolve.(*Dissolver).Run in goroutine 22318
	/home/mariell/go/pkg/mod/github.com/centrifugal/centrifuge@v0.33.3/internal/dissolve/dissolve.go:31 +0x25

goroutine 75983 [sync.Cond.Wait]:
sync.runtime_notifyListWait(0xc0260a7e90, 0x30)
	/usr/lib/go/src/runtime/sema.go:597 +0x159
sync.(*Cond).Wait(0x0?)
	/usr/lib/go/src/sync/cond.go:71 +0x85
github.com/centrifugal/centrifuge/internal/dissolve.(*queueImpl).Wait(0xc044618930)
	/home/mariell/go/pkg/mod/github.com/centrifugal/centrifuge@v0.33.3/internal/dissolve/queue.go:139 +0x4a
github.com/centrifugal/centrifuge/internal/dissolve.(*Dissolver).runWorker(0xc031b01698)
	/home/mariell/go/pkg/mod/github.com/centrifugal/centrifuge@v0.33.3/internal/dissolve/dissolve.go:52 +0x27
created by github.com/centrifugal/centrifuge/internal/dissolve.(*Dissolver).Run in goroutine 22318
	/home/mariell/go/pkg/mod/github.com/centrifugal/centrifuge@v0.33.3/internal/dissolve/dissolve.go:31 +0x25

goroutine 75984 [sync.Cond.Wait]:
sync.runtime_notifyListWait(0xc0260a7e90, 0x31)
	/usr/lib/go/src/runtime/sema.go:597 +0x159
sync.(*Cond).Wait(0x0?)
	/usr/lib/go/src/sync/cond.go:71 +0x85
github.com/centrifugal/centrifuge/internal/dissolve.(*queueImpl).Wait(0xc044618930)
	/home/mariell/go/pkg/mod/github.com/centrifugal/centrifuge@v0.33.3/internal/dissolve/queue.go:139 +0x4a
github.com/centrifugal/centrifuge/internal/dissolve.(*Dissolver).runWorker(0xc031b01698)
	/home/mariell/go/pkg/mod/github.com/centrifugal/centrifuge@v0.33.3/internal/dissolve/dissolve.go:52 +0x27
created by github.com/centrifugal/centrifuge/internal/dissolve.(*Dissolver).Run in goroutine 22318
	/home/mariell/go/pkg/mod/github.com/centrifugal/centrifuge@v0.33.3/internal/dissolve/dissolve.go:31 +0x25

goroutine 75985 [sync.Cond.Wait]:
sync.runtime_notifyListWait(0xc0260a7e90, 0x32)
	/usr/lib/go/src/runtime/sema.go:597 +0x159
sync.(*Cond).Wait(0x0?)
	/usr/lib/go/src/sync/cond.go:71 +0x85
github.com/centrifugal/centrifuge/internal/dissolve.(*queueImpl).Wait(0xc044618930)
	/home/mariell/go/pkg/mod/github.com/centrifugal/centrifuge@v0.33.3/internal/dissolve/queue.go:139 +0x4a
github.com/centrifugal/centrifuge/internal/dissolve.(*Dissolver).runWorker(0xc031b01698)
	/home/mariell/go/pkg/mod/github.com/centrifugal/centrifuge@v0.33.3/internal/dissolve/dissolve.go:52 +0x27
created by github.com/centrifugal/centrifuge/internal/dissolve.(*Dissolver).Run in goroutine 22318
	/home/mariell/go/pkg/mod/github.com/centrifugal/centrifuge@v0.33.3/internal/dissolve/dissolve.go:31 +0x25

goroutine 75986 [sync.Cond.Wait]:
sync.runtime_notifyListWait(0xc0260a7e90, 0x33)
	/usr/lib/go/src/runtime/sema.go:597 +0x159
sync.(*Cond).Wait(0x0?)
	/usr/lib/go/src/sync/cond.go:71 +0x85
github.com/centrifugal/centrifuge/internal/dissolve.(*queueImpl).Wait(0xc044618930)
	/home/mariell/go/pkg/mod/github.com/centrifugal/centrifuge@v0.33.3/internal/dissolve/queue.go:139 +0x4a
github.com/centrifugal/centrifuge/internal/dissolve.(*Dissolver).runWorker(0xc031b01698)
	/home/mariell/go/pkg/mod/github.com/centrifugal/centrifuge@v0.33.3/internal/dissolve/dissolve.go:52 +0x27
created by github.com/centrifugal/centrifuge/internal/dissolve.(*Dissolver).Run in goroutine 22318
	/home/mariell/go/pkg/mod/github.com/centrifugal/centrifuge@v0.33.3/internal/dissolve/dissolve.go:31 +0x25

goroutine 75987 [sync.Cond.Wait]:
sync.runtime_notifyListWait(0xc0260a7e90, 0x34)
	/usr/lib/go/src/runtime/sema.go:597 +0x159
sync.(*Cond).Wait(0x0?)
	/usr/lib/go/src/sync/cond.go:71 +0x85
github.com/centrifugal/centrifuge/internal/dissolve.(*queueImpl).Wait(0xc044618930)
	/home/mariell/go/pkg/mod/github.com/centrifugal/centrifuge@v0.33.3/internal/dissolve/queue.go:139 +0x4a
github.com/centrifugal/centrifuge/internal/dissolve.(*Dissolver).runWorker(0xc031b01698)
	/home/mariell/go/pkg/mod/github.com/centrifugal/centrifuge@v0.33.3/internal/dissolve/dissolve.go:52 +0x27
created by github.com/centrifugal/centrifuge/internal/dissolve.(*Dissolver).Run in goroutine 22318
	/home/mariell/go/pkg/mod/github.com/centrifugal/centrifuge@v0.33.3/internal/dissolve/dissolve.go:31 +0x25

goroutine 75988 [sync.Cond.Wait]:
sync.runtime_notifyListWait(0xc0260a7e90, 0x35)
	/usr/lib/go/src/runtime/sema.go:597 +0x159
sync.(*Cond).Wait(0x0?)
	/usr/lib/go/src/sync/cond.go:71 +0x85
github.com/centrifugal/centrifuge/internal/dissolve.(*queueImpl).Wait(0xc044618930)
	/home/mariell/go/pkg/mod/github.com/centrifugal/centrifuge@v0.33.3/internal/dissolve/queue.go:139 +0x4a
github.com/centrifugal/centrifuge/internal/dissolve.(*Dissolver).runWorker(0xc031b01698)
	/home/mariell/go/pkg/mod/github.com/centrifugal/centrifuge@v0.33.3/internal/dissolve/dissolve.go:52 +0x27
created by github.com/centrifugal/centrifuge/internal/dissolve.(*Dissolver).Run in goroutine 22318
	/home/mariell/go/pkg/mod/github.com/centrifugal/centrifuge@v0.33.3/internal/dissolve/dissolve.go:31 +0x25

goroutine 75989 [sync.Cond.Wait]:
sync.runtime_notifyListWait(0xc0260a7e90, 0x36)
	/usr/lib/go/src/runtime/sema.go:597 +0x159
sync.(*Cond).Wait(0x0?)
	/usr/lib/go/src/sync/cond.go:71 +0x85
github.com/centrifugal/centrifuge/internal/dissolve.(*queueImpl).Wait(0xc044618930)
	/home/mariell/go/pkg/mod/github.com/centrifugal/centrifuge@v0.33.3/internal/dissolve/queue.go:139 +0x4a
github.com/centrifugal/centrifuge/internal/dissolve.(*Dissolver).runWorker(0xc031b01698)
	/home/mariell/go/pkg/mod/github.com/centrifugal/centrifuge@v0.33.3/internal/dissolve/dissolve.go:52 +0x27
created by github.com/centrifugal/centrifuge/internal/dissolve.(*Dissolver).Run in goroutine 22318
	/home/mariell/go/pkg/mod/github.com/centrifugal/centrifuge@v0.33.3/internal/dissolve/dissolve.go:31 +0x25

goroutine 75990 [sync.Cond.Wait]:
sync.runtime_notifyListWait(0xc0260a7e90, 0x37)
	/usr/lib/go/src/runtime/sema.go:597 +0x159
sync.(*Cond).Wait(0x0?)
	/usr/lib/go/src/sync/cond.go:71 +0x85
github.com/centrifugal/centrifuge/internal/dissolve.(*queueImpl).Wait(0xc044618930)
	/home/mariell/go/pkg/mod/github.com/centrifugal/centrifuge@v0.33.3/internal/dissolve/queue.go:139 +0x4a
github.com/centrifugal/centrifuge/internal/dissolve.(*Dissolver).runWorker(0xc031b01698)
	/home/mariell/go/pkg/mod/github.com/centrifugal/centrifuge@v0.33.3/internal/dissolve/dissolve.go:52 +0x27
created by github.com/centrifugal/centrifuge/internal/dissolve.(*Dissolver).Run in goroutine 22318
	/home/mariell/go/pkg/mod/github.com/centrifugal/centrifuge@v0.33.3/internal/dissolve/dissolve.go:31 +0x25

goroutine 75991 [sync.Cond.Wait]:
sync.runtime_notifyListWait(0xc0260a7e90, 0x38)
	/usr/lib/go/src/runtime/sema.go:597 +0x159
sync.(*Cond).Wait(0x0?)
	/usr/lib/go/src/sync/cond.go:71 +0x85
github.com/centrifugal/centrifuge/internal/dissolve.(*queueImpl).Wait(0xc044618930)
	/home/mariell/go/pkg/mod/github.com/centrifugal/centrifuge@v0.33.3/internal/dissolve/queue.go:139 +0x4a
github.com/centrifugal/centrifuge/internal/dissolve.(*Dissolver).runWorker(0xc031b01698)
	/home/mariell/go/pkg/mod/github.com/centrifugal/centrifuge@v0.33.3/internal/dissolve/dissolve.go:52 +0x27
created by github.com/centrifugal/centrifuge/internal/dissolve.(*Dissolver).Run in goroutine 22318
	/home/mariell/go/pkg/mod/github.com/centrifugal/centrifuge@v0.33.3/internal/dissolve/dissolve.go:31 +0x25

goroutine 75992 [sync.Cond.Wait]:
sync.runtime_notifyListWait(0xc0260a7e90, 0x39)
	/usr/lib/go/src/runtime/sema.go:597 +0x159
sync.(*Cond).Wait(0x0?)
	/usr/lib/go/src/sync/cond.go:71 +0x85
github.com/centrifugal/centrifuge/internal/dissolve.(*queueImpl).Wait(0xc044618930)
	/home/mariell/go/pkg/mod/github.com/centrifugal/centrifuge@v0.33.3/internal/dissolve/queue.go:139 +0x4a
github.com/centrifugal/centrifuge/internal/dissolve.(*Dissolver).runWorker(0xc031b01698)
	/home/mariell/go/pkg/mod/github.com/centrifugal/centrifuge@v0.33.3/internal/dissolve/dissolve.go:52 +0x27
created by github.com/centrifugal/centrifuge/internal/dissolve.(*Dissolver).Run in goroutine 22318
	/home/mariell/go/pkg/mod/github.com/centrifugal/centrifuge@v0.33.3/internal/dissolve/dissolve.go:31 +0x25

goroutine 75993 [sync.Cond.Wait]:
sync.runtime_notifyListWait(0xc0260a7e90, 0x3a)
	/usr/lib/go/src/runtime/sema.go:597 +0x159
sync.(*Cond).Wait(0x0?)
	/usr/lib/go/src/sync/cond.go:71 +0x85
github.com/centrifugal/centrifuge/internal/dissolve.(*queueImpl).Wait(0xc044618930)
	/home/mariell/go/pkg/mod/github.com/centrifugal/centrifuge@v0.33.3/internal/dissolve/queue.go:139 +0x4a
github.com/centrifugal/centrifuge/internal/dissolve.(*Dissolver).runWorker(0xc031b01698)
	/home/mariell/go/pkg/mod/github.com/centrifugal/centrifuge@v0.33.3/internal/dissolve/dissolve.go:52 +0x27
created by github.com/centrifugal/centrifuge/internal/dissolve.(*Dissolver).Run in goroutine 22318
	/home/mariell/go/pkg/mod/github.com/centrifugal/centrifuge@v0.33.3/internal/dissolve/dissolve.go:31 +0x25

goroutine 75994 [sync.Cond.Wait]:
sync.runtime_notifyListWait(0xc0260a7e90, 0x3b)
	/usr/lib/go/src/runtime/sema.go:597 +0x159
sync.(*Cond).Wait(0x0?)
	/usr/lib/go/src/sync/cond.go:71 +0x85
github.com/centrifugal/centrifuge/internal/dissolve.(*queueImpl).Wait(0xc044618930)
	/home/mariell/go/pkg/mod/github.com/centrifugal/centrifuge@v0.33.3/internal/dissolve/queue.go:139 +0x4a
github.com/centrifugal/centrifuge/internal/dissolve.(*Dissolver).runWorker(0xc031b01698)
	/home/mariell/go/pkg/mod/github.com/centrifugal/centrifuge@v0.33.3/internal/dissolve/dissolve.go:52 +0x27
created by github.com/centrifugal/centrifuge/internal/dissolve.(*Dissolver).Run in goroutine 22318
	/home/mariell/go/pkg/mod/github.com/centrifugal/centrifuge@v0.33.3/internal/dissolve/dissolve.go:31 +0x25

goroutine 75995 [sync.Cond.Wait]:
sync.runtime_notifyListWait(0xc0260a7e90, 0x3c)
	/usr/lib/go/src/runtime/sema.go:597 +0x159
sync.(*Cond).Wait(0x0?)
	/usr/lib/go/src/sync/cond.go:71 +0x85
github.com/centrifugal/centrifuge/internal/dissolve.(*queueImpl).Wait(0xc044618930)
	/home/mariell/go/pkg/mod/github.com/centrifugal/centrifuge@v0.33.3/internal/dissolve/queue.go:139 +0x4a
github.com/centrifugal/centrifuge/internal/dissolve.(*Dissolver).runWorker(0xc031b01698)
	/home/mariell/go/pkg/mod/github.com/centrifugal/centrifuge@v0.33.3/internal/dissolve/dissolve.go:52 +0x27
created by github.com/centrifugal/centrifuge/internal/dissolve.(*Dissolver).Run in goroutine 22318
	/home/mariell/go/pkg/mod/github.com/centrifugal/centrifuge@v0.33.3/internal/dissolve/dissolve.go:31 +0x25

goroutine 75996 [sync.Cond.Wait]:
sync.runtime_notifyListWait(0xc0260a7e90, 0x3d)
	/usr/lib/go/src/runtime/sema.go:597 +0x159
sync.(*Cond).Wait(0x0?)
	/usr/lib/go/src/sync/cond.go:71 +0x85
github.com/centrifugal/centrifuge/internal/dissolve.(*queueImpl).Wait(0xc044618930)
	/home/mariell/go/pkg/mod/github.com/centrifugal/centrifuge@v0.33.3/internal/dissolve/queue.go:139 +0x4a
github.com/centrifugal/centrifuge/internal/dissolve.(*Dissolver).runWorker(0xc031b01698)
	/home/mariell/go/pkg/mod/github.com/centrifugal/centrifuge@v0.33.3/internal/dissolve/dissolve.go:52 +0x27
created by github.com/centrifugal/centrifuge/internal/dissolve.(*Dissolver).Run in goroutine 22318
	/home/mariell/go/pkg/mod/github.com/centrifugal/centrifuge@v0.33.3/internal/dissolve/dissolve.go:31 +0x25

goroutine 75997 [sync.Cond.Wait]:
sync.runtime_notifyListWait(0xc0260a7e90, 0x3e)
	/usr/lib/go/src/runtime/sema.go:597 +0x159
sync.(*Cond).Wait(0x0?)
	/usr/lib/go/src/sync/cond.go:71 +0x85
github.com/centrifugal/centrifuge/internal/dissolve.(*queueImpl).Wait(0xc044618930)
	/home/mariell/go/pkg/mod/github.com/centrifugal/centrifuge@v0.33.3/internal/dissolve/queue.go:139 +0x4a
github.com/centrifugal/centrifuge/internal/dissolve.(*Dissolver).runWorker(0xc031b01698)
	/home/mariell/go/pkg/mod/github.com/centrifugal/centrifuge@v0.33.3/internal/dissolve/dissolve.go:52 +0x27
created by github.com/centrifugal/centrifuge/internal/dissolve.(*Dissolver).Run in goroutine 22318
	/home/mariell/go/pkg/mod/github.com/centrifugal/centrifuge@v0.33.3/internal/dissolve/dissolve.go:31 +0x25

goroutine 75998 [sync.Cond.Wait]:
sync.runtime_notifyListWait(0xc0260a7e90, 0x3f)
	/usr/lib/go/src/runtime/sema.go:597 +0x159
sync.(*Cond).Wait(0x0?)
	/usr/lib/go/src/sync/cond.go:71 +0x85
github.com/centrifugal/centrifuge/internal/dissolve.(*queueImpl).Wait(0xc044618930)
	/home/mariell/go/pkg/mod/github.com/centrifugal/centrifuge@v0.33.3/internal/dissolve/queue.go:139 +0x4a
github.com/centrifugal/centrifuge/internal/dissolve.(*Dissolver).runWorker(0xc031b01698)
	/home/mariell/go/pkg/mod/github.com/centrifugal/centrifuge@v0.33.3/internal/dissolve/dissolve.go:52 +0x27
created by github.com/centrifugal/centrifuge/internal/dissolve.(*Dissolver).Run in goroutine 22318
	/home/mariell/go/pkg/mod/github.com/centrifugal/centrifuge@v0.33.3/internal/dissolve/dissolve.go:31 +0x25

goroutine 77442 [select]:
crypto/tls.(*Conn).handshakeContext.func2()
	/usr/lib/go/src/crypto/tls/conn.go:1544 +0x86
created by crypto/tls.(*Conn).handshakeContext in goroutine 77297
	/usr/lib/go/src/crypto/tls/conn.go:1543 +0x27b

goroutine 77297 [runnable]:
internal/poll.runtime_pollWait(0x77751a4b5b38, 0x72)
	/usr/lib/go/src/runtime/netpoll.go:351 +0x85
internal/poll.(*pollDesc).wait(0xc0471d2280?, 0xc047d826c0?, 0x0)
	/usr/lib/go/src/internal/poll/fd_poll_runtime.go:84 +0x27
internal/poll.(*pollDesc).waitRead(...)
	/usr/lib/go/src/internal/poll/fd_poll_runtime.go:89
internal/poll.(*FD).Read(0xc0471d2280, {0xc047d826c0, 0x240, 0x240})
	/usr/lib/go/src/internal/poll/fd_unix.go:165 +0x27a
net.(*netFD).Read(0xc0471d2280, {0xc047d826c0?, 0x5310ae?, 0x0?})
	/usr/lib/go/src/net/fd_posix.go:55 +0x25
net.(*conn).Read(0xc047af36c8, {0xc047d826c0?, 0x7775581aea88?, 0x7775a8b29d58?})
	/usr/lib/go/src/net/net.go:194 +0x45
crypto/tls.(*atLeastReader).Read(0xc029116408, {0xc047d826c0?, 0xc04155f7a8?, 0x530a58?})
	/usr/lib/go/src/crypto/tls/conn.go:809 +0x3b
bytes.(*Buffer).ReadFrom(0xc048070d38, {0xa94e300, 0xc029116408})
	/usr/lib/go/src/bytes/buffer.go:211 +0x98
crypto/tls.(*Conn).readFromUntil(0xc048070a88, {0xa94dc00, 0xc047af36c8}, 0x0?)
	/usr/lib/go/src/crypto/tls/conn.go:831 +0xde
crypto/tls.(*Conn).readRecordOrCCS(0xc048070a88, 0x0)
	/usr/lib/go/src/crypto/tls/conn.go:629 +0x3cf
crypto/tls.(*Conn).readRecord(...)
	/usr/lib/go/src/crypto/tls/conn.go:591
crypto/tls.(*Conn).readHandshakeBytes(0xc048070a88, 0x4)
	/usr/lib/go/src/crypto/tls/conn.go:1078 +0x51
crypto/tls.(*Conn).readHandshake(0xc048070a88, {0x0, 0x0})
	/usr/lib/go/src/crypto/tls/conn.go:1089 +0x39
crypto/tls.(*Conn).clientHandshake(0xc048070a88, {0xa9d1d00, 0xc048a61db0})
	/usr/lib/go/src/crypto/tls/handshake_client.go:340 +0x4fb
crypto/tls.(*Conn).handshakeContext(0xc048070a88, {0xa9d1d00, 0xc0470fd5e0})
	/usr/lib/go/src/crypto/tls/conn.go:1568 +0x39a
crypto/tls.(*Conn).HandshakeContext(...)
	/usr/lib/go/src/crypto/tls/conn.go:1508
net/http.(*persistConn).addTLS.func2()
	/usr/lib/go/src/net/http/transport.go:1703 +0x6e
created by net/http.(*persistConn).addTLS in goroutine 76375
	/usr/lib/go/src/net/http/transport.go:1699 +0x309

goroutine 76012 [select]:
crypto/tls.(*Conn).handshakeContext.func2()
	/usr/lib/go/src/crypto/tls/conn.go:1544 +0x86
created by crypto/tls.(*Conn).handshakeContext in goroutine 76011
	/usr/lib/go/src/crypto/tls/conn.go:1543 +0x27b

goroutine 76011 [runnable]:
internal/poll.runtime_pollWait(0x77751a4b5c50, 0x72)
	/usr/lib/go/src/runtime/netpoll.go:351 +0x85
internal/poll.(*pollDesc).wait(0xc0471d2180?, 0xc0457e6240?, 0x0)
	/usr/lib/go/src/internal/poll/fd_poll_runtime.go:84 +0x27
internal/poll.(*pollDesc).waitRead(...)
	/usr/lib/go/src/internal/poll/fd_poll_runtime.go:89
internal/poll.(*FD).Read(0xc0471d2180, {0xc0457e6240, 0x240, 0x240})
	/usr/lib/go/src/internal/poll/fd_unix.go:165 +0x27a
net.(*netFD).Read(0xc0471d2180, {0xc0457e6240?, 0x5310ae?, 0x0?})
	/usr/lib/go/src/net/fd_posix.go:55 +0x25
net.(*conn).Read(0xc045781960, {0xc0457e6240?, 0x77751a7dd488?, 0x7775a8b2a210?})
	/usr/lib/go/src/net/net.go:194 +0x45
crypto/tls.(*atLeastReader).Read(0xc02a304df8, {0xc0457e6240?, 0xc00c5cf7a8?, 0x530a58?})
	/usr/lib/go/src/crypto/tls/conn.go:809 +0x3b
bytes.(*Buffer).ReadFrom(0xc048992d38, {0xa94e300, 0xc02a304df8})
	/usr/lib/go/src/bytes/buffer.go:211 +0x98
crypto/tls.(*Conn).readFromUntil(0xc048992a88, {0xa94dc00, 0xc045781960}, 0x0?)
	/usr/lib/go/src/crypto/tls/conn.go:831 +0xde
crypto/tls.(*Conn).readRecordOrCCS(0xc048992a88, 0x0)
	/usr/lib/go/src/crypto/tls/conn.go:629 +0x3cf
crypto/tls.(*Conn).readRecord(...)
	/usr/lib/go/src/crypto/tls/conn.go:591
crypto/tls.(*Conn).readHandshakeBytes(0xc048992a88, 0x4)
	/usr/lib/go/src/crypto/tls/conn.go:1078 +0x51
crypto/tls.(*Conn).readHandshake(0xc048992a88, {0x0, 0x0})
	/usr/lib/go/src/crypto/tls/conn.go:1089 +0x39
crypto/tls.(*Conn).clientHandshake(0xc048992a88, {0xa9d1d00, 0xc0489a42d0})
	/usr/lib/go/src/crypto/tls/handshake_client.go:340 +0x4fb
crypto/tls.(*Conn).handshakeContext(0xc048992a88, {0xa9d1d00, 0xc04225f5e0})
	/usr/lib/go/src/crypto/tls/conn.go:1568 +0x39a
crypto/tls.(*Conn).HandshakeContext(...)
	/usr/lib/go/src/crypto/tls/conn.go:1508
net/http.(*persistConn).addTLS.func2()
	/usr/lib/go/src/net/http/transport.go:1703 +0x6e
created by net/http.(*persistConn).addTLS in goroutine 75286
	/usr/lib/go/src/net/http/transport.go:1699 +0x309

goroutine 76167 [select]:
github.com/patrickmn/go-cache.(*janitor).Run(0xc046c04ac0, 0xc046697880)
	/home/mariell/go/pkg/mod/github.com/patrickmn/go-cache@v2.1.0+incompatible/cache.go:1079 +0x7b
created by github.com/patrickmn/go-cache.runJanitor in goroutine 22318
	/home/mariell/go/pkg/mod/github.com/patrickmn/go-cache@v2.1.0+incompatible/cache.go:1099 +0xdb

goroutine 76173 [select]:
github.com/patrickmn/go-cache.(*janitor).Run(0xc046c32d40, 0xc046c298c0)
	/home/mariell/go/pkg/mod/github.com/patrickmn/go-cache@v2.1.0+incompatible/cache.go:1079 +0x7b
created by github.com/patrickmn/go-cache.runJanitor in goroutine 22318
	/home/mariell/go/pkg/mod/github.com/patrickmn/go-cache@v2.1.0+incompatible/cache.go:1099 +0xdb

goroutine 76174 [select]:
github.com/patrickmn/go-cache.(*janitor).Run(0xc046c32e60, 0xc046c29980)
	/home/mariell/go/pkg/mod/github.com/patrickmn/go-cache@v2.1.0+incompatible/cache.go:1079 +0x7b
created by github.com/patrickmn/go-cache.runJanitor in goroutine 22318
	/home/mariell/go/pkg/mod/github.com/patrickmn/go-cache@v2.1.0+incompatible/cache.go:1099 +0xdb

goroutine 76175 [select]:
github.com/patrickmn/go-cache.(*janitor).Run(0xc046c32e70, 0xc046c299c0)
	/home/mariell/go/pkg/mod/github.com/patrickmn/go-cache@v2.1.0+incompatible/cache.go:1079 +0x7b
created by github.com/patrickmn/go-cache.runJanitor in goroutine 22318
	/home/mariell/go/pkg/mod/github.com/patrickmn/go-cache@v2.1.0+incompatible/cache.go:1099 +0xdb

goroutine 77388 [sync.Cond.Wait]:
sync.runtime_notifyListWait(0xc045ae3d50, 0x35)
	/usr/lib/go/src/runtime/sema.go:597 +0x159
sync.(*Cond).Wait(0xc044252fd0?)
	/usr/lib/go/src/sync/cond.go:71 +0x85
github.com/centrifugal/centrifuge/internal/dissolve.(*queueImpl).Wait(0xc045afb420)
	/home/mariell/go/pkg/mod/github.com/centrifugal/centrifuge@v0.33.3/internal/dissolve/queue.go:139 +0x4a
github.com/centrifugal/centrifuge/internal/dissolve.(*Dissolver).runWorker(0xc034b3a078)
	/home/mariell/go/pkg/mod/github.com/centrifugal/centrifuge@v0.33.3/internal/dissolve/dissolve.go:52 +0x27
created by github.com/centrifugal/centrifuge/internal/dissolve.(*Dissolver).Run in goroutine 4437
	/home/mariell/go/pkg/mod/github.com/centrifugal/centrifuge@v0.33.3/internal/dissolve/dissolve.go:31 +0x25

goroutine 77390 [sync.Cond.Wait]:
sync.runtime_notifyListWait(0xc045ae3d50, 0x37)
	/usr/lib/go/src/runtime/sema.go:597 +0x159
sync.(*Cond).Wait(0x0?)
	/usr/lib/go/src/sync/cond.go:71 +0x85
github.com/centrifugal/centrifuge/internal/dissolve.(*queueImpl).Wait(0xc045afb420)
	/home/mariell/go/pkg/mod/github.com/centrifugal/centrifuge@v0.33.3/internal/dissolve/queue.go:139 +0x4a
github.com/centrifugal/centrifuge/internal/dissolve.(*Dissolver).runWorker(0xc034b3a078)
	/home/mariell/go/pkg/mod/github.com/centrifugal/centrifuge@v0.33.3/internal/dissolve/dissolve.go:52 +0x27
created by github.com/centrifugal/centrifuge/internal/dissolve.(*Dissolver).Run in goroutine 4437
	/home/mariell/go/pkg/mod/github.com/centrifugal/centrifuge@v0.33.3/internal/dissolve/dissolve.go:31 +0x25

goroutine 77391 [sync.Cond.Wait]:
sync.runtime_notifyListWait(0xc045ae3d50, 0x38)
	/usr/lib/go/src/runtime/sema.go:597 +0x159
sync.(*Cond).Wait(0xc044243fd0?)
	/usr/lib/go/src/sync/cond.go:71 +0x85
github.com/centrifugal/centrifuge/internal/dissolve.(*queueImpl).Wait(0xc045afb420)
	/home/mariell/go/pkg/mod/github.com/centrifugal/centrifuge@v0.33.3/internal/dissolve/queue.go:139 +0x4a
github.com/centrifugal/centrifuge/internal/dissolve.(*Dissolver).runWorker(0xc034b3a078)
	/home/mariell/go/pkg/mod/github.com/centrifugal/centrifuge@v0.33.3/internal/dissolve/dissolve.go:52 +0x27
created by github.com/centrifugal/centrifuge/internal/dissolve.(*Dissolver).Run in goroutine 4437
	/home/mariell/go/pkg/mod/github.com/centrifugal/centrifuge@v0.33.3/internal/dissolve/dissolve.go:31 +0x25

goroutine 77397 [sync.Cond.Wait]:
sync.runtime_notifyListWait(0xc045ae3d50, 0x3e)
	/usr/lib/go/src/runtime/sema.go:597 +0x159
sync.(*Cond).Wait(0x64353239633364?)
	/usr/lib/go/src/sync/cond.go:71 +0x85
github.com/centrifugal/centrifuge/internal/dissolve.(*queueImpl).Wait(0xc045afb420)
	/home/mariell/go/pkg/mod/github.com/centrifugal/centrifuge@v0.33.3/internal/dissolve/queue.go:139 +0x4a
github.com/centrifugal/centrifuge/internal/dissolve.(*Dissolver).runWorker(0xc034b3a078)
	/home/mariell/go/pkg/mod/github.com/centrifugal/centrifuge@v0.33.3/internal/dissolve/dissolve.go:52 +0x27
created by github.com/centrifugal/centrifuge/internal/dissolve.(*Dissolver).Run in goroutine 4437
	/home/mariell/go/pkg/mod/github.com/centrifugal/centrifuge@v0.33.3/internal/dissolve/dissolve.go:31 +0x25

goroutine 76843 [select]:
github.com/centrifugal/centrifuge.(*Node).updateMetrics(0xc01f784b48)
	/home/mariell/go/pkg/mod/github.com/centrifugal/centrifuge@v0.33.3/node.go:335 +0x85
created by github.com/centrifugal/centrifuge.(*Node).Run in goroutine 22317
	/home/mariell/go/pkg/mod/github.com/centrifugal/centrifuge@v0.33.3/node.go:262 +0x2a5

goroutine 76293 [select]:
net/http.(*Transport).getConn(0xc02cca1040, 0xc0471d5860, {{}, 0x0, {0xc0471b5800, 0x5}, {0xc0471e4c60, 0xf}, 0x0})
	/usr/lib/go/src/net/http/transport.go:1520 +0x4ae
net/http.(*Transport).roundTrip(0xc02cca1040, 0xc04668b540)
	/usr/lib/go/src/net/http/transport.go:685 +0xb57
net/http.(*Transport).RoundTrip(0xc04668b540?, 0xa94cca0?)
	/usr/lib/go/src/net/http/roundtrip.go:30 +0x13
net/http.send(0xc04668b400, {0xa94cca0, 0xc02cca1040}, {0xc041557801?, 0x4f16b3?, 0x11a751c0?})
	/usr/lib/go/src/net/http/client.go:259 +0x5e2
net/http.(*Client).send(0xc0156b6790, 0xc04668b400, {0x1d?, 0x1?, 0x11a751c0?})
	/usr/lib/go/src/net/http/client.go:180 +0x91
net/http.(*Client).do(0xc0156b6790, 0xc04668b400)
	/usr/lib/go/src/net/http/client.go:728 +0x989
net/http.(*Client).Do(...)
	/usr/lib/go/src/net/http/client.go:587
github.com/grafana/grafana/pkg/services/pluginsintegration/angulardetectorsprovider.(*Dynamic).fetch(0xc0156b6780, {0xa9d1b58, 0x11ab5f60}, {0x0, 0x0})
	/home/mariell/work/oss/grafana/pkg/services/pluginsintegration/angulardetectorsprovider/dynamic.go:140 +0x42b
github.com/grafana/grafana/pkg/services/pluginsintegration/angulardetectorsprovider.(*Dynamic).updateDetectors(0xc0156b6780, {0xa9d1b58, 0x11ab5f60}, {0x0, 0x0})
	/home/mariell/work/oss/grafana/pkg/services/pluginsintegration/angulardetectorsprovider/dynamic.go:170 +0xcb
github.com/grafana/grafana/pkg/services/pluginsintegration/angulardetectorsprovider.(*Dynamic).Run(0xc0156b6780, {0xa9d1d00, 0xc046df94a0})
	/home/mariell/work/oss/grafana/pkg/services/pluginsintegration/angulardetectorsprovider/dynamic.go:290 +0x57b
github.com/grafana/grafana/pkg/server.(*Server).Run.func1()
	/home/mariell/work/oss/grafana/pkg/server/server.go:163 +0x119
golang.org/x/sync/errgroup.(*Group).Go.func1()
	/home/mariell/go/pkg/mod/golang.org/x/sync@v0.11.0/errgroup/errgroup.go:78 +0x50
created by golang.org/x/sync/errgroup.(*Group).Go in goroutine 76264
	/home/mariell/go/pkg/mod/golang.org/x/sync@v0.11.0/errgroup/errgroup.go:75 +0x93

goroutine 77395 [sync.Cond.Wait]:
sync.runtime_notifyListWait(0xc045ae3d50, 0x3c)
	/usr/lib/go/src/runtime/sema.go:597 +0x159
sync.(*Cond).Wait(0x7f66560?)
	/usr/lib/go/src/sync/cond.go:71 +0x85
github.com/centrifugal/centrifuge/internal/dissolve.(*queueImpl).Wait(0xc045afb420)
	/home/mariell/go/pkg/mod/github.com/centrifugal/centrifuge@v0.33.3/internal/dissolve/queue.go:139 +0x4a
github.com/centrifugal/centrifuge/internal/dissolve.(*Dissolver).runWorker(0xc034b3a078)
	/home/mariell/go/pkg/mod/github.com/centrifugal/centrifuge@v0.33.3/internal/dissolve/dissolve.go:52 +0x27
created by github.com/centrifugal/centrifuge/internal/dissolve.(*Dissolver).Run in goroutine 4437
	/home/mariell/go/pkg/mod/github.com/centrifugal/centrifuge@v0.33.3/internal/dissolve/dissolve.go:31 +0x25

goroutine 77394 [sync.Cond.Wait]:
sync.runtime_notifyListWait(0xc045ae3d50, 0x3b)
	/usr/lib/go/src/runtime/sema.go:597 +0x159
sync.(*Cond).Wait(0x7f66560?)
	/usr/lib/go/src/sync/cond.go:71 +0x85
github.com/centrifugal/centrifuge/internal/dissolve.(*queueImpl).Wait(0xc045afb420)
	/home/mariell/go/pkg/mod/github.com/centrifugal/centrifuge@v0.33.3/internal/dissolve/queue.go:139 +0x4a
github.com/centrifugal/centrifuge/internal/dissolve.(*Dissolver).runWorker(0xc034b3a078)
	/home/mariell/go/pkg/mod/github.com/centrifugal/centrifuge@v0.33.3/internal/dissolve/dissolve.go:52 +0x27
created by github.com/centrifugal/centrifuge/internal/dissolve.(*Dissolver).Run in goroutine 4437
	/home/mariell/go/pkg/mod/github.com/centrifugal/centrifuge@v0.33.3/internal/dissolve/dissolve.go:31 +0x25

goroutine 77393 [sync.Cond.Wait]:
sync.runtime_notifyListWait(0xc045ae3d50, 0x3a)
	/usr/lib/go/src/runtime/sema.go:597 +0x159
sync.(*Cond).Wait(0x7f66560?)
	/usr/lib/go/src/sync/cond.go:71 +0x85
github.com/centrifugal/centrifuge/internal/dissolve.(*queueImpl).Wait(0xc045afb420)
	/home/mariell/go/pkg/mod/github.com/centrifugal/centrifuge@v0.33.3/internal/dissolve/queue.go:139 +0x4a
github.com/centrifugal/centrifuge/internal/dissolve.(*Dissolver).runWorker(0xc034b3a078)
	/home/mariell/go/pkg/mod/github.com/centrifugal/centrifuge@v0.33.3/internal/dissolve/dissolve.go:52 +0x27
created by github.com/centrifugal/centrifuge/internal/dissolve.(*Dissolver).Run in goroutine 4437
	/home/mariell/go/pkg/mod/github.com/centrifugal/centrifuge@v0.33.3/internal/dissolve/dissolve.go:31 +0x25

goroutine 77392 [sync.Cond.Wait]:
sync.runtime_notifyListWait(0xc045ae3d50, 0x39)
	/usr/lib/go/src/runtime/sema.go:597 +0x159
sync.(*Cond).Wait(0x7f66560?)
	/usr/lib/go/src/sync/cond.go:71 +0x85
github.com/centrifugal/centrifuge/internal/dissolve.(*queueImpl).Wait(0xc045afb420)
	/home/mariell/go/pkg/mod/github.com/centrifugal/centrifuge@v0.33.3/internal/dissolve/queue.go:139 +0x4a
github.com/centrifugal/centrifuge/internal/dissolve.(*Dissolver).runWorker(0xc034b3a078)
	/home/mariell/go/pkg/mod/github.com/centrifugal/centrifuge@v0.33.3/internal/dissolve/dissolve.go:52 +0x27
created by github.com/centrifugal/centrifuge/internal/dissolve.(*Dissolver).Run in goroutine 4437
	/home/mariell/go/pkg/mod/github.com/centrifugal/centrifuge@v0.33.3/internal/dissolve/dissolve.go:31 +0x25

goroutine 77389 [sync.Cond.Wait]:
sync.runtime_notifyListWait(0xc045ae3d50, 0x36)
	/usr/lib/go/src/runtime/sema.go:597 +0x159
sync.(*Cond).Wait(0xc0470bd7d0?)
	/usr/lib/go/src/sync/cond.go:71 +0x85
github.com/centrifugal/centrifuge/internal/dissolve.(*queueImpl).Wait(0xc045afb420)
	/home/mariell/go/pkg/mod/github.com/centrifugal/centrifuge@v0.33.3/internal/dissolve/queue.go:139 +0x4a
github.com/centrifugal/centrifuge/internal/dissolve.(*Dissolver).runWorker(0xc034b3a078)
	/home/mariell/go/pkg/mod/github.com/centrifugal/centrifuge@v0.33.3/internal/dissolve/dissolve.go:52 +0x27
created by github.com/centrifugal/centrifuge/internal/dissolve.(*Dissolver).Run in goroutine 4437
	/home/mariell/go/pkg/mod/github.com/centrifugal/centrifuge@v0.33.3/internal/dissolve/dissolve.go:31 +0x25

goroutine 77383 [sync.Cond.Wait]:
sync.runtime_notifyListWait(0xc045ae3d50, 0x30)
	/usr/lib/go/src/runtime/sema.go:597 +0x159
sync.(*Cond).Wait(0xc046dfb4f0?)
	/usr/lib/go/src/sync/cond.go:71 +0x85
github.com/centrifugal/centrifuge/internal/dissolve.(*queueImpl).Wait(0xc045afb420)
	/home/mariell/go/pkg/mod/github.com/centrifugal/centrifuge@v0.33.3/internal/dissolve/queue.go:139 +0x4a
github.com/centrifugal/centrifuge/internal/dissolve.(*Dissolver).runWorker(0xc034b3a078)
	/home/mariell/go/pkg/mod/github.com/centrifugal/centrifuge@v0.33.3/internal/dissolve/dissolve.go:52 +0x27
created by github.com/centrifugal/centrifuge/internal/dissolve.(*Dissolver).Run in goroutine 4437
	/home/mariell/go/pkg/mod/github.com/centrifugal/centrifuge@v0.33.3/internal/dissolve/dissolve.go:31 +0x25

goroutine 77369 [sync.Cond.Wait]:
sync.runtime_notifyListWait(0xc045ae3d50, 0x6)
	/usr/lib/go/src/runtime/sema.go:597 +0x159
sync.(*Cond).Wait(0x0?)
	/usr/lib/go/src/sync/cond.go:71 +0x85
github.com/centrifugal/centrifuge/internal/dissolve.(*queueImpl).Wait(0xc045afb420)
	/home/mariell/go/pkg/mod/github.com/centrifugal/centrifuge@v0.33.3/internal/dissolve/queue.go:139 +0x4a
github.com/centrifugal/centrifuge/internal/dissolve.(*Dissolver).runWorker(0xc034b3a078)
	/home/mariell/go/pkg/mod/github.com/centrifugal/centrifuge@v0.33.3/internal/dissolve/dissolve.go:52 +0x27
created by github.com/centrifugal/centrifuge/internal/dissolve.(*Dissolver).Run in goroutine 4437
	/home/mariell/go/pkg/mod/github.com/centrifugal/centrifuge@v0.33.3/internal/dissolve/dissolve.go:31 +0x25

goroutine 77367 [sync.Cond.Wait]:
sync.runtime_notifyListWait(0xc045ae3d50, 0x4)
	/usr/lib/go/src/runtime/sema.go:597 +0x159
sync.(*Cond).Wait(0x0?)
	/usr/lib/go/src/sync/cond.go:71 +0x85
github.com/centrifugal/centrifuge/internal/dissolve.(*queueImpl).Wait(0xc045afb420)
	/home/mariell/go/pkg/mod/github.com/centrifugal/centrifuge@v0.33.3/internal/dissolve/queue.go:139 +0x4a
github.com/centrifugal/centrifuge/internal/dissolve.(*Dissolver).runWorker(0xc034b3a078)
	/home/mariell/go/pkg/mod/github.com/centrifugal/centrifuge@v0.33.3/internal/dissolve/dissolve.go:52 +0x27
created by github.com/centrifugal/centrifuge/internal/dissolve.(*Dissolver).Run in goroutine 4437
	/home/mariell/go/pkg/mod/github.com/centrifugal/centrifuge@v0.33.3/internal/dissolve/dissolve.go:31 +0x25

goroutine 77382 [sync.Cond.Wait]:
sync.runtime_notifyListWait(0xc045ae3d50, 0x2f)
	/usr/lib/go/src/runtime/sema.go:597 +0x159
sync.(*Cond).Wait(0x0?)
	/usr/lib/go/src/sync/cond.go:71 +0x85
github.com/centrifugal/centrifuge/internal/dissolve.(*queueImpl).Wait(0xc045afb420)
	/home/mariell/go/pkg/mod/github.com/centrifugal/centrifuge@v0.33.3/internal/dissolve/queue.go:139 +0x4a
github.com/centrifugal/centrifuge/internal/dissolve.(*Dissolver).runWorker(0xc034b3a078)
	/home/mariell/go/pkg/mod/github.com/centrifugal/centrifuge@v0.33.3/internal/dissolve/dissolve.go:52 +0x27
created by github.com/centrifugal/centrifuge/internal/dissolve.(*Dissolver).Run in goroutine 4437
	/home/mariell/go/pkg/mod/github.com/centrifugal/centrifuge@v0.33.3/internal/dissolve/dissolve.go:31 +0x25

goroutine 77070 [select]:
github.com/grafana/grafana/pkg/util/ticker.(*T).run(0xc047f17ef0)
	/home/mariell/work/oss/grafana/pkg/util/ticker/ticker.go:69 +0x3dc
created by github.com/grafana/grafana/pkg/util/ticker.New in goroutine 76309
	/home/mariell/work/oss/grafana/pkg/util/ticker/ticker.go:40 +0x1e6

goroutine 77366 [sync.Cond.Wait]:
sync.runtime_notifyListWait(0xc045ae3d50, 0x3)
	/usr/lib/go/src/runtime/sema.go:597 +0x159
sync.(*Cond).Wait(0x10000c02be617d0?)
	/usr/lib/go/src/sync/cond.go:71 +0x85
github.com/centrifugal/centrifuge/internal/dissolve.(*queueImpl).Wait(0xc045afb420)
	/home/mariell/go/pkg/mod/github.com/centrifugal/centrifuge@v0.33.3/internal/dissolve/queue.go:139 +0x4a
github.com/centrifugal/centrifuge/internal/dissolve.(*Dissolver).runWorker(0xc034b3a078)
	/home/mariell/go/pkg/mod/github.com/centrifugal/centrifuge@v0.33.3/internal/dissolve/dissolve.go:52 +0x27
created by github.com/centrifugal/centrifuge/internal/dissolve.(*Dissolver).Run in goroutine 4437
	/home/mariell/go/pkg/mod/github.com/centrifugal/centrifuge@v0.33.3/internal/dissolve/dissolve.go:31 +0x25

goroutine 77381 [sync.Cond.Wait]:
sync.runtime_notifyListWait(0xc045ae3d50, 0x2e)
	/usr/lib/go/src/runtime/sema.go:597 +0x159
sync.(*Cond).Wait(0x64353239633364?)
	/usr/lib/go/src/sync/cond.go:71 +0x85
github.com/centrifugal/centrifuge/internal/dissolve.(*queueImpl).Wait(0xc045afb420)
	/home/mariell/go/pkg/mod/github.com/centrifugal/centrifuge@v0.33.3/internal/dissolve/queue.go:139 +0x4a
github.com/centrifugal/centrifuge/internal/dissolve.(*Dissolver).runWorker(0xc034b3a078)
	/home/mariell/go/pkg/mod/github.com/centrifugal/centrifuge@v0.33.3/internal/dissolve/dissolve.go:52 +0x27
created by github.com/centrifugal/centrifuge/internal/dissolve.(*Dissolver).Run in goroutine 4437
	/home/mariell/go/pkg/mod/github.com/centrifugal/centrifuge@v0.33.3/internal/dissolve/dissolve.go:31 +0x25

goroutine 77379 [sync.Cond.Wait]:
sync.runtime_notifyListWait(0xc045ae3d50, 0x10)
	/usr/lib/go/src/runtime/sema.go:597 +0x159
sync.(*Cond).Wait(0x0?)
	/usr/lib/go/src/sync/cond.go:71 +0x85
github.com/centrifugal/centrifuge/internal/dissolve.(*queueImpl).Wait(0xc045afb420)
	/home/mariell/go/pkg/mod/github.com/centrifugal/centrifuge@v0.33.3/internal/dissolve/queue.go:139 +0x4a
github.com/centrifugal/centrifuge/internal/dissolve.(*Dissolver).runWorker(0xc034b3a078)
	/home/mariell/go/pkg/mod/github.com/centrifugal/centrifuge@v0.33.3/internal/dissolve/dissolve.go:52 +0x27
created by github.com/centrifugal/centrifuge/internal/dissolve.(*Dissolver).Run in goroutine 4437
	/home/mariell/go/pkg/mod/github.com/centrifugal/centrifuge@v0.33.3/internal/dissolve/dissolve.go:31 +0x25

goroutine 77804 [select]:
github.com/patrickmn/go-cache.(*janitor).Run(0xc0490ab340, 0xc0490ce540)
	/home/mariell/go/pkg/mod/github.com/patrickmn/go-cache@v2.1.0+incompatible/cache.go:1079 +0x7b
created by github.com/patrickmn/go-cache.runJanitor in goroutine 56145
	/home/mariell/go/pkg/mod/github.com/patrickmn/go-cache@v2.1.0+incompatible/cache.go:1099 +0xdb

goroutine 76375 [chan receive]:
net/http.(*persistConn).addTLS(0xc02a302000, {0xa9d1d00, 0xc0470fd5e0}, {0xc0472e8270, 0xb}, 0xc0472ec300)
	/usr/lib/go/src/net/http/transport.go:1709 +0x327
net/http.(*Transport).dialConn(0xc046c0e4e0, {0xa9d1d00, 0xc0470fd5e0}, {{}, 0x0, {0x96bc797, 0x5}, {0xc0472e8270, 0xf}, 0x0})
	/usr/lib/go/src/net/http/transport.go:1790 +0x99c
net/http.(*Transport).dialConnFor(0xc046c0e4e0, 0xc046dfc580)
	/usr/lib/go/src/net/http/transport.go:1615 +0xb8
net/http.(*Transport).startDialConnForLocked.func1()
	/usr/lib/go/src/net/http/transport.go:1597 +0x35
created by net/http.(*Transport).startDialConnForLocked in goroutine 76276
	/usr/lib/go/src/net/http/transport.go:1596 +0x112

goroutine 76378 [chan receive]:
net/http.(*persistConn).addTLS(0xc02a302240, {0xa9d1d00, 0xc0470fd810}, {0xc0472e82e0, 0xb}, 0xc0472ec600)
	/usr/lib/go/src/net/http/transport.go:1709 +0x327
net/http.(*Transport).dialConn(0xc046c0e680, {0xa9d1d00, 0xc0470fd810}, {{}, 0x0, {0xc02bf54730, 0x5}, {0xc0472e82e0, 0xf}, 0x0})
	/usr/lib/go/src/net/http/transport.go:1790 +0x99c
net/http.(*Transport).dialConnFor(0xc046c0e680, 0xc046dfc630)
	/usr/lib/go/src/net/http/transport.go:1615 +0xb8
net/http.(*Transport).startDialConnForLocked.func1()
	/usr/lib/go/src/net/http/transport.go:1597 +0x35
created by net/http.(*Transport).startDialConnForLocked in goroutine 76277
	/usr/lib/go/src/net/http/transport.go:1596 +0x112

goroutine 76906 [select]:
github.com/patrickmn/go-cache.(*janitor).Run(0xc047a80af0, 0xc047a98200)
	/home/mariell/go/pkg/mod/github.com/patrickmn/go-cache@v2.1.0+incompatible/cache.go:1079 +0x7b
created by github.com/patrickmn/go-cache.runJanitor in goroutine 56143
	/home/mariell/go/pkg/mod/github.com/patrickmn/go-cache@v2.1.0+incompatible/cache.go:1099 +0xdb

goroutine 76395 [sync.Cond.Wait]:
sync.runtime_notifyListWait(0xc045376a50, 0x2b)
	/usr/lib/go/src/runtime/sema.go:597 +0x159
sync.(*Cond).Wait(0x0?)
	/usr/lib/go/src/sync/cond.go:71 +0x85
github.com/centrifugal/centrifuge/internal/dissolve.(*queueImpl).Wait(0xc0425a5ce0)
	/home/mariell/go/pkg/mod/github.com/centrifugal/centrifuge@v0.33.3/internal/dissolve/queue.go:139 +0x4a
github.com/centrifugal/centrifuge/internal/dissolve.(*Dissolver).runWorker(0xc0272822a0)
	/home/mariell/go/pkg/mod/github.com/centrifugal/centrifuge@v0.33.3/internal/dissolve/dissolve.go:52 +0x27
created by github.com/centrifugal/centrifuge/internal/dissolve.(*Dissolver).Run in goroutine 3349
	/home/mariell/go/pkg/mod/github.com/centrifugal/centrifuge@v0.33.3/internal/dissolve/dissolve.go:31 +0x25

goroutine 76396 [sync.Cond.Wait]:
sync.runtime_notifyListWait(0xc045376a50, 0x2c)
	/usr/lib/go/src/runtime/sema.go:597 +0x159
sync.(*Cond).Wait(0x0?)
	/usr/lib/go/src/sync/cond.go:71 +0x85
github.com/centrifugal/centrifuge/internal/dissolve.(*queueImpl).Wait(0xc0425a5ce0)
	/home/mariell/go/pkg/mod/github.com/centrifugal/centrifuge@v0.33.3/internal/dissolve/queue.go:139 +0x4a
github.com/centrifugal/centrifuge/internal/dissolve.(*Dissolver).runWorker(0xc0272822a0)
	/home/mariell/go/pkg/mod/github.com/centrifugal/centrifuge@v0.33.3/internal/dissolve/dissolve.go:52 +0x27
created by github.com/centrifugal/centrifuge/internal/dissolve.(*Dissolver).Run in goroutine 3349
	/home/mariell/go/pkg/mod/github.com/centrifugal/centrifuge@v0.33.3/internal/dissolve/dissolve.go:31 +0x25

goroutine 76397 [sync.Cond.Wait]:
sync.runtime_notifyListWait(0xc045376a50, 0x2d)
	/usr/lib/go/src/runtime/sema.go:597 +0x159
sync.(*Cond).Wait(0x0?)
	/usr/lib/go/src/sync/cond.go:71 +0x85
github.com/centrifugal/centrifuge/internal/dissolve.(*queueImpl).Wait(0xc0425a5ce0)
	/home/mariell/go/pkg/mod/github.com/centrifugal/centrifuge@v0.33.3/internal/dissolve/queue.go:139 +0x4a
github.com/centrifugal/centrifuge/internal/dissolve.(*Dissolver).runWorker(0xc0272822a0)
	/home/mariell/go/pkg/mod/github.com/centrifugal/centrifuge@v0.33.3/internal/dissolve/dissolve.go:52 +0x27
created by github.com/centrifugal/centrifuge/internal/dissolve.(*Dissolver).Run in goroutine 3349
	/home/mariell/go/pkg/mod/github.com/centrifugal/centrifuge@v0.33.3/internal/dissolve/dissolve.go:31 +0x25

goroutine 76398 [sync.Cond.Wait]:
sync.runtime_notifyListWait(0xc045376a50, 0x2e)
	/usr/lib/go/src/runtime/sema.go:597 +0x159
sync.(*Cond).Wait(0x6262633230363131?)
	/usr/lib/go/src/sync/cond.go:71 +0x85
github.com/centrifugal/centrifuge/internal/dissolve.(*queueImpl).Wait(0xc0425a5ce0)
	/home/mariell/go/pkg/mod/github.com/centrifugal/centrifuge@v0.33.3/internal/dissolve/queue.go:139 +0x4a
github.com/centrifugal/centrifuge/internal/dissolve.(*Dissolver).runWorker(0xc0272822a0)
	/home/mariell/go/pkg/mod/github.com/centrifugal/centrifuge@v0.33.3/internal/dissolve/dissolve.go:52 +0x27
created by github.com/centrifugal/centrifuge/internal/dissolve.(*Dissolver).Run in goroutine 3349
	/home/mariell/go/pkg/mod/github.com/centrifugal/centrifuge@v0.33.3/internal/dissolve/dissolve.go:31 +0x25

goroutine 76399 [sync.Cond.Wait]:
sync.runtime_notifyListWait(0xc045376a50, 0x2f)
	/usr/lib/go/src/runtime/sema.go:597 +0x159
sync.(*Cond).Wait(0x6262633230363131?)
	/usr/lib/go/src/sync/cond.go:71 +0x85
github.com/centrifugal/centrifuge/internal/dissolve.(*queueImpl).Wait(0xc0425a5ce0)
	/home/mariell/go/pkg/mod/github.com/centrifugal/centrifuge@v0.33.3/internal/dissolve/queue.go:139 +0x4a
github.com/centrifugal/centrifuge/internal/dissolve.(*Dissolver).runWorker(0xc0272822a0)
	/home/mariell/go/pkg/mod/github.com/centrifugal/centrifuge@v0.33.3/internal/dissolve/dissolve.go:52 +0x27
created by github.com/centrifugal/centrifuge/internal/dissolve.(*Dissolver).Run in goroutine 3349
	/home/mariell/go/pkg/mod/github.com/centrifugal/centrifuge@v0.33.3/internal/dissolve/dissolve.go:31 +0x25

goroutine 76400 [sync.Cond.Wait]:
sync.runtime_notifyListWait(0xc045376a50, 0x30)
	/usr/lib/go/src/runtime/sema.go:597 +0x159
sync.(*Cond).Wait(0x0?)
	/usr/lib/go/src/sync/cond.go:71 +0x85
github.com/centrifugal/centrifuge/internal/dissolve.(*queueImpl).Wait(0xc0425a5ce0)
	/home/mariell/go/pkg/mod/github.com/centrifugal/centrifuge@v0.33.3/internal/dissolve/queue.go:139 +0x4a
github.com/centrifugal/centrifuge/internal/dissolve.(*Dissolver).runWorker(0xc0272822a0)
	/home/mariell/go/pkg/mod/github.com/centrifugal/centrifuge@v0.33.3/internal/dissolve/dissolve.go:52 +0x27
created by github.com/centrifugal/centrifuge/internal/dissolve.(*Dissolver).Run in goroutine 3349
	/home/mariell/go/pkg/mod/github.com/centrifugal/centrifuge@v0.33.3/internal/dissolve/dissolve.go:31 +0x25

goroutine 76401 [sync.Cond.Wait]:
sync.runtime_notifyListWait(0xc045376a50, 0x31)
	/usr/lib/go/src/runtime/sema.go:597 +0x159
sync.(*Cond).Wait(0x544f4e2052454745?)
	/usr/lib/go/src/sync/cond.go:71 +0x85
github.com/centrifugal/centrifuge/internal/dissolve.(*queueImpl).Wait(0xc0425a5ce0)
	/home/mariell/go/pkg/mod/github.com/centrifugal/centrifuge@v0.33.3/internal/dissolve/queue.go:139 +0x4a
github.com/centrifugal/centrifuge/internal/dissolve.(*Dissolver).runWorker(0xc0272822a0)
	/home/mariell/go/pkg/mod/github.com/centrifugal/centrifuge@v0.33.3/internal/dissolve/dissolve.go:52 +0x27
created by github.com/centrifugal/centrifuge/internal/dissolve.(*Dissolver).Run in goroutine 3349
	/home/mariell/go/pkg/mod/github.com/centrifugal/centrifuge@v0.33.3/internal/dissolve/dissolve.go:31 +0x25

goroutine 76402 [sync.Cond.Wait]:
sync.runtime_notifyListWait(0xc045376a50, 0x32)
	/usr/lib/go/src/runtime/sema.go:597 +0x159
sync.(*Cond).Wait(0x45544e4920606469?)
	/usr/lib/go/src/sync/cond.go:71 +0x85
github.com/centrifugal/centrifuge/internal/dissolve.(*queueImpl).Wait(0xc0425a5ce0)
	/home/mariell/go/pkg/mod/github.com/centrifugal/centrifuge@v0.33.3/internal/dissolve/queue.go:139 +0x4a
github.com/centrifugal/centrifuge/internal/dissolve.(*Dissolver).runWorker(0xc0272822a0)
	/home/mariell/go/pkg/mod/github.com/centrifugal/centrifuge@v0.33.3/internal/dissolve/dissolve.go:52 +0x27
created by github.com/centrifugal/centrifuge/internal/dissolve.(*Dissolver).Run in goroutine 3349
	/home/mariell/go/pkg/mod/github.com/centrifugal/centrifuge@v0.33.3/internal/dissolve/dissolve.go:31 +0x25

goroutine 76403 [sync.Cond.Wait]:
sync.runtime_notifyListWait(0xc045376a50, 0x33)
	/usr/lib/go/src/runtime/sema.go:597 +0x159
sync.(*Cond).Wait(0x756c70222c226469?)
	/usr/lib/go/src/sync/cond.go:71 +0x85
github.com/centrifugal/centrifuge/internal/dissolve.(*queueImpl).Wait(0xc0425a5ce0)
	/home/mariell/go/pkg/mod/github.com/centrifugal/centrifuge@v0.33.3/internal/dissolve/queue.go:139 +0x4a
github.com/centrifugal/centrifuge/internal/dissolve.(*Dissolver).runWorker(0xc0272822a0)
	/home/mariell/go/pkg/mod/github.com/centrifugal/centrifuge@v0.33.3/internal/dissolve/dissolve.go:52 +0x27
created by github.com/centrifugal/centrifuge/internal/dissolve.(*Dissolver).Run in goroutine 3349
	/home/mariell/go/pkg/mod/github.com/centrifugal/centrifuge@v0.33.3/internal/dissolve/dissolve.go:31 +0x25

goroutine 76404 [sync.Cond.Wait]:
sync.runtime_notifyListWait(0xc045376a50, 0x34)
	/usr/lib/go/src/runtime/sema.go:597 +0x159
sync.(*Cond).Wait(0xa92d690?)
	/usr/lib/go/src/sync/cond.go:71 +0x85
github.com/centrifugal/centrifuge/internal/dissolve.(*queueImpl).Wait(0xc0425a5ce0)
	/home/mariell/go/pkg/mod/github.com/centrifugal/centrifuge@v0.33.3/internal/dissolve/queue.go:139 +0x4a
github.com/centrifugal/centrifuge/internal/dissolve.(*Dissolver).runWorker(0xc0272822a0)
	/home/mariell/go/pkg/mod/github.com/centrifugal/centrifuge@v0.33.3/internal/dissolve/dissolve.go:52 +0x27
created by github.com/centrifugal/centrifuge/internal/dissolve.(*Dissolver).Run in goroutine 3349
	/home/mariell/go/pkg/mod/github.com/centrifugal/centrifuge@v0.33.3/internal/dissolve/dissolve.go:31 +0x25

goroutine 76405 [sync.Cond.Wait]:
sync.runtime_notifyListWait(0xc045376a50, 0x35)
	/usr/lib/go/src/runtime/sema.go:597 +0x159
sync.(*Cond).Wait(0xa92d690?)
	/usr/lib/go/src/sync/cond.go:71 +0x85
github.com/centrifugal/centrifuge/internal/dissolve.(*queueImpl).Wait(0xc0425a5ce0)
	/home/mariell/go/pkg/mod/github.com/centrifugal/centrifuge@v0.33.3/internal/dissolve/queue.go:139 +0x4a
github.com/centrifugal/centrifuge/internal/dissolve.(*Dissolver).runWorker(0xc0272822a0)
	/home/mariell/go/pkg/mod/github.com/centrifugal/centrifuge@v0.33.3/internal/dissolve/dissolve.go:52 +0x27
created by github.com/centrifugal/centrifuge/internal/dissolve.(*Dissolver).Run in goroutine 3349
	/home/mariell/go/pkg/mod/github.com/centrifugal/centrifuge@v0.33.3/internal/dissolve/dissolve.go:31 +0x25

goroutine 76406 [sync.Cond.Wait]:
sync.runtime_notifyListWait(0xc045376a50, 0x36)
	/usr/lib/go/src/runtime/sema.go:597 +0x159
sync.(*Cond).Wait(0x0?)
	/usr/lib/go/src/sync/cond.go:71 +0x85
github.com/centrifugal/centrifuge/internal/dissolve.(*queueImpl).Wait(0xc0425a5ce0)
	/home/mariell/go/pkg/mod/github.com/centrifugal/centrifuge@v0.33.3/internal/dissolve/queue.go:139 +0x4a
github.com/centrifugal/centrifuge/internal/dissolve.(*Dissolver).runWorker(0xc0272822a0)
	/home/mariell/go/pkg/mod/github.com/centrifugal/centrifuge@v0.33.3/internal/dissolve/dissolve.go:52 +0x27
created by github.com/centrifugal/centrifuge/internal/dissolve.(*Dissolver).Run in goroutine 3349
	/home/mariell/go/pkg/mod/github.com/centrifugal/centrifuge@v0.33.3/internal/dissolve/dissolve.go:31 +0x25

goroutine 76407 [sync.Cond.Wait]:
sync.runtime_notifyListWait(0xc045376a50, 0x37)
	/usr/lib/go/src/runtime/sema.go:597 +0x159
sync.(*Cond).Wait(0x0?)
	/usr/lib/go/src/sync/cond.go:71 +0x85
github.com/centrifugal/centrifuge/internal/dissolve.(*queueImpl).Wait(0xc0425a5ce0)
	/home/mariell/go/pkg/mod/github.com/centrifugal/centrifuge@v0.33.3/internal/dissolve/queue.go:139 +0x4a
github.com/centrifugal/centrifuge/internal/dissolve.(*Dissolver).runWorker(0xc0272822a0)
	/home/mariell/go/pkg/mod/github.com/centrifugal/centrifuge@v0.33.3/internal/dissolve/dissolve.go:52 +0x27
created by github.com/centrifugal/centrifuge/internal/dissolve.(*Dissolver).Run in goroutine 3349
	/home/mariell/go/pkg/mod/github.com/centrifugal/centrifuge@v0.33.3/internal/dissolve/dissolve.go:31 +0x25

goroutine 76408 [sync.Cond.Wait]:
sync.runtime_notifyListWait(0xc045376a50, 0x38)
	/usr/lib/go/src/runtime/sema.go:597 +0x159
sync.(*Cond).Wait(0x0?)
	/usr/lib/go/src/sync/cond.go:71 +0x85
github.com/centrifugal/centrifuge/internal/dissolve.(*queueImpl).Wait(0xc0425a5ce0)
	/home/mariell/go/pkg/mod/github.com/centrifugal/centrifuge@v0.33.3/internal/dissolve/queue.go:139 +0x4a
github.com/centrifugal/centrifuge/internal/dissolve.(*Dissolver).runWorker(0xc0272822a0)
	/home/mariell/go/pkg/mod/github.com/centrifugal/centrifuge@v0.33.3/internal/dissolve/dissolve.go:52 +0x27
created by github.com/centrifugal/centrifuge/internal/dissolve.(*Dissolver).Run in goroutine 3349
	/home/mariell/go/pkg/mod/github.com/centrifugal/centrifuge@v0.33.3/internal/dissolve/dissolve.go:31 +0x25

goroutine 76409 [sync.Cond.Wait]:
sync.runtime_notifyListWait(0xc045376a50, 0x39)
	/usr/lib/go/src/runtime/sema.go:597 +0x159
sync.(*Cond).Wait(0x0?)
	/usr/lib/go/src/sync/cond.go:71 +0x85
github.com/centrifugal/centrifuge/internal/dissolve.(*queueImpl).Wait(0xc0425a5ce0)
	/home/mariell/go/pkg/mod/github.com/centrifugal/centrifuge@v0.33.3/internal/dissolve/queue.go:139 +0x4a
github.com/centrifugal/centrifuge/internal/dissolve.(*Dissolver).runWorker(0xc0272822a0)
	/home/mariell/go/pkg/mod/github.com/centrifugal/centrifuge@v0.33.3/internal/dissolve/dissolve.go:52 +0x27
created by github.com/centrifugal/centrifuge/internal/dissolve.(*Dissolver).Run in goroutine 3349
	/home/mariell/go/pkg/mod/github.com/centrifugal/centrifuge@v0.33.3/internal/dissolve/dissolve.go:31 +0x25

goroutine 76410 [sync.Cond.Wait]:
sync.runtime_notifyListWait(0xc045376a50, 0x3a)
	/usr/lib/go/src/runtime/sema.go:597 +0x159
sync.(*Cond).Wait(0x0?)
	/usr/lib/go/src/sync/cond.go:71 +0x85
github.com/centrifugal/centrifuge/internal/dissolve.(*queueImpl).Wait(0xc0425a5ce0)
	/home/mariell/go/pkg/mod/github.com/centrifugal/centrifuge@v0.33.3/internal/dissolve/queue.go:139 +0x4a
github.com/centrifugal/centrifuge/internal/dissolve.(*Dissolver).runWorker(0xc0272822a0)
	/home/mariell/go/pkg/mod/github.com/centrifugal/centrifuge@v0.33.3/internal/dissolve/dissolve.go:52 +0x27
created by github.com/centrifugal/centrifuge/internal/dissolve.(*Dissolver).Run in goroutine 3349
	/home/mariell/go/pkg/mod/github.com/centrifugal/centrifuge@v0.33.3/internal/dissolve/dissolve.go:31 +0x25

goroutine 76411 [sync.Cond.Wait]:
sync.runtime_notifyListWait(0xc045376a50, 0x3b)
	/usr/lib/go/src/runtime/sema.go:597 +0x159
sync.(*Cond).Wait(0x0?)
	/usr/lib/go/src/sync/cond.go:71 +0x85
github.com/centrifugal/centrifuge/internal/dissolve.(*queueImpl).Wait(0xc0425a5ce0)
	/home/mariell/go/pkg/mod/github.com/centrifugal/centrifuge@v0.33.3/internal/dissolve/queue.go:139 +0x4a
github.com/centrifugal/centrifuge/internal/dissolve.(*Dissolver).runWorker(0xc0272822a0)
	/home/mariell/go/pkg/mod/github.com/centrifugal/centrifuge@v0.33.3/internal/dissolve/dissolve.go:52 +0x27
created by github.com/centrifugal/centrifuge/internal/dissolve.(*Dissolver).Run in goroutine 3349
	/home/mariell/go/pkg/mod/github.com/centrifugal/centrifuge@v0.33.3/internal/dissolve/dissolve.go:31 +0x25

goroutine 76412 [sync.Cond.Wait]:
sync.runtime_notifyListWait(0xc045376a50, 0x3c)
	/usr/lib/go/src/runtime/sema.go:597 +0x159
sync.(*Cond).Wait(0x3739313433626335?)
	/usr/lib/go/src/sync/cond.go:71 +0x85
github.com/centrifugal/centrifuge/internal/dissolve.(*queueImpl).Wait(0xc0425a5ce0)
	/home/mariell/go/pkg/mod/github.com/centrifugal/centrifuge@v0.33.3/internal/dissolve/queue.go:139 +0x4a
github.com/centrifugal/centrifuge/internal/dissolve.(*Dissolver).runWorker(0xc0272822a0)
	/home/mariell/go/pkg/mod/github.com/centrifugal/centrifuge@v0.33.3/internal/dissolve/dissolve.go:52 +0x27
created by github.com/centrifugal/centrifuge/internal/dissolve.(*Dissolver).Run in goroutine 3349
	/home/mariell/go/pkg/mod/github.com/centrifugal/centrifuge@v0.33.3/internal/dissolve/dissolve.go:31 +0x25

goroutine 76413 [sync.Cond.Wait]:
sync.runtime_notifyListWait(0xc045376a50, 0x3d)
	/usr/lib/go/src/runtime/sema.go:597 +0x159
sync.(*Cond).Wait(0x544e49206064695f?)
	/usr/lib/go/src/sync/cond.go:71 +0x85
github.com/centrifugal/centrifuge/internal/dissolve.(*queueImpl).Wait(0xc0425a5ce0)
	/home/mariell/go/pkg/mod/github.com/centrifugal/centrifuge@v0.33.3/internal/dissolve/queue.go:139 +0x4a
github.com/centrifugal/centrifuge/internal/dissolve.(*Dissolver).runWorker(0xc0272822a0)
	/home/mariell/go/pkg/mod/github.com/centrifugal/centrifuge@v0.33.3/internal/dissolve/dissolve.go:52 +0x27
created by github.com/centrifugal/centrifuge/internal/dissolve.(*Dissolver).Run in goroutine 3349
	/home/mariell/go/pkg/mod/github.com/centrifugal/centrifuge@v0.33.3/internal/dissolve/dissolve.go:31 +0x25

goroutine 76414 [sync.Cond.Wait]:
sync.runtime_notifyListWait(0xc045376a50, 0x3e)
	/usr/lib/go/src/runtime/sema.go:597 +0x159
sync.(*Cond).Wait(0xa92d690?)
	/usr/lib/go/src/sync/cond.go:71 +0x85
github.com/centrifugal/centrifuge/internal/dissolve.(*queueImpl).Wait(0xc0425a5ce0)
	/home/mariell/go/pkg/mod/github.com/centrifugal/centrifuge@v0.33.3/internal/dissolve/queue.go:139 +0x4a
github.com/centrifugal/centrifuge/internal/dissolve.(*Dissolver).runWorker(0xc0272822a0)
	/home/mariell/go/pkg/mod/github.com/centrifugal/centrifuge@v0.33.3/internal/dissolve/dissolve.go:52 +0x27
created by github.com/centrifugal/centrifuge/internal/dissolve.(*Dissolver).Run in goroutine 3349
	/home/mariell/go/pkg/mod/github.com/centrifugal/centrifuge@v0.33.3/internal/dissolve/dissolve.go:31 +0x25

goroutine 76415 [sync.Cond.Wait]:
sync.runtime_notifyListWait(0xc045376a50, 0x3f)
	/usr/lib/go/src/runtime/sema.go:597 +0x159
sync.(*Cond).Wait(0xaaaaaaaaaaaaaaaa?)
	/usr/lib/go/src/sync/cond.go:71 +0x85
github.com/centrifugal/centrifuge/internal/dissolve.(*queueImpl).Wait(0xc0425a5ce0)
	/home/mariell/go/pkg/mod/github.com/centrifugal/centrifuge@v0.33.3/internal/dissolve/queue.go:139 +0x4a
github.com/centrifugal/centrifuge/internal/dissolve.(*Dissolver).runWorker(0xc0272822a0)
	/home/mariell/go/pkg/mod/github.com/centrifugal/centrifuge@v0.33.3/internal/dissolve/dissolve.go:52 +0x27
created by github.com/centrifugal/centrifuge/internal/dissolve.(*Dissolver).Run in goroutine 3349
	/home/mariell/go/pkg/mod/github.com/centrifugal/centrifuge@v0.33.3/internal/dissolve/dissolve.go:31 +0x25

goroutine 76416 [sync.Cond.Wait]:
sync.runtime_notifyListWait(0xc045376a50, 0x0)
	/usr/lib/go/src/runtime/sema.go:597 +0x159
sync.(*Cond).Wait(0x7f66560?)
	/usr/lib/go/src/sync/cond.go:71 +0x85
github.com/centrifugal/centrifuge/internal/dissolve.(*queueImpl).Wait(0xc0425a5ce0)
	/home/mariell/go/pkg/mod/github.com/centrifugal/centrifuge@v0.33.3/internal/dissolve/queue.go:139 +0x4a
github.com/centrifugal/centrifuge/internal/dissolve.(*Dissolver).runWorker(0xc0272822a0)
	/home/mariell/go/pkg/mod/github.com/centrifugal/centrifuge@v0.33.3/internal/dissolve/dissolve.go:52 +0x27
created by github.com/centrifugal/centrifuge/internal/dissolve.(*Dissolver).Run in goroutine 3349
	/home/mariell/go/pkg/mod/github.com/centrifugal/centrifuge@v0.33.3/internal/dissolve/dissolve.go:31 +0x25

goroutine 76417 [sync.Cond.Wait]:
sync.runtime_notifyListWait(0xc045376a50, 0x2)
	/usr/lib/go/src/runtime/sema.go:597 +0x159
sync.(*Cond).Wait(0x7f66560?)
	/usr/lib/go/src/sync/cond.go:71 +0x85
github.com/centrifugal/centrifuge/internal/dissolve.(*queueImpl).Wait(0xc0425a5ce0)
	/home/mariell/go/pkg/mod/github.com/centrifugal/centrifuge@v0.33.3/internal/dissolve/queue.go:139 +0x4a
github.com/centrifugal/centrifuge/internal/dissolve.(*Dissolver).runWorker(0xc0272822a0)
	/home/mariell/go/pkg/mod/github.com/centrifugal/centrifuge@v0.33.3/internal/dissolve/dissolve.go:52 +0x27
created by github.com/centrifugal/centrifuge/internal/dissolve.(*Dissolver).Run in goroutine 3349
	/home/mariell/go/pkg/mod/github.com/centrifugal/centrifuge@v0.33.3/internal/dissolve/dissolve.go:31 +0x25

goroutine 76418 [sync.Cond.Wait]:
sync.runtime_notifyListWait(0xc045376a50, 0x3)
	/usr/lib/go/src/runtime/sema.go:597 +0x159
sync.(*Cond).Wait(0x7f66560?)
	/usr/lib/go/src/sync/cond.go:71 +0x85
github.com/centrifugal/centrifuge/internal/dissolve.(*queueImpl).Wait(0xc0425a5ce0)
	/home/mariell/go/pkg/mod/github.com/centrifugal/centrifuge@v0.33.3/internal/dissolve/queue.go:139 +0x4a
github.com/centrifugal/centrifuge/internal/dissolve.(*Dissolver).runWorker(0xc0272822a0)
	/home/mariell/go/pkg/mod/github.com/centrifugal/centrifuge@v0.33.3/internal/dissolve/dissolve.go:52 +0x27
created by github.com/centrifugal/centrifuge/internal/dissolve.(*Dissolver).Run in goroutine 3349
	/home/mariell/go/pkg/mod/github.com/centrifugal/centrifuge@v0.33.3/internal/dissolve/dissolve.go:31 +0x25

goroutine 76419 [sync.Cond.Wait]:
sync.runtime_notifyListWait(0xc045376a50, 0x4)
	/usr/lib/go/src/runtime/sema.go:597 +0x159
sync.(*Cond).Wait(0x0?)
	/usr/lib/go/src/sync/cond.go:71 +0x85
github.com/centrifugal/centrifuge/internal/dissolve.(*queueImpl).Wait(0xc0425a5ce0)
	/home/mariell/go/pkg/mod/github.com/centrifugal/centrifuge@v0.33.3/internal/dissolve/queue.go:139 +0x4a
github.com/centrifugal/centrifuge/internal/dissolve.(*Dissolver).runWorker(0xc0272822a0)
	/home/mariell/go/pkg/mod/github.com/centrifugal/centrifuge@v0.33.3/internal/dissolve/dissolve.go:52 +0x27
created by github.com/centrifugal/centrifuge/internal/dissolve.(*Dissolver).Run in goroutine 3349
	/home/mariell/go/pkg/mod/github.com/centrifugal/centrifuge@v0.33.3/internal/dissolve/dissolve.go:31 +0x25

goroutine 76420 [sync.Cond.Wait]:
sync.runtime_notifyListWait(0xc045376a50, 0x5)
	/usr/lib/go/src/runtime/sema.go:597 +0x159
sync.(*Cond).Wait(0x7f66560?)
	/usr/lib/go/src/sync/cond.go:71 +0x85
github.com/centrifugal/centrifuge/internal/dissolve.(*queueImpl).Wait(0xc0425a5ce0)
	/home/mariell/go/pkg/mod/github.com/centrifugal/centrifuge@v0.33.3/internal/dissolve/queue.go:139 +0x4a
github.com/centrifugal/centrifuge/internal/dissolve.(*Dissolver).runWorker(0xc0272822a0)
	/home/mariell/go/pkg/mod/github.com/centrifugal/centrifuge@v0.33.3/internal/dissolve/dissolve.go:52 +0x27
created by github.com/centrifugal/centrifuge/internal/dissolve.(*Dissolver).Run in goroutine 3349
	/home/mariell/go/pkg/mod/github.com/centrifugal/centrifuge@v0.33.3/internal/dissolve/dissolve.go:31 +0x25

goroutine 76421 [sync.Cond.Wait]:
sync.runtime_notifyListWait(0xc045376a50, 0x6)
	/usr/lib/go/src/runtime/sema.go:597 +0x159
sync.(*Cond).Wait(0x0?)
	/usr/lib/go/src/sync/cond.go:71 +0x85
github.com/centrifugal/centrifuge/internal/dissolve.(*queueImpl).Wait(0xc0425a5ce0)
	/home/mariell/go/pkg/mod/github.com/centrifugal/centrifuge@v0.33.3/internal/dissolve/queue.go:139 +0x4a
github.com/centrifugal/centrifuge/internal/dissolve.(*Dissolver).runWorker(0xc0272822a0)
	/home/mariell/go/pkg/mod/github.com/centrifugal/centrifuge@v0.33.3/internal/dissolve/dissolve.go:52 +0x27
created by github.com/centrifugal/centrifuge/internal/dissolve.(*Dissolver).Run in goroutine 3349
	/home/mariell/go/pkg/mod/github.com/centrifugal/centrifuge@v0.33.3/internal/dissolve/dissolve.go:31 +0x25

goroutine 76422 [sync.Cond.Wait]:
sync.runtime_notifyListWait(0xc045376a50, 0x7)
	/usr/lib/go/src/runtime/sema.go:597 +0x159
sync.(*Cond).Wait(0x7f66560?)
	/usr/lib/go/src/sync/cond.go:71 +0x85
github.com/centrifugal/centrifuge/internal/dissolve.(*queueImpl).Wait(0xc0425a5ce0)
	/home/mariell/go/pkg/mod/github.com/centrifugal/centrifuge@v0.33.3/internal/dissolve/queue.go:139 +0x4a
github.com/centrifugal/centrifuge/internal/dissolve.(*Dissolver).runWorker(0xc0272822a0)
	/home/mariell/go/pkg/mod/github.com/centrifugal/centrifuge@v0.33.3/internal/dissolve/dissolve.go:52 +0x27
created by github.com/centrifugal/centrifuge/internal/dissolve.(*Dissolver).Run in goroutine 3349
	/home/mariell/go/pkg/mod/github.com/centrifugal/centrifuge@v0.33.3/internal/dissolve/dissolve.go:31 +0x25

goroutine 76423 [sync.Cond.Wait]:
sync.runtime_notifyListWait(0xc045376a50, 0x8)
	/usr/lib/go/src/runtime/sema.go:597 +0x159
sync.(*Cond).Wait(0x0?)
	/usr/lib/go/src/sync/cond.go:71 +0x85
github.com/centrifugal/centrifuge/internal/dissolve.(*queueImpl).Wait(0xc0425a5ce0)
	/home/mariell/go/pkg/mod/github.com/centrifugal/centrifuge@v0.33.3/internal/dissolve/queue.go:139 +0x4a
github.com/centrifugal/centrifuge/internal/dissolve.(*Dissolver).runWorker(0xc0272822a0)
	/home/mariell/go/pkg/mod/github.com/centrifugal/centrifuge@v0.33.3/internal/dissolve/dissolve.go:52 +0x27
created by github.com/centrifugal/centrifuge/internal/dissolve.(*Dissolver).Run in goroutine 3349
	/home/mariell/go/pkg/mod/github.com/centrifugal/centrifuge@v0.33.3/internal/dissolve/dissolve.go:31 +0x25

goroutine 76424 [sync.Cond.Wait]:
sync.runtime_notifyListWait(0xc045376a50, 0x9)
	/usr/lib/go/src/runtime/sema.go:597 +0x159
sync.(*Cond).Wait(0x7f66560?)
	/usr/lib/go/src/sync/cond.go:71 +0x85
github.com/centrifugal/centrifuge/internal/dissolve.(*queueImpl).Wait(0xc0425a5ce0)
	/home/mariell/go/pkg/mod/github.com/centrifugal/centrifuge@v0.33.3/internal/dissolve/queue.go:139 +0x4a
github.com/centrifugal/centrifuge/internal/dissolve.(*Dissolver).runWorker(0xc0272822a0)
	/home/mariell/go/pkg/mod/github.com/centrifugal/centrifuge@v0.33.3/internal/dissolve/dissolve.go:52 +0x27
created by github.com/centrifugal/centrifuge/internal/dissolve.(*Dissolver).Run in goroutine 3349
	/home/mariell/go/pkg/mod/github.com/centrifugal/centrifuge@v0.33.3/internal/dissolve/dissolve.go:31 +0x25

goroutine 76425 [sync.Cond.Wait]:
sync.runtime_notifyListWait(0xc045376a50, 0xa)
	/usr/lib/go/src/runtime/sema.go:597 +0x159
sync.(*Cond).Wait(0x0?)
	/usr/lib/go/src/sync/cond.go:71 +0x85
github.com/centrifugal/centrifuge/internal/dissolve.(*queueImpl).Wait(0xc0425a5ce0)
	/home/mariell/go/pkg/mod/github.com/centrifugal/centrifuge@v0.33.3/internal/dissolve/queue.go:139 +0x4a
github.com/centrifugal/centrifuge/internal/dissolve.(*Dissolver).runWorker(0xc0272822a0)
	/home/mariell/go/pkg/mod/github.com/centrifugal/centrifuge@v0.33.3/internal/dissolve/dissolve.go:52 +0x27
created by github.com/centrifugal/centrifuge/internal/dissolve.(*Dissolver).Run in goroutine 3349
	/home/mariell/go/pkg/mod/github.com/centrifugal/centrifuge@v0.33.3/internal/dissolve/dissolve.go:31 +0x25

goroutine 76426 [sync.Cond.Wait]:
sync.runtime_notifyListWait(0xc045376a50, 0xb)
	/usr/lib/go/src/runtime/sema.go:597 +0x159
sync.(*Cond).Wait(0x0?)
	/usr/lib/go/src/sync/cond.go:71 +0x85
github.com/centrifugal/centrifuge/internal/dissolve.(*queueImpl).Wait(0xc0425a5ce0)
	/home/mariell/go/pkg/mod/github.com/centrifugal/centrifuge@v0.33.3/internal/dissolve/queue.go:139 +0x4a
github.com/centrifugal/centrifuge/internal/dissolve.(*Dissolver).runWorker(0xc0272822a0)
	/home/mariell/go/pkg/mod/github.com/centrifugal/centrifuge@v0.33.3/internal/dissolve/dissolve.go:52 +0x27
created by github.com/centrifugal/centrifuge/internal/dissolve.(*Dissolver).Run in goroutine 3349
	/home/mariell/go/pkg/mod/github.com/centrifugal/centrifuge@v0.33.3/internal/dissolve/dissolve.go:31 +0x25

goroutine 76427 [sync.Cond.Wait]:
sync.runtime_notifyListWait(0xc045376a50, 0xc)
	/usr/lib/go/src/runtime/sema.go:597 +0x159
sync.(*Cond).Wait(0x0?)
	/usr/lib/go/src/sync/cond.go:71 +0x85
github.com/centrifugal/centrifuge/internal/dissolve.(*queueImpl).Wait(0xc0425a5ce0)
	/home/mariell/go/pkg/mod/github.com/centrifugal/centrifuge@v0.33.3/internal/dissolve/queue.go:139 +0x4a
github.com/centrifugal/centrifuge/internal/dissolve.(*Dissolver).runWorker(0xc0272822a0)
	/home/mariell/go/pkg/mod/github.com/centrifugal/centrifuge@v0.33.3/internal/dissolve/dissolve.go:52 +0x27
created by github.com/centrifugal/centrifuge/internal/dissolve.(*Dissolver).Run in goroutine 3349
	/home/mariell/go/pkg/mod/github.com/centrifugal/centrifuge@v0.33.3/internal/dissolve/dissolve.go:31 +0x25

goroutine 76428 [sync.Cond.Wait]:
sync.runtime_notifyListWait(0xc045376a50, 0xd)
	/usr/lib/go/src/runtime/sema.go:597 +0x159
sync.(*Cond).Wait(0xa92d690?)
	/usr/lib/go/src/sync/cond.go:71 +0x85
github.com/centrifugal/centrifuge/internal/dissolve.(*queueImpl).Wait(0xc0425a5ce0)
	/home/mariell/go/pkg/mod/github.com/centrifugal/centrifuge@v0.33.3/internal/dissolve/queue.go:139 +0x4a
github.com/centrifugal/centrifuge/internal/dissolve.(*Dissolver).runWorker(0xc0272822a0)
	/home/mariell/go/pkg/mod/github.com/centrifugal/centrifuge@v0.33.3/internal/dissolve/dissolve.go:52 +0x27
created by github.com/centrifugal/centrifuge/internal/dissolve.(*Dissolver).Run in goroutine 3349
	/home/mariell/go/pkg/mod/github.com/centrifugal/centrifuge@v0.33.3/internal/dissolve/dissolve.go:31 +0x25

goroutine 76429 [sync.Cond.Wait]:
sync.runtime_notifyListWait(0xc045376a50, 0xe)
	/usr/lib/go/src/runtime/sema.go:597 +0x159
sync.(*Cond).Wait(0xa92d690?)
	/usr/lib/go/src/sync/cond.go:71 +0x85
github.com/centrifugal/centrifuge/internal/dissolve.(*queueImpl).Wait(0xc0425a5ce0)
	/home/mariell/go/pkg/mod/github.com/centrifugal/centrifuge@v0.33.3/internal/dissolve/queue.go:139 +0x4a
github.com/centrifugal/centrifuge/internal/dissolve.(*Dissolver).runWorker(0xc0272822a0)
	/home/mariell/go/pkg/mod/github.com/centrifugal/centrifuge@v0.33.3/internal/dissolve/dissolve.go:52 +0x27
created by github.com/centrifugal/centrifuge/internal/dissolve.(*Dissolver).Run in goroutine 3349
	/home/mariell/go/pkg/mod/github.com/centrifugal/centrifuge@v0.33.3/internal/dissolve/dissolve.go:31 +0x25

goroutine 76430 [sync.Cond.Wait]:
sync.runtime_notifyListWait(0xc045376a50, 0xf)
	/usr/lib/go/src/runtime/sema.go:597 +0x159
sync.(*Cond).Wait(0xa92d690?)
	/usr/lib/go/src/sync/cond.go:71 +0x85
github.com/centrifugal/centrifuge/internal/dissolve.(*queueImpl).Wait(0xc0425a5ce0)
	/home/mariell/go/pkg/mod/github.com/centrifugal/centrifuge@v0.33.3/internal/dissolve/queue.go:139 +0x4a
github.com/centrifugal/centrifuge/internal/dissolve.(*Dissolver).runWorker(0xc0272822a0)
	/home/mariell/go/pkg/mod/github.com/centrifugal/centrifuge@v0.33.3/internal/dissolve/dissolve.go:52 +0x27
created by github.com/centrifugal/centrifuge/internal/dissolve.(*Dissolver).Run in goroutine 3349
	/home/mariell/go/pkg/mod/github.com/centrifugal/centrifuge@v0.33.3/internal/dissolve/dissolve.go:31 +0x25

goroutine 76431 [sync.Cond.Wait]:
sync.runtime_notifyListWait(0xc045376a50, 0x10)
	/usr/lib/go/src/runtime/sema.go:597 +0x159
sync.(*Cond).Wait(0xaaaaaaaaaaaaaaaa?)
	/usr/lib/go/src/sync/cond.go:71 +0x85
github.com/centrifugal/centrifuge/internal/dissolve.(*queueImpl).Wait(0xc0425a5ce0)
	/home/mariell/go/pkg/mod/github.com/centrifugal/centrifuge@v0.33.3/internal/dissolve/queue.go:139 +0x4a
github.com/centrifugal/centrifuge/internal/dissolve.(*Dissolver).runWorker(0xc0272822a0)
	/home/mariell/go/pkg/mod/github.com/centrifugal/centrifuge@v0.33.3/internal/dissolve/dissolve.go:52 +0x27
created by github.com/centrifugal/centrifuge/internal/dissolve.(*Dissolver).Run in goroutine 3349
	/home/mariell/go/pkg/mod/github.com/centrifugal/centrifuge@v0.33.3/internal/dissolve/dissolve.go:31 +0x25

goroutine 76432 [sync.Cond.Wait]:
sync.runtime_notifyListWait(0xc045376a50, 0x11)
	/usr/lib/go/src/runtime/sema.go:597 +0x159
sync.(*Cond).Wait(0x0?)
	/usr/lib/go/src/sync/cond.go:71 +0x85
github.com/centrifugal/centrifuge/internal/dissolve.(*queueImpl).Wait(0xc0425a5ce0)
	/home/mariell/go/pkg/mod/github.com/centrifugal/centrifuge@v0.33.3/internal/dissolve/queue.go:139 +0x4a
github.com/centrifugal/centrifuge/internal/dissolve.(*Dissolver).runWorker(0xc0272822a0)
	/home/mariell/go/pkg/mod/github.com/centrifugal/centrifuge@v0.33.3/internal/dissolve/dissolve.go:52 +0x27
created by github.com/centrifugal/centrifuge/internal/dissolve.(*Dissolver).Run in goroutine 3349
	/home/mariell/go/pkg/mod/github.com/centrifugal/centrifuge@v0.33.3/internal/dissolve/dissolve.go:31 +0x25

goroutine 76433 [sync.Cond.Wait]:
sync.runtime_notifyListWait(0xc045376a50, 0x12)
	/usr/lib/go/src/runtime/sema.go:597 +0x159
sync.(*Cond).Wait(0x7f66560?)
	/usr/lib/go/src/sync/cond.go:71 +0x85
github.com/centrifugal/centrifuge/internal/dissolve.(*queueImpl).Wait(0xc0425a5ce0)
	/home/mariell/go/pkg/mod/github.com/centrifugal/centrifuge@v0.33.3/internal/dissolve/queue.go:139 +0x4a
github.com/centrifugal/centrifuge/internal/dissolve.(*Dissolver).runWorker(0xc0272822a0)
	/home/mariell/go/pkg/mod/github.com/centrifugal/centrifuge@v0.33.3/internal/dissolve/dissolve.go:52 +0x27
created by github.com/centrifugal/centrifuge/internal/dissolve.(*Dissolver).Run in goroutine 3349
	/home/mariell/go/pkg/mod/github.com/centrifugal/centrifuge@v0.33.3/internal/dissolve/dissolve.go:31 +0x25

goroutine 76434 [sync.Cond.Wait]:
sync.runtime_notifyListWait(0xc045376a50, 0x13)
	/usr/lib/go/src/runtime/sema.go:597 +0x159
sync.(*Cond).Wait(0x7f66560?)
	/usr/lib/go/src/sync/cond.go:71 +0x85
github.com/centrifugal/centrifuge/internal/dissolve.(*queueImpl).Wait(0xc0425a5ce0)
	/home/mariell/go/pkg/mod/github.com/centrifugal/centrifuge@v0.33.3/internal/dissolve/queue.go:139 +0x4a
github.com/centrifugal/centrifuge/internal/dissolve.(*Dissolver).runWorker(0xc0272822a0)
	/home/mariell/go/pkg/mod/github.com/centrifugal/centrifuge@v0.33.3/internal/dissolve/dissolve.go:52 +0x27
created by github.com/centrifugal/centrifuge/internal/dissolve.(*Dissolver).Run in goroutine 3349
	/home/mariell/go/pkg/mod/github.com/centrifugal/centrifuge@v0.33.3/internal/dissolve/dissolve.go:31 +0x25

goroutine 76435 [sync.Cond.Wait]:
sync.runtime_notifyListWait(0xc045376a50, 0x14)
	/usr/lib/go/src/runtime/sema.go:597 +0x159
sync.(*Cond).Wait(0x7f66560?)
	/usr/lib/go/src/sync/cond.go:71 +0x85
github.com/centrifugal/centrifuge/internal/dissolve.(*queueImpl).Wait(0xc0425a5ce0)
	/home/mariell/go/pkg/mod/github.com/centrifugal/centrifuge@v0.33.3/internal/dissolve/queue.go:139 +0x4a
github.com/centrifugal/centrifuge/internal/dissolve.(*Dissolver).runWorker(0xc0272822a0)
	/home/mariell/go/pkg/mod/github.com/centrifugal/centrifuge@v0.33.3/internal/dissolve/dissolve.go:52 +0x27
created by github.com/centrifugal/centrifuge/internal/dissolve.(*Dissolver).Run in goroutine 3349
	/home/mariell/go/pkg/mod/github.com/centrifugal/centrifuge@v0.33.3/internal/dissolve/dissolve.go:31 +0x25

goroutine 76436 [sync.Cond.Wait]:
sync.runtime_notifyListWait(0xc045376a50, 0x1)
	/usr/lib/go/src/runtime/sema.go:597 +0x159
sync.(*Cond).Wait(0x7f66560?)
	/usr/lib/go/src/sync/cond.go:71 +0x85
github.com/centrifugal/centrifuge/internal/dissolve.(*queueImpl).Wait(0xc0425a5ce0)
	/home/mariell/go/pkg/mod/github.com/centrifugal/centrifuge@v0.33.3/internal/dissolve/queue.go:139 +0x4a
github.com/centrifugal/centrifuge/internal/dissolve.(*Dissolver).runWorker(0xc0272822a0)
	/home/mariell/go/pkg/mod/github.com/centrifugal/centrifuge@v0.33.3/internal/dissolve/dissolve.go:52 +0x27
created by github.com/centrifugal/centrifuge/internal/dissolve.(*Dissolver).Run in goroutine 3349
	/home/mariell/go/pkg/mod/github.com/centrifugal/centrifuge@v0.33.3/internal/dissolve/dissolve.go:31 +0x25

goroutine 76437 [sync.Cond.Wait]:
sync.runtime_notifyListWait(0xc045376a50, 0x15)
	/usr/lib/go/src/runtime/sema.go:597 +0x159
sync.(*Cond).Wait(0x7f66560?)
	/usr/lib/go/src/sync/cond.go:71 +0x85
github.com/centrifugal/centrifuge/internal/dissolve.(*queueImpl).Wait(0xc0425a5ce0)
	/home/mariell/go/pkg/mod/github.com/centrifugal/centrifuge@v0.33.3/internal/dissolve/queue.go:139 +0x4a
github.com/centrifugal/centrifuge/internal/dissolve.(*Dissolver).runWorker(0xc0272822a0)
	/home/mariell/go/pkg/mod/github.com/centrifugal/centrifuge@v0.33.3/internal/dissolve/dissolve.go:52 +0x27
created by github.com/centrifugal/centrifuge/internal/dissolve.(*Dissolver).Run in goroutine 3349
	/home/mariell/go/pkg/mod/github.com/centrifugal/centrifuge@v0.33.3/internal/dissolve/dissolve.go:31 +0x25

goroutine 76438 [sync.Cond.Wait]:
sync.runtime_notifyListWait(0xc045376a50, 0x16)
	/usr/lib/go/src/runtime/sema.go:597 +0x159
sync.(*Cond).Wait(0x7f66560?)
	/usr/lib/go/src/sync/cond.go:71 +0x85
github.com/centrifugal/centrifuge/internal/dissolve.(*queueImpl).Wait(0xc0425a5ce0)
	/home/mariell/go/pkg/mod/github.com/centrifugal/centrifuge@v0.33.3/internal/dissolve/queue.go:139 +0x4a
github.com/centrifugal/centrifuge/internal/dissolve.(*Dissolver).runWorker(0xc0272822a0)
	/home/mariell/go/pkg/mod/github.com/centrifugal/centrifuge@v0.33.3/internal/dissolve/dissolve.go:52 +0x27
created by github.com/centrifugal/centrifuge/internal/dissolve.(*Dissolver).Run in goroutine 3349
	/home/mariell/go/pkg/mod/github.com/centrifugal/centrifuge@v0.33.3/internal/dissolve/dissolve.go:31 +0x25

goroutine 76439 [sync.Cond.Wait]:
sync.runtime_notifyListWait(0xc045376a50, 0x17)
	/usr/lib/go/src/runtime/sema.go:597 +0x159
sync.(*Cond).Wait(0x7f66560?)
	/usr/lib/go/src/sync/cond.go:71 +0x85
github.com/centrifugal/centrifuge/internal/dissolve.(*queueImpl).Wait(0xc0425a5ce0)
	/home/mariell/go/pkg/mod/github.com/centrifugal/centrifuge@v0.33.3/internal/dissolve/queue.go:139 +0x4a
github.com/centrifugal/centrifuge/internal/dissolve.(*Dissolver).runWorker(0xc0272822a0)
	/home/mariell/go/pkg/mod/github.com/centrifugal/centrifuge@v0.33.3/internal/dissolve/dissolve.go:52 +0x27
created by github.com/centrifugal/centrifuge/internal/dissolve.(*Dissolver).Run in goroutine 3349
	/home/mariell/go/pkg/mod/github.com/centrifugal/centrifuge@v0.33.3/internal/dissolve/dissolve.go:31 +0x25

goroutine 76440 [sync.Cond.Wait]:
sync.runtime_notifyListWait(0xc045376a50, 0x18)
	/usr/lib/go/src/runtime/sema.go:597 +0x159
sync.(*Cond).Wait(0x7f66560?)
	/usr/lib/go/src/sync/cond.go:71 +0x85
github.com/centrifugal/centrifuge/internal/dissolve.(*queueImpl).Wait(0xc0425a5ce0)
	/home/mariell/go/pkg/mod/github.com/centrifugal/centrifuge@v0.33.3/internal/dissolve/queue.go:139 +0x4a
github.com/centrifugal/centrifuge/internal/dissolve.(*Dissolver).runWorker(0xc0272822a0)
	/home/mariell/go/pkg/mod/github.com/centrifugal/centrifuge@v0.33.3/internal/dissolve/dissolve.go:52 +0x27
created by github.com/centrifugal/centrifuge/internal/dissolve.(*Dissolver).Run in goroutine 3349
	/home/mariell/go/pkg/mod/github.com/centrifugal/centrifuge@v0.33.3/internal/dissolve/dissolve.go:31 +0x25

goroutine 76441 [sync.Cond.Wait]:
sync.runtime_notifyListWait(0xc045376a50, 0x19)
	/usr/lib/go/src/runtime/sema.go:597 +0x159
sync.(*Cond).Wait(0x7f66560?)
	/usr/lib/go/src/sync/cond.go:71 +0x85
github.com/centrifugal/centrifuge/internal/dissolve.(*queueImpl).Wait(0xc0425a5ce0)
	/home/mariell/go/pkg/mod/github.com/centrifugal/centrifuge@v0.33.3/internal/dissolve/queue.go:139 +0x4a
github.com/centrifugal/centrifuge/internal/dissolve.(*Dissolver).runWorker(0xc0272822a0)
	/home/mariell/go/pkg/mod/github.com/centrifugal/centrifuge@v0.33.3/internal/dissolve/dissolve.go:52 +0x27
created by github.com/centrifugal/centrifuge/internal/dissolve.(*Dissolver).Run in goroutine 3349
	/home/mariell/go/pkg/mod/github.com/centrifugal/centrifuge@v0.33.3/internal/dissolve/dissolve.go:31 +0x25

goroutine 76442 [sync.Cond.Wait]:
sync.runtime_notifyListWait(0xc045376a50, 0x1a)
	/usr/lib/go/src/runtime/sema.go:597 +0x159
sync.(*Cond).Wait(0x7f66560?)
	/usr/lib/go/src/sync/cond.go:71 +0x85
github.com/centrifugal/centrifuge/internal/dissolve.(*queueImpl).Wait(0xc0425a5ce0)
	/home/mariell/go/pkg/mod/github.com/centrifugal/centrifuge@v0.33.3/internal/dissolve/queue.go:139 +0x4a
github.com/centrifugal/centrifuge/internal/dissolve.(*Dissolver).runWorker(0xc0272822a0)
	/home/mariell/go/pkg/mod/github.com/centrifugal/centrifuge@v0.33.3/internal/dissolve/dissolve.go:52 +0x27
created by github.com/centrifugal/centrifuge/internal/dissolve.(*Dissolver).Run in goroutine 3349
	/home/mariell/go/pkg/mod/github.com/centrifugal/centrifuge@v0.33.3/internal/dissolve/dissolve.go:31 +0x25

goroutine 76443 [sync.Cond.Wait]:
sync.runtime_notifyListWait(0xc045376a50, 0x1b)
	/usr/lib/go/src/runtime/sema.go:597 +0x159
sync.(*Cond).Wait(0x0?)
	/usr/lib/go/src/sync/cond.go:71 +0x85
github.com/centrifugal/centrifuge/internal/dissolve.(*queueImpl).Wait(0xc0425a5ce0)
	/home/mariell/go/pkg/mod/github.com/centrifugal/centrifuge@v0.33.3/internal/dissolve/queue.go:139 +0x4a
github.com/centrifugal/centrifuge/internal/dissolve.(*Dissolver).runWorker(0xc0272822a0)
	/home/mariell/go/pkg/mod/github.com/centrifugal/centrifuge@v0.33.3/internal/dissolve/dissolve.go:52 +0x27
created by github.com/centrifugal/centrifuge/internal/dissolve.(*Dissolver).Run in goroutine 3349
	/home/mariell/go/pkg/mod/github.com/centrifugal/centrifuge@v0.33.3/internal/dissolve/dissolve.go:31 +0x25

goroutine 76444 [sync.Cond.Wait]:
sync.runtime_notifyListWait(0xc045376a50, 0x1c)
	/usr/lib/go/src/runtime/sema.go:597 +0x159
sync.(*Cond).Wait(0xa92d690?)
	/usr/lib/go/src/sync/cond.go:71 +0x85
github.com/centrifugal/centrifuge/internal/dissolve.(*queueImpl).Wait(0xc0425a5ce0)
	/home/mariell/go/pkg/mod/github.com/centrifugal/centrifuge@v0.33.3/internal/dissolve/queue.go:139 +0x4a
github.com/centrifugal/centrifuge/internal/dissolve.(*Dissolver).runWorker(0xc0272822a0)
	/home/mariell/go/pkg/mod/github.com/centrifugal/centrifuge@v0.33.3/internal/dissolve/dissolve.go:52 +0x27
created by github.com/centrifugal/centrifuge/internal/dissolve.(*Dissolver).Run in goroutine 3349
	/home/mariell/go/pkg/mod/github.com/centrifugal/centrifuge@v0.33.3/internal/dissolve/dissolve.go:31 +0x25

goroutine 76445 [sync.Cond.Wait]:
sync.runtime_notifyListWait(0xc045376a50, 0x1d)
	/usr/lib/go/src/runtime/sema.go:597 +0x159
sync.(*Cond).Wait(0xa92d690?)
	/usr/lib/go/src/sync/cond.go:71 +0x85
github.com/centrifugal/centrifuge/internal/dissolve.(*queueImpl).Wait(0xc0425a5ce0)
	/home/mariell/go/pkg/mod/github.com/centrifugal/centrifuge@v0.33.3/internal/dissolve/queue.go:139 +0x4a
github.com/centrifugal/centrifuge/internal/dissolve.(*Dissolver).runWorker(0xc0272822a0)
	/home/mariell/go/pkg/mod/github.com/centrifugal/centrifuge@v0.33.3/internal/dissolve/dissolve.go:52 +0x27
created by github.com/centrifugal/centrifuge/internal/dissolve.(*Dissolver).Run in goroutine 3349
	/home/mariell/go/pkg/mod/github.com/centrifugal/centrifuge@v0.33.3/internal/dissolve/dissolve.go:31 +0x25

goroutine 76446 [sync.Cond.Wait]:
sync.runtime_notifyListWait(0xc045376a50, 0x1e)
	/usr/lib/go/src/runtime/sema.go:597 +0x159
sync.(*Cond).Wait(0x7f66560?)
	/usr/lib/go/src/sync/cond.go:71 +0x85
github.com/centrifugal/centrifuge/internal/dissolve.(*queueImpl).Wait(0xc0425a5ce0)
	/home/mariell/go/pkg/mod/github.com/centrifugal/centrifuge@v0.33.3/internal/dissolve/queue.go:139 +0x4a
github.com/centrifugal/centrifuge/internal/dissolve.(*Dissolver).runWorker(0xc0272822a0)
	/home/mariell/go/pkg/mod/github.com/centrifugal/centrifuge@v0.33.3/internal/dissolve/dissolve.go:52 +0x27
created by github.com/centrifugal/centrifuge/internal/dissolve.(*Dissolver).Run in goroutine 3349
	/home/mariell/go/pkg/mod/github.com/centrifugal/centrifuge@v0.33.3/internal/dissolve/dissolve.go:31 +0x25

goroutine 76447 [sync.Cond.Wait]:
sync.runtime_notifyListWait(0xc045376a50, 0x1f)
	/usr/lib/go/src/runtime/sema.go:597 +0x159
sync.(*Cond).Wait(0x7f66560?)
	/usr/lib/go/src/sync/cond.go:71 +0x85
github.com/centrifugal/centrifuge/internal/dissolve.(*queueImpl).Wait(0xc0425a5ce0)
	/home/mariell/go/pkg/mod/github.com/centrifugal/centrifuge@v0.33.3/internal/dissolve/queue.go:139 +0x4a
github.com/centrifugal/centrifuge/internal/dissolve.(*Dissolver).runWorker(0xc0272822a0)
	/home/mariell/go/pkg/mod/github.com/centrifugal/centrifuge@v0.33.3/internal/dissolve/dissolve.go:52 +0x27
created by github.com/centrifugal/centrifuge/internal/dissolve.(*Dissolver).Run in goroutine 3349
	/home/mariell/go/pkg/mod/github.com/centrifugal/centrifuge@v0.33.3/internal/dissolve/dissolve.go:31 +0x25

goroutine 76504 [select]:
github.com/patrickmn/go-cache.(*janitor).Run(0xc04761d770, 0xc047375900)
	/home/mariell/go/pkg/mod/github.com/patrickmn/go-cache@v2.1.0+incompatible/cache.go:1079 +0x7b
created by github.com/patrickmn/go-cache.runJanitor in goroutine 3349
	/home/mariell/go/pkg/mod/github.com/patrickmn/go-cache@v2.1.0+incompatible/cache.go:1099 +0xdb

goroutine 76510 [select]:
github.com/patrickmn/go-cache.(*janitor).Run(0xc04765b9f0, 0xc047667940)
	/home/mariell/go/pkg/mod/github.com/patrickmn/go-cache@v2.1.0+incompatible/cache.go:1079 +0x7b
created by github.com/patrickmn/go-cache.runJanitor in goroutine 3349
	/home/mariell/go/pkg/mod/github.com/patrickmn/go-cache@v2.1.0+incompatible/cache.go:1099 +0xdb

goroutine 76511 [select]:
github.com/patrickmn/go-cache.(*janitor).Run(0xc04765bb30, 0xc047667a00)
	/home/mariell/go/pkg/mod/github.com/patrickmn/go-cache@v2.1.0+incompatible/cache.go:1079 +0x7b
created by github.com/patrickmn/go-cache.runJanitor in goroutine 3349
	/home/mariell/go/pkg/mod/github.com/patrickmn/go-cache@v2.1.0+incompatible/cache.go:1099 +0xdb

goroutine 76512 [select]:
github.com/patrickmn/go-cache.(*janitor).Run(0xc04765bb40, 0xc047667a40)
	/home/mariell/go/pkg/mod/github.com/patrickmn/go-cache@v2.1.0+incompatible/cache.go:1079 +0x7b
created by github.com/patrickmn/go-cache.runJanitor in goroutine 3349
	/home/mariell/go/pkg/mod/github.com/patrickmn/go-cache@v2.1.0+incompatible/cache.go:1099 +0xdb

goroutine 76686 [select]:
github.com/patrickmn/go-cache.(*janitor).Run(0xc047748320, 0xc04771f200)
	/home/mariell/go/pkg/mod/github.com/patrickmn/go-cache@v2.1.0+incompatible/cache.go:1079 +0x7b
created by github.com/patrickmn/go-cache.runJanitor in goroutine 3349
	/home/mariell/go/pkg/mod/github.com/patrickmn/go-cache@v2.1.0+incompatible/cache.go:1099 +0xdb

goroutine 78279 [runnable]:
golang.org/x/sync/errgroup.(*Group).Go.func1()
	/home/mariell/go/pkg/mod/golang.org/x/sync@v0.11.0/errgroup/errgroup.go:75
created by golang.org/x/sync/errgroup.(*Group).Go in goroutine 77705
	/home/mariell/go/pkg/mod/golang.org/x/sync@v0.11.0/errgroup/errgroup.go:75 +0x93

goroutine 77396 [sync.Cond.Wait]:
sync.runtime_notifyListWait(0xc045ae3d50, 0x3d)
	/usr/lib/go/src/runtime/sema.go:597 +0x159
sync.(*Cond).Wait(0x0?)
	/usr/lib/go/src/sync/cond.go:71 +0x85
github.com/centrifugal/centrifuge/internal/dissolve.(*queueImpl).Wait(0xc045afb420)
	/home/mariell/go/pkg/mod/github.com/centrifugal/centrifuge@v0.33.3/internal/dissolve/queue.go:139 +0x4a
github.com/centrifugal/centrifuge/internal/dissolve.(*Dissolver).runWorker(0xc034b3a078)
	/home/mariell/go/pkg/mod/github.com/centrifugal/centrifuge@v0.33.3/internal/dissolve/dissolve.go:52 +0x27
created by github.com/centrifugal/centrifuge/internal/dissolve.(*Dissolver).Run in goroutine 4437
	/home/mariell/go/pkg/mod/github.com/centrifugal/centrifuge@v0.33.3/internal/dissolve/dissolve.go:31 +0x25

goroutine 78280 [runnable]:
golang.org/x/sync/errgroup.(*Group).Go.func1()
	/home/mariell/go/pkg/mod/golang.org/x/sync@v0.11.0/errgroup/errgroup.go:75
created by golang.org/x/sync/errgroup.(*Group).Go in goroutine 77705
	/home/mariell/go/pkg/mod/golang.org/x/sync@v0.11.0/errgroup/errgroup.go:75 +0x93

goroutine 76688 [select]:
github.com/patrickmn/go-cache.(*janitor).Run(0xc047749280, 0xc04771f9c0)
	/home/mariell/go/pkg/mod/github.com/patrickmn/go-cache@v2.1.0+incompatible/cache.go:1079 +0x7b
created by github.com/patrickmn/go-cache.runJanitor in goroutine 3349
	/home/mariell/go/pkg/mod/github.com/patrickmn/go-cache@v2.1.0+incompatible/cache.go:1099 +0xdb

goroutine 78282 [runnable]:
golang.org/x/sync/errgroup.(*Group).Go.func1()
	/home/mariell/go/pkg/mod/golang.org/x/sync@v0.11.0/errgroup/errgroup.go:75
created by golang.org/x/sync/errgroup.(*Group).Go in goroutine 77705
	/home/mariell/go/pkg/mod/golang.org/x/sync@v0.11.0/errgroup/errgroup.go:75 +0x93

goroutine 76720 [select]:
go.opentelemetry.io/otel/sdk/trace.(*batchSpanProcessor).processQueue(0xc0477906e0)
	/home/mariell/go/pkg/mod/go.opentelemetry.io/otel/sdk@v1.34.0/trace/batch_span_processor.go:302 +0x114
go.opentelemetry.io/otel/sdk/trace.NewBatchSpanProcessor.func1()
	/home/mariell/go/pkg/mod/go.opentelemetry.io/otel/sdk@v1.34.0/trace/batch_span_processor.go:117 +0x4e
created by go.opentelemetry.io/otel/sdk/trace.NewBatchSpanProcessor in goroutine 3349
	/home/mariell/go/pkg/mod/go.opentelemetry.io/otel/sdk@v1.34.0/trace/batch_span_processor.go:115 +0x2d9

goroutine 77712 [runnable]:
golang.org/x/sync/errgroup.(*Group).Go.func1()
	/home/mariell/go/pkg/mod/golang.org/x/sync@v0.11.0/errgroup/errgroup.go:75
created by golang.org/x/sync/errgroup.(*Group).Go in goroutine 77705
	/home/mariell/go/pkg/mod/golang.org/x/sync@v0.11.0/errgroup/errgroup.go:75 +0x93

goroutine 76719 [select]:
net.(*sysDialer).dialParallel(0xc046a2ccc0, {0xa9d1d70, 0xc0477ec310}, {0xc0489a8010, 0x1, 0x1}, {0xc0489a8020, 0x1, 0x1})
	/usr/lib/go/src/net/dial.go:628 +0x476
net.(*Dialer).DialContext(0xc04293f200, {0xa9d1d00, 0xc047792780}, {0x9513531, 0x3}, {0xc0477fe220, 0xf})
	/usr/lib/go/src/net/dial.go:578 +0x6ac
net/http.(*Transport).dial(0x6465376639326632?, {0xa9d1d00?, 0xc047792780?}, {0x9513531?, 0x6465376639326632?}, {0xc0477fe220?, 0x3032373563333366?})
	/usr/lib/go/src/net/http/transport.go:1278 +0xd2
net/http.(*Transport).dialConn(0xc0291b51e0, {0xa9d1d00, 0xc047792780}, {{}, 0x0, {0xc026b1efc0, 0x5}, {0xc0477fe220, 0xf}, 0x0})
	/usr/lib/go/src/net/http/transport.go:1780 +0x7e5
net/http.(*Transport).dialConnFor(0xc0291b51e0, 0xc046723ad0)
	/usr/lib/go/src/net/http/transport.go:1615 +0xb8
net/http.(*Transport).startDialConnForLocked.func1()
	/usr/lib/go/src/net/http/transport.go:1597 +0x35
created by net/http.(*Transport).startDialConnForLocked in goroutine 74862
	/usr/lib/go/src/net/http/transport.go:1596 +0x112

goroutine 76842 [select]:
github.com/centrifugal/centrifuge.(*Node).cleanNodeInfo(0xc01f784b48)
	/home/mariell/go/pkg/mod/github.com/centrifugal/centrifuge@v0.33.3/node.go:394 +0x90
created by github.com/centrifugal/centrifuge.(*Node).Run in goroutine 22317
	/home/mariell/go/pkg/mod/github.com/centrifugal/centrifuge@v0.33.3/node.go:261 +0x265

goroutine 77013 [select]:
go.opentelemetry.io/otel/sdk/trace.(*batchSpanProcessor).processQueue(0xc047791220)
	/home/mariell/go/pkg/mod/go.opentelemetry.io/otel/sdk@v1.34.0/trace/batch_span_processor.go:302 +0x114
go.opentelemetry.io/otel/sdk/trace.NewBatchSpanProcessor.func1()
	/home/mariell/go/pkg/mod/go.opentelemetry.io/otel/sdk@v1.34.0/trace/batch_span_processor.go:117 +0x4e
created by go.opentelemetry.io/otel/sdk/trace.NewBatchSpanProcessor in goroutine 22318
	/home/mariell/go/pkg/mod/go.opentelemetry.io/otel/sdk@v1.34.0/trace/batch_span_processor.go:115 +0x2d9

goroutine 78288 [runnable]:
golang.org/x/sync/errgroup.(*Group).Go.func1()
	/home/mariell/go/pkg/mod/golang.org/x/sync@v0.11.0/errgroup/errgroup.go:75
created by golang.org/x/sync/errgroup.(*Group).Go in goroutine 77705
	/home/mariell/go/pkg/mod/golang.org/x/sync@v0.11.0/errgroup/errgroup.go:75 +0x93

goroutine 78287 [runnable]:
golang.org/x/sync/errgroup.(*Group).Go.func1()
	/home/mariell/go/pkg/mod/golang.org/x/sync@v0.11.0/errgroup/errgroup.go:75
created by golang.org/x/sync/errgroup.(*Group).Go in goroutine 77705
	/home/mariell/go/pkg/mod/golang.org/x/sync@v0.11.0/errgroup/errgroup.go:75 +0x93

goroutine 78286 [runnable]:
golang.org/x/sync/errgroup.(*Group).Go.func1()
	/home/mariell/go/pkg/mod/golang.org/x/sync@v0.11.0/errgroup/errgroup.go:75
created by golang.org/x/sync/errgroup.(*Group).Go in goroutine 77705
	/home/mariell/go/pkg/mod/golang.org/x/sync@v0.11.0/errgroup/errgroup.go:75 +0x93

goroutine 78284 [runnable]:
golang.org/x/sync/errgroup.(*Group).Go.func1()
	/home/mariell/go/pkg/mod/golang.org/x/sync@v0.11.0/errgroup/errgroup.go:75
created by golang.org/x/sync/errgroup.(*Group).Go in goroutine 77705
	/home/mariell/go/pkg/mod/golang.org/x/sync@v0.11.0/errgroup/errgroup.go:75 +0x93

goroutine 78281 [runnable]:
golang.org/x/sync/errgroup.(*Group).Go.func1()
	/home/mariell/go/pkg/mod/golang.org/x/sync@v0.11.0/errgroup/errgroup.go:75
created by golang.org/x/sync/errgroup.(*Group).Go in goroutine 77705
	/home/mariell/go/pkg/mod/golang.org/x/sync@v0.11.0/errgroup/errgroup.go:75 +0x93

goroutine 77289 [select]:
github.com/centrifugal/centrifuge.(*MemoryBroker).expireResultCache(0xc048074200)
	/home/mariell/go/pkg/mod/github.com/centrifugal/centrifuge@v0.33.3/broker_memory.go:160 +0x68
created by github.com/centrifugal/centrifuge.(*MemoryBroker).Run in goroutine 22317
	/home/mariell/go/pkg/mod/github.com/centrifugal/centrifuge@v0.33.3/broker_memory.go:73 +0x7f

goroutine 76704 [select]:
net.(*sysDialer).dialParallel(0xc046a2cb40, {0xa9d1d70, 0xc0471f6070}, {0xc046a43f10, 0x1, 0x1}, {0xc046a43f20, 0x1, 0x1})
	/usr/lib/go/src/net/dial.go:628 +0x476
net.(*Dialer).DialContext(0xc033ba57a0, {0xa9d1d00, 0xc0471d54a0}, {0x9513531, 0x3}, {0xc0471e48f0, 0xf})
	/usr/lib/go/src/net/dial.go:578 +0x6ac
net/http.(*Transport).dial(0x1ae0b9d?, {0xa9d1d00?, 0xc0471d54a0?}, {0x9513531?, 0x953dd74?}, {0xc0471e48f0?, 0x0?})
	/usr/lib/go/src/net/http/transport.go:1278 +0xd2
net/http.(*Transport).dialConn(0xc02cca0ea0, {0xa9d1d00, 0xc0471d54a0}, {{}, 0x0, {0xc0471b37d0, 0x5}, {0xc0471e48f0, 0xf}, 0x0})
	/usr/lib/go/src/net/http/transport.go:1780 +0x7e5
net/http.(*Transport).dialConnFor(0xc02cca0ea0, 0xc046c34210)
	/usr/lib/go/src/net/http/transport.go:1615 +0xb8
net/http.(*Transport).startDialConnForLocked.func1()
	/usr/lib/go/src/net/http/transport.go:1597 +0x35
created by net/http.(*Transport).startDialConnForLocked in goroutine 76292
	/usr/lib/go/src/net/http/transport.go:1596 +0x112

goroutine 76003 [runnable]:
internal/poll.runtime_pollWait(0x77751a4b6858, 0x77)
	/usr/lib/go/src/runtime/netpoll.go:351 +0x85
internal/poll.(*pollDesc).wait(0xc0481daf80?, 0x0?, 0x0)
	/usr/lib/go/src/internal/poll/fd_poll_runtime.go:84 +0x27
internal/poll.(*pollDesc).waitWrite(...)
	/usr/lib/go/src/internal/poll/fd_poll_runtime.go:93
internal/poll.(*FD).WaitWrite(...)
	/usr/lib/go/src/internal/poll/fd_unix.go:692
net.(*netFD).connect(0xc0481daf80, {0xa9d1d00, 0xc04462fef0}, {0x41d49a?, 0x0?}, {0xa94c2e0?, 0xc048183fc0?})
	/usr/lib/go/src/net/fd_unix.go:141 +0x6cb
net.(*netFD).dial(0xc0481daf80, {0xa9d1d00, 0xc04462fef0}, {0xa9efce0?, 0x0?}, {0xa9efce0, 0xc0478b6840}, 0x1?)
	/usr/lib/go/src/net/sock_posix.go:124 +0x3bc
net.socket({0xa9d1d00, 0xc04462fef0}, {0x9513531, 0x3}, 0xa, 0x1, 0x2?, 0x0, {0xa9efce0, 0x0}, ...)
	/usr/lib/go/src/net/sock_posix.go:70 +0x29b
net.internetSocket({0xa9d1d00, 0xc04462fef0}, {0x9513531, 0x3}, {0xa9efce0, 0x0}, {0xa9efce0, 0xc0478b6840}, 0x1, 0x0, ...)
	/usr/lib/go/src/net/ipsock_posix.go:167 +0xf8
net.(*sysDialer).doDialTCPProto(0xc046a2ca80, {0xa9d1d00, 0xc04462fef0}, 0x0, 0xc0478b6840, 0x0)
	/usr/lib/go/src/net/tcpsock_posix.go:85 +0xe7
net.(*sysDialer).doDialTCP(...)
	/usr/lib/go/src/net/tcpsock_posix.go:75
net.(*sysDialer).dialTCP(0x9513531?, {0xa9d1d00?, 0xc04462fef0?}, 0x7f7bc20?, 0xc0236615c8?)
	/usr/lib/go/src/net/tcpsock_posix.go:71 +0x69
net.(*sysDialer).dialSingle(0xc046a2ca80, {0xa9d1d00, 0xc04462fef0}, {0xa9778b8, 0xc0478b6840})
	/usr/lib/go/src/net/dial.go:721 +0x3ce
net.(*sysDialer).dialSerial(0xc046a2ca80, {0xa9d1d00, 0xc04462fef0}, {0xc046a43ec0?, 0x1, 0x8?})
	/usr/lib/go/src/net/dial.go:686 +0x24e
net.(*sysDialer).dialParallel.func1({0xa9d1d00?, 0xc04462fef0?}, 0x1)
	/usr/lib/go/src/net/dial.go:606 +0x85
created by net.(*sysDialer).dialParallel in goroutine 76995
	/usr/lib/go/src/net/dial.go:621 +0x2bc

goroutine 76004 [select]:
net.(*netFD).connect.func2()
	/usr/lib/go/src/net/fd_unix.go:118 +0x7a
created by net.(*netFD).connect in goroutine 76003
	/usr/lib/go/src/net/fd_unix.go:117 +0x349

goroutine 76841 [select]:
github.com/centrifugal/centrifuge.(*Node).sendNodePing(0xc01f784b48)
	/home/mariell/go/pkg/mod/github.com/centrifugal/centrifuge@v0.33.3/node.go:380 +0x85
created by github.com/centrifugal/centrifuge.(*Node).Run in goroutine 22317
	/home/mariell/go/pkg/mod/github.com/centrifugal/centrifuge@v0.33.3/node.go:260 +0x225

goroutine 76837 [select]:
net.(*sysDialer).dialParallel(0xc046a2cc00, {0xa9d1d70, 0xc0471f67e0}, {0xc046a43f50, 0x1, 0x1}, {0xc046a43f60, 0x1, 0x1})
	/usr/lib/go/src/net/dial.go:628 +0x476
net.(*Dialer).DialContext(0xc033ba5830, {0xa9d1d00, 0xc0471d58b0}, {0x9513531, 0x3}, {0xc0471e4c60, 0xf})
	/usr/lib/go/src/net/dial.go:578 +0x6ac
net/http.(*Transport).dial(0x0?, {0xa9d1d00?, 0xc0471d58b0?}, {0x9513531?, 0x2b0cd0e?}, {0xc0471e4c60?, 0xa9d1d00?})
	/usr/lib/go/src/net/http/transport.go:1278 +0xd2
net/http.(*Transport).dialConn(0xc02cca1040, {0xa9d1d00, 0xc0471d58b0}, {{}, 0x0, {0xc0471b5800, 0x5}, {0xc0471e4c60, 0xf}, 0x0})
	/usr/lib/go/src/net/http/transport.go:1780 +0x7e5
net/http.(*Transport).dialConnFor(0xc02cca1040, 0xc046c342c0)
	/usr/lib/go/src/net/http/transport.go:1615 +0xb8
net/http.(*Transport).startDialConnForLocked.func1()
	/usr/lib/go/src/net/http/transport.go:1597 +0x35
created by net/http.(*Transport).startDialConnForLocked in goroutine 76293
	/usr/lib/go/src/net/http/transport.go:1596 +0x112

goroutine 76840 [select]:
github.com/centrifugal/centrifuge.(*Node).initMetrics.func1()
	/home/mariell/go/pkg/mod/github.com/centrifugal/centrifuge@v0.33.3/node.go:365 +0x8a
created by github.com/centrifugal/centrifuge.(*Node).initMetrics in goroutine 22317
	/home/mariell/go/pkg/mod/github.com/centrifugal/centrifuge@v0.33.3/node.go:363 +0x1f9

goroutine 76839 [runnable]:
crypto/internal/fips140/bigmod.(*Nat).Add(0xc0291169a8?, 0xc047995dc0?, 0xc047995d88?)
	/usr/lib/go/src/crypto/internal/fips140/bigmod/nat.go:739 +0x85
crypto/internal/fips140/bigmod.extendedGCD(0xc047995fa0, 0xc029116960)
	/usr/lib/go/src/crypto/internal/fips140/bigmod/nat.go:1157 +0x10bf
crypto/internal/fips140/bigmod.(*Nat).InverseVarTime(0xc047995fa0, 0xc0000ba740?, 0x40?)
	/usr/lib/go/src/crypto/internal/fips140/bigmod/nat.go:1068 +0x25
crypto/internal/fips140/rsa.isPrime({0xc0466e8f80?, 0xc0003b07a0?, 0xc0466e8f80?})
	/usr/lib/go/src/crypto/internal/fips140/rsa/keygen.go:228 +0xb2
crypto/internal/fips140/rsa.randomPrime({0xa94e420, 0xc0003b07a0}, 0x400)
	/usr/lib/go/src/crypto/internal/fips140/rsa/keygen.go:204 +0x18c
crypto/internal/fips140/rsa.GenerateKey({0xa94e420, 0xc0003b07a0}, 0x800)
	/usr/lib/go/src/crypto/internal/fips140/rsa/keygen.go:27 +0xfe
crypto/rsa.GenerateKey({0xa94e420, 0xc0003b07a0}, 0x800)
	/usr/lib/go/src/crypto/rsa/rsa.go:329 +0x15c
k8s.io/client-go/util/cert.GenerateSelfSignedCertKeyWithFixtures({0x95baa53, 0x19}, {0x0, 0x0, 0xc0471f3280?}, {0x0, 0x0, 0x0}, {0x0, 0x0})
	/home/mariell/go/pkg/mod/k8s.io/client-go@v0.32.1/util/cert/cert.go:127 +0x450
k8s.io/client-go/util/cert.GenerateSelfSignedCertKey(...)
	/home/mariell/go/pkg/mod/k8s.io/client-go@v0.32.1/util/cert/cert.go:97
k8s.io/apiserver/pkg/server/options.(*SecureServingOptionsWithLoopback).ApplyTo(0xc0471f5a40?, 0xc0471c1c08, 0xc0471c1c50)
	/home/mariell/go/pkg/mod/k8s.io/apiserver@v0.32.1/pkg/server/options/serving_with_loopback.go:54 +0xa6
github.com/grafana/grafana/pkg/services/apiserver/options.(*Options).ApplyTo(0xc0471e9700, 0xc0471c1c08)
	/home/mariell/work/oss/grafana/pkg/services/apiserver/options/options.go:109 +0x15b
github.com/grafana/grafana/pkg/services/apiserver.(*service).start(0xc0232c9a20, {0xa9d1d00, 0xc0471d59a0})
	/home/mariell/work/oss/grafana/pkg/services/apiserver/service.go:324 +0x485
github.com/grafana/dskit/services.(*BasicService).main(0xc04400eb40)
	/home/mariell/go/pkg/mod/github.com/grafana/dskit@v0.0.0-20241105154643-a6b453a88040/services/basic_service.go:160 +0x59
created by github.com/grafana/dskit/services.(*BasicService).StartAsync.func1 in goroutine 76294
	/home/mariell/go/pkg/mod/github.com/grafana/dskit@v0.0.0-20241105154643-a6b453a88040/services/basic_service.go:122 +0x105

goroutine 76997 [select]:
github.com/grafana/grafana/pkg/util/ticker.(*T).run(0xc047b50a50)
	/home/mariell/work/oss/grafana/pkg/util/ticker/ticker.go:69 +0x3dc
created by github.com/grafana/grafana/pkg/util/ticker.New in goroutine 76833
	/home/mariell/work/oss/grafana/pkg/util/ticker/ticker.go:40 +0x1e6

goroutine 77386 [sync.Cond.Wait]:
sync.runtime_notifyListWait(0xc045ae3d50, 0x33)
	/usr/lib/go/src/runtime/sema.go:597 +0x159
sync.(*Cond).Wait(0x0?)
	/usr/lib/go/src/sync/cond.go:71 +0x85
github.com/centrifugal/centrifuge/internal/dissolve.(*queueImpl).Wait(0xc045afb420)
	/home/mariell/go/pkg/mod/github.com/centrifugal/centrifuge@v0.33.3/internal/dissolve/queue.go:139 +0x4a
github.com/centrifugal/centrifuge/internal/dissolve.(*Dissolver).runWorker(0xc034b3a078)
	/home/mariell/go/pkg/mod/github.com/centrifugal/centrifuge@v0.33.3/internal/dissolve/dissolve.go:52 +0x27
created by github.com/centrifugal/centrifuge/internal/dissolve.(*Dissolver).Run in goroutine 4437
	/home/mariell/go/pkg/mod/github.com/centrifugal/centrifuge@v0.33.3/internal/dissolve/dissolve.go:31 +0x25

goroutine 77385 [sync.Cond.Wait]:
sync.runtime_notifyListWait(0xc045ae3d50, 0x32)
	/usr/lib/go/src/runtime/sema.go:597 +0x159
sync.(*Cond).Wait(0xc0478917d0?)
	/usr/lib/go/src/sync/cond.go:71 +0x85
github.com/centrifugal/centrifuge/internal/dissolve.(*queueImpl).Wait(0xc045afb420)
	/home/mariell/go/pkg/mod/github.com/centrifugal/centrifuge@v0.33.3/internal/dissolve/queue.go:139 +0x4a
github.com/centrifugal/centrifuge/internal/dissolve.(*Dissolver).runWorker(0xc034b3a078)
	/home/mariell/go/pkg/mod/github.com/centrifugal/centrifuge@v0.33.3/internal/dissolve/dissolve.go:52 +0x27
created by github.com/centrifugal/centrifuge/internal/dissolve.(*Dissolver).Run in goroutine 4437
	/home/mariell/go/pkg/mod/github.com/centrifugal/centrifuge@v0.33.3/internal/dissolve/dissolve.go:31 +0x25

goroutine 77384 [sync.Cond.Wait]:
sync.runtime_notifyListWait(0xc045ae3d50, 0x31)
	/usr/lib/go/src/runtime/sema.go:597 +0x159
sync.(*Cond).Wait(0xc04762afd0?)
	/usr/lib/go/src/sync/cond.go:71 +0x85
github.com/centrifugal/centrifuge/internal/dissolve.(*queueImpl).Wait(0xc045afb420)
	/home/mariell/go/pkg/mod/github.com/centrifugal/centrifuge@v0.33.3/internal/dissolve/queue.go:139 +0x4a
github.com/centrifugal/centrifuge/internal/dissolve.(*Dissolver).runWorker(0xc034b3a078)
	/home/mariell/go/pkg/mod/github.com/centrifugal/centrifuge@v0.33.3/internal/dissolve/dissolve.go:52 +0x27
created by github.com/centrifugal/centrifuge/internal/dissolve.(*Dissolver).Run in goroutine 4437
	/home/mariell/go/pkg/mod/github.com/centrifugal/centrifuge@v0.33.3/internal/dissolve/dissolve.go:31 +0x25

goroutine 77387 [sync.Cond.Wait]:
sync.runtime_notifyListWait(0xc045ae3d50, 0x34)
	/usr/lib/go/src/runtime/sema.go:597 +0x159
sync.(*Cond).Wait(0xc0478927d0?)
	/usr/lib/go/src/sync/cond.go:71 +0x85
github.com/centrifugal/centrifuge/internal/dissolve.(*queueImpl).Wait(0xc045afb420)
	/home/mariell/go/pkg/mod/github.com/centrifugal/centrifuge@v0.33.3/internal/dissolve/queue.go:139 +0x4a
github.com/centrifugal/centrifuge/internal/dissolve.(*Dissolver).runWorker(0xc034b3a078)
	/home/mariell/go/pkg/mod/github.com/centrifugal/centrifuge@v0.33.3/internal/dissolve/dissolve.go:52 +0x27
created by github.com/centrifugal/centrifuge/internal/dissolve.(*Dissolver).Run in goroutine 4437
	/home/mariell/go/pkg/mod/github.com/centrifugal/centrifuge@v0.33.3/internal/dissolve/dissolve.go:31 +0x25

goroutine 78285 [runnable]:
golang.org/x/sync/errgroup.(*Group).Go.func1()
	/home/mariell/go/pkg/mod/golang.org/x/sync@v0.11.0/errgroup/errgroup.go:75
created by golang.org/x/sync/errgroup.(*Group).Go in goroutine 77705
	/home/mariell/go/pkg/mod/golang.org/x/sync@v0.11.0/errgroup/errgroup.go:75 +0x93

goroutine 77290 [select]:
github.com/centrifugal/centrifuge.(*historyHub).expireStreams(0xc048074180)
	/home/mariell/go/pkg/mod/github.com/centrifugal/centrifuge@v0.33.3/broker_memory.go:298 +0x75
created by github.com/centrifugal/centrifuge.(*historyHub).runCleanups in goroutine 22317
	/home/mariell/go/pkg/mod/github.com/centrifugal/centrifuge@v0.33.3/broker_memory.go:252 +0x56

goroutine 77291 [select]:
github.com/centrifugal/centrifuge.(*historyHub).removeStreams(0xc048074180)
	/home/mariell/go/pkg/mod/github.com/centrifugal/centrifuge@v0.33.3/broker_memory.go:259 +0x6f
created by github.com/centrifugal/centrifuge.(*historyHub).runCleanups in goroutine 22317
	/home/mariell/go/pkg/mod/github.com/centrifugal/centrifuge@v0.33.3/broker_memory.go:253 +0x96

goroutine 76995 [select]:
net.(*sysDialer).dialParallel(0xc046a2ca80, {0xa9d1d70, 0xc04774f500}, {0xc046a43ec0, 0x1, 0x1}, {0xc046a43ed0, 0x1, 0x1})
	/usr/lib/go/src/net/dial.go:628 +0x476
net.(*Dialer).DialContext(0xc0473395f0, {0xa9d1d00, 0xc047b506e0}, {0x9513531, 0x3}, {0xc047b2d150, 0xf})
	/usr/lib/go/src/net/dial.go:578 +0x6ac
net/http.(*Transport).dial(0xffffffffffffffff?, {0xa9d1d00?, 0xc047b506e0?}, {0x9513531?, 0xc047669e90?}, {0xc047b2d150?, 0x11?})
	/usr/lib/go/src/net/http/transport.go:1278 +0xd2
net/http.(*Transport).dialConn(0xc0476389c0, {0xa9d1d00, 0xc047b506e0}, {{}, 0x0, {0x96bc797, 0x5}, {0xc047b2d150, 0xf}, 0x0})
	/usr/lib/go/src/net/http/transport.go:1780 +0x7e5
net/http.(*Transport).dialConnFor(0xc0476389c0, 0xc047754210)
	/usr/lib/go/src/net/http/transport.go:1615 +0xb8
net/http.(*Transport).startDialConnForLocked.func1()
	/usr/lib/go/src/net/http/transport.go:1597 +0x35
created by net/http.(*Transport).startDialConnForLocked in goroutine 76798
	/usr/lib/go/src/net/http/transport.go:1596 +0x112

goroutine 77706 [runnable]:
internal/poll.runtime_pollWait(0x7774f414ca48, 0x77)
	/usr/lib/go/src/runtime/netpoll.go:351 +0x85
internal/poll.(*pollDesc).wait(0xc048e94d00?, 0x0?, 0x0)
	/usr/lib/go/src/internal/poll/fd_poll_runtime.go:84 +0x27
internal/poll.(*pollDesc).waitWrite(...)
	/usr/lib/go/src/internal/poll/fd_poll_runtime.go:93
internal/poll.(*FD).WaitWrite(...)
	/usr/lib/go/src/internal/poll/fd_unix.go:692
net.(*netFD).connect(0xc048e94d00, {0xa9d1d70, 0xc048ed6b60}, {0x41d49a?, 0x7d84100?}, {0xa94c2c0?, 0xc048e81280?})
	/usr/lib/go/src/net/fd_unix.go:141 +0x6cb
net.(*netFD).dial(0xc048e94d00, {0xa9d1d70, 0xc048ed6b60}, {0xa9efce0?, 0x0?}, {0xa9efce0, 0xc048edd260}, 0xffb3510?)
	/usr/lib/go/src/net/sock_posix.go:124 +0x3bc
net.socket({0xa9d1d70, 0xc048ed6b60}, {0x9513531, 0x3}, 0x2, 0x1, 0x35?, 0x0, {0xa9efce0, 0x0}, ...)
	/usr/lib/go/src/net/sock_posix.go:70 +0x29b
net.internetSocket({0xa9d1d70, 0xc048ed6b60}, {0x9513531, 0x3}, {0xa9efce0, 0x0}, {0xa9efce0, 0xc048edd260}, 0x1, 0x0, ...)
	/usr/lib/go/src/net/ipsock_posix.go:167 +0xf8
net.(*sysDialer).doDialTCPProto(0xc048ee60c0, {0xa9d1d70, 0xc048ed6b60}, 0x0, 0xc048edd260, 0x0)
	/usr/lib/go/src/net/tcpsock_posix.go:85 +0xe7
net.(*sysDialer).doDialTCP(...)
	/usr/lib/go/src/net/tcpsock_posix.go:75
net.(*sysDialer).dialTCP(0x47b4b9?, {0xa9d1d70?, 0xc048ed6b60?}, 0x7f7bc20?, 0xc0441034b0?)
	/usr/lib/go/src/net/tcpsock_posix.go:71 +0x69
net.(*sysDialer).dialSingle(0xc048ee60c0, {0xa9d1d70, 0xc048ed6b60}, {0xa9778b8, 0xc048edd260})
	/usr/lib/go/src/net/dial.go:721 +0x3ce
net.(*sysDialer).dialSerial(0xc048ee60c0, {0xa9d1d70, 0xc048ed6b60}, {0xc048ee06d0?, 0x1, 0xc048edd230?})
	/usr/lib/go/src/net/dial.go:686 +0x24e
net.(*sysDialer).dialParallel(0x0?, {0xa9d1d70?, 0xc048ed6b60?}, {0xc048ee06d0?, 0x8606e00?, 0x95148bb?}, {0x0?, 0x9513531?, 0xc0471d8868?})
	/usr/lib/go/src/net/dial.go:587 +0x3a7
net.(*Dialer).DialContext(0xc001d301b0, {0xa9d1d00, 0xc048eda410}, {0x9513531, 0x3}, {0xc048c75af0, 0xf})
	/usr/lib/go/src/net/dial.go:578 +0x6ac
net/http.(*Transport).dial(0xc0024348c0?, {0xa9d1d00?, 0xc048eda410?}, {0x9513531?, 0x88a5680?}, {0xc048c75af0?, 0xc0471d8ae0?})
	/usr/lib/go/src/net/http/transport.go:1278 +0xd2
net/http.(*Transport).dialConn(0x100d9fe0, {0xa9d1d00, 0xc048eda410}, {{}, 0x0, {0xc048ede0f0, 0x4}, {0xc048c75af0, 0xf}, 0x0})
	/usr/lib/go/src/net/http/transport.go:1780 +0x7e5
net/http.(*Transport).dialConnFor(0x100d9fe0, 0xc04621ce70)
	/usr/lib/go/src/net/http/transport.go:1615 +0xb8
net/http.(*Transport).startDialConnForLocked.func1()
	/usr/lib/go/src/net/http/transport.go:1597 +0x35
created by net/http.(*Transport).startDialConnForLocked in goroutine 4437
	/usr/lib/go/src/net/http/transport.go:1596 +0x112

goroutine 77705 [sync.WaitGroup.Wait]:
sync.runtime_SemacquireWaitGroup(0x7f66560?)
	/usr/lib/go/src/runtime/sema.go:110 +0x25
sync.(*WaitGroup).Wait(0xc048eb1640?)
	/usr/lib/go/src/sync/waitgroup.go:118 +0x48
golang.org/x/sync/errgroup.(*Group).Wait(0xc048eb1080)
	/home/mariell/go/pkg/mod/golang.org/x/sync@v0.11.0/errgroup/errgroup.go:56 +0x1e
github.com/grafana/grafana/pkg/server.(*Server).Run(0xc0402ad860)
	/home/mariell/work/oss/grafana/pkg/server/server.go:179 +0x276
github.com/grafana/grafana/pkg/tests/testinfra.StartGrafanaEnv.func2()
	/home/mariell/work/oss/grafana/pkg/tests/testinfra/testinfra.go:121 +0x27
created by github.com/grafana/grafana/pkg/tests/testinfra.StartGrafanaEnv in goroutine 4437
	/home/mariell/work/oss/grafana/pkg/tests/testinfra/testinfra.go:119 +0xa57

goroutine 77703 [select]:
github.com/patrickmn/go-cache.(*janitor).Run(0xc048ee04f0, 0xc048eb0fc0)
	/home/mariell/go/pkg/mod/github.com/patrickmn/go-cache@v2.1.0+incompatible/cache.go:1079 +0x7b
created by github.com/patrickmn/go-cache.runJanitor in goroutine 4437
	/home/mariell/go/pkg/mod/github.com/patrickmn/go-cache@v2.1.0+incompatible/cache.go:1099 +0xdb

goroutine 77701 [select]:
github.com/patrickmn/go-cache.(*janitor).Run(0xc048eab510, 0xc048eb0800)
	/home/mariell/go/pkg/mod/github.com/patrickmn/go-cache@v2.1.0+incompatible/cache.go:1079 +0x7b
created by github.com/patrickmn/go-cache.runJanitor in goroutine 4437
	/home/mariell/go/pkg/mod/github.com/patrickmn/go-cache@v2.1.0+incompatible/cache.go:1099 +0xdb

goroutine 77495 [select]:
github.com/patrickmn/go-cache.(*janitor).Run(0xc048e88db0, 0xc048c7f040)
	/home/mariell/go/pkg/mod/github.com/patrickmn/go-cache@v2.1.0+incompatible/cache.go:1079 +0x7b
created by github.com/patrickmn/go-cache.runJanitor in goroutine 4437
	/home/mariell/go/pkg/mod/github.com/patrickmn/go-cache@v2.1.0+incompatible/cache.go:1099 +0xdb

goroutine 77494 [select]:
github.com/patrickmn/go-cache.(*janitor).Run(0xc048e88da0, 0xc048c7f000)
	/home/mariell/go/pkg/mod/github.com/patrickmn/go-cache@v2.1.0+incompatible/cache.go:1079 +0x7b
created by github.com/patrickmn/go-cache.runJanitor in goroutine 4437
	/home/mariell/go/pkg/mod/github.com/patrickmn/go-cache@v2.1.0+incompatible/cache.go:1099 +0xdb

goroutine 77493 [select]:
github.com/patrickmn/go-cache.(*janitor).Run(0xc048e88c60, 0xc048c7ef40)
	/home/mariell/go/pkg/mod/github.com/patrickmn/go-cache@v2.1.0+incompatible/cache.go:1079 +0x7b
created by github.com/patrickmn/go-cache.runJanitor in goroutine 4437
	/home/mariell/go/pkg/mod/github.com/patrickmn/go-cache@v2.1.0+incompatible/cache.go:1099 +0xdb

goroutine 77471 [select]:
github.com/patrickmn/go-cache.(*janitor).Run(0xc048c629e0, 0xc048c50f00)
	/home/mariell/go/pkg/mod/github.com/patrickmn/go-cache@v2.1.0+incompatible/cache.go:1079 +0x7b
created by github.com/patrickmn/go-cache.runJanitor in goroutine 4437
	/home/mariell/go/pkg/mod/github.com/patrickmn/go-cache@v2.1.0+incompatible/cache.go:1099 +0xdb

goroutine 77708 [runnable]:
github.com/grafana/grafana/pkg/web.(*Router).Get(0xc048c7f1c0, {0xc047cd0cc0, 0xc}, {0xc048264a20, 0x4, 0x6})
	/home/mariell/work/oss/grafana/pkg/web/router.go:166 +0xa5
github.com/grafana/grafana/pkg/api/routing.(*RouteRegisterImpl).Register(0xc047833490, {0xa977370, 0xc048e83890}, {0x0, 0x0, 0x0})
	/home/mariell/work/oss/grafana/pkg/api/routing/route_register.go:131 +0x14c
github.com/grafana/grafana/pkg/api/routing.(*RouteRegisterImpl).Register(0xc0142c5030, {0xa977370, 0xc048e83890}, {0x0, 0x0, 0x0})
	/home/mariell/work/oss/grafana/pkg/api/routing/route_register.go:138 +0x1b8
github.com/grafana/grafana/pkg/api.(*HTTPServer).applyRoutes(0xc048c5c708)
	/home/mariell/work/oss/grafana/pkg/api/http_server.go:592 +0x4c
github.com/grafana/grafana/pkg/api.(*HTTPServer).Run(0xc048c5c708, {0xa9d1d00, 0xc048eda2d0})
	/home/mariell/work/oss/grafana/pkg/api/http_server.go:407 +0x65
github.com/grafana/grafana/pkg/server.(*Server).Run.func1()
	/home/mariell/work/oss/grafana/pkg/server/server.go:163 +0x119
golang.org/x/sync/errgroup.(*Group).Go.func1()
	/home/mariell/go/pkg/mod/golang.org/x/sync@v0.11.0/errgroup/errgroup.go:78 +0x50
created by golang.org/x/sync/errgroup.(*Group).Go in goroutine 77705
	/home/mariell/go/pkg/mod/golang.org/x/sync@v0.11.0/errgroup/errgroup.go:75 +0x93

goroutine 77709 [runnable]:
golang.org/x/sync/errgroup.(*Group).Go.func1()
	/home/mariell/go/pkg/mod/golang.org/x/sync@v0.11.0/errgroup/errgroup.go:75
created by golang.org/x/sync/errgroup.(*Group).Go in goroutine 77705
	/home/mariell/go/pkg/mod/golang.org/x/sync@v0.11.0/errgroup/errgroup.go:75 +0x93

goroutine 77710 [runnable]:
golang.org/x/sync/errgroup.(*Group).Go.func1()
	/home/mariell/go/pkg/mod/golang.org/x/sync@v0.11.0/errgroup/errgroup.go:75
created by golang.org/x/sync/errgroup.(*Group).Go in goroutine 77705
	/home/mariell/go/pkg/mod/golang.org/x/sync@v0.11.0/errgroup/errgroup.go:75 +0x93

goroutine 77711 [runnable]:
golang.org/x/sync/errgroup.(*Group).Go.func1()
	/home/mariell/go/pkg/mod/golang.org/x/sync@v0.11.0/errgroup/errgroup.go:75
created by golang.org/x/sync/errgroup.(*Group).Go in goroutine 77705
	/home/mariell/go/pkg/mod/golang.org/x/sync@v0.11.0/errgroup/errgroup.go:75 +0x93

goroutine 77398 [sync.Cond.Wait]:
sync.runtime_notifyListWait(0xc045ae3d50, 0x3f)
	/usr/lib/go/src/runtime/sema.go:597 +0x159
sync.(*Cond).Wait(0x0?)
	/usr/lib/go/src/sync/cond.go:71 +0x85
github.com/centrifugal/centrifuge/internal/dissolve.(*queueImpl).Wait(0xc045afb420)
	/home/mariell/go/pkg/mod/github.com/centrifugal/centrifuge@v0.33.3/internal/dissolve/queue.go:139 +0x4a
github.com/centrifugal/centrifuge/internal/dissolve.(*Dissolver).runWorker(0xc034b3a078)
	/home/mariell/go/pkg/mod/github.com/centrifugal/centrifuge@v0.33.3/internal/dissolve/dissolve.go:52 +0x27
created by github.com/centrifugal/centrifuge/internal/dissolve.(*Dissolver).Run in goroutine 4437
	/home/mariell/go/pkg/mod/github.com/centrifugal/centrifuge@v0.33.3/internal/dissolve/dissolve.go:31 +0x25

goroutine 76845 [sync.Cond.Wait]:
sync.runtime_notifyListWait(0xc048050350, 0x1)
	/usr/lib/go/src/runtime/sema.go:597 +0x159
sync.(*Cond).Wait(0x0?)
	/usr/lib/go/src/sync/cond.go:71 +0x85
github.com/centrifugal/centrifuge/internal/dissolve.(*queueImpl).Wait(0xc048072150)
	/home/mariell/go/pkg/mod/github.com/centrifugal/centrifuge@v0.33.3/internal/dissolve/queue.go:139 +0x4a
github.com/centrifugal/centrifuge/internal/dissolve.(*Dissolver).runWorker(0xc0138d1758)
	/home/mariell/go/pkg/mod/github.com/centrifugal/centrifuge@v0.33.3/internal/dissolve/dissolve.go:52 +0x27
created by github.com/centrifugal/centrifuge/internal/dissolve.(*Dissolver).Run in goroutine 22317
	/home/mariell/go/pkg/mod/github.com/centrifugal/centrifuge@v0.33.3/internal/dissolve/dissolve.go:31 +0x25

goroutine 76844 [sync.Cond.Wait]:
sync.runtime_notifyListWait(0xc048050350, 0x0)
	/usr/lib/go/src/runtime/sema.go:597 +0x159
sync.(*Cond).Wait(0x823435?)
	/usr/lib/go/src/sync/cond.go:71 +0x85
github.com/centrifugal/centrifuge/internal/dissolve.(*queueImpl).Wait(0xc048072150)
	/home/mariell/go/pkg/mod/github.com/centrifugal/centrifuge@v0.33.3/internal/dissolve/queue.go:139 +0x4a
github.com/centrifugal/centrifuge/internal/dissolve.(*Dissolver).runWorker(0xc0138d1758)
	/home/mariell/go/pkg/mod/github.com/centrifugal/centrifuge@v0.33.3/internal/dissolve/dissolve.go:52 +0x27
created by github.com/centrifugal/centrifuge/internal/dissolve.(*Dissolver).Run in goroutine 22317
	/home/mariell/go/pkg/mod/github.com/centrifugal/centrifuge@v0.33.3/internal/dissolve/dissolve.go:31 +0x25

goroutine 77378 [sync.Cond.Wait]:
sync.runtime_notifyListWait(0xc045ae3d50, 0xf)
	/usr/lib/go/src/runtime/sema.go:597 +0x159
sync.(*Cond).Wait(0x0?)
	/usr/lib/go/src/sync/cond.go:71 +0x85
github.com/centrifugal/centrifuge/internal/dissolve.(*queueImpl).Wait(0xc045afb420)
	/home/mariell/go/pkg/mod/github.com/centrifugal/centrifuge@v0.33.3/internal/dissolve/queue.go:139 +0x4a
github.com/centrifugal/centrifuge/internal/dissolve.(*Dissolver).runWorker(0xc034b3a078)
	/home/mariell/go/pkg/mod/github.com/centrifugal/centrifuge@v0.33.3/internal/dissolve/dissolve.go:52 +0x27
created by github.com/centrifugal/centrifuge/internal/dissolve.(*Dissolver).Run in goroutine 4437
	/home/mariell/go/pkg/mod/github.com/centrifugal/centrifuge@v0.33.3/internal/dissolve/dissolve.go:31 +0x25

goroutine 77377 [sync.Cond.Wait]:
sync.runtime_notifyListWait(0xc045ae3d50, 0xe)
	/usr/lib/go/src/runtime/sema.go:597 +0x159
sync.(*Cond).Wait(0x0?)
	/usr/lib/go/src/sync/cond.go:71 +0x85
github.com/centrifugal/centrifuge/internal/dissolve.(*queueImpl).Wait(0xc045afb420)
	/home/mariell/go/pkg/mod/github.com/centrifugal/centrifuge@v0.33.3/internal/dissolve/queue.go:139 +0x4a
github.com/centrifugal/centrifuge/internal/dissolve.(*Dissolver).runWorker(0xc034b3a078)
	/home/mariell/go/pkg/mod/github.com/centrifugal/centrifuge@v0.33.3/internal/dissolve/dissolve.go:52 +0x27
created by github.com/centrifugal/centrifuge/internal/dissolve.(*Dissolver).Run in goroutine 4437
	/home/mariell/go/pkg/mod/github.com/centrifugal/centrifuge@v0.33.3/internal/dissolve/dissolve.go:31 +0x25

goroutine 77376 [sync.Cond.Wait]:
sync.runtime_notifyListWait(0xc045ae3d50, 0xd)
	/usr/lib/go/src/runtime/sema.go:597 +0x159
sync.(*Cond).Wait(0x0?)
	/usr/lib/go/src/sync/cond.go:71 +0x85
github.com/centrifugal/centrifuge/internal/dissolve.(*queueImpl).Wait(0xc045afb420)
	/home/mariell/go/pkg/mod/github.com/centrifugal/centrifuge@v0.33.3/internal/dissolve/queue.go:139 +0x4a
github.com/centrifugal/centrifuge/internal/dissolve.(*Dissolver).runWorker(0xc034b3a078)
	/home/mariell/go/pkg/mod/github.com/centrifugal/centrifuge@v0.33.3/internal/dissolve/dissolve.go:52 +0x27
created by github.com/centrifugal/centrifuge/internal/dissolve.(*Dissolver).Run in goroutine 4437
	/home/mariell/go/pkg/mod/github.com/centrifugal/centrifuge@v0.33.3/internal/dissolve/dissolve.go:31 +0x25

goroutine 77375 [sync.Cond.Wait]:
sync.runtime_notifyListWait(0xc045ae3d50, 0xc)
	/usr/lib/go/src/runtime/sema.go:597 +0x159
sync.(*Cond).Wait(0x0?)
	/usr/lib/go/src/sync/cond.go:71 +0x85
github.com/centrifugal/centrifuge/internal/dissolve.(*queueImpl).Wait(0xc045afb420)
	/home/mariell/go/pkg/mod/github.com/centrifugal/centrifuge@v0.33.3/internal/dissolve/queue.go:139 +0x4a
github.com/centrifugal/centrifuge/internal/dissolve.(*Dissolver).runWorker(0xc034b3a078)
	/home/mariell/go/pkg/mod/github.com/centrifugal/centrifuge@v0.33.3/internal/dissolve/dissolve.go:52 +0x27
created by github.com/centrifugal/centrifuge/internal/dissolve.(*Dissolver).Run in goroutine 4437
	/home/mariell/go/pkg/mod/github.com/centrifugal/centrifuge@v0.33.3/internal/dissolve/dissolve.go:31 +0x25

goroutine 77374 [sync.Cond.Wait]:
sync.runtime_notifyListWait(0xc045ae3d50, 0xb)
	/usr/lib/go/src/runtime/sema.go:597 +0x159
sync.(*Cond).Wait(0x100000000000000?)
	/usr/lib/go/src/sync/cond.go:71 +0x85
github.com/centrifugal/centrifuge/internal/dissolve.(*queueImpl).Wait(0xc045afb420)
	/home/mariell/go/pkg/mod/github.com/centrifugal/centrifuge@v0.33.3/internal/dissolve/queue.go:139 +0x4a
github.com/centrifugal/centrifuge/internal/dissolve.(*Dissolver).runWorker(0xc034b3a078)
	/home/mariell/go/pkg/mod/github.com/centrifugal/centrifuge@v0.33.3/internal/dissolve/dissolve.go:52 +0x27
created by github.com/centrifugal/centrifuge/internal/dissolve.(*Dissolver).Run in goroutine 4437
	/home/mariell/go/pkg/mod/github.com/centrifugal/centrifuge@v0.33.3/internal/dissolve/dissolve.go:31 +0x25

goroutine 77373 [sync.Cond.Wait]:
sync.runtime_notifyListWait(0xc045ae3d50, 0xa)
	/usr/lib/go/src/runtime/sema.go:597 +0x159
sync.(*Cond).Wait(0x0?)
	/usr/lib/go/src/sync/cond.go:71 +0x85
github.com/centrifugal/centrifuge/internal/dissolve.(*queueImpl).Wait(0xc045afb420)
	/home/mariell/go/pkg/mod/github.com/centrifugal/centrifuge@v0.33.3/internal/dissolve/queue.go:139 +0x4a
github.com/centrifugal/centrifuge/internal/dissolve.(*Dissolver).runWorker(0xc034b3a078)
	/home/mariell/go/pkg/mod/github.com/centrifugal/centrifuge@v0.33.3/internal/dissolve/dissolve.go:52 +0x27
created by github.com/centrifugal/centrifuge/internal/dissolve.(*Dissolver).Run in goroutine 4437
	/home/mariell/go/pkg/mod/github.com/centrifugal/centrifuge@v0.33.3/internal/dissolve/dissolve.go:31 +0x25

goroutine 77372 [sync.Cond.Wait]:
sync.runtime_notifyListWait(0xc045ae3d50, 0x9)
	/usr/lib/go/src/runtime/sema.go:597 +0x159
sync.(*Cond).Wait(0x100000000000000?)
	/usr/lib/go/src/sync/cond.go:71 +0x85
github.com/centrifugal/centrifuge/internal/dissolve.(*queueImpl).Wait(0xc045afb420)
	/home/mariell/go/pkg/mod/github.com/centrifugal/centrifuge@v0.33.3/internal/dissolve/queue.go:139 +0x4a
github.com/centrifugal/centrifuge/internal/dissolve.(*Dissolver).runWorker(0xc034b3a078)
	/home/mariell/go/pkg/mod/github.com/centrifugal/centrifuge@v0.33.3/internal/dissolve/dissolve.go:52 +0x27
created by github.com/centrifugal/centrifuge/internal/dissolve.(*Dissolver).Run in goroutine 4437
	/home/mariell/go/pkg/mod/github.com/centrifugal/centrifuge@v0.33.3/internal/dissolve/dissolve.go:31 +0x25

goroutine 77371 [sync.Cond.Wait]:
sync.runtime_notifyListWait(0xc045ae3d50, 0x8)
	/usr/lib/go/src/runtime/sema.go:597 +0x159
sync.(*Cond).Wait(0x0?)
	/usr/lib/go/src/sync/cond.go:71 +0x85
github.com/centrifugal/centrifuge/internal/dissolve.(*queueImpl).Wait(0xc045afb420)
	/home/mariell/go/pkg/mod/github.com/centrifugal/centrifuge@v0.33.3/internal/dissolve/queue.go:139 +0x4a
github.com/centrifugal/centrifuge/internal/dissolve.(*Dissolver).runWorker(0xc034b3a078)
	/home/mariell/go/pkg/mod/github.com/centrifugal/centrifuge@v0.33.3/internal/dissolve/dissolve.go:52 +0x27
created by github.com/centrifugal/centrifuge/internal/dissolve.(*Dissolver).Run in goroutine 4437
	/home/mariell/go/pkg/mod/github.com/centrifugal/centrifuge@v0.33.3/internal/dissolve/dissolve.go:31 +0x25

goroutine 77370 [sync.Cond.Wait]:
sync.runtime_notifyListWait(0xc045ae3d50, 0x7)
	/usr/lib/go/src/runtime/sema.go:597 +0x159
sync.(*Cond).Wait(0xc0164457d0?)
	/usr/lib/go/src/sync/cond.go:71 +0x85
github.com/centrifugal/centrifuge/internal/dissolve.(*queueImpl).Wait(0xc045afb420)
	/home/mariell/go/pkg/mod/github.com/centrifugal/centrifuge@v0.33.3/internal/dissolve/queue.go:139 +0x4a
github.com/centrifugal/centrifuge/internal/dissolve.(*Dissolver).runWorker(0xc034b3a078)
	/home/mariell/go/pkg/mod/github.com/centrifugal/centrifuge@v0.33.3/internal/dissolve/dissolve.go:52 +0x27
created by github.com/centrifugal/centrifuge/internal/dissolve.(*Dissolver).Run in goroutine 4437
	/home/mariell/go/pkg/mod/github.com/centrifugal/centrifuge@v0.33.3/internal/dissolve/dissolve.go:31 +0x25

goroutine 76846 [sync.Cond.Wait]:
sync.runtime_notifyListWait(0xc048050350, 0x2)
	/usr/lib/go/src/runtime/sema.go:597 +0x159
sync.(*Cond).Wait(0x0?)
	/usr/lib/go/src/sync/cond.go:71 +0x85
github.com/centrifugal/centrifuge/internal/dissolve.(*queueImpl).Wait(0xc048072150)
	/home/mariell/go/pkg/mod/github.com/centrifugal/centrifuge@v0.33.3/internal/dissolve/queue.go:139 +0x4a
github.com/centrifugal/centrifuge/internal/dissolve.(*Dissolver).runWorker(0xc0138d1758)
	/home/mariell/go/pkg/mod/github.com/centrifugal/centrifuge@v0.33.3/internal/dissolve/dissolve.go:52 +0x27
created by github.com/centrifugal/centrifuge/internal/dissolve.(*Dissolver).Run in goroutine 22317
	/home/mariell/go/pkg/mod/github.com/centrifugal/centrifuge@v0.33.3/internal/dissolve/dissolve.go:31 +0x25

goroutine 76847 [sync.Cond.Wait]:
sync.runtime_notifyListWait(0xc048050350, 0x3)
	/usr/lib/go/src/runtime/sema.go:597 +0x159
sync.(*Cond).Wait(0x7f66560?)
	/usr/lib/go/src/sync/cond.go:71 +0x85
github.com/centrifugal/centrifuge/internal/dissolve.(*queueImpl).Wait(0xc048072150)
	/home/mariell/go/pkg/mod/github.com/centrifugal/centrifuge@v0.33.3/internal/dissolve/queue.go:139 +0x4a
github.com/centrifugal/centrifuge/internal/dissolve.(*Dissolver).runWorker(0xc0138d1758)
	/home/mariell/go/pkg/mod/github.com/centrifugal/centrifuge@v0.33.3/internal/dissolve/dissolve.go:52 +0x27
created by github.com/centrifugal/centrifuge/internal/dissolve.(*Dissolver).Run in goroutine 22317
	/home/mariell/go/pkg/mod/github.com/centrifugal/centrifuge@v0.33.3/internal/dissolve/dissolve.go:31 +0x25

goroutine 76848 [sync.Cond.Wait]:
sync.runtime_notifyListWait(0xc048050350, 0x4)
	/usr/lib/go/src/runtime/sema.go:597 +0x159
sync.(*Cond).Wait(0x7f66560?)
	/usr/lib/go/src/sync/cond.go:71 +0x85
github.com/centrifugal/centrifuge/internal/dissolve.(*queueImpl).Wait(0xc048072150)
	/home/mariell/go/pkg/mod/github.com/centrifugal/centrifuge@v0.33.3/internal/dissolve/queue.go:139 +0x4a
github.com/centrifugal/centrifuge/internal/dissolve.(*Dissolver).runWorker(0xc0138d1758)
	/home/mariell/go/pkg/mod/github.com/centrifugal/centrifuge@v0.33.3/internal/dissolve/dissolve.go:52 +0x27
created by github.com/centrifugal/centrifuge/internal/dissolve.(*Dissolver).Run in goroutine 22317
	/home/mariell/go/pkg/mod/github.com/centrifugal/centrifuge@v0.33.3/internal/dissolve/dissolve.go:31 +0x25

goroutine 76849 [sync.Cond.Wait]:
sync.runtime_notifyListWait(0xc048050350, 0x5)
	/usr/lib/go/src/runtime/sema.go:597 +0x159
sync.(*Cond).Wait(0x0?)
	/usr/lib/go/src/sync/cond.go:71 +0x85
github.com/centrifugal/centrifuge/internal/dissolve.(*queueImpl).Wait(0xc048072150)
	/home/mariell/go/pkg/mod/github.com/centrifugal/centrifuge@v0.33.3/internal/dissolve/queue.go:139 +0x4a
github.com/centrifugal/centrifuge/internal/dissolve.(*Dissolver).runWorker(0xc0138d1758)
	/home/mariell/go/pkg/mod/github.com/centrifugal/centrifuge@v0.33.3/internal/dissolve/dissolve.go:52 +0x27
created by github.com/centrifugal/centrifuge/internal/dissolve.(*Dissolver).Run in goroutine 22317
	/home/mariell/go/pkg/mod/github.com/centrifugal/centrifuge@v0.33.3/internal/dissolve/dissolve.go:31 +0x25

goroutine 77506 [sync.Cond.Wait]:
sync.runtime_notifyListWait(0xc048050350, 0x6)
	/usr/lib/go/src/runtime/sema.go:597 +0x159
sync.(*Cond).Wait(0x7f66560?)
	/usr/lib/go/src/sync/cond.go:71 +0x85
github.com/centrifugal/centrifuge/internal/dissolve.(*queueImpl).Wait(0xc048072150)
	/home/mariell/go/pkg/mod/github.com/centrifugal/centrifuge@v0.33.3/internal/dissolve/queue.go:139 +0x4a
github.com/centrifugal/centrifuge/internal/dissolve.(*Dissolver).runWorker(0xc0138d1758)
	/home/mariell/go/pkg/mod/github.com/centrifugal/centrifuge@v0.33.3/internal/dissolve/dissolve.go:52 +0x27
created by github.com/centrifugal/centrifuge/internal/dissolve.(*Dissolver).Run in goroutine 22317
	/home/mariell/go/pkg/mod/github.com/centrifugal/centrifuge@v0.33.3/internal/dissolve/dissolve.go:31 +0x25

goroutine 77507 [sync.Cond.Wait]:
sync.runtime_notifyListWait(0xc048050350, 0x7)
	/usr/lib/go/src/runtime/sema.go:597 +0x159
sync.(*Cond).Wait(0xaaaaaaaaaaaaaaaa?)
	/usr/lib/go/src/sync/cond.go:71 +0x85
github.com/centrifugal/centrifuge/internal/dissolve.(*queueImpl).Wait(0xc048072150)
	/home/mariell/go/pkg/mod/github.com/centrifugal/centrifuge@v0.33.3/internal/dissolve/queue.go:139 +0x4a
github.com/centrifugal/centrifuge/internal/dissolve.(*Dissolver).runWorker(0xc0138d1758)
	/home/mariell/go/pkg/mod/github.com/centrifugal/centrifuge@v0.33.3/internal/dissolve/dissolve.go:52 +0x27
created by github.com/centrifugal/centrifuge/internal/dissolve.(*Dissolver).Run in goroutine 22317
	/home/mariell/go/pkg/mod/github.com/centrifugal/centrifuge@v0.33.3/internal/dissolve/dissolve.go:31 +0x25

goroutine 77508 [sync.Cond.Wait]:
sync.runtime_notifyListWait(0xc048050350, 0x8)
	/usr/lib/go/src/runtime/sema.go:597 +0x159
sync.(*Cond).Wait(0xa92d690?)
	/usr/lib/go/src/sync/cond.go:71 +0x85
github.com/centrifugal/centrifuge/internal/dissolve.(*queueImpl).Wait(0xc048072150)
	/home/mariell/go/pkg/mod/github.com/centrifugal/centrifuge@v0.33.3/internal/dissolve/queue.go:139 +0x4a
github.com/centrifugal/centrifuge/internal/dissolve.(*Dissolver).runWorker(0xc0138d1758)
	/home/mariell/go/pkg/mod/github.com/centrifugal/centrifuge@v0.33.3/internal/dissolve/dissolve.go:52 +0x27
created by github.com/centrifugal/centrifuge/internal/dissolve.(*Dissolver).Run in goroutine 22317
	/home/mariell/go/pkg/mod/github.com/centrifugal/centrifuge@v0.33.3/internal/dissolve/dissolve.go:31 +0x25

goroutine 77509 [sync.Cond.Wait]:
sync.runtime_notifyListWait(0xc048050350, 0x9)
	/usr/lib/go/src/runtime/sema.go:597 +0x159
sync.(*Cond).Wait(0xa92d690?)
	/usr/lib/go/src/sync/cond.go:71 +0x85
github.com/centrifugal/centrifuge/internal/dissolve.(*queueImpl).Wait(0xc048072150)
	/home/mariell/go/pkg/mod/github.com/centrifugal/centrifuge@v0.33.3/internal/dissolve/queue.go:139 +0x4a
github.com/centrifugal/centrifuge/internal/dissolve.(*Dissolver).runWorker(0xc0138d1758)
	/home/mariell/go/pkg/mod/github.com/centrifugal/centrifuge@v0.33.3/internal/dissolve/dissolve.go:52 +0x27
created by github.com/centrifugal/centrifuge/internal/dissolve.(*Dissolver).Run in goroutine 22317
	/home/mariell/go/pkg/mod/github.com/centrifugal/centrifuge@v0.33.3/internal/dissolve/dissolve.go:31 +0x25

goroutine 77510 [sync.Cond.Wait]:
sync.runtime_notifyListWait(0xc048050350, 0xa)
	/usr/lib/go/src/runtime/sema.go:597 +0x159
sync.(*Cond).Wait(0xc04462fd60?)
	/usr/lib/go/src/sync/cond.go:71 +0x85
github.com/centrifugal/centrifuge/internal/dissolve.(*queueImpl).Wait(0xc048072150)
	/home/mariell/go/pkg/mod/github.com/centrifugal/centrifuge@v0.33.3/internal/dissolve/queue.go:139 +0x4a
github.com/centrifugal/centrifuge/internal/dissolve.(*Dissolver).runWorker(0xc0138d1758)
	/home/mariell/go/pkg/mod/github.com/centrifugal/centrifuge@v0.33.3/internal/dissolve/dissolve.go:52 +0x27
created by github.com/centrifugal/centrifuge/internal/dissolve.(*Dissolver).Run in goroutine 22317
	/home/mariell/go/pkg/mod/github.com/centrifugal/centrifuge@v0.33.3/internal/dissolve/dissolve.go:31 +0x25

goroutine 77511 [sync.Cond.Wait]:
sync.runtime_notifyListWait(0xc048050350, 0xb)
	/usr/lib/go/src/runtime/sema.go:597 +0x159
sync.(*Cond).Wait(0xc0455eeb60?)
	/usr/lib/go/src/sync/cond.go:71 +0x85
github.com/centrifugal/centrifuge/internal/dissolve.(*queueImpl).Wait(0xc048072150)
	/home/mariell/go/pkg/mod/github.com/centrifugal/centrifuge@v0.33.3/internal/dissolve/queue.go:139 +0x4a
github.com/centrifugal/centrifuge/internal/dissolve.(*Dissolver).runWorker(0xc0138d1758)
	/home/mariell/go/pkg/mod/github.com/centrifugal/centrifuge@v0.33.3/internal/dissolve/dissolve.go:52 +0x27
created by github.com/centrifugal/centrifuge/internal/dissolve.(*Dissolver).Run in goroutine 22317
	/home/mariell/go/pkg/mod/github.com/centrifugal/centrifuge@v0.33.3/internal/dissolve/dissolve.go:31 +0x25

goroutine 77512 [sync.Cond.Wait]:
sync.runtime_notifyListWait(0xc048050350, 0xc)
	/usr/lib/go/src/runtime/sema.go:597 +0x159
sync.(*Cond).Wait(0x0?)
	/usr/lib/go/src/sync/cond.go:71 +0x85
github.com/centrifugal/centrifuge/internal/dissolve.(*queueImpl).Wait(0xc048072150)
	/home/mariell/go/pkg/mod/github.com/centrifugal/centrifuge@v0.33.3/internal/dissolve/queue.go:139 +0x4a
github.com/centrifugal/centrifuge/internal/dissolve.(*Dissolver).runWorker(0xc0138d1758)
	/home/mariell/go/pkg/mod/github.com/centrifugal/centrifuge@v0.33.3/internal/dissolve/dissolve.go:52 +0x27
created by github.com/centrifugal/centrifuge/internal/dissolve.(*Dissolver).Run in goroutine 22317
	/home/mariell/go/pkg/mod/github.com/centrifugal/centrifuge@v0.33.3/internal/dissolve/dissolve.go:31 +0x25

goroutine 77513 [sync.Cond.Wait]:
sync.runtime_notifyListWait(0xc048050350, 0xd)
	/usr/lib/go/src/runtime/sema.go:597 +0x159
sync.(*Cond).Wait(0x7f66560?)
	/usr/lib/go/src/sync/cond.go:71 +0x85
github.com/centrifugal/centrifuge/internal/dissolve.(*queueImpl).Wait(0xc048072150)
	/home/mariell/go/pkg/mod/github.com/centrifugal/centrifuge@v0.33.3/internal/dissolve/queue.go:139 +0x4a
github.com/centrifugal/centrifuge/internal/dissolve.(*Dissolver).runWorker(0xc0138d1758)
	/home/mariell/go/pkg/mod/github.com/centrifugal/centrifuge@v0.33.3/internal/dissolve/dissolve.go:52 +0x27
created by github.com/centrifugal/centrifuge/internal/dissolve.(*Dissolver).Run in goroutine 22317
	/home/mariell/go/pkg/mod/github.com/centrifugal/centrifuge@v0.33.3/internal/dissolve/dissolve.go:31 +0x25

goroutine 77514 [sync.Cond.Wait]:
sync.runtime_notifyListWait(0xc048050350, 0xe)
	/usr/lib/go/src/runtime/sema.go:597 +0x159
sync.(*Cond).Wait(0x0?)
	/usr/lib/go/src/sync/cond.go:71 +0x85
github.com/centrifugal/centrifuge/internal/dissolve.(*queueImpl).Wait(0xc048072150)
	/home/mariell/go/pkg/mod/github.com/centrifugal/centrifuge@v0.33.3/internal/dissolve/queue.go:139 +0x4a
github.com/centrifugal/centrifuge/internal/dissolve.(*Dissolver).runWorker(0xc0138d1758)
	/home/mariell/go/pkg/mod/github.com/centrifugal/centrifuge@v0.33.3/internal/dissolve/dissolve.go:52 +0x27
created by github.com/centrifugal/centrifuge/internal/dissolve.(*Dissolver).Run in goroutine 22317
	/home/mariell/go/pkg/mod/github.com/centrifugal/centrifuge@v0.33.3/internal/dissolve/dissolve.go:31 +0x25

goroutine 77515 [sync.Cond.Wait]:
sync.runtime_notifyListWait(0xc048050350, 0xf)
	/usr/lib/go/src/runtime/sema.go:597 +0x159
sync.(*Cond).Wait(0xc01644b7d0?)
	/usr/lib/go/src/sync/cond.go:71 +0x85
github.com/centrifugal/centrifuge/internal/dissolve.(*queueImpl).Wait(0xc048072150)
	/home/mariell/go/pkg/mod/github.com/centrifugal/centrifuge@v0.33.3/internal/dissolve/queue.go:139 +0x4a
github.com/centrifugal/centrifuge/internal/dissolve.(*Dissolver).runWorker(0xc0138d1758)
	/home/mariell/go/pkg/mod/github.com/centrifugal/centrifuge@v0.33.3/internal/dissolve/dissolve.go:52 +0x27
created by github.com/centrifugal/centrifuge/internal/dissolve.(*Dissolver).Run in goroutine 22317
	/home/mariell/go/pkg/mod/github.com/centrifugal/centrifuge@v0.33.3/internal/dissolve/dissolve.go:31 +0x25

goroutine 77516 [sync.Cond.Wait]:
sync.runtime_notifyListWait(0xc048050350, 0x10)
	/usr/lib/go/src/runtime/sema.go:597 +0x159
sync.(*Cond).Wait(0x0?)
	/usr/lib/go/src/sync/cond.go:71 +0x85
github.com/centrifugal/centrifuge/internal/dissolve.(*queueImpl).Wait(0xc048072150)
	/home/mariell/go/pkg/mod/github.com/centrifugal/centrifuge@v0.33.3/internal/dissolve/queue.go:139 +0x4a
github.com/centrifugal/centrifuge/internal/dissolve.(*Dissolver).runWorker(0xc0138d1758)
	/home/mariell/go/pkg/mod/github.com/centrifugal/centrifuge@v0.33.3/internal/dissolve/dissolve.go:52 +0x27
created by github.com/centrifugal/centrifuge/internal/dissolve.(*Dissolver).Run in goroutine 22317
	/home/mariell/go/pkg/mod/github.com/centrifugal/centrifuge@v0.33.3/internal/dissolve/dissolve.go:31 +0x25

goroutine 77517 [sync.Cond.Wait]:
sync.runtime_notifyListWait(0xc048050350, 0x11)
	/usr/lib/go/src/runtime/sema.go:597 +0x159
sync.(*Cond).Wait(0xc03d55afd0?)
	/usr/lib/go/src/sync/cond.go:71 +0x85
github.com/centrifugal/centrifuge/internal/dissolve.(*queueImpl).Wait(0xc048072150)
	/home/mariell/go/pkg/mod/github.com/centrifugal/centrifuge@v0.33.3/internal/dissolve/queue.go:139 +0x4a
github.com/centrifugal/centrifuge/internal/dissolve.(*Dissolver).runWorker(0xc0138d1758)
	/home/mariell/go/pkg/mod/github.com/centrifugal/centrifuge@v0.33.3/internal/dissolve/dissolve.go:52 +0x27
created by github.com/centrifugal/centrifuge/internal/dissolve.(*Dissolver).Run in goroutine 22317
	/home/mariell/go/pkg/mod/github.com/centrifugal/centrifuge@v0.33.3/internal/dissolve/dissolve.go:31 +0x25

goroutine 77518 [sync.Cond.Wait]:
sync.runtime_notifyListWait(0xc048050350, 0x12)
	/usr/lib/go/src/runtime/sema.go:597 +0x159
sync.(*Cond).Wait(0x3466623532383536?)
	/usr/lib/go/src/sync/cond.go:71 +0x85
github.com/centrifugal/centrifuge/internal/dissolve.(*queueImpl).Wait(0xc048072150)
	/home/mariell/go/pkg/mod/github.com/centrifugal/centrifuge@v0.33.3/internal/dissolve/queue.go:139 +0x4a
github.com/centrifugal/centrifuge/internal/dissolve.(*Dissolver).runWorker(0xc0138d1758)
	/home/mariell/go/pkg/mod/github.com/centrifugal/centrifuge@v0.33.3/internal/dissolve/dissolve.go:52 +0x27
created by github.com/centrifugal/centrifuge/internal/dissolve.(*Dissolver).Run in goroutine 22317
	/home/mariell/go/pkg/mod/github.com/centrifugal/centrifuge@v0.33.3/internal/dissolve/dissolve.go:31 +0x25

goroutine 77519 [sync.Cond.Wait]:
sync.runtime_notifyListWait(0xc048050350, 0x13)
	/usr/lib/go/src/runtime/sema.go:597 +0x159
sync.(*Cond).Wait(0x0?)
	/usr/lib/go/src/sync/cond.go:71 +0x85
github.com/centrifugal/centrifuge/internal/dissolve.(*queueImpl).Wait(0xc048072150)
	/home/mariell/go/pkg/mod/github.com/centrifugal/centrifuge@v0.33.3/internal/dissolve/queue.go:139 +0x4a
github.com/centrifugal/centrifuge/internal/dissolve.(*Dissolver).runWorker(0xc0138d1758)
	/home/mariell/go/pkg/mod/github.com/centrifugal/centrifuge@v0.33.3/internal/dissolve/dissolve.go:52 +0x27
created by github.com/centrifugal/centrifuge/internal/dissolve.(*Dissolver).Run in goroutine 22317
	/home/mariell/go/pkg/mod/github.com/centrifugal/centrifuge@v0.33.3/internal/dissolve/dissolve.go:31 +0x25

goroutine 77520 [sync.Cond.Wait]:
sync.runtime_notifyListWait(0xc048050350, 0x14)
	/usr/lib/go/src/runtime/sema.go:597 +0x159
sync.(*Cond).Wait(0x0?)
	/usr/lib/go/src/sync/cond.go:71 +0x85
github.com/centrifugal/centrifuge/internal/dissolve.(*queueImpl).Wait(0xc048072150)
	/home/mariell/go/pkg/mod/github.com/centrifugal/centrifuge@v0.33.3/internal/dissolve/queue.go:139 +0x4a
github.com/centrifugal/centrifuge/internal/dissolve.(*Dissolver).runWorker(0xc0138d1758)
	/home/mariell/go/pkg/mod/github.com/centrifugal/centrifuge@v0.33.3/internal/dissolve/dissolve.go:52 +0x27
created by github.com/centrifugal/centrifuge/internal/dissolve.(*Dissolver).Run in goroutine 22317
	/home/mariell/go/pkg/mod/github.com/centrifugal/centrifuge@v0.33.3/internal/dissolve/dissolve.go:31 +0x25

goroutine 77521 [sync.Cond.Wait]:
sync.runtime_notifyListWait(0xc048050350, 0x15)
	/usr/lib/go/src/runtime/sema.go:597 +0x159
sync.(*Cond).Wait(0x0?)
	/usr/lib/go/src/sync/cond.go:71 +0x85
github.com/centrifugal/centrifuge/internal/dissolve.(*queueImpl).Wait(0xc048072150)
	/home/mariell/go/pkg/mod/github.com/centrifugal/centrifuge@v0.33.3/internal/dissolve/queue.go:139 +0x4a
github.com/centrifugal/centrifuge/internal/dissolve.(*Dissolver).runWorker(0xc0138d1758)
	/home/mariell/go/pkg/mod/github.com/centrifugal/centrifuge@v0.33.3/internal/dissolve/dissolve.go:52 +0x27
created by github.com/centrifugal/centrifuge/internal/dissolve.(*Dissolver).Run in goroutine 22317
	/home/mariell/go/pkg/mod/github.com/centrifugal/centrifuge@v0.33.3/internal/dissolve/dissolve.go:31 +0x25

goroutine 77522 [sync.Cond.Wait]:
sync.runtime_notifyListWait(0xc048050350, 0x16)
	/usr/lib/go/src/runtime/sema.go:597 +0x159
sync.(*Cond).Wait(0xc047798c40?)
	/usr/lib/go/src/sync/cond.go:71 +0x85
github.com/centrifugal/centrifuge/internal/dissolve.(*queueImpl).Wait(0xc048072150)
	/home/mariell/go/pkg/mod/github.com/centrifugal/centrifuge@v0.33.3/internal/dissolve/queue.go:139 +0x4a
github.com/centrifugal/centrifuge/internal/dissolve.(*Dissolver).runWorker(0xc0138d1758)
	/home/mariell/go/pkg/mod/github.com/centrifugal/centrifuge@v0.33.3/internal/dissolve/dissolve.go:52 +0x27
created by github.com/centrifugal/centrifuge/internal/dissolve.(*Dissolver).Run in goroutine 22317
	/home/mariell/go/pkg/mod/github.com/centrifugal/centrifuge@v0.33.3/internal/dissolve/dissolve.go:31 +0x25

goroutine 77523 [sync.Cond.Wait]:
sync.runtime_notifyListWait(0xc048050350, 0x17)
	/usr/lib/go/src/runtime/sema.go:597 +0x159
sync.(*Cond).Wait(0x88a04a0?)
	/usr/lib/go/src/sync/cond.go:71 +0x85
github.com/centrifugal/centrifuge/internal/dissolve.(*queueImpl).Wait(0xc048072150)
	/home/mariell/go/pkg/mod/github.com/centrifugal/centrifuge@v0.33.3/internal/dissolve/queue.go:139 +0x4a
github.com/centrifugal/centrifuge/internal/dissolve.(*Dissolver).runWorker(0xc0138d1758)
	/home/mariell/go/pkg/mod/github.com/centrifugal/centrifuge@v0.33.3/internal/dissolve/dissolve.go:52 +0x27
created by github.com/centrifugal/centrifuge/internal/dissolve.(*Dissolver).Run in goroutine 22317
	/home/mariell/go/pkg/mod/github.com/centrifugal/centrifuge@v0.33.3/internal/dissolve/dissolve.go:31 +0x25

goroutine 77524 [sync.Cond.Wait]:
sync.runtime_notifyListWait(0xc048050350, 0x18)
	/usr/lib/go/src/runtime/sema.go:597 +0x159
sync.(*Cond).Wait(0xc04767a7d0?)
	/usr/lib/go/src/sync/cond.go:71 +0x85
github.com/centrifugal/centrifuge/internal/dissolve.(*queueImpl).Wait(0xc048072150)
	/home/mariell/go/pkg/mod/github.com/centrifugal/centrifuge@v0.33.3/internal/dissolve/queue.go:139 +0x4a
github.com/centrifugal/centrifuge/internal/dissolve.(*Dissolver).runWorker(0xc0138d1758)
	/home/mariell/go/pkg/mod/github.com/centrifugal/centrifuge@v0.33.3/internal/dissolve/dissolve.go:52 +0x27
created by github.com/centrifugal/centrifuge/internal/dissolve.(*Dissolver).Run in goroutine 22317
	/home/mariell/go/pkg/mod/github.com/centrifugal/centrifuge@v0.33.3/internal/dissolve/dissolve.go:31 +0x25

goroutine 77525 [sync.Cond.Wait]:
sync.runtime_notifyListWait(0xc048050350, 0x19)
	/usr/lib/go/src/runtime/sema.go:597 +0x159
sync.(*Cond).Wait(0x100000000000000?)
	/usr/lib/go/src/sync/cond.go:71 +0x85
github.com/centrifugal/centrifuge/internal/dissolve.(*queueImpl).Wait(0xc048072150)
	/home/mariell/go/pkg/mod/github.com/centrifugal/centrifuge@v0.33.3/internal/dissolve/queue.go:139 +0x4a
github.com/centrifugal/centrifuge/internal/dissolve.(*Dissolver).runWorker(0xc0138d1758)
	/home/mariell/go/pkg/mod/github.com/centrifugal/centrifuge@v0.33.3/internal/dissolve/dissolve.go:52 +0x27
created by github.com/centrifugal/centrifuge/internal/dissolve.(*Dissolver).Run in goroutine 22317
	/home/mariell/go/pkg/mod/github.com/centrifugal/centrifuge@v0.33.3/internal/dissolve/dissolve.go:31 +0x25

goroutine 77526 [sync.Cond.Wait]:
sync.runtime_notifyListWait(0xc048050350, 0x1a)
	/usr/lib/go/src/runtime/sema.go:597 +0x159
sync.(*Cond).Wait(0x0?)
	/usr/lib/go/src/sync/cond.go:71 +0x85
github.com/centrifugal/centrifuge/internal/dissolve.(*queueImpl).Wait(0xc048072150)
	/home/mariell/go/pkg/mod/github.com/centrifugal/centrifuge@v0.33.3/internal/dissolve/queue.go:139 +0x4a
github.com/centrifugal/centrifuge/internal/dissolve.(*Dissolver).runWorker(0xc0138d1758)
	/home/mariell/go/pkg/mod/github.com/centrifugal/centrifuge@v0.33.3/internal/dissolve/dissolve.go:52 +0x27
created by github.com/centrifugal/centrifuge/internal/dissolve.(*Dissolver).Run in goroutine 22317
	/home/mariell/go/pkg/mod/github.com/centrifugal/centrifuge@v0.33.3/internal/dissolve/dissolve.go:31 +0x25

goroutine 77527 [sync.Cond.Wait]:
sync.runtime_notifyListWait(0xc048050350, 0x1b)
	/usr/lib/go/src/runtime/sema.go:597 +0x159
sync.(*Cond).Wait(0x7f66560?)
	/usr/lib/go/src/sync/cond.go:71 +0x85
github.com/centrifugal/centrifuge/internal/dissolve.(*queueImpl).Wait(0xc048072150)
	/home/mariell/go/pkg/mod/github.com/centrifugal/centrifuge@v0.33.3/internal/dissolve/queue.go:139 +0x4a
github.com/centrifugal/centrifuge/internal/dissolve.(*Dissolver).runWorker(0xc0138d1758)
	/home/mariell/go/pkg/mod/github.com/centrifugal/centrifuge@v0.33.3/internal/dissolve/dissolve.go:52 +0x27
created by github.com/centrifugal/centrifuge/internal/dissolve.(*Dissolver).Run in goroutine 22317
	/home/mariell/go/pkg/mod/github.com/centrifugal/centrifuge@v0.33.3/internal/dissolve/dissolve.go:31 +0x25

goroutine 77528 [sync.Cond.Wait]:
sync.runtime_notifyListWait(0xc048050350, 0x1c)
	/usr/lib/go/src/runtime/sema.go:597 +0x159
sync.(*Cond).Wait(0x7f66560?)
	/usr/lib/go/src/sync/cond.go:71 +0x85
github.com/centrifugal/centrifuge/internal/dissolve.(*queueImpl).Wait(0xc048072150)
	/home/mariell/go/pkg/mod/github.com/centrifugal/centrifuge@v0.33.3/internal/dissolve/queue.go:139 +0x4a
github.com/centrifugal/centrifuge/internal/dissolve.(*Dissolver).runWorker(0xc0138d1758)
	/home/mariell/go/pkg/mod/github.com/centrifugal/centrifuge@v0.33.3/internal/dissolve/dissolve.go:52 +0x27
created by github.com/centrifugal/centrifuge/internal/dissolve.(*Dissolver).Run in goroutine 22317
	/home/mariell/go/pkg/mod/github.com/centrifugal/centrifuge@v0.33.3/internal/dissolve/dissolve.go:31 +0x25

goroutine 77529 [sync.Cond.Wait]:
sync.runtime_notifyListWait(0xc048050350, 0x1d)
	/usr/lib/go/src/runtime/sema.go:597 +0x159
sync.(*Cond).Wait(0x7f66560?)
	/usr/lib/go/src/sync/cond.go:71 +0x85
github.com/centrifugal/centrifuge/internal/dissolve.(*queueImpl).Wait(0xc048072150)
	/home/mariell/go/pkg/mod/github.com/centrifugal/centrifuge@v0.33.3/internal/dissolve/queue.go:139 +0x4a
github.com/centrifugal/centrifuge/internal/dissolve.(*Dissolver).runWorker(0xc0138d1758)
	/home/mariell/go/pkg/mod/github.com/centrifugal/centrifuge@v0.33.3/internal/dissolve/dissolve.go:52 +0x27
created by github.com/centrifugal/centrifuge/internal/dissolve.(*Dissolver).Run in goroutine 22317
	/home/mariell/go/pkg/mod/github.com/centrifugal/centrifuge@v0.33.3/internal/dissolve/dissolve.go:31 +0x25

goroutine 77530 [sync.Cond.Wait]:
sync.runtime_notifyListWait(0xc048050350, 0x1e)
	/usr/lib/go/src/runtime/sema.go:597 +0x159
sync.(*Cond).Wait(0x7f66560?)
	/usr/lib/go/src/sync/cond.go:71 +0x85
github.com/centrifugal/centrifuge/internal/dissolve.(*queueImpl).Wait(0xc048072150)
	/home/mariell/go/pkg/mod/github.com/centrifugal/centrifuge@v0.33.3/internal/dissolve/queue.go:139 +0x4a
github.com/centrifugal/centrifuge/internal/dissolve.(*Dissolver).runWorker(0xc0138d1758)
	/home/mariell/go/pkg/mod/github.com/centrifugal/centrifuge@v0.33.3/internal/dissolve/dissolve.go:52 +0x27
created by github.com/centrifugal/centrifuge/internal/dissolve.(*Dissolver).Run in goroutine 22317
	/home/mariell/go/pkg/mod/github.com/centrifugal/centrifuge@v0.33.3/internal/dissolve/dissolve.go:31 +0x25

goroutine 77531 [sync.Cond.Wait]:
sync.runtime_notifyListWait(0xc048050350, 0x1f)
	/usr/lib/go/src/runtime/sema.go:597 +0x159
sync.(*Cond).Wait(0x0?)
	/usr/lib/go/src/sync/cond.go:71 +0x85
github.com/centrifugal/centrifuge/internal/dissolve.(*queueImpl).Wait(0xc048072150)
	/home/mariell/go/pkg/mod/github.com/centrifugal/centrifuge@v0.33.3/internal/dissolve/queue.go:139 +0x4a
github.com/centrifugal/centrifuge/internal/dissolve.(*Dissolver).runWorker(0xc0138d1758)
	/home/mariell/go/pkg/mod/github.com/centrifugal/centrifuge@v0.33.3/internal/dissolve/dissolve.go:52 +0x27
created by github.com/centrifugal/centrifuge/internal/dissolve.(*Dissolver).Run in goroutine 22317
	/home/mariell/go/pkg/mod/github.com/centrifugal/centrifuge@v0.33.3/internal/dissolve/dissolve.go:31 +0x25

goroutine 77532 [sync.Cond.Wait]:
sync.runtime_notifyListWait(0xc048050350, 0x20)
	/usr/lib/go/src/runtime/sema.go:597 +0x159
sync.(*Cond).Wait(0x7f66560?)
	/usr/lib/go/src/sync/cond.go:71 +0x85
github.com/centrifugal/centrifuge/internal/dissolve.(*queueImpl).Wait(0xc048072150)
	/home/mariell/go/pkg/mod/github.com/centrifugal/centrifuge@v0.33.3/internal/dissolve/queue.go:139 +0x4a
github.com/centrifugal/centrifuge/internal/dissolve.(*Dissolver).runWorker(0xc0138d1758)
	/home/mariell/go/pkg/mod/github.com/centrifugal/centrifuge@v0.33.3/internal/dissolve/dissolve.go:52 +0x27
created by github.com/centrifugal/centrifuge/internal/dissolve.(*Dissolver).Run in goroutine 22317
	/home/mariell/go/pkg/mod/github.com/centrifugal/centrifuge@v0.33.3/internal/dissolve/dissolve.go:31 +0x25

goroutine 77533 [sync.Cond.Wait]:
sync.runtime_notifyListWait(0xc048050350, 0x21)
	/usr/lib/go/src/runtime/sema.go:597 +0x159
sync.(*Cond).Wait(0x7f66560?)
	/usr/lib/go/src/sync/cond.go:71 +0x85
github.com/centrifugal/centrifuge/internal/dissolve.(*queueImpl).Wait(0xc048072150)
	/home/mariell/go/pkg/mod/github.com/centrifugal/centrifuge@v0.33.3/internal/dissolve/queue.go:139 +0x4a
github.com/centrifugal/centrifuge/internal/dissolve.(*Dissolver).runWorker(0xc0138d1758)
	/home/mariell/go/pkg/mod/github.com/centrifugal/centrifuge@v0.33.3/internal/dissolve/dissolve.go:52 +0x27
created by github.com/centrifugal/centrifuge/internal/dissolve.(*Dissolver).Run in goroutine 22317
	/home/mariell/go/pkg/mod/github.com/centrifugal/centrifuge@v0.33.3/internal/dissolve/dissolve.go:31 +0x25

goroutine 77534 [sync.Cond.Wait]:
sync.runtime_notifyListWait(0xc048050350, 0x22)
	/usr/lib/go/src/runtime/sema.go:597 +0x159
sync.(*Cond).Wait(0x0?)
	/usr/lib/go/src/sync/cond.go:71 +0x85
github.com/centrifugal/centrifuge/internal/dissolve.(*queueImpl).Wait(0xc048072150)
	/home/mariell/go/pkg/mod/github.com/centrifugal/centrifuge@v0.33.3/internal/dissolve/queue.go:139 +0x4a
github.com/centrifugal/centrifuge/internal/dissolve.(*Dissolver).runWorker(0xc0138d1758)
	/home/mariell/go/pkg/mod/github.com/centrifugal/centrifuge@v0.33.3/internal/dissolve/dissolve.go:52 +0x27
created by github.com/centrifugal/centrifuge/internal/dissolve.(*Dissolver).Run in goroutine 22317
	/home/mariell/go/pkg/mod/github.com/centrifugal/centrifuge@v0.33.3/internal/dissolve/dissolve.go:31 +0x25

goroutine 77535 [sync.Cond.Wait]:
sync.runtime_notifyListWait(0xc048050350, 0x23)
	/usr/lib/go/src/runtime/sema.go:597 +0x159
sync.(*Cond).Wait(0x0?)
	/usr/lib/go/src/sync/cond.go:71 +0x85
github.com/centrifugal/centrifuge/internal/dissolve.(*queueImpl).Wait(0xc048072150)
	/home/mariell/go/pkg/mod/github.com/centrifugal/centrifuge@v0.33.3/internal/dissolve/queue.go:139 +0x4a
github.com/centrifugal/centrifuge/internal/dissolve.(*Dissolver).runWorker(0xc0138d1758)
	/home/mariell/go/pkg/mod/github.com/centrifugal/centrifuge@v0.33.3/internal/dissolve/dissolve.go:52 +0x27
created by github.com/centrifugal/centrifuge/internal/dissolve.(*Dissolver).Run in goroutine 22317
	/home/mariell/go/pkg/mod/github.com/centrifugal/centrifuge@v0.33.3/internal/dissolve/dissolve.go:31 +0x25

goroutine 77536 [sync.Cond.Wait]:
sync.runtime_notifyListWait(0xc048050350, 0x24)
	/usr/lib/go/src/runtime/sema.go:597 +0x159
sync.(*Cond).Wait(0x0?)
	/usr/lib/go/src/sync/cond.go:71 +0x85
github.com/centrifugal/centrifuge/internal/dissolve.(*queueImpl).Wait(0xc048072150)
	/home/mariell/go/pkg/mod/github.com/centrifugal/centrifuge@v0.33.3/internal/dissolve/queue.go:139 +0x4a
github.com/centrifugal/centrifuge/internal/dissolve.(*Dissolver).runWorker(0xc0138d1758)
	/home/mariell/go/pkg/mod/github.com/centrifugal/centrifuge@v0.33.3/internal/dissolve/dissolve.go:52 +0x27
created by github.com/centrifugal/centrifuge/internal/dissolve.(*Dissolver).Run in goroutine 22317
	/home/mariell/go/pkg/mod/github.com/centrifugal/centrifuge@v0.33.3/internal/dissolve/dissolve.go:31 +0x25

goroutine 77537 [sync.Cond.Wait]:
sync.runtime_notifyListWait(0xc048050350, 0x25)
	/usr/lib/go/src/runtime/sema.go:597 +0x159
sync.(*Cond).Wait(0x0?)
	/usr/lib/go/src/sync/cond.go:71 +0x85
github.com/centrifugal/centrifuge/internal/dissolve.(*queueImpl).Wait(0xc048072150)
	/home/mariell/go/pkg/mod/github.com/centrifugal/centrifuge@v0.33.3/internal/dissolve/queue.go:139 +0x4a
github.com/centrifugal/centrifuge/internal/dissolve.(*Dissolver).runWorker(0xc0138d1758)
	/home/mariell/go/pkg/mod/github.com/centrifugal/centrifuge@v0.33.3/internal/dissolve/dissolve.go:52 +0x27
created by github.com/centrifugal/centrifuge/internal/dissolve.(*Dissolver).Run in goroutine 22317
	/home/mariell/go/pkg/mod/github.com/centrifugal/centrifuge@v0.33.3/internal/dissolve/dissolve.go:31 +0x25

goroutine 77538 [sync.Cond.Wait]:
sync.runtime_notifyListWait(0xc048050350, 0x26)
	/usr/lib/go/src/runtime/sema.go:597 +0x159
sync.(*Cond).Wait(0x0?)
	/usr/lib/go/src/sync/cond.go:71 +0x85
github.com/centrifugal/centrifuge/internal/dissolve.(*queueImpl).Wait(0xc048072150)
	/home/mariell/go/pkg/mod/github.com/centrifugal/centrifuge@v0.33.3/internal/dissolve/queue.go:139 +0x4a
github.com/centrifugal/centrifuge/internal/dissolve.(*Dissolver).runWorker(0xc0138d1758)
	/home/mariell/go/pkg/mod/github.com/centrifugal/centrifuge@v0.33.3/internal/dissolve/dissolve.go:52 +0x27
created by github.com/centrifugal/centrifuge/internal/dissolve.(*Dissolver).Run in goroutine 22317
	/home/mariell/go/pkg/mod/github.com/centrifugal/centrifuge@v0.33.3/internal/dissolve/dissolve.go:31 +0x25

goroutine 77539 [sync.Cond.Wait]:
sync.runtime_notifyListWait(0xc048050350, 0x27)
	/usr/lib/go/src/runtime/sema.go:597 +0x159
sync.(*Cond).Wait(0x0?)
	/usr/lib/go/src/sync/cond.go:71 +0x85
github.com/centrifugal/centrifuge/internal/dissolve.(*queueImpl).Wait(0xc048072150)
	/home/mariell/go/pkg/mod/github.com/centrifugal/centrifuge@v0.33.3/internal/dissolve/queue.go:139 +0x4a
github.com/centrifugal/centrifuge/internal/dissolve.(*Dissolver).runWorker(0xc0138d1758)
	/home/mariell/go/pkg/mod/github.com/centrifugal/centrifuge@v0.33.3/internal/dissolve/dissolve.go:52 +0x27
created by github.com/centrifugal/centrifuge/internal/dissolve.(*Dissolver).Run in goroutine 22317
	/home/mariell/go/pkg/mod/github.com/centrifugal/centrifuge@v0.33.3/internal/dissolve/dissolve.go:31 +0x25

goroutine 77540 [sync.Cond.Wait]:
sync.runtime_notifyListWait(0xc048050350, 0x28)
	/usr/lib/go/src/runtime/sema.go:597 +0x159
sync.(*Cond).Wait(0x7f66560?)
	/usr/lib/go/src/sync/cond.go:71 +0x85
github.com/centrifugal/centrifuge/internal/dissolve.(*queueImpl).Wait(0xc048072150)
	/home/mariell/go/pkg/mod/github.com/centrifugal/centrifuge@v0.33.3/internal/dissolve/queue.go:139 +0x4a
github.com/centrifugal/centrifuge/internal/dissolve.(*Dissolver).runWorker(0xc0138d1758)
	/home/mariell/go/pkg/mod/github.com/centrifugal/centrifuge@v0.33.3/internal/dissolve/dissolve.go:52 +0x27
created by github.com/centrifugal/centrifuge/internal/dissolve.(*Dissolver).Run in goroutine 22317
	/home/mariell/go/pkg/mod/github.com/centrifugal/centrifuge@v0.33.3/internal/dissolve/dissolve.go:31 +0x25

goroutine 77541 [sync.Cond.Wait]:
sync.runtime_notifyListWait(0xc048050350, 0x29)
	/usr/lib/go/src/runtime/sema.go:597 +0x159
sync.(*Cond).Wait(0x0?)
	/usr/lib/go/src/sync/cond.go:71 +0x85
github.com/centrifugal/centrifuge/internal/dissolve.(*queueImpl).Wait(0xc048072150)
	/home/mariell/go/pkg/mod/github.com/centrifugal/centrifuge@v0.33.3/internal/dissolve/queue.go:139 +0x4a
github.com/centrifugal/centrifuge/internal/dissolve.(*Dissolver).runWorker(0xc0138d1758)
	/home/mariell/go/pkg/mod/github.com/centrifugal/centrifuge@v0.33.3/internal/dissolve/dissolve.go:52 +0x27
created by github.com/centrifugal/centrifuge/internal/dissolve.(*Dissolver).Run in goroutine 22317
	/home/mariell/go/pkg/mod/github.com/centrifugal/centrifuge@v0.33.3/internal/dissolve/dissolve.go:31 +0x25

goroutine 77542 [sync.Cond.Wait]:
sync.runtime_notifyListWait(0xc048050350, 0x2a)
	/usr/lib/go/src/runtime/sema.go:597 +0x159
sync.(*Cond).Wait(0x0?)
	/usr/lib/go/src/sync/cond.go:71 +0x85
github.com/centrifugal/centrifuge/internal/dissolve.(*queueImpl).Wait(0xc048072150)
	/home/mariell/go/pkg/mod/github.com/centrifugal/centrifuge@v0.33.3/internal/dissolve/queue.go:139 +0x4a
github.com/centrifugal/centrifuge/internal/dissolve.(*Dissolver).runWorker(0xc0138d1758)
	/home/mariell/go/pkg/mod/github.com/centrifugal/centrifuge@v0.33.3/internal/dissolve/dissolve.go:52 +0x27
created by github.com/centrifugal/centrifuge/internal/dissolve.(*Dissolver).Run in goroutine 22317
	/home/mariell/go/pkg/mod/github.com/centrifugal/centrifuge@v0.33.3/internal/dissolve/dissolve.go:31 +0x25

goroutine 77543 [sync.Cond.Wait]:
sync.runtime_notifyListWait(0xc048050350, 0x2b)
	/usr/lib/go/src/runtime/sema.go:597 +0x159
sync.(*Cond).Wait(0x0?)
	/usr/lib/go/src/sync/cond.go:71 +0x85
github.com/centrifugal/centrifuge/internal/dissolve.(*queueImpl).Wait(0xc048072150)
	/home/mariell/go/pkg/mod/github.com/centrifugal/centrifuge@v0.33.3/internal/dissolve/queue.go:139 +0x4a
github.com/centrifugal/centrifuge/internal/dissolve.(*Dissolver).runWorker(0xc0138d1758)
	/home/mariell/go/pkg/mod/github.com/centrifugal/centrifuge@v0.33.3/internal/dissolve/dissolve.go:52 +0x27
created by github.com/centrifugal/centrifuge/internal/dissolve.(*Dissolver).Run in goroutine 22317
	/home/mariell/go/pkg/mod/github.com/centrifugal/centrifuge@v0.33.3/internal/dissolve/dissolve.go:31 +0x25

goroutine 77544 [sync.Cond.Wait]:
sync.runtime_notifyListWait(0xc048050350, 0x2c)
	/usr/lib/go/src/runtime/sema.go:597 +0x159
sync.(*Cond).Wait(0x0?)
	/usr/lib/go/src/sync/cond.go:71 +0x85
github.com/centrifugal/centrifuge/internal/dissolve.(*queueImpl).Wait(0xc048072150)
	/home/mariell/go/pkg/mod/github.com/centrifugal/centrifuge@v0.33.3/internal/dissolve/queue.go:139 +0x4a
github.com/centrifugal/centrifuge/internal/dissolve.(*Dissolver).runWorker(0xc0138d1758)
	/home/mariell/go/pkg/mod/github.com/centrifugal/centrifuge@v0.33.3/internal/dissolve/dissolve.go:52 +0x27
created by github.com/centrifugal/centrifuge/internal/dissolve.(*Dissolver).Run in goroutine 22317
	/home/mariell/go/pkg/mod/github.com/centrifugal/centrifuge@v0.33.3/internal/dissolve/dissolve.go:31 +0x25

goroutine 77545 [sync.Cond.Wait]:
sync.runtime_notifyListWait(0xc048050350, 0x2d)
	/usr/lib/go/src/runtime/sema.go:597 +0x159
sync.(*Cond).Wait(0x0?)
	/usr/lib/go/src/sync/cond.go:71 +0x85
github.com/centrifugal/centrifuge/internal/dissolve.(*queueImpl).Wait(0xc048072150)
	/home/mariell/go/pkg/mod/github.com/centrifugal/centrifuge@v0.33.3/internal/dissolve/queue.go:139 +0x4a
github.com/centrifugal/centrifuge/internal/dissolve.(*Dissolver).runWorker(0xc0138d1758)
	/home/mariell/go/pkg/mod/github.com/centrifugal/centrifuge@v0.33.3/internal/dissolve/dissolve.go:52 +0x27
created by github.com/centrifugal/centrifuge/internal/dissolve.(*Dissolver).Run in goroutine 22317
	/home/mariell/go/pkg/mod/github.com/centrifugal/centrifuge@v0.33.3/internal/dissolve/dissolve.go:31 +0x25

goroutine 77546 [sync.Cond.Wait]:
sync.runtime_notifyListWait(0xc048050350, 0x2e)
	/usr/lib/go/src/runtime/sema.go:597 +0x159
sync.(*Cond).Wait(0x0?)
	/usr/lib/go/src/sync/cond.go:71 +0x85
github.com/centrifugal/centrifuge/internal/dissolve.(*queueImpl).Wait(0xc048072150)
	/home/mariell/go/pkg/mod/github.com/centrifugal/centrifuge@v0.33.3/internal/dissolve/queue.go:139 +0x4a
github.com/centrifugal/centrifuge/internal/dissolve.(*Dissolver).runWorker(0xc0138d1758)
	/home/mariell/go/pkg/mod/github.com/centrifugal/centrifuge@v0.33.3/internal/dissolve/dissolve.go:52 +0x27
created by github.com/centrifugal/centrifuge/internal/dissolve.(*Dissolver).Run in goroutine 22317
	/home/mariell/go/pkg/mod/github.com/centrifugal/centrifuge@v0.33.3/internal/dissolve/dissolve.go:31 +0x25

goroutine 77547 [sync.Cond.Wait]:
sync.runtime_notifyListWait(0xc048050350, 0x2f)
	/usr/lib/go/src/runtime/sema.go:597 +0x159
sync.(*Cond).Wait(0x0?)
	/usr/lib/go/src/sync/cond.go:71 +0x85
github.com/centrifugal/centrifuge/internal/dissolve.(*queueImpl).Wait(0xc048072150)
	/home/mariell/go/pkg/mod/github.com/centrifugal/centrifuge@v0.33.3/internal/dissolve/queue.go:139 +0x4a
github.com/centrifugal/centrifuge/internal/dissolve.(*Dissolver).runWorker(0xc0138d1758)
	/home/mariell/go/pkg/mod/github.com/centrifugal/centrifuge@v0.33.3/internal/dissolve/dissolve.go:52 +0x27
created by github.com/centrifugal/centrifuge/internal/dissolve.(*Dissolver).Run in goroutine 22317
	/home/mariell/go/pkg/mod/github.com/centrifugal/centrifuge@v0.33.3/internal/dissolve/dissolve.go:31 +0x25

goroutine 77548 [sync.Cond.Wait]:
sync.runtime_notifyListWait(0xc048050350, 0x30)
	/usr/lib/go/src/runtime/sema.go:597 +0x159
sync.(*Cond).Wait(0x7f66560?)
	/usr/lib/go/src/sync/cond.go:71 +0x85
github.com/centrifugal/centrifuge/internal/dissolve.(*queueImpl).Wait(0xc048072150)
	/home/mariell/go/pkg/mod/github.com/centrifugal/centrifuge@v0.33.3/internal/dissolve/queue.go:139 +0x4a
github.com/centrifugal/centrifuge/internal/dissolve.(*Dissolver).runWorker(0xc0138d1758)
	/home/mariell/go/pkg/mod/github.com/centrifugal/centrifuge@v0.33.3/internal/dissolve/dissolve.go:52 +0x27
created by github.com/centrifugal/centrifuge/internal/dissolve.(*Dissolver).Run in goroutine 22317
	/home/mariell/go/pkg/mod/github.com/centrifugal/centrifuge@v0.33.3/internal/dissolve/dissolve.go:31 +0x25

goroutine 77549 [sync.Cond.Wait]:
sync.runtime_notifyListWait(0xc048050350, 0x31)
	/usr/lib/go/src/runtime/sema.go:597 +0x159
sync.(*Cond).Wait(0x7f66560?)
	/usr/lib/go/src/sync/cond.go:71 +0x85
github.com/centrifugal/centrifuge/internal/dissolve.(*queueImpl).Wait(0xc048072150)
	/home/mariell/go/pkg/mod/github.com/centrifugal/centrifuge@v0.33.3/internal/dissolve/queue.go:139 +0x4a
github.com/centrifugal/centrifuge/internal/dissolve.(*Dissolver).runWorker(0xc0138d1758)
	/home/mariell/go/pkg/mod/github.com/centrifugal/centrifuge@v0.33.3/internal/dissolve/dissolve.go:52 +0x27
created by github.com/centrifugal/centrifuge/internal/dissolve.(*Dissolver).Run in goroutine 22317
	/home/mariell/go/pkg/mod/github.com/centrifugal/centrifuge@v0.33.3/internal/dissolve/dissolve.go:31 +0x25

goroutine 77550 [sync.Cond.Wait]:
sync.runtime_notifyListWait(0xc048050350, 0x32)
	/usr/lib/go/src/runtime/sema.go:597 +0x159
sync.(*Cond).Wait(0x0?)
	/usr/lib/go/src/sync/cond.go:71 +0x85
github.com/centrifugal/centrifuge/internal/dissolve.(*queueImpl).Wait(0xc048072150)
	/home/mariell/go/pkg/mod/github.com/centrifugal/centrifuge@v0.33.3/internal/dissolve/queue.go:139 +0x4a
github.com/centrifugal/centrifuge/internal/dissolve.(*Dissolver).runWorker(0xc0138d1758)
	/home/mariell/go/pkg/mod/github.com/centrifugal/centrifuge@v0.33.3/internal/dissolve/dissolve.go:52 +0x27
created by github.com/centrifugal/centrifuge/internal/dissolve.(*Dissolver).Run in goroutine 22317
	/home/mariell/go/pkg/mod/github.com/centrifugal/centrifuge@v0.33.3/internal/dissolve/dissolve.go:31 +0x25

goroutine 77551 [sync.Cond.Wait]:
sync.runtime_notifyListWait(0xc048050350, 0x33)
	/usr/lib/go/src/runtime/sema.go:597 +0x159
sync.(*Cond).Wait(0x0?)
	/usr/lib/go/src/sync/cond.go:71 +0x85
github.com/centrifugal/centrifuge/internal/dissolve.(*queueImpl).Wait(0xc048072150)
	/home/mariell/go/pkg/mod/github.com/centrifugal/centrifuge@v0.33.3/internal/dissolve/queue.go:139 +0x4a
github.com/centrifugal/centrifuge/internal/dissolve.(*Dissolver).runWorker(0xc0138d1758)
	/home/mariell/go/pkg/mod/github.com/centrifugal/centrifuge@v0.33.3/internal/dissolve/dissolve.go:52 +0x27
created by github.com/centrifugal/centrifuge/internal/dissolve.(*Dissolver).Run in goroutine 22317
	/home/mariell/go/pkg/mod/github.com/centrifugal/centrifuge@v0.33.3/internal/dissolve/dissolve.go:31 +0x25

goroutine 77552 [sync.Cond.Wait]:
sync.runtime_notifyListWait(0xc048050350, 0x34)
	/usr/lib/go/src/runtime/sema.go:597 +0x159
sync.(*Cond).Wait(0x0?)
	/usr/lib/go/src/sync/cond.go:71 +0x85
github.com/centrifugal/centrifuge/internal/dissolve.(*queueImpl).Wait(0xc048072150)
	/home/mariell/go/pkg/mod/github.com/centrifugal/centrifuge@v0.33.3/internal/dissolve/queue.go:139 +0x4a
github.com/centrifugal/centrifuge/internal/dissolve.(*Dissolver).runWorker(0xc0138d1758)
	/home/mariell/go/pkg/mod/github.com/centrifugal/centrifuge@v0.33.3/internal/dissolve/dissolve.go:52 +0x27
created by github.com/centrifugal/centrifuge/internal/dissolve.(*Dissolver).Run in goroutine 22317
	/home/mariell/go/pkg/mod/github.com/centrifugal/centrifuge@v0.33.3/internal/dissolve/dissolve.go:31 +0x25

goroutine 77553 [sync.Cond.Wait]:
sync.runtime_notifyListWait(0xc048050350, 0x35)
	/usr/lib/go/src/runtime/sema.go:597 +0x159
sync.(*Cond).Wait(0x0?)
	/usr/lib/go/src/sync/cond.go:71 +0x85
github.com/centrifugal/centrifuge/internal/dissolve.(*queueImpl).Wait(0xc048072150)
	/home/mariell/go/pkg/mod/github.com/centrifugal/centrifuge@v0.33.3/internal/dissolve/queue.go:139 +0x4a
github.com/centrifugal/centrifuge/internal/dissolve.(*Dissolver).runWorker(0xc0138d1758)
	/home/mariell/go/pkg/mod/github.com/centrifugal/centrifuge@v0.33.3/internal/dissolve/dissolve.go:52 +0x27
created by github.com/centrifugal/centrifuge/internal/dissolve.(*Dissolver).Run in goroutine 22317
	/home/mariell/go/pkg/mod/github.com/centrifugal/centrifuge@v0.33.3/internal/dissolve/dissolve.go:31 +0x25

goroutine 77554 [sync.Cond.Wait]:
sync.runtime_notifyListWait(0xc048050350, 0x36)
	/usr/lib/go/src/runtime/sema.go:597 +0x159
sync.(*Cond).Wait(0x0?)
	/usr/lib/go/src/sync/cond.go:71 +0x85
github.com/centrifugal/centrifuge/internal/dissolve.(*queueImpl).Wait(0xc048072150)
	/home/mariell/go/pkg/mod/github.com/centrifugal/centrifuge@v0.33.3/internal/dissolve/queue.go:139 +0x4a
github.com/centrifugal/centrifuge/internal/dissolve.(*Dissolver).runWorker(0xc0138d1758)
	/home/mariell/go/pkg/mod/github.com/centrifugal/centrifuge@v0.33.3/internal/dissolve/dissolve.go:52 +0x27
created by github.com/centrifugal/centrifuge/internal/dissolve.(*Dissolver).Run in goroutine 22317
	/home/mariell/go/pkg/mod/github.com/centrifugal/centrifuge@v0.33.3/internal/dissolve/dissolve.go:31 +0x25

goroutine 77555 [sync.Cond.Wait]:
sync.runtime_notifyListWait(0xc048050350, 0x37)
	/usr/lib/go/src/runtime/sema.go:597 +0x159
sync.(*Cond).Wait(0x0?)
	/usr/lib/go/src/sync/cond.go:71 +0x85
github.com/centrifugal/centrifuge/internal/dissolve.(*queueImpl).Wait(0xc048072150)
	/home/mariell/go/pkg/mod/github.com/centrifugal/centrifuge@v0.33.3/internal/dissolve/queue.go:139 +0x4a
github.com/centrifugal/centrifuge/internal/dissolve.(*Dissolver).runWorker(0xc0138d1758)
	/home/mariell/go/pkg/mod/github.com/centrifugal/centrifuge@v0.33.3/internal/dissolve/dissolve.go:52 +0x27
created by github.com/centrifugal/centrifuge/internal/dissolve.(*Dissolver).Run in goroutine 22317
	/home/mariell/go/pkg/mod/github.com/centrifugal/centrifuge@v0.33.3/internal/dissolve/dissolve.go:31 +0x25

goroutine 77556 [sync.Cond.Wait]:
sync.runtime_notifyListWait(0xc048050350, 0x38)
	/usr/lib/go/src/runtime/sema.go:597 +0x159
sync.(*Cond).Wait(0x0?)
	/usr/lib/go/src/sync/cond.go:71 +0x85
github.com/centrifugal/centrifuge/internal/dissolve.(*queueImpl).Wait(0xc048072150)
	/home/mariell/go/pkg/mod/github.com/centrifugal/centrifuge@v0.33.3/internal/dissolve/queue.go:139 +0x4a
github.com/centrifugal/centrifuge/internal/dissolve.(*Dissolver).runWorker(0xc0138d1758)
	/home/mariell/go/pkg/mod/github.com/centrifugal/centrifuge@v0.33.3/internal/dissolve/dissolve.go:52 +0x27
created by github.com/centrifugal/centrifuge/internal/dissolve.(*Dissolver).Run in goroutine 22317
	/home/mariell/go/pkg/mod/github.com/centrifugal/centrifuge@v0.33.3/internal/dissolve/dissolve.go:31 +0x25

goroutine 77557 [sync.Cond.Wait]:
sync.runtime_notifyListWait(0xc048050350, 0x39)
	/usr/lib/go/src/runtime/sema.go:597 +0x159
sync.(*Cond).Wait(0x0?)
	/usr/lib/go/src/sync/cond.go:71 +0x85
github.com/centrifugal/centrifuge/internal/dissolve.(*queueImpl).Wait(0xc048072150)
	/home/mariell/go/pkg/mod/github.com/centrifugal/centrifuge@v0.33.3/internal/dissolve/queue.go:139 +0x4a
github.com/centrifugal/centrifuge/internal/dissolve.(*Dissolver).runWorker(0xc0138d1758)
	/home/mariell/go/pkg/mod/github.com/centrifugal/centrifuge@v0.33.3/internal/dissolve/dissolve.go:52 +0x27
created by github.com/centrifugal/centrifuge/internal/dissolve.(*Dissolver).Run in goroutine 22317
	/home/mariell/go/pkg/mod/github.com/centrifugal/centrifuge@v0.33.3/internal/dissolve/dissolve.go:31 +0x25

goroutine 77558 [sync.Cond.Wait]:
sync.runtime_notifyListWait(0xc048050350, 0x3a)
	/usr/lib/go/src/runtime/sema.go:597 +0x159
sync.(*Cond).Wait(0x0?)
	/usr/lib/go/src/sync/cond.go:71 +0x85
github.com/centrifugal/centrifuge/internal/dissolve.(*queueImpl).Wait(0xc048072150)
	/home/mariell/go/pkg/mod/github.com/centrifugal/centrifuge@v0.33.3/internal/dissolve/queue.go:139 +0x4a
github.com/centrifugal/centrifuge/internal/dissolve.(*Dissolver).runWorker(0xc0138d1758)
	/home/mariell/go/pkg/mod/github.com/centrifugal/centrifuge@v0.33.3/internal/dissolve/dissolve.go:52 +0x27
created by github.com/centrifugal/centrifuge/internal/dissolve.(*Dissolver).Run in goroutine 22317
	/home/mariell/go/pkg/mod/github.com/centrifugal/centrifuge@v0.33.3/internal/dissolve/dissolve.go:31 +0x25

goroutine 77559 [sync.Cond.Wait]:
sync.runtime_notifyListWait(0xc048050350, 0x3b)
	/usr/lib/go/src/runtime/sema.go:597 +0x159
sync.(*Cond).Wait(0x0?)
	/usr/lib/go/src/sync/cond.go:71 +0x85
github.com/centrifugal/centrifuge/internal/dissolve.(*queueImpl).Wait(0xc048072150)
	/home/mariell/go/pkg/mod/github.com/centrifugal/centrifuge@v0.33.3/internal/dissolve/queue.go:139 +0x4a
github.com/centrifugal/centrifuge/internal/dissolve.(*Dissolver).runWorker(0xc0138d1758)
	/home/mariell/go/pkg/mod/github.com/centrifugal/centrifuge@v0.33.3/internal/dissolve/dissolve.go:52 +0x27
created by github.com/centrifugal/centrifuge/internal/dissolve.(*Dissolver).Run in goroutine 22317
	/home/mariell/go/pkg/mod/github.com/centrifugal/centrifuge@v0.33.3/internal/dissolve/dissolve.go:31 +0x25

goroutine 77560 [sync.Cond.Wait]:
sync.runtime_notifyListWait(0xc048050350, 0x3c)
	/usr/lib/go/src/runtime/sema.go:597 +0x159
sync.(*Cond).Wait(0x0?)
	/usr/lib/go/src/sync/cond.go:71 +0x85
github.com/centrifugal/centrifuge/internal/dissolve.(*queueImpl).Wait(0xc048072150)
	/home/mariell/go/pkg/mod/github.com/centrifugal/centrifuge@v0.33.3/internal/dissolve/queue.go:139 +0x4a
github.com/centrifugal/centrifuge/internal/dissolve.(*Dissolver).runWorker(0xc0138d1758)
	/home/mariell/go/pkg/mod/github.com/centrifugal/centrifuge@v0.33.3/internal/dissolve/dissolve.go:52 +0x27
created by github.com/centrifugal/centrifuge/internal/dissolve.(*Dissolver).Run in goroutine 22317
	/home/mariell/go/pkg/mod/github.com/centrifugal/centrifuge@v0.33.3/internal/dissolve/dissolve.go:31 +0x25

goroutine 77561 [sync.Cond.Wait]:
sync.runtime_notifyListWait(0xc048050350, 0x3d)
	/usr/lib/go/src/runtime/sema.go:597 +0x159
sync.(*Cond).Wait(0x0?)
	/usr/lib/go/src/sync/cond.go:71 +0x85
github.com/centrifugal/centrifuge/internal/dissolve.(*queueImpl).Wait(0xc048072150)
	/home/mariell/go/pkg/mod/github.com/centrifugal/centrifuge@v0.33.3/internal/dissolve/queue.go:139 +0x4a
github.com/centrifugal/centrifuge/internal/dissolve.(*Dissolver).runWorker(0xc0138d1758)
	/home/mariell/go/pkg/mod/github.com/centrifugal/centrifuge@v0.33.3/internal/dissolve/dissolve.go:52 +0x27
created by github.com/centrifugal/centrifuge/internal/dissolve.(*Dissolver).Run in goroutine 22317
	/home/mariell/go/pkg/mod/github.com/centrifugal/centrifuge@v0.33.3/internal/dissolve/dissolve.go:31 +0x25

goroutine 77562 [sync.Cond.Wait]:
sync.runtime_notifyListWait(0xc048050350, 0x3e)
	/usr/lib/go/src/runtime/sema.go:597 +0x159
sync.(*Cond).Wait(0x0?)
	/usr/lib/go/src/sync/cond.go:71 +0x85
github.com/centrifugal/centrifuge/internal/dissolve.(*queueImpl).Wait(0xc048072150)
	/home/mariell/go/pkg/mod/github.com/centrifugal/centrifuge@v0.33.3/internal/dissolve/queue.go:139 +0x4a
github.com/centrifugal/centrifuge/internal/dissolve.(*Dissolver).runWorker(0xc0138d1758)
	/home/mariell/go/pkg/mod/github.com/centrifugal/centrifuge@v0.33.3/internal/dissolve/dissolve.go:52 +0x27
created by github.com/centrifugal/centrifuge/internal/dissolve.(*Dissolver).Run in goroutine 22317
	/home/mariell/go/pkg/mod/github.com/centrifugal/centrifuge@v0.33.3/internal/dissolve/dissolve.go:31 +0x25

goroutine 77563 [sync.Cond.Wait]:
sync.runtime_notifyListWait(0xc048050350, 0x3f)
	/usr/lib/go/src/runtime/sema.go:597 +0x159
sync.(*Cond).Wait(0x0?)
	/usr/lib/go/src/sync/cond.go:71 +0x85
github.com/centrifugal/centrifuge/internal/dissolve.(*queueImpl).Wait(0xc048072150)
	/home/mariell/go/pkg/mod/github.com/centrifugal/centrifuge@v0.33.3/internal/dissolve/queue.go:139 +0x4a
github.com/centrifugal/centrifuge/internal/dissolve.(*Dissolver).runWorker(0xc0138d1758)
	/home/mariell/go/pkg/mod/github.com/centrifugal/centrifuge@v0.33.3/internal/dissolve/dissolve.go:52 +0x27
created by github.com/centrifugal/centrifuge/internal/dissolve.(*Dissolver).Run in goroutine 22317
	/home/mariell/go/pkg/mod/github.com/centrifugal/centrifuge@v0.33.3/internal/dissolve/dissolve.go:31 +0x25

goroutine 78180 [runnable]:
golang.org/x/sync/errgroup.(*Group).Go.func1()
	/home/mariell/go/pkg/mod/golang.org/x/sync@v0.11.0/errgroup/errgroup.go:75
created by golang.org/x/sync/errgroup.(*Group).Go in goroutine 77934
	/home/mariell/go/pkg/mod/golang.org/x/sync@v0.11.0/errgroup/errgroup.go:75 +0x93

goroutine 78179 [runnable]:
golang.org/x/sync/errgroup.(*Group).Go.func1()
	/home/mariell/go/pkg/mod/golang.org/x/sync@v0.11.0/errgroup/errgroup.go:75
created by golang.org/x/sync/errgroup.(*Group).Go in goroutine 77934
	/home/mariell/go/pkg/mod/golang.org/x/sync@v0.11.0/errgroup/errgroup.go:75 +0x93

goroutine 78178 [runnable]:
golang.org/x/sync/errgroup.(*Group).Go.func1()
	/home/mariell/go/pkg/mod/golang.org/x/sync@v0.11.0/errgroup/errgroup.go:75
created by golang.org/x/sync/errgroup.(*Group).Go in goroutine 77934
	/home/mariell/go/pkg/mod/golang.org/x/sync@v0.11.0/errgroup/errgroup.go:75 +0x93

goroutine 77937 [runnable]:
github.com/grafana/grafana/pkg/web.(*Router).Get(0xc048fcd040, {0xc0471a3f20, 0x13}, {0xc048feb600, 0x4, 0x4})
	/home/mariell/work/oss/grafana/pkg/web/router.go:166 +0xa5
github.com/grafana/grafana/pkg/api/routing.(*RouteRegisterImpl).Register(0xc048fe3420, {0xa977370, 0xc048fd7470}, {0x0, 0x0, 0x0})
	/home/mariell/work/oss/grafana/pkg/api/routing/route_register.go:131 +0x14c
github.com/grafana/grafana/pkg/api/routing.(*RouteRegisterImpl).Register(0xc00ff0f9d0, {0xa977370, 0xc048fd7470}, {0x0, 0x0, 0x0})
	/home/mariell/work/oss/grafana/pkg/api/routing/route_register.go:138 +0x1b8
github.com/grafana/grafana/pkg/api.(*HTTPServer).applyRoutes(0xc048fa1508)
	/home/mariell/work/oss/grafana/pkg/api/http_server.go:592 +0x4c
github.com/grafana/grafana/pkg/api.(*HTTPServer).Run(0xc048fa1508, {0xa9d1d00, 0xc0495a3950})
	/home/mariell/work/oss/grafana/pkg/api/http_server.go:407 +0x65
github.com/grafana/grafana/pkg/server.(*Server).Run.func1()
	/home/mariell/work/oss/grafana/pkg/server/server.go:163 +0x119
golang.org/x/sync/errgroup.(*Group).Go.func1()
	/home/mariell/go/pkg/mod/golang.org/x/sync@v0.11.0/errgroup/errgroup.go:78 +0x50
created by golang.org/x/sync/errgroup.(*Group).Go in goroutine 77934
	/home/mariell/go/pkg/mod/golang.org/x/sync@v0.11.0/errgroup/errgroup.go:75 +0x93

goroutine 77636 [select]:
github.com/patrickmn/go-cache.(*janitor).Run(0xc0479ef9b0, 0xc048f9ad80)
	/home/mariell/go/pkg/mod/github.com/patrickmn/go-cache@v2.1.0+incompatible/cache.go:1079 +0x7b
created by github.com/patrickmn/go-cache.runJanitor in goroutine 22317
	/home/mariell/go/pkg/mod/github.com/patrickmn/go-cache@v2.1.0+incompatible/cache.go:1099 +0xdb

goroutine 77642 [select]:
github.com/patrickmn/go-cache.(*janitor).Run(0xc048fb7c30, 0xc048fccdc0)
	/home/mariell/go/pkg/mod/github.com/patrickmn/go-cache@v2.1.0+incompatible/cache.go:1079 +0x7b
created by github.com/patrickmn/go-cache.runJanitor in goroutine 22317
	/home/mariell/go/pkg/mod/github.com/patrickmn/go-cache@v2.1.0+incompatible/cache.go:1099 +0xdb

goroutine 77643 [select]:
github.com/patrickmn/go-cache.(*janitor).Run(0xc048fb7d50, 0xc048fcce80)
	/home/mariell/go/pkg/mod/github.com/patrickmn/go-cache@v2.1.0+incompatible/cache.go:1079 +0x7b
created by github.com/patrickmn/go-cache.runJanitor in goroutine 22317
	/home/mariell/go/pkg/mod/github.com/patrickmn/go-cache@v2.1.0+incompatible/cache.go:1099 +0xdb

goroutine 77644 [select]:
github.com/patrickmn/go-cache.(*janitor).Run(0xc048fb7d60, 0xc048fccec0)
	/home/mariell/go/pkg/mod/github.com/patrickmn/go-cache@v2.1.0+incompatible/cache.go:1079 +0x7b
created by github.com/patrickmn/go-cache.runJanitor in goroutine 22317
	/home/mariell/go/pkg/mod/github.com/patrickmn/go-cache@v2.1.0+incompatible/cache.go:1099 +0xdb

goroutine 77930 [select]:
github.com/patrickmn/go-cache.(*janitor).Run(0xc0495ae530, 0xc0495ac680)
	/home/mariell/go/pkg/mod/github.com/patrickmn/go-cache@v2.1.0+incompatible/cache.go:1079 +0x7b
created by github.com/patrickmn/go-cache.runJanitor in goroutine 22317
	/home/mariell/go/pkg/mod/github.com/patrickmn/go-cache@v2.1.0+incompatible/cache.go:1099 +0xdb

goroutine 77932 [select]:
github.com/patrickmn/go-cache.(*janitor).Run(0xc0495af490, 0xc0495ace40)
	/home/mariell/go/pkg/mod/github.com/patrickmn/go-cache@v2.1.0+incompatible/cache.go:1079 +0x7b
created by github.com/patrickmn/go-cache.runJanitor in goroutine 22317
	/home/mariell/go/pkg/mod/github.com/patrickmn/go-cache@v2.1.0+incompatible/cache.go:1099 +0xdb

goroutine 77934 [sync.WaitGroup.Wait]:
sync.runtime_SemacquireWaitGroup(0x7f66560?)
	/usr/lib/go/src/runtime/sema.go:110 +0x25
sync.(*WaitGroup).Wait(0xc0495fcd80?)
	/usr/lib/go/src/sync/waitgroup.go:118 +0x48
golang.org/x/sync/errgroup.(*Group).Wait(0xc0495acf00)
	/home/mariell/go/pkg/mod/golang.org/x/sync@v0.11.0/errgroup/errgroup.go:56 +0x1e
github.com/grafana/grafana/pkg/server.(*Server).Run(0xc0188d32c0)
	/home/mariell/work/oss/grafana/pkg/server/server.go:179 +0x276
github.com/grafana/grafana/pkg/tests/testinfra.StartGrafanaEnv.func2()
	/home/mariell/work/oss/grafana/pkg/tests/testinfra/testinfra.go:121 +0x27
created by github.com/grafana/grafana/pkg/tests/testinfra.StartGrafanaEnv in goroutine 22317
	/home/mariell/work/oss/grafana/pkg/tests/testinfra/testinfra.go:119 +0xa57

goroutine 77935 [runnable]:
internal/poll.runtime_pollWait(0x7774f414c930, 0x77)
	/usr/lib/go/src/runtime/netpoll.go:351 +0x85
internal/poll.(*pollDesc).wait(0xc048fb1b80?, 0x0?, 0x0)
	/usr/lib/go/src/internal/poll/fd_poll_runtime.go:84 +0x27
internal/poll.(*pollDesc).waitWrite(...)
	/usr/lib/go/src/internal/poll/fd_poll_runtime.go:93
internal/poll.(*FD).WaitWrite(...)
	/usr/lib/go/src/internal/poll/fd_unix.go:692
net.(*netFD).connect(0xc048fb1b80, {0xa9d1d70, 0xc0495b6310}, {0x41d49a?, 0xc0479871a0?}, {0xa94c2c0?, 0xc048fcb3a0?})
	/usr/lib/go/src/net/fd_unix.go:141 +0x6cb
net.(*netFD).dial(0xc048fb1b80, {0xa9d1d70, 0xc0495b6310}, {0xa9efce0?, 0x0?}, {0xa9efce0, 0xc0495b4e40}, 0xc047987308?)
	/usr/lib/go/src/net/sock_posix.go:124 +0x3bc
net.socket({0xa9d1d70, 0xc0495b6310}, {0x9513531, 0x3}, 0x2, 0x1, 0xc0471f1140?, 0x0, {0xa9efce0, 0x0}, ...)
	/usr/lib/go/src/net/sock_posix.go:70 +0x29b
net.internetSocket({0xa9d1d70, 0xc0495b6310}, {0x9513531, 0x3}, {0xa9efce0, 0x0}, {0xa9efce0, 0xc0495b4e40}, 0x1, 0x0, ...)
	/usr/lib/go/src/net/ipsock_posix.go:167 +0xf8
net.(*sysDialer).doDialTCPProto(0xc0471ed680, {0xa9d1d70, 0xc0495b6310}, 0x0, 0xc0495b4e40, 0x0)
	/usr/lib/go/src/net/tcpsock_posix.go:85 +0xe7
net.(*sysDialer).doDialTCP(...)
	/usr/lib/go/src/net/tcpsock_posix.go:75
net.(*sysDialer).dialTCP(0x47b4b9?, {0xa9d1d70?, 0xc0495b6310?}, 0x7f7bc20?, 0xc0479874b0?)
	/usr/lib/go/src/net/tcpsock_posix.go:71 +0x69
net.(*sysDialer).dialSingle(0xc0471ed680, {0xa9d1d70, 0xc0495b6310}, {0xa9778b8, 0xc0495b4e40})
	/usr/lib/go/src/net/dial.go:721 +0x3ce
net.(*sysDialer).dialSerial(0xc0471ed680, {0xa9d1d70, 0xc0495b6310}, {0xc0495af690?, 0x1, 0xc0495b4e10?})
	/usr/lib/go/src/net/dial.go:686 +0x24e
net.(*sysDialer).dialParallel(0x0?, {0xa9d1d70?, 0xc0495b6310?}, {0xc0495af690?, 0x8606e00?, 0x95148bb?}, {0x0?, 0x9513531?, 0xc012c324a0?})
	/usr/lib/go/src/net/dial.go:587 +0x3a7
net.(*Dialer).DialContext(0xc001d301b0, {0xa9d1d00, 0xc0495a3a90}, {0x9513531, 0x3}, {0xc048fc3590, 0xf})
	/usr/lib/go/src/net/dial.go:578 +0x6ac
net/http.(*Transport).dial(0xa978e70?, {0xa9d1d00?, 0xc0495a3a90?}, {0x9513531?, 0xa978ec0?}, {0xc048fc3590?, 0xa978e48?})
	/usr/lib/go/src/net/http/transport.go:1278 +0xd2
net/http.(*Transport).dialConn(0x100d9fe0, {0xa9d1d00, 0xc0495a3a90}, {{}, 0x0, {0xc0495a6330, 0x4}, {0xc048fc3590, 0xf}, 0x0})
	/usr/lib/go/src/net/http/transport.go:1780 +0x7e5
net/http.(*Transport).dialConnFor(0x100d9fe0, 0xc046c34dc0)
	/usr/lib/go/src/net/http/transport.go:1615 +0xb8
net/http.(*Transport).startDialConnForLocked.func1()
	/usr/lib/go/src/net/http/transport.go:1597 +0x35
created by net/http.(*Transport).startDialConnForLocked in goroutine 22317
	/usr/lib/go/src/net/http/transport.go:1596 +0x112

goroutine 77936 [select]:
net.(*netFD).connect.func2()
	/usr/lib/go/src/net/fd_unix.go:118 +0x7a
created by net.(*netFD).connect in goroutine 77935
	/usr/lib/go/src/net/fd_unix.go:117 +0x349

goroutine 77743 [runnable]:
github.com/centrifugal/centrifuge/internal/dissolve.(*Dissolver).Run.gowrap1()
	/home/mariell/go/pkg/mod/github.com/centrifugal/centrifuge@v0.33.3/internal/dissolve/dissolve.go:31
runtime.goexit({})
	/usr/lib/go/src/runtime/asm_amd64.s:1700 +0x1
created by github.com/centrifugal/centrifuge/internal/dissolve.(*Dissolver).Run in goroutine 56142
	/home/mariell/go/pkg/mod/github.com/centrifugal/centrifuge@v0.33.3/internal/dissolve/dissolve.go:31 +0x25

goroutine 77744 [runnable]:
github.com/centrifugal/centrifuge/internal/dissolve.(*Dissolver).Run.gowrap1()
	/home/mariell/go/pkg/mod/github.com/centrifugal/centrifuge@v0.33.3/internal/dissolve/dissolve.go:31
runtime.goexit({})
	/usr/lib/go/src/runtime/asm_amd64.s:1700 +0x1
created by github.com/centrifugal/centrifuge/internal/dissolve.(*Dissolver).Run in goroutine 56142
	/home/mariell/go/pkg/mod/github.com/centrifugal/centrifuge@v0.33.3/internal/dissolve/dissolve.go:31 +0x25

goroutine 77745 [runnable]:
github.com/centrifugal/centrifuge/internal/dissolve.(*Dissolver).Run.gowrap1()
	/home/mariell/go/pkg/mod/github.com/centrifugal/centrifuge@v0.33.3/internal/dissolve/dissolve.go:31
runtime.goexit({})
	/usr/lib/go/src/runtime/asm_amd64.s:1700 +0x1
created by github.com/centrifugal/centrifuge/internal/dissolve.(*Dissolver).Run in goroutine 56142
	/home/mariell/go/pkg/mod/github.com/centrifugal/centrifuge@v0.33.3/internal/dissolve/dissolve.go:31 +0x25

goroutine 77954 [runnable]:
github.com/centrifugal/centrifuge/internal/dissolve.(*Dissolver).Run.gowrap1()
	/home/mariell/go/pkg/mod/github.com/centrifugal/centrifuge@v0.33.3/internal/dissolve/dissolve.go:31
runtime.goexit({})
	/usr/lib/go/src/runtime/asm_amd64.s:1700 +0x1
created by github.com/centrifugal/centrifuge/internal/dissolve.(*Dissolver).Run in goroutine 56142
	/home/mariell/go/pkg/mod/github.com/centrifugal/centrifuge@v0.33.3/internal/dissolve/dissolve.go:31 +0x25

goroutine 77955 [runnable]:
github.com/centrifugal/centrifuge/internal/dissolve.(*Dissolver).Run.gowrap1()
	/home/mariell/go/pkg/mod/github.com/centrifugal/centrifuge@v0.33.3/internal/dissolve/dissolve.go:31
runtime.goexit({})
	/usr/lib/go/src/runtime/asm_amd64.s:1700 +0x1
created by github.com/centrifugal/centrifuge/internal/dissolve.(*Dissolver).Run in goroutine 56142
	/home/mariell/go/pkg/mod/github.com/centrifugal/centrifuge@v0.33.3/internal/dissolve/dissolve.go:31 +0x25

goroutine 77956 [runnable]:
github.com/centrifugal/centrifuge/internal/dissolve.(*Dissolver).Run.gowrap1()
	/home/mariell/go/pkg/mod/github.com/centrifugal/centrifuge@v0.33.3/internal/dissolve/dissolve.go:31
runtime.goexit({})
	/usr/lib/go/src/runtime/asm_amd64.s:1700 +0x1
created by github.com/centrifugal/centrifuge/internal/dissolve.(*Dissolver).Run in goroutine 56142
	/home/mariell/go/pkg/mod/github.com/centrifugal/centrifuge@v0.33.3/internal/dissolve/dissolve.go:31 +0x25

goroutine 77957 [runnable]:
github.com/centrifugal/centrifuge/internal/dissolve.(*Dissolver).Run.gowrap1()
	/home/mariell/go/pkg/mod/github.com/centrifugal/centrifuge@v0.33.3/internal/dissolve/dissolve.go:31
runtime.goexit({})
	/usr/lib/go/src/runtime/asm_amd64.s:1700 +0x1
created by github.com/centrifugal/centrifuge/internal/dissolve.(*Dissolver).Run in goroutine 56142
	/home/mariell/go/pkg/mod/github.com/centrifugal/centrifuge@v0.33.3/internal/dissolve/dissolve.go:31 +0x25

goroutine 77958 [runnable]:
github.com/centrifugal/centrifuge/internal/dissolve.(*Dissolver).Run.gowrap1()
	/home/mariell/go/pkg/mod/github.com/centrifugal/centrifuge@v0.33.3/internal/dissolve/dissolve.go:31
runtime.goexit({})
	/usr/lib/go/src/runtime/asm_amd64.s:1700 +0x1
created by github.com/centrifugal/centrifuge/internal/dissolve.(*Dissolver).Run in goroutine 56142
	/home/mariell/go/pkg/mod/github.com/centrifugal/centrifuge@v0.33.3/internal/dissolve/dissolve.go:31 +0x25

goroutine 77959 [runnable]:
github.com/centrifugal/centrifuge/internal/dissolve.(*Dissolver).Run.gowrap1()
	/home/mariell/go/pkg/mod/github.com/centrifugal/centrifuge@v0.33.3/internal/dissolve/dissolve.go:31
runtime.goexit({})
	/usr/lib/go/src/runtime/asm_amd64.s:1700 +0x1
created by github.com/centrifugal/centrifuge/internal/dissolve.(*Dissolver).Run in goroutine 56142
	/home/mariell/go/pkg/mod/github.com/centrifugal/centrifuge@v0.33.3/internal/dissolve/dissolve.go:31 +0x25

goroutine 77960 [runnable]:
github.com/centrifugal/centrifuge/internal/dissolve.(*Dissolver).Run.gowrap1()
	/home/mariell/go/pkg/mod/github.com/centrifugal/centrifuge@v0.33.3/internal/dissolve/dissolve.go:31
runtime.goexit({})
	/usr/lib/go/src/runtime/asm_amd64.s:1700 +0x1
created by github.com/centrifugal/centrifuge/internal/dissolve.(*Dissolver).Run in goroutine 56142
	/home/mariell/go/pkg/mod/github.com/centrifugal/centrifuge@v0.33.3/internal/dissolve/dissolve.go:31 +0x25

goroutine 77961 [runnable]:
github.com/centrifugal/centrifuge/internal/dissolve.(*Dissolver).Run.gowrap1()
	/home/mariell/go/pkg/mod/github.com/centrifugal/centrifuge@v0.33.3/internal/dissolve/dissolve.go:31
runtime.goexit({})
	/usr/lib/go/src/runtime/asm_amd64.s:1700 +0x1
created by github.com/centrifugal/centrifuge/internal/dissolve.(*Dissolver).Run in goroutine 56142
	/home/mariell/go/pkg/mod/github.com/centrifugal/centrifuge@v0.33.3/internal/dissolve/dissolve.go:31 +0x25

goroutine 77962 [runnable]:
github.com/centrifugal/centrifuge/internal/dissolve.(*Dissolver).Run.gowrap1()
	/home/mariell/go/pkg/mod/github.com/centrifugal/centrifuge@v0.33.3/internal/dissolve/dissolve.go:31
runtime.goexit({})
	/usr/lib/go/src/runtime/asm_amd64.s:1700 +0x1
created by github.com/centrifugal/centrifuge/internal/dissolve.(*Dissolver).Run in goroutine 56142
	/home/mariell/go/pkg/mod/github.com/centrifugal/centrifuge@v0.33.3/internal/dissolve/dissolve.go:31 +0x25

goroutine 77963 [runnable]:
github.com/centrifugal/centrifuge/internal/dissolve.(*Dissolver).Run.gowrap1()
	/home/mariell/go/pkg/mod/github.com/centrifugal/centrifuge@v0.33.3/internal/dissolve/dissolve.go:31
runtime.goexit({})
	/usr/lib/go/src/runtime/asm_amd64.s:1700 +0x1
created by github.com/centrifugal/centrifuge/internal/dissolve.(*Dissolver).Run in goroutine 56142
	/home/mariell/go/pkg/mod/github.com/centrifugal/centrifuge@v0.33.3/internal/dissolve/dissolve.go:31 +0x25

goroutine 77964 [runnable]:
github.com/centrifugal/centrifuge/internal/dissolve.(*Dissolver).Run.gowrap1()
	/home/mariell/go/pkg/mod/github.com/centrifugal/centrifuge@v0.33.3/internal/dissolve/dissolve.go:31
runtime.goexit({})
	/usr/lib/go/src/runtime/asm_amd64.s:1700 +0x1
created by github.com/centrifugal/centrifuge/internal/dissolve.(*Dissolver).Run in goroutine 56142
	/home/mariell/go/pkg/mod/github.com/centrifugal/centrifuge@v0.33.3/internal/dissolve/dissolve.go:31 +0x25

goroutine 77965 [runnable]:
github.com/centrifugal/centrifuge/internal/dissolve.(*Dissolver).Run.gowrap1()
	/home/mariell/go/pkg/mod/github.com/centrifugal/centrifuge@v0.33.3/internal/dissolve/dissolve.go:31
runtime.goexit({})
	/usr/lib/go/src/runtime/asm_amd64.s:1700 +0x1
created by github.com/centrifugal/centrifuge/internal/dissolve.(*Dissolver).Run in goroutine 56142
	/home/mariell/go/pkg/mod/github.com/centrifugal/centrifuge@v0.33.3/internal/dissolve/dissolve.go:31 +0x25

goroutine 77966 [runnable]:
github.com/centrifugal/centrifuge/internal/dissolve.(*Dissolver).Run.gowrap1()
	/home/mariell/go/pkg/mod/github.com/centrifugal/centrifuge@v0.33.3/internal/dissolve/dissolve.go:31
runtime.goexit({})
	/usr/lib/go/src/runtime/asm_amd64.s:1700 +0x1
created by github.com/centrifugal/centrifuge/internal/dissolve.(*Dissolver).Run in goroutine 56142
	/home/mariell/go/pkg/mod/github.com/centrifugal/centrifuge@v0.33.3/internal/dissolve/dissolve.go:31 +0x25

goroutine 77967 [runnable]:
github.com/centrifugal/centrifuge/internal/dissolve.(*Dissolver).Run.gowrap1()
	/home/mariell/go/pkg/mod/github.com/centrifugal/centrifuge@v0.33.3/internal/dissolve/dissolve.go:31
runtime.goexit({})
	/usr/lib/go/src/runtime/asm_amd64.s:1700 +0x1
created by github.com/centrifugal/centrifuge/internal/dissolve.(*Dissolver).Run in goroutine 56142
	/home/mariell/go/pkg/mod/github.com/centrifugal/centrifuge@v0.33.3/internal/dissolve/dissolve.go:31 +0x25

goroutine 77968 [runnable]:
github.com/centrifugal/centrifuge/internal/dissolve.(*Dissolver).Run.gowrap1()
	/home/mariell/go/pkg/mod/github.com/centrifugal/centrifuge@v0.33.3/internal/dissolve/dissolve.go:31
runtime.goexit({})
	/usr/lib/go/src/runtime/asm_amd64.s:1700 +0x1
created by github.com/centrifugal/centrifuge/internal/dissolve.(*Dissolver).Run in goroutine 56142
	/home/mariell/go/pkg/mod/github.com/centrifugal/centrifuge@v0.33.3/internal/dissolve/dissolve.go:31 +0x25

goroutine 77969 [runnable]:
github.com/centrifugal/centrifuge/internal/dissolve.(*Dissolver).Run.gowrap1()
	/home/mariell/go/pkg/mod/github.com/centrifugal/centrifuge@v0.33.3/internal/dissolve/dissolve.go:31
runtime.goexit({})
	/usr/lib/go/src/runtime/asm_amd64.s:1700 +0x1
created by github.com/centrifugal/centrifuge/internal/dissolve.(*Dissolver).Run in goroutine 56142
	/home/mariell/go/pkg/mod/github.com/centrifugal/centrifuge@v0.33.3/internal/dissolve/dissolve.go:31 +0x25

goroutine 77970 [runnable]:
github.com/centrifugal/centrifuge/internal/dissolve.(*Dissolver).Run.gowrap1()
	/home/mariell/go/pkg/mod/github.com/centrifugal/centrifuge@v0.33.3/internal/dissolve/dissolve.go:31
runtime.goexit({})
	/usr/lib/go/src/runtime/asm_amd64.s:1700 +0x1
created by github.com/centrifugal/centrifuge/internal/dissolve.(*Dissolver).Run in goroutine 56142
	/home/mariell/go/pkg/mod/github.com/centrifugal/centrifuge@v0.33.3/internal/dissolve/dissolve.go:31 +0x25

goroutine 77971 [runnable]:
github.com/centrifugal/centrifuge/internal/dissolve.(*Dissolver).Run.gowrap1()
	/home/mariell/go/pkg/mod/github.com/centrifugal/centrifuge@v0.33.3/internal/dissolve/dissolve.go:31
runtime.goexit({})
	/usr/lib/go/src/runtime/asm_amd64.s:1700 +0x1
created by github.com/centrifugal/centrifuge/internal/dissolve.(*Dissolver).Run in goroutine 56142
	/home/mariell/go/pkg/mod/github.com/centrifugal/centrifuge@v0.33.3/internal/dissolve/dissolve.go:31 +0x25

goroutine 77972 [runnable]:
github.com/centrifugal/centrifuge/internal/dissolve.(*Dissolver).Run.gowrap1()
	/home/mariell/go/pkg/mod/github.com/centrifugal/centrifuge@v0.33.3/internal/dissolve/dissolve.go:31
runtime.goexit({})
	/usr/lib/go/src/runtime/asm_amd64.s:1700 +0x1
created by github.com/centrifugal/centrifuge/internal/dissolve.(*Dissolver).Run in goroutine 56142
	/home/mariell/go/pkg/mod/github.com/centrifugal/centrifuge@v0.33.3/internal/dissolve/dissolve.go:31 +0x25

goroutine 77973 [runnable]:
github.com/centrifugal/centrifuge/internal/dissolve.(*Dissolver).Run.gowrap1()
	/home/mariell/go/pkg/mod/github.com/centrifugal/centrifuge@v0.33.3/internal/dissolve/dissolve.go:31
runtime.goexit({})
	/usr/lib/go/src/runtime/asm_amd64.s:1700 +0x1
created by github.com/centrifugal/centrifuge/internal/dissolve.(*Dissolver).Run in goroutine 56142
	/home/mariell/go/pkg/mod/github.com/centrifugal/centrifuge@v0.33.3/internal/dissolve/dissolve.go:31 +0x25

goroutine 77974 [runnable]:
github.com/centrifugal/centrifuge/internal/dissolve.(*Dissolver).Run.gowrap1()
	/home/mariell/go/pkg/mod/github.com/centrifugal/centrifuge@v0.33.3/internal/dissolve/dissolve.go:31
runtime.goexit({})
	/usr/lib/go/src/runtime/asm_amd64.s:1700 +0x1
created by github.com/centrifugal/centrifuge/internal/dissolve.(*Dissolver).Run in goroutine 56142
	/home/mariell/go/pkg/mod/github.com/centrifugal/centrifuge@v0.33.3/internal/dissolve/dissolve.go:31 +0x25

goroutine 77975 [runnable]:
github.com/centrifugal/centrifuge/internal/dissolve.(*Dissolver).Run.gowrap1()
	/home/mariell/go/pkg/mod/github.com/centrifugal/centrifuge@v0.33.3/internal/dissolve/dissolve.go:31
runtime.goexit({})
	/usr/lib/go/src/runtime/asm_amd64.s:1700 +0x1
created by github.com/centrifugal/centrifuge/internal/dissolve.(*Dissolver).Run in goroutine 56142
	/home/mariell/go/pkg/mod/github.com/centrifugal/centrifuge@v0.33.3/internal/dissolve/dissolve.go:31 +0x25

goroutine 77976 [runnable]:
github.com/centrifugal/centrifuge/internal/dissolve.(*Dissolver).Run.gowrap1()
	/home/mariell/go/pkg/mod/github.com/centrifugal/centrifuge@v0.33.3/internal/dissolve/dissolve.go:31
runtime.goexit({})
	/usr/lib/go/src/runtime/asm_amd64.s:1700 +0x1
created by github.com/centrifugal/centrifuge/internal/dissolve.(*Dissolver).Run in goroutine 56142
	/home/mariell/go/pkg/mod/github.com/centrifugal/centrifuge@v0.33.3/internal/dissolve/dissolve.go:31 +0x25

goroutine 77977 [runnable]:
github.com/centrifugal/centrifuge/internal/dissolve.(*Dissolver).Run.gowrap1()
	/home/mariell/go/pkg/mod/github.com/centrifugal/centrifuge@v0.33.3/internal/dissolve/dissolve.go:31
runtime.goexit({})
	/usr/lib/go/src/runtime/asm_amd64.s:1700 +0x1
created by github.com/centrifugal/centrifuge/internal/dissolve.(*Dissolver).Run in goroutine 56142
	/home/mariell/go/pkg/mod/github.com/centrifugal/centrifuge@v0.33.3/internal/dissolve/dissolve.go:31 +0x25

goroutine 77978 [runnable]:
github.com/centrifugal/centrifuge/internal/dissolve.(*Dissolver).Run.gowrap1()
	/home/mariell/go/pkg/mod/github.com/centrifugal/centrifuge@v0.33.3/internal/dissolve/dissolve.go:31
runtime.goexit({})
	/usr/lib/go/src/runtime/asm_amd64.s:1700 +0x1
created by github.com/centrifugal/centrifuge/internal/dissolve.(*Dissolver).Run in goroutine 56142
	/home/mariell/go/pkg/mod/github.com/centrifugal/centrifuge@v0.33.3/internal/dissolve/dissolve.go:31 +0x25

goroutine 77979 [runnable]:
github.com/centrifugal/centrifuge/internal/dissolve.(*Dissolver).Run.gowrap1()
	/home/mariell/go/pkg/mod/github.com/centrifugal/centrifuge@v0.33.3/internal/dissolve/dissolve.go:31
runtime.goexit({})
	/usr/lib/go/src/runtime/asm_amd64.s:1700 +0x1
created by github.com/centrifugal/centrifuge/internal/dissolve.(*Dissolver).Run in goroutine 56142
	/home/mariell/go/pkg/mod/github.com/centrifugal/centrifuge@v0.33.3/internal/dissolve/dissolve.go:31 +0x25

goroutine 77980 [runnable]:
github.com/centrifugal/centrifuge/internal/dissolve.(*Dissolver).Run.gowrap1()
	/home/mariell/go/pkg/mod/github.com/centrifugal/centrifuge@v0.33.3/internal/dissolve/dissolve.go:31
runtime.goexit({})
	/usr/lib/go/src/runtime/asm_amd64.s:1700 +0x1
created by github.com/centrifugal/centrifuge/internal/dissolve.(*Dissolver).Run in goroutine 56142
	/home/mariell/go/pkg/mod/github.com/centrifugal/centrifuge@v0.33.3/internal/dissolve/dissolve.go:31 +0x25

goroutine 77981 [runnable]:
github.com/centrifugal/centrifuge/internal/dissolve.(*Dissolver).Run.gowrap1()
	/home/mariell/go/pkg/mod/github.com/centrifugal/centrifuge@v0.33.3/internal/dissolve/dissolve.go:31
runtime.goexit({})
	/usr/lib/go/src/runtime/asm_amd64.s:1700 +0x1
created by github.com/centrifugal/centrifuge/internal/dissolve.(*Dissolver).Run in goroutine 56142
	/home/mariell/go/pkg/mod/github.com/centrifugal/centrifuge@v0.33.3/internal/dissolve/dissolve.go:31 +0x25

goroutine 77982 [runnable]:
github.com/centrifugal/centrifuge/internal/dissolve.(*Dissolver).Run.gowrap1()
	/home/mariell/go/pkg/mod/github.com/centrifugal/centrifuge@v0.33.3/internal/dissolve/dissolve.go:31
runtime.goexit({})
	/usr/lib/go/src/runtime/asm_amd64.s:1700 +0x1
created by github.com/centrifugal/centrifuge/internal/dissolve.(*Dissolver).Run in goroutine 56142
	/home/mariell/go/pkg/mod/github.com/centrifugal/centrifuge@v0.33.3/internal/dissolve/dissolve.go:31 +0x25

goroutine 77983 [runnable]:
github.com/centrifugal/centrifuge/internal/dissolve.(*Dissolver).Run.gowrap1()
	/home/mariell/go/pkg/mod/github.com/centrifugal/centrifuge@v0.33.3/internal/dissolve/dissolve.go:31
runtime.goexit({})
	/usr/lib/go/src/runtime/asm_amd64.s:1700 +0x1
created by github.com/centrifugal/centrifuge/internal/dissolve.(*Dissolver).Run in goroutine 56142
	/home/mariell/go/pkg/mod/github.com/centrifugal/centrifuge@v0.33.3/internal/dissolve/dissolve.go:31 +0x25

goroutine 77984 [runnable]:
github.com/centrifugal/centrifuge/internal/dissolve.(*Dissolver).Run.gowrap1()
	/home/mariell/go/pkg/mod/github.com/centrifugal/centrifuge@v0.33.3/internal/dissolve/dissolve.go:31
runtime.goexit({})
	/usr/lib/go/src/runtime/asm_amd64.s:1700 +0x1
created by github.com/centrifugal/centrifuge/internal/dissolve.(*Dissolver).Run in goroutine 56142
	/home/mariell/go/pkg/mod/github.com/centrifugal/centrifuge@v0.33.3/internal/dissolve/dissolve.go:31 +0x25

goroutine 77985 [runnable]:
github.com/centrifugal/centrifuge/internal/dissolve.(*Dissolver).Run.gowrap1()
	/home/mariell/go/pkg/mod/github.com/centrifugal/centrifuge@v0.33.3/internal/dissolve/dissolve.go:31
runtime.goexit({})
	/usr/lib/go/src/runtime/asm_amd64.s:1700 +0x1
created by github.com/centrifugal/centrifuge/internal/dissolve.(*Dissolver).Run in goroutine 56142
	/home/mariell/go/pkg/mod/github.com/centrifugal/centrifuge@v0.33.3/internal/dissolve/dissolve.go:31 +0x25

goroutine 77986 [runnable]:
github.com/centrifugal/centrifuge/internal/dissolve.(*Dissolver).Run.gowrap1()
	/home/mariell/go/pkg/mod/github.com/centrifugal/centrifuge@v0.33.3/internal/dissolve/dissolve.go:31
runtime.goexit({})
	/usr/lib/go/src/runtime/asm_amd64.s:1700 +0x1
created by github.com/centrifugal/centrifuge/internal/dissolve.(*Dissolver).Run in goroutine 56142
	/home/mariell/go/pkg/mod/github.com/centrifugal/centrifuge@v0.33.3/internal/dissolve/dissolve.go:31 +0x25

goroutine 77987 [runnable]:
github.com/centrifugal/centrifuge/internal/dissolve.(*Dissolver).Run.gowrap1()
	/home/mariell/go/pkg/mod/github.com/centrifugal/centrifuge@v0.33.3/internal/dissolve/dissolve.go:31
runtime.goexit({})
	/usr/lib/go/src/runtime/asm_amd64.s:1700 +0x1
created by github.com/centrifugal/centrifuge/internal/dissolve.(*Dissolver).Run in goroutine 56142
	/home/mariell/go/pkg/mod/github.com/centrifugal/centrifuge@v0.33.3/internal/dissolve/dissolve.go:31 +0x25

goroutine 77988 [runnable]:
github.com/centrifugal/centrifuge/internal/dissolve.(*Dissolver).Run.gowrap1()
	/home/mariell/go/pkg/mod/github.com/centrifugal/centrifuge@v0.33.3/internal/dissolve/dissolve.go:31
runtime.goexit({})
	/usr/lib/go/src/runtime/asm_amd64.s:1700 +0x1
created by github.com/centrifugal/centrifuge/internal/dissolve.(*Dissolver).Run in goroutine 56142
	/home/mariell/go/pkg/mod/github.com/centrifugal/centrifuge@v0.33.3/internal/dissolve/dissolve.go:31 +0x25

goroutine 77989 [runnable]:
github.com/centrifugal/centrifuge/internal/dissolve.(*Dissolver).Run.gowrap1()
	/home/mariell/go/pkg/mod/github.com/centrifugal/centrifuge@v0.33.3/internal/dissolve/dissolve.go:31
runtime.goexit({})
	/usr/lib/go/src/runtime/asm_amd64.s:1700 +0x1
created by github.com/centrifugal/centrifuge/internal/dissolve.(*Dissolver).Run in goroutine 56142
	/home/mariell/go/pkg/mod/github.com/centrifugal/centrifuge@v0.33.3/internal/dissolve/dissolve.go:31 +0x25

goroutine 77990 [runnable]:
github.com/centrifugal/centrifuge/internal/dissolve.(*Dissolver).Run.gowrap1()
	/home/mariell/go/pkg/mod/github.com/centrifugal/centrifuge@v0.33.3/internal/dissolve/dissolve.go:31
runtime.goexit({})
	/usr/lib/go/src/runtime/asm_amd64.s:1700 +0x1
created by github.com/centrifugal/centrifuge/internal/dissolve.(*Dissolver).Run in goroutine 56142
	/home/mariell/go/pkg/mod/github.com/centrifugal/centrifuge@v0.33.3/internal/dissolve/dissolve.go:31 +0x25

goroutine 77991 [runnable]:
github.com/centrifugal/centrifuge/internal/dissolve.(*Dissolver).Run.gowrap1()
	/home/mariell/go/pkg/mod/github.com/centrifugal/centrifuge@v0.33.3/internal/dissolve/dissolve.go:31
runtime.goexit({})
	/usr/lib/go/src/runtime/asm_amd64.s:1700 +0x1
created by github.com/centrifugal/centrifuge/internal/dissolve.(*Dissolver).Run in goroutine 56142
	/home/mariell/go/pkg/mod/github.com/centrifugal/centrifuge@v0.33.3/internal/dissolve/dissolve.go:31 +0x25

goroutine 77992 [runnable]:
github.com/centrifugal/centrifuge/internal/dissolve.(*Dissolver).Run.gowrap1()
	/home/mariell/go/pkg/mod/github.com/centrifugal/centrifuge@v0.33.3/internal/dissolve/dissolve.go:31
runtime.goexit({})
	/usr/lib/go/src/runtime/asm_amd64.s:1700 +0x1
created by github.com/centrifugal/centrifuge/internal/dissolve.(*Dissolver).Run in goroutine 56142
	/home/mariell/go/pkg/mod/github.com/centrifugal/centrifuge@v0.33.3/internal/dissolve/dissolve.go:31 +0x25

goroutine 77993 [runnable]:
github.com/centrifugal/centrifuge/internal/dissolve.(*Dissolver).Run.gowrap1()
	/home/mariell/go/pkg/mod/github.com/centrifugal/centrifuge@v0.33.3/internal/dissolve/dissolve.go:31
runtime.goexit({})
	/usr/lib/go/src/runtime/asm_amd64.s:1700 +0x1
created by github.com/centrifugal/centrifuge/internal/dissolve.(*Dissolver).Run in goroutine 56142
	/home/mariell/go/pkg/mod/github.com/centrifugal/centrifuge@v0.33.3/internal/dissolve/dissolve.go:31 +0x25

goroutine 77994 [runnable]:
github.com/centrifugal/centrifuge/internal/dissolve.(*Dissolver).Run.gowrap1()
	/home/mariell/go/pkg/mod/github.com/centrifugal/centrifuge@v0.33.3/internal/dissolve/dissolve.go:31
runtime.goexit({})
	/usr/lib/go/src/runtime/asm_amd64.s:1700 +0x1
created by github.com/centrifugal/centrifuge/internal/dissolve.(*Dissolver).Run in goroutine 56142
	/home/mariell/go/pkg/mod/github.com/centrifugal/centrifuge@v0.33.3/internal/dissolve/dissolve.go:31 +0x25

goroutine 77995 [runnable]:
github.com/centrifugal/centrifuge/internal/dissolve.(*Dissolver).Run.gowrap1()
	/home/mariell/go/pkg/mod/github.com/centrifugal/centrifuge@v0.33.3/internal/dissolve/dissolve.go:31
runtime.goexit({})
	/usr/lib/go/src/runtime/asm_amd64.s:1700 +0x1
created by github.com/centrifugal/centrifuge/internal/dissolve.(*Dissolver).Run in goroutine 56142
	/home/mariell/go/pkg/mod/github.com/centrifugal/centrifuge@v0.33.3/internal/dissolve/dissolve.go:31 +0x25

goroutine 77996 [runnable]:
github.com/centrifugal/centrifuge/internal/dissolve.(*Dissolver).Run.gowrap1()
	/home/mariell/go/pkg/mod/github.com/centrifugal/centrifuge@v0.33.3/internal/dissolve/dissolve.go:31
runtime.goexit({})
	/usr/lib/go/src/runtime/asm_amd64.s:1700 +0x1
created by github.com/centrifugal/centrifuge/internal/dissolve.(*Dissolver).Run in goroutine 56142
	/home/mariell/go/pkg/mod/github.com/centrifugal/centrifuge@v0.33.3/internal/dissolve/dissolve.go:31 +0x25

goroutine 77997 [runnable]:
github.com/centrifugal/centrifuge/internal/dissolve.(*Dissolver).Run.gowrap1()
	/home/mariell/go/pkg/mod/github.com/centrifugal/centrifuge@v0.33.3/internal/dissolve/dissolve.go:31
runtime.goexit({})
	/usr/lib/go/src/runtime/asm_amd64.s:1700 +0x1
created by github.com/centrifugal/centrifuge/internal/dissolve.(*Dissolver).Run in goroutine 56142
	/home/mariell/go/pkg/mod/github.com/centrifugal/centrifuge@v0.33.3/internal/dissolve/dissolve.go:31 +0x25

goroutine 77998 [runnable]:
github.com/centrifugal/centrifuge/internal/dissolve.(*Dissolver).Run.gowrap1()
	/home/mariell/go/pkg/mod/github.com/centrifugal/centrifuge@v0.33.3/internal/dissolve/dissolve.go:31
runtime.goexit({})
	/usr/lib/go/src/runtime/asm_amd64.s:1700 +0x1
created by github.com/centrifugal/centrifuge/internal/dissolve.(*Dissolver).Run in goroutine 56142
	/home/mariell/go/pkg/mod/github.com/centrifugal/centrifuge@v0.33.3/internal/dissolve/dissolve.go:31 +0x25

goroutine 77999 [runnable]:
github.com/centrifugal/centrifuge/internal/dissolve.(*Dissolver).Run.gowrap1()
	/home/mariell/go/pkg/mod/github.com/centrifugal/centrifuge@v0.33.3/internal/dissolve/dissolve.go:31
runtime.goexit({})
	/usr/lib/go/src/runtime/asm_amd64.s:1700 +0x1
created by github.com/centrifugal/centrifuge/internal/dissolve.(*Dissolver).Run in goroutine 56142
	/home/mariell/go/pkg/mod/github.com/centrifugal/centrifuge@v0.33.3/internal/dissolve/dissolve.go:31 +0x25

goroutine 78000 [runnable]:
github.com/centrifugal/centrifuge/internal/dissolve.(*Dissolver).Run.gowrap1()
	/home/mariell/go/pkg/mod/github.com/centrifugal/centrifuge@v0.33.3/internal/dissolve/dissolve.go:31
runtime.goexit({})
	/usr/lib/go/src/runtime/asm_amd64.s:1700 +0x1
created by github.com/centrifugal/centrifuge/internal/dissolve.(*Dissolver).Run in goroutine 56142
	/home/mariell/go/pkg/mod/github.com/centrifugal/centrifuge@v0.33.3/internal/dissolve/dissolve.go:31 +0x25

goroutine 78001 [runnable]:
github.com/centrifugal/centrifuge/internal/dissolve.(*Dissolver).Run.gowrap1()
	/home/mariell/go/pkg/mod/github.com/centrifugal/centrifuge@v0.33.3/internal/dissolve/dissolve.go:31
runtime.goexit({})
	/usr/lib/go/src/runtime/asm_amd64.s:1700 +0x1
created by github.com/centrifugal/centrifuge/internal/dissolve.(*Dissolver).Run in goroutine 56142
	/home/mariell/go/pkg/mod/github.com/centrifugal/centrifuge@v0.33.3/internal/dissolve/dissolve.go:31 +0x25

goroutine 78002 [runnable]:
github.com/centrifugal/centrifuge/internal/dissolve.(*Dissolver).Run.gowrap1()
	/home/mariell/go/pkg/mod/github.com/centrifugal/centrifuge@v0.33.3/internal/dissolve/dissolve.go:31
runtime.goexit({})
	/usr/lib/go/src/runtime/asm_amd64.s:1700 +0x1
created by github.com/centrifugal/centrifuge/internal/dissolve.(*Dissolver).Run in goroutine 56142
	/home/mariell/go/pkg/mod/github.com/centrifugal/centrifuge@v0.33.3/internal/dissolve/dissolve.go:31 +0x25

goroutine 78003 [runnable]:
github.com/centrifugal/centrifuge/internal/dissolve.(*Dissolver).Run.gowrap1()
	/home/mariell/go/pkg/mod/github.com/centrifugal/centrifuge@v0.33.3/internal/dissolve/dissolve.go:31
runtime.goexit({})
	/usr/lib/go/src/runtime/asm_amd64.s:1700 +0x1
created by github.com/centrifugal/centrifuge/internal/dissolve.(*Dissolver).Run in goroutine 56142
	/home/mariell/go/pkg/mod/github.com/centrifugal/centrifuge@v0.33.3/internal/dissolve/dissolve.go:31 +0x25

goroutine 78004 [runnable]:
github.com/centrifugal/centrifuge/internal/dissolve.(*Dissolver).Run.gowrap1()
	/home/mariell/go/pkg/mod/github.com/centrifugal/centrifuge@v0.33.3/internal/dissolve/dissolve.go:31
runtime.goexit({})
	/usr/lib/go/src/runtime/asm_amd64.s:1700 +0x1
created by github.com/centrifugal/centrifuge/internal/dissolve.(*Dissolver).Run in goroutine 56142
	/home/mariell/go/pkg/mod/github.com/centrifugal/centrifuge@v0.33.3/internal/dissolve/dissolve.go:31 +0x25

goroutine 78005 [runnable]:
github.com/centrifugal/centrifuge/internal/dissolve.(*Dissolver).Run.gowrap1()
	/home/mariell/go/pkg/mod/github.com/centrifugal/centrifuge@v0.33.3/internal/dissolve/dissolve.go:31
runtime.goexit({})
	/usr/lib/go/src/runtime/asm_amd64.s:1700 +0x1
created by github.com/centrifugal/centrifuge/internal/dissolve.(*Dissolver).Run in goroutine 56142
	/home/mariell/go/pkg/mod/github.com/centrifugal/centrifuge@v0.33.3/internal/dissolve/dissolve.go:31 +0x25

goroutine 78006 [runnable]:
github.com/centrifugal/centrifuge/internal/dissolve.(*Dissolver).Run.gowrap1()
	/home/mariell/go/pkg/mod/github.com/centrifugal/centrifuge@v0.33.3/internal/dissolve/dissolve.go:31
runtime.goexit({})
	/usr/lib/go/src/runtime/asm_amd64.s:1700 +0x1
created by github.com/centrifugal/centrifuge/internal/dissolve.(*Dissolver).Run in goroutine 56142
	/home/mariell/go/pkg/mod/github.com/centrifugal/centrifuge@v0.33.3/internal/dissolve/dissolve.go:31 +0x25

goroutine 78007 [runnable]:
github.com/centrifugal/centrifuge/internal/dissolve.(*Dissolver).Run.gowrap1()
	/home/mariell/go/pkg/mod/github.com/centrifugal/centrifuge@v0.33.3/internal/dissolve/dissolve.go:31
runtime.goexit({})
	/usr/lib/go/src/runtime/asm_amd64.s:1700 +0x1
created by github.com/centrifugal/centrifuge/internal/dissolve.(*Dissolver).Run in goroutine 56142
	/home/mariell/go/pkg/mod/github.com/centrifugal/centrifuge@v0.33.3/internal/dissolve/dissolve.go:31 +0x25

goroutine 78008 [runnable]:
github.com/centrifugal/centrifuge/internal/dissolve.(*Dissolver).Run.gowrap1()
	/home/mariell/go/pkg/mod/github.com/centrifugal/centrifuge@v0.33.3/internal/dissolve/dissolve.go:31
runtime.goexit({})
	/usr/lib/go/src/runtime/asm_amd64.s:1700 +0x1
created by github.com/centrifugal/centrifuge/internal/dissolve.(*Dissolver).Run in goroutine 56142
	/home/mariell/go/pkg/mod/github.com/centrifugal/centrifuge@v0.33.3/internal/dissolve/dissolve.go:31 +0x25

goroutine 78153 [runnable]:
database/sql.(*Rows).initContextClose.gowrap1()
	/usr/lib/go/src/database/sql/sql.go:2996
runtime.goexit({})
	/usr/lib/go/src/runtime/asm_amd64.s:1700 +0x1
created by database/sql.(*Rows).initContextClose in goroutine 56142
	/usr/lib/go/src/database/sql/sql.go:2996 +0x150

goroutine 78052 [runnable]:
github.com/centrifugal/centrifuge/internal/dissolve.(*Dissolver).Run.gowrap1()
	/home/mariell/go/pkg/mod/github.com/centrifugal/centrifuge@v0.33.3/internal/dissolve/dissolve.go:31
runtime.goexit({})
	/usr/lib/go/src/runtime/asm_amd64.s:1700 +0x1
created by github.com/centrifugal/centrifuge/internal/dissolve.(*Dissolver).Run in goroutine 3350
	/home/mariell/go/pkg/mod/github.com/centrifugal/centrifuge@v0.33.3/internal/dissolve/dissolve.go:31 +0x25

goroutine 78053 [runnable]:
github.com/centrifugal/centrifuge/internal/dissolve.(*Dissolver).Run.gowrap1()
	/home/mariell/go/pkg/mod/github.com/centrifugal/centrifuge@v0.33.3/internal/dissolve/dissolve.go:31
runtime.goexit({})
	/usr/lib/go/src/runtime/asm_amd64.s:1700 +0x1
created by github.com/centrifugal/centrifuge/internal/dissolve.(*Dissolver).Run in goroutine 3350
	/home/mariell/go/pkg/mod/github.com/centrifugal/centrifuge@v0.33.3/internal/dissolve/dissolve.go:31 +0x25

goroutine 78054 [runnable]:
github.com/centrifugal/centrifuge/internal/dissolve.(*Dissolver).Run.gowrap1()
	/home/mariell/go/pkg/mod/github.com/centrifugal/centrifuge@v0.33.3/internal/dissolve/dissolve.go:31
runtime.goexit({})
	/usr/lib/go/src/runtime/asm_amd64.s:1700 +0x1
created by github.com/centrifugal/centrifuge/internal/dissolve.(*Dissolver).Run in goroutine 3350
	/home/mariell/go/pkg/mod/github.com/centrifugal/centrifuge@v0.33.3/internal/dissolve/dissolve.go:31 +0x25

goroutine 78055 [runnable]:
github.com/centrifugal/centrifuge/internal/dissolve.(*Dissolver).Run.gowrap1()
	/home/mariell/go/pkg/mod/github.com/centrifugal/centrifuge@v0.33.3/internal/dissolve/dissolve.go:31
runtime.goexit({})
	/usr/lib/go/src/runtime/asm_amd64.s:1700 +0x1
created by github.com/centrifugal/centrifuge/internal/dissolve.(*Dissolver).Run in goroutine 3350
	/home/mariell/go/pkg/mod/github.com/centrifugal/centrifuge@v0.33.3/internal/dissolve/dissolve.go:31 +0x25

goroutine 78056 [runnable]:
github.com/centrifugal/centrifuge/internal/dissolve.(*Dissolver).Run.gowrap1()
	/home/mariell/go/pkg/mod/github.com/centrifugal/centrifuge@v0.33.3/internal/dissolve/dissolve.go:31
runtime.goexit({})
	/usr/lib/go/src/runtime/asm_amd64.s:1700 +0x1
created by github.com/centrifugal/centrifuge/internal/dissolve.(*Dissolver).Run in goroutine 3350
	/home/mariell/go/pkg/mod/github.com/centrifugal/centrifuge@v0.33.3/internal/dissolve/dissolve.go:31 +0x25

goroutine 78057 [runnable]:
github.com/centrifugal/centrifuge/internal/dissolve.(*Dissolver).Run.gowrap1()
	/home/mariell/go/pkg/mod/github.com/centrifugal/centrifuge@v0.33.3/internal/dissolve/dissolve.go:31
runtime.goexit({})
	/usr/lib/go/src/runtime/asm_amd64.s:1700 +0x1
created by github.com/centrifugal/centrifuge/internal/dissolve.(*Dissolver).Run in goroutine 3350
	/home/mariell/go/pkg/mod/github.com/centrifugal/centrifuge@v0.33.3/internal/dissolve/dissolve.go:31 +0x25

goroutine 78058 [runnable]:
github.com/centrifugal/centrifuge/internal/dissolve.(*Dissolver).Run.gowrap1()
	/home/mariell/go/pkg/mod/github.com/centrifugal/centrifuge@v0.33.3/internal/dissolve/dissolve.go:31
runtime.goexit({})
	/usr/lib/go/src/runtime/asm_amd64.s:1700 +0x1
created by github.com/centrifugal/centrifuge/internal/dissolve.(*Dissolver).Run in goroutine 3350
	/home/mariell/go/pkg/mod/github.com/centrifugal/centrifuge@v0.33.3/internal/dissolve/dissolve.go:31 +0x25

goroutine 78059 [runnable]:
github.com/centrifugal/centrifuge/internal/dissolve.(*Dissolver).Run.gowrap1()
	/home/mariell/go/pkg/mod/github.com/centrifugal/centrifuge@v0.33.3/internal/dissolve/dissolve.go:31
runtime.goexit({})
	/usr/lib/go/src/runtime/asm_amd64.s:1700 +0x1
created by github.com/centrifugal/centrifuge/internal/dissolve.(*Dissolver).Run in goroutine 3350
	/home/mariell/go/pkg/mod/github.com/centrifugal/centrifuge@v0.33.3/internal/dissolve/dissolve.go:31 +0x25

goroutine 78060 [runnable]:
github.com/centrifugal/centrifuge/internal/dissolve.(*Dissolver).Run.gowrap1()
	/home/mariell/go/pkg/mod/github.com/centrifugal/centrifuge@v0.33.3/internal/dissolve/dissolve.go:31
runtime.goexit({})
	/usr/lib/go/src/runtime/asm_amd64.s:1700 +0x1
created by github.com/centrifugal/centrifuge/internal/dissolve.(*Dissolver).Run in goroutine 3350
	/home/mariell/go/pkg/mod/github.com/centrifugal/centrifuge@v0.33.3/internal/dissolve/dissolve.go:31 +0x25

goroutine 78061 [runnable]:
github.com/centrifugal/centrifuge/internal/dissolve.(*Dissolver).Run.gowrap1()
	/home/mariell/go/pkg/mod/github.com/centrifugal/centrifuge@v0.33.3/internal/dissolve/dissolve.go:31
runtime.goexit({})
	/usr/lib/go/src/runtime/asm_amd64.s:1700 +0x1
created by github.com/centrifugal/centrifuge/internal/dissolve.(*Dissolver).Run in goroutine 3350
	/home/mariell/go/pkg/mod/github.com/centrifugal/centrifuge@v0.33.3/internal/dissolve/dissolve.go:31 +0x25

goroutine 78062 [runnable]:
github.com/centrifugal/centrifuge/internal/dissolve.(*Dissolver).Run.gowrap1()
	/home/mariell/go/pkg/mod/github.com/centrifugal/centrifuge@v0.33.3/internal/dissolve/dissolve.go:31
runtime.goexit({})
	/usr/lib/go/src/runtime/asm_amd64.s:1700 +0x1
created by github.com/centrifugal/centrifuge/internal/dissolve.(*Dissolver).Run in goroutine 3350
	/home/mariell/go/pkg/mod/github.com/centrifugal/centrifuge@v0.33.3/internal/dissolve/dissolve.go:31 +0x25

goroutine 78063 [runnable]:
github.com/centrifugal/centrifuge/internal/dissolve.(*Dissolver).Run.gowrap1()
	/home/mariell/go/pkg/mod/github.com/centrifugal/centrifuge@v0.33.3/internal/dissolve/dissolve.go:31
runtime.goexit({})
	/usr/lib/go/src/runtime/asm_amd64.s:1700 +0x1
created by github.com/centrifugal/centrifuge/internal/dissolve.(*Dissolver).Run in goroutine 3350
	/home/mariell/go/pkg/mod/github.com/centrifugal/centrifuge@v0.33.3/internal/dissolve/dissolve.go:31 +0x25

goroutine 78064 [runnable]:
github.com/centrifugal/centrifuge/internal/dissolve.(*Dissolver).Run.gowrap1()
	/home/mariell/go/pkg/mod/github.com/centrifugal/centrifuge@v0.33.3/internal/dissolve/dissolve.go:31
runtime.goexit({})
	/usr/lib/go/src/runtime/asm_amd64.s:1700 +0x1
created by github.com/centrifugal/centrifuge/internal/dissolve.(*Dissolver).Run in goroutine 3350
	/home/mariell/go/pkg/mod/github.com/centrifugal/centrifuge@v0.33.3/internal/dissolve/dissolve.go:31 +0x25

goroutine 78065 [runnable]:
github.com/centrifugal/centrifuge/internal/dissolve.(*Dissolver).Run.gowrap1()
	/home/mariell/go/pkg/mod/github.com/centrifugal/centrifuge@v0.33.3/internal/dissolve/dissolve.go:31
runtime.goexit({})
	/usr/lib/go/src/runtime/asm_amd64.s:1700 +0x1
created by github.com/centrifugal/centrifuge/internal/dissolve.(*Dissolver).Run in goroutine 3350
	/home/mariell/go/pkg/mod/github.com/centrifugal/centrifuge@v0.33.3/internal/dissolve/dissolve.go:31 +0x25

goroutine 78066 [runnable]:
github.com/centrifugal/centrifuge/internal/dissolve.(*Dissolver).Run.gowrap1()
	/home/mariell/go/pkg/mod/github.com/centrifugal/centrifuge@v0.33.3/internal/dissolve/dissolve.go:31
runtime.goexit({})
	/usr/lib/go/src/runtime/asm_amd64.s:1700 +0x1
created by github.com/centrifugal/centrifuge/internal/dissolve.(*Dissolver).Run in goroutine 3350
	/home/mariell/go/pkg/mod/github.com/centrifugal/centrifuge@v0.33.3/internal/dissolve/dissolve.go:31 +0x25

goroutine 78067 [runnable]:
github.com/centrifugal/centrifuge/internal/dissolve.(*Dissolver).Run.gowrap1()
	/home/mariell/go/pkg/mod/github.com/centrifugal/centrifuge@v0.33.3/internal/dissolve/dissolve.go:31
runtime.goexit({})
	/usr/lib/go/src/runtime/asm_amd64.s:1700 +0x1
created by github.com/centrifugal/centrifuge/internal/dissolve.(*Dissolver).Run in goroutine 3350
	/home/mariell/go/pkg/mod/github.com/centrifugal/centrifuge@v0.33.3/internal/dissolve/dissolve.go:31 +0x25

goroutine 78068 [runnable]:
github.com/centrifugal/centrifuge/internal/dissolve.(*Dissolver).Run.gowrap1()
	/home/mariell/go/pkg/mod/github.com/centrifugal/centrifuge@v0.33.3/internal/dissolve/dissolve.go:31
runtime.goexit({})
	/usr/lib/go/src/runtime/asm_amd64.s:1700 +0x1
created by github.com/centrifugal/centrifuge/internal/dissolve.(*Dissolver).Run in goroutine 3350
	/home/mariell/go/pkg/mod/github.com/centrifugal/centrifuge@v0.33.3/internal/dissolve/dissolve.go:31 +0x25

goroutine 78069 [runnable]:
github.com/centrifugal/centrifuge/internal/dissolve.(*Dissolver).Run.gowrap1()
	/home/mariell/go/pkg/mod/github.com/centrifugal/centrifuge@v0.33.3/internal/dissolve/dissolve.go:31
runtime.goexit({})
	/usr/lib/go/src/runtime/asm_amd64.s:1700 +0x1
created by github.com/centrifugal/centrifuge/internal/dissolve.(*Dissolver).Run in goroutine 3350
	/home/mariell/go/pkg/mod/github.com/centrifugal/centrifuge@v0.33.3/internal/dissolve/dissolve.go:31 +0x25

goroutine 78070 [runnable]:
github.com/centrifugal/centrifuge/internal/dissolve.(*Dissolver).Run.gowrap1()
	/home/mariell/go/pkg/mod/github.com/centrifugal/centrifuge@v0.33.3/internal/dissolve/dissolve.go:31
runtime.goexit({})
	/usr/lib/go/src/runtime/asm_amd64.s:1700 +0x1
created by github.com/centrifugal/centrifuge/internal/dissolve.(*Dissolver).Run in goroutine 3350
	/home/mariell/go/pkg/mod/github.com/centrifugal/centrifuge@v0.33.3/internal/dissolve/dissolve.go:31 +0x25

goroutine 78071 [runnable]:
github.com/centrifugal/centrifuge/internal/dissolve.(*Dissolver).Run.gowrap1()
	/home/mariell/go/pkg/mod/github.com/centrifugal/centrifuge@v0.33.3/internal/dissolve/dissolve.go:31
runtime.goexit({})
	/usr/lib/go/src/runtime/asm_amd64.s:1700 +0x1
created by github.com/centrifugal/centrifuge/internal/dissolve.(*Dissolver).Run in goroutine 3350
	/home/mariell/go/pkg/mod/github.com/centrifugal/centrifuge@v0.33.3/internal/dissolve/dissolve.go:31 +0x25

goroutine 78072 [runnable]:
github.com/centrifugal/centrifuge/internal/dissolve.(*Dissolver).Run.gowrap1()
	/home/mariell/go/pkg/mod/github.com/centrifugal/centrifuge@v0.33.3/internal/dissolve/dissolve.go:31
runtime.goexit({})
	/usr/lib/go/src/runtime/asm_amd64.s:1700 +0x1
created by github.com/centrifugal/centrifuge/internal/dissolve.(*Dissolver).Run in goroutine 3350
	/home/mariell/go/pkg/mod/github.com/centrifugal/centrifuge@v0.33.3/internal/dissolve/dissolve.go:31 +0x25

goroutine 78073 [runnable]:
github.com/centrifugal/centrifuge/internal/dissolve.(*Dissolver).Run.gowrap1()
	/home/mariell/go/pkg/mod/github.com/centrifugal/centrifuge@v0.33.3/internal/dissolve/dissolve.go:31
runtime.goexit({})
	/usr/lib/go/src/runtime/asm_amd64.s:1700 +0x1
created by github.com/centrifugal/centrifuge/internal/dissolve.(*Dissolver).Run in goroutine 3350
	/home/mariell/go/pkg/mod/github.com/centrifugal/centrifuge@v0.33.3/internal/dissolve/dissolve.go:31 +0x25

goroutine 78074 [runnable]:
github.com/centrifugal/centrifuge/internal/dissolve.(*Dissolver).Run.gowrap1()
	/home/mariell/go/pkg/mod/github.com/centrifugal/centrifuge@v0.33.3/internal/dissolve/dissolve.go:31
runtime.goexit({})
	/usr/lib/go/src/runtime/asm_amd64.s:1700 +0x1
created by github.com/centrifugal/centrifuge/internal/dissolve.(*Dissolver).Run in goroutine 3350
	/home/mariell/go/pkg/mod/github.com/centrifugal/centrifuge@v0.33.3/internal/dissolve/dissolve.go:31 +0x25

goroutine 78075 [runnable]:
github.com/centrifugal/centrifuge/internal/dissolve.(*Dissolver).Run.gowrap1()
	/home/mariell/go/pkg/mod/github.com/centrifugal/centrifuge@v0.33.3/internal/dissolve/dissolve.go:31
runtime.goexit({})
	/usr/lib/go/src/runtime/asm_amd64.s:1700 +0x1
created by github.com/centrifugal/centrifuge/internal/dissolve.(*Dissolver).Run in goroutine 3350
	/home/mariell/go/pkg/mod/github.com/centrifugal/centrifuge@v0.33.3/internal/dissolve/dissolve.go:31 +0x25

goroutine 78076 [runnable]:
github.com/centrifugal/centrifuge/internal/dissolve.(*Dissolver).Run.gowrap1()
	/home/mariell/go/pkg/mod/github.com/centrifugal/centrifuge@v0.33.3/internal/dissolve/dissolve.go:31
runtime.goexit({})
	/usr/lib/go/src/runtime/asm_amd64.s:1700 +0x1
created by github.com/centrifugal/centrifuge/internal/dissolve.(*Dissolver).Run in goroutine 3350
	/home/mariell/go/pkg/mod/github.com/centrifugal/centrifuge@v0.33.3/internal/dissolve/dissolve.go:31 +0x25

goroutine 78077 [runnable]:
github.com/centrifugal/centrifuge/internal/dissolve.(*Dissolver).Run.gowrap1()
	/home/mariell/go/pkg/mod/github.com/centrifugal/centrifuge@v0.33.3/internal/dissolve/dissolve.go:31
runtime.goexit({})
	/usr/lib/go/src/runtime/asm_amd64.s:1700 +0x1
created by github.com/centrifugal/centrifuge/internal/dissolve.(*Dissolver).Run in goroutine 3350
	/home/mariell/go/pkg/mod/github.com/centrifugal/centrifuge@v0.33.3/internal/dissolve/dissolve.go:31 +0x25

goroutine 78078 [runnable]:
github.com/centrifugal/centrifuge/internal/dissolve.(*Dissolver).Run.gowrap1()
	/home/mariell/go/pkg/mod/github.com/centrifugal/centrifuge@v0.33.3/internal/dissolve/dissolve.go:31
runtime.goexit({})
	/usr/lib/go/src/runtime/asm_amd64.s:1700 +0x1
created by github.com/centrifugal/centrifuge/internal/dissolve.(*Dissolver).Run in goroutine 3350
	/home/mariell/go/pkg/mod/github.com/centrifugal/centrifuge@v0.33.3/internal/dissolve/dissolve.go:31 +0x25

goroutine 78079 [runnable]:
github.com/centrifugal/centrifuge/internal/dissolve.(*Dissolver).Run.gowrap1()
	/home/mariell/go/pkg/mod/github.com/centrifugal/centrifuge@v0.33.3/internal/dissolve/dissolve.go:31
runtime.goexit({})
	/usr/lib/go/src/runtime/asm_amd64.s:1700 +0x1
created by github.com/centrifugal/centrifuge/internal/dissolve.(*Dissolver).Run in goroutine 3350
	/home/mariell/go/pkg/mod/github.com/centrifugal/centrifuge@v0.33.3/internal/dissolve/dissolve.go:31 +0x25

goroutine 78080 [runnable]:
github.com/centrifugal/centrifuge/internal/dissolve.(*Dissolver).Run.gowrap1()
	/home/mariell/go/pkg/mod/github.com/centrifugal/centrifuge@v0.33.3/internal/dissolve/dissolve.go:31
runtime.goexit({})
	/usr/lib/go/src/runtime/asm_amd64.s:1700 +0x1
created by github.com/centrifugal/centrifuge/internal/dissolve.(*Dissolver).Run in goroutine 3350
	/home/mariell/go/pkg/mod/github.com/centrifugal/centrifuge@v0.33.3/internal/dissolve/dissolve.go:31 +0x25

goroutine 78081 [runnable]:
github.com/centrifugal/centrifuge/internal/dissolve.(*Dissolver).Run.gowrap1()
	/home/mariell/go/pkg/mod/github.com/centrifugal/centrifuge@v0.33.3/internal/dissolve/dissolve.go:31
runtime.goexit({})
	/usr/lib/go/src/runtime/asm_amd64.s:1700 +0x1
created by github.com/centrifugal/centrifuge/internal/dissolve.(*Dissolver).Run in goroutine 3350
	/home/mariell/go/pkg/mod/github.com/centrifugal/centrifuge@v0.33.3/internal/dissolve/dissolve.go:31 +0x25

goroutine 78082 [runnable]:
github.com/centrifugal/centrifuge/internal/dissolve.(*Dissolver).Run.gowrap1()
	/home/mariell/go/pkg/mod/github.com/centrifugal/centrifuge@v0.33.3/internal/dissolve/dissolve.go:31
runtime.goexit({})
	/usr/lib/go/src/runtime/asm_amd64.s:1700 +0x1
created by github.com/centrifugal/centrifuge/internal/dissolve.(*Dissolver).Run in goroutine 3350
	/home/mariell/go/pkg/mod/github.com/centrifugal/centrifuge@v0.33.3/internal/dissolve/dissolve.go:31 +0x25

goroutine 78083 [runnable]:
github.com/centrifugal/centrifuge/internal/dissolve.(*Dissolver).Run.gowrap1()
	/home/mariell/go/pkg/mod/github.com/centrifugal/centrifuge@v0.33.3/internal/dissolve/dissolve.go:31
runtime.goexit({})
	/usr/lib/go/src/runtime/asm_amd64.s:1700 +0x1
created by github.com/centrifugal/centrifuge/internal/dissolve.(*Dissolver).Run in goroutine 3350
	/home/mariell/go/pkg/mod/github.com/centrifugal/centrifuge@v0.33.3/internal/dissolve/dissolve.go:31 +0x25

goroutine 78084 [runnable]:
github.com/centrifugal/centrifuge/internal/dissolve.(*Dissolver).Run.gowrap1()
	/home/mariell/go/pkg/mod/github.com/centrifugal/centrifuge@v0.33.3/internal/dissolve/dissolve.go:31
runtime.goexit({})
	/usr/lib/go/src/runtime/asm_amd64.s:1700 +0x1
created by github.com/centrifugal/centrifuge/internal/dissolve.(*Dissolver).Run in goroutine 3350
	/home/mariell/go/pkg/mod/github.com/centrifugal/centrifuge@v0.33.3/internal/dissolve/dissolve.go:31 +0x25

goroutine 78085 [runnable]:
github.com/centrifugal/centrifuge/internal/dissolve.(*Dissolver).Run.gowrap1()
	/home/mariell/go/pkg/mod/github.com/centrifugal/centrifuge@v0.33.3/internal/dissolve/dissolve.go:31
runtime.goexit({})
	/usr/lib/go/src/runtime/asm_amd64.s:1700 +0x1
created by github.com/centrifugal/centrifuge/internal/dissolve.(*Dissolver).Run in goroutine 3350
	/home/mariell/go/pkg/mod/github.com/centrifugal/centrifuge@v0.33.3/internal/dissolve/dissolve.go:31 +0x25

goroutine 78086 [runnable]:
github.com/centrifugal/centrifuge/internal/dissolve.(*Dissolver).Run.gowrap1()
	/home/mariell/go/pkg/mod/github.com/centrifugal/centrifuge@v0.33.3/internal/dissolve/dissolve.go:31
runtime.goexit({})
	/usr/lib/go/src/runtime/asm_amd64.s:1700 +0x1
created by github.com/centrifugal/centrifuge/internal/dissolve.(*Dissolver).Run in goroutine 3350
	/home/mariell/go/pkg/mod/github.com/centrifugal/centrifuge@v0.33.3/internal/dissolve/dissolve.go:31 +0x25

goroutine 78087 [runnable]:
github.com/centrifugal/centrifuge/internal/dissolve.(*Dissolver).Run.gowrap1()
	/home/mariell/go/pkg/mod/github.com/centrifugal/centrifuge@v0.33.3/internal/dissolve/dissolve.go:31
runtime.goexit({})
	/usr/lib/go/src/runtime/asm_amd64.s:1700 +0x1
created by github.com/centrifugal/centrifuge/internal/dissolve.(*Dissolver).Run in goroutine 3350
	/home/mariell/go/pkg/mod/github.com/centrifugal/centrifuge@v0.33.3/internal/dissolve/dissolve.go:31 +0x25

goroutine 78088 [runnable]:
github.com/centrifugal/centrifuge/internal/dissolve.(*Dissolver).Run.gowrap1()
	/home/mariell/go/pkg/mod/github.com/centrifugal/centrifuge@v0.33.3/internal/dissolve/dissolve.go:31
runtime.goexit({})
	/usr/lib/go/src/runtime/asm_amd64.s:1700 +0x1
created by github.com/centrifugal/centrifuge/internal/dissolve.(*Dissolver).Run in goroutine 3350
	/home/mariell/go/pkg/mod/github.com/centrifugal/centrifuge@v0.33.3/internal/dissolve/dissolve.go:31 +0x25

goroutine 78089 [runnable]:
github.com/centrifugal/centrifuge/internal/dissolve.(*Dissolver).Run.gowrap1()
	/home/mariell/go/pkg/mod/github.com/centrifugal/centrifuge@v0.33.3/internal/dissolve/dissolve.go:31
runtime.goexit({})
	/usr/lib/go/src/runtime/asm_amd64.s:1700 +0x1
created by github.com/centrifugal/centrifuge/internal/dissolve.(*Dissolver).Run in goroutine 3350
	/home/mariell/go/pkg/mod/github.com/centrifugal/centrifuge@v0.33.3/internal/dissolve/dissolve.go:31 +0x25

goroutine 78090 [runnable]:
github.com/centrifugal/centrifuge/internal/dissolve.(*Dissolver).Run.gowrap1()
	/home/mariell/go/pkg/mod/github.com/centrifugal/centrifuge@v0.33.3/internal/dissolve/dissolve.go:31
runtime.goexit({})
	/usr/lib/go/src/runtime/asm_amd64.s:1700 +0x1
created by github.com/centrifugal/centrifuge/internal/dissolve.(*Dissolver).Run in goroutine 3350
	/home/mariell/go/pkg/mod/github.com/centrifugal/centrifuge@v0.33.3/internal/dissolve/dissolve.go:31 +0x25

goroutine 78091 [runnable]:
github.com/centrifugal/centrifuge/internal/dissolve.(*Dissolver).Run.gowrap1()
	/home/mariell/go/pkg/mod/github.com/centrifugal/centrifuge@v0.33.3/internal/dissolve/dissolve.go:31
runtime.goexit({})
	/usr/lib/go/src/runtime/asm_amd64.s:1700 +0x1
created by github.com/centrifugal/centrifuge/internal/dissolve.(*Dissolver).Run in goroutine 3350
	/home/mariell/go/pkg/mod/github.com/centrifugal/centrifuge@v0.33.3/internal/dissolve/dissolve.go:31 +0x25

goroutine 78092 [runnable]:
github.com/centrifugal/centrifuge/internal/dissolve.(*Dissolver).Run.gowrap1()
	/home/mariell/go/pkg/mod/github.com/centrifugal/centrifuge@v0.33.3/internal/dissolve/dissolve.go:31
runtime.goexit({})
	/usr/lib/go/src/runtime/asm_amd64.s:1700 +0x1
created by github.com/centrifugal/centrifuge/internal/dissolve.(*Dissolver).Run in goroutine 3350
	/home/mariell/go/pkg/mod/github.com/centrifugal/centrifuge@v0.33.3/internal/dissolve/dissolve.go:31 +0x25

goroutine 78093 [runnable]:
github.com/centrifugal/centrifuge/internal/dissolve.(*Dissolver).Run.gowrap1()
	/home/mariell/go/pkg/mod/github.com/centrifugal/centrifuge@v0.33.3/internal/dissolve/dissolve.go:31
runtime.goexit({})
	/usr/lib/go/src/runtime/asm_amd64.s:1700 +0x1
created by github.com/centrifugal/centrifuge/internal/dissolve.(*Dissolver).Run in goroutine 3350
	/home/mariell/go/pkg/mod/github.com/centrifugal/centrifuge@v0.33.3/internal/dissolve/dissolve.go:31 +0x25

goroutine 78094 [runnable]:
github.com/centrifugal/centrifuge/internal/dissolve.(*Dissolver).Run.gowrap1()
	/home/mariell/go/pkg/mod/github.com/centrifugal/centrifuge@v0.33.3/internal/dissolve/dissolve.go:31
runtime.goexit({})
	/usr/lib/go/src/runtime/asm_amd64.s:1700 +0x1
created by github.com/centrifugal/centrifuge/internal/dissolve.(*Dissolver).Run in goroutine 3350
	/home/mariell/go/pkg/mod/github.com/centrifugal/centrifuge@v0.33.3/internal/dissolve/dissolve.go:31 +0x25

goroutine 78175 [runnable]:
database/sql.(*Rows).initContextClose.gowrap1()
	/usr/lib/go/src/database/sql/sql.go:2996
runtime.goexit({})
	/usr/lib/go/src/runtime/asm_amd64.s:1700 +0x1
created by database/sql.(*Rows).initContextClose in goroutine 3350
	/usr/lib/go/src/database/sql/sql.go:2996 +0x150

goroutine 78155 [runnable]:
database/sql.(*Rows).initContextClose.gowrap1()
	/usr/lib/go/src/database/sql/sql.go:2996
runtime.goexit({})
	/usr/lib/go/src/runtime/asm_amd64.s:1700 +0x1
created by database/sql.(*Rows).initContextClose in goroutine 56142
	/usr/lib/go/src/database/sql/sql.go:2996 +0x150

goroutine 78181 [runnable]:
golang.org/x/sync/errgroup.(*Group).Go.func1()
	/home/mariell/go/pkg/mod/golang.org/x/sync@v0.11.0/errgroup/errgroup.go:75
created by golang.org/x/sync/errgroup.(*Group).Go in goroutine 77934
	/home/mariell/go/pkg/mod/golang.org/x/sync@v0.11.0/errgroup/errgroup.go:75 +0x93

goroutine 78182 [runnable]:
golang.org/x/sync/errgroup.(*Group).Go.func1()
	/home/mariell/go/pkg/mod/golang.org/x/sync@v0.11.0/errgroup/errgroup.go:75
created by golang.org/x/sync/errgroup.(*Group).Go in goroutine 77934
	/home/mariell/go/pkg/mod/golang.org/x/sync@v0.11.0/errgroup/errgroup.go:75 +0x93

goroutine 78183 [runnable]:
golang.org/x/sync/errgroup.(*Group).Go.func1()
	/home/mariell/go/pkg/mod/golang.org/x/sync@v0.11.0/errgroup/errgroup.go:75
created by golang.org/x/sync/errgroup.(*Group).Go in goroutine 77934
	/home/mariell/go/pkg/mod/golang.org/x/sync@v0.11.0/errgroup/errgroup.go:75 +0x93

goroutine 78184 [runnable]:
golang.org/x/sync/errgroup.(*Group).Go.func1()
	/home/mariell/go/pkg/mod/golang.org/x/sync@v0.11.0/errgroup/errgroup.go:75
created by golang.org/x/sync/errgroup.(*Group).Go in goroutine 77934
	/home/mariell/go/pkg/mod/golang.org/x/sync@v0.11.0/errgroup/errgroup.go:75 +0x93

goroutine 78185 [runnable]:
golang.org/x/sync/errgroup.(*Group).Go.func1()
	/home/mariell/go/pkg/mod/golang.org/x/sync@v0.11.0/errgroup/errgroup.go:75
created by golang.org/x/sync/errgroup.(*Group).Go in goroutine 77934
	/home/mariell/go/pkg/mod/golang.org/x/sync@v0.11.0/errgroup/errgroup.go:75 +0x93

goroutine 78186 [runnable]:
golang.org/x/sync/errgroup.(*Group).Go.func1()
	/home/mariell/go/pkg/mod/golang.org/x/sync@v0.11.0/errgroup/errgroup.go:75
created by golang.org/x/sync/errgroup.(*Group).Go in goroutine 77934
	/home/mariell/go/pkg/mod/golang.org/x/sync@v0.11.0/errgroup/errgroup.go:75 +0x93

goroutine 78187 [runnable]:
golang.org/x/sync/errgroup.(*Group).Go.func1()
	/home/mariell/go/pkg/mod/golang.org/x/sync@v0.11.0/errgroup/errgroup.go:75
created by golang.org/x/sync/errgroup.(*Group).Go in goroutine 77934
	/home/mariell/go/pkg/mod/golang.org/x/sync@v0.11.0/errgroup/errgroup.go:75 +0x93

goroutine 78188 [runnable]:
golang.org/x/sync/errgroup.(*Group).Go.func1()
	/home/mariell/go/pkg/mod/golang.org/x/sync@v0.11.0/errgroup/errgroup.go:75
created by golang.org/x/sync/errgroup.(*Group).Go in goroutine 77934
	/home/mariell/go/pkg/mod/golang.org/x/sync@v0.11.0/errgroup/errgroup.go:75 +0x93

goroutine 78189 [runnable]:
golang.org/x/sync/errgroup.(*Group).Go.func1()
	/home/mariell/go/pkg/mod/golang.org/x/sync@v0.11.0/errgroup/errgroup.go:75
created by golang.org/x/sync/errgroup.(*Group).Go in goroutine 77934
	/home/mariell/go/pkg/mod/golang.org/x/sync@v0.11.0/errgroup/errgroup.go:75 +0x93

goroutine 78190 [runnable]:
golang.org/x/sync/errgroup.(*Group).Go.func1()
	/home/mariell/go/pkg/mod/golang.org/x/sync@v0.11.0/errgroup/errgroup.go:75
created by golang.org/x/sync/errgroup.(*Group).Go in goroutine 77934
	/home/mariell/go/pkg/mod/golang.org/x/sync@v0.11.0/errgroup/errgroup.go:75 +0x93

goroutine 78191 [runnable]:
golang.org/x/sync/errgroup.(*Group).Go.func1()
	/home/mariell/go/pkg/mod/golang.org/x/sync@v0.11.0/errgroup/errgroup.go:75
created by golang.org/x/sync/errgroup.(*Group).Go in goroutine 77934
	/home/mariell/go/pkg/mod/golang.org/x/sync@v0.11.0/errgroup/errgroup.go:75 +0x93

goroutine 78192 [runnable]:
golang.org/x/sync/errgroup.(*Group).Go.func1()
	/home/mariell/go/pkg/mod/golang.org/x/sync@v0.11.0/errgroup/errgroup.go:75
created by golang.org/x/sync/errgroup.(*Group).Go in goroutine 77934
	/home/mariell/go/pkg/mod/golang.org/x/sync@v0.11.0/errgroup/errgroup.go:75 +0x93

goroutine 78193 [runnable]:
golang.org/x/sync/errgroup.(*Group).Go.func1()
	/home/mariell/go/pkg/mod/golang.org/x/sync@v0.11.0/errgroup/errgroup.go:75
created by golang.org/x/sync/errgroup.(*Group).Go in goroutine 77934
	/home/mariell/go/pkg/mod/golang.org/x/sync@v0.11.0/errgroup/errgroup.go:75 +0x93

goroutine 78194 [runnable]:
golang.org/x/sync/errgroup.(*Group).Go.func1()
	/home/mariell/go/pkg/mod/golang.org/x/sync@v0.11.0/errgroup/errgroup.go:75
created by golang.org/x/sync/errgroup.(*Group).Go in goroutine 77934
	/home/mariell/go/pkg/mod/golang.org/x/sync@v0.11.0/errgroup/errgroup.go:75 +0x93

goroutine 78195 [runnable]:
golang.org/x/sync/errgroup.(*Group).Go.func1()
	/home/mariell/go/pkg/mod/golang.org/x/sync@v0.11.0/errgroup/errgroup.go:75
created by golang.org/x/sync/errgroup.(*Group).Go in goroutine 77934
	/home/mariell/go/pkg/mod/golang.org/x/sync@v0.11.0/errgroup/errgroup.go:75 +0x93

goroutine 78196 [runnable]:
golang.org/x/sync/errgroup.(*Group).Go.func1()
	/home/mariell/go/pkg/mod/golang.org/x/sync@v0.11.0/errgroup/errgroup.go:75
created by golang.org/x/sync/errgroup.(*Group).Go in goroutine 77934
	/home/mariell/go/pkg/mod/golang.org/x/sync@v0.11.0/errgroup/errgroup.go:75 +0x93

goroutine 78197 [runnable]:
golang.org/x/sync/errgroup.(*Group).Go.func1()
	/home/mariell/go/pkg/mod/golang.org/x/sync@v0.11.0/errgroup/errgroup.go:75
created by golang.org/x/sync/errgroup.(*Group).Go in goroutine 77934
	/home/mariell/go/pkg/mod/golang.org/x/sync@v0.11.0/errgroup/errgroup.go:75 +0x93

goroutine 78198 [runnable]:
golang.org/x/sync/errgroup.(*Group).Go.func1()
	/home/mariell/go/pkg/mod/golang.org/x/sync@v0.11.0/errgroup/errgroup.go:75
created by golang.org/x/sync/errgroup.(*Group).Go in goroutine 77934
	/home/mariell/go/pkg/mod/golang.org/x/sync@v0.11.0/errgroup/errgroup.go:75 +0x93

goroutine 78199 [runnable]:
golang.org/x/sync/errgroup.(*Group).Go.func1()
	/home/mariell/go/pkg/mod/golang.org/x/sync@v0.11.0/errgroup/errgroup.go:75
created by golang.org/x/sync/errgroup.(*Group).Go in goroutine 77934
	/home/mariell/go/pkg/mod/golang.org/x/sync@v0.11.0/errgroup/errgroup.go:75 +0x93

goroutine 78200 [runnable]:
golang.org/x/sync/errgroup.(*Group).Go.func1()
	/home/mariell/go/pkg/mod/golang.org/x/sync@v0.11.0/errgroup/errgroup.go:75
created by golang.org/x/sync/errgroup.(*Group).Go in goroutine 77934
	/home/mariell/go/pkg/mod/golang.org/x/sync@v0.11.0/errgroup/errgroup.go:75 +0x93

goroutine 78201 [runnable]:
golang.org/x/sync/errgroup.(*Group).Go.func1()
	/home/mariell/go/pkg/mod/golang.org/x/sync@v0.11.0/errgroup/errgroup.go:75
created by golang.org/x/sync/errgroup.(*Group).Go in goroutine 77934
	/home/mariell/go/pkg/mod/golang.org/x/sync@v0.11.0/errgroup/errgroup.go:75 +0x93

goroutine 78177 [runnable]:
database/sql.(*Rows).initContextClose.gowrap1()
	/usr/lib/go/src/database/sql/sql.go:2996
runtime.goexit({})
	/usr/lib/go/src/runtime/asm_amd64.s:1700 +0x1
created by database/sql.(*Rows).initContextClose in goroutine 3350
	/usr/lib/go/src/database/sql/sql.go:2996 +0x150

goroutine 78202 [runnable]:
golang.org/x/sync/errgroup.(*Group).Go.func1()
	/home/mariell/go/pkg/mod/golang.org/x/sync@v0.11.0/errgroup/errgroup.go:75
created by golang.org/x/sync/errgroup.(*Group).Go in goroutine 77934
	/home/mariell/go/pkg/mod/golang.org/x/sync@v0.11.0/errgroup/errgroup.go:75 +0x93

goroutine 78203 [runnable]:
golang.org/x/sync/errgroup.(*Group).Go.func1()
	/home/mariell/go/pkg/mod/golang.org/x/sync@v0.11.0/errgroup/errgroup.go:75
created by golang.org/x/sync/errgroup.(*Group).Go in goroutine 77934
	/home/mariell/go/pkg/mod/golang.org/x/sync@v0.11.0/errgroup/errgroup.go:75 +0x93

goroutine 78204 [runnable]:
golang.org/x/sync/errgroup.(*Group).Go.func1()
	/home/mariell/go/pkg/mod/golang.org/x/sync@v0.11.0/errgroup/errgroup.go:75
created by golang.org/x/sync/errgroup.(*Group).Go in goroutine 77934
	/home/mariell/go/pkg/mod/golang.org/x/sync@v0.11.0/errgroup/errgroup.go:75 +0x93

goroutine 78205 [runnable]:
golang.org/x/sync/errgroup.(*Group).Go.func1()
	/home/mariell/go/pkg/mod/golang.org/x/sync@v0.11.0/errgroup/errgroup.go:75
created by golang.org/x/sync/errgroup.(*Group).Go in goroutine 77934
	/home/mariell/go/pkg/mod/golang.org/x/sync@v0.11.0/errgroup/errgroup.go:75 +0x93

goroutine 78206 [runnable]:
golang.org/x/sync/errgroup.(*Group).Go.func1()
	/home/mariell/go/pkg/mod/golang.org/x/sync@v0.11.0/errgroup/errgroup.go:75
created by golang.org/x/sync/errgroup.(*Group).Go in goroutine 77934
	/home/mariell/go/pkg/mod/golang.org/x/sync@v0.11.0/errgroup/errgroup.go:75 +0x93

goroutine 78207 [runnable]:
golang.org/x/sync/errgroup.(*Group).Go.func1()
	/home/mariell/go/pkg/mod/golang.org/x/sync@v0.11.0/errgroup/errgroup.go:75
created by golang.org/x/sync/errgroup.(*Group).Go in goroutine 77934
	/home/mariell/go/pkg/mod/golang.org/x/sync@v0.11.0/errgroup/errgroup.go:75 +0x93

goroutine 78208 [runnable]:
golang.org/x/sync/errgroup.(*Group).Go.func1()
	/home/mariell/go/pkg/mod/golang.org/x/sync@v0.11.0/errgroup/errgroup.go:75
created by golang.org/x/sync/errgroup.(*Group).Go in goroutine 77934
	/home/mariell/go/pkg/mod/golang.org/x/sync@v0.11.0/errgroup/errgroup.go:75 +0x93

goroutine 78209 [runnable]:
golang.org/x/sync/errgroup.(*Group).Go.func1()
	/home/mariell/go/pkg/mod/golang.org/x/sync@v0.11.0/errgroup/errgroup.go:75
created by golang.org/x/sync/errgroup.(*Group).Go in goroutine 77934
	/home/mariell/go/pkg/mod/golang.org/x/sync@v0.11.0/errgroup/errgroup.go:75 +0x93

goroutine 78210 [select]:
github.com/grafana/dskit/services.(*BasicService).awaitState(0xc0478300a0, {0xa9d1d00, 0xc0495a3950}, 0x2, 0xc046247ab0)
	/home/mariell/go/pkg/mod/github.com/grafana/dskit@v0.0.0-20241105154643-a6b453a88040/services/basic_service.go:297 +0x87
github.com/grafana/dskit/services.(*BasicService).AwaitRunning(0x0?, {0xa9d1d00?, 0xc0495a3950?})
	/home/mariell/go/pkg/mod/github.com/grafana/dskit@v0.0.0-20241105154643-a6b453a88040/services/basic_service.go:288 +0x26
github.com/grafana/grafana/pkg/services/apiserver.(*service).GetRestConfig(0xc0296bb1e0, {0xa9d1d00?, 0xc0495a3950?})
	/home/mariell/work/oss/grafana/pkg/services/apiserver/service.go:248 +0x2e
github.com/grafana/grafana/pkg/registry/apps.ProvideRegistryServiceSink.func1({0xa9d1d00?, 0xc0495a3950?})
	/home/mariell/work/oss/grafana/pkg/registry/apps/apps.go:38 +0x2f
github.com/grafana/grafana/pkg/services/apiserver/builder/runner.(*APIGroupRunner).Init(0xc0495ac0c0, {0xa9d1d00?, 0xc0495a3950?})
	/home/mariell/work/oss/grafana/pkg/services/apiserver/builder/runner/runner.go:52 +0x91
github.com/grafana/grafana/pkg/registry/apps.(*Service).Run(0xc021c82810, {0xa9d1d00, 0xc0495a3950})
	/home/mariell/work/oss/grafana/pkg/registry/apps/apps.go:71 +0x59
github.com/grafana/grafana/pkg/server.(*Server).Run.func1()
	/home/mariell/work/oss/grafana/pkg/server/server.go:163 +0x119
golang.org/x/sync/errgroup.(*Group).Go.func1()
	/home/mariell/go/pkg/mod/golang.org/x/sync@v0.11.0/errgroup/errgroup.go:78 +0x50
created by golang.org/x/sync/errgroup.(*Group).Go in goroutine 77934
	/home/mariell/go/pkg/mod/golang.org/x/sync@v0.11.0/errgroup/errgroup.go:75 +0x93

goroutine 78157 [runnable]:
database/sql.(*Rows).initContextClose.gowrap1()
	/usr/lib/go/src/database/sql/sql.go:2996
runtime.goexit({})
	/usr/lib/go/src/runtime/asm_amd64.s:1700 +0x1
created by database/sql.(*Rows).initContextClose in goroutine 56142
	/usr/lib/go/src/database/sql/sql.go:2996 +0x150

goroutine 78227 [runnable]:
database/sql.(*Rows).initContextClose.gowrap1()
	/usr/lib/go/src/database/sql/sql.go:2996
runtime.goexit({})
	/usr/lib/go/src/runtime/asm_amd64.s:1700 +0x1
created by database/sql.(*Rows).initContextClose in goroutine 3350
	/usr/lib/go/src/database/sql/sql.go:2996 +0x150

goroutine 78159 [runnable]:
database/sql.(*Rows).initContextClose.gowrap1()
	/usr/lib/go/src/database/sql/sql.go:2996
runtime.goexit({})
	/usr/lib/go/src/runtime/asm_amd64.s:1700 +0x1
created by database/sql.(*Rows).initContextClose in goroutine 56142
	/usr/lib/go/src/database/sql/sql.go:2996 +0x150

goroutine 78229 [runnable]:
database/sql.(*Rows).initContextClose.gowrap1()
	/usr/lib/go/src/database/sql/sql.go:2996
runtime.goexit({})
	/usr/lib/go/src/runtime/asm_amd64.s:1700 +0x1
created by database/sql.(*Rows).initContextClose in goroutine 3350
	/usr/lib/go/src/database/sql/sql.go:2996 +0x150

goroutine 78161 [runnable]:
github.com/patrickmn/go-cache.runJanitor.gowrap1()
	/home/mariell/go/pkg/mod/github.com/patrickmn/go-cache@v2.1.0+incompatible/cache.go:1099
runtime.goexit({})
	/usr/lib/go/src/runtime/asm_amd64.s:1700 +0x1
created by github.com/patrickmn/go-cache.runJanitor in goroutine 56142
	/home/mariell/go/pkg/mod/github.com/patrickmn/go-cache@v2.1.0+incompatible/cache.go:1099 +0xdb

goroutine 78231 [runnable]:
github.com/patrickmn/go-cache.runJanitor.gowrap1()
	/home/mariell/go/pkg/mod/github.com/patrickmn/go-cache@v2.1.0+incompatible/cache.go:1099
runtime.goexit({})
	/usr/lib/go/src/runtime/asm_amd64.s:1700 +0x1
created by github.com/patrickmn/go-cache.runJanitor in goroutine 3350
	/home/mariell/go/pkg/mod/github.com/patrickmn/go-cache@v2.1.0+incompatible/cache.go:1099 +0xdb

goroutine 78247 [runnable]:
github.com/patrickmn/go-cache.runJanitor.gowrap1()
	/home/mariell/go/pkg/mod/github.com/patrickmn/go-cache@v2.1.0+incompatible/cache.go:1099
runtime.goexit({})
	/usr/lib/go/src/runtime/asm_amd64.s:1700 +0x1
created by github.com/patrickmn/go-cache.runJanitor in goroutine 56142
	/home/mariell/go/pkg/mod/github.com/patrickmn/go-cache@v2.1.0+incompatible/cache.go:1099 +0xdb

goroutine 78237 [runnable]:
github.com/patrickmn/go-cache.runJanitor.gowrap1()
	/home/mariell/go/pkg/mod/github.com/patrickmn/go-cache@v2.1.0+incompatible/cache.go:1099
runtime.goexit({})
	/usr/lib/go/src/runtime/asm_amd64.s:1700 +0x1
created by github.com/patrickmn/go-cache.runJanitor in goroutine 3350
	/home/mariell/go/pkg/mod/github.com/patrickmn/go-cache@v2.1.0+incompatible/cache.go:1099 +0xdb

goroutine 78290 [runnable]:
golang.org/x/sync/errgroup.(*Group).Go.func1()
	/home/mariell/go/pkg/mod/golang.org/x/sync@v0.11.0/errgroup/errgroup.go:75
created by golang.org/x/sync/errgroup.(*Group).Go in goroutine 77705
	/home/mariell/go/pkg/mod/golang.org/x/sync@v0.11.0/errgroup/errgroup.go:75 +0x93

goroutine 78291 [runnable]:
golang.org/x/sync/errgroup.(*Group).Go.func1()
	/home/mariell/go/pkg/mod/golang.org/x/sync@v0.11.0/errgroup/errgroup.go:75
created by golang.org/x/sync/errgroup.(*Group).Go in goroutine 77705
	/home/mariell/go/pkg/mod/golang.org/x/sync@v0.11.0/errgroup/errgroup.go:75 +0x93

goroutine 78292 [runnable]:
golang.org/x/sync/errgroup.(*Group).Go.func1()
	/home/mariell/go/pkg/mod/golang.org/x/sync@v0.11.0/errgroup/errgroup.go:75
created by golang.org/x/sync/errgroup.(*Group).Go in goroutine 77705
	/home/mariell/go/pkg/mod/golang.org/x/sync@v0.11.0/errgroup/errgroup.go:75 +0x93

goroutine 78293 [runnable]:
golang.org/x/sync/errgroup.(*Group).Go.func1()
	/home/mariell/go/pkg/mod/golang.org/x/sync@v0.11.0/errgroup/errgroup.go:75
created by golang.org/x/sync/errgroup.(*Group).Go in goroutine 77705
	/home/mariell/go/pkg/mod/golang.org/x/sync@v0.11.0/errgroup/errgroup.go:75 +0x93

goroutine 78294 [runnable]:
golang.org/x/sync/errgroup.(*Group).Go.func1()
	/home/mariell/go/pkg/mod/golang.org/x/sync@v0.11.0/errgroup/errgroup.go:75
created by golang.org/x/sync/errgroup.(*Group).Go in goroutine 77705
	/home/mariell/go/pkg/mod/golang.org/x/sync@v0.11.0/errgroup/errgroup.go:75 +0x93

goroutine 78295 [runnable]:
golang.org/x/sync/errgroup.(*Group).Go.func1()
	/home/mariell/go/pkg/mod/golang.org/x/sync@v0.11.0/errgroup/errgroup.go:75
created by golang.org/x/sync/errgroup.(*Group).Go in goroutine 77705
	/home/mariell/go/pkg/mod/golang.org/x/sync@v0.11.0/errgroup/errgroup.go:75 +0x93

goroutine 78296 [runnable]:
golang.org/x/sync/errgroup.(*Group).Go.func1()
	/home/mariell/go/pkg/mod/golang.org/x/sync@v0.11.0/errgroup/errgroup.go:75
created by golang.org/x/sync/errgroup.(*Group).Go in goroutine 77705
	/home/mariell/go/pkg/mod/golang.org/x/sync@v0.11.0/errgroup/errgroup.go:75 +0x93

goroutine 78297 [runnable]:
golang.org/x/sync/errgroup.(*Group).Go.func1()
	/home/mariell/go/pkg/mod/golang.org/x/sync@v0.11.0/errgroup/errgroup.go:75
created by golang.org/x/sync/errgroup.(*Group).Go in goroutine 77705
	/home/mariell/go/pkg/mod/golang.org/x/sync@v0.11.0/errgroup/errgroup.go:75 +0x93

goroutine 78298 [runnable]:
golang.org/x/sync/errgroup.(*Group).Go.func1()
	/home/mariell/go/pkg/mod/golang.org/x/sync@v0.11.0/errgroup/errgroup.go:75
created by golang.org/x/sync/errgroup.(*Group).Go in goroutine 77705
	/home/mariell/go/pkg/mod/golang.org/x/sync@v0.11.0/errgroup/errgroup.go:75 +0x93

goroutine 78299 [runnable]:
golang.org/x/sync/errgroup.(*Group).Go.func1()
	/home/mariell/go/pkg/mod/golang.org/x/sync@v0.11.0/errgroup/errgroup.go:75
created by golang.org/x/sync/errgroup.(*Group).Go in goroutine 77705
	/home/mariell/go/pkg/mod/golang.org/x/sync@v0.11.0/errgroup/errgroup.go:75 +0x93

goroutine 78300 [runnable]:
golang.org/x/sync/errgroup.(*Group).Go.func1()
	/home/mariell/go/pkg/mod/golang.org/x/sync@v0.11.0/errgroup/errgroup.go:75
created by golang.org/x/sync/errgroup.(*Group).Go in goroutine 77705
	/home/mariell/go/pkg/mod/golang.org/x/sync@v0.11.0/errgroup/errgroup.go:75 +0x93

goroutine 78301 [select]:
github.com/grafana/dskit/services.(*BasicService).awaitState(0xc0454180a0, {0xa9d1d00, 0xc048eda2d0}, 0x2, 0xc044335ce0)
	/home/mariell/go/pkg/mod/github.com/grafana/dskit@v0.0.0-20241105154643-a6b453a88040/services/basic_service.go:297 +0x87
github.com/grafana/dskit/services.(*BasicService).AwaitRunning(0xc02f1feee0?, {0xa9d1d00?, 0xc048eda2d0?})
	/home/mariell/go/pkg/mod/github.com/grafana/dskit@v0.0.0-20241105154643-a6b453a88040/services/basic_service.go:288 +0x26
github.com/grafana/grafana/pkg/services/apiserver.(*service).GetRestConfig(0xc031d7b080, {0xa9d1d00?, 0xc048eda2d0?})
	/home/mariell/work/oss/grafana/pkg/services/apiserver/service.go:248 +0x2e
github.com/grafana/grafana/pkg/registry/apps.ProvideRegistryServiceSink.func1({0xa9d1d00?, 0xc048eda2d0?})
	/home/mariell/work/oss/grafana/pkg/registry/apps/apps.go:38 +0x2f
github.com/grafana/grafana/pkg/services/apiserver/builder/runner.(*APIGroupRunner).Init(0xc048eb0240, {0xa9d1d00?, 0xc048eda2d0?})
	/home/mariell/work/oss/grafana/pkg/services/apiserver/builder/runner/runner.go:52 +0x91
github.com/grafana/grafana/pkg/registry/apps.(*Service).Run(0xc02a6407f8, {0xa9d1d00, 0xc048eda2d0})
	/home/mariell/work/oss/grafana/pkg/registry/apps/apps.go:71 +0x59
github.com/grafana/grafana/pkg/server.(*Server).Run.func1()
	/home/mariell/work/oss/grafana/pkg/server/server.go:163 +0x119
golang.org/x/sync/errgroup.(*Group).Go.func1()
	/home/mariell/go/pkg/mod/golang.org/x/sync@v0.11.0/errgroup/errgroup.go:78 +0x50
created by golang.org/x/sync/errgroup.(*Group).Go in goroutine 77705
	/home/mariell/go/pkg/mod/golang.org/x/sync@v0.11.0/errgroup/errgroup.go:75 +0x93

goroutine 78248 [runnable]:
github.com/patrickmn/go-cache.runJanitor.gowrap1()
	/home/mariell/go/pkg/mod/github.com/patrickmn/go-cache@v2.1.0+incompatible/cache.go:1099
runtime.goexit({})
	/usr/lib/go/src/runtime/asm_amd64.s:1700 +0x1
created by github.com/patrickmn/go-cache.runJanitor in goroutine 56142
	/home/mariell/go/pkg/mod/github.com/patrickmn/go-cache@v2.1.0+incompatible/cache.go:1099 +0xdb

goroutine 78249 [runnable]:
github.com/patrickmn/go-cache.runJanitor.gowrap1()
	/home/mariell/go/pkg/mod/github.com/patrickmn/go-cache@v2.1.0+incompatible/cache.go:1099
runtime.goexit({})
	/usr/lib/go/src/runtime/asm_amd64.s:1700 +0x1
created by github.com/patrickmn/go-cache.runJanitor in goroutine 56142
	/home/mariell/go/pkg/mod/github.com/patrickmn/go-cache@v2.1.0+incompatible/cache.go:1099 +0xdb

goroutine 78499 [runnable]:
github.com/prometheus/client_golang/prometheus.(*Registry).Register.func1()
	/home/mariell/go/pkg/mod/github.com/prometheus/client_golang@v1.20.5/prometheus/registry.go:278
created by github.com/prometheus/client_golang/prometheus.(*Registry).Register in goroutine 56142
	/home/mariell/go/pkg/mod/github.com/prometheus/client_golang@v1.20.5/prometheus/registry.go:278 +0x1a9

goroutine 78238 [runnable]:
github.com/patrickmn/go-cache.runJanitor.gowrap1()
	/home/mariell/go/pkg/mod/github.com/patrickmn/go-cache@v2.1.0+incompatible/cache.go:1099
runtime.goexit({})
	/usr/lib/go/src/runtime/asm_amd64.s:1700 +0x1
created by github.com/patrickmn/go-cache.runJanitor in goroutine 3350
	/home/mariell/go/pkg/mod/github.com/patrickmn/go-cache@v2.1.0+incompatible/cache.go:1099 +0xdb

goroutine 78239 [runnable]:
github.com/patrickmn/go-cache.runJanitor.gowrap1()
	/home/mariell/go/pkg/mod/github.com/patrickmn/go-cache@v2.1.0+incompatible/cache.go:1099
runtime.goexit({})
	/usr/lib/go/src/runtime/asm_amd64.s:1700 +0x1
created by github.com/patrickmn/go-cache.runJanitor in goroutine 3350
	/home/mariell/go/pkg/mod/github.com/patrickmn/go-cache@v2.1.0+incompatible/cache.go:1099 +0xdb
FAIL	github.com/grafana/grafana/pkg/tests/api/alerting	53.145s
ok  	github.com/grafana/grafana/pkg/tests/api/azuremonitor	0.530s	coverage: [no statements]
--- FAIL: TestIntegrationCreateCorrelation (1.88s)
    correlations_create_test.go:22: Grafana is listening on 127.0.0.1:39779
    correlations_create_test.go:24: 
        	Error Trace:	/home/mariell/work/oss/grafana/pkg/tests/api/correlations/common_test.go:171
        	            				/home/mariell/work/oss/grafana/pkg/tests/api/correlations/correlations_create_test.go:24
        	Error:      	Received unexpected error:
        	            	[org.notFound] failed to get organization with ID: 1
        	Test:       	TestIntegrationCreateCorrelation
--- FAIL: TestIntegrationDeleteCorrelation (1.73s)
    correlations_delete_test.go:22: Grafana is listening on 127.0.0.1:35973
    correlations_delete_test.go:24: 
        	Error Trace:	/home/mariell/work/oss/grafana/pkg/tests/api/correlations/common_test.go:171
        	            				/home/mariell/work/oss/grafana/pkg/tests/api/correlations/correlations_delete_test.go:24
        	Error:      	Received unexpected error:
        	            	[org.notFound] failed to get organization with ID: 1
        	Test:       	TestIntegrationDeleteCorrelation
--- FAIL: TestIntegrationCreateOrUpdateCorrelation (1.86s)
    correlations_provisioning_api_test.go:22: Grafana is listening on 127.0.0.1:43059
    correlations_provisioning_api_test.go:24: 
        	Error Trace:	/home/mariell/work/oss/grafana/pkg/tests/api/correlations/common_test.go:171
        	            				/home/mariell/work/oss/grafana/pkg/tests/api/correlations/correlations_provisioning_api_test.go:24
        	Error:      	Received unexpected error:
        	            	[org.notFound] failed to get organization with ID: 1
        	Test:       	TestIntegrationCreateOrUpdateCorrelation
--- FAIL: TestIntegrationReadCorrelation (1.64s)
    correlations_read_test.go:24: Grafana is listening on 127.0.0.1:32957
    correlations_read_test.go:26: 
        	Error Trace:	/home/mariell/work/oss/grafana/pkg/tests/api/correlations/common_test.go:171
        	            				/home/mariell/work/oss/grafana/pkg/tests/api/correlations/correlations_read_test.go:26
        	Error:      	Received unexpected error:
        	            	[org.notFound] failed to get organization with ID: 1
        	Test:       	TestIntegrationReadCorrelation
--- FAIL: TestIntegrationUpdateCorrelation (1.55s)
    correlations_update_test.go:22: Grafana is listening on 127.0.0.1:40727
    correlations_update_test.go:24: 
        	Error Trace:	/home/mariell/work/oss/grafana/pkg/tests/api/correlations/common_test.go:171
        	            				/home/mariell/work/oss/grafana/pkg/tests/api/correlations/correlations_update_test.go:24
        	Error:      	Received unexpected error:
        	            	[org.notFound] failed to get organization with ID: 1
        	Test:       	TestIntegrationUpdateCorrelation
FAIL
coverage: [no statements]
FAIL	github.com/grafana/grafana/pkg/tests/api/correlations	9.221s
--- FAIL: TestIntegrationUpdatingProvisionionedDashboards (1.51s)
    api_dashboards_test.go:168: 
        	Error Trace:	/home/mariell/work/oss/grafana/pkg/tests/testinfra/testinfra.go:84
        	            				/home/mariell/work/oss/grafana/pkg/tests/api/dashboards/api_dashboards_test.go:168
        	Error:      	Received unexpected error:
        	            	Failed to create provisioner: Failed to read dashboards config: failed to provision dashboards with "provisioned dashboards" reader: [org.notFound] failed to get org by ID: 1
        	Test:       	TestIntegrationUpdatingProvisionionedDashboards
--- FAIL: TestIntegrationCreate (2.36s)
    api_dashboards_test.go:326: Grafana is listening on 127.0.0.1:38657
    api_dashboards_test.go:329: 
        	Error Trace:	/home/mariell/work/oss/grafana/pkg/tests/api/dashboards/api_dashboards_test.go:135
        	            				/home/mariell/work/oss/grafana/pkg/tests/api/dashboards/api_dashboards_test.go:329
        	Error:      	Received unexpected error:
        	            	[org.notFound] failed to get organization with ID: 1
        	Test:       	TestIntegrationCreate
--- FAIL: TestIntegrationDashboardQuota (2.55s)
    api_dashboards_test.go:60: Grafana is listening on 127.0.0.1:37565
    api_dashboards_test.go:63: 
        	Error Trace:	/home/mariell/work/oss/grafana/pkg/tests/api/dashboards/api_dashboards_test.go:135
        	            				/home/mariell/work/oss/grafana/pkg/tests/api/dashboards/api_dashboards_test.go:63
        	Error:      	Received unexpected error:
        	            	[org.notFound] failed to get organization with ID: 1
        	Test:       	TestIntegrationDashboardQuota
FAIL
coverage: [no statements]
FAIL	github.com/grafana/grafana/pkg/tests/api/dashboards	3.137s
ok  	github.com/grafana/grafana/pkg/tests/api/elasticsearch	2.607s	coverage: [no statements]
--- FAIL: TestIntegrationUpdateFolder (1.64s)
    api_folder_test.go:37: Grafana is listening on 127.0.0.1:33661
    api_folder_test.go:40: 
        	Error Trace:	/home/mariell/work/oss/grafana/pkg/tests/api/folders/api_folder_test.go:216
        	            				/home/mariell/work/oss/grafana/pkg/tests/api/folders/api_folder_test.go:40
        	Error:      	Received unexpected error:
        	            	[org.notFound] failed to get organization with ID: 1
        	Test:       	TestIntegrationUpdateFolder
--- FAIL: TestIntegrationCreateFolder (2.01s)
    api_folder_test.go:74: Grafana is listening on 127.0.0.1:45109
    api_folder_test.go:77: 
        	Error Trace:	/home/mariell/work/oss/grafana/pkg/tests/api/folders/api_folder_test.go:216
        	            				/home/mariell/work/oss/grafana/pkg/tests/api/folders/api_folder_test.go:77
        	Error:      	Received unexpected error:
        	            	[org.notFound] failed to get organization with ID: 1
        	Test:       	TestIntegrationCreateFolder
--- FAIL: TestIntegrationNestedFoldersOn (1.54s)
    api_folder_test.go:113: Grafana is listening on 127.0.0.1:36231
    api_folder_test.go:116: 
        	Error Trace:	/home/mariell/work/oss/grafana/pkg/tests/api/folders/api_folder_test.go:216
        	            				/home/mariell/work/oss/grafana/pkg/tests/api/folders/api_folder_test.go:116
        	Error:      	Received unexpected error:
        	            	[org.notFound] failed to get organization with ID: 1
        	Test:       	TestIntegrationNestedFoldersOn
FAIL
coverage: [no statements]
FAIL	github.com/grafana/grafana/pkg/tests/api/folders	6.205s
ok  	github.com/grafana/grafana/pkg/tests/api/graphite	2.602s	coverage: [no statements]
ok  	github.com/grafana/grafana/pkg/tests/api/influxdb	0.658s	coverage: [no statements]
ok  	github.com/grafana/grafana/pkg/tests/api/loki	2.233s	coverage: [no statements]
ok  	github.com/grafana/grafana/pkg/tests/api/opentdsb	2.404s	coverage: [no statements]
--- FAIL: TestIntegrationPlugins (1.16s)
    api_plugins_test.go:60: Grafana is listening on 127.0.0.1:33605
    --- FAIL: TestIntegrationPlugins/Install (0.00s)
        api_plugins_test.go:71: 
            	Error Trace:	/home/mariell/work/oss/grafana/pkg/tests/api/plugins/api_plugins_test.go:212
            	            				/home/mariell/work/oss/grafana/pkg/tests/api/plugins/api_plugins_test.go:71
            	Error:      	Received unexpected error:
            	            	[org.notFound] failed to get organization with ID: 1
            	Test:       	TestIntegrationPlugins/Install
    --- FAIL: TestIntegrationPlugins/List (0.00s)
        --- FAIL: TestIntegrationPlugins/List/should_return_all_loaded_core_plugins (0.00s)
            api_plugins_test.go:119: 
                	Error Trace:	/home/mariell/work/oss/grafana/pkg/tests/api/plugins/api_plugins_test.go:119
                	Error:      	Not equal: 
                	            	expected: 200
                	            	actual  : 404
                	Test:       	TestIntegrationPlugins/List/should_return_all_loaded_core_plugins
FAIL
coverage: [no statements]
FAIL	github.com/grafana/grafana/pkg/tests/api/plugins	5.538s
ok  	github.com/grafana/grafana/pkg/tests/api/plugins/backendplugin	16.070s	coverage: [no statements]
ok  	github.com/grafana/grafana/pkg/tests/api/prometheus	2.465s	coverage: [no statements]
--- FAIL: TestIntegrationOpenAPIs (0.78s)
    openapi_test.go:28: Grafana is listening on 127.0.0.1:39251
    openapi_test.go:28: 
        	Error Trace:	/home/mariell/work/oss/grafana/pkg/tests/apis/helper.go:512
        	            				/home/mariell/work/oss/grafana/pkg/tests/apis/helper.go:450
        	            				/home/mariell/work/oss/grafana/pkg/tests/apis/helper.go:89
        	            				/home/mariell/work/oss/grafana/pkg/tests/apis/openapi_test.go:28
        	Error:      	Received unexpected error:
        	            	[org.notFound] failed to get organization with ID: 1
        	Test:       	TestIntegrationOpenAPIs
    testinfra.go:122: Server exited uncleanly error context canceled
FAIL
coverage: 16.5% of statements
FAIL	github.com/grafana/grafana/pkg/tests/apis	1.501s
--- FAIL: TestIntegrationResourceIdentifier (4.48s)
    receiver_test.go:60: Grafana is listening on 127.0.0.1:37921
    receiver_test.go:60: 
        	Error Trace:	/home/mariell/work/oss/grafana/pkg/tests/apis/helper.go:512
        	            				/home/mariell/work/oss/grafana/pkg/tests/apis/helper.go:450
        	            				/home/mariell/work/oss/grafana/pkg/tests/apis/helper.go:89
        	            				/home/mariell/work/oss/grafana/pkg/tests/apis/alerting/notifications/receivers/receiver_test.go:60
        	            				/home/mariell/work/oss/grafana/pkg/tests/apis/alerting/notifications/receivers/receiver_test.go:69
        	Error:      	Received unexpected error:
        	            	[org.notFound] failed to get organization with ID: 1
        	Test:       	TestIntegrationResourceIdentifier
    testinfra.go:122: Server exited uncleanly error context canceled
--- FAIL: TestIntegrationPatch (4.59s)
    receiver_test.go:60: Grafana is listening on 127.0.0.1:37167
    receiver_test.go:60: 
        	Error Trace:	/home/mariell/work/oss/grafana/pkg/tests/apis/helper.go:512
        	            				/home/mariell/work/oss/grafana/pkg/tests/apis/helper.go:450
        	            				/home/mariell/work/oss/grafana/pkg/tests/apis/helper.go:89
        	            				/home/mariell/work/oss/grafana/pkg/tests/apis/alerting/notifications/receivers/receiver_test.go:60
        	            				/home/mariell/work/oss/grafana/pkg/tests/apis/alerting/notifications/receivers/receiver_test.go:999
        	Error:      	Received unexpected error:
        	            	[org.notFound] failed to get organization with ID: 1
        	Test:       	TestIntegrationPatch
    testinfra.go:122: Server exited uncleanly error context canceled
--- FAIL: TestIntegrationRejectConfigApiReceiverModification (5.42s)
    receiver_test.go:60: Grafana is listening on 127.0.0.1:33765
    receiver_test.go:60: 
        	Error Trace:	/home/mariell/work/oss/grafana/pkg/tests/apis/helper.go:512
        	            				/home/mariell/work/oss/grafana/pkg/tests/apis/helper.go:450
        	            				/home/mariell/work/oss/grafana/pkg/tests/apis/helper.go:89
        	            				/home/mariell/work/oss/grafana/pkg/tests/apis/alerting/notifications/receivers/receiver_test.go:60
        	            				/home/mariell/work/oss/grafana/pkg/tests/apis/alerting/notifications/receivers/receiver_test.go:1094
        	Error:      	Received unexpected error:
        	            	[org.notFound] failed to get organization with ID: 1
        	Test:       	TestIntegrationRejectConfigApiReceiverModification
--- FAIL: TestIntegrationOptimisticConcurrency (5.55s)
    receiver_test.go:60: Grafana is listening on 127.0.0.1:38407
    receiver_test.go:60: 
        	Error Trace:	/home/mariell/work/oss/grafana/pkg/tests/apis/helper.go:512
        	            				/home/mariell/work/oss/grafana/pkg/tests/apis/helper.go:450
        	            				/home/mariell/work/oss/grafana/pkg/tests/apis/helper.go:89
        	            				/home/mariell/work/oss/grafana/pkg/tests/apis/alerting/notifications/receivers/receiver_test.go:60
        	            				/home/mariell/work/oss/grafana/pkg/tests/apis/alerting/notifications/receivers/receiver_test.go:916
        	Error:      	Received unexpected error:
        	            	[org.notFound] failed to get organization with ID: 1
        	Test:       	TestIntegrationOptimisticConcurrency
--- FAIL: TestIntegrationCRUD (5.92s)
    receiver_test.go:60: Grafana is listening on 127.0.0.1:33437
    receiver_test.go:60: 
        	Error Trace:	/home/mariell/work/oss/grafana/pkg/tests/apis/helper.go:512
        	            				/home/mariell/work/oss/grafana/pkg/tests/apis/helper.go:450
        	            				/home/mariell/work/oss/grafana/pkg/tests/apis/helper.go:89
        	            				/home/mariell/work/oss/grafana/pkg/tests/apis/alerting/notifications/receivers/receiver_test.go:60
        	            				/home/mariell/work/oss/grafana/pkg/tests/apis/alerting/notifications/receivers/receiver_test.go:1284
        	Error:      	Received unexpected error:
        	            	[org.notFound] failed to get organization with ID: 1
        	Test:       	TestIntegrationCRUD
--- FAIL: TestIntegrationProvisioning (5.94s)
    receiver_test.go:60: Grafana is listening on 127.0.0.1:38147
    receiver_test.go:60: 
        	Error Trace:	/home/mariell/work/oss/grafana/pkg/tests/apis/helper.go:512
        	            				/home/mariell/work/oss/grafana/pkg/tests/apis/helper.go:450
        	            				/home/mariell/work/oss/grafana/pkg/tests/apis/helper.go:89
        	            				/home/mariell/work/oss/grafana/pkg/tests/apis/alerting/notifications/receivers/receiver_test.go:60
        	            				/home/mariell/work/oss/grafana/pkg/tests/apis/alerting/notifications/receivers/receiver_test.go:859
        	Error:      	Received unexpected error:
        	            	[org.notFound] failed to get organization with ID: 1
        	Test:       	TestIntegrationProvisioning
--- FAIL: TestIntegrationReceiverListSelector (6.09s)
    receiver_test.go:60: Grafana is listening on 127.0.0.1:42113
    receiver_test.go:60: 
        	Error Trace:	/home/mariell/work/oss/grafana/pkg/tests/apis/helper.go:512
        	            				/home/mariell/work/oss/grafana/pkg/tests/apis/helper.go:450
        	            				/home/mariell/work/oss/grafana/pkg/tests/apis/helper.go:89
        	            				/home/mariell/work/oss/grafana/pkg/tests/apis/alerting/notifications/receivers/receiver_test.go:60
        	            				/home/mariell/work/oss/grafana/pkg/tests/apis/alerting/notifications/receivers/receiver_test.go:1452
        	Error:      	Received unexpected error:
        	            	[org.notFound] failed to get organization with ID: 1
        	Test:       	TestIntegrationReceiverListSelector
--- FAIL: TestIntegrationReferentialIntegrity (6.14s)
    receiver_test.go:60: Grafana is listening on 127.0.0.1:42453
    receiver_test.go:60: 
        	Error Trace:	/home/mariell/work/oss/grafana/pkg/tests/apis/helper.go:512
        	            				/home/mariell/work/oss/grafana/pkg/tests/apis/helper.go:450
        	            				/home/mariell/work/oss/grafana/pkg/tests/apis/helper.go:89
        	            				/home/mariell/work/oss/grafana/pkg/tests/apis/alerting/notifications/receivers/receiver_test.go:60
        	            				/home/mariell/work/oss/grafana/pkg/tests/apis/alerting/notifications/receivers/receiver_test.go:1164
        	Error:      	Received unexpected error:
        	            	[org.notFound] failed to get organization with ID: 1
        	Test:       	TestIntegrationReferentialIntegrity
    testinfra.go:122: Server exited uncleanly error context canceled
--- FAIL: TestIntegrationResourcePermissions (6.23s)
    receiver_test.go:60: Grafana is listening on 127.0.0.1:45683
    receiver_test.go:60: 
        	Error Trace:	/home/mariell/work/oss/grafana/pkg/tests/apis/helper.go:512
        	            				/home/mariell/work/oss/grafana/pkg/tests/apis/helper.go:450
        	            				/home/mariell/work/oss/grafana/pkg/tests/apis/helper.go:89
        	            				/home/mariell/work/oss/grafana/pkg/tests/apis/alerting/notifications/receivers/receiver_test.go:60
        	            				/home/mariell/work/oss/grafana/pkg/tests/apis/alerting/notifications/receivers/receiver_test.go:133
        	Error:      	Received unexpected error:
        	            	[org.notFound] failed to get organization with ID: 1
        	Test:       	TestIntegrationResourcePermissions
--- FAIL: TestIntegrationAccessControl (6.55s)
    receiver_test.go:60: Grafana is listening on 127.0.0.1:35815
    receiver_test.go:60: 
        	Error Trace:	/home/mariell/work/oss/grafana/pkg/tests/apis/helper.go:512
        	            				/home/mariell/work/oss/grafana/pkg/tests/apis/helper.go:450
        	            				/home/mariell/work/oss/grafana/pkg/tests/apis/helper.go:89
        	            				/home/mariell/work/oss/grafana/pkg/tests/apis/alerting/notifications/receivers/receiver_test.go:60
        	            				/home/mariell/work/oss/grafana/pkg/tests/apis/alerting/notifications/receivers/receiver_test.go:409
        	Error:      	Received unexpected error:
        	            	[org.notFound] failed to get organization with ID: 1
        	Test:       	TestIntegrationAccessControl
--- FAIL: TestIntegrationInUseMetadata (6.78s)
    receiver_test.go:60: Grafana is listening on 127.0.0.1:46153
    receiver_test.go:60: 
        	Error Trace:	/home/mariell/work/oss/grafana/pkg/tests/apis/helper.go:512
        	            				/home/mariell/work/oss/grafana/pkg/tests/apis/helper.go:450
        	            				/home/mariell/work/oss/grafana/pkg/tests/apis/helper.go:89
        	            				/home/mariell/work/oss/grafana/pkg/tests/apis/alerting/notifications/receivers/receiver_test.go:60
        	            				/home/mariell/work/oss/grafana/pkg/tests/apis/alerting/notifications/receivers/receiver_test.go:737
        	Error:      	Received unexpected error:
        	            	[org.notFound] failed to get organization with ID: 1
        	Test:       	TestIntegrationInUseMetadata
FAIL
coverage: [no statements]
FAIL	github.com/grafana/grafana/pkg/tests/apis/alerting/notifications/receivers	7.624s
--- FAIL: TestIntegrationDataConsistency (2.17s)
    routing_tree_test.go:45: Grafana is listening on 127.0.0.1:38275
    routing_tree_test.go:45: 
        	Error Trace:	/home/mariell/work/oss/grafana/pkg/tests/apis/helper.go:512
        	            				/home/mariell/work/oss/grafana/pkg/tests/apis/helper.go:450
        	            				/home/mariell/work/oss/grafana/pkg/tests/apis/helper.go:89
        	            				/home/mariell/work/oss/grafana/pkg/tests/apis/alerting/notifications/routingtree/routing_tree_test.go:45
        	            				/home/mariell/work/oss/grafana/pkg/tests/apis/alerting/notifications/routingtree/routing_tree_test.go:386
        	Error:      	Received unexpected error:
        	            	[org.notFound] failed to get organization with ID: 1
        	Test:       	TestIntegrationDataConsistency
    testinfra.go:122: Server exited uncleanly error context canceled
--- FAIL: TestIntegrationProvisioning (2.36s)
    routing_tree_test.go:45: Grafana is listening on 127.0.0.1:33085
    routing_tree_test.go:45: 
        	Error Trace:	/home/mariell/work/oss/grafana/pkg/tests/apis/helper.go:512
        	            				/home/mariell/work/oss/grafana/pkg/tests/apis/helper.go:450
        	            				/home/mariell/work/oss/grafana/pkg/tests/apis/helper.go:89
        	            				/home/mariell/work/oss/grafana/pkg/tests/apis/alerting/notifications/routingtree/routing_tree_test.go:45
        	            				/home/mariell/work/oss/grafana/pkg/tests/apis/alerting/notifications/routingtree/routing_tree_test.go:289
        	Error:      	Received unexpected error:
        	            	[org.notFound] failed to get organization with ID: 1
        	Test:       	TestIntegrationProvisioning
    testinfra.go:122: Server exited uncleanly error context canceled
--- FAIL: TestIntegrationNotAllowedMethods (2.41s)
    routing_tree_test.go:45: Grafana is listening on 127.0.0.1:33067
    routing_tree_test.go:45: 
        	Error Trace:	/home/mariell/work/oss/grafana/pkg/tests/apis/helper.go:512
        	            				/home/mariell/work/oss/grafana/pkg/tests/apis/helper.go:450
        	            				/home/mariell/work/oss/grafana/pkg/tests/apis/helper.go:89
        	            				/home/mariell/work/oss/grafana/pkg/tests/apis/alerting/notifications/routingtree/routing_tree_test.go:45
        	            				/home/mariell/work/oss/grafana/pkg/tests/apis/alerting/notifications/routingtree/routing_tree_test.go:54
        	Error:      	Received unexpected error:
        	            	[org.notFound] failed to get organization with ID: 1
        	Test:       	TestIntegrationNotAllowedMethods
    testinfra.go:122: Server exited uncleanly error context canceled
--- FAIL: TestIntegrationOptimisticConcurrency (3.08s)
    routing_tree_test.go:45: Grafana is listening on 127.0.0.1:42477
    routing_tree_test.go:45: 
        	Error Trace:	/home/mariell/work/oss/grafana/pkg/tests/apis/helper.go:512
        	            				/home/mariell/work/oss/grafana/pkg/tests/apis/helper.go:450
        	            				/home/mariell/work/oss/grafana/pkg/tests/apis/helper.go:89
        	            				/home/mariell/work/oss/grafana/pkg/tests/apis/alerting/notifications/routingtree/routing_tree_test.go:45
        	            				/home/mariell/work/oss/grafana/pkg/tests/apis/alerting/notifications/routingtree/routing_tree_test.go:343
        	Error:      	Received unexpected error:
        	            	[org.notFound] failed to get organization with ID: 1
        	Test:       	TestIntegrationOptimisticConcurrency
--- FAIL: TestIntegrationAccessControl (3.31s)
    routing_tree_test.go:45: Grafana is listening on 127.0.0.1:44427
    routing_tree_test.go:45: 
        	Error Trace:	/home/mariell/work/oss/grafana/pkg/tests/apis/helper.go:512
        	            				/home/mariell/work/oss/grafana/pkg/tests/apis/helper.go:450
        	            				/home/mariell/work/oss/grafana/pkg/tests/apis/helper.go:89
        	            				/home/mariell/work/oss/grafana/pkg/tests/apis/alerting/notifications/routingtree/routing_tree_test.go:45
        	            				/home/mariell/work/oss/grafana/pkg/tests/apis/alerting/notifications/routingtree/routing_tree_test.go:78
        	Error:      	Received unexpected error:
        	            	[org.notFound] failed to get organization with ID: 1
        	Test:       	TestIntegrationAccessControl
FAIL
coverage: [no statements]
FAIL	github.com/grafana/grafana/pkg/tests/apis/alerting/notifications/routingtree	3.972s
--- FAIL: TestIntegrationResourceIdentifier (5.50s)
    templates_group_test.go:40: Grafana is listening on 127.0.0.1:33277
    templates_group_test.go:40: 
        	Error Trace:	/home/mariell/work/oss/grafana/pkg/tests/apis/helper.go:512
        	            				/home/mariell/work/oss/grafana/pkg/tests/apis/helper.go:450
        	            				/home/mariell/work/oss/grafana/pkg/tests/apis/helper.go:89
        	            				/home/mariell/work/oss/grafana/pkg/tests/apis/alerting/notifications/templategroup/templates_group_test.go:40
        	            				/home/mariell/work/oss/grafana/pkg/tests/apis/alerting/notifications/templategroup/templates_group_test.go:49
        	Error:      	Received unexpected error:
        	            	[org.notFound] failed to get organization with ID: 1
        	Test:       	TestIntegrationResourceIdentifier
--- FAIL: TestIntegrationListSelector (5.54s)
    templates_group_test.go:40: Grafana is listening on 127.0.0.1:34815
    templates_group_test.go:40: 
        	Error Trace:	/home/mariell/work/oss/grafana/pkg/tests/apis/helper.go:512
        	            				/home/mariell/work/oss/grafana/pkg/tests/apis/helper.go:450
        	            				/home/mariell/work/oss/grafana/pkg/tests/apis/helper.go:89
        	            				/home/mariell/work/oss/grafana/pkg/tests/apis/alerting/notifications/templategroup/templates_group_test.go:40
        	            				/home/mariell/work/oss/grafana/pkg/tests/apis/alerting/notifications/templategroup/templates_group_test.go:573
        	Error:      	Received unexpected error:
        	            	[org.notFound] failed to get organization with ID: 1
        	Test:       	TestIntegrationListSelector
--- FAIL: TestIntegrationProvisioning (5.57s)
    templates_group_test.go:40: Grafana is listening on 127.0.0.1:36251
    templates_group_test.go:40: 
        	Error Trace:	/home/mariell/work/oss/grafana/pkg/tests/apis/helper.go:512
        	            				/home/mariell/work/oss/grafana/pkg/tests/apis/helper.go:450
        	            				/home/mariell/work/oss/grafana/pkg/tests/apis/helper.go:89
        	            				/home/mariell/work/oss/grafana/pkg/tests/apis/alerting/notifications/templategroup/templates_group_test.go:40
        	            				/home/mariell/work/oss/grafana/pkg/tests/apis/alerting/notifications/templategroup/templates_group_test.go:375
        	Error:      	Received unexpected error:
        	            	[org.notFound] failed to get organization with ID: 1
        	Test:       	TestIntegrationProvisioning
    testinfra.go:122: Server exited uncleanly error context canceled
--- FAIL: TestIntegrationOptimisticConcurrency (5.59s)
    templates_group_test.go:40: Grafana is listening on 127.0.0.1:45085
    templates_group_test.go:40: 
        	Error Trace:	/home/mariell/work/oss/grafana/pkg/tests/apis/helper.go:512
        	            				/home/mariell/work/oss/grafana/pkg/tests/apis/helper.go:450
        	            				/home/mariell/work/oss/grafana/pkg/tests/apis/helper.go:89
        	            				/home/mariell/work/oss/grafana/pkg/tests/apis/alerting/notifications/templategroup/templates_group_test.go:40
        	            				/home/mariell/work/oss/grafana/pkg/tests/apis/alerting/notifications/templategroup/templates_group_test.go:428
        	Error:      	Received unexpected error:
        	            	[org.notFound] failed to get organization with ID: 1
        	Test:       	TestIntegrationOptimisticConcurrency
--- FAIL: TestIntegrationAccessControl (5.72s)
    templates_group_test.go:40: Grafana is listening on 127.0.0.1:35733
    templates_group_test.go:40: 
        	Error Trace:	/home/mariell/work/oss/grafana/pkg/tests/apis/helper.go:512
        	            				/home/mariell/work/oss/grafana/pkg/tests/apis/helper.go:450
        	            				/home/mariell/work/oss/grafana/pkg/tests/apis/helper.go:89
        	            				/home/mariell/work/oss/grafana/pkg/tests/apis/alerting/notifications/templategroup/templates_group_test.go:40
        	            				/home/mariell/work/oss/grafana/pkg/tests/apis/alerting/notifications/templategroup/templates_group_test.go:147
        	Error:      	Received unexpected error:
        	            	[org.notFound] failed to get organization with ID: 1
        	Test:       	TestIntegrationAccessControl
--- FAIL: TestIntegrationPatch (5.82s)
    templates_group_test.go:40: Grafana is listening on 127.0.0.1:33473
    templates_group_test.go:40: 
        	Error Trace:	/home/mariell/work/oss/grafana/pkg/tests/apis/helper.go:512
        	            				/home/mariell/work/oss/grafana/pkg/tests/apis/helper.go:450
        	            				/home/mariell/work/oss/grafana/pkg/tests/apis/helper.go:89
        	            				/home/mariell/work/oss/grafana/pkg/tests/apis/alerting/notifications/templategroup/templates_group_test.go:40
        	            				/home/mariell/work/oss/grafana/pkg/tests/apis/alerting/notifications/templategroup/templates_group_test.go:512
        	Error:      	Received unexpected error:
        	            	[org.notFound] failed to get organization with ID: 1
        	Test:       	TestIntegrationPatch
FAIL
coverage: [no statements]
FAIL	github.com/grafana/grafana/pkg/tests/apis/alerting/notifications/templategroup	6.819s
--- FAIL: TestIntegrationTimeIntervalReferentialIntegrity (3.82s)
    timeinterval_test.go:50: Grafana is listening on 127.0.0.1:36463
    timeinterval_test.go:50: 
        	Error Trace:	/home/mariell/work/oss/grafana/pkg/tests/apis/helper.go:512
        	            				/home/mariell/work/oss/grafana/pkg/tests/apis/helper.go:450
        	            				/home/mariell/work/oss/grafana/pkg/tests/apis/helper.go:89
        	            				/home/mariell/work/oss/grafana/pkg/tests/apis/alerting/notifications/timeinterval/timeinterval_test.go:50
        	            				/home/mariell/work/oss/grafana/pkg/tests/apis/alerting/notifications/timeinterval/timeinterval_test.go:637
        	Error:      	Received unexpected error:
        	            	[org.notFound] failed to get organization with ID: 1
        	Test:       	TestIntegrationTimeIntervalReferentialIntegrity
    testinfra.go:122: Server exited uncleanly error context canceled
--- FAIL: TestIntegrationTimeIntervalOptimisticConcurrency (3.93s)
    timeinterval_test.go:50: Grafana is listening on 127.0.0.1:39543
    timeinterval_test.go:50: 
        	Error Trace:	/home/mariell/work/oss/grafana/pkg/tests/apis/helper.go:512
        	            				/home/mariell/work/oss/grafana/pkg/tests/apis/helper.go:450
        	            				/home/mariell/work/oss/grafana/pkg/tests/apis/helper.go:89
        	            				/home/mariell/work/oss/grafana/pkg/tests/apis/alerting/notifications/timeinterval/timeinterval_test.go:50
        	            				/home/mariell/work/oss/grafana/pkg/tests/apis/alerting/notifications/timeinterval/timeinterval_test.go:402
        	Error:      	Received unexpected error:
        	            	[org.notFound] failed to get organization with ID: 1
        	Test:       	TestIntegrationTimeIntervalOptimisticConcurrency
    testinfra.go:122: Server exited uncleanly error context canceled
--- FAIL: TestIntegrationTimeIntervalProvisioning (5.32s)
    timeinterval_test.go:50: Grafana is listening on 127.0.0.1:44909
    timeinterval_test.go:50: 
        	Error Trace:	/home/mariell/work/oss/grafana/pkg/tests/apis/helper.go:512
        	            				/home/mariell/work/oss/grafana/pkg/tests/apis/helper.go:450
        	            				/home/mariell/work/oss/grafana/pkg/tests/apis/helper.go:89
        	            				/home/mariell/work/oss/grafana/pkg/tests/apis/alerting/notifications/timeinterval/timeinterval_test.go:50
        	            				/home/mariell/work/oss/grafana/pkg/tests/apis/alerting/notifications/timeinterval/timeinterval_test.go:347
        	Error:      	Received unexpected error:
        	            	[org.notFound] failed to get organization with ID: 1
        	Test:       	TestIntegrationTimeIntervalProvisioning
--- FAIL: TestIntegrationTimeIntervalListSelector (5.38s)
    timeinterval_test.go:50: Grafana is listening on 127.0.0.1:39333
    timeinterval_test.go:50: 
        	Error Trace:	/home/mariell/work/oss/grafana/pkg/tests/apis/helper.go:512
        	            				/home/mariell/work/oss/grafana/pkg/tests/apis/helper.go:450
        	            				/home/mariell/work/oss/grafana/pkg/tests/apis/helper.go:89
        	            				/home/mariell/work/oss/grafana/pkg/tests/apis/alerting/notifications/timeinterval/timeinterval_test.go:50
        	            				/home/mariell/work/oss/grafana/pkg/tests/apis/alerting/notifications/timeinterval/timeinterval_test.go:551
        	Error:      	Received unexpected error:
        	            	[org.notFound] failed to get organization with ID: 1
        	Test:       	TestIntegrationTimeIntervalListSelector
--- FAIL: TestIntegrationTimeIntervalPatch (5.51s)
    timeinterval_test.go:50: Grafana is listening on 127.0.0.1:38859
    timeinterval_test.go:50: 
        	Error Trace:	/home/mariell/work/oss/grafana/pkg/tests/apis/helper.go:512
        	            				/home/mariell/work/oss/grafana/pkg/tests/apis/helper.go:450
        	            				/home/mariell/work/oss/grafana/pkg/tests/apis/helper.go:89
        	            				/home/mariell/work/oss/grafana/pkg/tests/apis/alerting/notifications/timeinterval/timeinterval_test.go:50
        	            				/home/mariell/work/oss/grafana/pkg/tests/apis/alerting/notifications/timeinterval/timeinterval_test.go:486
        	Error:      	Received unexpected error:
        	            	[org.notFound] failed to get organization with ID: 1
        	Test:       	TestIntegrationTimeIntervalPatch
--- FAIL: TestIntegrationTimeIntervalValidation (5.52s)
    timeinterval_test.go:50: Grafana is listening on 127.0.0.1:38543
    timeinterval_test.go:50: 
        	Error Trace:	/home/mariell/work/oss/grafana/pkg/tests/apis/helper.go:512
        	            				/home/mariell/work/oss/grafana/pkg/tests/apis/helper.go:450
        	            				/home/mariell/work/oss/grafana/pkg/tests/apis/helper.go:89
        	            				/home/mariell/work/oss/grafana/pkg/tests/apis/alerting/notifications/timeinterval/timeinterval_test.go:50
        	            				/home/mariell/work/oss/grafana/pkg/tests/apis/alerting/notifications/timeinterval/timeinterval_test.go:770
        	Error:      	Received unexpected error:
        	            	[org.notFound] failed to get organization with ID: 1
        	Test:       	TestIntegrationTimeIntervalValidation
    testinfra.go:122: Server exited uncleanly error context canceled
--- FAIL: TestIntegrationTimeIntervalAccessControl (5.95s)
    timeinterval_test.go:50: Grafana is listening on 127.0.0.1:40319
    timeinterval_test.go:50: 
        	Error Trace:	/home/mariell/work/oss/grafana/pkg/tests/apis/helper.go:512
        	            				/home/mariell/work/oss/grafana/pkg/tests/apis/helper.go:450
        	            				/home/mariell/work/oss/grafana/pkg/tests/apis/helper.go:89
        	            				/home/mariell/work/oss/grafana/pkg/tests/apis/alerting/notifications/timeinterval/timeinterval_test.go:50
        	            				/home/mariell/work/oss/grafana/pkg/tests/apis/alerting/notifications/timeinterval/timeinterval_test.go:121
        	Error:      	Received unexpected error:
        	            	[org.notFound] failed to get organization with ID: 1
        	Test:       	TestIntegrationTimeIntervalAccessControl
--- FAIL: TestIntegrationResourceIdentifier (5.98s)
    timeinterval_test.go:50: Grafana is listening on 127.0.0.1:41967
    timeinterval_test.go:50: 
        	Error Trace:	/home/mariell/work/oss/grafana/pkg/tests/apis/helper.go:512
        	            				/home/mariell/work/oss/grafana/pkg/tests/apis/helper.go:450
        	            				/home/mariell/work/oss/grafana/pkg/tests/apis/helper.go:89
        	            				/home/mariell/work/oss/grafana/pkg/tests/apis/alerting/notifications/timeinterval/timeinterval_test.go:50
        	            				/home/mariell/work/oss/grafana/pkg/tests/apis/alerting/notifications/timeinterval/timeinterval_test.go:59
        	Error:      	Received unexpected error:
        	            	[org.notFound] failed to get organization with ID: 1
        	Test:       	TestIntegrationResourceIdentifier
FAIL
coverage: [no statements]
FAIL	github.com/grafana/grafana/pkg/tests/apis/alerting/notifications/timeinterval	6.573s
--- FAIL: TestIntegrationDashboardsAppV0Alpha1 (0.00s)
    --- FAIL: TestIntegrationDashboardsAppV0Alpha1/v0alpha1_with_dual_writer_mode_1 (2.65s)
        dashboards_test.go:124: Grafana is listening on 127.0.0.1:38619
        dashboards_test.go:124: 
            	Error Trace:	/home/mariell/work/oss/grafana/pkg/tests/apis/helper.go:512
            	            				/home/mariell/work/oss/grafana/pkg/tests/apis/helper.go:450
            	            				/home/mariell/work/oss/grafana/pkg/tests/apis/helper.go:89
            	            				/home/mariell/work/oss/grafana/pkg/tests/apis/dashboard/dashboards_test.go:124
            	Error:      	Received unexpected error:
            	            	[org.notFound] failed to get organization with ID: 1
            	Test:       	TestIntegrationDashboardsAppV0Alpha1/v0alpha1_with_dual_writer_mode_1
        testinfra.go:122: Server exited uncleanly error context canceled
    --- FAIL: TestIntegrationDashboardsAppV0Alpha1/v0alpha1_with_dual_writer_mode_3 (3.77s)
        dashboards_test.go:148: Grafana is listening on 127.0.0.1:32885
        dashboards_test.go:148: 
            	Error Trace:	/home/mariell/work/oss/grafana/pkg/tests/apis/helper.go:512
            	            				/home/mariell/work/oss/grafana/pkg/tests/apis/helper.go:450
            	            				/home/mariell/work/oss/grafana/pkg/tests/apis/helper.go:89
            	            				/home/mariell/work/oss/grafana/pkg/tests/apis/dashboard/dashboards_test.go:148
            	Error:      	Received unexpected error:
            	            	[org.notFound] failed to get organization with ID: 1
            	Test:       	TestIntegrationDashboardsAppV0Alpha1/v0alpha1_with_dual_writer_mode_3
    --- FAIL: TestIntegrationDashboardsAppV0Alpha1/v0alpha1_with_dual_writer_mode_2 (3.93s)
        dashboards_test.go:136: Grafana is listening on 127.0.0.1:38713
        dashboards_test.go:136: 
            	Error Trace:	/home/mariell/work/oss/grafana/pkg/tests/apis/helper.go:512
            	            				/home/mariell/work/oss/grafana/pkg/tests/apis/helper.go:450
            	            				/home/mariell/work/oss/grafana/pkg/tests/apis/helper.go:89
            	            				/home/mariell/work/oss/grafana/pkg/tests/apis/dashboard/dashboards_test.go:136
            	Error:      	Received unexpected error:
            	            	[org.notFound] failed to get organization with ID: 1
            	Test:       	TestIntegrationDashboardsAppV0Alpha1/v0alpha1_with_dual_writer_mode_2
    --- FAIL: TestIntegrationDashboardsAppV0Alpha1/v0alpha1_with_dual_writer_mode_0 (3.94s)
        dashboards_test.go:112: Grafana is listening on 127.0.0.1:33635
        dashboards_test.go:112: 
            	Error Trace:	/home/mariell/work/oss/grafana/pkg/tests/apis/helper.go:512
            	            				/home/mariell/work/oss/grafana/pkg/tests/apis/helper.go:450
            	            				/home/mariell/work/oss/grafana/pkg/tests/apis/helper.go:89
            	            				/home/mariell/work/oss/grafana/pkg/tests/apis/dashboard/dashboards_test.go:112
            	Error:      	Received unexpected error:
            	            	[org.notFound] failed to get organization with ID: 1
            	Test:       	TestIntegrationDashboardsAppV0Alpha1/v0alpha1_with_dual_writer_mode_0
--- FAIL: TestIntegrationDashboardsAppV1Alpha1 (0.00s)
    --- FAIL: TestIntegrationDashboardsAppV1Alpha1/v1alpha1_with_dual_writer_mode_1 (2.12s)
        dashboards_test.go:196: Grafana is listening on 127.0.0.1:39235
        dashboards_test.go:196: 
            	Error Trace:	/home/mariell/work/oss/grafana/pkg/tests/apis/helper.go:512
            	            				/home/mariell/work/oss/grafana/pkg/tests/apis/helper.go:450
            	            				/home/mariell/work/oss/grafana/pkg/tests/apis/helper.go:89
            	            				/home/mariell/work/oss/grafana/pkg/tests/apis/dashboard/dashboards_test.go:196
            	Error:      	Received unexpected error:
            	            	[org.notFound] failed to get organization with ID: 1
            	Test:       	TestIntegrationDashboardsAppV1Alpha1/v1alpha1_with_dual_writer_mode_1
    --- FAIL: TestIntegrationDashboardsAppV1Alpha1/v1alpha1_with_dual_writer_mode_2 (2.14s)
        dashboards_test.go:208: Grafana is listening on 127.0.0.1:43789
        dashboards_test.go:208: 
            	Error Trace:	/home/mariell/work/oss/grafana/pkg/tests/apis/helper.go:512
            	            				/home/mariell/work/oss/grafana/pkg/tests/apis/helper.go:450
            	            				/home/mariell/work/oss/grafana/pkg/tests/apis/helper.go:89
            	            				/home/mariell/work/oss/grafana/pkg/tests/apis/dashboard/dashboards_test.go:208
            	Error:      	Received unexpected error:
            	            	[org.notFound] failed to get organization with ID: 1
            	Test:       	TestIntegrationDashboardsAppV1Alpha1/v1alpha1_with_dual_writer_mode_2
        testinfra.go:122: Server exited uncleanly error context canceled
    --- FAIL: TestIntegrationDashboardsAppV1Alpha1/v1alpha1_with_dual_writer_mode_3 (2.44s)
        dashboards_test.go:220: Grafana is listening on 127.0.0.1:34811
        dashboards_test.go:220: 
            	Error Trace:	/home/mariell/work/oss/grafana/pkg/tests/apis/helper.go:512
            	            				/home/mariell/work/oss/grafana/pkg/tests/apis/helper.go:450
            	            				/home/mariell/work/oss/grafana/pkg/tests/apis/helper.go:89
            	            				/home/mariell/work/oss/grafana/pkg/tests/apis/dashboard/dashboards_test.go:220
            	Error:      	Received unexpected error:
            	            	[org.notFound] failed to get organization with ID: 1
            	Test:       	TestIntegrationDashboardsAppV1Alpha1/v1alpha1_with_dual_writer_mode_3
    --- FAIL: TestIntegrationDashboardsAppV1Alpha1/v1alpha1_with_dual_writer_mode_0 (2.60s)
        dashboards_test.go:184: Grafana is listening on 127.0.0.1:36385
        dashboards_test.go:184: 
            	Error Trace:	/home/mariell/work/oss/grafana/pkg/tests/apis/helper.go:512
            	            				/home/mariell/work/oss/grafana/pkg/tests/apis/helper.go:450
            	            				/home/mariell/work/oss/grafana/pkg/tests/apis/helper.go:89
            	            				/home/mariell/work/oss/grafana/pkg/tests/apis/dashboard/dashboards_test.go:184
            	Error:      	Received unexpected error:
            	            	[org.notFound] failed to get organization with ID: 1
            	Test:       	TestIntegrationDashboardsAppV1Alpha1/v1alpha1_with_dual_writer_mode_0
FAIL
coverage: [no statements]
FAIL	github.com/grafana/grafana/pkg/tests/apis/dashboard	7.994s
--- FAIL: TestIntegrationDashboardSnapshots (2.70s)
    snapshots_test.go:22: Grafana is listening on 127.0.0.1:37899
    snapshots_test.go:22: 
        	Error Trace:	/home/mariell/work/oss/grafana/pkg/tests/apis/helper.go:512
        	            				/home/mariell/work/oss/grafana/pkg/tests/apis/helper.go:450
        	            				/home/mariell/work/oss/grafana/pkg/tests/apis/helper.go:89
        	            				/home/mariell/work/oss/grafana/pkg/tests/apis/dashboardsnapshot/snapshots_test.go:22
        	Error:      	Received unexpected error:
        	            	[org.notFound] failed to get organization with ID: 1
        	Test:       	TestIntegrationDashboardSnapshots
FAIL
coverage: [no statements]
FAIL	github.com/grafana/grafana/pkg/tests/apis/dashboardsnapshot	3.355s
--- FAIL: TestIntegrationTestDatasource (1.54s)
    testdata_test.go:27: Grafana is listening on 127.0.0.1:39061
    testdata_test.go:27: 
        	Error Trace:	/home/mariell/work/oss/grafana/pkg/tests/apis/helper.go:512
        	            				/home/mariell/work/oss/grafana/pkg/tests/apis/helper.go:450
        	            				/home/mariell/work/oss/grafana/pkg/tests/apis/helper.go:89
        	            				/home/mariell/work/oss/grafana/pkg/tests/apis/datasource/testdata_test.go:27
        	Error:      	Received unexpected error:
        	            	[org.notFound] failed to get organization with ID: 1
        	Test:       	TestIntegrationTestDatasource
FAIL
coverage: [no statements]
FAIL	github.com/grafana/grafana/pkg/tests/apis/datasource	2.071s
--- FAIL: TestIntegrationFoldersApp (1.32s)
    folders_test.go:49: Grafana is listening on 127.0.0.1:40299
    folders_test.go:49: 
        	Error Trace:	/home/mariell/work/oss/grafana/pkg/tests/apis/helper.go:512
        	            				/home/mariell/work/oss/grafana/pkg/tests/apis/helper.go:450
        	            				/home/mariell/work/oss/grafana/pkg/tests/apis/helper.go:89
        	            				/home/mariell/work/oss/grafana/pkg/tests/apis/folder/folders_test.go:49
        	Error:      	Received unexpected error:
        	            	[org.notFound] failed to get organization with ID: 1
        	Test:       	TestIntegrationFoldersApp
FAIL
coverage: [no statements]
FAIL	github.com/grafana/grafana/pkg/tests/apis/folder	1.899s
--- FAIL: TestIntegrationIdentity (1.46s)
    iam_test.go:37: Grafana is listening on 127.0.0.1:38563
    iam_test.go:37: 
        	Error Trace:	/home/mariell/work/oss/grafana/pkg/tests/apis/helper.go:512
        	            				/home/mariell/work/oss/grafana/pkg/tests/apis/helper.go:450
        	            				/home/mariell/work/oss/grafana/pkg/tests/apis/helper.go:89
        	            				/home/mariell/work/oss/grafana/pkg/tests/apis/iam/iam_test.go:37
        	Error:      	Received unexpected error:
        	            	[org.notFound] failed to get organization with ID: 1
        	Test:       	TestIntegrationIdentity
FAIL
coverage: [no statements]
FAIL	github.com/grafana/grafana/pkg/tests/apis/iam	1.952s
--- FAIL: TestIntegrationPlaylist (0.00s)
    --- FAIL: TestIntegrationPlaylist/with_dual_write_(file,_mode_1) (2.67s)
        playlist_test.go:111: Grafana is listening on 127.0.0.1:35371
        playlist_test.go:111: 
            	Error Trace:	/home/mariell/work/oss/grafana/pkg/tests/apis/helper.go:512
            	            				/home/mariell/work/oss/grafana/pkg/tests/apis/helper.go:450
            	            				/home/mariell/work/oss/grafana/pkg/tests/apis/helper.go:89
            	            				/home/mariell/work/oss/grafana/pkg/tests/apis/playlist/playlist_test.go:111
            	Error:      	Received unexpected error:
            	            	[org.notFound] failed to get organization with ID: 1
            	Test:       	TestIntegrationPlaylist/with_dual_write_(file,_mode_1)
        testinfra.go:122: Server exited uncleanly error context canceled
    --- FAIL: TestIntegrationPlaylist/with_dual_write_(file,_mode_0) (3.42s)
        playlist_test.go:95: Grafana is listening on 127.0.0.1:45477
        playlist_test.go:95: 
            	Error Trace:	/home/mariell/work/oss/grafana/pkg/tests/apis/helper.go:512
            	            				/home/mariell/work/oss/grafana/pkg/tests/apis/helper.go:450
            	            				/home/mariell/work/oss/grafana/pkg/tests/apis/helper.go:89
            	            				/home/mariell/work/oss/grafana/pkg/tests/apis/playlist/playlist_test.go:95
            	Error:      	Received unexpected error:
            	            	[org.notFound] failed to get organization with ID: 1
            	Test:       	TestIntegrationPlaylist/with_dual_write_(file,_mode_0)
    --- FAIL: TestIntegrationPlaylist/default_setup (3.76s)
        playlist_test.go:46: Grafana is listening on 127.0.0.1:42219
        playlist_test.go:46: 
            	Error Trace:	/home/mariell/work/oss/grafana/pkg/tests/apis/helper.go:512
            	            				/home/mariell/work/oss/grafana/pkg/tests/apis/helper.go:450
            	            				/home/mariell/work/oss/grafana/pkg/tests/apis/helper.go:89
            	            				/home/mariell/work/oss/grafana/pkg/tests/apis/playlist/playlist_test.go:46
            	Error:      	Received unexpected error:
            	            	[org.notFound] failed to get organization with ID: 1
            	Test:       	TestIntegrationPlaylist/default_setup
    --- FAIL: TestIntegrationPlaylist/with_dual_write_(unified_storage,_mode_3) (3.77s)
        playlist_test.go:216: Grafana is listening on 127.0.0.1:34855
        playlist_test.go:216: 
            	Error Trace:	/home/mariell/work/oss/grafana/pkg/tests/apis/helper.go:512
            	            				/home/mariell/work/oss/grafana/pkg/tests/apis/helper.go:450
            	            				/home/mariell/work/oss/grafana/pkg/tests/apis/helper.go:89
            	            				/home/mariell/work/oss/grafana/pkg/tests/apis/playlist/playlist_test.go:216
            	Error:      	Received unexpected error:
            	            	[org.notFound] failed to get organization with ID: 1
            	Test:       	TestIntegrationPlaylist/with_dual_write_(unified_storage,_mode_3)
    --- FAIL: TestIntegrationPlaylist/with_dual_write_(unified_storage,_mode_0) (3.96s)
        playlist_test.go:175: Grafana is listening on 127.0.0.1:43209
        playlist_test.go:175: 
            	Error Trace:	/home/mariell/work/oss/grafana/pkg/tests/apis/helper.go:512
            	            				/home/mariell/work/oss/grafana/pkg/tests/apis/helper.go:450
            	            				/home/mariell/work/oss/grafana/pkg/tests/apis/helper.go:89
            	            				/home/mariell/work/oss/grafana/pkg/tests/apis/playlist/playlist_test.go:175
            	Error:      	Received unexpected error:
            	            	[org.notFound] failed to get organization with ID: 1
            	Test:       	TestIntegrationPlaylist/with_dual_write_(unified_storage,_mode_0)
    --- FAIL: TestIntegrationPlaylist/with_k8s_api_flag (4.31s)
        playlist_test.go:85: Grafana is listening on 127.0.0.1:41849
        playlist_test.go:85: 
            	Error Trace:	/home/mariell/work/oss/grafana/pkg/tests/apis/helper.go:512
            	            				/home/mariell/work/oss/grafana/pkg/tests/apis/helper.go:450
            	            				/home/mariell/work/oss/grafana/pkg/tests/apis/helper.go:89
            	            				/home/mariell/work/oss/grafana/pkg/tests/apis/playlist/playlist_test.go:85
            	Error:      	Received unexpected error:
            	            	[org.notFound] failed to get organization with ID: 1
            	Test:       	TestIntegrationPlaylist/with_k8s_api_flag
    --- FAIL: TestIntegrationPlaylist/with_dual_write_(unified_storage,_mode_2) (4.32s)
        playlist_test.go:200: Grafana is listening on 127.0.0.1:35271
        playlist_test.go:200: 
            	Error Trace:	/home/mariell/work/oss/grafana/pkg/tests/apis/helper.go:512
            	            				/home/mariell/work/oss/grafana/pkg/tests/apis/helper.go:450
            	            				/home/mariell/work/oss/grafana/pkg/tests/apis/helper.go:89
            	            				/home/mariell/work/oss/grafana/pkg/tests/apis/playlist/playlist_test.go:200
            	Error:      	Received unexpected error:
            	            	[org.notFound] failed to get organization with ID: 1
            	Test:       	TestIntegrationPlaylist/with_dual_write_(unified_storage,_mode_2)
    --- FAIL: TestIntegrationPlaylist/with_dual_write_(unified_storage,_mode_1) (4.43s)
        playlist_test.go:191: Grafana is listening on 127.0.0.1:35583
        playlist_test.go:191: 
            	Error Trace:	/home/mariell/work/oss/grafana/pkg/tests/apis/helper.go:512
            	            				/home/mariell/work/oss/grafana/pkg/tests/apis/helper.go:450
            	            				/home/mariell/work/oss/grafana/pkg/tests/apis/helper.go:89
            	            				/home/mariell/work/oss/grafana/pkg/tests/apis/playlist/playlist_test.go:191
            	Error:      	Received unexpected error:
            	            	[org.notFound] failed to get organization with ID: 1
            	Test:       	TestIntegrationPlaylist/with_dual_write_(unified_storage,_mode_1)
        testinfra.go:122: Server exited uncleanly error context canceled
    --- FAIL: TestIntegrationPlaylist/with_dual_write_(file,_mode_2) (4.45s)
        playlist_test.go:127: Grafana is listening on 127.0.0.1:45309
        playlist_test.go:127: 
            	Error Trace:	/home/mariell/work/oss/grafana/pkg/tests/apis/helper.go:512
            	            				/home/mariell/work/oss/grafana/pkg/tests/apis/helper.go:450
            	            				/home/mariell/work/oss/grafana/pkg/tests/apis/helper.go:89
            	            				/home/mariell/work/oss/grafana/pkg/tests/apis/playlist/playlist_test.go:127
            	Error:      	Received unexpected error:
            	            	[org.notFound] failed to get organization with ID: 1
            	Test:       	TestIntegrationPlaylist/with_dual_write_(file,_mode_2)
    --- FAIL: TestIntegrationPlaylist/with_dual_write_(file,_mode_5) (4.45s)
        playlist_test.go:159: Grafana is listening on 127.0.0.1:41933
        playlist_test.go:159: 
            	Error Trace:	/home/mariell/work/oss/grafana/pkg/tests/apis/helper.go:512
            	            				/home/mariell/work/oss/grafana/pkg/tests/apis/helper.go:450
            	            				/home/mariell/work/oss/grafana/pkg/tests/apis/helper.go:89
            	            				/home/mariell/work/oss/grafana/pkg/tests/apis/playlist/playlist_test.go:159
            	Error:      	Received unexpected error:
            	            	[org.notFound] failed to get organization with ID: 1
            	Test:       	TestIntegrationPlaylist/with_dual_write_(file,_mode_5)
    --- FAIL: TestIntegrationPlaylist/with_dual_write_(unified_storage,_mode_5) (4.46s)
        playlist_test.go:232: Grafana is listening on 127.0.0.1:44079
        playlist_test.go:232: 
            	Error Trace:	/home/mariell/work/oss/grafana/pkg/tests/apis/helper.go:512
            	            				/home/mariell/work/oss/grafana/pkg/tests/apis/helper.go:450
            	            				/home/mariell/work/oss/grafana/pkg/tests/apis/helper.go:89
            	            				/home/mariell/work/oss/grafana/pkg/tests/apis/playlist/playlist_test.go:232
            	Error:      	Received unexpected error:
            	            	[org.notFound] failed to get organization with ID: 1
            	Test:       	TestIntegrationPlaylist/with_dual_write_(unified_storage,_mode_5)
    --- FAIL: TestIntegrationPlaylist/with_dual_write_(file,_mode_3) (4.98s)
        playlist_test.go:143: Grafana is listening on 127.0.0.1:32857
        playlist_test.go:143: 
            	Error Trace:	/home/mariell/work/oss/grafana/pkg/tests/apis/helper.go:512
            	            				/home/mariell/work/oss/grafana/pkg/tests/apis/helper.go:450
            	            				/home/mariell/work/oss/grafana/pkg/tests/apis/helper.go:89
            	            				/home/mariell/work/oss/grafana/pkg/tests/apis/playlist/playlist_test.go:143
            	Error:      	Received unexpected error:
            	            	[org.notFound] failed to get organization with ID: 1
            	Test:       	TestIntegrationPlaylist/with_dual_write_(file,_mode_3)
FAIL
coverage: [no statements]
FAIL	github.com/grafana/grafana/pkg/tests/apis/playlist	5.445s
--- FAIL: TestIntegrationProvisioning (1.30s)
    provisioning_test.go:33: Grafana is listening on 127.0.0.1:41881
    provisioning_test.go:33: 
        	Error Trace:	/home/mariell/work/oss/grafana/pkg/tests/apis/helper.go:512
        	            				/home/mariell/work/oss/grafana/pkg/tests/apis/helper.go:450
        	            				/home/mariell/work/oss/grafana/pkg/tests/apis/helper.go:89
        	            				/home/mariell/work/oss/grafana/pkg/tests/apis/provisioning/provisioning_test.go:33
        	Error:      	Received unexpected error:
        	            	[org.notFound] failed to get organization with ID: 1
        	Test:       	TestIntegrationProvisioning
FAIL
coverage: [no statements]
FAIL	github.com/grafana/grafana/pkg/tests/apis/provisioning	1.850s
--- FAIL: TestIntegrationSimpleQuery (1.91s)
    query_test.go:30: Grafana is listening on 127.0.0.1:40087
    query_test.go:30: 
        	Error Trace:	/home/mariell/work/oss/grafana/pkg/tests/apis/helper.go:512
        	            				/home/mariell/work/oss/grafana/pkg/tests/apis/helper.go:450
        	            				/home/mariell/work/oss/grafana/pkg/tests/apis/helper.go:89
        	            				/home/mariell/work/oss/grafana/pkg/tests/apis/query/query_test.go:30
        	Error:      	Received unexpected error:
        	            	[org.notFound] failed to get organization with ID: 1
        	Test:       	TestIntegrationSimpleQuery
FAIL
coverage: [no statements]
FAIL	github.com/grafana/grafana/pkg/tests/apis/query	2.407s
--- FAIL: TestIntegrationAdminStats (0.00s)
    --- FAIL: TestIntegrationAdminStats/with_legacy_alerting_enabled (1.69s)
        admin_test.go:46: Grafana is listening on 127.0.0.1:45495
        admin_test.go:46: 
            	Error Trace:	/home/mariell/work/oss/grafana/pkg/tests/api/stats/admin_test.go:101
            	            				/home/mariell/work/oss/grafana/pkg/tests/api/stats/admin_test.go:75
            	            				/home/mariell/work/oss/grafana/pkg/tests/api/stats/admin_test.go:46
            	Error:      	Received unexpected error:
            	            	[org.notFound] failed to get organization with ID: 1
            	Test:       	TestIntegrationAdminStats/with_legacy_alerting_enabled
    --- FAIL: TestIntegrationAdminStats/with_unified_alerting_enabled (1.77s)
        admin_test.go:30: Grafana is listening on 127.0.0.1:39819
        admin_test.go:30: 
            	Error Trace:	/home/mariell/work/oss/grafana/pkg/tests/api/stats/admin_test.go:101
            	            				/home/mariell/work/oss/grafana/pkg/tests/api/stats/admin_test.go:75
            	            				/home/mariell/work/oss/grafana/pkg/tests/api/stats/admin_test.go:30
            	Error:      	Received unexpected error:
            	            	[org.notFound] failed to get organization with ID: 1
            	Test:       	TestIntegrationAdminStats/with_unified_alerting_enabled
FAIL
coverage: [no statements]
FAIL	github.com/grafana/grafana/pkg/tests/api/stats	2.302s
ok  	github.com/grafana/grafana/pkg/tests/web	6.325s	coverage: [no statements]
ok  	github.com/grafana/grafana/pkg/tsdb/grafana-postgresql-datasource	0.031s	coverage: 19.4% of statements
ok  	github.com/grafana/grafana/pkg/tsdb/mysql	0.011s	coverage: 0.0% of statements
FAIL
